UclustConsensusTaxonAssigner parameters:
id_to_taxonomy_filepath:/Users/nbokulich/Desktop/projects/short-read-tax-assignment/data/ref_dbs/gg_13_8_otus/99_otu_taxonomy_clean.tsv
id_to_taxonomy_fp:/Users/nbokulich/Desktop/projects/short-read-tax-assignment/data/ref_dbs/gg_13_8_otus/99_otu_taxonomy_clean.tsv
max_accepts:1
min_consensus_fraction:0.76
reference_sequences_fp:/Users/nbokulich/Desktop/projects/short-read-tax-assignment/data/ref_dbs/gg_13_8_otus/99_otus_clean_515f-806r_trim250.fasta
similarity:0.8
unassignable_label:Unassigned
Result path: /var/folders/0t/l1dz88p50y91vx_22fx5w3780000gn/T/assign-tax6aER9A

.uc file contents:

# uclust --input /Users/nbokulich/Desktop/projects/short-read-tax-assignment/data/mock-community/mock-8/rep_seqs.fna --id 0.8 --rev --maxaccepts 1 --allhits --libonly --lib /Users/nbokulich/Desktop/projects/short-read-tax-assignment/data/ref_dbs/gg_13_8_otus/99_otus_clean_515f-806r_trim250.fasta --uc /var/folders/0t/l1dz88p50y91vx_22fx5w3780000gn/T/UclustConsensusTaxonAssigner_Ex61Pj.uc
# version=1.2.22
# Tab-separated fields:
# 1=Type, 2=ClusterNr, 3=SeqLength or ClusterSize, 4=PctId, 5=Strand, 6=QueryStart, 7=SeedStart, 8=Alignment, 9=QueryLabel, 10=TargetLabel
# Record types (field 1): L=LibSeed, S=NewSeed, H=Hit, R=Reject, D=LibCluster, C=NewCluster, N=NoHit
# For C and D types, PctId is average id with seed.
# QueryStart and SeedStart are zero-based relative to start of sequence.
# If minus strand, SeedStart is relative to reverse-complemented seed.
L	3810	250	*	*	*	*	*	470117	*
H	3810	100	100.0	+	0	0	19I100M131I	4cc614c4bef8f188f240740a1c151e96	470117
L	4881	250	*	*	*	*	*	341829	*
H	4881	100	100.0	+	0	0	19I100M131I	5d2ddb0c78bd8f9fd7b710eafb54853b	341829
L	19810	250	*	*	*	*	*	4462446	*
H	19810	100	97.0	+	0	0	19I100M131I	f8dea27254120a5fa58cd825da7791ab	4462446
L	13474	250	*	*	*	*	*	2743675	*
H	13474	100	100.0	+	0	0	19I100M131I	ed59fc4afda9a2ebcb8709319caac2b5	2743675
L	4764	250	*	*	*	*	*	348006	*
H	4764	100	100.0	+	0	0	19I100M131I	003803ad4793fac9ebe6a54c78ad5a93	348006
L	8169	250	*	*	*	*	*	175475	*
H	8169	100	100.0	+	0	0	19I100M131I	baba8c26d357d8cda1a59cacf7ab3199	175475
L	6587	250	*	*	*	*	*	251456	*
H	6587	100	89.0	+	0	0	19I94MI6M130I	584104acc7faef81a3fe53bf01d9cae3	251456
L	3804	250	*	*	*	*	*	470692	*
H	3804	100	100.0	+	0	0	19I100M131I	1b4fa82e777240439d0a686512aa536c	470692
L	3007	250	*	*	*	*	*	529965	*
H	3007	100	100.0	+	0	0	19I100M131I	362be41f31fd26be95ae43a8769b91c0	529965
L	13882	250	*	*	*	*	*	2990918	*
H	13882	100	100.0	+	0	0	19I100M131I	7e20c5bb96d2e65b2ebcaab612e8bf7b	2990918
L	7151	250	*	*	*	*	*	205916	*
H	7151	100	100.0	+	0	0	19I100M131I	d7ec461969b242ab2dd61b0ee2c92ef6	205916
L	13926	250	*	*	*	*	*	3018527	*
H	13926	100	100.0	+	0	0	19I100M131I	660bb29c85bd26070f53617f9fdcf6a2	3018527
L	2983	250	*	*	*	*	*	530487	*
H	2983	100	99.0	+	0	0	19I100M131I	19acb2b13986961ffd767fc73f9d43e1	530487
L	7263	250	*	*	*	*	*	198245	*
H	7263	100	100.0	+	0	0	19I100M131I	5140459f4b7a91d213e055e26a40fa40	198245
L	7889	250	*	*	*	*	*	182886	*
H	7889	100	97.0	+	0	0	19I100M131I	8bb8bbada6e1179810d4ca9dc086c719	182886
L	4722	250	*	*	*	*	*	350144	*
H	4722	100	100.0	+	0	0	19I100M131I	9f5b9920f5baa18a143ae6f9c82397e8	350144
L	10227	250	*	*	*	*	*	42998	*
H	10227	100	97.0	+	0	0	63I100M87I	a7384793210270fd22eda81a455d8948	42998
L	10282	250	*	*	*	*	*	37589	*
H	10282	100	100.0	+	0	0	19I100M131I	c1e5cf25ae302777ed57be90479a8189	37589
L	19488	250	*	*	*	*	*	4446961	*
H	19488	100	100.0	+	0	0	19I100M131I	3b4e02550235d55a4b0fa06c69b2affb	4446961
L	3474	250	*	*	*	*	*	517938	*
H	3474	100	100.0	+	0	0	19I100M131I	68c2c38775ac7efe01f2383a4b08724f	517938
L	5655	250	*	*	*	*	*	297804	*
H	5655	100	100.0	+	0	0	19I100M131I	2d9330d541fc8b3acb7b13258954b970	297804
L	15894	250	*	*	*	*	*	1116679	*
H	15894	100	100.0	+	0	0	19I100M131I	16fd3f639fac2bf40abfc1fa8246181a	1116679
L	19042	250	*	*	*	*	*	4426051	*
H	19042	100	97.0	+	0	0	19I100M131I	7b49c10c5e893c02218302ed88a95a6c	4426051
L	2074	250	*	*	*	*	*	579851	*
H	2074	100	100.0	+	0	0	19I100M131I	3db0a8f3af27e6aab4e1b10512e0257c	579851
L	12363	250	*	*	*	*	*	851885	*
H	12363	100	100.0	+	0	0	19I100M131I	e55228f25c64a17462ebabfd30ef545a	851885
L	5425	250	*	*	*	*	*	308598	*
H	5425	100	100.0	+	0	0	19I100M131I	1016319c25196d73bdb3096d86a9df2f	308598
N	*	100	*	*	*	*	*	c1f2c8f253536e9113b2b8889603b025	*
L	7752	250	*	*	*	*	*	185835	*
H	7752	100	93.0	+	0	0	19I100M131I	0a3d92a4eb2106ba9eebe84385953b09	185835
L	2084	250	*	*	*	*	*	579407	*
H	2084	100	97.0	+	0	0	19I100M131I	98acd48dbdfb0a7fb4d751c57fbd31fd	579407
L	8663	250	*	*	*	*	*	157712	*
H	8663	100	97.0	+	0	0	19I100M131I	b7444c764be5544272e7d81bbee90380	157712
L	16572	250	*	*	*	*	*	4309033	*
H	16572	100	99.0	+	0	0	19I100M131I	bc3c153ca462b642a602abddd8d6b55c	4309033
L	3799	250	*	*	*	*	*	471106	*
H	3799	100	100.0	+	0	0	19I100M131I	0663a95f390c1814d30cfb10916f8099	471106
L	4341	250	*	*	*	*	*	364792	*
H	4341	100	100.0	+	0	0	19I100M131I	328e39d7aa5c13ea25da2b45cae78ffc	364792
L	11941	250	*	*	*	*	*	801155	*
H	11941	100	100.0	+	0	0	19I100M131I	3f6752aabcc291b67a063fb6492fd107	801155
L	12052	250	*	*	*	*	*	842879	*
H	12052	100	100.0	+	0	0	19I100M131I	e770b18ff141c9339068443982508f7c	842879
L	8808	250	*	*	*	*	*	150412	*
H	8808	100	97.0	+	0	0	19I100M131I	18dd309a2b535cd5aaae0dcb57fcc4de	150412
L	4317	250	*	*	*	*	*	365385	*
H	4317	100	100.0	+	0	0	19I100M131I	2f5504ccdac34b913c989074acd3664c	365385
L	17512	250	*	*	*	*	*	4352452	*
H	17512	100	100.0	+	0	0	19I100M131I	8344b4816515200c45d434d3ee7fe645	4352452
L	10613	250	*	*	*	*	*	13811	*
H	10613	100	99.0	+	0	0	19I100M131I	14623ec919b163be199fbecccc38cd14	13811
L	11680	250	*	*	*	*	*	1145008	*
H	11680	100	100.0	+	0	0	19I100M131I	ca2a4fe2b88380165a6ec485892eb242	1145008
L	1730	250	*	*	*	*	*	636825	*
H	1730	100	87.0	+	0	0	19I100M131I	e60b0d20788a9810bdff12607368576b	636825
L	7493	250	*	*	*	*	*	192111	*
H	7493	100	100.0	+	0	0	19I100M131I	801005adf2b85de40795d1b2b6428b81	192111
L	6260	250	*	*	*	*	*	267139	*
H	6260	100	100.0	+	0	0	19I100M131I	ad38606cf90edd7f60b60a9250dfa7b2	267139
L	14982	250	*	*	*	*	*	3601770	*
H	14982	100	93.0	+	0	0	19I100M131I	30f13baf56a68fc6c2b963515fe6fcc4	3601770
L	5235	250	*	*	*	*	*	320308	*
H	5235	100	99.0	+	0	0	19I100M131I	be7aeff015f3475a943112bf4edef529	320308
L	12252	250	*	*	*	*	*	2085032	*
H	12252	100	100.0	+	0	0	19I100M131I	dd952ab4ed3a2d3f39e2d3fa2fbaa4bf	2085032
L	11799	250	*	*	*	*	*	734955	*
H	11799	100	100.0	+	0	0	19I100M131I	2cc5687fce22ccbc75fb5056a7ace66b	734955
L	16128	250	*	*	*	*	*	4248036	*
H	16128	100	100.0	+	0	0	19I100M131I	fc731f7afaf71de9235584890e1dc095	4248036
L	12835	250	*	*	*	*	*	1124170	*
H	12835	100	100.0	+	0	0	19I100M131I	e312a2b60d73d62145c4980e7f8d01b9	1124170
L	10489	250	*	*	*	*	*	15712	*
H	10489	100	99.0	+	0	0	19I100M131I	6797b55dd3a6d914d517a3439be8d141	15712
L	7388	250	*	*	*	*	*	194933	*
H	7388	100	100.0	+	0	0	19I100M131I	0f9e8f424f928fd6c31b88cae7baf895	194933
L	7181	250	*	*	*	*	*	202715	*
H	7181	100	86.0	+	0	0	19I100M131I	9e9e7fb6e8f10df9df86303ad36242dc	202715
L	1517	250	*	*	*	*	*	744029	*
H	1517	100	99.0	+	0	0	19I100M131I	72ebf6579da2a6749a9fa42b63ed1f97	744029
L	2529	250	*	*	*	*	*	555445	*
H	2529	100	96.0	+	0	0	19I100M131I	e71e13ef6ced480953af4b59e2670fc1	555445
L	7658	250	*	*	*	*	*	188249	*
H	7658	100	86.0	+	0	0	19I100M131I	a4fd87113035cad86a7d9474e7e4a031	188249
L	15514	250	*	*	*	*	*	3908639	*
H	15514	100	100.0	+	0	0	19I100M131I	eb82d3f10bb71a45e21c6bb8e5cad7cc	3908639
L	10488	250	*	*	*	*	*	15716	*
H	10488	100	100.0	+	0	0	19I88MI12M130I	f16b797466dcde2aba74b6ca9f55ce6b	15716
L	4254	250	*	*	*	*	*	367327	*
H	4254	100	100.0	+	0	0	19I100M131I	b2979772d1c3a1305eadc09dc1655279	367327
L	8232	250	*	*	*	*	*	173945	*
H	8232	100	100.0	+	0	0	19I100M131I	bffbc1c2169001cccaff4de8a470999c	173945
L	7367	250	*	*	*	*	*	195470	*
H	7367	100	93.0	+	0	0	19I100M131I	24de9c2b28087c04bb6415aa30fe418b	195470
L	6418	250	*	*	*	*	*	260579	*
H	6418	100	100.0	+	0	0	19I100M131I	aa9dfb40c4830edc6e2118b1e6980b22	260579
L	10245	250	*	*	*	*	*	40839	*
H	10245	100	98.0	+	0	0	19I100M131I	93792b0e02860a8ff072dd0fa2a82242	40839
L	1985	250	*	*	*	*	*	584375	*
H	1985	100	100.0	+	0	0	19I100M131I	8716180dd3f0257f482d16113fc9fb2c	584375
L	3638	250	*	*	*	*	*	513513	*
H	3638	100	96.0	+	0	0	19I100M131I	7e710fff1855cb30fb513e4d6ccef86f	513513
H	1985	100	99.0	+	0	0	19I100M131I	e91217bb6b2afd5826dfe6c9df535bef	584375
L	10606	250	*	*	*	*	*	13865	*
H	10606	100	100.0	+	0	0	19I100M131I	6c3cad986cd6fed006d38b022674e930	13865
L	7270	250	*	*	*	*	*	198042	*
H	7270	100	96.0	+	0	0	19I100M131I	5816f7b6007df62c0e38bc9c745b4ea8	198042
L	13498	250	*	*	*	*	*	851782	*
H	13498	100	93.0	+	0	0	19I100M131I	34585f603617ed5340fc5cbf12fede44	851782
L	7310	250	*	*	*	*	*	197072	*
H	7310	100	100.0	+	0	0	19I100M131I	b32621bcd86cb99e846d8f6fee7c9ab8	197072
D	1517	2	*	*	*	*	99.0	744029	*
D	1730	2	*	*	*	*	87.0	636825	*
D	1985	3	*	*	*	*	99.5	584375	*
D	2074	2	*	*	*	*	100.0	579851	*
D	2084	2	*	*	*	*	97.0	579407	*
D	2529	2	*	*	*	*	96.0	555445	*
D	2983	2	*	*	*	*	99.0	530487	*
D	3007	2	*	*	*	*	100.0	529965	*
D	3474	2	*	*	*	*	100.0	517938	*
D	3638	2	*	*	*	*	96.0	513513	*
D	3799	2	*	*	*	*	100.0	471106	*
D	3804	2	*	*	*	*	100.0	470692	*
D	3810	2	*	*	*	*	100.0	470117	*
D	4254	2	*	*	*	*	100.0	367327	*
D	4317	2	*	*	*	*	100.0	365385	*
D	4341	2	*	*	*	*	100.0	364792	*
D	4722	2	*	*	*	*	100.0	350144	*
D	4764	2	*	*	*	*	100.0	348006	*
D	4881	2	*	*	*	*	100.0	341829	*
D	5235	2	*	*	*	*	99.0	320308	*
D	5425	2	*	*	*	*	100.0	308598	*
D	5655	2	*	*	*	*	100.0	297804	*
D	6260	2	*	*	*	*	100.0	267139	*
D	6418	2	*	*	*	*	100.0	260579	*
D	6587	2	*	*	*	*	89.0	251456	*
D	7151	2	*	*	*	*	100.0	205916	*
D	7181	2	*	*	*	*	86.0	202715	*
D	7263	2	*	*	*	*	100.0	198245	*
D	7270	2	*	*	*	*	96.0	198042	*
D	7310	2	*	*	*	*	100.0	197072	*
D	7367	2	*	*	*	*	93.0	195470	*
D	7388	2	*	*	*	*	100.0	194933	*
D	7493	2	*	*	*	*	100.0	192111	*
D	7658	2	*	*	*	*	86.0	188249	*
D	7752	2	*	*	*	*	93.0	185835	*
D	7889	2	*	*	*	*	97.0	182886	*
D	8169	2	*	*	*	*	100.0	175475	*
D	8232	2	*	*	*	*	100.0	173945	*
D	8663	2	*	*	*	*	97.0	157712	*
D	8808	2	*	*	*	*	97.0	150412	*
D	10227	2	*	*	*	*	97.0	42998	*
D	10245	2	*	*	*	*	98.0	40839	*
D	10282	2	*	*	*	*	100.0	37589	*
D	10488	2	*	*	*	*	100.0	15716	*
D	10489	2	*	*	*	*	99.0	15712	*
D	10606	2	*	*	*	*	100.0	13865	*
D	10613	2	*	*	*	*	99.0	13811	*
D	11680	2	*	*	*	*	100.0	1145008	*
D	11799	2	*	*	*	*	100.0	734955	*
D	11941	2	*	*	*	*	100.0	801155	*
D	12052	2	*	*	*	*	100.0	842879	*
D	12252	2	*	*	*	*	100.0	2085032	*
D	12363	2	*	*	*	*	100.0	851885	*
D	12835	2	*	*	*	*	100.0	1124170	*
D	13474	2	*	*	*	*	100.0	2743675	*
D	13498	2	*	*	*	*	93.0	851782	*
D	13882	2	*	*	*	*	100.0	2990918	*
D	13926	2	*	*	*	*	100.0	3018527	*
D	14982	2	*	*	*	*	93.0	3601770	*
D	15514	2	*	*	*	*	100.0	3908639	*
D	15894	2	*	*	*	*	100.0	1116679	*
D	16128	2	*	*	*	*	100.0	4248036	*
D	16572	2	*	*	*	*	99.0	4309033	*
D	17512	2	*	*	*	*	100.0	4352452	*
D	19042	2	*	*	*	*	97.0	4426051	*
D	19488	2	*	*	*	*	100.0	4446961	*
D	19810	2	*	*	*	*	97.0	4462446	*
