UclustConsensusTaxonAssigner parameters:
id_to_taxonomy_filepath:/Users/nbokulich/Desktop/ref_dbs/sh_qiime_release_20.11.2016/developer/sh_taxonomy_qiime_ver7_99_20.11.2016_dev_clean.tsv
id_to_taxonomy_fp:/Users/nbokulich/Desktop/ref_dbs/sh_qiime_release_20.11.2016/developer/sh_taxonomy_qiime_ver7_99_20.11.2016_dev_clean.tsv
max_accepts:1
min_consensus_fraction:1.0
reference_sequences_fp:/Users/nbokulich/Desktop/ref_dbs/sh_qiime_release_20.11.2016/developer/sh_refs_qiime_ver7_99_20.11.2016_dev_clean.fasta
similarity:0.97
unassignable_label:Unassigned
Result path: /var/folders/0t/l1dz88p50y91vx_22fx5w3780000gn/T/assign-taxn4e1tc

.uc file contents:

# uclust --input /Users/nbokulich/Desktop/projects/short-read-tax-assignment/data/mock-community/mock-26-ITS9/rep_seqs.fna --id 0.97 --rev --maxaccepts 1 --allhits --libonly --lib /Users/nbokulich/Desktop/ref_dbs/sh_qiime_release_20.11.2016/developer/sh_refs_qiime_ver7_99_20.11.2016_dev_clean.fasta --uc /var/folders/0t/l1dz88p50y91vx_22fx5w3780000gn/T/UclustConsensusTaxonAssigner_5b9g85.uc
# version=1.2.22
# Tab-separated fields:
# 1=Type, 2=ClusterNr, 3=SeqLength or ClusterSize, 4=PctId, 5=Strand, 6=QueryStart, 7=SeedStart, 8=Alignment, 9=QueryLabel, 10=TargetLabel
# Record types (field 1): L=LibSeed, S=NewSeed, H=Hit, R=Reject, D=LibCluster, C=NewCluster, N=NoHit
# For C and D types, PctId is average id with seed.
# QueryStart and SeedStart are zero-based relative to start of sequence.
# If minus strand, SeedStart is relative to reverse-complemented seed.
L	14102	654	*	*	*	*	*	SH127719.07FU_KC489481_reps	*
H	14102	290	99.0	-	0	0	20I290M344I	d0d4787d4c9eb1c264a316e28c5fbc55	SH127719.07FU_KC489481_reps
N	*	290	*	*	*	*	*	f7b4a5a86e856af0c39f006d0dfb8711	*
H	14102	290	99.0	-	0	0	20I290M344I	0eb90d18ced1b814ab634f6646a6fbc1	SH127719.07FU_KC489481_reps
L	2837	1138	*	*	*	*	*	SH086591.07FU_AF033456_refs	*
H	2837	290	99.7	-	0	0	596I43MI247M251I	37cd4d4398003b56fcbb6ee68438bad7	SH086591.07FU_AF033456_refs
N	*	290	*	*	*	*	*	0246cb24f0fccd870774f7c5d985ebe6	*
L	11131	881	*	*	*	*	*	SH118435.07FU_UDB015175_refs	*
H	11131	290	100.0	-	0	0	329I290M262I	090f10c4f3c12bef6bf0d3dc87db5b89	SH118435.07FU_UDB015175_refs
L	742	613	*	*	*	*	*	SH079313.07FU_JF770450_refs	*
H	742	290	98.3	-	0	0	40I290M283I	1b2a87335a2aa8cddad1d88cad48651e	SH079313.07FU_JF770450_refs
N	*	290	*	*	*	*	*	4a0b589c3597ac19e9ed9f89cac9900b	*
H	2837	290	98.3	-	0	0	596I43MI247M251I	936f4a6c85343b64ed52e4c8a7cf05df	SH086591.07FU_AF033456_refs
L	8676	513	*	*	*	*	*	SH106479.07FU_KF188722_reps	*
H	8676	290	98.3	-	0	0	290M223I	0cf9fe899150ec55e8bb5b6cb2f1e110	SH106479.07FU_KF188722_reps
N	*	290	*	*	*	*	*	28987921cb876144d25822dc3c4834b2	*
H	742	290	98.6	-	0	0	40I290M283I	03d16add1bd16879bfa2ac1ac0063c6c	SH079313.07FU_JF770450_refs
N	*	290	*	*	*	*	*	7b6f1a477a2fc54d89b09cb77d91cb1d	*
N	*	290	*	*	*	*	*	73c10d75594ef1ba1041422f6b0e80cc	*
H	11131	290	99.0	-	0	0	329I290M262I	312e41a0d14ad673e5ab04d477d8c0f7	SH118435.07FU_UDB015175_refs
H	2837	290	99.3	-	0	0	596I43MI247M251I	b9e46aa0fe9ab965710bb358a330ec16	SH086591.07FU_AF033456_refs
N	*	290	*	*	*	*	*	2330c7c2c525e69c0e50dd353cec95a0	*
H	2837	290	99.3	-	0	0	596I290M252I	6fbf1b6701af624a055b6cf7a838619b	SH086591.07FU_AF033456_refs
N	*	290	*	*	*	*	*	2f493be447fb16212bcf8ee1bc9433f4	*
L	12445	526	*	*	*	*	*	SH124715.07FU_AF414968_reps	*
H	12445	290	97.2	-	0	0	11I146M2D142M227I	72dfa183b8bcb04daa0d1e3385e29048	SH124715.07FU_AF414968_reps
L	4713	643	*	*	*	*	*	SH092507.07FU_DQ118992_refs	*
H	4713	290	99.0	-	0	0	20I110MI180M332I	8dd48fd07eafaca1f36979bdf4d63e53	SH092507.07FU_DQ118992_refs
N	*	290	*	*	*	*	*	054bfb26de038f0017d90d314101cdd1	*
N	*	290	*	*	*	*	*	a3c0b1374c5fab13ca2c2ab381bc266d	*
N	*	290	*	*	*	*	*	663b9ce871d8821ad3d4b64f83ee91bd	*
N	*	290	*	*	*	*	*	393d667103e3ba009c339a21ba8a47c9	*
H	14102	290	99.7	-	0	0	20I290M344I	d5a8337527bd81baebaa8618ccea88a4	SH127719.07FU_KC489481_reps
H	4713	290	100.0	-	0	0	20I103MI187M332I	044d38cd5773bea85a9fa7ece7702bf8	SH092507.07FU_DQ118992_refs
N	*	290	*	*	*	*	*	a880f695dbcc35744b9f26b6d4760f51	*
N	*	290	*	*	*	*	*	668aa2bb8ea0c8fa6fdb2033eaf4cf9b	*
N	*	290	*	*	*	*	*	e5301bbaccdb6b0a13b86410d52b5220	*
L	19629	530	*	*	*	*	*	SH107791.07FU_HQ829413_reps	*
H	19629	290	98.6	-	0	0	11I44MI117MD128M229I	9299202cf8d0c4c671f64a96f5fb3615	SH107791.07FU_HQ829413_reps
L	5705	663	*	*	*	*	*	SH096261.07FU_JN942657_refs	*
H	5705	290	99.7	-	0	0	20I290M353I	8246a28746d3c9f9184dbc2b4b01204b	SH096261.07FU_JN942657_refs
N	*	290	*	*	*	*	*	fb1b568615e94698f3621a2c9ecd2a8d	*
H	2837	290	99.7	-	0	0	596I290M252I	357312c0f2ce1f4aa916ec782d304f34	SH086591.07FU_AF033456_refs
H	742	290	97.9	-	0	0	40I290M283I	9f9c0ed6a1fcd5d0bddc05f899f38678	SH079313.07FU_JF770450_refs
N	*	290	*	*	*	*	*	daba2c6e69a632bab052782288a2c0b0	*
H	742	290	98.3	-	0	0	40I123MI167M282I	09fd9ecc4b8080d7038b38578db5e35c	SH079313.07FU_JF770450_refs
L	8073	683	*	*	*	*	*	SH104009.07FU_AY375276_reps	*
H	8073	290	99.3	-	0	0	20I290M373I	6ea7fae02091c06e31a751312ff24648	SH104009.07FU_AY375276_reps
H	742	290	98.3	-	0	0	40I290M283I	c62964620ef9d745c1ad4bb633142a70	SH079313.07FU_JF770450_refs
N	*	290	*	*	*	*	*	df37a27b14f89533ad402f9d1e2bb801	*
H	4713	290	100.0	-	0	0	20I290M333I	b6ec874fc06541814e6d3eb32e4c767e	SH092507.07FU_DQ118992_refs
H	11131	290	99.0	-	0	0	329I290M262I	d76e0eead41821a8f3ec429fcf8bc476	SH118435.07FU_UDB015175_refs
L	7980	598	*	*	*	*	*	SH103715.07FU_JN206387_refs	*
H	7980	290	100.0	-	0	0	17I290M291I	0a34f6517e4e22927e4f45bb06a9904b	SH103715.07FU_JN206387_refs
N	*	290	*	*	*	*	*	e6fec7ae7d8de920070f73aad8fef06b	*
N	*	290	*	*	*	*	*	cd6b21d370bbbd9723715be146c35319	*
N	*	290	*	*	*	*	*	52eac204085e35f64ae6948e6a4cd145	*
L	11649	941	*	*	*	*	*	SH117568.07FU_UDB011618_refs	*
H	11649	290	99.7	-	0	0	307I290M344I	10575647dac1181ab9100c7134a1c922	SH117568.07FU_UDB011618_refs
H	742	290	99.0	-	0	0	40I290M283I	ba9f80af05850b2aec2b12c18cdd6731	SH079313.07FU_JF770450_refs
H	8073	290	99.0	-	0	0	20I290M373I	5bade6b00440709d0ca6b08c701d5cbc	SH104009.07FU_AY375276_reps
H	14102	290	99.0	-	0	0	20I213MD76M345I	3d6fbd4cd12712cef620cbfc9eb14910	SH127719.07FU_KC489481_reps
L	8649	585	*	*	*	*	*	SH106444.07FU_EU339123_reps	*
H	8649	290	100.0	-	0	0	290M295I	f7c0d2f087426caf9ac0bc3e697eeef3	SH106444.07FU_EU339123_reps
N	*	290	*	*	*	*	*	03bcb98a2a5578524905bf3f4edf4107	*
N	*	290	*	*	*	*	*	a5792064c430c187f8adc14f88f8b3f7	*
N	*	290	*	*	*	*	*	72562ee3062649c6116fb33681f013c3	*
H	8073	290	98.6	-	0	0	20I290M373I	8892b1c4ff431125930186e667be0618	SH104009.07FU_AY375276_reps
N	*	290	*	*	*	*	*	affa68fe55a9cdfd10c01ce648215713	*
N	*	290	*	*	*	*	*	7e33c773fb7924feabb9297692978e5e	*
N	*	290	*	*	*	*	*	6d74ea23b3ccf8473651756f3ffc84fe	*
N	*	290	*	*	*	*	*	320a2612c29d34e973957b90eff22950	*
H	11131	290	99.3	-	0	0	329I290M262I	27e2528bd8e15825e3ddd6b7bad2f3fa	SH118435.07FU_UDB015175_refs
D	742	7	*	*	*	*	98.4	SH079313.07FU_JF770450_refs	*
D	2837	6	*	*	*	*	99.2	SH086591.07FU_AF033456_refs	*
D	4713	4	*	*	*	*	99.7	SH092507.07FU_DQ118992_refs	*
D	5705	2	*	*	*	*	99.7	SH096261.07FU_JN942657_refs	*
D	7980	2	*	*	*	*	100.0	SH103715.07FU_JN206387_refs	*
D	8073	4	*	*	*	*	99.0	SH104009.07FU_AY375276_reps	*
D	8649	2	*	*	*	*	100.0	SH106444.07FU_EU339123_reps	*
D	8676	2	*	*	*	*	98.3	SH106479.07FU_KF188722_reps	*
D	11131	5	*	*	*	*	99.3	SH118435.07FU_UDB015175_refs	*
D	11649	2	*	*	*	*	99.7	SH117568.07FU_UDB011618_refs	*
D	12445	2	*	*	*	*	97.2	SH124715.07FU_AF414968_reps	*
D	14102	5	*	*	*	*	99.1	SH127719.07FU_KC489481_reps	*
D	19629	2	*	*	*	*	98.6	SH107791.07FU_HQ829413_reps	*
