UclustConsensusTaxonAssigner parameters:
id_to_taxonomy_filepath:/Users/nbokulich/Desktop/projects/short-read-tax-assignment/data/ref_dbs/unite_20.11.2016/sh_taxonomy_qiime_ver7_99_20.11.2016_dev_clean.tsv
id_to_taxonomy_fp:/Users/nbokulich/Desktop/projects/short-read-tax-assignment/data/ref_dbs/unite_20.11.2016/sh_taxonomy_qiime_ver7_99_20.11.2016_dev_clean.tsv
max_accepts:3
min_consensus_fraction:0.51
reference_sequences_fp:/Users/nbokulich/Desktop/projects/short-read-tax-assignment/data/ref_dbs/unite_20.11.2016/sh_refs_qiime_ver7_99_20.11.2016_dev_clean_BITSf-B58S3r_trim250.fasta
similarity:0.9
unassignable_label:Unassigned
Result path: /var/folders/0t/l1dz88p50y91vx_22fx5w3780000gn/T/assign-taxsHF5gJ

.uc file contents:

# uclust --input /Users/nbokulich/Desktop/projects/short-read-tax-assignment/data/mock-community/mock-10/rep_seqs.fna --id 0.9 --rev --maxaccepts 3 --allhits --libonly --lib /Users/nbokulich/Desktop/projects/short-read-tax-assignment/data/ref_dbs/unite_20.11.2016/sh_refs_qiime_ver7_99_20.11.2016_dev_clean_BITSf-B58S3r_trim250.fasta --uc /var/folders/0t/l1dz88p50y91vx_22fx5w3780000gn/T/UclustConsensusTaxonAssigner_VTFc6l.uc
# version=1.2.22
# Tab-separated fields:
# 1=Type, 2=ClusterNr, 3=SeqLength or ClusterSize, 4=PctId, 5=Strand, 6=QueryStart, 7=SeedStart, 8=Alignment, 9=QueryLabel, 10=TargetLabel
# Record types (field 1): L=LibSeed, S=NewSeed, H=Hit, R=Reject, D=LibCluster, C=NewCluster, N=NoHit
# For C and D types, PctId is average id with seed.
# QueryStart and SeedStart are zero-based relative to start of sequence.
# If minus strand, SeedStart is relative to reverse-complemented seed.
N	*	100	*	*	*	*	*	171be7c96c0335f324d4944988c595c5	*
N	*	100	*	*	*	*	*	d374c2f3352092dd2c1ecf3aabe74277	*
N	*	100	*	*	*	*	*	d03ca5e8f74dbdfd8c0bb07de9049815	*
N	*	100	*	*	*	*	*	47ac2d324e41fb682b0f47d211b737c7	*
N	*	100	*	*	*	*	*	65300481deec02196e65f2f7d7e4b9b7	*
N	*	100	*	*	*	*	*	74cbdaeaced6bd3a886efe2a40dbb783	*
N	*	100	*	*	*	*	*	1836a383f4d66000688d33087c6608ae	*
N	*	100	*	*	*	*	*	d48eeaecb871518ba4e11d1aa1d8bcbb	*
N	*	100	*	*	*	*	*	2cc5e8a108cbbe4c1dfe3126e6192d98	*
N	*	100	*	*	*	*	*	79c30328522455fabacd8f04fd2479d8	*
N	*	100	*	*	*	*	*	805835e9bf3bd3095815b9483ff9ed30	*
N	*	100	*	*	*	*	*	638ba109fec2bb27d5564f2ba95523cb	*
N	*	100	*	*	*	*	*	9af25943261b01c1fe84b8c617b23078	*
N	*	100	*	*	*	*	*	d735827e8c9fbe5b6cb8d60976076416	*
N	*	100	*	*	*	*	*	7ff7f9832be57dc8108fd6390e8e905c	*
N	*	100	*	*	*	*	*	ea10825e5788bd2b72e64642e7d0d397	*
N	*	100	*	*	*	*	*	bd81f00fac7cfe112949c77cd943bbad	*
N	*	100	*	*	*	*	*	06e9965863cbd2673071e43ea32612d9	*
N	*	100	*	*	*	*	*	205f6ef616578d01de786903537b64a9	*
N	*	100	*	*	*	*	*	0f30c81d2e95cdb37d44661270d73d3a	*
N	*	100	*	*	*	*	*	87911359940e653775ec69e92ce60108	*
N	*	100	*	*	*	*	*	3b7b9fa2c7520ded4f910be5e93836bb	*
