UclustConsensusTaxonAssigner parameters:
id_to_taxonomy_filepath:/home/nbokulic/gg_13_5/gg_13_5_otus/taxonomy/97_otu_taxonomy_MOD.txt
id_to_taxonomy_fp:/home/nbokulic/gg_13_5/gg_13_5_otus/taxonomy/97_otu_taxonomy_MOD.txt
max_accepts:1
min_consensus_fraction:0.51
reference_sequences_fp:/home/nbokulic/gg_13_5/gg_13_5_otus/rep_set/97_otus.fasta
similarity:0.93
unassignable_label:Unassigned
Result path: "/scratch/assign-tax7qGaaTaXPtOM0x4y7yES.txt"

.uc file contents:

# uclust --input /home/nbokulic/open_reference_otus/broad1/psrotot_gg_13_5/rep_set.fna --id 0.93 --rev --maxaccepts 1 --allhits --libonly --lib /home/nbokulic/gg_13_5/gg_13_5_otus/rep_set/97_otus.fasta --uc /scratch/UclustConsensusTaxonAssigner_EVUSZS.uc
# version=1.2.22
# Tab-separated fields:
# 1=Type, 2=ClusterNr, 3=SeqLength or ClusterSize, 4=PctId, 5=Strand, 6=QueryStart, 7=SeedStart, 8=Alignment, 9=QueryLabel, 10=TargetLabel
# Record types (field 1): L=LibSeed, S=NewSeed, H=Hit, R=Reject, D=LibCluster, C=NewCluster, N=NoHit
# For C and D types, PctId is average id with seed.
# QueryStart and SeedStart are zero-based relative to start of sequence.
# If minus strand, SeedStart is relative to reverse-complemented seed.
L	77398	1411	*	*	*	*	*	4130483	*
H	77398	195	96.9	+	0	0	513I195M703I	1039016 HMPMockV1.1.Even2_3369	4130483
L	64447	1373	*	*	*	*	*	1055132	*
H	64447	191	99.5	+	0	0	513I191M669I	1055132 HMPMockV1.2.Staggered1_6279	1055132
L	70203	1370	*	*	*	*	*	859700	*
H	70203	192	98.4	+	0	0	514I192M664I	1059655 HMPMockV1.1.Even2_3613	859700
L	782	1369	*	*	*	*	*	1076969	*
H	782	197	98.5	+	0	0	513I197M659I	1059977 HMPMockV1.1.Even2_3545	1076969
L	67918	1370	*	*	*	*	*	1067519	*
H	67918	191	99.0	+	0	0	513I191M666I	1067519 HMPMockV1.1.Even2_4052	1067519
L	63856	1374	*	*	*	*	*	1068955	*
H	63856	193	99.0	+	0	0	515I193M666I	1068955 HMPMockV1.1.Even1_1752	1068955
L	2184	1369	*	*	*	*	*	917641	*
H	2184	192	97.9	+	0	0	510I192M667I	1069592 HMPMockV1.1.Even1_1196	917641
L	748	1374	*	*	*	*	*	1081058	*
H	748	193	100.0	+	0	0	515I193M666I	1081058 HMPMockV1.2.Staggered1_6588	1081058
L	69301	1428	*	*	*	*	*	1147446	*
H	69301	193	97.4	+	0	0	499I123MD69M737I	1112200 HMPMockV1.2.Staggered1_5800	1147446
L	18395	1514	*	*	*	*	*	405676	*
H	18395	191	96.9	+	0	0	534I191M789I	1121111 HMPMockV1.1.Even2_3982	405676
L	28733	1423	*	*	*	*	*	291508	*
H	28733	190	99.5	+	0	0	544I163MI5MI22M687I	113773 HMPMockV1.1.Even2_3406	291508
L	27165	1403	*	*	*	*	*	301184	*
H	27165	193	100.0	+	0	0	526I193M684I	114510 HMPMockV1.2.Staggered1_5552	301184
L	55311	1388	*	*	*	*	*	12574	*
H	55311	193	100.0	+	0	0	423I193M772I	12574 HMPMockV1.1.Even1_694	12574
L	49625	1505	*	*	*	*	*	128604	*
H	49625	193	100.0	+	0	0	502I193M810I	128604 HMPMockV1.1.Even1_554	128604
L	18423	1484	*	*	*	*	*	403068	*
H	18423	191	99.0	+	0	0	532I191M761I	137056 HMPMockV1.2.Staggered1_6113	403068
L	17590	1356	*	*	*	*	*	509516	*
H	17590	193	97.9	+	0	0	488I193M675I	138389 HMPMockV1.1.Even2_3850	509516
L	56443	1413	*	*	*	*	*	1532107	*
H	56443	193	98.4	+	0	0	489I193M731I	149265 HMPMockV1.2.Staggered2_7516	1532107
L	46788	1407	*	*	*	*	*	153046	*
H	46788	190	99.5	+	0	0	465I190M752I	152001 HMPMockV1.1.Even2_3537	153046
L	56888	1475	*	*	*	*	*	630141	*
H	56888	193	99.5	+	0	0	515I193M767I	153046 HMPMockV1.2.Staggered1_5921	630141
L	37880	1465	*	*	*	*	*	218254	*
H	37880	194	99.0	+	0	0	492I194M779I	1550056 HMPMockV1.2.Staggered1_5675	218254
L	46211	1517	*	*	*	*	*	157428	*
H	46211	192	96.9	+	0	0	535I192M790I	158047 HMPMockV1.1.Even2_3136	157428
L	35957	1507	*	*	*	*	*	238051	*
H	35957	192	96.9	+	0	0	514I192M801I	164413 HMPMockV1.1.Even2_5333	238051
L	61728	1372	*	*	*	*	*	686223	*
H	61728	190	98.4	+	0	0	513I190M669I	164612 HMPMockV1.1.Even1_565	686223
H	28733	193	100.0	+	0	0	544I163MI5MI25M684I	1756274 HMPMockV1.1.Even1_140	291508
L	41939	1432	*	*	*	*	*	187962	*
H	41939	190	99.5	+	0	0	557I190M685I	187233 HMPMockV1.1.Even1_1184	187962
L	48835	1504	*	*	*	*	*	137961	*
H	48835	190	100.0	+	0	0	530I190M784I	1891556 HMPMockV1.1.Even1_516	137961
H	56888	193	100.0	+	0	0	515I193M767I	1995363 HMPMockV1.1.Even1_2	630141
L	87815	1401	*	*	*	*	*	4389529	*
H	87815	189	99.5	+	0	0	469I189M743I	219151 HMPMockV1.1.Even1_27	4389529
L	36927	1512	*	*	*	*	*	227083	*
H	36927	189	98.4	+	0	0	532I189M791I	227083 HMPMockV1.2.Staggered1_6436	227083
L	37210	1526	*	*	*	*	*	224745	*
H	37210	193	100.0	+	0	0	518I193M815I	242070 HMPMockV1.1.Even1_59	224745
L	37977	1474	*	*	*	*	*	217482	*
H	37977	189	99.5	+	0	0	501I189M784I	269901 HMPMockV1.1.Even1_366	217482
H	48835	193	100.0	+	0	0	530I193M781I	2874742 HMPMockV1.1.Even1_107	137961
L	17732	1371	*	*	*	*	*	503354	*
H	17732	199	100.0	+	0	0	513I199M659I	2896107 HMPMockV1.1.Even1_67	503354
H	56888	190	99.5	+	0	0	515I190M770I	356733 HMPMockV1.1.Even1_1461	630141
L	16497	1408	*	*	*	*	*	519673	*
H	16497	193	98.4	+	0	0	533I193M682I	368134 HMPMockV1.1.Even2_5087	519673
L	2028	1373	*	*	*	*	*	934488	*
H	2028	191	99.0	+	0	0	513I191M669I	4130483 HMPMockV1.1.Even1_339	934488
L	80879	1413	*	*	*	*	*	4315958	*
H	80879	189	100.0	+	0	0	540I189M684I	4297222 HMPMockV1.1.Even1_190	4315958
L	78989	1498	*	*	*	*	*	4297222	*
H	78989	192	97.4	+	0	0	519I9MI14MI169M785I	4315958 HMPMockV1.2.Staggered2_7586	4297222
L	66377	1373	*	*	*	*	*	1102921	*
H	66377	193	96.4	+	0	0	514I193M666I	4316928 HMPMockV1.2.Staggered1_5849	1102921
L	71676	1511	*	*	*	*	*	842413	*
H	71676	193	99.0	+	0	0	532I193M786I	4365141 HMPMockV1.1.Even2_5097	842413
L	94527	1346	*	*	*	*	*	4459634	*
H	94527	193	99.0	+	0	0	509I193M644I	4380971 HMPMockV1.1.Even1_31	4459634
L	59531	1372	*	*	*	*	*	1001007	*
H	59531	191	99.5	+	0	0	513I191M668I	441155 HMPMockV1.1.Even1_642	1001007
L	90432	1514	*	*	*	*	*	4416988	*
H	90432	193	100.0	+	0	0	534I193M787I	4416988 HMPMockV1.1.Even1_99	4416988
L	49816	1459	*	*	*	*	*	115186	*
H	49816	193	96.9	+	0	0	462I193M804I	4427114 HMPMockV1.2.Staggered1_6284	115186
L	18414	1455	*	*	*	*	*	403853	*
H	18414	199	98.5	+	0	0	445I199M811I	4438739 HMPMockV1.1.Even2_5514	403853
L	92734	1541	*	*	*	*	*	4440404	*
H	92734	189	100.0	+	0	0	531I189M821I	4440404 HMPMockV1.1.Even1_345	4440404
L	24249	1377	*	*	*	*	*	322130	*
H	24249	191	99.0	+	0	0	500I191M686I	4445673 HMPMockV1.1.Even1_797	322130
L	83705	1455	*	*	*	*	*	4345285	*
H	83705	200	97.0	+	0	0	488I200M767I	519673 HMPMockV1.1.Even2_4567	4345285
L	15532	1433	*	*	*	*	*	532163	*
H	15532	193	100.0	+	0	0	471I193M769I	532163 HMPMockV1.1.Even1_154	532163
L	37797	1401	*	*	*	*	*	219151	*
H	37797	193	99.0	+	0	0	508I193M700I	552922 HMPMockV1.1.Even2_4853	219151
L	19765	1369	*	*	*	*	*	354839	*
H	19765	189	97.9	+	0	0	487I189M693I	617833 HMPMockV1.2.Staggered2_7482	354839
L	18100	1513	*	*	*	*	*	439908	*
H	18100	190	99.5	+	0	0	534I190M789I	630141 HMPMockV1.1.Even1_146	439908
L	5123	1493	*	*	*	*	*	767863	*
H	5123	192	98.4	+	0	0	518I192M783I	767863 HMPMockV1.2.Staggered1_6591	767863
L	63879	1370	*	*	*	*	*	894774	*
H	63879	191	98.4	+	0	0	513I191M666I	894774 HMPMockV1.2.Staggered1_6470	894774
L	64126	1373	*	*	*	*	*	919562	*
H	64126	201	98.5	+	0	0	513I32MI169M658I	919490 HMPMockV1.1.Even2_3252	919562
L	70467	1429	*	*	*	*	*	3252211	*
H	70467	190	97.9	+	0	0	485I134MI14MI35MI7M751I	923151 HMPMockV1.2.Staggered1_6500	3252211
L	65558	1370	*	*	*	*	*	939252	*
H	65558	202	99.0	+	0	0	511I202M657I	928538 HMPMockV1.1.Even1_115	939252
H	65558	192	100.0	+	0	0	511I192M667I	939252 HMPMockV1.1.Even2_3899	939252
H	56888	193	99.5	+	0	0	515I193M767I	953758 HMPMockV1.1.Even2_4205	630141
L	1646	1373	*	*	*	*	*	977188	*
H	1646	190	98.9	+	0	0	513I190M670I	977188 HMPMockV1.1.Even1_1902	977188
L	74229	1370	*	*	*	*	*	675940	*
H	74229	194	98.5	+	0	0	513I194M663I	979261 HMPMockV1.2.Staggered1_6077	675940
L	1577	1373	*	*	*	*	*	984924	*
H	1577	201	99.0	+	0	0	514I201M658I	984924 HMPMockV1.1.Even2_3417	984924
L	64793	1372	*	*	*	*	*	996487	*
H	64793	194	99.0	+	0	0	513I194M665I	996487 HMPMockV1.1.Even1_419	996487
L	36704	1422	*	*	*	*	*	230114	*
H	36704	189	99.5	+	0	0	445I189M788I	99882 HMPMockV1.1.Even1_863	230114
L	48694	1394	*	*	*	*	*	139321	*
H	48694	190	96.3	+	0	0	468I190M736I	New.CleanUp.ReferenceOTU0 HMPMockV1.2.Staggered1_6336	139321
L	77527	1373	*	*	*	*	*	918932	*
H	77527	189	95.8	+	0	0	514I189M670I	New.CleanUp.ReferenceOTU10 HMPMockV1.2.Staggered2_7545	918932
H	15532	193	96.9	+	0	0	471I193M769I	New.CleanUp.ReferenceOTU2 HMPMockV1.2.Staggered1_6331	532163
H	61728	190	95.8	+	0	0	513I190M669I	New.CleanUp.ReferenceOTU27 HMPMockV1.2.Staggered1_6584	686223
N	*	191	*	*	*	*	*	New.CleanUp.ReferenceOTU36 HMPMockV1.1.Even2_5291	*
H	77398	189	95.2	+	0	0	513I189M709I	New.CleanUp.ReferenceOTU39 HMPMockV1.1.Even1_971	4130483
D	748	2	*	*	*	*	100.0	1081058	*
D	782	2	*	*	*	*	98.5	1076969	*
D	1577	2	*	*	*	*	99.0	984924	*
D	1646	2	*	*	*	*	98.9	977188	*
D	2028	2	*	*	*	*	99.0	934488	*
D	2184	2	*	*	*	*	97.9	917641	*
D	5123	2	*	*	*	*	98.4	767863	*
D	15532	3	*	*	*	*	98.4	532163	*
D	16497	2	*	*	*	*	98.4	519673	*
D	17590	2	*	*	*	*	97.9	509516	*
D	17732	2	*	*	*	*	100.0	503354	*
D	18100	2	*	*	*	*	99.5	439908	*
D	18395	2	*	*	*	*	96.9	405676	*
D	18414	2	*	*	*	*	98.5	403853	*
D	18423	2	*	*	*	*	99.0	403068	*
D	19765	2	*	*	*	*	97.9	354839	*
D	24249	2	*	*	*	*	99.0	322130	*
D	27165	2	*	*	*	*	100.0	301184	*
D	28733	3	*	*	*	*	99.7	291508	*
D	35957	2	*	*	*	*	96.9	238051	*
D	36704	2	*	*	*	*	99.5	230114	*
D	36927	2	*	*	*	*	98.4	227083	*
D	37210	2	*	*	*	*	100.0	224745	*
D	37797	2	*	*	*	*	99.0	219151	*
D	37880	2	*	*	*	*	99.0	218254	*
D	37977	2	*	*	*	*	99.5	217482	*
D	41939	2	*	*	*	*	99.5	187962	*
D	46211	2	*	*	*	*	96.9	157428	*
D	46788	2	*	*	*	*	99.5	153046	*
D	48694	2	*	*	*	*	96.3	139321	*
D	48835	3	*	*	*	*	100.0	137961	*
D	49625	2	*	*	*	*	100.0	128604	*
D	49816	2	*	*	*	*	96.9	115186	*
D	55311	2	*	*	*	*	100.0	12574	*
D	56443	2	*	*	*	*	98.4	1532107	*
D	56888	5	*	*	*	*	99.6	630141	*
D	59531	2	*	*	*	*	99.5	1001007	*
D	61728	3	*	*	*	*	97.1	686223	*
D	63856	2	*	*	*	*	99.0	1068955	*
D	63879	2	*	*	*	*	98.4	894774	*
D	64126	2	*	*	*	*	98.5	919562	*
D	64447	2	*	*	*	*	99.5	1055132	*
D	64793	2	*	*	*	*	99.0	996487	*
D	65558	3	*	*	*	*	99.5	939252	*
D	66377	2	*	*	*	*	96.4	1102921	*
D	67918	2	*	*	*	*	99.0	1067519	*
D	69301	2	*	*	*	*	97.4	1147446	*
D	70203	2	*	*	*	*	98.4	859700	*
D	70467	2	*	*	*	*	97.9	3252211	*
D	71676	2	*	*	*	*	99.0	842413	*
D	74229	2	*	*	*	*	98.5	675940	*
D	77398	3	*	*	*	*	96.1	4130483	*
D	77527	2	*	*	*	*	95.8	918932	*
D	78989	2	*	*	*	*	97.4	4297222	*
D	80879	2	*	*	*	*	100.0	4315958	*
D	83705	2	*	*	*	*	97.0	4345285	*
D	87815	2	*	*	*	*	99.5	4389529	*
D	90432	2	*	*	*	*	100.0	4416988	*
D	92734	2	*	*	*	*	100.0	4440404	*
D	94527	2	*	*	*	*	99.0	4459634	*
