UclustConsensusTaxonAssigner parameters:
id_to_taxonomy_filepath:/Users/nbokulich/Desktop/projects/short-read-tax-assignment/data/simulated-community/B1-REF-iter2/ref_taxa.tsv
id_to_taxonomy_fp:/Users/nbokulich/Desktop/projects/short-read-tax-assignment/data/simulated-community/B1-REF-iter2/ref_taxa.tsv
max_accepts:3
min_consensus_fraction:0.76
reference_sequences_fp:/Users/nbokulich/Desktop/projects/short-read-tax-assignment/data/simulated-community/B1-REF-iter2/ref_seqs.fasta
similarity:0.8
unassignable_label:Unassigned
Result path: /var/folders/0t/l1dz88p50y91vx_22fx5w3780000gn/T/assign-taxMGy2yV

.uc file contents:

# uclust --input /Users/nbokulich/Desktop/projects/short-read-tax-assignment/data/simulated-community/B1-REF-iter2/query.fasta --id 0.8 --rev --maxaccepts 3 --allhits --libonly --lib /Users/nbokulich/Desktop/projects/short-read-tax-assignment/data/simulated-community/B1-REF-iter2/ref_seqs.fasta --uc /var/folders/0t/l1dz88p50y91vx_22fx5w3780000gn/T/UclustConsensusTaxonAssigner_wI3rUN.uc
# version=1.2.22
# Tab-separated fields:
# 1=Type, 2=ClusterNr, 3=SeqLength or ClusterSize, 4=PctId, 5=Strand, 6=QueryStart, 7=SeedStart, 8=Alignment, 9=QueryLabel, 10=TargetLabel
# Record types (field 1): L=LibSeed, S=NewSeed, H=Hit, R=Reject, D=LibCluster, C=NewCluster, N=NoHit
# For C and D types, PctId is average id with seed.
# QueryStart and SeedStart are zero-based relative to start of sequence.
# If minus strand, SeedStart is relative to reverse-complemented seed.
L	14145	250	*	*	*	*	*	3276645	*
H	14145	250	100.0	+	0	0	250M	1108244	3276645
L	12430	250	*	*	*	*	*	14437	*
H	12430	250	100.0	+	0	0	250M	1108244	14437
L	14309	250	*	*	*	*	*	3371550	*
H	14309	250	99.2	+	0	0	250M	1108244	3371550
L	2280	250	*	*	*	*	*	566849	*
H	2280	250	100.0	+	0	0	250M	1105145	566849
L	10209	250	*	*	*	*	*	25807	*
H	10209	250	100.0	+	0	0	250M	1105145	25807
L	17639	250	*	*	*	*	*	4372372	*
H	17639	250	100.0	+	0	0	250M	1105145	4372372
L	6709	250	*	*	*	*	*	238399	*
H	6709	250	99.6	+	0	0	250M	1096444	238399
L	11139	250	*	*	*	*	*	1122428	*
H	11139	250	99.6	+	0	0	250M	1096444	1122428
L	11140	250	*	*	*	*	*	1144371	*
H	11140	250	99.6	+	0	0	250M	1096444	1144371
L	12064	250	*	*	*	*	*	952783	*
H	12064	250	100.0	+	0	0	250M	1080702	952783
L	19431	250	*	*	*	*	*	4460434	*
H	19431	250	100.0	+	0	0	250M	1080702	4460434
L	4370	250	*	*	*	*	*	362140	*
H	4370	250	100.0	+	0	0	250M	1080702	362140
L	16534	250	*	*	*	*	*	4320462	*
H	16534	250	98.4	+	0	0	100MD149MI	1065380	4320462
L	18886	250	*	*	*	*	*	4434156	*
H	18886	250	98.4	+	0	0	100MD149MI	1065380	4434156
L	19611	250	*	*	*	*	*	4468196	*
H	19611	250	98.4	+	0	0	100MD149MI	1065380	4468196
L	698	250	*	*	*	*	*	957437	*
H	698	250	92.8	+	0	0	I39MD19MD190MI	1001255	957437
L	5540	250	*	*	*	*	*	299576	*
H	5540	250	94.4	+	0	0	I39MD19MD35MI14MD140MI	1001255	299576
L	17055	250	*	*	*	*	*	4345055	*
H	17055	250	94.8	+	0	0	I39MD19MD35MI14MD140MI	1001255	4345055
L	13564	250	*	*	*	*	*	1084983	*
H	13564	250	99.2	+	0	0	250M	938795	1084983
L	13563	250	*	*	*	*	*	1021024	*
H	13563	250	98.8	+	0	0	250M	938795	1021024
L	13075	250	*	*	*	*	*	2648149	*
H	13075	250	97.6	+	0	0	250M	938795	2648149
L	412	250	*	*	*	*	*	1025462	*
H	412	250	94.4	+	0	0	72MI33MI54MD89MD	907419	1025462
L	13342	250	*	*	*	*	*	1083876	*
H	13342	250	94.4	+	0	0	72MI33MI54MD89MD	907419	1083876
L	8695	250	*	*	*	*	*	149895	*
H	8695	250	94.4	+	0	0	72MI19MI13MI55MD88M2D	907419	149895
L	4678	250	*	*	*	*	*	349131	*
H	4678	250	99.6	+	0	0	250M	853756	349131
L	10143	250	*	*	*	*	*	33272	*
H	10143	250	99.2	+	0	0	231MI18MD	853756	33272
L	19180	250	*	*	*	*	*	4448449	*
H	19180	250	98.4	+	0	0	250M	853756	4448449
L	10912	250	*	*	*	*	*	3949	*
H	10912	250	100.0	+	0	0	250M	851936	3949
L	10913	250	*	*	*	*	*	3928	*
H	10913	250	98.8	+	0	0	250M	851936	3928
L	8899	250	*	*	*	*	*	141219	*
H	8899	250	84.0	+	0	0	250M	851936	141219
L	18589	250	*	*	*	*	*	4419566	*
H	18589	250	97.6	+	0	0	250M	832772	4419566
L	7672	250	*	*	*	*	*	185297	*
H	7672	250	96.8	+	0	0	250M	832772	185297
L	17148	250	*	*	*	*	*	4349748	*
H	17148	250	96.8	+	0	0	250M	832772	4349748
L	6479	250	*	*	*	*	*	252234	*
H	6479	250	99.6	+	0	0	250M	826749	252234
L	16660	250	*	*	*	*	*	4325118	*
H	16660	250	99.2	+	0	0	250M	826749	4325118
L	17798	250	*	*	*	*	*	4379927	*
H	17798	250	99.2	+	0	0	250M	826749	4379927
L	15510	250	*	*	*	*	*	4055164	*
H	15510	250	99.2	+	0	0	250M	822102	4055164
L	10851	250	*	*	*	*	*	5620	*
H	10851	250	81.2	+	0	0	250M	822102	5620
L	15887	250	*	*	*	*	*	816306	*
H	15887	250	80.4	+	0	0	250M	822102	816306
L	9262	250	*	*	*	*	*	109696	*
H	9262	250	100.0	+	0	0	250M	815448	109696
L	10855	250	*	*	*	*	*	5583	*
H	10855	250	100.0	+	0	0	250M	815448	5583
L	18339	250	*	*	*	*	*	4407376	*
H	18339	250	100.0	+	0	0	250M	815448	4407376
L	9097	250	*	*	*	*	*	130219	*
H	9097	250	98.4	+	0	0	250M	802727	130219
L	9666	250	*	*	*	*	*	87670	*
H	9666	250	98.0	+	0	0	250M	802727	87670
L	13186	250	*	*	*	*	*	1121558	*
H	13186	250	92.4	+	0	0	72M2I139MI36M3D	802727	1121558
L	18524	250	*	*	*	*	*	4415996	*
H	18524	250	98.8	+	0	0	250M	793649	4415996
L	1436	250	*	*	*	*	*	779089	*
H	1436	250	98.4	+	0	0	77MD172MI	793649	779089
L	10177	250	*	*	*	*	*	29012	*
H	10177	250	98.4	+	0	0	250M	793649	29012
L	14293	250	*	*	*	*	*	761592	*
H	14293	250	100.0	+	0	0	250M	768898	761592
L	17331	250	*	*	*	*	*	4358686	*
H	17331	250	100.0	+	0	0	250M	768898	4358686
L	1527	250	*	*	*	*	*	726900	*
H	1527	250	99.6	+	0	0	250M	768898	726900
L	11614	250	*	*	*	*	*	1834072	*
H	11614	250	99.2	+	0	0	250M	749486	1834072
L	9805	250	*	*	*	*	*	73484	*
H	9805	250	99.2	+	0	0	250M	749486	73484
L	8804	250	*	*	*	*	*	144246	*
H	8804	250	99.2	+	0	0	250M	749486	144246
L	11773	250	*	*	*	*	*	681590	*
H	11773	250	100.0	+	0	0	250M	744874	681590
L	13287	250	*	*	*	*	*	7982	*
H	13287	250	99.6	+	0	0	250M	744874	7982
L	8974	250	*	*	*	*	*	138079	*
H	8974	250	98.0	+	0	0	139MI110MD	744874	138079
L	13761	250	*	*	*	*	*	1140071	*
H	13761	250	98.4	+	0	0	250M	742264	1140071
L	6229	250	*	*	*	*	*	264071	*
H	6229	250	98.4	+	0	0	250M	742264	264071
L	14559	250	*	*	*	*	*	3509168	*
H	14559	250	97.6	+	0	0	250M	742264	3509168
L	10473	250	*	*	*	*	*	12864	*
H	10473	250	99.6	+	0	0	250M	740898	12864
L	1966	250	*	*	*	*	*	583706	*
H	1966	250	99.6	+	0	0	250M	740898	583706
L	10468	250	*	*	*	*	*	12879	*
H	10468	250	99.6	+	0	0	250M	740898	12879
L	9937	250	*	*	*	*	*	59955	*
H	9937	250	100.0	+	0	0	250M	696991	59955
L	15651	250	*	*	*	*	*	4135525	*
H	15651	250	100.0	+	0	0	250M	696991	4135525
L	4359	250	*	*	*	*	*	362413	*
H	4359	250	100.0	+	0	0	250M	696991	362413
L	18260	250	*	*	*	*	*	4403441	*
H	18260	250	99.6	+	0	0	250M	694777	4403441
L	8401	250	*	*	*	*	*	163171	*
H	8401	250	99.2	+	0	0	250M	694777	163171
L	15345	250	*	*	*	*	*	731856	*
H	15345	250	98.4	+	0	0	250M	694777	731856
L	1678	250	*	*	*	*	*	653789	*
H	1678	250	100.0	+	0	0	250M	682208	653789
L	1300	250	*	*	*	*	*	818045	*
H	1300	250	100.0	+	0	0	250M	682208	818045
L	47	250	*	*	*	*	*	1104583	*
H	47	250	100.0	+	0	0	250M	682208	1104583
L	8849	250	*	*	*	*	*	142892	*
H	8849	250	99.2	+	0	0	250M	622460	142892
L	14638	250	*	*	*	*	*	986748	*
H	14638	250	99.2	+	0	0	250M	622460	986748
L	11691	250	*	*	*	*	*	664377	*
H	11691	250	98.4	+	0	0	250M	622460	664377
L	1563	250	*	*	*	*	*	709533	*
H	1563	250	100.0	+	0	0	250M	607959	709533
L	14019	250	*	*	*	*	*	3208510	*
H	14019	250	100.0	+	0	0	250M	607959	3208510
L	8188	250	*	*	*	*	*	171600	*
H	8188	250	100.0	+	0	0	250M	607959	171600
L	1747	250	*	*	*	*	*	617108	*
H	1747	250	99.6	+	0	0	250M	591605	617108
L	2171	250	*	*	*	*	*	572747	*
H	2171	250	99.6	+	0	0	250M	591605	572747
L	10583	250	*	*	*	*	*	11101	*
H	10583	250	99.6	+	0	0	250M	591605	11101
L	4535	250	*	*	*	*	*	357505	*
H	4535	250	91.6	+	0	0	133MD36MI32MD47MI	591285	357505
L	4482	250	*	*	*	*	*	359098	*
H	4482	250	88.4	+	0	0	133MD36M2I32MD47M	591285	359098
L	2374	250	*	*	*	*	*	561483	*
H	2374	250	90.8	+	0	0	133MD36MI32MD47MI	591285	561483
L	6336	250	*	*	*	*	*	260081	*
H	6336	250	99.2	+	0	0	250M	587480	260081
L	2431	250	*	*	*	*	*	558327	*
H	2431	250	99.2	+	0	0	250M	587480	558327
L	1267	250	*	*	*	*	*	822450	*
H	1267	250	99.2	+	0	0	250M	587480	822450
L	15009	250	*	*	*	*	*	1130836	*
H	15009	250	100.0	+	0	0	250M	583452	1130836
L	1442	250	*	*	*	*	*	776180	*
H	1442	250	100.0	+	0	0	250M	583452	776180
L	13280	250	*	*	*	*	*	682524	*
H	13280	250	100.0	+	0	0	250M	583452	682524
L	6867	250	*	*	*	*	*	223485	*
H	6867	250	100.0	+	0	0	250M	582913	223485
L	264	250	*	*	*	*	*	1057260	*
H	264	250	96.0	+	0	0	250M	582913	1057260
L	10188	250	*	*	*	*	*	27938	*
H	10188	250	94.8	+	0	0	250M	582913	27938
L	452	250	*	*	*	*	*	1016474	*
H	452	250	100.0	+	0	0	250M	581352	1016474
L	1770	250	*	*	*	*	*	605198	*
H	1770	250	100.0	+	0	0	250M	581352	605198
L	1306	250	*	*	*	*	*	817382	*
H	1306	250	100.0	+	0	0	250M	581352	817382
L	16714	250	*	*	*	*	*	4327997	*
H	16714	250	98.4	+	0	0	221MD28MI	579933	4327997
L	10960	250	*	*	*	*	*	2286	*
H	10960	250	98.4	+	0	0	221MD28MI	579933	2286
L	2386	250	*	*	*	*	*	561099	*
H	2386	250	98.4	+	0	0	221MD28MI	579933	561099
L	13398	250	*	*	*	*	*	1139117	*
H	13398	250	96.8	+	0	0	49MD200MI	579618	1139117
L	15499	250	*	*	*	*	*	4047452	*
H	15499	250	96.8	+	0	0	49MD200MI	579618	4047452
L	5995	250	*	*	*	*	*	274801	*
H	5995	250	96.8	+	0	0	49MD200MI	579618	274801
L	9086	250	*	*	*	*	*	131016	*
H	9086	250	99.2	+	0	0	250M	576936	131016
L	15099	250	*	*	*	*	*	1070029	*
H	15099	250	99.2	+	0	0	250M	576936	1070029
L	11989	250	*	*	*	*	*	884555	*
H	11989	250	99.2	+	0	0	250M	576936	884555
L	1212	250	*	*	*	*	*	835880	*
H	1212	250	98.0	+	0	0	250M	576678	835880
L	5873	250	*	*	*	*	*	284672	*
H	5873	250	96.8	+	0	0	250M	576678	284672
L	13692	250	*	*	*	*	*	3028373	*
H	13692	250	96.8	+	0	0	250M	576678	3028373
L	10402	250	*	*	*	*	*	14292	*
H	10402	250	97.2	+	0	0	250M	567510	14292
L	2819	250	*	*	*	*	*	534562	*
H	2819	250	97.6	+	0	0	250M	567510	534562
L	6908	250	*	*	*	*	*	219578	*
H	6908	250	96.0	+	0	0	250M	567510	219578
L	9541	250	*	*	*	*	*	99527	*
H	9541	250	97.6	+	0	0	250M	565706	99527
L	12520	250	*	*	*	*	*	2330332	*
H	12520	250	94.4	+	0	0	250M	565706	2330332
L	15406	250	*	*	*	*	*	4004505	*
H	15406	250	94.0	+	0	0	250M	565706	4004505
L	6404	250	*	*	*	*	*	257043	*
H	6404	250	100.0	+	0	0	250M	565388	257043
L	19315	250	*	*	*	*	*	4454841	*
H	19315	250	100.0	+	0	0	250M	565388	4454841
L	12132	250	*	*	*	*	*	951060	*
H	12132	250	99.6	+	0	0	250M	565388	951060
L	16513	250	*	*	*	*	*	4319607	*
H	16513	250	100.0	+	0	0	250M	563323	4319607
L	19773	250	*	*	*	*	*	4475345	*
H	19773	250	100.0	+	0	0	250M	563323	4475345
L	16457	250	*	*	*	*	*	4317351	*
H	16457	250	100.0	+	0	0	250M	563323	4317351
L	17126	250	*	*	*	*	*	4348782	*
H	17126	250	100.0	+	0	0	250M	563112	4348782
L	13449	250	*	*	*	*	*	647821	*
H	13449	250	100.0	+	0	0	250M	563112	647821
L	10454	250	*	*	*	*	*	13104	*
H	10454	250	100.0	+	0	0	250M	563112	13104
L	12711	250	*	*	*	*	*	916393	*
H	12711	250	100.0	+	0	0	250M	562815	916393
L	1313	250	*	*	*	*	*	816585	*
H	1313	250	100.0	+	0	0	250M	562815	816585
L	16336	250	*	*	*	*	*	4311226	*
H	16336	250	100.0	+	0	0	250M	562815	4311226
L	3737	250	*	*	*	*	*	471412	*
H	3737	250	96.8	+	0	0	250M	560868	471412
L	13940	250	*	*	*	*	*	820749	*
H	13940	250	96.8	+	0	0	250M	560868	820749
L	12433	250	*	*	*	*	*	823017	*
H	12433	250	96.8	+	0	0	250M	560868	823017
L	6219	250	*	*	*	*	*	264527	*
H	6219	250	99.6	+	0	0	250M	560465	264527
L	17012	250	*	*	*	*	*	4343005	*
H	17012	250	99.6	+	0	0	250M	560465	4343005
L	1353	250	*	*	*	*	*	810238	*
H	1353	250	99.6	+	0	0	250M	560465	810238
L	10116	250	*	*	*	*	*	37519	*
H	10116	250	98.8	+	0	0	250M	556570	37519
L	10376	250	*	*	*	*	*	14508	*
H	10376	250	98.0	+	0	0	250M	556570	14508
L	7139	250	*	*	*	*	*	198589	*
H	7139	250	95.6	+	0	0	250M	556570	198589
L	17053	250	*	*	*	*	*	4344960	*
H	17053	250	99.6	+	0	0	250M	551931	4344960
L	8449	250	*	*	*	*	*	161057	*
H	8449	250	99.6	+	0	0	250M	551931	161057
L	11075	250	*	*	*	*	*	729672	*
H	11075	250	99.6	+	0	0	250M	551931	729672
L	10686	250	*	*	*	*	*	9252	*
H	10686	250	100.0	+	0	0	250M	549368	9252
L	10685	250	*	*	*	*	*	9254	*
H	10685	250	99.6	+	0	0	250M	549368	9254
L	9997	250	*	*	*	*	*	51176	*
H	9997	250	100.0	+	0	0	250M	549368	51176
L	9836	250	*	*	*	*	*	71731	*
H	9836	250	99.2	+	0	0	250M	547165	71731
L	10977	250	*	*	*	*	*	1277	*
H	10977	250	98.8	+	0	0	250M	547165	1277
L	19640	250	*	*	*	*	*	4469495	*
H	19640	250	100.0	+	0	0	250M	545968	4469495
L	11216	250	*	*	*	*	*	1639373	*
H	11216	250	100.0	+	0	0	250M	545968	1639373
L	6192	250	*	*	*	*	*	265983	*
H	6192	250	99.6	+	0	0	250M	545968	265983
L	2027	250	*	*	*	*	*	580742	*
H	2027	250	95.6	+	0	0	250M	544430	580742
L	1671	250	*	*	*	*	*	656502	*
H	1671	250	94.4	+	0	0	250M	544430	656502
L	5149	250	*	*	*	*	*	320922	*
H	5149	250	91.6	+	0	0	250M	544430	320922
L	1398	250	*	*	*	*	*	797038	*
H	1398	250	100.0	+	0	0	250M	544152	797038
L	14007	250	*	*	*	*	*	1139148	*
H	14007	250	94.8	+	0	0	250M	544152	1139148
L	11490	250	*	*	*	*	*	1134626	*
H	11490	250	93.6	+	0	0	250M	544152	1134626
L	17823	250	*	*	*	*	*	4381230	*
H	17823	250	100.0	+	0	0	250M	537182	4381230
L	10353	250	*	*	*	*	*	14949	*
H	10353	250	100.0	+	0	0	250M	537182	14949
L	13794	250	*	*	*	*	*	1133720	*
H	13794	250	100.0	+	0	0	250M	537182	1133720
L	8227	250	*	*	*	*	*	169889	*
H	8227	250	100.0	+	0	0	250M	536754	169889
L	7577	250	*	*	*	*	*	187201	*
H	7577	250	100.0	+	0	0	250M	536754	187201
L	8214	250	*	*	*	*	*	170383	*
H	8214	250	100.0	+	0	0	250M	536754	170383
L	2239	250	*	*	*	*	*	568943	*
H	2239	250	100.0	+	0	0	250M	532994	568943
L	11488	250	*	*	*	*	*	1779153	*
H	11488	250	100.0	+	0	0	250M	532994	1779153
L	17462	250	*	*	*	*	*	4364883	*
H	17462	250	100.0	+	0	0	250M	532994	4364883
L	16630	250	*	*	*	*	*	4323871	*
H	16630	250	100.0	+	0	0	250M	524581	4323871
L	3012	250	*	*	*	*	*	528281	*
H	3012	250	100.0	+	0	0	250M	524581	528281
L	6457	250	*	*	*	*	*	253702	*
H	6457	250	99.6	+	0	0	250M	524581	253702
L	15210	250	*	*	*	*	*	1121805	*
H	15210	250	100.0	+	0	0	250M	522968	1121805
L	16151	250	*	*	*	*	*	4304012	*
H	16151	250	99.2	+	0	0	250M	522968	4304012
L	5710	250	*	*	*	*	*	292404	*
H	5710	250	98.4	+	0	0	250M	522968	292404
L	3689	250	*	*	*	*	*	509352	*
H	3689	250	99.6	+	0	0	250M	511694	509352
L	1237	250	*	*	*	*	*	827497	*
H	1237	250	99.6	+	0	0	250M	511694	827497
L	14867	250	*	*	*	*	*	827973	*
H	14867	250	99.6	+	0	0	250M	511694	827973
L	6975	250	*	*	*	*	*	212534	*
H	6975	250	99.2	+	0	0	250M	492873	212534
L	12527	250	*	*	*	*	*	1058762	*
H	12527	250	98.4	+	0	0	250M	492873	1058762
L	15123	250	*	*	*	*	*	1051521	*
H	15123	250	95.6	+	0	0	92MD157MI	492873	1051521
L	3769	250	*	*	*	*	*	463880	*
H	3769	250	99.2	+	0	0	124MD58MD66M2I	467656	463880
L	4028	250	*	*	*	*	*	390157	*
H	4028	250	99.2	+	0	0	124MD58MD66M2I	467656	390157
L	1485	250	*	*	*	*	*	749810	*
H	1485	250	99.2	+	0	0	124MD58MD66M2I	467656	749810
L	13190	250	*	*	*	*	*	1025853	*
H	13190	250	98.0	+	0	0	I249MD	463449	1025853
H	17055	250	97.6	+	0	0	I249MD	463449	4345055
L	9196	250	*	*	*	*	*	113265	*
H	9196	250	97.6	+	0	0	I249MD	463449	113265
L	12301	250	*	*	*	*	*	758064	*
H	12301	250	94.0	+	0	0	8M2D12MD24MD10M2D18MD14MD12M2D47MD94M11I	459129	758064
L	5148	250	*	*	*	*	*	320941	*
H	5148	250	94.0	+	0	0	8M2D12MD24MD10M2D18MD14MD12M2D47MD94M11I	459129	320941
L	3937	250	*	*	*	*	*	415455	*
H	3937	250	94.0	+	0	0	8M2D12MD24MD10M2D18MD14MD12M2D47MD94M11I	459129	415455
L	608	250	*	*	*	*	*	978100	*
H	608	250	95.6	+	0	0	250M	438966	978100
L	2387	250	*	*	*	*	*	561032	*
H	2387	250	95.6	+	0	0	250M	438966	561032
L	12795	250	*	*	*	*	*	1114327	*
H	12795	250	95.6	+	0	0	250M	438966	1114327
L	3907	250	*	*	*	*	*	423025	*
H	3907	250	96.4	+	0	0	29MD13MD140MD16MD9M2D18MD18M7I	363557	423025
L	8668	250	*	*	*	*	*	151083	*
H	8668	250	96.4	+	0	0	29MD13MD140MD16MD9M2D18MD18M7I	363557	151083
L	12308	250	*	*	*	*	*	1110864	*
H	12308	250	96.4	+	0	0	29MD13MD140MD16MD9M2D18MD18M7I	363557	1110864
L	15275	250	*	*	*	*	*	3930737	*
H	15275	250	100.0	+	0	0	250M	361038	3930737
L	14039	250	*	*	*	*	*	781155	*
H	14039	250	100.0	+	0	0	250M	361038	781155
L	1593	250	*	*	*	*	*	696402	*
H	1593	250	99.2	+	0	0	250M	361038	696402
L	15049	250	*	*	*	*	*	3778551	*
H	15049	250	99.2	+	0	0	250M	359626	3778551
L	19937	250	*	*	*	*	*	4482513	*
H	19937	250	98.8	+	0	0	250M	359626	4482513
L	13881	250	*	*	*	*	*	805823	*
H	13881	250	98.4	+	0	0	250M	359626	805823
L	5088	250	*	*	*	*	*	324891	*
H	5088	250	99.6	+	0	0	250M	342268	324891
L	14058	250	*	*	*	*	*	836389	*
H	14058	250	98.4	+	0	0	250M	342268	836389
L	5223	250	*	*	*	*	*	315305	*
H	5223	250	97.6	+	0	0	250M	342268	315305
L	1183	250	*	*	*	*	*	843415	*
H	1183	250	98.4	+	0	0	250M	341031	843415
L	5435	250	*	*	*	*	*	303487	*
H	5435	250	98.4	+	0	0	250M	341031	303487
L	10093	250	*	*	*	*	*	39595	*
H	10093	250	98.4	+	0	0	250M	341031	39595
H	5088	250	99.6	+	0	0	250M	340525	324891
H	5223	250	98.4	+	0	0	250M	340525	315305
H	14058	250	98.4	+	0	0	250M	340525	836389
L	18849	250	*	*	*	*	*	4432270	*
H	18849	250	99.2	+	0	0	250M	338757	4432270
L	11736	250	*	*	*	*	*	1911770	*
H	11736	250	99.2	+	0	0	250M	338757	1911770
L	3639	250	*	*	*	*	*	511327	*
H	3639	250	99.2	+	0	0	250M	338757	511327
L	17460	250	*	*	*	*	*	4364813	*
H	17460	250	100.0	+	0	0	250M	336985	4364813
L	16105	250	*	*	*	*	*	4301996	*
H	16105	250	100.0	+	0	0	250M	336985	4301996
L	18635	250	*	*	*	*	*	4422484	*
H	18635	250	100.0	+	0	0	250M	336985	4422484
L	5145	250	*	*	*	*	*	321131	*
H	5145	250	99.6	+	0	0	250M	336110	321131
L	4649	250	*	*	*	*	*	350602	*
H	4649	250	99.2	+	0	0	250M	336110	350602
L	5433	250	*	*	*	*	*	303619	*
H	5433	250	97.2	+	0	0	216M2D32M2I	336110	303619
L	10249	250	*	*	*	*	*	20696	*
H	10249	250	100.0	+	0	0	250M	332510	20696
L	2709	250	*	*	*	*	*	541894	*
H	2709	250	99.6	+	0	0	250M	332510	541894
L	17442	250	*	*	*	*	*	4363426	*
H	17442	250	99.2	+	0	0	250M	332510	4363426
L	19730	250	*	*	*	*	*	4473417	*
H	19730	250	99.6	+	0	0	250M	330563	4473417
L	6753	250	*	*	*	*	*	236091	*
H	6753	250	99.6	+	0	0	250M	330563	236091
L	11278	250	*	*	*	*	*	1109671	*
H	11278	250	99.6	+	0	0	250M	330563	1109671
L	9055	250	*	*	*	*	*	133839	*
H	9055	250	99.6	+	0	0	250M	328755	133839
L	15874	250	*	*	*	*	*	4260083	*
H	15874	250	99.6	+	0	0	250M	328755	4260083
L	9640	250	*	*	*	*	*	89669	*
H	9640	250	99.6	+	0	0	250M	328755	89669
L	18403	250	*	*	*	*	*	4410373	*
H	18403	250	99.6	+	0	0	242MI7MD	323927	4410373
L	1628	250	*	*	*	*	*	680934	*
H	1628	250	97.2	+	0	0	242MI7MD	323927	680934
L	12524	250	*	*	*	*	*	2332707	*
H	12524	250	97.2	+	0	0	242MI7MD	323927	2332707
L	12344	250	*	*	*	*	*	1125951	*
H	12344	250	98.0	+	0	0	230M2D18M2I	323281	1125951
L	6717	250	*	*	*	*	*	237969	*
H	6717	250	98.0	+	0	0	230M2D18M2I	323281	237969
L	5411	250	*	*	*	*	*	304724	*
H	5411	250	99.2	+	0	0	234MD15MI	323281	304724
L	5000	250	*	*	*	*	*	330343	*
H	5000	250	100.0	+	0	0	250M	308034	330343
L	17084	250	*	*	*	*	*	4347159	*
H	17084	250	100.0	+	0	0	250M	308034	4347159
L	10123	250	*	*	*	*	*	36261	*
H	10123	250	100.0	+	0	0	250M	308034	36261
L	6091	250	*	*	*	*	*	270722	*
H	6091	250	100.0	+	0	0	250M	300043	270722
L	6188	250	*	*	*	*	*	266313	*
H	6188	250	100.0	+	0	0	250M	300043	266313
L	5011	250	*	*	*	*	*	329794	*
H	5011	250	100.0	+	0	0	250M	300043	329794
L	9653	250	*	*	*	*	*	88586	*
H	9653	250	100.0	+	0	0	250M	294595	88586
L	19740	250	*	*	*	*	*	4473883	*
H	19740	250	100.0	+	0	0	250M	294595	4473883
L	10332	250	*	*	*	*	*	15456	*
H	10332	250	100.0	+	0	0	250M	294595	15456
L	8645	250	*	*	*	*	*	152460	*
H	8645	250	97.6	+	0	0	250M	287305	152460
L	10076	250	*	*	*	*	*	41059	*
H	10076	250	94.0	+	0	0	250M	287305	41059
L	13338	250	*	*	*	*	*	1140484	*
H	13338	250	93.2	+	0	0	250M	287305	1140484
L	17254	250	*	*	*	*	*	4354692	*
H	17254	250	94.8	+	0	0	31M4D7MD5M4D8M2D188M11I	285219	4354692
L	10255	250	*	*	*	*	*	19936	*
H	10255	250	94.8	+	0	0	31M4D7MD5M4D8M2D188M11I	285219	19936
L	10514	250	*	*	*	*	*	12269	*
H	10514	250	94.8	+	0	0	31M4D7MD5M4D8M2D188M11I	285219	12269
L	16540	250	*	*	*	*	*	4320660	*
H	16540	250	100.0	+	0	0	250M	283972	4320660
L	1270	250	*	*	*	*	*	822337	*
H	1270	250	100.0	+	0	0	250M	283972	822337
L	4231	250	*	*	*	*	*	366141	*
H	4231	250	100.0	+	0	0	250M	283972	366141
L	5842	250	*	*	*	*	*	287301	*
H	5842	250	100.0	+	0	0	250M	283138	287301
L	19317	250	*	*	*	*	*	4455242	*
H	19317	250	99.6	+	0	0	250M	283138	4455242
L	10683	250	*	*	*	*	*	9286	*
H	10683	250	99.6	+	0	0	250M	283138	9286
L	1993	250	*	*	*	*	*	582429	*
H	1993	250	100.0	+	0	0	250M	277320	582429
L	2608	250	*	*	*	*	*	548952	*
H	2608	250	99.6	+	0	0	166MI83MD	277320	548952
L	15751	250	*	*	*	*	*	4194975	*
H	15751	250	98.8	+	0	0	250M	277320	4194975
L	6416	250	*	*	*	*	*	256632	*
H	6416	250	99.2	+	0	0	250M	276921	256632
L	5985	250	*	*	*	*	*	275614	*
H	5985	250	99.2	+	0	0	250M	276921	275614
L	15705	250	*	*	*	*	*	808282	*
H	15705	250	99.2	+	0	0	250M	276921	808282
L	1749	250	*	*	*	*	*	615189	*
H	1749	250	99.6	+	0	0	250M	275651	615189
L	8750	250	*	*	*	*	*	146917	*
H	8750	250	100.0	+	0	0	250M	275651	146917
L	9322	250	*	*	*	*	*	107507	*
H	9322	250	100.0	+	0	0	250M	275651	107507
L	12195	250	*	*	*	*	*	781371	*
H	12195	250	99.6	+	0	0	250M	268395	781371
L	14494	250	*	*	*	*	*	1140929	*
H	14494	250	95.6	+	0	0	250M	268395	1140929
L	9172	250	*	*	*	*	*	115193	*
H	9172	250	94.8	+	0	0	250M	268395	115193
L	16576	250	*	*	*	*	*	4321625	*
H	16576	250	100.0	+	0	0	250M	268152	4321625
L	6071	250	*	*	*	*	*	271539	*
H	6071	250	100.0	+	0	0	250M	268152	271539
L	11345	250	*	*	*	*	*	1147382	*
H	11345	250	100.0	+	0	0	250M	268152	1147382
L	6081	250	*	*	*	*	*	271073	*
H	6081	250	99.6	+	0	0	250M	267698	271073
L	2631	250	*	*	*	*	*	547806	*
H	2631	250	99.6	+	0	0	250M	267698	547806
L	6299	250	*	*	*	*	*	261726	*
H	6299	250	99.6	+	0	0	250M	267698	261726
L	11167	250	*	*	*	*	*	812541	*
H	11167	250	94.0	+	0	0	202MI37MI9M2D	264465	812541
L	15	250	*	*	*	*	*	1110347	*
H	15	250	94.0	+	0	0	202MI37MI9M2D	264465	1110347
L	17124	250	*	*	*	*	*	4348731	*
H	17124	250	93.6	+	0	0	202MI37MI9M2D	264465	4348731
L	2061	250	*	*	*	*	*	579046	*
H	2061	250	99.6	+	0	0	250M	263575	579046
L	666	250	*	*	*	*	*	966794	*
H	666	250	99.6	+	0	0	250M	263575	966794
L	1948	250	*	*	*	*	*	584859	*
H	1948	250	99.2	+	0	0	250M	263575	584859
L	13263	250	*	*	*	*	*	2760629	*
H	13263	250	99.6	+	0	0	250M	263449	2760629
L	9796	250	*	*	*	*	*	73843	*
H	9796	250	99.6	+	0	0	250M	263449	73843
L	1685	250	*	*	*	*	*	650021	*
H	1685	250	99.6	+	0	0	250M	263449	650021
L	9218	250	*	*	*	*	*	111689	*
H	9218	250	100.0	+	0	0	250M	258745	111689
H	19180	250	100.0	+	0	0	250M	258745	4448449
L	6010	250	*	*	*	*	*	274158	*
H	6010	250	99.6	+	0	0	250M	258745	274158
L	9701	250	*	*	*	*	*	82781	*
H	9701	250	100.0	+	0	0	250M	258469	82781
L	7348	250	*	*	*	*	*	193099	*
H	7348	250	99.6	+	0	0	156MI93MD	258469	193099
L	10323	250	*	*	*	*	*	15623	*
H	10323	250	99.6	+	0	0	250M	258469	15623
L	18356	250	*	*	*	*	*	4408093	*
H	18356	250	100.0	+	0	0	250M	255926	4408093
L	6731	250	*	*	*	*	*	237464	*
H	6731	250	100.0	+	0	0	250M	255926	237464
L	6564	250	*	*	*	*	*	246933	*
H	6564	250	99.6	+	0	0	250M	255926	246933
L	5377	250	*	*	*	*	*	307268	*
H	5377	250	99.2	+	0	0	250M	251398	307268
L	14539	250	*	*	*	*	*	693344	*
H	14539	250	98.8	+	0	0	250M	251398	693344
L	16818	250	*	*	*	*	*	4332796	*
H	16818	250	97.6	+	0	0	250M	251398	4332796
L	11832	250	*	*	*	*	*	1966269	*
H	11832	250	98.8	+	0	0	229MD4MD15M2I	251397	1966269
L	13889	250	*	*	*	*	*	3146428	*
H	13889	250	98.8	+	0	0	229MD4MD15M2I	251397	3146428
L	16686	250	*	*	*	*	*	4326574	*
H	16686	250	98.8	+	0	0	229MD4MD15M2I	251397	4326574
L	10224	250	*	*	*	*	*	23870	*
H	10224	250	99.6	+	0	0	42MD207MI	247332	23870
L	6500	250	*	*	*	*	*	251051	*
H	6500	250	99.6	+	0	0	42MD207MI	247332	251051
L	1639	250	*	*	*	*	*	672906	*
H	1639	250	99.6	+	0	0	42MD207MI	247332	672906
L	6604	250	*	*	*	*	*	244668	*
H	6604	250	99.2	+	0	0	250M	246454	244668
L	11486	250	*	*	*	*	*	1137471	*
H	11486	250	98.8	+	0	0	250M	246454	1137471
L	10666	250	*	*	*	*	*	9513	*
H	10666	250	98.8	+	0	0	250M	246454	9513
L	9105	250	*	*	*	*	*	129923	*
H	9105	250	99.6	+	0	0	176MI73MD	243371	129923
L	9295	250	*	*	*	*	*	108433	*
H	9295	250	99.6	+	0	0	176MI73MD	243371	108433
L	12677	250	*	*	*	*	*	1112913	*
H	12677	250	97.6	+	0	0	175MI74MD	243371	1112913
L	13599	250	*	*	*	*	*	2969241	*
H	13599	250	98.8	+	0	0	250M	242850	2969241
L	14762	250	*	*	*	*	*	1135594	*
H	14762	250	98.8	+	0	0	250M	242850	1135594
L	16219	250	*	*	*	*	*	4306599	*
H	16219	250	98.8	+	0	0	250M	242850	4306599
L	10978	250	*	*	*	*	*	1234	*
H	10978	250	100.0	+	0	0	250M	239729	1234
L	10979	250	*	*	*	*	*	1222	*
H	10979	250	83.2	+	0	0	250M	239729	1222
L	2741	250	*	*	*	*	*	539567	*
H	2741	250	80.0	+	0	0	250M	239729	539567
L	13452	250	*	*	*	*	*	2874058	*
H	13452	250	99.2	+	0	0	250M	230491	2874058
L	12025	250	*	*	*	*	*	2083003	*
H	12025	250	98.8	+	0	0	250M	230491	2083003
L	16664	250	*	*	*	*	*	4325449	*
H	16664	250	92.0	+	0	0	250M	230491	4325449
L	7963	250	*	*	*	*	*	177990	*
H	7963	250	100.0	+	0	0	250M	230360	177990
L	7177	250	*	*	*	*	*	197576	*
H	7177	250	97.2	+	0	0	162MI17MI21M2I46M4D	230360	197576
L	9478	250	*	*	*	*	*	101945	*
H	9478	250	98.0	+	0	0	250M	230360	101945
L	12545	250	*	*	*	*	*	1114718	*
H	12545	250	99.2	+	0	0	250M	229434	1114718
L	14703	250	*	*	*	*	*	1129599	*
H	14703	250	98.4	+	0	0	250M	229434	1129599
L	1648	250	*	*	*	*	*	668105	*
H	1648	250	97.6	+	0	0	250M	229434	668105
L	15706	250	*	*	*	*	*	1127245	*
H	15706	250	100.0	+	0	0	250M	224252	1127245
L	15707	250	*	*	*	*	*	1134116	*
H	15707	250	99.2	+	0	0	250M	224252	1134116
L	2816	250	*	*	*	*	*	534871	*
H	2816	250	96.4	+	0	0	250M	224252	534871
L	19718	250	*	*	*	*	*	4472978	*
H	19718	250	99.2	+	0	0	250M	221841	4472978
L	15649	250	*	*	*	*	*	1146685	*
H	15649	250	97.6	+	0	0	250M	221841	1146685
L	13471	250	*	*	*	*	*	2885267	*
H	13471	250	97.6	+	0	0	250M	221841	2885267
L	12013	250	*	*	*	*	*	1144686	*
H	12013	250	100.0	+	0	0	250M	217386	1144686
L	12388	250	*	*	*	*	*	1141633	*
H	12388	250	100.0	+	0	0	250M	217386	1141633
L	10850	250	*	*	*	*	*	5631	*
H	10850	250	99.6	+	0	0	250M	217386	5631
L	5085	250	*	*	*	*	*	324969	*
H	5085	250	97.2	+	0	0	250M	202971	324969
L	17041	250	*	*	*	*	*	4344271	*
H	17041	250	97.2	+	0	0	250M	202971	4344271
L	8830	250	*	*	*	*	*	143540	*
H	8830	250	97.2	+	0	0	250M	202971	143540
L	9553	250	*	*	*	*	*	99279	*
H	9553	250	99.2	+	0	0	182MI67MD	201666	99279
L	4991	250	*	*	*	*	*	330860	*
H	4991	250	99.2	+	0	0	182MI67MD	201666	330860
L	19647	250	*	*	*	*	*	4469781	*
H	19647	250	90.4	+	0	0	182MI67MD	201666	4469781
L	5323	250	*	*	*	*	*	310046	*
H	5323	250	99.2	+	0	0	165M2D83M2I	198623	310046
L	9182	250	*	*	*	*	*	114572	*
H	9182	250	99.2	+	0	0	165M2D83M2I	198623	114572
L	9082	250	*	*	*	*	*	131429	*
H	9082	250	99.2	+	0	0	165M2D83M2I	198623	131429
L	11418	250	*	*	*	*	*	775368	*
H	11418	250	99.6	+	0	0	250M	198054	775368
L	2452	250	*	*	*	*	*	557398	*
H	2452	250	99.6	+	0	0	250M	198054	557398
L	1888	250	*	*	*	*	*	587899	*
H	1888	250	99.6	+	0	0	250M	198054	587899
L	9566	250	*	*	*	*	*	98137	*
H	9566	250	97.6	+	0	0	36M2D33MD178M3I	196265	98137
L	13757	250	*	*	*	*	*	626618	*
H	13757	250	97.6	+	0	0	36M2D33MD178M3I	196265	626618
L	2026	250	*	*	*	*	*	580807	*
H	2026	250	97.2	+	0	0	36M2D33MD178M3I	196265	580807
L	10940	250	*	*	*	*	*	2573	*
H	10940	250	99.2	+	0	0	250M	191918	2573
L	18385	250	*	*	*	*	*	4409861	*
H	18385	250	98.8	+	0	0	151MI62MI35M2D	191918	4409861
L	9950	250	*	*	*	*	*	58647	*
H	9950	250	86.8	+	0	0	250M	191918	58647
L	10858	250	*	*	*	*	*	5460	*
H	10858	250	98.4	+	0	0	25MD41MI37MI109M2I34M3D	189350	5460
L	6127	250	*	*	*	*	*	268868	*
H	6127	250	97.2	+	0	0	250M	189350	268868
L	18764	250	*	*	*	*	*	4428218	*
H	18764	250	97.6	+	0	0	250M	189350	4428218
L	4185	250	*	*	*	*	*	367457	*
H	4185	250	100.0	+	0	0	250M	175647	367457
L	175	250	*	*	*	*	*	1076587	*
H	175	250	100.0	+	0	0	250M	175647	1076587
L	15428	250	*	*	*	*	*	4015729	*
H	15428	250	100.0	+	0	0	250M	175647	4015729
L	8166	250	*	*	*	*	*	172248	*
H	8166	250	99.6	+	0	0	250M	167118	172248
L	6780	250	*	*	*	*	*	233893	*
H	6780	250	99.6	+	0	0	250M	167118	233893
L	8254	250	*	*	*	*	*	168583	*
H	8254	250	99.2	+	0	0	250M	167118	168583
L	8318	250	*	*	*	*	*	165851	*
H	8318	250	100.0	+	0	0	250M	164684	165851
L	8279	250	*	*	*	*	*	167594	*
H	8279	250	100.0	+	0	0	250M	164684	167594
L	9378	250	*	*	*	*	*	105882	*
H	9378	250	99.6	+	0	0	250M	164684	105882
L	8151	250	*	*	*	*	*	173122	*
H	8151	250	100.0	+	0	0	250M	163872	173122
L	8396	250	*	*	*	*	*	163270	*
H	8396	250	100.0	+	0	0	250M	163872	163270
L	8263	250	*	*	*	*	*	168319	*
H	8263	250	100.0	+	0	0	250M	163872	168319
L	9955	250	*	*	*	*	*	58411	*
H	9955	250	99.6	+	0	0	250M	161177	58411
L	9904	250	*	*	*	*	*	64196	*
H	9904	250	99.2	+	0	0	250M	161177	64196
L	6559	250	*	*	*	*	*	247213	*
H	6559	250	99.2	+	0	0	250M	161177	247213
L	13211	250	*	*	*	*	*	728860	*
H	13211	250	100.0	+	0	0	250M	160938	728860
L	2084	250	*	*	*	*	*	577680	*
H	2084	250	100.0	+	0	0	250M	160938	577680
L	42	250	*	*	*	*	*	1105663	*
H	42	250	99.2	+	0	0	250M	160938	1105663
L	10527	250	*	*	*	*	*	12183	*
H	10527	250	97.6	+	0	0	250M	159978	12183
L	18428	250	*	*	*	*	*	4411814	*
H	18428	250	97.6	+	0	0	250M	159978	4411814
L	10525	250	*	*	*	*	*	12185	*
H	10525	250	98.0	+	0	0	250M	159978	12185
H	5148	250	99.2	+	0	0	250M	156705	320941
L	16335	250	*	*	*	*	*	4311218	*
H	16335	250	99.2	+	0	0	250M	156705	4311218
H	12301	250	99.2	+	0	0	250M	156705	758064
L	11580	250	*	*	*	*	*	1821516	*
H	11580	250	96.8	+	0	0	19MD6MD131M2I13MI78MD	155922	1821516
L	1891	250	*	*	*	*	*	587616	*
H	1891	250	96.8	+	0	0	19MD6MD131M2I13MI78MD	155922	587616
L	12888	250	*	*	*	*	*	2538802	*
H	12888	250	94.4	+	0	0	26MD131M2I13MI77M2D	155922	2538802
L	18050	250	*	*	*	*	*	4391672	*
H	18050	250	100.0	+	0	0	250M	154138	4391672
L	12478	250	*	*	*	*	*	2311731	*
H	12478	250	100.0	+	0	0	250M	154138	2311731
L	9790	250	*	*	*	*	*	74252	*
H	9790	250	100.0	+	0	0	250M	154138	74252
L	10381	250	*	*	*	*	*	14468	*
H	10381	250	99.6	+	0	0	250M	153061	14468
L	10380	250	*	*	*	*	*	14469	*
H	10380	250	99.2	+	0	0	250M	153061	14469
L	10382	250	*	*	*	*	*	14467	*
H	10382	250	99.2	+	0	0	250M	153061	14467
L	6533	250	*	*	*	*	*	248847	*
H	6533	250	100.0	+	0	0	250M	152272	248847
L	1509	250	*	*	*	*	*	737001	*
H	1509	250	100.0	+	0	0	250M	152272	737001
L	10136	250	*	*	*	*	*	34014	*
H	10136	250	100.0	+	0	0	250M	152272	34014
L	9257	250	*	*	*	*	*	109815	*
H	9257	250	100.0	+	0	0	250M	149643	109815
L	14674	250	*	*	*	*	*	1016896	*
H	14674	250	100.0	+	0	0	250M	149643	1016896
L	15357	250	*	*	*	*	*	1104486	*
H	15357	250	100.0	+	0	0	250M	149643	1104486
L	12769	250	*	*	*	*	*	1140915	*
H	12769	250	100.0	+	0	0	250M	148324	1140915
L	15947	250	*	*	*	*	*	4294861	*
H	15947	250	100.0	+	0	0	250M	148324	4294861
L	9789	250	*	*	*	*	*	74259	*
H	9789	250	100.0	+	0	0	250M	148324	74259
L	8778	250	*	*	*	*	*	145199	*
H	8778	250	100.0	+	0	0	250M	148100	145199
L	9894	250	*	*	*	*	*	66026	*
H	9894	250	100.0	+	0	0	250M	148100	66026
L	18087	250	*	*	*	*	*	4393354	*
H	18087	250	100.0	+	0	0	250M	148100	4393354
L	2923	250	*	*	*	*	*	530612	*
H	2923	250	99.6	+	0	0	250M	146198	530612
L	8735	250	*	*	*	*	*	148063	*
H	8735	250	99.2	+	0	0	250M	146198	148063
L	8767	250	*	*	*	*	*	145704	*
H	8767	250	98.4	+	0	0	250M	146198	145704
L	3315	250	*	*	*	*	*	520702	*
H	3315	250	88.8	+	0	0	146M5I28MI20MI23M3I23M10D	145761	520702
L	12305	250	*	*	*	*	*	1118561	*
H	12305	250	90.0	+	0	0	146M5I28MI20MI14MI11M2I21M10D	145761	1118561
H	16105	250	90.0	+	0	0	146M5I28MI20MI14MI11M2I21M10D	145761	4301996
L	6765	250	*	*	*	*	*	235385	*
H	6765	250	100.0	+	0	0	250M	144720	235385
L	12080	250	*	*	*	*	*	2105739	*
H	12080	250	100.0	+	0	0	250M	144720	2105739
L	7328	250	*	*	*	*	*	193675	*
H	7328	250	98.4	+	0	0	250M	144720	193675
L	15535	250	*	*	*	*	*	723538	*
H	15535	250	100.0	+	0	0	250M	144295	723538
L	9588	250	*	*	*	*	*	94046	*
H	9588	250	100.0	+	0	0	250M	144295	94046
L	2273	250	*	*	*	*	*	567412	*
H	2273	250	100.0	+	0	0	250M	144295	567412
L	18605	250	*	*	*	*	*	4420377	*
H	18605	250	84.4	+	0	0	I9MD15MD13MD11MD11M3D31MD25M2D7MD16MD17MI18MI25M2I40M7I	142908	4420377
L	15584	250	*	*	*	*	*	1135374	*
H	15584	250	81.6	+	0	0	I9MD15MD13MD13M2D8M3D18MD12MD25M2D7MD52MI25M2I40M9I	142908	1135374
L	7263	250	*	*	*	*	*	195317	*
H	7263	250	81.6	+	0	0	I9MD15MD13MD13M2D8M3D18MD12MD25M2D7MD52MI25M2I40M9I	142908	195317
L	12972	250	*	*	*	*	*	2575680	*
H	12972	250	99.6	+	0	0	250M	142276	2575680
L	9428	250	*	*	*	*	*	103941	*
H	9428	250	99.2	+	0	0	250M	142276	103941
L	18659	250	*	*	*	*	*	4423498	*
H	18659	250	99.2	+	0	0	250M	142276	4423498
L	18592	250	*	*	*	*	*	4419624	*
H	18592	250	98.4	+	0	0	250M	141703	4419624
L	13252	250	*	*	*	*	*	1046846	*
H	13252	250	98.4	+	0	0	250M	141703	1046846
L	14944	250	*	*	*	*	*	625454	*
H	14944	250	98.4	+	0	0	250M	141703	625454
L	10492	250	*	*	*	*	*	12562	*
H	10492	250	100.0	+	0	0	250M	139504	12562
L	19248	250	*	*	*	*	*	4452284	*
H	19248	250	100.0	+	0	0	250M	139504	4452284
L	13367	250	*	*	*	*	*	1099564	*
H	13367	250	99.6	+	0	0	250M	139504	1099564
L	17608	250	*	*	*	*	*	4371438	*
H	17608	250	100.0	+	0	0	250M	137543	4371438
L	14090	250	*	*	*	*	*	1113397	*
H	14090	250	100.0	+	0	0	250M	137543	1113397
L	15924	250	*	*	*	*	*	4292139	*
H	15924	250	100.0	+	0	0	250M	137543	4292139
L	7713	250	*	*	*	*	*	184263	*
H	7713	250	99.2	+	0	0	250M	133123	184263
L	5483	250	*	*	*	*	*	301673	*
H	5483	250	92.8	+	0	0	250M	133123	301673
L	7013	250	*	*	*	*	*	209237	*
H	7013	250	92.0	+	0	0	250M	133123	209237
L	2206	250	*	*	*	*	*	570390	*
H	2206	250	93.2	+	0	0	250M	130535	570390
L	19638	250	*	*	*	*	*	4469387	*
H	19638	250	94.8	+	0	0	250M	130535	4469387
L	15879	250	*	*	*	*	*	4263820	*
H	15879	250	92.0	+	0	0	250M	130535	4263820
L	2393	250	*	*	*	*	*	560804	*
H	2393	250	98.4	+	0	0	250M	129337	560804
L	16733	250	*	*	*	*	*	4328823	*
H	16733	250	98.0	+	0	0	250M	129337	4328823
L	9088	250	*	*	*	*	*	130859	*
H	9088	250	97.2	+	0	0	250M	129337	130859
L	9116	250	*	*	*	*	*	128210	*
H	9116	250	100.0	+	0	0	250M	128351	128210
L	9396	250	*	*	*	*	*	105372	*
H	9396	250	99.6	+	0	0	250M	128351	105372
H	2741	250	89.6	+	0	0	250M	128351	539567
L	10812	250	*	*	*	*	*	6864	*
H	10812	250	99.6	+	0	0	96MD153MI	121052	6864
L	9143	250	*	*	*	*	*	119663	*
H	9143	250	99.6	+	0	0	96MD153MI	121052	119663
L	14780	250	*	*	*	*	*	3634180	*
H	14780	250	99.6	+	0	0	96MD153MI	121052	3634180
L	10028	250	*	*	*	*	*	48640	*
H	10028	250	97.6	+	0	0	250M	110591	48640
L	15828	250	*	*	*	*	*	4242243	*
H	15828	250	98.0	+	0	0	250M	110591	4242243
L	19304	250	*	*	*	*	*	4454634	*
H	19304	250	96.4	+	0	0	250M	110591	4454634
L	5865	250	*	*	*	*	*	285518	*
H	5865	250	100.0	+	0	0	250M	109619	285518
L	19544	250	*	*	*	*	*	4465536	*
H	19544	250	100.0	+	0	0	250M	109619	4465536
L	5845	250	*	*	*	*	*	286874	*
H	5845	250	100.0	+	0	0	250M	109619	286874
L	18956	250	*	*	*	*	*	4437422	*
H	18956	250	100.0	+	0	0	250M	105745	4437422
L	17376	250	*	*	*	*	*	4360442	*
H	17376	250	100.0	+	0	0	250M	105745	4360442
L	16912	250	*	*	*	*	*	4337487	*
H	16912	250	96.8	+	0	0	250M	105745	4337487
L	17964	250	*	*	*	*	*	4387841	*
H	17964	250	99.2	+	0	0	250M	105593	4387841
H	16912	250	98.8	+	0	0	250M	105593	4337487
L	16874	250	*	*	*	*	*	4335663	*
H	16874	250	98.8	+	0	0	250M	105593	4335663
L	11367	250	*	*	*	*	*	1716185	*
H	11367	250	100.0	+	0	0	250M	103906	1716185
L	1588	250	*	*	*	*	*	698495	*
H	1588	250	100.0	+	0	0	250M	103906	698495
L	19539	250	*	*	*	*	*	4465296	*
H	19539	250	98.4	+	0	0	250M	103906	4465296
L	18009	250	*	*	*	*	*	4389424	*
H	18009	250	94.0	+	0	0	167MI20MI18MI8M2I16M2I14M7D	102693	4389424
L	1969	250	*	*	*	*	*	583549	*
H	1969	250	94.0	+	0	0	167MI20MI18MI8M2I16M2I14M7D	102693	583549
L	11028	250	*	*	*	*	*	1523231	*
H	11028	250	94.0	+	0	0	167MI20MI18MI8M2I16M2I14M7D	102693	1523231
L	6455	250	*	*	*	*	*	253986	*
H	6455	250	100.0	+	0	0	250M	101121	253986
L	6578	250	*	*	*	*	*	246186	*
H	6578	250	100.0	+	0	0	250M	101121	246186
L	6202	250	*	*	*	*	*	265553	*
H	6202	250	100.0	+	0	0	250M	101121	265553
L	10282	250	*	*	*	*	*	16181	*
H	10282	250	99.2	+	0	0	69MI180MD	100662	16181
L	10155	250	*	*	*	*	*	31319	*
H	10155	250	99.2	+	0	0	69MI180MD	100662	31319
L	10281	250	*	*	*	*	*	16182	*
H	10281	250	98.8	+	0	0	70MI179MD	100662	16182
L	9443	250	*	*	*	*	*	103272	*
H	9443	250	98.4	+	0	0	250M	98889	103272
L	9442	250	*	*	*	*	*	103275	*
H	9442	250	98.0	+	0	0	250M	98889	103275
L	9437	250	*	*	*	*	*	103423	*
H	9437	250	98.0	+	0	0	250M	98889	103423
L	10636	250	*	*	*	*	*	9961	*
H	10636	250	99.2	+	0	0	250M	91372	9961
L	10242	250	*	*	*	*	*	21535	*
H	10242	250	98.0	+	0	0	250M	91372	21535
L	16321	250	*	*	*	*	*	4310692	*
H	16321	250	94.4	+	0	0	250M	91372	4310692
L	9673	250	*	*	*	*	*	86606	*
H	9673	250	98.0	+	0	0	82MD14MD19MI36MD13MD82M3I	85254	86606
L	9698	250	*	*	*	*	*	82929	*
H	9698	250	96.8	+	0	0	82MD14MD61MD7MD58MD23M5I	85254	82929
L	6647	250	*	*	*	*	*	241440	*
H	6647	250	96.8	+	0	0	80MD16MD61MD7MD57MD24M5I	85254	241440
L	10227	250	*	*	*	*	*	23566	*
H	10227	250	99.2	+	0	0	250M	83890	23566
L	10060	250	*	*	*	*	*	43030	*
H	10060	250	99.2	+	0	0	250M	83890	43030
L	10006	250	*	*	*	*	*	50758	*
H	10006	250	97.2	+	0	0	250M	83890	50758
L	13730	250	*	*	*	*	*	3047463	*
H	13730	250	100.0	+	0	0	250M	71589	3047463
L	18784	250	*	*	*	*	*	4429263	*
H	18784	250	98.8	+	0	0	250M	71589	4429263
L	19728	250	*	*	*	*	*	4473410	*
H	19728	250	98.4	+	0	0	250M	71589	4473410
L	6757	250	*	*	*	*	*	235822	*
H	6757	250	100.0	+	0	0	250M	71348	235822
L	10778	250	*	*	*	*	*	7735	*
H	10778	250	98.0	+	0	0	168MD46MD34M2I	71348	7735
L	13818	250	*	*	*	*	*	1144348	*
H	13818	250	88.4	+	0	0	250M	71348	1144348
L	4903	250	*	*	*	*	*	336960	*
H	4903	250	99.6	+	0	0	250M	67615	336960
L	1914	250	*	*	*	*	*	586521	*
H	1914	250	83.2	+	0	0	250M	67615	586521
L	11666	250	*	*	*	*	*	709363	*
H	11666	250	83.2	+	0	0	250M	67615	709363
L	7827	250	*	*	*	*	*	181641	*
H	7827	250	100.0	+	0	0	250M	63607	181641
L	1366	250	*	*	*	*	*	808374	*
H	1366	250	99.6	+	0	0	250M	63607	808374
L	2492	250	*	*	*	*	*	554935	*
H	2492	250	99.6	+	0	0	250M	63607	554935
L	9953	250	*	*	*	*	*	58613	*
H	9953	250	100.0	+	0	0	250M	58614	58613
L	14872	250	*	*	*	*	*	1146150	*
H	14872	250	98.0	+	0	0	250M	58614	1146150
L	11254	250	*	*	*	*	*	1657389	*
H	11254	250	86.4	+	0	0	250M	58614	1657389
H	18356	250	98.0	+	0	0	250M	56204	4408093
H	6731	250	98.0	+	0	0	250M	56204	237464
L	1371	250	*	*	*	*	*	807424	*
H	1371	250	97.2	+	0	0	250M	56204	807424
H	15406	250	95.6	+	0	0	9MI56M2I40MI141M4D	54854	4004505
H	12520	250	95.2	+	0	0	9MI56M2I40MI141M4D	54854	2330332
H	9541	250	92.0	+	0	0	9MI56M2I40MI141M4D	54854	99527
L	8500	250	*	*	*	*	*	158859	*
H	8500	250	99.6	+	0	0	92MD157MI	54677	158859
L	4706	250	*	*	*	*	*	347584	*
H	4706	250	97.2	+	0	0	101MD148MI	54677	347584
L	5981	250	*	*	*	*	*	275689	*
H	5981	250	97.2	+	0	0	101MD148MI	54677	275689
L	11724	250	*	*	*	*	*	801155	*
H	11724	250	99.6	+	0	0	250M	48977	801155
L	8620	250	*	*	*	*	*	153716	*
H	8620	250	99.6	+	0	0	250M	48977	153716
L	19200	250	*	*	*	*	*	4449456	*
H	19200	250	99.6	+	0	0	250M	48977	4449456
L	11355	250	*	*	*	*	*	822996	*
H	11355	250	98.4	+	0	0	129MD42MI78M	45894	822996
L	4664	250	*	*	*	*	*	349762	*
H	4664	250	98.4	+	0	0	129MD42MI78M	45894	349762
L	9332	250	*	*	*	*	*	107199	*
H	9332	250	98.4	+	0	0	129MD42MI78M	45894	107199
L	10101	250	*	*	*	*	*	38986	*
H	10101	250	98.8	+	0	0	250M	40065	38986
L	10228	250	*	*	*	*	*	23551	*
H	10228	250	96.8	+	0	0	250M	40065	23551
L	12844	250	*	*	*	*	*	1143466	*
H	12844	250	96.8	+	0	0	250M	40065	1143466
L	9991	250	*	*	*	*	*	51778	*
H	9991	250	98.4	+	0	0	250M	33768	51778
L	9978	250	*	*	*	*	*	53180	*
H	9978	250	94.4	+	0	0	250M	33768	53180
L	12825	250	*	*	*	*	*	743801	*
H	12825	250	94.8	+	0	0	250M	33768	743801
L	6607	250	*	*	*	*	*	244400	*
H	6607	250	100.0	+	0	0	250M	33404	244400
L	5959	250	*	*	*	*	*	276744	*
H	5959	250	100.0	+	0	0	250M	33404	276744
L	10436	250	*	*	*	*	*	13812	*
H	10436	250	100.0	+	0	0	250M	33404	13812
L	8780	250	*	*	*	*	*	145091	*
H	8780	250	100.0	+	0	0	250M	28247	145091
L	9243	250	*	*	*	*	*	110879	*
H	9243	250	96.0	+	0	0	250M	28247	110879
L	8431	250	*	*	*	*	*	161735	*
H	8431	250	94.4	+	0	0	250M	28247	161735
L	2152	250	*	*	*	*	*	574341	*
H	2152	250	99.2	+	0	0	250M	16144	574341
L	19471	250	*	*	*	*	*	4462446	*
H	19471	250	98.0	+	0	0	250M	16144	4462446
L	5449	250	*	*	*	*	*	302844	*
H	5449	250	97.2	+	0	0	250M	16144	302844
L	19323	250	*	*	*	*	*	4455451	*
H	19323	250	99.6	+	0	0	250M	16094	4455451
L	10287	250	*	*	*	*	*	16101	*
H	10287	250	98.4	+	0	0	250M	16094	16101
L	11178	250	*	*	*	*	*	1611605	*
H	11178	250	98.4	+	0	0	250M	16094	1611605
L	16255	250	*	*	*	*	*	4307897	*
H	16255	250	100.0	+	0	0	250M	15355	4307897
L	5400	250	*	*	*	*	*	305267	*
H	5400	250	100.0	+	0	0	250M	15355	305267
L	8456	250	*	*	*	*	*	160883	*
H	8456	250	99.6	+	0	0	250M	15355	160883
L	19852	250	*	*	*	*	*	4479113	*
H	19852	250	99.6	+	0	0	43MI206MD	14951	4479113
L	6580	250	*	*	*	*	*	246027	*
H	6580	250	99.6	+	0	0	250M	14951	246027
L	1215	250	*	*	*	*	*	835066	*
H	1215	250	99.6	+	0	0	250M	14951	835066
L	6846	250	*	*	*	*	*	225955	*
H	6846	250	98.0	+	0	0	210MI39MD	14348	225955
L	14558	250	*	*	*	*	*	3509166	*
H	14558	250	93.2	+	0	0	210MI39MD	14348	3509166
L	9841	250	*	*	*	*	*	71417	*
H	9841	250	92.8	+	0	0	210MI39MD	14348	71417
L	10416	250	*	*	*	*	*	13958	*
H	10416	250	100.0	+	0	0	250M	13964	13958
L	11723	250	*	*	*	*	*	1119632	*
H	11723	250	100.0	+	0	0	250M	13964	1119632
L	9863	250	*	*	*	*	*	70424	*
H	9863	250	100.0	+	0	0	250M	13964	70424
L	13951	250	*	*	*	*	*	1131768	*
H	13951	250	98.8	+	0	0	250M	13728	1131768
L	8857	250	*	*	*	*	*	142596	*
H	8857	250	98.8	+	0	0	250M	13728	142596
L	11296	250	*	*	*	*	*	1123543	*
H	11296	250	96.8	+	0	0	250M	13728	1123543
L	6058	250	*	*	*	*	*	272058	*
H	6058	250	96.8	+	0	0	80MI63MI105M2D	12986	272058
L	6046	250	*	*	*	*	*	272843	*
H	6046	250	96.8	+	0	0	80MI63MI105M2D	12986	272843
L	12512	250	*	*	*	*	*	1126669	*
H	12512	250	96.8	+	0	0	80MI63MI105M2D	12986	1126669
L	10477	250	*	*	*	*	*	12850	*
H	10477	250	100.0	+	0	0	250M	12868	12850
L	10475	250	*	*	*	*	*	12854	*
H	10475	250	100.0	+	0	0	250M	12868	12854
L	1955	250	*	*	*	*	*	584386	*
H	1955	250	100.0	+	0	0	250M	12868	584386
L	1513	250	*	*	*	*	*	734470	*
H	1513	250	100.0	+	0	0	250M	12702	734470
H	4706	250	98.4	+	0	0	250M	12702	347584
H	5981	250	98.4	+	0	0	250M	12702	275689
L	10495	250	*	*	*	*	*	12527	*
H	10495	250	99.2	+	0	0	250M	12524	12527
L	8969	250	*	*	*	*	*	138551	*
H	8969	250	98.4	+	0	0	2I248M2D	12524	138551
L	19252	250	*	*	*	*	*	4452511	*
H	19252	250	98.4	+	0	0	2I248M2D	12524	4452511
L	18447	250	*	*	*	*	*	4412941	*
H	18447	250	98.8	+	0	0	250M	12320	4412941
L	10033	250	*	*	*	*	*	47463	*
H	10033	250	98.8	+	0	0	250M	12320	47463
L	10507	250	*	*	*	*	*	12338	*
H	10507	250	98.8	+	0	0	250M	12320	12338
L	10080	250	*	*	*	*	*	40820	*
H	10080	250	99.2	+	0	0	250M	12122	40820
L	10536	250	*	*	*	*	*	12124	*
H	10536	250	99.2	+	0	0	250M	12122	12124
L	2830	250	*	*	*	*	*	533769	*
H	2830	250	99.2	+	0	0	250M	12122	533769
L	10539	250	*	*	*	*	*	12067	*
H	10539	250	99.2	+	0	0	250M	12069	12067
L	10541	250	*	*	*	*	*	12063	*
H	10541	250	98.8	+	0	0	137MD112MI	12069	12063
L	10540	250	*	*	*	*	*	12064	*
H	10540	250	98.4	+	0	0	137MD112MI	12069	12064
L	11762	250	*	*	*	*	*	1922365	*
H	11762	250	99.2	+	0	0	250M	11226	1922365
L	9844	250	*	*	*	*	*	71368	*
H	9844	250	99.2	+	0	0	250M	11226	71368
L	9854	250	*	*	*	*	*	70687	*
H	9854	250	99.2	+	0	0	250M	11226	70687
L	10580	250	*	*	*	*	*	11150	*
H	10580	250	94.0	+	0	0	10MI121MD118M	11124	11150
L	13644	250	*	*	*	*	*	2998997	*
H	13644	250	91.6	+	0	0	10MI239MD	11124	2998997
L	11980	250	*	*	*	*	*	802550	*
H	11980	250	88.0	+	0	0	10MI239MD	11124	802550
L	13926	250	*	*	*	*	*	1133202	*
H	13926	250	98.8	+	0	0	250M	9755	1133202
L	9486	250	*	*	*	*	*	4364282	*
H	9486	250	98.8	+	0	0	250M	9755	4364282
L	6751	250	*	*	*	*	*	236285	*
H	6751	250	98.8	+	0	0	250M	9755	236285
L	10660	250	*	*	*	*	*	9547	*
H	10660	250	100.0	+	0	0	250M	9548	9547
L	10661	250	*	*	*	*	*	9546	*
H	10661	250	99.6	+	0	0	250M	9548	9546
L	16867	250	*	*	*	*	*	4335448	*
H	16867	250	96.8	+	0	0	250M	9548	4335448
L	14064	250	*	*	*	*	*	1139791	*
H	14064	250	98.4	+	0	0	250M	8086	1139791
L	10743	250	*	*	*	*	*	8104	*
H	10743	250	98.0	+	0	0	250M	8086	8104
L	10744	250	*	*	*	*	*	8091	*
H	10744	250	97.2	+	0	0	250M	8086	8091
L	18885	250	*	*	*	*	*	4434051	*
H	18885	250	97.2	+	0	0	250M	8081	4434051
L	6760	250	*	*	*	*	*	235630	*
H	6760	250	97.2	+	0	0	250M	8081	235630
L	10745	250	*	*	*	*	*	8050	*
H	10745	250	97.2	+	0	0	250M	8081	8050
L	7403	250	*	*	*	*	*	191570	*
H	7403	250	94.8	+	0	0	250M	8014	191570
L	10748	250	*	*	*	*	*	8013	*
H	10748	250	92.8	+	0	0	132M2D116M2I	8014	8013
L	10749	250	*	*	*	*	*	8010	*
H	10749	250	96.4	+	0	0	139MD110MI	8014	8010
H	10749	250	94.4	+	0	0	250M	8012	8010
H	7403	250	96.0	+	0	0	139MI110MD	8012	191570
L	10763	250	*	*	*	*	*	7974	*
H	10763	250	95.2	+	0	0	250M	8012	7974
L	12606	250	*	*	*	*	*	848516	*
H	12606	250	100.0	+	0	0	250M	7773	848516
L	10989	250	*	*	*	*	*	1503863	*
H	10989	250	99.6	+	0	0	250M	7773	1503863
L	10776	250	*	*	*	*	*	7772	*
H	10776	250	98.8	+	0	0	250M	7773	7772
L	18189	250	*	*	*	*	*	4399263	*
H	18189	250	100.0	+	0	0	250M	7504	4399263
L	517	250	*	*	*	*	*	1000444	*
H	517	250	87.2	+	0	0	250M	7504	1000444
L	9293	250	*	*	*	*	*	108449	*
H	9293	250	86.8	+	0	0	250M	7504	108449
L	13976	250	*	*	*	*	*	784752	*
H	13976	250	100.0	+	0	0	250M	7213	784752
L	10804	250	*	*	*	*	*	7214	*
H	10804	250	100.0	+	0	0	250M	7213	7214
L	11353	250	*	*	*	*	*	1708695	*
H	11353	250	100.0	+	0	0	250M	7213	1708695
L	6312	250	*	*	*	*	*	261023	*
H	6312	250	100.0	+	0	0	250M	7043	261023
L	5960	250	*	*	*	*	*	276678	*
H	5960	250	100.0	+	0	0	250M	7043	276678
L	14429	250	*	*	*	*	*	1134509	*
H	14429	250	100.0	+	0	0	250M	7043	1134509
L	18623	250	*	*	*	*	*	4421738	*
H	18623	250	98.4	+	0	0	250M	5857	4421738
L	14277	250	*	*	*	*	*	3352220	*
H	14277	250	97.6	+	0	0	250M	5857	3352220
L	2215	250	*	*	*	*	*	570096	*
H	2215	250	96.4	+	0	0	250M	5857	570096
H	7328	250	100.0	+	0	0	250M	5217	193675
L	13120	250	*	*	*	*	*	2675752	*
H	13120	250	99.6	+	0	0	61MI188MD	5217	2675752
L	15104	250	*	*	*	*	*	995416	*
H	15104	250	99.6	+	0	0	250M	5217	995416
L	2902	250	*	*	*	*	*	531096	*
H	2902	250	100.0	+	0	0	250M	4581	531096
L	2576	250	*	*	*	*	*	550519	*
H	2576	250	100.0	+	0	0	250M	4581	550519
L	11466	250	*	*	*	*	*	748985	*
H	11466	250	100.0	+	0	0	250M	4581	748985
L	17584	250	*	*	*	*	*	4370215	*
H	17584	250	100.0	+	0	0	250M	4429	4370215
L	10889	250	*	*	*	*	*	4439	*
H	10889	250	98.4	+	0	0	250M	4429	4439
L	9704	250	*	*	*	*	*	82490	*
H	9704	250	98.4	+	0	0	250M	4429	82490
L	9085	250	*	*	*	*	*	131048	*
H	9085	250	100.0	+	0	0	250M	2695	131048
L	8817	250	*	*	*	*	*	143806	*
H	8817	250	100.0	+	0	0	250M	2695	143806
L	10938	250	*	*	*	*	*	2700	*
H	10938	250	99.2	+	0	0	250M	2695	2700
L	15964	250	*	*	*	*	*	4295371	*
H	15964	250	86.0	+	0	0	250M	2611	4295371
L	16665	250	*	*	*	*	*	4325466	*
H	16665	250	85.6	+	0	0	250M	2611	4325466
L	8795	250	*	*	*	*	*	144558	*
H	8795	250	85.6	+	0	0	250M	2611	144558
L	14176	250	*	*	*	*	*	1143742	*
H	14176	250	98.8	+	0	0	250M	2599	1143742
L	15133	250	*	*	*	*	*	1127185	*
H	15133	250	82.4	+	0	0	250M	2599	1127185
L	11339	250	*	*	*	*	*	813080	*
H	11339	250	81.2	+	0	0	38MI211MD	2599	813080
L	6766	250	*	*	*	*	*	235381	*
H	6766	250	100.0	+	0	0	250M	1871	235381
L	6774	250	*	*	*	*	*	234324	*
H	6774	250	99.2	+	0	0	250M	1871	234324
L	6792	250	*	*	*	*	*	232946	*
H	6792	250	99.2	+	0	0	250M	1871	232946
L	10976	250	*	*	*	*	*	1416	*
H	10976	250	99.6	+	0	0	250M	1415	1416
L	9077	250	*	*	*	*	*	131883	*
H	9077	250	93.6	+	0	0	250M	1415	131883
L	8182	250	*	*	*	*	*	171820	*
H	8182	250	94.4	+	0	0	D191MI58M	1415	171820
L	11290	250	*	*	*	*	*	1135992	*
H	11290	250	100.0	+	0	0	250M	1521261	1135992
L	19130	250	*	*	*	*	*	4446133	*
H	19130	250	100.0	+	0	0	250M	1521261	4446133
L	10208	250	*	*	*	*	*	25889	*
H	10208	250	99.6	+	0	0	250M	1521261	25889
L	16744	250	*	*	*	*	*	4329220	*
H	16744	250	100.0	+	0	0	250M	1550344	4329220
L	2726	250	*	*	*	*	*	540611	*
H	2726	250	100.0	+	0	0	250M	1550344	540611
L	11255	250	*	*	*	*	*	1118690	*
H	11255	250	100.0	+	0	0	250M	1550344	1118690
L	12723	250	*	*	*	*	*	669976	*
H	12723	250	100.0	+	0	0	250M	728315	669976
L	15811	250	*	*	*	*	*	790486	*
H	15811	250	100.0	+	0	0	250M	728315	790486
L	15611	250	*	*	*	*	*	733099	*
H	15611	250	100.0	+	0	0	250M	728315	733099
L	6777	250	*	*	*	*	*	234242	*
H	6777	250	95.6	+	0	0	250M	660199	234242
L	4363	250	*	*	*	*	*	362271	*
H	4363	250	93.2	+	0	0	250M	660199	362271
L	15274	250	*	*	*	*	*	791348	*
H	15274	250	93.2	+	0	0	250M	660199	791348
L	10464	250	*	*	*	*	*	12944	*
H	10464	250	100.0	+	0	0	250M	646494	12944
L	16536	250	*	*	*	*	*	4320591	*
H	16536	250	100.0	+	0	0	250M	646494	4320591
L	19525	250	*	*	*	*	*	4464863	*
H	19525	250	100.0	+	0	0	250M	646494	4464863
L	11250	250	*	*	*	*	*	1655542	*
H	11250	250	100.0	+	0	0	250M	24490	1655542
L	8343	250	*	*	*	*	*	165042	*
H	8343	250	97.6	+	0	0	250M	24490	165042
L	10172	250	*	*	*	*	*	29533	*
H	10172	250	96.8	+	0	0	250M	24490	29533
L	9355	250	*	*	*	*	*	106622	*
H	9355	250	100.0	+	0	0	250M	757268	106622
L	13688	250	*	*	*	*	*	3024766	*
H	13688	250	100.0	+	0	0	250M	757268	3024766
L	16916	250	*	*	*	*	*	4337577	*
H	16916	250	100.0	+	0	0	250M	757268	4337577
L	9916	250	*	*	*	*	*	63145	*
H	9916	250	100.0	+	0	0	250M	811717	63145
L	12786	250	*	*	*	*	*	1144726	*
H	12786	250	99.6	+	0	0	250M	811717	1144726
L	17859	250	*	*	*	*	*	4382998	*
H	17859	250	99.2	+	0	0	250M	811717	4382998
L	2011	250	*	*	*	*	*	581729	*
H	2011	250	99.6	+	0	0	250M	1835919	581729
L	10701	250	*	*	*	*	*	9036	*
H	10701	250	98.0	+	0	0	250M	1835919	9036
L	9380	250	*	*	*	*	*	105762	*
H	9380	250	98.0	+	0	0	250M	1835919	105762
L	441	250	*	*	*	*	*	1018521	*
H	441	250	100.0	+	0	0	250M	741890	1018521
L	11094	250	*	*	*	*	*	930169	*
H	11094	250	99.2	+	0	0	250M	741890	930169
L	11549	250	*	*	*	*	*	1042844	*
H	11549	250	98.8	+	0	0	250M	741890	1042844
H	1527	250	100.0	+	0	0	250M	794652	726900
H	14293	250	99.6	+	0	0	250M	794652	761592
H	17331	250	99.6	+	0	0	250M	794652	4358686
L	8957	250	*	*	*	*	*	139282	*
H	8957	250	99.2	+	0	0	250M	1884554	139282
L	5022	250	*	*	*	*	*	329249	*
H	5022	250	99.2	+	0	0	250M	1884554	329249
L	9389	250	*	*	*	*	*	105555	*
H	9389	250	99.2	+	0	0	250M	1884554	105555
L	7603	250	*	*	*	*	*	186642	*
H	7603	250	98.8	+	0	0	2D248M2I	1914346	186642
L	7437	250	*	*	*	*	*	190727	*
H	7437	250	99.6	+	0	0	69MD180MI	1914346	190727
L	10768	250	*	*	*	*	*	7897	*
H	10768	250	99.6	+	0	0	250M	1914346	7897
L	10157	250	*	*	*	*	*	30485	*
H	10157	250	97.6	+	0	0	62MI6MI43MD26MI9MI100M3D	668919	30485
L	16746	250	*	*	*	*	*	4329272	*
H	16746	250	97.2	+	0	0	62MI6MI43MD26MI9MI100M3D	668919	4329272
L	10530	250	*	*	*	*	*	12144	*
H	10530	250	97.2	+	0	0	62MI6MI43MD26MI9MI100M3D	668919	12144
L	17403	250	*	*	*	*	*	4361518	*
H	17403	250	100.0	+	0	0	250M	717005	4361518
L	19095	250	*	*	*	*	*	4444348	*
H	19095	250	99.2	+	0	0	250M	717005	4444348
H	9796	250	99.2	+	0	0	250M	717005	73843
L	18538	250	*	*	*	*	*	4416713	*
H	18538	250	99.6	+	0	0	250M	1122887	4416713
L	19939	250	*	*	*	*	*	4482593	*
H	19939	250	99.2	+	0	0	250M	1122887	4482593
L	7313	250	*	*	*	*	*	193970	*
H	7313	250	98.8	+	0	0	250M	1122887	193970
L	11181	250	*	*	*	*	*	1612840	*
H	11181	250	99.6	+	0	0	250M	1142415	1612840
L	18556	250	*	*	*	*	*	4417620	*
H	18556	250	99.6	+	0	0	250M	1142415	4417620
L	7655	250	*	*	*	*	*	185578	*
H	7655	250	99.6	+	0	0	250M	1142415	185578
L	12815	250	*	*	*	*	*	749175	*
H	12815	250	99.6	+	0	0	250M	2003068	749175
L	6043	250	*	*	*	*	*	272947	*
H	6043	250	97.6	+	0	0	250M	2003068	272947
L	9513	250	*	*	*	*	*	100749	*
H	9513	250	98.4	+	0	0	250M	2003068	100749
L	7653	250	*	*	*	*	*	185636	*
H	7653	250	100.0	+	0	0	250M	2193685	185636
L	15560	250	*	*	*	*	*	1135527	*
H	15560	250	100.0	+	0	0	250M	2193685	1135527
L	19497	250	*	*	*	*	*	4463691	*
H	19497	250	100.0	+	0	0	250M	2193685	4463691
L	18344	250	*	*	*	*	*	4407476	*
H	18344	250	100.0	+	0	0	250M	2199910	4407476
L	18684	250	*	*	*	*	*	4424642	*
H	18684	250	100.0	+	0	0	250M	2199910	4424642
L	2090	250	*	*	*	*	*	577317	*
H	2090	250	99.6	+	0	0	250M	2199910	577317
L	16160	250	*	*	*	*	*	4304358	*
H	16160	250	100.0	+	0	0	250M	1138899	4304358
L	2603	250	*	*	*	*	*	549334	*
H	2603	250	99.6	+	0	0	250M	1138899	549334
L	19472	250	*	*	*	*	*	4462474	*
H	19472	250	99.6	+	0	0	250M	1138899	4462474
L	13214	250	*	*	*	*	*	2733437	*
H	13214	250	99.6	+	0	0	250M	1142342	2733437
L	1953	250	*	*	*	*	*	584475	*
H	1953	250	99.6	+	0	0	250M	1142342	584475
L	12330	250	*	*	*	*	*	2234838	*
H	12330	250	99.2	+	0	0	250M	1142342	2234838
L	11537	250	*	*	*	*	*	1801170	*
H	11537	250	99.6	+	0	0	250M	2318399	1801170
L	7643	250	*	*	*	*	*	185766	*
H	7643	250	95.6	+	0	0	250M	2318399	185766
L	2499	250	*	*	*	*	*	554499	*
H	2499	250	94.4	+	0	0	125MD124MI	2318399	554499
L	2079	250	*	*	*	*	*	578145	*
H	2079	250	100.0	+	0	0	250M	1141940	578145
L	13731	250	*	*	*	*	*	3047656	*
H	13731	250	100.0	+	0	0	250M	1141940	3047656
L	16998	250	*	*	*	*	*	4342039	*
H	16998	250	100.0	+	0	0	250M	1141940	4342039
H	15	250	99.6	+	0	0	230MI19MD	1118051	1110347
L	19652	250	*	*	*	*	*	4470015	*
H	19652	250	99.6	+	0	0	230MI19MD	1118051	4470015
L	10559	250	*	*	*	*	*	11819	*
H	10559	250	99.2	+	0	0	230MI19MD	1118051	11819
L	18351	250	*	*	*	*	*	4407974	*
H	18351	250	99.2	+	0	0	250M	940401	4407974
L	15550	250	*	*	*	*	*	836917	*
H	15550	250	92.4	+	0	0	250M	940401	836917
L	12056	250	*	*	*	*	*	2094423	*
H	12056	250	94.4	+	0	0	250M	940401	2094423
L	14754	250	*	*	*	*	*	1121217	*
H	14754	250	97.2	+	0	0	8MD40M2D199M3I	2432030	1121217
L	10367	250	*	*	*	*	*	14592	*
H	10367	250	96.8	+	0	0	8MD40M2D199M3I	2432030	14592
L	11155	250	*	*	*	*	*	1145943	*
H	11155	250	95.6	+	0	0	8MD40M2D199M3I	2432030	1145943
L	2719	250	*	*	*	*	*	541055	*
H	2719	250	100.0	+	0	0	250M	2439887	541055
L	2733	250	*	*	*	*	*	540202	*
H	2733	250	100.0	+	0	0	250M	2439887	540202
L	19543	250	*	*	*	*	*	4465533	*
H	19543	250	99.6	+	0	0	250M	2439887	4465533
L	11890	250	*	*	*	*	*	2000781	*
H	11890	250	94.4	+	0	0	250M	2446823	2000781
L	14018	250	*	*	*	*	*	3207312	*
H	14018	250	94.0	+	0	0	250M	2446823	3207312
L	19899	250	*	*	*	*	*	4481077	*
H	19899	250	94.0	+	0	0	250M	2446823	4481077
L	11407	250	*	*	*	*	*	825929	*
H	11407	250	100.0	+	0	0	250M	2472702	825929
L	8725	250	*	*	*	*	*	148528	*
H	8725	250	98.4	+	0	0	250M	2472702	148528
L	18507	250	*	*	*	*	*	4415058	*
H	18507	250	98.4	+	0	0	250M	2472702	4415058
L	14288	250	*	*	*	*	*	3360052	*
H	14288	250	100.0	+	0	0	250M	811252	3360052
L	14287	250	*	*	*	*	*	3360038	*
H	14287	250	99.6	+	0	0	136MI113MD	811252	3360038
L	9575	250	*	*	*	*	*	96356	*
H	9575	250	99.6	+	0	0	250M	811252	96356
L	9695	250	*	*	*	*	*	83445	*
H	9695	250	82.8	+	0	0	109MI140MD	2538454	83445
H	11296	250	82.0	+	0	0	112MI137MD	2538454	1123543
L	10910	250	*	*	*	*	*	4038	*
H	10910	250	82.4	+	0	0	D147MD101M2I	2538454	4038
L	10431	250	*	*	*	*	*	13832	*
H	10431	250	98.8	+	0	0	250M	1131995	13832
L	1359	250	*	*	*	*	*	809076	*
H	1359	250	94.4	+	0	0	250M	1131995	809076
L	9584	250	*	*	*	*	*	94847	*
H	9584	250	94.4	+	0	0	250M	1131995	94847
L	9449	250	*	*	*	*	*	102915	*
H	9449	250	99.6	+	0	0	250M	1135354	102915
L	19649	250	*	*	*	*	*	4469853	*
H	19649	250	99.6	+	0	0	250M	1135354	4469853
L	7741	250	*	*	*	*	*	183634	*
H	7741	250	99.6	+	0	0	250M	1135354	183634
L	13020	250	*	*	*	*	*	816345	*
H	13020	250	98.4	+	0	0	250M	820440	816345
L	11471	250	*	*	*	*	*	1773389	*
H	11471	250	98.0	+	0	0	I249MD	820440	1773389
L	10607	250	*	*	*	*	*	10626	*
H	10607	250	98.0	+	0	0	I249MD	820440	10626
L	8752	250	*	*	*	*	*	146895	*
H	8752	250	100.0	+	0	0	250M	2621281	146895
L	13806	250	*	*	*	*	*	824647	*
H	13806	250	100.0	+	0	0	250M	2621281	824647
L	6027	250	*	*	*	*	*	273523	*
H	6027	250	100.0	+	0	0	250M	2621281	273523
L	11778	250	*	*	*	*	*	684018	*
H	11778	250	99.6	+	0	0	114MD135MI	28400	684018
L	10699	250	*	*	*	*	*	9062	*
H	10699	250	99.6	+	0	0	114MD135MI	28400	9062
L	14541	250	*	*	*	*	*	3505032	*
H	14541	250	99.6	+	0	0	114MD135MI	28400	3505032
H	8778	250	100.0	+	0	0	250M	735510	145199
H	9894	250	100.0	+	0	0	250M	735510	66026
H	18087	250	100.0	+	0	0	250M	735510	4393354
L	10958	250	*	*	*	*	*	2310	*
H	10958	250	99.6	+	0	0	250M	741098	2310
L	10957	250	*	*	*	*	*	2311	*
H	10957	250	99.6	+	0	0	250M	741098	2311
L	15266	250	*	*	*	*	*	3925303	*
H	15266	250	99.6	+	0	0	250M	741098	3925303
L	19021	250	*	*	*	*	*	4440371	*
H	19021	250	99.6	+	0	0	250M	1137665	4440371
L	7025	250	*	*	*	*	*	207893	*
H	7025	250	99.6	+	0	0	250M	1137665	207893
L	9551	250	*	*	*	*	*	99319	*
H	9551	250	99.6	+	0	0	250M	1137665	99319
L	3224	250	*	*	*	*	*	522984	*
H	3224	250	100.0	+	0	0	250M	752554	522984
H	17055	250	99.6	+	0	0	250M	752554	4345055
H	5540	250	99.2	+	0	0	250M	752554	299576
L	12193	250	*	*	*	*	*	1138728	*
H	12193	250	96.0	+	0	0	36MI127MI85M2D	1136766	1138728
L	14917	250	*	*	*	*	*	1138138	*
H	14917	250	96.0	+	0	0	36MI127MI85M2D	1136766	1138138
L	19498	250	*	*	*	*	*	4463829	*
H	19498	250	95.6	+	0	0	36MI127MI85M2D	1136766	4463829
H	15009	250	100.0	+	0	0	250M	838620	1130836
H	1442	250	100.0	+	0	0	250M	838620	776180
H	13280	250	100.0	+	0	0	250M	838620	682524
L	13073	250	*	*	*	*	*	913867	*
H	13073	250	93.2	+	0	0	14MD11MD38MD29MD29MD9MD21MD46MD7M2D26M2D8M12I	822699	913867
L	12799	250	*	*	*	*	*	805313	*
H	12799	250	91.6	+	0	0	14MD50MD9MI20MD29MD25MI53MD7M2D26M2D8M7I	822699	805313
L	4075	250	*	*	*	*	*	375716	*
H	4075	250	93.2	+	0	0	14MD11MD38MD29MD29MD14MD16MD46MD7M2D26M2D8M12I	822699	375716
L	10256	250	*	*	*	*	*	19636	*
H	10256	250	99.6	+	0	0	250M	3020841	19636
L	10273	250	*	*	*	*	*	16711	*
H	10273	250	94.8	+	0	0	250M	3020841	16711
L	10016	250	*	*	*	*	*	49602	*
H	10016	250	93.6	+	0	0	250M	3020841	49602
L	13231	250	*	*	*	*	*	2743992	*
H	13231	250	100.0	+	0	0	250M	3049001	2743992
L	13996	250	*	*	*	*	*	3196116	*
H	13996	250	100.0	+	0	0	250M	3049001	3196116
L	17557	250	*	*	*	*	*	4368900	*
H	17557	250	100.0	+	0	0	250M	3049001	4368900
L	17505	250	*	*	*	*	*	4366299	*
H	17505	250	100.0	+	0	0	250M	3052746	4366299
L	12145	250	*	*	*	*	*	2132253	*
H	12145	250	99.2	+	0	0	250M	3052746	2132253
L	1691	250	*	*	*	*	*	645407	*
H	1691	250	98.8	+	0	0	250M	3052746	645407
L	9015	250	*	*	*	*	*	136551	*
H	9015	250	97.2	+	0	0	250M	3132417	136551
L	17851	250	*	*	*	*	*	4382531	*
H	17851	250	97.2	+	0	0	250M	3132417	4382531
L	3854	250	*	*	*	*	*	439688	*
H	3854	250	97.2	+	0	0	250M	3132417	439688
L	14329	250	*	*	*	*	*	3383131	*
H	14329	250	99.6	+	0	0	250M	770555	3383131
L	8197	250	*	*	*	*	*	171126	*
H	8197	250	99.6	+	0	0	250M	770555	171126
L	8510	250	*	*	*	*	*	158622	*
H	8510	250	93.2	+	0	0	250M	770555	158622
L	2258	250	*	*	*	*	*	567972	*
H	2258	250	98.8	+	0	0	250M	1059977	567972
L	5644	250	*	*	*	*	*	295151	*
H	5644	250	96.4	+	0	0	250M	1059977	295151
L	5505	250	*	*	*	*	*	300907	*
H	5505	250	96.4	+	0	0	250M	1059977	300907
L	13433	250	*	*	*	*	*	1138871	*
H	13433	250	99.6	+	0	0	250M	1142209	1138871
L	15411	250	*	*	*	*	*	4006670	*
H	15411	250	99.6	+	0	0	250M	1142209	4006670
L	8467	250	*	*	*	*	*	160438	*
H	8467	250	99.6	+	0	0	250M	1142209	160438
L	2342	250	*	*	*	*	*	563293	*
H	2342	250	99.2	+	0	0	250M	3272947	563293
L	8592	250	*	*	*	*	*	155197	*
H	8592	250	99.6	+	0	0	250M	3272947	155197
L	8332	250	*	*	*	*	*	165390	*
H	8332	250	97.2	+	0	0	226M2I22M2D	3272947	165390
L	10921	250	*	*	*	*	*	3793	*
H	10921	250	98.0	+	0	0	250M	672322	3793
L	11132	250	*	*	*	*	*	1583749	*
H	11132	250	96.0	+	0	0	250M	1121137	1583749
L	10941	250	*	*	*	*	*	2569	*
H	10941	250	87.2	+	0	0	250M	1121137	2569
H	11254	250	87.6	+	0	0	250M	1121137	1657389
L	9488	250	*	*	*	*	*	101603	*
H	9488	250	99.6	+	0	0	250M	1135372	101603
H	17557	250	99.6	+	0	0	250M	1135372	4368900
L	17558	250	*	*	*	*	*	4368901	*
H	17558	250	99.6	+	0	0	250M	1135372	4368901
L	19059	250	*	*	*	*	*	4442407	*
H	19059	250	100.0	+	0	0	250M	1146228	4442407
L	5228	250	*	*	*	*	*	314991	*
H	5228	250	96.4	+	0	0	250M	1146228	314991
H	5145	250	94.8	+	0	0	250M	1146228	321131
L	6809	250	*	*	*	*	*	230076	*
H	6809	250	99.2	+	0	0	250M	1115975	230076
L	13399	250	*	*	*	*	*	768483	*
H	13399	250	99.2	+	0	0	250M	1115975	768483
L	6857	250	*	*	*	*	*	224717	*
H	6857	250	99.2	+	0	0	250M	1115975	224717
L	13180	250	*	*	*	*	*	1131267	*
H	13180	250	98.0	+	0	0	250M	1144548	1131267
L	2551	250	*	*	*	*	*	552074	*
H	2551	250	98.0	+	0	0	250M	1144548	552074
L	362	250	*	*	*	*	*	1039074	*
H	362	250	98.0	+	0	0	250M	1144548	1039074
L	10785	250	*	*	*	*	*	7519	*
H	10785	250	97.2	+	0	0	250M	644275	7519
H	2719	250	96.8	+	0	0	250M	644275	541055
H	2733	250	96.8	+	0	0	250M	644275	540202
L	17059	250	*	*	*	*	*	4345313	*
H	17059	250	100.0	+	0	0	250M	774894	4345313
L	9772	250	*	*	*	*	*	76111	*
H	9772	250	100.0	+	0	0	250M	774894	76111
L	1430	250	*	*	*	*	*	780036	*
H	1430	250	100.0	+	0	0	250M	774894	780036
L	6671	250	*	*	*	*	*	240431	*
H	6671	250	97.2	+	0	0	153MD96MI	3602946	240431
L	17228	250	*	*	*	*	*	4353615	*
H	17228	250	97.2	+	0	0	153MD96MI	3602946	4353615
L	6730	250	*	*	*	*	*	237515	*
H	6730	250	97.2	+	0	0	153MD96MI	3602946	237515
L	13014	250	*	*	*	*	*	2605029	*
H	13014	250	99.2	+	0	0	250M	3643330	2605029
L	12431	250	*	*	*	*	*	2285105	*
H	12431	250	99.2	+	0	0	250M	3643330	2285105
L	11492	250	*	*	*	*	*	1780074	*
H	11492	250	99.2	+	0	0	250M	3643330	1780074
L	2182	250	*	*	*	*	*	571841	*
H	2182	250	100.0	+	0	0	250M	817333	571841
L	16578	250	*	*	*	*	*	4321799	*
H	16578	250	99.6	+	0	0	250M	817333	4321799
L	6806	250	*	*	*	*	*	230218	*
H	6806	250	99.6	+	0	0	250M	817333	230218
L	2366	250	*	*	*	*	*	562064	*
H	2366	250	99.6	+	0	0	250M	1121426	562064
L	9972	250	*	*	*	*	*	54877	*
H	9972	250	99.6	+	0	0	250M	1121426	54877
L	1297	250	*	*	*	*	*	818462	*
H	1297	250	99.6	+	0	0	250M	1121426	818462
L	2161	250	*	*	*	*	*	573413	*
H	2161	250	100.0	+	0	0	250M	672120	573413
L	2834	250	*	*	*	*	*	533511	*
H	2834	250	100.0	+	0	0	250M	672120	533511
L	5067	250	*	*	*	*	*	326054	*
H	5067	250	100.0	+	0	0	250M	672120	326054
L	31	250	*	*	*	*	*	1107713	*
H	31	250	99.2	+	0	0	250M	3768997	1107713
L	9030	250	*	*	*	*	*	136101	*
H	9030	250	99.2	+	0	0	250M	3768997	136101
L	7383	250	*	*	*	*	*	192082	*
H	7383	250	98.8	+	0	0	250M	3768997	192082
L	2219	250	*	*	*	*	*	569939	*
H	2219	250	99.6	+	0	0	250M	680394	569939
L	1404	250	*	*	*	*	*	792019	*
H	1404	250	99.6	+	0	0	250M	680394	792019
L	19419	250	*	*	*	*	*	4459739	*
H	19419	250	99.2	+	0	0	250M	680394	4459739
L	1438	250	*	*	*	*	*	778373	*
H	1438	250	100.0	+	0	0	250M	912997	778373
L	3707	250	*	*	*	*	*	503399	*
H	3707	250	99.6	+	0	0	250M	912997	503399
H	17055	250	99.2	+	0	0	133MI116MD	912997	4345055
L	10378	250	*	*	*	*	*	14500	*
H	10378	250	100.0	+	0	0	250M	3840972	14500
L	3837	250	*	*	*	*	*	445123	*
H	3837	250	99.6	+	0	0	44MD205MI	3840972	445123
L	12554	250	*	*	*	*	*	1132071	*
H	12554	250	99.6	+	0	0	250M	3840972	1132071
L	18567	250	*	*	*	*	*	4418150	*
H	18567	250	98.4	+	0	0	250M	1139751	4418150
L	2523	250	*	*	*	*	*	553192	*
H	2523	250	98.8	+	0	0	250M	1139751	553192
L	9652	250	*	*	*	*	*	88723	*
H	9652	250	98.0	+	0	0	250M	1139751	88723
L	10672	250	*	*	*	*	*	9502	*
H	10672	250	99.2	+	0	0	250M	1134168	9502
L	10671	250	*	*	*	*	*	9503	*
H	10671	250	98.8	+	0	0	250M	1134168	9503
L	9284	250	*	*	*	*	*	108732	*
H	9284	250	96.4	+	0	0	250M	1134168	108732
L	18637	250	*	*	*	*	*	4422548	*
H	18637	250	100.0	+	0	0	250M	3940564	4422548
L	11295	250	*	*	*	*	*	724802	*
H	11295	250	100.0	+	0	0	250M	3940564	724802
L	17303	250	*	*	*	*	*	4357354	*
H	17303	250	100.0	+	0	0	250M	3940564	4357354
L	17624	250	*	*	*	*	*	4371943	*
H	17624	250	98.8	+	0	0	250M	3961590	4371943
L	17625	250	*	*	*	*	*	4371944	*
H	17625	250	97.6	+	0	0	171MD78MI	3961590	4371944
L	13945	250	*	*	*	*	*	3172850	*
H	13945	250	97.2	+	0	0	250M	3961590	3172850
L	10759	250	*	*	*	*	*	7980	*
H	10759	250	94.8	+	0	0	250M	657047	7980
L	19929	250	*	*	*	*	*	4482366	*
H	19929	250	95.2	+	0	0	131MI118MD	657047	4482366
H	11773	250	96.4	+	0	0	250M	657047	681590
L	8223	250	*	*	*	*	*	169941	*
H	8223	250	99.6	+	0	0	250M	828203	169941
L	13386	250	*	*	*	*	*	827804	*
H	13386	250	99.6	+	0	0	250M	828203	827804
L	13197	250	*	*	*	*	*	836438	*
H	13197	250	99.6	+	0	0	250M	828203	836438
L	18293	250	*	*	*	*	*	4405305	*
H	18293	250	99.6	+	0	0	250M	1139718	4405305
L	10766	250	*	*	*	*	*	7960	*
H	10766	250	94.8	+	0	0	250M	1139718	7960
L	2126	250	*	*	*	*	*	575576	*
H	2126	250	96.8	+	0	0	250M	1139718	575576
L	18386	250	*	*	*	*	*	4409881	*
H	18386	250	98.8	+	0	0	250M	1014853	4409881
L	15033	250	*	*	*	*	*	3772086	*
H	15033	250	98.4	+	0	0	250M	1014853	3772086
L	3992	250	*	*	*	*	*	400480	*
H	3992	250	98.4	+	0	0	250M	1014853	400480
L	11610	250	*	*	*	*	*	1832798	*
H	11610	250	91.6	+	0	0	250M	678541	1832798
L	2483	250	*	*	*	*	*	555568	*
H	2483	250	91.6	+	0	0	250M	678541	555568
L	16953	250	*	*	*	*	*	4339353	*
H	16953	250	91.6	+	0	0	250M	678541	4339353
L	2738	250	*	*	*	*	*	539854	*
H	2738	250	100.0	+	0	0	250M	1116679	539854
L	16838	250	*	*	*	*	*	4334113	*
H	16838	250	98.4	+	0	0	250M	1116679	4334113
L	16281	250	*	*	*	*	*	4309033	*
H	16281	250	98.4	+	0	0	250M	1116679	4309033
L	7079	250	*	*	*	*	*	202104	*
H	7079	250	100.0	+	0	0	250M	1123346	202104
L	2024	250	*	*	*	*	*	580916	*
H	2024	250	100.0	+	0	0	250M	1123346	580916
L	4968	250	*	*	*	*	*	332390	*
H	4968	250	100.0	+	0	0	250M	1123346	332390
L	6239	250	*	*	*	*	*	263781	*
H	6239	250	100.0	+	0	0	250M	4190059	263781
L	17092	250	*	*	*	*	*	4347534	*
H	17092	250	99.6	+	0	0	250M	4190059	4347534
L	6966	250	*	*	*	*	*	214423	*
H	6966	250	99.6	+	0	0	250M	4190059	214423
H	17460	250	100.0	+	0	0	250M	833703	4364813
H	16105	250	100.0	+	0	0	250M	833703	4301996
H	18635	250	100.0	+	0	0	250M	833703	4422484
L	7631	250	*	*	*	*	*	185981	*
H	7631	250	98.0	+	0	0	250M	4295249	185981
L	2138	250	*	*	*	*	*	575002	*
H	2138	250	98.0	+	0	0	250M	4295249	575002
L	18227	250	*	*	*	*	*	4401355	*
H	18227	250	98.0	+	0	0	250M	4295249	4401355
L	12589	250	*	*	*	*	*	648540	*
H	12589	250	100.0	+	0	0	250M	4295725	648540
L	13925	250	*	*	*	*	*	3161646	*
H	13925	250	99.6	+	0	0	250M	4295725	3161646
L	11095	250	*	*	*	*	*	1136676	*
H	11095	250	98.8	+	0	0	250M	4295725	1136676
L	9600	250	*	*	*	*	*	93202	*
H	9600	250	99.2	+	0	0	215MD34MI	4300558	93202
L	8816	250	*	*	*	*	*	143867	*
H	8816	250	99.2	+	0	0	215MD34MI	4300558	143867
L	5927	250	*	*	*	*	*	279017	*
H	5927	250	99.2	+	0	0	215MD34MI	4300558	279017
L	17045	250	*	*	*	*	*	4344419	*
H	17045	250	95.6	+	0	0	25M3I11MI41M3I166M7D	4305699	4344419
L	10863	250	*	*	*	*	*	5131	*
H	10863	250	95.6	+	0	0	25M3I11MI41M3I166M7D	4305699	5131
L	9210	250	*	*	*	*	*	112199	*
H	9210	250	94.8	+	0	0	25M3I11MI11MI30M3I16MI148M9D	4305699	112199
L	1320	250	*	*	*	*	*	815059	*
H	1320	250	99.6	+	0	0	250M	4311636	815059
L	2839	250	*	*	*	*	*	533169	*
H	2839	250	99.6	+	0	0	250M	4311636	533169
L	6102	250	*	*	*	*	*	270229	*
H	6102	250	99.6	+	0	0	250M	4311636	270229
L	18036	250	*	*	*	*	*	4390923	*
H	18036	250	100.0	+	0	0	250M	4323428	4390923
L	19575	250	*	*	*	*	*	4466956	*
H	19575	250	100.0	+	0	0	250M	4323428	4466956
L	16471	250	*	*	*	*	*	4317767	*
H	16471	250	100.0	+	0	0	250M	4323428	4317767
L	9977	250	*	*	*	*	*	53467	*
H	9977	250	99.6	+	0	0	250M	4323731	53467
H	19498	250	99.6	+	0	0	250M	4323731	4463829
L	33	250	*	*	*	*	*	1107192	*
H	33	250	99.6	+	0	0	250M	4323731	1107192
L	18546	250	*	*	*	*	*	4417243	*
H	18546	250	97.6	+	0	0	D33MD9MD205M3I	4323735	4417243
L	10247	250	*	*	*	*	*	20961	*
H	10247	250	97.6	+	0	0	D33MD9MD205M3I	4323735	20961
L	2133	250	*	*	*	*	*	575299	*
H	2133	250	97.6	+	0	0	D33MD9MD205M3I	4323735	575299
H	1969	250	97.6	+	0	0	106M4I10MD16MD114M2D	4328035	583549
H	11028	250	97.6	+	0	0	106M4I10MD16MD114M2D	4328035	1523231
H	18009	250	97.6	+	0	0	106M4I10MD16MD114M2D	4328035	4389424
L	17609	250	*	*	*	*	*	4371509	*
H	17609	250	99.2	+	0	0	250M	4328665	4371509
L	13728	250	*	*	*	*	*	1119772	*
H	13728	250	98.4	+	0	0	250M	4328665	1119772
L	18502	250	*	*	*	*	*	4414810	*
H	18502	250	98.4	+	0	0	250M	4328665	4414810
L	7818	250	*	*	*	*	*	181761	*
H	7818	250	99.6	+	0	0	250M	4330518	181761
L	17675	250	*	*	*	*	*	4374321	*
H	17675	250	99.6	+	0	0	250M	4330518	4374321
L	17676	250	*	*	*	*	*	4374322	*
H	17676	250	99.2	+	0	0	202MI47MD	4330518	4374322
L	830	250	*	*	*	*	*	923209	*
H	830	250	98.4	+	0	0	45M2I10MI192M3D	4331977	923209
L	13251	250	*	*	*	*	*	930730	*
H	13251	250	98.4	+	0	0	45M2I10MI192M3D	4331977	930730
L	734	250	*	*	*	*	*	947041	*
H	734	250	98.4	+	0	0	45M2I10MI192M3D	4331977	947041
L	14602	250	*	*	*	*	*	1113833	*
H	14602	250	100.0	+	0	0	250M	4337459	1113833
L	10797	250	*	*	*	*	*	7347	*
H	10797	250	98.8	+	0	0	250M	4337459	7347
L	9365	250	*	*	*	*	*	106310	*
H	9365	250	98.8	+	0	0	250M	4337459	106310
H	14602	250	99.2	+	0	0	250M	4337903	1113833
H	10797	250	98.0	+	0	0	250M	4337903	7347
H	9365	250	98.0	+	0	0	250M	4337903	106310
L	13101	250	*	*	*	*	*	822557	*
H	13101	250	100.0	+	0	0	250M	4338945	822557
L	6557	250	*	*	*	*	*	247306	*
H	6557	250	100.0	+	0	0	250M	4338945	247306
L	2419	250	*	*	*	*	*	559142	*
H	2419	250	100.0	+	0	0	250M	4338945	559142
L	15457	250	*	*	*	*	*	4030370	*
H	15457	250	100.0	+	0	0	250M	4340136	4030370
L	13237	250	*	*	*	*	*	851938	*
H	13237	250	100.0	+	0	0	250M	4340136	851938
L	2962	250	*	*	*	*	*	529744	*
H	2962	250	99.6	+	0	0	250M	4340136	529744
L	19656	250	*	*	*	*	*	4470249	*
H	19656	250	100.0	+	0	0	250M	4340145	4470249
L	16340	250	*	*	*	*	*	4311438	*
H	16340	250	100.0	+	0	0	250M	4340145	4311438
L	19049	250	*	*	*	*	*	4441850	*
H	19049	250	100.0	+	0	0	250M	4340145	4441850
L	15624	250	*	*	*	*	*	4115286	*
H	15624	250	99.2	+	0	0	40MD17MD191M2I	4340682	4115286
L	14342	250	*	*	*	*	*	681370	*
H	14342	250	99.2	+	0	0	40MD17MD54MI137MI	4340682	681370
L	9067	250	*	*	*	*	*	132714	*
H	9067	250	98.8	+	0	0	40MD17MD191M2I	4340682	132714
L	10279	250	*	*	*	*	*	16191	*
H	10279	250	100.0	+	0	0	250M	4348796	16191
L	10280	250	*	*	*	*	*	16190	*
H	10280	250	100.0	+	0	0	250M	4348796	16190
L	10035	250	*	*	*	*	*	46897	*
H	10035	250	100.0	+	0	0	250M	4348796	46897
L	10648	250	*	*	*	*	*	9753	*
H	10648	250	99.2	+	0	0	250M	4350787	9753
L	10650	250	*	*	*	*	*	9744	*
H	10650	250	99.2	+	0	0	250M	4350787	9744
L	10645	250	*	*	*	*	*	9776	*
H	10645	250	99.2	+	0	0	250M	4350787	9776
L	16078	250	*	*	*	*	*	4300842	*
H	16078	250	99.6	+	0	0	250M	4354887	4300842
L	16348	250	*	*	*	*	*	4312233	*
H	16348	250	99.6	+	0	0	250M	4354887	4312233
L	16366	250	*	*	*	*	*	4312954	*
H	16366	250	99.6	+	0	0	250M	4354887	4312954
L	18086	250	*	*	*	*	*	4393352	*
H	18086	250	97.2	+	0	0	17MI232MD	4355281	4393352
L	15890	250	*	*	*	*	*	4270835	*
H	15890	250	96.8	+	0	0	17MI232MD	4355281	4270835
L	6389	250	*	*	*	*	*	257615	*
H	6389	250	96.8	+	0	0	17MI232MD	4355281	257615
L	10105	250	*	*	*	*	*	38793	*
H	10105	250	99.6	+	0	0	250M	4355718	38793
L	10491	250	*	*	*	*	*	12569	*
H	10491	250	98.4	+	0	0	95MI154MD	4355718	12569
H	10492	250	94.0	+	0	0	250M	4355718	12562
H	2280	250	100.0	+	0	0	250M	4357383	566849
H	10209	250	100.0	+	0	0	250M	4357383	25807
H	17639	250	100.0	+	0	0	250M	4357383	4372372
H	10477	250	98.0	+	0	0	212M2D36M2I	4357506	12850
H	10475	250	98.0	+	0	0	212M2D36M2I	4357506	12854
H	16219	250	98.0	+	0	0	212M2D36M2I	4357506	4306599
L	2125	250	*	*	*	*	*	575630	*
H	2125	250	98.4	+	0	0	250M	4359732	575630
L	7954	250	*	*	*	*	*	178202	*
H	7954	250	96.4	+	0	0	17MD7MD44MD21MD9M2D146M6I	4359732	178202
L	11606	250	*	*	*	*	*	1047812	*
H	11606	250	95.6	+	0	0	250M	4359732	1047812
L	10130	250	*	*	*	*	*	34942	*
H	10130	250	100.0	+	0	0	250M	4366263	34942
L	2813	250	*	*	*	*	*	535010	*
H	2813	250	100.0	+	0	0	250M	4366263	535010
L	3060	250	*	*	*	*	*	526994	*
H	3060	250	99.6	+	0	0	250M	4366263	526994
L	2509	250	*	*	*	*	*	554183	*
H	2509	250	100.0	+	0	0	250M	4367538	554183
H	1297	250	100.0	+	0	0	250M	4367538	818462
L	10647	250	*	*	*	*	*	9766	*
H	10647	250	100.0	+	0	0	250M	4367538	9766
L	12649	250	*	*	*	*	*	1143023	*
H	12649	250	100.0	+	0	0	250M	4367987	1143023
L	9517	250	*	*	*	*	*	100578	*
H	9517	250	99.6	+	0	0	250M	4367987	100578
L	17629	250	*	*	*	*	*	4371951	*
H	17629	250	97.2	+	0	0	250M	4367987	4371951
L	15625	250	*	*	*	*	*	1129931	*
H	15625	250	99.6	+	0	0	250M	4373091	1129931
L	12818	250	*	*	*	*	*	2500552	*
H	12818	250	97.6	+	0	0	250M	4373091	2500552
L	1429	250	*	*	*	*	*	780282	*
H	1429	250	97.2	+	0	0	250M	4373091	780282
H	14494	250	99.6	+	0	0	36MD213MI	4376120	1140929
L	19863	250	*	*	*	*	*	4479762	*
H	19863	250	98.0	+	0	0	250M	4376120	4479762
L	17566	250	*	*	*	*	*	4369340	*
H	17566	250	98.0	+	0	0	250M	4376120	4369340
L	16910	250	*	*	*	*	*	4337345	*
H	16910	250	99.6	+	0	0	250M	4376912	4337345
L	13173	250	*	*	*	*	*	1113458	*
H	13173	250	99.6	+	0	0	250M	4376912	1113458
L	7747	250	*	*	*	*	*	183456	*
H	7747	250	99.6	+	0	0	250M	4376912	183456
L	8020	250	*	*	*	*	*	176405	*
H	8020	250	100.0	+	0	0	250M	4379731	176405
H	15	250	100.0	+	0	0	250M	4379731	1110347
L	10567	250	*	*	*	*	*	11759	*
H	10567	250	100.0	+	0	0	250M	4379731	11759
L	15963	250	*	*	*	*	*	4295368	*
H	15963	250	98.4	+	0	0	250M	4382760	4295368
L	17752	250	*	*	*	*	*	4377939	*
H	17752	250	98.4	+	0	0	250M	4382760	4377939
L	18848	250	*	*	*	*	*	4432221	*
H	18848	250	98.4	+	0	0	250M	4382760	4432221
L	14492	250	*	*	*	*	*	828524	*
H	14492	250	98.4	+	0	0	250M	4389387	828524
H	16321	250	97.6	+	0	0	250M	4389387	4310692
L	10632	250	*	*	*	*	*	10180	*
H	10632	250	96.8	+	0	0	250M	4389387	10180
H	18637	250	100.0	+	0	0	250M	4395332	4422548
H	11295	250	100.0	+	0	0	250M	4395332	724802
H	17303	250	100.0	+	0	0	250M	4395332	4357354
L	17406	250	*	*	*	*	*	4361591	*
H	17406	250	100.0	+	0	0	250M	4396154	4361591
L	1331	250	*	*	*	*	*	814142	*
H	1331	250	99.6	+	0	0	250M	4396154	814142
L	6078	250	*	*	*	*	*	271158	*
H	6078	250	99.2	+	0	0	250M	4396154	271158
L	18275	250	*	*	*	*	*	4404095	*
H	18275	250	99.6	+	0	0	250M	4399485	4404095
L	16905	250	*	*	*	*	*	4337151	*
H	16905	250	99.2	+	0	0	250M	4399485	4337151
L	9512	250	*	*	*	*	*	100757	*
H	9512	250	98.8	+	0	0	250M	4399485	100757
L	19056	250	*	*	*	*	*	4442382	*
H	19056	250	99.6	+	0	0	250M	4400171	4442382
L	10183	250	*	*	*	*	*	28572	*
H	10183	250	99.2	+	0	0	250M	4400171	28572
L	2048	250	*	*	*	*	*	579457	*
H	2048	250	99.2	+	0	0	250M	4400171	579457
L	18295	250	*	*	*	*	*	4405527	*
H	18295	250	100.0	+	0	0	250M	4405531	4405527
L	12630	250	*	*	*	*	*	2398623	*
H	12630	250	86.0	+	0	0	116MD133MI	4405531	2398623
L	10410	250	*	*	*	*	*	14175	*
H	10410	250	85.6	+	0	0	116MD133MI	4405531	14175
L	10753	250	*	*	*	*	*	8001	*
H	10753	250	99.6	+	0	0	250M	4406524	8001
L	10752	250	*	*	*	*	*	8002	*
H	10752	250	94.4	+	0	0	250M	4406524	8002
L	14490	250	*	*	*	*	*	806221	*
H	14490	250	96.4	+	0	0	250M	4406524	806221
L	10888	250	*	*	*	*	*	4450	*
H	10888	250	99.2	+	0	0	250M	4411931	4450
L	10890	250	*	*	*	*	*	4423	*
H	10890	250	98.0	+	0	0	250M	4411931	4423
L	9868	250	*	*	*	*	*	70289	*
H	9868	250	98.0	+	0	0	250M	4411931	70289
L	19443	250	*	*	*	*	*	4461207	*
H	19443	250	99.2	+	0	0	250M	4422697	4461207
L	15458	250	*	*	*	*	*	1130623	*
H	15458	250	96.4	+	0	0	250M	4422697	1130623
L	11941	250	*	*	*	*	*	1140861	*
H	11941	250	94.8	+	0	0	250M	4422697	1140861
L	16720	250	*	*	*	*	*	4328166	*
H	16720	250	100.0	+	0	0	250M	4424719	4328166
L	16703	250	*	*	*	*	*	4327415	*
H	16703	250	99.6	+	0	0	250M	4424719	4327415
L	9467	250	*	*	*	*	*	102222	*
H	9467	250	98.4	+	0	0	250M	4424719	102222
L	5736	250	*	*	*	*	*	291420	*
H	5736	250	100.0	+	0	0	250M	4434117	291420
L	7300	250	*	*	*	*	*	194273	*
H	7300	250	100.0	+	0	0	250M	4434117	194273
L	7326	250	*	*	*	*	*	193710	*
H	7326	250	100.0	+	0	0	250M	4434117	193710
L	17989	250	*	*	*	*	*	4388707	*
H	17989	250	100.0	+	0	0	250M	4438444	4388707
L	1798	250	*	*	*	*	*	593082	*
H	1798	250	100.0	+	0	0	250M	4438444	593082
L	16249	250	*	*	*	*	*	4307695	*
H	16249	250	100.0	+	0	0	250M	4438444	4307695
L	11894	250	*	*	*	*	*	1108706	*
H	11894	250	98.8	+	0	0	250M	4443436	1108706
L	16641	250	*	*	*	*	*	4324410	*
H	16641	250	98.8	+	0	0	250M	4443436	4324410
L	12390	250	*	*	*	*	*	2266188	*
H	12390	250	98.8	+	0	0	250M	4443436	2266188
L	2657	250	*	*	*	*	*	545417	*
H	2657	250	100.0	+	0	0	250M	4446686	545417
L	10232	250	*	*	*	*	*	22581	*
H	10232	250	100.0	+	0	0	250M	4446686	22581
L	257	250	*	*	*	*	*	1057930	*
H	257	250	99.6	+	0	0	250M	4446686	1057930
L	5059	250	*	*	*	*	*	326439	*
H	5059	250	100.0	+	0	0	250M	4446822	326439
L	16012	250	*	*	*	*	*	4297726	*
H	16012	250	100.0	+	0	0	250M	4446822	4297726
L	19434	250	*	*	*	*	*	4460537	*
H	19434	250	100.0	+	0	0	250M	4446822	4460537
H	13599	250	99.6	+	0	0	250M	4447781	2969241
H	16219	250	99.6	+	0	0	250M	4447781	4306599
H	10475	250	99.6	+	0	0	250M	4447781	12854
L	10973	250	*	*	*	*	*	1591	*
H	10973	250	99.2	+	0	0	250M	4451561	1591
L	6444	250	*	*	*	*	*	254951	*
H	6444	250	99.2	+	0	0	250M	4451561	254951
L	15804	250	*	*	*	*	*	4225242	*
H	15804	250	98.4	+	0	0	250M	4451561	4225242
L	2652	250	*	*	*	*	*	546173	*
H	2652	250	99.6	+	0	0	250M	4457481	546173
L	5028	250	*	*	*	*	*	328686	*
H	5028	250	99.6	+	0	0	250M	4457481	328686
L	16429	250	*	*	*	*	*	4316029	*
H	16429	250	99.6	+	0	0	250M	4457481	4316029
L	1612	250	*	*	*	*	*	687940	*
H	1612	250	100.0	+	0	0	250M	4462906	687940
L	15309	250	*	*	*	*	*	856414	*
H	15309	250	100.0	+	0	0	250M	4462906	856414
L	1219	250	*	*	*	*	*	833731	*
H	1219	250	99.2	+	0	0	250M	4462906	833731
L	14222	250	*	*	*	*	*	3321163	*
H	14222	250	94.4	+	0	0	250M	4471604	3321163
L	18433	250	*	*	*	*	*	4412201	*
H	18433	250	94.0	+	0	0	250M	4471604	4412201
L	12005	250	*	*	*	*	*	2069792	*
H	12005	250	94.0	+	0	0	250M	4471604	2069792
L	17402	250	*	*	*	*	*	4361455	*
H	17402	250	100.0	+	0	0	250M	4471892	4361455
L	19394	250	*	*	*	*	*	4458713	*
H	19394	250	94.4	+	0	0	250M	4471892	4458713
L	19946	250	*	*	*	*	*	4482862	*
H	19946	250	94.0	+	0	0	250M	4471892	4482862
L	4082	250	*	*	*	*	*	373790	*
H	4082	250	100.0	+	0	0	250M	4476600	373790
L	17849	250	*	*	*	*	*	4382414	*
H	17849	250	100.0	+	0	0	250M	4476600	4382414
L	12037	250	*	*	*	*	*	1127062	*
H	12037	250	100.0	+	0	0	250M	4476600	1127062
L	9282	250	*	*	*	*	*	108774	*
H	9282	250	98.4	+	0	0	250M	4477624	108774
L	9891	250	*	*	*	*	*	66243	*
H	9891	250	98.0	+	0	0	250M	4477624	66243
L	1906	250	*	*	*	*	*	586902	*
H	1906	250	97.2	+	0	0	250M	4477624	586902
L	4025	250	*	*	*	*	*	391286	*
H	4025	250	100.0	+	0	0	250M	4479467	391286
L	3885	250	*	*	*	*	*	430858	*
H	3885	250	99.6	+	0	0	207MI42MD	4479467	430858
L	3776	250	*	*	*	*	*	461890	*
H	3776	250	99.6	+	0	0	44MI205MD	4479467	461890
L	7019	250	*	*	*	*	*	208785	*
H	7019	250	99.2	+	0	0	193MD46MD9M2I	4481550	208785
L	15426	250	*	*	*	*	*	1112688	*
H	15426	250	99.2	+	0	0	193MD46MD9M2I	4481550	1112688
L	7002	250	*	*	*	*	*	210269	*
H	7002	250	99.2	+	0	0	193MD46MD9M2I	4481550	210269
H	8974	250	98.8	+	0	0	250M	4482363	138079
H	19929	250	97.2	+	0	0	250M	4482363	4482366
H	11773	250	97.6	+	0	0	138MD111MI	4482363	681590
L	15600	250	*	*	*	*	*	877294	*
H	15600	250	100.0	+	0	0	250M	4482804	877294
L	15013	250	*	*	*	*	*	1102876	*
H	15013	250	100.0	+	0	0	250M	4482804	1102876
L	12173	250	*	*	*	*	*	1037220	*
H	12173	250	100.0	+	0	0	250M	4482804	1037220
L	9628	250	*	*	*	*	*	90602	*
H	9628	250	97.2	+	0	0	97MD152MI	4484180	90602
L	4014	250	*	*	*	*	*	393945	*
H	4014	250	97.2	+	0	0	97MD152MI	4484180	393945
L	9651	250	*	*	*	*	*	88878	*
H	9651	250	97.2	+	0	0	97MD152MI	4484180	88878
L	10802	250	*	*	*	*	*	7268	*
H	10802	250	100.0	+	0	0	250M	4484305	7268
L	9974	250	*	*	*	*	*	53682	*
H	9974	250	100.0	+	0	0	250M	4484305	53682
L	17579	250	*	*	*	*	*	4369927	*
H	17579	250	100.0	+	0	0	250M	4484305	4369927
L	20154	250	*	*	*	*	*	24414	*
H	20154	250	100.0	+	0	0	250M	547463	24414
L	20132	250	*	*	*	*	*	94242	*
H	20132	250	98.4	+	0	0	250M	547463	94242
L	20127	250	*	*	*	*	*	101553	*
H	20127	250	94.0	+	0	0	250M	547463	101553
L	20073	250	*	*	*	*	*	166509	*
H	20073	250	100.0	+	0	0	250M	162275	166509
L	20040	250	*	*	*	*	*	369183	*
H	20040	250	100.0	+	0	0	250M	162275	369183
L	20094	250	*	*	*	*	*	129196	*
H	20094	250	100.0	+	0	0	250M	162275	129196
L	20086	250	*	*	*	*	*	142285	*
H	20086	250	100.0	+	0	0	250M	144391	142285
L	20182	250	*	*	*	*	*	752	*
H	20182	250	100.0	+	0	0	250M	144391	752
L	20064	250	*	*	*	*	*	209452	*
H	20064	250	98.8	+	0	0	250M	144391	209452
L	20256	250	*	*	*	*	*	673916	*
H	20256	250	100.0	+	0	0	250M	28138	673916
L	20032	250	*	*	*	*	*	542973	*
H	20032	250	99.6	+	0	0	250M	28138	542973
L	20149	250	*	*	*	*	*	36767	*
H	20149	250	98.4	+	0	0	250M	28138	36767
L	20092	250	*	*	*	*	*	138837	*
H	20092	250	99.2	+	0	0	250M	329	138837
L	20197	250	*	*	*	*	*	1128360	*
H	20197	250	95.2	+	0	0	250M	329	1128360
L	20202	250	*	*	*	*	*	1137360	*
H	20202	250	94.0	+	0	0	250M	329	1137360
L	20185	250	*	*	*	*	*	633	*
H	20185	250	98.8	+	0	0	250M	1145507	633
L	20301	250	*	*	*	*	*	4385066	*
H	20301	250	98.8	+	0	0	250M	1145507	4385066
L	20070	250	*	*	*	*	*	180325	*
H	20070	250	98.4	+	0	0	250M	1145507	180325
L	19980	250	*	*	*	*	*	978530	*
H	19980	250	100.0	+	0	0	250M	4370428	978530
L	20213	250	*	*	*	*	*	2076643	*
H	20213	250	98.4	+	0	0	250M	4370428	2076643
L	20284	250	*	*	*	*	*	4338137	*
H	20284	250	90.4	+	0	0	250M	4370428	4338137
L	19987	250	*	*	*	*	*	798060	*
H	19987	250	100.0	+	0	0	250M	4404469	798060
L	20282	250	*	*	*	*	*	4338133	*
H	20282	250	99.6	+	0	0	250M	4404469	4338133
L	20000	250	*	*	*	*	*	675853	*
H	20000	250	95.2	+	0	0	250M	4404469	675853
D	15	2	*	*	*	*	94.0	1110347	*
D	33	2	*	*	*	*	99.6	1107192	*
D	47	2	*	*	*	*	100.0	1104583	*
D	362	2	*	*	*	*	98.0	1039074	*
D	441	2	*	*	*	*	100.0	1018521	*
D	666	2	*	*	*	*	99.6	966794	*
D	734	2	*	*	*	*	98.4	947041	*
D	1212	2	*	*	*	*	98.0	835880	*
D	1215	2	*	*	*	*	99.6	835066	*
D	1267	2	*	*	*	*	99.2	822450	*
D	1297	2	*	*	*	*	99.6	818462	*
D	1306	2	*	*	*	*	100.0	817382	*
D	1353	2	*	*	*	*	99.6	810238	*
D	1398	2	*	*	*	*	100.0	797038	*
D	1404	2	*	*	*	*	99.6	792019	*
D	1430	2	*	*	*	*	100.0	780036	*
D	1438	2	*	*	*	*	100.0	778373	*
D	1485	2	*	*	*	*	99.2	749810	*
D	1513	2	*	*	*	*	100.0	734470	*
D	1527	2	*	*	*	*	100.0	726900	*
D	1588	2	*	*	*	*	100.0	698495	*
D	1639	2	*	*	*	*	99.6	672906	*
D	1685	2	*	*	*	*	99.6	650021	*
D	1888	2	*	*	*	*	99.6	587899	*
D	1891	2	*	*	*	*	96.8	587616	*
D	1953	2	*	*	*	*	99.6	584475	*
D	1955	2	*	*	*	*	100.0	584386	*
D	1993	2	*	*	*	*	100.0	582429	*
D	2011	2	*	*	*	*	99.6	581729	*
D	2027	2	*	*	*	*	95.6	580742	*
D	2084	2	*	*	*	*	100.0	577680	*
D	2125	2	*	*	*	*	98.4	575630	*
D	2133	2	*	*	*	*	97.6	575299	*
D	2152	2	*	*	*	*	99.2	574341	*
D	2182	2	*	*	*	*	100.0	571841	*
D	2258	2	*	*	*	*	98.8	567972	*
D	2273	2	*	*	*	*	100.0	567412	*
D	2386	2	*	*	*	*	98.4	561099	*
D	2393	2	*	*	*	*	98.4	560804	*
D	2419	2	*	*	*	*	100.0	559142	*
D	2523	2	*	*	*	*	98.8	553192	*
D	2733	2	*	*	*	*	100.0	540202	*
D	2738	2	*	*	*	*	100.0	539854	*
D	2813	2	*	*	*	*	100.0	535010	*
D	2819	2	*	*	*	*	97.6	534562	*
D	2830	2	*	*	*	*	99.2	533769	*
D	2923	2	*	*	*	*	99.6	530612	*
D	3012	2	*	*	*	*	100.0	528281	*
D	3224	2	*	*	*	*	100.0	522984	*
D	3639	2	*	*	*	*	99.2	511327	*
D	3854	2	*	*	*	*	97.2	439688	*
D	3937	2	*	*	*	*	94.0	415455	*
D	4025	2	*	*	*	*	100.0	391286	*
D	4075	2	*	*	*	*	93.2	375716	*
D	4231	2	*	*	*	*	100.0	366141	*
D	4359	2	*	*	*	*	100.0	362413	*
D	4370	2	*	*	*	*	100.0	362140	*
D	4535	2	*	*	*	*	91.6	357505	*
D	4678	2	*	*	*	*	99.6	349131	*
D	4903	2	*	*	*	*	99.6	336960	*
D	4968	2	*	*	*	*	100.0	332390	*
D	4991	2	*	*	*	*	99.2	330860	*
D	5011	2	*	*	*	*	100.0	329794	*
D	5067	2	*	*	*	*	100.0	326054	*
D	5088	3	*	*	*	*	99.6	324891	*
D	5145	2	*	*	*	*	99.6	321131	*
D	5377	2	*	*	*	*	99.2	307268	*
D	5400	2	*	*	*	*	100.0	305267	*
D	5411	2	*	*	*	*	99.2	304724	*
D	5842	2	*	*	*	*	100.0	287301	*
D	5845	2	*	*	*	*	100.0	286874	*
D	5927	2	*	*	*	*	99.2	279017	*
D	5995	2	*	*	*	*	96.8	274801	*
D	6027	2	*	*	*	*	100.0	273523	*
D	6102	2	*	*	*	*	99.6	270229	*
D	6202	2	*	*	*	*	100.0	265553	*
D	6229	2	*	*	*	*	98.4	264071	*
D	6239	2	*	*	*	*	100.0	263781	*
D	6299	2	*	*	*	*	99.6	261726	*
D	6444	2	*	*	*	*	99.2	254951	*
D	6479	2	*	*	*	*	99.6	252234	*
D	6604	2	*	*	*	*	99.2	244668	*
D	6730	2	*	*	*	*	97.2	237515	*
D	6731	3	*	*	*	*	99.0	237464	*
D	6751	2	*	*	*	*	98.8	236285	*
D	6757	2	*	*	*	*	100.0	235822	*
D	6766	2	*	*	*	*	100.0	235381	*
D	6777	2	*	*	*	*	95.6	234242	*
D	6780	2	*	*	*	*	99.6	233893	*
D	6846	2	*	*	*	*	98.0	225955	*
D	6857	2	*	*	*	*	99.2	224717	*
D	6867	2	*	*	*	*	100.0	223485	*
D	6975	2	*	*	*	*	99.2	212534	*
D	7002	2	*	*	*	*	99.2	210269	*
D	7326	2	*	*	*	*	100.0	193710	*
D	7328	2	*	*	*	*	100.0	193675	*
D	7403	2	*	*	*	*	96.0	191570	*
D	7655	2	*	*	*	*	99.6	185578	*
D	7713	2	*	*	*	*	99.2	184263	*
D	7741	2	*	*	*	*	99.6	183634	*
D	7747	2	*	*	*	*	99.6	183456	*
D	7827	2	*	*	*	*	100.0	181641	*
D	7963	2	*	*	*	*	100.0	177990	*
D	8188	2	*	*	*	*	100.0	171600	*
D	8197	2	*	*	*	*	99.6	171126	*
D	8214	2	*	*	*	*	100.0	170383	*
D	8263	2	*	*	*	*	100.0	168319	*
D	8279	2	*	*	*	*	100.0	167594	*
D	8467	2	*	*	*	*	99.6	160438	*
D	8500	2	*	*	*	*	99.6	158859	*
D	8592	2	*	*	*	*	99.6	155197	*
D	8645	2	*	*	*	*	97.6	152460	*
D	8695	2	*	*	*	*	94.4	149895	*
D	8780	2	*	*	*	*	100.0	145091	*
D	8804	2	*	*	*	*	99.2	144246	*
D	8817	2	*	*	*	*	100.0	143806	*
D	8830	2	*	*	*	*	97.2	143540	*
D	8857	2	*	*	*	*	98.8	142596	*
D	8974	2	*	*	*	*	98.8	138079	*
D	9030	2	*	*	*	*	99.2	136101	*
D	9082	2	*	*	*	*	99.2	131429	*
D	9097	2	*	*	*	*	98.4	130219	*
D	9116	2	*	*	*	*	100.0	128210	*
D	9282	2	*	*	*	*	98.4	108774	*
D	9295	2	*	*	*	*	99.6	108433	*
D	9322	2	*	*	*	*	100.0	107507	*
D	9332	2	*	*	*	*	98.4	107199	*
D	9389	2	*	*	*	*	99.2	105555	*
D	9443	2	*	*	*	*	98.4	103272	*
D	9541	2	*	*	*	*	97.6	99527	*
D	9551	2	*	*	*	*	99.6	99319	*
D	9640	2	*	*	*	*	99.6	89669	*
D	9651	2	*	*	*	*	97.2	88878	*
D	9673	2	*	*	*	*	98.0	86606	*
D	9695	2	*	*	*	*	82.8	83445	*
D	9701	2	*	*	*	*	100.0	82781	*
D	9789	2	*	*	*	*	100.0	74259	*
D	9790	2	*	*	*	*	100.0	74252	*
D	9836	2	*	*	*	*	99.2	71731	*
D	9854	2	*	*	*	*	99.2	70687	*
D	9863	2	*	*	*	*	100.0	70424	*
D	9916	2	*	*	*	*	100.0	63145	*
D	9953	2	*	*	*	*	100.0	58613	*
D	9955	2	*	*	*	*	99.6	58411	*
D	9991	2	*	*	*	*	98.4	51778	*
D	9997	2	*	*	*	*	100.0	51176	*
D	10035	2	*	*	*	*	100.0	46897	*
D	10060	2	*	*	*	*	99.2	43030	*
D	10093	2	*	*	*	*	98.4	39595	*
D	10101	2	*	*	*	*	98.8	38986	*
D	10105	2	*	*	*	*	99.6	38793	*
D	10116	2	*	*	*	*	98.8	37519	*
D	10123	2	*	*	*	*	100.0	36261	*
D	10136	2	*	*	*	*	100.0	34014	*
D	10155	2	*	*	*	*	99.2	31319	*
D	10157	2	*	*	*	*	97.6	30485	*
D	10232	2	*	*	*	*	100.0	22581	*
D	10249	2	*	*	*	*	100.0	20696	*
D	10256	2	*	*	*	*	99.6	19636	*
D	10332	2	*	*	*	*	100.0	15456	*
D	10378	2	*	*	*	*	100.0	14500	*
D	10381	2	*	*	*	*	99.6	14468	*
D	10431	2	*	*	*	*	98.8	13832	*
D	10436	2	*	*	*	*	100.0	13812	*
D	10454	2	*	*	*	*	100.0	13104	*
D	10468	2	*	*	*	*	99.6	12879	*
D	10475	2	*	*	*	*	99.6	12854	*
D	10495	2	*	*	*	*	99.2	12527	*
D	10507	2	*	*	*	*	98.8	12338	*
D	10514	2	*	*	*	*	94.8	12269	*
D	10525	2	*	*	*	*	98.0	12185	*
D	10539	2	*	*	*	*	99.2	12067	*
D	10567	2	*	*	*	*	100.0	11759	*
D	10580	2	*	*	*	*	94.0	11150	*
D	10583	2	*	*	*	*	99.6	11101	*
D	10636	2	*	*	*	*	99.2	9961	*
D	10645	2	*	*	*	*	99.2	9776	*
D	10647	2	*	*	*	*	100.0	9766	*
D	10660	2	*	*	*	*	100.0	9547	*
D	10672	2	*	*	*	*	99.2	9502	*
D	10745	2	*	*	*	*	97.2	8050	*
D	10749	2	*	*	*	*	96.4	8010	*
D	10753	2	*	*	*	*	99.6	8001	*
D	10768	2	*	*	*	*	99.6	7897	*
D	10785	2	*	*	*	*	97.2	7519	*
D	10858	2	*	*	*	*	98.4	5460	*
D	10863	2	*	*	*	*	95.6	5131	*
D	10888	2	*	*	*	*	99.2	4450	*
D	10912	2	*	*	*	*	100.0	3949	*
D	10921	2	*	*	*	*	98.0	3793	*
D	10940	2	*	*	*	*	99.2	2573	*
D	10976	2	*	*	*	*	99.6	1416	*
D	10978	2	*	*	*	*	100.0	1234	*
D	11028	2	*	*	*	*	94.0	1523231	*
D	11075	2	*	*	*	*	99.6	729672	*
D	11132	2	*	*	*	*	96.0	1583749	*
D	11140	2	*	*	*	*	99.6	1144371	*
D	11216	2	*	*	*	*	100.0	1639373	*
D	11250	2	*	*	*	*	100.0	1655542	*
D	11255	2	*	*	*	*	100.0	1118690	*
D	11278	2	*	*	*	*	99.6	1109671	*
D	11345	2	*	*	*	*	100.0	1147382	*
D	11353	2	*	*	*	*	100.0	1708695	*
D	11407	2	*	*	*	*	100.0	825929	*
D	11466	2	*	*	*	*	100.0	748985	*
D	11492	2	*	*	*	*	99.2	1780074	*
D	11537	2	*	*	*	*	99.6	1801170	*
D	11773	3	*	*	*	*	98.2	681590	*
D	11890	2	*	*	*	*	94.4	2000781	*
D	11989	2	*	*	*	*	99.2	884555	*
D	12037	2	*	*	*	*	100.0	1127062	*
D	12080	2	*	*	*	*	100.0	2105739	*
D	12173	2	*	*	*	*	100.0	1037220	*
D	12195	2	*	*	*	*	99.6	781371	*
D	12301	2	*	*	*	*	99.2	758064	*
D	12308	2	*	*	*	*	96.4	1110864	*
D	12388	2	*	*	*	*	100.0	1141633	*
D	12390	2	*	*	*	*	98.8	2266188	*
D	12430	2	*	*	*	*	100.0	14437	*
D	12433	2	*	*	*	*	96.8	823017	*
D	12512	2	*	*	*	*	96.8	1126669	*
D	12545	2	*	*	*	*	99.2	1114718	*
D	12589	2	*	*	*	*	100.0	648540	*
D	12606	2	*	*	*	*	100.0	848516	*
D	12649	2	*	*	*	*	100.0	1143023	*
D	12795	2	*	*	*	*	95.6	1114327	*
D	12815	2	*	*	*	*	99.6	749175	*
D	12972	2	*	*	*	*	99.6	2575680	*
D	13020	2	*	*	*	*	98.4	816345	*
D	13190	2	*	*	*	*	98.0	1025853	*
D	13197	2	*	*	*	*	99.6	836438	*
D	13237	2	*	*	*	*	100.0	851938	*
D	13280	3	*	*	*	*	100.0	682524	*
D	13452	2	*	*	*	*	99.2	2874058	*
D	13564	2	*	*	*	*	99.2	1084983	*
D	13730	2	*	*	*	*	100.0	3047463	*
D	13757	2	*	*	*	*	97.6	626618	*
D	13794	2	*	*	*	*	100.0	1133720	*
D	14039	2	*	*	*	*	100.0	781155	*
D	14064	2	*	*	*	*	98.4	1139791	*
D	14176	2	*	*	*	*	98.8	1143742	*
D	14222	2	*	*	*	*	94.4	3321163	*
D	14288	2	*	*	*	*	100.0	3360052	*
D	14342	2	*	*	*	*	99.2	681370	*
D	14429	2	*	*	*	*	100.0	1134509	*
D	14492	2	*	*	*	*	98.4	828524	*
D	14494	2	*	*	*	*	99.6	1140929	*
D	14541	2	*	*	*	*	99.6	3505032	*
D	14602	3	*	*	*	*	99.6	1113833	*
D	14638	2	*	*	*	*	99.2	986748	*
D	14754	2	*	*	*	*	97.2	1121217	*
D	14780	2	*	*	*	*	99.6	3634180	*
D	14867	2	*	*	*	*	99.6	827973	*
D	14917	2	*	*	*	*	96.0	1138138	*
D	14944	2	*	*	*	*	98.4	625454	*
D	15049	2	*	*	*	*	99.2	3778551	*
D	15210	2	*	*	*	*	100.0	1121805	*
D	15266	2	*	*	*	*	99.6	3925303	*
D	15309	2	*	*	*	*	100.0	856414	*
D	15357	2	*	*	*	*	100.0	1104486	*
D	15406	2	*	*	*	*	95.6	4004505	*
D	15428	2	*	*	*	*	100.0	4015729	*
D	15510	2	*	*	*	*	99.2	4055164	*
D	15611	2	*	*	*	*	100.0	733099	*
D	15625	2	*	*	*	*	99.6	1129931	*
D	15705	2	*	*	*	*	99.2	808282	*
D	15706	2	*	*	*	*	100.0	1127245	*
D	15828	2	*	*	*	*	98.0	4242243	*
D	15924	2	*	*	*	*	100.0	4292139	*
D	15964	2	*	*	*	*	86.0	4295371	*
D	16105	2	*	*	*	*	90.0	4301996	*
D	16160	2	*	*	*	*	100.0	4304358	*
D	16219	3	*	*	*	*	98.4	4306599	*
D	16249	2	*	*	*	*	100.0	4307695	*
D	16336	2	*	*	*	*	100.0	4311226	*
D	16366	2	*	*	*	*	99.6	4312954	*
D	16429	2	*	*	*	*	99.6	4316029	*
D	16457	2	*	*	*	*	100.0	4317351	*
D	16471	2	*	*	*	*	100.0	4317767	*
D	16686	2	*	*	*	*	98.8	4326574	*
D	16720	2	*	*	*	*	100.0	4328166	*
D	16916	2	*	*	*	*	100.0	4337577	*
D	16953	2	*	*	*	*	91.6	4339353	*
D	16998	2	*	*	*	*	100.0	4342039	*
D	17055	2	*	*	*	*	94.8	4345055	*
D	17303	3	*	*	*	*	100.0	4357354	*
D	17331	2	*	*	*	*	100.0	4358686	*
D	17376	2	*	*	*	*	100.0	4360442	*
D	17402	2	*	*	*	*	100.0	4361455	*
D	17403	2	*	*	*	*	100.0	4361518	*
D	17406	2	*	*	*	*	100.0	4361591	*
D	17462	2	*	*	*	*	100.0	4364883	*
D	17505	2	*	*	*	*	100.0	4366299	*
D	17557	2	*	*	*	*	100.0	4368900	*
D	17558	2	*	*	*	*	99.6	4368901	*
D	17579	2	*	*	*	*	100.0	4369927	*
D	17584	2	*	*	*	*	100.0	4370215	*
D	17609	2	*	*	*	*	99.2	4371509	*
D	17624	2	*	*	*	*	98.8	4371943	*
D	17639	3	*	*	*	*	100.0	4372372	*
D	17675	2	*	*	*	*	99.6	4374321	*
D	17964	2	*	*	*	*	99.2	4387841	*
D	18009	2	*	*	*	*	97.6	4389424	*
D	18086	2	*	*	*	*	97.2	4393352	*
D	18087	3	*	*	*	*	100.0	4393354	*
D	18189	2	*	*	*	*	100.0	4399263	*
D	18227	2	*	*	*	*	98.0	4401355	*
D	18260	2	*	*	*	*	99.6	4403441	*
D	18275	2	*	*	*	*	99.6	4404095	*
D	18293	2	*	*	*	*	99.6	4405305	*
D	18295	2	*	*	*	*	100.0	4405527	*
D	18339	2	*	*	*	*	100.0	4407376	*
D	18351	2	*	*	*	*	99.2	4407974	*
D	18386	2	*	*	*	*	98.8	4409881	*
D	18403	2	*	*	*	*	99.6	4410373	*
D	18524	2	*	*	*	*	98.8	4415996	*
D	18538	2	*	*	*	*	99.6	4416713	*
D	18589	2	*	*	*	*	97.6	4419566	*
D	18605	2	*	*	*	*	84.4	4420377	*
D	18623	2	*	*	*	*	98.4	4421738	*
D	18635	3	*	*	*	*	100.0	4422484	*
D	18684	2	*	*	*	*	100.0	4424642	*
D	18848	2	*	*	*	*	98.4	4432221	*
D	19049	2	*	*	*	*	100.0	4441850	*
D	19056	2	*	*	*	*	99.6	4442382	*
D	19059	2	*	*	*	*	100.0	4442407	*
D	19130	2	*	*	*	*	100.0	4446133	*
D	19180	2	*	*	*	*	100.0	4448449	*
D	19200	2	*	*	*	*	99.6	4449456	*
D	19248	2	*	*	*	*	100.0	4452284	*
D	19315	2	*	*	*	*	100.0	4454841	*
D	19323	2	*	*	*	*	99.6	4455451	*
D	19434	2	*	*	*	*	100.0	4460537	*
D	19443	2	*	*	*	*	99.2	4461207	*
D	19497	2	*	*	*	*	100.0	4463691	*
D	19525	2	*	*	*	*	100.0	4464863	*
D	19611	2	*	*	*	*	98.4	4468196	*
D	19638	2	*	*	*	*	94.8	4469387	*
D	19652	2	*	*	*	*	99.6	4470015	*
D	19718	2	*	*	*	*	99.2	4472978	*
D	19980	2	*	*	*	*	100.0	978530	*
D	19987	2	*	*	*	*	100.0	798060	*
D	20092	2	*	*	*	*	99.2	138837	*
D	20094	2	*	*	*	*	100.0	129196	*
D	20154	2	*	*	*	*	100.0	24414	*
D	20182	2	*	*	*	*	100.0	752	*
D	20256	2	*	*	*	*	100.0	673916	*
D	20301	2	*	*	*	*	98.8	4385066	*
