UclustConsensusTaxonAssigner parameters:
id_to_taxonomy_filepath:/home/nbokulic/gg_13_5/gg_13_5_otus/taxonomy/97_otu_taxonomy_MOD.txt
id_to_taxonomy_fp:/home/nbokulic/gg_13_5/gg_13_5_otus/taxonomy/97_otu_taxonomy_MOD.txt
max_accepts:3
min_consensus_fraction:1.0
reference_sequences_fp:/home/nbokulic/gg_13_5/gg_13_5_otus/rep_set/97_otus.fasta
similarity:0.95
unassignable_label:Unassigned
Result path: "/scratch/assign-taxbC3PGNZ6l77yuzqxvPFd.txt"

.uc file contents:

# uclust --input /home/nbokulic/open_reference_otus/broad1/psrotot_gg_13_5/rep_set.fna --id 0.95 --rev --maxaccepts 3 --allhits --libonly --lib /home/nbokulic/gg_13_5/gg_13_5_otus/rep_set/97_otus.fasta --uc /scratch/UclustConsensusTaxonAssigner_B1ZasZ.uc
# version=1.2.22
# Tab-separated fields:
# 1=Type, 2=ClusterNr, 3=SeqLength or ClusterSize, 4=PctId, 5=Strand, 6=QueryStart, 7=SeedStart, 8=Alignment, 9=QueryLabel, 10=TargetLabel
# Record types (field 1): L=LibSeed, S=NewSeed, H=Hit, R=Reject, D=LibCluster, C=NewCluster, N=NoHit
# For C and D types, PctId is average id with seed.
# QueryStart and SeedStart are zero-based relative to start of sequence.
# If minus strand, SeedStart is relative to reverse-complemented seed.
L	18384	1484	*	*	*	*	*	406391	*
H	18384	195	95.4	+	0	0	504I195M785I	1039016 HMPMockV1.1.Even2_3369	406391
L	68518	1427	*	*	*	*	*	811179	*
H	68518	195	95.4	+	0	0	499I195M733I	1039016 HMPMockV1.1.Even2_3369	811179
L	64447	1373	*	*	*	*	*	1055132	*
H	64447	191	99.5	+	0	0	513I191M669I	1055132 HMPMockV1.2.Staggered1_6279	1055132
L	84129	1424	*	*	*	*	*	4349934	*
H	84129	191	99.0	+	0	0	484I11MI27MI17MI136M746I	1055132 HMPMockV1.2.Staggered1_6279	4349934
L	64689	1373	*	*	*	*	*	928538	*
H	64689	191	99.0	+	0	0	514I191M668I	1055132 HMPMockV1.2.Staggered1_6279	928538
L	81482	1394	*	*	*	*	*	4322588	*
H	81482	192	98.4	+	0	0	518I192M684I	1059655 HMPMockV1.1.Even2_3613	4322588
L	81382	1408	*	*	*	*	*	4321400	*
H	81382	192	98.4	+	0	0	534I192M682I	1059655 HMPMockV1.1.Even2_3613	4321400
L	8519	1356	*	*	*	*	*	586458	*
H	8519	192	98.4	+	0	0	491I192M673I	1059655 HMPMockV1.1.Even2_3613	586458
L	782	1369	*	*	*	*	*	1076969	*
H	782	197	98.5	+	0	0	513I197M659I	1059977 HMPMockV1.1.Even2_3545	1076969
L	69895	1369	*	*	*	*	*	1059977	*
H	69895	197	99.0	+	0	0	513I197M659I	1059977 HMPMockV1.1.Even2_3545	1059977
L	10989	1431	*	*	*	*	*	567972	*
H	10989	197	98.5	+	0	0	490I197M744I	1059977 HMPMockV1.1.Even2_3545	567972
L	18423	1484	*	*	*	*	*	403068	*
H	18423	191	98.4	+	0	0	532I191M761I	1067519 HMPMockV1.1.Even2_4052	403068
L	792	1371	*	*	*	*	*	1075891	*
H	792	191	98.4	+	0	0	512I191M668I	1067519 HMPMockV1.1.Even2_4052	1075891
L	17732	1371	*	*	*	*	*	503354	*
H	17732	191	98.4	+	0	0	513I191M667I	1067519 HMPMockV1.1.Even2_4052	503354
L	63856	1374	*	*	*	*	*	1068955	*
H	63856	193	99.0	+	0	0	515I193M666I	1068955 HMPMockV1.1.Even1_1752	1068955
L	1646	1373	*	*	*	*	*	977188	*
H	1646	193	97.9	+	0	0	513I193M667I	1068955 HMPMockV1.1.Even1_1752	977188
L	74367	1372	*	*	*	*	*	1012358	*
H	74367	193	96.9	+	0	0	513I193M666I	1068955 HMPMockV1.1.Even1_1752	1012358
L	61987	1373	*	*	*	*	*	1069592	*
H	61987	192	99.0	+	0	0	514I192M667I	1069592 HMPMockV1.1.Even1_1196	1069592
L	92635	1369	*	*	*	*	*	4439440	*
H	92635	192	95.3	+	0	0	510I192M667I	1069592 HMPMockV1.1.Even1_1196	4439440
L	59032	1371	*	*	*	*	*	1039016	*
H	59032	192	99.0	+	0	0	513I192M666I	1069592 HMPMockV1.1.Even1_1196	1039016
L	748	1374	*	*	*	*	*	1081058	*
H	748	193	100.0	+	0	0	515I193M666I	1081058 HMPMockV1.2.Staggered1_6588	1081058
L	71484	1373	*	*	*	*	*	1041570	*
H	71484	193	98.4	+	0	0	514I193M666I	1081058 HMPMockV1.2.Staggered1_6588	1041570
L	48948	1490	*	*	*	*	*	137056	*
H	48948	193	99.5	+	0	0	512I193M785I	1081058 HMPMockV1.2.Staggered1_6588	137056
L	46903	1415	*	*	*	*	*	152001	*
H	46903	193	97.9	+	0	0	474I193M748I	1112200 HMPMockV1.2.Staggered1_5800	152001
L	61754	1376	*	*	*	*	*	989990	*
H	61754	193	96.9	+	0	0	513I193M670I	1112200 HMPMockV1.2.Staggered1_5800	989990
L	68397	1371	*	*	*	*	*	870751	*
H	68397	193	97.9	+	0	0	513I193M665I	1112200 HMPMockV1.2.Staggered1_5800	870751
L	7286	1403	*	*	*	*	*	614083	*
H	7286	191	97.9	+	0	0	533I191M679I	1121111 HMPMockV1.1.Even2_3982	614083
L	19499	1503	*	*	*	*	*	356733	*
H	19499	191	97.9	+	0	0	513I191M799I	1121111 HMPMockV1.1.Even2_3982	356733
H	18423	191	97.9	+	0	0	532I191M761I	1121111 HMPMockV1.1.Even2_3982	403068
L	85310	1391	*	*	*	*	*	4362942	*
H	85310	190	98.9	+	0	0	531I190M670I	113773 HMPMockV1.1.Even2_3406	4362942
L	51807	1463	*	*	*	*	*	100039	*
H	51807	190	95.3	+	0	0	552I67MI123M720I	113773 HMPMockV1.1.Even2_3406	100039
L	28159	1421	*	*	*	*	*	295146	*
H	28159	190	99.5	+	0	0	545I77MI113M685I	113773 HMPMockV1.1.Even2_3406	295146
L	28181	1389	*	*	*	*	*	295053	*
H	28181	193	100.0	+	0	0	519I193M677I	114510 HMPMockV1.2.Staggered1_5552	295053
L	28584	1399	*	*	*	*	*	292289	*
H	28584	193	100.0	+	0	0	524I193M682I	114510 HMPMockV1.2.Staggered1_5552	292289
L	57485	1441	*	*	*	*	*	1663575	*
H	57485	193	100.0	+	0	0	504I193M744I	114510 HMPMockV1.2.Staggered1_5552	1663575
L	55311	1388	*	*	*	*	*	12574	*
H	55311	193	100.0	+	0	0	423I193M772I	12574 HMPMockV1.1.Even1_694	12574
L	54746	1489	*	*	*	*	*	23149	*
H	54746	193	96.9	+	0	0	506I193M790I	12574 HMPMockV1.1.Even1_694	23149
L	84172	1442	*	*	*	*	*	4350499	*
H	84172	193	97.9	+	0	0	495I17MD73MI102M754I	12574 HMPMockV1.1.Even1_694	4350499
L	49625	1505	*	*	*	*	*	128604	*
H	49625	193	100.0	+	0	0	502I193M810I	128604 HMPMockV1.1.Even1_554	128604
L	44905	1399	*	*	*	*	*	170011	*
H	44905	193	97.4	+	0	0	472I193M734I	128604 HMPMockV1.1.Even1_554	170011
H	18423	191	99.0	+	0	0	532I191M761I	137056 HMPMockV1.2.Staggered1_6113	403068
H	84129	191	99.0	+	0	0	484I11MI27MI17MI136M746I	137056 HMPMockV1.2.Staggered1_6113	4349934
H	19499	191	99.0	+	0	0	513I191M799I	137056 HMPMockV1.2.Staggered1_6113	356733
L	5123	1493	*	*	*	*	*	767863	*
H	5123	193	96.9	+	0	0	518I193M782I	138389 HMPMockV1.1.Even2_3850	767863
L	18057	1503	*	*	*	*	*	444962	*
H	18057	193	95.3	+	0	0	525I193M785I	138389 HMPMockV1.1.Even2_3850	444962
L	67217	1479	*	*	*	*	*	2850580	*
H	67217	193	96.4	+	0	0	501I193M785I	138389 HMPMockV1.1.Even2_3850	2850580
L	6089	1515	*	*	*	*	*	697578	*
H	6089	193	97.4	+	0	0	536I193M786I	149265 HMPMockV1.2.Staggered2_7516	697578
L	59381	1431	*	*	*	*	*	1891556	*
H	59381	193	98.4	+	0	0	491I193M747I	149265 HMPMockV1.2.Staggered2_7516	1891556
L	18912	1424	*	*	*	*	*	366926	*
H	18912	193	98.4	+	0	0	514I193M717I	149265 HMPMockV1.2.Staggered2_7516	366926
L	43131	1361	*	*	*	*	*	181589	*
H	43131	190	98.9	+	0	0	420I190M751I	152001 HMPMockV1.1.Even2_3537	181589
L	80534	1458	*	*	*	*	*	4312974	*
H	80534	190	99.5	+	0	0	511I190M757I	152001 HMPMockV1.1.Even2_3537	4312974
L	80533	1506	*	*	*	*	*	4312969	*
H	80533	190	99.5	+	0	0	534I23MI167M781I	152001 HMPMockV1.1.Even2_3537	4312969
L	790	1373	*	*	*	*	*	1076316	*
H	790	193	99.5	+	0	0	514I193M666I	153046 HMPMockV1.2.Staggered1_5921	1076316
L	2028	1373	*	*	*	*	*	934488	*
H	2028	193	99.5	+	0	0	513I193M667I	153046 HMPMockV1.2.Staggered1_5921	934488
L	16153	1385	*	*	*	*	*	524292	*
H	16153	193	99.0	+	0	0	505I193M687I	153046 HMPMockV1.2.Staggered1_5921	524292
L	94838	1441	*	*	*	*	*	4463224	*
H	94838	194	99.0	+	0	0	483I194M764I	1550056 HMPMockV1.2.Staggered1_5675	4463224
L	7771	1415	*	*	*	*	*	591907	*
H	7771	194	99.0	+	0	0	483I194M738I	1550056 HMPMockV1.2.Staggered1_5675	591907
L	3970	1472	*	*	*	*	*	816470	*
H	3970	194	99.0	+	0	0	513I194M765I	1550056 HMPMockV1.2.Staggered1_5675	816470
L	46121	1359	*	*	*	*	*	158047	*
H	46121	192	99.0	+	0	0	421I192M746I	158047 HMPMockV1.1.Even2_3136	158047
L	91462	1390	*	*	*	*	*	4427114	*
H	91462	192	99.0	+	0	0	481I192M717I	158047 HMPMockV1.1.Even2_3136	4427114
L	74529	1513	*	*	*	*	*	3773438	*
H	74529	192	98.4	+	0	0	514I192M807I	158047 HMPMockV1.1.Even2_3136	3773438
L	65989	1371	*	*	*	*	*	1086805	*
H	65989	192	97.9	+	0	0	513I192M666I	164413 HMPMockV1.1.Even2_5333	1086805
L	18091	1510	*	*	*	*	*	441155	*
H	18091	192	96.9	+	0	0	533I192M785I	164413 HMPMockV1.1.Even2_5333	441155
L	77398	1411	*	*	*	*	*	4130483	*
H	77398	192	96.9	+	0	0	513I192M706I	164413 HMPMockV1.1.Even2_5333	4130483
L	49979	1390	*	*	*	*	*	114166	*
H	49979	190	95.3	+	0	0	517I190M683I	164612 HMPMockV1.1.Even1_565	114166
L	71132	1462	*	*	*	*	*	809991	*
H	71132	190	96.3	+	0	0	532I190M740I	164612 HMPMockV1.1.Even1_565	809991
H	80533	190	98.4	+	0	0	534I23MI167M781I	164612 HMPMockV1.1.Even1_565	4312969
L	87596	1439	*	*	*	*	*	4387208	*
H	87596	193	99.0	+	0	0	529I193M717I	1756274 HMPMockV1.1.Even1_140	4387208
L	8832	1413	*	*	*	*	*	584241	*
H	8832	193	100.0	+	0	0	443I193M777I	1756274 HMPMockV1.1.Even1_140	584241
L	8223	1406	*	*	*	*	*	588755	*
H	8223	193	100.0	+	0	0	544I193M669I	1756274 HMPMockV1.1.Even1_140	588755
L	22346	1434	*	*	*	*	*	335967	*
H	22346	190	99.5	+	0	0	559I190M685I	187233 HMPMockV1.1.Even1_1184	335967
L	21503	1429	*	*	*	*	*	342014	*
H	21503	190	99.5	+	0	0	555I190M684I	187233 HMPMockV1.1.Even1_1184	342014
L	60285	1476	*	*	*	*	*	1995182	*
H	60285	190	99.5	+	0	0	532I190M754I	187233 HMPMockV1.1.Even1_1184	1995182
L	30146	1371	*	*	*	*	*	277071	*
H	30146	190	100.0	+	0	0	498I190M683I	1891556 HMPMockV1.1.Even1_516	277071
H	59381	190	100.0	+	0	0	491I190M750I	1891556 HMPMockV1.1.Even1_516	1891556
L	12669	1458	*	*	*	*	*	554916	*
H	12669	190	100.0	+	0	0	528I190M740I	1891556 HMPMockV1.1.Even1_516	554916
H	18423	193	100.0	+	0	0	532I193M759I	1995363 HMPMockV1.1.Even1_2	403068
H	84129	193	100.0	+	0	0	484I11MI27MI17MI138M744I	1995363 HMPMockV1.1.Even1_2	4349934
H	19499	193	100.0	+	0	0	513I193M797I	1995363 HMPMockV1.1.Even1_2	356733
L	37736	1419	*	*	*	*	*	219826	*
H	37736	189	100.0	+	0	0	520I189M710I	219151 HMPMockV1.1.Even1_27	219826
L	37797	1401	*	*	*	*	*	219151	*
H	37797	189	100.0	+	0	0	508I189M704I	219151 HMPMockV1.1.Even1_27	219151
L	11747	1492	*	*	*	*	*	562084	*
H	11747	189	99.5	+	0	0	511I189M792I	219151 HMPMockV1.1.Even1_27	562084
L	55085	1467	*	*	*	*	*	14903	*
H	55085	189	96.3	+	0	0	504I189M774I	227083 HMPMockV1.2.Staggered1_6436	14903
L	93236	1411	*	*	*	*	*	4446058	*
H	93236	189	97.9	+	0	0	485I189M737I	227083 HMPMockV1.2.Staggered1_6436	4446058
L	36927	1512	*	*	*	*	*	227083	*
H	36927	189	98.4	+	0	0	532I189M791I	227083 HMPMockV1.2.Staggered1_6436	227083
L	31317	1434	*	*	*	*	*	269901	*
H	31317	193	100.0	+	0	0	520I53MI140M720I	242070 HMPMockV1.1.Even1_59	269901
L	37142	1479	*	*	*	*	*	225284	*
H	37142	193	100.0	+	0	0	519I193M767I	242070 HMPMockV1.1.Even1_59	225284
L	37168	1458	*	*	*	*	*	225088	*
H	37168	193	100.0	+	0	0	498I193M767I	242070 HMPMockV1.1.Even1_59	225088
H	37168	189	99.5	+	0	0	498I189M771I	269901 HMPMockV1.1.Even1_366	225088
L	37210	1526	*	*	*	*	*	224745	*
H	37210	189	99.5	+	0	0	518I189M819I	269901 HMPMockV1.1.Even1_366	224745
H	37142	189	99.5	+	0	0	519I189M771I	269901 HMPMockV1.1.Even1_366	225284
L	47275	1514	*	*	*	*	*	149265	*
H	47275	193	100.0	+	0	0	536I193M785I	2874742 HMPMockV1.1.Even1_107	149265
L	48835	1504	*	*	*	*	*	137961	*
H	48835	193	100.0	+	0	0	530I193M781I	2874742 HMPMockV1.1.Even1_107	137961
H	94838	193	100.0	+	0	0	483I193M765I	2874742 HMPMockV1.1.Even1_107	4463224
H	18423	199	100.0	+	0	0	532I199M753I	2896107 HMPMockV1.1.Even1_67	403068
H	84129	199	100.0	+	0	0	484I11MI27MI17MI144M738I	2896107 HMPMockV1.1.Even1_67	4349934
H	19499	199	100.0	+	0	0	513I199M791I	2896107 HMPMockV1.1.Even1_67	356733
H	84129	190	99.5	+	0	0	484I11MI27MI17MI135M747I	356733 HMPMockV1.1.Even1_1461	4349934
L	67596	1421	*	*	*	*	*	2896107	*
H	67596	190	99.5	+	0	0	488I190M743I	356733 HMPMockV1.1.Even1_1461	2896107
H	792	190	99.5	+	0	0	512I190M669I	356733 HMPMockV1.1.Even1_1461	1075891
H	18423	193	99.0	+	0	0	532I193M759I	368134 HMPMockV1.1.Even2_5087	403068
H	84129	193	99.0	+	0	0	484I11MI27MI17MI138M744I	368134 HMPMockV1.1.Even2_5087	4349934
H	19499	193	99.0	+	0	0	513I193M797I	368134 HMPMockV1.1.Even2_5087	356733
H	19499	191	99.0	+	0	0	513I191M799I	4130483 HMPMockV1.1.Even1_339	356733
H	80533	191	99.0	+	0	0	534I23MI168M780I	4130483 HMPMockV1.1.Even1_339	4312969
H	2028	191	99.0	+	0	0	513I191M669I	4130483 HMPMockV1.1.Even1_339	934488
L	78989	1498	*	*	*	*	*	4297222	*
H	78989	189	100.0	+	0	0	519I9MI14MI166M788I	4297222 HMPMockV1.1.Even1_190	4297222
L	80879	1413	*	*	*	*	*	4315958	*
H	80879	189	100.0	+	0	0	540I189M684I	4297222 HMPMockV1.1.Even1_190	4315958
L	82091	1455	*	*	*	*	*	4329215	*
H	82091	189	99.5	+	0	0	520I189M746I	4297222 HMPMockV1.1.Even1_190	4329215
H	78989	192	97.4	+	0	0	519I9MI14MI169M785I	4315958 HMPMockV1.2.Staggered2_7586	4297222
H	80879	192	97.4	+	0	0	540I192M681I	4315958 HMPMockV1.2.Staggered2_7586	4315958
H	82091	192	96.9	+	0	0	520I192M743I	4315958 HMPMockV1.2.Staggered2_7586	4329215
H	5123	193	96.9	+	0	0	518I193M782I	4316928 HMPMockV1.2.Staggered1_5849	767863
L	707	1371	*	*	*	*	*	1084906	*
H	707	193	95.9	+	0	0	513I58MD134M666I	4316928 HMPMockV1.2.Staggered1_5849	1084906
L	18395	1514	*	*	*	*	*	405676	*
H	18395	193	96.9	+	0	0	534I193M787I	4316928 HMPMockV1.2.Staggered1_5849	405676
L	5141	1472	*	*	*	*	*	766563	*
H	5141	193	99.5	+	0	0	513I193M766I	4365141 HMPMockV1.1.Even2_5097	766563
L	85517	1531	*	*	*	*	*	4365141	*
H	85517	193	99.5	+	0	0	521I193M817I	4365141 HMPMockV1.1.Even2_5097	4365141
L	67364	1371	*	*	*	*	*	763362	*
H	67364	193	99.0	+	0	0	454I193M724I	4365141 HMPMockV1.1.Even2_5097	763362
L	29360	1384	*	*	*	*	*	287558	*
H	29360	193	99.0	+	0	0	509I193M682I	4380971 HMPMockV1.1.Even1_31	287558
L	72852	1361	*	*	*	*	*	3552067	*
H	72852	193	99.0	+	0	0	497I193M671I	4380971 HMPMockV1.1.Even1_31	3552067
L	93013	1376	*	*	*	*	*	4443307	*
H	93013	193	99.0	+	0	0	507I193M676I	4380971 HMPMockV1.1.Even1_31	4443307
H	18091	191	100.0	+	0	0	533I191M786I	441155 HMPMockV1.1.Even1_642	441155
H	18423	191	99.5	+	0	0	532I191M761I	441155 HMPMockV1.1.Even1_642	403068
H	792	191	99.5	+	0	0	512I191M668I	441155 HMPMockV1.1.Even1_642	1075891
L	90432	1514	*	*	*	*	*	4416988	*
H	90432	193	100.0	+	0	0	534I193M787I	4416988 HMPMockV1.1.Even1_99	4416988
L	95604	1402	*	*	*	*	*	4471122	*
H	95604	193	98.4	+	0	0	412I159MI34M796I	4416988 HMPMockV1.1.Even1_99	4471122
L	38994	1455	*	*	*	*	*	206803	*
H	38994	193	98.4	+	0	0	499I193M763I	4416988 HMPMockV1.1.Even1_99	206803
L	81233	1353	*	*	*	*	*	4319637	*
H	81233	193	95.3	+	0	0	418I193M742I	4427114 HMPMockV1.2.Staggered1_6284	4319637
L	9388	1406	*	*	*	*	*	580342	*
H	9388	193	95.3	+	0	0	534I193M679I	4427114 HMPMockV1.2.Staggered1_6284	580342
L	89577	1452	*	*	*	*	*	4407979	*
H	89577	193	95.3	+	0	0	489I193M770I	4427114 HMPMockV1.2.Staggered1_6284	4407979
L	62057	1344	*	*	*	*	*	918139	*
H	62057	199	98.5	+	0	0	484I199M661I	4438739 HMPMockV1.1.Even2_5514	918139
L	8541	1345	*	*	*	*	*	586355	*
H	8541	199	98.5	+	0	0	506I199M640I	4438739 HMPMockV1.1.Even2_5514	586355
L	93352	1485	*	*	*	*	*	4447394	*
H	93352	199	98.5	+	0	0	418I199M868I	4438739 HMPMockV1.1.Even2_5514	4447394
L	92734	1541	*	*	*	*	*	4440404	*
H	92734	189	100.0	+	0	0	531I189M821I	4440404 HMPMockV1.1.Even1_345	4440404
L	17856	1544	*	*	*	*	*	470724	*
H	17856	189	98.4	+	0	0	534I189M821I	4440404 HMPMockV1.1.Even1_345	470724
L	94022	1384	*	*	*	*	*	4454356	*
H	94022	189	98.9	+	0	0	522I189M673I	4440404 HMPMockV1.1.Even1_345	4454356
L	19330	1341	*	*	*	*	*	359750	*
H	19330	191	99.0	+	0	0	484I191M666I	4445673 HMPMockV1.1.Even1_797	359750
L	24249	1377	*	*	*	*	*	322130	*
H	24249	191	99.0	+	0	0	500I191M686I	4445673 HMPMockV1.1.Even1_797	322130
L	93482	1407	*	*	*	*	*	4448928	*
H	93482	191	98.4	+	0	0	470I23MI168M745I	4445673 HMPMockV1.1.Even1_797	4448928
L	17881	1474	*	*	*	*	*	465079	*
H	17881	200	97.0	+	0	0	532I200M742I	519673 HMPMockV1.1.Even2_4567	465079
L	1789	1368	*	*	*	*	*	960695	*
H	1789	200	97.0	+	0	0	513I200M655I	519673 HMPMockV1.1.Even2_4567	960695
L	18100	1513	*	*	*	*	*	439908	*
H	18100	200	96.0	+	0	0	534I200M779I	519673 HMPMockV1.1.Even2_4567	439908
L	15532	1433	*	*	*	*	*	532163	*
H	15532	193	100.0	+	0	0	471I193M769I	532163 HMPMockV1.1.Even1_154	532163
L	60310	1471	*	*	*	*	*	2000709	*
H	60310	193	99.0	+	0	0	478I193M800I	532163 HMPMockV1.1.Even1_154	2000709
L	74241	1419	*	*	*	*	*	831098	*
H	74241	193	99.0	+	0	0	449I193M777I	532163 HMPMockV1.1.Even1_154	831098
H	37797	193	99.0	+	0	0	508I193M700I	552922 HMPMockV1.1.Even2_4853	219151
L	12912	1496	*	*	*	*	*	552922	*
H	12912	193	99.0	+	0	0	522I193M781I	552922 HMPMockV1.1.Even2_4853	552922
H	37736	193	99.0	+	0	0	520I193M706I	552922 HMPMockV1.1.Even2_4853	219826
H	18100	189	98.4	+	0	0	534I189M790I	617833 HMPMockV1.2.Staggered2_7482	439908
H	7286	189	98.4	+	0	0	533I189M681I	617833 HMPMockV1.2.Staggered2_7482	614083
L	72662	1372	*	*	*	*	*	953758	*
H	72662	189	97.9	+	0	0	513I189M670I	617833 HMPMockV1.2.Staggered2_7482	953758
H	84129	190	99.5	+	0	0	484I11MI27MI17MI135M747I	630141 HMPMockV1.1.Even1_146	4349934
H	67596	190	99.5	+	0	0	488I190M743I	630141 HMPMockV1.1.Even1_146	2896107
H	792	190	99.5	+	0	0	512I190M669I	630141 HMPMockV1.1.Even1_146	1075891
H	5123	192	98.4	+	0	0	518I192M783I	767863 HMPMockV1.2.Staggered1_6591	767863
H	18057	192	97.9	+	0	0	525I192M786I	767863 HMPMockV1.2.Staggered1_6591	444962
H	9388	192	96.9	+	0	0	534I192M680I	767863 HMPMockV1.2.Staggered1_6591	580342
L	1131	1374	*	*	*	*	*	1039477	*
H	1131	191	97.9	+	0	0	513I191M670I	894774 HMPMockV1.2.Staggered1_6470	1039477
L	18844	1503	*	*	*	*	*	368134	*
H	18844	191	97.9	+	0	0	513I191M799I	894774 HMPMockV1.2.Staggered1_6470	368134
L	962	1373	*	*	*	*	*	1057402	*
H	962	191	97.9	+	0	0	513I191M669I	894774 HMPMockV1.2.Staggered1_6470	1057402
L	22030	1443	*	*	*	*	*	338191	*
H	22030	201	96.5	+	0	0	482I182M2D10MD6M763I	919490 HMPMockV1.1.Even2_3252	338191
L	60970	1373	*	*	*	*	*	919490	*
H	60970	201	98.5	+	0	0	514I201M658I	919490 HMPMockV1.1.Even2_3252	919490
H	19499	201	98.0	+	0	0	513I201M789I	919490 HMPMockV1.1.Even2_3252	356733
L	70467	1429	*	*	*	*	*	3252211	*
H	70467	190	97.9	+	0	0	485I134MI14MI35MI7M751I	923151 HMPMockV1.2.Staggered1_6500	3252211
H	1131	190	97.4	+	0	0	513I190M671I	923151 HMPMockV1.2.Staggered1_6500	1039477
L	71134	1370	*	*	*	*	*	1040220	*
H	71134	190	97.4	+	0	0	513I190M667I	923151 HMPMockV1.2.Staggered1_6500	1040220
L	71523	1451	*	*	*	*	*	3385021	*
H	71523	202	99.5	+	0	0	500I202M749I	928538 HMPMockV1.1.Even1_115	3385021
H	67596	202	99.5	+	0	0	488I202M731I	928538 HMPMockV1.1.Even1_115	2896107
H	1646	202	99.0	+	0	0	513I202M658I	928538 HMPMockV1.1.Even1_115	977188
H	18423	192	99.5	+	0	0	532I192M760I	939252 HMPMockV1.1.Even2_3899	403068
H	84129	192	99.5	+	0	0	484I11MI27MI17MI137M745I	939252 HMPMockV1.1.Even2_3899	4349934
H	19499	192	99.5	+	0	0	513I192M798I	939252 HMPMockV1.1.Even2_3899	356733
H	72662	193	100.0	+	0	0	513I193M666I	953758 HMPMockV1.1.Even2_4205	953758
L	56888	1475	*	*	*	*	*	630141	*
H	56888	193	99.5	+	0	0	515I193M767I	953758 HMPMockV1.1.Even2_4205	630141
H	67596	193	99.5	+	0	0	488I193M740I	953758 HMPMockV1.1.Even2_4205	2896107
H	7286	190	98.4	+	0	0	533I190M680I	977188 HMPMockV1.1.Even1_1902	614083
L	709	1371	*	*	*	*	*	1084865	*
H	709	190	98.4	+	0	0	513I190M668I	977188 HMPMockV1.1.Even1_1902	1084865
H	48948	190	98.4	+	0	0	512I190M788I	977188 HMPMockV1.1.Even1_1902	137056
H	16153	194	98.5	+	0	0	505I194M686I	979261 HMPMockV1.2.Staggered1_6077	524292
L	18636	1372	*	*	*	*	*	377874	*
H	18636	194	99.0	+	0	0	513I194M665I	979261 HMPMockV1.2.Staggered1_6077	377874
H	46903	194	99.0	+	0	0	474I194M747I	979261 HMPMockV1.2.Staggered1_6077	152001
L	1577	1373	*	*	*	*	*	984924	*
H	1577	201	99.0	+	0	0	514I201M658I	984924 HMPMockV1.1.Even2_3417	984924
L	83705	1455	*	*	*	*	*	4345285	*
H	83705	201	98.5	+	0	0	488I201M766I	984924 HMPMockV1.1.Even2_3417	4345285
L	45366	1414	*	*	*	*	*	164612	*
H	45366	201	97.5	+	0	0	513I201M700I	984924 HMPMockV1.1.Even2_3417	164612
L	64793	1372	*	*	*	*	*	996487	*
H	64793	194	99.0	+	0	0	513I194M665I	996487 HMPMockV1.1.Even1_419	996487
H	67596	194	98.5	+	0	0	488I194M739I	996487 HMPMockV1.1.Even1_419	2896107
H	18844	194	98.5	+	0	0	513I194M796I	996487 HMPMockV1.1.Even1_419	368134
L	73947	1480	*	*	*	*	*	759349	*
H	73947	189	99.5	+	0	0	546I189M745I	99882 HMPMockV1.1.Even1_863	759349
L	71684	1477	*	*	*	*	*	839152	*
H	71684	189	99.5	+	0	0	525I189M763I	99882 HMPMockV1.1.Even1_863	839152
L	7899	1383	*	*	*	*	*	590982	*
H	7899	189	99.5	+	0	0	524I189M670I	99882 HMPMockV1.1.Even1_863	590982
L	12006	1365	*	*	*	*	*	560075	*
H	12006	190	95.3	+	0	0	485I12MD9M2D166M693I	New.CleanUp.ReferenceOTU0 HMPMockV1.2.Staggered1_6336	560075
L	37731	1420	*	*	*	*	*	219900	*
H	37731	190	96.3	+	0	0	520I190M710I	New.CleanUp.ReferenceOTU0 HMPMockV1.2.Staggered1_6336	219900
L	37721	1477	*	*	*	*	*	220012	*
H	37721	190	96.3	+	0	0	505I190M782I	New.CleanUp.ReferenceOTU0 HMPMockV1.2.Staggered1_6336	220012
H	1789	189	96.8	+	0	0	513I189M666I	New.CleanUp.ReferenceOTU10 HMPMockV1.2.Staggered2_7545	960695
H	84129	189	96.8	+	0	0	484I8MI30MI17MI134M748I	New.CleanUp.ReferenceOTU10 HMPMockV1.2.Staggered2_7545	4349934
L	65069	1373	*	*	*	*	*	917156	*
H	65069	189	95.8	+	0	0	513I93MI96M670I	New.CleanUp.ReferenceOTU10 HMPMockV1.2.Staggered2_7545	917156
H	15532	193	96.9	+	0	0	471I193M769I	New.CleanUp.ReferenceOTU2 HMPMockV1.2.Staggered1_6331	532163
H	60310	193	95.9	+	0	0	478I193M800I	New.CleanUp.ReferenceOTU2 HMPMockV1.2.Staggered1_6331	2000709
L	63879	1370	*	*	*	*	*	894774	*
H	63879	190	95.3	+	0	0	513I190M667I	New.CleanUp.ReferenceOTU27 HMPMockV1.2.Staggered1_6584	894774
L	67382	1370	*	*	*	*	*	1016923	*
H	67382	190	95.8	+	0	0	513I190M667I	New.CleanUp.ReferenceOTU27 HMPMockV1.2.Staggered1_6584	1016923
H	16153	190	96.3	+	0	0	505I190M690I	New.CleanUp.ReferenceOTU27 HMPMockV1.2.Staggered1_6584	524292
N	*	191	*	*	*	*	*	New.CleanUp.ReferenceOTU36 HMPMockV1.1.Even2_5291	*
L	74945	1519	*	*	*	*	*	1133367	*
H	74945	189	95.2	+	0	0	530I189M800I	New.CleanUp.ReferenceOTU39 HMPMockV1.1.Even1_971	1133367
H	59032	189	96.3	+	0	0	513I189M669I	New.CleanUp.ReferenceOTU39 HMPMockV1.1.Even1_971	1039016
L	46512	1518	*	*	*	*	*	155345	*
H	46512	189	95.2	+	0	0	536I189M793I	New.CleanUp.ReferenceOTU39 HMPMockV1.1.Even1_971	155345
D	748	2	*	*	*	*	100.0	1081058	*
D	792	3	*	*	*	*	99.5	1075891	*
D	962	2	*	*	*	*	97.9	1057402	*
D	1577	2	*	*	*	*	99.0	984924	*
D	1789	2	*	*	*	*	97.0	960695	*
D	2028	3	*	*	*	*	99.2	934488	*
D	3970	2	*	*	*	*	99.0	816470	*
D	5123	3	*	*	*	*	97.7	767863	*
D	7286	2	*	*	*	*	98.4	614083	*
D	7899	2	*	*	*	*	99.5	590982	*
D	8223	2	*	*	*	*	100.0	588755	*
D	8519	2	*	*	*	*	98.4	586458	*
D	12669	2	*	*	*	*	100.0	554916	*
D	15532	3	*	*	*	*	98.4	532163	*
D	16153	2	*	*	*	*	96.3	524292	*
D	17732	2	*	*	*	*	98.4	503354	*
D	18091	2	*	*	*	*	100.0	441155	*
D	18395	2	*	*	*	*	96.9	405676	*
D	18423	2	*	*	*	*	97.9	403068	*
D	18912	2	*	*	*	*	98.4	366926	*
D	19499	6	*	*	*	*	99.5	356733	*
D	24249	2	*	*	*	*	99.0	322130	*
D	28159	2	*	*	*	*	99.5	295146	*
D	36927	2	*	*	*	*	98.4	227083	*
D	37142	2	*	*	*	*	99.5	225284	*
D	37168	2	*	*	*	*	100.0	225088	*
D	37721	2	*	*	*	*	96.3	220012	*
D	37736	2	*	*	*	*	99.0	219826	*
D	37797	2	*	*	*	*	100.0	219151	*
D	46903	2	*	*	*	*	99.0	152001	*
D	48948	2	*	*	*	*	98.4	137056	*
D	49625	2	*	*	*	*	100.0	128604	*
D	55311	2	*	*	*	*	100.0	12574	*
D	57485	2	*	*	*	*	100.0	1663575	*
D	59032	3	*	*	*	*	97.6	1039016	*
D	60285	2	*	*	*	*	99.5	1995182	*
D	60970	2	*	*	*	*	98.5	919490	*
D	63856	2	*	*	*	*	99.0	1068955	*
D	64447	2	*	*	*	*	99.5	1055132	*
D	64793	2	*	*	*	*	99.0	996487	*
D	65989	2	*	*	*	*	97.9	1086805	*
D	67596	2	*	*	*	*	99.5	2896107	*
D	68397	2	*	*	*	*	97.9	870751	*
D	68518	2	*	*	*	*	95.4	811179	*
D	69895	2	*	*	*	*	99.0	1059977	*
D	70467	2	*	*	*	*	97.9	3252211	*
D	72662	2	*	*	*	*	100.0	953758	*
D	80533	3	*	*	*	*	98.9	4312969	*
D	80879	3	*	*	*	*	98.7	4315958	*
D	84129	2	*	*	*	*	96.8	4349934	*
D	85517	2	*	*	*	*	99.5	4365141	*
D	89577	2	*	*	*	*	95.3	4407979	*
D	90432	2	*	*	*	*	100.0	4416988	*
D	91462	2	*	*	*	*	99.0	4427114	*
D	92734	2	*	*	*	*	100.0	4440404	*
D	93013	2	*	*	*	*	99.0	4443307	*
D	93352	2	*	*	*	*	98.5	4447394	*
D	94838	2	*	*	*	*	100.0	4463224	*
