UclustConsensusTaxonAssigner parameters:
id_to_taxonomy_filepath:/Users/nbokulich/Desktop/ref_dbs/gg_13_8_otus/taxonomy/99_otu_taxonomy.txt
id_to_taxonomy_fp:/Users/nbokulich/Desktop/ref_dbs/gg_13_8_otus/taxonomy/99_otu_taxonomy.txt
max_accepts:3
min_consensus_fraction:0.76
reference_sequences_fp:/Users/nbokulich/Desktop/ref_dbs/gg_13_8_otus/rep_set/99_otus/dna-sequences.fasta
similarity:0.99
unassignable_label:Unassigned
Result path: /var/folders/0t/l1dz88p50y91vx_22fx5w3780000gn/T/assign-taxuUHFr6

.uc file contents:

# uclust --input /Users/nbokulich/Desktop/projects/short-read-tax-assignment/data/mock-community/mock-22/rep_seqs.fna --id 0.99 --rev --maxaccepts 3 --allhits --libonly --lib /Users/nbokulich/Desktop/ref_dbs/gg_13_8_otus/rep_set/99_otus/dna-sequences.fasta --uc /var/folders/0t/l1dz88p50y91vx_22fx5w3780000gn/T/UclustConsensusTaxonAssigner_mgZY7L.uc
# version=1.2.22
# Tab-separated fields:
# 1=Type, 2=ClusterNr, 3=SeqLength or ClusterSize, 4=PctId, 5=Strand, 6=QueryStart, 7=SeedStart, 8=Alignment, 9=QueryLabel, 10=TargetLabel
# Record types (field 1): L=LibSeed, S=NewSeed, H=Hit, R=Reject, D=LibCluster, C=NewCluster, N=NoHit
# For C and D types, PctId is average id with seed.
# QueryStart and SeedStart are zero-based relative to start of sequence.
# If minus strand, SeedStart is relative to reverse-complemented seed.
L	91413	250	*	*	*	*	*	162112	*
H	91413	231	100.0	+	0	0	231M19I	d03173933344f7959edc8d5fa2178b4b	162112
L	91315	250	*	*	*	*	*	162668	*
H	91315	231	99.1	+	0	0	231M19I	d03173933344f7959edc8d5fa2178b4b	162668
L	49429	250	*	*	*	*	*	335044	*
H	49429	231	100.0	+	0	0	231M19I	d03173933344f7959edc8d5fa2178b4b	335044
L	151932	250	*	*	*	*	*	3808430	*
H	151932	231	100.0	+	0	0	231M19I	b53806d2798866e54bc88919793f0143	3808430
L	17528	250	*	*	*	*	*	592641	*
H	17528	231	99.6	+	0	0	231M19I	b53806d2798866e54bc88919793f0143	592641
L	151870	250	*	*	*	*	*	3804871	*
H	151870	231	100.0	+	0	0	231M19I	b53806d2798866e54bc88919793f0143	3804871
L	150192	250	*	*	*	*	*	870406	*
H	150192	231	100.0	+	0	0	231M19I	675901e598409fba2ca88494be3463d3	870406
L	38442	250	*	*	*	*	*	505922	*
H	38442	231	100.0	+	0	0	231M19I	675901e598409fba2ca88494be3463d3	505922
L	157157	250	*	*	*	*	*	4113608	*
H	157157	231	100.0	+	0	0	231M19I	675901e598409fba2ca88494be3463d3	4113608
L	117642	250	*	*	*	*	*	1790218	*
H	117642	231	100.0	+	0	0	231M19I	2d4978cf246f2ee60cd5ddba9df73e8e	1790218
L	144139	250	*	*	*	*	*	3335289	*
H	144139	231	100.0	+	0	0	231M19I	2d4978cf246f2ee60cd5ddba9df73e8e	3335289
L	89576	250	*	*	*	*	*	171559	*
H	89576	231	99.1	+	0	0	38MD192M20I	2d4978cf246f2ee60cd5ddba9df73e8e	171559
L	38425	250	*	*	*	*	*	507594	*
H	38425	231	100.0	+	0	0	231M19I	333a40af36286f867e8e903e420016d4	507594
L	181599	250	*	*	*	*	*	4401652	*
H	181599	231	100.0	+	0	0	231M19I	333a40af36286f867e8e903e420016d4	4401652
L	3675	250	*	*	*	*	*	1004093	*
H	3675	231	100.0	+	0	0	231M19I	333a40af36286f867e8e903e420016d4	1004093
L	155727	250	*	*	*	*	*	631341	*
H	155727	231	100.0	+	0	0	231M19I	f347ed507374d3ad78e59ce519190b59	631341
L	196029	250	*	*	*	*	*	4474470	*
H	196029	231	99.1	+	0	0	231M19I	f347ed507374d3ad78e59ce519190b59	4474470
L	155279	250	*	*	*	*	*	687937	*
H	155279	231	99.1	+	0	0	231M19I	f347ed507374d3ad78e59ce519190b59	687937
L	77335	250	*	*	*	*	*	219151	*
H	77335	231	100.0	+	0	0	231M19I	47d01e6146062d4183e8b7db6a700475	219151
L	16999	250	*	*	*	*	*	606204	*
H	16999	231	100.0	+	0	0	231M19I	47d01e6146062d4183e8b7db6a700475	606204
L	77203	250	*	*	*	*	*	219826	*
H	77203	231	100.0	+	0	0	231M19I	47d01e6146062d4183e8b7db6a700475	219826
L	169931	250	*	*	*	*	*	4341595	*
H	169931	231	100.0	+	0	0	231M19I	1b736c9b2516e440141859f406d9a754	4341595
L	184603	250	*	*	*	*	*	4416988	*
H	184603	231	100.0	+	0	0	231M19I	1b736c9b2516e440141859f406d9a754	4416988
N	*	231	*	*	*	*	*	3510d5121df9f091d80df9d53c460170	*
L	24832	250	*	*	*	*	*	564332	*
H	24832	231	99.1	+	0	0	231M19I	42370bee07a419d0bf08a77c71eb71b2	564332
L	44093	250	*	*	*	*	*	356701	*
H	44093	231	99.6	+	0	0	231M19I	42370bee07a419d0bf08a77c71eb71b2	356701
L	109663	250	*	*	*	*	*	16258	*
H	109663	231	99.6	+	0	0	231M19I	42370bee07a419d0bf08a77c71eb71b2	16258
N	*	231	*	*	*	*	*	429c87d38cccaced346f5669cd76dd9c	*
N	*	231	*	*	*	*	*	383d67c7f618436f9731556d5148b4bb	*
N	*	231	*	*	*	*	*	e95f715d634bf05de7ea84afad3f9746	*
N	*	231	*	*	*	*	*	d1af4f8446d8a41975234d96ac7c51e8	*
N	*	231	*	*	*	*	*	1bba9bc44ca57e41a7fa5b96fcf4a792	*
L	98951	250	*	*	*	*	*	128604	*
H	98951	231	100.0	+	0	0	231M19I	94abfcc74e15148e81c3ecca47a75bed	128604
N	*	231	*	*	*	*	*	1d77d81bf8e4fa24b525987257dd5396	*
N	*	231	*	*	*	*	*	e17749b10816dd2810a5c28640cea363	*
N	*	231	*	*	*	*	*	f134cd502119dcd22f8337ba5e89667f	*
N	*	231	*	*	*	*	*	b8cc728644d1ee15082bc05ed841134a	*
L	121675	250	*	*	*	*	*	2026051	*
H	121675	231	99.1	+	0	0	231M19I	c9bf5c74d65804a3c12ee5f33a35ce53	2026051
L	187013	250	*	*	*	*	*	4428743	*
H	187013	231	99.6	+	0	0	231M19I	c9bf5c74d65804a3c12ee5f33a35ce53	4428743
L	58514	250	*	*	*	*	*	298427	*
H	58514	231	100.0	+	0	0	231M19I	c9bf5c74d65804a3c12ee5f33a35ce53	298427
N	*	231	*	*	*	*	*	2e1911ec10887839e6a2aeaa06669e54	*
N	*	231	*	*	*	*	*	bcc8ad1c4518db8cc3549258f5834d4a	*
N	*	231	*	*	*	*	*	574f20a3d7c71281fa40d64f27e6e22b	*
N	*	231	*	*	*	*	*	2077be704a8a81f1588f95a3b09504c3	*
N	*	231	*	*	*	*	*	a7ac04fb6dae5540438d7f5f9b626ca6	*
L	95957	250	*	*	*	*	*	143494	*
H	95957	231	100.0	+	0	0	I231M18I	f461aa828efb039d730b0e518c4f0aaa	143494
L	12388	250	*	*	*	*	*	773284	*
H	12388	231	100.0	+	0	0	I231M18I	f461aa828efb039d730b0e518c4f0aaa	773284
L	17547	250	*	*	*	*	*	592589	*
H	17547	231	99.6	+	0	0	I231M18I	f461aa828efb039d730b0e518c4f0aaa	592589
L	166988	250	*	*	*	*	*	4326794	*
H	166988	231	100.0	+	0	0	231M19I	2c5352f7ad9c99e93424ced5793b9f83	4326794
N	*	231	*	*	*	*	*	b98513444f750317f0dfff492b9d2cdc	*
N	*	231	*	*	*	*	*	947509aeb83689ba95645303eba19e9c	*
L	103152	250	*	*	*	*	*	100871	*
H	103152	231	99.1	+	0	0	231M19I	4669f785716df43aa86c9a990e619eb1	100871
L	141532	250	*	*	*	*	*	1059977	*
H	141532	231	99.6	+	0	0	231M19I	4669f785716df43aa86c9a990e619eb1	1059977
L	133879	250	*	*	*	*	*	1126851	*
H	133879	231	99.1	+	0	0	231M19I	4669f785716df43aa86c9a990e619eb1	1126851
N	*	231	*	*	*	*	*	75d67bcc37ff6bc3b89fce1ee8f1c372	*
N	*	231	*	*	*	*	*	f87fe98e3a70e14b5fa41cbe36d56d48	*
N	*	231	*	*	*	*	*	a67bb5740043b6e08858fa4edbfc8ed3	*
N	*	231	*	*	*	*	*	0c01877ee48a17ced09f7382bfdece9f	*
N	*	231	*	*	*	*	*	3295b7c2f9a047b89d14a6aff28d25da	*
N	*	231	*	*	*	*	*	88c84411a36fcd85de778f674566a98f	*
N	*	231	*	*	*	*	*	0fa12d8ac45f660abaf5ad66ba640700	*
L	156582	250	*	*	*	*	*	4083236	*
H	156582	231	100.0	+	0	0	231M19I	c00fd53d00e8e2e34b114980b98e280a	4083236
L	58769	250	*	*	*	*	*	297476	*
H	58769	231	100.0	+	0	0	231M19I	c00fd53d00e8e2e34b114980b98e280a	297476
L	54641	250	*	*	*	*	*	313521	*
H	54641	231	99.6	+	0	0	231M19I	c00fd53d00e8e2e34b114980b98e280a	313521
N	*	231	*	*	*	*	*	afb70b875bdbfe8eb05036c6761f2949	*
N	*	231	*	*	*	*	*	b7172bfd271404e546936636e86cba72	*
N	*	231	*	*	*	*	*	761f6e7e683272bb63343f32497e5140	*
N	*	231	*	*	*	*	*	0da786d0c2fa20926b44660a9ab2e8f0	*
N	*	231	*	*	*	*	*	071ccbf1a99312897fd4338f3aa15ee0	*
N	*	231	*	*	*	*	*	67e67721df6df05920b34c512038ccc0	*
N	*	231	*	*	*	*	*	b7dacef20fe1f1c854ea226f7e157205	*
N	*	231	*	*	*	*	*	8dbf4b0cb48736c8a406f28dfa64341f	*
N	*	231	*	*	*	*	*	01fdabbd95d79a1883887f5c64967e3b	*
N	*	231	*	*	*	*	*	08c616332ec73f76695bda6d1e8c1883	*
N	*	231	*	*	*	*	*	4aa1826b4bcccd4d1d8eae11fa66d439	*
N	*	231	*	*	*	*	*	0493483cc66975024c927c2356f762d9	*
N	*	231	*	*	*	*	*	077aa1b236fc782e8ec5d52d38d2217a	*
L	82163	250	*	*	*	*	*	194818	*
H	82163	231	100.0	+	0	0	231M19I	1820e6e409a195ddef6a8d62d7b5242b	194818
L	182354	250	*	*	*	*	*	4405656	*
H	182354	231	100.0	+	0	0	231M19I	1820e6e409a195ddef6a8d62d7b5242b	4405656
L	55932	250	*	*	*	*	*	308297	*
H	55932	231	100.0	+	0	0	231M19I	1820e6e409a195ddef6a8d62d7b5242b	308297
N	*	231	*	*	*	*	*	ca916522eb03925008ed1a573fccea4d	*
N	*	231	*	*	*	*	*	c551e3a305d51c1a3c56057d4b57d42a	*
N	*	231	*	*	*	*	*	00c46ec40d6e5ff13c931ab695422809	*
L	32614	250	*	*	*	*	*	532163	*
H	32614	231	100.0	+	0	0	231M19I	a0748d07684e299b7bb3fdb265e5de4a	532163
L	150648	250	*	*	*	*	*	831098	*
H	150648	231	99.1	+	0	0	231M19I	a0748d07684e299b7bb3fdb265e5de4a	831098
L	70196	250	*	*	*	*	*	252206	*
H	70196	231	100.0	+	0	0	231M19I	a0748d07684e299b7bb3fdb265e5de4a	252206
N	*	231	*	*	*	*	*	13193b19dd227e21a2b4404a93ef11a5	*
L	106041	250	*	*	*	*	*	71551	*
H	106041	231	99.6	+	0	0	231M19I	bbc6a536ea3427b5eeaa008fd43ff261	71551
L	7333	250	*	*	*	*	*	865357	*
H	7333	231	99.1	+	0	0	87MD143M20I	bbc6a536ea3427b5eeaa008fd43ff261	865357
L	34423	250	*	*	*	*	*	524626	*
H	34423	231	100.0	+	0	0	231M19I	bbc6a536ea3427b5eeaa008fd43ff261	524626
L	51986	250	*	*	*	*	*	324706	*
H	51986	231	99.6	+	0	0	231M19I	3f265921cb45d83b28ee286b154fc0d0	324706
L	121765	250	*	*	*	*	*	1133317	*
H	121765	231	100.0	+	0	0	231M19I	3f265921cb45d83b28ee286b154fc0d0	1133317
L	121762	250	*	*	*	*	*	645078	*
H	121762	231	100.0	+	0	0	231M19I	3f265921cb45d83b28ee286b154fc0d0	645078
N	*	231	*	*	*	*	*	3091d80f9a7330328732e0631ea8c41d	*
N	*	231	*	*	*	*	*	eac49ef763ca5d9009fa065899351d50	*
L	89405	250	*	*	*	*	*	172359	*
H	89405	231	99.6	+	0	0	231M19I	5f24d62e8caaa259b59cb08f7c7756df	172359
L	171709	250	*	*	*	*	*	4350748	*
H	171709	231	100.0	+	0	0	231M19I	5f24d62e8caaa259b59cb08f7c7756df	4350748
L	164764	250	*	*	*	*	*	4315958	*
H	164764	231	100.0	+	0	0	231M19I	5f24d62e8caaa259b59cb08f7c7756df	4315958
L	39624	250	*	*	*	*	*	439733	*
H	39624	231	99.1	+	0	0	231M19I	b85a7e5c0f73a4d651fa3e6f082ec9dd	439733
L	114117	250	*	*	*	*	*	864399	*
H	114117	231	99.1	+	0	0	231M19I	b85a7e5c0f73a4d651fa3e6f082ec9dd	864399
L	113122	250	*	*	*	*	*	963920	*
H	113122	231	100.0	+	0	0	231M19I	b85a7e5c0f73a4d651fa3e6f082ec9dd	963920
L	46763	250	*	*	*	*	*	345834	*
H	46763	231	99.6	+	0	0	231M19I	aa920529d931f31b07482715d415ac65	345834
L	46005	250	*	*	*	*	*	348940	*
H	46005	231	100.0	+	0	0	231M19I	aa920529d931f31b07482715d415ac65	348940
L	21647	250	*	*	*	*	*	577562	*
H	21647	231	99.6	+	0	0	231M19I	aa920529d931f31b07482715d415ac65	577562
N	*	231	*	*	*	*	*	d6aa78db03f112595ccf3de6e632a776	*
N	*	231	*	*	*	*	*	2fe0d49dde617cc794a5eac8643a224c	*
N	*	231	*	*	*	*	*	42250b23bbcf1e5ed9dd2406606994c3	*
L	165031	250	*	*	*	*	*	4317187	*
H	165031	231	99.6	+	0	0	231M19I	bbb2c82af14dff4b79b854e3e7a2d86a	4317187
L	165021	250	*	*	*	*	*	4317161	*
H	165021	231	100.0	+	0	0	231M19I	bbb2c82af14dff4b79b854e3e7a2d86a	4317161
L	195366	250	*	*	*	*	*	4471020	*
H	195366	231	100.0	+	0	0	231M19I	bbb2c82af14dff4b79b854e3e7a2d86a	4471020
N	*	231	*	*	*	*	*	fbd5df3b3d4c3a5432cb6f0cbd649ca1	*
N	*	231	*	*	*	*	*	6b57b00d3724d584038b912d5462b1a3	*
H	24832	231	99.6	+	0	0	231M19I	867a6a47b7304418cb43fb4a2e30d3d0	564332
H	44093	231	100.0	+	0	0	231M19I	867a6a47b7304418cb43fb4a2e30d3d0	356701
H	109663	231	100.0	+	0	0	231M19I	867a6a47b7304418cb43fb4a2e30d3d0	16258
N	*	231	*	*	*	*	*	27f00823dd0cf2a0b7fe15cd55c2b817	*
N	*	231	*	*	*	*	*	c44d66bffeacdbdfaf774e80a63a314c	*
H	117642	231	99.6	+	0	0	231M19I	fb6f70f872db41f24044c84b6f7a5844	1790218
H	144139	231	99.6	+	0	0	231M19I	fb6f70f872db41f24044c84b6f7a5844	3335289
L	156947	250	*	*	*	*	*	4102271	*
H	156947	231	99.6	+	0	0	231M19I	fb6f70f872db41f24044c84b6f7a5844	4102271
L	35663	250	*	*	*	*	*	519213	*
H	35663	231	99.6	+	0	0	231M19I	83da98c6bc8521e9c791aeced185cb15	519213
L	7334	250	*	*	*	*	*	865331	*
H	7334	231	100.0	+	0	0	231M19I	83da98c6bc8521e9c791aeced185cb15	865331
L	96276	250	*	*	*	*	*	142534	*
H	96276	231	100.0	+	0	0	231M19I	83da98c6bc8521e9c791aeced185cb15	142534
N	*	231	*	*	*	*	*	1c3e865d1fc5e0a8a0f78c8104960cca	*
N	*	231	*	*	*	*	*	598c0d78a56f4f34186a60a2096c8cbb	*
N	*	231	*	*	*	*	*	c4dc03896e8c65d0bbe4f472fbfda5f2	*
L	148226	250	*	*	*	*	*	3584703	*
H	148226	231	99.6	+	0	0	231M19I	78274e9a3a4f55de2e92f6e5d89a4865	3584703
L	195608	250	*	*	*	*	*	4472262	*
H	195608	231	100.0	+	0	0	231M19I	78274e9a3a4f55de2e92f6e5d89a4865	4472262
L	44094	250	*	*	*	*	*	356687	*
H	44094	231	100.0	+	0	0	231M19I	78274e9a3a4f55de2e92f6e5d89a4865	356687
N	*	231	*	*	*	*	*	220c846f12fd2f209cec1f6869147a6d	*
L	163611	250	*	*	*	*	*	4310500	*
H	163611	231	99.1	+	0	0	231M19I	9ca45f68f3c2a26d26b68740a86ad5c7	4310500
L	163659	250	*	*	*	*	*	4310771	*
H	163659	231	99.6	+	0	0	231M19I	9ca45f68f3c2a26d26b68740a86ad5c7	4310771
L	163709	250	*	*	*	*	*	4310940	*
H	163709	231	99.6	+	0	0	26MI205M18I	9ca45f68f3c2a26d26b68740a86ad5c7	4310940
L	103081	250	*	*	*	*	*	101118	*
H	103081	231	99.6	+	0	0	231M19I	bd0e04bba322ccdb0aeddbdc43ce1798	101118
L	163538	250	*	*	*	*	*	4310109	*
H	163538	231	100.0	+	0	0	231M19I	bd0e04bba322ccdb0aeddbdc43ce1798	4310109
L	16936	250	*	*	*	*	*	609022	*
H	16936	231	99.6	+	0	0	231M19I	bd0e04bba322ccdb0aeddbdc43ce1798	609022
N	*	231	*	*	*	*	*	6404c9d54337d9a3f5b3fb365af3671f	*
L	129678	250	*	*	*	*	*	865291	*
H	129678	231	99.1	+	0	0	231M19I	b5bc607a490a5a0e97594a97e5e3820b	865291
L	162849	250	*	*	*	*	*	4306991	*
H	162849	231	99.6	+	0	0	231M19I	b5bc607a490a5a0e97594a97e5e3820b	4306991
L	75194	250	*	*	*	*	*	229915	*
H	75194	231	99.1	+	0	0	231M19I	b5bc607a490a5a0e97594a97e5e3820b	229915
D	3675	2	*	*	*	*	100.0	1004093	*
D	12388	2	*	*	*	*	100.0	773284	*
D	34423	2	*	*	*	*	100.0	524626	*
D	44094	2	*	*	*	*	100.0	356687	*
D	46005	2	*	*	*	*	100.0	348940	*
D	49429	2	*	*	*	*	100.0	335044	*
D	55932	2	*	*	*	*	100.0	308297	*
D	58514	2	*	*	*	*	100.0	298427	*
D	58769	2	*	*	*	*	100.0	297476	*
D	70196	2	*	*	*	*	100.0	252206	*
D	77203	2	*	*	*	*	100.0	219826	*
D	96276	2	*	*	*	*	100.0	142534	*
D	98951	2	*	*	*	*	100.0	128604	*
D	109663	3	*	*	*	*	99.8	16258	*
D	113122	2	*	*	*	*	100.0	963920	*
D	121762	2	*	*	*	*	100.0	645078	*
D	141532	2	*	*	*	*	99.6	1059977	*
D	144139	2	*	*	*	*	100.0	3335289	*
D	151870	2	*	*	*	*	100.0	3804871	*
D	155727	2	*	*	*	*	100.0	631341	*
D	156947	2	*	*	*	*	99.6	4102271	*
D	157157	2	*	*	*	*	100.0	4113608	*
D	162849	2	*	*	*	*	99.6	4306991	*
D	163538	2	*	*	*	*	100.0	4310109	*
D	163709	2	*	*	*	*	99.6	4310940	*
D	164764	2	*	*	*	*	100.0	4315958	*
D	166988	2	*	*	*	*	100.0	4326794	*
D	184603	2	*	*	*	*	100.0	4416988	*
D	195366	2	*	*	*	*	100.0	4471020	*
