RtaxTaxonAssigner parameters:
Application:RTAX classifier
Citation:Soergel D.A.W., Dey N., Knight R., and Brenner S.E.  2012.  Selection of primers for optimal taxonomic classification of environmental 16S rRNA gene sequences.  ISME J (6), 1440-1444
amplicon_id_regex:(\S+)\s(\S+?)\s
header_id_regex:\S+\s(\S+?)\s
id_to_taxonomy_filepath:/home/nbokulic/gg_13_5/gg_13_5_otus/taxonomy/97_otu_taxonomy.txt
id_to_taxonomy_fp:/home/nbokulic/gg_13_5/gg_13_5_otus/taxonomy/97_otu_taxonomy.txt
no_single_ok_generic:False
read_1_seqs_fp:/home/nbokulic/sathish/S16S-2/sl/r3n0p75/seqs.fna
read_2_seqs_fp:None
read_id_regex:\S+\s+(\S+)
reference_sequences_fp:/home/nbokulic/gg_13_5/gg_13_5_otus/rep_set/97_otus.fasta
single_ok:False
RTAX: Rapid and accurate taxonomic classification of short paired-end
      sequence reads from the 16S ribosomal RNA gene.

David A. W. Soergel (1), Rob Knight (2), and Steven E. Brenner (1)

1 Department of Plant and Microbial Biology,
  University of California, Berkeley 
2 Howard Hughes Medical Institute and Department of Chemistry 
  and Biochemistry, University of Colorado at Boulder
* Corresponding author (current address): soergel@cs.umass.edu

Version 0.983  (August 21, 2012)

http://dev.davidsoergel.com/rtax

Please cite:
Soergel D.A.W., Dey N., Knight R., and Brenner S.E.  2012.
Selection of primers for optimal taxonomic classification of
environmental 16S rRNA gene sequences.  ISME J (6), 1440–1444

using usearch: /share/apps/qiime-1.6.0/bin/usearch

Header Regex: \S+\s(\S+?)\s
Index file /home/nbokulic/sathish/S16S-2/sl/r3n0p75/seqs.fna.pos already exists; assuming valid
file a only = 3545 sequences
file b only = 0 sequences
both        = 0 sequences
doSingleSearch 2: 3545 query sequences remaining
     searching with %id 0.01 and maxAccepts 1000
/share/apps/qiime-1.6.0/bin/usearch --quiet --global --iddef 2 --query 2 --db /home/nbokulic/gg_13_5/gg_13_5_otus/rep_set/97_otus.fasta --uc /tmp/79442.1.all.q/B_feaU7OBU/a --id 0.99 --maxaccepts 1000 --maxrejects 128 --nowordcountreject
doSingleSearch 2: Finished at pair threshold 0.01 and maxAccepts 1000
         NOHITS: 3313
    TOOMANYHITS: 0
Finished round at threshold 0.01; 3313 NOHIT, 0 TOOMANYHIT.
doSingleSearch 4: 3313 query sequences remaining
     searching with %id 0.02 and maxAccepts 1000
/share/apps/qiime-1.6.0/bin/usearch --quiet --global --iddef 2 --query 4 --db /home/nbokulic/gg_13_5/gg_13_5_otus/rep_set/97_otus.fasta --uc /tmp/79442.1.all.q/kuu3DkIhSU/a --id 0.98 --maxaccepts 1000 --maxrejects 128 --nowordcountreject
doSingleSearch 4: Finished at pair threshold 0.02 and maxAccepts 1000
         NOHITS: 3140
    TOOMANYHITS: 0
Finished round at threshold 0.02; 3140 NOHIT, 0 TOOMANYHIT.
doSingleSearch 5: 3140 query sequences remaining
     searching with %id 0.04 and maxAccepts 1000
/share/apps/qiime-1.6.0/bin/usearch --quiet --global --iddef 2 --query 5 --db /home/nbokulic/gg_13_5/gg_13_5_otus/rep_set/97_otus.fasta --uc /tmp/79442.1.all.q/sDsXNdRVCk/a --id 0.96 --maxaccepts 1000 --maxrejects 128 --nowordcountreject
doSingleSearch 5: Finished at pair threshold 0.04 and maxAccepts 1000
         NOHITS: 2272
    TOOMANYHITS: 0
Finished round at threshold 0.04; 2272 NOHIT, 0 TOOMANYHIT.
doSingleSearch 6: 2272 query sequences remaining
     searching with %id 0.08 and maxAccepts 1000
/share/apps/qiime-1.6.0/bin/usearch --quiet --global --iddef 2 --query 6 --db /home/nbokulic/gg_13_5/gg_13_5_otus/rep_set/97_otus.fasta --uc /tmp/79442.1.all.q/f0V1LkOYx5/a --id 0.92 --maxaccepts 1000 --maxrejects 128 --nowordcountreject
doSingleSearch 6: Finished at pair threshold 0.08 and maxAccepts 1000
         NOHITS: 396
    TOOMANYHITS: 0
Finished round at threshold 0.08; 396 NOHIT, 0 TOOMANYHIT.
doSingleSearch 7: 396 query sequences remaining
     searching with %id 0.16 and maxAccepts 1000
/share/apps/qiime-1.6.0/bin/usearch --quiet --global --iddef 2 --query 7 --db /home/nbokulic/gg_13_5/gg_13_5_otus/rep_set/97_otus.fasta --uc /tmp/79442.1.all.q/s06Gk2KJPU/a --id 0.84 --maxaccepts 1000 --maxrejects 128 --nowordcountreject
Escalating maxAccepts to 2000 for 1 sequences.
/share/apps/qiime-1.6.0/bin/usearch --quiet --global --iddef 2 --query 8 --db /home/nbokulic/gg_13_5/gg_13_5_otus/rep_set/97_otus.fasta --uc /tmp/79442.1.all.q/bhqIpr5vI8/a --id 0.84 --maxaccepts 2000 --maxrejects 128 --nowordcountreject
doSingleSearch 8: Finished at pair threshold 0.16 and maxAccepts 2000
         NOHITS: 0
    TOOMANYHITS: 0
doSingleSearch 8: Finished at pair threshold 0.16 and maxAccepts 1000
         NOHITS: 155
    TOOMANYHITS: 0
Finished round at threshold 0.16; 155 NOHIT, 0 TOOMANYHIT.
155 query sequences remaining with NOHIT
0 query sequences remaining with TOOMANYHITS
loading taxonomy...
...done loading 99322 taxonomy lines
3545 items
0 (0.0%) had no primer match
155 (4.4%) had no hits
0 (0.0%) had too many hits
0 (0.0%) had hits but no classification
3390 (95.6%) were classified

