UclustConsensusTaxonAssigner parameters:
id_to_taxonomy_filepath:/Users/nbokulich/Desktop/ref_dbs/gg_13_8_otus/taxonomy/99_otu_taxonomy.txt
id_to_taxonomy_fp:/Users/nbokulich/Desktop/ref_dbs/gg_13_8_otus/taxonomy/99_otu_taxonomy.txt
max_accepts:3
min_consensus_fraction:0.51
reference_sequences_fp:/Users/nbokulich/Desktop/ref_dbs/gg_13_8_otus/rep_set/99_otus/dna-sequences.fasta
similarity:0.99
unassignable_label:Unassigned
Result path: /var/folders/0t/l1dz88p50y91vx_22fx5w3780000gn/T/assign-tax5elGXD

.uc file contents:

# uclust --input /Users/nbokulich/Desktop/projects/short-read-tax-assignment/data/mock-community/mock-2/rep_seqs.fna --id 0.99 --rev --maxaccepts 3 --allhits --libonly --lib /Users/nbokulich/Desktop/ref_dbs/gg_13_8_otus/rep_set/99_otus/dna-sequences.fasta --uc /var/folders/0t/l1dz88p50y91vx_22fx5w3780000gn/T/UclustConsensusTaxonAssigner_KssYCb.uc
# version=1.2.22
# Tab-separated fields:
# 1=Type, 2=ClusterNr, 3=SeqLength or ClusterSize, 4=PctId, 5=Strand, 6=QueryStart, 7=SeedStart, 8=Alignment, 9=QueryLabel, 10=TargetLabel
# Record types (field 1): L=LibSeed, S=NewSeed, H=Hit, R=Reject, D=LibCluster, C=NewCluster, N=NoHit
# For C and D types, PctId is average id with seed.
# QueryStart and SeedStart are zero-based relative to start of sequence.
# If minus strand, SeedStart is relative to reverse-complemented seed.
L	41742	250	*	*	*	*	*	368769	*
H	41742	130	99.2	+	0	0	130M120I	374cc1e99575d9458ae00a49098705e3	368769
L	8012	250	*	*	*	*	*	843553	*
H	8012	130	100.0	+	0	0	130M120I	b1db5c9ac20466711e0a4f822344c0be	843553
L	88308	250	*	*	*	*	*	176269	*
H	88308	130	100.0	+	0	0	130M120I	b1db5c9ac20466711e0a4f822344c0be	176269
L	79324	250	*	*	*	*	*	207487	*
H	79324	130	100.0	+	0	0	130M120I	b1db5c9ac20466711e0a4f822344c0be	207487
L	81020	250	*	*	*	*	*	198324	*
H	81020	130	100.0	+	0	0	130M120I	e5a41136373411569008d12c6f296726	198324
L	137343	250	*	*	*	*	*	2932151	*
H	137343	130	100.0	+	0	0	130M120I	e5a41136373411569008d12c6f296726	2932151
L	83808	250	*	*	*	*	*	189996	*
H	83808	130	100.0	+	0	0	130M120I	e5a41136373411569008d12c6f296726	189996
L	26367	250	*	*	*	*	*	558081	*
H	26367	130	100.0	+	0	0	130M120I	42225f360c8cd61fda2da09371b8140c	558081
L	11986	250	*	*	*	*	*	788593	*
H	11986	130	100.0	+	0	0	130M120I	42225f360c8cd61fda2da09371b8140c	788593
L	189530	250	*	*	*	*	*	4441228	*
H	189530	130	100.0	+	0	0	130M120I	42225f360c8cd61fda2da09371b8140c	4441228
L	133730	250	*	*	*	*	*	619629	*
H	133730	130	100.0	+	0	0	130M120I	fbf3d77ec3a53406bc6d0883b53ff1ca	619629
L	101207	250	*	*	*	*	*	108740	*
H	101207	130	99.2	+	0	0	130M120I	fbf3d77ec3a53406bc6d0883b53ff1ca	108740
L	128786	250	*	*	*	*	*	746212	*
H	128786	130	100.0	+	0	0	130M120I	fbf3d77ec3a53406bc6d0883b53ff1ca	746212
L	113655	250	*	*	*	*	*	1563880	*
H	113655	130	99.2	+	0	0	130M120I	ec0034ebee5c0c1f14a758b15c595717	1563880
L	45467	250	*	*	*	*	*	351047	*
H	45467	130	100.0	+	0	0	130M120I	ec0034ebee5c0c1f14a758b15c595717	351047
L	50544	250	*	*	*	*	*	330476	*
H	50544	130	100.0	+	0	0	130M120I	ec0034ebee5c0c1f14a758b15c595717	330476
L	43343	250	*	*	*	*	*	360843	*
H	43343	130	100.0	+	0	0	130M120I	dc72a92c1049a90717cacd197f966aad	360843
L	48726	250	*	*	*	*	*	337946	*
H	48726	130	99.2	+	0	0	130M120I	dc72a92c1049a90717cacd197f966aad	337946
L	86499	250	*	*	*	*	*	181876	*
H	86499	130	100.0	+	0	0	130M120I	dc72a92c1049a90717cacd197f966aad	181876
L	39170	250	*	*	*	*	*	456291	*
H	39170	130	99.2	+	0	0	38MD91M121I	38e206247e50f6b73f73bbab84e90003	456291
L	39204	250	*	*	*	*	*	454918	*
H	39204	130	99.2	+	0	0	130M120I	38e206247e50f6b73f73bbab84e90003	454918
L	41051	250	*	*	*	*	*	383667	*
H	41051	130	99.2	+	0	0	130M120I	38e206247e50f6b73f73bbab84e90003	383667
L	120434	250	*	*	*	*	*	1945573	*
H	120434	130	100.0	+	0	0	21MI109M119I	0f2d311381a48cc00eb7e95959a19387	1945573
L	120535	250	*	*	*	*	*	1950790	*
H	120535	130	100.0	+	0	0	130M120I	0f2d311381a48cc00eb7e95959a19387	1950790
L	120573	250	*	*	*	*	*	1953130	*
H	120573	130	100.0	+	0	0	130M120I	0f2d311381a48cc00eb7e95959a19387	1953130
L	46937	250	*	*	*	*	*	345074	*
H	46937	130	100.0	+	0	0	130M120I	c78d04a72913f63c39d9acc4784a9c32	345074
L	18987	250	*	*	*	*	*	587269	*
H	18987	130	99.2	+	0	0	130M120I	c78d04a72913f63c39d9acc4784a9c32	587269
L	84277	250	*	*	*	*	*	188610	*
H	84277	130	100.0	+	0	0	130M120I	c78d04a72913f63c39d9acc4784a9c32	188610
L	169112	250	*	*	*	*	*	4337546	*
H	169112	130	100.0	+	0	0	130M120I	c60f96cb55544a94afb9c1579138434c	4337546
L	177713	250	*	*	*	*	*	4381816	*
H	177713	130	100.0	+	0	0	130M120I	c60f96cb55544a94afb9c1579138434c	4381816
L	20319	250	*	*	*	*	*	582577	*
H	20319	130	100.0	+	0	0	130M120I	c60f96cb55544a94afb9c1579138434c	582577
L	81134	250	*	*	*	*	*	197974	*
H	81134	130	99.2	+	0	0	130M120I	991001919b92e5e87fe490ce7b2a513f	197974
L	38844	250	*	*	*	*	*	469852	*
H	38844	130	100.0	+	0	0	130M120I	233710b586fd6018adaa617c73ef9470	469852
L	42420	250	*	*	*	*	*	365385	*
H	42420	130	100.0	+	0	0	130M120I	233710b586fd6018adaa617c73ef9470	365385
L	191684	250	*	*	*	*	*	4452649	*
H	191684	130	99.2	+	0	0	130M120I	512bf29dfb66e7d8efa560a135366c23	4452649
L	138180	250	*	*	*	*	*	2979308	*
H	138180	130	100.0	+	0	0	130M120I	512bf29dfb66e7d8efa560a135366c23	2979308
L	146814	250	*	*	*	*	*	851804	*
H	146814	130	100.0	+	0	0	130M120I	512bf29dfb66e7d8efa560a135366c23	851804
L	137675	250	*	*	*	*	*	2951214	*
H	137675	130	99.2	+	0	0	55MI75M119I	bf8c00a77905975f57ccd6e4c1376324	2951214
L	82418	250	*	*	*	*	*	194110	*
H	82418	130	99.2	+	0	0	130M120I	bf8c00a77905975f57ccd6e4c1376324	194110
L	41575	250	*	*	*	*	*	369652	*
H	41575	130	99.2	+	0	0	130M120I	bf8c00a77905975f57ccd6e4c1376324	369652
L	84286	250	*	*	*	*	*	188588	*
H	84286	130	100.0	+	0	0	130M120I	ef917e02c17f23ab6c33e39226bad50e	188588
L	90927	250	*	*	*	*	*	164573	*
H	90927	130	100.0	+	0	0	130M120I	ef917e02c17f23ab6c33e39226bad50e	164573
L	34285	250	*	*	*	*	*	525222	*
H	34285	130	100.0	+	0	0	130M120I	ef917e02c17f23ab6c33e39226bad50e	525222
L	164955	250	*	*	*	*	*	4316881	*
H	164955	130	100.0	+	0	0	41MI89M119I	fc1a0da5852ea67928158be959c9e57a	4316881
L	19173	250	*	*	*	*	*	586550	*
H	19173	130	100.0	+	0	0	130M120I	fc1a0da5852ea67928158be959c9e57a	586550
L	175710	250	*	*	*	*	*	4371463	*
H	175710	130	100.0	+	0	0	130M120I	fc1a0da5852ea67928158be959c9e57a	4371463
L	10172	250	*	*	*	*	*	817146	*
H	10172	130	99.2	+	0	0	130M120I	ef2d819264fcf190b2ac2ce790cc6e08	817146
L	155598	250	*	*	*	*	*	4023733	*
H	155598	130	99.2	+	0	0	130M120I	ef2d819264fcf190b2ac2ce790cc6e08	4023733
L	122409	250	*	*	*	*	*	2066851	*
H	122409	130	100.0	+	0	0	130M120I	569cf498e9fd1ef4cd5138ea717516d7	2066851
L	22515	250	*	*	*	*	*	574176	*
H	22515	130	100.0	+	0	0	130M120I	569cf498e9fd1ef4cd5138ea717516d7	574176
L	180775	250	*	*	*	*	*	4397156	*
H	180775	130	100.0	+	0	0	130M120I	569cf498e9fd1ef4cd5138ea717516d7	4397156
L	179241	250	*	*	*	*	*	4389571	*
H	179241	130	100.0	+	0	0	130M120I	f14677bcbc79b5f4afa9de8aba20ae29	4389571
L	128884	250	*	*	*	*	*	2439767	*
H	128884	130	100.0	+	0	0	130M120I	f14677bcbc79b5f4afa9de8aba20ae29	2439767
L	84735	250	*	*	*	*	*	187224	*
H	84735	130	100.0	+	0	0	130M120I	f14677bcbc79b5f4afa9de8aba20ae29	187224
L	42486	250	*	*	*	*	*	365095	*
H	42486	130	100.0	+	0	0	130M120I	6247c98849d2f2864133fe9371a9a71c	365095
L	87081	250	*	*	*	*	*	180071	*
H	87081	130	100.0	+	0	0	130M120I	6247c98849d2f2864133fe9371a9a71c	180071
L	42590	250	*	*	*	*	*	364563	*
H	42590	130	100.0	+	0	0	130M120I	6247c98849d2f2864133fe9371a9a71c	364563
H	120434	130	99.2	+	0	0	21MI109M119I	4c164ca916ff87ed8ae30a1c47a16413	1945573
H	120535	130	99.2	+	0	0	130M120I	4c164ca916ff87ed8ae30a1c47a16413	1950790
H	120573	130	99.2	+	0	0	130M120I	4c164ca916ff87ed8ae30a1c47a16413	1953130
L	44094	250	*	*	*	*	*	356687	*
H	44094	130	100.0	+	0	0	130M120I	b2f7bd12ad96fb155abaed142a61d0be	356687
L	195608	250	*	*	*	*	*	4472262	*
H	195608	130	100.0	+	0	0	130M120I	b2f7bd12ad96fb155abaed142a61d0be	4472262
L	181979	250	*	*	*	*	*	4403622	*
H	181979	130	100.0	+	0	0	130M120I	b2f7bd12ad96fb155abaed142a61d0be	4403622
L	87413	250	*	*	*	*	*	179014	*
H	87413	130	100.0	+	0	0	130M120I	67c56b14d5b0729c38834fa264f3db12	179014
L	142226	250	*	*	*	*	*	3222221	*
H	142226	130	100.0	+	0	0	130M120I	67c56b14d5b0729c38834fa264f3db12	3222221
L	88697	250	*	*	*	*	*	175050	*
H	88697	130	100.0	+	0	0	130M120I	67c56b14d5b0729c38834fa264f3db12	175050
L	137733	250	*	*	*	*	*	2953174	*
H	137733	130	100.0	+	0	0	130M120I	d6b2e1751aaf2e39587f9b501bfc2610	2953174
L	154347	250	*	*	*	*	*	3951380	*
H	154347	130	99.2	+	0	0	130M120I	d6b2e1751aaf2e39587f9b501bfc2610	3951380
L	85406	250	*	*	*	*	*	185253	*
H	85406	130	100.0	+	0	0	130M120I	d6b2e1751aaf2e39587f9b501bfc2610	185253
L	77874	250	*	*	*	*	*	216482	*
H	77874	130	100.0	+	0	0	130M120I	e4ba0c5f6faa5603a3fd9864c74b9c6a	216482
L	80650	250	*	*	*	*	*	199421	*
H	80650	130	99.2	+	0	0	130M120I	e4ba0c5f6faa5603a3fd9864c74b9c6a	199421
H	88308	130	99.2	+	0	0	130M120I	e4ba0c5f6faa5603a3fd9864c74b9c6a	176269
L	86488	250	*	*	*	*	*	181918	*
H	86488	130	100.0	+	0	0	130M120I	b34e721572bc5b141f03bb818da8d49e	181918
L	85058	250	*	*	*	*	*	186264	*
H	85058	130	100.0	+	0	0	130M120I	b34e721572bc5b141f03bb818da8d49e	186264
L	82850	250	*	*	*	*	*	192774	*
H	82850	130	100.0	+	0	0	130M120I	b34e721572bc5b141f03bb818da8d49e	192774
L	99094	250	*	*	*	*	*	126133	*
H	99094	130	100.0	+	0	0	130M120I	7db1817b2040080b58a1a9b4c7bd9c10	126133
L	50111	247	*	*	*	*	*	332240	*
H	50111	130	100.0	+	0	0	130M117I	7db1817b2040080b58a1a9b4c7bd9c10	332240
L	30759	250	*	*	*	*	*	539854	*
H	30759	130	100.0	+	0	0	130M120I	9d881f5dca06a636e9a17885f2a2101f	539854
L	157086	250	*	*	*	*	*	1116679	*
H	157086	130	100.0	+	0	0	130M120I	9d881f5dca06a636e9a17885f2a2101f	1116679
L	170693	250	*	*	*	*	*	4345464	*
H	170693	130	100.0	+	0	0	130M120I	9d881f5dca06a636e9a17885f2a2101f	4345464
N	*	130	*	*	*	*	*	9ed522c01a03b6cc904e61e8079d5549	*
L	42543	250	*	*	*	*	*	364792	*
H	42543	130	100.0	+	0	0	130M120I	c9127c08726c23f9a109676a6b1b3326	364792
L	140265	250	*	*	*	*	*	3110775	*
H	140265	130	99.2	+	0	0	130M120I	c9127c08726c23f9a109676a6b1b3326	3110775
L	179569	250	*	*	*	*	*	4390966	*
H	179569	130	99.2	+	0	0	130M120I	c9127c08726c23f9a109676a6b1b3326	4390966
L	136697	250	*	*	*	*	*	2896106	*
H	136697	130	100.0	+	0	0	130M120I	5cf7a981fa56343ce6cc69cb0508179e	2896106
L	89262	250	*	*	*	*	*	173147	*
H	89262	130	100.0	+	0	0	130M120I	5cf7a981fa56343ce6cc69cb0508179e	173147
L	109694	250	*	*	*	*	*	16132	*
H	109694	130	100.0	+	0	0	106MI24M119I	5cf7a981fa56343ce6cc69cb0508179e	16132
L	45102	250	*	*	*	*	*	352529	*
H	45102	130	100.0	+	0	0	130M120I	f401596feaf31328caf1db2cac3fff5a	352529
L	77937	250	*	*	*	*	*	216096	*
H	77937	130	100.0	+	0	0	130M120I	f401596feaf31328caf1db2cac3fff5a	216096
L	142627	250	*	*	*	*	*	3244671	*
H	142627	130	100.0	+	0	0	130M120I	f401596feaf31328caf1db2cac3fff5a	3244671
H	10172	130	100.0	+	0	0	130M120I	307af2317138525dd1591bafa3c60610	817146
L	98632	250	*	*	*	*	*	131566	*
H	98632	130	99.2	+	0	0	130M120I	307af2317138525dd1591bafa3c60610	131566
L	60312	250	*	*	*	*	*	292057	*
H	60312	130	99.2	+	0	0	130M120I	307af2317138525dd1591bafa3c60610	292057
L	54724	250	*	*	*	*	*	313166	*
H	54724	130	99.2	+	0	0	130M120I	e6acb2b2b9c86da298a1b13aaaf42bc6	313166
L	176947	250	*	*	*	*	*	4378081	*
H	176947	130	99.2	+	0	0	130M120I	e6acb2b2b9c86da298a1b13aaaf42bc6	4378081
L	84648	250	*	*	*	*	*	187477	*
H	84648	130	100.0	+	0	0	130M120I	e6acb2b2b9c86da298a1b13aaaf42bc6	187477
L	63311	250	*	*	*	*	*	276657	*
H	63311	130	100.0	+	0	0	130M120I	e417340476b5718f71d903906a54936d	276657
L	176631	250	*	*	*	*	*	4376381	*
H	176631	130	99.2	+	0	0	130M120I	e417340476b5718f71d903906a54936d	4376381
L	92124	250	*	*	*	*	*	159299	*
H	92124	130	100.0	+	0	0	130M120I	e417340476b5718f71d903906a54936d	159299
L	42428	250	*	*	*	*	*	365364	*
H	42428	130	100.0	+	0	0	130M120I	fcfd2fc467a1c694014adc61c8fe0115	365364
L	43203	250	*	*	*	*	*	361580	*
H	43203	130	99.2	+	0	0	130M120I	fcfd2fc467a1c694014adc61c8fe0115	361580
L	44072	250	*	*	*	*	*	356843	*
H	44072	130	100.0	+	0	0	130M120I	fcfd2fc467a1c694014adc61c8fe0115	356843
L	49702	250	*	*	*	*	*	333904	*
H	49702	130	99.2	+	0	0	130M120I	6ba7f11030b55866b1d2e3bcd871a788	333904
L	81510	250	*	*	*	*	*	196781	*
H	81510	130	100.0	+	0	0	130M120I	6ba7f11030b55866b1d2e3bcd871a788	196781
L	45768	250	*	*	*	*	*	349809	*
H	45768	130	99.2	+	0	0	130M120I	6ba7f11030b55866b1d2e3bcd871a788	349809
L	121066	250	*	*	*	*	*	1983368	*
H	121066	130	100.0	+	0	0	130M120I	58f36fe6ffe4f713f5b33663adbad70b	1983368
L	86591	250	*	*	*	*	*	181603	*
H	86591	130	100.0	+	0	0	130M120I	58f36fe6ffe4f713f5b33663adbad70b	181603
L	134186	250	*	*	*	*	*	2748888	*
H	134186	130	100.0	+	0	0	130M120I	58f36fe6ffe4f713f5b33663adbad70b	2748888
L	43502	250	*	*	*	*	*	360015	*
H	43502	130	100.0	+	0	0	130M120I	b1d06c851a3938e7a6aafa9fa865a2ff	360015
L	83085	250	*	*	*	*	*	192085	*
H	83085	130	100.0	+	0	0	130M120I	b1d06c851a3938e7a6aafa9fa865a2ff	192085
L	178954	250	*	*	*	*	*	4388174	*
H	178954	130	100.0	+	0	0	130M120I	b1d06c851a3938e7a6aafa9fa865a2ff	4388174
L	139696	250	*	*	*	*	*	1108004	*
H	139696	130	100.0	+	0	0	130M120I	361c8ef599dad4ef9a4aabbaf86c3055	1108004
L	156034	250	*	*	*	*	*	623486	*
H	156034	130	99.2	+	0	0	130M120I	361c8ef599dad4ef9a4aabbaf86c3055	623486
L	65893	250	*	*	*	*	*	268101	*
H	65893	130	99.2	+	0	0	130M120I	361c8ef599dad4ef9a4aabbaf86c3055	268101
H	81134	130	100.0	+	0	0	130M120I	fe07a3d4d3115adbefabb2c779200552	197974
L	42740	250	*	*	*	*	*	363731	*
H	42740	130	99.2	+	0	0	130M120I	fe07a3d4d3115adbefabb2c779200552	363731
L	42680	250	*	*	*	*	*	364035	*
H	42680	130	99.2	+	0	0	130M120I	fe07a3d4d3115adbefabb2c779200552	364035
H	54724	130	100.0	+	0	0	130M120I	954394ea3285bf4caeade0f71f081dcd	313166
H	176947	130	100.0	+	0	0	130M120I	954394ea3285bf4caeade0f71f081dcd	4378081
H	84648	130	99.2	+	0	0	130M120I	954394ea3285bf4caeade0f71f081dcd	187477
L	61024	250	*	*	*	*	*	289708	*
H	61024	130	100.0	+	0	0	130M120I	a58eda516ec76617bae88555d8eb336d	289708
L	61005	250	*	*	*	*	*	289787	*
H	61005	130	100.0	+	0	0	130M120I	a58eda516ec76617bae88555d8eb336d	289787
L	57164	250	*	*	*	*	*	303194	*
H	57164	130	100.0	+	0	0	130M120I	a58eda516ec76617bae88555d8eb336d	303194
L	123136	250	*	*	*	*	*	846127	*
H	123136	130	100.0	+	0	0	130M120I	6f1e8b2a81445bac4bfac63151040b65	846127
L	141309	250	*	*	*	*	*	3168538	*
H	141309	130	100.0	+	0	0	130M120I	6f1e8b2a81445bac4bfac63151040b65	3168538
L	171311	250	*	*	*	*	*	4348872	*
H	171311	130	100.0	+	0	0	130M120I	6f1e8b2a81445bac4bfac63151040b65	4348872
L	167960	250	*	*	*	*	*	4331760	*
H	167960	130	100.0	+	0	0	130M120I	7de8f2d334d87defab5bbdd19bd42111	4331760
L	142497	250	*	*	*	*	*	826042	*
H	142497	130	100.0	+	0	0	130M120I	3079c822c58713cf38bb9577db2684c5	826042
L	148664	250	*	*	*	*	*	3610691	*
H	148664	130	100.0	+	0	0	6MI19MI105M118I	3079c822c58713cf38bb9577db2684c5	3610691
L	116882	250	*	*	*	*	*	1746913	*
H	116882	130	100.0	+	0	0	130M120I	3079c822c58713cf38bb9577db2684c5	1746913
L	179365	250	*	*	*	*	*	4390134	*
H	179365	130	100.0	+	0	0	130M120I	e4e5f8936126f01baa9c7ca2b24b866d	4390134
L	99058	250	*	*	*	*	*	127309	*
H	99058	130	100.0	+	0	0	130M120I	e4e5f8936126f01baa9c7ca2b24b866d	127309
L	31961	250	*	*	*	*	*	534976	*
H	31961	130	100.0	+	0	0	130M120I	e4e5f8936126f01baa9c7ca2b24b866d	534976
L	123679	250	*	*	*	*	*	2136916	*
H	123679	130	100.0	+	0	0	130M120I	51ea89cacc9a5bb9774f1fa41b262452	2136916
L	123849	250	*	*	*	*	*	2145767	*
H	123849	130	100.0	+	0	0	130M120I	3352f43e29849664c31c9afc46f4e3a5	2145767
L	176331	250	*	*	*	*	*	4374799	*
H	176331	130	100.0	+	0	0	130M120I	3352f43e29849664c31c9afc46f4e3a5	4374799
L	195471	250	*	*	*	*	*	4471554	*
H	195471	130	100.0	+	0	0	130M120I	3352f43e29849664c31c9afc46f4e3a5	4471554
L	151922	250	*	*	*	*	*	3807720	*
H	151922	130	100.0	+	0	0	130M120I	1b71d1483b3e56eb14b1ca81b8e78469	3807720
L	151870	250	*	*	*	*	*	3804871	*
H	151870	130	100.0	+	0	0	130M120I	1b71d1483b3e56eb14b1ca81b8e78469	3804871
L	151794	250	*	*	*	*	*	3800031	*
H	151794	130	100.0	+	0	0	130M120I	1b71d1483b3e56eb14b1ca81b8e78469	3800031
L	42450	250	*	*	*	*	*	365256	*
H	42450	130	99.2	+	0	0	83MD46M121I	e6638c11ac9c25df66fe52d525f02849	365256
L	85603	250	*	*	*	*	*	184570	*
H	85603	130	100.0	+	0	0	130M120I	e6638c11ac9c25df66fe52d525f02849	184570
L	83149	250	*	*	*	*	*	191906	*
H	83149	130	100.0	+	0	0	130M120I	e6638c11ac9c25df66fe52d525f02849	191906
L	84213	250	*	*	*	*	*	188818	*
H	84213	130	100.0	+	0	0	130M120I	f571016e70e05cf54d492018f29c4b74	188818
L	181598	250	*	*	*	*	*	4401634	*
H	181598	130	99.2	+	0	0	6MI124M119I	f571016e70e05cf54d492018f29c4b74	4401634
L	43322	250	*	*	*	*	*	360962	*
H	43322	130	99.2	+	0	0	130M120I	f571016e70e05cf54d492018f29c4b74	360962
L	21626	250	*	*	*	*	*	577644	*
H	21626	130	99.2	+	0	0	130M120I	ac33370cda96ee5272a29682c1d9b992	577644
L	42739	250	*	*	*	*	*	363735	*
H	42739	130	100.0	+	0	0	130M120I	ac33370cda96ee5272a29682c1d9b992	363735
L	112844	250	*	*	*	*	*	1513958	*
H	112844	130	100.0	+	0	0	130M120I	ac33370cda96ee5272a29682c1d9b992	1513958
L	87149	250	*	*	*	*	*	179814	*
H	87149	130	100.0	+	0	0	130M120I	a81d35ecbebc06d41a9c0f512df39e3c	179814
L	45238	250	*	*	*	*	*	351952	*
H	45238	130	100.0	+	0	0	130M120I	a81d35ecbebc06d41a9c0f512df39e3c	351952
L	45862	250	*	*	*	*	*	349435	*
H	45862	130	100.0	+	0	0	130M120I	a81d35ecbebc06d41a9c0f512df39e3c	349435
L	83179	250	*	*	*	*	*	191833	*
H	83179	130	100.0	+	0	0	130M120I	7a0047502b6036ea9b2b051d8d8abc49	191833
L	87511	250	*	*	*	*	*	178751	*
H	87511	130	100.0	+	0	0	130M120I	7a0047502b6036ea9b2b051d8d8abc49	178751
L	124858	250	*	*	*	*	*	2203169	*
H	124858	130	100.0	+	0	0	130M120I	7a0047502b6036ea9b2b051d8d8abc49	2203169
L	187655	250	*	*	*	*	*	4432094	*
H	187655	130	99.2	+	0	0	130M120I	de6fbc09238ebf79cc946a59886540a5	4432094
L	38829	250	*	*	*	*	*	470369	*
H	38829	130	100.0	+	0	0	130M120I	de6fbc09238ebf79cc946a59886540a5	470369
L	88885	250	*	*	*	*	*	174509	*
H	88885	130	100.0	+	0	0	130M120I	de6fbc09238ebf79cc946a59886540a5	174509
L	25760	250	*	*	*	*	*	560598	*
H	25760	130	100.0	+	0	0	130M120I	7b31b62c5c0f494b93e9b79336ad9e26	560598
L	38058	250	*	*	*	*	*	509930	*
H	38058	130	100.0	+	0	0	130M120I	7b31b62c5c0f494b93e9b79336ad9e26	509930
H	41742	130	99.2	+	0	0	130M120I	6837e9c13695169a751dfa6b4cd7aefe	368769
H	41742	130	100.0	+	0	0	130M120I	761674a283aa0a8a1768657e22f3766f	368769
L	165093	250	*	*	*	*	*	4317509	*
H	165093	130	100.0	+	0	0	130M120I	c06a769d3868cc10c215d9fb5fd3a215	4317509
L	88768	250	*	*	*	*	*	174842	*
H	88768	130	100.0	+	0	0	130M120I	c06a769d3868cc10c215d9fb5fd3a215	174842
L	140748	250	*	*	*	*	*	3138286	*
H	140748	130	100.0	+	0	0	130M120I	c06a769d3868cc10c215d9fb5fd3a215	3138286
L	140177	250	*	*	*	*	*	727507	*
H	140177	130	100.0	+	0	0	130M120I	b64fb900273bc7470be11b73e1a45bd7	727507
L	159693	250	*	*	*	*	*	4268506	*
H	159693	130	100.0	+	0	0	130M120I	b64fb900273bc7470be11b73e1a45bd7	4268506
L	180852	250	*	*	*	*	*	4397614	*
H	180852	130	100.0	+	0	0	130M120I	b64fb900273bc7470be11b73e1a45bd7	4397614
D	10172	2	*	*	*	*	100.0	817146	*
D	20319	2	*	*	*	*	100.0	582577	*
D	31961	2	*	*	*	*	100.0	534976	*
D	34285	2	*	*	*	*	100.0	525222	*
D	38058	2	*	*	*	*	100.0	509930	*
D	41051	2	*	*	*	*	99.2	383667	*
D	41575	2	*	*	*	*	99.2	369652	*
D	41742	4	*	*	*	*	99.5	368769	*
D	42420	2	*	*	*	*	100.0	365385	*
D	42543	2	*	*	*	*	100.0	364792	*
D	42590	2	*	*	*	*	100.0	364563	*
D	44072	2	*	*	*	*	100.0	356843	*
D	45862	2	*	*	*	*	100.0	349435	*
D	50111	2	*	*	*	*	100.0	332240	*
D	50544	2	*	*	*	*	100.0	330476	*
D	57164	2	*	*	*	*	100.0	303194	*
D	77874	2	*	*	*	*	100.0	216482	*
D	79324	2	*	*	*	*	100.0	207487	*
D	81134	3	*	*	*	*	99.6	197974	*
D	81510	2	*	*	*	*	100.0	196781	*
D	82850	2	*	*	*	*	100.0	192774	*
D	83149	2	*	*	*	*	100.0	191906	*
D	83808	2	*	*	*	*	100.0	189996	*
D	84213	2	*	*	*	*	100.0	188818	*
D	84277	2	*	*	*	*	100.0	188610	*
D	84648	2	*	*	*	*	100.0	187477	*
D	84735	2	*	*	*	*	100.0	187224	*
D	85406	2	*	*	*	*	100.0	185253	*
D	86499	2	*	*	*	*	100.0	181876	*
D	88697	2	*	*	*	*	100.0	175050	*
D	88885	2	*	*	*	*	100.0	174509	*
D	92124	2	*	*	*	*	100.0	159299	*
D	109694	2	*	*	*	*	100.0	16132	*
D	112844	2	*	*	*	*	100.0	1513958	*
D	116882	2	*	*	*	*	100.0	1746913	*
D	120573	3	*	*	*	*	99.6	1953130	*
D	123679	2	*	*	*	*	100.0	2136916	*
D	124858	2	*	*	*	*	100.0	2203169	*
D	128786	2	*	*	*	*	100.0	746212	*
D	134186	2	*	*	*	*	100.0	2748888	*
D	139696	2	*	*	*	*	100.0	1108004	*
D	140748	2	*	*	*	*	100.0	3138286	*
D	142627	2	*	*	*	*	100.0	3244671	*
D	146814	2	*	*	*	*	100.0	851804	*
D	151794	2	*	*	*	*	100.0	3800031	*
D	155598	2	*	*	*	*	99.2	4023733	*
D	167960	2	*	*	*	*	100.0	4331760	*
D	170693	2	*	*	*	*	100.0	4345464	*
D	171311	2	*	*	*	*	100.0	4348872	*
D	175710	2	*	*	*	*	100.0	4371463	*
D	176947	2	*	*	*	*	100.0	4378081	*
D	178954	2	*	*	*	*	100.0	4388174	*
D	180775	2	*	*	*	*	100.0	4397156	*
D	180852	2	*	*	*	*	100.0	4397614	*
D	181979	2	*	*	*	*	100.0	4403622	*
D	189530	2	*	*	*	*	100.0	4441228	*
D	195471	2	*	*	*	*	100.0	4471554	*
