UclustConsensusTaxonAssigner parameters:
id_to_taxonomy_filepath:/Users/nbokulich/Desktop/projects/short-read-tax-assignment/data/novel-taxa-simulations/B1-REF-L5-iter2/ref_taxa.tsv
id_to_taxonomy_fp:/Users/nbokulich/Desktop/projects/short-read-tax-assignment/data/novel-taxa-simulations/B1-REF-L5-iter2/ref_taxa.tsv
max_accepts:1
min_consensus_fraction:1.0
reference_sequences_fp:/Users/nbokulich/Desktop/projects/short-read-tax-assignment/data/novel-taxa-simulations/B1-REF-L5-iter2/ref_seqs.fasta
similarity:0.8
unassignable_label:Unassigned
Result path: /var/folders/0t/l1dz88p50y91vx_22fx5w3780000gn/T/assign-tax8zUn7C

.uc file contents:

# uclust --input /Users/nbokulich/Desktop/projects/short-read-tax-assignment/data/novel-taxa-simulations/B1-REF-L5-iter2/query.fasta --id 0.8 --rev --maxaccepts 1 --allhits --libonly --lib /Users/nbokulich/Desktop/projects/short-read-tax-assignment/data/novel-taxa-simulations/B1-REF-L5-iter2/ref_seqs.fasta --uc /var/folders/0t/l1dz88p50y91vx_22fx5w3780000gn/T/UclustConsensusTaxonAssigner_NAy818.uc
# version=1.2.22
# Tab-separated fields:
# 1=Type, 2=ClusterNr, 3=SeqLength or ClusterSize, 4=PctId, 5=Strand, 6=QueryStart, 7=SeedStart, 8=Alignment, 9=QueryLabel, 10=TargetLabel
# Record types (field 1): L=LibSeed, S=NewSeed, H=Hit, R=Reject, D=LibCluster, C=NewCluster, N=NoHit
# For C and D types, PctId is average id with seed.
# QueryStart and SeedStart are zero-based relative to start of sequence.
# If minus strand, SeedStart is relative to reverse-complemented seed.
L	2105	250	*	*	*	*	*	7509	*
H	2105	250	95.2	+	0	0	250M	1110799	7509
L	2070	250	*	*	*	*	*	10323	*
H	2070	250	97.2	+	0	0	147MD102MI	1109623	10323
L	2610	250	*	*	*	*	*	2704718	*
H	2610	250	96.0	+	0	0	250M	1021078	2704718
L	2857	250	*	*	*	*	*	685571	*
H	2857	250	100.0	+	0	0	250M	961922	685571
L	3803	250	*	*	*	*	*	4454082	*
H	3803	250	97.2	+	0	0	250M	882018	4454082
L	201	250	*	*	*	*	*	687940	*
H	201	250	99.2	+	0	0	250M	833731	687940
L	1157	250	*	*	*	*	*	244757	*
H	1157	250	95.6	+	0	0	250M	832772	244757
L	2911	250	*	*	*	*	*	1143368	*
H	2911	250	93.2	+	0	0	250M	819250	1143368
L	1715	250	*	*	*	*	*	136767	*
H	1715	250	87.2	+	0	0	250M	814853	136767
L	3337	250	*	*	*	*	*	4341712	*
H	3337	250	93.6	+	0	0	250M	814161	4341712
L	2282	250	*	*	*	*	*	1801172	*
H	2282	250	98.0	+	0	0	250M	804867	1801172
L	246	250	*	*	*	*	*	586521	*
H	246	250	95.6	+	0	0	250M	746126	586521
L	2690	250	*	*	*	*	*	842453	*
H	2690	250	94.4	+	0	0	250M	742260	842453
L	179	250	*	*	*	*	*	748921	*
H	179	250	95.2	+	0	0	250M	738267	748921
L	3377	250	*	*	*	*	*	4350881	*
H	3377	250	99.2	+	0	0	250M	732609	4350881
L	1845	250	*	*	*	*	*	92333	*
H	1845	250	98.0	+	0	0	250M	731707	92333
L	1630	250	*	*	*	*	*	157497	*
H	1630	250	97.6	+	0	0	250M	706283	157497
L	2777	250	*	*	*	*	*	782413	*
H	2777	250	97.2	+	0	0	250M	697027	782413
L	2112	250	*	*	*	*	*	7214	*
H	2112	250	97.6	+	0	0	70MD179MI	691592	7214
L	1498	250	*	*	*	*	*	179639	*
H	1498	250	98.0	+	0	0	250M	655619	179639
L	3323	250	*	*	*	*	*	4337248	*
H	3323	250	94.0	+	0	0	250M	641748	4337248
L	2227	250	*	*	*	*	*	1115140	*
H	2227	250	99.2	+	0	0	250M	626867	1115140
L	3410	250	*	*	*	*	*	4357360	*
H	3410	250	82.0	+	0	0	250M	617939	4357360
L	1854	250	*	*	*	*	*	89669	*
H	1854	250	91.2	+	0	0	250M	609349	89669
L	3038	250	*	*	*	*	*	722182	*
H	3038	250	97.6	+	0	0	250M	593894	722182
L	1988	250	*	*	*	*	*	25895	*
H	1988	250	89.6	+	0	0	116MI133MD	593016	25895
L	1242	250	*	*	*	*	*	205772	*
H	1242	250	98.4	+	0	0	250M	587616	205772
L	2344	250	*	*	*	*	*	1129081	*
H	2344	250	98.0	+	0	0	250M	568991	1129081
L	2259	250	*	*	*	*	*	1124748	*
H	2259	250	97.2	+	0	0	250M	568416	1124748
L	586	250	*	*	*	*	*	409932	*
H	586	250	98.8	+	0	0	250M	565130	409932
L	2245	250	*	*	*	*	*	1125670	*
H	2245	250	95.6	+	0	0	250M	563240	1125670
L	2701	250	*	*	*	*	*	1072784	*
H	2701	250	97.2	+	0	0	197MD18MD11MD21M3I	557633	1072784
L	3390	250	*	*	*	*	*	4353119	*
H	3390	250	86.8	+	0	0	250M	556906	4353119
L	3419	250	*	*	*	*	*	4359731	*
H	3419	250	98.8	+	0	0	57MD192MI	555870	4359731
L	3259	250	*	*	*	*	*	4319017	*
H	3259	250	89.2	+	0	0	250M	4412575	4319017
L	2694	250	*	*	*	*	*	1131355	*
H	2694	250	96.4	+	0	0	65MD154MI30M	549754	1131355
L	3775	250	*	*	*	*	*	4447124	*
H	3775	250	97.6	+	0	0	250M	549640	4447124
L	3231	250	*	*	*	*	*	4309033	*
H	3231	250	98.8	+	0	0	250M	549232	4309033
L	2481	250	*	*	*	*	*	1126893	*
H	2481	250	97.2	+	0	0	250M	545511	1126893
L	3131	250	*	*	*	*	*	1136466	*
H	3131	250	90.8	+	0	0	250M	543364	1136466
L	3836	250	*	*	*	*	*	4460356	*
H	3836	250	90.8	+	0	0	250M	539939	4460356
L	2748	250	*	*	*	*	*	726766	*
H	2748	250	98.0	+	0	0	250M	538813	726766
L	218	250	*	*	*	*	*	615682	*
H	218	250	89.6	+	0	0	250M	536778	615682
L	2915	250	*	*	*	*	*	821185	*
H	2915	250	99.2	+	0	0	250M	535678	821185
L	2411	250	*	*	*	*	*	1134510	*
H	2411	250	96.0	+	0	0	250M	534626	1134510
L	3599	250	*	*	*	*	*	4403441	*
H	3599	250	93.2	+	0	0	250M	531406	4403441
L	1732	250	*	*	*	*	*	132837	*
H	1732	250	84.4	+	0	0	2D83MD111MD12MD39M5I	430191	132837
L	1363	250	*	*	*	*	*	190032	*
H	1363	250	94.8	+	0	0	250M	400480	190032
L	1398	250	*	*	*	*	*	187297	*
H	1398	250	96.8	+	0	0	96MD153MI	391286	187297
L	1386	250	*	*	*	*	*	188333	*
H	1386	250	94.0	+	0	0	250M	362846	188333
L	2071	250	*	*	*	*	*	10196	*
H	2071	250	94.8	+	0	0	250M	359629	10196
L	3736	250	*	*	*	*	*	4435424	*
H	3736	250	86.4	+	0	0	250M	358757	4435424
L	2942	250	*	*	*	*	*	1136710	*
H	2942	250	95.6	+	0	0	165MD84MI	354913	1136710
L	2993	250	*	*	*	*	*	1137944	*
H	2993	250	91.6	+	0	0	250M	351494	1137944
L	2244	250	*	*	*	*	*	1133935	*
H	2244	250	98.4	+	0	0	250M	340077	1133935
L	388	250	*	*	*	*	*	544430	*
H	388	250	91.6	+	0	0	250M	320922	544430
L	375	250	*	*	*	*	*	550440	*
H	375	250	92.0	+	0	0	145MD20MD70MI13MI	312648	550440
L	3189	250	*	*	*	*	*	4297688	*
H	3189	250	89.6	+	0	0	250M	300711	4297688
L	3436	250	*	*	*	*	*	4364892	*
H	3436	250	98.8	+	0	0	250M	289216	4364892
L	99	250	*	*	*	*	*	929836	*
H	99	250	90.8	+	0	0	67MI19MD163M	287811	929836
L	1962	250	*	*	*	*	*	41059	*
H	1962	250	94.0	+	0	0	250M	287305	41059
L	2714	250	*	*	*	*	*	1137185	*
H	2714	250	97.2	+	0	0	250M	285908	1137185
L	2573	250	*	*	*	*	*	1144898	*
H	2573	250	94.8	+	0	0	250M	272031	1144898
L	90	250	*	*	*	*	*	940737	*
H	90	250	98.0	+	0	0	51MD198MI	268935	940737
L	1749	250	*	*	*	*	*	119663	*
H	1749	250	99.6	+	0	0	250M	264546	119663
L	1325	250	*	*	*	*	*	193970	*
H	1325	250	94.8	+	0	0	250M	249383	193970
L	972	250	*	*	*	*	*	284672	*
H	972	250	94.4	+	0	0	250M	247460	284672
L	2787	250	*	*	*	*	*	3261476	*
H	2787	250	93.6	+	0	0	4I246M4D	247298	3261476
L	1898	250	*	*	*	*	*	70728	*
H	1898	250	98.4	+	0	0	250M	240755	70728
H	2690	250	94.8	+	0	0	10MD239MI	239649	842453
L	1507	250	*	*	*	*	*	178224	*
H	1507	250	92.0	+	0	0	250M	237265	178224
L	3569	250	*	*	*	*	*	4394897	*
H	3569	250	96.0	+	0	0	250M	226929	4394897
L	2768	250	*	*	*	*	*	1139148	*
H	2768	250	93.2	+	0	0	250M	225045	1139148
L	3105	250	*	*	*	*	*	1146685	*
H	3105	250	97.6	+	0	0	250M	217386	1146685
L	2125	250	*	*	*	*	*	5441	*
H	2125	250	96.4	+	0	0	250M	212299	5441
L	1797	250	*	*	*	*	*	106422	*
H	1797	250	96.0	+	0	0	250M	206296	106422
L	3659	250	*	*	*	*	*	4418165	*
H	3659	250	98.4	+	0	0	188MI61MD	205417	4418165
L	2521	250	*	*	*	*	*	2461583	*
H	2521	250	97.2	+	0	0	226MD23MI	202684	2461583
L	1183	250	*	*	*	*	*	237081	*
H	1183	250	91.6	+	0	0	99MI150MD	197631	237081
L	1948	250	*	*	*	*	*	48874	*
H	1948	250	98.4	+	0	0	123MD126MI	191359	48874
L	3755	250	*	*	*	*	*	4439195	*
H	3755	250	95.6	+	0	0	250M	189028	4439195
L	3085	250	*	*	*	*	*	631036	*
H	3085	250	87.6	+	0	0	175MD74MI	186867	631036
L	365	250	*	*	*	*	*	553455	*
H	365	250	89.6	+	0	0	250M	186744	553455
L	1822	250	*	*	*	*	*	101860	*
H	1822	250	90.8	+	0	0	63MI186MD	181744	101860
L	2254	250	*	*	*	*	*	1144264	*
H	2254	250	94.4	+	0	0	208MD41MI	178891	1144264
L	1046	250	*	*	*	*	*	267698	*
H	1046	250	96.4	+	0	0	134MD115MI	175954	267698
L	3819	250	*	*	*	*	*	4456892	*
H	3819	250	97.6	+	0	0	250M	166268	4456892
L	2396	250	*	*	*	*	*	2119418	*
H	2396	250	98.8	+	0	0	250M	166235	2119418
L	2122	250	*	*	*	*	*	5583	*
H	2122	250	94.0	+	0	0	250M	154174	5583
L	1664	250	*	*	*	*	*	149021	*
H	1664	250	94.0	+	0	0	250M	147523	149021
L	2243	250	*	*	*	*	*	1143460	*
H	2243	250	92.8	+	0	0	250M	145419	1143460
L	2126	250	*	*	*	*	*	5263	*
H	2126	250	98.0	+	0	0	250M	144720	5263
L	1759	250	*	*	*	*	*	113733	*
H	1759	250	94.8	+	0	0	250M	141021	113733
L	2873	250	*	*	*	*	*	802792	*
H	2873	250	99.2	+	0	0	250M	138930	802792
L	3617	250	*	*	*	*	*	4407974	*
H	3617	250	93.2	+	0	0	250M	138582	4407974
L	2892	250	*	*	*	*	*	3541842	*
H	2892	250	92.8	+	0	0	250M	136773	3541842
L	3109	250	*	*	*	*	*	676511	*
H	3109	250	97.6	+	0	0	250M	132661	676511
L	2656	250	*	*	*	*	*	1009973	*
H	2656	250	96.4	+	0	0	250M	129759	1009973
L	1838	250	*	*	*	*	*	99193	*
H	1838	250	96.4	+	0	0	72MI177MD	112402	99193
L	1986	250	*	*	*	*	*	26799	*
H	1986	250	94.0	+	0	0	250M	111470	26799
L	2846	250	*	*	*	*	*	1140356	*
H	2846	250	98.4	+	0	0	250M	111313	1140356
L	3593	250	*	*	*	*	*	4402516	*
H	3593	250	98.0	+	0	0	250M	106469	4402516
L	2298	250	*	*	*	*	*	1125844	*
H	2298	250	91.6	+	0	0	106MI35MI15MI17M6D28MI27MI16MI	106044	1125844
L	3516	250	*	*	*	*	*	4384067	*
H	3516	250	90.8	+	0	0	250M	104155	4384067
L	708	250	*	*	*	*	*	346085	*
H	708	250	100.0	+	0	0	250M	103285	346085
L	2515	250	*	*	*	*	*	804160	*
H	2515	250	92.8	+	0	0	250M	93641	804160
H	3231	250	95.2	+	0	0	114MD107MD27M2I	86606	4309033
L	329	250	*	*	*	*	*	561099	*
H	329	250	89.2	+	0	0	250M	84396	561099
H	1948	250	96.4	+	0	0	250M	72155	48874
L	2078	250	*	*	*	*	*	9557	*
H	2078	250	93.6	+	0	0	250M	70689	9557
L	1607	250	*	*	*	*	*	160903	*
H	1607	250	96.4	+	0	0	250M	67654	160903
L	2951	250	*	*	*	*	*	1146150	*
H	2951	250	98.0	+	0	0	250M	58613	1146150
L	3475	250	*	*	*	*	*	4372695	*
H	3475	250	92.0	+	0	0	164MD85MI	49604	4372695
L	2418	250	*	*	*	*	*	1143678	*
H	2418	250	96.0	+	0	0	250M	47463	1143678
H	99	250	92.4	+	0	0	67MI182MD	45363	929836
L	1610	250	*	*	*	*	*	159833	*
H	1610	250	96.8	+	0	0	250M	41281	159833
H	99	250	87.6	+	0	0	I11MD55MI142M2I29MD9M2D	40839	929836
L	3794	250	*	*	*	*	*	4453271	*
H	3794	250	97.6	+	0	0	250M	39706	4453271
L	968	250	*	*	*	*	*	286874	*
H	968	250	98.0	+	0	0	186MD41MI22M	37911	286874
L	2533	250	*	*	*	*	*	743801	*
H	2533	250	94.8	+	0	0	250M	33768	743801
H	3475	250	92.4	+	0	0	250M	24838	4372695
L	1125	250	*	*	*	*	*	252876	*
H	1125	250	98.4	+	0	0	250M	17652	252876
L	2216	250	*	*	*	*	*	1137409	*
H	2216	250	87.6	+	0	0	130MD119MI	15593	1137409
L	715	250	*	*	*	*	*	343273	*
H	715	250	98.0	+	0	0	250M	15257	343273
L	3088	250	*	*	*	*	*	1135374	*
H	3088	250	96.8	+	0	0	250M	14492	1135374
L	3899	250	*	*	*	*	*	4472101	*
H	3899	250	91.2	+	0	0	12MD143MD93M2I	14304	4472101
L	258	250	*	*	*	*	*	581342	*
H	258	250	86.8	+	0	0	250M	14295	581342
L	3861	250	*	*	*	*	*	4465498	*
H	3861	250	93.6	+	0	0	250M	14180	4465498
L	2489	250	*	*	*	*	*	731367	*
H	2489	250	95.2	+	0	0	250M	13832	731367
L	1175	250	*	*	*	*	*	239386	*
H	1175	250	96.0	+	0	0	250M	13811	239386
L	341	250	*	*	*	*	*	559105	*
H	341	250	86.8	+	0	0	250M	13763	559105
H	2344	250	96.8	+	0	0	250M	12542	1129081
H	2701	250	98.8	+	0	0	250M	12290	1072784
L	1080	250	*	*	*	*	*	262096	*
H	1080	250	94.8	+	0	0	250M	12106	262096
L	1773	250	*	*	*	*	*	109811	*
H	1773	250	88.4	+	0	0	250M	11120	109811
L	1137	250	*	*	*	*	*	249636	*
H	1137	250	94.0	+	0	0	250M	10898	249636
L	2279	250	*	*	*	*	*	1800506	*
H	2279	250	88.8	+	0	0	250M	10762	1800506
L	204	250	*	*	*	*	*	681954	*
H	204	250	98.0	+	0	0	250M	10298	681954
L	2502	250	*	*	*	*	*	1112913	*
H	2502	250	95.6	+	0	0	250M	8127	1112913
L	3729	250	*	*	*	*	*	4434051	*
H	3729	250	96.4	+	0	0	250M	8105	4434051
L	3953	250	*	*	*	*	*	4482366	*
H	3953	250	88.4	+	0	0	137MI112MD	8010	4482366
L	1799	250	*	*	*	*	*	106310	*
H	1799	250	98.8	+	0	0	250M	7347	106310
L	659	250	*	*	*	*	*	360508	*
H	659	250	97.2	+	0	0	250M	7346	360508
L	1945	250	*	*	*	*	*	49524	*
H	1945	250	97.6	+	0	0	250M	6602	49524
L	390	250	*	*	*	*	*	543619	*
H	390	250	92.8	+	0	0	131MI118MD	6024	543619
L	3845	250	*	*	*	*	*	4462474	*
H	3845	250	87.6	+	0	0	250M	5857	4462474
H	3105	250	95.2	+	0	0	250M	5672	1146685
H	3105	250	96.8	+	0	0	250M	5652	1146685
H	2298	250	95.6	+	0	0	250M	4735	1125844
H	2254	250	89.6	+	0	0	250M	2403	1144264
L	1173	250	*	*	*	*	*	239729	*
H	1173	250	83.2	+	0	0	250M	1222	239729
H	3729	250	96.0	+	0	0	250M	1128670	4434051
L	2208	250	*	*	*	*	*	1657389	*
H	2208	250	84.0	+	0	0	250M	1583749	1657389
L	2652	250	*	*	*	*	*	2806523	*
H	2652	250	99.2	+	0	0	250M	1585210	2806523
L	2637	250	*	*	*	*	*	1138276	*
H	2637	250	93.2	+	0	0	250M	948029	1138276
H	1157	250	94.8	+	0	0	250M	1657383	244757
L	2062	250	*	*	*	*	*	10759	*
H	2062	250	91.6	+	0	0	250M	1130618	10759
L	2444	250	*	*	*	*	*	2270059	*
H	2444	250	92.0	+	0	0	250M	1689014	2270059
L	1134	250	*	*	*	*	*	250626	*
H	1134	250	95.6	+	0	0	250M	1136234	250626
L	1142	250	*	*	*	*	*	247727	*
H	1142	250	95.2	+	0	0	176MI38MI34M2D	638076	247727
L	2043	250	*	*	*	*	*	12702	*
H	2043	250	96.8	+	0	0	250M	646494	12702
H	1630	250	97.2	+	0	0	250M	839270	157497
L	2283	250	*	*	*	*	*	1803005	*
H	2283	250	98.4	+	0	0	250M	1803014	1803005
L	3102	250	*	*	*	*	*	1131221	*
H	3102	250	95.6	+	0	0	55MD194MI	1137534	1131221
H	2125	250	96.4	+	0	0	200MI49MD	653302	5441
H	3105	250	95.6	+	0	0	250M	1133306	1146685
L	2995	250	*	*	*	*	*	1144051	*
H	2995	250	98.8	+	0	0	250M	794652	1144051
L	2472	250	*	*	*	*	*	2343601	*
H	2472	250	96.4	+	0	0	250M	1916598	2343601
H	3231	250	91.6	+	0	0	250M	1126421	4309033
L	2274	250	*	*	*	*	*	805980	*
H	2274	250	95.2	+	0	0	62MI6MI43MD26MI9MI100M3D	668919	805980
L	2608	250	*	*	*	*	*	711733	*
H	2608	250	97.6	+	0	0	250M	1122588	711733
L	2061	250	*	*	*	*	*	10829	*
H	2061	250	88.0	+	0	0	250M	1132993	10829
H	3836	250	88.8	+	0	0	250M	1132942	4460356
N	*	250	*	*	*	*	*	2000753	*
L	2394	250	*	*	*	*	*	2111163	*
H	2394	250	95.6	+	0	0	250M	2045262	2111163
H	2748	250	97.2	+	0	0	250M	744642	726766
L	2333	250	*	*	*	*	*	786876	*
H	2333	250	89.2	+	0	0	250M	2096960	786876
L	2064	250	*	*	*	*	*	10660	*
H	2064	250	98.4	+	0	0	250M	838434	10660
H	1142	250	91.2	+	0	0	176MI38MI34M2D	1143228	247727
L	3034	250	*	*	*	*	*	1133579	*
H	3034	250	93.6	+	0	0	15M2I233M2D	1129723	1133579
L	2800	250	*	*	*	*	*	679077	*
H	2800	250	94.8	+	0	0	250M	706818	679077
L	3677	250	*	*	*	*	*	4423384	*
H	3677	250	96.0	+	0	0	250M	728069	4423384
H	2444	250	93.6	+	0	0	218M2I30M2D	2170497	2270059
H	2244	250	98.4	+	0	0	250M	2199910	1133935
L	802	250	*	*	*	*	*	320332	*
H	802	250	88.4	+	0	0	250M	2223044	320332
L	1810	250	*	*	*	*	*	103743	*
H	1810	250	93.2	+	0	0	250M	2267861	103743
L	3961	250	*	*	*	*	*	4484060	*
H	3961	250	87.6	+	0	0	170MI79MD	2286116	4484060
L	3261	250	*	*	*	*	*	4319468	*
H	3261	250	94.8	+	0	0	250M	1135155	4319468
H	1845	250	98.0	+	0	0	250M	1140286	92333
L	2493	250	*	*	*	*	*	2397566	*
H	2493	250	96.4	+	0	0	250M	2397581	2397566
L	2461	250	*	*	*	*	*	2317382	*
H	2461	250	83.6	+	0	0	125M5I19MI100M6D	2414618	2317382
L	337	250	*	*	*	*	*	559649	*
H	337	250	98.0	+	0	0	250M	1138255	559649
L	2505	250	*	*	*	*	*	2426771	*
H	2505	250	89.2	+	0	0	156MD93MI	2426770	2426771
L	3770	250	*	*	*	*	*	4444173	*
H	3770	250	84.4	+	0	0	102M4I144M4D	2431916	4444173
L	2173	250	*	*	*	*	*	1131099	*
H	2173	250	92.4	+	0	0	250M	2476144	1131099
L	1933	250	*	*	*	*	*	55486	*
H	1933	250	94.8	+	0	0	250M	851932	55486
L	2324	250	*	*	*	*	*	809102	*
H	2324	250	94.4	+	0	0	250M	675678	809102
L	2204	250	*	*	*	*	*	1646259	*
H	2204	250	99.2	+	0	0	250M	2529960	1646259
L	373	250	*	*	*	*	*	550712	*
H	373	250	92.0	+	0	0	250M	2546331	550712
L	2567	250	*	*	*	*	*	1131423	*
H	2567	250	96.4	+	0	0	250M	1144223	1131423
L	1321	250	*	*	*	*	*	194356	*
H	1321	250	99.2	+	0	0	250M	2648149	194356
L	1120	250	*	*	*	*	*	255143	*
H	1120	250	93.6	+	0	0	250M	630172	255143
N	*	250	*	*	*	*	*	2714175	*
L	3248	250	*	*	*	*	*	4316113	*
H	3248	250	82.8	+	0	0	250M	1145458	4316113
L	3420	250	*	*	*	*	*	4359936	*
H	3420	250	85.6	+	0	0	D164MI85M	1097955	4359936
L	1186	250	*	*	*	*	*	235720	*
H	1186	250	97.2	+	0	0	250M	1122081	235720
L	2161	250	*	*	*	*	*	1875	*
H	2161	250	94.4	+	0	0	250M	2918986	1875
L	3365	250	*	*	*	*	*	4348874	*
H	3365	250	87.6	+	0	0	250M	2937207	4348874
L	3693	250	*	*	*	*	*	4426296	*
H	3693	250	98.8	+	0	0	96MI153MD	1084983	4426296
H	2411	250	98.4	+	0	0	250M	1123147	1134510
L	2784	250	*	*	*	*	*	3254563	*
H	2784	250	86.4	+	0	0	250M	2969848	3254563
L	562	250	*	*	*	*	*	469663	*
H	562	250	82.8	+	0	0	250M	2990918	469663
H	1773	250	89.2	+	0	0	250M	2998997	109811
L	3397	250	*	*	*	*	*	4354311	*
H	3397	250	96.4	+	0	0	250M	1121955	4354311
L	2677	250	*	*	*	*	*	761476	*
H	2677	250	84.8	+	0	0	51MD198MI	3002161	761476
L	3354	250	*	*	*	*	*	4347159	*
H	3354	250	91.6	+	0	0	250M	1144180	4347159
L	3155	250	*	*	*	*	*	4251078	*
H	3155	250	97.6	+	0	0	250M	3035626	4251078
N	*	250	*	*	*	*	*	3064426	*
L	3515	250	*	*	*	*	*	4384063	*
H	3515	250	97.6	+	0	0	250M	1131621	4384063
L	2596	250	*	*	*	*	*	2675752	*
H	2596	250	93.6	+	0	0	61MI188MD	933356	2675752
L	1766	250	*	*	*	*	*	111553	*
H	1766	250	96.4	+	0	0	250M	1110599	111553
L	2732	250	*	*	*	*	*	660055	*
H	2732	250	85.6	+	0	0	250M	3201462	660055
L	3002	250	*	*	*	*	*	1137136	*
H	3002	250	89.2	+	0	0	250M	1132384	1137136
L	2376	250	*	*	*	*	*	2062820	*
H	2376	250	91.6	+	0	0	250M	1145607	2062820
H	1321	250	98.4	+	0	0	129MD120MI	621303	194356
N	*	250	*	*	*	*	*	3223797	*
L	2320	250	*	*	*	*	*	1892252	*
H	2320	250	98.8	+	0	0	250M	3225199	1892252
L	3639	250	*	*	*	*	*	4413100	*
H	3639	250	93.6	+	0	0	250M	3229180	4413100
L	1232	250	*	*	*	*	*	210652	*
H	1232	250	92.4	+	0	0	250M	1133895	210652
L	3083	250	*	*	*	*	*	1143479	*
H	3083	250	83.6	+	0	0	250M	1142767	1143479
L	2189	250	*	*	*	*	*	1145943	*
H	2189	250	96.4	+	0	0	250M	1127641	1145943
N	*	250	*	*	*	*	*	3366304	*
L	53	250	*	*	*	*	*	1023473	*
H	53	250	89.2	+	0	0	70MD179MI	3471257	1023473
L	3566	250	*	*	*	*	*	4394104	*
H	3566	250	95.6	+	0	0	250M	1123287	4394104
H	3261	250	91.2	+	0	0	250M	3509162	4319468
L	1564	250	*	*	*	*	*	173486	*
H	1564	250	97.2	+	0	0	209MI40MD	3562528	173486
L	2783	250	*	*	*	*	*	3254234	*
H	2783	250	98.4	+	0	0	250M	3568710	3254234
H	2472	250	88.8	+	0	0	250M	3594973	2343601
L	2474	250	*	*	*	*	*	1114718	*
H	2474	250	98.4	+	0	0	250M	1129599	1114718
L	3635	250	*	*	*	*	*	4411366	*
H	3635	250	96.4	+	0	0	I36MD46MD21MD144M2I	1124064	4411366
L	2757	250	*	*	*	*	*	1127353	*
H	2757	250	84.4	+	0	0	250M	3695679	1127353
L	2668	250	*	*	*	*	*	326714	*
H	2668	250	91.2	+	0	0	250M	1127433	326714
H	3155	250	99.6	+	0	0	250M	3746871	4251078
L	1657	250	*	*	*	*	*	149965	*
H	1657	250	95.2	+	0	0	250M	3755054	149965
N	*	250	*	*	*	*	*	3836963	*
L	321	250	*	*	*	*	*	563536	*
H	321	250	92.4	+	0	0	51M10D189M10I	3882523	563536
N	*	250	*	*	*	*	*	3899192	*
L	982	250	*	*	*	*	*	277651	*
H	982	250	94.0	+	0	0	250M	1141545	277651
L	2809	250	*	*	*	*	*	1131597	*
H	2809	250	90.0	+	0	0	250M	1133391	1131597
H	3231	250	98.4	+	0	0	250M	1116679	4309033
L	2532	250	*	*	*	*	*	2500552	*
H	2532	250	97.2	+	0	0	250M	1129931	2500552
H	2043	250	96.4	+	0	0	250M	1136392	12702
H	2892	250	94.4	+	0	0	250M	1121107	3541842
L	2903	250	*	*	*	*	*	625186	*
H	2903	250	97.2	+	0	0	250M	1123994	625186
H	2493	250	95.2	+	0	0	103MD146MI	4165170	2397566
H	1325	250	94.0	+	0	0	113MD136MI	4165717	193970
H	1186	250	96.8	+	0	0	250M	1142524	235720
H	2911	250	92.0	+	0	0	250M	816189	1143368
L	3082	250	*	*	*	*	*	1139732	*
H	3082	250	94.0	+	0	0	250M	4263820	1139732
L	2113	250	*	*	*	*	*	6825	*
H	2113	250	96.4	+	0	0	250M	4298637	6825
L	311	250	*	*	*	*	*	567241	*
H	311	250	94.4	+	0	0	250M	4302951	567241
L	2022	250	*	*	*	*	*	14615	*
H	2022	250	96.8	+	0	0	123MI126MD	4304862	14615
H	3569	250	97.2	+	0	0	250M	4305580	4394897
L	598	250	*	*	*	*	*	384573	*
H	598	250	95.2	+	0	0	250M	4318352	384573
L	840	250	*	*	*	*	*	310532	*
H	840	250	98.0	+	0	0	250M	4321652	310532
L	2661	250	*	*	*	*	*	1139117	*
H	2661	250	90.0	+	0	0	73MD21MD154M2I	4323024	1139117
H	2787	250	95.6	+	0	0	250M	4324649	3261476
L	2086	250	*	*	*	*	*	9252	*
H	2086	250	97.6	+	0	0	106M4I10MD16MD114M2D	4328035	9252
L	3282	250	*	*	*	*	*	4326632	*
H	3282	250	99.2	+	0	0	250M	4336101	4326632
L	669	250	*	*	*	*	*	357791	*
H	669	250	95.6	+	0	0	250M	4341586	357791
L	3494	250	*	*	*	*	*	4378410	*
H	3494	250	93.2	+	0	0	250M	4343390	4378410
H	2493	250	96.0	+	0	0	103MI146MD	4349225	2397566
H	2254	250	92.4	+	0	0	250M	4349748	1144264
L	1870	250	*	*	*	*	*	81554	*
H	1870	250	97.2	+	0	0	142MI107MD	4352076	81554
L	2073	250	*	*	*	*	*	9961	*
H	2073	250	92.0	+	0	0	250M	4353578	9961
L	3636	250	*	*	*	*	*	4411367	*
H	3636	250	98.0	+	0	0	250M	4360168	4411367
H	3569	250	98.4	+	0	0	250M	4360273	4394897
L	1227	250	*	*	*	*	*	212584	*
H	1227	250	96.8	+	0	0	166MD83MI	4360539	212584
H	1610	250	98.0	+	0	0	250M	4366350	159833
H	2254	250	96.4	+	0	0	250M	4367988	1144264
L	1993	250	*	*	*	*	*	23520	*
H	1993	250	83.2	+	0	0	117MI132MD	4368159	23520
L	3414	250	*	*	*	*	*	4358870	*
H	3414	250	89.2	+	0	0	250M	4370726	4358870
L	1829	250	*	*	*	*	*	100578	*
H	1829	250	96.8	+	0	0	250M	4371951	100578
L	195	250	*	*	*	*	*	698557	*
H	195	250	92.0	+	0	0	250M	4372396	698557
L	3421	250	*	*	*	*	*	4360164	*
H	3421	250	90.8	+	0	0	250M	4378213	4360164
H	2320	250	96.4	+	0	0	250M	4378624	1892252
L	1252	250	*	*	*	*	*	199880	*
H	1252	250	94.4	+	0	0	74MD24MD150M2I	4380180	199880
L	567	250	*	*	*	*	*	457044	*
H	567	250	99.2	+	0	0	250M	4389141	457044
H	2610	250	90.4	+	0	0	250M	4392251	2704718
L	333	250	*	*	*	*	*	560403	*
H	333	250	94.8	+	0	0	74MD175MI	4395692	560403
H	2637	250	94.0	+	0	0	250M	4398600	1138276
L	2362	250	*	*	*	*	*	2035238	*
H	2362	250	92.4	+	0	0	250M	4401868	2035238
L	1341	250	*	*	*	*	*	192107	*
H	1341	250	88.8	+	0	0	250M	4402981	192107
L	168	250	*	*	*	*	*	791385	*
H	168	250	88.4	+	0	0	250M	4406734	791385
H	2493	250	96.4	+	0	0	250M	4410245	2397566
H	1242	250	99.6	+	0	0	250M	4414810	205772
H	2903	250	95.2	+	0	0	250M	4416658	625186
H	1325	250	98.8	+	0	0	250M	4416713	193970
H	3775	250	98.4	+	0	0	250M	4419561	4447124
L	2746	250	*	*	*	*	*	1136763	*
H	2746	250	96.8	+	0	0	250M	4432439	1136763
H	2244	250	98.8	+	0	0	250M	4432889	1133935
H	2995	250	94.8	+	0	0	250M	4433760	1144051
L	2127	250	*	*	*	*	*	5066	*
H	2127	250	94.4	+	0	0	250M	4439078	5066
H	1157	250	97.6	+	0	0	250M	4447123	244757
L	3749	250	*	*	*	*	*	4438027	*
H	3749	250	92.8	+	0	0	250M	4447129	4438027
L	2888	250	*	*	*	*	*	3528451	*
H	2888	250	92.0	+	0	0	250M	4449456	3528451
L	1079	250	*	*	*	*	*	262377	*
H	1079	250	88.0	+	0	0	44MD34MD14M2D23M2D31MD14M2D81M9I	4449703	262377
L	2917	250	*	*	*	*	*	3606810	*
H	2917	250	100.0	+	0	0	250M	4453316	3606810
L	2164	250	*	*	*	*	*	1199	*
H	2164	250	95.2	+	0	0	250M	4456166	1199
L	3151	250	*	*	*	*	*	1021130	*
H	3151	250	95.6	+	0	0	231MI18MD	4456787	1021130
L	3737	250	*	*	*	*	*	4435425	*
H	3737	250	87.2	+	0	0	250M	4458677	4435425
L	1857	250	*	*	*	*	*	89329	*
H	1857	250	81.2	+	0	0	155MD94MI	4459671	89329
L	2565	250	*	*	*	*	*	2572567	*
H	2565	250	98.0	+	0	0	235MI14MD	4459820	2572567
L	3084	250	*	*	*	*	*	836917	*
H	3084	250	87.6	+	0	0	222MD27MI	4466720	836917
L	2169	250	*	*	*	*	*	1122195	*
H	2169	250	93.6	+	0	0	250M	4469778	1122195
L	1995	250	*	*	*	*	*	21796	*
H	1995	250	92.4	+	0	0	250M	4473411	21796
L	3278	250	*	*	*	*	*	4325036	*
H	3278	250	85.6	+	0	0	233MD16MI	4473934	4325036
L	3114	250	*	*	*	*	*	4154525	*
H	3114	250	93.6	+	0	0	250M	4474582	4154525
H	3088	250	96.8	+	0	0	164MD64MD20M2I	4482992	1135374
H	1933	250	95.6	+	0	0	250M	4484389	55486
L	4036	250	*	*	*	*	*	633056	*
H	4036	250	90.8	+	0	0	250M	574835	633056
L	4045	250	*	*	*	*	*	2153390	*
H	4045	250	94.0	+	0	0	250M	467541	2153390
L	4000	250	*	*	*	*	*	155684	*
H	4000	250	94.8	+	0	0	250M	347913	155684
L	4027	250	*	*	*	*	*	981	*
H	4027	250	93.6	+	0	0	250M	19329	981
L	3983	250	*	*	*	*	*	559851	*
H	3983	250	94.4	+	0	0	250M	936	559851
L	4058	250	*	*	*	*	*	840131	*
H	4058	250	89.2	+	0	0	250M	329	840131
L	4012	250	*	*	*	*	*	101553	*
H	4012	250	93.2	+	0	0	135MD114MI	236	101553
H	3983	250	95.2	+	0	0	250M	2058825	559851
L	4017	250	*	*	*	*	*	47968	*
H	4017	250	94.8	+	0	0	250M	692586	47968
H	4045	250	97.2	+	0	0	250M	2940299	2153390
L	4071	250	*	*	*	*	*	4307029	*
H	4071	250	92.0	+	0	0	250M	673916	4307029
L	4024	250	*	*	*	*	*	18525	*
H	4024	250	91.2	+	0	0	10D240M10I	4308349	18525
L	3991	250	*	*	*	*	*	542454	*
H	3991	250	94.4	+	0	0	250M	4315401	542454
L	3964	250	*	*	*	*	*	978530	*
H	3964	250	92.4	+	0	0	250M	4416518	978530
L	4047	250	*	*	*	*	*	665536	*
H	4047	250	96.0	+	0	0	250M	4445049	665536
D	53	2	*	*	*	*	89.2	1023473	*
D	90	2	*	*	*	*	98.0	940737	*
D	99	4	*	*	*	*	90.3	929836	*
D	168	2	*	*	*	*	88.4	791385	*
D	179	2	*	*	*	*	95.2	748921	*
D	195	2	*	*	*	*	92.0	698557	*
D	201	2	*	*	*	*	99.2	687940	*
D	204	2	*	*	*	*	98.0	681954	*
D	218	2	*	*	*	*	89.6	615682	*
D	246	2	*	*	*	*	95.6	586521	*
D	258	2	*	*	*	*	86.8	581342	*
D	311	2	*	*	*	*	94.4	567241	*
D	321	2	*	*	*	*	92.4	563536	*
D	329	2	*	*	*	*	89.2	561099	*
D	333	2	*	*	*	*	94.8	560403	*
D	337	2	*	*	*	*	98.0	559649	*
D	341	2	*	*	*	*	86.8	559105	*
D	365	2	*	*	*	*	89.6	553455	*
D	373	2	*	*	*	*	92.0	550712	*
D	375	2	*	*	*	*	92.0	550440	*
D	388	2	*	*	*	*	91.6	544430	*
D	390	2	*	*	*	*	92.8	543619	*
D	562	2	*	*	*	*	82.8	469663	*
D	567	2	*	*	*	*	99.2	457044	*
D	586	2	*	*	*	*	98.8	409932	*
D	598	2	*	*	*	*	95.2	384573	*
D	659	2	*	*	*	*	97.2	360508	*
D	669	2	*	*	*	*	95.6	357791	*
D	708	2	*	*	*	*	100.0	346085	*
D	715	2	*	*	*	*	98.0	343273	*
D	802	2	*	*	*	*	88.4	320332	*
D	840	2	*	*	*	*	98.0	310532	*
D	968	2	*	*	*	*	98.0	286874	*
D	972	2	*	*	*	*	94.4	284672	*
D	982	2	*	*	*	*	94.0	277651	*
D	1046	2	*	*	*	*	96.4	267698	*
D	1079	2	*	*	*	*	88.0	262377	*
D	1080	2	*	*	*	*	94.8	262096	*
D	1120	2	*	*	*	*	93.6	255143	*
D	1125	2	*	*	*	*	98.4	252876	*
D	1134	2	*	*	*	*	95.6	250626	*
D	1137	2	*	*	*	*	94.0	249636	*
D	1142	3	*	*	*	*	93.2	247727	*
D	1157	4	*	*	*	*	96.0	244757	*
D	1173	2	*	*	*	*	83.2	239729	*
D	1175	2	*	*	*	*	96.0	239386	*
D	1183	2	*	*	*	*	91.6	237081	*
D	1186	3	*	*	*	*	97.0	235720	*
D	1227	2	*	*	*	*	96.8	212584	*
D	1232	2	*	*	*	*	92.4	210652	*
D	1242	3	*	*	*	*	99.0	205772	*
D	1252	2	*	*	*	*	94.4	199880	*
D	1321	3	*	*	*	*	98.8	194356	*
D	1325	4	*	*	*	*	95.9	193970	*
D	1341	2	*	*	*	*	88.8	192107	*
D	1363	2	*	*	*	*	94.8	190032	*
D	1386	2	*	*	*	*	94.0	188333	*
D	1398	2	*	*	*	*	96.8	187297	*
D	1498	2	*	*	*	*	98.0	179639	*
D	1507	2	*	*	*	*	92.0	178224	*
D	1564	2	*	*	*	*	97.2	173486	*
D	1607	2	*	*	*	*	96.4	160903	*
D	1610	3	*	*	*	*	97.4	159833	*
D	1630	3	*	*	*	*	97.4	157497	*
D	1657	2	*	*	*	*	95.2	149965	*
D	1664	2	*	*	*	*	94.0	149021	*
D	1715	2	*	*	*	*	87.2	136767	*
D	1732	2	*	*	*	*	84.4	132837	*
D	1749	2	*	*	*	*	99.6	119663	*
D	1759	2	*	*	*	*	94.8	113733	*
D	1766	2	*	*	*	*	96.4	111553	*
D	1773	3	*	*	*	*	88.8	109811	*
D	1797	2	*	*	*	*	96.0	106422	*
D	1799	2	*	*	*	*	98.8	106310	*
D	1810	2	*	*	*	*	93.2	103743	*
D	1822	2	*	*	*	*	90.8	101860	*
D	1829	2	*	*	*	*	96.8	100578	*
D	1838	2	*	*	*	*	96.4	99193	*
D	1845	3	*	*	*	*	98.0	92333	*
D	1854	2	*	*	*	*	91.2	89669	*
D	1857	2	*	*	*	*	81.2	89329	*
D	1870	2	*	*	*	*	97.2	81554	*
D	1898	2	*	*	*	*	98.4	70728	*
D	1933	3	*	*	*	*	95.2	55486	*
D	1945	2	*	*	*	*	97.6	49524	*
D	1948	3	*	*	*	*	97.4	48874	*
D	1962	2	*	*	*	*	94.0	41059	*
D	1986	2	*	*	*	*	94.0	26799	*
D	1988	2	*	*	*	*	89.6	25895	*
D	1993	2	*	*	*	*	83.2	23520	*
D	1995	2	*	*	*	*	92.4	21796	*
D	2022	2	*	*	*	*	96.8	14615	*
D	2043	3	*	*	*	*	96.6	12702	*
D	2061	2	*	*	*	*	88.0	10829	*
D	2062	2	*	*	*	*	91.6	10759	*
D	2064	2	*	*	*	*	98.4	10660	*
D	2070	2	*	*	*	*	97.2	10323	*
D	2071	2	*	*	*	*	94.8	10196	*
D	2073	2	*	*	*	*	92.0	9961	*
D	2078	2	*	*	*	*	93.6	9557	*
D	2086	2	*	*	*	*	97.6	9252	*
D	2105	2	*	*	*	*	95.2	7509	*
D	2112	2	*	*	*	*	97.6	7214	*
D	2113	2	*	*	*	*	96.4	6825	*
D	2122	2	*	*	*	*	94.0	5583	*
D	2125	3	*	*	*	*	96.4	5441	*
D	2126	2	*	*	*	*	98.0	5263	*
D	2127	2	*	*	*	*	94.4	5066	*
D	2161	2	*	*	*	*	94.4	1875	*
D	2164	2	*	*	*	*	95.2	1199	*
D	2169	2	*	*	*	*	93.6	1122195	*
D	2173	2	*	*	*	*	92.4	1131099	*
D	2189	2	*	*	*	*	96.4	1145943	*
D	2204	2	*	*	*	*	99.2	1646259	*
D	2208	2	*	*	*	*	84.0	1657389	*
D	2216	2	*	*	*	*	87.6	1137409	*
D	2227	2	*	*	*	*	99.2	1115140	*
D	2243	2	*	*	*	*	92.8	1143460	*
D	2244	4	*	*	*	*	98.5	1133935	*
D	2245	2	*	*	*	*	95.6	1125670	*
D	2254	5	*	*	*	*	93.2	1144264	*
D	2259	2	*	*	*	*	97.2	1124748	*
D	2274	2	*	*	*	*	95.2	805980	*
D	2279	2	*	*	*	*	88.8	1800506	*
D	2282	2	*	*	*	*	98.0	1801172	*
D	2283	2	*	*	*	*	98.4	1803005	*
D	2298	3	*	*	*	*	93.6	1125844	*
D	2320	3	*	*	*	*	97.6	1892252	*
D	2324	2	*	*	*	*	94.4	809102	*
D	2333	2	*	*	*	*	89.2	786876	*
D	2344	3	*	*	*	*	97.4	1129081	*
D	2362	2	*	*	*	*	92.4	2035238	*
D	2376	2	*	*	*	*	91.6	2062820	*
D	2394	2	*	*	*	*	95.6	2111163	*
D	2396	2	*	*	*	*	98.8	2119418	*
D	2411	3	*	*	*	*	97.2	1134510	*
D	2418	2	*	*	*	*	96.0	1143678	*
D	2444	3	*	*	*	*	92.8	2270059	*
D	2461	2	*	*	*	*	83.6	2317382	*
D	2472	3	*	*	*	*	92.6	2343601	*
D	2474	2	*	*	*	*	98.4	1114718	*
D	2481	2	*	*	*	*	97.2	1126893	*
D	2489	2	*	*	*	*	95.2	731367	*
D	2493	5	*	*	*	*	96.0	2397566	*
D	2502	2	*	*	*	*	95.6	1112913	*
D	2505	2	*	*	*	*	89.2	2426771	*
D	2515	2	*	*	*	*	92.8	804160	*
D	2521	2	*	*	*	*	97.2	2461583	*
D	2532	2	*	*	*	*	97.2	2500552	*
D	2533	2	*	*	*	*	94.8	743801	*
D	2565	2	*	*	*	*	98.0	2572567	*
D	2567	2	*	*	*	*	96.4	1131423	*
D	2573	2	*	*	*	*	94.8	1144898	*
D	2596	2	*	*	*	*	93.6	2675752	*
D	2608	2	*	*	*	*	97.6	711733	*
D	2610	3	*	*	*	*	93.2	2704718	*
D	2637	3	*	*	*	*	93.6	1138276	*
D	2652	2	*	*	*	*	99.2	2806523	*
D	2656	2	*	*	*	*	96.4	1009973	*
D	2661	2	*	*	*	*	90.0	1139117	*
D	2668	2	*	*	*	*	91.2	326714	*
D	2677	2	*	*	*	*	84.8	761476	*
D	2690	3	*	*	*	*	94.6	842453	*
D	2694	2	*	*	*	*	96.4	1131355	*
D	2701	3	*	*	*	*	98.0	1072784	*
D	2714	2	*	*	*	*	97.2	1137185	*
D	2732	2	*	*	*	*	85.6	660055	*
D	2746	2	*	*	*	*	96.8	1136763	*
D	2748	3	*	*	*	*	97.6	726766	*
D	2757	2	*	*	*	*	84.4	1127353	*
D	2768	2	*	*	*	*	93.2	1139148	*
D	2777	2	*	*	*	*	97.2	782413	*
D	2783	2	*	*	*	*	98.4	3254234	*
D	2784	2	*	*	*	*	86.4	3254563	*
D	2787	3	*	*	*	*	94.6	3261476	*
D	2800	2	*	*	*	*	94.8	679077	*
D	2809	2	*	*	*	*	90.0	1131597	*
D	2846	2	*	*	*	*	98.4	1140356	*
D	2857	2	*	*	*	*	100.0	685571	*
D	2873	2	*	*	*	*	99.2	802792	*
D	2888	2	*	*	*	*	92.0	3528451	*
D	2892	3	*	*	*	*	93.6	3541842	*
D	2903	3	*	*	*	*	96.2	625186	*
D	2911	3	*	*	*	*	92.6	1143368	*
D	2915	2	*	*	*	*	99.2	821185	*
D	2917	2	*	*	*	*	100.0	3606810	*
D	2942	2	*	*	*	*	95.6	1136710	*
D	2951	2	*	*	*	*	98.0	1146150	*
D	2993	2	*	*	*	*	91.6	1137944	*
D	2995	3	*	*	*	*	96.8	1144051	*
D	3002	2	*	*	*	*	89.2	1137136	*
D	3034	2	*	*	*	*	93.6	1133579	*
D	3038	2	*	*	*	*	97.6	722182	*
D	3082	2	*	*	*	*	94.0	1139732	*
D	3083	2	*	*	*	*	83.6	1143479	*
D	3084	2	*	*	*	*	87.6	836917	*
D	3085	2	*	*	*	*	87.6	631036	*
D	3088	3	*	*	*	*	96.8	1135374	*
D	3102	2	*	*	*	*	95.6	1131221	*
D	3105	5	*	*	*	*	96.3	1146685	*
D	3109	2	*	*	*	*	97.6	676511	*
D	3114	2	*	*	*	*	93.6	4154525	*
D	3131	2	*	*	*	*	90.8	1136466	*
D	3151	2	*	*	*	*	95.6	1021130	*
D	3155	3	*	*	*	*	98.6	4251078	*
D	3189	2	*	*	*	*	89.6	4297688	*
D	3231	5	*	*	*	*	96.0	4309033	*
D	3248	2	*	*	*	*	82.8	4316113	*
D	3259	2	*	*	*	*	89.2	4319017	*
D	3261	3	*	*	*	*	93.0	4319468	*
D	3278	2	*	*	*	*	85.6	4325036	*
D	3282	2	*	*	*	*	99.2	4326632	*
D	3323	2	*	*	*	*	94.0	4337248	*
D	3337	2	*	*	*	*	93.6	4341712	*
D	3354	2	*	*	*	*	91.6	4347159	*
D	3365	2	*	*	*	*	87.6	4348874	*
D	3377	2	*	*	*	*	99.2	4350881	*
D	3390	2	*	*	*	*	86.8	4353119	*
D	3397	2	*	*	*	*	96.4	4354311	*
D	3410	2	*	*	*	*	82.0	4357360	*
D	3414	2	*	*	*	*	89.2	4358870	*
D	3419	2	*	*	*	*	98.8	4359731	*
D	3420	2	*	*	*	*	85.6	4359936	*
D	3421	2	*	*	*	*	90.8	4360164	*
D	3436	2	*	*	*	*	98.8	4364892	*
D	3475	3	*	*	*	*	92.2	4372695	*
D	3494	2	*	*	*	*	93.2	4378410	*
D	3515	2	*	*	*	*	97.6	4384063	*
D	3516	2	*	*	*	*	90.8	4384067	*
D	3566	2	*	*	*	*	95.6	4394104	*
D	3569	4	*	*	*	*	97.2	4394897	*
D	3593	2	*	*	*	*	98.0	4402516	*
D	3599	2	*	*	*	*	93.2	4403441	*
D	3617	2	*	*	*	*	93.2	4407974	*
D	3635	2	*	*	*	*	96.4	4411366	*
D	3636	2	*	*	*	*	98.0	4411367	*
D	3639	2	*	*	*	*	93.6	4413100	*
D	3659	2	*	*	*	*	98.4	4418165	*
D	3677	2	*	*	*	*	96.0	4423384	*
D	3693	2	*	*	*	*	98.8	4426296	*
D	3729	3	*	*	*	*	96.2	4434051	*
D	3736	2	*	*	*	*	86.4	4435424	*
D	3737	2	*	*	*	*	87.2	4435425	*
D	3749	2	*	*	*	*	92.8	4438027	*
D	3755	2	*	*	*	*	95.6	4439195	*
D	3770	2	*	*	*	*	84.4	4444173	*
D	3775	3	*	*	*	*	98.0	4447124	*
D	3794	2	*	*	*	*	97.6	4453271	*
D	3803	2	*	*	*	*	97.2	4454082	*
D	3819	2	*	*	*	*	97.6	4456892	*
D	3836	3	*	*	*	*	89.8	4460356	*
D	3845	2	*	*	*	*	87.6	4462474	*
D	3861	2	*	*	*	*	93.6	4465498	*
D	3899	2	*	*	*	*	91.2	4472101	*
D	3953	2	*	*	*	*	88.4	4482366	*
D	3961	2	*	*	*	*	87.6	4484060	*
D	3964	2	*	*	*	*	92.4	978530	*
D	3983	3	*	*	*	*	94.8	559851	*
D	3991	2	*	*	*	*	94.4	542454	*
D	4000	2	*	*	*	*	94.8	155684	*
D	4012	2	*	*	*	*	93.2	101553	*
D	4017	2	*	*	*	*	94.8	47968	*
D	4024	2	*	*	*	*	91.2	18525	*
D	4027	2	*	*	*	*	93.6	981	*
D	4036	2	*	*	*	*	90.8	633056	*
D	4045	3	*	*	*	*	95.6	2153390	*
D	4047	2	*	*	*	*	96.0	665536	*
D	4058	2	*	*	*	*	89.2	840131	*
D	4071	2	*	*	*	*	92.0	4307029	*
