UclustConsensusTaxonAssigner parameters:
id_to_taxonomy_filepath:/Users/nbokulich/Desktop/projects/short-read-tax-assignment/data/novel-taxa-simulations/B1-REF-L5-iter0/ref_taxa.tsv
id_to_taxonomy_fp:/Users/nbokulich/Desktop/projects/short-read-tax-assignment/data/novel-taxa-simulations/B1-REF-L5-iter0/ref_taxa.tsv
max_accepts:1
min_consensus_fraction:0.76
reference_sequences_fp:/Users/nbokulich/Desktop/projects/short-read-tax-assignment/data/novel-taxa-simulations/B1-REF-L5-iter0/ref_seqs.fasta
similarity:0.9
unassignable_label:Unassigned
Result path: /var/folders/0t/l1dz88p50y91vx_22fx5w3780000gn/T/assign-taxupkc1k

.uc file contents:

# uclust --input /Users/nbokulich/Desktop/projects/short-read-tax-assignment/data/novel-taxa-simulations/B1-REF-L5-iter0/query.fasta --id 0.9 --rev --maxaccepts 1 --allhits --libonly --lib /Users/nbokulich/Desktop/projects/short-read-tax-assignment/data/novel-taxa-simulations/B1-REF-L5-iter0/ref_seqs.fasta --uc /var/folders/0t/l1dz88p50y91vx_22fx5w3780000gn/T/UclustConsensusTaxonAssigner_TFH7zN.uc
# version=1.2.22
# Tab-separated fields:
# 1=Type, 2=ClusterNr, 3=SeqLength or ClusterSize, 4=PctId, 5=Strand, 6=QueryStart, 7=SeedStart, 8=Alignment, 9=QueryLabel, 10=TargetLabel
# Record types (field 1): L=LibSeed, S=NewSeed, H=Hit, R=Reject, D=LibCluster, C=NewCluster, N=NoHit
# For C and D types, PctId is average id with seed.
# QueryStart and SeedStart are zero-based relative to start of sequence.
# If minus strand, SeedStart is relative to reverse-complemented seed.
L	2840	250	*	*	*	*	*	676509	*
H	2840	250	94.4	+	0	0	14MI235MD	1083016	676509
L	1689	250	*	*	*	*	*	80820	*
H	1689	250	92.0	+	0	0	250M	1047409	80820
L	2455	250	*	*	*	*	*	2704718	*
H	2455	250	96.0	+	0	0	250M	1021078	2704718
L	2503	250	*	*	*	*	*	1122081	*
H	2503	250	95.6	+	0	0	250M	961922	1122081
L	3767	250	*	*	*	*	*	4482839	*
H	3767	250	98.0	+	0	0	250M	940737	4482839
L	3688	250	*	*	*	*	*	4466150	*
H	3688	250	97.6	+	0	0	250M	823745	4466150
L	3193	250	*	*	*	*	*	4341712	*
H	3193	250	93.6	+	0	0	250M	814161	4341712
L	210	250	*	*	*	*	*	806916	*
H	210	250	96.4	+	0	0	250M	808546	806916
N	*	250	*	*	*	*	*	789693	*
L	1232	250	*	*	*	*	*	202684	*
H	1232	250	94.4	+	0	0	226MI23MD	787697	202684
L	229	250	*	*	*	*	*	748921	*
H	229	250	95.2	+	0	0	250M	738267	748921
L	3229	250	*	*	*	*	*	4350881	*
H	3229	250	99.2	+	0	0	250M	732609	4350881
L	2639	250	*	*	*	*	*	782413	*
H	2639	250	97.2	+	0	0	250M	697027	782413
N	*	250	*	*	*	*	*	615682	*
L	2906	250	*	*	*	*	*	722182	*
H	2906	250	97.6	+	0	0	250M	593894	722182
N	*	250	*	*	*	*	*	593016	*
L	3431	250	*	*	*	*	*	4402516	*
H	3431	250	96.8	+	0	0	250M	587602	4402516
L	2137	250	*	*	*	*	*	709363	*
H	2137	250	96.4	+	0	0	250M	586521	709363
N	*	250	*	*	*	*	*	581342	*
N	*	250	*	*	*	*	*	571805	*
L	2475	250	*	*	*	*	*	2749362	*
H	2475	250	98.8	+	0	0	250M	568228	2749362
L	1439	250	*	*	*	*	*	159833	*
H	1439	250	94.0	+	0	0	250M	562523	159833
L	3418	250	*	*	*	*	*	4395692	*
H	3418	250	94.8	+	0	0	74MI175MD	560403	4395692
L	2559	250	*	*	*	*	*	1072784	*
H	2559	250	97.2	+	0	0	197MD18MD11MD21M3I	557633	1072784
N	*	250	*	*	*	*	*	556906	*
N	*	250	*	*	*	*	*	556300	*
L	2545	250	*	*	*	*	*	1131355	*
H	2545	250	96.4	+	0	0	65MD154MI30M	549754	1131355
L	3217	250	*	*	*	*	*	4348634	*
H	3217	250	93.6	+	0	0	250M	545511	4348634
L	1864	250	*	*	*	*	*	12993	*
H	1864	250	98.4	+	0	0	250M	539230	12993
L	499	250	*	*	*	*	*	537871	*
H	499	250	99.2	+	0	0	218MD31MI	539107	537871
L	2250	250	*	*	*	*	*	2106896	*
H	2250	250	96.4	+	0	0	250M	538602	2106896
L	1437	250	*	*	*	*	*	160832	*
H	1437	250	97.2	+	0	0	198MD51MI	536986	160832
N	*	250	*	*	*	*	*	535071	*
L	2335	250	*	*	*	*	*	1140286	*
H	2335	250	98.8	+	0	0	250M	533516	1140286
L	1730	250	*	*	*	*	*	67654	*
H	1730	250	96.0	+	0	0	195MD31MD22M2I	528855	67654
L	700	250	*	*	*	*	*	370056	*
H	700	250	96.4	+	0	0	250M	527078	370056
N	*	250	*	*	*	*	*	484439	*
H	499	250	98.8	+	0	0	250M	441019	537871
L	746	250	*	*	*	*	*	354765	*
H	746	250	99.2	+	0	0	250M	409932	354765
L	2838	250	*	*	*	*	*	3772088	*
H	2838	250	94.8	+	0	0	250M	400480	3772088
N	*	250	*	*	*	*	*	358757	*
L	1508	250	*	*	*	*	*	141316	*
H	1508	250	96.8	+	0	0	150MD49MI15MI34MD	350563	141316
L	2675	250	*	*	*	*	*	832652	*
H	2675	250	99.2	+	0	0	250M	340077	832652
L	368	250	*	*	*	*	*	571589	*
H	368	250	95.2	+	0	0	250M	336703	571589
L	1569	250	*	*	*	*	*	129759	*
H	1569	250	94.8	+	0	0	250M	331282	129759
L	249	250	*	*	*	*	*	695731	*
H	249	250	90.4	+	0	0	20M4D25M3D198M7I	323164	695731
N	*	250	*	*	*	*	*	318473	*
N	*	250	*	*	*	*	*	315982	*
L	530	250	*	*	*	*	*	530612	*
H	530	250	90.8	+	0	0	140MD25MD83M2I	312648	530612
L	3306	250	*	*	*	*	*	4367385	*
H	3306	250	91.2	+	0	0	227MI22MD	311813	4367385
H	249	250	95.2	+	0	0	250M	310532	695731
L	1105	250	*	*	*	*	*	255153	*
H	1105	250	90.8	+	0	0	250M	280943	255153
L	2427	250	*	*	*	*	*	1144898	*
H	2427	250	94.8	+	0	0	250M	272031	1144898
L	1023	250	*	*	*	*	*	277651	*
H	1023	250	92.4	+	0	0	250M	270202	277651
L	2510	250	*	*	*	*	*	326714	*
H	2510	250	95.2	+	0	0	250M	266579	326714
L	2441	250	*	*	*	*	*	2658175	*
H	2441	250	96.8	+	0	0	250M	265604	2658175
L	1573	250	*	*	*	*	*	119663	*
H	1573	250	99.6	+	0	0	250M	264546	119663
L	1767	250	*	*	*	*	*	47556	*
H	1767	250	93.6	+	0	0	250M	259514	47556
L	1632	250	*	*	*	*	*	102993	*
H	1632	250	97.2	+	0	0	250M	259094	102993
H	249	250	98.4	+	0	0	250M	253214	695731
L	379	250	*	*	*	*	*	569055	*
H	379	250	92.4	+	0	0	250M	249383	569055
L	3607	250	*	*	*	*	*	4447123	*
H	3607	250	97.6	+	0	0	250M	244757	4447123
L	3169	250	*	*	*	*	*	4334748	*
H	3169	250	98.8	+	0	0	250M	240755	4334748
L	2082	250	*	*	*	*	*	1133935	*
H	2082	250	96.8	+	0	0	250M	239951	1133935
L	1650	250	*	*	*	*	*	99436	*
H	1650	250	92.0	+	0	0	250M	237265	99436
H	2503	250	97.2	+	0	0	250M	235720	1122081
L	2105	250	*	*	*	*	*	1134626	*
H	2105	250	92.8	+	0	0	250M	225045	1134626
N	*	250	*	*	*	*	*	219119	*
L	2966	250	*	*	*	*	*	1146685	*
H	2966	250	97.6	+	0	0	250M	217386	1146685
L	1492	250	*	*	*	*	*	144720	*
H	1492	250	98.0	+	0	0	250M	212299	144720
N	*	250	*	*	*	*	*	202715	*
N	*	250	*	*	*	*	*	196125	*
L	2633	250	*	*	*	*	*	621303	*
H	2633	250	98.4	+	0	0	129MI120MD	194356	621303
L	3495	250	*	*	*	*	*	4416713	*
H	3495	250	98.8	+	0	0	250M	193970	4416713
L	3590	250	*	*	*	*	*	4439195	*
H	3590	250	95.6	+	0	0	250M	189028	4439195
L	1642	250	*	*	*	*	*	101860	*
H	1642	250	90.8	+	0	0	63MI186MD	181744	101860
N	*	250	*	*	*	*	*	181641	*
L	1441	250	*	*	*	*	*	158859	*
H	1441	250	96.0	+	0	0	134MD115MI	175954	158859
L	1893	250	*	*	*	*	*	10323	*
H	1893	250	97.6	+	0	0	250M	166268	10323
L	3437	250	*	*	*	*	*	4403542	*
H	3437	250	98.8	+	0	0	250M	166235	4403542
H	1730	250	96.4	+	0	0	250M	160903	67654
L	883	250	*	*	*	*	*	312765	*
H	883	250	91.2	+	0	0	250M	156688	312765
N	*	250	*	*	*	*	*	155362	*
L	1479	250	*	*	*	*	*	149021	*
H	1479	250	94.0	+	0	0	250M	147523	149021
L	2421	250	*	*	*	*	*	1144223	*
H	2421	250	96.0	+	0	0	250M	143784	1144223
L	3360	250	*	*	*	*	*	4380180	*
H	3360	250	93.2	+	0	0	250M	136508	4380180
L	371	250	*	*	*	*	*	570390	*
H	371	250	93.2	+	0	0	250M	130535	570390
N	*	250	*	*	*	*	*	129337	*
L	1885	250	*	*	*	*	*	10945	*
H	1885	250	93.2	+	0	0	250M	128801	10945
N	*	250	*	*	*	*	*	115290	*
L	3230	250	*	*	*	*	*	4351033	*
H	3230	250	98.0	+	0	0	250M	108008	4351033
H	1479	250	91.2	+	0	0	250M	106754	149021
L	2132	250	*	*	*	*	*	1125844	*
H	2132	250	91.6	+	0	0	106MI35MI15MI17M6D28MI27MI16MI	106044	1125844
N	*	250	*	*	*	*	*	104523	*
L	376	250	*	*	*	*	*	569939	*
H	376	250	94.4	+	0	0	250M	104477	569939
L	1647	250	*	*	*	*	*	100578	*
H	1647	250	97.6	+	0	0	250M	101883	100578
L	1629	250	*	*	*	*	*	104045	*
H	1629	250	96.8	+	0	0	51MD198MI	99267	104045
N	*	250	*	*	*	*	*	98889	*
L	1987	250	*	*	*	*	*	2935	*
H	1987	250	90.4	+	0	0	250M	89923	2935
N	*	250	*	*	*	*	*	84396	*
H	2421	250	97.2	+	0	0	142MD107MI	81554	1144223
L	269	250	*	*	*	*	*	655619	*
H	269	250	92.0	+	0	0	250M	81397	655619
L	1553	250	*	*	*	*	*	133739	*
H	1553	250	96.0	+	0	0	250M	69274	133739
L	1112	250	*	*	*	*	*	252679	*
H	1112	250	94.4	+	0	0	243MD6MI	64384	252679
H	2633	250	94.0	+	0	0	130MI119MD	59721	621303
L	3448	250	*	*	*	*	*	4406407	*
H	3448	250	94.0	+	0	0	250M	58647	4406407
L	3455	250	*	*	*	*	*	4407974	*
H	3455	250	90.0	+	0	0	250M	51657	4407974
L	3243	250	*	*	*	*	*	4353578	*
H	3243	250	90.0	+	0	0	250M	50763	4353578
N	*	250	*	*	*	*	*	35634	*
L	2388	250	*	*	*	*	*	743801	*
H	2388	250	94.8	+	0	0	250M	33768	743801
N	*	250	*	*	*	*	*	21464	*
L	1080	250	*	*	*	*	*	262096	*
H	1080	250	95.6	+	0	0	250M	17513	262096
L	492	250	*	*	*	*	*	539939	*
H	492	250	90.8	+	0	0	250M	16026	539939
N	*	250	*	*	*	*	*	15593	*
L	3517	250	*	*	*	*	*	4423600	*
H	3517	250	92.4	+	0	0	6D47M2I43MI154M3I	14982	4423600
L	3284	250	*	*	*	*	*	4363413	*
H	3284	250	97.6	+	0	0	123MD126MI	14615	4363413
L	3308	250	*	*	*	*	*	4368045	*
H	3308	250	92.8	+	0	0	250M	14180	4368045
L	2339	250	*	*	*	*	*	731367	*
H	2339	250	95.2	+	0	0	250M	13832	731367
L	1852	250	*	*	*	*	*	13813	*
H	1852	250	96.0	+	0	0	250M	13811	13813
H	2559	250	98.8	+	0	0	250M	12290	1072784
L	1880	250	*	*	*	*	*	11439	*
H	1880	250	95.2	+	0	0	250M	11427	11439
L	2943	250	*	*	*	*	*	1129564	*
H	2943	250	90.8	+	0	0	250M	10940	1129564
L	2965	250	*	*	*	*	*	1121107	*
H	2965	250	94.4	+	0	0	250M	10898	1121107
N	*	250	*	*	*	*	*	10762	*
L	1007	250	*	*	*	*	*	287305	*
H	1007	250	90.0	+	0	0	250M	10672	287305
L	259	250	*	*	*	*	*	681954	*
H	259	250	98.0	+	0	0	250M	10298	681954
L	470	250	*	*	*	*	*	547396	*
H	470	250	99.6	+	0	0	250M	9511	547396
L	3139	250	*	*	*	*	*	4328035	*
H	3139	250	97.6	+	0	0	106M4D10MI16MI114M2I	9252	4328035
L	3681	250	*	*	*	*	*	4465296	*
H	3681	250	96.0	+	0	0	137MD112MI	9128	4465296
L	1530	250	*	*	*	*	*	138840	*
H	1530	250	92.8	+	0	0	250M	8173	138840
L	447	250	*	*	*	*	*	553455	*
H	447	250	90.8	+	0	0	216MI33MD	7457	553455
L	728	250	*	*	*	*	*	360508	*
H	728	250	97.2	+	0	0	250M	7346	360508
L	1895	250	*	*	*	*	*	10180	*
H	1895	250	90.8	+	0	0	250M	7260	10180
L	3721	250	*	*	*	*	*	4473175	*
H	3721	250	98.0	+	0	0	54MI30MI164M2D	7214	4473175
L	1786	250	*	*	*	*	*	40104	*
H	1786	250	97.2	+	0	0	250M	6648	40104
L	245	250	*	*	*	*	*	706283	*
H	245	250	91.6	+	0	0	250M	6367	706283
L	817	250	*	*	*	*	*	336110	*
H	817	250	92.0	+	0	0	245MD4MI	6365	336110
L	285	250	*	*	*	*	*	609349	*
H	285	250	91.2	+	0	0	250M	5857	609349
H	2966	250	96.8	+	0	0	250M	5652	1146685
L	2446	250	*	*	*	*	*	2675752	*
H	2446	250	94.4	+	0	0	62MI187MD	5066	2675752
H	2633	250	95.6	+	0	0	129MI120MD	4638	621303
N	*	250	*	*	*	*	*	1222	*
L	1603	250	*	*	*	*	*	109216	*
H	1603	250	90.8	+	0	0	250M	1122195	109216
L	3110	250	*	*	*	*	*	4319468	*
H	3110	250	90.0	+	0	0	250M	1131099	4319468
L	2629	250	*	*	*	*	*	1132384	*
H	2629	250	92.4	+	0	0	250M	1548009	1132384
L	2497	250	*	*	*	*	*	2806523	*
H	2497	250	99.2	+	0	0	250M	1585210	2806523
L	397	250	*	*	*	*	*	565472	*
H	397	250	97.2	+	0	0	250M	1145943	565472
N	*	250	*	*	*	*	*	1604187	*
L	2328	250	*	*	*	*	*	2344267	*
H	2328	250	99.2	+	0	0	250M	1646255	2344267
N	*	250	*	*	*	*	*	1130618	*
H	1786	250	90.4	+	0	0	250M	656307	40104
L	1868	250	*	*	*	*	*	12702	*
H	1868	250	96.8	+	0	0	250M	646494	12702
L	264	250	*	*	*	*	*	662645	*
H	264	250	98.0	+	0	0	250M	805980	662645
L	1448	250	*	*	*	*	*	157497	*
H	1448	250	97.2	+	0	0	250M	839270	157497
L	2115	250	*	*	*	*	*	1803005	*
H	2115	250	98.4	+	0	0	250M	1803014	1803005
L	1956	250	*	*	*	*	*	5441	*
H	1956	250	96.4	+	0	0	200MI49MD	653302	5441
L	1115	250	*	*	*	*	*	252028	*
H	1115	250	96.0	+	0	0	250M	1133306	252028
L	515	250	*	*	*	*	*	533999	*
H	515	250	97.2	+	0	0	250M	614944	533999
H	2132	250	96.4	+	0	0	250M	1121839	1125844
L	3628	250	*	*	*	*	*	4453316	*
H	3628	250	99.6	+	0	0	250M	1918929	4453316
L	465	250	*	*	*	*	*	549232	*
H	465	250	91.2	+	0	0	250M	1126421	549232
L	207	250	*	*	*	*	*	811272	*
H	207	250	98.4	+	0	0	250M	1122588	811272
L	438	250	*	*	*	*	*	555568	*
H	438	250	96.8	+	0	0	250M	698294	555568
L	1145	250	*	*	*	*	*	244196	*
H	1145	250	98.8	+	0	0	250M	1129081	244196
L	3703	250	*	*	*	*	*	4469481	*
H	3703	250	95.6	+	0	0	250M	1142215	4469481
L	1364	250	*	*	*	*	*	179639	*
H	1364	250	92.4	+	0	0	250M	1136639	179639
L	2254	250	*	*	*	*	*	2111163	*
H	2254	250	95.6	+	0	0	250M	2045262	2111163
L	2081	250	*	*	*	*	*	1143460	*
H	2081	250	94.8	+	0	0	250M	1133602	1143460
N	*	250	*	*	*	*	*	2107103	*
N	*	250	*	*	*	*	*	721930	*
H	3229	250	100.0	+	0	0	250M	1143678	4350881
L	2728	250	*	*	*	*	*	3509168	*
H	2728	250	96.0	+	0	0	250M	2228266	3509168
L	2759	250	*	*	*	*	*	1143368	*
H	2759	250	95.2	+	0	0	250M	2228274	1143368
L	3559	250	*	*	*	*	*	4432889	*
H	3559	250	96.4	+	0	0	250M	1145384	4432889
L	3304	250	*	*	*	*	*	4366350	*
H	3304	250	96.8	+	0	0	250M	1145083	4366350
L	416	250	*	*	*	*	*	560027	*
H	416	250	96.0	+	0	0	250M	637350	560027
L	2161	250	*	*	*	*	*	1916598	*
H	2161	250	96.4	+	0	0	250M	2343601	1916598
H	3110	250	94.8	+	0	0	250M	1135155	4319468
L	2607	250	*	*	*	*	*	925397	*
H	2607	250	92.8	+	0	0	250M	1126893	925397
L	3467	250	*	*	*	*	*	4410245	*
H	3467	250	96.4	+	0	0	250M	2397566	4410245
L	2362	250	*	*	*	*	*	2426772	*
H	2362	250	96.4	+	0	0	250M	2397567	2426772
H	2362	250	98.0	+	0	0	208M4D38M4I	2426773	2426772
L	1760	250	*	*	*	*	*	51091	*
H	1760	250	90.0	+	0	0	250M	849361	51091
L	1753	250	*	*	*	*	*	55486	*
H	1753	250	94.8	+	0	0	250M	851932	55486
L	1855	250	*	*	*	*	*	13730	*
H	1855	250	90.4	+	0	0	250M	2494383	13730
L	790	250	*	*	*	*	*	342971	*
H	790	250	93.6	+	0	0	250M	2499164	342971
L	3180	250	*	*	*	*	*	4337455	*
H	3180	250	96.0	+	0	0	250M	2530340	4337455
L	2209	250	*	*	*	*	*	2035238	*
H	2209	250	99.6	+	0	0	250M	2542324	2035238
N	*	250	*	*	*	*	*	972165	*
L	358	250	*	*	*	*	*	575299	*
H	358	250	94.8	+	0	0	250M	2546331	575299
L	3666	250	*	*	*	*	*	4459820	*
H	3666	250	98.0	+	0	0	235MD14MI	2572567	4459820
H	2633	250	99.2	+	0	0	130MI119MD	2648149	621303
L	2577	250	*	*	*	*	*	3055791	*
H	2577	250	94.0	+	0	0	250M	1125725	3055791
L	2826	250	*	*	*	*	*	3746876	*
H	2826	250	100.0	+	0	0	250M	2682867	3746876
N	*	250	*	*	*	*	*	2694703	*
N	*	250	*	*	*	*	*	2714175	*
N	*	250	*	*	*	*	*	1121558	*
L	1377	250	*	*	*	*	*	177520	*
H	1377	250	92.8	+	0	0	250M	851782	177520
L	2569	250	*	*	*	*	*	1138936	*
H	2569	250	96.8	+	0	0	250M	808919	1138936
L	2326	250	*	*	*	*	*	1143602	*
H	2326	250	95.2	+	0	0	250M	1140484	1143602
L	2554	250	*	*	*	*	*	1134675	*
H	2554	250	96.4	+	0	0	250M	1127719	1134675
L	2349	250	*	*	*	*	*	1130952	*
H	2349	250	95.6	+	0	0	250M	842453	1130952
N	*	250	*	*	*	*	*	3014179	*
L	1710	250	*	*	*	*	*	72820	*
H	1710	250	91.6	+	0	0	250M	1144180	72820
N	*	250	*	*	*	*	*	660055	*
L	496	250	*	*	*	*	*	538813	*
H	496	250	98.0	+	0	0	250M	726766	538813
L	1588	250	*	*	*	*	*	111553	*
H	1588	250	96.4	+	0	0	250M	1110599	111553
H	2254	250	90.4	+	0	0	250M	1145607	2111163
N	*	250	*	*	*	*	*	3254563	*
L	1038	250	*	*	*	*	*	273647	*
H	1038	250	97.2	+	0	0	250M	3261476	273647
L	1106	250	*	*	*	*	*	255143	*
H	1106	250	92.8	+	0	0	250M	846667	255143
L	452	250	*	*	*	*	*	552208	*
H	452	250	92.4	+	0	0	250M	1139304	552208
H	397	250	94.4	+	0	0	250M	1127641	565472
H	3448	250	90.4	+	0	0	250M	1141031	4406407
L	3475	250	*	*	*	*	*	4411367	*
H	3475	250	100.0	+	0	0	250M	3363021	4411367
L	3388	250	*	*	*	*	*	4386973	*
H	3388	250	97.2	+	0	0	250M	790610	4386973
L	3141	250	*	*	*	*	*	4328084	*
H	3141	250	99.6	+	0	0	250M	637528	4328084
L	3537	250	*	*	*	*	*	4428224	*
H	3537	250	98.4	+	0	0	250M	1140356	4428224
L	1529	250	*	*	*	*	*	138930	*
H	1529	250	99.2	+	0	0	250M	802792	138930
H	3110	250	91.2	+	0	0	250M	3509162	4319468
L	1728	250	*	*	*	*	*	70057	*
H	1728	250	98.8	+	0	0	250M	1115975	70057
H	2965	250	94.4	+	0	0	250M	3541842	1121107
H	3628	250	98.8	+	0	0	250M	3568714	4453316
N	*	250	*	*	*	*	*	1061071	*
L	1748	250	*	*	*	*	*	58613	*
H	1748	250	98.0	+	0	0	250M	1146150	58613
L	2218	250	*	*	*	*	*	2046080	*
H	2218	250	95.6	+	0	0	250M	698296	2046080
L	756	250	*	*	*	*	*	351494	*
H	756	250	91.6	+	0	0	250M	1137944	351494
L	3508	250	*	*	*	*	*	4422114	*
H	3508	250	99.6	+	0	0	250M	1141671	4422114
H	1023	250	94.0	+	0	0	250M	1141545	277651
L	3289	250	*	*	*	*	*	4364813	*
H	3289	250	97.6	+	0	0	250M	1135136	4364813
N	*	250	*	*	*	*	*	1140199	*
H	2554	250	95.6	+	0	0	250M	1136010	1134675
N	*	250	*	*	*	*	*	3990168	*
N	*	250	*	*	*	*	*	4015030	*
L	2649	250	*	*	*	*	*	3271868	*
H	2649	250	95.6	+	0	0	250M	1141922	3271868
H	2966	250	97.2	+	0	0	250M	660708	1146685
H	3495	250	91.6	+	0	0	80MI169MD	1127073	4416713
N	*	250	*	*	*	*	*	631036	*
H	2441	250	97.6	+	0	0	250M	1135374	2658175
L	3515	250	*	*	*	*	*	4423384	*
H	3515	250	91.2	+	0	0	250M	719098	4423384
L	2387	250	*	*	*	*	*	2500552	*
H	2387	250	97.2	+	0	0	250M	1129931	2500552
L	2119	250	*	*	*	*	*	1129461	*
H	2119	250	99.6	+	0	0	250M	676511	1129461
L	2750	250	*	*	*	*	*	625186	*
H	2750	250	97.2	+	0	0	250M	1123994	625186
H	3495	250	92.8	+	0	0	113MD136MI	4165717	4416713
H	2503	250	95.6	+	0	0	250M	1142524	1122081
L	1225	250	*	*	*	*	*	205772	*
H	1225	250	98.8	+	0	0	250M	1142257	205772
L	760	250	*	*	*	*	*	351163	*
H	760	250	95.2	+	0	0	240MD9MI	4232048	351163
H	3180	250	100.0	+	0	0	250M	1141542	4337455
L	3651	250	*	*	*	*	*	4456787	*
H	3651	250	95.6	+	0	0	231MD18MI	1021130	4456787
L	3328	250	*	*	*	*	*	4372372	*
H	3328	250	99.6	+	0	0	250M	808021	4372372
L	1456	250	*	*	*	*	*	154174	*
H	1456	250	90.0	+	0	0	250M	4300564	154174
L	3641	250	*	*	*	*	*	4454715	*
H	3641	250	90.8	+	0	0	250M	4307258	4454715
N	*	250	*	*	*	*	*	4316113	*
L	688	250	*	*	*	*	*	384573	*
H	688	250	95.2	+	0	0	250M	4318352	384573
L	3107	250	*	*	*	*	*	4318406	*
H	3107	250	95.2	+	0	0	250M	4321652	4318406
L	1269	250	*	*	*	*	*	195336	*
H	1269	250	93.2	+	0	0	250M	4325509	195336
H	3304	250	96.8	+	0	0	250M	4334615	4366350
H	1492	250	94.4	+	0	0	250M	4341586	144720
L	2979	250	*	*	*	*	*	4165170	*
H	2979	250	98.4	+	0	0	105M2I143M2D	4349225	4165170
H	1895	250	96.4	+	0	0	250M	4350720	10180
H	2421	250	97.2	+	0	0	250M	4352076	1144223
L	1424	250	*	*	*	*	*	164523	*
H	1424	250	95.2	+	0	0	74MI175MD	4358096	164523
N	*	250	*	*	*	*	*	4358870	*
L	2271	250	*	*	*	*	*	2160270	*
H	2271	250	98.0	+	0	0	250M	4360168	2160270
H	3328	250	99.2	+	0	0	250M	4365144	4372372
L	3268	250	*	*	*	*	*	4360164	*
H	3268	250	90.8	+	0	0	250M	4378213	4360164
L	2585	250	*	*	*	*	*	1131621	*
H	2585	250	97.6	+	0	0	250M	4384063	1131621
L	2003	250	*	*	*	*	*	1503863	*
H	2003	250	91.6	+	0	0	250M	4384067	1503863
N	*	250	*	*	*	*	*	4384427	*
L	1838	250	*	*	*	*	*	15059	*
H	1838	250	96.0	+	0	0	250M	4389141	15059
N	*	250	*	*	*	*	*	4389145	*
L	2995	250	*	*	*	*	*	1136466	*
H	2995	250	97.6	+	0	0	250M	4390091	1136466
L	1287	250	*	*	*	*	*	192326	*
H	1287	250	94.4	+	0	0	250M	4390966	192326
L	3269	250	*	*	*	*	*	4360273	*
H	3269	250	92.4	+	0	0	250M	4391460	4360273
L	3335	250	*	*	*	*	*	4372695	*
H	3335	250	90.8	+	0	0	250M	4392252	4372695
L	2845	250	*	*	*	*	*	944401	*
H	2845	250	96.4	+	0	0	250M	4397087	944401
L	2345	250	*	*	*	*	*	2397581	*
H	2345	250	92.4	+	0	0	206M2I42M2D	4401868	2397581
L	2609	250	*	*	*	*	*	1131768	*
H	2609	250	92.0	+	0	0	250M	690594	1131768
L	2186	250	*	*	*	*	*	1126194	*
H	2186	250	98.0	+	0	0	250M	4419561	1126194
N	*	250	*	*	*	*	*	4423039	*
L	1172	250	*	*	*	*	*	235630	*
H	1172	250	96.4	+	0	0	250M	4434051	235630
H	3495	250	95.6	+	0	0	250M	4438027	4416713
L	1959	250	*	*	*	*	*	4735	*
H	1959	250	93.6	+	0	0	250M	4439078	4735
N	*	250	*	*	*	*	*	4444173	*
H	416	250	98.0	+	0	0	250M	4447124	560027
L	2736	250	*	*	*	*	*	3528451	*
H	2736	250	92.0	+	0	0	250M	4449456	3528451
L	2225	250	*	*	*	*	*	2057787	*
H	2225	250	98.8	+	0	0	250M	4453317	2057787
L	154	250	*	*	*	*	*	882018	*
H	154	250	97.2	+	0	0	250M	4454082	882018
L	3412	250	*	*	*	*	*	4394897	*
H	3412	250	92.8	+	0	0	108MD141MI	4454084	4394897
L	1482	250	*	*	*	*	*	148326	*
H	1482	250	92.8	+	0	0	13MD57MI179M	4463851	148326
N	*	250	*	*	*	*	*	4466720	*
H	3328	250	98.4	+	0	0	250M	4466900	4372372
N	*	250	*	*	*	*	*	4467982	*
L	2823	250	*	*	*	*	*	727220	*
H	2823	250	100.0	+	0	0	250M	4469214	727220
L	1427	250	*	*	*	*	*	163538	*
H	1427	250	91.2	+	0	0	250M	4469778	163538
L	1221	250	*	*	*	*	*	210269	*
H	1221	250	92.4	+	0	0	I249MD	4475936	210269
H	465	250	96.8	+	0	0	250M	4477719	549232
L	2166	250	*	*	*	*	*	681590	*
H	2166	250	95.6	+	0	0	131MD118MI	4482366	681590
L	2903	250	*	*	*	*	*	1133579	*
H	2903	250	94.0	+	0	0	250M	4482948	1133579
H	1753	250	95.6	+	0	0	250M	4484389	55486
L	3780	250	*	*	*	*	*	714724	*
H	3780	250	90.4	+	0	0	250M	1107197	714724
L	3843	250	*	*	*	*	*	2058825	*
H	3843	250	95.2	+	0	0	250M	559851	2058825
L	3858	250	*	*	*	*	*	643724	*
H	3858	250	96.0	+	0	0	250M	551685	643724
L	3812	250	*	*	*	*	*	101553	*
H	3812	250	94.0	+	0	0	250M	547463	101553
L	3817	250	*	*	*	*	*	47968	*
H	3817	250	92.8	+	0	0	250M	542454	47968
L	3827	250	*	*	*	*	*	1029	*
H	3827	250	94.0	+	0	0	250M	347913	1029
L	3876	250	*	*	*	*	*	4444847	*
H	3876	250	95.2	+	0	0	250M	219691	4444847
H	3858	250	95.6	+	0	0	250M	109519	643724
N	*	250	*	*	*	*	*	953	*
L	3793	250	*	*	*	*	*	467541	*
H	3793	250	94.0	+	0	0	250M	2153390	467541
L	3877	250	*	*	*	*	*	4445049	*
H	3877	250	96.0	+	0	0	250M	665536	4445049
L	3797	250	*	*	*	*	*	206978	*
H	3797	250	93.6	+	0	0	250M	2940299	206978
H	3817	250	91.6	+	0	0	250M	812297	47968
L	3840	250	*	*	*	*	*	1128360	*
H	3840	250	90.4	+	0	0	250M	3852220	1128360
L	3820	250	*	*	*	*	*	43283	*
H	3820	250	92.8	+	0	0	250M	673916	43283
H	3793	250	90.8	+	0	0	250M	4032177	467541
H	3858	250	96.4	+	0	0	250M	4176865	643724
L	3825	250	*	*	*	*	*	18525	*
H	3825	250	91.2	+	0	0	10D240M10I	4308349	18525
N	*	250	*	*	*	*	*	4315401	*
L	3837	250	*	*	*	*	*	1629246	*
H	3837	250	94.0	+	0	0	250M	4359816	1629246
N	*	250	*	*	*	*	*	4471291	*
D	154	2	*	*	*	*	97.2	882018	*
D	207	2	*	*	*	*	98.4	811272	*
D	210	2	*	*	*	*	96.4	806916	*
D	229	2	*	*	*	*	95.2	748921	*
D	245	2	*	*	*	*	91.6	706283	*
D	249	4	*	*	*	*	94.7	695731	*
D	259	2	*	*	*	*	98.0	681954	*
D	264	2	*	*	*	*	98.0	662645	*
D	269	2	*	*	*	*	92.0	655619	*
D	285	2	*	*	*	*	91.2	609349	*
D	358	2	*	*	*	*	94.8	575299	*
D	368	2	*	*	*	*	95.2	571589	*
D	371	2	*	*	*	*	93.2	570390	*
D	376	2	*	*	*	*	94.4	569939	*
D	379	2	*	*	*	*	92.4	569055	*
D	397	3	*	*	*	*	95.8	565472	*
D	416	3	*	*	*	*	97.0	560027	*
D	438	2	*	*	*	*	96.8	555568	*
D	447	2	*	*	*	*	90.8	553455	*
D	452	2	*	*	*	*	92.4	552208	*
D	465	3	*	*	*	*	94.0	549232	*
D	470	2	*	*	*	*	99.6	547396	*
D	492	2	*	*	*	*	90.8	539939	*
D	496	2	*	*	*	*	98.0	538813	*
D	499	3	*	*	*	*	99.0	537871	*
D	515	2	*	*	*	*	97.2	533999	*
D	530	2	*	*	*	*	90.8	530612	*
D	688	2	*	*	*	*	95.2	384573	*
D	700	2	*	*	*	*	96.4	370056	*
D	728	2	*	*	*	*	97.2	360508	*
D	746	2	*	*	*	*	99.2	354765	*
D	756	2	*	*	*	*	91.6	351494	*
D	760	2	*	*	*	*	95.2	351163	*
D	790	2	*	*	*	*	93.6	342971	*
D	817	2	*	*	*	*	92.0	336110	*
D	883	2	*	*	*	*	91.2	312765	*
D	1007	2	*	*	*	*	90.0	287305	*
D	1023	3	*	*	*	*	93.2	277651	*
D	1038	2	*	*	*	*	97.2	273647	*
D	1080	2	*	*	*	*	95.6	262096	*
D	1105	2	*	*	*	*	90.8	255153	*
D	1106	2	*	*	*	*	92.8	255143	*
D	1112	2	*	*	*	*	94.4	252679	*
D	1115	2	*	*	*	*	96.0	252028	*
D	1145	2	*	*	*	*	98.8	244196	*
D	1172	2	*	*	*	*	96.4	235630	*
D	1221	2	*	*	*	*	92.4	210269	*
D	1225	2	*	*	*	*	98.8	205772	*
D	1232	2	*	*	*	*	94.4	202684	*
D	1269	2	*	*	*	*	93.2	195336	*
D	1287	2	*	*	*	*	94.4	192326	*
D	1364	2	*	*	*	*	92.4	179639	*
D	1377	2	*	*	*	*	92.8	177520	*
D	1424	2	*	*	*	*	95.2	164523	*
D	1427	2	*	*	*	*	91.2	163538	*
D	1437	2	*	*	*	*	97.2	160832	*
D	1439	2	*	*	*	*	94.0	159833	*
D	1441	2	*	*	*	*	96.0	158859	*
D	1448	2	*	*	*	*	97.2	157497	*
D	1456	2	*	*	*	*	90.0	154174	*
D	1479	3	*	*	*	*	92.6	149021	*
D	1482	2	*	*	*	*	92.8	148326	*
D	1492	3	*	*	*	*	96.2	144720	*
D	1508	2	*	*	*	*	96.8	141316	*
D	1529	2	*	*	*	*	99.2	138930	*
D	1530	2	*	*	*	*	92.8	138840	*
D	1553	2	*	*	*	*	96.0	133739	*
D	1569	2	*	*	*	*	94.8	129759	*
D	1573	2	*	*	*	*	99.6	119663	*
D	1588	2	*	*	*	*	96.4	111553	*
D	1603	2	*	*	*	*	90.8	109216	*
D	1629	2	*	*	*	*	96.8	104045	*
D	1632	2	*	*	*	*	97.2	102993	*
D	1642	2	*	*	*	*	90.8	101860	*
D	1647	2	*	*	*	*	97.6	100578	*
D	1650	2	*	*	*	*	92.0	99436	*
D	1689	2	*	*	*	*	92.0	80820	*
D	1710	2	*	*	*	*	91.6	72820	*
D	1728	2	*	*	*	*	98.8	70057	*
D	1730	3	*	*	*	*	96.2	67654	*
D	1748	2	*	*	*	*	98.0	58613	*
D	1753	3	*	*	*	*	95.2	55486	*
D	1760	2	*	*	*	*	90.0	51091	*
D	1767	2	*	*	*	*	93.6	47556	*
D	1786	3	*	*	*	*	93.8	40104	*
D	1838	2	*	*	*	*	96.0	15059	*
D	1852	2	*	*	*	*	96.0	13813	*
D	1855	2	*	*	*	*	90.4	13730	*
D	1864	2	*	*	*	*	98.4	12993	*
D	1868	2	*	*	*	*	96.8	12702	*
D	1880	2	*	*	*	*	95.2	11439	*
D	1885	2	*	*	*	*	93.2	10945	*
D	1893	2	*	*	*	*	97.6	10323	*
D	1895	3	*	*	*	*	93.6	10180	*
D	1956	2	*	*	*	*	96.4	5441	*
D	1959	2	*	*	*	*	93.6	4735	*
D	1987	2	*	*	*	*	90.4	2935	*
D	2003	2	*	*	*	*	91.6	1503863	*
D	2081	2	*	*	*	*	94.8	1143460	*
D	2082	2	*	*	*	*	96.8	1133935	*
D	2105	2	*	*	*	*	92.8	1134626	*
D	2115	2	*	*	*	*	98.4	1803005	*
D	2119	2	*	*	*	*	99.6	1129461	*
D	2132	3	*	*	*	*	94.0	1125844	*
D	2137	2	*	*	*	*	96.4	709363	*
D	2161	2	*	*	*	*	96.4	1916598	*
D	2166	2	*	*	*	*	95.6	681590	*
D	2186	2	*	*	*	*	98.0	1126194	*
D	2209	2	*	*	*	*	99.6	2035238	*
D	2218	2	*	*	*	*	95.6	2046080	*
D	2225	2	*	*	*	*	98.8	2057787	*
D	2250	2	*	*	*	*	96.4	2106896	*
D	2254	3	*	*	*	*	93.0	2111163	*
D	2271	2	*	*	*	*	98.0	2160270	*
D	2326	2	*	*	*	*	95.2	1143602	*
D	2328	2	*	*	*	*	99.2	2344267	*
D	2335	2	*	*	*	*	98.8	1140286	*
D	2339	2	*	*	*	*	95.2	731367	*
D	2345	2	*	*	*	*	92.4	2397581	*
D	2349	2	*	*	*	*	95.6	1130952	*
D	2362	3	*	*	*	*	97.2	2426772	*
D	2387	2	*	*	*	*	97.2	2500552	*
D	2388	2	*	*	*	*	94.8	743801	*
D	2421	4	*	*	*	*	96.8	1144223	*
D	2427	2	*	*	*	*	94.8	1144898	*
D	2441	3	*	*	*	*	97.2	2658175	*
D	2446	2	*	*	*	*	94.4	2675752	*
D	2455	2	*	*	*	*	96.0	2704718	*
D	2475	2	*	*	*	*	98.8	2749362	*
D	2497	2	*	*	*	*	99.2	2806523	*
D	2503	4	*	*	*	*	96.1	1122081	*
D	2510	2	*	*	*	*	95.2	326714	*
D	2545	2	*	*	*	*	96.4	1131355	*
D	2554	3	*	*	*	*	96.0	1134675	*
D	2559	3	*	*	*	*	98.0	1072784	*
D	2569	2	*	*	*	*	96.8	1138936	*
D	2577	2	*	*	*	*	94.0	3055791	*
D	2585	2	*	*	*	*	97.6	1131621	*
D	2607	2	*	*	*	*	92.8	925397	*
D	2609	2	*	*	*	*	92.0	1131768	*
D	2629	2	*	*	*	*	92.4	1132384	*
D	2633	5	*	*	*	*	96.8	621303	*
D	2639	2	*	*	*	*	97.2	782413	*
D	2649	2	*	*	*	*	95.6	3271868	*
D	2675	2	*	*	*	*	99.2	832652	*
D	2728	2	*	*	*	*	96.0	3509168	*
D	2736	2	*	*	*	*	92.0	3528451	*
D	2750	2	*	*	*	*	97.2	625186	*
D	2759	2	*	*	*	*	95.2	1143368	*
D	2823	2	*	*	*	*	100.0	727220	*
D	2826	2	*	*	*	*	100.0	3746876	*
D	2838	2	*	*	*	*	94.8	3772088	*
D	2840	2	*	*	*	*	94.4	676509	*
D	2845	2	*	*	*	*	96.4	944401	*
D	2903	2	*	*	*	*	94.0	1133579	*
D	2906	2	*	*	*	*	97.6	722182	*
D	2943	2	*	*	*	*	90.8	1129564	*
D	2965	3	*	*	*	*	94.4	1121107	*
D	2966	4	*	*	*	*	97.2	1146685	*
D	2979	2	*	*	*	*	98.4	4165170	*
D	2995	2	*	*	*	*	97.6	1136466	*
D	3107	2	*	*	*	*	95.2	4318406	*
D	3110	4	*	*	*	*	92.0	4319468	*
D	3139	2	*	*	*	*	97.6	4328035	*
D	3141	2	*	*	*	*	99.6	4328084	*
D	3169	2	*	*	*	*	98.8	4334748	*
D	3180	3	*	*	*	*	98.0	4337455	*
D	3193	2	*	*	*	*	93.6	4341712	*
D	3217	2	*	*	*	*	93.6	4348634	*
D	3229	3	*	*	*	*	99.6	4350881	*
D	3230	2	*	*	*	*	98.0	4351033	*
D	3243	2	*	*	*	*	90.0	4353578	*
D	3268	2	*	*	*	*	90.8	4360164	*
D	3269	2	*	*	*	*	92.4	4360273	*
D	3284	2	*	*	*	*	97.6	4363413	*
D	3289	2	*	*	*	*	97.6	4364813	*
D	3304	3	*	*	*	*	96.8	4366350	*
D	3306	2	*	*	*	*	91.2	4367385	*
D	3308	2	*	*	*	*	92.8	4368045	*
D	3328	4	*	*	*	*	99.1	4372372	*
D	3335	2	*	*	*	*	90.8	4372695	*
D	3360	2	*	*	*	*	93.2	4380180	*
D	3388	2	*	*	*	*	97.2	4386973	*
D	3412	2	*	*	*	*	92.8	4394897	*
D	3418	2	*	*	*	*	94.8	4395692	*
D	3431	2	*	*	*	*	96.8	4402516	*
D	3437	2	*	*	*	*	98.8	4403542	*
D	3448	3	*	*	*	*	92.2	4406407	*
D	3455	2	*	*	*	*	90.0	4407974	*
D	3467	2	*	*	*	*	96.4	4410245	*
D	3475	2	*	*	*	*	100.0	4411367	*
D	3495	5	*	*	*	*	94.7	4416713	*
D	3508	2	*	*	*	*	99.6	4422114	*
D	3515	2	*	*	*	*	91.2	4423384	*
D	3517	2	*	*	*	*	92.4	4423600	*
D	3537	2	*	*	*	*	98.4	4428224	*
D	3559	2	*	*	*	*	96.4	4432889	*
D	3590	2	*	*	*	*	95.6	4439195	*
D	3607	2	*	*	*	*	97.6	4447123	*
D	3628	3	*	*	*	*	99.2	4453316	*
D	3641	2	*	*	*	*	90.8	4454715	*
D	3651	2	*	*	*	*	95.6	4456787	*
D	3666	2	*	*	*	*	98.0	4459820	*
D	3681	2	*	*	*	*	96.0	4465296	*
D	3688	2	*	*	*	*	97.6	4466150	*
D	3703	2	*	*	*	*	95.6	4469481	*
D	3721	2	*	*	*	*	98.0	4473175	*
D	3767	2	*	*	*	*	98.0	4482839	*
D	3780	2	*	*	*	*	90.4	714724	*
D	3793	3	*	*	*	*	92.4	467541	*
D	3797	2	*	*	*	*	93.6	206978	*
D	3812	2	*	*	*	*	94.0	101553	*
D	3817	3	*	*	*	*	92.2	47968	*
D	3820	2	*	*	*	*	92.8	43283	*
D	3825	2	*	*	*	*	91.2	18525	*
D	3827	2	*	*	*	*	94.0	1029	*
D	3837	2	*	*	*	*	94.0	1629246	*
D	3840	2	*	*	*	*	90.4	1128360	*
D	3843	2	*	*	*	*	95.2	2058825	*
D	3858	4	*	*	*	*	96.0	643724	*
D	3876	2	*	*	*	*	95.2	4444847	*
D	3877	2	*	*	*	*	96.0	4445049	*
