UclustConsensusTaxonAssigner parameters:
id_to_taxonomy_filepath:/Users/nbokulich/Desktop/ref_dbs/gg_13_8_otus/taxonomy/99_otu_taxonomy.txt
id_to_taxonomy_fp:/Users/nbokulich/Desktop/ref_dbs/gg_13_8_otus/taxonomy/99_otu_taxonomy.txt
max_accepts:3
min_consensus_fraction:1.0
reference_sequences_fp:/Users/nbokulich/Desktop/ref_dbs/gg_13_8_otus/rep_set/99_otus.fasta
similarity:0.99
unassignable_label:Unassigned
Result path: /var/folders/0t/l1dz88p50y91vx_22fx5w3780000gn/T/assign-taxKy7Lom

.uc file contents:

# uclust --input /Users/nbokulich/Desktop/projects/short-read-tax-assignment/data/mock-community/mock-14/rep_seqs.fna --id 0.99 --rev --maxaccepts 3 --allhits --libonly --lib /Users/nbokulich/Desktop/ref_dbs/gg_13_8_otus/rep_set/99_otus.fasta --uc /var/folders/0t/l1dz88p50y91vx_22fx5w3780000gn/T/UclustConsensusTaxonAssigner_58rJMW.uc
# version=1.2.22
# Tab-separated fields:
# 1=Type, 2=ClusterNr, 3=SeqLength or ClusterSize, 4=PctId, 5=Strand, 6=QueryStart, 7=SeedStart, 8=Alignment, 9=QueryLabel, 10=TargetLabel
# Record types (field 1): L=LibSeed, S=NewSeed, H=Hit, R=Reject, D=LibCluster, C=NewCluster, N=NoHit
# For C and D types, PctId is average id with seed.
# QueryStart and SeedStart are zero-based relative to start of sequence.
# If minus strand, SeedStart is relative to reverse-complemented seed.
L	100411	1392	*	*	*	*	*	112888	*
H	100411	250	99.2	+	0	0	516I250M626I	b8e67580fefa62bfff456d6df97b8dba	112888
L	164315	1484	*	*	*	*	*	4312075	*
H	164315	250	99.6	+	0	0	513I250M721I	b8e67580fefa62bfff456d6df97b8dba	4312075
N	*	250	*	*	*	*	*	91d3c789db08bd00d9ec073530f6cba7	*
L	82604	1375	*	*	*	*	*	194097	*
H	82604	250	100.0	+	0	0	503I250M622I	26f6853f46b06854fe5418317a261fb8	194097
L	80847	1392	*	*	*	*	*	199374	*
H	80847	250	99.6	+	0	0	516I250M626I	26f6853f46b06854fe5418317a261fb8	199374
L	53425	1399	*	*	*	*	*	319242	*
H	53425	250	100.0	+	0	0	527I250M622I	26f6853f46b06854fe5418317a261fb8	319242
N	*	250	*	*	*	*	*	9cab4304cc937409489930abf89abd34	*
L	94554	1359	*	*	*	*	*	150173	*
H	94554	250	100.0	+	0	0	512I250M597I	b953ac3c6973b5a557774d4b2d005d48	150173
L	44539	1389	*	*	*	*	*	355333	*
H	44539	250	100.0	+	0	0	522I250M617I	b953ac3c6973b5a557774d4b2d005d48	355333
L	150530	1445	*	*	*	*	*	3707184	*
H	150530	250	99.6	+	0	0	482I250M713I	b953ac3c6973b5a557774d4b2d005d48	3707184
N	*	250	*	*	*	*	*	51f6369ef0f8498eade7893d04a645ac	*
L	86836	1400	*	*	*	*	*	181432	*
H	86836	250	99.6	+	0	0	529I250M621I	dc1311d27a21d1c04c819cdad3022b63	181432
L	66783	1378	*	*	*	*	*	265375	*
H	66783	250	99.2	+	0	0	507I250M621I	dc1311d27a21d1c04c819cdad3022b63	265375
L	90495	1486	*	*	*	*	*	167734	*
H	90495	250	99.6	+	0	0	528I250M708I	dc1311d27a21d1c04c819cdad3022b63	167734
L	68231	1523	*	*	*	*	*	260579	*
H	68231	250	100.0	+	0	0	525I250M748I	e47a63686b619f67783f9b9aa52b86bf	260579
L	192556	1442	*	*	*	*	*	4454582	*
H	192556	250	100.0	+	0	0	492I250M700I	e47a63686b619f67783f9b9aa52b86bf	4454582
L	192330	1404	*	*	*	*	*	4453609	*
H	192330	250	100.0	+	0	0	533I250M621I	e47a63686b619f67783f9b9aa52b86bf	4453609
L	194555	1507	*	*	*	*	*	4464871	*
H	194555	250	99.6	+	0	0	497I250M760I	e9a0665339f0d06028e22f02a00c78b5	4464871
L	32003	1512	*	*	*	*	*	535158	*
H	32003	250	100.0	+	0	0	533I250M729I	e9a0665339f0d06028e22f02a00c78b5	535158
L	141802	1505	*	*	*	*	*	751867	*
H	141802	250	99.6	+	0	0	495I250M760I	e9a0665339f0d06028e22f02a00c78b5	751867
L	106257	1532	*	*	*	*	*	71551	*
H	106257	250	99.6	+	0	0	519I250M763I	608e6548b1b4cbb6176c8fce090991a5	71551
L	96896	1464	*	*	*	*	*	141319	*
H	96896	250	100.0	+	0	0	499I250M715I	608e6548b1b4cbb6176c8fce090991a5	141319
L	127818	1379	*	*	*	*	*	842528	*
H	127818	250	100.0	+	0	0	510I250M619I	608e6548b1b4cbb6176c8fce090991a5	842528
L	111061	1461	*	*	*	*	*	11080	*
H	111061	250	99.2	+	0	0	487I250M724I	70c9bfbb24364a1049dc8f2807fbf39e	11080
L	111077	1450	*	*	*	*	*	10952	*
H	111077	250	99.6	+	0	0	493I250M707I	70c9bfbb24364a1049dc8f2807fbf39e	10952
L	106780	1466	*	*	*	*	*	64304	*
H	106780	250	99.6	+	0	0	487I250M729I	70c9bfbb24364a1049dc8f2807fbf39e	64304
L	78626	1492	*	*	*	*	*	212605	*
H	78626	250	100.0	+	0	0	516I250M726I	c4995645e0c1545b0e1620144d03772b	212605
L	85917	1398	*	*	*	*	*	184156	*
H	85917	250	100.0	+	0	0	525I250M623I	c4995645e0c1545b0e1620144d03772b	184156
L	86684	1385	*	*	*	*	*	181882	*
H	86684	250	100.0	+	0	0	511I250M624I	c4995645e0c1545b0e1620144d03772b	181882
L	147663	1430	*	*	*	*	*	3530694	*
H	147663	250	99.2	+	0	0	489I250M691I	e1542be91e8b87cd22ecad8e8494b222	3530694
L	124126	1380	*	*	*	*	*	841350	*
H	124126	250	99.2	+	0	0	511I250M619I	e1542be91e8b87cd22ecad8e8494b222	841350
L	87561	1399	*	*	*	*	*	179157	*
H	87561	250	99.6	+	0	0	527I250M622I	e1542be91e8b87cd22ecad8e8494b222	179157
L	149700	1444	*	*	*	*	*	1144682	*
H	149700	250	99.6	+	0	0	499I97MI39MI114M693I	a470484154b7f6649b849841bd60e77c	1144682
L	157571	1508	*	*	*	*	*	4115545	*
H	157571	250	99.2	+	0	0	529I250M729I	5ebd3cee772abecca4d399e926842a2c	4115545
L	127890	1510	*	*	*	*	*	2364498	*
H	127890	250	100.0	+	0	0	500I250M760I	5ebd3cee772abecca4d399e926842a2c	2364498
L	153854	1458	*	*	*	*	*	814777	*
H	153854	250	99.2	+	0	0	498I250M710I	5ebd3cee772abecca4d399e926842a2c	814777
L	126157	1356	*	*	*	*	*	685739	*
H	126157	250	100.0	+	0	0	500I250M606I	7c280f2a3d2c507d0cd3a95a1428e022	685739
L	5686	1357	*	*	*	*	*	930055	*
H	5686	250	100.0	+	0	0	500I250M607I	7c280f2a3d2c507d0cd3a95a1428e022	930055
L	155520	1373	*	*	*	*	*	631511	*
H	155520	250	100.0	+	0	0	500I250M623I	7c280f2a3d2c507d0cd3a95a1428e022	631511
L	175843	1508	*	*	*	*	*	4370107	*
H	175843	250	99.2	+	0	0	529I250M729I	20b686910cf9db4b08f7b7c220800316	4370107
L	79816	1395	*	*	*	*	*	205571	*
H	79816	250	100.0	+	0	0	528I250M617I	06f249e121d0aa52f0a23d83a77224e5	205571
L	189516	1458	*	*	*	*	*	4439084	*
H	189516	250	100.0	+	0	0	499I250M709I	06f249e121d0aa52f0a23d83a77224e5	4439084
L	50317	1507	*	*	*	*	*	331849	*
H	50317	250	99.6	+	0	0	527I250M730I	06f249e121d0aa52f0a23d83a77224e5	331849
L	183656	1388	*	*	*	*	*	4409959	*
H	183656	250	99.2	+	0	0	513I250M625I	d23fbef2f31d48eda40876cdbc49933a	4409959
L	138718	1371	*	*	*	*	*	870751	*
H	138718	250	99.6	+	0	0	513I250M608I	d23fbef2f31d48eda40876cdbc49933a	870751
L	116309	1374	*	*	*	*	*	1005416	*
H	116309	250	99.2	+	0	0	514I198MI52M609I	d23fbef2f31d48eda40876cdbc49933a	1005416
L	135947	1432	*	*	*	*	*	2836658	*
H	135947	250	100.0	+	0	0	477I250M705I	e59405a47acbc248ce61395366159d8d	2836658
L	181687	1446	*	*	*	*	*	4399744	*
H	181687	250	100.0	+	0	0	491I250M705I	e59405a47acbc248ce61395366159d8d	4399744
L	88381	1392	*	*	*	*	*	176666	*
H	88381	250	100.0	+	0	0	517I250M625I	e59405a47acbc248ce61395366159d8d	176666
L	176678	1517	*	*	*	*	*	4374414	*
H	176678	250	100.0	+	0	0	538I250M729I	f294808897e3aec1a2a58756bf1b9c01	4374414
L	6255	1366	*	*	*	*	*	908465	*
H	6255	250	99.6	+	0	0	509I250M607I	f294808897e3aec1a2a58756bf1b9c01	908465
L	100300	1390	*	*	*	*	*	113209	*
H	100300	250	99.6	+	0	0	532I250M608I	f294808897e3aec1a2a58756bf1b9c01	113209
L	83142	1392	*	*	*	*	*	192424	*
H	83142	250	100.0	+	0	0	516I250M626I	9f8668eb1c5f9d9a992dd49245db090e	192424
L	76627	1484	*	*	*	*	*	223120	*
H	76627	250	100.0	+	0	0	494I21MI229M739I	9f8668eb1c5f9d9a992dd49245db090e	223120
L	94821	1351	*	*	*	*	*	149110	*
H	94821	250	100.0	+	0	0	494I250M607I	9f8668eb1c5f9d9a992dd49245db090e	149110
L	113616	1412	*	*	*	*	*	1546872	*
H	113616	250	100.0	+	0	0	404I250M758I	ebfbe1c75e6b8104f536906cd6f18878	1546872
L	4182	1351	*	*	*	*	*	986094	*
H	4182	250	99.2	+	0	0	490I250M611I	ebfbe1c75e6b8104f536906cd6f18878	986094
L	151068	1359	*	*	*	*	*	889549	*
H	151068	250	99.2	+	0	0	502I250M607I	7ffc8f8789347e3b691997c0095198c0	889549
L	30760	1394	*	*	*	*	*	540225	*
H	30760	250	100.0	+	0	0	528I250M616I	a7a8051e5422b6105e89ef56ed879506	540225
L	122302	1442	*	*	*	*	*	2047910	*
H	122302	250	99.2	+	0	0	495I250M697I	e17d964cd0fd8c2ddbd1dacfa8b536e3	2047910
L	153491	1425	*	*	*	*	*	3879347	*
H	153491	250	100.0	+	0	0	480I250M695I	e17d964cd0fd8c2ddbd1dacfa8b536e3	3879347
L	181153	1428	*	*	*	*	*	4396966	*
H	181153	250	100.0	+	0	0	512I250M666I	e17d964cd0fd8c2ddbd1dacfa8b536e3	4396966
L	163526	1511	*	*	*	*	*	4308305	*
H	163526	250	100.0	+	0	0	535I250M726I	c9cd47494e1b0ebbc45baec8eda8914d	4308305
L	125694	1507	*	*	*	*	*	2233792	*
H	125694	250	99.2	+	0	0	528I250M729I	c9cd47494e1b0ebbc45baec8eda8914d	2233792
L	151627	1507	*	*	*	*	*	3770158	*
H	151627	250	99.6	+	0	0	528I250M729I	c9cd47494e1b0ebbc45baec8eda8914d	3770158
L	154780	1379	*	*	*	*	*	914906	*
H	154780	250	99.6	+	0	0	337I250M792I	f6eebeb9deeea15b3b3829cfacc24ba0	914906
L	3903	1375	*	*	*	*	*	995459	*
H	3903	250	99.6	+	0	0	337I250M788I	f6eebeb9deeea15b3b3829cfacc24ba0	995459
L	118909	1373	*	*	*	*	*	941702	*
H	118909	250	100.0	+	0	0	338I250M785I	f6eebeb9deeea15b3b3829cfacc24ba0	941702
L	1542	1376	*	*	*	*	*	1085868	*
H	1542	250	100.0	+	0	0	517I250M609I	00056c4c5a30dbbfa64dfa34fe792941	1085868
L	76632	1476	*	*	*	*	*	223104	*
H	76632	250	100.0	+	0	0	515I250M711I	00056c4c5a30dbbfa64dfa34fe792941	223104
L	77529	1481	*	*	*	*	*	218957	*
H	77529	250	99.2	+	0	0	516I250M715I	00056c4c5a30dbbfa64dfa34fe792941	218957
L	43263	1361	*	*	*	*	*	361774	*
H	43263	250	100.0	+	0	0	497I250M614I	6a6fcf8f9b8bb1ab9e5f8456ee7fb109	361774
L	83114	1391	*	*	*	*	*	192502	*
H	83114	250	99.2	+	0	0	515I250M626I	6a6fcf8f9b8bb1ab9e5f8456ee7fb109	192502
L	87025	1389	*	*	*	*	*	180802	*
H	87025	250	100.0	+	0	0	514I250M625I	6a6fcf8f9b8bb1ab9e5f8456ee7fb109	180802
L	11426	1390	*	*	*	*	*	806208	*
H	11426	250	100.0	+	0	0	431I250M709I	f65ef8a64333fc9aa05887b2aa16f257	806208
L	192215	1450	*	*	*	*	*	4452920	*
H	192215	250	100.0	+	0	0	470I250M730I	f65ef8a64333fc9aa05887b2aa16f257	4452920
L	142091	1436	*	*	*	*	*	3195055	*
H	142091	250	100.0	+	0	0	468I250M718I	f65ef8a64333fc9aa05887b2aa16f257	3195055
L	44057	1395	*	*	*	*	*	357584	*
H	44057	250	100.0	+	0	0	532I250M613I	dfd770d48651635c39bdafe13f62e75a	357584
L	175503	1452	*	*	*	*	*	4368483	*
H	175503	250	99.6	+	0	0	504I250M698I	dfd770d48651635c39bdafe13f62e75a	4368483
L	80012	1513	*	*	*	*	*	204318	*
H	80012	250	99.6	+	0	0	533I250M730I	dfd770d48651635c39bdafe13f62e75a	204318
N	*	250	*	*	*	*	*	3a84afa81c51c0521d05ae1ded8b7385	*
L	159416	1447	*	*	*	*	*	4232045	*
H	159416	250	100.0	+	0	0	504I250M693I	e5269e32edd47bb63709e25e22a6f0ae	4232045
L	44196	1532	*	*	*	*	*	356687	*
H	44196	250	100.0	+	0	0	535I250M747I	e5269e32edd47bb63709e25e22a6f0ae	356687
L	182414	1423	*	*	*	*	*	4403622	*
H	182414	250	100.0	+	0	0	506I250M667I	e5269e32edd47bb63709e25e22a6f0ae	4403622
L	12312	1383	*	*	*	*	*	777667	*
H	12312	250	99.2	+	0	0	348I250M785I	beff5b6c75e094b52085b0a02cb07848	777667
L	151683	1481	*	*	*	*	*	772515	*
H	151683	250	99.6	+	0	0	329I250M902I	beff5b6c75e094b52085b0a02cb07848	772515
L	98251	1354	*	*	*	*	*	136039	*
H	98251	250	99.6	+	0	0	267I250M837I	beff5b6c75e094b52085b0a02cb07848	136039
L	88908	1403	*	*	*	*	*	174978	*
H	88908	250	100.0	+	0	0	531I250M622I	b65eb19257f7a2bedb5a1c4b42aeb396	174978
L	171982	1407	*	*	*	*	*	4350114	*
H	171982	250	100.0	+	0	0	491I250M666I	b65eb19257f7a2bedb5a1c4b42aeb396	4350114
L	55402	1398	*	*	*	*	*	311074	*
H	55402	250	100.0	+	0	0	526I250M622I	b65eb19257f7a2bedb5a1c4b42aeb396	311074
L	42466	1338	*	*	*	*	*	365661	*
H	42466	250	99.2	+	0	0	471I250M617I	c3bdda568b2c1580d5cce7407ef43909	365661
L	104923	1477	*	*	*	*	*	86170	*
H	104923	250	99.2	+	0	0	503I250M724I	c3bdda568b2c1580d5cce7407ef43909	86170
L	42506	1337	*	*	*	*	*	365427	*
H	42506	250	100.0	+	0	0	482I250M605I	c3bdda568b2c1580d5cce7407ef43909	365427
L	144215	1532	*	*	*	*	*	3320486	*
H	144215	250	99.2	+	0	0	544I250M738I	b4deca667b3f393a6f6fadb3af23fb7b	3320486
L	171815	1400	*	*	*	*	*	4349313	*
H	171815	250	99.2	+	0	0	453I250M697I	b4deca667b3f393a6f6fadb3af23fb7b	4349313
L	27658	1531	*	*	*	*	*	553068	*
H	27658	250	100.0	+	0	0	541I250M740I	b4deca667b3f393a6f6fadb3af23fb7b	553068
L	146009	1508	*	*	*	*	*	1112494	*
H	146009	250	99.2	+	0	0	525I148MI102M732I	70ed89ba1d212f9631759ae1b70608ba	1112494
L	124935	1515	*	*	*	*	*	1106498	*
H	124935	250	100.0	+	0	0	532I148MI102M732I	70ed89ba1d212f9631759ae1b70608ba	1106498
L	98006	1467	*	*	*	*	*	136760	*
H	98006	250	99.6	+	0	0	503I174MI9M2I21MI46M710I	70ed89ba1d212f9631759ae1b70608ba	136760
L	170711	1428	*	*	*	*	*	4343580	*
H	170711	250	99.2	+	0	0	488I250M690I	668fdb718997fc1589c7817655d4bb5f	4343580
L	38231	1396	*	*	*	*	*	509662	*
H	38231	250	100.0	+	0	0	526I250M620I	668fdb718997fc1589c7817655d4bb5f	509662
L	133250	1425	*	*	*	*	*	2682128	*
H	133250	250	100.0	+	0	0	510I250M665I	668fdb718997fc1589c7817655d4bb5f	2682128
L	26216	1485	*	*	*	*	*	559063	*
H	26216	250	100.0	+	0	0	515I250M720I	262ba8fff46ca0c6fee6af217feea7df	559063
L	152279	1445	*	*	*	*	*	3806697	*
H	152279	250	100.0	+	0	0	496I250M699I	262ba8fff46ca0c6fee6af217feea7df	3806697
L	109696	1352	*	*	*	*	*	19080	*
H	109696	250	99.6	+	0	0	414I250M688I	262ba8fff46ca0c6fee6af217feea7df	19080
L	7780	1383	*	*	*	*	*	850905	*
H	7780	250	99.6	+	0	0	515I250M618I	492f380604907b04349e50a01a091656	850905
L	119972	1441	*	*	*	*	*	1910658	*
H	119972	250	100.0	+	0	0	487I250M704I	492f380604907b04349e50a01a091656	1910658
L	14662	1472	*	*	*	*	*	691795	*
H	14662	250	99.6	+	0	0	505I250M717I	492f380604907b04349e50a01a091656	691795
L	71312	1480	*	*	*	*	*	248381	*
H	71312	250	99.6	+	0	0	497I250M733I	0cfc571a924f5fa5de7af0126e4f155e	248381
L	110678	1455	*	*	*	*	*	12837	*
H	110678	250	99.2	+	0	0	474I250M731I	0cfc571a924f5fa5de7af0126e4f155e	12837
L	71004	1403	*	*	*	*	*	249571	*
H	71004	250	99.2	+	0	0	434I250M719I	0cfc571a924f5fa5de7af0126e4f155e	249571
L	7630	1341	*	*	*	*	*	855538	*
H	7630	250	100.0	+	0	0	482I250M609I	bb03e6ea99adcfcf8083ec2c9af114fb	855538
L	186782	1429	*	*	*	*	*	4425358	*
H	186782	250	100.0	+	0	0	472I250M707I	bb03e6ea99adcfcf8083ec2c9af114fb	4425358
L	4472	1343	*	*	*	*	*	975755	*
H	4472	250	99.2	+	0	0	484I250M609I	bb03e6ea99adcfcf8083ec2c9af114fb	975755
L	38840	1372	*	*	*	*	*	488131	*
H	38840	250	99.2	+	0	0	337I250M785I	d94ae22030b5e5c7843ee824dc0c20bf	488131
L	4447	1371	*	*	*	*	*	976840	*
H	4447	250	99.2	+	0	0	337I250M784I	d94ae22030b5e5c7843ee824dc0c20bf	976840
L	39033	1474	*	*	*	*	*	465079	*
H	39033	250	100.0	+	0	0	356I250M868I	d94ae22030b5e5c7843ee824dc0c20bf	465079
N	*	250	*	*	*	*	*	071c14e7e0dccde79045411782401179	*
L	87383	1392	*	*	*	*	*	179677	*
H	87383	250	99.6	+	0	0	517I250M625I	c9ea71f39bda8752713c8e90dff2b875	179677
L	58175	1389	*	*	*	*	*	300179	*
H	58175	250	99.6	+	0	0	514I250M625I	c9ea71f39bda8752713c8e90dff2b875	300179
L	148369	1435	*	*	*	*	*	3571769	*
H	148369	250	99.6	+	0	0	478I250M707I	c9ea71f39bda8752713c8e90dff2b875	3571769
N	*	250	*	*	*	*	*	a721865248e35432e9d56886727f979f	*
L	35061	1466	*	*	*	*	*	522273	*
H	35061	250	99.2	+	0	0	498I250M718I	060fdbbfa61cbfb4d47350dc2a2019cd	522273
L	29093	1441	*	*	*	*	*	547191	*
H	29093	250	100.0	+	0	0	476I250M715I	060fdbbfa61cbfb4d47350dc2a2019cd	547191
L	184899	1514	*	*	*	*	*	4416186	*
H	184899	250	100.0	+	0	0	358I250M906I	4d105eeb4d32edd3e88c72965ea7dc81	4416186
L	185045	1514	*	*	*	*	*	4416988	*
H	185045	250	100.0	+	0	0	358I250M906I	4d105eeb4d32edd3e88c72965ea7dc81	4416988
L	184900	1514	*	*	*	*	*	4416190	*
H	184900	250	100.0	+	0	0	358I250M906I	4d105eeb4d32edd3e88c72965ea7dc81	4416190
L	86733	1389	*	*	*	*	*	181744	*
H	86733	250	100.0	+	0	0	515I250M624I	0e1dcba2a26611bacba2adfc23ac6418	181744
L	87237	1376	*	*	*	*	*	180185	*
H	87237	250	99.2	+	0	0	502I250M624I	0e1dcba2a26611bacba2adfc23ac6418	180185
L	43637	1366	*	*	*	*	*	359800	*
H	43637	250	100.0	+	0	0	504I250M612I	0e1dcba2a26611bacba2adfc23ac6418	359800
L	51305	1394	*	*	*	*	*	327818	*
H	51305	250	100.0	+	0	0	525I250M619I	0d6bce2909152ecd402d6905c94ac4e9	327818
L	20725	1493	*	*	*	*	*	581327	*
H	20725	250	99.6	+	0	0	516I250M727I	0d6bce2909152ecd402d6905c94ac4e9	581327
L	82907	1390	*	*	*	*	*	193171	*
H	82907	250	100.0	+	0	0	516I250M624I	0d6bce2909152ecd402d6905c94ac4e9	193171
L	128145	1503	*	*	*	*	*	824293	*
H	128145	250	100.0	+	0	0	522I9MI241M730I	e98349f8b3c7732e4c4148cab1686545	824293
L	116621	1492	*	*	*	*	*	795469	*
H	116621	250	99.2	+	0	0	484I250M758I	e98349f8b3c7732e4c4148cab1686545	795469
L	191659	1531	*	*	*	*	*	4450027	*
H	191659	250	99.2	+	0	0	522I250M759I	e98349f8b3c7732e4c4148cab1686545	4450027
L	88747	1397	*	*	*	*	*	175487	*
H	88747	250	100.0	+	0	0	527I250M620I	ec4075339e16f5cd45fd5a7955596899	175487
L	135356	1443	*	*	*	*	*	2807530	*
H	135356	250	100.0	+	0	0	512I250M681I	ec4075339e16f5cd45fd5a7955596899	2807530
L	54708	1364	*	*	*	*	*	313756	*
H	54708	250	100.0	+	0	0	507I250M607I	ec4075339e16f5cd45fd5a7955596899	313756
L	16199	1308	*	*	*	*	*	636722	*
H	16199	250	100.0	+	0	0	420I250M638I	8126bb4ee9f7473f7967f8b2d1719c8e	636722
L	2905	1309	*	*	*	*	*	1035137	*
H	2905	250	99.2	+	0	0	449I250M610I	8126bb4ee9f7473f7967f8b2d1719c8e	1035137
L	7345	1308	*	*	*	*	*	866269	*
H	7345	250	100.0	+	0	0	449I250M609I	8126bb4ee9f7473f7967f8b2d1719c8e	866269
N	*	250	*	*	*	*	*	e66d54650f75b7072f56a59c2a7d25ca	*
L	87056	1420	*	*	*	*	*	180697	*
H	87056	250	100.0	+	0	0	540I250M630I	e5413f67faa6b8c0c3e63e48836c0b42	180697
L	18293	1415	*	*	*	*	*	590083	*
H	18293	250	100.0	+	0	0	540I250M625I	e5413f67faa6b8c0c3e63e48836c0b42	590083
L	32210	1386	*	*	*	*	*	534259	*
H	32210	250	100.0	+	0	0	520I250M616I	e5413f67faa6b8c0c3e63e48836c0b42	534259
L	31935	1457	*	*	*	*	*	535395	*
H	31935	250	100.0	+	0	0	493I250M714I	2b3f30843cfe8995c581c23a2149a7e4	535395
L	117307	1514	*	*	*	*	*	1757047	*
H	117307	250	100.0	+	0	0	531I250M733I	2b3f30843cfe8995c581c23a2149a7e4	1757047
L	51063	1503	*	*	*	*	*	328810	*
H	51063	250	100.0	+	0	0	493I250M760I	2b3f30843cfe8995c581c23a2149a7e4	328810
L	111553	1465	*	*	*	*	*	8433	*
H	111553	250	99.2	+	0	0	324I250M891I	d9e9c9377516e5021c9e908453d1023f	8433
L	111552	1507	*	*	*	*	*	8434	*
H	111552	250	99.2	+	0	0	337I250M920I	d9e9c9377516e5021c9e908453d1023f	8434
L	62510	1463	*	*	*	*	*	279205	*
H	62510	250	99.2	+	0	0	299I69M2I181M912I	d9e9c9377516e5021c9e908453d1023f	279205
L	172625	1445	*	*	*	*	*	4353745	*
H	172625	250	99.6	+	0	0	330I250M865I	257989dc361d0b6fb2566234ccc4f1c2	4353745
L	89205	1396	*	*	*	*	*	174141	*
H	89205	250	99.2	+	0	0	355I250M791I	257989dc361d0b6fb2566234ccc4f1c2	174141
L	172064	1455	*	*	*	*	*	4350569	*
H	172064	250	99.2	+	0	0	337I250M868I	257989dc361d0b6fb2566234ccc4f1c2	4350569
N	*	250	*	*	*	*	*	ce624d1b419b7962669113abbe54862b	*
L	32545	1492	*	*	*	*	*	532847	*
H	32545	250	100.0	+	0	0	519I250M723I	187d45a4e8aea6b2b81e4a1c2c7daa10	532847
L	175711	1495	*	*	*	*	*	4369474	*
H	175711	250	99.6	+	0	0	522I15MI235M722I	187d45a4e8aea6b2b81e4a1c2c7daa10	4369474
L	70031	1522	*	*	*	*	*	253486	*
H	70031	250	100.0	+	0	0	521I250M751I	187d45a4e8aea6b2b81e4a1c2c7daa10	253486
L	24791	1469	*	*	*	*	*	564838	*
H	24791	250	100.0	+	0	0	499I250M720I	9afa8a886ce58d005817de2ccf965cab	564838
L	87197	1379	*	*	*	*	*	180321	*
H	87197	250	100.0	+	0	0	511I250M618I	9afa8a886ce58d005817de2ccf965cab	180321
L	48427	1392	*	*	*	*	*	339494	*
H	48427	250	100.0	+	0	0	524I250M618I	9afa8a886ce58d005817de2ccf965cab	339494
L	201084	1402	*	*	*	*	*	1142	*
H	201084	250	100.0	+	0	0	447I250M705I	985186d08524adfa1dd0a5508be9fd5c	1142
L	200865	1466	*	*	*	*	*	101071	*
H	200865	250	99.2	+	0	0	463I250M753I	985186d08524adfa1dd0a5508be9fd5c	101071
L	199077	1435	*	*	*	*	*	556561	*
H	199077	250	99.2	+	0	0	462I250M723I	985186d08524adfa1dd0a5508be9fd5c	556561
N	*	250	*	*	*	*	*	3f7d6918cf9e0708c4bb030a81273cc1	*
L	163923	1508	*	*	*	*	*	4310109	*
H	163923	250	100.0	+	0	0	345I250M913I	0e0ba4df909bd88a35adabc54e86299c	4310109
L	16989	1509	*	*	*	*	*	609022	*
H	16989	250	100.0	+	0	0	346I250M913I	0e0ba4df909bd88a35adabc54e86299c	609022
L	101337	1307	*	*	*	*	*	109106	*
H	101337	250	100.0	+	0	0	235I250M822I	0e0ba4df909bd88a35adabc54e86299c	109106
L	140049	1507	*	*	*	*	*	3076313	*
H	140049	250	99.2	+	0	0	536I250M721I	bdc1edf81e57a386eaeeabf885333c86	3076313
L	124973	1485	*	*	*	*	*	1120116	*
H	124973	250	100.0	+	0	0	522I250M713I	f4ab08967f420d77c4df2ec76139d969	1120116
L	32354	1519	*	*	*	*	*	533650	*
H	32354	250	100.0	+	0	0	542I196MI43MI11M725I	f4ab08967f420d77c4df2ec76139d969	533650
L	167963	1386	*	*	*	*	*	4329822	*
H	167963	250	99.6	+	0	0	523I250M613I	f4ab08967f420d77c4df2ec76139d969	4329822
L	82854	1368	*	*	*	*	*	193336	*
H	82854	250	100.0	+	0	0	500I250M618I	5f2d589aeca05cfa41265dd5e23603b4	193336
L	88070	1377	*	*	*	*	*	177644	*
H	88070	250	100.0	+	0	0	509I250M618I	5f2d589aeca05cfa41265dd5e23603b4	177644
L	83143	1347	*	*	*	*	*	192419	*
H	83143	250	99.6	+	0	0	502I250M595I	5f2d589aeca05cfa41265dd5e23603b4	192419
L	85540	1390	*	*	*	*	*	185422	*
H	85540	250	100.0	+	0	0	514I250M626I	c1dc9ad5116d96b8ed863458fc0d0aec	185422
L	34160	1390	*	*	*	*	*	526044	*
H	34160	250	100.0	+	0	0	514I250M626I	c1dc9ad5116d96b8ed863458fc0d0aec	526044
L	89200	1356	*	*	*	*	*	174150	*
H	89200	250	100.0	+	0	0	514I250M592I	c1dc9ad5116d96b8ed863458fc0d0aec	174150
L	111328	1541	*	*	*	*	*	9670	*
H	111328	250	100.0	+	0	0	532I250M759I	1b158b8b2922d4fcad5d9cea607cbb7d	9670
L	111329	1541	*	*	*	*	*	9668	*
H	111329	250	99.2	+	0	0	532I250M759I	1b158b8b2922d4fcad5d9cea607cbb7d	9668
L	60587	1404	*	*	*	*	*	291615	*
H	60587	250	100.0	+	0	0	528I250M626I	1b158b8b2922d4fcad5d9cea607cbb7d	291615
H	185045	250	100.0	+	0	0	534I250M730I	e336f37a27cbd76db5b0040a8c078e20	4416988
L	170333	1554	*	*	*	*	*	4341595	*
H	170333	250	100.0	+	0	0	543I250M761I	e336f37a27cbd76db5b0040a8c078e20	4341595
H	184899	250	99.2	+	0	0	534I250M730I	e336f37a27cbd76db5b0040a8c078e20	4416186
N	*	250	*	*	*	*	*	aa95dca0c5dc48963cd4d424f02f31b6	*
L	89203	1389	*	*	*	*	*	174143	*
H	89203	250	100.0	+	0	0	514I250M625I	51dd453b71a4aba20d9f349601ea5203	174143
L	149137	1446	*	*	*	*	*	3617631	*
H	149137	250	100.0	+	0	0	483I250M713I	51dd453b71a4aba20d9f349601ea5203	3617631
L	36704	1391	*	*	*	*	*	514996	*
H	36704	250	99.6	+	0	0	507I250M634I	51dd453b71a4aba20d9f349601ea5203	514996
N	*	250	*	*	*	*	*	68b03ad10b10d53379e590feaeb6dc6f	*
L	57397	1390	*	*	*	*	*	302758	*
H	57397	250	99.2	+	0	0	515I250M625I	a0b7d83fb64749f9a4b15b3728425b97	302758
L	87679	1392	*	*	*	*	*	178809	*
H	87679	250	100.0	+	0	0	517I250M625I	a0b7d83fb64749f9a4b15b3728425b97	178809
L	43696	1351	*	*	*	*	*	359518	*
H	43696	250	99.6	+	0	0	495I250M606I	a0b7d83fb64749f9a4b15b3728425b97	359518
L	190048	1345	*	*	*	*	*	4441558	*
H	190048	250	100.0	+	0	0	419I21MI229M675I	51e441cbdcc80da0656e82293ae160b5	4441558
L	117101	1452	*	*	*	*	*	1744260	*
H	117101	250	100.0	+	0	0	505I250M697I	51e441cbdcc80da0656e82293ae160b5	1744260
L	190127	1436	*	*	*	*	*	4442023	*
H	190127	250	100.0	+	0	0	487I250M699I	51e441cbdcc80da0656e82293ae160b5	4442023
L	119832	1375	*	*	*	*	*	847427	*
H	119832	250	100.0	+	0	0	511I250M614I	09f9dca1c8b5b542ba000dc812e6bef8	847427
L	60759	1411	*	*	*	*	*	291008	*
H	60759	250	100.0	+	0	0	350I250M811I	3b1e57d59969c0e4e22215de18ae8549	291008
L	60808	1404	*	*	*	*	*	290844	*
H	60808	250	100.0	+	0	0	350I250M804I	3b1e57d59969c0e4e22215de18ae8549	290844
L	60879	1406	*	*	*	*	*	290612	*
H	60879	250	99.2	+	0	0	350I250M806I	3b1e57d59969c0e4e22215de18ae8549	290612
L	192984	1505	*	*	*	*	*	4456710	*
H	192984	250	100.0	+	0	0	526I250M729I	97469448a11d554c7fd7e8f532cd9d05	4456710
L	162139	1514	*	*	*	*	*	4301963	*
H	162139	250	99.6	+	0	0	535I250M729I	97469448a11d554c7fd7e8f532cd9d05	4301963
L	86912	1504	*	*	*	*	*	181178	*
H	86912	250	99.6	+	0	0	528I250M726I	97469448a11d554c7fd7e8f532cd9d05	181178
L	53381	1513	*	*	*	*	*	319428	*
H	53381	250	100.0	+	0	0	530I250M733I	270c5e079a423832004deecd2e6186fa	319428
L	140332	1343	*	*	*	*	*	1096382	*
H	140332	250	100.0	+	0	0	328I250M765I	4a0995a82d96f424a4af7f074ee45faa	1096382
L	129438	1452	*	*	*	*	*	2455351	*
H	129438	250	100.0	+	0	0	334I250M868I	4a0995a82d96f424a4af7f074ee45faa	2455351
L	4916	1347	*	*	*	*	*	959333	*
H	4916	250	100.0	+	0	0	328I250M769I	4a0995a82d96f424a4af7f074ee45faa	959333
L	20641	1516	*	*	*	*	*	581655	*
H	20641	250	99.2	+	0	0	538I250M728I	ef4a72e37eb19e280bb4ca06d49ef67c	581655
L	19441	1514	*	*	*	*	*	585878	*
H	19441	250	99.6	+	0	0	536I250M728I	ef4a72e37eb19e280bb4ca06d49ef67c	585878
L	169233	1475	*	*	*	*	*	4336217	*
H	169233	250	99.6	+	0	0	519I250M706I	ef4a72e37eb19e280bb4ca06d49ef67c	4336217
L	161139	1498	*	*	*	*	*	4297222	*
H	161139	250	100.0	+	0	0	519I9MI14MI227M727I	0a4009eb300a0f2671383587d6d8401e	4297222
L	165037	1423	*	*	*	*	*	4315405	*
H	165037	250	100.0	+	0	0	537I250M636I	0a4009eb300a0f2671383587d6d8401e	4315405
L	165153	1413	*	*	*	*	*	4315958	*
H	165153	250	100.0	+	0	0	540I250M623I	0a4009eb300a0f2671383587d6d8401e	4315958
L	82524	1390	*	*	*	*	*	194316	*
H	82524	250	100.0	+	0	0	514I250M626I	dc2721103659fe9f1d3ead56a11df243	194316
L	49849	1351	*	*	*	*	*	333789	*
H	49849	250	100.0	+	0	0	494I250M607I	dc2721103659fe9f1d3ead56a11df243	333789
L	41618	1357	*	*	*	*	*	369883	*
H	41618	250	100.0	+	0	0	494I250M613I	dc2721103659fe9f1d3ead56a11df243	369883
L	143167	1511	*	*	*	*	*	1142323	*
H	143167	250	99.6	+	0	0	531I250M730I	f642430f53fe26890fe7fb4587ce4e0e	1142323
L	6469	1367	*	*	*	*	*	900501	*
H	6469	250	99.6	+	0	0	509I250M608I	f642430f53fe26890fe7fb4587ce4e0e	900501
L	73188	1377	*	*	*	*	*	240715	*
H	73188	250	99.2	+	0	0	510I250M617I	f642430f53fe26890fe7fb4587ce4e0e	240715
L	1819	1349	*	*	*	*	*	1075898	*
H	1819	250	100.0	+	0	0	495I250M604I	24aa511e07dcd75479f64bbf0f76b5f4	1075898
L	53172	1486	*	*	*	*	*	320262	*
H	53172	250	100.0	+	0	0	516I250M720I	24aa511e07dcd75479f64bbf0f76b5f4	320262
L	1993	1349	*	*	*	*	*	1069076	*
H	1993	250	99.2	+	0	0	495I250M604I	24aa511e07dcd75479f64bbf0f76b5f4	1069076
L	76126	1370	*	*	*	*	*	225542	*
H	76126	250	99.6	+	0	0	498I250M622I	3dcf95f04c5e5084618a820fded0a048	225542
L	104917	1364	*	*	*	*	*	86229	*
H	104917	250	99.6	+	0	0	451I9MI241M662I	3dcf95f04c5e5084618a820fded0a048	86229
L	105019	1474	*	*	*	*	*	84677	*
H	105019	250	99.6	+	0	0	498I250M726I	3dcf95f04c5e5084618a820fded0a048	84677
L	151907	1442	*	*	*	*	*	3785404	*
H	151907	250	100.0	+	0	0	489I250M703I	877cbd485e8e00858a551153bb630d8e	3785404
L	48007	1352	*	*	*	*	*	341099	*
H	48007	250	100.0	+	0	0	499I250M603I	877cbd485e8e00858a551153bb630d8e	341099
L	55452	1353	*	*	*	*	*	310886	*
H	55452	250	100.0	+	0	0	499I250M604I	877cbd485e8e00858a551153bb630d8e	310886
L	54677	1357	*	*	*	*	*	313876	*
H	54677	250	100.0	+	0	0	497I250M610I	d32f24bb89dd024a38ac0a7a5962c771	313876
L	78511	1494	*	*	*	*	*	213394	*
H	78511	250	100.0	+	0	0	518I250M726I	d32f24bb89dd024a38ac0a7a5962c771	213394
L	115080	1440	*	*	*	*	*	1636496	*
H	115080	250	100.0	+	0	0	489I250M701I	d32f24bb89dd024a38ac0a7a5962c771	1636496
N	*	250	*	*	*	*	*	f780feeae534d441aae565c71b6e88fb	*
L	99154	1505	*	*	*	*	*	128604	*
H	99154	250	100.0	+	0	0	502I250M753I	dd9c965e5c7fda83513c06726b00417c	128604
L	144309	1437	*	*	*	*	*	3325991	*
H	144309	250	100.0	+	0	0	477I243MI7M709I	90a05d597112b554e4480a8eaae4e0aa	3325991
L	41981	1362	*	*	*	*	*	368062	*
H	41981	250	100.0	+	0	0	495I250M617I	90a05d597112b554e4480a8eaae4e0aa	368062
L	194444	1444	*	*	*	*	*	4464345	*
H	194444	250	100.0	+	0	0	478I250M716I	90a05d597112b554e4480a8eaae4e0aa	4464345
L	179759	1507	*	*	*	*	*	4389974	*
H	179759	250	100.0	+	0	0	528I250M729I	0d62ecacc573722eacace2377ae4a16c	4389974
L	19369	1518	*	*	*	*	*	586102	*
H	19369	250	99.2	+	0	0	536I250M732I	0d62ecacc573722eacace2377ae4a16c	586102
L	134225	1508	*	*	*	*	*	2733658	*
H	134225	250	100.0	+	0	0	529I250M729I	0d62ecacc573722eacace2377ae4a16c	2733658
L	115905	1437	*	*	*	*	*	1679824	*
H	115905	250	99.6	+	0	0	489I250M698I	a231814083060142816974207844eff2	1679824
L	45509	1401	*	*	*	*	*	351292	*
H	45509	250	100.0	+	0	0	527I250M624I	a231814083060142816974207844eff2	351292
L	41594	1360	*	*	*	*	*	369997	*
H	41594	250	100.0	+	0	0	501I250M609I	a231814083060142816974207844eff2	369997
L	166029	1335	*	*	*	*	*	4320143	*
H	166029	250	100.0	+	0	0	481I250M604I	bd3c45d86ab338880235c8db92437c9e	4320143
L	115095	1449	*	*	*	*	*	1637278	*
H	115095	250	99.6	+	0	0	467I250M732I	a85d1e5bab29e2ed9ff5f9cc341a79cf	1637278
L	187484	1450	*	*	*	*	*	4428865	*
H	187484	250	99.2	+	0	0	471I250M729I	a85d1e5bab29e2ed9ff5f9cc341a79cf	4428865
L	101688	1407	*	*	*	*	*	107444	*
H	101688	250	99.6	+	0	0	447I250M710I	a85d1e5bab29e2ed9ff5f9cc341a79cf	107444
L	50212	1511	*	*	*	*	*	332316	*
H	50212	250	99.6	+	0	0	499I250M762I	113aea2acd261087889f44fef115ac0f	332316
L	167901	1516	*	*	*	*	*	4329469	*
H	167901	250	99.2	+	0	0	537I250M729I	113aea2acd261087889f44fef115ac0f	4329469
H	38231	250	99.6	+	0	0	526I250M620I	ec77e3de9951e4b4183a0afd548a0d47	509662
H	133250	250	99.6	+	0	0	510I250M665I	ec77e3de9951e4b4183a0afd548a0d47	2682128
L	132989	1435	*	*	*	*	*	2666834	*
H	132989	250	99.6	+	0	0	488I250M697I	ec77e3de9951e4b4183a0afd548a0d47	2666834
L	169800	1391	*	*	*	*	*	4338963	*
H	169800	250	100.0	+	0	0	464I250M677I	0d87b112bc336b97248bf4757a668689	4338963
L	39315	1476	*	*	*	*	*	454107	*
H	39315	250	99.6	+	0	0	534I250M692I	0d87b112bc336b97248bf4757a668689	454107
L	182432	1415	*	*	*	*	*	4403707	*
H	182432	250	99.6	+	0	0	482I93MI157M682I	0d87b112bc336b97248bf4757a668689	4403707
L	35796	1344	*	*	*	*	*	518998	*
H	35796	250	99.6	+	0	0	467I250M627I	ca4d0ff3a24db40e2671bc953dbf7c75	518998
L	42730	1408	*	*	*	*	*	364258	*
H	42730	250	99.2	+	0	0	446I250M712I	ca4d0ff3a24db40e2671bc953dbf7c75	364258
L	113283	1536	*	*	*	*	*	1526277	*
H	113283	250	99.6	+	0	0	535I250M751I	f65c9baa481c7ba05ae78b3ef4797218	1526277
L	132059	1440	*	*	*	*	*	2613485	*
H	132059	250	99.6	+	0	0	500I250M690I	f65c9baa481c7ba05ae78b3ef4797218	2613485
L	114621	1440	*	*	*	*	*	1606937	*
H	114621	250	99.2	+	0	0	488I250M702I	f65c9baa481c7ba05ae78b3ef4797218	1606937
L	131846	1353	*	*	*	*	*	1073298	*
H	131846	250	100.0	+	0	0	499I250M604I	4453cb651a8781e047b99c045d35d6cf	1073298
L	99285	1444	*	*	*	*	*	126371	*
H	99285	250	100.0	+	0	0	499I250M695I	4453cb651a8781e047b99c045d35d6cf	126371
L	1782	1359	*	*	*	*	*	1077222	*
H	1782	250	99.6	+	0	0	502I68MI71MI37MI74M604I	4453cb651a8781e047b99c045d35d6cf	1077222
L	6423	1341	*	*	*	*	*	902248	*
H	6423	250	99.6	+	0	0	483I250M608I	ce5eea8e7eb39c9ec26edd8cb297bdbf	902248
L	4504	1341	*	*	*	*	*	974690	*
H	4504	250	99.6	+	0	0	483I250M608I	ce5eea8e7eb39c9ec26edd8cb297bdbf	974690
L	57897	1400	*	*	*	*	*	301048	*
H	57897	250	100.0	+	0	0	528I250M622I	4bf3198c78397be5af0b7325d20558de	301048
L	57951	1408	*	*	*	*	*	300872	*
H	57951	250	99.6	+	0	0	528I250M630I	4bf3198c78397be5af0b7325d20558de	300872
L	120495	1387	*	*	*	*	*	850370	*
H	120495	250	100.0	+	0	0	518I250M619I	4bf3198c78397be5af0b7325d20558de	850370
L	167379	1545	*	*	*	*	*	4326794	*
H	167379	250	100.0	+	0	0	535I250M760I	6c687828e2fdce22a50b09ae7e9e6a1c	4326794
L	189822	1541	*	*	*	*	*	4440404	*
H	189822	250	99.6	+	0	0	531I250M760I	6c687828e2fdce22a50b09ae7e9e6a1c	4440404
L	163729	1398	*	*	*	*	*	4309160	*
H	163729	250	99.2	+	0	0	525I250M623I	6c687828e2fdce22a50b09ae7e9e6a1c	4309160
N	*	250	*	*	*	*	*	4bcfaf7e1d5a83ad3059eca58cd1ab17	*
L	169910	1399	*	*	*	*	*	4339539	*
H	169910	250	99.6	+	0	0	435I135M2I115M712I	0dc8e0e89e89cf4f0c71808666f6c6e7	4339539
L	88701	1399	*	*	*	*	*	175605	*
H	88701	250	99.2	+	0	0	474I250M675I	0dc8e0e89e89cf4f0c71808666f6c6e7	175605
L	77261	1496	*	*	*	*	*	220243	*
H	77261	250	100.0	+	0	0	520I244MI6M725I	0dc8e0e89e89cf4f0c71808666f6c6e7	220243
L	84336	1385	*	*	*	*	*	188985	*
H	84336	250	100.0	+	0	0	513I250M622I	87368903a585e254843c93dbbe0b59de	188985
L	179187	1454	*	*	*	*	*	4387181	*
H	179187	250	99.6	+	0	0	493I163MI87M710I	87368903a585e254843c93dbbe0b59de	4387181
L	83117	1401	*	*	*	*	*	192496	*
H	83117	250	99.6	+	0	0	529I250M622I	87368903a585e254843c93dbbe0b59de	192496
L	75330	1396	*	*	*	*	*	229992	*
H	75330	250	99.2	+	0	0	529I250M617I	f2e38c0ba837fa1f9d84b1b8f4837850	229992
L	32695	1433	*	*	*	*	*	532163	*
H	32695	250	100.0	+	0	0	471I250M712I	51393137c0bd87733bef92c0d82ad05f	532163
L	112022	1471	*	*	*	*	*	5796	*
H	112022	250	100.0	+	0	0	478I250M743I	51393137c0bd87733bef92c0d82ad05f	5796
L	70341	1361	*	*	*	*	*	252206	*
H	70341	250	100.0	+	0	0	408I250M703I	51393137c0bd87733bef92c0d82ad05f	252206
L	147101	1485	*	*	*	*	*	976976	*
H	147101	250	99.2	+	0	0	338I250M897I	9b51f226658b851b49c475d32b20f39c	976976
L	188518	1400	*	*	*	*	*	4434156	*
H	188518	250	99.6	+	0	0	349I250M801I	9b51f226658b851b49c475d32b20f39c	4434156
L	122032	1362	*	*	*	*	*	952231	*
H	122032	250	99.6	+	0	0	330I250M782I	9b51f226658b851b49c475d32b20f39c	952231
L	13352	1528	*	*	*	*	*	739890	*
H	13352	250	100.0	+	0	0	521I250M757I	4a765a31e0cf23936b0d98af5f0b7b81	739890
L	77491	1401	*	*	*	*	*	219151	*
H	77491	250	100.0	+	0	0	508I250M643I	4a765a31e0cf23936b0d98af5f0b7b81	219151
L	17052	1539	*	*	*	*	*	606204	*
H	17052	250	100.0	+	0	0	530I250M759I	4a765a31e0cf23936b0d98af5f0b7b81	606204
L	48265	1525	*	*	*	*	*	340160	*
H	48265	250	99.6	+	0	0	537I187MD62M739I	4db99f03423c6fcb8b145f60ef5522cd	340160
L	78265	1409	*	*	*	*	*	214986	*
H	78265	250	99.2	+	0	0	536I250M623I	4db99f03423c6fcb8b145f60ef5522cd	214986
L	176489	1513	*	*	*	*	*	4373456	*
H	176489	250	99.2	+	0	0	529I250M734I	4db99f03423c6fcb8b145f60ef5522cd	4373456
L	135329	1429	*	*	*	*	*	2805372	*
H	135329	250	100.0	+	0	0	486I250M693I	f0111bac5234f907953885881c7e241c	2805372
L	46811	1398	*	*	*	*	*	346127	*
H	46811	250	100.0	+	0	0	528I250M620I	f0111bac5234f907953885881c7e241c	346127
L	46876	1360	*	*	*	*	*	345838	*
H	46876	250	99.6	+	0	0	507I250M603I	f0111bac5234f907953885881c7e241c	345838
L	6721	1331	*	*	*	*	*	890990	*
H	6721	250	99.2	+	0	0	478I250M603I	7d28a9e5ac8c019cc2652582737fbcd3	890990
L	104110	1453	*	*	*	*	*	95320	*
H	104110	250	99.6	+	0	0	444I250M759I	7d28a9e5ac8c019cc2652582737fbcd3	95320
L	101937	1514	*	*	*	*	*	106334	*
H	101937	250	99.2	+	0	0	494I250M770I	7d28a9e5ac8c019cc2652582737fbcd3	106334
L	201414	1437	*	*	*	*	*	1107760	*
H	201414	250	99.6	+	0	0	463I250M724I	9f145259b53c1d776f1c5aaf2dd03079	1107760
L	930	1482	*	*	*	*	*	1105405	*
H	930	250	99.6	+	0	0	497I250M735I	0b95b1e7575022ecb05cc4dda5583380	1105405
L	108607	1453	*	*	*	*	*	35860	*
H	108607	250	99.2	+	0	0	487I250M716I	0b95b1e7575022ecb05cc4dda5583380	35860
L	99790	1372	*	*	*	*	*	114587	*
H	99790	250	99.6	+	0	0	496I250M626I	0b95b1e7575022ecb05cc4dda5583380	114587
L	157555	1337	*	*	*	*	*	909995	*
H	157555	250	100.0	+	0	0	479I250M608I	156572b928592204f50650c986dd8a9c	909995
L	114770	1337	*	*	*	*	*	904665	*
H	114770	250	100.0	+	0	0	481I250M606I	156572b928592204f50650c986dd8a9c	904665
L	168358	1485	*	*	*	*	*	4331809	*
H	168358	250	100.0	+	0	0	501I250M734I	156572b928592204f50650c986dd8a9c	4331809
L	181776	1440	*	*	*	*	*	4400280	*
H	181776	250	100.0	+	0	0	534I250M656I	05ec396e3f7397a7f12d307934347d02	4400280
L	135765	1499	*	*	*	*	*	2827696	*
H	135765	250	100.0	+	0	0	515I250M734I	05ec396e3f7397a7f12d307934347d02	2827696
L	188033	1562	*	*	*	*	*	4431736	*
H	188033	250	100.0	+	0	0	544I250M768I	05ec396e3f7397a7f12d307934347d02	4431736
L	78459	1344	*	*	*	*	*	213762	*
H	78459	250	99.6	+	0	0	489I250M605I	0c2a6f208b20f66c65bd7fe0ed503c25	213762
L	201792	1439	*	*	*	*	*	716787	*
H	201792	250	100.0	+	0	0	465I250M724I	0f5f7693288de84f4ade2e6abaa2440f	716787
L	202573	1360	*	*	*	*	*	1122723	*
H	202573	250	100.0	+	0	0	386I250M724I	0f5f7693288de84f4ade2e6abaa2440f	1122723
L	201686	1306	*	*	*	*	*	1126596	*
H	201686	250	100.0	+	0	0	442I250M614I	0f5f7693288de84f4ade2e6abaa2440f	1126596
H	17052	250	100.0	+	0	0	353I250M936I	6042fc1dc64cc610f5e026bb2c69bb79	606204
L	150975	1505	*	*	*	*	*	3734411	*
H	150975	250	99.6	+	0	0	531I250M724I	f317a3bc28231cd055d5749b5886ab2d	3734411
L	151260	1366	*	*	*	*	*	951990	*
H	151260	250	100.0	+	0	0	509I250M607I	f317a3bc28231cd055d5749b5886ab2d	951990
L	78059	1394	*	*	*	*	*	216330	*
H	78059	250	100.0	+	0	0	528I250M616I	f317a3bc28231cd055d5749b5886ab2d	216330
L	47623	1493	*	*	*	*	*	342754	*
H	47623	250	100.0	+	0	0	484I250M759I	aad12d128d47b829c381e6e205b93ad5	342754
L	32117	1379	*	*	*	*	*	534686	*
H	32117	250	99.2	+	0	0	437I250M692I	aad12d128d47b829c381e6e205b93ad5	534686
L	79717	1386	*	*	*	*	*	206180	*
H	79717	250	99.6	+	0	0	519I250M617I	aad12d128d47b829c381e6e205b93ad5	206180
L	52937	1400	*	*	*	*	*	321145	*
H	52937	250	99.6	+	0	0	528I250M622I	a67cb378efc39872e25df8467bd8616e	321145
L	126796	1442	*	*	*	*	*	2300731	*
H	126796	250	99.2	+	0	0	503I250M689I	a67cb378efc39872e25df8467bd8616e	2300731
L	15090	1475	*	*	*	*	*	676089	*
H	15090	250	100.0	+	0	0	508I250M717I	a67cb378efc39872e25df8467bd8616e	676089
L	82424	1380	*	*	*	*	*	194572	*
H	82424	250	99.6	+	0	0	505I250M625I	c3c8d537f5afdd76af1dd96e7e974368	194572
L	43478	1473	*	*	*	*	*	360710	*
H	43478	250	99.6	+	0	0	485I250M738I	c3c8d537f5afdd76af1dd96e7e974368	360710
L	56421	1342	*	*	*	*	*	306848	*
H	56421	250	100.0	+	0	0	485I250M607I	c3c8d537f5afdd76af1dd96e7e974368	306848
L	182231	1425	*	*	*	*	*	4402747	*
H	182231	250	99.6	+	0	0	468I250M707I	470dd02996e31255357eeeaa3672b469	4402747
L	143519	1431	*	*	*	*	*	3275562	*
H	143519	250	100.0	+	0	0	471I250M710I	470dd02996e31255357eeeaa3672b469	3275562
L	54175	1340	*	*	*	*	*	316136	*
H	54175	250	100.0	+	0	0	484I250M606I	470dd02996e31255357eeeaa3672b469	316136
L	142756	1522	*	*	*	*	*	3234161	*
H	142756	250	100.0	+	0	0	520I250M752I	c68c29d09b76c6738c7e138485cb0638	3234161
L	35934	1492	*	*	*	*	*	518380	*
H	35934	250	100.0	+	0	0	520I250M722I	c68c29d09b76c6738c7e138485cb0638	518380
L	180378	1521	*	*	*	*	*	4393103	*
H	180378	250	99.6	+	0	0	517I250M754I	c68c29d09b76c6738c7e138485cb0638	4393103
L	1788	1369	*	*	*	*	*	1076969	*
H	1788	250	99.2	+	0	0	336I250M783I	afef89bb5a2a9dbc94621a735c3b6008	1076969
L	161763	1553	*	*	*	*	*	4300042	*
H	161763	250	99.2	+	0	0	365I250M938I	afef89bb5a2a9dbc94621a735c3b6008	4300042
L	99931	1346	*	*	*	*	*	114201	*
H	99931	250	100.0	+	0	0	474I250M622I	f936559afb889160ca5126f163dc33f1	114201
L	135379	1367	*	*	*	*	*	925027	*
H	135379	250	99.2	+	0	0	508I250M609I	787d4279d8c568c65b5b24569a0e4b53	925027
L	153034	1367	*	*	*	*	*	934925	*
H	153034	250	99.2	+	0	0	511I250M606I	ade3784d6dfd298c1bf09140aaa941fb	934925
L	40043	1365	*	*	*	*	*	426772	*
H	40043	250	99.6	+	0	0	509I250M606I	ade3784d6dfd298c1bf09140aaa941fb	426772
L	178178	1391	*	*	*	*	*	4381944	*
H	178178	250	99.6	+	0	0	530I250M611I	ade3784d6dfd298c1bf09140aaa941fb	4381944
L	138318	1367	*	*	*	*	*	1052601	*
H	138318	250	100.0	+	0	0	508I250M609I	ee3a8078e2cf6f918a9c22180f8dea9d	1052601
L	83860	1390	*	*	*	*	*	190372	*
H	83860	250	100.0	+	0	0	514I250M626I	d5c7d97e6f4f5789d574d321dcca0992	190372
L	42151	1358	*	*	*	*	*	367260	*
H	42151	250	100.0	+	0	0	493I250M615I	d5c7d97e6f4f5789d574d321dcca0992	367260
L	83835	1389	*	*	*	*	*	190469	*
H	83835	250	99.6	+	0	0	513I250M626I	d5c7d97e6f4f5789d574d321dcca0992	190469
L	82522	1378	*	*	*	*	*	194320	*
H	82522	250	100.0	+	0	0	509I250M619I	aed3f59201e3b9d21858f36557f42a80	194320
L	48034	1379	*	*	*	*	*	341024	*
H	48034	250	100.0	+	0	0	504I250M625I	aed3f59201e3b9d21858f36557f42a80	341024
L	47879	1371	*	*	*	*	*	341724	*
H	47879	250	100.0	+	0	0	518I250M603I	aed3f59201e3b9d21858f36557f42a80	341724
L	149575	1516	*	*	*	*	*	3645903	*
H	149575	250	99.6	+	0	0	358I250M908I	0049dbe7419dc72d8daa299990ef3453	3645903
L	82342	1417	*	*	*	*	*	194818	*
H	82342	250	99.6	+	0	0	306I250M861I	0049dbe7419dc72d8daa299990ef3453	194818
L	192821	1419	*	*	*	*	*	4456052	*
H	192821	250	99.6	+	0	0	306I250M863I	0049dbe7419dc72d8daa299990ef3453	4456052
L	29843	1376	*	*	*	*	*	544036	*
H	29843	250	100.0	+	0	0	457I250M669I	a0f7e5d96fea8258195ee9e9b6aa42ac	544036
L	127168	1367	*	*	*	*	*	921185	*
H	127168	250	99.6	+	0	0	508I250M609I	a0f7e5d96fea8258195ee9e9b6aa42ac	921185
L	27123	1375	*	*	*	*	*	555237	*
H	27123	250	100.0	+	0	0	457I250M668I	a0f7e5d96fea8258195ee9e9b6aa42ac	555237
L	162840	1452	*	*	*	*	*	4305260	*
H	162840	250	99.2	+	0	0	480I67MI183M721I	08b7d1ec9b601f4166aed8bef8598c81	4305260
L	73220	1487	*	*	*	*	*	240591	*
H	73220	250	100.0	+	0	0	478I250M759I	08b7d1ec9b601f4166aed8bef8598c81	240591
L	109217	1451	*	*	*	*	*	26724	*
H	109217	250	99.6	+	0	0	479I250M722I	08b7d1ec9b601f4166aed8bef8598c81	26724
L	115203	1482	*	*	*	*	*	807260	*
H	115203	250	99.2	+	0	0	501I250M731I	57d3c3d41e7015354474404c39be1ded	807260
L	189889	1487	*	*	*	*	*	4440675	*
H	189889	250	99.6	+	0	0	504I250M733I	57d3c3d41e7015354474404c39be1ded	4440675
L	47356	1463	*	*	*	*	*	343837	*
H	47356	250	100.0	+	0	0	501I250M712I	583acbe1c0cc2d0689b2e71515733934	343837
L	142941	1381	*	*	*	*	*	812696	*
H	142941	250	99.6	+	0	0	513I250M618I	583acbe1c0cc2d0689b2e71515733934	812696
L	122700	1512	*	*	*	*	*	2068089	*
H	122700	250	100.0	+	0	0	532I250M730I	583acbe1c0cc2d0689b2e71515733934	2068089
L	135906	1480	*	*	*	*	*	979918	*
H	135906	250	99.2	+	0	0	502I250M728I	d019ae11b20bff9d7cb0aa2a604c15c4	979918
L	135907	1456	*	*	*	*	*	1087958	*
H	135907	250	99.2	+	0	0	474I250M732I	d019ae11b20bff9d7cb0aa2a604c15c4	1087958
L	166583	1392	*	*	*	*	*	4322986	*
H	166583	250	99.2	+	0	0	505I250M637I	25d727166a36df8d2f6a915a945bf5ac	4322986
L	166716	1451	*	*	*	*	*	4323520	*
H	166716	250	100.0	+	0	0	503I250M698I	25d727166a36df8d2f6a915a945bf5ac	4323520
L	196605	1436	*	*	*	*	*	4474933	*
H	196605	250	100.0	+	0	0	499I250M687I	25d727166a36df8d2f6a915a945bf5ac	4474933
N	*	250	*	*	*	*	*	a19b28c6512075202832d9a289eae054	*
L	16692	1498	*	*	*	*	*	619210	*
H	16692	250	99.6	+	0	0	518I250M730I	a1a3200b76bcd6000a0914892d370b6e	619210
L	156285	1456	*	*	*	*	*	4040903	*
H	156285	250	99.6	+	0	0	504I96MI154M701I	a1a3200b76bcd6000a0914892d370b6e	4040903
L	155479	1406	*	*	*	*	*	3997686	*
H	155479	250	99.6	+	0	0	469I250M687I	a1a3200b76bcd6000a0914892d370b6e	3997686
L	87805	1398	*	*	*	*	*	178458	*
H	87805	250	100.0	+	0	0	525I250M623I	e0a25143b7f2e59d7266ee802d1aeb61	178458
L	82151	1389	*	*	*	*	*	195378	*
H	82151	250	100.0	+	0	0	516I250M623I	e0a25143b7f2e59d7266ee802d1aeb61	195378
L	82858	1388	*	*	*	*	*	193315	*
H	82858	250	100.0	+	0	0	516I250M622I	e0a25143b7f2e59d7266ee802d1aeb61	193315
N	*	250	*	*	*	*	*	9742fcd0aa1872784d8b5bb217dad6e0	*
H	1788	250	99.6	+	0	0	513I250M606I	d63133c757e4c822d016db63aaa83f83	1076969
L	24049	1431	*	*	*	*	*	567972	*
H	24049	250	99.6	+	0	0	490I250M691I	d63133c757e4c822d016db63aaa83f83	567972
H	161763	250	100.0	+	0	0	542I250M761I	d63133c757e4c822d016db63aaa83f83	4300042
L	166735	1511	*	*	*	*	*	4323569	*
H	166735	250	100.0	+	0	0	529I250M732I	0222d3a73fafa53c994878a023dc1efc	4323569
L	52552	1517	*	*	*	*	*	322856	*
H	52552	250	99.6	+	0	0	530I106MI144M736I	0222d3a73fafa53c994878a023dc1efc	322856
L	13246	1504	*	*	*	*	*	744242	*
H	13246	250	100.0	+	0	0	491I250M763I	0222d3a73fafa53c994878a023dc1efc	744242
L	119581	1476	*	*	*	*	*	1888681	*
H	119581	250	99.6	+	0	0	532I250M694I	54f3fa8080e96ee8c48b77627ac0ae3a	1888681
L	55660	1431	*	*	*	*	*	310056	*
H	55660	250	100.0	+	0	0	555I250M626I	54f3fa8080e96ee8c48b77627ac0ae3a	310056
L	84916	1432	*	*	*	*	*	187233	*
H	84916	250	100.0	+	0	0	555I250M627I	54f3fa8080e96ee8c48b77627ac0ae3a	187233
D	4504	2	*	*	*	*	99.6	974690	*
D	4916	2	*	*	*	*	100.0	959333	*
D	6469	2	*	*	*	*	99.6	900501	*
D	7345	2	*	*	*	*	100.0	866269	*
D	13246	2	*	*	*	*	100.0	744242	*
D	15090	2	*	*	*	*	100.0	676089	*
D	17052	3	*	*	*	*	100.0	606204	*
D	27123	2	*	*	*	*	100.0	555237	*
D	27658	2	*	*	*	*	100.0	553068	*
D	29093	2	*	*	*	*	100.0	547191	*
D	30760	2	*	*	*	*	100.0	540225	*
D	32003	2	*	*	*	*	100.0	535158	*
D	32210	2	*	*	*	*	100.0	534259	*
D	32354	2	*	*	*	*	100.0	533650	*
D	35796	2	*	*	*	*	99.6	518998	*
D	35934	2	*	*	*	*	100.0	518380	*
D	39033	2	*	*	*	*	100.0	465079	*
D	41594	2	*	*	*	*	100.0	369997	*
D	41618	2	*	*	*	*	100.0	369883	*
D	42151	2	*	*	*	*	100.0	367260	*
D	42506	2	*	*	*	*	100.0	365427	*
D	43637	2	*	*	*	*	100.0	359800	*
D	44057	2	*	*	*	*	100.0	357584	*
D	44539	2	*	*	*	*	100.0	355333	*
D	46811	2	*	*	*	*	100.0	346127	*
D	47623	2	*	*	*	*	100.0	342754	*
D	47879	2	*	*	*	*	100.0	341724	*
D	48265	2	*	*	*	*	99.6	340160	*
D	48427	2	*	*	*	*	100.0	339494	*
D	50212	2	*	*	*	*	99.6	332316	*
D	51063	2	*	*	*	*	100.0	328810	*
D	53172	2	*	*	*	*	100.0	320262	*
D	53381	2	*	*	*	*	100.0	319428	*
D	53425	2	*	*	*	*	100.0	319242	*
D	54175	2	*	*	*	*	100.0	316136	*
D	54708	2	*	*	*	*	100.0	313756	*
D	55402	2	*	*	*	*	100.0	311074	*
D	55452	2	*	*	*	*	100.0	310886	*
D	56421	2	*	*	*	*	100.0	306848	*
D	60587	2	*	*	*	*	100.0	291615	*
D	60808	2	*	*	*	*	100.0	290844	*
D	62510	2	*	*	*	*	99.2	279205	*
D	70031	2	*	*	*	*	100.0	253486	*
D	70341	2	*	*	*	*	100.0	252206	*
D	71312	2	*	*	*	*	99.6	248381	*
D	73220	2	*	*	*	*	100.0	240591	*
D	75330	2	*	*	*	*	99.2	229992	*
D	76632	2	*	*	*	*	100.0	223104	*
D	77261	2	*	*	*	*	100.0	220243	*
D	78059	2	*	*	*	*	100.0	216330	*
D	78459	2	*	*	*	*	99.6	213762	*
D	82858	2	*	*	*	*	100.0	193315	*
D	82907	2	*	*	*	*	100.0	193171	*
D	84336	2	*	*	*	*	100.0	188985	*
D	84916	2	*	*	*	*	100.0	187233	*
D	86684	2	*	*	*	*	100.0	181882	*
D	87025	2	*	*	*	*	100.0	180802	*
D	87561	2	*	*	*	*	99.6	179157	*
D	87679	2	*	*	*	*	100.0	178809	*
D	88070	2	*	*	*	*	100.0	177644	*
D	88381	2	*	*	*	*	100.0	176666	*
D	89200	2	*	*	*	*	100.0	174150	*
D	90495	2	*	*	*	*	99.6	167734	*
D	94821	2	*	*	*	*	100.0	149110	*
D	98251	2	*	*	*	*	99.6	136039	*
D	99154	2	*	*	*	*	100.0	128604	*
D	99285	2	*	*	*	*	100.0	126371	*
D	99790	2	*	*	*	*	99.6	114587	*
D	99931	2	*	*	*	*	100.0	114201	*
D	101337	2	*	*	*	*	100.0	109106	*
D	101688	2	*	*	*	*	99.6	107444	*
D	104110	2	*	*	*	*	99.6	95320	*
D	105019	2	*	*	*	*	99.6	84677	*
D	106780	2	*	*	*	*	99.6	64304	*
D	113616	2	*	*	*	*	100.0	1546872	*
D	115080	2	*	*	*	*	100.0	1636496	*
D	118909	2	*	*	*	*	100.0	941702	*
D	119832	2	*	*	*	*	100.0	847427	*
D	119972	2	*	*	*	*	100.0	1910658	*
D	120495	2	*	*	*	*	100.0	850370	*
D	122032	2	*	*	*	*	99.6	952231	*
D	122700	2	*	*	*	*	100.0	2068089	*
D	124935	2	*	*	*	*	100.0	1106498	*
D	127818	2	*	*	*	*	100.0	842528	*
D	127890	2	*	*	*	*	100.0	2364498	*
D	128145	2	*	*	*	*	100.0	824293	*
D	132059	2	*	*	*	*	99.6	2613485	*
D	132989	2	*	*	*	*	99.6	2666834	*
D	133250	2	*	*	*	*	100.0	2682128	*
D	134225	2	*	*	*	*	100.0	2733658	*
D	135379	2	*	*	*	*	99.2	925027	*
D	135907	2	*	*	*	*	99.2	1087958	*
D	138318	2	*	*	*	*	100.0	1052601	*
D	138718	2	*	*	*	*	99.6	870751	*
D	140049	2	*	*	*	*	99.2	3076313	*
D	142091	2	*	*	*	*	100.0	3195055	*
D	148369	2	*	*	*	*	99.6	3571769	*
D	149137	2	*	*	*	*	100.0	3617631	*
D	149700	2	*	*	*	*	99.6	1144682	*
D	151068	2	*	*	*	*	99.2	889549	*
D	152279	2	*	*	*	*	100.0	3806697	*
D	155479	2	*	*	*	*	99.6	3997686	*
D	155520	2	*	*	*	*	100.0	631511	*
D	161763	3	*	*	*	*	99.6	4300042	*
D	163526	2	*	*	*	*	100.0	4308305	*
D	164315	2	*	*	*	*	99.6	4312075	*
D	165153	2	*	*	*	*	100.0	4315958	*
D	166029	2	*	*	*	*	100.0	4320143	*
D	167379	2	*	*	*	*	100.0	4326794	*
D	168358	2	*	*	*	*	100.0	4331809	*
D	169233	2	*	*	*	*	99.6	4336217	*
D	169800	2	*	*	*	*	100.0	4338963	*
D	170333	2	*	*	*	*	100.0	4341595	*
D	172625	2	*	*	*	*	99.6	4353745	*
D	175843	2	*	*	*	*	99.2	4370107	*
D	176678	2	*	*	*	*	100.0	4374414	*
D	178178	2	*	*	*	*	99.6	4381944	*
D	181153	2	*	*	*	*	100.0	4396966	*
D	182414	2	*	*	*	*	100.0	4403622	*
D	184900	2	*	*	*	*	100.0	4416190	*
D	186782	2	*	*	*	*	100.0	4425358	*
D	188033	2	*	*	*	*	100.0	4431736	*
D	189516	2	*	*	*	*	100.0	4439084	*
D	189889	2	*	*	*	*	99.6	4440675	*
D	190127	2	*	*	*	*	100.0	4442023	*
D	192330	2	*	*	*	*	100.0	4453609	*
D	192821	2	*	*	*	*	99.6	4456052	*
D	192984	2	*	*	*	*	100.0	4456710	*
D	194444	2	*	*	*	*	100.0	4464345	*
D	196605	2	*	*	*	*	100.0	4474933	*
D	201084	2	*	*	*	*	100.0	1142	*
D	201414	2	*	*	*	*	99.6	1107760	*
D	201686	2	*	*	*	*	100.0	1126596	*
