UclustConsensusTaxonAssigner parameters:
id_to_taxonomy_filepath:/Users/nbokulich/Desktop/ref_dbs/gg_13_8_otus/taxonomy/99_otu_taxonomy.txt
id_to_taxonomy_fp:/Users/nbokulich/Desktop/ref_dbs/gg_13_8_otus/taxonomy/99_otu_taxonomy.txt
max_accepts:1
min_consensus_fraction:1.0
reference_sequences_fp:/Users/nbokulich/Desktop/ref_dbs/gg_13_8_otus/rep_set/99_otus/dna-sequences.fasta
similarity:0.99
unassignable_label:Unassigned
Result path: /var/folders/0t/l1dz88p50y91vx_22fx5w3780000gn/T/assign-taxzT75gw

.uc file contents:

# uclust --input /Users/nbokulich/Desktop/projects/short-read-tax-assignment/data/mock-community/mock-6/rep_seqs.fna --id 0.99 --rev --maxaccepts 1 --allhits --libonly --lib /Users/nbokulich/Desktop/ref_dbs/gg_13_8_otus/rep_set/99_otus/dna-sequences.fasta --uc /var/folders/0t/l1dz88p50y91vx_22fx5w3780000gn/T/UclustConsensusTaxonAssigner_AnDXBF.uc
# version=1.2.22
# Tab-separated fields:
# 1=Type, 2=ClusterNr, 3=SeqLength or ClusterSize, 4=PctId, 5=Strand, 6=QueryStart, 7=SeedStart, 8=Alignment, 9=QueryLabel, 10=TargetLabel
# Record types (field 1): L=LibSeed, S=NewSeed, H=Hit, R=Reject, D=LibCluster, C=NewCluster, N=NoHit
# For C and D types, PctId is average id with seed.
# QueryStart and SeedStart are zero-based relative to start of sequence.
# If minus strand, SeedStart is relative to reverse-complemented seed.
L	107758	250	*	*	*	*	*	45363	*
H	107758	50	100.0	+	0	0	50M200I	0d13dd21c689329df5d87a55b12d018d	45363
L	36680	250	*	*	*	*	*	514746	*
H	36680	50	100.0	+	0	0	50M200I	2af48651d110e16bbb616be32eee8805	514746
L	103671	250	*	*	*	*	*	98675	*
H	103671	50	100.0	+	0	0	50M200I	e16fabd3426be0386af6653c4f05f8d5	98675
L	162762	250	*	*	*	*	*	4306683	*
H	162762	50	100.0	+	0	0	50M200I	bbd8d213e49205442b7612338f404186	4306683
L	90109	250	*	*	*	*	*	168716	*
H	90109	50	100.0	+	0	0	50M200I	b4c04e915103285beeea2ceec4dab37a	168716
L	149887	250	*	*	*	*	*	811358	*
H	149887	50	100.0	+	0	0	50M200I	6dc4727189f2bc5fb207ea74661058c5	811358
L	119647	250	*	*	*	*	*	1906483	*
H	119647	50	100.0	+	0	0	50M200I	9b8f0d83faa2a954da84393a42117591	1906483
L	188669	250	*	*	*	*	*	4437179	*
H	188669	50	100.0	+	0	0	50M200I	f9407cb209761a7f36adff66fb4f94e9	4437179
N	*	50	*	*	*	*	*	2d0fb26eb9188dd8ca3d7a13491bb6e2	*
L	138050	250	*	*	*	*	*	1105362	*
H	138050	50	100.0	+	0	0	50M200I	9b4935cfba63d998bfba3629fd7fa54f	1105362
L	12993	250	*	*	*	*	*	751255	*
H	12993	50	100.0	+	0	0	50M200I	514b00ebe859de1ff3ba60b3e28f685b	751255
L	76086	250	*	*	*	*	*	225058	*
H	76086	50	100.0	+	0	0	50M200I	05be659c231b0fa4d1702965760f6378	225058
L	191590	250	*	*	*	*	*	4452210	*
H	191590	50	100.0	+	0	0	50M200I	d60c46784ddea0e0d904a38525574ab8	4452210
L	85517	250	*	*	*	*	*	184899	*
H	85517	50	100.0	+	0	0	50M200I	a402f3090b851dd47451bd7f1c692e85	184899
L	201432	250	*	*	*	*	*	2776654	*
H	201432	50	100.0	+	0	0	50M200I	13014eb4cd2b32559a66339a42df29dd	2776654
L	35882	250	*	*	*	*	*	518263	*
H	35882	50	100.0	+	0	0	50M200I	f7926bf66700b40da184463c0a125c34	518263
L	57607	250	*	*	*	*	*	301563	*
H	57607	50	100.0	+	0	0	50M200I	99092001133fe2149a63612e716c0245	301563
N	*	50	*	*	*	*	*	e9bc31ce7b08525d2c98ad58186d56c5	*
L	71052	250	*	*	*	*	*	248805	*
H	71052	50	100.0	+	0	0	50M200I	5bf1d7bff7d1bd949abcadf3e53bb6ee	248805
L	126277	250	*	*	*	*	*	1110581	*
H	126277	50	100.0	+	0	0	50M200I	f3b8b2ad68fb7f9e8fcf91a47b7639d6	1110581
L	122659	250	*	*	*	*	*	2080339	*
H	122659	50	100.0	+	0	0	50M200I	354ddaeb1ee1a22c426e1a6e498ee752	2080339
L	96719	250	*	*	*	*	*	141267	*
H	96719	50	100.0	+	0	0	50M200I	cb0f9629e629e8ebefff8fcb146388c4	141267
L	22972	250	*	*	*	*	*	572307	*
H	22972	50	100.0	+	0	0	50M200I	8565b42ce22b3a675a3368940bce6da1	572307
L	167532	250	*	*	*	*	*	4329610	*
H	167532	50	100.0	+	0	0	50M200I	5daeff2559d9ce3ec7f8f562038419e5	4329610
L	113581	250	*	*	*	*	*	822844	*
H	113581	50	100.0	+	0	0	50M200I	cdd599cefc2b4bbe53808c122333b4dc	822844
L	127732	250	*	*	*	*	*	2370847	*
H	127732	50	100.0	+	0	0	50M200I	1675f21643d176884486abfe06410cd5	2370847
L	5226	250	*	*	*	*	*	946708	*
H	5226	50	100.0	+	0	0	50M200I	7f10e88d8bc29b11de36363facded0e5	946708
L	45845	250	*	*	*	*	*	349481	*
H	45845	50	100.0	+	0	0	50M200I	7b7defc3862f4ba8e117896ed0738028	349481
N	*	50	*	*	*	*	*	e7e96f6b2e4a3733940aa54b34e34469	*
L	106270	250	*	*	*	*	*	69671	*
H	106270	50	100.0	+	0	0	50M200I	c92d25bab1c999ffe7d31b9a408fa3d9	69671
L	131130	250	*	*	*	*	*	2579232	*
H	131130	50	100.0	+	0	0	50M200I	86c168ce8b1c72d0cec05453794720c2	2579232
L	138860	250	*	*	*	*	*	3021839	*
H	138860	50	100.0	+	0	0	50M200I	caefe845aedf396519d985f05912a9ea	3021839
L	27713	250	*	*	*	*	*	552512	*
H	27713	50	100.0	+	0	0	50M200I	24029670630060b5bf93a8d63f46407b	552512
L	202398	250	*	*	*	*	*	4362617	*
H	202398	50	100.0	+	0	0	50M200I	81572f0ffa2efeabd7aa22d9881116ce	4362617
N	*	50	*	*	*	*	*	9308f6fb7ba61e2760184052cd1084b2	*
L	70111	250	*	*	*	*	*	252578	*
H	70111	50	100.0	+	0	0	50M200I	a813cea98932247942666328df9cd21f	252578
L	54454	250	*	*	*	*	*	314338	*
H	54454	50	100.0	+	0	0	50M200I	94c8c13dbba146526c35ab29aa2e5cce	314338
L	144792	250	*	*	*	*	*	823297	*
H	144792	50	100.0	+	0	0	50M200I	8aad8fc81cddad0a12ae1ce579907c1d	823297
L	135283	250	*	*	*	*	*	817488	*
H	135283	50	100.0	+	0	0	50M200I	45d4a93378d7b62137a590e2dd9dbb3b	817488
L	190908	250	*	*	*	*	*	4448516	*
H	190908	50	100.0	+	0	0	50M200I	974a32b20c7b0da06ae12b9eba3b9666	4448516
L	87187	250	*	*	*	*	*	179688	*
H	87187	50	100.0	+	0	0	50M200I	f3b2b552fe0fec485937aa9a5444e045	179688
N	*	50	*	*	*	*	*	cb8f895e5437e5d6559bd3e673a52ae5	*
L	50378	250	*	*	*	*	*	331143	*
H	50378	50	100.0	+	0	0	50M200I	6e636eb1f6c483664bc5fd61ca884ba9	331143
L	157756	250	*	*	*	*	*	811318	*
H	157756	50	100.0	+	0	0	50M200I	508cfb137772b063da147e84d2cd7df7	811318
L	50048	250	*	*	*	*	*	332500	*
H	50048	50	100.0	+	0	0	50M200I	20e92f416d9f589bfc3a3a6760f1a1de	332500
L	30597	250	*	*	*	*	*	540579	*
H	30597	50	100.0	+	0	0	50M200I	ea7b4b7c87a96c8391f55a9ae6c64dd2	540579
L	55718	250	*	*	*	*	*	309276	*
H	55718	50	100.0	+	0	0	50M200I	0b3032b74ca5b245b57c84bbe2270feb	309276
L	168091	250	*	*	*	*	*	4332462	*
H	168091	50	100.0	+	0	0	50M200I	d10894936d08e62381201d90472af259	4332462
L	192828	250	*	*	*	*	*	4458304	*
H	192828	50	100.0	+	0	0	50M200I	c3a6fdefe2cf5ff92cc4ad1d4e461eb2	4458304
N	*	50	*	*	*	*	*	5b79c4031f1e96a08de2a5c6ab02ab62	*
L	201855	250	*	*	*	*	*	3684831	*
H	201855	50	100.0	+	0	0	50M200I	d622a17ab9e11271b6d821f3251c13d6	3684831
L	101940	250	*	*	*	*	*	105538	*
H	101940	50	100.0	+	0	0	50M200I	1eabbcd06c0b04e07d0a23be8effa86b	105538
L	118350	250	*	*	*	*	*	1111760	*
H	118350	50	100.0	+	0	0	50M200I	7fca903053888fe1031239a3a3cf9b4c	1111760
L	188947	250	*	*	*	*	*	4438545	*
H	188947	50	100.0	+	0	0	50M200I	d27cd3d8a481911af9e49b56521c85dd	4438545
L	161191	250	*	*	*	*	*	4299150	*
H	161191	50	100.0	+	0	0	50M200I	3327c8d23aebe8c7125ef37bca6fb996	4299150
L	183535	250	*	*	*	*	*	4411670	*
H	183535	50	100.0	+	0	0	50M200I	31a7289e99e0350cf2f099ec636380f5	4411670
N	*	50	*	*	*	*	*	b76682c0d27fcf2d800d26fbc6e52a92	*
L	49987	250	*	*	*	*	*	332764	*
H	49987	50	100.0	+	0	0	50M200I	8245c26edb85fd0bded260a3fd8a4d27	332764
L	194728	250	*	*	*	*	*	4467951	*
H	194728	50	100.0	+	0	0	50M200I	8335aae2b40cc296d5830bbfa26d2e9b	4467951
L	155252	250	*	*	*	*	*	701620	*
H	155252	50	100.0	+	0	0	50M200I	2b9674615c4fb0c2697cd9f6fe7e3f8b	701620
N	*	50	*	*	*	*	*	d03038bd59240ce0ac18f3d167cdbc53	*
N	*	50	*	*	*	*	*	a440ed1e83b0e6dd506893d220fd39e5	*
L	34152	250	*	*	*	*	*	525735	*
H	34152	50	100.0	+	0	0	50M200I	c617423bb359f72ed41af659f5b72069	525735
L	145441	250	*	*	*	*	*	3415982	*
H	145441	50	100.0	+	0	0	50M200I	def2019f304f8a59edb8cab3aa78ecd1	3415982
L	181857	250	*	*	*	*	*	4403009	*
H	181857	50	100.0	+	0	0	50M200I	acd6f679e7ab12be00e31df3b13bbffb	4403009
L	112505	250	*	*	*	*	*	1736	*
H	112505	50	100.0	+	0	0	50M200I	d2fc1ae7d8bc23f407ecadf88ef8e122	1736
L	38654	250	*	*	*	*	*	495070	*
H	38654	50	100.0	+	0	0	50M200I	3a800a7cbb56ad1ef55571fdf186a5e2	495070
L	37484	250	*	*	*	*	*	511906	*
H	37484	50	100.0	+	0	0	50M200I	1cec7f7229b89c7dd169ba882bc31ed4	511906
L	120469	250	*	*	*	*	*	702015	*
H	120469	50	100.0	+	0	0	50M200I	eb97191bd699284c15a0682c8ff71069	702015
L	42091	250	*	*	*	*	*	367084	*
H	42091	50	100.0	+	0	0	50M200I	cfb4d10725ec7c0cd59a0452bec5bcb5	367084
N	*	50	*	*	*	*	*	ab1494462f170636148ea81017b6ee7c	*
L	56244	250	*	*	*	*	*	307086	*
H	56244	50	100.0	+	0	0	50M200I	319f30b9ebe4c9ce189b7783e7fd7ece	307086
N	*	50	*	*	*	*	*	8c027fa8005deaaf1dad1a8aa2fb54aa	*
N	*	50	*	*	*	*	*	d6fcd2f7048ffbc5aed3ec614fef4595	*
L	153299	250	*	*	*	*	*	3890144	*
H	153299	50	100.0	+	0	0	50M200I	4a207ca16e01e7b0f9e6c5cda1217063	3890144
L	73006	250	*	*	*	*	*	240845	*
H	73006	50	100.0	+	0	0	50M200I	5fdb5080f0bebe9595a7af63a87fe316	240845
N	*	50	*	*	*	*	*	1e2d1a8f03accd4907d668b183c2f9f0	*
L	136084	250	*	*	*	*	*	2860834	*
H	136084	50	100.0	+	0	0	50M200I	5370f673232483505b6bd7cc56d92885	2860834
L	153859	250	*	*	*	*	*	851812	*
H	153859	50	100.0	+	0	0	50M200I	fc0e6c3e5e859553cebda3dcc4b115a2	851812
L	16389	250	*	*	*	*	*	628385	*
H	16389	50	100.0	+	0	0	50M200I	1e5640b340cb44ae36ed936dd21c3f7d	628385
L	15001	250	*	*	*	*	*	677908	*
H	15001	50	100.0	+	0	0	50M200I	9d2c271ccf9859285c09d4ef44da7dbb	677908
L	62902	250	*	*	*	*	*	277875	*
H	62902	50	100.0	+	0	0	50M200I	55ba60dfa9bdfcc8df49f0702ab72249	277875
L	170227	250	*	*	*	*	*	4343138	*
H	170227	50	100.0	+	0	0	50M200I	faf314b8f8d0a3794607aff054abb7f5	4343138
N	*	50	*	*	*	*	*	7752ac502c19539772ced36b4bc62f60	*
L	93029	250	*	*	*	*	*	155628	*
H	93029	50	100.0	+	0	0	50M200I	647dc5365984cef806e991adfb66ab44	155628
L	126795	250	*	*	*	*	*	2317260	*
H	126795	50	100.0	+	0	0	50M200I	dcbd5871b1651983690b99f16fc67118	2317260
L	64407	250	*	*	*	*	*	273055	*
H	64407	50	100.0	+	0	0	50M200I	0651768258c5cafcf4dc9a9866f786de	273055
L	103466	250	*	*	*	*	*	99603	*
H	103466	50	100.0	+	0	0	50M200I	e902e0253f0011c5db59127da771d835	99603
L	195789	250	*	*	*	*	*	4473277	*
H	195789	50	100.0	+	0	0	50M200I	b9a73d0d980a706e497817a287e6ae83	4473277
L	42420	250	*	*	*	*	*	365385	*
H	42420	50	100.0	+	0	0	50M200I	98a497083edd0ba2f7f23b83e3b2a7da	365385
L	134428	250	*	*	*	*	*	610745	*
H	134428	50	100.0	+	0	0	50M200I	3b056c53b119aa1c5d97c6d7c37ac461	610745
L	155566	250	*	*	*	*	*	4021894	*
H	155566	50	100.0	+	0	0	50M200I	fd953dfa45005c2351ca7e418b7b1210	4021894
L	186384	250	*	*	*	*	*	4425558	*
H	186384	50	100.0	+	0	0	50M200I	a212b558e5bc499d44e46aeff1d347ff	4425558
L	113245	250	*	*	*	*	*	1140324	*
H	113245	50	100.0	+	0	0	50M200I	251b588c9358a42ea6e6c83dde425376	1140324
L	200815	250	*	*	*	*	*	1632397	*
H	200815	50	100.0	+	0	0	50M200I	9eb6ee8738f28e37e328ff49b924687f	1632397
D	5226	2	*	*	*	*	100.0	946708	*
D	12993	2	*	*	*	*	100.0	751255	*
D	15001	2	*	*	*	*	100.0	677908	*
D	16389	2	*	*	*	*	100.0	628385	*
D	22972	2	*	*	*	*	100.0	572307	*
D	27713	2	*	*	*	*	100.0	552512	*
D	30597	2	*	*	*	*	100.0	540579	*
D	34152	2	*	*	*	*	100.0	525735	*
D	35882	2	*	*	*	*	100.0	518263	*
D	36680	2	*	*	*	*	100.0	514746	*
D	37484	2	*	*	*	*	100.0	511906	*
D	38654	2	*	*	*	*	100.0	495070	*
D	42091	2	*	*	*	*	100.0	367084	*
D	42420	2	*	*	*	*	100.0	365385	*
D	45845	2	*	*	*	*	100.0	349481	*
D	49987	2	*	*	*	*	100.0	332764	*
D	50048	2	*	*	*	*	100.0	332500	*
D	50378	2	*	*	*	*	100.0	331143	*
D	54454	2	*	*	*	*	100.0	314338	*
D	55718	2	*	*	*	*	100.0	309276	*
D	56244	2	*	*	*	*	100.0	307086	*
D	57607	2	*	*	*	*	100.0	301563	*
D	62902	2	*	*	*	*	100.0	277875	*
D	64407	2	*	*	*	*	100.0	273055	*
D	70111	2	*	*	*	*	100.0	252578	*
D	71052	2	*	*	*	*	100.0	248805	*
D	73006	2	*	*	*	*	100.0	240845	*
D	76086	2	*	*	*	*	100.0	225058	*
D	85517	2	*	*	*	*	100.0	184899	*
D	87187	2	*	*	*	*	100.0	179688	*
D	90109	2	*	*	*	*	100.0	168716	*
D	93029	2	*	*	*	*	100.0	155628	*
D	96719	2	*	*	*	*	100.0	141267	*
D	101940	2	*	*	*	*	100.0	105538	*
D	103466	2	*	*	*	*	100.0	99603	*
D	103671	2	*	*	*	*	100.0	98675	*
D	106270	2	*	*	*	*	100.0	69671	*
D	107758	2	*	*	*	*	100.0	45363	*
D	112505	2	*	*	*	*	100.0	1736	*
D	113245	2	*	*	*	*	100.0	1140324	*
D	113581	2	*	*	*	*	100.0	822844	*
D	118350	2	*	*	*	*	100.0	1111760	*
D	119647	2	*	*	*	*	100.0	1906483	*
D	120469	2	*	*	*	*	100.0	702015	*
D	122659	2	*	*	*	*	100.0	2080339	*
D	126277	2	*	*	*	*	100.0	1110581	*
D	126795	2	*	*	*	*	100.0	2317260	*
D	127732	2	*	*	*	*	100.0	2370847	*
D	131130	2	*	*	*	*	100.0	2579232	*
D	134428	2	*	*	*	*	100.0	610745	*
D	135283	2	*	*	*	*	100.0	817488	*
D	136084	2	*	*	*	*	100.0	2860834	*
D	138050	2	*	*	*	*	100.0	1105362	*
D	138860	2	*	*	*	*	100.0	3021839	*
D	144792	2	*	*	*	*	100.0	823297	*
D	145441	2	*	*	*	*	100.0	3415982	*
D	149887	2	*	*	*	*	100.0	811358	*
D	153299	2	*	*	*	*	100.0	3890144	*
D	153859	2	*	*	*	*	100.0	851812	*
D	155252	2	*	*	*	*	100.0	701620	*
D	155566	2	*	*	*	*	100.0	4021894	*
D	157756	2	*	*	*	*	100.0	811318	*
D	161191	2	*	*	*	*	100.0	4299150	*
D	162762	2	*	*	*	*	100.0	4306683	*
D	167532	2	*	*	*	*	100.0	4329610	*
D	168091	2	*	*	*	*	100.0	4332462	*
D	170227	2	*	*	*	*	100.0	4343138	*
D	181857	2	*	*	*	*	100.0	4403009	*
D	183535	2	*	*	*	*	100.0	4411670	*
D	186384	2	*	*	*	*	100.0	4425558	*
D	188669	2	*	*	*	*	100.0	4437179	*
D	188947	2	*	*	*	*	100.0	4438545	*
D	190908	2	*	*	*	*	100.0	4448516	*
D	191590	2	*	*	*	*	100.0	4452210	*
D	192828	2	*	*	*	*	100.0	4458304	*
D	194728	2	*	*	*	*	100.0	4467951	*
D	195789	2	*	*	*	*	100.0	4473277	*
D	200815	2	*	*	*	*	100.0	1632397	*
D	201432	2	*	*	*	*	100.0	2776654	*
D	201855	2	*	*	*	*	100.0	3684831	*
D	202398	2	*	*	*	*	100.0	4362617	*
