UclustConsensusTaxonAssigner parameters:
id_to_taxonomy_filepath:/Users/nbokulich/Desktop/projects/short-read-tax-assignment/data/simulated-community/B1-REF-iter1/ref_taxa.tsv
id_to_taxonomy_fp:/Users/nbokulich/Desktop/projects/short-read-tax-assignment/data/simulated-community/B1-REF-iter1/ref_taxa.tsv
max_accepts:3
min_consensus_fraction:0.51
reference_sequences_fp:/Users/nbokulich/Desktop/projects/short-read-tax-assignment/data/simulated-community/B1-REF-iter1/ref_seqs.fasta
similarity:0.9
unassignable_label:Unassigned
Result path: /var/folders/0t/l1dz88p50y91vx_22fx5w3780000gn/T/assign-taxwXDYSf

.uc file contents:

# uclust --input /Users/nbokulich/Desktop/projects/short-read-tax-assignment/data/simulated-community/B1-REF-iter1/query.fasta --id 0.9 --rev --maxaccepts 3 --allhits --libonly --lib /Users/nbokulich/Desktop/projects/short-read-tax-assignment/data/simulated-community/B1-REF-iter1/ref_seqs.fasta --uc /var/folders/0t/l1dz88p50y91vx_22fx5w3780000gn/T/UclustConsensusTaxonAssigner_MoLFh9.uc
# version=1.2.22
# Tab-separated fields:
# 1=Type, 2=ClusterNr, 3=SeqLength or ClusterSize, 4=PctId, 5=Strand, 6=QueryStart, 7=SeedStart, 8=Alignment, 9=QueryLabel, 10=TargetLabel
# Record types (field 1): L=LibSeed, S=NewSeed, H=Hit, R=Reject, D=LibCluster, C=NewCluster, N=NoHit
# For C and D types, PctId is average id with seed.
# QueryStart and SeedStart are zero-based relative to start of sequence.
# If minus strand, SeedStart is relative to reverse-complemented seed.
L	18619	250	*	*	*	*	*	4422718	*
H	18619	250	99.2	+	0	0	104MD145MI	1088241	4422718
L	3984	250	*	*	*	*	*	402730	*
H	3984	250	98.8	+	0	0	92MD20MI137M	1088241	402730
L	16723	250	*	*	*	*	*	4329655	*
H	16723	250	98.8	+	0	0	104MD145MI	1088241	4329655
L	3702	250	*	*	*	*	*	508844	*
H	3702	250	100.0	+	0	0	250M	1063320	508844
L	2535	250	*	*	*	*	*	552832	*
H	2535	250	100.0	+	0	0	250M	1063320	552832
L	6416	250	*	*	*	*	*	256685	*
H	6416	250	100.0	+	0	0	250M	1063320	256685
L	9803	250	*	*	*	*	*	73433	*
H	9803	250	98.4	+	0	0	250M	1015017	73433
L	950	250	*	*	*	*	*	896004	*
H	950	250	98.0	+	0	0	78MI171MD	957557	896004
L	3844	250	*	*	*	*	*	444228	*
H	3844	250	98.0	+	0	0	78MI171MD	957557	444228
L	3832	250	*	*	*	*	*	448537	*
H	3832	250	97.2	+	0	0	78MI171MD	957557	448537
L	10131	250	*	*	*	*	*	33892	*
H	10131	250	99.6	+	0	0	250M	955678	33892
L	13081	250	*	*	*	*	*	2655364	*
H	13081	250	99.6	+	0	0	250M	955678	2655364
L	4044	250	*	*	*	*	*	384573	*
H	4044	250	99.2	+	0	0	250M	955678	384573
L	8190	250	*	*	*	*	*	171577	*
H	8190	250	95.6	+	0	0	250M	908900	171577
L	7833	250	*	*	*	*	*	181589	*
H	7833	250	95.6	+	0	0	250M	908900	181589
L	13131	250	*	*	*	*	*	822953	*
H	13131	250	95.2	+	0	0	250M	908900	822953
L	13334	250	*	*	*	*	*	1083876	*
H	13334	250	94.4	+	0	0	72MI33MI54MD89MD	907419	1083876
L	415	250	*	*	*	*	*	1025462	*
H	415	250	94.4	+	0	0	72MI33MI54MD89MD	907419	1025462
L	11634	250	*	*	*	*	*	1036883	*
H	11634	250	94.4	+	0	0	72MI19MI13MI55MD88M2D	907419	1036883
L	10903	250	*	*	*	*	*	3949	*
H	10903	250	100.0	+	0	0	250M	851936	3949
L	10904	250	*	*	*	*	*	3928	*
H	10904	250	98.8	+	0	0	250M	851936	3928
L	7045	250	*	*	*	*	*	205772	*
H	7045	250	99.2	+	0	0	2I42MD64MD142M	824571	205772
L	8903	250	*	*	*	*	*	141282	*
H	8903	250	99.2	+	0	0	2I42MD64MD142M	824571	141282
L	7292	250	*	*	*	*	*	194462	*
H	7292	250	99.2	+	0	0	2I42MD64MD142M	824571	194462
L	15488	250	*	*	*	*	*	4055164	*
H	15488	250	99.2	+	0	0	250M	822102	4055164
L	18317	250	*	*	*	*	*	4407376	*
H	18317	250	100.0	+	0	0	250M	815448	4407376
L	10846	250	*	*	*	*	*	5583	*
H	10846	250	100.0	+	0	0	250M	815448	5583
L	9268	250	*	*	*	*	*	109696	*
H	9268	250	100.0	+	0	0	250M	815448	109696
L	6135	250	*	*	*	*	*	268664	*
H	6135	250	98.0	+	0	0	14MI21MI39MI20MI152M4D	814889	268664
L	5426	250	*	*	*	*	*	304067	*
H	5426	250	98.0	+	0	0	14MI21MI39MI20MI152M4D	814889	304067
L	18051	250	*	*	*	*	*	4392742	*
H	18051	250	98.0	+	0	0	14MI21MI39MI20MI152M4D	814889	4392742
L	6081	250	*	*	*	*	*	271158	*
H	6081	250	99.6	+	0	0	250M	814142	271158
L	2121	250	*	*	*	*	*	576085	*
H	2121	250	99.6	+	0	0	250M	814142	576085
L	18113	250	*	*	*	*	*	4396154	*
H	18113	250	99.6	+	0	0	250M	814142	4396154
L	12220	250	*	*	*	*	*	2174317	*
H	12220	250	100.0	+	0	0	250M	812450	2174317
L	9065	250	*	*	*	*	*	133194	*
H	9065	250	100.0	+	0	0	250M	812450	133194
L	11957	250	*	*	*	*	*	849295	*
H	11957	250	100.0	+	0	0	250M	812450	849295
L	5966	250	*	*	*	*	*	276367	*
H	5966	250	96.8	+	0	0	200MI12MI36M2D	780288	276367
L	8441	250	*	*	*	*	*	161447	*
H	8441	250	96.8	+	0	0	250M	780288	161447
L	12535	250	*	*	*	*	*	2345009	*
H	12535	250	96.8	+	0	0	250M	780288	2345009
L	15061	250	*	*	*	*	*	725444	*
H	15061	250	100.0	+	0	0	250M	757185	725444
L	11611	250	*	*	*	*	*	1125844	*
H	11611	250	97.2	+	0	0	250M	757185	1125844
L	2359	250	*	*	*	*	*	562500	*
H	2359	250	97.2	+	0	0	250M	757185	562500
L	18870	250	*	*	*	*	*	4434453	*
H	18870	250	98.8	+	0	0	42MI207MD	749486	4434453
L	8812	250	*	*	*	*	*	144246	*
H	8812	250	99.2	+	0	0	250M	749486	144246
L	9802	250	*	*	*	*	*	73484	*
H	9802	250	99.2	+	0	0	250M	749486	73484
L	11768	250	*	*	*	*	*	681590	*
H	11768	250	100.0	+	0	0	250M	744874	681590
L	13279	250	*	*	*	*	*	7982	*
H	13279	250	99.6	+	0	0	250M	744874	7982
L	19910	250	*	*	*	*	*	4482363	*
H	19910	250	97.6	+	0	0	138MI111MD	744874	4482363
L	10470	250	*	*	*	*	*	12845	*
H	10470	250	99.6	+	0	0	250M	740898	12845
L	13585	250	*	*	*	*	*	1131781	*
H	13585	250	99.6	+	0	0	250M	740898	1131781
L	1966	250	*	*	*	*	*	583706	*
H	1966	250	99.6	+	0	0	250M	740898	583706
L	11763	250	*	*	*	*	*	1138081	*
H	11763	250	98.4	+	0	0	250M	734243	1138081
L	8249	250	*	*	*	*	*	168713	*
H	8249	250	96.4	+	0	0	250M	734243	168713
L	2685	250	*	*	*	*	*	543731	*
H	2685	250	95.6	+	0	0	250M	734243	543731
L	13245	250	*	*	*	*	*	1125994	*
H	13245	250	100.0	+	0	0	250M	723677	1125994
L	5082	250	*	*	*	*	*	325282	*
H	5082	250	100.0	+	0	0	250M	723677	325282
L	1404	250	*	*	*	*	*	792531	*
H	1404	250	98.8	+	0	0	250M	723677	792531
L	3736	250	*	*	*	*	*	484444	*
H	3736	250	98.8	+	0	0	2I248M2D	723344	484444
L	2031	250	*	*	*	*	*	580392	*
H	2031	250	98.0	+	0	0	2I149MI98M3D	723344	580392
L	9316	250	*	*	*	*	*	107854	*
H	9316	250	94.8	+	0	0	2I248M2D	723344	107854
L	9932	250	*	*	*	*	*	59955	*
H	9932	250	100.0	+	0	0	250M	696991	59955
L	9899	250	*	*	*	*	*	63973	*
H	9899	250	100.0	+	0	0	250M	696991	63973
L	15631	250	*	*	*	*	*	4135525	*
H	15631	250	100.0	+	0	0	250M	696991	4135525
L	18237	250	*	*	*	*	*	4403441	*
H	18237	250	99.6	+	0	0	250M	694777	4403441
L	8403	250	*	*	*	*	*	163171	*
H	8403	250	99.2	+	0	0	250M	694777	163171
L	15323	250	*	*	*	*	*	731856	*
H	15323	250	98.4	+	0	0	250M	694777	731856
L	2711	250	*	*	*	*	*	542079	*
H	2711	250	100.0	+	0	0	250M	684187	542079
L	10668	250	*	*	*	*	*	9468	*
H	10668	250	98.0	+	0	0	250M	684187	9468
L	1462	250	*	*	*	*	*	764650	*
H	1462	250	99.2	+	0	0	250M	684187	764650
L	1303	250	*	*	*	*	*	818045	*
H	1303	250	100.0	+	0	0	250M	682208	818045
L	13392	250	*	*	*	*	*	768483	*
H	13392	250	100.0	+	0	0	250M	682208	768483
L	11438	250	*	*	*	*	*	1105677	*
H	11438	250	100.0	+	0	0	250M	682208	1105677
L	8546	250	*	*	*	*	*	157671	*
H	8546	250	99.6	+	0	0	250M	652681	157671
L	11905	250	*	*	*	*	*	1117497	*
H	11905	250	99.6	+	0	0	250M	652681	1117497
L	5963	250	*	*	*	*	*	276605	*
H	5963	250	99.6	+	0	0	250M	652681	276605
L	18757	250	*	*	*	*	*	4429102	*
H	18757	250	100.0	+	0	0	250M	610455	4429102
L	10994	250	*	*	*	*	*	1127290	*
H	10994	250	100.0	+	0	0	250M	610455	1127290
L	2556	250	*	*	*	*	*	551777	*
H	2556	250	100.0	+	0	0	250M	610455	551777
L	8462	250	*	*	*	*	*	160810	*
H	8462	250	97.2	+	0	0	250M	586902	160810
L	16713	250	*	*	*	*	*	4329120	*
H	16713	250	97.2	+	0	0	250M	586902	4329120
L	19803	250	*	*	*	*	*	4477624	*
H	19803	250	97.2	+	0	0	250M	586902	4477624
L	16811	250	*	*	*	*	*	4334116	*
H	16811	250	100.0	+	0	0	250M	579797	4334116
L	4990	250	*	*	*	*	*	330933	*
H	4990	250	100.0	+	0	0	250M	579797	330933
L	4950	250	*	*	*	*	*	333517	*
H	4950	250	100.0	+	0	0	250M	579797	333517
L	13391	250	*	*	*	*	*	1139117	*
H	13391	250	96.8	+	0	0	49MD200MI	579618	1139117
L	5998	250	*	*	*	*	*	274801	*
H	5998	250	96.8	+	0	0	49MD200MI	579618	274801
L	15477	250	*	*	*	*	*	4047452	*
H	15477	250	96.8	+	0	0	49MD200MI	579618	4047452
L	9881	250	*	*	*	*	*	67654	*
H	9881	250	100.0	+	0	0	250M	579101	67654
L	8458	250	*	*	*	*	*	160903	*
H	8458	250	96.4	+	0	0	250M	579101	160903
L	1767	250	*	*	*	*	*	605582	*
H	1767	250	94.8	+	0	0	250M	579101	605582
L	1214	250	*	*	*	*	*	835880	*
H	1214	250	98.0	+	0	0	250M	576678	835880
L	19868	250	*	*	*	*	*	4480725	*
H	19868	250	96.8	+	0	0	250M	576678	4480725
L	5874	250	*	*	*	*	*	284672	*
H	5874	250	96.8	+	0	0	250M	576678	284672
L	11040	250	*	*	*	*	*	1128654	*
H	11040	250	100.0	+	0	0	250M	568332	1128654
L	13296	250	*	*	*	*	*	1131547	*
H	13296	250	100.0	+	0	0	250M	568332	1131547
L	16169	250	*	*	*	*	*	4305519	*
H	16169	250	100.0	+	0	0	250M	568332	4305519
L	10848	250	*	*	*	*	*	5518	*
H	10848	250	100.0	+	0	0	250M	568154	5518
L	8730	250	*	*	*	*	*	148528	*
H	8730	250	96.8	+	0	0	250M	568154	148528
L	18485	250	*	*	*	*	*	4415058	*
H	18485	250	96.8	+	0	0	250M	568154	4415058
L	2184	250	*	*	*	*	*	571908	*
H	2184	250	100.0	+	0	0	250M	567867	571908
L	13662	250	*	*	*	*	*	806451	*
H	13662	250	96.8	+	0	0	250M	567867	806451
L	15891	250	*	*	*	*	*	4282872	*
H	15891	250	97.6	+	0	0	134MI115MD	567867	4282872
L	2826	250	*	*	*	*	*	534562	*
H	2826	250	97.6	+	0	0	250M	567510	534562
L	10395	250	*	*	*	*	*	14292	*
H	10395	250	97.2	+	0	0	250M	567510	14292
L	6909	250	*	*	*	*	*	219578	*
H	6909	250	96.0	+	0	0	250M	567510	219578
L	14219	250	*	*	*	*	*	3333609	*
H	14219	250	99.2	+	0	0	234MI15MD	567491	3333609
L	2019	250	*	*	*	*	*	581398	*
H	2019	250	98.8	+	0	0	216MI18MI14M2D	567491	581398
L	8629	250	*	*	*	*	*	153267	*
H	8629	250	98.4	+	0	0	234MI15MD	567491	153267
L	6316	250	*	*	*	*	*	261023	*
H	6316	250	100.0	+	0	0	250M	566588	261023
L	14409	250	*	*	*	*	*	1134509	*
H	14409	250	100.0	+	0	0	250M	566588	1134509
L	10804	250	*	*	*	*	*	7043	*
H	10804	250	100.0	+	0	0	250M	566588	7043
L	9545	250	*	*	*	*	*	99527	*
H	9545	250	97.6	+	0	0	250M	565706	99527
L	11721	250	*	*	*	*	*	1138883	*
H	11721	250	93.2	+	0	0	131MI118MD	565706	1138883
L	17977	250	*	*	*	*	*	4389142	*
H	17977	250	93.2	+	0	0	250M	565706	4389142
L	12754	250	*	*	*	*	*	667880	*
H	12754	250	100.0	+	0	0	250M	562759	667880
L	19346	250	*	*	*	*	*	4457728	*
H	19346	250	100.0	+	0	0	250M	562759	4457728
L	11635	250	*	*	*	*	*	1855583	*
H	11635	250	100.0	+	0	0	250M	562759	1855583
L	10111	250	*	*	*	*	*	37519	*
H	10111	250	98.8	+	0	0	250M	556570	37519
L	10370	250	*	*	*	*	*	14508	*
H	10370	250	98.0	+	0	0	250M	556570	14508
L	7485	250	*	*	*	*	*	189772	*
H	7485	250	95.6	+	0	0	250M	556570	189772
L	8842	250	*	*	*	*	*	143401	*
H	8842	250	99.6	+	0	0	250M	553146	143401
L	18332	250	*	*	*	*	*	4408009	*
H	18332	250	99.6	+	0	0	250M	553146	4408009
L	1850	250	*	*	*	*	*	589864	*
H	1850	250	99.6	+	0	0	250M	553146	589864
L	10879	250	*	*	*	*	*	4469	*
H	10879	250	97.6	+	0	0	142MD107MI	549374	4469
L	18002	250	*	*	*	*	*	4390326	*
H	18002	250	93.6	+	0	0	142MD107MI	549374	4390326
L	6025	250	*	*	*	*	*	273647	*
H	6025	250	95.6	+	0	0	142MD107MI	549374	273647
L	19617	250	*	*	*	*	*	4469495	*
H	19617	250	100.0	+	0	0	250M	545968	4469495
L	11210	250	*	*	*	*	*	1639373	*
H	11210	250	100.0	+	0	0	250M	545968	1639373
L	6197	250	*	*	*	*	*	265983	*
H	6197	250	99.6	+	0	0	250M	545968	265983
L	10628	250	*	*	*	*	*	9946	*
H	10628	250	100.0	+	0	0	250M	534898	9946
L	14524	250	*	*	*	*	*	834086	*
H	14524	250	100.0	+	0	0	250M	534898	834086
L	2016	250	*	*	*	*	*	581568	*
H	2016	250	100.0	+	0	0	250M	534898	581568
L	14921	250	*	*	*	*	*	3719461	*
H	14921	250	99.6	+	0	0	250M	533516	3719461
L	13230	250	*	*	*	*	*	1130587	*
H	13230	250	98.8	+	0	0	250M	533516	1130587
L	14721	250	*	*	*	*	*	1084531	*
H	14721	250	98.8	+	0	0	250M	533516	1084531
L	2657	250	*	*	*	*	*	545850	*
H	2657	250	100.0	+	0	0	250M	532994	545850
L	2242	250	*	*	*	*	*	568943	*
H	2242	250	100.0	+	0	0	250M	532994	568943
L	15606	250	*	*	*	*	*	1105883	*
H	15606	250	100.0	+	0	0	250M	532994	1105883
L	10830	250	*	*	*	*	*	5796	*
H	10830	250	100.0	+	0	0	250M	532163	5796
L	6483	250	*	*	*	*	*	252206	*
H	6483	250	100.0	+	0	0	250M	532163	252206
L	11882	250	*	*	*	*	*	2000709	*
H	11882	250	99.2	+	0	0	250M	532163	2000709
L	6628	250	*	*	*	*	*	243071	*
H	6628	250	99.6	+	0	0	250M	529459	243071
L	14392	250	*	*	*	*	*	914314	*
H	14392	250	99.6	+	0	0	250M	529459	914314
L	3436	250	*	*	*	*	*	517531	*
H	3436	250	99.6	+	0	0	250M	529459	517531
L	2647	250	*	*	*	*	*	546946	*
H	2647	250	100.0	+	0	0	250M	529445	546946
L	11999	250	*	*	*	*	*	832316	*
H	11999	250	99.2	+	0	0	250M	529445	832316
L	18182	250	*	*	*	*	*	4400244	*
H	18182	250	97.2	+	0	0	250M	529445	4400244
L	4670	250	*	*	*	*	*	349339	*
H	4670	250	99.2	+	0	0	250M	524580	349339
L	5199	250	*	*	*	*	*	317249	*
H	5199	250	99.2	+	0	0	250M	524580	317249
L	3203	250	*	*	*	*	*	523589	*
H	3203	250	99.2	+	0	0	250M	524580	523589
L	15187	250	*	*	*	*	*	1121805	*
H	15187	250	100.0	+	0	0	250M	522968	1121805
L	16131	250	*	*	*	*	*	4304012	*
H	16131	250	99.2	+	0	0	250M	522968	4304012
L	9442	250	*	*	*	*	*	103433	*
H	9442	250	98.4	+	0	0	250M	522968	103433
H	13131	250	95.6	+	0	0	106MI45MI63MI23MI9M4D	518471	822953
L	16348	250	*	*	*	*	*	4312974	*
H	16348	250	95.6	+	0	0	106MI45MI63MI23MI9M4D	518471	4312974
L	16018	250	*	*	*	*	*	4298885	*
H	16018	250	95.6	+	0	0	106MI45MI63MI23MI9M4D	518471	4298885
L	17362	250	*	*	*	*	*	4360942	*
H	17362	250	99.6	+	0	0	250M	516319	4360942
L	2838	250	*	*	*	*	*	533624	*
H	2838	250	99.6	+	0	0	250M	516319	533624
L	4876	250	*	*	*	*	*	338705	*
H	4876	250	99.2	+	0	0	98MI151MD	516319	338705
L	6976	250	*	*	*	*	*	212534	*
H	6976	250	99.2	+	0	0	250M	492873	212534
L	12518	250	*	*	*	*	*	1058762	*
H	12518	250	98.4	+	0	0	250M	492873	1058762
L	13651	250	*	*	*	*	*	1072784	*
H	13651	250	97.6	+	0	0	250M	492873	1072784
L	5307	250	*	*	*	*	*	311173	*
H	5307	250	100.0	+	0	0	250M	470505	311173
L	3750	250	*	*	*	*	*	470487	*
H	3750	250	98.8	+	0	0	250M	470505	470487
L	14682	250	*	*	*	*	*	1145151	*
H	14682	250	98.4	+	0	0	250M	470505	1145151
L	13182	250	*	*	*	*	*	1025853	*
H	13182	250	98.0	+	0	0	I249MD	463449	1025853
L	9202	250	*	*	*	*	*	113265	*
H	9202	250	97.6	+	0	0	I249MD	463449	113265
L	3227	250	*	*	*	*	*	522984	*
H	3227	250	97.2	+	0	0	I249MD	463449	522984
L	3937	250	*	*	*	*	*	415455	*
H	3937	250	94.0	+	0	0	8M2D12MD24MD10M2D18MD14MD12M2D47MD94M11I	459129	415455
L	16314	250	*	*	*	*	*	4311218	*
H	16314	250	94.0	+	0	0	8M2D12MD24MD10M2D18MD14MD12M2D47MD94M11I	459129	4311218
L	5150	250	*	*	*	*	*	320941	*
H	5150	250	94.0	+	0	0	8M2D12MD24MD10M2D18MD14MD12M2D47MD94M11I	459129	320941
L	966	250	*	*	*	*	*	893253	*
H	966	250	99.2	+	0	0	250M	442251	893253
L	9032	250	*	*	*	*	*	136200	*
H	9032	250	99.2	+	0	0	250M	442251	136200
L	17014	250	*	*	*	*	*	4344241	*
H	17014	250	96.8	+	0	0	250M	442251	4344241
L	12788	250	*	*	*	*	*	1114327	*
H	12788	250	95.6	+	0	0	250M	438966	1114327
L	611	250	*	*	*	*	*	978100	*
H	611	250	95.6	+	0	0	250M	438966	978100
L	2388	250	*	*	*	*	*	561032	*
H	2388	250	95.6	+	0	0	250M	438966	561032
L	3888	250	*	*	*	*	*	430191	*
H	3888	250	97.2	+	0	0	87MI109MI12MI39M3D	416537	430191
L	11757	250	*	*	*	*	*	1922365	*
H	11757	250	95.2	+	0	0	250M	416537	1922365
L	10570	250	*	*	*	*	*	11226	*
H	10570	250	94.4	+	0	0	250M	416537	11226
L	6547	250	*	*	*	*	*	247720	*
H	6547	250	99.2	+	0	0	250M	412726	247720
L	4019	250	*	*	*	*	*	392028	*
H	4019	250	99.2	+	0	0	250M	412726	392028
L	816	250	*	*	*	*	*	926796	*
H	816	250	99.2	+	0	0	250M	412726	926796
L	5305	250	*	*	*	*	*	311287	*
H	5305	250	97.2	+	0	0	250M	404209	311287
L	13349	250	*	*	*	*	*	2825615	*
H	13349	250	97.2	+	0	0	250M	404209	2825615
L	19412	250	*	*	*	*	*	4460578	*
H	19412	250	97.2	+	0	0	250M	404209	4460578
L	10571	250	*	*	*	*	*	11197	*
H	10571	250	99.6	+	0	0	250M	386273	11197
H	3888	250	93.2	+	0	0	86MI110MI12MI39M3D	386273	430191
H	11757	250	90.8	+	0	0	250M	386273	1922365
L	1009	250	*	*	*	*	*	881955	*
H	1009	250	100.0	+	0	0	250M	367564	881955
L	1343	250	*	*	*	*	*	812427	*
H	1343	250	100.0	+	0	0	250M	367564	812427
L	9855	250	*	*	*	*	*	70512	*
H	9855	250	100.0	+	0	0	250M	367564	70512
L	13220	250	*	*	*	*	*	817122	*
H	13220	250	99.2	+	0	0	96MI153MD	365055	817122
L	12490	250	*	*	*	*	*	2321114	*
H	12490	250	99.6	+	0	0	250M	365055	2321114
L	9521	250	*	*	*	*	*	100650	*
H	9521	250	99.6	+	0	0	250M	365055	100650
L	13426	250	*	*	*	*	*	1138871	*
H	13426	250	96.4	+	0	0	29MD13MD140MD16MD9M2D18MD18M7I	363557	1138871
L	7145	250	*	*	*	*	*	198485	*
H	7145	250	96.4	+	0	0	29MD13MD140MD16MD9M2D18MD18M7I	363557	198485
L	13108	250	*	*	*	*	*	2674082	*
H	13108	250	96.4	+	0	0	29MD13MD140MD16MD9M2D18MD18M7I	363557	2674082
L	15253	250	*	*	*	*	*	3930737	*
H	15253	250	100.0	+	0	0	250M	361038	3930737
L	14022	250	*	*	*	*	*	781155	*
H	14022	250	100.0	+	0	0	250M	361038	781155
L	2618	250	*	*	*	*	*	548599	*
H	2618	250	99.2	+	0	0	250M	361038	548599
L	9132	250	*	*	*	*	*	124373	*
H	9132	250	100.0	+	0	0	250M	342971	124373
L	10881	250	*	*	*	*	*	4439	*
H	10881	250	98.8	+	0	0	250M	342971	4439
L	9705	250	*	*	*	*	*	82490	*
H	9705	250	99.6	+	0	0	250M	342971	82490
L	5088	250	*	*	*	*	*	324891	*
H	5088	250	99.6	+	0	0	250M	340525	324891
L	4805	250	*	*	*	*	*	342268	*
H	4805	250	99.2	+	0	0	250M	340525	342268
L	5225	250	*	*	*	*	*	315305	*
H	5225	250	98.4	+	0	0	250M	340525	315305
L	3641	250	*	*	*	*	*	511327	*
H	3641	250	99.2	+	0	0	250M	338757	511327
L	11730	250	*	*	*	*	*	1911770	*
H	11730	250	99.2	+	0	0	250M	338757	1911770
L	18824	250	*	*	*	*	*	4432270	*
H	18824	250	99.2	+	0	0	250M	338757	4432270
L	18946	250	*	*	*	*	*	4438221	*
H	18946	250	100.0	+	0	0	250M	330439	4438221
L	19579	250	*	*	*	*	*	4467905	*
H	19579	250	100.0	+	0	0	250M	330439	4467905
L	5545	250	*	*	*	*	*	299494	*
H	5545	250	100.0	+	0	0	250M	330439	299494
L	15854	250	*	*	*	*	*	4260083	*
H	15854	250	99.6	+	0	0	250M	328755	4260083
L	9643	250	*	*	*	*	*	89669	*
H	9643	250	99.6	+	0	0	250M	328755	89669
L	9059	250	*	*	*	*	*	133839	*
H	9059	250	99.6	+	0	0	250M	328755	133839
L	5161	250	*	*	*	*	*	320308	*
H	5161	250	100.0	+	0	0	250M	312133	320308
L	5233	250	*	*	*	*	*	314749	*
H	5233	250	100.0	+	0	0	250M	312133	314749
L	5301	250	*	*	*	*	*	311402	*
H	5301	250	100.0	+	0	0	250M	312133	311402
L	2513	250	*	*	*	*	*	554085	*
H	2513	250	100.0	+	0	0	250M	308034	554085
L	18832	250	*	*	*	*	*	4432638	*
H	18832	250	100.0	+	0	0	250M	308034	4432638
L	2053	250	*	*	*	*	*	579407	*
H	2053	250	100.0	+	0	0	250M	308034	579407
L	4793	250	*	*	*	*	*	342612	*
H	4793	250	100.0	+	0	0	250M	300043	342612
L	5433	250	*	*	*	*	*	303683	*
H	5433	250	100.0	+	0	0	250M	300043	303683
L	5011	250	*	*	*	*	*	329794	*
H	5011	250	100.0	+	0	0	250M	300043	329794
L	6379	250	*	*	*	*	*	258553	*
H	6379	250	98.0	+	0	0	250M	295454	258553
L	11019	250	*	*	*	*	*	1521670	*
H	11019	250	98.0	+	0	0	250M	295454	1521670
L	5271	250	*	*	*	*	*	312560	*
H	5271	250	100.0	+	0	0	250M	294595	312560
L	5784	250	*	*	*	*	*	289550	*
H	5784	250	100.0	+	0	0	250M	294595	289550
L	19717	250	*	*	*	*	*	4473883	*
H	19717	250	100.0	+	0	0	250M	294595	4473883
L	8712	250	*	*	*	*	*	149340	*
H	8712	250	92.0	+	0	0	31M4D15M7D193M11I	285219	149340
L	10250	250	*	*	*	*	*	19936	*
H	10250	250	94.8	+	0	0	31M4D7MD5M4D8M2D188M11I	285219	19936
L	13326	250	*	*	*	*	*	1007872	*
H	13326	250	92.0	+	0	0	31M4D15M7D193M11I	285219	1007872
L	5843	250	*	*	*	*	*	287301	*
H	5843	250	100.0	+	0	0	250M	283138	287301
L	13772	250	*	*	*	*	*	3081780	*
H	13772	250	99.6	+	0	0	250M	283138	3081780
L	12304	250	*	*	*	*	*	2225006	*
H	12304	250	99.6	+	0	0	250M	283138	2225006
L	1995	250	*	*	*	*	*	582429	*
H	1995	250	100.0	+	0	0	250M	277320	582429
L	2611	250	*	*	*	*	*	548952	*
H	2611	250	99.6	+	0	0	166MI83MD	277320	548952
L	15732	250	*	*	*	*	*	4194975	*
H	15732	250	98.8	+	0	0	250M	277320	4194975
L	12032	250	*	*	*	*	*	1127062	*
H	12032	250	98.4	+	0	0	250M	276921	1127062
L	13995	250	*	*	*	*	*	841400	*
H	13995	250	98.4	+	0	0	250M	276921	841400
L	12241	250	*	*	*	*	*	615094	*
H	12241	250	99.2	+	0	0	250M	276921	615094
L	6130	250	*	*	*	*	*	268868	*
H	6130	250	98.4	+	0	0	250M	268463	268868
L	18741	250	*	*	*	*	*	4428218	*
H	18741	250	98.0	+	0	0	250M	268463	4428218
L	7498	250	*	*	*	*	*	189350	*
H	7498	250	97.2	+	0	0	250M	268463	189350
L	19703	250	*	*	*	*	*	4473274	*
H	19703	250	94.0	+	0	0	202MI37MI9M2D	264465	4473274
L	19318	250	*	*	*	*	*	4456186	*
H	19318	250	94.0	+	0	0	202MI37MI9M2D	264465	4456186
L	10552	250	*	*	*	*	*	11819	*
H	10552	250	93.6	+	0	0	202MI37MI9M2D	264465	11819
L	6201	250	*	*	*	*	*	265806	*
H	6201	250	100.0	+	0	0	250M	264416	265806
L	6186	250	*	*	*	*	*	266689	*
H	6186	250	100.0	+	0	0	250M	264416	266689
L	6137	250	*	*	*	*	*	268628	*
H	6137	250	100.0	+	0	0	250M	264416	268628
L	12507	250	*	*	*	*	*	1119485	*
H	12507	250	99.6	+	0	0	250M	263449	1119485
L	13255	250	*	*	*	*	*	2760629	*
H	13255	250	99.6	+	0	0	250M	263449	2760629
L	1682	250	*	*	*	*	*	650021	*
H	1682	250	99.6	+	0	0	250M	263449	650021
L	6980	250	*	*	*	*	*	212383	*
H	6980	250	99.2	+	0	0	250M	261920	212383
L	15017	250	*	*	*	*	*	721199	*
H	15017	250	99.2	+	0	0	250M	261920	721199
L	13093	250	*	*	*	*	*	822557	*
H	13093	250	98.4	+	0	0	250M	261920	822557
L	19156	250	*	*	*	*	*	4448449	*
H	19156	250	100.0	+	0	0	250M	258745	4448449
L	9224	250	*	*	*	*	*	111689	*
H	9224	250	100.0	+	0	0	250M	258745	111689
L	6013	250	*	*	*	*	*	274158	*
H	6013	250	99.6	+	0	0	250M	258745	274158
L	6169	250	*	*	*	*	*	267323	*
H	6169	250	99.6	+	0	0	42MI207MD	257746	267323
L	1443	250	*	*	*	*	*	776180	*
H	1443	250	100.0	+	0	0	250M	257746	776180
L	12767	250	*	*	*	*	*	2481940	*
H	12767	250	100.0	+	0	0	250M	257746	2481940
L	18063	250	*	*	*	*	*	4393352	*
H	18063	250	99.6	+	0	0	250M	257615	4393352
L	15870	250	*	*	*	*	*	4270835	*
H	15870	250	99.2	+	0	0	250M	257615	4270835
L	13869	250	*	*	*	*	*	3141608	*
H	13869	250	98.4	+	0	0	250M	257615	3141608
L	6802	250	*	*	*	*	*	230897	*
H	6802	250	100.0	+	0	0	250M	257162	230897
L	6737	250	*	*	*	*	*	237265	*
H	6737	250	100.0	+	0	0	250M	257162	237265
L	2539	250	*	*	*	*	*	552592	*
H	2539	250	99.2	+	0	0	250M	257162	552592
L	18878	250	*	*	*	*	*	4434920	*
H	18878	250	98.0	+	0	0	250M	255639	4434920
L	17172	250	*	*	*	*	*	4352139	*
H	17172	250	97.6	+	0	0	250M	255639	4352139
L	7946	250	*	*	*	*	*	178521	*
H	7946	250	97.2	+	0	0	250M	255639	178521
L	11828	250	*	*	*	*	*	1966269	*
H	11828	250	98.8	+	0	0	229MD4MD15M2I	251397	1966269
L	13876	250	*	*	*	*	*	3146428	*
H	13876	250	98.8	+	0	0	229MD4MD15M2I	251397	3146428
L	16659	250	*	*	*	*	*	4326574	*
H	16659	250	98.8	+	0	0	229MD4MD15M2I	251397	4326574
L	16655	250	*	*	*	*	*	4326488	*
H	16655	250	100.0	+	0	0	250M	250201	4326488
L	6572	250	*	*	*	*	*	246692	*
H	6572	250	100.0	+	0	0	250M	250201	246692
L	11064	250	*	*	*	*	*	1546669	*
H	11064	250	100.0	+	0	0	250M	250201	1546669
L	17089	250	*	*	*	*	*	4348253	*
H	17089	250	100.0	+	0	0	250M	248847	4348253
L	16336	250	*	*	*	*	*	4312433	*
H	16336	250	100.0	+	0	0	250M	248847	4312433
L	6646	250	*	*	*	*	*	241638	*
H	6646	250	100.0	+	0	0	250M	248847	241638
L	9573	250	*	*	*	*	*	97778	*
H	9573	250	99.6	+	0	0	250M	248740	97778
L	6566	250	*	*	*	*	*	246912	*
H	6566	250	99.6	+	0	0	250M	248740	246912
L	3104	250	*	*	*	*	*	525967	*
H	3104	250	98.4	+	0	0	250M	248740	525967
L	8488	250	*	*	*	*	*	159712	*
H	8488	250	99.6	+	0	0	250M	244795	159712
L	8973	250	*	*	*	*	*	138840	*
H	8973	250	99.6	+	0	0	250M	244795	138840
L	4584	250	*	*	*	*	*	354303	*
H	4584	250	99.6	+	0	0	250M	244795	354303
L	10472	250	*	*	*	*	*	12841	*
H	10472	250	98.4	+	0	0	250M	242850	12841
L	10469	250	*	*	*	*	*	12850	*
H	10469	250	98.8	+	0	0	250M	242850	12850
L	11761	250	*	*	*	*	*	1925088	*
H	11761	250	98.4	+	0	0	250M	242850	1925088
L	10685	250	*	*	*	*	*	9134	*
H	10685	250	99.2	+	0	0	242M2D6M2I	241413	9134
L	10683	250	*	*	*	*	*	9138	*
H	10683	250	99.2	+	0	0	242M2D6M2I	241413	9138
L	10684	250	*	*	*	*	*	9137	*
H	10684	250	99.2	+	0	0	242M2D6M2I	241413	9137
L	19839	250	*	*	*	*	*	4479549	*
H	19839	250	99.6	+	0	0	250M	240253	4479549
L	18607	250	*	*	*	*	*	4422394	*
H	18607	250	99.2	+	0	0	250M	240253	4422394
L	10852	250	*	*	*	*	*	5441	*
H	10852	250	99.2	+	0	0	250M	240253	5441
L	12969	250	*	*	*	*	*	809850	*
H	12969	250	98.8	+	0	0	10MD239MI	239649	809850
L	19665	250	*	*	*	*	*	4472012	*
H	19665	250	95.6	+	0	0	10MD239MI	239649	4472012
L	19666	250	*	*	*	*	*	4472014	*
H	19666	250	94.4	+	0	0	10MD239MI	239649	4472014
L	13446	250	*	*	*	*	*	2874058	*
H	13446	250	99.2	+	0	0	250M	230491	2874058
L	12020	250	*	*	*	*	*	2083003	*
H	12020	250	98.8	+	0	0	250M	230491	2083003
L	11133	250	*	*	*	*	*	1122428	*
H	11133	250	92.0	+	0	0	250M	230491	1122428
L	7967	250	*	*	*	*	*	177990	*
H	7967	250	100.0	+	0	0	250M	230360	177990
L	7179	250	*	*	*	*	*	197576	*
H	7179	250	97.2	+	0	0	162MI17MI21M2I46M4D	230360	197576
L	13980	250	*	*	*	*	*	3196116	*
H	13980	250	96.8	+	0	0	250M	230360	3196116
L	12537	250	*	*	*	*	*	1114718	*
H	12537	250	99.2	+	0	0	250M	229434	1114718
L	1646	250	*	*	*	*	*	668105	*
H	1646	250	97.6	+	0	0	250M	229434	668105
L	6963	250	*	*	*	*	*	214827	*
H	6963	250	97.6	+	0	0	250M	229434	214827
L	15685	250	*	*	*	*	*	1127245	*
H	15685	250	100.0	+	0	0	250M	224252	1127245
L	15686	250	*	*	*	*	*	1134116	*
H	15686	250	99.2	+	0	0	250M	224252	1134116
L	2823	250	*	*	*	*	*	534871	*
H	2823	250	96.4	+	0	0	250M	224252	534871
L	18703	250	*	*	*	*	*	4426497	*
H	18703	250	100.0	+	0	0	250M	218910	4426497
L	16410	250	*	*	*	*	*	4316241	*
H	16410	250	100.0	+	0	0	250M	218910	4316241
L	1651	250	*	*	*	*	*	666223	*
H	1651	250	100.0	+	0	0	250M	218910	666223
L	9634	250	*	*	*	*	*	90431	*
H	9634	250	100.0	+	0	0	250M	205916	90431
L	12353	250	*	*	*	*	*	2250345	*
H	12353	250	100.0	+	0	0	250M	205916	2250345
L	9360	250	*	*	*	*	*	106574	*
H	9360	250	99.2	+	0	0	250M	205916	106574
L	11053	250	*	*	*	*	*	818379	*
H	11053	250	97.2	+	0	0	250M	202971	818379
L	5085	250	*	*	*	*	*	324969	*
H	5085	250	97.2	+	0	0	250M	202971	324969
L	8837	250	*	*	*	*	*	143540	*
H	8837	250	97.2	+	0	0	250M	202971	143540
L	11487	250	*	*	*	*	*	1002608	*
H	11487	250	98.8	+	0	0	54MI18MI27MI117M3D31M	199880	1002608
L	4678	250	*	*	*	*	*	348797	*
H	4678	250	98.8	+	0	0	54MI18MI27MI148M3D	199880	348797
L	2020	250	*	*	*	*	*	581361	*
H	2020	250	96.4	+	0	0	72MI26MI150M2D	199880	581361
L	9519	250	*	*	*	*	*	100727	*
H	9519	250	99.2	+	0	0	250M	186184	100727
L	6051	250	*	*	*	*	*	272813	*
H	6051	250	99.2	+	0	0	250M	186184	272813
L	6618	250	*	*	*	*	*	243715	*
H	6618	250	99.2	+	0	0	250M	186184	243715
L	7626	250	*	*	*	*	*	186275	*
H	7626	250	97.2	+	0	0	250M	177599	186275
L	18657	250	*	*	*	*	*	4424397	*
H	18657	250	97.2	+	0	0	250M	177599	4424397
L	7981	250	*	*	*	*	*	177620	*
H	7981	250	96.8	+	0	0	250M	177599	177620
L	8118	250	*	*	*	*	*	173945	*
H	8118	250	100.0	+	0	0	250M	175647	173945
L	8013	250	*	*	*	*	*	176722	*
H	8013	250	100.0	+	0	0	250M	175647	176722
L	7935	250	*	*	*	*	*	178873	*
H	7935	250	100.0	+	0	0	250M	175647	178873
L	14911	250	*	*	*	*	*	3714696	*
H	14911	250	98.8	+	0	0	36MD48MD145MD18M3I	174666	3714696
L	15476	250	*	*	*	*	*	4046692	*
H	15476	250	98.8	+	0	0	36MD48MD145MD18M3I	174666	4046692
H	1443	250	98.8	+	0	0	36MD48MD145MD18M3I	174666	776180
L	4194	250	*	*	*	*	*	367189	*
H	4194	250	98.4	+	0	0	250M	172207	367189
L	19136	250	*	*	*	*	*	4447141	*
H	19136	250	98.4	+	0	0	250M	172207	4447141
L	12356	250	*	*	*	*	*	1013895	*
H	12356	250	98.0	+	0	0	250M	172207	1013895
L	17445	250	*	*	*	*	*	4365042	*
H	17445	250	100.0	+	0	0	250M	166493	4365042
L	3604	250	*	*	*	*	*	512914	*
H	3604	250	100.0	+	0	0	250M	166493	512914
L	11678	250	*	*	*	*	*	1050805	*
H	11678	250	100.0	+	0	0	250M	166493	1050805
L	10726	250	*	*	*	*	*	8185	*
H	10726	250	100.0	+	0	0	250M	164443	8185
L	1933	250	*	*	*	*	*	585495	*
H	1933	250	99.6	+	0	0	250M	164443	585495
L	9584	250	*	*	*	*	*	95512	*
H	9584	250	99.2	+	0	0	250M	164443	95512
L	8324	250	*	*	*	*	*	165589	*
H	8324	250	100.0	+	0	0	250M	161828	165589
L	35	250	*	*	*	*	*	1107152	*
H	35	250	98.8	+	0	0	250M	161828	1107152
L	8597	250	*	*	*	*	*	154970	*
H	8597	250	97.6	+	0	0	250M	161828	154970
L	10518	250	*	*	*	*	*	12185	*
H	10518	250	98.0	+	0	0	250M	159978	12185
L	10520	250	*	*	*	*	*	12183	*
H	10520	250	97.6	+	0	0	250M	159978	12183
L	18405	250	*	*	*	*	*	4411814	*
H	18405	250	97.6	+	0	0	250M	159978	4411814
L	12294	250	*	*	*	*	*	758064	*
H	12294	250	99.2	+	0	0	250M	156705	758064
L	9427	250	*	*	*	*	*	104129	*
H	9427	250	99.2	+	0	0	250M	156705	104129
L	14752	250	*	*	*	*	*	3630893	*
H	14752	250	99.2	+	0	0	250M	156705	3630893
L	11572	250	*	*	*	*	*	1821516	*
H	11572	250	96.8	+	0	0	19MD6MD131M2I13MI78MD	155922	1821516
L	1891	250	*	*	*	*	*	587616	*
H	1891	250	96.8	+	0	0	19MD6MD131M2I13MI78MD	155922	587616
L	12881	250	*	*	*	*	*	2538802	*
H	12881	250	94.4	+	0	0	26MD131M2I13MI77M2D	155922	2538802
L	10375	250	*	*	*	*	*	14468	*
H	10375	250	99.6	+	0	0	250M	153061	14468
L	10376	250	*	*	*	*	*	14467	*
H	10376	250	99.2	+	0	0	250M	153061	14467
L	10374	250	*	*	*	*	*	14469	*
H	10374	250	99.2	+	0	0	250M	153061	14469
L	1491	250	*	*	*	*	*	747680	*
H	1491	250	99.2	+	0	0	118MD131MI	149022	747680
L	15281	250	*	*	*	*	*	3942007	*
H	15281	250	99.2	+	0	0	118MD131MI	149022	3942007
L	1342	250	*	*	*	*	*	812477	*
H	1342	250	98.8	+	0	0	118MD131MI	149022	812477
L	51	250	*	*	*	*	*	1104539	*
H	51	250	90.0	+	0	0	146M5I28MI20MI14MI11M2I21M10D	145761	1104539
L	15119	250	*	*	*	*	*	673640	*
H	15119	250	90.0	+	0	0	146M5I28MI20MI14MI11M2I21M10D	145761	673640
L	15078	250	*	*	*	*	*	1130913	*
H	15078	250	90.0	+	0	0	146M5I28MI20MI14MI11M2I21M10D	145761	1130913
L	12075	250	*	*	*	*	*	2105739	*
H	12075	250	100.0	+	0	0	250M	144720	2105739
L	6765	250	*	*	*	*	*	235385	*
H	6765	250	100.0	+	0	0	250M	144720	235385
L	15082	250	*	*	*	*	*	995416	*
H	15082	250	98.0	+	0	0	250M	144720	995416
L	9593	250	*	*	*	*	*	94046	*
H	9593	250	100.0	+	0	0	250M	144295	94046
L	8803	250	*	*	*	*	*	144558	*
H	8803	250	100.0	+	0	0	250M	144295	144558
L	15514	250	*	*	*	*	*	723538	*
H	15514	250	100.0	+	0	0	250M	144295	723538
L	8947	250	*	*	*	*	*	140415	*
H	8947	250	99.6	+	0	0	250M	144207	140415
L	8912	250	*	*	*	*	*	141175	*
H	8912	250	99.6	+	0	0	250M	144207	141175
L	8864	250	*	*	*	*	*	142624	*
H	8864	250	99.6	+	0	0	250M	144207	142624
L	1885	250	*	*	*	*	*	588030	*
H	1885	250	100.0	+	0	0	250M	140042	588030
L	12250	250	*	*	*	*	*	1141290	*
H	12250	250	99.6	+	0	0	250M	140042	1141290
L	12458	250	*	*	*	*	*	1128097	*
H	12458	250	99.6	+	0	0	250M	140042	1128097
L	10925	250	*	*	*	*	*	3095	*
H	10925	250	100.0	+	0	0	250M	139853	3095
L	17153	250	*	*	*	*	*	4351033	*
H	17153	250	100.0	+	0	0	250M	139853	4351033
L	2729	250	*	*	*	*	*	540733	*
H	2729	250	98.8	+	0	0	250M	139853	540733
L	8592	250	*	*	*	*	*	155276	*
H	8592	250	99.6	+	0	0	250M	137543	155276
L	15904	250	*	*	*	*	*	4292139	*
H	15904	250	100.0	+	0	0	250M	137543	4292139
L	14072	250	*	*	*	*	*	1113397	*
H	14072	250	100.0	+	0	0	250M	137543	1113397
L	12199	250	*	*	*	*	*	2168897	*
H	12199	250	99.6	+	0	0	14MD235MI	137025	2168897
L	9047	250	*	*	*	*	*	134689	*
H	9047	250	99.6	+	0	0	14MD235MI	137025	134689
L	9010	250	*	*	*	*	*	136980	*
H	9010	250	99.6	+	0	0	14MD235MI	137025	136980
L	11049	250	*	*	*	*	*	1140324	*
H	11049	250	100.0	+	0	0	250M	136338	1140324
L	18410	250	*	*	*	*	*	4412145	*
H	18410	250	90.8	+	0	0	250M	136338	4412145
L	18068	250	*	*	*	*	*	4393532	*
H	18068	250	90.8	+	0	0	250M	136338	4393532
L	9042	250	*	*	*	*	*	135960	*
H	9042	250	97.2	+	0	0	250M	136019	135960
L	9039	250	*	*	*	*	*	136091	*
H	9039	250	94.8	+	0	0	250M	136019	136091
L	9045	250	*	*	*	*	*	135411	*
H	9045	250	92.8	+	0	0	250M	136019	135411
L	13098	250	*	*	*	*	*	1115889	*
H	13098	250	100.0	+	0	0	250M	134259	1115889
L	11888	250	*	*	*	*	*	1137294	*
H	11888	250	100.0	+	0	0	250M	134259	1137294
L	9060	250	*	*	*	*	*	133795	*
H	9060	250	100.0	+	0	0	250M	134259	133795
L	19769	250	*	*	*	*	*	4476049	*
H	19769	250	96.8	+	0	0	250M	134032	4476049
L	2795	250	*	*	*	*	*	536754	*
H	2795	250	96.4	+	0	0	250M	134032	536754
L	4721	250	*	*	*	*	*	347044	*
H	4721	250	96.4	+	0	0	250M	134032	347044
L	14981	250	*	*	*	*	*	1142026	*
H	14981	250	99.2	+	0	0	250M	130529	1142026
L	9082	250	*	*	*	*	*	131883	*
H	9082	250	97.6	+	0	0	250M	130529	131883
L	9931	250	*	*	*	*	*	60017	*
H	9931	250	97.2	+	0	0	136MI113MD	130529	60017
L	9122	250	*	*	*	*	*	128210	*
H	9122	250	100.0	+	0	0	250M	128351	128210
L	9401	250	*	*	*	*	*	105372	*
H	9401	250	99.6	+	0	0	250M	128351	105372
L	17828	250	*	*	*	*	*	4382531	*
H	17828	250	96.0	+	0	0	250M	128093	4382531
L	8805	250	*	*	*	*	*	144473	*
H	8805	250	96.0	+	0	0	250M	128093	144473
L	9023	250	*	*	*	*	*	136551	*
H	9023	250	96.0	+	0	0	250M	128093	136551
L	10024	250	*	*	*	*	*	48640	*
H	10024	250	97.6	+	0	0	250M	110591	48640
L	15808	250	*	*	*	*	*	4242243	*
H	15808	250	98.0	+	0	0	250M	110591	4242243
L	19281	250	*	*	*	*	*	4454634	*
H	19281	250	96.4	+	0	0	250M	110591	4454634
L	9600	250	*	*	*	*	*	93553	*
H	9600	250	97.2	+	0	0	250M	109112	93553
L	9592	250	*	*	*	*	*	94130	*
H	9592	250	97.2	+	0	0	250M	109112	94130
L	9602	250	*	*	*	*	*	93356	*
H	9602	250	96.8	+	0	0	164MI85MD	109112	93356
L	9318	250	*	*	*	*	*	107795	*
H	9318	250	100.0	+	0	0	250M	107892	107795
L	10492	250	*	*	*	*	*	12519	*
H	10492	250	100.0	+	0	0	250M	107892	12519
L	10491	250	*	*	*	*	*	12520	*
H	10491	250	100.0	+	0	0	250M	107892	12520
L	8553	250	*	*	*	*	*	157497	*
H	8553	250	99.6	+	0	0	250M	107760	157497
L	16119	250	*	*	*	*	*	4303353	*
H	16119	250	99.6	+	0	0	250M	107760	4303353
L	9468	250	*	*	*	*	*	102566	*
H	9468	250	99.6	+	0	0	250M	107760	102566
L	14613	250	*	*	*	*	*	3557576	*
H	14613	250	99.2	+	0	0	250M	106578	3557576
L	9961	250	*	*	*	*	*	56680	*
H	9961	250	98.0	+	0	0	250M	106578	56680
L	10922	250	*	*	*	*	*	3232	*
H	10922	250	92.8	+	0	0	250M	106578	3232
L	19076	250	*	*	*	*	*	4444503	*
H	19076	250	94.0	+	0	0	167MI20MI18MI8M2I16M2I14M7D	102693	4444503
L	17986	250	*	*	*	*	*	4389424	*
H	17986	250	94.0	+	0	0	167MI20MI18MI8M2I16M2I14M7D	102693	4389424
L	11023	250	*	*	*	*	*	1523231	*
H	11023	250	94.0	+	0	0	167MI20MI18MI8M2I16M2I14M7D	102693	1523231
L	9478	250	*	*	*	*	*	102149	*
H	9478	250	100.0	+	0	0	250M	102001	102149
L	2001	250	*	*	*	*	*	582314	*
H	2001	250	100.0	+	0	0	250M	102001	582314
L	5201	250	*	*	*	*	*	317124	*
H	5201	250	97.6	+	0	0	250M	102001	317124
L	9396	250	*	*	*	*	*	105508	*
H	9396	250	98.4	+	0	0	250M	101068	105508
L	9516	250	*	*	*	*	*	100775	*
H	9516	250	97.2	+	0	0	250M	101068	100775
L	14792	250	*	*	*	*	*	3652470	*
H	14792	250	97.6	+	0	0	250M	101068	3652470
L	10210	250	*	*	*	*	*	25325	*
H	10210	250	100.0	+	0	0	250M	100530	25325
L	2337	250	*	*	*	*	*	563741	*
H	2337	250	100.0	+	0	0	250M	100530	563741
L	11101	250	*	*	*	*	*	1128670	*
H	11101	250	95.2	+	0	0	250M	100530	1128670
H	12767	250	99.6	+	0	0	115MD134MI	100484	2481940
L	2598	250	*	*	*	*	*	549707	*
H	2598	250	99.6	+	0	0	115MD134MI	100484	549707
H	6169	250	99.6	+	0	0	42MI73MD134M	100484	267323
L	18427	250	*	*	*	*	*	4413085	*
H	18427	250	99.2	+	0	0	250M	91890	4413085
L	10240	250	*	*	*	*	*	21214	*
H	10240	250	98.8	+	0	0	250M	91890	21214
L	19863	250	*	*	*	*	*	4480476	*
H	19863	250	98.8	+	0	0	250M	91890	4480476
L	10627	250	*	*	*	*	*	9961	*
H	10627	250	99.2	+	0	0	250M	91372	9961
L	10237	250	*	*	*	*	*	21535	*
H	10237	250	98.0	+	0	0	250M	91372	21535
L	16300	250	*	*	*	*	*	4310692	*
H	16300	250	94.4	+	0	0	250M	91372	4310692
L	9934	250	*	*	*	*	*	59721	*
H	9934	250	100.0	+	0	0	250M	90031	59721
L	6903	250	*	*	*	*	*	220173	*
H	6903	250	95.2	+	0	0	250M	90031	220173
L	7077	250	*	*	*	*	*	202391	*
H	7077	250	94.8	+	0	0	152MI97MD	90031	202391
L	15415	250	*	*	*	*	*	4020387	*
H	15415	250	98.4	+	0	0	250M	89356	4020387
L	6550	250	*	*	*	*	*	247626	*
H	6550	250	96.4	+	0	0	202M3D45M3I	89356	247626
L	10092	250	*	*	*	*	*	39395	*
H	10092	250	99.2	+	0	0	250M	87957	39395
L	2331	250	*	*	*	*	*	564081	*
H	2331	250	99.2	+	0	0	250M	87957	564081
L	4222	250	*	*	*	*	*	366366	*
H	4222	250	99.2	+	0	0	250M	87957	366366
L	8460	250	*	*	*	*	*	160873	*
H	8460	250	99.6	+	0	0	250M	87839	160873
L	15615	250	*	*	*	*	*	4127893	*
H	15615	250	99.6	+	0	0	250M	87839	4127893
L	6568	250	*	*	*	*	*	246846	*
H	6568	250	99.2	+	0	0	250M	87839	246846
L	1387	250	*	*	*	*	*	802727	*
H	1387	250	98.0	+	0	0	250M	87670	802727
L	13178	250	*	*	*	*	*	1121558	*
H	13178	250	93.6	+	0	0	72M2I139MI36M3D	87670	1121558
L	9102	250	*	*	*	*	*	130219	*
H	9102	250	96.4	+	0	0	250M	87670	130219
L	8383	250	*	*	*	*	*	163834	*
H	8383	250	99.6	+	0	0	250M	79015	163834
L	7414	250	*	*	*	*	*	191359	*
H	7414	250	99.6	+	0	0	126MI123MD	79015	191359
L	9272	250	*	*	*	*	*	109588	*
H	9272	250	99.6	+	0	0	250M	79015	109588
L	2178	250	*	*	*	*	*	572231	*
H	2178	250	100.0	+	0	0	250M	77501	572231
L	11765	250	*	*	*	*	*	1144734	*
H	11765	250	100.0	+	0	0	250M	77501	1144734
L	2411	250	*	*	*	*	*	559607	*
H	2411	250	100.0	+	0	0	250M	77501	559607
L	15189	250	*	*	*	*	*	1122655	*
H	15189	250	100.0	+	0	0	250M	76534	1122655
L	19426	250	*	*	*	*	*	4461398	*
H	19426	250	100.0	+	0	0	250M	76534	4461398
L	7961	250	*	*	*	*	*	178076	*
H	7961	250	100.0	+	0	0	250M	76534	178076
L	5639	250	*	*	*	*	*	295411	*
H	5639	250	100.0	+	0	0	250M	76200	295411
L	5621	250	*	*	*	*	*	296166	*
H	5621	250	100.0	+	0	0	250M	76200	296166
L	5406	250	*	*	*	*	*	304975	*
H	5406	250	99.6	+	0	0	250M	76200	304975
L	3911	250	*	*	*	*	*	422136	*
H	3911	250	99.2	+	0	0	250M	72112	422136
L	17423	250	*	*	*	*	*	4364049	*
H	17423	250	99.2	+	0	0	250M	72112	4364049
L	10954	250	*	*	*	*	*	2218	*
H	10954	250	99.2	+	0	0	250M	72112	2218
L	8974	250	*	*	*	*	*	138779	*
H	8974	250	100.0	+	0	0	250M	71703	138779
L	10309	250	*	*	*	*	*	15740	*
H	10309	250	99.6	+	0	0	250M	71703	15740
L	10308	250	*	*	*	*	*	15785	*
H	10308	250	98.8	+	0	0	250M	71703	15785
L	6757	250	*	*	*	*	*	235822	*
H	6757	250	100.0	+	0	0	250M	71348	235822
L	10771	250	*	*	*	*	*	7735	*
H	10771	250	98.0	+	0	0	168MD46MD34M2I	71348	7735
L	4901	250	*	*	*	*	*	336960	*
H	4901	250	99.6	+	0	0	250M	67615	336960
L	13868	250	*	*	*	*	*	805823	*
H	13868	250	98.4	+	0	0	250M	67341	805823
L	12203	250	*	*	*	*	*	2169746	*
H	12203	250	98.4	+	0	0	250M	67341	2169746
L	11354	250	*	*	*	*	*	1136234	*
H	11354	250	99.2	+	0	0	250M	67341	1136234
L	16897	250	*	*	*	*	*	4338024	*
H	16897	250	98.4	+	0	0	250M	65391	4338024
L	16222	250	*	*	*	*	*	4307587	*
H	16222	250	98.8	+	0	0	250M	65391	4307587
H	9468	250	98.8	+	0	0	250M	65391	102566
L	18291	250	*	*	*	*	*	4406407	*
H	18291	250	94.0	+	0	0	250M	58647	4406407
L	14176	250	*	*	*	*	*	1141031	*
H	14176	250	90.8	+	0	0	250M	58647	1141031
L	9946	250	*	*	*	*	*	58617	*
H	9946	250	92.0	+	0	0	250M	58647	58617
L	18334	250	*	*	*	*	*	4408093	*
H	18334	250	98.0	+	0	0	250M	56204	4408093
L	6433	250	*	*	*	*	*	255926	*
H	6433	250	98.0	+	0	0	250M	56204	255926
L	6731	250	*	*	*	*	*	237464	*
H	6731	250	98.0	+	0	0	250M	56204	237464
L	15384	250	*	*	*	*	*	4004505	*
H	15384	250	95.6	+	0	0	9MI56M2I40MI141M4D	54854	4004505
L	12511	250	*	*	*	*	*	2330332	*
H	12511	250	95.2	+	0	0	9MI56M2I40MI141M4D	54854	2330332
H	11721	250	93.2	+	0	0	9MI56M2I43MI22MI115M5D	54854	1138883
L	15224	250	*	*	*	*	*	627028	*
H	15224	250	99.6	+	0	0	250M	48977	627028
L	12344	250	*	*	*	*	*	684420	*
H	12344	250	99.6	+	0	0	250M	48977	684420
L	4633	250	*	*	*	*	*	351236	*
H	4633	250	99.6	+	0	0	250M	48977	351236
L	11345	250	*	*	*	*	*	822996	*
H	11345	250	98.4	+	0	0	129MD42MI78M	45894	822996
L	9336	250	*	*	*	*	*	107199	*
H	9336	250	98.4	+	0	0	129MD42MI78M	45894	107199
L	4660	250	*	*	*	*	*	349762	*
H	4660	250	98.4	+	0	0	129MD42MI78M	45894	349762
L	16137	250	*	*	*	*	*	4304334	*
H	16137	250	100.0	+	0	0	250M	42664	4304334
L	10051	250	*	*	*	*	*	43696	*
H	10051	250	99.6	+	0	0	250M	42664	43696
L	11454	250	*	*	*	*	*	648692	*
H	11454	250	99.2	+	0	0	250M	42664	648692
L	9910	250	*	*	*	*	*	63190	*
H	9910	250	99.2	+	0	0	250M	40466	63190
L	6468	250	*	*	*	*	*	253241	*
H	6468	250	97.6	+	0	0	250M	40466	253241
L	9837	250	*	*	*	*	*	71417	*
H	9837	250	93.2	+	0	0	250M	40466	71417
L	9053	250	*	*	*	*	*	134370	*
H	9053	250	99.6	+	0	0	10MD239MI	36120	134370
L	10705	250	*	*	*	*	*	8842	*
H	10705	250	99.6	+	0	0	10MD239MI	36120	8842
L	13132	250	*	*	*	*	*	807615	*
H	13132	250	99.2	+	0	0	10MD239MI	36120	807615
H	17089	250	100.0	+	0	0	250M	34014	4348253
H	16336	250	100.0	+	0	0	250M	34014	4312433
H	6646	250	100.0	+	0	0	250M	34014	241638
L	17548	250	*	*	*	*	*	4369464	*
H	17548	250	99.2	+	0	0	11MI156M2D81MI	29133	4369464
L	14714	250	*	*	*	*	*	826666	*
H	14714	250	99.2	+	0	0	10MI157M2D81MI	29133	826666
L	6928	250	*	*	*	*	*	218095	*
H	6928	250	99.2	+	0	0	10MI157M2D81MI	29133	218095
L	1577	250	*	*	*	*	*	701593	*
H	1577	250	100.0	+	0	0	250M	17434	701593
L	6776	250	*	*	*	*	*	234292	*
H	6776	250	100.0	+	0	0	250M	17434	234292
L	2168	250	*	*	*	*	*	573179	*
H	2168	250	100.0	+	0	0	250M	17434	573179
L	2155	250	*	*	*	*	*	574341	*
H	2155	250	99.2	+	0	0	250M	16144	574341
L	10110	250	*	*	*	*	*	37589	*
H	10110	250	97.2	+	0	0	250M	16144	37589
L	5782	250	*	*	*	*	*	289622	*
H	5782	250	97.2	+	0	0	250M	16144	289622
L	2036	250	*	*	*	*	*	580117	*
H	2036	250	94.4	+	0	0	10MD56MI112MD30MD39M2I	15878	580117
L	17766	250	*	*	*	*	*	4379449	*
H	17766	250	99.6	+	0	0	250M	15711	4379449
L	10043	250	*	*	*	*	*	45363	*
H	10043	250	99.2	+	0	0	250M	15711	45363
L	12056	250	*	*	*	*	*	851661	*
H	12056	250	98.8	+	0	0	250M	15711	851661
L	10312	250	*	*	*	*	*	15691	*
H	10312	250	99.6	+	0	0	250M	15692	15691
L	15425	250	*	*	*	*	*	605209	*
H	15425	250	97.6	+	0	0	250M	15692	605209
L	9302	250	*	*	*	*	*	108386	*
H	9302	250	98.0	+	0	0	250M	15692	108386
L	17846	250	*	*	*	*	*	4383472	*
H	17846	250	99.6	+	0	0	250M	14357	4383472
L	16605	250	*	*	*	*	*	4323865	*
H	16605	250	99.6	+	0	0	250M	14357	4323865
L	1947	250	*	*	*	*	*	584873	*
H	1947	250	99.2	+	0	0	250M	14357	584873
L	17459	250	*	*	*	*	*	4365803	*
H	17459	250	99.2	+	0	0	55MI175MI18M2D	14342	4365803
L	1871	250	*	*	*	*	*	588894	*
H	1871	250	97.2	+	0	0	55MI174MI19M2D	14342	588894
L	12622	250	*	*	*	*	*	2398623	*
H	12622	250	99.6	+	0	0	250M	14175	2398623
L	9929	250	*	*	*	*	*	60608	*
H	9929	250	94.0	+	0	0	250M	14175	60608
L	17520	250	*	*	*	*	*	4368045	*
H	17520	250	94.0	+	0	0	250M	14175	4368045
L	8865	250	*	*	*	*	*	142596	*
H	8865	250	98.8	+	0	0	250M	13728	142596
L	13936	250	*	*	*	*	*	1131768	*
H	13936	250	98.8	+	0	0	250M	13728	1131768
L	10435	250	*	*	*	*	*	13730	*
H	10435	250	97.2	+	0	0	250M	13728	13730
L	5555	250	*	*	*	*	*	299252	*
H	5555	250	99.6	+	0	0	250M	13568	299252
L	8331	250	*	*	*	*	*	165440	*
H	8331	250	95.6	+	0	0	250M	13568	165440
L	18911	250	*	*	*	*	*	4435984	*
H	18911	250	95.6	+	0	0	250M	13568	4435984
L	9246	250	*	*	*	*	*	110960	*
H	9246	250	100.0	+	0	0	250M	13485	110960
L	11211	250	*	*	*	*	*	999098	*
H	11211	250	100.0	+	0	0	250M	13485	999098
L	436	250	*	*	*	*	*	1019894	*
H	436	250	100.0	+	0	0	250M	13485	1019894
L	10438	250	*	*	*	*	*	13469	*
H	10438	250	99.6	+	0	0	250M	13467	13469
L	17031	250	*	*	*	*	*	4345055	*
H	17031	250	97.6	+	0	0	250M	13467	4345055
L	5541	250	*	*	*	*	*	299576	*
H	5541	250	97.2	+	0	0	250M	13467	299576
L	19229	250	*	*	*	*	*	4452511	*
H	19229	250	98.4	+	0	0	2I248M2D	12524	4452511
L	10488	250	*	*	*	*	*	12527	*
H	10488	250	99.2	+	0	0	250M	12524	12527
L	8978	250	*	*	*	*	*	138551	*
H	8978	250	98.4	+	0	0	2I248M2D	12524	138551
L	10029	250	*	*	*	*	*	47463	*
H	10029	250	98.8	+	0	0	250M	12320	47463
L	10500	250	*	*	*	*	*	12338	*
H	10500	250	98.8	+	0	0	250M	12320	12338
L	6616	250	*	*	*	*	*	243992	*
H	6616	250	98.8	+	0	0	250M	12320	243992
L	1590	250	*	*	*	*	*	697027	*
H	1590	250	99.6	+	0	0	250M	12136	697027
L	5296	250	*	*	*	*	*	311586	*
H	5296	250	98.4	+	0	0	250M	12136	311586
L	19181	250	*	*	*	*	*	4449665	*
H	19181	250	98.4	+	0	0	250M	12136	4449665
L	10525	250	*	*	*	*	*	12133	*
H	10525	250	100.0	+	0	0	250M	12134	12133
H	19181	250	99.6	+	0	0	250M	12134	4449665
H	5296	250	98.8	+	0	0	250M	12134	311586
L	12733	250	*	*	*	*	*	2465170	*
H	12733	250	99.6	+	0	0	250M	11439	2465170
L	10562	250	*	*	*	*	*	11440	*
H	10562	250	99.6	+	0	0	250M	11439	11440
L	2140	250	*	*	*	*	*	575032	*
H	2140	250	98.4	+	0	0	250M	11439	575032
L	6331	250	*	*	*	*	*	260570	*
H	6331	250	100.0	+	0	0	250M	10618	260570
L	10599	250	*	*	*	*	*	10632	*
H	10599	250	97.6	+	0	0	250M	10618	10632
L	11461	250	*	*	*	*	*	1773389	*
H	11461	250	97.2	+	0	0	250M	10618	1773389
L	10194	250	*	*	*	*	*	26629	*
H	10194	250	96.0	+	0	0	2I248M2D	10480	26629
L	9469	250	*	*	*	*	*	102495	*
H	9469	250	95.6	+	0	0	2I136MI111M3D	10480	102495
L	17234	250	*	*	*	*	*	4354843	*
H	17234	250	95.2	+	0	0	2I136MI111M3D	10480	4354843
L	8657	250	*	*	*	*	*	152051	*
H	8657	250	99.2	+	0	0	250M	10323	152051
L	10615	250	*	*	*	*	*	10309	*
H	10615	250	99.2	+	0	0	250M	10323	10309
L	16382	250	*	*	*	*	*	4314728	*
H	16382	250	99.2	+	0	0	250M	10323	4314728
L	16451	250	*	*	*	*	*	4317943	*
H	16451	250	98.8	+	0	0	250M	9755	4317943
L	13911	250	*	*	*	*	*	1133202	*
H	13911	250	98.8	+	0	0	250M	9755	1133202
L	9491	250	*	*	*	*	*	4364282	*
H	9491	250	98.8	+	0	0	250M	9755	4364282
L	2652	250	*	*	*	*	*	546546	*
H	2652	250	99.6	+	0	0	250M	9360	546546
L	11605	250	*	*	*	*	*	1124808	*
H	11605	250	99.6	+	0	0	250M	9360	1124808
H	13108	250	99.6	+	0	0	250M	9360	2674082
L	7407	250	*	*	*	*	*	191570	*
H	7407	250	94.8	+	0	0	250M	8014	191570
L	10741	250	*	*	*	*	*	8013	*
H	10741	250	92.8	+	0	0	132M2D116M2I	8014	8013
L	10742	250	*	*	*	*	*	8010	*
H	10742	250	96.4	+	0	0	139MD110MI	8014	8010
H	10742	250	94.4	+	0	0	250M	8012	8010
H	7407	250	96.0	+	0	0	139MI110MD	8012	191570
L	10755	250	*	*	*	*	*	7974	*
H	10755	250	95.2	+	0	0	250M	8012	7974
L	10750	250	*	*	*	*	*	7984	*
H	10750	250	94.4	+	0	0	154MD95MI	7983	7984
H	11768	250	92.4	+	0	0	250M	7983	681590
L	10751	250	*	*	*	*	*	7980	*
H	10751	250	94.4	+	0	0	250M	7983	7980
L	10792	250	*	*	*	*	*	7344	*
H	10792	250	100.0	+	0	0	250M	7346	7344
L	8955	250	*	*	*	*	*	4352580	*
H	8955	250	96.0	+	0	0	250M	7346	4352580
L	2294	250	*	*	*	*	*	566047	*
H	2294	250	96.4	+	0	0	250M	7346	566047
L	10802	250	*	*	*	*	*	7098	*
H	10802	250	99.2	+	0	0	250M	7052	7098
L	12571	250	*	*	*	*	*	1140286	*
H	12571	250	98.8	+	0	0	250M	7052	1140286
L	1520	250	*	*	*	*	*	731707	*
H	1520	250	98.8	+	0	0	250M	7052	731707
L	14920	250	*	*	*	*	*	1111998	*
H	14920	250	99.2	+	0	0	250M	6602	1111998
L	9873	250	*	*	*	*	*	69463	*
H	9873	250	99.2	+	0	0	250M	6602	69463
L	10810	250	*	*	*	*	*	6517	*
H	10810	250	98.8	+	0	0	250M	6602	6517
H	10810	250	98.0	+	0	0	250M	6503	6517
L	10163	250	*	*	*	*	*	29792	*
H	10163	250	96.4	+	0	0	250M	6503	29792
L	10809	250	*	*	*	*	*	6591	*
H	10809	250	97.2	+	0	0	250M	6503	6591
L	9255	250	*	*	*	*	*	110507	*
H	9255	250	100.0	+	0	0	250M	6367	110507
L	16147	250	*	*	*	*	*	4304774	*
H	16147	250	93.2	+	0	0	250M	6367	4304774
L	1566	250	*	*	*	*	*	706283	*
H	1566	250	91.6	+	0	0	250M	6367	706283
H	6963	250	99.6	+	0	0	250M	6279	214827
L	19850	250	*	*	*	*	*	4480060	*
H	19850	250	99.6	+	0	0	250M	6279	4480060
H	1646	250	99.6	+	0	0	250M	6279	668105
L	7331	250	*	*	*	*	*	193675	*
H	7331	250	100.0	+	0	0	250M	5217	193675
L	13112	250	*	*	*	*	*	2675752	*
H	13112	250	99.6	+	0	0	61MI188MD	5217	2675752
L	14191	250	*	*	*	*	*	1122049	*
H	14191	250	99.6	+	0	0	250M	5217	1122049
L	17561	250	*	*	*	*	*	4370215	*
H	17561	250	100.0	+	0	0	250M	4429	4370215
H	10881	250	98.4	+	0	0	250M	4429	4439
H	9705	250	98.4	+	0	0	250M	4429	82490
L	10900	250	*	*	*	*	*	4076	*
H	10900	250	98.8	+	0	0	250M	4043	4076
L	10897	250	*	*	*	*	*	4082	*
H	10897	250	98.8	+	0	0	250M	4043	4082
L	10894	250	*	*	*	*	*	4115	*
H	10894	250	94.0	+	0	0	250M	4043	4115
L	9090	250	*	*	*	*	*	131048	*
H	9090	250	100.0	+	0	0	250M	2695	131048
L	8824	250	*	*	*	*	*	143806	*
H	8824	250	100.0	+	0	0	250M	2695	143806
L	10929	250	*	*	*	*	*	2700	*
H	10929	250	99.2	+	0	0	250M	2695	2700
L	9734	250	*	*	*	*	*	80764	*
H	9734	250	90.8	+	0	0	250M	2403	80764
L	1622	250	*	*	*	*	*	681846	*
H	1622	250	90.0	+	0	0	250M	2403	681846
L	8338	250	*	*	*	*	*	165253	*
H	8338	250	90.4	+	0	0	250M	2403	165253
L	10763	250	*	*	*	*	*	7818	*
H	10763	250	100.0	+	0	0	250M	1531100	7818
L	6429	250	*	*	*	*	*	256155	*
H	6429	250	100.0	+	0	0	250M	1531100	256155
L	9640	250	*	*	*	*	*	89979	*
H	9640	250	100.0	+	0	0	250M	1531100	89979
L	2269	250	*	*	*	*	*	567505	*
H	2269	250	100.0	+	0	0	250M	1114941	567505
L	11043	250	*	*	*	*	*	1119481	*
H	11043	250	100.0	+	0	0	250M	1114941	1119481
L	10406	250	*	*	*	*	*	13973	*
H	10406	250	100.0	+	0	0	250M	1114941	13973
L	2732	250	*	*	*	*	*	540611	*
H	2732	250	100.0	+	0	0	250M	1550344	540611
L	16716	250	*	*	*	*	*	4329220	*
H	16716	250	100.0	+	0	0	250M	1550344	4329220
L	11247	250	*	*	*	*	*	1118690	*
H	11247	250	100.0	+	0	0	250M	1550344	1118690
L	11452	250	*	*	*	*	*	1769720	*
H	11452	250	99.6	+	0	0	163MD86MI	751671	1769720
L	11342	250	*	*	*	*	*	1068893	*
H	11342	250	99.6	+	0	0	163MD86MI	751671	1068893
L	12400	250	*	*	*	*	*	1075454	*
H	12400	250	99.6	+	0	0	163MD86MI	751671	1075454
L	18638	250	*	*	*	*	*	4423600	*
H	18638	250	95.6	+	0	0	6D37M2I26MI181M3I	1106472	4423600
L	2641	250	*	*	*	*	*	547252	*
H	2641	250	96.4	+	0	0	43M2I26MI178M3D	1106472	547252
L	10339	250	*	*	*	*	*	15025	*
H	10339	250	96.4	+	0	0	43M2I26MI178M3D	1106472	15025
L	8894	250	*	*	*	*	*	141505	*
H	8894	250	95.2	+	0	0	87MD162MI	1679577	141505
L	9750	250	*	*	*	*	*	77778	*
H	9750	250	92.0	+	0	0	87MD162MI	1679577	77778
L	10896	250	*	*	*	*	*	4086	*
H	10896	250	92.0	+	0	0	87MD162MI	1679577	4086
L	15110	250	*	*	*	*	*	1127185	*
H	15110	250	98.8	+	0	0	39MD210MI	813080	1127185
L	12051	250	*	*	*	*	*	2094423	*
H	12051	250	92.4	+	0	0	40MD209MI	813080	2094423
L	15530	250	*	*	*	*	*	836917	*
H	15530	250	91.2	+	0	0	40MD209MI	813080	836917
L	8857	250	*	*	*	*	*	142892	*
H	8857	250	98.8	+	0	0	250M	1138192	142892
L	14617	250	*	*	*	*	*	986748	*
H	14617	250	98.8	+	0	0	250M	1138192	986748
L	19582	250	*	*	*	*	*	4468024	*
H	19582	250	98.4	+	0	0	250M	1138192	4468024
L	19502	250	*	*	*	*	*	4464863	*
H	19502	250	100.0	+	0	0	250M	646494	4464863
L	6465	250	*	*	*	*	*	253403	*
H	6465	250	100.0	+	0	0	250M	646494	253403
L	14793	250	*	*	*	*	*	1127215	*
H	14793	250	100.0	+	0	0	250M	646494	1127215
L	9477	250	*	*	*	*	*	102163	*
H	9477	250	100.0	+	0	0	250M	1144850	102163
L	9710	250	*	*	*	*	*	82175	*
H	9710	250	100.0	+	0	0	250M	1144850	82175
L	15454	250	*	*	*	*	*	4039231	*
H	15454	250	100.0	+	0	0	250M	1144850	4039231
L	1528	250	*	*	*	*	*	726900	*
H	1528	250	100.0	+	0	0	250M	794652	726900
L	14275	250	*	*	*	*	*	761592	*
H	14275	250	99.6	+	0	0	250M	794652	761592
L	1455	250	*	*	*	*	*	768898	*
H	1455	250	99.6	+	0	0	250M	794652	768898
L	5022	250	*	*	*	*	*	329249	*
H	5022	250	99.2	+	0	0	250M	1884554	329249
L	6471	250	*	*	*	*	*	253093	*
H	6471	250	99.2	+	0	0	250M	1884554	253093
L	9293	250	*	*	*	*	*	108684	*
H	9293	250	99.2	+	0	0	250M	1884554	108684
L	17378	250	*	*	*	*	*	4361518	*
H	17378	250	100.0	+	0	0	250M	717005	4361518
L	19070	250	*	*	*	*	*	4444348	*
H	19070	250	99.2	+	0	0	250M	717005	4444348
H	12507	250	99.2	+	0	0	250M	717005	1119485
L	18516	250	*	*	*	*	*	4416713	*
H	18516	250	99.6	+	0	0	250M	1122887	4416713
L	19921	250	*	*	*	*	*	4482593	*
H	19921	250	99.2	+	0	0	250M	1122887	4482593
L	7316	250	*	*	*	*	*	193970	*
H	7316	250	98.8	+	0	0	250M	1122887	193970
L	19340	250	*	*	*	*	*	4457308	*
H	19340	250	99.6	+	0	0	250M	1142415	4457308
L	7659	250	*	*	*	*	*	185578	*
H	7659	250	99.6	+	0	0	250M	1142415	185578
L	11175	250	*	*	*	*	*	1612840	*
H	11175	250	99.6	+	0	0	250M	1142415	1612840
L	19484	250	*	*	*	*	*	4464025	*
H	19484	250	95.2	+	0	0	250M	2000712	4464025
L	17677	250	*	*	*	*	*	4375314	*
H	17677	250	96.8	+	0	0	250M	2000712	4375314
L	10159	250	*	*	*	*	*	29924	*
H	10159	250	95.6	+	0	0	250M	2000712	29924
L	6971	250	*	*	*	*	*	213760	*
H	6971	250	99.6	+	0	0	250M	772508	213760
H	15476	250	99.6	+	0	0	250M	772508	4046692
L	6405	250	*	*	*	*	*	257051	*
H	6405	250	99.6	+	0	0	250M	772508	257051
L	13588	250	*	*	*	*	*	1142618	*
H	13588	250	100.0	+	0	0	250M	1143228	1142618
L	11722	250	*	*	*	*	*	1134454	*
H	11722	250	100.0	+	0	0	250M	1143228	1134454
L	11127	250	*	*	*	*	*	1105611	*
H	11127	250	98.0	+	0	0	105MI144MD	1143228	1105611
L	14042	250	*	*	*	*	*	3228260	*
H	14042	250	90.4	+	0	0	I36M2I49MI161M4D	2132220	3228260
L	8679	250	*	*	*	*	*	150813	*
H	8679	250	90.4	+	0	0	I36M2I49MI161M4D	2132220	150813
L	5047	250	*	*	*	*	*	327281	*
H	5047	250	90.0	+	0	0	I36M2I49MI161M4D	2132220	327281
L	15540	250	*	*	*	*	*	1135527	*
H	15540	250	100.0	+	0	0	250M	2193685	1135527
L	19474	250	*	*	*	*	*	4463691	*
H	19474	250	100.0	+	0	0	250M	2193685	4463691
L	7657	250	*	*	*	*	*	185636	*
H	7657	250	100.0	+	0	0	250M	2193685	185636
L	18661	250	*	*	*	*	*	4424642	*
H	18661	250	100.0	+	0	0	250M	2199910	4424642
L	18322	250	*	*	*	*	*	4407476	*
H	18322	250	100.0	+	0	0	250M	2199910	4407476
L	1768	250	*	*	*	*	*	605198	*
H	1768	250	99.6	+	0	0	250M	2199910	605198
L	11221	250	*	*	*	*	*	1120871	*
H	11221	250	100.0	+	0	0	250M	2228265	1120871
L	1277	250	*	*	*	*	*	821617	*
H	1277	250	99.6	+	0	0	42MI207MD	2228265	821617
L	18852	250	*	*	*	*	*	4433752	*
H	18852	250	100.0	+	0	0	250M	2228265	4433752
L	10364	250	*	*	*	*	*	14554	*
H	10364	250	99.6	+	0	0	250M	719955	14554
L	11281	250	*	*	*	*	*	1672756	*
H	11281	250	95.6	+	0	0	250M	719955	1672756
L	19458	250	*	*	*	*	*	4462972	*
H	19458	250	95.6	+	0	0	250M	719955	4462972
L	9119	250	*	*	*	*	*	128514	*
H	9119	250	100.0	+	0	0	250M	823067	128514
L	11939	250	*	*	*	*	*	762484	*
H	11939	250	100.0	+	0	0	250M	823067	762484
L	10369	250	*	*	*	*	*	14511	*
H	10369	250	100.0	+	0	0	250M	823067	14511
L	8064	250	*	*	*	*	*	175290	*
H	8064	250	99.6	+	0	0	250M	2246524	175290
L	10127	250	*	*	*	*	*	34507	*
H	10127	250	99.2	+	0	0	250M	2246524	34507
L	15860	250	*	*	*	*	*	4263945	*
H	15860	250	98.8	+	0	0	250M	2246524	4263945
L	11534	250	*	*	*	*	*	1803005	*
H	11534	250	96.4	+	0	0	250M	2318918	1803005
L	17276	250	*	*	*	*	*	4357166	*
H	17276	250	96.0	+	0	0	188MD61MI	2318918	4357166
L	14408	250	*	*	*	*	*	3435717	*
H	14408	250	95.6	+	0	0	188MD61MI	2318918	3435717
H	19318	250	99.6	+	0	0	230MI19MD	1118051	4456186
L	11161	250	*	*	*	*	*	812541	*
H	11161	250	99.6	+	0	0	230MI19MD	1118051	812541
L	13575	250	*	*	*	*	*	2956782	*
H	13575	250	99.6	+	0	0	230MI19MD	1118051	2956782
L	2405	250	*	*	*	*	*	560027	*
H	2405	250	98.0	+	0	0	250M	2410835	560027
L	15227	250	*	*	*	*	*	1137224	*
H	15227	250	98.4	+	0	0	250M	2410835	1137224
L	18086	250	*	*	*	*	*	4394897	*
H	18086	250	98.4	+	0	0	250M	2410835	4394897
L	1564	250	*	*	*	*	*	707350	*
H	1564	250	100.0	+	0	0	250M	2418901	707350
L	1600	250	*	*	*	*	*	692823	*
H	1600	250	99.6	+	0	0	250M	2418901	692823
L	15411	250	*	*	*	*	*	660032	*
H	15411	250	99.6	+	0	0	19MI230MD	2418901	660032
H	18410	250	96.8	+	0	0	250M	849361	4412145
H	18068	250	96.8	+	0	0	250M	849361	4393532
L	1618	250	*	*	*	*	*	682726	*
H	1618	250	96.8	+	0	0	250M	849361	682726
L	17849	250	*	*	*	*	*	4383599	*
H	17849	250	98.8	+	0	0	250M	2472370	4383599
L	14735	250	*	*	*	*	*	189634	*
H	14735	250	98.4	+	0	0	250M	2472370	189634
L	9993	250	*	*	*	*	*	51176	*
H	9993	250	98.4	+	0	0	250M	2472370	51176
L	10223	250	*	*	*	*	*	23551	*
H	10223	250	100.0	+	0	0	250M	1143466	23551
L	14242	250	*	*	*	*	*	1131683	*
H	14242	250	99.6	+	0	0	250M	1143466	1131683
H	1966	250	97.6	+	0	0	250M	1143466	583706
L	2244	250	*	*	*	*	*	568880	*
H	2244	250	100.0	+	0	0	250M	694179	568880
L	1735	250	*	*	*	*	*	623331	*
H	1735	250	100.0	+	0	0	250M	694179	623331
L	2308	250	*	*	*	*	*	565157	*
H	2308	250	100.0	+	0	0	250M	694179	565157
N	*	250	*	*	*	*	*	1078830	*
L	9537	250	*	*	*	*	*	99951	*
H	9537	250	100.0	+	0	0	250M	810000	99951
L	19856	250	*	*	*	*	*	4480210	*
H	19856	250	99.6	+	0	0	74MI175MD	810000	4480210
L	10371	250	*	*	*	*	*	14503	*
H	10371	250	98.4	+	0	0	250M	810000	14503
L	6032	250	*	*	*	*	*	273417	*
H	6032	250	100.0	+	0	0	250M	1126112	273417
L	9048	250	*	*	*	*	*	134670	*
H	9048	250	100.0	+	0	0	250M	1126112	134670
L	11727	250	*	*	*	*	*	1133244	*
H	11727	250	100.0	+	0	0	250M	1126112	1133244
L	39	250	*	*	*	*	*	1106386	*
H	39	250	99.6	+	0	0	250M	1135354	1106386
L	16756	250	*	*	*	*	*	4331251	*
H	16756	250	99.6	+	0	0	250M	1135354	4331251
L	9455	250	*	*	*	*	*	102915	*
H	9455	250	99.6	+	0	0	250M	1135354	102915
L	8759	250	*	*	*	*	*	146895	*
H	8759	250	100.0	+	0	0	250M	2621281	146895
L	13794	250	*	*	*	*	*	824647	*
H	13794	250	100.0	+	0	0	250M	2621281	824647
L	6306	250	*	*	*	*	*	261549	*
H	6306	250	100.0	+	0	0	250M	2621281	261549
L	10033	250	*	*	*	*	*	46882	*
H	10033	250	99.6	+	0	0	114MD135MI	28400	46882
L	11188	250	*	*	*	*	*	814252	*
H	11188	250	99.6	+	0	0	114MD135MI	28400	814252
L	1396	250	*	*	*	*	*	799236	*
H	1396	250	99.6	+	0	0	114MD135MI	28400	799236
L	18064	250	*	*	*	*	*	4393354	*
H	18064	250	100.0	+	0	0	250M	735510	4393354
L	8786	250	*	*	*	*	*	145199	*
H	8786	250	100.0	+	0	0	250M	735510	145199
L	8740	250	*	*	*	*	*	148100	*
H	8740	250	100.0	+	0	0	250M	735510	148100
L	6832	250	*	*	*	*	*	226789	*
H	6832	250	100.0	+	0	0	250M	2743675	226789
L	19266	250	*	*	*	*	*	4454062	*
H	19266	250	99.2	+	0	0	250M	2743675	4454062
L	1419	250	*	*	*	*	*	783913	*
H	1419	250	99.2	+	0	0	250M	2743675	783913
L	9492	250	*	*	*	*	*	101611	*
H	9492	250	99.6	+	0	0	250M	1142772	101611
L	9362	250	*	*	*	*	*	106464	*
H	9362	250	98.0	+	0	0	250M	1142772	106464
L	16167	250	*	*	*	*	*	4305451	*
H	16167	250	98.0	+	0	0	250M	1142772	4305451
L	12186	250	*	*	*	*	*	1138728	*
H	12186	250	96.0	+	0	0	36MI127MI85M2D	1136766	1138728
L	14896	250	*	*	*	*	*	1138138	*
H	14896	250	96.0	+	0	0	36MI127MI85M2D	1136766	1138138
L	34	250	*	*	*	*	*	1107192	*
H	34	250	95.6	+	0	0	36MI127MI85M2D	1136766	1107192
H	6169	250	99.6	+	0	0	42MI207MD	838620	267323
H	1443	250	100.0	+	0	0	250M	838620	776180
H	12767	250	100.0	+	0	0	250M	838620	2481940
L	4258	250	*	*	*	*	*	365181	*
H	4258	250	96.4	+	0	0	10MD22MD10MD11MD30MD35MD126M6I	2919166	365181
L	2373	250	*	*	*	*	*	561595	*
H	2373	250	96.0	+	0	0	10MD22MD10MD11MD30MD35MD126M6I	2919166	561595
L	15146	250	*	*	*	*	*	3865727	*
H	15146	250	96.0	+	0	0	10MD22MD10MD11MD30MD35MD126M6I	2919166	3865727
L	18694	250	*	*	*	*	*	4426296	*
H	18694	250	98.8	+	0	0	96MI153MD	1084983	4426296
L	767	250	*	*	*	*	*	938795	*
H	767	250	99.2	+	0	0	250M	1084983	938795
L	1514	250	*	*	*	*	*	735185	*
H	1514	250	98.8	+	0	0	168MI81MD	1084983	735185
L	17383	250	*	*	*	*	*	4361600	*
H	17383	250	100.0	+	0	0	250M	2973848	4361600
L	9737	250	*	*	*	*	*	80229	*
H	9737	250	98.4	+	0	0	250M	2973848	80229
L	14596	250	*	*	*	*	*	3549545	*
H	14596	250	98.4	+	0	0	250M	2973848	3549545
L	10338	250	*	*	*	*	*	15033	*
H	10338	250	96.4	+	0	0	250M	1128555	15033
L	18522	250	*	*	*	*	*	4416988	*
H	18522	250	95.2	+	0	0	250M	1128555	4416988
L	16962	250	*	*	*	*	*	4341595	*
H	16962	250	95.2	+	0	0	250M	1128555	4341595
L	10310	250	*	*	*	*	*	15716	*
H	10310	250	98.8	+	0	0	106MI59MD84M	3018527	15716
H	10043	250	96.8	+	0	0	250M	3018527	45363
H	17766	250	96.4	+	0	0	250M	3018527	4379449
L	758	250	*	*	*	*	*	940737	*
H	758	250	99.2	+	0	0	250M	1137566	940737
L	18292	250	*	*	*	*	*	4406481	*
H	18292	250	98.0	+	0	0	250M	1137566	4406481
L	9011	250	*	*	*	*	*	136963	*
H	9011	250	98.8	+	0	0	250M	1137566	136963
L	18723	250	*	*	*	*	*	4427543	*
H	18723	250	99.2	+	0	0	250M	1138034	4427543
L	17416	250	*	*	*	*	*	4363421	*
H	17416	250	98.8	+	0	0	250M	1138034	4363421
L	17843	250	*	*	*	*	*	4383165	*
H	17843	250	98.8	+	0	0	250M	1138034	4383165
H	13980	250	100.0	+	0	0	250M	3049001	3196116
L	9774	250	*	*	*	*	*	74888	*
H	9774	250	100.0	+	0	0	250M	3049001	74888
L	6253	250	*	*	*	*	*	263343	*
H	6253	250	100.0	+	0	0	250M	3049001	263343
L	17480	250	*	*	*	*	*	4366299	*
H	17480	250	100.0	+	0	0	250M	3052746	4366299
L	12138	250	*	*	*	*	*	2132253	*
H	12138	250	99.2	+	0	0	250M	3052746	2132253
L	11636	250	*	*	*	*	*	614944	*
H	11636	250	97.6	+	0	0	250M	3052746	614944
L	4927	250	*	*	*	*	*	335039	*
H	4927	250	98.8	+	0	0	250M	824748	335039
L	8825	250	*	*	*	*	*	143784	*
H	8825	250	98.0	+	0	0	250M	824748	143784
L	8874	250	*	*	*	*	*	142304	*
H	8874	250	97.6	+	0	0	250M	824748	142304
L	1829	250	*	*	*	*	*	591329	*
H	1829	250	100.0	+	0	0	250M	824872	591329
L	12749	250	*	*	*	*	*	809635	*
H	12749	250	98.8	+	0	0	250M	824872	809635
L	17011	250	*	*	*	*	*	4344014	*
H	17011	250	96.4	+	0	0	250M	824872	4344014
L	6418	250	*	*	*	*	*	256632	*
H	6418	250	100.0	+	0	0	250M	749036	256632
L	5988	250	*	*	*	*	*	275614	*
H	5988	250	100.0	+	0	0	250M	749036	275614
H	12241	250	100.0	+	0	0	250M	749036	615094
L	17515	250	*	*	*	*	*	4367988	*
H	17515	250	98.0	+	0	0	250M	3153795	4367988
L	14474	250	*	*	*	*	*	3476289	*
H	14474	250	98.0	+	0	0	250M	3153795	3476289
L	8851	250	*	*	*	*	*	143056	*
H	8851	250	98.0	+	0	0	250M	3153795	143056
L	14311	250	*	*	*	*	*	3383131	*
H	14311	250	99.6	+	0	0	250M	770555	3383131
L	8198	250	*	*	*	*	*	171126	*
H	8198	250	99.6	+	0	0	250M	770555	171126
L	8513	250	*	*	*	*	*	158622	*
H	8513	250	93.2	+	0	0	250M	770555	158622
L	2259	250	*	*	*	*	*	567972	*
H	2259	250	98.8	+	0	0	250M	1059977	567972
L	8459	250	*	*	*	*	*	160883	*
H	8459	250	96.0	+	0	0	250M	1059977	160883
L	16234	250	*	*	*	*	*	4307897	*
H	16234	250	96.0	+	0	0	250M	1059977	4307897
L	3075	250	*	*	*	*	*	526753	*
H	3075	250	97.6	+	0	0	250M	1127353	526753
L	3454	250	*	*	*	*	*	516968	*
H	3454	250	96.8	+	0	0	250M	1127353	516968
L	16595	250	*	*	*	*	*	4323512	*
H	16595	250	99.6	+	0	0	250M	1142209	4323512
L	11509	250	*	*	*	*	*	970742	*
H	11509	250	99.6	+	0	0	250M	1142209	970742
L	16678	250	*	*	*	*	*	4327593	*
H	16678	250	99.6	+	0	0	250M	1142209	4327593
L	14854	250	*	*	*	*	*	1126217	*
H	14854	250	98.0	+	0	0	D110MD138M2I	3210709	1126217
L	15094	250	*	*	*	*	*	1133367	*
H	15094	250	96.0	+	0	0	D110MD138M2I	3210709	1133367
L	1284	250	*	*	*	*	*	820831	*
H	1284	250	96.4	+	0	0	D111MD137M2I	3210709	820831
L	7604	250	*	*	*	*	*	186744	*
H	7604	250	94.0	+	0	0	250M	1122668	186744
L	18072	250	*	*	*	*	*	4393950	*
H	18072	250	92.0	+	0	0	250M	1122668	4393950
L	2522	250	*	*	*	*	*	553455	*
H	2522	250	90.8	+	0	0	250M	1122668	553455
L	9305	250	*	*	*	*	*	108296	*
H	9305	250	98.8	+	0	0	250M	718624	108296
L	12128	250	*	*	*	*	*	1129978	*
H	12128	250	98.4	+	0	0	250M	718624	1129978
L	8565	250	*	*	*	*	*	157163	*
H	8565	250	98.4	+	0	0	250M	718624	157163
L	16073	250	*	*	*	*	*	4301398	*
H	16073	250	100.0	+	0	0	250M	1110646	4301398
L	13	250	*	*	*	*	*	1110799	*
H	13	250	93.6	+	0	0	250M	1110646	1110799
L	13545	250	*	*	*	*	*	1086672	*
H	13545	250	93.6	+	0	0	250M	1110646	1086672
L	11068	250	*	*	*	*	*	729672	*
H	11068	250	99.2	+	0	0	250M	658160	729672
L	9100	250	*	*	*	*	*	130269	*
H	9100	250	99.2	+	0	0	250M	658160	130269
L	17029	250	*	*	*	*	*	4344960	*
H	17029	250	99.2	+	0	0	250M	658160	4344960
L	14281	250	*	*	*	*	*	3363021	*
H	14281	250	100.0	+	0	0	250M	1113317	3363021
L	14382	250	*	*	*	*	*	1109955	*
H	14382	250	100.0	+	0	0	250M	1113317	1109955
L	18401	250	*	*	*	*	*	4411367	*
H	18401	250	100.0	+	0	0	250M	1113317	4411367
L	11067	250	*	*	*	*	*	635635	*
H	11067	250	100.0	+	0	0	250M	3424623	635635
L	1495	250	*	*	*	*	*	744919	*
H	1495	250	99.6	+	0	0	250M	3424623	744919
L	5041	250	*	*	*	*	*	327793	*
H	5041	250	98.8	+	0	0	179MI70MD	3424623	327793
L	11960	250	*	*	*	*	*	658717	*
H	11960	250	100.0	+	0	0	250M	767448	658717
L	2448	250	*	*	*	*	*	557614	*
H	2448	250	100.0	+	0	0	250M	767448	557614
L	14361	250	*	*	*	*	*	857156	*
H	14361	250	97.2	+	0	0	250M	767448	857156
L	17625	250	*	*	*	*	*	4372619	*
H	17625	250	92.0	+	0	0	81M2I167M2D	3521835	4372619
L	16452	250	*	*	*	*	*	4317946	*
H	16452	250	90.0	+	0	0	250M	3521835	4317946
L	11059	250	*	*	*	*	*	1543534	*
H	11059	250	90.0	+	0	0	250M	3521835	1543534
L	10612	250	*	*	*	*	*	10400	*
H	10612	250	96.8	+	0	0	250M	3526876	10400
L	6584	250	*	*	*	*	*	245878	*
H	6584	250	91.6	+	0	0	250M	3526876	245878
L	18460	250	*	*	*	*	*	4414306	*
H	18460	250	91.2	+	0	0	250M	3526876	4414306
L	44	250	*	*	*	*	*	1105311	*
H	44	250	99.2	+	0	0	250M	1115975	1105311
L	49	250	*	*	*	*	*	1104583	*
H	49	250	99.2	+	0	0	250M	1115975	1104583
L	6809	250	*	*	*	*	*	230076	*
H	6809	250	99.2	+	0	0	250M	1115975	230076
L	1135	250	*	*	*	*	*	853051	*
H	1135	250	97.6	+	0	0	250M	1144548	853051
L	2559	250	*	*	*	*	*	551600	*
H	2559	250	97.6	+	0	0	250M	1144548	551600
L	2021	250	*	*	*	*	*	581352	*
H	2021	250	97.6	+	0	0	250M	1144548	581352
L	19450	250	*	*	*	*	*	4462503	*
H	19450	250	99.2	+	0	0	250M	821185	4462503
L	2811	250	*	*	*	*	*	535678	*
H	2811	250	99.2	+	0	0	250M	821185	535678
L	7057	250	*	*	*	*	*	204130	*
H	7057	250	99.2	+	0	0	250M	821185	204130
L	15245	250	*	*	*	*	*	3925409	*
H	15245	250	97.2	+	0	0	41MI112MD96M	3602946	3925409
L	11521	250	*	*	*	*	*	781407	*
H	11521	250	97.2	+	0	0	153MD96MI	3602946	781407
L	11846	250	*	*	*	*	*	817546	*
H	11846	250	97.2	+	0	0	153MD96MI	3602946	817546
L	2185	250	*	*	*	*	*	571841	*
H	2185	250	100.0	+	0	0	250M	817333	571841
L	15444	250	*	*	*	*	*	1119525	*
H	15444	250	99.6	+	0	0	250M	817333	1119525
L	15393	250	*	*	*	*	*	1136972	*
H	15393	250	99.6	+	0	0	250M	817333	1136972
L	17891	250	*	*	*	*	*	4385591	*
H	17891	250	94.0	+	0	0	31MD38M2D6MD21M2D148M6I	792218	4385591
L	15141	250	*	*	*	*	*	1111703	*
H	15141	250	94.0	+	0	0	33MD23M3D18MD21M2D148M7I	792218	1111703
L	17203	250	*	*	*	*	*	4353615	*
H	17203	250	94.0	+	0	0	33MD23M3D18MD21M2D148M7I	792218	4353615
L	14369	250	*	*	*	*	*	1124779	*
H	14369	250	98.8	+	0	0	250M	808058	1124779
L	13768	250	*	*	*	*	*	841393	*
H	13768	250	97.6	+	0	0	250M	808058	841393
L	13676	250	*	*	*	*	*	1122523	*
H	13676	250	92.8	+	0	0	250M	808058	1122523
L	8290	250	*	*	*	*	*	167131	*
H	8290	250	100.0	+	0	0	250M	1148060	167131
L	10034	250	*	*	*	*	*	46716	*
H	10034	250	99.6	+	0	0	25MD224MI	1148060	46716
L	10401	250	*	*	*	*	*	14202	*
H	10401	250	99.6	+	0	0	218MD31MI	1148060	14202
L	712	250	*	*	*	*	*	953256	*
H	712	250	100.0	+	0	0	250M	1105450	953256
L	304	250	*	*	*	*	*	1050705	*
H	304	250	100.0	+	0	0	250M	1105450	1050705
L	1263	250	*	*	*	*	*	823138	*
H	1263	250	99.6	+	0	0	250M	1105450	823138
L	6553	250	*	*	*	*	*	247538	*
H	6553	250	100.0	+	0	0	250M	1123953	247538
L	10010	250	*	*	*	*	*	49725	*
H	10010	250	99.6	+	0	0	250M	1123953	49725
L	15183	250	*	*	*	*	*	1115498	*
H	15183	250	99.2	+	0	0	250M	1123953	1115498
L	2840	250	*	*	*	*	*	533511	*
H	2840	250	100.0	+	0	0	250M	672120	533511
L	10819	250	*	*	*	*	*	6241	*
H	10819	250	100.0	+	0	0	250M	672120	6241
L	5067	250	*	*	*	*	*	326054	*
H	5067	250	100.0	+	0	0	250M	672120	326054
L	7386	250	*	*	*	*	*	192082	*
H	7386	250	98.8	+	0	0	250M	3768997	192082
L	32	250	*	*	*	*	*	1107713	*
H	32	250	99.2	+	0	0	250M	3768997	1107713
L	9037	250	*	*	*	*	*	136101	*
H	9037	250	99.2	+	0	0	250M	3768997	136101
L	7850	250	*	*	*	*	*	181039	*
H	7850	250	100.0	+	0	0	250M	1118267	181039
L	8444	250	*	*	*	*	*	161302	*
H	8444	250	99.2	+	0	0	142MD107MI	1118267	161302
L	6879	250	*	*	*	*	*	222253	*
H	6879	250	90.0	+	0	0	250M	1118267	222253
L	1394	250	*	*	*	*	*	801166	*
H	1394	250	100.0	+	0	0	250M	1117026	801166
L	1706	250	*	*	*	*	*	633100	*
H	1706	250	100.0	+	0	0	250M	1117026	633100
L	11464	250	*	*	*	*	*	1143767	*
H	11464	250	99.2	+	0	0	250M	1117026	1143767
L	10372	250	*	*	*	*	*	14500	*
H	10372	250	100.0	+	0	0	250M	3840972	14500
L	3839	250	*	*	*	*	*	445123	*
H	3839	250	99.6	+	0	0	44MD205MI	3840972	445123
L	12546	250	*	*	*	*	*	1132071	*
H	12546	250	99.6	+	0	0	250M	3840972	1132071
L	18545	250	*	*	*	*	*	4418150	*
H	18545	250	98.4	+	0	0	250M	1139751	4418150
L	9654	250	*	*	*	*	*	88723	*
H	9654	250	98.0	+	0	0	250M	1139751	88723
L	2526	250	*	*	*	*	*	553192	*
H	2526	250	98.8	+	0	0	250M	1139751	553192
L	1611	250	*	*	*	*	*	687940	*
H	1611	250	100.0	+	0	0	250M	856414	687940
L	1221	250	*	*	*	*	*	833731	*
H	1221	250	99.2	+	0	0	250M	856414	833731
L	18160	250	*	*	*	*	*	4398668	*
H	18160	250	99.2	+	0	0	56MI6MI186M2D	856414	4398668
L	17602	250	*	*	*	*	*	4371944	*
H	17602	250	97.6	+	0	0	171MD78MI	3961590	4371944
L	17601	250	*	*	*	*	*	4371943	*
H	17601	250	98.8	+	0	0	250M	3961590	4371943
L	14189	250	*	*	*	*	*	3312521	*
H	14189	250	97.2	+	0	0	250M	3961590	3312521
H	10751	250	94.8	+	0	0	250M	657047	7980
H	19910	250	95.6	+	0	0	138MI111MD	657047	4482363
L	19911	250	*	*	*	*	*	4482366	*
H	19911	250	95.2	+	0	0	131MI118MD	657047	4482366
L	14426	250	*	*	*	*	*	829178	*
H	14426	250	99.6	+	0	0	250M	828203	829178
L	14422	250	*	*	*	*	*	836308	*
H	14422	250	99.6	+	0	0	250M	828203	836308
L	8408	250	*	*	*	*	*	162810	*
H	8408	250	99.6	+	0	0	250M	828203	162810
L	18270	250	*	*	*	*	*	4405305	*
H	18270	250	99.6	+	0	0	250M	1139718	4405305
L	10758	250	*	*	*	*	*	7960	*
H	10758	250	94.8	+	0	0	250M	1139718	7960
L	2129	250	*	*	*	*	*	575576	*
H	2129	250	96.8	+	0	0	250M	1139718	575576
L	14168	250	*	*	*	*	*	727134	*
H	14168	250	100.0	+	0	0	250M	4100336	727134
L	6455	250	*	*	*	*	*	254340	*
H	6455	250	100.0	+	0	0	250M	4100336	254340
L	6641	250	*	*	*	*	*	242098	*
H	6641	250	100.0	+	0	0	250M	4100336	242098
L	2510	250	*	*	*	*	*	554249	*
H	2510	250	99.6	+	0	0	250M	4135570	554249
L	6204	250	*	*	*	*	*	265683	*
H	6204	250	98.8	+	0	0	250M	4135570	265683
L	10129	250	*	*	*	*	*	34303	*
H	10129	250	98.8	+	0	0	250M	4135570	34303
L	15678	250	*	*	*	*	*	4165504	*
H	15678	250	97.6	+	0	0	250M	4165505	4165504
L	10840	250	*	*	*	*	*	5639	*
H	10840	250	97.6	+	0	0	250M	4165505	5639
H	19484	250	93.6	+	0	0	250M	4165505	4464025
L	14435	250	*	*	*	*	*	878771	*
H	14435	250	99.2	+	0	0	250M	616188	878771
L	9863	250	*	*	*	*	*	70330	*
H	9863	250	99.2	+	0	0	250M	616188	70330
L	15785	250	*	*	*	*	*	1145812	*
H	15785	250	99.2	+	0	0	250M	616188	1145812
L	16175	250	*	*	*	*	*	4305916	*
H	16175	250	100.0	+	0	0	250M	4297407	4305916
L	19200	250	*	*	*	*	*	4450487	*
H	19200	250	100.0	+	0	0	250M	4297407	4450487
L	19356	250	*	*	*	*	*	4458301	*
H	19356	250	99.6	+	0	0	D64MI185M	4297407	4458301
L	13476	250	*	*	*	*	*	2894263	*
H	13476	250	98.8	+	0	0	250M	4298637	2894263
L	3410	250	*	*	*	*	*	518245	*
H	3410	250	96.0	+	0	0	250M	4298637	518245
L	10807	250	*	*	*	*	*	6825	*
H	10807	250	96.4	+	0	0	250M	4298637	6825
L	10208	250	*	*	*	*	*	25580	*
H	10208	250	99.2	+	0	0	215MD34MI	4300558	25580
L	9605	250	*	*	*	*	*	93202	*
H	9605	250	99.2	+	0	0	215MD34MI	4300558	93202
L	8823	250	*	*	*	*	*	143867	*
H	8823	250	99.2	+	0	0	215MD34MI	4300558	143867
L	18682	250	*	*	*	*	*	4425750	*
H	18682	250	100.0	+	0	0	250M	4304126	4425750
L	16214	250	*	*	*	*	*	4307137	*
H	16214	250	100.0	+	0	0	250M	4304126	4307137
L	18441	250	*	*	*	*	*	4413572	*
H	18441	250	100.0	+	0	0	250M	4304126	4413572
L	10854	250	*	*	*	*	*	5131	*
H	10854	250	95.6	+	0	0	25M3I11MI41M3I166M7D	4305699	5131
L	17021	250	*	*	*	*	*	4344419	*
H	17021	250	95.6	+	0	0	25M3I11MI41M3I166M7D	4305699	4344419
L	9216	250	*	*	*	*	*	112199	*
H	9216	250	94.8	+	0	0	25M3I11MI11MI30M3I16MI148M9D	4305699	112199
L	1323	250	*	*	*	*	*	815059	*
H	1323	250	99.6	+	0	0	250M	4311636	815059
L	9884	250	*	*	*	*	*	67228	*
H	9884	250	99.6	+	0	0	250M	4311636	67228
L	1724	250	*	*	*	*	*	628054	*
H	1724	250	99.6	+	0	0	250M	4311636	628054
L	7467	250	*	*	*	*	*	190161	*
H	7467	250	100.0	+	0	0	250M	4314051	190161
L	1307	250	*	*	*	*	*	817611	*
H	1307	250	100.0	+	0	0	250M	4314051	817611
L	8598	250	*	*	*	*	*	154964	*
H	8598	250	100.0	+	0	0	250M	4314051	154964
L	8930	250	*	*	*	*	*	140864	*
H	8930	250	99.6	+	0	0	250M	4315642	140864
L	8845	250	*	*	*	*	*	143318	*
H	8845	250	99.2	+	0	0	42MD207MI	4315642	143318
L	17321	250	*	*	*	*	*	4359240	*
H	17321	250	99.2	+	0	0	42MD207MI	4315642	4359240
H	8825	250	100.0	+	0	0	250M	4316623	143784
H	8874	250	99.6	+	0	0	250M	4316623	142304
H	4927	250	99.2	+	0	0	250M	4316623	335039
L	19805	250	*	*	*	*	*	4477704	*
H	19805	250	94.0	+	0	0	I249MD	4321924	4477704
L	17732	250	*	*	*	*	*	4378068	*
H	17732	250	94.4	+	0	0	I249MD	4321924	4378068
L	17690	250	*	*	*	*	*	4376296	*
H	17690	250	94.4	+	0	0	I249MD	4321924	4376296
L	4946	250	*	*	*	*	*	333666	*
H	4946	250	99.2	+	0	0	133MI116MD	4322704	333666
L	10352	250	*	*	*	*	*	14658	*
H	10352	250	99.2	+	0	0	133MI116MD	4322704	14658
L	16076	250	*	*	*	*	*	4301491	*
H	16076	250	99.2	+	0	0	133MI116MD	4322704	4301491
L	16839	250	*	*	*	*	*	4335454	*
H	16839	250	100.0	+	0	0	250M	4323428	4335454
L	16824	250	*	*	*	*	*	4334748	*
H	16824	250	100.0	+	0	0	250M	4323428	4334748
L	18236	250	*	*	*	*	*	4403382	*
H	18236	250	100.0	+	0	0	250M	4323428	4403382
L	12666	250	*	*	*	*	*	2421587	*
H	12666	250	100.0	+	0	0	250M	4323942	2421587
L	2301	250	*	*	*	*	*	565712	*
H	2301	250	100.0	+	0	0	250M	4323942	565712
L	4570	250	*	*	*	*	*	4459730	*
H	4570	250	100.0	+	0	0	250M	4323942	4459730
L	16443	250	*	*	*	*	*	4317643	*
H	16443	250	100.0	+	0	0	250M	4324466	4317643
L	16210	250	*	*	*	*	*	4307022	*
H	16210	250	100.0	+	0	0	250M	4324466	4307022
L	16502	250	*	*	*	*	*	4320126	*
H	16502	250	100.0	+	0	0	250M	4324466	4320126
L	15789	250	*	*	*	*	*	654764	*
H	15789	250	100.0	+	0	0	250M	4325515	654764
L	19498	250	*	*	*	*	*	4464601	*
H	19498	250	100.0	+	0	0	250M	4325515	4464601
L	12653	250	*	*	*	*	*	1003411	*
H	12653	250	100.0	+	0	0	250M	4325515	1003411
L	2773	250	*	*	*	*	*	538304	*
H	2773	250	98.4	+	0	0	250M	4327628	538304
H	16382	250	98.0	+	0	0	250M	4327628	4314728
L	9164	250	*	*	*	*	*	116244	*
H	9164	250	98.4	+	0	0	250M	4327628	116244
L	3168	250	*	*	*	*	*	524536	*
H	3168	250	97.2	+	0	0	106M4I10MD16MD114M2D	4328035	524536
H	19076	250	97.6	+	0	0	106M4I10MD16MD114M2D	4328035	4444503
L	11868	250	*	*	*	*	*	1986992	*
H	11868	250	97.6	+	0	0	106M4I10MD16MD114M2D	4328035	1986992
L	17586	250	*	*	*	*	*	4371509	*
H	17586	250	99.2	+	0	0	250M	4328665	4371509
L	13716	250	*	*	*	*	*	1119772	*
H	13716	250	98.4	+	0	0	250M	4328665	1119772
L	18480	250	*	*	*	*	*	4414810	*
H	18480	250	98.4	+	0	0	250M	4328665	4414810
L	6695	250	*	*	*	*	*	239199	*
H	6695	250	93.6	+	0	0	209MD26M2I13MD	4330018	239199
L	10626	250	*	*	*	*	*	10042	*
H	10626	250	92.8	+	0	0	209MD24M3I14M2D	4330018	10042
L	6632	250	*	*	*	*	*	242926	*
H	6632	250	90.8	+	0	0	164MI70M3I12M4D	4330018	242926
H	1590	250	99.6	+	0	0	250M	4330933	697027
H	5296	250	98.4	+	0	0	250M	4330933	311586
H	19181	250	98.4	+	0	0	250M	4330933	4449665
L	9706	250	*	*	*	*	*	82437	*
H	9706	250	99.2	+	0	0	250M	4331236	82437
L	5361	250	*	*	*	*	*	308105	*
H	5361	250	99.2	+	0	0	250M	4331236	308105
L	5858	250	*	*	*	*	*	286034	*
H	5858	250	99.2	+	0	0	250M	4331236	286034
L	14581	250	*	*	*	*	*	1113833	*
H	14581	250	99.2	+	0	0	250M	4337903	1113833
L	16883	250	*	*	*	*	*	4337459	*
H	16883	250	99.2	+	0	0	250M	4337903	4337459
L	10791	250	*	*	*	*	*	7347	*
H	10791	250	98.0	+	0	0	250M	4337903	7347
L	2439	250	*	*	*	*	*	557957	*
H	2439	250	99.6	+	0	0	250M	4347599	557957
L	11739	250	*	*	*	*	*	1915449	*
H	11739	250	99.6	+	0	0	250M	4347599	1915449
L	5861	250	*	*	*	*	*	285885	*
H	5861	250	99.6	+	0	0	250M	4347599	285885
L	12527	250	*	*	*	*	*	1141940	*
H	12527	250	99.6	+	0	0	250M	4350245	1141940
L	13719	250	*	*	*	*	*	3047656	*
H	13719	250	99.6	+	0	0	250M	4350245	3047656
L	16974	250	*	*	*	*	*	4342039	*
H	16974	250	99.6	+	0	0	250M	4350245	4342039
L	10641	250	*	*	*	*	*	9744	*
H	10641	250	99.2	+	0	0	250M	4350787	9744
L	16179	250	*	*	*	*	*	4306120	*
H	16179	250	99.2	+	0	0	250M	4350787	4306120
L	10639	250	*	*	*	*	*	9753	*
H	10639	250	99.2	+	0	0	250M	4350787	9753
L	11608	250	*	*	*	*	*	1141121	*
H	11608	250	98.4	+	0	0	250M	4356801	1141121
L	18886	250	*	*	*	*	*	4435283	*
H	18886	250	98.8	+	0	0	250M	4356801	4435283
L	6480	250	*	*	*	*	*	252239	*
H	6480	250	96.0	+	0	0	250M	4356801	252239
L	13975	250	*	*	*	*	*	1145405	*
H	13975	250	96.8	+	0	0	250M	4356823	1145405
L	15159	250	*	*	*	*	*	3871230	*
H	15159	250	97.6	+	0	0	250M	4356823	3871230
L	18989	250	*	*	*	*	*	4440056	*
H	18989	250	97.6	+	0	0	250M	4356823	4440056
L	2279	250	*	*	*	*	*	566849	*
H	2279	250	100.0	+	0	0	250M	4357383	566849
L	17616	250	*	*	*	*	*	4372372	*
H	17616	250	100.0	+	0	0	250M	4357383	4372372
L	45	250	*	*	*	*	*	1105145	*
H	45	250	100.0	+	0	0	250M	4357383	1105145
L	2079	250	*	*	*	*	*	578248	*
H	2079	250	99.6	+	0	0	250M	4357504	578248
L	10468	250	*	*	*	*	*	12852	*
H	10468	250	99.6	+	0	0	250M	4357504	12852
L	17740	250	*	*	*	*	*	4378327	*
H	17740	250	99.2	+	0	0	250M	4357504	4378327
L	14509	250	*	*	*	*	*	1137866	*
H	14509	250	100.0	+	0	0	250M	4358054	1137866
L	13503	250	*	*	*	*	*	1124888	*
H	13503	250	99.6	+	0	0	250M	4358054	1124888
L	19800	250	*	*	*	*	*	4477388	*
H	19800	250	99.2	+	0	0	250M	4358054	4477388
L	6214	250	*	*	*	*	*	264822	*
H	6214	250	99.6	+	0	0	250M	4359604	264822
H	13585	250	99.6	+	0	0	250M	4359604	1131781
L	10459	250	*	*	*	*	*	12879	*
H	10459	250	99.6	+	0	0	250M	4359604	12879
L	6682	250	*	*	*	*	*	239924	*
H	6682	250	100.0	+	0	0	250M	4365543	239924
L	6906	250	*	*	*	*	*	220064	*
H	6906	250	100.0	+	0	0	250M	4365543	220064
L	10720	250	*	*	*	*	*	8420	*
H	10720	250	100.0	+	0	0	250M	4365543	8420
L	15333	250	*	*	*	*	*	751308	*
H	15333	250	99.2	+	0	0	240MD9MI	4376803	751308
L	6581	250	*	*	*	*	*	246179	*
H	6581	250	98.8	+	0	0	239MD10MI	4376803	246179
L	16642	250	*	*	*	*	*	4325658	*
H	16642	250	99.2	+	0	0	240MD9MI	4376803	4325658
L	19515	250	*	*	*	*	*	4465295	*
H	19515	250	99.6	+	0	0	250M	4376912	4465295
L	13165	250	*	*	*	*	*	1113458	*
H	13165	250	99.6	+	0	0	250M	4376912	1113458
L	7751	250	*	*	*	*	*	183456	*
H	7751	250	99.6	+	0	0	250M	4376912	183456
L	13252	250	*	*	*	*	*	1120902	*
H	13252	250	100.0	+	0	0	250M	4379731	1120902
H	19703	250	100.0	+	0	0	250M	4379731	4473274
L	8023	250	*	*	*	*	*	176405	*
H	8023	250	100.0	+	0	0	250M	4379731	176405
L	11496	250	*	*	*	*	*	1126081	*
H	11496	250	98.4	+	0	0	250M	4381192	1126081
L	2529	250	*	*	*	*	*	553111	*
H	2529	250	98.4	+	0	0	250M	4381192	553111
L	2581	250	*	*	*	*	*	550470	*
H	2581	250	98.0	+	0	0	250M	4381192	550470
L	17741	250	*	*	*	*	*	4378331	*
H	17741	250	100.0	+	0	0	250M	4383129	4378331
L	10466	250	*	*	*	*	*	12859	*
H	10466	250	100.0	+	0	0	250M	4383129	12859
L	3617	250	*	*	*	*	*	512232	*
H	3617	250	100.0	+	0	0	250M	4383129	512232
H	17741	250	100.0	+	0	0	250M	4388302	4378331
H	10466	250	100.0	+	0	0	250M	4388302	12859
H	3617	250	100.0	+	0	0	250M	4388302	512232
L	17279	250	*	*	*	*	*	4357354	*
H	17279	250	100.0	+	0	0	250M	4395332	4357354
L	15277	250	*	*	*	*	*	3940564	*
H	15277	250	100.0	+	0	0	250M	4395332	3940564
H	16382	250	100.0	+	0	0	250M	4395332	4314728
L	14018	250	*	*	*	*	*	888659	*
H	14018	250	99.2	+	0	0	250M	4399051	888659
L	5078	250	*	*	*	*	*	325510	*
H	5078	250	99.2	+	0	0	250M	4399051	325510
L	17633	250	*	*	*	*	*	4373049	*
H	17633	250	99.2	+	0	0	250M	4399051	4373049
L	1316	250	*	*	*	*	*	816585	*
H	1316	250	100.0	+	0	0	250M	4399636	816585
L	17527	250	*	*	*	*	*	4368621	*
H	17527	250	100.0	+	0	0	250M	4399636	4368621
L	17713	250	*	*	*	*	*	4377254	*
H	17713	250	100.0	+	0	0	250M	4399636	4377254
L	19032	250	*	*	*	*	*	4442382	*
H	19032	250	99.6	+	0	0	250M	4400171	4442382
L	2051	250	*	*	*	*	*	579457	*
H	2051	250	99.2	+	0	0	250M	4400171	579457
L	10177	250	*	*	*	*	*	28572	*
H	10177	250	99.2	+	0	0	250M	4400171	28572
L	10746	250	*	*	*	*	*	8001	*
H	10746	250	99.6	+	0	0	250M	4406524	8001
L	10745	250	*	*	*	*	*	8002	*
H	10745	250	94.4	+	0	0	250M	4406524	8002
H	19911	250	94.8	+	0	0	137MI112MD	4406524	4482366
L	13417	250	*	*	*	*	*	2855258	*
H	13417	250	97.2	+	0	0	2I137MI33MI14MI23MI30MI6M7D	4410155	2855258
L	13418	250	*	*	*	*	*	2855261	*
H	13418	250	97.2	+	0	0	2I137MI33MI14MI23MI30MI6M7D	4410155	2855261
L	9779	250	*	*	*	*	*	74541	*
H	9779	250	97.2	+	0	0	2I137MI33MI14MI23MI30MI6M7D	4410155	74541
L	2627	250	*	*	*	*	*	548406	*
H	2627	250	99.6	+	0	0	250M	4418393	548406
L	9658	250	*	*	*	*	*	88458	*
H	9658	250	99.6	+	0	0	250M	4418393	88458
L	2456	250	*	*	*	*	*	557321	*
H	2456	250	99.6	+	0	0	250M	4418393	557321
L	19420	250	*	*	*	*	*	4461207	*
H	19420	250	99.2	+	0	0	250M	4422697	4461207
L	15436	250	*	*	*	*	*	1130623	*
H	15436	250	96.4	+	0	0	250M	4422697	1130623
L	12311	250	*	*	*	*	*	2228274	*
H	12311	250	94.4	+	0	0	250M	4422697	2228274
L	5776	250	*	*	*	*	*	289954	*
H	5776	250	100.0	+	0	0	250M	4426298	289954
L	5626	250	*	*	*	*	*	295973	*
H	5626	250	100.0	+	0	0	250M	4426298	295973
L	12221	250	*	*	*	*	*	2176008	*
H	12221	250	99.6	+	0	0	250M	4426298	2176008
L	2408	250	*	*	*	*	*	559745	*
H	2408	250	99.6	+	0	0	250M	4429771	559745
L	11813	250	*	*	*	*	*	605409	*
H	11813	250	99.6	+	0	0	250M	4429771	605409
L	10800	250	*	*	*	*	*	7126	*
H	10800	250	99.6	+	0	0	250M	4429771	7126
L	9005	250	*	*	*	*	*	137283	*
H	9005	250	100.0	+	0	0	250M	4431592	137283
L	18674	250	*	*	*	*	*	4425401	*
H	18674	250	100.0	+	0	0	250M	4431592	4425401
L	7796	250	*	*	*	*	*	182312	*
H	7796	250	100.0	+	0	0	250M	4431592	182312
L	9768	250	*	*	*	*	*	76334	*
H	9768	250	98.8	+	0	0	250M	4439243	76334
L	9771	250	*	*	*	*	*	75850	*
H	9771	250	97.2	+	0	0	250M	4439243	75850
L	6210	250	*	*	*	*	*	265137	*
H	6210	250	98.0	+	0	0	250M	4439243	265137
L	19049	250	*	*	*	*	*	4443034	*
H	19049	250	99.6	+	0	0	36MI213MD	4443032	4443034
L	8700	250	*	*	*	*	*	149895	*
H	8700	250	98.4	+	0	0	36MI213MD	4443032	149895
H	11634	250	98.4	+	0	0	36MI213MD	4443032	1036883
L	11375	250	*	*	*	*	*	913199	*
H	11375	250	98.8	+	0	0	250M	4443436	913199
H	1611	250	98.0	+	0	0	250M	4443436	687940
L	11417	250	*	*	*	*	*	946327	*
H	11417	250	98.4	+	0	0	222MI27MD	4443436	946327
L	13448	250	*	*	*	*	*	2874960	*
H	13448	250	100.0	+	0	0	250M	4446436	2874960
L	12190	250	*	*	*	*	*	805591	*
H	12190	250	100.0	+	0	0	250M	4446436	805591
L	12189	250	*	*	*	*	*	811996	*
H	12189	250	100.0	+	0	0	250M	4446436	811996
L	12541	250	*	*	*	*	*	635820	*
H	12541	250	100.0	+	0	0	250M	4446961	635820
L	17803	250	*	*	*	*	*	4381303	*
H	17803	250	96.0	+	0	0	250M	4446961	4381303
L	1147	250	*	*	*	*	*	851797	*
H	1147	250	96.0	+	0	0	250M	4446961	851797
L	1217	250	*	*	*	*	*	835066	*
H	1217	250	99.6	+	0	0	250M	4457481	835066
L	19123	250	*	*	*	*	*	4446804	*
H	19123	250	99.6	+	0	0	250M	4457481	4446804
L	15395	250	*	*	*	*	*	4011753	*
H	15395	250	99.6	+	0	0	250M	4457481	4011753
H	1611	250	100.0	+	0	0	250M	4462906	687940
H	1221	250	99.2	+	0	0	250M	4462906	833731
H	18160	250	99.2	+	0	0	56MI6MI186M2D	4462906	4398668
H	13252	250	100.0	+	0	0	250M	4470015	1120902
H	19703	250	100.0	+	0	0	250M	4470015	4473274
H	8023	250	100.0	+	0	0	250M	4470015	176405
L	17377	250	*	*	*	*	*	4361455	*
H	17377	250	100.0	+	0	0	250M	4471892	4361455
L	8745	250	*	*	*	*	*	147794	*
H	8745	250	93.6	+	0	0	250M	4471892	147794
L	5986	250	*	*	*	*	*	275651	*
H	5986	250	93.6	+	0	0	250M	4471892	275651
L	14990	250	*	*	*	*	*	1102876	*
H	14990	250	100.0	+	0	0	250M	4482804	1102876
L	12122	250	*	*	*	*	*	1092684	*
H	12122	250	100.0	+	0	0	250M	4482804	1092684
L	399	250	*	*	*	*	*	1029493	*
H	399	250	100.0	+	0	0	250M	4482804	1029493
L	19993	250	*	*	*	*	*	578012	*
H	19993	250	99.6	+	0	0	243MI6MD	611626	578012
L	20283	250	*	*	*	*	*	4400927	*
H	20283	250	98.8	+	0	0	243MI6MD	611626	4400927
L	20277	250	*	*	*	*	*	4369721	*
H	20277	250	98.8	+	0	0	243MI6MD	611626	4369721
L	20110	250	*	*	*	*	*	101553	*
H	20110	250	99.6	+	0	0	250M	565906	101553
L	20268	250	*	*	*	*	*	4355302	*
H	20268	250	96.0	+	0	0	250M	565906	4355302
L	20056	250	*	*	*	*	*	160478	*
H	20056	250	96.0	+	0	0	250M	565906	160478
L	20291	250	*	*	*	*	*	4418037	*
H	20291	250	99.2	+	0	0	250M	559851	4418037
L	20290	250	*	*	*	*	*	4417438	*
H	20290	250	99.6	+	0	0	250M	559851	4417438
L	20212	250	*	*	*	*	*	720463	*
H	20212	250	99.2	+	0	0	250M	559851	720463
L	20012	250	*	*	*	*	*	545758	*
H	20012	250	98.4	+	0	0	21MD33MD29MD164M3I	197313	545758
L	20115	250	*	*	*	*	*	83240	*
H	20115	250	98.4	+	0	0	21MD33MD29MD164M3I	197313	83240
L	20299	250	*	*	*	*	*	4448464	*
H	20299	250	96.4	+	0	0	21MD33MD29MD164M3I	197313	4448464
L	20003	250	*	*	*	*	*	556561	*
H	20003	250	100.0	+	0	0	250M	101071	556561
L	20144	250	*	*	*	*	*	1142	*
H	20144	250	99.2	+	0	0	250M	101071	1142
L	20206	250	*	*	*	*	*	647593	*
H	20206	250	99.6	+	0	0	250M	101071	647593
L	20237	250	*	*	*	*	*	673916	*
H	20237	250	100.0	+	0	0	250M	28138	673916
L	20014	250	*	*	*	*	*	542973	*
H	20014	250	99.6	+	0	0	250M	28138	542973
L	20131	250	*	*	*	*	*	36767	*
H	20131	250	98.4	+	0	0	250M	28138	36767
L	20023	250	*	*	*	*	*	360281	*
H	20023	250	97.2	+	0	0	250M	17995	360281
L	19995	250	*	*	*	*	*	574835	*
H	19995	250	97.2	+	0	0	250M	17995	574835
L	20219	250	*	*	*	*	*	3022550	*
H	20219	250	90.0	+	0	0	250M	17995	3022550
L	20075	250	*	*	*	*	*	138837	*
H	20075	250	99.2	+	0	0	250M	329	138837
L	20178	250	*	*	*	*	*	1128360	*
H	20178	250	95.2	+	0	0	250M	329	1128360
L	20182	250	*	*	*	*	*	1137360	*
H	20182	250	94.0	+	0	0	250M	329	1137360
L	20198	250	*	*	*	*	*	2147799	*
H	20198	250	99.2	+	0	0	250M	779391	2147799
L	19991	250	*	*	*	*	*	591811	*
H	19991	250	98.4	+	0	0	157MD92MI	779391	591811
L	20263	250	*	*	*	*	*	4338135	*
H	20263	250	95.6	+	0	0	250M	779391	4338135
L	20221	250	*	*	*	*	*	841520	*
H	20221	250	99.6	+	0	0	250M	840654	841520
L	20209	250	*	*	*	*	*	1137022	*
H	20209	250	99.6	+	0	0	250M	840654	1137022
L	20197	250	*	*	*	*	*	639719	*
H	20197	250	99.6	+	0	0	250M	840654	639719
L	19971	250	*	*	*	*	*	798060	*
H	19971	250	100.0	+	0	0	250M	4404469	798060
L	20262	250	*	*	*	*	*	4338133	*
H	20262	250	99.6	+	0	0	250M	4404469	4338133
L	19984	250	*	*	*	*	*	675853	*
H	19984	250	95.2	+	0	0	250M	4404469	675853
D	45	2	*	*	*	*	100.0	1105145	*
D	304	2	*	*	*	*	100.0	1050705	*
D	399	2	*	*	*	*	100.0	1029493	*
D	436	2	*	*	*	*	100.0	1019894	*
D	758	2	*	*	*	*	99.2	940737	*
D	767	2	*	*	*	*	99.2	938795	*
D	816	2	*	*	*	*	99.2	926796	*
D	1214	2	*	*	*	*	98.0	835880	*
D	1387	2	*	*	*	*	98.0	802727	*
D	1396	2	*	*	*	*	99.6	799236	*
D	1443	2	*	*	*	*	98.8	776180	*
D	1528	2	*	*	*	*	100.0	726900	*
D	1564	2	*	*	*	*	100.0	707350	*
D	1590	3	*	*	*	*	99.6	697027	*
D	1611	3	*	*	*	*	100.0	687940	*
D	1618	2	*	*	*	*	96.8	682726	*
D	1646	2	*	*	*	*	99.6	668105	*
D	1651	2	*	*	*	*	100.0	666223	*
D	1682	2	*	*	*	*	99.6	650021	*
D	1706	2	*	*	*	*	100.0	633100	*
D	1724	2	*	*	*	*	99.6	628054	*
D	1829	2	*	*	*	*	100.0	591329	*
D	1850	2	*	*	*	*	99.6	589864	*
D	1885	2	*	*	*	*	100.0	588030	*
D	1891	2	*	*	*	*	96.8	587616	*
D	1966	2	*	*	*	*	99.6	583706	*
D	1995	2	*	*	*	*	100.0	582429	*
D	2001	2	*	*	*	*	100.0	582314	*
D	2016	2	*	*	*	*	100.0	581568	*
D	2021	2	*	*	*	*	97.6	581352	*
D	2036	2	*	*	*	*	94.4	580117	*
D	2053	2	*	*	*	*	100.0	579407	*
D	2155	2	*	*	*	*	99.2	574341	*
D	2168	2	*	*	*	*	100.0	573179	*
D	2184	2	*	*	*	*	100.0	571908	*
D	2185	2	*	*	*	*	100.0	571841	*
D	2259	2	*	*	*	*	98.8	567972	*
D	2308	2	*	*	*	*	100.0	565157	*
D	2337	2	*	*	*	*	100.0	563741	*
D	2388	2	*	*	*	*	95.6	561032	*
D	2411	2	*	*	*	*	100.0	559607	*
D	2448	2	*	*	*	*	100.0	557614	*
D	2456	2	*	*	*	*	99.6	557321	*
D	2510	2	*	*	*	*	99.6	554249	*
D	2526	2	*	*	*	*	98.8	553192	*
D	2529	2	*	*	*	*	98.4	553111	*
D	2556	2	*	*	*	*	100.0	551777	*
D	2647	2	*	*	*	*	100.0	546946	*
D	2711	2	*	*	*	*	100.0	542079	*
D	2826	2	*	*	*	*	97.6	534562	*
D	2838	2	*	*	*	*	99.6	533624	*
D	3075	2	*	*	*	*	97.6	526753	*
D	3203	2	*	*	*	*	99.2	523589	*
D	3436	2	*	*	*	*	99.6	517531	*
D	3617	3	*	*	*	*	100.0	512232	*
D	3736	2	*	*	*	*	98.8	484444	*
D	3844	2	*	*	*	*	98.0	444228	*
D	3888	2	*	*	*	*	97.2	430191	*
D	4222	2	*	*	*	*	99.2	366366	*
D	4258	2	*	*	*	*	96.4	365181	*
D	4570	2	*	*	*	*	100.0	4459730	*
D	4584	2	*	*	*	*	99.6	354303	*
D	4633	2	*	*	*	*	99.6	351236	*
D	4660	2	*	*	*	*	98.4	349762	*
D	4678	2	*	*	*	*	98.8	348797	*
D	4901	2	*	*	*	*	99.6	336960	*
D	4927	2	*	*	*	*	98.8	335039	*
D	4950	2	*	*	*	*	100.0	333517	*
D	5011	2	*	*	*	*	100.0	329794	*
D	5067	2	*	*	*	*	100.0	326054	*
D	5082	2	*	*	*	*	100.0	325282	*
D	5088	2	*	*	*	*	99.6	324891	*
D	5150	2	*	*	*	*	94.0	320941	*
D	5301	2	*	*	*	*	100.0	311402	*
D	5307	2	*	*	*	*	100.0	311173	*
D	5545	2	*	*	*	*	100.0	299494	*
D	5555	2	*	*	*	*	99.6	299252	*
D	5621	2	*	*	*	*	100.0	296166	*
D	5626	2	*	*	*	*	100.0	295973	*
D	5843	2	*	*	*	*	100.0	287301	*
D	5858	2	*	*	*	*	99.2	286034	*
D	5861	2	*	*	*	*	99.6	285885	*
D	5963	2	*	*	*	*	99.6	276605	*
D	6130	2	*	*	*	*	98.4	268868	*
D	6137	2	*	*	*	*	100.0	268628	*
D	6169	2	*	*	*	*	99.6	267323	*
D	6253	2	*	*	*	*	100.0	263343	*
D	6306	2	*	*	*	*	100.0	261549	*
D	6331	2	*	*	*	*	100.0	260570	*
D	6405	2	*	*	*	*	99.6	257051	*
D	6416	2	*	*	*	*	100.0	256685	*
D	6483	2	*	*	*	*	100.0	252206	*
D	6553	2	*	*	*	*	100.0	247538	*
D	6566	2	*	*	*	*	99.6	246912	*
D	6616	2	*	*	*	*	98.8	243992	*
D	6618	2	*	*	*	*	99.2	243715	*
D	6641	2	*	*	*	*	100.0	242098	*
D	6646	3	*	*	*	*	100.0	241638	*
D	6695	2	*	*	*	*	93.6	239199	*
D	6731	2	*	*	*	*	98.0	237464	*
D	6737	2	*	*	*	*	100.0	237265	*
D	6757	2	*	*	*	*	100.0	235822	*
D	6765	2	*	*	*	*	100.0	235385	*
D	6809	2	*	*	*	*	99.2	230076	*
D	6832	2	*	*	*	*	100.0	226789	*
D	6928	2	*	*	*	*	99.2	218095	*
D	6976	2	*	*	*	*	99.2	212534	*
D	7057	2	*	*	*	*	99.2	204130	*
D	7292	2	*	*	*	*	99.2	194462	*
D	7331	2	*	*	*	*	100.0	193675	*
D	7407	2	*	*	*	*	96.0	191570	*
D	7604	2	*	*	*	*	94.0	186744	*
D	7657	2	*	*	*	*	100.0	185636	*
D	7751	2	*	*	*	*	99.6	183456	*
D	7796	2	*	*	*	*	100.0	182312	*
D	7833	2	*	*	*	*	95.6	181589	*
D	7850	2	*	*	*	*	100.0	181039	*
D	7935	2	*	*	*	*	100.0	178873	*
D	7961	2	*	*	*	*	100.0	178076	*
D	7967	2	*	*	*	*	100.0	177990	*
D	8023	3	*	*	*	*	100.0	176405	*
D	8064	2	*	*	*	*	99.6	175290	*
D	8198	2	*	*	*	*	99.6	171126	*
D	8290	2	*	*	*	*	100.0	167131	*
D	8324	2	*	*	*	*	100.0	165589	*
D	8408	2	*	*	*	*	99.6	162810	*
D	8598	2	*	*	*	*	100.0	154964	*
D	8679	2	*	*	*	*	90.4	150813	*
D	8740	2	*	*	*	*	100.0	148100	*
D	8823	2	*	*	*	*	99.2	143867	*
D	8824	2	*	*	*	*	100.0	143806	*
D	8825	2	*	*	*	*	100.0	143784	*
D	8837	2	*	*	*	*	97.2	143540	*
D	8851	2	*	*	*	*	98.0	143056	*
D	8864	2	*	*	*	*	99.6	142624	*
D	8894	2	*	*	*	*	95.2	141505	*
D	8930	2	*	*	*	*	99.6	140864	*
D	8974	2	*	*	*	*	100.0	138779	*
D	9010	2	*	*	*	*	99.6	136980	*
D	9023	2	*	*	*	*	96.0	136551	*
D	9032	2	*	*	*	*	99.2	136200	*
D	9037	2	*	*	*	*	99.2	136101	*
D	9042	2	*	*	*	*	97.2	135960	*
D	9059	2	*	*	*	*	99.6	133839	*
D	9060	2	*	*	*	*	100.0	133795	*
D	9122	2	*	*	*	*	100.0	128210	*
D	9132	2	*	*	*	*	100.0	124373	*
D	9164	2	*	*	*	*	98.4	116244	*
D	9224	2	*	*	*	*	100.0	111689	*
D	9255	2	*	*	*	*	100.0	110507	*
D	9268	2	*	*	*	*	100.0	109696	*
D	9272	2	*	*	*	*	99.6	109588	*
D	9293	2	*	*	*	*	99.2	108684	*
D	9305	2	*	*	*	*	98.8	108296	*
D	9396	2	*	*	*	*	98.4	105508	*
D	9455	2	*	*	*	*	99.6	102915	*
D	9468	3	*	*	*	*	99.2	102566	*
D	9491	2	*	*	*	*	98.8	4364282	*
D	9492	2	*	*	*	*	99.6	101611	*
D	9521	2	*	*	*	*	99.6	100650	*
D	9537	2	*	*	*	*	100.0	99951	*
D	9545	2	*	*	*	*	97.6	99527	*
D	9592	2	*	*	*	*	97.2	94130	*
D	9640	2	*	*	*	*	100.0	89979	*
D	9734	2	*	*	*	*	90.8	80764	*
D	9768	2	*	*	*	*	98.8	76334	*
D	9779	2	*	*	*	*	97.2	74541	*
D	9802	2	*	*	*	*	99.2	73484	*
D	9803	2	*	*	*	*	98.4	73433	*
D	9855	2	*	*	*	*	100.0	70512	*
D	9873	2	*	*	*	*	99.2	69463	*
D	9881	2	*	*	*	*	100.0	67654	*
D	9910	2	*	*	*	*	99.2	63190	*
D	9934	2	*	*	*	*	100.0	59721	*
D	10111	2	*	*	*	*	98.8	37519	*
D	10194	2	*	*	*	*	96.0	26629	*
D	10223	2	*	*	*	*	100.0	23551	*
D	10250	2	*	*	*	*	94.8	19936	*
D	10310	2	*	*	*	*	98.8	15716	*
D	10312	2	*	*	*	*	99.6	15691	*
D	10338	2	*	*	*	*	96.4	15033	*
D	10339	2	*	*	*	*	96.4	15025	*
D	10364	2	*	*	*	*	99.6	14554	*
D	10369	2	*	*	*	*	100.0	14511	*
D	10372	2	*	*	*	*	100.0	14500	*
D	10375	2	*	*	*	*	99.6	14468	*
D	10406	2	*	*	*	*	100.0	13973	*
D	10438	2	*	*	*	*	99.6	13469	*
D	10459	2	*	*	*	*	99.6	12879	*
D	10468	2	*	*	*	*	99.6	12852	*
D	10469	2	*	*	*	*	98.8	12850	*
D	10488	2	*	*	*	*	99.2	12527	*
D	10491	2	*	*	*	*	100.0	12520	*
D	10518	2	*	*	*	*	98.0	12185	*
D	10525	2	*	*	*	*	100.0	12133	*
D	10562	2	*	*	*	*	99.6	11440	*
D	10571	2	*	*	*	*	99.6	11197	*
D	10612	2	*	*	*	*	96.8	10400	*
D	10627	2	*	*	*	*	99.2	9961	*
D	10639	2	*	*	*	*	99.2	9753	*
D	10684	2	*	*	*	*	99.2	9137	*
D	10705	2	*	*	*	*	99.6	8842	*
D	10720	2	*	*	*	*	100.0	8420	*
D	10726	2	*	*	*	*	100.0	8185	*
D	10742	2	*	*	*	*	96.4	8010	*
D	10746	2	*	*	*	*	99.6	8001	*
D	10751	2	*	*	*	*	94.4	7980	*
D	10792	2	*	*	*	*	100.0	7344	*
D	10800	2	*	*	*	*	99.6	7126	*
D	10802	2	*	*	*	*	99.2	7098	*
D	10804	2	*	*	*	*	100.0	7043	*
D	10810	2	*	*	*	*	98.0	6517	*
D	10840	2	*	*	*	*	97.6	5639	*
D	10848	2	*	*	*	*	100.0	5518	*
D	10879	2	*	*	*	*	97.6	4469	*
D	10897	2	*	*	*	*	98.8	4082	*
D	10903	2	*	*	*	*	100.0	3949	*
D	10954	2	*	*	*	*	99.2	2218	*
D	11019	2	*	*	*	*	98.0	1521670	*
D	11023	2	*	*	*	*	94.0	1523231	*
D	11049	2	*	*	*	*	100.0	1140324	*
D	11064	2	*	*	*	*	100.0	1546669	*
D	11067	2	*	*	*	*	100.0	635635	*
D	11175	2	*	*	*	*	99.6	1612840	*
D	11210	2	*	*	*	*	100.0	1639373	*
D	11247	2	*	*	*	*	100.0	1118690	*
D	11354	2	*	*	*	*	99.2	1136234	*
D	11375	2	*	*	*	*	98.8	913199	*
D	11438	2	*	*	*	*	100.0	1105677	*
D	11534	2	*	*	*	*	96.4	1803005	*
D	11634	2	*	*	*	*	94.4	1036883	*
D	11635	2	*	*	*	*	100.0	1855583	*
D	11678	2	*	*	*	*	100.0	1050805	*
D	11722	2	*	*	*	*	100.0	1134454	*
D	11727	2	*	*	*	*	100.0	1133244	*
D	11763	2	*	*	*	*	98.4	1138081	*
D	11768	2	*	*	*	*	100.0	681590	*
D	11846	2	*	*	*	*	97.2	817546	*
D	11868	2	*	*	*	*	97.6	1986992	*
D	11957	2	*	*	*	*	100.0	849295	*
D	12189	2	*	*	*	*	100.0	811996	*
D	12241	3	*	*	*	*	99.6	615094	*
D	12353	2	*	*	*	*	100.0	2250345	*
D	12400	2	*	*	*	*	99.6	1075454	*
D	12535	2	*	*	*	*	96.8	2345009	*
D	12537	2	*	*	*	*	99.2	1114718	*
D	12541	2	*	*	*	*	100.0	635820	*
D	12622	2	*	*	*	*	99.6	2398623	*
D	12653	2	*	*	*	*	100.0	1003411	*
D	12767	3	*	*	*	*	100.0	2481940	*
D	12969	2	*	*	*	*	98.8	809850	*
D	13081	2	*	*	*	*	99.6	2655364	*
D	13108	3	*	*	*	*	98.0	2674082	*
D	13182	2	*	*	*	*	98.0	1025853	*
D	13446	2	*	*	*	*	99.2	2874058	*
D	13476	2	*	*	*	*	98.8	2894263	*
D	13575	2	*	*	*	*	99.6	2956782	*
D	13936	2	*	*	*	*	98.8	1131768	*
D	14022	2	*	*	*	*	100.0	781155	*
D	14072	2	*	*	*	*	100.0	1113397	*
D	14219	2	*	*	*	*	99.2	3333609	*
D	14369	2	*	*	*	*	98.8	1124779	*
D	14509	2	*	*	*	*	100.0	1137866	*
D	14613	2	*	*	*	*	99.2	3557576	*
D	14617	2	*	*	*	*	98.8	986748	*
D	14752	2	*	*	*	*	99.2	3630893	*
D	14793	2	*	*	*	*	100.0	1127215	*
D	14854	2	*	*	*	*	98.0	1126217	*
D	14896	2	*	*	*	*	96.0	1138138	*
D	14921	2	*	*	*	*	99.6	3719461	*
D	14981	2	*	*	*	*	99.2	1142026	*
D	15017	2	*	*	*	*	99.2	721199	*
D	15061	2	*	*	*	*	100.0	725444	*
D	15078	2	*	*	*	*	90.0	1130913	*
D	15110	2	*	*	*	*	98.8	1127185	*
D	15187	2	*	*	*	*	100.0	1121805	*
D	15281	2	*	*	*	*	99.2	3942007	*
D	15384	2	*	*	*	*	95.6	4004505	*
D	15395	2	*	*	*	*	99.6	4011753	*
D	15415	2	*	*	*	*	98.4	4020387	*
D	15454	2	*	*	*	*	100.0	4039231	*
D	15477	2	*	*	*	*	96.8	4047452	*
D	15488	2	*	*	*	*	99.2	4055164	*
D	15514	2	*	*	*	*	100.0	723538	*
D	15606	2	*	*	*	*	100.0	1105883	*
D	15615	2	*	*	*	*	99.6	4127893	*
D	15631	2	*	*	*	*	100.0	4135525	*
D	15685	2	*	*	*	*	100.0	1127245	*
D	15785	2	*	*	*	*	99.2	1145812	*
D	15808	2	*	*	*	*	98.0	4242243	*
D	16018	2	*	*	*	*	95.6	4298885	*
D	16073	2	*	*	*	*	100.0	4301398	*
D	16076	2	*	*	*	*	99.2	4301491	*
D	16137	2	*	*	*	*	100.0	4304334	*
D	16169	2	*	*	*	*	100.0	4305519	*
D	16382	3	*	*	*	*	99.6	4314728	*
D	16502	2	*	*	*	*	100.0	4320126	*
D	16605	2	*	*	*	*	99.6	4323865	*
D	16642	2	*	*	*	*	99.2	4325658	*
D	16659	2	*	*	*	*	98.8	4326574	*
D	16678	2	*	*	*	*	99.6	4327593	*
D	16883	2	*	*	*	*	99.2	4337459	*
D	16974	2	*	*	*	*	99.6	4342039	*
D	17021	2	*	*	*	*	95.6	4344419	*
D	17029	2	*	*	*	*	99.2	4344960	*
D	17153	2	*	*	*	*	100.0	4351033	*
D	17203	2	*	*	*	*	94.0	4353615	*
D	17377	2	*	*	*	*	100.0	4361455	*
D	17378	2	*	*	*	*	100.0	4361518	*
D	17383	2	*	*	*	*	100.0	4361600	*
D	17459	2	*	*	*	*	99.2	4365803	*
D	17480	2	*	*	*	*	100.0	4366299	*
D	17561	2	*	*	*	*	100.0	4370215	*
D	17586	2	*	*	*	*	99.2	4371509	*
D	17601	2	*	*	*	*	98.8	4371943	*
D	17625	2	*	*	*	*	92.0	4372619	*
D	17633	2	*	*	*	*	99.2	4373049	*
D	17677	2	*	*	*	*	96.8	4375314	*
D	17690	2	*	*	*	*	94.4	4376296	*
D	17713	2	*	*	*	*	100.0	4377254	*
D	17766	2	*	*	*	*	99.6	4379449	*
D	17849	2	*	*	*	*	98.8	4383599	*
D	18051	2	*	*	*	*	98.0	4392742	*
D	18063	2	*	*	*	*	99.6	4393352	*
D	18086	2	*	*	*	*	98.4	4394897	*
D	18113	2	*	*	*	*	99.6	4396154	*
D	18236	2	*	*	*	*	100.0	4403382	*
D	18237	2	*	*	*	*	99.6	4403441	*
D	18270	2	*	*	*	*	99.6	4405305	*
D	18291	2	*	*	*	*	94.0	4406407	*
D	18322	2	*	*	*	*	100.0	4407476	*
D	18401	2	*	*	*	*	100.0	4411367	*
D	18427	2	*	*	*	*	99.2	4413085	*
D	18441	2	*	*	*	*	100.0	4413572	*
D	18516	2	*	*	*	*	99.6	4416713	*
D	18619	2	*	*	*	*	99.2	4422718	*
D	18657	2	*	*	*	*	97.2	4424397	*
D	18723	2	*	*	*	*	99.2	4427543	*
D	18824	2	*	*	*	*	99.2	4432270	*
D	18852	2	*	*	*	*	100.0	4433752	*
D	18878	2	*	*	*	*	98.0	4434920	*
D	18886	2	*	*	*	*	98.8	4435283	*
D	18989	2	*	*	*	*	97.6	4440056	*
D	19032	2	*	*	*	*	99.6	4442382	*
D	19049	2	*	*	*	*	99.6	4443034	*
D	19136	2	*	*	*	*	98.4	4447141	*
D	19200	2	*	*	*	*	100.0	4450487	*
D	19318	2	*	*	*	*	94.0	4456186	*
D	19412	2	*	*	*	*	97.2	4460578	*
D	19420	2	*	*	*	*	99.2	4461207	*
D	19717	2	*	*	*	*	100.0	4473883	*
D	19769	2	*	*	*	*	96.8	4476049	*
D	19803	2	*	*	*	*	97.2	4477624	*
D	19839	2	*	*	*	*	99.6	4479549	*
D	19910	2	*	*	*	*	95.6	4482363	*
D	19971	2	*	*	*	*	100.0	798060	*
D	19993	2	*	*	*	*	99.6	578012	*
D	19995	2	*	*	*	*	97.2	574835	*
D	20003	2	*	*	*	*	100.0	556561	*
D	20075	2	*	*	*	*	99.2	138837	*
D	20110	2	*	*	*	*	99.6	101553	*
D	20115	2	*	*	*	*	98.4	83240	*
D	20197	2	*	*	*	*	99.6	639719	*
D	20198	2	*	*	*	*	99.2	2147799	*
D	20237	2	*	*	*	*	100.0	673916	*
D	20290	2	*	*	*	*	99.6	4417438	*
