UclustConsensusTaxonAssigner parameters:
id_to_taxonomy_filepath:/Users/nbokulich/Desktop/projects/short-read-tax-assignment/data/novel-taxa-simulations/F1-REF-L3-iter0/ref_taxa.tsv
id_to_taxonomy_fp:/Users/nbokulich/Desktop/projects/short-read-tax-assignment/data/novel-taxa-simulations/F1-REF-L3-iter0/ref_taxa.tsv
max_accepts:3
min_consensus_fraction:0.51
reference_sequences_fp:/Users/nbokulich/Desktop/projects/short-read-tax-assignment/data/novel-taxa-simulations/F1-REF-L3-iter0/ref_seqs.fasta
similarity:0.8
unassignable_label:Unassigned
Result path: /var/folders/0t/l1dz88p50y91vx_22fx5w3780000gn/T/assign-taxIJXsgP

.uc file contents:

# uclust --input /Users/nbokulich/Desktop/projects/short-read-tax-assignment/data/novel-taxa-simulations/F1-REF-L3-iter0/query.fasta --id 0.8 --rev --maxaccepts 3 --allhits --libonly --lib /Users/nbokulich/Desktop/projects/short-read-tax-assignment/data/novel-taxa-simulations/F1-REF-L3-iter0/ref_seqs.fasta --uc /var/folders/0t/l1dz88p50y91vx_22fx5w3780000gn/T/UclustConsensusTaxonAssigner_wyuNIz.uc
# version=1.2.22
# Tab-separated fields:
# 1=Type, 2=ClusterNr, 3=SeqLength or ClusterSize, 4=PctId, 5=Strand, 6=QueryStart, 7=SeedStart, 8=Alignment, 9=QueryLabel, 10=TargetLabel
# Record types (field 1): L=LibSeed, S=NewSeed, H=Hit, R=Reject, D=LibCluster, C=NewCluster, N=NoHit
# For C and D types, PctId is average id with seed.
# QueryStart and SeedStart are zero-based relative to start of sequence.
# If minus strand, SeedStart is relative to reverse-complemented seed.
N	*	250	*	*	*	*	*	SH076443.07FU_FJ362291_reps	*
N	*	250	*	*	*	*	*	SH076524.07FU_KF879505_reps	*
N	*	250	*	*	*	*	*	SH076588.07FU_KF206484_reps	*
N	*	250	*	*	*	*	*	SH076704.07FU_GU292819_reps	*
N	*	250	*	*	*	*	*	SH076706.07FU_UDB015985_reps	*
L	3067	102	*	*	*	*	*	SH113487.07FU_AY755351_refs	*
H	3067	80	85.0	+	0	0	17I21M4I24MI35M	SH077295.07FU_KC595259_reps	SH113487.07FU_AY755351_refs
L	2797	208	*	*	*	*	*	SH110279.07FU_KF376151_reps	*
H	2797	80	86.2	+	0	0	124I21M4I59M	SH077295.07FU_KC595259_reps	SH110279.07FU_KF376151_reps
L	6200	192	*	*	*	*	*	SH106505.07FU_FJ005108_reps	*
H	6200	80	85.0	+	0	0	108I18M4I62M	SH077295.07FU_KC595259_reps	SH106505.07FU_FJ005108_reps
N	*	220	*	*	*	*	*	SH077439.07FU_UDB013419_reps	*
N	*	250	*	*	*	*	*	SH077637.07FU_KJ410695_reps	*
N	*	230	*	*	*	*	*	SH077679.07FU_KC681817_reps	*
L	4420	135	*	*	*	*	*	SH129527.07FU_JF832620_reps	*
H	4420	136	89.6	+	0	0	72M2D11MI51M	SH077750.07FU_HM484548_refs	SH129527.07FU_JF832620_reps
L	2938	133	*	*	*	*	*	SH112517.07FU_DQ914739_reps	*
H	2938	136	91.0	+	0	0	22MD30MD18M2D11MI51M	SH077750.07FU_HM484548_refs	SH112517.07FU_DQ914739_reps
L	6560	213	*	*	*	*	*	SH103162.07FU_GU227812_refs	*
H	6560	136	82.4	+	0	0	56I9M6I32M14I16MI28MI20MD30M	SH077750.07FU_HM484548_refs	SH103162.07FU_GU227812_refs
N	*	230	*	*	*	*	*	SH077873.07FU_JN205814_refs	*
N	*	250	*	*	*	*	*	SH079059.07FU_HM069380_reps	*
L	6340	250	*	*	*	*	*	SH125037.07FU_JX243811_reps	*
H	6340	250	86.4	+	0	0	175MI11M7I56M8D	SH079367.07FU_KF477224_refs	SH125037.07FU_JX243811_reps
L	949	250	*	*	*	*	*	SH086661.07FU_KF673623_reps	*
H	949	250	85.6	+	0	0	179M10I38M3D23M7D	SH079367.07FU_KF477224_refs	SH086661.07FU_KF673623_reps
L	938	250	*	*	*	*	*	SH086648.07FU_EF422848_refs	*
H	938	250	86.4	+	0	0	177MI9M8I31M3D24M6D	SH079367.07FU_KF477224_refs	SH086648.07FU_EF422848_refs
N	*	191	*	*	*	*	*	SH079415.07FU_UDB004158_reps	*
N	*	250	*	*	*	*	*	SH082040.07FU_JX905535_reps	*
L	3864	174	*	*	*	*	*	SH122652.07FU_FJ919663_refs	*
H	3864	219	86.8	+	0	0	5D18M2D64M39D53MI38M	SH086524.07FU_JX646791_refs	SH122652.07FU_FJ919663_refs
N	*	170	*	*	*	*	*	SH090838.07FU_EF635906_refs	*
L	1607	115	*	*	*	*	*	SH093810.07FU_AY259054_reps	*
H	1607	220	94.8	+	0	0	105D115M	SH093788.07FU_AY854966_reps	SH093810.07FU_AY259054_reps
L	1625	250	*	*	*	*	*	SH093986.07FU_KC966140_reps	*
H	1625	250	97.2	+	0	0	250M	SH093982.07FU_GU328623_reps	SH093986.07FU_KC966140_reps
L	1624	250	*	*	*	*	*	SH093983.07FU_GU328572_reps	*
H	1624	250	88.4	+	0	0	99MD150MI	SH093982.07FU_GU328623_reps	SH093983.07FU_GU328572_reps
L	3391	250	*	*	*	*	*	SH116917.07FU_JF449588_reps	*
H	3391	175	84.0	+	0	0	8D14MI43M4I20M3I24MI10M2I26MD29M73I	SH102037.07FU_AF444292_refs	SH116917.07FU_JF449588_reps
L	3392	250	*	*	*	*	*	SH116918.07FU_AF444538_refs	*
H	3392	175	88.6	+	0	0	22MI43M4I18M4I26MI10M2I26MD29M64I	SH102037.07FU_AF444292_refs	SH116918.07FU_AF444538_refs
L	3241	250	*	*	*	*	*	SH115471.07FU_AB263119_reps	*
H	3241	175	90.3	+	0	0	22MI33MI39M2I10MI16MI21MI34M68I	SH102037.07FU_AF444292_refs	SH115471.07FU_AB263119_reps
L	3266	250	*	*	*	*	*	SH116016.07FU_GQ153117_reps	*
H	3266	250	86.8	+	0	0	31MI87M2D22MD17M4D18MD67M7I	SH103324.07FU_FN665415_reps	SH116016.07FU_GQ153117_reps
H	3266	250	84.0	+	0	0	18MD14M2I71M5D141M4I	SH103786.07FU_JN040515_refs	SH116016.07FU_GQ153117_reps
N	*	178	*	*	*	*	*	SH108225.07FU_AF201728_refs	*
L	1356	250	*	*	*	*	*	SH091589.07FU_FN394552_reps	*
H	1356	170	90.6	+	0	0	170M80I	SH113831.07FU_KC457179_reps	SH091589.07FU_FN394552_reps
L	6069	250	*	*	*	*	*	SH091607.07FU_FN394561_reps	*
H	6069	170	91.2	+	0	0	170M80I	SH113831.07FU_KC457179_reps	SH091607.07FU_FN394561_reps
L	1354	250	*	*	*	*	*	SH091583.07FU_FN394547_reps	*
H	1354	170	91.8	+	0	0	170M80I	SH113831.07FU_KC457179_reps	SH091583.07FU_FN394547_reps
N	*	250	*	*	*	*	*	SH116157.07FU_EF596819_refs	*
L	3420	250	*	*	*	*	*	SH117300.07FU_JQ414235_refs	*
H	3420	250	83.6	+	0	0	6I46MD187M4D11MD	SH119477.07FU_JQ761877_reps	SH117300.07FU_JQ414235_refs
L	4560	250	*	*	*	*	*	SH132386.07FU_HG934110_reps	*
H	4560	250	82.8	+	0	0	4I21M4D25MD188M3I9M2D	SH119477.07FU_JQ761877_reps	SH132386.07FU_HG934110_reps
L	266	250	*	*	*	*	*	SH078718.07FU_AY661686_reps	*
H	266	250	82.8	+	0	0	6I21M3D36M2I185M5D	SH119477.07FU_JQ761877_reps	SH078718.07FU_AY661686_reps
D	938	2	*	*	*	*	86.4	SH086648.07FU_EF422848_refs	*
D	1354	2	*	*	*	*	91.8	SH091583.07FU_FN394547_reps	*
D	1607	2	*	*	*	*	94.8	SH093810.07FU_AY259054_reps	*
D	1625	2	*	*	*	*	97.2	SH093986.07FU_KC966140_reps	*
D	2797	2	*	*	*	*	86.3	SH110279.07FU_KF376151_reps	*
D	2938	2	*	*	*	*	91.0	SH112517.07FU_DQ914739_reps	*
D	3241	2	*	*	*	*	90.3	SH115471.07FU_AB263119_reps	*
D	3266	3	*	*	*	*	85.4	SH116016.07FU_GQ153117_reps	*
D	3420	2	*	*	*	*	83.6	SH117300.07FU_JQ414235_refs	*
D	3864	2	*	*	*	*	86.8	SH122652.07FU_FJ919663_refs	*
