UclustConsensusTaxonAssigner parameters:
id_to_taxonomy_filepath:/Users/nbokulich/Desktop/ref_dbs/gg_13_8_otus/taxonomy/99_otu_taxonomy.txt
id_to_taxonomy_fp:/Users/nbokulich/Desktop/ref_dbs/gg_13_8_otus/taxonomy/99_otu_taxonomy.txt
max_accepts:3
min_consensus_fraction:0.76
reference_sequences_fp:/Users/nbokulich/Desktop/ref_dbs/gg_13_8_otus/rep_set/99_otus/dna-sequences.fasta
similarity:0.9
unassignable_label:Unassigned
Result path: /var/folders/0t/l1dz88p50y91vx_22fx5w3780000gn/T/assign-taxy6UFTx

.uc file contents:

# uclust --input /Users/nbokulich/Desktop/projects/short-read-tax-assignment/data/mock-community/mock-1/rep_seqs.fna --id 0.9 --rev --maxaccepts 3 --allhits --libonly --lib /Users/nbokulich/Desktop/ref_dbs/gg_13_8_otus/rep_set/99_otus/dna-sequences.fasta --uc /var/folders/0t/l1dz88p50y91vx_22fx5w3780000gn/T/UclustConsensusTaxonAssigner_rAEfFt.uc
# version=1.2.22
# Tab-separated fields:
# 1=Type, 2=ClusterNr, 3=SeqLength or ClusterSize, 4=PctId, 5=Strand, 6=QueryStart, 7=SeedStart, 8=Alignment, 9=QueryLabel, 10=TargetLabel
# Record types (field 1): L=LibSeed, S=NewSeed, H=Hit, R=Reject, D=LibCluster, C=NewCluster, N=NoHit
# For C and D types, PctId is average id with seed.
# QueryStart and SeedStart are zero-based relative to start of sequence.
# If minus strand, SeedStart is relative to reverse-complemented seed.
L	84337	250	*	*	*	*	*	188392	*
H	84337	100	99.0	+	0	0	D99M151I	ae3fd1a9083ed263b3d55bf6c6572a66	188392
L	84384	250	*	*	*	*	*	188254	*
H	84384	100	99.0	+	0	0	D99M151I	ae3fd1a9083ed263b3d55bf6c6572a66	188254
L	84448	250	*	*	*	*	*	188073	*
H	84448	100	99.0	+	0	0	D99M151I	ae3fd1a9083ed263b3d55bf6c6572a66	188073
L	176901	250	*	*	*	*	*	4377813	*
H	176901	100	99.0	+	0	0	D99M151I	cf1b2275183b5e241f602660c32084a0	4377813
L	10172	250	*	*	*	*	*	817146	*
H	10172	100	99.0	+	0	0	D99M151I	cf1b2275183b5e241f602660c32084a0	817146
L	12984	250	*	*	*	*	*	751643	*
H	12984	100	98.0	+	0	0	D99M151I	cf1b2275183b5e241f602660c32084a0	751643
L	84322	250	*	*	*	*	*	188442	*
H	84322	100	99.0	+	0	0	D99M151I	e3338a6d212a227ebed5fef419540db4	188442
L	86298	250	*	*	*	*	*	182483	*
H	86298	100	99.0	+	0	0	D99M151I	e3338a6d212a227ebed5fef419540db4	182483
L	61394	250	*	*	*	*	*	288326	*
H	61394	100	99.0	+	0	0	D99M151I	e3338a6d212a227ebed5fef419540db4	288326
L	52906	250	*	*	*	*	*	320826	*
H	52906	100	98.0	+	0	0	D99M151I	3a4ad16e672a171006b1d474099b55af	320826
L	52500	250	*	*	*	*	*	322549	*
H	52500	100	98.0	+	0	0	D99M151I	3a4ad16e672a171006b1d474099b55af	322549
L	51656	250	*	*	*	*	*	325855	*
H	51656	100	98.0	+	0	0	D99M151I	3a4ad16e672a171006b1d474099b55af	325855
L	182666	250	*	*	*	*	*	4407293	*
H	182666	100	99.0	+	0	0	D99M151I	9380cc18a1a5bc2912b765c5d9217228	4407293
L	187370	250	*	*	*	*	*	4430704	*
H	187370	100	99.0	+	0	0	D99M151I	9380cc18a1a5bc2912b765c5d9217228	4430704
L	87470	250	*	*	*	*	*	178873	*
H	87470	100	99.0	+	0	0	D99M151I	9380cc18a1a5bc2912b765c5d9217228	178873
L	10188	250	*	*	*	*	*	817029	*
H	10188	100	99.0	+	0	0	D99M151I	eb8cc7bdabeb5e7dd1ed8af57f5b0daf	817029
L	128503	250	*	*	*	*	*	925483	*
H	128503	100	99.0	+	0	0	D99M151I	eb8cc7bdabeb5e7dd1ed8af57f5b0daf	925483
L	40691	250	*	*	*	*	*	397744	*
H	40691	100	99.0	+	0	0	D99M151I	eb8cc7bdabeb5e7dd1ed8af57f5b0daf	397744
L	43389	250	*	*	*	*	*	360653	*
H	43389	100	99.0	+	0	0	D99M151I	f402191c9af7a947b43e1b00c61020bf	360653
L	43386	250	*	*	*	*	*	360671	*
H	43386	100	99.0	+	0	0	D99M151I	f402191c9af7a947b43e1b00c61020bf	360671
L	141497	250	*	*	*	*	*	3180933	*
H	141497	100	99.0	+	0	0	D99M151I	f402191c9af7a947b43e1b00c61020bf	3180933
L	117666	250	*	*	*	*	*	1792161	*
H	117666	100	100.0	+	0	0	109I100M41I	94ae91ae3283572954655746fb032acf	1792161
L	151774	250	*	*	*	*	*	3799784	*
H	151774	100	100.0	+	0	0	100M150I	94ae91ae3283572954655746fb032acf	3799784
L	174850	250	*	*	*	*	*	4367202	*
H	174850	100	99.0	+	0	0	D99M151I	94ae91ae3283572954655746fb032acf	4367202
L	103106	250	*	*	*	*	*	101022	*
H	103106	100	99.0	+	0	0	D99M151I	e982d34d5ab0e281529b2e6c3cc05a9a	101022
L	78119	250	*	*	*	*	*	214919	*
H	78119	100	99.0	+	0	0	D99M151I	e982d34d5ab0e281529b2e6c3cc05a9a	214919
L	103491	250	*	*	*	*	*	99508	*
H	103491	100	99.0	+	0	0	D99M151I	e982d34d5ab0e281529b2e6c3cc05a9a	99508
L	26367	250	*	*	*	*	*	558081	*
H	26367	100	99.0	+	0	0	D99M151I	c555555429c1755561922342687d5c38	558081
L	189530	250	*	*	*	*	*	4441228	*
H	189530	100	99.0	+	0	0	D99M151I	c555555429c1755561922342687d5c38	4441228
L	11986	250	*	*	*	*	*	788593	*
H	11986	100	99.0	+	0	0	D99M151I	c555555429c1755561922342687d5c38	788593
L	129398	250	*	*	*	*	*	2470908	*
H	129398	100	99.0	+	0	0	D99M151I	a00b9c018f69cc6cd04f5cefe2fd597f	2470908
L	53203	250	*	*	*	*	*	319621	*
H	53203	100	99.0	+	0	0	D99M151I	a00b9c018f69cc6cd04f5cefe2fd597f	319621
L	84648	250	*	*	*	*	*	187477	*
H	84648	100	99.0	+	0	0	D99M151I	a00b9c018f69cc6cd04f5cefe2fd597f	187477
L	50791	250	*	*	*	*	*	329414	*
H	50791	100	99.0	+	0	0	D99M151I	764da292321733abac7b8cb8a3edbf9d	329414
L	50730	250	*	*	*	*	*	329688	*
H	50730	100	99.0	+	0	0	D99M151I	764da292321733abac7b8cb8a3edbf9d	329688
L	57128	250	*	*	*	*	*	303310	*
H	57128	100	99.0	+	0	0	D99M151I	764da292321733abac7b8cb8a3edbf9d	303310
L	140914	250	*	*	*	*	*	3148387	*
H	140914	100	99.0	+	0	0	D99M151I	401393ccc59ff136f641aa1446a546c1	3148387
L	130575	250	*	*	*	*	*	2545906	*
H	130575	100	99.0	+	0	0	D99M151I	401393ccc59ff136f641aa1446a546c1	2545906
L	140980	250	*	*	*	*	*	3152468	*
H	140980	100	99.0	+	0	0	D99M151I	401393ccc59ff136f641aa1446a546c1	3152468
L	1361	250	*	*	*	*	*	1092833	*
H	1361	100	99.0	+	0	0	D99M151I	d576931ccf5a703f450ace9f143ee8b4	1092833
L	126887	250	*	*	*	*	*	1119586	*
H	126887	100	99.0	+	0	0	D99M151I	d576931ccf5a703f450ace9f143ee8b4	1119586
L	115244	250	*	*	*	*	*	849907	*
H	115244	100	99.0	+	0	0	D99M151I	d576931ccf5a703f450ace9f143ee8b4	849907
L	109975	250	*	*	*	*	*	14600	*
H	109975	100	99.0	+	0	0	D99M151I	e20a0f57b52073ee1b6521dba38cefdc	14600
L	50210	250	*	*	*	*	*	331789	*
H	50210	100	99.0	+	0	0	D99M151I	e20a0f57b52073ee1b6521dba38cefdc	331789
L	65486	250	*	*	*	*	*	269392	*
H	65486	100	99.0	+	0	0	D99M151I	e20a0f57b52073ee1b6521dba38cefdc	269392
L	150272	250	*	*	*	*	*	3713346	*
H	150272	100	100.0	+	0	0	100M150I	9fb362cee1a00312771d8e424f194e84	3713346
L	174373	250	*	*	*	*	*	4364974	*
H	174373	100	99.0	+	0	0	D99M151I	9fb362cee1a00312771d8e424f194e84	4364974
L	134876	250	*	*	*	*	*	2794237	*
H	134876	100	99.0	+	0	0	D99M151I	9fb362cee1a00312771d8e424f194e84	2794237
L	166685	250	*	*	*	*	*	4325290	*
H	166685	100	91.0	+	0	0	D99M151I	df5654cd5f1d6c8a8cb0fcea7633f1dc	4325290
L	155842	250	*	*	*	*	*	851717	*
H	155842	100	99.0	+	0	0	D99M151I	d4150f79c5a50bf146ec8e92b2847e29	851717
L	84960	250	*	*	*	*	*	186576	*
H	84960	100	98.0	+	0	0	D99M151I	d4150f79c5a50bf146ec8e92b2847e29	186576
L	34093	250	*	*	*	*	*	525985	*
H	34093	100	98.0	+	0	0	D99M151I	d4150f79c5a50bf146ec8e92b2847e29	525985
L	42543	250	*	*	*	*	*	364792	*
H	42543	100	99.0	+	0	0	D99M151I	71e83b88aa4df1b015781696b2dd31ce	364792
L	140265	250	*	*	*	*	*	3110775	*
H	140265	100	99.0	+	0	0	D99M151I	71e83b88aa4df1b015781696b2dd31ce	3110775
L	148286	250	*	*	*	*	*	3588391	*
H	148286	100	98.0	+	0	0	D99M151I	71e83b88aa4df1b015781696b2dd31ce	3588391
L	182294	250	*	*	*	*	*	4405377	*
H	182294	100	99.0	+	0	0	D99M151I	a9a1c30204696db9c655c27f3f38eaf8	4405377
L	130574	250	*	*	*	*	*	2545820	*
H	130574	100	99.0	+	0	0	D99M151I	a9a1c30204696db9c655c27f3f38eaf8	2545820
L	123568	250	*	*	*	*	*	2129168	*
H	123568	100	99.0	+	0	0	D99M151I	a9a1c30204696db9c655c27f3f38eaf8	2129168
L	113912	250	*	*	*	*	*	1578136	*
H	113912	100	99.0	+	0	0	D99M151I	f20fb2f66a531022cb4081008570e517	1578136
L	196326	250	*	*	*	*	*	4475901	*
H	196326	100	99.0	+	0	0	D99M151I	f20fb2f66a531022cb4081008570e517	4475901
L	44081	250	*	*	*	*	*	356760	*
H	44081	100	99.0	+	0	0	D99M151I	f20fb2f66a531022cb4081008570e517	356760
L	150440	250	*	*	*	*	*	3722859	*
H	150440	100	99.0	+	0	0	D99M151I	c21b2df50ac1a409561531a73d61bb28	3722859
L	190034	250	*	*	*	*	*	4443846	*
H	190034	100	99.0	+	0	0	D99M151I	c21b2df50ac1a409561531a73d61bb28	4443846
L	180536	250	*	*	*	*	*	4396136	*
H	180536	100	99.0	+	0	0	D99M151I	c21b2df50ac1a409561531a73d61bb28	4396136
L	197750	250	*	*	*	*	*	4482944	*
H	197750	100	99.0	+	0	0	D99M151I	47fd2931d25caf868858c1499f8cb590	4482944
L	9601	250	*	*	*	*	*	822394	*
H	9601	100	99.0	+	0	0	D99M151I	47fd2931d25caf868858c1499f8cb590	822394
L	24558	250	*	*	*	*	*	565537	*
H	24558	100	99.0	+	0	0	D99M151I	47fd2931d25caf868858c1499f8cb590	565537
L	82241	250	*	*	*	*	*	194586	*
H	82241	100	99.0	+	0	0	D99M151I	672d66003027cc8866b20555b9a9bc08	194586
L	81029	250	*	*	*	*	*	198272	*
H	81029	100	99.0	+	0	0	D99M151I	672d66003027cc8866b20555b9a9bc08	198272
L	150346	250	*	*	*	*	*	3717608	*
H	150346	100	99.0	+	0	0	D99M151I	672d66003027cc8866b20555b9a9bc08	3717608
L	146814	250	*	*	*	*	*	851804	*
H	146814	100	99.0	+	0	0	D99M151I	33cb5642b8acbab338bad1511d361531	851804
L	138180	250	*	*	*	*	*	2979308	*
H	138180	100	99.0	+	0	0	D99M151I	33cb5642b8acbab338bad1511d361531	2979308
L	191684	250	*	*	*	*	*	4452649	*
H	191684	100	98.0	+	0	0	D99M151I	33cb5642b8acbab338bad1511d361531	4452649
L	87814	250	*	*	*	*	*	177836	*
H	87814	100	99.0	+	0	0	D99M151I	fbbc2e6803c8d581b22c44868563cd3e	177836
L	192249	250	*	*	*	*	*	4455524	*
H	192249	100	99.0	+	0	0	D99M151I	fbbc2e6803c8d581b22c44868563cd3e	4455524
L	133507	250	*	*	*	*	*	2713718	*
H	133507	100	99.0	+	0	0	D99M151I	fbbc2e6803c8d581b22c44868563cd3e	2713718
L	97973	250	*	*	*	*	*	136271	*
H	97973	100	99.0	+	0	0	D99M151I	f63549d0f538e5099f5751042f11ee59	136271
L	82255	250	*	*	*	*	*	194552	*
H	82255	100	99.0	+	0	0	D99M151I	f63549d0f538e5099f5751042f11ee59	194552
L	87619	250	*	*	*	*	*	178447	*
H	87619	100	99.0	+	0	0	D99M151I	f63549d0f538e5099f5751042f11ee59	178447
L	42551	250	*	*	*	*	*	364753	*
H	42551	100	99.0	+	0	0	D99M151I	3db5bd5d40f91507d4ac0ec5af0aeedd	364753
L	20973	250	*	*	*	*	*	580171	*
H	20973	100	99.0	+	0	0	D99M151I	3db5bd5d40f91507d4ac0ec5af0aeedd	580171
L	38715	250	*	*	*	*	*	493071	*
H	38715	100	99.0	+	0	0	D99M151I	3db5bd5d40f91507d4ac0ec5af0aeedd	493071
L	195008	250	*	*	*	*	*	4469302	*
H	195008	100	99.0	+	0	0	D99M151I	8d256a3f0213cdd567c7a44e149bddd3	4469302
L	19173	250	*	*	*	*	*	586550	*
H	19173	100	99.0	+	0	0	D99M151I	8d256a3f0213cdd567c7a44e149bddd3	586550
L	164324	250	*	*	*	*	*	4314006	*
H	164324	100	99.0	+	0	0	D99M151I	8d256a3f0213cdd567c7a44e149bddd3	4314006
L	30759	250	*	*	*	*	*	539854	*
H	30759	100	99.0	+	0	0	D99M151I	1ac3a5250619587bf49aa4c9ec992982	539854
L	170693	250	*	*	*	*	*	4345464	*
H	170693	100	99.0	+	0	0	D99M151I	1ac3a5250619587bf49aa4c9ec992982	4345464
L	16888	250	*	*	*	*	*	610462	*
H	16888	100	99.0	+	0	0	D99M151I	1ac3a5250619587bf49aa4c9ec992982	610462
L	44268	250	*	*	*	*	*	355969	*
H	44268	100	99.0	+	0	0	D99M151I	eb407ae7857218ca60b7dcbaedda798b	355969
L	80777	250	*	*	*	*	*	199036	*
H	80777	100	99.0	+	0	0	D99M151I	eb407ae7857218ca60b7dcbaedda798b	199036
L	33457	250	*	*	*	*	*	528686	*
H	33457	100	99.0	+	0	0	D99M151I	eb407ae7857218ca60b7dcbaedda798b	528686
L	42420	250	*	*	*	*	*	365385	*
H	42420	100	99.0	+	0	0	D99M151I	8d7906aaedba210b3557e46178edf7b6	365385
L	38844	250	*	*	*	*	*	469852	*
H	38844	100	99.0	+	0	0	D99M151I	8d7906aaedba210b3557e46178edf7b6	469852
L	3841	250	*	*	*	*	*	997439	*
H	3841	100	97.0	+	0	0	D99M151I	8d7906aaedba210b3557e46178edf7b6	997439
L	139092	250	*	*	*	*	*	1127578	*
H	139092	100	100.0	+	0	0	9I100M141I	17f6385198e1538440b2a7fa0958b634	1127578
L	197279	250	*	*	*	*	*	4480512	*
H	197279	100	99.0	+	0	0	D99M151I	17f6385198e1538440b2a7fa0958b634	4480512
L	111010	250	*	*	*	*	*	10205	*
H	111010	100	99.0	+	0	0	D99M151I	17f6385198e1538440b2a7fa0958b634	10205
L	185335	250	*	*	*	*	*	4420417	*
H	185335	100	99.0	+	0	0	D99M151I	d8a04aca35be0550519f39d294a0cdd8	4420417
L	124613	250	*	*	*	*	*	841374	*
H	124613	100	99.0	+	0	0	D99M151I	d8a04aca35be0550519f39d294a0cdd8	841374
L	87943	250	*	*	*	*	*	177454	*
H	87943	100	99.0	+	0	0	D99M151I	d8a04aca35be0550519f39d294a0cdd8	177454
L	87860	250	*	*	*	*	*	177695	*
H	87860	100	98.0	+	0	0	D99M151I	aa31d21b81190b84a66ad5932eaa4a7f	177695
L	116003	250	*	*	*	*	*	1696438	*
H	116003	100	98.0	+	0	0	D99M151I	aa31d21b81190b84a66ad5932eaa4a7f	1696438
L	87851	250	*	*	*	*	*	177732	*
H	87851	100	98.0	+	0	0	D99M151I	aa31d21b81190b84a66ad5932eaa4a7f	177732
L	7736	250	*	*	*	*	*	851323	*
H	7736	100	99.0	+	0	0	D99M151I	6f9a9f1f27d3c30308561e7a660dcb3a	851323
L	171311	250	*	*	*	*	*	4348872	*
H	171311	100	99.0	+	0	0	D99M151I	6f9a9f1f27d3c30308561e7a660dcb3a	4348872
L	141309	250	*	*	*	*	*	3168538	*
H	141309	100	99.0	+	0	0	D99M151I	6f9a9f1f27d3c30308561e7a660dcb3a	3168538
L	56355	250	*	*	*	*	*	306582	*
H	56355	100	100.0	+	0	0	100M150I	d58a391c4e4ac94d240def236096bd84	306582
L	58995	250	*	*	*	*	*	296659	*
H	58995	100	99.0	+	0	0	D99M151I	d58a391c4e4ac94d240def236096bd84	296659
L	58967	250	*	*	*	*	*	296734	*
H	58967	100	99.0	+	0	0	D99M151I	d58a391c4e4ac94d240def236096bd84	296734
L	84828	250	*	*	*	*	*	186974	*
H	84828	100	99.0	+	0	0	D99M151I	30e570d4cfd1ff589e3013b60a2ad35a	186974
L	85271	250	*	*	*	*	*	185647	*
H	85271	100	99.0	+	0	0	D99M151I	30e570d4cfd1ff589e3013b60a2ad35a	185647
L	35592	250	*	*	*	*	*	519550	*
H	35592	100	99.0	+	0	0	D99M151I	30e570d4cfd1ff589e3013b60a2ad35a	519550
L	128013	250	*	*	*	*	*	2390935	*
H	128013	100	99.0	+	0	0	D99M151I	1d283e3dc7097f1a592fd8dabb780465	2390935
L	179365	250	*	*	*	*	*	4390134	*
H	179365	100	99.0	+	0	0	D99M151I	1d283e3dc7097f1a592fd8dabb780465	4390134
L	155557	250	*	*	*	*	*	4020502	*
H	155557	100	99.0	+	0	0	D99M151I	1d283e3dc7097f1a592fd8dabb780465	4020502
L	82418	250	*	*	*	*	*	194110	*
H	82418	100	98.0	+	0	0	D99M151I	b14250b2bbb639ed0b6e0b390f7a88e1	194110
L	79324	250	*	*	*	*	*	207487	*
H	79324	100	98.0	+	0	0	D99M151I	b14250b2bbb639ed0b6e0b390f7a88e1	207487
L	42013	250	*	*	*	*	*	367439	*
H	42013	100	98.0	+	0	0	D99M151I	b14250b2bbb639ed0b6e0b390f7a88e1	367439
L	176947	250	*	*	*	*	*	4378081	*
H	176947	100	99.0	+	0	0	D99M151I	31f836306dcdc796651d1da148f32114	4378081
L	54724	250	*	*	*	*	*	313166	*
H	54724	100	99.0	+	0	0	D99M151I	31f836306dcdc796651d1da148f32114	313166
L	163920	250	*	*	*	*	*	4312024	*
H	163920	100	98.0	+	0	0	D99M151I	31f836306dcdc796651d1da148f32114	4312024
L	85411	250	*	*	*	*	*	185242	*
H	85411	100	99.0	+	0	0	D99M151I	0dba84d8f8e46d4836265d85320c2804	185242
L	139769	250	*	*	*	*	*	3078863	*
H	139769	100	99.0	+	0	0	D99M151I	0dba84d8f8e46d4836265d85320c2804	3078863
L	53883	250	*	*	*	*	*	316761	*
H	53883	100	99.0	+	0	0	D99M151I	0dba84d8f8e46d4836265d85320c2804	316761
L	30221	250	*	*	*	*	*	542096	*
H	30221	100	99.0	+	0	0	D99M151I	f7a26c1dd9c8372f6b82b00611d085b8	542096
L	84858	250	*	*	*	*	*	186888	*
H	84858	100	99.0	+	0	0	D99M151I	f7a26c1dd9c8372f6b82b00611d085b8	186888
L	18646	250	*	*	*	*	*	588525	*
H	18646	100	99.0	+	0	0	D99M151I	f7a26c1dd9c8372f6b82b00611d085b8	588525
L	109139	250	*	*	*	*	*	24370	*
H	109139	100	99.0	+	0	0	D99M151I	acde4cd386fe3243b74078f76c0538ba	24370
L	107291	250	*	*	*	*	*	52166	*
H	107291	100	99.0	+	0	0	D99M151I	acde4cd386fe3243b74078f76c0538ba	52166
L	107232	250	*	*	*	*	*	53032	*
H	107232	100	99.0	+	0	0	D99M151I	acde4cd386fe3243b74078f76c0538ba	53032
L	123679	250	*	*	*	*	*	2136916	*
H	123679	100	99.0	+	0	0	D99M151I	79116b416c8dc7bdc72c68ae05a06b0b	2136916
L	175409	250	*	*	*	*	*	4370008	*
H	175409	100	96.0	+	0	0	D99M151I	79116b416c8dc7bdc72c68ae05a06b0b	4370008
L	187228	250	*	*	*	*	*	4429963	*
H	187228	100	94.0	+	0	0	D99M151I	79116b416c8dc7bdc72c68ae05a06b0b	4429963
L	193213	250	*	*	*	*	*	4460263	*
H	193213	100	99.0	+	0	0	D99M151I	99feb49cf28693fe421407313356b628	4460263
L	114757	250	*	*	*	*	*	1632200	*
H	114757	100	99.0	+	0	0	D99M151I	99feb49cf28693fe421407313356b628	1632200
L	122089	250	*	*	*	*	*	1105928	*
H	122089	100	99.0	+	0	0	D99M151I	99feb49cf28693fe421407313356b628	1105928
L	79447	250	*	*	*	*	*	206854	*
H	79447	100	99.0	+	0	0	D99M151I	6c469cae2fc79fc2152d4091a9724849	206854
L	80650	250	*	*	*	*	*	199421	*
H	80650	100	99.0	+	0	0	D99M151I	6c469cae2fc79fc2152d4091a9724849	199421
L	87766	250	*	*	*	*	*	177987	*
H	87766	100	99.0	+	0	0	D99M151I	6c469cae2fc79fc2152d4091a9724849	177987
L	167960	250	*	*	*	*	*	4331760	*
H	167960	100	99.0	+	0	0	D99M151I	ccab85ff5cd8c004b61dd0700ffae1c5	4331760
L	129594	250	*	*	*	*	*	1107652	*
H	129594	100	93.0	+	0	0	D99M151I	ccab85ff5cd8c004b61dd0700ffae1c5	1107652
L	78653	250	*	*	*	*	*	211541	*
H	78653	100	96.0	+	0	0	D99M151I	ccab85ff5cd8c004b61dd0700ffae1c5	211541
L	82883	250	*	*	*	*	*	192680	*
H	82883	100	99.0	+	0	0	D99M151I	3f3bff5295b6bb9f06c10b47eac13335	192680
L	87694	250	*	*	*	*	*	178213	*
H	87694	100	99.0	+	0	0	D99M151I	3f3bff5295b6bb9f06c10b47eac13335	178213
L	193759	250	*	*	*	*	*	4463108	*
H	193759	100	99.0	+	0	0	D99M151I	3f3bff5295b6bb9f06c10b47eac13335	4463108
L	64990	250	*	*	*	*	*	271084	*
H	64990	100	99.0	+	0	0	D99M151I	ded73d99a8ef24dadc2e2ef82c6e41a9	271084
L	64582	250	*	*	*	*	*	272463	*
H	64582	100	99.0	+	0	0	D99M151I	ded73d99a8ef24dadc2e2ef82c6e41a9	272463
L	83369	250	*	*	*	*	*	191258	*
H	83369	100	99.0	+	0	0	D99M151I	ded73d99a8ef24dadc2e2ef82c6e41a9	191258
L	56777	250	*	*	*	*	*	304743	*
H	56777	100	99.0	+	0	0	D99M151I	5e6588f4e24d999e71ba87a60183ce62	304743
L	163478	250	*	*	*	*	*	4309797	*
H	163478	100	99.0	+	0	0	D99M151I	5e6588f4e24d999e71ba87a60183ce62	4309797
L	93404	250	*	*	*	*	*	154109	*
H	93404	100	99.0	+	0	0	D99M151I	5e6588f4e24d999e71ba87a60183ce62	154109
L	86591	250	*	*	*	*	*	181603	*
H	86591	100	99.0	+	0	0	D99M151I	a0d14fe04e3334b38f983e8c330d7e9e	181603
L	170034	250	*	*	*	*	*	4342104	*
H	170034	100	99.0	+	0	0	D99M151I	a0d14fe04e3334b38f983e8c330d7e9e	4342104
L	134186	250	*	*	*	*	*	2748888	*
H	134186	100	99.0	+	0	0	D99M151I	a0d14fe04e3334b38f983e8c330d7e9e	2748888
L	81753	250	*	*	*	*	*	195987	*
H	81753	100	99.0	+	0	0	D99M151I	1d111d0630895431a16f05812883224f	195987
L	86872	250	*	*	*	*	*	180687	*
H	86872	100	99.0	+	0	0	D99M151I	1d111d0630895431a16f05812883224f	180687
L	153768	250	*	*	*	*	*	839794	*
H	153768	100	99.0	+	0	0	D99M151I	1d111d0630895431a16f05812883224f	839794
L	84458	250	*	*	*	*	*	188039	*
H	84458	100	99.0	+	0	0	D99M151I	6b8891d5cff668485421026b6fa4bf7b	188039
L	190412	250	*	*	*	*	*	4445864	*
H	190412	100	99.0	+	0	0	D99M151I	6b8891d5cff668485421026b6fa4bf7b	4445864
L	88826	250	*	*	*	*	*	174676	*
H	88826	100	99.0	+	0	0	D99M151I	6b8891d5cff668485421026b6fa4bf7b	174676
L	125902	250	*	*	*	*	*	672456	*
H	125902	100	99.0	+	0	0	D99M151I	0ba7a8ff8e358537bf15c5633d3f48d9	672456
L	147291	250	*	*	*	*	*	3529444	*
H	147291	100	99.0	+	0	0	D99M151I	0ba7a8ff8e358537bf15c5633d3f48d9	3529444
L	67751	250	*	*	*	*	*	261653	*
H	67751	100	99.0	+	0	0	D99M151I	0ba7a8ff8e358537bf15c5633d3f48d9	261653
L	146026	250	*	*	*	*	*	3450455	*
H	146026	100	99.0	+	0	0	D99M151I	0784f8383a88372c6c496ab5dc554064	3450455
L	41716	250	*	*	*	*	*	368905	*
H	41716	100	99.0	+	0	0	D99M151I	0784f8383a88372c6c496ab5dc554064	368905
L	78338	250	*	*	*	*	*	213487	*
H	78338	100	99.0	+	0	0	D99M151I	0784f8383a88372c6c496ab5dc554064	213487
L	41742	250	*	*	*	*	*	368769	*
H	41742	100	99.0	+	0	0	D99M151I	e1422f9cbb27723f9b51e306eea4fa80	368769
L	41435	250	*	*	*	*	*	370309	*
H	41435	100	98.0	+	0	0	D99M151I	e1422f9cbb27723f9b51e306eea4fa80	370309
L	134780	250	*	*	*	*	*	951072	*
H	134780	100	98.0	+	0	0	D99M151I	e1422f9cbb27723f9b51e306eea4fa80	951072
L	46224	250	*	*	*	*	*	348006	*
H	46224	100	99.0	+	0	0	D99M151I	7180d5481f0c1705a082248593f8cff2	348006
L	192551	250	*	*	*	*	*	4456853	*
H	192551	100	99.0	+	0	0	D99M151I	7180d5481f0c1705a082248593f8cff2	4456853
L	142200	250	*	*	*	*	*	3220964	*
H	142200	100	99.0	+	0	0	D99M151I	7180d5481f0c1705a082248593f8cff2	3220964
L	81585	250	*	*	*	*	*	196536	*
H	81585	100	99.0	+	0	0	D99M151I	9d36bf52fd89c2ea09c7f8ad79c868ae	196536
L	81600	250	*	*	*	*	*	196488	*
H	81600	100	99.0	+	0	0	D99M151I	9d36bf52fd89c2ea09c7f8ad79c868ae	196488
L	83565	250	*	*	*	*	*	190675	*
H	83565	100	99.0	+	0	0	D99M151I	9d36bf52fd89c2ea09c7f8ad79c868ae	190675
L	181979	250	*	*	*	*	*	4403622	*
H	181979	100	99.0	+	0	0	D99M151I	c2df82b0dda444f77639a81c5adde8aa	4403622
L	137082	250	*	*	*	*	*	2917953	*
H	137082	100	99.0	+	0	0	D99M151I	c2df82b0dda444f77639a81c5adde8aa	2917953
L	148226	250	*	*	*	*	*	3584703	*
H	148226	100	99.0	+	0	0	D99M151I	c2df82b0dda444f77639a81c5adde8aa	3584703
D	10172	2	*	*	*	*	99.0	817146	*
D	11986	2	*	*	*	*	99.0	788593	*
D	16888	2	*	*	*	*	99.0	610462	*
D	18646	2	*	*	*	*	99.0	588525	*
D	24558	2	*	*	*	*	99.0	565537	*
D	33457	2	*	*	*	*	99.0	528686	*
D	35592	2	*	*	*	*	99.0	519550	*
D	38715	2	*	*	*	*	99.0	493071	*
D	38844	2	*	*	*	*	99.0	469852	*
D	40691	2	*	*	*	*	99.0	397744	*
D	41742	2	*	*	*	*	99.0	368769	*
D	42013	2	*	*	*	*	98.0	367439	*
D	44081	2	*	*	*	*	99.0	356760	*
D	51656	2	*	*	*	*	98.0	325855	*
D	53883	2	*	*	*	*	99.0	316761	*
D	54724	2	*	*	*	*	99.0	313166	*
D	56355	2	*	*	*	*	100.0	306582	*
D	57128	2	*	*	*	*	99.0	303310	*
D	61394	2	*	*	*	*	99.0	288326	*
D	65486	2	*	*	*	*	99.0	269392	*
D	67751	2	*	*	*	*	99.0	261653	*
D	78338	2	*	*	*	*	99.0	213487	*
D	83369	2	*	*	*	*	99.0	191258	*
D	83565	2	*	*	*	*	99.0	190675	*
D	84448	2	*	*	*	*	99.0	188073	*
D	84648	2	*	*	*	*	99.0	187477	*
D	87470	2	*	*	*	*	99.0	178873	*
D	87619	2	*	*	*	*	99.0	178447	*
D	87766	2	*	*	*	*	99.0	177987	*
D	87851	2	*	*	*	*	98.0	177732	*
D	87943	2	*	*	*	*	99.0	177454	*
D	88826	2	*	*	*	*	99.0	174676	*
D	93404	2	*	*	*	*	99.0	154109	*
D	103491	2	*	*	*	*	99.0	99508	*
D	107232	2	*	*	*	*	99.0	53032	*
D	115244	2	*	*	*	*	99.0	849907	*
D	122089	2	*	*	*	*	99.0	1105928	*
D	123568	2	*	*	*	*	99.0	2129168	*
D	123679	2	*	*	*	*	99.0	2136916	*
D	133507	2	*	*	*	*	99.0	2713718	*
D	134186	2	*	*	*	*	99.0	2748888	*
D	138180	2	*	*	*	*	99.0	2979308	*
D	139092	2	*	*	*	*	100.0	1127578	*
D	140265	2	*	*	*	*	99.0	3110775	*
D	140980	2	*	*	*	*	99.0	3152468	*
D	141309	2	*	*	*	*	99.0	3168538	*
D	141497	2	*	*	*	*	99.0	3180933	*
D	142200	2	*	*	*	*	99.0	3220964	*
D	148226	2	*	*	*	*	99.0	3584703	*
D	150272	2	*	*	*	*	100.0	3713346	*
D	150346	2	*	*	*	*	99.0	3717608	*
D	151774	2	*	*	*	*	100.0	3799784	*
D	153768	2	*	*	*	*	99.0	839794	*
D	155557	2	*	*	*	*	99.0	4020502	*
D	155842	2	*	*	*	*	99.0	851717	*
D	164324	2	*	*	*	*	99.0	4314006	*
D	166685	2	*	*	*	*	91.0	4325290	*
D	167960	2	*	*	*	*	99.0	4331760	*
D	180536	2	*	*	*	*	99.0	4396136	*
D	193759	2	*	*	*	*	99.0	4463108	*
