UclustConsensusTaxonAssigner parameters:
id_to_taxonomy_filepath:/Users/nbokulich/Desktop/projects/short-read-tax-assignment/data/simulated-community/B1-REF-iter2/ref_taxa.tsv
id_to_taxonomy_fp:/Users/nbokulich/Desktop/projects/short-read-tax-assignment/data/simulated-community/B1-REF-iter2/ref_taxa.tsv
max_accepts:3
min_consensus_fraction:0.76
reference_sequences_fp:/Users/nbokulich/Desktop/projects/short-read-tax-assignment/data/simulated-community/B1-REF-iter2/ref_seqs.fasta
similarity:0.8
unassignable_label:Unassigned
Result path: /var/folders/0t/l1dz88p50y91vx_22fx5w3780000gn/T/assign-taxCuyRcL

.uc file contents:

# uclust --input /Users/nbokulich/Desktop/projects/short-read-tax-assignment/data/simulated-community/B1-REF-iter2/query.fasta --id 0.8 --rev --maxaccepts 3 --allhits --libonly --lib /Users/nbokulich/Desktop/projects/short-read-tax-assignment/data/simulated-community/B1-REF-iter2/ref_seqs.fasta --uc /var/folders/0t/l1dz88p50y91vx_22fx5w3780000gn/T/UclustConsensusTaxonAssigner_f9U0zQ.uc
# version=1.2.22
# Tab-separated fields:
# 1=Type, 2=ClusterNr, 3=SeqLength or ClusterSize, 4=PctId, 5=Strand, 6=QueryStart, 7=SeedStart, 8=Alignment, 9=QueryLabel, 10=TargetLabel
# Record types (field 1): L=LibSeed, S=NewSeed, H=Hit, R=Reject, D=LibCluster, C=NewCluster, N=NoHit
# For C and D types, PctId is average id with seed.
# QueryStart and SeedStart are zero-based relative to start of sequence.
# If minus strand, SeedStart is relative to reverse-complemented seed.
L	3932	250	*	*	*	*	*	1086672	*
H	3932	250	100.0	+	0	0	250M	1110799	1086672
L	3767	250	*	*	*	*	*	2579939	*
H	3767	250	99.2	+	0	0	250M	1110799	2579939
L	3071	250	*	*	*	*	*	7509	*
H	3071	250	95.2	+	0	0	250M	1110799	7509
L	961	250	*	*	*	*	*	386088	*
H	961	250	97.6	+	0	0	250M	1102814	386088
L	1826	250	*	*	*	*	*	222818	*
H	1826	250	96.8	+	0	0	2D15MI233MI	1102814	222818
L	4031	250	*	*	*	*	*	925397	*
H	4031	250	95.6	+	0	0	250M	1102814	925397
L	3893	250	*	*	*	*	*	1139117	*
H	3893	250	95.2	+	0	0	250M	1083016	1139117
L	281	250	*	*	*	*	*	812790	*
H	281	250	94.8	+	0	0	250M	1083016	812790
L	2351	250	*	*	*	*	*	160203	*
H	2351	250	92.0	+	0	0	9D23MI40MI20MI158M6I	1083016	160203
L	4741	250	*	*	*	*	*	4312974	*
H	4741	250	98.0	+	0	0	250M	1073436	4312974
L	2158	250	*	*	*	*	*	181589	*
H	2158	250	97.6	+	0	0	250M	1073436	181589
L	18	250	*	*	*	*	*	1103964	*
H	18	250	97.6	+	0	0	250M	1073436	1103964
L	4494	250	*	*	*	*	*	902903	*
H	4494	250	99.2	+	0	0	250M	1043951	902903
L	4556	250	*	*	*	*	*	861595	*
H	4556	250	98.8	+	0	0	250M	1043951	861595
L	3264	250	*	*	*	*	*	1042485	*
H	3264	250	98.8	+	0	0	250M	1043951	1042485
L	5590	250	*	*	*	*	*	4456894	*
H	5590	250	98.0	+	0	0	250M	1028133	4456894
L	2975	250	*	*	*	*	*	12520	*
H	2975	250	98.0	+	0	0	250M	1028133	12520
L	4481	250	*	*	*	*	*	776873	*
H	4481	250	98.0	+	0	0	250M	1028133	776873
L	3692	250	*	*	*	*	*	898309	*
H	3692	250	99.2	+	0	0	250M	999477	898309
L	4731	250	*	*	*	*	*	4310398	*
H	4731	250	99.2	+	0	0	250M	999477	4310398
L	91	250	*	*	*	*	*	1012376	*
H	91	250	96.0	+	0	0	49MD200MI	999477	1012376
L	3674	250	*	*	*	*	*	2421587	*
H	3674	250	98.4	+	0	0	D249MI	824723	2421587
L	4465	250	*	*	*	*	*	784643	*
H	4465	250	97.2	+	0	0	D249MI	824723	784643
L	5268	250	*	*	*	*	*	4400789	*
H	5268	250	96.4	+	0	0	D249MI	824723	4400789
L	2908	250	*	*	*	*	*	16103	*
H	2908	250	99.6	+	0	0	250M	776622	16103
L	2909	250	*	*	*	*	*	16101	*
H	2909	250	98.0	+	0	0	250M	776622	16101
L	2911	250	*	*	*	*	*	16092	*
H	2911	250	93.6	+	0	0	250M	776622	16092
L	3511	250	*	*	*	*	*	816056	*
H	3511	250	98.8	+	0	0	250M	742260	816056
L	3665	250	*	*	*	*	*	1130952	*
H	3665	250	98.8	+	0	0	250M	742260	1130952
L	1768	250	*	*	*	*	*	239649	*
H	1768	250	95.2	+	0	0	10MI239MD	742260	239649
L	4312	250	*	*	*	*	*	1136710	*
H	4312	250	99.2	+	0	0	250M	692823	1136710
L	5083	250	*	*	*	*	*	4371645	*
H	5083	250	99.2	+	0	0	250M	692823	4371645
L	5747	250	*	*	*	*	*	4480189	*
H	5747	250	99.2	+	0	0	250M	692823	4480189
L	1184	250	*	*	*	*	*	338757	*
H	1184	250	96.8	+	0	0	250M	685156	338757
L	1208	250	*	*	*	*	*	332720	*
H	1208	250	93.6	+	0	0	250M	685156	332720
L	1183	250	*	*	*	*	*	338852	*
H	1183	250	93.6	+	0	0	250M	685156	338852
L	1879	250	*	*	*	*	*	203093	*
H	1879	250	99.2	+	0	0	250M	589792	203093
L	555	250	*	*	*	*	*	566216	*
H	555	250	99.2	+	0	0	250M	589792	566216
L	3183	250	*	*	*	*	*	1136676	*
H	3183	250	98.0	+	0	0	250M	589792	1136676
L	4293	250	*	*	*	*	*	3643491	*
H	4293	250	99.6	+	0	0	5MI244MD	589597	3643491
L	1604	250	*	*	*	*	*	265715	*
H	1604	250	99.6	+	0	0	250M	589597	265715
L	5455	250	*	*	*	*	*	4432796	*
H	5455	250	99.6	+	0	0	250M	589597	4432796
L	2660	250	*	*	*	*	*	100203	*
H	2660	250	99.2	+	0	0	250M	587602	100203
L	1682	250	*	*	*	*	*	256685	*
H	1682	250	98.8	+	0	0	250M	587602	256685
L	2732	250	*	*	*	*	*	75332	*
H	2732	250	98.4	+	0	0	250M	587602	75332
L	1148	250	*	*	*	*	*	342928	*
H	1148	250	98.4	+	0	0	250M	569939	342928
L	3281	250	*	*	*	*	*	831729	*
H	3281	250	97.6	+	0	0	96MI153MD	569939	831729
L	3066	250	*	*	*	*	*	7821	*
H	3066	250	98.0	+	0	0	250M	569939	7821
L	1143	250	*	*	*	*	*	343273	*
H	1143	250	100.0	+	0	0	250M	568228	343273
L	3849	250	*	*	*	*	*	2749362	*
H	3849	250	98.8	+	0	0	250M	568228	2749362
L	3332	250	*	*	*	*	*	1129461	*
H	3332	250	97.6	+	0	0	250M	568228	1129461
L	1713	250	*	*	*	*	*	250063	*
H	1713	250	98.0	+	0	0	234MI15MD	567491	250063
L	1761	250	*	*	*	*	*	240661	*
H	1761	250	97.2	+	0	0	234MI15MD	567491	240661
L	1570	250	*	*	*	*	*	269962	*
H	1570	250	96.8	+	0	0	234MI15MD	567491	269962
L	4637	250	*	*	*	*	*	4295230	*
H	4637	250	98.0	+	0	0	119MD130MI	556300	4295230
L	3409	250	*	*	*	*	*	786876	*
H	3409	250	97.6	+	0	0	119MD130MI	556300	786876
L	641	250	*	*	*	*	*	552208	*
H	641	250	87.2	+	0	0	119MD130MI	556300	552208
L	2652	250	*	*	*	*	*	101466	*
H	2652	250	100.0	+	0	0	250M	553653	101466
L	4673	250	*	*	*	*	*	4301491	*
H	4673	250	100.0	+	0	0	250M	553653	4301491
L	691	250	*	*	*	*	*	540478	*
H	691	250	100.0	+	0	0	250M	553653	540478
L	2991	250	*	*	*	*	*	12048	*
H	2991	250	98.8	+	0	0	65MD154MI30M	549754	12048
L	2990	250	*	*	*	*	*	12056	*
H	2990	250	98.8	+	0	0	65MD154MI30M	549754	12056
L	1684	250	*	*	*	*	*	256507	*
H	1684	250	96.8	+	0	0	65MD89M5I65MI25M5D	549754	256507
L	718	250	*	*	*	*	*	534898	*
H	718	250	99.6	+	0	0	218MD31MI	539107	534898
L	2293	250	*	*	*	*	*	169538	*
H	2293	250	99.6	+	0	0	218MD31MI	539107	169538
L	2657	250	*	*	*	*	*	100650	*
H	2657	250	99.6	+	0	0	218MD31MI	539107	100650
L	2349	250	*	*	*	*	*	160832	*
H	2349	250	97.2	+	0	0	198MD51MI	536986	160832
L	3036	250	*	*	*	*	*	9134	*
H	3036	250	97.2	+	0	0	198MD51MI	536986	9134
L	3035	250	*	*	*	*	*	9138	*
H	3035	250	97.2	+	0	0	198MD51MI	536986	9138
L	1121	250	*	*	*	*	*	347063	*
H	1121	250	100.0	+	0	0	250M	536754	347063
L	1061	250	*	*	*	*	*	356144	*
H	1061	250	100.0	+	0	0	250M	536754	356144
L	937	250	*	*	*	*	*	411486	*
H	937	250	100.0	+	0	0	250M	536754	411486
L	1756	250	*	*	*	*	*	241289	*
H	1756	250	97.6	+	0	0	250M	533999	241289
L	1708	250	*	*	*	*	*	250626	*
H	1708	250	97.6	+	0	0	250M	533999	250626
L	3356	250	*	*	*	*	*	614944	*
H	3356	250	97.2	+	0	0	250M	533999	614944
L	1009	250	*	*	*	*	*	364824	*
H	1009	250	93.6	+	0	0	250M	524219	364824
L	2152	250	*	*	*	*	*	181791	*
H	2152	250	93.6	+	0	0	250M	524219	181791
L	2302	250	*	*	*	*	*	168260	*
H	2302	250	93.6	+	0	0	250M	524219	168260
L	4166	250	*	*	*	*	*	681370	*
H	4166	250	98.8	+	0	0	112MI137MD	519290	681370
L	2746	250	*	*	*	*	*	72820	*
H	2746	250	98.8	+	0	0	250M	519290	72820
L	978	250	*	*	*	*	*	370225	*
H	978	250	98.4	+	0	0	250M	519290	370225
L	3304	250	*	*	*	*	*	1137471	*
H	3304	250	99.6	+	0	0	250M	471412	1137471
L	3024	250	*	*	*	*	*	9518	*
H	3024	250	99.2	+	0	0	250M	471412	9518
L	2759	250	*	*	*	*	*	70580	*
H	2759	250	98.0	+	0	0	250M	471412	70580
L	3349	250	*	*	*	*	*	1124808	*
H	3349	250	100.0	+	0	0	250M	423025	1124808
L	665	250	*	*	*	*	*	546546	*
H	665	250	100.0	+	0	0	250M	423025	546546
L	3554	250	*	*	*	*	*	838147	*
H	3554	250	98.8	+	0	0	250M	423025	838147
L	5741	250	*	*	*	*	*	4479467	*
H	5741	250	100.0	+	0	0	250M	391286	4479467
L	914	250	*	*	*	*	*	449595	*
H	914	250	99.2	+	0	0	134MI115MD	391286	449595
L	927	250	*	*	*	*	*	429048	*
H	927	250	98.0	+	0	0	17MI44MI16MI52MI8MI108M5D	391286	429048
L	5511	250	*	*	*	*	*	4442407	*
H	5511	250	95.2	+	0	0	250M	336110	4442407
L	3636	250	*	*	*	*	*	1114718	*
H	3636	250	95.6	+	0	0	250M	336110	1114718
L	4211	250	*	*	*	*	*	1146228	*
H	4211	250	95.2	+	0	0	250M	336110	1146228
L	2841	250	*	*	*	*	*	42931	*
H	2841	250	99.6	+	0	0	250M	335256	42931
L	1357	250	*	*	*	*	*	303204	*
H	1357	250	99.2	+	0	0	250M	335256	303204
L	909	250	*	*	*	*	*	455671	*
H	909	250	96.4	+	0	0	95MI32MI36MI84M3D	335256	455671
L	1979	250	*	*	*	*	*	193710	*
H	1979	250	99.6	+	0	0	250M	329820	193710
L	2196	250	*	*	*	*	*	179018	*
H	2196	250	99.2	+	0	0	32MI217MD	329820	179018
L	4643	250	*	*	*	*	*	4295707	*
H	4643	250	99.2	+	0	0	79MI170MD	329820	4295707
L	1062	250	*	*	*	*	*	356089	*
H	1062	250	99.6	+	0	0	250M	316438	356089
L	1150	250	*	*	*	*	*	342801	*
H	1150	250	99.6	+	0	0	250M	316438	342801
L	2505	250	*	*	*	*	*	137026	*
H	2505	250	99.2	+	0	0	14MI235MD	316438	137026
L	1305	250	*	*	*	*	*	311765	*
H	1305	250	98.8	+	0	0	250M	313305	311765
L	2444	250	*	*	*	*	*	146603	*
H	2444	250	98.4	+	0	0	250M	313305	146603
L	1122	250	*	*	*	*	*	347059	*
H	1122	250	98.4	+	0	0	250M	313305	347059
L	3250	250	*	*	*	*	*	1684221	*
H	3250	250	92.0	+	0	0	250M	304382	1684221
L	4441	250	*	*	*	*	*	791348	*
H	4441	250	84.8	+	0	0	250M	304382	791348
L	546	250	*	*	*	*	*	567650	*
H	546	250	82.0	+	0	0	250M	304382	567650
L	3502	250	*	*	*	*	*	745650	*
H	3502	250	98.4	+	0	0	250M	288677	745650
L	2443	250	*	*	*	*	*	146665	*
H	2443	250	91.2	+	0	0	250M	288677	146665
L	1801	250	*	*	*	*	*	233573	*
H	1801	250	93.6	+	0	0	250M	288677	233573
L	4202	250	*	*	*	*	*	714746	*
H	4202	250	99.6	+	0	0	250M	287811	714746
L	1470	250	*	*	*	*	*	289911	*
H	1470	250	97.2	+	0	0	250M	287811	289911
L	723	250	*	*	*	*	*	533624	*
H	723	250	89.2	+	0	0	86MD163MI	287811	533624
L	531	250	*	*	*	*	*	569952	*
H	531	250	100.0	+	0	0	250M	286874	569952
L	5266	250	*	*	*	*	*	4400476	*
H	5266	250	99.2	+	0	0	179MI70MD	286874	4400476
L	5436	250	*	*	*	*	*	4429771	*
H	5436	250	98.4	+	0	0	250M	286874	4429771
L	3598	250	*	*	*	*	*	2279387	*
H	3598	250	100.0	+	0	0	250M	285908	2279387
L	247	250	*	*	*	*	*	832674	*
H	247	250	100.0	+	0	0	250M	285908	832674
L	1075	250	*	*	*	*	*	353532	*
H	1075	250	100.0	+	0	0	250M	285908	353532
H	2158	250	97.6	+	0	0	26M2I16MI205M3D	276567	181589
L	5572	250	*	*	*	*	*	4454736	*
H	5572	250	96.8	+	0	0	26M2I16MI63MI141M4D	276567	4454736
H	4741	250	97.2	+	0	0	26M2I16MI205M3D	276567	4312974
L	1560	250	*	*	*	*	*	270928	*
H	1560	250	99.6	+	0	0	50MD199MI	268935	270928
L	1611	250	*	*	*	*	*	264416	*
H	1611	250	99.6	+	0	0	50MD199MI	268935	264416
L	1556	250	*	*	*	*	*	271234	*
H	1556	250	98.8	+	0	0	50MD175MI24M	268935	271234
L	1659	250	*	*	*	*	*	259732	*
H	1659	250	97.6	+	0	0	250M	268353	259732
L	3568	250	*	*	*	*	*	2211108	*
H	3568	250	97.6	+	0	0	250M	268353	2211108
L	3439	250	*	*	*	*	*	850108	*
H	3439	250	97.6	+	0	0	250M	268353	850108
L	4373	250	*	*	*	*	*	721199	*
H	4373	250	99.2	+	0	0	250M	261920	721199
L	728	250	*	*	*	*	*	532994	*
H	728	250	98.0	+	0	0	250M	261920	532994
L	5439	250	*	*	*	*	*	4430475	*
H	5439	250	98.0	+	0	0	250M	261920	4430475
L	5372	250	*	*	*	*	*	4418394	*
H	5372	250	97.2	+	0	0	I51MD198M	255365	4418394
L	2533	250	*	*	*	*	*	131902	*
H	2533	250	97.6	+	0	0	I51MD198M	255365	131902
L	3609	250	*	*	*	*	*	2297613	*
H	3609	250	97.2	+	0	0	I51MD198M	255365	2297613
L	84	250	*	*	*	*	*	1019904	*
H	84	250	95.6	+	0	0	250M	248219	1019904
L	4572	250	*	*	*	*	*	4189551	*
H	4572	250	95.6	+	0	0	250M	248219	4189551
L	581	250	*	*	*	*	*	561099	*
H	581	250	94.8	+	0	0	250M	248219	561099
L	2497	250	*	*	*	*	*	138840	*
H	2497	250	99.2	+	0	0	250M	246575	138840
L	1516	250	*	*	*	*	*	276867	*
H	1516	250	97.6	+	0	0	250M	246575	276867
L	5479	250	*	*	*	*	*	4435982	*
H	5479	250	97.6	+	0	0	250M	246575	4435982
L	543	250	*	*	*	*	*	567840	*
H	543	250	98.4	+	0	0	158MD12MD39MD9MD28M4I	239139	567840
L	2574	250	*	*	*	*	*	111553	*
H	2574	250	96.8	+	0	0	158MD12MD39MD9MD28M4I	239139	111553
L	2787	250	*	*	*	*	*	62406	*
H	2787	250	96.8	+	0	0	158MD12MD39MD9MD28M4I	239139	62406
L	4922	250	*	*	*	*	*	4347159	*
H	4922	250	100.0	+	0	0	250M	235262	4347159
H	978	250	100.0	+	0	0	250M	235262	370225
H	2746	250	99.6	+	0	0	250M	235262	72820
L	2130	250	*	*	*	*	*	183456	*
H	2130	250	96.8	+	0	0	129MD19MD41MD7MD42MD7M5I	227662	183456
L	5639	250	*	*	*	*	*	4465295	*
H	5639	250	96.8	+	0	0	129MD19MD41MD7MD42MD7M5I	227662	4465295
L	3693	250	*	*	*	*	*	2448302	*
H	3693	250	96.4	+	0	0	38MD90MD19MD41MD7MD42MD7M6I	227662	2448302
L	5371	250	*	*	*	*	*	4418165	*
H	5371	250	98.4	+	0	0	188MI61MD	205417	4418165
L	671	250	*	*	*	*	*	544824	*
H	671	250	98.4	+	0	0	188MI61MD	205417	544824
L	2726	250	*	*	*	*	*	77675	*
H	2726	250	98.0	+	0	0	188MI61MD	205417	77675
L	2288	250	*	*	*	*	*	170244	*
H	2288	250	98.8	+	0	0	54MD195MI	203115	170244
L	28	250	*	*	*	*	*	1094359	*
H	28	250	88.0	+	0	0	D249MI	203115	1094359
L	2501	250	*	*	*	*	*	138056	*
H	2501	250	94.8	+	0	0	54MD195MI	203115	138056
L	1424	250	*	*	*	*	*	294550	*
H	1424	250	95.6	+	0	0	196MI12MI40M2D	201537	294550
L	5447	250	*	*	*	*	*	4431608	*
H	5447	250	96.0	+	0	0	195MI13MI40M2D	201537	4431608
L	480	250	*	*	*	*	*	578837	*
H	480	250	96.0	+	0	0	195MI13MI40M2D	201537	578837
L	3307	250	*	*	*	*	*	1002608	*
H	3307	250	98.8	+	0	0	54MI18MI27MI117M3D31M	199880	1002608
L	459	250	*	*	*	*	*	581361	*
H	459	250	96.4	+	0	0	72MI26MI150M2D	199880	581361
L	2508	250	*	*	*	*	*	136508	*
H	2508	250	96.4	+	0	0	72MI26MI150M2D	199880	136508
L	4066	250	*	*	*	*	*	812476	*
H	4066	250	100.0	+	0	0	250M	199630	812476
L	2869	250	*	*	*	*	*	29805	*
H	2869	250	96.4	+	0	0	250M	199630	29805
L	3791	250	*	*	*	*	*	1119342	*
H	3791	250	94.0	+	0	0	250M	199630	1119342
L	4733	250	*	*	*	*	*	4311005	*
H	4733	250	98.4	+	0	0	225MI24MD	196652	4311005
L	2493	250	*	*	*	*	*	139410	*
H	2493	250	98.4	+	0	0	250M	196652	139410
L	2550	250	*	*	*	*	*	125947	*
H	2550	250	98.4	+	0	0	250M	196652	125947
L	2253	250	*	*	*	*	*	174654	*
H	2253	250	100.0	+	0	0	250M	192515	174654
L	3556	250	*	*	*	*	*	798581	*
H	3556	250	100.0	+	0	0	250M	192515	798581
L	998	250	*	*	*	*	*	366195	*
H	998	250	100.0	+	0	0	250M	192515	366195
L	2827	250	*	*	*	*	*	48874	*
H	2827	250	98.4	+	0	0	123MD126MI	191359	48874
L	282	250	*	*	*	*	*	811272	*
H	282	250	96.8	+	0	0	123MD126MI	191359	811272
L	3417	250	*	*	*	*	*	1122588	*
H	3417	250	96.8	+	0	0	126MD123MI	191359	1122588
L	4337	250	*	*	*	*	*	1121530	*
H	4337	250	100.0	+	0	0	250M	178213	1121530
L	5626	250	*	*	*	*	*	4463108	*
H	5626	250	100.0	+	0	0	250M	178213	4463108
L	4052	250	*	*	*	*	*	3200278	*
H	4052	250	98.8	+	0	0	250M	178213	3200278
L	4155	250	*	*	*	*	*	1115352	*
H	4155	250	99.6	+	0	0	250M	175954	1115352
L	662	250	*	*	*	*	*	547806	*
H	662	250	96.8	+	0	0	134MD115MI	175954	547806
L	1593	250	*	*	*	*	*	267698	*
H	1593	250	96.4	+	0	0	134MD115MI	175954	267698
L	2532	250	*	*	*	*	*	132602	*
H	2532	250	99.2	+	0	0	250M	175108	132602
L	1566	250	*	*	*	*	*	270229	*
H	1566	250	98.4	+	0	0	250M	175108	270229
L	2776	250	*	*	*	*	*	67228	*
H	2776	250	98.4	+	0	0	250M	175108	67228
L	2297	250	*	*	*	*	*	168583	*
H	2297	250	99.2	+	0	0	250M	172804	168583
L	4717	250	*	*	*	*	*	4307897	*
H	4717	250	96.4	+	0	0	250M	172804	4307897
L	1442	250	*	*	*	*	*	292424	*
H	1442	250	96.4	+	0	0	250M	172804	292424
L	2316	250	*	*	*	*	*	165882	*
H	2316	250	99.2	+	0	0	250M	166268	165882
L	2306	250	*	*	*	*	*	167717	*
H	2306	250	98.8	+	0	0	250M	166268	167717
L	2309	250	*	*	*	*	*	167440	*
H	2309	250	98.8	+	0	0	250M	166268	167440
L	2301	250	*	*	*	*	*	168326	*
H	2301	250	97.6	+	0	0	209MD40MI	162595	168326
L	2322	250	*	*	*	*	*	164718	*
H	2322	250	97.6	+	0	0	209MD40MI	162595	164718
L	2319	250	*	*	*	*	*	165383	*
H	2319	250	97.6	+	0	0	209MD40MI	162595	165383
L	2345	250	*	*	*	*	*	161024	*
H	2345	250	98.4	+	0	0	250M	160928	161024
L	3034	250	*	*	*	*	*	9155	*
H	3034	250	98.0	+	0	0	250M	160928	9155
L	2765	250	*	*	*	*	*	70057	*
H	2765	250	98.0	+	0	0	250M	160928	70057
L	5220	250	*	*	*	*	*	4391672	*
H	5220	250	99.2	+	0	0	250M	151023	4391672
L	2740	250	*	*	*	*	*	73951	*
H	2740	250	99.2	+	0	0	250M	151023	73951
L	2661	250	*	*	*	*	*	100100	*
H	2661	250	99.2	+	0	0	250M	151023	100100
L	2439	250	*	*	*	*	*	147086	*
H	2439	250	97.6	+	0	0	250M	150229	147086
L	3437	250	*	*	*	*	*	1126194	*
H	3437	250	94.0	+	0	0	250M	150229	1126194
L	653	250	*	*	*	*	*	549640	*
H	653	250	94.0	+	0	0	250M	150229	549640
L	1609	250	*	*	*	*	*	264482	*
H	1609	250	95.2	+	0	0	60MD32MD156M2I	142011	264482
H	5372	250	94.8	+	0	0	60MD32MD156M2I	142011	4418394
H	3609	250	95.2	+	0	0	60MD32MD156M2I	142011	2297613
L	2510	250	*	*	*	*	*	136328	*
H	2510	250	94.4	+	0	0	250M	136092	136328
L	2517	250	*	*	*	*	*	135960	*
H	2517	250	90.0	+	0	0	250M	136092	135960
L	4302	250	*	*	*	*	*	3651487	*
H	4302	250	90.4	+	0	0	250M	136092	3651487
L	584	250	*	*	*	*	*	560804	*
H	584	250	98.4	+	0	0	250M	129337	560804
L	1377	250	*	*	*	*	*	300711	*
H	1377	250	87.6	+	0	0	250M	129337	300711
L	2694	250	*	*	*	*	*	89669	*
H	2694	250	84.8	+	0	0	250M	129337	89669
H	4733	250	88.4	+	0	0	124MD13MD17M8I17MI8MI6M3I11MI10MI29M13D	119349	4311005
H	2493	250	88.4	+	0	0	124MD13MD17M8I17MI8MI6M3I11MI40M12D	119349	139410
H	2550	250	88.4	+	0	0	124MD13MD17M8I17MI8MI6M3I11MI40M12D	119349	125947
L	3111	250	*	*	*	*	*	4562	*
H	3111	250	98.8	+	0	0	167MD82MI	114930	4562
L	3109	250	*	*	*	*	*	4566	*
H	3109	250	98.4	+	0	0	167MD82MI	114930	4566
L	3110	250	*	*	*	*	*	4563	*
H	3110	250	97.6	+	0	0	167MD82MI	114930	4563
L	1387	250	*	*	*	*	*	299576	*
H	1387	250	98.8	+	0	0	250M	113265	299576
L	796	250	*	*	*	*	*	522984	*
H	796	250	98.8	+	0	0	250M	113265	522984
L	3887	250	*	*	*	*	*	752554	*
H	3887	250	98.8	+	0	0	250M	113265	752554
L	712	250	*	*	*	*	*	535824	*
H	712	250	100.0	+	0	0	250M	109364	535824
L	705	250	*	*	*	*	*	537775	*
H	705	250	100.0	+	0	0	250M	109364	537775
L	4213	250	*	*	*	*	*	3485581	*
H	4213	250	90.4	+	0	0	250M	109364	3485581
L	2737	250	*	*	*	*	*	74262	*
H	2737	250	93.6	+	0	0	215M2I33M2D	107348	74262
L	3100	250	*	*	*	*	*	5263	*
H	3100	250	95.6	+	0	0	166MI47M2I24MI9M4D	107348	5263
L	3099	250	*	*	*	*	*	5441	*
H	3099	250	95.2	+	0	0	166MI47M2I24MI9M4D	107348	5441
L	4915	250	*	*	*	*	*	4345313	*
H	4915	250	99.2	+	0	0	250M	104477	4345313
L	5438	250	*	*	*	*	*	4430393	*
H	5438	250	97.6	+	0	0	224MI25MD	104477	4430393
H	1148	250	94.8	+	0	0	250M	104477	342928
L	3157	250	*	*	*	*	*	1503863	*
H	3157	250	98.4	+	0	0	250M	104155	1503863
L	2778	250	*	*	*	*	*	65456	*
H	2778	250	97.6	+	0	0	106MI143MD	104155	65456
L	5166	250	*	*	*	*	*	4384067	*
H	5166	250	90.8	+	0	0	250M	104155	4384067
L	2623	250	*	*	*	*	*	105508	*
H	2623	250	96.4	+	0	0	250M	100775	105508
L	1878	250	*	*	*	*	*	203166	*
H	1878	250	94.8	+	0	0	250M	100775	203166
L	3238	250	*	*	*	*	*	1137409	*
H	3238	250	86.4	+	0	0	250M	100775	1137409
H	2657	250	100.0	+	0	0	250M	100027	100650
L	4658	250	*	*	*	*	*	4297918	*
H	4658	250	100.0	+	0	0	250M	100027	4297918
H	2293	250	100.0	+	0	0	250M	100027	169538
L	3196	250	*	*	*	*	*	1144371	*
H	3196	250	100.0	+	0	0	250M	99373	1144371
L	2411	250	*	*	*	*	*	151968	*
H	2411	250	96.4	+	0	0	34M9I10MD197M8D	99373	151968
L	3438	250	*	*	*	*	*	663477	*
H	3438	250	97.6	+	0	0	25MI19MI168MD19MD17M	99373	663477
L	2669	250	*	*	*	*	*	99356	*
H	2669	250	97.2	+	0	0	250M	98889	99356
L	2609	250	*	*	*	*	*	106952	*
H	2609	250	97.2	+	0	0	250M	98889	106952
L	2672	250	*	*	*	*	*	99204	*
H	2672	250	96.4	+	0	0	250M	98889	99204
L	2719	250	*	*	*	*	*	80086	*
H	2719	250	97.2	+	0	0	250M	82303	80086
L	1301	250	*	*	*	*	*	311934	*
H	1301	250	95.6	+	0	0	250M	82303	311934
L	1549	250	*	*	*	*	*	272031	*
H	1549	250	92.0	+	0	0	250M	82303	272031
L	5199	250	*	*	*	*	*	4388952	*
H	5199	250	100.0	+	0	0	250M	81397	4388952
L	180	250	*	*	*	*	*	907828	*
H	180	250	98.8	+	0	0	250M	81397	907828
L	4097	250	*	*	*	*	*	1139304	*
H	4097	250	96.8	+	0	0	250M	81397	1139304
L	2781	250	*	*	*	*	*	64294	*
H	2781	250	98.0	+	0	0	228MD21MI	70689	64294
L	372	250	*	*	*	*	*	656310	*
H	372	250	98.0	+	0	0	117MI132MD	70689	656310
L	5219	250	*	*	*	*	*	4391641	*
H	5219	250	94.0	+	0	0	250M	70689	4391641
L	2802	250	*	*	*	*	*	57759	*
H	2802	250	100.0	+	0	0	250M	57758	57759
L	3377	250	*	*	*	*	*	1889810	*
H	3377	250	99.2	+	0	0	250M	57758	1889810
L	164	250	*	*	*	*	*	923789	*
H	164	250	98.8	+	0	0	250M	57758	923789
H	531	250	98.0	+	0	0	186MD41MI22M	37911	569952
H	5266	250	95.6	+	0	0	227MI22MD	37911	4400476
H	5436	250	96.4	+	0	0	187MD40MI22M	37911	4429771
L	2605	250	*	*	*	*	*	107235	*
H	2605	250	97.2	+	0	0	199MI50MD	21464	107235
L	2845	250	*	*	*	*	*	41119	*
H	2845	250	97.6	+	0	0	250M	21464	41119
L	2915	250	*	*	*	*	*	16026	*
H	2915	250	88.0	+	0	0	250M	21464	16026
L	5623	250	*	*	*	*	*	4462446	*
H	5623	250	98.0	+	0	0	250M	16144	4462446
L	1410	250	*	*	*	*	*	295974	*
H	1410	250	97.2	+	0	0	250M	16144	295974
L	1472	250	*	*	*	*	*	289622	*
H	1472	250	97.2	+	0	0	250M	16144	289622
L	1856	250	*	*	*	*	*	212584	*
H	1856	250	100.0	+	0	0	250M	15025	212584
L	5032	250	*	*	*	*	*	4364892	*
H	5032	250	100.0	+	0	0	250M	15025	4364892
L	5020	250	*	*	*	*	*	4361784	*
H	5020	250	98.4	+	0	0	250M	15025	4361784
L	1341	250	*	*	*	*	*	306124	*
H	1341	250	98.8	+	0	0	14MI235MD	13811	306124
L	2666	250	*	*	*	*	*	99436	*
H	2666	250	96.0	+	0	0	250M	13811	99436
L	1770	250	*	*	*	*	*	239386	*
H	1770	250	96.0	+	0	0	250M	13811	239386
L	5147	250	*	*	*	*	*	4381192	*
H	5147	250	98.4	+	0	0	250M	13485	4381192
L	5406	250	*	*	*	*	*	4425024	*
H	5406	250	97.6	+	0	0	250M	13485	4425024
L	5244	250	*	*	*	*	*	4395346	*
H	5244	250	97.6	+	0	0	250M	13485	4395346
L	2492	250	*	*	*	*	*	139504	*
H	2492	250	100.0	+	0	0	250M	12562	139504
L	4983	250	*	*	*	*	*	4355718	*
H	4983	250	94.0	+	0	0	250M	12562	4355718
L	3719	250	*	*	*	*	*	2500552	*
H	3719	250	90.8	+	0	0	250M	12562	2500552
L	971	250	*	*	*	*	*	372473	*
H	971	250	98.8	+	0	0	250M	9870	372473
H	2657	250	98.8	+	0	0	250M	9870	100650
H	2293	250	98.8	+	0	0	250M	9870	169538
L	3023	250	*	*	*	*	*	9546	*
H	3023	250	99.6	+	0	0	250M	9548	9546
L	2760	250	*	*	*	*	*	70512	*
H	2760	250	96.8	+	0	0	250M	9548	70512
H	2759	250	96.8	+	0	0	250M	9548	70580
L	598	250	*	*	*	*	*	558833	*
H	598	250	98.4	+	0	0	250M	7214	558833
L	2090	250	*	*	*	*	*	185636	*
H	2090	250	98.4	+	0	0	250M	7214	185636
L	302	250	*	*	*	*	*	784415	*
H	302	250	98.0	+	0	0	95MI69MI84M2D	7214	784415
L	3102	250	*	*	*	*	*	4737	*
H	3102	250	98.4	+	0	0	96MD122MD30M2I	4735	4737
L	3351	250	*	*	*	*	*	1125844	*
H	3351	250	95.6	+	0	0	250M	4735	1125844
L	5495	250	*	*	*	*	*	4439078	*
H	5495	250	93.6	+	0	0	250M	4735	4439078
L	3122	250	*	*	*	*	*	4043	*
H	3122	250	94.0	+	0	0	250M	4115	4043
L	3119	250	*	*	*	*	*	4082	*
H	3119	250	93.6	+	0	0	250M	4115	4082
L	2711	250	*	*	*	*	*	83445	*
H	2711	250	90.4	+	0	0	250M	4115	83445
L	4638	250	*	*	*	*	*	4295289	*
H	4638	250	98.8	+	0	0	250M	2380	4295289
L	4639	250	*	*	*	*	*	4295417	*
H	4639	250	98.4	+	0	0	250M	2380	4295417
L	3142	250	*	*	*	*	*	2394	*
H	3142	250	98.4	+	0	0	250M	2380	2394
L	415	250	*	*	*	*	*	591907	*
H	415	250	99.6	+	0	0	250M	1532107	591907
L	3380	250	*	*	*	*	*	1891556	*
H	3380	250	99.6	+	0	0	250M	1532107	1891556
L	1460	250	*	*	*	*	*	290799	*
H	1460	250	99.6	+	0	0	250M	1532107	290799
L	4333	250	*	*	*	*	*	759349	*
H	4333	250	94.8	+	0	0	250M	1676137	759349
L	451	250	*	*	*	*	*	584241	*
H	451	250	94.8	+	0	0	250M	1676137	584241
L	4546	250	*	*	*	*	*	676511	*
H	4546	250	94.0	+	0	0	250M	1676137	676511
L	2775	250	*	*	*	*	*	67341	*
H	2775	250	99.2	+	0	0	250M	1136234	67341
H	1708	250	95.6	+	0	0	250M	1136234	250626
H	1756	250	95.6	+	0	0	250M	1136234	241289
L	5488	250	*	*	*	*	*	4437907	*
H	5488	250	98.0	+	0	0	14MI235MD	1730876	4437907
L	5045	250	*	*	*	*	*	4365806	*
H	5045	250	91.2	+	0	0	250M	1730876	4365806
L	600	250	*	*	*	*	*	558567	*
H	600	250	93.2	+	0	0	250M	1730876	558567
L	1693	250	*	*	*	*	*	253403	*
H	1693	250	100.0	+	0	0	250M	646494	253403
L	4305	250	*	*	*	*	*	1127215	*
H	4305	250	100.0	+	0	0	250M	646494	1127215
L	3682	250	*	*	*	*	*	812850	*
H	3682	250	99.6	+	0	0	250M	646494	812850
L	4742	250	*	*	*	*	*	4312977	*
H	4742	250	97.2	+	0	0	200MI49MD	653302	4312977
H	3099	250	96.4	+	0	0	200MI49MD	653302	5441
L	3098	250	*	*	*	*	*	5442	*
H	3098	250	95.6	+	0	0	200MI49MD	653302	5442
H	3349	250	94.4	+	0	0	250M	1126421	1124808
H	665	250	94.4	+	0	0	250M	1126421	546546
H	3554	250	93.2	+	0	0	250M	1126421	838147
L	1519	250	*	*	*	*	*	276605	*
H	1519	250	100.0	+	0	0	250M	1117497	276605
H	2532	250	98.8	+	0	0	250M	1117497	132602
L	2810	250	*	*	*	*	*	53467	*
H	2810	250	98.4	+	0	0	250M	1117497	53467
L	3387	250	*	*	*	*	*	1906635	*
H	3387	250	96.4	+	0	0	171MI78MD	2085032	1906635
L	2062	250	*	*	*	*	*	187324	*
H	2062	250	96.4	+	0	0	171MI78MD	2085032	187324
L	2113	250	*	*	*	*	*	184610	*
H	2113	250	96.4	+	0	0	171MI78MD	2085032	184610
L	5287	250	*	*	*	*	*	4404220	*
H	5287	250	98.4	+	0	0	22MD35MI50MD141MI	893979	4404220
L	4647	250	*	*	*	*	*	4296080	*
H	4647	250	97.6	+	0	0	22MD35MI50MD141MI	893979	4296080
L	4726	250	*	*	*	*	*	4309323	*
H	4726	250	97.6	+	0	0	22MD35MI50MD141MI	893979	4309323
L	5456	250	*	*	*	*	*	4432889	*
H	5456	250	96.4	+	0	0	250M	1145384	4432889
L	3563	250	*	*	*	*	*	2199910	*
H	3563	250	96.0	+	0	0	250M	1145384	2199910
L	4136	250	*	*	*	*	*	832652	*
H	4136	250	96.0	+	0	0	250M	1145384	832652
L	10	250	*	*	*	*	*	1108244	*
H	10	250	100.0	+	0	0	250M	14437	1108244
L	4982	250	*	*	*	*	*	4355275	*
H	4982	250	93.2	+	0	0	250M	14437	4355275
L	330	250	*	*	*	*	*	724271	*
H	330	250	92.4	+	0	0	118MI131MD	14437	724271
L	860	250	*	*	*	*	*	513855	*
H	860	250	99.2	+	0	0	250M	829038	513855
L	5617	250	*	*	*	*	*	4460853	*
H	5617	250	99.2	+	0	0	250M	829038	4460853
L	354	250	*	*	*	*	*	689950	*
H	354	250	99.2	+	0	0	250M	829038	689950
H	5439	250	99.6	+	0	0	250M	1108701	4430475
H	728	250	99.6	+	0	0	250M	1108701	532994
L	4533	250	*	*	*	*	*	1105883	*
H	4533	250	99.6	+	0	0	250M	1108701	1105883
L	5234	250	*	*	*	*	*	4393532	*
H	5234	250	96.8	+	0	0	250M	849361	4393532
L	358	250	*	*	*	*	*	682726	*
H	358	250	96.8	+	0	0	250M	849361	682726
L	4870	250	*	*	*	*	*	4336546	*
H	4870	250	96.4	+	0	0	250M	849361	4336546
L	3744	250	*	*	*	*	*	864496	*
H	3744	250	97.2	+	0	0	250M	972165	864496
L	3745	250	*	*	*	*	*	1033991	*
H	3745	250	94.4	+	0	0	250M	972165	1033991
L	3743	250	*	*	*	*	*	1033873	*
H	3743	250	94.0	+	0	0	250M	972165	1033873
L	3350	250	*	*	*	*	*	1136078	*
H	3350	250	100.0	+	0	0	250M	2609596	1136078
L	3198	250	*	*	*	*	*	1127851	*
H	3198	250	90.4	+	0	0	250M	2609596	1127851
L	5345	250	*	*	*	*	*	4414306	*
H	5345	250	90.8	+	0	0	250M	2609596	4414306
L	483	250	*	*	*	*	*	578257	*
H	483	250	98.4	+	0	0	26MD199MD23M2I	2611121	578257
L	5588	250	*	*	*	*	*	4456886	*
H	5588	250	98.4	+	0	0	26MD199MD23M2I	2611121	4456886
L	3318	250	*	*	*	*	*	781407	*
H	3318	250	98.4	+	0	0	26MD199MD23M2I	2611121	781407
L	5650	250	*	*	*	*	*	4466203	*
H	5650	250	99.6	+	0	0	250M	2635230	4466203
L	4846	250	*	*	*	*	*	4332410	*
H	4846	250	99.6	+	0	0	250M	2635230	4332410
L	3147	250	*	*	*	*	*	2195	*
H	3147	250	99.2	+	0	0	250M	2635230	2195
L	2339	250	*	*	*	*	*	161677	*
H	2339	250	99.6	+	0	0	250M	913867	161677
L	5759	250	*	*	*	*	*	4482374	*
H	5759	250	99.2	+	0	0	250M	913867	4482374
L	4853	250	*	*	*	*	*	4333705	*
H	4853	250	99.2	+	0	0	250M	913867	4333705
L	2976	250	*	*	*	*	*	12464	*
H	2976	250	99.2	+	0	0	250M	711733	12464
H	3417	250	97.6	+	0	0	250M	711733	1122588
L	1848	250	*	*	*	*	*	217383	*
H	1848	250	97.6	+	0	0	250M	711733	217383
L	2964	250	*	*	*	*	*	13469	*
H	2964	250	98.0	+	0	0	250M	650615	13469
L	2570	250	*	*	*	*	*	112313	*
H	2570	250	98.4	+	0	0	250M	650615	112313
L	2965	250	*	*	*	*	*	13467	*
H	2965	250	97.6	+	0	0	250M	650615	13467
L	1276	250	*	*	*	*	*	317200	*
H	1276	250	99.6	+	0	0	216MD14MI19M	669038	317200
L	4158	250	*	*	*	*	*	790610	*
H	4158	250	98.0	+	0	0	231MI18MD	669038	790610
L	525	250	*	*	*	*	*	570500	*
H	525	250	98.0	+	0	0	231MI18MD	669038	570500
L	3470	250	*	*	*	*	*	863832	*
H	3470	250	88.8	+	0	0	250M	1097955	863832
L	4740	250	*	*	*	*	*	4312969	*
H	4740	250	90.0	+	0	0	42MI207MD	1097955	4312969
L	52	250	*	*	*	*	*	1057402	*
H	52	250	90.0	+	0	0	250M	1097955	1057402
L	2553	250	*	*	*	*	*	119659	*
H	2553	250	98.8	+	0	0	250M	1128359	119659
L	4728	250	*	*	*	*	*	4309708	*
H	4728	250	98.8	+	0	0	250M	1128359	4309708
L	1333	250	*	*	*	*	*	307666	*
H	1333	250	98.8	+	0	0	250M	1128359	307666
L	4379	250	*	*	*	*	*	944401	*
H	4379	250	99.6	+	0	0	250M	826144	944401
L	4301	250	*	*	*	*	*	1023953	*
H	4301	250	98.8	+	0	0	250M	826144	1023953
L	2851	250	*	*	*	*	*	40435	*
H	2851	250	97.2	+	0	0	50M2I165MI32M3D	826144	40435
L	1225	250	*	*	*	*	*	329688	*
H	1225	250	99.6	+	0	0	250M	2990918	329688
L	1485	250	*	*	*	*	*	288004	*
H	1485	250	99.6	+	0	0	250M	2990918	288004
L	1428	250	*	*	*	*	*	294210	*
H	1428	250	99.6	+	0	0	250M	2990918	294210
L	2993	250	*	*	*	*	*	11428	*
H	2993	250	99.2	+	0	0	250M	704830	11428
L	2994	250	*	*	*	*	*	11427	*
H	2994	250	95.6	+	0	0	250M	704830	11427
L	2992	250	*	*	*	*	*	11439	*
H	2992	250	94.0	+	0	0	250M	704830	11439
L	3477	250	*	*	*	*	*	658717	*
H	3477	250	100.0	+	0	0	250M	767448	658717
L	4495	250	*	*	*	*	*	956702	*
H	4495	250	97.6	+	0	0	250M	767448	956702
L	3026	250	*	*	*	*	*	9510	*
H	3026	250	97.2	+	0	0	250M	767448	9510
L	2803	250	*	*	*	*	*	56680	*
H	2803	250	97.2	+	0	0	250M	3557576	56680
L	3133	250	*	*	*	*	*	3232	*
H	3133	250	92.4	+	0	0	250M	3557576	3232
L	2667	250	*	*	*	*	*	99430	*
H	2667	250	86.8	+	0	0	250M	3557576	99430
L	5677	250	*	*	*	*	*	4469781	*
H	5677	250	89.2	+	0	0	250M	3602952	4469781
L	567	250	*	*	*	*	*	564087	*
H	567	250	88.8	+	0	0	222MI27MD	3602952	564087
L	3584	250	*	*	*	*	*	2246524	*
H	3584	250	88.4	+	0	0	250M	3602952	2246524
L	4645	250	*	*	*	*	*	4295743	*
H	4645	250	92.8	+	0	0	250M	3641998	4295743
L	5421	250	*	*	*	*	*	4427030	*
H	5421	250	92.8	+	0	0	250M	3641998	4427030
L	3901	250	*	*	*	*	*	2862781	*
H	3901	250	92.8	+	0	0	250M	3641998	2862781
L	3031	250	*	*	*	*	*	9402	*
H	3031	250	96.0	+	0	0	30MD219MI	3664773	9402
L	5749	250	*	*	*	*	*	4480392	*
H	5749	250	94.8	+	0	0	30MD219MI	3664773	4480392
L	3898	250	*	*	*	*	*	1136256	*
H	3898	250	94.8	+	0	0	30MD219MI	3664773	1136256
L	5599	250	*	*	*	*	*	610967	*
H	5599	250	92.4	+	0	0	117MD13M2D30MD14MI19MD33MI19M3I	659124	610967
L	2867	250	*	*	*	*	*	31319	*
H	2867	250	88.4	+	0	0	117MD13M2D30MD33MD52M5I	659124	31319
L	2907	250	*	*	*	*	*	16191	*
H	2907	250	87.2	+	0	0	117MD13M2D30MD33MD52M5I	659124	16191
L	2378	250	*	*	*	*	*	157497	*
H	2378	250	90.8	+	0	0	I11MI9M5I107MD105MD11M5D	763971	157497
L	4398	250	*	*	*	*	*	752321	*
H	4398	250	89.6	+	0	0	I11MI9M5I213MD10M6D	763971	752321
L	342	250	*	*	*	*	*	706283	*
H	342	250	88.4	+	0	0	I11MI9M5I107MD106MD10M5D	763971	706283
L	825	250	*	*	*	*	*	518743	*
H	825	250	99.2	+	0	0	250M	3889756	518743
L	2558	250	*	*	*	*	*	114821	*
H	2558	250	99.2	+	0	0	250M	3889756	114821
L	4730	250	*	*	*	*	*	4310208	*
H	4730	250	99.2	+	0	0	250M	3889756	4310208
L	2554	250	*	*	*	*	*	119010	*
H	2554	250	96.4	+	0	0	128MD47MD29MD34MD8M4I	3908648	119010
L	3731	250	*	*	*	*	*	2529285	*
H	3731	250	95.6	+	0	0	128MD47MD29MD43M3I	3908648	2529285
L	1860	250	*	*	*	*	*	211593	*
H	1860	250	96.4	+	0	0	128MD47MD29MD34MD8M4I	3908648	211593
L	2757	250	*	*	*	*	*	70728	*
H	2757	250	99.6	+	0	0	250M	612512	70728
L	2812	250	*	*	*	*	*	53170	*
H	2812	250	98.8	+	0	0	250M	612512	53170
L	3607	250	*	*	*	*	*	2291414	*
H	3607	250	98.8	+	0	0	250M	612512	2291414
L	4414	250	*	*	*	*	*	1129515	*
H	4414	250	95.2	+	0	0	250M	990997	1129515
L	4773	250	*	*	*	*	*	4319468	*
H	4773	250	92.4	+	0	0	250M	990997	4319468
L	3170	250	*	*	*	*	*	1131099	*
H	3170	250	90.0	+	0	0	250M	990997	1131099
L	2721	250	*	*	*	*	*	79540	*
H	2721	250	99.2	+	0	0	250M	708264	79540
L	3992	250	*	*	*	*	*	3076015	*
H	3992	250	98.8	+	0	0	250M	708264	3076015
L	1795	250	*	*	*	*	*	235003	*
H	1795	250	98.4	+	0	0	250M	708264	235003
L	1499	250	*	*	*	*	*	284241	*
H	1499	250	100.0	+	0	0	250M	1142257	284241
L	3402	250	*	*	*	*	*	1134145	*
H	3402	250	99.2	+	0	0	51MI198MD	1142257	1134145
L	1890	250	*	*	*	*	*	200217	*
H	1890	250	99.2	+	0	0	116MI133MD	1142257	200217
H	4533	250	98.8	+	0	0	250M	836450	1105883
H	728	250	98.8	+	0	0	250M	836450	532994
H	5439	250	98.8	+	0	0	250M	836450	4430475
L	5638	250	*	*	*	*	*	4465276	*
H	5638	250	99.6	+	0	0	250M	4300564	4465276
L	4992	250	*	*	*	*	*	4357324	*
H	4992	250	99.2	+	0	0	250M	4300564	4357324
L	3697	250	*	*	*	*	*	1105085	*
H	3697	250	98.8	+	0	0	250M	4300564	1105085
H	2810	250	99.6	+	0	0	250M	4323731	53467
H	2776	250	98.4	+	0	0	250M	4323731	67228
H	1566	250	98.4	+	0	0	250M	4323731	270229
L	4826	250	*	*	*	*	*	4328432	*
H	4826	250	98.8	+	0	0	250M	4323871	4328432
L	681	250	*	*	*	*	*	542475	*
H	681	250	98.4	+	0	0	250M	4323871	542475
L	1510	250	*	*	*	*	*	278680	*
H	1510	250	98.4	+	0	0	250M	4323871	278680
L	644	250	*	*	*	*	*	551931	*
H	644	250	99.6	+	0	0	250M	4344960	551931
L	3550	250	*	*	*	*	*	1141123	*
H	3550	250	99.6	+	0	0	250M	4344960	1141123
L	3015	250	*	*	*	*	*	10298	*
H	3015	250	99.2	+	0	0	250M	4344960	10298
L	602	250	*	*	*	*	*	557957	*
H	602	250	99.6	+	0	0	250M	4347599	557957
L	5575	250	*	*	*	*	*	4455242	*
H	5575	250	98.8	+	0	0	250M	4347599	4455242
L	5231	250	*	*	*	*	*	4393354	*
H	5231	250	98.8	+	0	0	250M	4347599	4393354
L	2599	250	*	*	*	*	*	107976	*
H	2599	250	96.4	+	0	0	250M	4362383	107976
L	4958	250	*	*	*	*	*	4352076	*
H	4958	250	96.0	+	0	0	250M	4362383	4352076
L	4952	250	*	*	*	*	*	4351033	*
H	4952	250	95.2	+	0	0	250M	4362383	4351033
L	3571	250	*	*	*	*	*	1118561	*
H	3571	250	100.0	+	0	0	250M	4364813	1118561
L	5486	250	*	*	*	*	*	4437436	*
H	5486	250	99.2	+	0	0	250M	4364813	4437436
L	2753	250	*	*	*	*	*	71894	*
H	2753	250	98.8	+	0	0	250M	4364813	71894
H	3380	250	99.2	+	0	0	128MD76MD44M2I	4385067	1891556
L	5627	250	*	*	*	*	*	4463224	*
H	5627	250	99.2	+	0	0	128MD76MD44M2I	4385067	4463224
L	1842	250	*	*	*	*	*	218254	*
H	1842	250	99.2	+	0	0	128MD76MD44M2I	4385067	218254
L	4889	250	*	*	*	*	*	4340036	*
H	4889	250	98.4	+	0	0	250M	4390966	4340036
L	2242	250	*	*	*	*	*	175474	*
H	2242	250	98.4	+	0	0	250M	4390966	175474
L	4150	250	*	*	*	*	*	3366133	*
H	4150	250	98.4	+	0	0	250M	4390966	3366133
L	425	250	*	*	*	*	*	589864	*
H	425	250	100.0	+	0	0	250M	4408009	589864
L	2458	250	*	*	*	*	*	143401	*
H	2458	250	100.0	+	0	0	250M	4408009	143401
L	3922	250	*	*	*	*	*	642788	*
H	3922	250	99.6	+	0	0	46MI203MD	4408009	642788
L	4278	250	*	*	*	*	*	826666	*
H	4278	250	95.2	+	0	0	250M	4410896	826666
L	16	250	*	*	*	*	*	1104627	*
H	16	250	95.2	+	0	0	21MI228MD	4410896	1104627
L	5255	250	*	*	*	*	*	4396481	*
H	5255	250	95.2	+	0	0	250M	4410896	4396481
L	3804	250	*	*	*	*	*	1115889	*
H	3804	250	100.0	+	0	0	250M	4422114	1115889
L	4405	250	*	*	*	*	*	1141671	*
H	4405	250	99.6	+	0	0	250M	4422114	1141671
L	3855	250	*	*	*	*	*	1115973	*
H	3855	250	99.6	+	0	0	250M	4422114	1115973
L	3591	250	*	*	*	*	*	1141633	*
H	3591	250	95.2	+	0	0	250M	4426339	1141633
L	1847	250	*	*	*	*	*	217386	*
H	1847	250	95.2	+	0	0	250M	4426339	217386
L	304	250	*	*	*	*	*	781232	*
H	304	250	92.4	+	0	0	250M	4426339	781232
L	4020	250	*	*	*	*	*	799884	*
H	4020	250	96.8	+	0	0	27MD50MD171M2I	4431828	799884
L	4908	250	*	*	*	*	*	4344207	*
H	4908	250	96.8	+	0	0	27MD50MD171M2I	4431828	4344207
L	3375	250	*	*	*	*	*	1888677	*
H	3375	250	96.8	+	0	0	27MD50MD171M2I	4431828	1888677
L	4858	250	*	*	*	*	*	4334651	*
H	4858	250	99.2	+	0	0	250M	4438147	4334651
L	5451	250	*	*	*	*	*	4432430	*
H	5451	250	98.8	+	0	0	250M	4438147	4432430
L	4981	250	*	*	*	*	*	4354885	*
H	4981	250	98.8	+	0	0	250M	4438147	4354885
L	980	250	*	*	*	*	*	370056	*
H	980	250	100.0	+	0	0	250M	4457129	370056
L	5013	250	*	*	*	*	*	4360539	*
H	5013	250	96.8	+	0	0	164MI85MD	4457129	4360539
L	2929	250	*	*	*	*	*	15059	*
H	2929	250	95.6	+	0	0	250M	4457129	15059
L	2940	250	*	*	*	*	*	14457	*
H	2940	250	97.6	+	0	0	30MI128MI90M2D	4473250	14457
L	3522	250	*	*	*	*	*	1134197	*
H	3522	250	97.2	+	0	0	30MI127MI91M2D	4473250	1134197
L	5537	250	*	*	*	*	*	4449419	*
H	5537	250	92.4	+	0	0	44M2D10MD100MI71MD21M3I	4473250	4449419
L	1621	250	*	*	*	*	*	263449	*
H	1621	250	99.6	+	0	0	250M	4475144	263449
L	5019	250	*	*	*	*	*	4361518	*
H	5019	250	99.2	+	0	0	250M	4475144	4361518
L	5030	250	*	*	*	*	*	4364469	*
H	5030	250	99.2	+	0	0	250M	4475144	4364469
L	886	250	*	*	*	*	*	508943	*
H	886	250	91.6	+	0	0	I249MD	4475936	508943
L	4950	250	*	*	*	*	*	4350788	*
H	4950	250	92.0	+	0	0	I249MD	4475936	4350788
L	5282	250	*	*	*	*	*	4403542	*
H	5282	250	92.4	+	0	0	I249MD	4475936	4403542
L	1785	250	*	*	*	*	*	237081	*
H	1785	250	94.0	+	0	0	57MI44MI147M2D	4482227	237081
L	1706	250	*	*	*	*	*	251243	*
H	1706	250	94.0	+	0	0	57MI44MI52MI94M3D	4482227	251243
L	5143	250	*	*	*	*	*	4380803	*
H	5143	250	92.8	+	0	0	57MI90MI69MI6M2I23M5D	4482227	4380803
L	5884	250	*	*	*	*	*	1074804	*
H	5884	250	96.0	+	0	0	250M	347913	1074804
L	5830	250	*	*	*	*	*	108965	*
H	5830	250	95.2	+	0	0	250M	347913	108965
L	5897	250	*	*	*	*	*	862101	*
H	5897	250	94.8	+	0	0	250M	347913	862101
L	5848	250	*	*	*	*	*	25116	*
H	5848	250	98.0	+	0	0	9MI240MD	47778	25116
L	5822	250	*	*	*	*	*	150607	*
H	5822	250	97.2	+	0	0	9MI73MI137MI28M3D	47778	150607
L	5838	250	*	*	*	*	*	100780	*
H	5838	250	97.2	+	0	0	9MI73MI137MI28M3D	47778	100780
L	5782	250	*	*	*	*	*	756973	*
H	5782	250	99.6	+	0	0	218MI31MD	1126596	756973
L	5834	250	*	*	*	*	*	107234	*
H	5834	250	99.2	+	0	0	250M	1126596	107234
L	5921	250	*	*	*	*	*	4362614	*
H	5921	250	98.0	+	0	0	250M	1126596	4362614
L	5913	250	*	*	*	*	*	4338018	*
H	5913	250	97.2	+	0	0	250M	673916	4338018
L	5787	250	*	*	*	*	*	686537	*
H	5787	250	93.2	+	0	0	250M	673916	686537
L	5909	250	*	*	*	*	*	4307029	*
H	5909	250	92.0	+	0	0	250M	673916	4307029
L	5885	250	*	*	*	*	*	1137781	*
H	5885	250	100.0	+	0	0	250M	4369721	1137781
L	5794	250	*	*	*	*	*	611626	*
H	5794	250	98.8	+	0	0	243MD6MI	4369721	611626
L	5805	250	*	*	*	*	*	467541	*
H	5805	250	86.4	+	0	0	250M	4369721	467541
L	5879	250	*	*	*	*	*	1145507	*
H	5879	250	98.8	+	0	0	250M	4385066	1145507
L	5888	250	*	*	*	*	*	813104	*
H	5888	250	90.0	+	0	0	250M	4385066	813104
L	5925	250	*	*	*	*	*	4416518	*
H	5925	250	90.4	+	0	0	250M	4385066	4416518
L	5781	250	*	*	*	*	*	777733	*
H	5781	250	94.0	+	0	0	250M	4404369	777733
L	5915	250	*	*	*	*	*	4338137	*
H	5915	250	90.4	+	0	0	250M	4404369	4338137
L	5876	250	*	*	*	*	*	2076641	*
H	5876	250	88.4	+	0	0	250M	4404369	2076641
D	10	2	*	*	*	*	100.0	1108244	*
D	52	2	*	*	*	*	90.0	1057402	*
D	354	2	*	*	*	*	99.2	689950	*
D	358	2	*	*	*	*	96.8	682726	*
D	372	2	*	*	*	*	98.0	656310	*
D	451	2	*	*	*	*	94.8	584241	*
D	480	2	*	*	*	*	96.0	578837	*
D	531	3	*	*	*	*	99.0	569952	*
D	543	2	*	*	*	*	98.4	567840	*
D	555	2	*	*	*	*	99.2	566216	*
D	584	2	*	*	*	*	98.4	560804	*
D	602	2	*	*	*	*	99.6	557957	*
D	665	3	*	*	*	*	97.2	546546	*
D	671	2	*	*	*	*	98.4	544824	*
D	691	2	*	*	*	*	100.0	540478	*
D	705	2	*	*	*	*	100.0	537775	*
D	937	2	*	*	*	*	100.0	411486	*
D	961	2	*	*	*	*	97.6	386088	*
D	978	2	*	*	*	*	100.0	370225	*
D	980	2	*	*	*	*	100.0	370056	*
D	998	2	*	*	*	*	100.0	366195	*
D	1075	2	*	*	*	*	100.0	353532	*
D	1143	2	*	*	*	*	100.0	343273	*
D	1148	2	*	*	*	*	98.4	342928	*
D	1150	2	*	*	*	*	99.6	342801	*
D	1184	2	*	*	*	*	96.8	338757	*
D	1276	2	*	*	*	*	99.6	317200	*
D	1305	2	*	*	*	*	98.8	311765	*
D	1333	2	*	*	*	*	98.8	307666	*
D	1341	2	*	*	*	*	98.8	306124	*
D	1428	2	*	*	*	*	99.6	294210	*
D	1460	2	*	*	*	*	99.6	290799	*
D	1499	2	*	*	*	*	100.0	284241	*
D	1519	2	*	*	*	*	100.0	276605	*
D	1611	2	*	*	*	*	99.6	264416	*
D	1621	2	*	*	*	*	99.6	263449	*
D	1706	2	*	*	*	*	94.0	251243	*
D	1708	2	*	*	*	*	97.6	250626	*
D	1713	2	*	*	*	*	98.0	250063	*
D	1842	2	*	*	*	*	99.2	218254	*
D	1847	2	*	*	*	*	95.2	217386	*
D	1860	2	*	*	*	*	96.4	211593	*
D	1979	2	*	*	*	*	99.6	193710	*
D	2090	2	*	*	*	*	98.4	185636	*
D	2113	2	*	*	*	*	96.4	184610	*
D	2158	2	*	*	*	*	97.6	181589	*
D	2288	2	*	*	*	*	98.8	170244	*
D	2293	3	*	*	*	*	99.4	169538	*
D	2297	2	*	*	*	*	99.2	168583	*
D	2302	2	*	*	*	*	93.6	168260	*
D	2316	2	*	*	*	*	99.2	165882	*
D	2319	2	*	*	*	*	97.6	165383	*
D	2339	2	*	*	*	*	99.6	161677	*
D	2345	2	*	*	*	*	98.4	161024	*
D	2378	2	*	*	*	*	90.8	157497	*
D	2439	2	*	*	*	*	97.6	147086	*
D	2458	2	*	*	*	*	100.0	143401	*
D	2492	2	*	*	*	*	100.0	139504	*
D	2497	2	*	*	*	*	99.2	138840	*
D	2510	2	*	*	*	*	94.4	136328	*
D	2532	2	*	*	*	*	99.2	132602	*
D	2533	2	*	*	*	*	97.6	131902	*
D	2550	3	*	*	*	*	93.4	125947	*
D	2570	2	*	*	*	*	98.4	112313	*
D	2599	2	*	*	*	*	96.4	107976	*
D	2609	2	*	*	*	*	97.2	106952	*
D	2623	2	*	*	*	*	96.4	105508	*
D	2657	2	*	*	*	*	99.6	100650	*
D	2660	2	*	*	*	*	99.2	100203	*
D	2661	2	*	*	*	*	99.2	100100	*
D	2719	2	*	*	*	*	97.2	80086	*
D	2721	2	*	*	*	*	99.2	79540	*
D	2746	2	*	*	*	*	98.8	72820	*
D	2757	2	*	*	*	*	99.6	70728	*
D	2775	2	*	*	*	*	99.2	67341	*
D	2802	2	*	*	*	*	100.0	57759	*
D	2803	2	*	*	*	*	97.2	56680	*
D	2810	2	*	*	*	*	99.6	53467	*
D	2827	2	*	*	*	*	98.4	48874	*
D	2841	2	*	*	*	*	99.6	42931	*
D	2845	2	*	*	*	*	97.6	41119	*
D	2908	2	*	*	*	*	99.6	16103	*
D	2940	2	*	*	*	*	97.6	14457	*
D	2976	2	*	*	*	*	99.2	12464	*
D	2990	2	*	*	*	*	98.8	12056	*
D	2993	2	*	*	*	*	99.2	11428	*
D	3023	2	*	*	*	*	99.6	9546	*
D	3031	2	*	*	*	*	96.0	9402	*
D	3035	2	*	*	*	*	97.2	9138	*
D	3100	2	*	*	*	*	95.6	5263	*
D	3102	2	*	*	*	*	98.4	4737	*
D	3111	2	*	*	*	*	98.8	4562	*
D	3122	2	*	*	*	*	94.0	4043	*
D	3157	2	*	*	*	*	98.4	1503863	*
D	3196	2	*	*	*	*	100.0	1144371	*
D	3250	2	*	*	*	*	92.0	1684221	*
D	3304	2	*	*	*	*	99.6	1137471	*
D	3307	2	*	*	*	*	98.8	1002608	*
D	3318	2	*	*	*	*	98.4	781407	*
D	3350	2	*	*	*	*	100.0	1136078	*
D	3375	2	*	*	*	*	96.8	1888677	*
D	3439	2	*	*	*	*	97.6	850108	*
D	3477	2	*	*	*	*	100.0	658717	*
D	3502	2	*	*	*	*	98.4	745650	*
D	3550	2	*	*	*	*	99.6	1141123	*
D	3571	2	*	*	*	*	100.0	1118561	*
D	3609	2	*	*	*	*	95.2	2297613	*
D	3636	2	*	*	*	*	95.6	1114718	*
D	3665	2	*	*	*	*	98.8	1130952	*
D	3674	2	*	*	*	*	98.4	2421587	*
D	3744	2	*	*	*	*	97.2	864496	*
D	3804	2	*	*	*	*	100.0	1115889	*
D	3887	2	*	*	*	*	98.8	752554	*
D	3893	2	*	*	*	*	95.2	1139117	*
D	3901	2	*	*	*	*	92.8	2862781	*
D	3932	2	*	*	*	*	100.0	1086672	*
D	4066	2	*	*	*	*	100.0	812476	*
D	4150	2	*	*	*	*	98.4	3366133	*
D	4155	2	*	*	*	*	99.6	1115352	*
D	4202	2	*	*	*	*	99.6	714746	*
D	4305	2	*	*	*	*	100.0	1127215	*
D	4373	2	*	*	*	*	99.2	721199	*
D	4379	2	*	*	*	*	99.6	944401	*
D	4414	2	*	*	*	*	95.2	1129515	*
D	4481	2	*	*	*	*	98.0	776873	*
D	4494	2	*	*	*	*	99.2	902903	*
D	4533	2	*	*	*	*	99.6	1105883	*
D	4572	2	*	*	*	*	95.6	4189551	*
D	4637	2	*	*	*	*	98.0	4295230	*
D	4638	2	*	*	*	*	98.8	4295289	*
D	4730	2	*	*	*	*	99.2	4310208	*
D	4731	2	*	*	*	*	99.2	4310398	*
D	4741	2	*	*	*	*	98.0	4312974	*
D	4742	2	*	*	*	*	97.2	4312977	*
D	4826	2	*	*	*	*	98.8	4328432	*
D	4846	2	*	*	*	*	99.6	4332410	*
D	4858	2	*	*	*	*	99.2	4334651	*
D	4915	2	*	*	*	*	99.2	4345313	*
D	5032	2	*	*	*	*	100.0	4364892	*
D	5147	2	*	*	*	*	98.4	4381192	*
D	5199	2	*	*	*	*	100.0	4388952	*
D	5255	2	*	*	*	*	95.2	4396481	*
D	5282	2	*	*	*	*	92.4	4403542	*
D	5287	2	*	*	*	*	98.4	4404220	*
D	5439	2	*	*	*	*	98.8	4430475	*
D	5455	2	*	*	*	*	99.6	4432796	*
D	5456	2	*	*	*	*	96.4	4432889	*
D	5488	2	*	*	*	*	98.0	4437907	*
D	5599	2	*	*	*	*	92.4	610967	*
D	5623	2	*	*	*	*	98.0	4462446	*
D	5626	2	*	*	*	*	100.0	4463108	*
D	5638	2	*	*	*	*	99.6	4465276	*
D	5639	2	*	*	*	*	96.8	4465295	*
D	5677	2	*	*	*	*	89.2	4469781	*
D	5741	2	*	*	*	*	100.0	4479467	*
D	5747	2	*	*	*	*	99.2	4480189	*
D	5781	2	*	*	*	*	94.0	777733	*
D	5782	2	*	*	*	*	99.6	756973	*
D	5848	2	*	*	*	*	98.0	25116	*
D	5879	2	*	*	*	*	98.8	1145507	*
D	5884	2	*	*	*	*	96.0	1074804	*
D	5885	2	*	*	*	*	100.0	1137781	*
D	5913	2	*	*	*	*	97.2	4338018	*
