UclustConsensusTaxonAssigner parameters:
id_to_taxonomy_filepath:/Users/nbokulich/Desktop/projects/short-read-tax-assignment/data/novel-taxa-simulations/F1-REF-L5-iter0/ref_taxa.tsv
id_to_taxonomy_fp:/Users/nbokulich/Desktop/projects/short-read-tax-assignment/data/novel-taxa-simulations/F1-REF-L5-iter0/ref_taxa.tsv
max_accepts:1
min_consensus_fraction:0.76
reference_sequences_fp:/Users/nbokulich/Desktop/projects/short-read-tax-assignment/data/novel-taxa-simulations/F1-REF-L5-iter0/ref_seqs.fasta
similarity:0.8
unassignable_label:Unassigned
Result path: /var/folders/0t/l1dz88p50y91vx_22fx5w3780000gn/T/assign-taxBa_Wpz

.uc file contents:

# uclust --input /Users/nbokulich/Desktop/projects/short-read-tax-assignment/data/novel-taxa-simulations/F1-REF-L5-iter0/query.fasta --id 0.8 --rev --maxaccepts 1 --allhits --libonly --lib /Users/nbokulich/Desktop/projects/short-read-tax-assignment/data/novel-taxa-simulations/F1-REF-L5-iter0/ref_seqs.fasta --uc /var/folders/0t/l1dz88p50y91vx_22fx5w3780000gn/T/UclustConsensusTaxonAssigner_SuagEM.uc
# version=1.2.22
# Tab-separated fields:
# 1=Type, 2=ClusterNr, 3=SeqLength or ClusterSize, 4=PctId, 5=Strand, 6=QueryStart, 7=SeedStart, 8=Alignment, 9=QueryLabel, 10=TargetLabel
# Record types (field 1): L=LibSeed, S=NewSeed, H=Hit, R=Reject, D=LibCluster, C=NewCluster, N=NoHit
# For C and D types, PctId is average id with seed.
# QueryStart and SeedStart are zero-based relative to start of sequence.
# If minus strand, SeedStart is relative to reverse-complemented seed.
N	*	250	*	*	*	*	*	FJ481038	*
L	26	187	*	*	*	*	*	FJ948133	*
H	26	187	89.3	+	0	0	122MD20MI44M	AF178417	FJ948133
L	212	221	*	*	*	*	*	EF373565	*
H	212	238	85.5	+	0	0	106M2D19M14D29MD67M	DQ534469	EF373565
L	8145	199	*	*	*	*	*	UDB008309	*
H	8145	224	82.4	+	0	0	3D16MD29M4I27MI7MI22M3D6M4D22M7D24M7D14M6D26M	DQ365668	UDB008309
N	*	84	*	*	*	*	*	DQ322098	*
L	7750	250	*	*	*	*	*	U56041	*
H	7750	250	96.8	+	0	0	I129MI119M2D	EU525946	U56041
L	7895	237	*	*	*	*	*	JN943601	*
H	7895	245	90.7	+	0	0	5D21MD8MD159MD49M	DQ449942	JN943601
L	4836	153	*	*	*	*	*	AM159634	*
H	4836	152	90.8	+	0	0	34MI19MD71MI27M	AB260936	AM159634
N	*	250	*	*	*	*	*	DQ536501	*
L	817	250	*	*	*	*	*	EU837225	*
H	817	250	82.8	+	0	0	46M8D20M3I7MD15M2I24M3D48MD38MD20MD7M2D8M12I	DQ534567	EU837225
N	*	90	*	*	*	*	*	DQ641634	*
N	*	113	*	*	*	*	*	AF514292	*
N	*	123	*	*	*	*	*	U19954	*
N	*	101	*	*	*	*	*	GQ458022	*
N	*	250	*	*	*	*	*	DQ677496	*
L	2020	209	*	*	*	*	*	AY394908	*
H	2020	209	98.6	+	0	0	209M	AY078151	AY394908
N	*	250	*	*	*	*	*	DQ780456	*
N	*	198	*	*	*	*	*	DQ872858	*
L	1177	210	*	*	*	*	*	EU878427	*
H	1177	210	97.6	+	0	0	9MI165MD35M	FJ462759	EU878427
L	4053	198	*	*	*	*	*	EU586043	*
H	4053	184	96.7	+	0	0	10I118MD7M4I34MI24M	U35307	EU586043
N	*	250	*	*	*	*	*	DQ875354	*
L	5821	204	*	*	*	*	*	EF667965	*
H	5821	203	93.1	+	0	0	4I76M2D31MI17M2D75M	DQ875356	EF667965
N	*	97	*	*	*	*	*	DQ974799	*
N	*	224	*	*	*	*	*	AB278192	*
N	*	250	*	*	*	*	*	DQ873595	*
N	*	250	*	*	*	*	*	DQ873651	*
L	7527	214	*	*	*	*	*	JF271754	*
H	7527	218	91.6	+	0	0	113M2D59MI13M3D28M	EF017208	JF271754
L	2565	202	*	*	*	*	*	AB546941	*
H	2565	201	96.5	+	0	0	2I57MD43MI45MD54M	EF029224	AB546941
L	3557	225	*	*	*	*	*	Z37071	*
H	3557	81	92.6	+	0	0	145I80MD	FJ805250	Z37071
H	212	221	95.5	+	0	0	221M	DQ004572	EF373565
L	2675	221	*	*	*	*	*	AF072224	*
H	2675	224	86.4	+	0	0	81MD31M2I46MD13M2D26MD22M	DQ004573	AF072224
N	*	250	*	*	*	*	*	EF088656	*
L	353	218	*	*	*	*	*	EF447422	*
H	353	216	82.4	+	0	0	4I26M5I39M2I21M2D17M4D32M4D41MI30M	EF121328	EF447422
L	4675	190	*	*	*	*	*	FJ755266	*
H	4675	186	96.2	+	0	0	3I98MI88M	EF121334	FJ755266
L	4721	231	*	*	*	*	*	AJ301714	*
H	4721	230	98.3	+	0	0	41MI124MD36MI28M	FJ357310	AJ301714
L	2759	213	*	*	*	*	*	HQ650628	*
H	2759	116	88.8	+	0	0	94I17M4I48MD50M	AF250780	HQ650628
L	5059	197	*	*	*	*	*	AY245635	*
H	5059	195	94.9	+	0	0	137MD36M3I21M	EU673370	AY245635
N	*	248	*	*	*	*	*	AB361643	*
N	*	250	*	*	*	*	*	FJ538352	*
N	*	234	*	*	*	*	*	AJ271422	*
L	198	169	*	*	*	*	*	EF191243	*
H	198	174	95.9	+	0	0	70MD25MD12MD14MD21MD27M	EF191235	EF191243
L	1392	219	*	*	*	*	*	FJ645261	*
H	1392	211	81.5	+	0	0	3I89MI18M3I38MI66M	EF369523	FJ645261
L	3780	221	*	*	*	*	*	AF226661	*
H	3780	219	93.2	+	0	0	102MI20MI97M	EF373566	AF226661
H	212	212	93.4	+	0	0	10I155MD56M	EF373570	EF373565
L	6413	210	*	*	*	*	*	GQ906953	*
H	6413	190	93.7	+	0	0	7I51M2D27M15I16MI23MD70M	AJ271578	GQ906953
N	*	250	*	*	*	*	*	EF081003	*
N	*	166	*	*	*	*	*	AF224333	*
N	*	126	*	*	*	*	*	EF081374	*
N	*	223	*	*	*	*	*	AF324254	*
L	6606	211	*	*	*	*	*	DQ888729	*
H	6606	132	82.6	+	0	0	83I52M2D22M3D35MI18M	AJ292391	DQ888729
L	1947	204	*	*	*	*	*	GU553303	*
H	1947	200	85.0	+	0	0	19MI35MI67M2I79M	AF224395	GU553303
N	*	227	*	*	*	*	*	AF336150	*
N	*	250	*	*	*	*	*	FJ627021	*
L	5363	217	*	*	*	*	*	GQ293947	*
H	5363	250	88.0	+	0	0	8D36M2D42M13D14M10D34MD21M2D25MI42M2I	EF155483	GQ293947
L	6305	230	*	*	*	*	*	EU330951	*
H	6305	239	99.1	+	0	0	5D14MD19MI128M4D68M	EU076919	EU330951
L	4733	199	*	*	*	*	*	AJ309347	*
H	4733	189	85.7	+	0	0	27MD13M2I18MD12MI51M3I24M3I11M3I31M	EF121862	AJ309347
L	5752	250	*	*	*	*	*	EF446015	*
H	5752	250	96.8	+	0	0	250M	EF446017	EF446015
L	6976	250	*	*	*	*	*	GU234015	*
H	6976	250	92.4	+	0	0	138MD12M3D96M4I	DQ830803	GU234015
L	7725	156	*	*	*	*	*	FJ534886	*
H	7725	149	94.6	+	0	0	8I115MD33M	GQ850202	FJ534886
N	*	250	*	*	*	*	*	AF373985	*
L	1744	196	*	*	*	*	*	AJ427408	*
H	1744	193	81.9	+	0	0	135MI40M2I18M	AF291284	AJ427408
L	2408	223	*	*	*	*	*	HQ725076	*
H	2408	220	89.5	+	0	0	173M2I22MI25M	EF492210	HQ725076
L	1332	205	*	*	*	*	*	AY999116	*
H	1332	187	81.8	+	0	0	52M3I24M7I20M6I21MD15M2I34MI20M	EF197068	AY999116
L	2664	230	*	*	*	*	*	FJ798603	*
H	2664	234	87.8	+	0	0	8I20M2D24M8D117M2D61M	EU295634	FJ798603
N	*	250	*	*	*	*	*	EU784188	*
L	7718	181	*	*	*	*	*	JF951149	*
H	7718	178	92.7	+	0	0	90MI26MI34MI28M	EF394866	JF951149
N	*	250	*	*	*	*	*	EF421111	*
L	4321	231	*	*	*	*	*	AF097578	*
H	4321	121	96.7	+	0	0	109I65MI56M	EF600943	AF097578
L	7943	217	*	*	*	*	*	M96663	*
H	7943	204	81.9	+	0	0	8I17MI29M4I158M	EF600974	M96663
N	*	240	*	*	*	*	*	EF619542	*
L	1599	250	*	*	*	*	*	GQ397996	*
H	1599	250	88.8	+	0	0	147M4D57MD41M5I	EU784214	GQ397996
N	*	250	*	*	*	*	*	JF907774	*
L	369	250	*	*	*	*	*	AF357058	*
H	369	250	94.8	+	0	0	185MI64MD	AF357052	AF357058
N	*	232	*	*	*	*	*	DQ534455	*
N	*	214	*	*	*	*	*	AB273560	*
L	5649	205	*	*	*	*	*	EF029187	*
H	5649	201	81.1	+	0	0	2D20M4I11MD23M3I23M5D21M3D12M3D29M3I26MI7MI15M6I	GQ369593	EF029187
N	*	184	*	*	*	*	*	EU045422	*
L	4827	248	*	*	*	*	*	AM000035	*
H	4827	250	82.7	+	0	0	122MD12M14D101M13I	EU181457	AM000035
L	5423	186	*	*	*	*	*	DQ238743	*
H	5423	214	87.6	+	0	0	82M13D32M4D13M5D7M3D30M3D22M	EF621920	DQ238743
N	*	235	*	*	*	*	*	EU118629	*
L	1216	202	*	*	*	*	*	FJ884143	*
H	1216	190	91.1	+	0	0	75MI22M4I12M6I52MI29M	EU040222	FJ884143
L	1740	223	*	*	*	*	*	AF542377	*
H	1740	227	81.2	+	0	0	72MI84M2D22M4D8MI35M	EU035404	AF542377
L	3907	217	*	*	*	*	*	DQ351725	*
H	3907	216	80.6	+	0	0	133MI83M	EU035423	DQ351725
N	*	213	*	*	*	*	*	GQ927253	*
N	*	177	*	*	*	*	*	AF332127	*
N	*	195	*	*	*	*	*	EU037891	*
L	6714	110	*	*	*	*	*	FR750150	*
H	6714	108	82.4	+	0	0	60M2I48M	AY035661	FR750150
L	5037	241	*	*	*	*	*	AY219391	*
H	5037	234	82.9	+	0	0	50M4I31MI38M2I40MD42MI32M	EU047803	AY219391
N	*	215	*	*	*	*	*	GU324736	*
L	2844	209	*	*	*	*	*	AY373909	*
H	2844	197	81.2	+	0	0	8I98M10I27M4D45M2D21M	EF652086	AY373909
N	*	250	*	*	*	*	*	EU040217	*
N	*	250	*	*	*	*	*	AM269795	*
L	5224	243	*	*	*	*	*	AY618666	*
H	5224	237	84.4	+	0	0	25MD22MD31MD49M7I15MI11MD24MI13MI43M	FJ903322	AY618666
N	*	250	*	*	*	*	*	EU293816	*
L	509	219	*	*	*	*	*	AJ302438	*
H	509	214	96.3	+	0	0	24MI40M4I150M	AJ302444	AJ302438
N	*	212	*	*	*	*	*	FJ861375	*
L	7452	203	*	*	*	*	*	HQ650722	*
H	7452	205	85.7	+	0	0	49MI40MD59M2D54M	EU266087	HQ650722
L	3097	250	*	*	*	*	*	GU234007	*
H	3097	250	84.8	+	0	0	D11MD18MI96M3I8M10I10MI37M2I7MD46M14D	FJ596767	GU234007
L	1041	250	*	*	*	*	*	EU784438	*
H	1041	250	86.8	+	0	0	4I152MI81MD12M4D	FJ596780	EU784438
L	2731	166	*	*	*	*	*	EF585502	*
H	2731	172	100.0	+	0	0	6D166M	FJ941882	EF585502
N	*	250	*	*	*	*	*	EU352773	*
N	*	250	*	*	*	*	*	EU330178	*
N	*	143	*	*	*	*	*	HE611486	*
L	8242	244	*	*	*	*	*	AJ415551	*
H	8242	184	88.0	+	0	0	56I9M3I28M2I91MD55M	EU162052	AJ415551
N	*	214	*	*	*	*	*	EU402589	*
H	5059	198	99.0	+	0	0	169MD28M	FJ177450	AY245635
N	*	250	*	*	*	*	*	EU486435	*
N	*	196	*	*	*	*	*	AF282108	*
L	2474	250	*	*	*	*	*	HM005143	*
H	2474	250	80.8	+	0	0	4D42M3I13M2I20M2I7MD89M2I11M2I23MD34M5D	UDB011402	HM005143
L	1737	250	*	*	*	*	*	AY129346	*
H	1737	250	84.0	+	0	0	4I18MI18MI13M2I61MI33M3D21M4I73M10D	EU401714	AY129346
L	1543	167	*	*	*	*	*	EF051727	*
H	1543	164	97.6	+	0	0	133M3I31M	EF051729	EF051727
L	7724	223	*	*	*	*	*	AY681189	*
H	7724	224	98.2	+	0	0	101MD122M	EU551189	AY681189
L	635	100	*	*	*	*	*	EU254860	*
H	635	84	95.2	+	0	0	14I12MI41MI31M	EU254750	EU254860
L	6605	106	*	*	*	*	*	FR667997	*
H	6605	104	93.3	+	0	0	D5M2I45M2I16MD36M	EU254889	FR667997
L	2494	86	*	*	*	*	*	EU254963	*
H	2494	86	91.9	+	0	0	86M	EU254918	EU254963
L	4098	176	*	*	*	*	*	AB190395	*
H	4098	178	81.8	+	0	0	33MI21M3I19M4D13MD10M2D43MI32M	AJ301962	AB190395
L	1354	250	*	*	*	*	*	AY534118	*
H	1354	250	94.4	+	0	0	2D28MD12MD15M2D19MI170M5I	EU598203	AY534118
L	6729	250	*	*	*	*	*	GU479278	*
H	6729	250	81.6	+	0	0	10D6MI14MI22MI18MD42MD38M5D93M14I	AM882885	GU479278
N	*	216	*	*	*	*	*	AF394020	*
L	1416	230	*	*	*	*	*	FJ357314	*
H	1416	198	91.9	+	0	0	8I14MD25M27I27MD111MD18M	AF229470	FJ357314
L	5634	236	*	*	*	*	*	JF908276	*
H	5634	231	96.5	+	0	0	40MI19M3I116MI56M	EU644702	JF908276
L	7346	198	*	*	*	*	*	HQ449175	*
H	7346	202	88.9	+	0	0	37MI23MI23M8D19MI27MI65M	EU622257	HQ449175
N	*	239	*	*	*	*	*	EU652341	*
L	7592	250	*	*	*	*	*	EU697259	*
H	7592	250	92.4	+	0	0	24MI47MI99MI51MI25M4D	EU708340	EU697259
N	*	220	*	*	*	*	*	AY636061	*
N	*	206	*	*	*	*	*	EU520120	*
L	6133	250	*	*	*	*	*	DQ367894	*
H	6133	250	92.0	+	0	0	69M3D26MI9MI68MD8MD37MI28M2I	EU697239	DQ367894
L	2357	250	*	*	*	*	*	GU227719	*
H	2357	250	86.8	+	0	0	I34MD95M4I34MD28M2D39MD8MD6MI	DQ389701	GU227719
N	*	250	*	*	*	*	*	EU623677	*
N	*	247	*	*	*	*	*	EU552114	*
N	*	214	*	*	*	*	*	EU552123	*
N	*	214	*	*	*	*	*	EU552127	*
N	*	250	*	*	*	*	*	EU552133	*
N	*	242	*	*	*	*	*	EU660447	*
L	7851	219	*	*	*	*	*	JN899325	*
H	7851	216	90.7	+	0	0	6I32MD29MD25MD27M2I65M2D33M	EU553340	JN899325
L	636	95	*	*	*	*	*	EU255033	*
H	636	102	85.3	+	0	0	D42M4D16M2D37M	EU683062	EU255033
L	2318	181	*	*	*	*	*	GU072737	*
H	2318	174	80.5	+	0	0	50MI16M3I28M3I80M	AF351139	GU072737
N	*	116	*	*	*	*	*	EU852799	*
L	5243	250	*	*	*	*	*	GU222286	*
H	5243	250	83.2	+	0	0	22MD40MD55MD43M2D42M4D22M5I17M4I	EU669233	GU222286
N	*	250	*	*	*	*	*	EU669382	*
N	*	155	*	*	*	*	*	EU669383	*
L	8061	250	*	*	*	*	*	UDB000691	*
H	8061	220	84.1	+	0	0	53M2I29MD13MD28M10I35M2I19MD12M19I28M	EU669394	UDB000691
L	3847	128	*	*	*	*	*	AF210665	*
H	3847	132	87.5	+	0	0	32M4D96M	GU361938	AF210665
L	6911	207	*	*	*	*	*	UDB000773	*
H	6911	203	89.7	+	0	0	33MD46M3I80M2I43M	EU819445	UDB000773
L	5450	250	*	*	*	*	*	DQ328132	*
H	5450	250	88.8	+	0	0	53MD100M3I47MD34MD13M	EU819469	DQ328132
N	*	250	*	*	*	*	*	EU819470	*
L	6819	210	*	*	*	*	*	FN868481	*
H	6819	215	87.6	+	0	0	86M5D124M	EU673340	FN868481
L	847	216	*	*	*	*	*	FJ914669	*
H	847	211	92.9	+	0	0	9MI8MI70M3I25MI62MD36M	AM774156	FJ914669
L	7526	207	*	*	*	*	*	FJ752738	*
H	7526	211	87.4	+	0	0	33MD57M2D5MD112M	EU683655	FJ752738
N	*	171	*	*	*	*	*	EU920673	*
L	2564	188	*	*	*	*	*	AB546939	*
H	2564	194	85.6	+	0	0	3D59MD32MD15M2D32MI49M	GQ152145	AB546939
N	*	227	*	*	*	*	*	EU715596	*
N	*	170	*	*	*	*	*	AF444299	*
L	924	152	*	*	*	*	*	AF444461	*
H	924	155	86.2	+	0	0	53MD11MI14MD19MD18MD36M	AF444425	AF444461
L	4587	203	*	*	*	*	*	AF444530	*
H	4587	202	85.1	+	0	0	26MI36MI14MI45M4D20MI43MI14M	AF444630	AF444530
L	7493	216	*	*	*	*	*	JN849459	*
H	7493	86	81.4	+	0	0	119I12M4I13M4I10MD15M4I35M	DQ202270	JN849459
N	*	202	*	*	*	*	*	GQ340441	*
L	3346	91	*	*	*	*	*	AF076413	*
H	3346	250	83.5	+	0	0	2D16MD14MD24MD14MD23M153D	EU833201	AF076413
L	100	250	*	*	*	*	*	DQ875353	*
H	100	250	80.8	+	0	0	7I24M4I23M2I48MD26MI12M6D14MI19MD24MI11MI32M9D	FM212666	DQ875353
L	405	220	*	*	*	*	*	EU034667	*
H	405	222	92.7	+	0	0	109M2D57MD25MI28M	EU784156	EU034667
N	*	250	*	*	*	*	*	FM206390	*
L	3993	174	*	*	*	*	*	FJ200219	*
H	3993	175	98.3	+	0	0	73MD101M	GU062254	FJ200219
N	*	250	*	*	*	*	*	EU784183	*
L	1012	226	*	*	*	*	*	EU784261	*
H	1012	216	94.4	+	0	0	49M3I10MI27MI43MI11M3I57MI19M	EU784265	EU784261
N	*	137	*	*	*	*	*	EU784442	*
N	*	250	*	*	*	*	*	AF377057	*
L	5742	224	*	*	*	*	*	GQ412730	*
H	5742	229	86.2	+	0	0	4D26MI51M3I8MI12MI12M9D16M3I23MD67M	AF377299	GQ412730
L	4448	193	*	*	*	*	*	AF281177	*
H	4448	176	86.9	+	0	0	60M2D14M14I14MI15M8I36M4D31M	EF363683	AF281177
L	2169	199	*	*	*	*	*	AB481269	*
H	2169	201	85.4	+	0	0	2I10MI43MD35M2D45M2D63M	U57988	AB481269
L	401	176	*	*	*	*	*	AB267649	*
H	401	196	88.6	+	0	0	29D79M9I88M	U59145	AB267649
L	3261	184	*	*	*	*	*	EF679398	*
H	3261	180	100.0	+	0	0	4I180M	FJ999711	EF679398
L	4289	210	*	*	*	*	*	AF054865	*
H	4289	223	84.8	+	0	0	9MD82MI22M2D43M3D19M8D34M	FJ442633	AF054865
N	*	248	*	*	*	*	*	FJ499393	*
L	2793	182	*	*	*	*	*	FJ169667	*
H	2793	182	96.2	+	0	0	182M	FJ515891	FJ169667
L	4857	195	*	*	*	*	*	FJ903366	*
H	4857	172	82.6	+	0	0	22M25I48M2I37MD39M3D22M	AF485078	FJ903366
L	6391	224	*	*	*	*	*	FJ478126	*
H	6391	250	81.2	+	0	0	29MD19M8D40MD21M2D21M5D14M3D12MD14MI10M4D12M5D18MI10M2I	FJ594063	FJ478126
N	*	127	*	*	*	*	*	FJ545249	*
N	*	244	*	*	*	*	*	U66440	*
L	6557	191	*	*	*	*	*	FJ871105	*
H	6557	188	91.0	+	0	0	29MI130MI21MI8M	FJ356152	FJ871105
L	6145	250	*	*	*	*	*	GU234147	*
H	6145	250	94.4	+	0	0	4I19MD11MD139MI76M3D	FJ596774	GU234147
N	*	250	*	*	*	*	*	FJ596893	*
L	7028	88	*	*	*	*	*	GU355659	*
H	7028	232	80.7	+	0	0	147D14MI42M2I29M	FJ627262	GU355659
N	*	209	*	*	*	*	*	FJ789599	*
H	6729	201	80.1	+	0	0	59I82M3D109M7D	AF407163	GU479278
L	5946	214	*	*	*	*	*	EU273525	*
H	5946	249	81.8	+	0	0	10I25MD16M9D20MD11MD32M32D29MD16M2D30M2I23M	EU375546	EU273525
L	2714	250	*	*	*	*	*	AF516601	*
H	2714	233	81.5	+	0	0	33M2I19M3I60M10I14M5I35M2D19MD18MI31MD	FJ810128	AF516601
L	3703	202	*	*	*	*	*	AF141186	*
H	3703	202	96.5	+	0	0	202M	GU062273	AF141186
N	*	214	*	*	*	*	*	DQ018098	*
N	*	120	*	*	*	*	*	FM202494	*
L	7137	202	*	*	*	*	*	HM037979	*
H	7137	229	94.1	+	0	0	59MI14M28D128M	AF405301	HM037979
H	8242	240	87.1	+	0	0	8MI87M2I61MI12MI16M2D30MI24M	FJ403215	AJ415551
H	4289	208	82.7	+	0	0	2I7MD26MI57M2I61M2D54M	FJ904627	AF054865
N	*	228	*	*	*	*	*	GU234033	*
N	*	168	*	*	*	*	*	FJ380935	*
L	3243	217	*	*	*	*	*	AY773467	*
H	3243	205	86.8	+	0	0	98M11I33MD25MI7MI41M	FJ380944	AY773467
N	*	233	*	*	*	*	*	FJ872075	*
L	2656	207	*	*	*	*	*	AF096209	*
H	2656	203	85.2	+	0	0	43MI21MI45MI60MD15M2I18M	FJ903295	AF096209
N	*	211	*	*	*	*	*	FJ664848	*
N	*	105	*	*	*	*	*	AB507400	*
L	3132	182	*	*	*	*	*	JN049837	*
H	3132	228	80.8	+	0	0	57M2I21M49D24M2I21MI26M2D28M	GQ250004	JN049837
L	5786	250	*	*	*	*	*	EF409724	*
H	5786	250	84.0	+	0	0	I25M2I23M3D57MD51M5D58MD26M7I	GQ142024	EF409724
N	*	161	*	*	*	*	*	GQ229461	*
L	6233	250	*	*	*	*	*	EU846256	*
H	6233	247	81.8	+	0	0	95MI11MD94M6I43M3D	GQ267480	EU846256
L	182	250	*	*	*	*	*	EF026116	*
H	182	250	83.2	+	0	0	5I22M2D46M2D37M5I7MI32M2D72MI22M6D	GQ292540	EF026116
N	*	250	*	*	*	*	*	GQ231739	*
N	*	221	*	*	*	*	*	AB439544	*
L	6466	201	*	*	*	*	*	FJ644287	*
H	6466	222	80.6	+	0	0	2I72MD31M19D33M2D31MD32M	FJ627527	FJ644287
L	4833	207	*	*	*	*	*	AM159623	*
H	4833	207	99.5	+	0	0	207M	FJ903297	AM159623
L	852	222	*	*	*	*	*	AF404123	*
H	852	220	85.0	+	0	0	157MD43M3I19M	AF451767	AF404123
H	2675	221	95.5	+	0	0	221M	AF451790	AF072224
L	1395	91	*	*	*	*	*	AF456394	*
H	1395	99	84.6	+	0	0	9D30MI60M	GQ500919	AF456394
N	*	250	*	*	*	*	*	GQ981497	*
N	*	250	*	*	*	*	*	GQ981514	*
L	4225	181	*	*	*	*	*	AB524813	*
H	4225	181	90.1	+	0	0	34MD29MI117M	AB524804	AB524813
H	7527	207	97.6	+	0	0	6I164MI43M	EF585539	JF271754
L	5164	196	*	*	*	*	*	FJ515735	*
H	5164	188	96.3	+	0	0	8I188M	AY725552	FJ515735
N	*	195	*	*	*	*	*	FJ904677	*
N	*	250	*	*	*	*	*	FJ827711	*
L	2477	250	*	*	*	*	*	HQ011381	*
H	2477	250	89.2	+	0	0	24M2I84MI15MI12MI15M4D24MI10M2D37MD22MI	GU139172	HQ011381
L	6844	250	*	*	*	*	*	FJ596856	*
H	6844	250	88.8	+	0	0	18MI42M5D71M2I11M9I44MI51M8D	GQ913398	FJ596856
H	6844	250	86.0	+	0	0	61MD40MD32M2I10M14I9M2I80M16D	GQ913410	FJ596856
L	2863	194	*	*	*	*	*	JN225947	*
H	2863	204	87.6	+	0	0	18MD28MD54M7D43MD51M	GU222294	JN225947
L	1766	166	*	*	*	*	*	GU138731	*
H	1766	172	100.0	+	0	0	48M5D74MD44M	GU138755	GU138731
N	*	250	*	*	*	*	*	AF482855	*
N	*	250	*	*	*	*	*	AF482859	*
L	7408	221	*	*	*	*	*	HQ604560	*
H	7408	200	90.5	+	0	0	115M20I61MI24M	GU233360	HQ604560
H	212	221	93.2	+	0	0	221M	FJ914798	EF373565
L	7175	205	*	*	*	*	*	HM161499	*
H	7175	206	80.0	+	0	0	69MD44MI40MD51M	FN185985	HM161499
L	3990	189	*	*	*	*	*	DQ491515	*
H	3990	190	95.2	+	0	0	24MI18MD21MD125M	GU214649	DQ491515
N	*	250	*	*	*	*	*	EF064155	*
N	*	83	*	*	*	*	*	GQ203770	*
H	6819	204	96.1	+	0	0	105M6I99M	EU860383	FN868481
L	1105	192	*	*	*	*	*	U57089	*
H	1105	192	89.6	+	0	0	192M	AY204610	U57089
L	1561	242	*	*	*	*	*	GQ376097	*
H	1561	244	94.6	+	0	0	66MD80MD96M	AJ439439	GQ376097
N	*	206	*	*	*	*	*	AB551948	*
N	*	250	*	*	*	*	*	AB056132	*
N	*	85	*	*	*	*	*	GQ225699	*
H	7346	192	96.4	+	0	0	6I31MD104MI56M	GQ221126	HQ449175
L	640	214	*	*	*	*	*	EF026117	*
H	640	219	82.2	+	0	0	75M4D97MD42M	GU322457	EF026117
N	*	209	*	*	*	*	*	GQ254687	*
L	3915	212	*	*	*	*	*	DQ371952	*
H	3915	207	83.6	+	0	0	25MD58M10I25M3I36M2D19M5D36M	DQ361050	DQ371952
L	2407	223	*	*	*	*	*	HQ680611	*
H	2407	227	83.9	+	0	0	126MI28MD19MI24M5D24M	EU266099	HQ680611
L	348	219	*	*	*	*	*	EF600969	*
H	348	231	87.2	+	0	0	6D16M2D52M2D59M11D83M9I	AF009814	EF600969
L	1107	168	*	*	*	*	*	U57991	*
H	1107	169	91.7	+	0	0	106MD62M	AB481261	U57991
N	*	213	*	*	*	*	*	GQ344601	*
N	*	210	*	*	*	*	*	GQ344614	*
N	*	167	*	*	*	*	*	DQ116558	*
L	7845	183	*	*	*	*	*	AF405304	*
H	7845	223	91.3	+	0	0	4I70M29D28M15D81M	FN868479	AF405304
N	*	150	*	*	*	*	*	GQ396263	*
L	4033	189	*	*	*	*	*	AB072232	*
H	4033	189	96.8	+	0	0	189M	AB072233	AB072232
N	*	209	*	*	*	*	*	GU590877	*
N	*	232	*	*	*	*	*	GU187522	*
L	529	222	*	*	*	*	*	EU266083	*
H	529	216	87.5	+	0	0	5I165MI51M	GU992337	EU266083
N	*	170	*	*	*	*	*	HM046877	*
H	3097	250	83.6	+	0	0	5D11MD18MI41MD43M2D19MD8M2I20MD17MD13MD10MD36M11I	AF505780	GU234007
L	5951	228	*	*	*	*	*	AB267394	*
H	5951	238	92.5	+	0	0	8D205M2D23M	U85789	AB267394
L	1646	200	*	*	*	*	*	GQ922522	*
H	1646	201	95.5	+	0	0	4D24MI81M2I92M	HQ406808	GQ922522
N	*	250	*	*	*	*	*	HM436649	*
N	*	225	*	*	*	*	*	GQ267499	*
N	*	250	*	*	*	*	*	GU234028	*
N	*	250	*	*	*	*	*	GU234077	*
L	3999	219	*	*	*	*	*	U31843	*
H	3999	229	92.2	+	0	0	16MD67M3D22M4D58M2D56M	AB190871	U31843
L	2535	168	*	*	*	*	*	AB554112	*
H	2535	169	88.1	+	0	0	95MD73M	HM853977	AB554112
L	5355	197	*	*	*	*	*	AY999132	*
H	5355	212	83.8	+	0	0	37MD26MD14M4D36MD15M5D14M2D25MD30M	AY277912	AY999132
L	6139	180	*	*	*	*	*	EU707864	*
H	6139	188	90.0	+	0	0	29MD8MD19MD66M2D5MD7MD12MD34M	GQ334386	EU707864
N	*	158	*	*	*	*	*	FN859431	*
H	7845	183	100.0	+	0	0	183M	EU552155	AF405304
N	*	184	*	*	*	*	*	GU570110	*
L	5253	189	*	*	*	*	*	AY729939	*
H	5253	195	92.1	+	0	0	7D45MI143M	AY204590	AY729939
N	*	250	*	*	*	*	*	HQ533012	*
N	*	250	*	*	*	*	*	HQ533014	*
N	*	250	*	*	*	*	*	HM005147	*
N	*	205	*	*	*	*	*	AF384861	*
L	5300	201	*	*	*	*	*	AY789427	*
H	5300	178	83.1	+	0	0	10I25M13I53MD51MI48M	AY259137	AY789427
L	854	142	*	*	*	*	*	FJ478111	*
H	854	142	96.5	+	0	0	2I71MD40MD29M	AJ537397	FJ478111
N	*	196	*	*	*	*	*	HQ676140	*
L	3686	177	*	*	*	*	*	EU514244	*
H	3686	175	93.1	+	0	0	90MI56MI29M	EF535707	EU514244
N	*	203	*	*	*	*	*	HQ888720	*
N	*	134	*	*	*	*	*	HQ833460	*
L	2166	113	*	*	*	*	*	AJ555513	*
H	2166	121	87.6	+	0	0	30M6D61M2D22M	HQ714768	AJ555513
L	2832	221	*	*	*	*	*	HQ725079	*
H	2832	222	86.0	+	0	0	5MD27MI10MI35MD83M2D30MI28M	GU994566	HQ725079
H	4053	198	92.9	+	0	0	91MD46MI60M	JF340250	EU586043
L	323	233	*	*	*	*	*	EF212847	*
H	323	212	80.7	+	0	0	10I16MD39MD27M10I24M2I69MI35M	JF681966	EF212847
L	6975	250	*	*	*	*	*	GU233321	*
H	6975	250	95.6	+	0	0	132M3I28MI45MD41M3D	AF389161	GU233321
L	5024	207	*	*	*	*	*	EU450836	*
H	5024	210	99.5	+	0	0	4D18MI188M	FJ903377	EU450836
L	6561	222	*	*	*	*	*	FJ877138	*
H	6561	206	80.6	+	0	0	4I57M2D32M10I25MI22M4I13M3I15M4D36M	JF505112	FJ877138
L	4652	250	*	*	*	*	*	AF506404	*
H	4652	250	99.6	+	0	0	250M	AF506444	AF506404
N	*	101	*	*	*	*	*	AF540507	*
N	*	226	*	*	*	*	*	AJ006671	*
L	5553	204	*	*	*	*	*	DQ525530	*
H	5553	203	84.7	+	0	0	33MI31MI96M2D14MI27M	HQ650602	DQ525530
N	*	221	*	*	*	*	*	HQ650619	*
N	*	229	*	*	*	*	*	HQ650626	*
L	473	208	*	*	*	*	*	AF332112	*
H	473	214	81.2	+	0	0	D35MD30MI22MI20M2D20M3I30MD15M6D31M	HQ650638	AF332112
L	4496	189	*	*	*	*	*	AF350296	*
H	4496	197	86.2	+	0	0	41MD86M4D30MD13M2D19M	HQ650696	AF350296
L	8190	192	*	*	*	*	*	AF454588	*
H	8190	203	80.7	+	0	0	27M9D19MI12MD14M7D34M2D28M5I31M2I19M	HQ647144	AF454588
L	739	186	*	*	*	*	*	EU707898	*
H	739	182	96.2	+	0	0	34MI20MD34M3I64MI29M	JF499851	EU707898
L	1168	189	*	*	*	*	*	EU860077	*
H	1168	192	86.8	+	0	0	49MD23M2I21M3D24MD21M2D12M2I35M	HQ897807	EU860077
L	1859	145	*	*	*	*	*	FJ769310	*
H	1859	144	97.2	+	0	0	144MI	JN194152	FJ769310
L	2905	250	*	*	*	*	*	JF907824	*
H	2905	250	92.8	+	0	0	54M2D73MI32MD37MD44M2I6MI	AY194555	JF907824
L	7547	250	*	*	*	*	*	JF419893	*
H	7547	250	87.2	+	0	0	15MD84MI57M2D34MD7MD48M4I	JF419904	JF419893
N	*	118	*	*	*	*	*	JN053487	*
N	*	189	*	*	*	*	*	HQ414538	*
N	*	250	*	*	*	*	*	FJ608589	*
N	*	250	*	*	*	*	*	JF908497	*
L	2987	232	*	*	*	*	*	JF908721	*
H	2987	235	93.5	+	0	0	129M2D49MD54M	JF908719	JF908721
N	*	201	*	*	*	*	*	JF908763	*
N	*	91	*	*	*	*	*	JF908767	*
N	*	250	*	*	*	*	*	JF908772	*
L	6216	188	*	*	*	*	*	EU819450	*
H	6216	196	83.5	+	0	0	40M10D51M4I49MD17MD27M	EU685112	EU819450
N	*	218	*	*	*	*	*	JF908791	*
N	*	199	*	*	*	*	*	AY150225	*
L	2203	233	*	*	*	*	*	HM209239	*
H	2203	220	80.9	+	0	0	25M14I16MI24MD43MD10MD42M2I36MD20M	JN009733	HM209239
L	7016	215	*	*	*	*	*	GU300782	*
H	7016	222	89.8	+	0	0	103M9D55MI32MI23M	HQ650610	GU300782
L	1251	223	*	*	*	*	*	FJ623271	*
H	1251	151	80.1	+	0	0	73I119MD31M	JN654921	FJ623271
L	5647	182	*	*	*	*	*	EU851936	*
H	5647	181	87.8	+	0	0	31M2D34MI25M3I13MI16M2D58M	JN197292	EU851936
N	*	189	*	*	*	*	*	JN819280	*
N	*	203	*	*	*	*	*	JN819283	*
L	7214	217	*	*	*	*	*	AY497555	*
H	7214	224	85.3	+	0	0	50M4D20M2D13MD35M7I23M3D13MD35M3D21M	GQ337914	AY497555
L	5323	203	*	*	*	*	*	AY916467	*
H	5323	200	86.5	+	0	0	2I7M2I20M2D68M3I34M2D67M	JN865201	AY916467
L	2083	190	*	*	*	*	*	GQ856146	*
H	2083	235	82.1	+	0	0	38MD25MD29M14D17M20D15MD22M6D10M2D34M	JN865203	GQ856146
L	6421	229	*	*	*	*	*	AY129366	*
H	6421	233	92.6	+	0	0	41MD28MD160M2D	AY129365	AY129366
L	872	238	*	*	*	*	*	EU696921	*
H	872	232	85.3	+	0	0	8I47MI30MD51MI25M3D75M	AF020770	EU696921
N	*	250	*	*	*	*	*	AJ006677	*
L	4304	250	*	*	*	*	*	AF079695	*
H	4304	250	86.8	+	0	0	23MI21MD80MD11M2I11M2I41MD58M2D	AF079693	AF079695
N	*	245	*	*	*	*	*	JN710531	*
N	*	250	*	*	*	*	*	AY487968	*
L	7541	226	*	*	*	*	*	GU062246	*
H	7541	167	80.2	+	0	0	24M3I27MD15M14I6M25I14M16I45M2I35M	JF440978	GU062246
N	*	236	*	*	*	*	*	JQ398742	*
L	5002	250	*	*	*	*	*	AY176377	*
H	5002	250	80.8	+	0	0	122MI19M4I29M3I22M6I30MI13M15D	AY176354	AY176377
N	*	250	*	*	*	*	*	AY176449	*
N	*	241	*	*	*	*	*	AJ419192	*
L	7037	223	*	*	*	*	*	GU384880	*
H	7037	216	84.3	+	0	0	21M2I88MI54M2I20M2I33M	AF097903	GU384880
H	1041	250	82.0	+	0	0	8I36MD115M2D15MI14MI46MI13M8D	AF059597	EU784438
N	*	250	*	*	*	*	*	AY555731	*
L	7517	124	*	*	*	*	*	HQ914933	*
H	7517	126	85.5	+	0	0	28MI41MD13MD18MD23M	AY527405	HQ914933
N	*	250	*	*	*	*	*	EF527210	*
N	*	97	*	*	*	*	*	AF138833	*
L	6583	250	*	*	*	*	*	FJ904978	*
H	6583	247	87.4	+	0	0	71MI40M2D22M4I15MD9MI32MD24MI30M	AY571032	FJ904978
N	*	250	*	*	*	*	*	AJ716159	*
L	5191	184	*	*	*	*	*	EU082465	*
H	5191	172	94.8	+	0	0	96M12I76M	EU012333	EU082465
L	3309	248	*	*	*	*	*	AY217135	*
H	3309	233	88.4	+	0	0	10I13M3I13MI92MI28MD20M3I44M2D20M	AY652759	AY217135
L	5286	192	*	*	*	*	*	AY789290	*
H	5286	195	80.7	+	0	0	4D124MI67M	AY833058	AY789290
N	*	193	*	*	*	*	*	AY854068	*
N	*	245	*	*	*	*	*	GQ304945	*
N	*	109	*	*	*	*	*	AY872281	*
L	3647	220	*	*	*	*	*	AY916469	*
H	3647	221	93.6	+	0	0	93MD127M	AY916470	AY916469
L	3274	176	*	*	*	*	*	EU285555	*
H	3274	199	84.1	+	0	0	8I71M10D7M18D35M3D11MD8MI35M	AY793430	EU285555
N	*	92	*	*	*	*	*	AY795873	*
N	*	240	*	*	*	*	*	DQ000299	*
H	636	95	100.0	+	0	0	95M	HQ414605	EU255033
N	*	184	*	*	*	*	*	AY961602	*
N	*	250	*	*	*	*	*	FJ914867	*
N	*	232	*	*	*	*	*	AF097751	*
H	1561	242	95.5	+	0	0	242M	AJ131785	GQ376097
L	3090	138	*	*	*	*	*	U21835	*
H	3090	188	84.8	+	0	0	19D45M12D12M19D81M	U21828	U21835
H	5191	132	83.3	+	0	0	39I40M6I14M5I26MI52MI	U21830	EU082465
N	*	240	*	*	*	*	*	DQ144611	*
L	6782	152	*	*	*	*	*	GQ338074	*
H	6782	144	81.9	+	0	0	30M11I38MD53M2D20M	AY549983	GQ338074
N	*	218	*	*	*	*	*	DQ200844	*
L	2717	188	*	*	*	*	*	AF540505	*
H	2717	108	88.0	+	0	0	80I108M	DQ201952	AF540505
L	893	201	*	*	*	*	*	FJ000402	*
H	893	166	85.5	+	0	0	33I77MI27MI62M	DQ202516	FJ000402
L	5225	156	*	*	*	*	*	AY618669	*
H	5225	157	84.0	+	0	0	25MD131M	DQ241463	AY618669
N	*	250	*	*	*	*	*	DQ407258	*
N	*	205	*	*	*	*	*	DQ425023	*
L	2943	250	*	*	*	*	*	AF140254	*
H	2943	109	98.2	+	0	0	141I109M	AF231912	AF140254
N	*	173	*	*	*	*	*	DQ497617	*
L	3685	250	*	*	*	*	*	DQ005440	*
H	3685	116	80.2	+	0	0	149I35M2D15M3D17M10D34M	AB022351	DQ005440
L	4250	250	*	*	*	*	*	AB354209	*
H	4250	250	91.2	+	0	0	3I5MI241M4D	EU343866	AB354209
L	6317	151	*	*	*	*	*	FJ205457	*
H	6317	191	89.4	+	0	0	55M5D12M26D20M7D29MD12MD23M	EU273515	FJ205457
L	1167	190	*	*	*	*	*	EU860065	*
H	1167	216	82.6	+	0	0	50M3D41M14D29M2D9M5D26M2D35M	AB208109	EU860065
L	3618	250	*	*	*	*	*	AY740165	*
H	3618	250	88.8	+	0	0	30M3I96M3D21M4D96M4I	GQ167045	AY740165
N	*	224	*	*	*	*	*	AB278196	*
N	*	201	*	*	*	*	*	AB353761	*
N	*	170	*	*	*	*	*	DQ885585	*
N	*	250	*	*	*	*	*	AB445116	*
L	4200	166	*	*	*	*	*	AB481286	*
H	4200	196	94.0	+	0	0	62MI8MI13M30D19MD14MD48M	AB481288	AB481286
N	*	225	*	*	*	*	*	AB509853	*
H	4225	183	86.2	+	0	0	152M2D29M	AB524794	AB524813
L	1888	215	*	*	*	*	*	AF027764	*
H	1888	215	88.8	+	0	0	5D23M5I187M	AF260224	AF027764
N	*	247	*	*	*	*	*	AY548802	*
L	4299	250	*	*	*	*	*	AF079673	*
H	4299	250	84.4	+	0	0	21M3D95MI74MD34MI11M2D9M4I	AF079716	AF079673
N	*	248	*	*	*	*	*	AF098410	*
N	*	250	*	*	*	*	*	AF299347	*
N	*	250	*	*	*	*	*	AF345807	*
N	*	171	*	*	*	*	*	AF350290	*
L	4497	185	*	*	*	*	*	AF350306	*
H	4497	183	97.8	+	0	0	134M2I49M	AF350303	AF350306
L	368	250	*	*	*	*	*	AF357053	*
H	368	250	89.2	+	0	0	134MD8MD12MD43MD49M4I	AF357037	AF357053
N	*	250	*	*	*	*	*	AF391034	*
L	6458	220	*	*	*	*	*	FJ624264	*
H	6458	132	93.2	+	0	0	90I25MD75MD30M	EU078628	FJ624264
L	7697	227	*	*	*	*	*	JF908528	*
H	7697	237	80.6	+	0	0	22MD70M7D11MD9M2D78MI36M	AF435825	JF908528
L	916	151	*	*	*	*	*	AF444320	*
H	916	136	81.6	+	0	0	25M4I22M2I12M3I22M4I23MI8MI24M	AF444318	AF444320
L	7173	208	*	*	*	*	*	HM161476	*
H	7173	203	82.8	+	0	0	65MI42M4I45MI28MD22M	AF448458	HM161476
L	2634	224	*	*	*	*	*	GU994564	*
H	2634	93	82.8	+	0	0	135I38M2D25M2D26M	AF451744	GU994564
L	4612	224	*	*	*	*	*	AF479670	*
H	4612	226	87.5	+	0	0	34MD9M3I16MD6MD32M2D68MD16MI39M	AF479669	AF479670
N	*	250	*	*	*	*	*	AF484690	*
L	558	250	*	*	*	*	*	AF310102	*
H	558	250	94.8	+	0	0	6I203M3D41M3D	AF506423	AF310102
L	2707	250	*	*	*	*	*	AF506430	*
H	2707	250	98.8	+	0	0	250M	AF506471	AF506430
H	2714	231	84.4	+	0	0	51M4I82M3I11M12I16MD38MI9MI22MD	AF516557	AF516601
L	3732	219	*	*	*	*	*	AJ247568	*
H	3732	220	84.0	+	0	0	9M2D13MD135MI34MI26M	AJ247562	AJ247568
L	4743	84	*	*	*	*	*	AJ390389	*
H	4743	82	97.6	+	0	0	29M2I53M	AJ271430	AJ390389
N	*	203	*	*	*	*	*	AJ271431	*
L	2476	177	*	*	*	*	*	U51954	*
H	2476	107	87.9	+	0	0	69I73MI34M	FJ911892	U51954
L	4102	209	*	*	*	*	*	FJ439582	*
H	4102	122	100.0	+	0	0	87I122M	AJ292401	FJ439582
N	*	250	*	*	*	*	*	AJ315841	*
N	*	250	*	*	*	*	*	AJ315842	*
L	5354	197	*	*	*	*	*	AY999126	*
H	5354	197	87.8	+	0	0	6I12MD45MD33M2D34M2D67M	AJ458187	AY999126
L	3259	250	*	*	*	*	*	AB067724	*
H	3259	250	91.6	+	0	0	126MD17MI55MI12MD16MD21MI	AJ617491	AB067724
N	*	137	*	*	*	*	*	AJ877224	*
N	*	239	*	*	*	*	*	AM944645	*
N	*	145	*	*	*	*	*	AY046176	*
N	*	250	*	*	*	*	*	AY176347	*
L	502	174	*	*	*	*	*	EU144054	*
H	502	183	96.6	+	0	0	5D80MD6M2D59MD29M	FJ786401	EU144054
L	6241	200	*	*	*	*	*	AY239215	*
H	6241	198	98.0	+	0	0	97MI52MI49M	AY239213	AY239215
N	*	111	*	*	*	*	*	AY349109	*
L	5118	250	*	*	*	*	*	AY367606	*
H	5118	250	88.8	+	0	0	38M3I19MD30MD24M2I24MD42M2D21M6I20M2I19M8D	AY367612	AY367606
L	7566	189	*	*	*	*	*	HQ897818	*
H	7566	201	90.5	+	0	0	55M2D32MD31MD17M6D30M2D24M	AY428793	HQ897818
L	5298	191	*	*	*	*	*	AY789285	*
H	5298	195	91.1	+	0	0	36MD92M3D63M	AY524843	AY789285
N	*	250	*	*	*	*	*	AY571044	*
L	8172	132	*	*	*	*	*	UDB011249	*
H	8172	141	87.9	+	0	0	12MD21M3D23M2D40M4D13MI22M	AY618667	UDB011249
L	7544	209	*	*	*	*	*	EU770227	*
H	7544	218	87.1	+	0	0	8D54MD22M3I35M3D95M	EU851104	EU770227
L	3156	250	*	*	*	*	*	AY641557	*
H	3156	250	87.6	+	0	0	2I28MI37MD52M8I17MI65MI23MI14M13D	AY740153	AY641557
L	5485	221	*	*	*	*	*	DQ394398	*
H	5485	183	81.4	+	0	0	40I17MD27MD17MI22M2I30MD31MD14MD20M	AY785274	DQ394398
N	*	192	*	*	*	*	*	AY789355	*
H	3647	239	83.2	+	0	0	34M2D39MD25M4D13M7D20M2D20MD24MD18MD27M	AY916464	AY916469
H	6606	216	82.9	+	0	0	4D24M3D60M3I17M7I25M3D6M2D12MD25M2D32M	AY945231	DQ888729
H	3780	220	90.5	+	0	0	71MI54MI31MD63M	DQ001271	AF226661
N	*	250	*	*	*	*	*	DQ001273	*
H	5423	194	87.1	+	0	0	23M2I56M2D18M7D25M2D31MI30M	DQ238719	DQ238743
L	5395	250	*	*	*	*	*	GU058015	*
H	5395	250	92.0	+	0	0	4I15MI69MD48MD113M3D	DQ354521	GU058015
N	*	207	*	*	*	*	*	DQ383639	*
N	*	235	*	*	*	*	*	DQ494685	*
N	*	238	*	*	*	*	*	DQ494696	*
L	5831	206	*	*	*	*	*	EU010246	*
H	5831	209	82.5	+	0	0	155MD22M2D29M	DQ826735	EU010246
N	*	250	*	*	*	*	*	DQ873639	*
H	3907	211	86.7	+	0	0	86M2I33MI11MI30MI16MI35M	DQ885904	DQ351725
L	6239	178	*	*	*	*	*	EU851925	*
H	6239	177	98.3	+	0	0	63MI114M	DQ923529	EU851925
N	*	250	*	*	*	*	*	EF026128	*
N	*	190	*	*	*	*	*	EF029190	*
L	459	192	*	*	*	*	*	EU035476	*
H	459	195	95.8	+	0	0	24MD17MD45MD106M	EF029203	EU035476
L	3742	223	*	*	*	*	*	AF116178	*
H	3742	224	82.5	+	0	0	130MI23MD19M2D11M3I18M2D18M	EF105411	AF116178
L	2861	178	*	*	*	*	*	EU551208	*
H	2861	178	80.3	+	0	0	178M	EF120414	EU551208
H	5821	201	97.0	+	0	0	4I126MD74M	EF635904	EF667965
H	5821	206	96.6	+	0	0	10MD24MI55MI27M2D12MD74M	EF635909	EF667965
N	*	159	*	*	*	*	*	EU041820	*
H	4289	224	85.2	+	0	0	9MD26MD54MI12MI32M3D8M5D32M6D35M	EU073198	AF054865
L	7235	222	*	*	*	*	*	HM578948	*
H	7235	233	83.3	+	0	0	26MI13MI70MD13M12D98M	EU075539	HM578948
L	6895	229	*	*	*	*	*	GU062267	*
H	6895	231	82.5	+	0	0	29MD47MD7MD30M2I42MD72M	EU118648	GU062267
N	*	143	*	*	*	*	*	EU118666	*
L	531	216	*	*	*	*	*	EU266089	*
H	531	222	83.3	+	0	0	54MI27MD44M7D27MI62M	EU142917	EU266089
L	4060	250	*	*	*	*	*	FN391588	*
H	4060	250	100.0	+	0	0	250M	EU157728	FN391588
N	*	223	*	*	*	*	*	EU346953	*
L	2648	232	*	*	*	*	*	FJ572269	*
H	2648	225	87.6	+	0	0	10I25M2D12M2D66MI25MI32MD60M	EU340897	FJ572269
H	5191	202	82.1	+	0	0	33MD21MI28M12D26M4D12MD38MD25M	EU599575	EU082465
L	30	250	*	*	*	*	*	AB221419	*
H	30	250	86.8	+	0	0	9M2I54M4D121MD25M2D9M2D23M7I	EU744915	AB221419
N	*	237	*	*	*	*	*	EU784392	*
H	3259	250	95.2	+	0	0	14MD130MD54MI14MD35M2I	EU833660	AB067724
N	*	220	*	*	*	*	*	FJ172271	*
N	*	174	*	*	*	*	*	FJ196771	*
L	6323	248	*	*	*	*	*	FJ234198	*
H	6323	242	93.4	+	0	0	2D74MI63MI23MI8MI6M4I66M	FJ372685	FJ234198
L	1413	227	*	*	*	*	*	FJ411082	*
H	1413	232	87.2	+	0	0	143MD24M2D16M2D44M	FJ411100	FJ411082
N	*	169	*	*	*	*	*	DQ865092	*
L	7510	221	*	*	*	*	*	FJ715822	*
H	7510	248	80.1	+	0	0	4D16MD28M2D6M4D13MD43MD8M12D34MD31MD42M	FJ627252	FJ715822
N	*	250	*	*	*	*	*	FJ822972	*
N	*	250	*	*	*	*	*	FJ822973	*
L	6599	229	*	*	*	*	*	FJ903347	*
H	6599	240	93.0	+	0	0	43M4D26MD7M4D94MD25MD34M	FJ839613	FJ903347
L	6529	186	*	*	*	*	*	FJ839634	*
H	6529	164	98.2	+	0	0	38MI41M21I85M	FJ839635	FJ839634
L	4230	169	*	*	*	*	*	AB554100	*
H	4230	165	86.1	+	0	0	8I61MI31M4D35MD33M	FJ839640	AB554100
L	993	241	*	*	*	*	*	EU784182	*
H	993	250	81.3	+	0	0	37MI15M4D37MD37M24D26M6I52MI7MI10M11I	FJ845424	EU784182
L	4588	201	*	*	*	*	*	AF444553	*
H	4588	198	94.9	+	0	0	47MI53MI77MI21M	AF444551	AF444553
L	6670	138	*	*	*	*	*	FN547665	*
H	6670	144	98.6	+	0	0	45M3D16MD50M2D27M	FN547645	FN547665
N	*	247	*	*	*	*	*	FN907920	*
H	4098	178	80.7	+	0	0	24M2D26M2I48M3D43MI32M	GQ131880	AB190395
L	895	224	*	*	*	*	*	GQ461906	*
H	895	210	81.4	+	0	0	5I36MD79M3I27M3I12M2I19MI9MI27M	GQ169314	GQ461906
L	6773	192	*	*	*	*	*	GQ267190	*
H	6773	187	85.6	+	0	0	6MI19MI42M2I9MI111M	GQ267191	GQ267190
N	*	250	*	*	*	*	*	GQ503036	*
N	*	250	*	*	*	*	*	FJ501579	*
L	3157	101	*	*	*	*	*	GQ919274	*
H	3157	104	83.2	+	0	0	20M2D49MD32M	GQ919276	GQ919274
L	5428	86	*	*	*	*	*	DQ279506	*
H	5428	93	90.7	+	0	0	6D53MD33M	GQ919278	DQ279506
H	3157	104	85.1	+	0	0	7MD61M2D33M	GQ919281	GQ919274
N	*	250	*	*	*	*	*	GQ981509	*
N	*	250	*	*	*	*	*	GQ981522	*
L	6922	179	*	*	*	*	*	DQ317587	*
H	6922	171	96.5	+	0	0	8I171M	AF033389	DQ317587
L	6970	250	*	*	*	*	*	GU233322	*
H	6970	250	89.6	+	0	0	118MD10M5I38MI61MI16M6D	GU233325	GU233322
N	*	250	*	*	*	*	*	GU234142	*
L	933	188	*	*	*	*	*	AF444494	*
H	933	171	83.0	+	0	0	24M4I35M4I35M8I40MI37M	GU291281	AF444494
N	*	250	*	*	*	*	*	GU292821	*
L	1765	168	*	*	*	*	*	GU138727	*
H	1765	168	89.9	+	0	0	168M	GU367909	GU138727
L	7512	168	*	*	*	*	*	GQ411326	*
H	7512	186	91.7	+	0	0	8D50MD28M9D90M	GU479900	GQ411326
N	*	234	*	*	*	*	*	GU594155	*
L	1726	250	*	*	*	*	*	GQ913359	*
H	1726	250	90.4	+	0	0	18MI42M8D76MI9M2I32M3D62M7I	HM005139	GQ913359
L	1753	126	*	*	*	*	*	GU219471	*
H	1753	129	94.4	+	0	0	13M2D86MD27M	HM484865	GU219471
N	*	181	*	*	*	*	*	AY509552	*
N	*	250	*	*	*	*	*	HM488751	*
H	7214	223	83.4	+	0	0	27MD43MD14M2D31M2I13M5D22M2I12MD51M	HM536085	AY497555
H	2648	236	91.4	+	0	0	29MD20M2D25MD39MI25MI32MD25MD35M	GQ337912	FJ572269
L	2900	250	*	*	*	*	*	JF907810	*
H	2900	250	93.2	+	0	0	56M2I32MI36M2I121M5D	HM631724	JF907810
L	7631	221	*	*	*	*	*	JF894106	*
H	7631	215	84.2	+	0	0	3D21MD82M5I10M7I23MD41MD32M	GQ355956	JF894106
L	4223	193	*	*	*	*	*	AB524808	*
H	4223	197	92.2	+	0	0	24M3D10M5D11MD34MD48MI10MI8M2I16M2I26M	AB524805	AB524808
N	*	216	*	*	*	*	*	HQ650647	*
L	4858	220	*	*	*	*	*	AM292664	*
H	4858	223	80.0	+	0	0	46M2I77M5D31MI41MD22M	HQ650650	AM292664
N	*	228	*	*	*	*	*	HQ650711	*
L	5956	210	*	*	*	*	*	FJ914680	*
H	5956	210	98.6	+	0	0	210M	FJ914687	FJ914680
N	*	241	*	*	*	*	*	AJ877222	*
H	7566	202	84.1	+	0	0	50MD24M5D33M8D50MI31M	HQ897823	HQ897818
H	7547	250	83.6	+	0	0	17M6D80M2I36M3I15M3D30MI63M3I	JF419897	JF419893
N	*	153	*	*	*	*	*	JF433374	*
H	7566	186	84.9	+	0	0	58MI11MI17M4I14MI11M2D23MD13MD35M	JF440985	HQ897818
N	*	228	*	*	*	*	*	JF681957	*
N	*	250	*	*	*	*	*	JF706309	*
L	7640	250	*	*	*	*	*	JF907961	*
H	7640	250	82.8	+	0	0	117MD44MI41MD29MD16M2I	JN033218	JF907961
L	6821	231	*	*	*	*	*	AY339334	*
H	6821	108	81.5	+	0	0	123I32MI43MD32M	HQ610175	AY339334
N	*	243	*	*	*	*	*	JN710573	*
L	4373	204	*	*	*	*	*	AF178512	*
H	4373	213	88.2	+	0	0	7D83MD17MD34M2I32M2D36M	JN864881	AF178512
N	*	250	*	*	*	*	*	JN871718	*
N	*	201	*	*	*	*	*	EU021600	*
H	401	118	89.8	+	0	0	10I19MI20M46I79MI	U21814	AB267649
H	7697	99	83.8	+	0	0	29MD32MD36M130I	U38898	JF908528
H	6970	250	92.0	+	0	0	112MD14M3I12M3I27MI60MI17M7D	U56049	GU233322
N	*	216	*	*	*	*	*	U57496	*
N	*	250	*	*	*	*	*	UDB003318	*
H	3090	136	82.4	+	0	0	20MI116MI	Z81428	U21835
D	26	2	*	*	*	*	89.3	FJ948133	*
D	30	2	*	*	*	*	86.8	AB221419	*
D	100	2	*	*	*	*	80.8	DQ875353	*
D	182	2	*	*	*	*	83.2	EF026116	*
D	198	2	*	*	*	*	95.9	EF191243	*
D	212	5	*	*	*	*	91.9	EF373565	*
D	323	2	*	*	*	*	80.7	EF212847	*
D	348	2	*	*	*	*	87.2	EF600969	*
D	353	2	*	*	*	*	82.4	EF447422	*
D	368	2	*	*	*	*	89.2	AF357053	*
D	369	2	*	*	*	*	94.8	AF357058	*
D	401	3	*	*	*	*	89.2	AB267649	*
D	405	2	*	*	*	*	92.7	EU034667	*
D	459	2	*	*	*	*	95.8	EU035476	*
D	473	2	*	*	*	*	81.2	AF332112	*
D	502	2	*	*	*	*	96.6	EU144054	*
D	509	2	*	*	*	*	96.3	AJ302438	*
D	529	2	*	*	*	*	87.5	EU266083	*
D	531	2	*	*	*	*	83.3	EU266089	*
D	558	2	*	*	*	*	94.8	AF310102	*
D	635	2	*	*	*	*	95.2	EU254860	*
D	636	3	*	*	*	*	92.6	EU255033	*
D	640	2	*	*	*	*	82.2	EF026117	*
D	739	2	*	*	*	*	96.2	EU707898	*
D	817	2	*	*	*	*	82.8	EU837225	*
D	847	2	*	*	*	*	92.9	FJ914669	*
D	852	2	*	*	*	*	85.0	AF404123	*
D	854	2	*	*	*	*	96.5	FJ478111	*
D	872	2	*	*	*	*	85.3	EU696921	*
D	893	2	*	*	*	*	85.5	FJ000402	*
D	895	2	*	*	*	*	81.4	GQ461906	*
D	916	2	*	*	*	*	81.6	AF444320	*
D	924	2	*	*	*	*	86.2	AF444461	*
D	933	2	*	*	*	*	83.0	AF444494	*
D	993	2	*	*	*	*	81.3	EU784182	*
D	1012	2	*	*	*	*	94.4	EU784261	*
D	1041	3	*	*	*	*	84.4	EU784438	*
D	1105	2	*	*	*	*	89.6	U57089	*
D	1107	2	*	*	*	*	91.7	U57991	*
D	1167	2	*	*	*	*	82.6	EU860065	*
D	1168	2	*	*	*	*	86.8	EU860077	*
D	1177	2	*	*	*	*	97.6	EU878427	*
D	1216	2	*	*	*	*	91.1	FJ884143	*
D	1251	2	*	*	*	*	80.1	FJ623271	*
D	1332	2	*	*	*	*	81.8	AY999116	*
D	1354	2	*	*	*	*	94.4	AY534118	*
D	1392	2	*	*	*	*	81.5	FJ645261	*
D	1395	2	*	*	*	*	84.6	AF456394	*
D	1413	2	*	*	*	*	87.2	FJ411082	*
D	1416	2	*	*	*	*	91.9	FJ357314	*
D	1543	2	*	*	*	*	97.6	EF051727	*
D	1561	3	*	*	*	*	95.0	GQ376097	*
D	1599	2	*	*	*	*	88.8	GQ397996	*
D	1646	2	*	*	*	*	95.5	GQ922522	*
D	1726	2	*	*	*	*	90.4	GQ913359	*
D	1737	2	*	*	*	*	84.0	AY129346	*
D	1740	2	*	*	*	*	81.2	AF542377	*
D	1744	2	*	*	*	*	81.9	AJ427408	*
D	1753	2	*	*	*	*	94.4	GU219471	*
D	1765	2	*	*	*	*	89.9	GU138727	*
D	1766	2	*	*	*	*	100.0	GU138731	*
D	1859	2	*	*	*	*	97.2	FJ769310	*
D	1888	2	*	*	*	*	88.8	AF027764	*
D	1947	2	*	*	*	*	85.0	GU553303	*
D	2020	2	*	*	*	*	98.6	AY394908	*
D	2083	2	*	*	*	*	82.1	GQ856146	*
D	2166	2	*	*	*	*	87.6	AJ555513	*
D	2169	2	*	*	*	*	85.4	AB481269	*
D	2203	2	*	*	*	*	80.9	HM209239	*
D	2318	2	*	*	*	*	80.5	GU072737	*
D	2357	2	*	*	*	*	86.8	GU227719	*
D	2407	2	*	*	*	*	83.9	HQ680611	*
D	2408	2	*	*	*	*	89.5	HQ725076	*
D	2474	2	*	*	*	*	80.8	HM005143	*
D	2476	2	*	*	*	*	87.9	U51954	*
D	2477	2	*	*	*	*	89.2	HQ011381	*
D	2494	2	*	*	*	*	91.9	EU254963	*
D	2535	2	*	*	*	*	88.1	AB554112	*
D	2564	2	*	*	*	*	85.6	AB546939	*
D	2565	2	*	*	*	*	96.5	AB546941	*
D	2634	2	*	*	*	*	82.8	GU994564	*
D	2648	3	*	*	*	*	89.5	FJ572269	*
D	2656	2	*	*	*	*	85.2	AF096209	*
D	2664	2	*	*	*	*	87.8	FJ798603	*
D	2675	3	*	*	*	*	91.0	AF072224	*
D	2707	2	*	*	*	*	98.8	AF506430	*
D	2714	3	*	*	*	*	83.0	AF516601	*
D	2717	2	*	*	*	*	88.0	AF540505	*
D	2731	2	*	*	*	*	100.0	EF585502	*
D	2759	2	*	*	*	*	88.8	HQ650628	*
D	2793	2	*	*	*	*	96.2	FJ169667	*
D	2832	2	*	*	*	*	86.0	HQ725079	*
D	2844	2	*	*	*	*	81.2	AY373909	*
D	2861	2	*	*	*	*	80.3	EU551208	*
D	2863	2	*	*	*	*	87.6	JN225947	*
D	2900	2	*	*	*	*	93.2	JF907810	*
D	2905	2	*	*	*	*	92.8	JF907824	*
D	2943	2	*	*	*	*	98.2	AF140254	*
D	2987	2	*	*	*	*	93.5	JF908721	*
D	3090	3	*	*	*	*	83.6	U21835	*
D	3097	3	*	*	*	*	84.2	GU234007	*
D	3132	2	*	*	*	*	80.8	JN049837	*
D	3156	2	*	*	*	*	87.6	AY641557	*
D	3157	3	*	*	*	*	84.2	GQ919274	*
D	3243	2	*	*	*	*	86.8	AY773467	*
D	3259	3	*	*	*	*	93.4	AB067724	*
D	3261	2	*	*	*	*	100.0	EF679398	*
D	3274	2	*	*	*	*	84.1	EU285555	*
D	3309	2	*	*	*	*	88.4	AY217135	*
D	3346	2	*	*	*	*	83.5	AF076413	*
D	3557	2	*	*	*	*	92.6	Z37071	*
D	3618	2	*	*	*	*	88.8	AY740165	*
D	3647	3	*	*	*	*	88.4	AY916469	*
D	3685	2	*	*	*	*	80.2	DQ005440	*
D	3686	2	*	*	*	*	93.1	EU514244	*
D	3703	2	*	*	*	*	96.5	AF141186	*
D	3732	2	*	*	*	*	84.0	AJ247568	*
D	3742	2	*	*	*	*	82.5	AF116178	*
D	3780	3	*	*	*	*	91.8	AF226661	*
D	3847	2	*	*	*	*	87.5	AF210665	*
D	3907	3	*	*	*	*	83.6	DQ351725	*
D	3915	2	*	*	*	*	83.6	DQ371952	*
D	3990	2	*	*	*	*	95.2	DQ491515	*
D	3993	2	*	*	*	*	98.3	FJ200219	*
D	3999	2	*	*	*	*	92.2	U31843	*
D	4033	2	*	*	*	*	96.8	AB072232	*
D	4053	3	*	*	*	*	94.8	EU586043	*
D	4060	2	*	*	*	*	100.0	FN391588	*
D	4098	3	*	*	*	*	81.2	AB190395	*
D	4102	2	*	*	*	*	100.0	FJ439582	*
D	4200	2	*	*	*	*	94.0	AB481286	*
D	4223	2	*	*	*	*	92.2	AB524808	*
D	4225	3	*	*	*	*	88.1	AB524813	*
D	4230	2	*	*	*	*	86.1	AB554100	*
D	4250	2	*	*	*	*	91.2	AB354209	*
D	4289	4	*	*	*	*	84.2	AF054865	*
D	4299	2	*	*	*	*	84.4	AF079673	*
D	4304	2	*	*	*	*	86.8	AF079695	*
D	4321	2	*	*	*	*	96.7	AF097578	*
D	4373	2	*	*	*	*	88.2	AF178512	*
D	4448	2	*	*	*	*	86.9	AF281177	*
D	4496	2	*	*	*	*	86.2	AF350296	*
D	4497	2	*	*	*	*	97.8	AF350306	*
D	4587	2	*	*	*	*	85.1	AF444530	*
D	4588	2	*	*	*	*	94.9	AF444553	*
D	4612	2	*	*	*	*	87.5	AF479670	*
D	4652	2	*	*	*	*	99.6	AF506404	*
D	4675	2	*	*	*	*	96.2	FJ755266	*
D	4721	2	*	*	*	*	98.3	AJ301714	*
D	4733	2	*	*	*	*	85.7	AJ309347	*
D	4743	2	*	*	*	*	97.6	AJ390389	*
D	4827	2	*	*	*	*	82.7	AM000035	*
D	4833	2	*	*	*	*	99.5	AM159623	*
D	4836	2	*	*	*	*	90.8	AM159634	*
D	4857	2	*	*	*	*	82.6	FJ903366	*
D	4858	2	*	*	*	*	80.0	AM292664	*
D	5002	2	*	*	*	*	80.8	AY176377	*
D	5024	2	*	*	*	*	99.5	EU450836	*
D	5037	2	*	*	*	*	82.9	AY219391	*
D	5059	3	*	*	*	*	96.9	AY245635	*
D	5118	2	*	*	*	*	88.8	AY367606	*
D	5164	2	*	*	*	*	96.3	FJ515735	*
D	5191	4	*	*	*	*	86.7	EU082465	*
D	5224	2	*	*	*	*	84.4	AY618666	*
D	5225	2	*	*	*	*	84.0	AY618669	*
D	5243	2	*	*	*	*	83.2	GU222286	*
D	5253	2	*	*	*	*	92.1	AY729939	*
D	5286	2	*	*	*	*	80.7	AY789290	*
D	5298	2	*	*	*	*	91.1	AY789285	*
D	5300	2	*	*	*	*	83.1	AY789427	*
D	5323	2	*	*	*	*	86.5	AY916467	*
D	5354	2	*	*	*	*	87.8	AY999126	*
D	5355	2	*	*	*	*	83.8	AY999132	*
D	5363	2	*	*	*	*	88.0	GQ293947	*
D	5395	2	*	*	*	*	92.0	GU058015	*
D	5423	3	*	*	*	*	87.4	DQ238743	*
D	5428	2	*	*	*	*	90.7	DQ279506	*
D	5450	2	*	*	*	*	88.8	DQ328132	*
D	5485	2	*	*	*	*	81.4	DQ394398	*
D	5553	2	*	*	*	*	84.7	DQ525530	*
D	5634	2	*	*	*	*	96.5	JF908276	*
D	5647	2	*	*	*	*	87.8	EU851936	*
D	5649	2	*	*	*	*	81.1	EF029187	*
D	5742	2	*	*	*	*	86.2	GQ412730	*
D	5752	2	*	*	*	*	96.8	EF446015	*
D	5786	2	*	*	*	*	84.0	EF409724	*
D	5821	4	*	*	*	*	95.6	EF667965	*
D	5831	2	*	*	*	*	82.5	EU010246	*
D	5946	2	*	*	*	*	81.8	EU273525	*
D	5951	2	*	*	*	*	92.5	AB267394	*
D	5956	2	*	*	*	*	98.6	FJ914680	*
D	6133	2	*	*	*	*	92.0	DQ367894	*
D	6139	2	*	*	*	*	90.0	EU707864	*
D	6145	2	*	*	*	*	94.4	GU234147	*
D	6216	2	*	*	*	*	83.5	EU819450	*
D	6233	2	*	*	*	*	81.8	EU846256	*
D	6239	2	*	*	*	*	98.3	EU851925	*
D	6241	2	*	*	*	*	98.0	AY239215	*
D	6305	2	*	*	*	*	99.1	EU330951	*
D	6317	2	*	*	*	*	89.4	FJ205457	*
D	6323	2	*	*	*	*	93.4	FJ234198	*
D	6391	2	*	*	*	*	81.2	FJ478126	*
D	6413	2	*	*	*	*	93.7	GQ906953	*
D	6421	2	*	*	*	*	92.6	AY129366	*
D	6458	2	*	*	*	*	93.2	FJ624264	*
D	6466	2	*	*	*	*	80.6	FJ644287	*
D	6529	2	*	*	*	*	98.2	FJ839634	*
D	6557	2	*	*	*	*	91.0	FJ871105	*
D	6561	2	*	*	*	*	80.6	FJ877138	*
D	6583	2	*	*	*	*	87.4	FJ904978	*
D	6599	2	*	*	*	*	93.0	FJ903347	*
D	6605	2	*	*	*	*	93.3	FR667997	*
D	6606	3	*	*	*	*	82.8	DQ888729	*
D	6670	2	*	*	*	*	98.6	FN547665	*
D	6714	2	*	*	*	*	82.4	FR750150	*
D	6729	3	*	*	*	*	80.8	GU479278	*
D	6773	2	*	*	*	*	85.6	GQ267190	*
D	6782	2	*	*	*	*	81.9	GQ338074	*
D	6819	3	*	*	*	*	91.8	FN868481	*
D	6821	2	*	*	*	*	81.5	AY339334	*
D	6844	3	*	*	*	*	87.4	FJ596856	*
D	6895	2	*	*	*	*	82.5	GU062267	*
D	6911	2	*	*	*	*	89.7	UDB000773	*
D	6922	2	*	*	*	*	96.5	DQ317587	*
D	6970	3	*	*	*	*	90.8	GU233322	*
D	6975	2	*	*	*	*	95.6	GU233321	*
D	6976	2	*	*	*	*	92.4	GU234015	*
D	7016	2	*	*	*	*	89.8	GU300782	*
D	7028	2	*	*	*	*	80.7	GU355659	*
D	7037	2	*	*	*	*	84.3	GU384880	*
D	7137	2	*	*	*	*	94.1	HM037979	*
D	7173	2	*	*	*	*	82.8	HM161476	*
D	7175	2	*	*	*	*	80.0	HM161499	*
D	7214	3	*	*	*	*	84.3	AY497555	*
D	7235	2	*	*	*	*	83.3	HM578948	*
D	7346	3	*	*	*	*	92.6	HQ449175	*
D	7408	2	*	*	*	*	90.5	HQ604560	*
D	7452	2	*	*	*	*	85.7	HQ650722	*
D	7493	2	*	*	*	*	81.4	JN849459	*
D	7510	2	*	*	*	*	80.1	FJ715822	*
D	7512	2	*	*	*	*	91.7	GQ411326	*
D	7517	2	*	*	*	*	85.5	HQ914933	*
D	7526	2	*	*	*	*	87.4	FJ752738	*
D	7527	3	*	*	*	*	94.6	JF271754	*
D	7541	2	*	*	*	*	80.2	GU062246	*
D	7544	2	*	*	*	*	87.1	EU770227	*
D	7547	3	*	*	*	*	85.4	JF419893	*
D	7566	4	*	*	*	*	86.5	HQ897818	*
D	7592	2	*	*	*	*	92.4	EU697259	*
D	7631	2	*	*	*	*	84.2	JF894106	*
D	7640	2	*	*	*	*	82.8	JF907961	*
D	7697	3	*	*	*	*	82.2	JF908528	*
D	7718	2	*	*	*	*	92.7	JF951149	*
D	7724	2	*	*	*	*	98.2	AY681189	*
D	7725	2	*	*	*	*	94.6	FJ534886	*
D	7750	2	*	*	*	*	96.8	U56041	*
D	7845	3	*	*	*	*	95.6	AF405304	*
D	7851	2	*	*	*	*	90.7	JN899325	*
D	7895	2	*	*	*	*	90.7	JN943601	*
D	7943	2	*	*	*	*	81.9	M96663	*
D	8061	2	*	*	*	*	84.1	UDB000691	*
D	8145	2	*	*	*	*	82.4	UDB008309	*
D	8172	2	*	*	*	*	87.9	UDB011249	*
D	8190	2	*	*	*	*	80.7	AF454588	*
D	8242	3	*	*	*	*	87.6	AJ415551	*
