UclustConsensusTaxonAssigner parameters:
id_to_taxonomy_filepath:/Users/nbokulich/Desktop/projects/short-read-tax-assignment/data/simulated-community/B1-REF-iter2/ref_taxa.tsv
id_to_taxonomy_fp:/Users/nbokulich/Desktop/projects/short-read-tax-assignment/data/simulated-community/B1-REF-iter2/ref_taxa.tsv
max_accepts:1
min_consensus_fraction:0.51
reference_sequences_fp:/Users/nbokulich/Desktop/projects/short-read-tax-assignment/data/simulated-community/B1-REF-iter2/ref_seqs.fasta
similarity:0.8
unassignable_label:Unassigned
Result path: /var/folders/0t/l1dz88p50y91vx_22fx5w3780000gn/T/assign-taxlwQEAo

.uc file contents:

# uclust --input /Users/nbokulich/Desktop/projects/short-read-tax-assignment/data/simulated-community/B1-REF-iter2/query.fasta --id 0.8 --rev --maxaccepts 1 --allhits --libonly --lib /Users/nbokulich/Desktop/projects/short-read-tax-assignment/data/simulated-community/B1-REF-iter2/ref_seqs.fasta --uc /var/folders/0t/l1dz88p50y91vx_22fx5w3780000gn/T/UclustConsensusTaxonAssigner_i1psNI.uc
# version=1.2.22
# Tab-separated fields:
# 1=Type, 2=ClusterNr, 3=SeqLength or ClusterSize, 4=PctId, 5=Strand, 6=QueryStart, 7=SeedStart, 8=Alignment, 9=QueryLabel, 10=TargetLabel
# Record types (field 1): L=LibSeed, S=NewSeed, H=Hit, R=Reject, D=LibCluster, C=NewCluster, N=NoHit
# For C and D types, PctId is average id with seed.
# QueryStart and SeedStart are zero-based relative to start of sequence.
# If minus strand, SeedStart is relative to reverse-complemented seed.
L	3932	250	*	*	*	*	*	1086672	*
H	3932	250	100.0	+	0	0	250M	1110799	1086672
L	961	250	*	*	*	*	*	386088	*
H	961	250	97.6	+	0	0	250M	1102814	386088
L	3893	250	*	*	*	*	*	1139117	*
H	3893	250	95.2	+	0	0	250M	1083016	1139117
L	4741	250	*	*	*	*	*	4312974	*
H	4741	250	98.0	+	0	0	250M	1073436	4312974
L	4494	250	*	*	*	*	*	902903	*
H	4494	250	99.2	+	0	0	250M	1043951	902903
L	5590	250	*	*	*	*	*	4456894	*
H	5590	250	98.0	+	0	0	250M	1028133	4456894
L	3692	250	*	*	*	*	*	898309	*
H	3692	250	99.2	+	0	0	250M	999477	898309
L	3674	250	*	*	*	*	*	2421587	*
H	3674	250	98.4	+	0	0	D249MI	824723	2421587
L	2908	250	*	*	*	*	*	16103	*
H	2908	250	99.6	+	0	0	250M	776622	16103
L	3511	250	*	*	*	*	*	816056	*
H	3511	250	98.8	+	0	0	250M	742260	816056
L	4312	250	*	*	*	*	*	1136710	*
H	4312	250	99.2	+	0	0	250M	692823	1136710
L	1184	250	*	*	*	*	*	338757	*
H	1184	250	96.8	+	0	0	250M	685156	338757
L	1879	250	*	*	*	*	*	203093	*
H	1879	250	99.2	+	0	0	250M	589792	203093
L	4293	250	*	*	*	*	*	3643491	*
H	4293	250	99.6	+	0	0	5MI244MD	589597	3643491
L	2660	250	*	*	*	*	*	100203	*
H	2660	250	99.2	+	0	0	250M	587602	100203
L	1148	250	*	*	*	*	*	342928	*
H	1148	250	98.4	+	0	0	250M	569939	342928
L	1143	250	*	*	*	*	*	343273	*
H	1143	250	100.0	+	0	0	250M	568228	343273
L	1713	250	*	*	*	*	*	250063	*
H	1713	250	98.0	+	0	0	234MI15MD	567491	250063
L	4637	250	*	*	*	*	*	4295230	*
H	4637	250	98.0	+	0	0	119MD130MI	556300	4295230
L	2652	250	*	*	*	*	*	101466	*
H	2652	250	100.0	+	0	0	250M	553653	101466
L	2991	250	*	*	*	*	*	12048	*
H	2991	250	98.8	+	0	0	65MD154MI30M	549754	12048
L	718	250	*	*	*	*	*	534898	*
H	718	250	99.6	+	0	0	218MD31MI	539107	534898
L	2349	250	*	*	*	*	*	160832	*
H	2349	250	97.2	+	0	0	198MD51MI	536986	160832
L	1121	250	*	*	*	*	*	347063	*
H	1121	250	100.0	+	0	0	250M	536754	347063
L	1756	250	*	*	*	*	*	241289	*
H	1756	250	97.6	+	0	0	250M	533999	241289
L	1009	250	*	*	*	*	*	364824	*
H	1009	250	93.6	+	0	0	250M	524219	364824
L	4166	250	*	*	*	*	*	681370	*
H	4166	250	98.8	+	0	0	112MI137MD	519290	681370
L	3304	250	*	*	*	*	*	1137471	*
H	3304	250	99.6	+	0	0	250M	471412	1137471
L	3349	250	*	*	*	*	*	1124808	*
H	3349	250	100.0	+	0	0	250M	423025	1124808
L	5741	250	*	*	*	*	*	4479467	*
H	5741	250	100.0	+	0	0	250M	391286	4479467
L	5511	250	*	*	*	*	*	4442407	*
H	5511	250	95.2	+	0	0	250M	336110	4442407
L	2841	250	*	*	*	*	*	42931	*
H	2841	250	99.6	+	0	0	250M	335256	42931
L	1979	250	*	*	*	*	*	193710	*
H	1979	250	99.6	+	0	0	250M	329820	193710
L	1062	250	*	*	*	*	*	356089	*
H	1062	250	99.6	+	0	0	250M	316438	356089
L	1305	250	*	*	*	*	*	311765	*
H	1305	250	98.8	+	0	0	250M	313305	311765
L	3250	250	*	*	*	*	*	1684221	*
H	3250	250	92.0	+	0	0	250M	304382	1684221
L	3502	250	*	*	*	*	*	745650	*
H	3502	250	98.4	+	0	0	250M	288677	745650
L	4202	250	*	*	*	*	*	714746	*
H	4202	250	99.6	+	0	0	250M	287811	714746
L	531	250	*	*	*	*	*	569952	*
H	531	250	100.0	+	0	0	250M	286874	569952
L	3598	250	*	*	*	*	*	2279387	*
H	3598	250	100.0	+	0	0	250M	285908	2279387
L	2158	250	*	*	*	*	*	181589	*
H	2158	250	97.6	+	0	0	26M2I16MI205M3D	276567	181589
L	1560	250	*	*	*	*	*	270928	*
H	1560	250	99.6	+	0	0	50MD199MI	268935	270928
L	1659	250	*	*	*	*	*	259732	*
H	1659	250	97.6	+	0	0	250M	268353	259732
L	4373	250	*	*	*	*	*	721199	*
H	4373	250	99.2	+	0	0	250M	261920	721199
L	5372	250	*	*	*	*	*	4418394	*
H	5372	250	97.2	+	0	0	I51MD198M	255365	4418394
L	84	250	*	*	*	*	*	1019904	*
H	84	250	95.6	+	0	0	250M	248219	1019904
L	2497	250	*	*	*	*	*	138840	*
H	2497	250	99.2	+	0	0	250M	246575	138840
L	543	250	*	*	*	*	*	567840	*
H	543	250	98.4	+	0	0	158MD12MD39MD9MD28M4I	239139	567840
L	4922	250	*	*	*	*	*	4347159	*
H	4922	250	100.0	+	0	0	250M	235262	4347159
L	2130	250	*	*	*	*	*	183456	*
H	2130	250	96.8	+	0	0	129MD19MD41MD7MD42MD7M5I	227662	183456
L	5371	250	*	*	*	*	*	4418165	*
H	5371	250	98.4	+	0	0	188MI61MD	205417	4418165
L	2288	250	*	*	*	*	*	170244	*
H	2288	250	98.8	+	0	0	54MD195MI	203115	170244
L	1424	250	*	*	*	*	*	294550	*
H	1424	250	95.6	+	0	0	196MI12MI40M2D	201537	294550
L	3307	250	*	*	*	*	*	1002608	*
H	3307	250	98.8	+	0	0	54MI18MI27MI117M3D31M	199880	1002608
L	4066	250	*	*	*	*	*	812476	*
H	4066	250	100.0	+	0	0	250M	199630	812476
L	4733	250	*	*	*	*	*	4311005	*
H	4733	250	98.4	+	0	0	225MI24MD	196652	4311005
L	2253	250	*	*	*	*	*	174654	*
H	2253	250	100.0	+	0	0	250M	192515	174654
L	2827	250	*	*	*	*	*	48874	*
H	2827	250	98.4	+	0	0	123MD126MI	191359	48874
L	4337	250	*	*	*	*	*	1121530	*
H	4337	250	100.0	+	0	0	250M	178213	1121530
L	4155	250	*	*	*	*	*	1115352	*
H	4155	250	99.6	+	0	0	250M	175954	1115352
L	2532	250	*	*	*	*	*	132602	*
H	2532	250	99.2	+	0	0	250M	175108	132602
L	2297	250	*	*	*	*	*	168583	*
H	2297	250	99.2	+	0	0	250M	172804	168583
L	2316	250	*	*	*	*	*	165882	*
H	2316	250	99.2	+	0	0	250M	166268	165882
L	2301	250	*	*	*	*	*	168326	*
H	2301	250	97.6	+	0	0	209MD40MI	162595	168326
L	2345	250	*	*	*	*	*	161024	*
H	2345	250	98.4	+	0	0	250M	160928	161024
L	5220	250	*	*	*	*	*	4391672	*
H	5220	250	99.2	+	0	0	250M	151023	4391672
L	2439	250	*	*	*	*	*	147086	*
H	2439	250	97.6	+	0	0	250M	150229	147086
L	1609	250	*	*	*	*	*	264482	*
H	1609	250	95.2	+	0	0	60MD32MD156M2I	142011	264482
L	2510	250	*	*	*	*	*	136328	*
H	2510	250	94.4	+	0	0	250M	136092	136328
L	584	250	*	*	*	*	*	560804	*
H	584	250	98.4	+	0	0	250M	129337	560804
H	4733	250	88.4	+	0	0	124MD13MD17M8I17MI8MI6M3I11MI10MI29M13D	119349	4311005
L	3111	250	*	*	*	*	*	4562	*
H	3111	250	98.8	+	0	0	167MD82MI	114930	4562
L	1387	250	*	*	*	*	*	299576	*
H	1387	250	98.8	+	0	0	250M	113265	299576
L	712	250	*	*	*	*	*	535824	*
H	712	250	100.0	+	0	0	250M	109364	535824
L	2737	250	*	*	*	*	*	74262	*
H	2737	250	93.6	+	0	0	215M2I33M2D	107348	74262
L	4915	250	*	*	*	*	*	4345313	*
H	4915	250	99.2	+	0	0	250M	104477	4345313
L	3157	250	*	*	*	*	*	1503863	*
H	3157	250	98.4	+	0	0	250M	104155	1503863
L	2623	250	*	*	*	*	*	105508	*
H	2623	250	96.4	+	0	0	250M	100775	105508
L	2657	250	*	*	*	*	*	100650	*
H	2657	250	100.0	+	0	0	250M	100027	100650
L	3196	250	*	*	*	*	*	1144371	*
H	3196	250	100.0	+	0	0	250M	99373	1144371
L	2669	250	*	*	*	*	*	99356	*
H	2669	250	97.2	+	0	0	250M	98889	99356
L	2719	250	*	*	*	*	*	80086	*
H	2719	250	97.2	+	0	0	250M	82303	80086
L	5199	250	*	*	*	*	*	4388952	*
H	5199	250	100.0	+	0	0	250M	81397	4388952
L	2781	250	*	*	*	*	*	64294	*
H	2781	250	98.0	+	0	0	228MD21MI	70689	64294
L	2802	250	*	*	*	*	*	57759	*
H	2802	250	100.0	+	0	0	250M	57758	57759
H	531	250	98.0	+	0	0	186MD41MI22M	37911	569952
L	2605	250	*	*	*	*	*	107235	*
H	2605	250	97.2	+	0	0	199MI50MD	21464	107235
L	5623	250	*	*	*	*	*	4462446	*
H	5623	250	98.0	+	0	0	250M	16144	4462446
L	1856	250	*	*	*	*	*	212584	*
H	1856	250	100.0	+	0	0	250M	15025	212584
L	1341	250	*	*	*	*	*	306124	*
H	1341	250	98.8	+	0	0	14MI235MD	13811	306124
L	5147	250	*	*	*	*	*	4381192	*
H	5147	250	98.4	+	0	0	250M	13485	4381192
L	2492	250	*	*	*	*	*	139504	*
H	2492	250	100.0	+	0	0	250M	12562	139504
L	971	250	*	*	*	*	*	372473	*
H	971	250	98.8	+	0	0	250M	9870	372473
L	3023	250	*	*	*	*	*	9546	*
H	3023	250	99.6	+	0	0	250M	9548	9546
L	598	250	*	*	*	*	*	558833	*
H	598	250	98.4	+	0	0	250M	7214	558833
L	3102	250	*	*	*	*	*	4737	*
H	3102	250	98.4	+	0	0	96MD122MD30M2I	4735	4737
L	3122	250	*	*	*	*	*	4043	*
H	3122	250	94.0	+	0	0	250M	4115	4043
L	4638	250	*	*	*	*	*	4295289	*
H	4638	250	98.8	+	0	0	250M	2380	4295289
L	415	250	*	*	*	*	*	591907	*
H	415	250	99.6	+	0	0	250M	1532107	591907
L	4333	250	*	*	*	*	*	759349	*
H	4333	250	94.8	+	0	0	250M	1676137	759349
L	2775	250	*	*	*	*	*	67341	*
H	2775	250	99.2	+	0	0	250M	1136234	67341
L	5488	250	*	*	*	*	*	4437907	*
H	5488	250	98.0	+	0	0	14MI235MD	1730876	4437907
L	1693	250	*	*	*	*	*	253403	*
H	1693	250	100.0	+	0	0	250M	646494	253403
L	4742	250	*	*	*	*	*	4312977	*
H	4742	250	97.2	+	0	0	200MI49MD	653302	4312977
H	3349	250	94.4	+	0	0	250M	1126421	1124808
L	1519	250	*	*	*	*	*	276605	*
H	1519	250	100.0	+	0	0	250M	1117497	276605
L	3387	250	*	*	*	*	*	1906635	*
H	3387	250	96.4	+	0	0	171MI78MD	2085032	1906635
L	5287	250	*	*	*	*	*	4404220	*
H	5287	250	98.4	+	0	0	22MD35MI50MD141MI	893979	4404220
L	5456	250	*	*	*	*	*	4432889	*
H	5456	250	96.4	+	0	0	250M	1145384	4432889
L	10	250	*	*	*	*	*	1108244	*
H	10	250	100.0	+	0	0	250M	14437	1108244
L	860	250	*	*	*	*	*	513855	*
H	860	250	99.2	+	0	0	250M	829038	513855
L	5439	250	*	*	*	*	*	4430475	*
H	5439	250	99.6	+	0	0	250M	1108701	4430475
L	5234	250	*	*	*	*	*	4393532	*
H	5234	250	96.8	+	0	0	250M	849361	4393532
L	3744	250	*	*	*	*	*	864496	*
H	3744	250	97.2	+	0	0	250M	972165	864496
L	3350	250	*	*	*	*	*	1136078	*
H	3350	250	100.0	+	0	0	250M	2609596	1136078
L	483	250	*	*	*	*	*	578257	*
H	483	250	98.4	+	0	0	26MD199MD23M2I	2611121	578257
L	5650	250	*	*	*	*	*	4466203	*
H	5650	250	99.6	+	0	0	250M	2635230	4466203
L	2339	250	*	*	*	*	*	161677	*
H	2339	250	99.6	+	0	0	250M	913867	161677
L	2976	250	*	*	*	*	*	12464	*
H	2976	250	99.2	+	0	0	250M	711733	12464
L	2964	250	*	*	*	*	*	13469	*
H	2964	250	98.0	+	0	0	250M	650615	13469
L	1276	250	*	*	*	*	*	317200	*
H	1276	250	99.6	+	0	0	216MD14MI19M	669038	317200
L	3470	250	*	*	*	*	*	863832	*
H	3470	250	88.8	+	0	0	250M	1097955	863832
L	2553	250	*	*	*	*	*	119659	*
H	2553	250	98.8	+	0	0	250M	1128359	119659
L	4379	250	*	*	*	*	*	944401	*
H	4379	250	99.6	+	0	0	250M	826144	944401
L	1225	250	*	*	*	*	*	329688	*
H	1225	250	99.6	+	0	0	250M	2990918	329688
L	2993	250	*	*	*	*	*	11428	*
H	2993	250	99.2	+	0	0	250M	704830	11428
L	3477	250	*	*	*	*	*	658717	*
H	3477	250	100.0	+	0	0	250M	767448	658717
L	2803	250	*	*	*	*	*	56680	*
H	2803	250	97.2	+	0	0	250M	3557576	56680
L	5677	250	*	*	*	*	*	4469781	*
H	5677	250	89.2	+	0	0	250M	3602952	4469781
L	4645	250	*	*	*	*	*	4295743	*
H	4645	250	92.8	+	0	0	250M	3641998	4295743
L	3031	250	*	*	*	*	*	9402	*
H	3031	250	96.0	+	0	0	30MD219MI	3664773	9402
L	5599	250	*	*	*	*	*	610967	*
H	5599	250	92.4	+	0	0	117MD13M2D30MD14MI19MD33MI19M3I	659124	610967
L	2378	250	*	*	*	*	*	157497	*
H	2378	250	90.8	+	0	0	I11MI9M5I107MD105MD11M5D	763971	157497
L	825	250	*	*	*	*	*	518743	*
H	825	250	99.2	+	0	0	250M	3889756	518743
L	2554	250	*	*	*	*	*	119010	*
H	2554	250	96.4	+	0	0	128MD47MD29MD34MD8M4I	3908648	119010
L	2757	250	*	*	*	*	*	70728	*
H	2757	250	99.6	+	0	0	250M	612512	70728
L	4414	250	*	*	*	*	*	1129515	*
H	4414	250	95.2	+	0	0	250M	990997	1129515
L	2721	250	*	*	*	*	*	79540	*
H	2721	250	99.2	+	0	0	250M	708264	79540
L	1499	250	*	*	*	*	*	284241	*
H	1499	250	100.0	+	0	0	250M	1142257	284241
L	4533	250	*	*	*	*	*	1105883	*
H	4533	250	98.8	+	0	0	250M	836450	1105883
L	5638	250	*	*	*	*	*	4465276	*
H	5638	250	99.6	+	0	0	250M	4300564	4465276
L	2810	250	*	*	*	*	*	53467	*
H	2810	250	99.6	+	0	0	250M	4323731	53467
L	4826	250	*	*	*	*	*	4328432	*
H	4826	250	98.8	+	0	0	250M	4323871	4328432
L	644	250	*	*	*	*	*	551931	*
H	644	250	99.6	+	0	0	250M	4344960	551931
L	602	250	*	*	*	*	*	557957	*
H	602	250	99.6	+	0	0	250M	4347599	557957
L	2599	250	*	*	*	*	*	107976	*
H	2599	250	96.4	+	0	0	250M	4362383	107976
L	3571	250	*	*	*	*	*	1118561	*
H	3571	250	100.0	+	0	0	250M	4364813	1118561
L	3380	250	*	*	*	*	*	1891556	*
H	3380	250	99.2	+	0	0	128MD76MD44M2I	4385067	1891556
L	4889	250	*	*	*	*	*	4340036	*
H	4889	250	98.4	+	0	0	250M	4390966	4340036
L	425	250	*	*	*	*	*	589864	*
H	425	250	100.0	+	0	0	250M	4408009	589864
L	4278	250	*	*	*	*	*	826666	*
H	4278	250	95.2	+	0	0	250M	4410896	826666
L	3804	250	*	*	*	*	*	1115889	*
H	3804	250	100.0	+	0	0	250M	4422114	1115889
L	3591	250	*	*	*	*	*	1141633	*
H	3591	250	95.2	+	0	0	250M	4426339	1141633
L	4020	250	*	*	*	*	*	799884	*
H	4020	250	96.8	+	0	0	27MD50MD171M2I	4431828	799884
L	4858	250	*	*	*	*	*	4334651	*
H	4858	250	99.2	+	0	0	250M	4438147	4334651
L	980	250	*	*	*	*	*	370056	*
H	980	250	100.0	+	0	0	250M	4457129	370056
L	2940	250	*	*	*	*	*	14457	*
H	2940	250	97.6	+	0	0	30MI128MI90M2D	4473250	14457
L	1621	250	*	*	*	*	*	263449	*
H	1621	250	99.6	+	0	0	250M	4475144	263449
L	886	250	*	*	*	*	*	508943	*
H	886	250	91.6	+	0	0	I249MD	4475936	508943
L	1785	250	*	*	*	*	*	237081	*
H	1785	250	94.0	+	0	0	57MI44MI147M2D	4482227	237081
L	5884	250	*	*	*	*	*	1074804	*
H	5884	250	96.0	+	0	0	250M	347913	1074804
L	5848	250	*	*	*	*	*	25116	*
H	5848	250	98.0	+	0	0	9MI240MD	47778	25116
L	5782	250	*	*	*	*	*	756973	*
H	5782	250	99.6	+	0	0	218MI31MD	1126596	756973
L	5913	250	*	*	*	*	*	4338018	*
H	5913	250	97.2	+	0	0	250M	673916	4338018
L	5885	250	*	*	*	*	*	1137781	*
H	5885	250	100.0	+	0	0	250M	4369721	1137781
L	5879	250	*	*	*	*	*	1145507	*
H	5879	250	98.8	+	0	0	250M	4385066	1145507
L	5781	250	*	*	*	*	*	777733	*
H	5781	250	94.0	+	0	0	250M	4404369	777733
D	10	2	*	*	*	*	100.0	1108244	*
D	84	2	*	*	*	*	95.6	1019904	*
D	415	2	*	*	*	*	99.6	591907	*
D	425	2	*	*	*	*	100.0	589864	*
D	483	2	*	*	*	*	98.4	578257	*
D	531	3	*	*	*	*	99.0	569952	*
D	543	2	*	*	*	*	98.4	567840	*
D	584	2	*	*	*	*	98.4	560804	*
D	598	2	*	*	*	*	98.4	558833	*
D	602	2	*	*	*	*	99.6	557957	*
D	644	2	*	*	*	*	99.6	551931	*
D	712	2	*	*	*	*	100.0	535824	*
D	718	2	*	*	*	*	99.6	534898	*
D	825	2	*	*	*	*	99.2	518743	*
D	860	2	*	*	*	*	99.2	513855	*
D	886	2	*	*	*	*	91.6	508943	*
D	961	2	*	*	*	*	97.6	386088	*
D	971	2	*	*	*	*	98.8	372473	*
D	980	2	*	*	*	*	100.0	370056	*
D	1009	2	*	*	*	*	93.6	364824	*
D	1062	2	*	*	*	*	99.6	356089	*
D	1121	2	*	*	*	*	100.0	347063	*
D	1143	2	*	*	*	*	100.0	343273	*
D	1148	2	*	*	*	*	98.4	342928	*
D	1184	2	*	*	*	*	96.8	338757	*
D	1225	2	*	*	*	*	99.6	329688	*
D	1276	2	*	*	*	*	99.6	317200	*
D	1305	2	*	*	*	*	98.8	311765	*
D	1341	2	*	*	*	*	98.8	306124	*
D	1387	2	*	*	*	*	98.8	299576	*
D	1424	2	*	*	*	*	95.6	294550	*
D	1499	2	*	*	*	*	100.0	284241	*
D	1519	2	*	*	*	*	100.0	276605	*
D	1560	2	*	*	*	*	99.6	270928	*
D	1609	2	*	*	*	*	95.2	264482	*
D	1621	2	*	*	*	*	99.6	263449	*
D	1659	2	*	*	*	*	97.6	259732	*
D	1693	2	*	*	*	*	100.0	253403	*
D	1713	2	*	*	*	*	98.0	250063	*
D	1756	2	*	*	*	*	97.6	241289	*
D	1785	2	*	*	*	*	94.0	237081	*
D	1856	2	*	*	*	*	100.0	212584	*
D	1879	2	*	*	*	*	99.2	203093	*
D	1979	2	*	*	*	*	99.6	193710	*
D	2130	2	*	*	*	*	96.8	183456	*
D	2158	2	*	*	*	*	97.6	181589	*
D	2253	2	*	*	*	*	100.0	174654	*
D	2288	2	*	*	*	*	98.8	170244	*
D	2297	2	*	*	*	*	99.2	168583	*
D	2301	2	*	*	*	*	97.6	168326	*
D	2316	2	*	*	*	*	99.2	165882	*
D	2339	2	*	*	*	*	99.6	161677	*
D	2345	2	*	*	*	*	98.4	161024	*
D	2349	2	*	*	*	*	97.2	160832	*
D	2378	2	*	*	*	*	90.8	157497	*
D	2439	2	*	*	*	*	97.6	147086	*
D	2492	2	*	*	*	*	100.0	139504	*
D	2497	2	*	*	*	*	99.2	138840	*
D	2510	2	*	*	*	*	94.4	136328	*
D	2532	2	*	*	*	*	99.2	132602	*
D	2553	2	*	*	*	*	98.8	119659	*
D	2554	2	*	*	*	*	96.4	119010	*
D	2599	2	*	*	*	*	96.4	107976	*
D	2605	2	*	*	*	*	97.2	107235	*
D	2623	2	*	*	*	*	96.4	105508	*
D	2652	2	*	*	*	*	100.0	101466	*
D	2657	2	*	*	*	*	100.0	100650	*
D	2660	2	*	*	*	*	99.2	100203	*
D	2669	2	*	*	*	*	97.2	99356	*
D	2719	2	*	*	*	*	97.2	80086	*
D	2721	2	*	*	*	*	99.2	79540	*
D	2737	2	*	*	*	*	93.6	74262	*
D	2757	2	*	*	*	*	99.6	70728	*
D	2775	2	*	*	*	*	99.2	67341	*
D	2781	2	*	*	*	*	98.0	64294	*
D	2802	2	*	*	*	*	100.0	57759	*
D	2803	2	*	*	*	*	97.2	56680	*
D	2810	2	*	*	*	*	99.6	53467	*
D	2827	2	*	*	*	*	98.4	48874	*
D	2841	2	*	*	*	*	99.6	42931	*
D	2908	2	*	*	*	*	99.6	16103	*
D	2940	2	*	*	*	*	97.6	14457	*
D	2964	2	*	*	*	*	98.0	13469	*
D	2976	2	*	*	*	*	99.2	12464	*
D	2991	2	*	*	*	*	98.8	12048	*
D	2993	2	*	*	*	*	99.2	11428	*
D	3023	2	*	*	*	*	99.6	9546	*
D	3031	2	*	*	*	*	96.0	9402	*
D	3102	2	*	*	*	*	98.4	4737	*
D	3111	2	*	*	*	*	98.8	4562	*
D	3122	2	*	*	*	*	94.0	4043	*
D	3157	2	*	*	*	*	98.4	1503863	*
D	3196	2	*	*	*	*	100.0	1144371	*
D	3250	2	*	*	*	*	92.0	1684221	*
D	3304	2	*	*	*	*	99.6	1137471	*
D	3307	2	*	*	*	*	98.8	1002608	*
D	3349	3	*	*	*	*	97.2	1124808	*
D	3350	2	*	*	*	*	100.0	1136078	*
D	3380	2	*	*	*	*	99.2	1891556	*
D	3387	2	*	*	*	*	96.4	1906635	*
D	3470	2	*	*	*	*	88.8	863832	*
D	3477	2	*	*	*	*	100.0	658717	*
D	3502	2	*	*	*	*	98.4	745650	*
D	3511	2	*	*	*	*	98.8	816056	*
D	3571	2	*	*	*	*	100.0	1118561	*
D	3591	2	*	*	*	*	95.2	1141633	*
D	3598	2	*	*	*	*	100.0	2279387	*
D	3674	2	*	*	*	*	98.4	2421587	*
D	3692	2	*	*	*	*	99.2	898309	*
D	3744	2	*	*	*	*	97.2	864496	*
D	3804	2	*	*	*	*	100.0	1115889	*
D	3893	2	*	*	*	*	95.2	1139117	*
D	3932	2	*	*	*	*	100.0	1086672	*
D	4020	2	*	*	*	*	96.8	799884	*
D	4066	2	*	*	*	*	100.0	812476	*
D	4155	2	*	*	*	*	99.6	1115352	*
D	4166	2	*	*	*	*	98.8	681370	*
D	4202	2	*	*	*	*	99.6	714746	*
D	4278	2	*	*	*	*	95.2	826666	*
D	4293	2	*	*	*	*	99.6	3643491	*
D	4312	2	*	*	*	*	99.2	1136710	*
D	4333	2	*	*	*	*	94.8	759349	*
D	4337	2	*	*	*	*	100.0	1121530	*
D	4373	2	*	*	*	*	99.2	721199	*
D	4379	2	*	*	*	*	99.6	944401	*
D	4414	2	*	*	*	*	95.2	1129515	*
D	4494	2	*	*	*	*	99.2	902903	*
D	4533	2	*	*	*	*	98.8	1105883	*
D	4637	2	*	*	*	*	98.0	4295230	*
D	4638	2	*	*	*	*	98.8	4295289	*
D	4645	2	*	*	*	*	92.8	4295743	*
D	4733	3	*	*	*	*	93.4	4311005	*
D	4741	2	*	*	*	*	98.0	4312974	*
D	4742	2	*	*	*	*	97.2	4312977	*
D	4826	2	*	*	*	*	98.8	4328432	*
D	4858	2	*	*	*	*	99.2	4334651	*
D	4889	2	*	*	*	*	98.4	4340036	*
D	4915	2	*	*	*	*	99.2	4345313	*
D	4922	2	*	*	*	*	100.0	4347159	*
D	5147	2	*	*	*	*	98.4	4381192	*
D	5199	2	*	*	*	*	100.0	4388952	*
D	5220	2	*	*	*	*	99.2	4391672	*
D	5234	2	*	*	*	*	96.8	4393532	*
D	5287	2	*	*	*	*	98.4	4404220	*
D	5371	2	*	*	*	*	98.4	4418165	*
D	5372	2	*	*	*	*	97.2	4418394	*
D	5439	2	*	*	*	*	99.6	4430475	*
D	5456	2	*	*	*	*	96.4	4432889	*
D	5488	2	*	*	*	*	98.0	4437907	*
D	5511	2	*	*	*	*	95.2	4442407	*
D	5590	2	*	*	*	*	98.0	4456894	*
D	5599	2	*	*	*	*	92.4	610967	*
D	5623	2	*	*	*	*	98.0	4462446	*
D	5638	2	*	*	*	*	99.6	4465276	*
D	5650	2	*	*	*	*	99.6	4466203	*
D	5677	2	*	*	*	*	89.2	4469781	*
D	5741	2	*	*	*	*	100.0	4479467	*
D	5781	2	*	*	*	*	94.0	777733	*
D	5782	2	*	*	*	*	99.6	756973	*
D	5848	2	*	*	*	*	98.0	25116	*
D	5879	2	*	*	*	*	98.8	1145507	*
D	5884	2	*	*	*	*	96.0	1074804	*
D	5885	2	*	*	*	*	100.0	1137781	*
D	5913	2	*	*	*	*	97.2	4338018	*
