UclustConsensusTaxonAssigner parameters:
id_to_taxonomy_filepath:/home/nbokulic/ref_seq_dbs/its_12_11_otus/taxonomy/97_otu_taxonomy.txt
id_to_taxonomy_fp:/home/nbokulic/ref_seq_dbs/its_12_11_otus/taxonomy/97_otu_taxonomy.txt
max_accepts:5
min_consensus_fraction:0.5
reference_sequences_fp:/home/nbokulic/ref_seq_dbs/its_12_11_otus/rep_set/97_otus.fasta
similarity:0.99
unassignable_label:Unassigned
Result path: "/scratch/assign-taxKIhop2UN3X0pCGsPlznL.txt"

.uc file contents:

# uclust --input /home/nbokulic/bewolf/psrotot/SAG/rep_set.fna --id 0.99 --rev --maxaccepts 5 --allhits --libonly --lib /home/nbokulic/ref_seq_dbs/its_12_11_otus/rep_set/97_otus.fasta --uc /scratch/UclustConsensusTaxonAssigner_ZR9H5D.uc
# version=1.2.22
# Tab-separated fields:
# 1=Type, 2=ClusterNr, 3=SeqLength or ClusterSize, 4=PctId, 5=Strand, 6=QueryStart, 7=SeedStart, 8=Alignment, 9=QueryLabel, 10=TargetLabel
# Record types (field 1): L=LibSeed, S=NewSeed, H=Hit, R=Reject, D=LibCluster, C=NewCluster, N=NoHit
# For C and D types, PctId is average id with seed.
# QueryStart and SeedStart are zero-based relative to start of sequence.
# If minus strand, SeedStart is relative to reverse-complemented seed.
L	9213	476	*	*	*	*	*	DQ683006	*
H	9213	101	100.0	+	0	0	11I101M364I	AB236002 Mock.3_69	DQ683006
L	51504	539	*	*	*	*	*	AB236002	*
H	51504	101	100.0	+	0	0	111I101M327I	AB236002 Mock.3_69	AB236002
N	*	101	*	*	*	*	*	AF157596 Mock.3_11595	*
L	19840	584	*	*	*	*	*	GU721258	*
H	19840	86	100.0	+	0	0	22I86M476I	AM410602 Mock.3_1088	GU721258
L	25972	575	*	*	*	*	*	GU565140	*
H	25972	85	100.0	+	0	0	9I85M481I	DQ267827 Mock.3_15114	GU565140
L	23841	629	*	*	*	*	*	HQ631040	*
H	23841	85	100.0	+	0	0	23I85M521I	DQ267827 Mock.3_15114	HQ631040
L	21708	537	*	*	*	*	*	GQ999151	*
H	21708	85	100.0	+	0	0	5I85M447I	DQ267827 Mock.3_15114	GQ999151
L	26121	642	*	*	*	*	*	GQ851780	*
H	26121	85	100.0	+	0	0	5I85M552I	DQ267827 Mock.3_15114	GQ851780
L	40396	581	*	*	*	*	*	JQ889705	*
H	40396	85	100.0	+	0	0	10I85M486I	DQ267827 Mock.3_15114	JQ889705
L	29538	603	*	*	*	*	*	DQ674351	*
H	29538	101	99.0	+	0	0	94I6M7I95M401I	DQ674351 Mock.2_37777	DQ674351
N	*	91	*	*	*	*	*	DQ681373 Mock.3_77472	*
N	*	101	*	*	*	*	*	DQ683114 Mock.2_49	*
L	42773	345	*	*	*	*	*	DQ980578	*
H	42773	101	100.0	+	0	0	101I101M143I	DQ980578 Mock.3_103337	DQ980578
L	20892	462	*	*	*	*	*	FN562058	*
H	20892	101	100.0	+	0	0	146I101M215I	DQ980578 Mock.3_103337	FN562058
L	50376	435	*	*	*	*	*	EF199746	*
H	50376	101	99.0	+	0	0	12I101M322I	EF199746 Mock.3_6	EF199746
L	209	270	*	*	*	*	*	FJ759854	*
H	209	101	99.0	+	0	0	21I85MD15M149I	EU490021 Mock.1_17056	FJ759854
L	33479	583	*	*	*	*	*	GU721685	*
H	33479	101	99.0	+	0	0	22I85MD15M461I	EU490021 Mock.1_17056	GU721685
L	33480	594	*	*	*	*	*	GU721684	*
H	33480	101	99.0	+	0	0	22I85MD15M472I	EU490021 Mock.1_17056	GU721684
L	33482	589	*	*	*	*	*	GU721683	*
H	33482	101	99.0	+	0	0	22I85MD15M467I	EU490021 Mock.1_17056	GU721683
L	50769	1991	*	*	*	*	*	EF397557	*
H	50769	101	99.0	+	0	0	1744I85MD15M147I	EU490021 Mock.1_17056	EF397557
L	23096	573	*	*	*	*	*	EU551202	*
H	23096	94	100.0	+	0	0	9I94M470I	EU551202 Mock.3_1364	EU551202
N	*	82	*	*	*	*	*	FJ196614 Mock.1_25367	*
L	1914	2305	*	*	*	*	*	FJ430772	*
H	1914	101	99.0	+	0	0	1762I101M442I	FJ430772 Mock.1_20387	FJ430772
L	1822	1460	*	*	*	*	*	AF310977	*
H	1822	82	100.0	+	0	0	315I82M1063I	FJ466715 Mock.2_4938	AF310977
L	40144	278	*	*	*	*	*	FJ760911	*
H	40144	82	100.0	+	0	0	24I71M2I11M170I	FJ466715 Mock.2_4938	FJ760911
L	42081	288	*	*	*	*	*	FN562064	*
H	42081	82	100.0	+	0	0	21I82M185I	FJ466715 Mock.2_4938	FN562064
L	23062	631	*	*	*	*	*	FJ820809	*
H	23062	82	100.0	+	0	0	5I82M544I	FJ466715 Mock.2_4938	FJ820809
H	19840	82	100.0	+	0	0	22I82M480I	FJ466715 Mock.2_4938	GU721258
N	*	101	*	*	*	*	*	FJ552897 Mock.3_14077	*
N	*	79	*	*	*	*	*	FJ553653 Mock.3_79206	*
N	*	85	*	*	*	*	*	FJ760777 Mock.3_148090	*
N	*	89	*	*	*	*	*	FJ760911 Mock.3_25039	*
L	6254	583	*	*	*	*	*	GU721833	*
H	6254	83	100.0	+	0	0	22I69MI14M477I	FJ777353 Mock.1_1325	GU721833
L	52400	668	*	*	*	*	*	JN859422	*
H	52400	83	100.0	+	0	0	106I69MI14M478I	FJ777353 Mock.1_1325	JN859422
H	19840	83	100.0	+	0	0	22I69MI14M478I	FJ777353 Mock.1_1325	GU721258
L	19843	705	*	*	*	*	*	AM410602	*
H	19843	83	100.0	+	0	0	137I69MI14M484I	FJ777353 Mock.1_1325	AM410602
L	4134	667	*	*	*	*	*	JN859417	*
H	4134	83	100.0	+	0	0	104I69MI14M479I	FJ777353 Mock.1_1325	JN859417
L	34170	704	*	*	*	*	*	FM177662	*
H	34170	101	100.0	+	0	0	177I101M426I	FM177661 Mock.1_3223	FM177662
L	34171	700	*	*	*	*	*	FM177661	*
H	34171	101	100.0	+	0	0	176I101M423I	FM177661 Mock.1_3223	FM177661
L	45309	674	*	*	*	*	*	JF715197	*
H	45309	101	99.0	+	0	0	189I101M384I	FM177661 Mock.1_3223	JF715197
L	336	564	*	*	*	*	*	AY729076	*
H	336	101	99.0	+	0	0	86MD14M464I	FN562059 Mock.3_65061	AY729076
L	28830	297	*	*	*	*	*	FN562059	*
H	28830	101	100.0	+	0	0	21I101M175I	FN562059 Mock.3_65061	FN562059
L	50082	267	*	*	*	*	*	JN905480	*
H	50082	101	99.0	+	0	0	22I101M144I	FN562059 Mock.3_65061	JN905480
N	*	101	*	*	*	*	*	FR799498 Mock.1_11398	*
N	*	86	*	*	*	*	*	FR799499 Mock.1_101835	*
L	37038	914	*	*	*	*	*	GQ229082	*
H	37038	101	100.0	+	0	0	133I101M680I	GQ229082 Mock.2_477	GQ229082
L	41107	552	*	*	*	*	*	HQ649866	*
H	41107	101	99.0	+	0	0	101M451I	GQ229082 Mock.2_477	HQ649866
L	20885	743	*	*	*	*	*	GQ376077	*
H	20885	101	100.0	+	0	0	8I101M634I	GQ376077 Mock.3_9	GQ376077
N	*	86	*	*	*	*	*	GQ379907 Mock.1_15015	*
L	15005	573	*	*	*	*	*	FJ528716	*
H	15005	80	100.0	+	0	0	80M493I	GQ458026 Mock.2_14347	FJ528716
L	20716	608	*	*	*	*	*	GU733341	*
H	20716	80	100.0	+	0	0	10I80M518I	GQ458026 Mock.2_14347	GU733341
L	17721	586	*	*	*	*	*	JQ889710	*
H	17721	80	100.0	+	0	0	9I80M497I	GQ458026 Mock.2_14347	JQ889710
L	3131	805	*	*	*	*	*	JN617685	*
H	3131	80	100.0	+	0	0	50I80M675I	GQ458026 Mock.2_14347	JN617685
L	17521	716	*	*	*	*	*	FN548146	*
H	17521	80	100.0	+	0	0	111I80M525I	GQ458026 Mock.2_14347	FN548146
N	*	81	*	*	*	*	*	GQ851780 Mock.2_10125	*
H	17521	101	99.0	+	0	0	111I91MI10M503I	GQ999201 Mock.2_21	FN548146
H	23096	101	99.0	+	0	0	9I101M463I	GQ999201 Mock.2_21	EU551202
L	14063	632	*	*	*	*	*	DQ249212	*
H	14063	101	99.0	+	0	0	26I91MI10M504I	GQ999201 Mock.2_21	DQ249212
L	20142	822	*	*	*	*	*	JQ247368	*
H	20142	101	99.0	+	0	0	87I91MI10M633I	GQ999201 Mock.2_21	JQ247368
H	21708	101	99.0	+	0	0	5I91MI10M430I	GQ999201 Mock.2_21	GQ999151
L	14278	632	*	*	*	*	*	GU054037	*
H	14278	101	99.0	+	0	0	5I101M526I	GU054037 Mock.3_56	GU054037
N	*	79	*	*	*	*	*	GU187850 Mock.3_31596	*
N	*	80	*	*	*	*	*	GU187857 Mock.1_120194	*
N	*	101	*	*	*	*	*	GU187864 Mock.3_107013	*
N	*	101	*	*	*	*	*	GU370744 Mock.3_25	*
N	*	101	*	*	*	*	*	GU565140 Mock.1_89680	*
N	*	96	*	*	*	*	*	GU566244 Mock.2_51949	*
N	*	85	*	*	*	*	*	GU721258 Mock.3_1197	*
N	*	96	*	*	*	*	*	GU934594 Mock.3_463	*
L	44023	453	*	*	*	*	*	HM037662	*
H	44023	101	100.0	+	0	0	22I101M330I	HM037662 Mock.3_0	HM037662
N	*	101	*	*	*	*	*	HM069364 Mock.1_3563	*
L	44502	618	*	*	*	*	*	HM069479	*
H	44502	101	99.0	+	0	0	178I90MI11M338I	HM069479 Mock.2_29206	HM069479
H	26121	101	99.0	+	0	0	5I90MI11M535I	HM069479 Mock.2_29206	GQ851780
L	47945	395	*	*	*	*	*	HQ115737	*
H	47945	101	100.0	+	0	0	15I101M279I	HQ115737 Mock.1_42	HQ115737
N	*	101	*	*	*	*	*	HQ124706 Mock.3_16003	*
N	*	101	*	*	*	*	*	HQ589260 Mock.3_336	*
N	*	101	*	*	*	*	*	HQ827787 Mock.3_25286	*
N	*	101	*	*	*	*	*	JF262912 Mock.3_93865	*
L	22440	631	*	*	*	*	*	GQ120969	*
H	22440	87	100.0	+	0	0	24I87M520I	JF439501 Mock.1_19099	GQ120969
L	26990	2917	*	*	*	*	*	GQ458026	*
H	26990	87	100.0	+	0	0	1716I87M1114I	JF439501 Mock.1_19099	GQ458026
L	37641	626	*	*	*	*	*	JF439501	*
H	37641	87	100.0	+	0	0	22I87M517I	JF439501 Mock.1_19099	JF439501
L	16219	572	*	*	*	*	*	GU934594	*
H	16219	87	100.0	+	0	0	22I87M463I	JF439501 Mock.1_19099	GU934594
L	47460	633	*	*	*	*	*	GQ999201	*
H	47460	87	100.0	+	0	0	5I87M541I	JF439501 Mock.1_19099	GQ999201
H	23062	84	100.0	+	0	0	5I84M542I	JF449887 Mock.2_32544	FJ820809
H	19840	84	100.0	+	0	0	22I84M478I	JF449887 Mock.2_32544	GU721258
H	45309	101	99.0	+	0	0	189I101M384I	JF715197 Mock.3_4	JF715197
L	26992	2991	*	*	*	*	*	GQ458025	*
H	26992	101	100.0	+	0	0	1736I101M1154I	JF720033 Mock.1_3	GQ458025
L	49327	673	*	*	*	*	*	JF720033	*
H	49327	101	100.0	+	0	0	22I101M550I	JF720033 Mock.1_3	JF720033
L	49213	673	*	*	*	*	*	HQ719236	*
H	49213	101	99.0	+	0	0	22I101M550I	JF720033 Mock.1_3	HQ719236
N	*	101	*	*	*	*	*	JF907594 Mock.3_41	*
N	*	85	*	*	*	*	*	JF933755 Mock.3_4506	*
H	209	101	99.0	+	0	0	21I86MD14M149I	JN905480 Mock.1_57	FJ759854
H	33479	101	99.0	+	0	0	22I86MD14M461I	JN905480 Mock.1_57	GU721685
H	33480	101	99.0	+	0	0	22I86MD14M472I	JN905480 Mock.1_57	GU721684
H	33482	101	99.0	+	0	0	22I86MD14M467I	JN905480 Mock.1_57	GU721683
H	50769	101	99.0	+	0	0	1744I86MD14M147I	JN905480 Mock.1_57	EF397557
L	1852	605	*	*	*	*	*	HQ392598	*
H	1852	77	100.0	+	0	0	77M528I	JN905595 Mock.3_33141	HQ392598
L	22584	621	*	*	*	*	*	AF504835	*
H	22584	77	100.0	+	0	0	77M544I	JN905595 Mock.3_33141	AF504835
L	28303	554	*	*	*	*	*	JF461115	*
H	28303	77	100.0	+	0	0	77M477I	JN905595 Mock.3_33141	JF461115
L	51505	529	*	*	*	*	*	FN562035	*
H	51505	77	100.0	+	0	0	20I77M432I	JN905595 Mock.3_33141	FN562035
L	31186	448	*	*	*	*	*	FJ528720	*
H	31186	77	100.0	+	0	0	77M371I	JN905595 Mock.3_33141	FJ528720
H	40144	83	100.0	+	0	0	24I71M2I12M169I	JQ912669 Mock.2_20239	FJ760911
H	42081	83	100.0	+	0	0	21I83M184I	JQ912669 Mock.2_20239	FN562064
L	29319	603	*	*	*	*	*	HM162054	*
H	29319	83	100.0	+	0	0	22I83M498I	JQ912669 Mock.2_20239	HM162054
L	10216	1011	*	*	*	*	*	JQ912669	*
H	10216	83	100.0	+	0	0	231I83M697I	JQ912669 Mock.2_20239	JQ912669
N	*	101	*	*	*	*	*	New.ReferenceOTU0 Mock.2_38342	*
N	*	101	*	*	*	*	*	New.ReferenceOTU1 Mock.1_4514	*
N	*	101	*	*	*	*	*	New.ReferenceOTU2 Mock.1_17201	*
N	*	101	*	*	*	*	*	New.ReferenceOTU3 Mock.3_140076	*
N	*	96	*	*	*	*	*	New.ReferenceOTU4 Mock.2_21889	*
N	*	101	*	*	*	*	*	New.ReferenceOTU5 Mock.3_13474	*
N	*	101	*	*	*	*	*	New.CleanUp.ReferenceOTU1 Mock.3_31273	*
N	*	101	*	*	*	*	*	New.CleanUp.ReferenceOTU10 Mock.2_23568	*
N	*	88	*	*	*	*	*	New.CleanUp.ReferenceOTU102 Mock.1_20160	*
N	*	101	*	*	*	*	*	New.CleanUp.ReferenceOTU109 Mock.2_103418	*
N	*	85	*	*	*	*	*	New.CleanUp.ReferenceOTU116 Mock.3_149153	*
N	*	101	*	*	*	*	*	New.CleanUp.ReferenceOTU118 Mock.2_14440	*
N	*	101	*	*	*	*	*	New.CleanUp.ReferenceOTU132 Mock.1_37935	*
N	*	97	*	*	*	*	*	New.CleanUp.ReferenceOTU136 Mock.1_37244	*
N	*	101	*	*	*	*	*	New.CleanUp.ReferenceOTU140 Mock.1_148727	*
N	*	101	*	*	*	*	*	New.CleanUp.ReferenceOTU142 Mock.3_149543	*
N	*	96	*	*	*	*	*	New.CleanUp.ReferenceOTU145 Mock.2_16180	*
N	*	97	*	*	*	*	*	New.CleanUp.ReferenceOTU154 Mock.3_62959	*
N	*	101	*	*	*	*	*	New.CleanUp.ReferenceOTU157 Mock.3_24621	*
N	*	90	*	*	*	*	*	New.CleanUp.ReferenceOTU160 Mock.3_80051	*
N	*	93	*	*	*	*	*	New.CleanUp.ReferenceOTU165 Mock.1_23154	*
N	*	101	*	*	*	*	*	New.CleanUp.ReferenceOTU167 Mock.2_314	*
N	*	97	*	*	*	*	*	New.CleanUp.ReferenceOTU174 Mock.1_141388	*
N	*	101	*	*	*	*	*	New.CleanUp.ReferenceOTU178 Mock.2_150196	*
N	*	94	*	*	*	*	*	New.CleanUp.ReferenceOTU179 Mock.1_150760	*
N	*	101	*	*	*	*	*	New.CleanUp.ReferenceOTU180 Mock.1_78557	*
N	*	92	*	*	*	*	*	New.CleanUp.ReferenceOTU196 Mock.3_50457	*
N	*	93	*	*	*	*	*	New.CleanUp.ReferenceOTU199 Mock.1_50570	*
N	*	93	*	*	*	*	*	New.CleanUp.ReferenceOTU201 Mock.3_139183	*
N	*	90	*	*	*	*	*	New.CleanUp.ReferenceOTU202 Mock.2_124679	*
N	*	94	*	*	*	*	*	New.CleanUp.ReferenceOTU204 Mock.2_149378	*
N	*	101	*	*	*	*	*	New.CleanUp.ReferenceOTU205 Mock.3_26145	*
N	*	96	*	*	*	*	*	New.CleanUp.ReferenceOTU206 Mock.2_32253	*
N	*	101	*	*	*	*	*	New.CleanUp.ReferenceOTU209 Mock.3_29050	*
N	*	91	*	*	*	*	*	New.CleanUp.ReferenceOTU210 Mock.3_66685	*
N	*	101	*	*	*	*	*	New.CleanUp.ReferenceOTU215 Mock.3_47471	*
N	*	101	*	*	*	*	*	New.CleanUp.ReferenceOTU229 Mock.2_23991	*
N	*	101	*	*	*	*	*	New.CleanUp.ReferenceOTU231 Mock.1_27133	*
N	*	101	*	*	*	*	*	New.CleanUp.ReferenceOTU232 Mock.1_123965	*
N	*	77	*	*	*	*	*	New.CleanUp.ReferenceOTU236 Mock.2_126285	*
N	*	96	*	*	*	*	*	New.CleanUp.ReferenceOTU237 Mock.2_146273	*
N	*	101	*	*	*	*	*	New.CleanUp.ReferenceOTU245 Mock.1_20956	*
N	*	101	*	*	*	*	*	New.CleanUp.ReferenceOTU246 Mock.2_80422	*
N	*	89	*	*	*	*	*	New.CleanUp.ReferenceOTU249 Mock.2_48073	*
N	*	97	*	*	*	*	*	New.CleanUp.ReferenceOTU250 Mock.2_87488	*
N	*	89	*	*	*	*	*	New.CleanUp.ReferenceOTU253 Mock.2_150387	*
N	*	97	*	*	*	*	*	New.CleanUp.ReferenceOTU257 Mock.3_65298	*
N	*	101	*	*	*	*	*	New.CleanUp.ReferenceOTU266 Mock.1_75156	*
N	*	101	*	*	*	*	*	New.CleanUp.ReferenceOTU270 Mock.2_127141	*
N	*	97	*	*	*	*	*	New.CleanUp.ReferenceOTU282 Mock.1_1366	*
N	*	101	*	*	*	*	*	New.CleanUp.ReferenceOTU308 Mock.1_1802	*
N	*	101	*	*	*	*	*	New.CleanUp.ReferenceOTU309 Mock.1_32579	*
N	*	85	*	*	*	*	*	New.CleanUp.ReferenceOTU310 Mock.3_65215	*
N	*	97	*	*	*	*	*	New.CleanUp.ReferenceOTU322 Mock.3_23665	*
N	*	91	*	*	*	*	*	New.CleanUp.ReferenceOTU323 Mock.1_119625	*
N	*	101	*	*	*	*	*	New.CleanUp.ReferenceOTU326 Mock.3_144997	*
N	*	101	*	*	*	*	*	New.CleanUp.ReferenceOTU327 Mock.3_99092	*
N	*	82	*	*	*	*	*	New.CleanUp.ReferenceOTU336 Mock.3_79410	*
N	*	101	*	*	*	*	*	New.CleanUp.ReferenceOTU337 Mock.3_145052	*
N	*	96	*	*	*	*	*	New.CleanUp.ReferenceOTU340 Mock.3_90462	*
N	*	97	*	*	*	*	*	New.CleanUp.ReferenceOTU354 Mock.2_65750	*
N	*	84	*	*	*	*	*	New.CleanUp.ReferenceOTU36 Mock.1_109502	*
N	*	89	*	*	*	*	*	New.CleanUp.ReferenceOTU363 Mock.3_19916	*
N	*	101	*	*	*	*	*	New.CleanUp.ReferenceOTU371 Mock.1_33365	*
N	*	101	*	*	*	*	*	New.CleanUp.ReferenceOTU373 Mock.3_76319	*
N	*	101	*	*	*	*	*	New.CleanUp.ReferenceOTU376 Mock.3_35061	*
N	*	96	*	*	*	*	*	New.CleanUp.ReferenceOTU379 Mock.1_24344	*
N	*	89	*	*	*	*	*	New.CleanUp.ReferenceOTU38 Mock.2_73658	*
N	*	101	*	*	*	*	*	New.CleanUp.ReferenceOTU380 Mock.3_42725	*
N	*	101	*	*	*	*	*	New.CleanUp.ReferenceOTU395 Mock.1_74	*
N	*	101	*	*	*	*	*	New.CleanUp.ReferenceOTU40 Mock.2_112899	*
N	*	90	*	*	*	*	*	New.CleanUp.ReferenceOTU413 Mock.2_371	*
N	*	101	*	*	*	*	*	New.CleanUp.ReferenceOTU42 Mock.3_36198	*
N	*	101	*	*	*	*	*	New.CleanUp.ReferenceOTU424 Mock.3_102064	*
N	*	101	*	*	*	*	*	New.CleanUp.ReferenceOTU425 Mock.1_151312	*
N	*	101	*	*	*	*	*	New.CleanUp.ReferenceOTU426 Mock.1_53460	*
N	*	101	*	*	*	*	*	New.CleanUp.ReferenceOTU43 Mock.1_23081	*
N	*	91	*	*	*	*	*	New.CleanUp.ReferenceOTU438 Mock.1_23990	*
N	*	79	*	*	*	*	*	New.CleanUp.ReferenceOTU443 Mock.2_73927	*
N	*	96	*	*	*	*	*	New.CleanUp.ReferenceOTU47 Mock.3_147010	*
N	*	97	*	*	*	*	*	New.CleanUp.ReferenceOTU49 Mock.3_52885	*
N	*	89	*	*	*	*	*	New.CleanUp.ReferenceOTU6 Mock.2_150072	*
N	*	89	*	*	*	*	*	New.CleanUp.ReferenceOTU61 Mock.3_147233	*
N	*	101	*	*	*	*	*	New.CleanUp.ReferenceOTU63 Mock.1_4705	*
N	*	92	*	*	*	*	*	New.CleanUp.ReferenceOTU64 Mock.2_151030	*
N	*	96	*	*	*	*	*	New.CleanUp.ReferenceOTU71 Mock.3_151410	*
N	*	92	*	*	*	*	*	New.CleanUp.ReferenceOTU79 Mock.3_72672	*
N	*	101	*	*	*	*	*	New.CleanUp.ReferenceOTU89 Mock.1_76828	*
N	*	101	*	*	*	*	*	New.CleanUp.ReferenceOTU9 Mock.3_68650	*
N	*	101	*	*	*	*	*	New.CleanUp.ReferenceOTU97 Mock.1_146439	*
D	1914	2	*	*	*	*	99.0	FJ430772	*
D	4134	2	*	*	*	*	100.0	JN859417	*
D	10216	2	*	*	*	*	100.0	JQ912669	*
D	14278	2	*	*	*	*	99.0	GU054037	*
D	17521	2	*	*	*	*	100.0	FN548146	*
D	19840	4	*	*	*	*	100.0	GU721258	*
D	20885	2	*	*	*	*	100.0	GQ376077	*
D	20892	2	*	*	*	*	100.0	FN562058	*
D	21708	2	*	*	*	*	99.0	GQ999151	*
D	23096	2	*	*	*	*	100.0	EU551202	*
D	26121	2	*	*	*	*	99.0	GQ851780	*
D	28830	2	*	*	*	*	100.0	FN562059	*
D	29538	2	*	*	*	*	99.0	DQ674351	*
D	31186	2	*	*	*	*	100.0	FJ528720	*
D	34171	2	*	*	*	*	100.0	FM177661	*
D	37038	2	*	*	*	*	100.0	GQ229082	*
D	40396	2	*	*	*	*	100.0	JQ889705	*
D	44023	2	*	*	*	*	100.0	HM037662	*
D	45309	2	*	*	*	*	99.0	JF715197	*
D	47460	2	*	*	*	*	100.0	GQ999201	*
D	47945	2	*	*	*	*	100.0	HQ115737	*
D	49327	2	*	*	*	*	100.0	JF720033	*
D	50376	2	*	*	*	*	99.0	EF199746	*
D	50769	3	*	*	*	*	99.0	EF397557	*
D	51504	2	*	*	*	*	100.0	AB236002	*
