UclustConsensusTaxonAssigner parameters:
id_to_taxonomy_filepath:/Users/nbokulich/Desktop/projects/short-read-tax-assignment/data/ref_dbs/gg_13_8_otus/99_otu_taxonomy_clean.tsv
id_to_taxonomy_fp:/Users/nbokulich/Desktop/projects/short-read-tax-assignment/data/ref_dbs/gg_13_8_otus/99_otu_taxonomy_clean.tsv
max_accepts:1
min_consensus_fraction:0.76
reference_sequences_fp:/Users/nbokulich/Desktop/projects/short-read-tax-assignment/data/ref_dbs/gg_13_8_otus/99_otus_clean_515f-806r_trim250.fasta
similarity:0.9
unassignable_label:Unassigned
Result path: /var/folders/0t/l1dz88p50y91vx_22fx5w3780000gn/T/assign-taxpdv4ei

.uc file contents:

# uclust --input /Users/nbokulich/Desktop/projects/short-read-tax-assignment/data/mock-community/mock-7/rep_seqs.fna --id 0.9 --rev --maxaccepts 1 --allhits --libonly --lib /Users/nbokulich/Desktop/projects/short-read-tax-assignment/data/ref_dbs/gg_13_8_otus/99_otus_clean_515f-806r_trim250.fasta --uc /var/folders/0t/l1dz88p50y91vx_22fx5w3780000gn/T/UclustConsensusTaxonAssigner_zJJlOl.uc
# version=1.2.22
# Tab-separated fields:
# 1=Type, 2=ClusterNr, 3=SeqLength or ClusterSize, 4=PctId, 5=Strand, 6=QueryStart, 7=SeedStart, 8=Alignment, 9=QueryLabel, 10=TargetLabel
# Record types (field 1): L=LibSeed, S=NewSeed, H=Hit, R=Reject, D=LibCluster, C=NewCluster, N=NoHit
# For C and D types, PctId is average id with seed.
# QueryStart and SeedStart are zero-based relative to start of sequence.
# If minus strand, SeedStart is relative to reverse-complemented seed.
L	1730	250	*	*	*	*	*	636825	*
H	1730	90	91.1	+	0	0	19I90M141I	0d9663954f9de19b601267102c3edaf6	636825
L	2529	250	*	*	*	*	*	555445	*
H	2529	90	95.6	+	0	0	19I90M141I	9c24c15f065e034aa3dfa819c53bb31f	555445
L	6937	250	*	*	*	*	*	226789	*
H	6937	90	100.0	+	0	0	19I90M141I	1cf0c22af1c05c39442dfd5e4bc355bc	226789
L	6260	250	*	*	*	*	*	267139	*
H	6260	90	100.0	+	0	0	19I90M141I	83a14d097b9af6b1daa5e9b934a69596	267139
L	5832	250	*	*	*	*	*	290650	*
H	5832	90	100.0	+	0	0	19I90M141I	68c72ec9287edc152ba5ba5793a57404	290650
L	4490	250	*	*	*	*	*	360644	*
H	4490	90	100.0	+	0	0	19I90M141I	af05ef082d252b58eff8a73fea334359	360644
L	9784	250	*	*	*	*	*	90431	*
H	9784	90	100.0	+	0	0	19I90M141I	9e776521964339e46e1fa2afe47dab4c	90431
L	6209	250	*	*	*	*	*	269103	*
H	6209	90	97.8	+	0	0	19I90M141I	ed0eb8c99326e0ec472d19a1fea46d20	269103
L	2858	250	*	*	*	*	*	535375	*
H	2858	90	100.0	+	0	0	19I90M141I	bb61e102b80728dc065059f3446fbd14	535375
L	10454	250	*	*	*	*	*	16144	*
H	10454	90	97.8	+	0	0	19I90M141I	6523268c74ed886fa23059a1157cb6f3	16144
L	12662	250	*	*	*	*	*	2288536	*
H	12662	90	100.0	+	0	0	19I90M141I	3e46d8f9b676e115585aecb00562f7b2	2288536
L	4873	250	*	*	*	*	*	342294	*
H	4873	90	100.0	+	0	0	19I90M141I	5d32ba90d9aa72951f9055e4988ce428	342294
L	16492	250	*	*	*	*	*	4306121	*
H	16492	90	100.0	+	0	0	19I90M141I	18bc76c2462dfa9b219cd400b3948212	4306121
L	8808	250	*	*	*	*	*	150412	*
H	8808	90	96.7	+	0	0	19I90M141I	5ae672a053581f596e9ecfb039bd798b	150412
L	14338	250	*	*	*	*	*	826042	*
H	14338	90	100.0	+	0	0	19I90M141I	12f40711f68989deb0c04655f374a98e	826042
L	5903	250	*	*	*	*	*	288004	*
H	5903	90	100.0	+	0	0	19I90M141I	4250e7b051847a13d608ef81be69999a	288004
L	13498	250	*	*	*	*	*	851782	*
H	13498	90	94.4	+	0	0	19I90M141I	f6e13f379ae8d56666d730b3954e251a	851782
L	2555	250	*	*	*	*	*	554085	*
H	2555	90	98.9	+	0	0	19I90M141I	148744b83b8ca9df502e6ddbb9adc745	554085
L	8835	250	*	*	*	*	*	149324	*
H	8835	90	100.0	+	0	0	19I90M141I	97e6ccfd8b780926ede87c1dbfffe04e	149324
L	3810	250	*	*	*	*	*	470117	*
H	3810	90	100.0	+	0	0	19I90M141I	31bdb8e50a8f08708ef058cd931db758	470117
L	8663	250	*	*	*	*	*	157712	*
H	8663	90	96.7	+	0	0	19I90M141I	5d3c9dd98dab0b3cf71b4045f3cbe225	157712
L	3799	250	*	*	*	*	*	471106	*
H	3799	90	100.0	+	0	0	19I90M141I	b27f3746dc96409f8cf7ccb7110c6669	471106
L	8167	250	*	*	*	*	*	175491	*
H	8167	90	92.2	+	0	0	19I90M141I	27d715e6eab18de8ccdf27dca6dffc83	175491
L	3474	250	*	*	*	*	*	517938	*
H	3474	90	100.0	+	0	0	19I90M141I	ce68461b19365e899b736787ab1a20b4	517938
L	15894	250	*	*	*	*	*	1116679	*
H	15894	90	100.0	+	0	0	19I90M141I	9de41efaa6ba102a29e8b876a2ac7259	1116679
L	4911	250	*	*	*	*	*	340301	*
H	4911	90	100.0	+	0	0	19I90M141I	7077386d4c1252ee121c220de47a3bdc	340301
L	4341	250	*	*	*	*	*	364792	*
H	4341	90	100.0	+	0	0	19I90M141I	7d06c91eee526da2845e19fc498ef62d	364792
H	1730	90	90.0	+	0	0	19I90M141I	73a76624439ae1b31e79ef2259247738	636825
L	12284	250	*	*	*	*	*	851661	*
H	12284	90	100.0	+	0	0	19I90M141I	aa64e6b8046cb8103645005b3838e5e6	851661
L	13451	250	*	*	*	*	*	2730944	*
H	13451	90	100.0	+	0	0	19I90M141I	53a5b78d6ed24ffa75d4460172e1fd87	2730944
L	10613	250	*	*	*	*	*	13811	*
H	10613	90	98.9	+	0	0	19I90M141I	a42f49f7004e52db3274f5a30358f651	13811
L	3258	250	*	*	*	*	*	523487	*
H	3258	90	98.9	+	0	0	19I90M141I	8c9f7d81df9a22351937685c4baddb7c	523487
L	7645	250	*	*	*	*	*	188442	*
H	7645	90	100.0	+	0	0	19I90M141I	a26554922f7b7b436271b863b7ee7b73	188442
L	3638	250	*	*	*	*	*	513513	*
H	3638	90	95.6	+	0	0	19I90M141I	32e259fc328091d5b8cf1cdb4e7915fe	513513
L	3804	250	*	*	*	*	*	470692	*
H	3804	90	100.0	+	0	0	19I90M141I	df7f9cc54f6279ed5745804d0beb4626	470692
L	19488	250	*	*	*	*	*	4446961	*
H	19488	90	100.0	+	0	0	19I90M141I	ec7e55d24b191e0167c9b5d76be36b13	4446961
L	5280	250	*	*	*	*	*	316761	*
H	5280	90	100.0	+	0	0	19I90M141I	8242b3afb352fa5f814e88934bc5505d	316761
L	5197	250	*	*	*	*	*	322393	*
H	5197	90	100.0	+	0	0	19I90M141I	1f2253720c1d7d139faabc0fee3a1709	322393
L	7181	250	*	*	*	*	*	202715	*
H	7181	90	91.1	+	0	0	19I90M141I	73d5503262052923010ad9cc335bc7bb	202715
L	11799	250	*	*	*	*	*	734955	*
H	11799	90	100.0	+	0	0	19I90M141I	1086711b50481e71f92ba0d973907842	734955
L	15194	250	*	*	*	*	*	3709991	*
H	15194	90	100.0	+	0	0	21I90M139I	4cf4ac567d849ee3767b23d1e48d5866	3709991
L	7889	250	*	*	*	*	*	182886	*
H	7889	90	96.7	+	0	0	19I90M141I	8e9c86e77bb2ff87ab49d7294bcb44ca	182886
L	14623	250	*	*	*	*	*	664205	*
H	14623	90	100.0	+	0	0	19I90M141I	1b2bcb804a535a020a122fbdb58b96aa	664205
L	8001	250	*	*	*	*	*	179885	*
H	8001	90	100.0	+	0	0	19I90M141I	90b0d451662f7563443e0d008925a574	179885
L	9856	250	*	*	*	*	*	82861	*
H	9856	90	98.9	+	0	0	19I90M141I	138e5efefb28c54e724d270954529b47	82861
L	4317	250	*	*	*	*	*	365385	*
H	4317	90	100.0	+	0	0	19I90M141I	d01714857eb5e3401b03b81875fb52e1	365385
L	3444	250	*	*	*	*	*	518801	*
H	3444	90	98.9	+	0	0	19I90M141I	6a9f333e4ce9c312b9c9ca0b79efbb94	518801
L	10245	250	*	*	*	*	*	40839	*
H	10245	90	97.8	+	0	0	19I90M141I	ea492cebc636911899a5ddaccd19957e	40839
L	18579	250	*	*	*	*	*	4402960	*
H	18579	90	100.0	+	0	0	19I90M141I	3d5b64619404a874482d91b78cb4ef80	4402960
L	7721	250	*	*	*	*	*	186563	*
H	7721	90	91.1	+	0	0	19I90M141I	4777ac6cedb9029c3066af6cf292c55e	186563
L	10488	250	*	*	*	*	*	15716	*
H	10488	90	97.8	+	0	0	19I90M141I	a50bffc4c317a92d1144ffef1278cef7	15716
L	4966	250	*	*	*	*	*	337516	*
H	4966	90	100.0	+	0	0	19I90M141I	31fd647a82c7e89b6ee3e307deb0c399	337516
L	10282	250	*	*	*	*	*	37589	*
H	10282	90	100.0	+	0	0	19I90M141I	7559f811c80b3a16abf3a4c3d920c45c	37589
L	15321	250	*	*	*	*	*	3779973	*
H	15321	90	100.0	+	0	0	19I90M141I	f3f7a4cdd595c890f68f9cd8d0191a7f	3779973
L	12835	250	*	*	*	*	*	1124170	*
H	12835	90	93.3	+	0	0	19I90M141I	f427968e08770f63c0625b50dc8f4201	1124170
L	13926	250	*	*	*	*	*	3018527	*
H	13926	90	100.0	+	0	0	19I90M141I	5eb6a72f21c36ef1525a6e590fd31d14	3018527
N	*	90	*	*	*	*	*	301a96f42179496cdeb87910d1084d88	*
L	7270	250	*	*	*	*	*	198042	*
H	7270	90	95.6	+	0	0	19I90M141I	97a67560c7dbd290bc4070bb73964615	198042
L	12037	250	*	*	*	*	*	980690	*
H	12037	90	100.0	+	0	0	19I90M141I	6333ec889a018e1421f0c466b6283c48	980690
N	*	90	*	*	*	*	*	eae4da0c4bf705d5bf2756e467507eab	*
L	6418	250	*	*	*	*	*	260579	*
H	6418	90	100.0	+	0	0	19I90M141I	7eb19c293d609a0c3e6ce4c8937d7e19	260579
L	1446	250	*	*	*	*	*	780036	*
H	1446	90	100.0	+	0	0	19I90M141I	75b45d8129c2c8c7672f087cda7825fc	780036
L	4764	250	*	*	*	*	*	348006	*
H	4764	90	100.0	+	0	0	19I90M141I	313200fa7b77b2e53cf2e22c67af2b6f	348006
H	12835	90	100.0	+	0	0	19I90M141I	a3bbe696e0af0944230b745bf101ed1b	1124170
L	4820	250	*	*	*	*	*	344827	*
H	4820	90	90.0	+	0	0	19I90M141I	6d08284a8675fae014c4753db3af92e9	344827
L	16572	250	*	*	*	*	*	4309033	*
H	16572	90	100.0	+	0	0	19I90M141I	c110dc917e48de08978e6ca40711768e	4309033
L	4457	250	*	*	*	*	*	361540	*
H	4457	90	100.0	+	0	0	19I90M141I	0eddc0b05602f08660776d811b4b898f	361540
D	1446	2	*	*	*	*	100.0	780036	*
D	1730	3	*	*	*	*	90.6	636825	*
D	2529	2	*	*	*	*	95.6	555445	*
D	2555	2	*	*	*	*	98.9	554085	*
D	2858	2	*	*	*	*	100.0	535375	*
D	3258	2	*	*	*	*	98.9	523487	*
D	3444	2	*	*	*	*	98.9	518801	*
D	3474	2	*	*	*	*	100.0	517938	*
D	3638	2	*	*	*	*	95.6	513513	*
D	3799	2	*	*	*	*	100.0	471106	*
D	3804	2	*	*	*	*	100.0	470692	*
D	3810	2	*	*	*	*	100.0	470117	*
D	4317	2	*	*	*	*	100.0	365385	*
D	4341	2	*	*	*	*	100.0	364792	*
D	4457	2	*	*	*	*	100.0	361540	*
D	4490	2	*	*	*	*	100.0	360644	*
D	4764	2	*	*	*	*	100.0	348006	*
D	4820	2	*	*	*	*	90.0	344827	*
D	4873	2	*	*	*	*	100.0	342294	*
D	4911	2	*	*	*	*	100.0	340301	*
D	4966	2	*	*	*	*	100.0	337516	*
D	5197	2	*	*	*	*	100.0	322393	*
D	5280	2	*	*	*	*	100.0	316761	*
D	5832	2	*	*	*	*	100.0	290650	*
D	5903	2	*	*	*	*	100.0	288004	*
D	6209	2	*	*	*	*	97.8	269103	*
D	6260	2	*	*	*	*	100.0	267139	*
D	6418	2	*	*	*	*	100.0	260579	*
D	6937	2	*	*	*	*	100.0	226789	*
D	7181	2	*	*	*	*	91.1	202715	*
D	7270	2	*	*	*	*	95.6	198042	*
D	7645	2	*	*	*	*	100.0	188442	*
D	7721	2	*	*	*	*	91.1	186563	*
D	7889	2	*	*	*	*	96.7	182886	*
D	8001	2	*	*	*	*	100.0	179885	*
D	8167	2	*	*	*	*	92.2	175491	*
D	8663	2	*	*	*	*	96.7	157712	*
D	8808	2	*	*	*	*	96.7	150412	*
D	8835	2	*	*	*	*	100.0	149324	*
D	9784	2	*	*	*	*	100.0	90431	*
D	9856	2	*	*	*	*	98.9	82861	*
D	10245	2	*	*	*	*	97.8	40839	*
D	10282	2	*	*	*	*	100.0	37589	*
D	10454	2	*	*	*	*	97.8	16144	*
D	10488	2	*	*	*	*	97.8	15716	*
D	10613	2	*	*	*	*	98.9	13811	*
D	11799	2	*	*	*	*	100.0	734955	*
D	12037	2	*	*	*	*	100.0	980690	*
D	12284	2	*	*	*	*	100.0	851661	*
D	12662	2	*	*	*	*	100.0	2288536	*
D	12835	3	*	*	*	*	96.7	1124170	*
D	13451	2	*	*	*	*	100.0	2730944	*
D	13498	2	*	*	*	*	94.4	851782	*
D	13926	2	*	*	*	*	100.0	3018527	*
D	14338	2	*	*	*	*	100.0	826042	*
D	14623	2	*	*	*	*	100.0	664205	*
D	15194	2	*	*	*	*	100.0	3709991	*
D	15321	2	*	*	*	*	100.0	3779973	*
D	15894	2	*	*	*	*	100.0	1116679	*
D	16492	2	*	*	*	*	100.0	4306121	*
D	16572	2	*	*	*	*	100.0	4309033	*
D	18579	2	*	*	*	*	100.0	4402960	*
D	19488	2	*	*	*	*	100.0	4446961	*
