UclustConsensusTaxonAssigner parameters:
id_to_taxonomy_filepath:/Users/nbokulich/Desktop/projects/short-read-tax-assignment/data/novel-taxa-simulations/B1-REF-L5-iter1/ref_taxa.tsv
id_to_taxonomy_fp:/Users/nbokulich/Desktop/projects/short-read-tax-assignment/data/novel-taxa-simulations/B1-REF-L5-iter1/ref_taxa.tsv
max_accepts:1
min_consensus_fraction:0.51
reference_sequences_fp:/Users/nbokulich/Desktop/projects/short-read-tax-assignment/data/novel-taxa-simulations/B1-REF-L5-iter1/ref_seqs.fasta
similarity:0.9
unassignable_label:Unassigned
Result path: /var/folders/0t/l1dz88p50y91vx_22fx5w3780000gn/T/assign-tax80e81o

.uc file contents:

# uclust --input /Users/nbokulich/Desktop/projects/short-read-tax-assignment/data/novel-taxa-simulations/B1-REF-L5-iter1/query.fasta --id 0.9 --rev --maxaccepts 1 --allhits --libonly --lib /Users/nbokulich/Desktop/projects/short-read-tax-assignment/data/novel-taxa-simulations/B1-REF-L5-iter1/ref_seqs.fasta --uc /var/folders/0t/l1dz88p50y91vx_22fx5w3780000gn/T/UclustConsensusTaxonAssigner_iHqbOr.uc
# version=1.2.22
# Tab-separated fields:
# 1=Type, 2=ClusterNr, 3=SeqLength or ClusterSize, 4=PctId, 5=Strand, 6=QueryStart, 7=SeedStart, 8=Alignment, 9=QueryLabel, 10=TargetLabel
# Record types (field 1): L=LibSeed, S=NewSeed, H=Hit, R=Reject, D=LibCluster, C=NewCluster, N=NoHit
# For C and D types, PctId is average id with seed.
# QueryStart and SeedStart are zero-based relative to start of sequence.
# If minus strand, SeedStart is relative to reverse-complemented seed.
L	7931	250	*	*	*	*	*	2160270	*
H	7931	250	99.2	+	0	0	250M	1063320	2160270
L	2890	250	*	*	*	*	*	354839	*
H	2890	250	95.2	+	0	0	250M	1037199	354839
L	8307	250	*	*	*	*	*	851932	*
H	8307	250	94.4	+	0	0	57MI192MD	981957	851932
L	6595	250	*	*	*	*	*	27938	*
H	6595	250	92.0	+	0	0	108MD27MD113M2I	887059	27938
L	3948	250	*	*	*	*	*	263138	*
H	3948	250	95.6	+	0	0	250M	851797	263138
L	10793	250	*	*	*	*	*	4324650	*
H	10793	250	92.0	+	0	0	250M	845765	4324650
L	11152	250	*	*	*	*	*	4349748	*
H	11152	250	96.8	+	0	0	250M	832772	4349748
L	2459	250	*	*	*	*	*	403917	*
H	2459	250	97.6	+	0	0	250M	821228	403917
L	9386	250	*	*	*	*	*	794069	*
H	9386	250	96.8	+	0	0	14MI21MI39MI20MI152M4D	814889	794069
L	8655	250	*	*	*	*	*	808919	*
H	8655	250	96.4	+	0	0	250M	814347	808919
L	11030	250	*	*	*	*	*	4341712	*
H	11030	250	93.6	+	0	0	250M	814161	4341712
L	3496	250	*	*	*	*	*	298873	*
H	3496	250	98.0	+	0	0	250M	812766	298873
L	6213	250	*	*	*	*	*	92479	*
H	6213	250	95.2	+	0	0	250M	812450	92479
L	6341	250	*	*	*	*	*	73484	*
H	6341	250	95.6	+	0	0	250M	793649	73484
L	12335	250	*	*	*	*	*	4431590	*
H	12335	250	97.2	+	0	0	250M	780282	4431590
L	10525	250	*	*	*	*	*	4307262	*
H	10525	250	95.6	+	0	0	250M	762317	4307262
L	6391	250	*	*	*	*	*	68830	*
H	6391	250	95.6	+	0	0	250M	748921	68830
L	9229	250	*	*	*	*	*	1122610	*
H	9229	250	92.4	+	0	0	87MD162MI	746730	1122610
L	9198	250	*	*	*	*	*	991883	*
H	9198	250	92.4	+	0	0	250M	734243	991883
L	11322	250	*	*	*	*	*	4361352	*
H	11322	250	94.8	+	0	0	250M	696991	4361352
L	6912	250	*	*	*	*	*	9514	*
H	6912	250	96.0	+	0	0	250M	684187	9514
L	838	250	*	*	*	*	*	653789	*
H	838	250	100.0	+	0	0	250M	682208	653789
L	10259	250	*	*	*	*	*	809998	*
H	10259	250	96.8	+	0	0	250M	671280	809998
L	12621	250	*	*	*	*	*	4449665	*
H	12621	250	98.8	+	0	0	250M	662645	4449665
L	1424	250	*	*	*	*	*	544430	*
H	1424	250	94.4	+	0	0	250M	656502	544430
L	6419	250	*	*	*	*	*	61983	*
H	6419	250	98.0	+	0	0	25MI224MD	653022	61983
L	9925	250	*	*	*	*	*	3960304	*
H	9925	250	95.6	+	0	0	250M	636825	3960304
L	9144	250	*	*	*	*	*	1139791	*
H	9144	250	95.2	+	0	0	250M	632212	1139791
L	6848	250	*	*	*	*	*	11801	*
H	6848	250	98.4	+	0	0	250M	624438	11801
L	6392	250	*	*	*	*	*	67654	*
H	6392	250	94.8	+	0	0	250M	605582	67654
L	4652	250	*	*	*	*	*	194489	*
H	4652	250	97.2	+	0	0	250M	593894	194489
L	8430	250	*	*	*	*	*	1131995	*
H	8430	250	90.8	+	0	0	250M	593016	1131995
L	1100	250	*	*	*	*	*	576360	*
H	1100	250	97.6	+	0	0	250M	586521	576360
L	13088	250	*	*	*	*	*	4481459	*
H	13088	250	98.8	+	0	0	250M	585432	4481459
L	5806	250	*	*	*	*	*	4352580	*
H	5806	250	92.4	+	0	0	250M	584440	4352580
H	6595	250	94.8	+	0	0	250M	582913	27938
N	*	250	*	*	*	*	*	579933	*
L	5833	250	*	*	*	*	*	136773	*
H	5833	250	90.8	+	0	0	250M	579858	136773
L	4255	250	*	*	*	*	*	237209	*
H	4255	250	91.2	+	0	0	250M	576097	237209
L	7408	250	*	*	*	*	*	656307	*
H	7408	250	99.2	+	0	0	250M	569678	656307
L	12085	250	*	*	*	*	*	4413665	*
H	12085	250	94.4	+	0	0	250M	569055	4413665
L	7730	250	*	*	*	*	*	1129081	*
H	7730	250	98.0	+	0	0	250M	568991	1129081
L	9526	250	*	*	*	*	*	1143368	*
H	9526	250	95.6	+	0	0	250M	567867	1143368
L	10448	250	*	*	*	*	*	4302951	*
H	10448	250	94.4	+	0	0	250M	567241	4302951
L	5476	250	*	*	*	*	*	160903	*
H	5476	250	92.8	+	0	0	250M	565851	160903
L	1314	250	*	*	*	*	*	555870	*
H	1314	250	98.4	+	0	0	250M	562424	555870
L	11823	250	*	*	*	*	*	4394897	*
H	11823	250	98.8	+	0	0	250M	560943	4394897
L	7412	250	*	*	*	*	*	1140689	*
H	7412	250	98.8	+	0	0	250M	560465	1140689
L	6638	250	*	*	*	*	*	19936	*
H	6638	250	97.2	+	0	0	197MD18MD11MD21M3I	557633	19936
L	6462	250	*	*	*	*	*	53642	*
H	6462	250	98.4	+	0	0	250M	4412575	53642
L	10715	250	*	*	*	*	*	4319594	*
H	10715	250	96.8	+	0	0	250M	552236	4319594
L	10055	250	*	*	*	*	*	1129564	*
H	10055	250	91.6	+	0	0	250M	551572	1129564
L	12820	250	*	*	*	*	*	4464003	*
H	12820	250	100.0	+	0	0	250M	550415	4464003
L	725	250	*	*	*	*	*	744029	*
H	725	250	97.6	+	0	0	250M	549232	744029
L	3090	250	*	*	*	*	*	336616	*
H	3090	250	91.6	+	0	0	250M	548469	336616
L	8736	250	*	*	*	*	*	326714	*
H	8736	250	91.6	+	0	0	250M	546657	326714
L	5643	250	*	*	*	*	*	148326	*
H	5643	250	94.4	+	0	0	70MI179MD	544425	148326
L	12771	250	*	*	*	*	*	4460356	*
H	12771	250	90.8	+	0	0	250M	539939	4460356
L	8343	250	*	*	*	*	*	2503593	*
H	8343	250	92.0	+	0	0	250M	538695	2503593
L	8911	250	*	*	*	*	*	1124398	*
H	8911	250	92.8	+	0	0	250M	537510	1124398
L	685	250	*	*	*	*	*	779482	*
H	685	250	90.0	+	0	0	250M	536778	779482
L	4280	250	*	*	*	*	*	233692	*
H	4280	250	91.2	+	0	0	250M	535071	233692
L	12680	250	*	*	*	*	*	4454082	*
H	12680	250	96.4	+	0	0	250M	534008	4454082
L	8603	250	*	*	*	*	*	1130587	*
H	8603	250	98.8	+	0	0	250M	533516	1130587
L	4021	250	*	*	*	*	*	259432	*
H	4021	250	97.2	+	0	0	197MD29MD22M2I	528855	259432
H	4255	250	90.4	+	0	0	250M	524581	237209
L	5524	250	*	*	*	*	*	157892	*
H	5524	250	97.2	+	0	0	250M	470759	157892
L	12601	250	*	*	*	*	*	4448449	*
H	12601	250	98.0	+	0	0	250M	361038	4448449
L	4201	250	*	*	*	*	*	241289	*
H	4201	250	97.6	+	0	0	250M	359626	241289
L	1222	250	*	*	*	*	*	564093	*
H	1222	250	96.0	+	0	0	250M	359367	564093
L	12365	250	*	*	*	*	*	4433321	*
H	12365	250	98.8	+	0	0	250M	357791	4433321
L	12442	250	*	*	*	*	*	4438027	*
H	12442	250	92.4	+	0	0	250M	343270	4438027
L	5701	250	*	*	*	*	*	144207	*
H	5701	250	96.8	+	0	0	250M	339609	144207
L	12508	250	*	*	*	*	*	4442407	*
H	12508	250	95.2	+	0	0	250M	336110	4442407
L	10830	250	*	*	*	*	*	4327415	*
H	10830	250	94.8	+	0	0	250M	332919	4327415
L	8015	250	*	*	*	*	*	2228267	*
H	8015	250	94.8	+	0	0	250M	328755	2228267
N	*	250	*	*	*	*	*	318473	*
L	5551	250	*	*	*	*	*	156688	*
H	5551	250	91.2	+	0	0	250M	312765	156688
L	6383	250	*	*	*	*	*	70091	*
H	6383	250	94.4	+	0	0	250M	308938	70091
N	*	250	*	*	*	*	*	299514	*
L	12161	250	*	*	*	*	*	4417874	*
H	12161	250	98.8	+	0	0	250M	283972	4417874
L	5812	250	*	*	*	*	*	139367	*
H	5812	250	96.4	+	0	0	250M	282575	139367
H	9198	250	93.6	+	0	0	250M	278923	991883
L	11300	250	*	*	*	*	*	4360170	*
H	11300	250	96.0	+	0	0	250M	278552	4360170
L	5651	250	*	*	*	*	*	147794	*
H	5651	250	96.8	+	0	0	250M	275651	147794
L	1070	250	*	*	*	*	*	579101	*
H	1070	250	95.2	+	0	0	250M	274061	579101
L	6406	250	*	*	*	*	*	63557	*
H	6406	250	99.6	+	0	0	224MI25MD	272058	63557
L	12248	250	*	*	*	*	*	4424414	*
H	12248	250	97.6	+	0	0	250M	264416	4424414
L	650	250	*	*	*	*	*	806916	*
H	650	250	94.0	+	0	0	250M	263857	806916
N	*	250	*	*	*	*	*	263575	*
L	6112	250	*	*	*	*	*	102993	*
H	6112	250	97.2	+	0	0	250M	259094	102993
L	10207	250	*	*	*	*	*	1136466	*
H	10207	250	91.2	+	0	0	250M	255153	1136466
L	12946	250	*	*	*	*	*	4472012	*
H	12946	250	93.2	+	0	0	250M	255143	4472012
L	7044	250	*	*	*	*	*	5704	*
H	7044	250	99.2	+	0	0	250M	250136	5704
L	5472	250	*	*	*	*	*	161177	*
H	5472	250	94.8	+	0	0	250M	247905	161177
L	4240	250	*	*	*	*	*	237931	*
H	4240	250	95.6	+	0	0	250M	247484	237931
L	8820	250	*	*	*	*	*	1123147	*
H	8820	250	97.6	+	0	0	250M	244920	1123147
L	3942	250	*	*	*	*	*	263343	*
H	3942	250	96.8	+	0	0	239M2D9M2I	241413	263343
L	6615	250	*	*	*	*	*	25325	*
H	6615	250	90.0	+	0	0	250M	240999	25325
L	10370	250	*	*	*	*	*	4297688	*
H	10370	250	93.6	+	0	0	250M	236520	4297688
L	7025	250	*	*	*	*	*	6591	*
H	7025	250	95.2	+	0	0	250M	206296	6591
L	7512	250	*	*	*	*	*	730249	*
H	7512	250	99.6	+	0	0	250M	204035	730249
L	131	250	*	*	*	*	*	1056070	*
H	131	250	96.0	+	0	0	152MD97MI	202391	1056070
N	*	250	*	*	*	*	*	198054	*
N	*	250	*	*	*	*	*	191918	*
L	12583	250	*	*	*	*	*	4447129	*
H	12583	250	90.8	+	0	0	250M	190536	4447129
L	9238	250	*	*	*	*	*	1126922	*
H	9238	250	99.2	+	0	0	250M	185052	1126922
L	7938	250	*	*	*	*	*	728069	*
H	7938	250	93.6	+	0	0	250M	183419	728069
L	13121	250	*	*	*	*	*	4482839	*
H	13121	250	98.0	+	0	0	250M	181669	4482839
L	1408	250	*	*	*	*	*	546946	*
H	1408	250	96.8	+	0	0	250M	179312	546946
H	3948	250	95.2	+	0	0	250M	175647	263138
N	*	250	*	*	*	*	*	169921	*
L	12906	250	*	*	*	*	*	4469673	*
H	12906	250	98.0	+	0	0	250M	164660	4469673
L	8509	250	*	*	*	*	*	630172	*
H	8509	250	94.4	+	0	0	250M	161409	630172
L	10061	250	*	*	*	*	*	1122041	*
H	10061	250	98.0	+	0	0	250M	159839	1122041
L	11395	250	*	*	*	*	*	4366350	*
H	11395	250	98.0	+	0	0	250M	159833	4366350
L	9052	250	*	*	*	*	*	770555	*
H	9052	250	93.2	+	0	0	250M	158622	770555
L	5654	250	*	*	*	*	*	147523	*
H	5654	250	94.0	+	0	0	250M	149021	147523
L	6709	250	*	*	*	*	*	14615	*
H	6709	250	98.4	+	0	0	123MI126MD	144943	14615
L	4680	250	*	*	*	*	*	193675	*
H	4680	250	98.4	+	0	0	250M	144720	193675
L	12115	250	*	*	*	*	*	4414810	*
H	12115	250	99.6	+	0	0	250M	140042	4414810
H	8736	250	100.0	+	0	0	250M	138132	326714
L	561	250	*	*	*	*	*	834090	*
H	561	250	91.6	+	0	0	250M	136019	834090
L	7121	250	*	*	*	*	*	2669	*
H	7121	250	96.4	+	0	0	250M	133739	2669
L	4088	250	*	*	*	*	*	252679	*
H	4088	250	94.0	+	0	0	250M	130322	252679
L	7021	250	*	*	*	*	*	6864	*
H	7021	250	99.6	+	0	0	I249MD	127563	6864
H	7021	250	100.0	+	0	0	250M	119663	6864
L	12776	250	*	*	*	*	*	4460537	*
H	12776	250	98.0	+	0	0	250M	115461	4460537
L	2542	250	*	*	*	*	*	370251	*
H	2542	250	97.6	+	0	0	250M	113799	370251
L	5916	250	*	*	*	*	*	121052	*
H	5916	250	96.4	+	0	0	96MI153MD	107760	121052
L	3235	250	*	*	*	*	*	320941	*
H	3235	250	98.8	+	0	0	206MD5MD15MD21M3I	107429	320941
L	1446	250	*	*	*	*	*	542175	*
H	1446	250	98.8	+	0	0	250M	106723	542175
L	11759	250	*	*	*	*	*	4389423	*
H	11759	250	98.0	+	0	0	250M	106469	4389423
L	6234	250	*	*	*	*	*	90286	*
H	6234	250	95.2	+	0	0	224MD25MI	103906	90286
L	3139	250	*	*	*	*	*	330782	*
H	3139	250	100.0	+	0	0	250M	103285	330782
L	3401	250	*	*	*	*	*	304383	*
H	3401	250	93.6	+	0	0	63MD186MI	101860	304383
L	1484	250	*	*	*	*	*	537871	*
H	1484	250	99.6	+	0	0	250M	100650	537871
L	8234	250	*	*	*	*	*	1138255	*
H	8234	250	96.8	+	0	0	51MD198MI	99267	1138255
L	6411	250	*	*	*	*	*	62983	*
H	6411	250	100.0	+	0	0	250M	99197	62983
L	313	250	*	*	*	*	*	961922	*
H	313	250	98.8	+	0	0	250M	87957	961922
H	725	250	92.4	+	0	0	80MD16MD61MD7MD57MD24M5I	85254	744029
L	7548	250	*	*	*	*	*	1818342	*
H	7548	250	98.8	+	0	0	250M	84438	1818342
L	9904	250	*	*	*	*	*	3942007	*
H	9904	250	99.2	+	0	0	250M	77308	3942007
L	9933	250	*	*	*	*	*	612512	*
H	9933	250	98.4	+	0	0	250M	74465	612512
N	*	250	*	*	*	*	*	71348	*
L	10979	250	*	*	*	*	*	4338024	*
H	10979	250	98.4	+	0	0	250M	65391	4338024
L	637	250	*	*	*	*	*	811108	*
H	637	250	94.0	+	0	0	250M	62513	811108
L	13143	250	*	*	*	*	*	4484389	*
H	13143	250	95.6	+	0	0	250M	55486	4484389
N	*	250	*	*	*	*	*	51329	*
L	4944	250	*	*	*	*	*	184924	*
H	4944	250	91.6	+	0	0	250M	51091	184924
L	11831	250	*	*	*	*	*	4395332	*
H	11831	250	90.8	+	0	0	250M	50763	4395332
L	12971	250	*	*	*	*	*	4473481	*
H	12971	250	100.0	+	0	0	250M	39523	4473481
L	4816	250	*	*	*	*	*	189028	*
H	4816	250	97.6	+	0	0	250M	34894	189028
N	*	250	*	*	*	*	*	33780	*
L	2296	250	*	*	*	*	*	470692	*
H	2296	250	96.4	+	0	0	250M	33404	470692
L	11440	250	*	*	*	*	*	4369445	*
H	11440	250	100.0	+	0	0	250M	29533	4369445
L	6022	250	*	*	*	*	*	108008	*
H	6022	250	97.2	+	0	0	250M	28828	108008
H	8911	250	90.8	+	0	0	250M	18561	1124398
L	8606	250	*	*	*	*	*	2749362	*
H	8606	250	98.4	+	0	0	250M	15059	2749362
L	13078	250	*	*	*	*	*	4480656	*
H	13078	250	96.0	+	0	0	96MI153MD	14976	4480656
N	*	250	*	*	*	*	*	14311	*
L	5485	250	*	*	*	*	*	160110	*
H	5485	250	98.4	+	0	0	250M	13958	160110
L	9415	250	*	*	*	*	*	1140929	*
H	9415	250	94.0	+	0	0	250M	13581	1140929
H	6406	250	96.4	+	0	0	80MI63MI79MI25M3D	12986	63557
H	6406	250	98.4	+	0	0	223MI26MD	12980	63557
L	6778	250	*	*	*	*	*	12993	*
H	6778	250	94.4	+	0	0	250M	12703	12993
H	7730	250	96.8	+	0	0	250M	12542	1129081
L	6347	250	*	*	*	*	*	72465	*
H	6347	250	94.8	+	0	0	250M	12069	72465
L	8286	250	*	*	*	*	*	2465170	*
H	8286	250	99.6	+	0	0	250M	11439	2465170
H	5643	250	90.4	+	0	0	70MI179MD	10940	148326
L	4123	250	*	*	*	*	*	249636	*
H	4123	250	93.2	+	0	0	250M	10865	249636
L	7719	250	*	*	*	*	*	1132993	*
H	7719	250	91.6	+	0	0	250M	10839	1132993
H	7719	250	91.6	+	0	0	250M	10792	1132993
L	7373	250	*	*	*	*	*	1130618	*
H	7373	250	92.0	+	0	0	250M	10762	1130618
L	7166	250	*	*	*	*	*	1137708	*
H	7166	250	99.6	+	0	0	250M	10695	1137708
L	6121	250	*	*	*	*	*	102591	*
H	6121	250	99.2	+	0	0	250M	10658	102591
H	7412	250	98.8	+	0	0	250M	10180	1140689
L	7232	250	*	*	*	*	*	1128670	*
H	7232	250	92.8	+	0	0	250M	8035	1128670
L	11668	250	*	*	*	*	*	4384067	*
H	11668	250	91.2	+	0	0	250M	7773	4384067
L	4175	250	*	*	*	*	*	244222	*
H	4175	250	90.0	+	0	0	250M	7260	244222
L	6584	250	*	*	*	*	*	29792	*
H	6584	250	96.4	+	0	0	250M	6503	29792
L	887	250	*	*	*	*	*	609349	*
H	887	250	91.2	+	0	0	250M	5857	609349
L	10752	250	*	*	*	*	*	4321652	*
H	10752	250	98.0	+	0	0	250M	5113	4321652
L	1331	250	*	*	*	*	*	554299	*
H	1331	250	91.6	+	0	0	25MI35MI188M2D	4581	554299
L	11772	250	*	*	*	*	*	4390326	*
H	11772	250	96.8	+	0	0	250M	4470	4390326
N	*	250	*	*	*	*	*	3804	*
N	*	250	*	*	*	*	*	2599	*
L	8797	250	*	*	*	*	*	1140240	*
H	8797	250	90.0	+	0	0	250M	2403	1140240
N	*	250	*	*	*	*	*	1871	*
N	*	250	*	*	*	*	*	1596	*
N	*	250	*	*	*	*	*	1222	*
L	11530	250	*	*	*	*	*	4375314	*
H	11530	250	92.8	+	0	0	250M	728315	4375314
L	8432	250	*	*	*	*	*	2572567	*
H	8432	250	96.8	+	0	0	149M2I99M2D	1592799	2572567
L	1461	250	*	*	*	*	*	540423	*
H	1461	250	98.4	+	0	0	250M	1145943	540423
L	9725	250	*	*	*	*	*	1136846	*
H	9725	250	91.6	+	0	0	250M	739471	1136846
L	9716	250	*	*	*	*	*	3746873	*
H	9716	250	99.6	+	0	0	250M	1646259	3746873
L	12581	250	*	*	*	*	*	4447123	*
H	12581	250	95.2	+	0	0	250M	1657383	4447123
N	*	250	*	*	*	*	*	1657389	*
L	6058	250	*	*	*	*	*	106270	*
H	6058	250	91.6	+	0	0	250M	1129305	106270
H	11831	250	100.0	+	0	0	250M	724802	4395332
L	7697	250	*	*	*	*	*	1942913	*
H	7697	250	98.8	+	0	0	250M	1689014	1942913
L	6468	250	*	*	*	*	*	52818	*
H	6468	250	99.2	+	0	0	250M	790750	52818
L	8209	250	*	*	*	*	*	940401	*
H	8209	250	90.4	+	0	0	40MD209MI	813080	940401
L	9306	250	*	*	*	*	*	1128861	*
H	9306	250	100.0	+	0	0	250M	1132903	1128861
L	12883	250	*	*	*	*	*	4468024	*
H	12883	250	98.4	+	0	0	250M	1138192	4468024
L	1470	250	*	*	*	*	*	539230	*
H	1470	250	96.0	+	0	0	250M	646494	539230
L	8231	250	*	*	*	*	*	628125	*
H	8231	250	98.4	+	0	0	250M	1759391	628125
H	7044	250	99.2	+	0	0	250M	1124748	5704
L	4217	250	*	*	*	*	*	239951	*
H	4217	250	96.0	+	0	0	250M	1133608	239951
L	11518	250	*	*	*	*	*	4374425	*
H	11518	250	99.2	+	0	0	104MD145MI	1771843	4374425
L	6873	250	*	*	*	*	*	10626	*
H	6873	250	100.0	+	0	0	250M	1773389	10626
L	666	250	*	*	*	*	*	797038	*
H	666	250	93.6	+	0	0	250M	1134626	797038
L	11110	250	*	*	*	*	*	4347534	*
H	11110	250	99.2	+	0	0	250M	839270	4347534
L	9372	250	*	*	*	*	*	3435717	*
H	9372	250	99.2	+	0	0	188MD61MI	1803005	3435717
L	6781	250	*	*	*	*	*	12966	*
H	6781	250	94.0	+	0	0	250M	1131185	12966
N	*	250	*	*	*	*	*	1824285	*
L	11391	250	*	*	*	*	*	4366263	*
H	11391	250	96.8	+	0	0	250M	1143902	4366263
L	6681	250	*	*	*	*	*	15785	*
H	6681	250	97.6	+	0	0	250M	709363	15785
L	4558	250	*	*	*	*	*	197780	*
H	4558	250	92.4	+	0	0	250M	1884554	197780
L	7656	250	*	*	*	*	*	1913623	*
H	7656	250	99.6	+	0	0	250M	1892252	1913623
N	*	250	*	*	*	*	*	1911677	*
L	8535	250	*	*	*	*	*	2682874	*
H	8535	250	100.0	+	0	0	250M	1913619	2682874
L	8938	250	*	*	*	*	*	3055791	*
H	8938	250	98.8	+	0	0	250M	1914346	3055791
H	7719	250	91.2	+	0	0	250M	1125489	1132993
L	7677	250	*	*	*	*	*	1142320	*
H	7677	250	91.2	+	0	0	250M	1129499	1142320
L	5575	250	*	*	*	*	*	154130	*
H	5575	250	100.0	+	0	0	250M	811951	154130
L	784	250	*	*	*	*	*	699655	*
H	784	250	98.8	+	0	0	250M	1122588	699655
L	7197	250	*	*	*	*	*	682821	*
H	7197	250	96.4	+	0	0	250M	1124832	682821
L	2285	250	*	*	*	*	*	488026	*
H	2285	250	94.4	+	0	0	113MI136MD	1140810	488026
N	*	250	*	*	*	*	*	2033050	*
L	10824	250	*	*	*	*	*	4327050	*
H	10824	250	91.6	+	0	0	250M	827000	4327050
L	11997	250	*	*	*	*	*	4407974	*
H	11997	250	94.0	+	0	0	250M	2094423	4407974
N	*	250	*	*	*	*	*	2096960	*
L	4098	250	*	*	*	*	*	251983	*
H	4098	250	94.0	+	0	0	250M	1143228	251983
L	13089	250	*	*	*	*	*	4481550	*
H	13089	250	99.2	+	0	0	250M	2116286	4481550
N	*	250	*	*	*	*	*	2122946	*
N	*	250	*	*	*	*	*	2132220	*
L	4009	250	*	*	*	*	*	260081	*
H	4009	250	97.2	+	0	0	250M	1138403	260081
N	*	250	*	*	*	*	*	2156406	*
L	9089	250	*	*	*	*	*	784752	*
H	9089	250	98.4	+	0	0	250M	2193685	784752
L	12357	250	*	*	*	*	*	4432889	*
H	12357	250	99.6	+	0	0	250M	2199910	4432889
N	*	250	*	*	*	*	*	2223044	*
L	1272	250	*	*	*	*	*	560198	*
H	1272	250	97.2	+	0	0	250M	2228266	560198
L	7942	250	*	*	*	*	*	2170497	*
H	7942	250	93.6	+	0	0	218M2D30M2I	2270059	2170497
H	1484	250	97.6	+	0	0	250M	820145	537871
H	11395	250	96.8	+	0	0	250M	1145083	4366350
N	*	250	*	*	*	*	*	2317382	*
H	9372	250	95.6	+	0	0	188MD61MI	2318918	3435717
H	11440	250	97.2	+	0	0	250M	731367	4369445
L	6016	250	*	*	*	*	*	108433	*
H	6016	250	95.6	+	0	0	250M	1123638	108433
L	8246	250	*	*	*	*	*	2426772	*
H	8246	250	96.4	+	0	0	250M	2397567	2426772
H	11518	250	99.2	+	0	0	102MD147MI	2397589	4374425
H	6016	250	98.0	+	0	0	250M	1112913	108433
N	*	250	*	*	*	*	*	2426770	*
L	9173	250	*	*	*	*	*	3254234	*
H	9173	250	99.2	+	0	0	250M	2428473	3254234
N	*	250	*	*	*	*	*	2431916	*
L	12833	250	*	*	*	*	*	4464839	*
H	12833	250	98.0	+	0	0	250M	2480449	4464839
L	7492	250	*	*	*	*	*	804849	*
H	7492	250	98.4	+	0	0	250M	1126882	804849
L	5719	250	*	*	*	*	*	143476	*
H	5719	250	91.2	+	0	0	110MD139MI	864496	143476
L	9711	250	*	*	*	*	*	727220	*
H	9711	250	99.6	+	0	0	250M	2562098	727220
L	6239	250	*	*	*	*	*	89521	*
H	6239	250	92.4	+	0	0	250M	2574952	89521
L	7776	250	*	*	*	*	*	2035238	*
H	7776	250	100.0	+	0	0	250M	2638784	2035238
L	7550	250	*	*	*	*	*	1821516	*
H	7550	250	97.2	+	0	0	250M	1142268	1821516
L	3399	250	*	*	*	*	*	304780	*
H	3399	250	100.0	+	0	0	250M	694346	304780
L	204	250	*	*	*	*	*	1021078	*
H	204	250	96.0	+	0	0	250M	2704718	1021078
H	12357	250	98.8	+	0	0	250M	1131267	4432889
L	2599	250	*	*	*	*	*	368056	*
H	2599	250	98.4	+	0	0	231MI18MD	669038	368056
L	2402	250	*	*	*	*	*	430858	*
H	2402	250	94.0	+	0	0	204MI45MD	821931	430858
L	6924	250	*	*	*	*	*	9402	*
H	6924	250	98.0	+	0	0	250M	1136256	9402
N	*	250	*	*	*	*	*	822699	*
L	7068	250	*	*	*	*	*	4630	*
H	7068	250	93.6	+	0	0	250M	827215	4630
L	7022	250	*	*	*	*	*	6825	*
H	7022	250	97.6	+	0	0	250M	2894263	6825
L	10441	250	*	*	*	*	*	4302603	*
H	10441	250	92.0	+	0	0	250M	761476	4302603
L	7146	250	*	*	*	*	*	1875	*
H	7146	250	94.4	+	0	0	250M	2918986	1875
N	*	250	*	*	*	*	*	2919166	*
H	9716	250	99.6	+	0	0	250M	2927689	3746873
L	9896	250	*	*	*	*	*	1136010	*
H	9896	250	99.2	+	0	0	250M	1127719	1136010
L	8440	250	*	*	*	*	*	809850	*
H	8440	250	96.0	+	0	0	250M	842453	809850
L	6847	250	*	*	*	*	*	11807	*
H	6847	250	97.6	+	0	0	33MD216MI	2956782	11807
L	6298	250	*	*	*	*	*	80229	*
H	6298	250	98.4	+	0	0	250M	2973848	80229
H	9896	250	95.6	+	0	0	250M	1134675	1136010
L	11214	250	*	*	*	*	*	4354311	*
H	11214	250	96.4	+	0	0	250M	1121955	4354311
N	*	250	*	*	*	*	*	1105864	*
N	*	250	*	*	*	*	*	3014179	*
L	898	250	*	*	*	*	*	594044	*
H	898	250	91.6	+	0	0	250M	1144180	594044
L	12212	250	*	*	*	*	*	4422396	*
H	12212	250	95.6	+	0	0	250M	1122523	4422396
H	8655	250	96.8	+	0	0	250M	1138936	808919
L	2956	250	*	*	*	*	*	348674	*
H	2956	250	96.4	+	0	0	250M	1129523	348674
L	6622	250	*	*	*	*	*	22797	*
H	6622	250	91.6	+	0	0	250M	841393	22797
L	10293	250	*	*	*	*	*	808021	*
H	10293	250	99.2	+	0	0	250M	1125879	808021
L	6755	250	*	*	*	*	*	13832	*
H	6755	250	92.4	+	0	0	114MD135MI	3107842	13832
N	*	250	*	*	*	*	*	3129281	*
N	*	250	*	*	*	*	*	1120396	*
L	4838	250	*	*	*	*	*	188333	*
H	4838	250	94.8	+	0	0	250M	3142482	188333
L	12182	250	*	*	*	*	*	4419561	*
H	12182	250	95.2	+	0	0	250M	3153795	4419561
N	*	250	*	*	*	*	*	684937	*
L	9015	250	*	*	*	*	*	3127947	*
H	9015	250	90.8	+	0	0	250M	1140636	3127947
L	9456	250	*	*	*	*	*	3509168	*
H	9456	250	92.0	+	0	0	250M	1145607	3509168
L	5390	250	*	*	*	*	*	166040	*
H	5390	250	90.8	+	0	0	250M	1140341	166040
L	8178	250	*	*	*	*	*	2369177	*
H	8178	250	99.6	+	0	0	250M	3225199	2369177
L	8910	250	*	*	*	*	*	3035626	*
H	8910	250	96.0	+	0	0	250M	3229180	3035626
H	11831	250	95.6	+	0	0	250M	826042	4395332
L	6141	250	*	*	*	*	*	101611	*
H	6141	250	92.8	+	0	0	250M	1133895	101611
L	3787	250	*	*	*	*	*	273647	*
H	3787	250	97.2	+	0	0	250M	3261476	273647
L	12623	250	*	*	*	*	*	4449855	*
H	12623	250	92.4	+	0	0	250M	846667	4449855
L	1269	250	*	*	*	*	*	560403	*
H	1269	250	99.6	+	0	0	76MD173MI	1143570	560403
L	7026	250	*	*	*	*	*	6368	*
H	7026	250	94.0	+	0	0	250M	1131597	6368
N	*	250	*	*	*	*	*	687789	*
L	5936	250	*	*	*	*	*	115286	*
H	5936	250	97.6	+	0	0	250M	620813	115286
H	11759	250	98.8	+	0	0	250M	3363021	4389423
N	*	250	*	*	*	*	*	3366304	*
H	9716	250	99.6	+	0	0	250M	3368019	3746873
L	9562	250	*	*	*	*	*	3606814	*
H	9562	250	99.2	+	0	0	250M	3386818	3606814
H	12680	250	97.2	+	0	0	250M	1126230	4454082
L	12845	250	*	*	*	*	*	4465498	*
H	12845	250	92.8	+	0	0	250M	837640	4465498
H	9716	250	99.6	+	0	0	250M	3464845	3746873
L	6867	250	*	*	*	*	*	10759	*
H	6867	250	93.2	+	0	0	250M	821517	10759
L	10245	250	*	*	*	*	*	1144004	*
H	10245	250	95.6	+	0	0	250M	3509162	1144004
N	*	250	*	*	*	*	*	3521835	*
L	4162	250	*	*	*	*	*	245878	*
H	4162	250	91.6	+	0	0	250M	3526876	245878
H	5833	250	92.8	+	0	0	250M	3541842	136773
L	1360	250	*	*	*	*	*	552074	*
H	1360	250	98.0	+	0	0	250M	1144548	552074
L	1462	250	*	*	*	*	*	540202	*
H	1462	250	96.8	+	0	0	250M	644275	540202
H	9716	250	99.6	+	0	0	250M	3568708	3746873
L	10269	250	*	*	*	*	*	4251078	*
H	10269	250	98.8	+	0	0	250M	3568714	4251078
L	8681	250	*	*	*	*	*	1135761	*
H	8681	250	95.2	+	0	0	250M	774894	1135761
L	2291	250	*	*	*	*	*	471184	*
H	2291	250	92.0	+	0	0	70MI72MI29MI42M2I32M5D	1142935	471184
L	1301	250	*	*	*	*	*	557513	*
H	1301	250	96.8	+	0	0	250M	1144839	557513
H	9562	250	100.0	+	0	0	250M	3606810	3606814
H	4280	250	96.8	+	0	0	250M	3608204	233692
L	5815	250	*	*	*	*	*	138930	*
H	5815	250	100.0	+	0	0	250M	1130073	138930
L	6094	250	*	*	*	*	*	104129	*
H	6094	250	100.0	+	0	0	250M	3630893	104129
L	6440	250	*	*	*	*	*	58614	*
H	6440	250	98.0	+	0	0	250M	1146150	58614
H	6622	250	92.0	+	0	0	250M	808058	22797
L	1202	250	*	*	*	*	*	565863	*
H	1202	250	94.8	+	0	0	250M	1138350	565863
H	8736	250	91.2	+	0	0	250M	1127433	326714
L	12129	250	*	*	*	*	*	4415622	*
H	12129	250	98.8	+	0	0	250M	3742421	4415622
H	11772	250	93.6	+	0	0	250M	793101	4390326
H	10269	250	99.6	+	0	0	250M	3746871	4251078
H	9562	250	100.0	+	0	0	250M	3746875	3606814
H	7656	250	100.0	+	0	0	250M	3746876	1913623
L	511	250	*	*	*	*	*	851594	*
H	511	250	95.2	+	0	0	250M	3756908	851594
L	12488	250	*	*	*	*	*	4440894	*
H	12488	250	99.2	+	0	0	250M	3764940	4440894
L	4913	250	*	*	*	*	*	185766	*
H	4913	250	90.4	+	0	0	250M	1118267	185766
L	282	250	*	*	*	*	*	978100	*
H	282	250	93.2	+	0	0	250M	3789443	978100
L	6486	250	*	*	*	*	*	49604	*
H	6486	250	91.6	+	0	0	149MI14MI85M2D	1134701	49604
L	3836	250	*	*	*	*	*	270202	*
H	3836	250	98.4	+	0	0	250M	1128041	270202
L	668	250	*	*	*	*	*	792531	*
H	668	250	98.8	+	0	0	250M	1124343	792531
L	9219	250	*	*	*	*	*	1127641	*
H	9219	250	93.2	+	0	0	250M	1124776	1127641
N	*	250	*	*	*	*	*	3836963	*
H	5390	250	93.6	+	0	0	250M	3866890	166040
L	5965	250	*	*	*	*	*	111946	*
H	5965	250	97.2	+	0	0	250M	616049	111946
L	5657	250	*	*	*	*	*	147086	*
H	5657	250	92.8	+	0	0	250M	3926523	147086
L	8079	250	*	*	*	*	*	2281172	*
H	8079	250	91.6	+	0	0	250M	824624	2281172
N	*	250	*	*	*	*	*	1140199	*
L	13123	250	*	*	*	*	*	4482948	*
H	13123	250	94.0	+	0	0	250M	1133579	4482948
H	11831	250	100.0	+	0	0	250M	3940564	4395332
N	*	250	*	*	*	*	*	851870	*
N	*	250	*	*	*	*	*	793520	*
N	*	250	*	*	*	*	*	4015030	*
L	9746	250	*	*	*	*	*	3772086	*
H	9746	250	98.4	+	0	0	250M	1014853	3772086
N	*	250	*	*	*	*	*	631036	*
N	*	250	*	*	*	*	*	4097804	*
L	7946	250	*	*	*	*	*	1139502	*
H	7946	250	98.0	+	0	0	250M	1116679	1139502
H	4123	250	93.6	+	0	0	250M	1121107	249636
L	7662	250	*	*	*	*	*	1918929	*
H	7662	250	99.6	+	0	0	250M	4140242	1918929
L	11837	250	*	*	*	*	*	4395540	*
H	11837	250	98.8	+	0	0	250M	676511	4395540
L	11141	250	*	*	*	*	*	4349225	*
H	11141	250	98.4	+	0	0	105M2D143M2I	4165170	4349225
L	3804	250	*	*	*	*	*	272583	*
H	3804	250	99.6	+	0	0	250M	4227110	272583
L	12518	250	*	*	*	*	*	4443004	*
H	12518	250	93.6	+	0	0	250M	4263820	4443004
L	8297	250	*	*	*	*	*	2472702	*
H	8297	250	90.0	+	0	0	215MD34MI	4300558	2472702
L	6818	250	*	*	*	*	*	12491	*
H	6818	250	98.0	+	0	0	59MI48MI41MD100MD	4310739	12491
L	1501	250	*	*	*	*	*	535678	*
H	1501	250	98.0	+	0	0	250M	4314051	535678
H	6912	250	99.6	+	0	0	250M	4314052	9514
H	1470	250	99.2	+	0	0	250M	4316452	539230
L	5710	250	*	*	*	*	*	143784	*
H	5710	250	100.0	+	0	0	250M	4316623	143784
L	1889	250	*	*	*	*	*	521806	*
H	1889	250	97.6	+	0	0	250M	4319468	521806
L	1482	250	*	*	*	*	*	538304	*
H	1482	250	98.4	+	0	0	250M	4327628	538304
L	9327	250	*	*	*	*	*	637528	*
H	9327	250	99.6	+	0	0	250M	4328084	637528
H	10448	250	92.0	+	0	0	250M	4332215	4302951
L	12660	250	*	*	*	*	*	4452943	*
H	12660	250	100.0	+	0	0	250M	4332796	4452943
H	725	250	96.4	+	0	0	250M	4334113	744029
H	11395	250	96.8	+	0	0	250M	4334615	4366350
H	3399	250	98.4	+	0	0	250M	4336101	304780
L	7112	250	*	*	*	*	*	3308	*
H	7112	250	90.8	+	0	0	175MD74MI	4338444	3308
L	7527	250	*	*	*	*	*	1137534	*
H	7527	250	93.2	+	0	0	55MI194MD	4338924	1137534
L	11585	250	*	*	*	*	*	4378410	*
H	11585	250	93.2	+	0	0	250M	4343390	4378410
H	1482	250	93.2	+	0	0	250M	4347834	538304
L	1171	250	*	*	*	*	*	568368	*
H	1171	250	99.2	+	0	0	250M	4350787	568368
L	11737	250	*	*	*	*	*	4388300	*
H	11737	250	99.2	+	0	0	250M	4350882	4388300
L	10457	250	*	*	*	*	*	4303511	*
H	10457	250	97.6	+	0	0	250M	4352076	4303511
L	1381	250	*	*	*	*	*	550044	*
H	1381	250	96.8	+	0	0	250M	4352219	550044
L	6943	250	*	*	*	*	*	8898	*
H	6943	250	99.2	+	0	0	13MD236MI	4356825	8898
L	4406	250	*	*	*	*	*	212584	*
H	4406	250	100.0	+	0	0	250M	4359240	212584
L	4077	250	*	*	*	*	*	254355	*
H	4077	250	99.6	+	0	0	250M	4361454	254355
L	7078	250	*	*	*	*	*	4423	*
H	7078	250	99.2	+	0	0	250M	4365922	4423
H	8797	250	96.8	+	0	0	250M	4367988	1140240
L	1535	250	*	*	*	*	*	532163	*
H	1535	250	98.4	+	0	0	250M	4368039	532163
L	11418	250	*	*	*	*	*	4367987	*
H	11418	250	97.2	+	0	0	250M	4371951	4367987
H	1272	250	92.4	+	0	0	250M	4374945	560198
H	12623	250	94.8	+	0	0	250M	4375651	4449855
H	9716	250	99.6	+	0	0	250M	4375762	3746873
L	9020	250	*	*	*	*	*	1134212	*
H	9020	250	94.4	+	0	0	250M	4376910	1134212
H	838	250	95.6	+	0	0	250M	4376912	653789
L	5218	250	*	*	*	*	*	175474	*
H	5218	250	95.2	+	0	0	250M	4379450	175474
L	8970	250	*	*	*	*	*	1131621	*
H	8970	250	97.6	+	0	0	250M	4384063	1131621
L	8205	250	*	*	*	*	*	2397566	*
H	8205	250	96.0	+	0	0	250M	4384897	2397566
L	698	250	*	*	*	*	*	768898	*
H	698	250	97.2	+	0	0	250M	4386973	768898
H	10207	250	97.6	+	0	0	250M	4390091	1136466
L	11483	250	*	*	*	*	*	4371946	*
H	11483	250	93.2	+	0	0	250M	4391460	4371946
L	12691	250	*	*	*	*	*	4454634	*
H	12691	250	90.0	+	0	0	250M	4392251	4454634
L	7417	250	*	*	*	*	*	1143460	*
H	7417	250	93.2	+	0	0	250M	4392630	1143460
N	*	250	*	*	*	*	*	4393370	*
L	10240	250	*	*	*	*	*	1141542	*
H	10240	250	98.4	+	0	0	250M	4394104	1141542
L	8464	250	*	*	*	*	*	2606464	*
H	8464	250	98.0	+	0	0	250M	4396918	2606464
N	*	250	*	*	*	*	*	4401203	*
N	*	250	*	*	*	*	*	4402981	*
N	*	250	*	*	*	*	*	4405531	*
H	12357	250	99.6	+	0	0	250M	4407476	4432889
H	9372	250	91.2	+	0	0	113M2I31MD104MD	4410244	3435717
L	10158	250	*	*	*	*	*	4165193	*
H	10158	250	98.0	+	0	0	170MI79MD	4410246	4165193
H	11759	250	98.8	+	0	0	250M	4411367	4389423
H	11737	250	99.2	+	0	0	250M	4412321	4388300
L	13060	250	*	*	*	*	*	4479549	*
H	13060	250	96.4	+	0	0	250M	4418393	4479549
N	*	250	*	*	*	*	*	4423039	*
H	10793	250	90.0	+	0	0	250M	4423885	4324650
L	8726	250	*	*	*	*	*	838620	*
H	8726	250	100.0	+	0	0	250M	4427644	838620
H	10055	250	91.6	+	0	0	250M	4428358	1129564
H	5575	250	98.8	+	0	0	250M	4428440	154130
L	10692	250	*	*	*	*	*	4318406	*
H	10692	250	96.4	+	0	0	250M	4431461	4318406
H	1482	250	95.6	+	0	0	250M	4435876	538304
H	13121	250	98.0	+	0	0	250M	4439070	4482839
L	23	250	*	*	*	*	*	1106927	*
H	23	250	96.8	+	0	0	250M	4441640	1106927
L	348	250	*	*	*	*	*	940737	*
H	348	250	98.0	+	0	0	250M	4443102	940737
N	*	250	*	*	*	*	*	4449835	*
N	*	250	*	*	*	*	*	4451561	*
H	10269	250	98.4	+	0	0	250M	4453318	4251078
H	11823	250	92.8	+	0	0	108MD141MI	4454084	4394897
H	12085	250	92.8	+	0	0	250M	4455298	4413665
N	*	250	*	*	*	*	*	4458677	*
L	8380	250	*	*	*	*	*	751699	*
H	8380	250	95.2	+	0	0	250M	4465296	751699
N	*	250	*	*	*	*	*	4466596	*
H	7068	250	91.2	+	0	0	139MD110MI	4466830	4630
L	1455	250	*	*	*	*	*	541199	*
H	1455	250	99.6	+	0	0	250M	4466876	541199
H	9562	250	98.4	+	0	0	250M	4468965	3606814
L	6735	250	*	*	*	*	*	14302	*
H	6735	250	92.8	+	0	0	12MI143MI93M2D	4472101	14302
L	6710	250	*	*	*	*	*	14570	*
H	6710	250	95.6	+	0	0	250M	4472420	14570
L	1146	250	*	*	*	*	*	570301	*
H	1146	250	94.8	+	0	0	250M	4472467	570301
L	4349	250	*	*	*	*	*	221841	*
H	4349	250	99.2	+	0	0	250M	4472978	221841
L	11325	250	*	*	*	*	*	4361424	*
H	11325	250	92.0	+	0	0	250M	4477624	4361424
L	9999	250	*	*	*	*	*	4028751	*
H	9999	250	92.0	+	0	0	250M	4477989	4028751
L	1158	250	*	*	*	*	*	569580	*
H	1158	250	99.2	+	0	0	108MD141MI	4478424	569580
L	6700	250	*	*	*	*	*	15281	*
H	6700	250	99.2	+	0	0	250M	4478762	15281
L	13378	250	*	*	*	*	*	4463497	*
H	13378	250	94.4	+	0	0	250M	1106734	4463497
L	13177	250	*	*	*	*	*	570515	*
H	13177	250	94.4	+	0	0	250M	559851	570515
L	13213	250	*	*	*	*	*	155684	*
H	13213	250	94.8	+	0	0	250M	347913	155684
L	13371	250	*	*	*	*	*	4444847	*
H	13371	250	95.2	+	0	0	250M	219691	4444847
H	13177	250	99.2	+	0	0	250M	186470	570515
L	13236	250	*	*	*	*	*	101553	*
H	13236	250	93.2	+	0	0	135MD114MI	162275	101553
L	13372	250	*	*	*	*	*	4445049	*
H	13372	250	90.4	+	0	0	250M	104684	4445049
L	13373	250	*	*	*	*	*	4448464	*
H	13373	250	94.0	+	0	0	250M	97250	4448464
L	13240	250	*	*	*	*	*	83240	*
H	13240	250	90.8	+	0	0	250M	28138	83240
L	13310	250	*	*	*	*	*	3022550	*
H	13310	250	90.0	+	0	0	250M	17995	3022550
L	13258	250	*	*	*	*	*	19329	*
H	13258	250	93.6	+	0	0	250M	981	19329
L	13173	250	*	*	*	*	*	582639	*
H	13173	250	95.6	+	0	0	250M	657	582639
L	13296	250	*	*	*	*	*	2153390	*
H	13296	250	94.4	+	0	0	250M	439	2153390
L	13322	250	*	*	*	*	*	3862609	*
H	13322	250	95.2	+	0	0	250M	633056	3862609
L	13385	250	*	*	*	*	*	4475393	*
H	13385	250	94.0	+	0	0	250M	1128360	4475393
H	13296	250	97.2	+	0	0	250M	2940299	2153390
L	13357	250	*	*	*	*	*	4375425	*
H	13357	250	96.8	+	0	0	250M	794040	4375425
L	13365	250	*	*	*	*	*	4410174	*
H	13365	250	97.6	+	0	0	250M	3630583	4410174
H	13373	250	98.4	+	0	0	250M	643724	4448464
L	13346	250	*	*	*	*	*	4358883	*
H	13346	250	94.0	+	0	0	250M	4217330	4358883
L	13147	250	*	*	*	*	*	848243	*
H	13147	250	97.2	+	0	0	250M	4307029	848243
D	23	2	*	*	*	*	96.8	1106927	*
D	131	2	*	*	*	*	96.0	1056070	*
D	204	2	*	*	*	*	96.0	1021078	*
D	282	2	*	*	*	*	93.2	978100	*
D	313	2	*	*	*	*	98.8	961922	*
D	348	2	*	*	*	*	98.0	940737	*
D	511	2	*	*	*	*	95.2	851594	*
D	561	2	*	*	*	*	91.6	834090	*
D	637	2	*	*	*	*	94.0	811108	*
D	650	2	*	*	*	*	94.0	806916	*
D	666	2	*	*	*	*	93.6	797038	*
D	668	2	*	*	*	*	98.8	792531	*
D	685	2	*	*	*	*	90.0	779482	*
D	698	2	*	*	*	*	97.2	768898	*
D	725	4	*	*	*	*	95.5	744029	*
D	784	2	*	*	*	*	98.8	699655	*
D	838	3	*	*	*	*	97.8	653789	*
D	887	2	*	*	*	*	91.2	609349	*
D	898	2	*	*	*	*	91.6	594044	*
D	1070	2	*	*	*	*	95.2	579101	*
D	1100	2	*	*	*	*	97.6	576360	*
D	1146	2	*	*	*	*	94.8	570301	*
D	1158	2	*	*	*	*	99.2	569580	*
D	1171	2	*	*	*	*	99.2	568368	*
D	1202	2	*	*	*	*	94.8	565863	*
D	1222	2	*	*	*	*	96.0	564093	*
D	1269	2	*	*	*	*	99.6	560403	*
D	1272	3	*	*	*	*	94.8	560198	*
D	1301	2	*	*	*	*	96.8	557513	*
D	1314	2	*	*	*	*	98.4	555870	*
D	1331	2	*	*	*	*	91.6	554299	*
D	1360	2	*	*	*	*	98.0	552074	*
D	1381	2	*	*	*	*	96.8	550044	*
D	1408	2	*	*	*	*	96.8	546946	*
D	1424	2	*	*	*	*	94.4	544430	*
D	1446	2	*	*	*	*	98.8	542175	*
D	1455	2	*	*	*	*	99.6	541199	*
D	1461	2	*	*	*	*	98.4	540423	*
D	1462	2	*	*	*	*	96.8	540202	*
D	1470	3	*	*	*	*	97.6	539230	*
D	1482	4	*	*	*	*	95.7	538304	*
D	1484	3	*	*	*	*	98.6	537871	*
D	1501	2	*	*	*	*	98.0	535678	*
D	1535	2	*	*	*	*	98.4	532163	*
D	1889	2	*	*	*	*	97.6	521806	*
D	2285	2	*	*	*	*	94.4	488026	*
D	2291	2	*	*	*	*	92.0	471184	*
D	2296	2	*	*	*	*	96.4	470692	*
D	2402	2	*	*	*	*	94.0	430858	*
D	2459	2	*	*	*	*	97.6	403917	*
D	2542	2	*	*	*	*	97.6	370251	*
D	2599	2	*	*	*	*	98.4	368056	*
D	2890	2	*	*	*	*	95.2	354839	*
D	2956	2	*	*	*	*	96.4	348674	*
D	3090	2	*	*	*	*	91.6	336616	*
D	3139	2	*	*	*	*	100.0	330782	*
D	3235	2	*	*	*	*	98.8	320941	*
D	3399	3	*	*	*	*	99.2	304780	*
D	3401	2	*	*	*	*	93.6	304383	*
D	3496	2	*	*	*	*	98.0	298873	*
D	3787	2	*	*	*	*	97.2	273647	*
D	3804	2	*	*	*	*	99.6	272583	*
D	3836	2	*	*	*	*	98.4	270202	*
D	3942	2	*	*	*	*	96.8	263343	*
D	3948	3	*	*	*	*	95.4	263138	*
D	4009	2	*	*	*	*	97.2	260081	*
D	4021	2	*	*	*	*	97.2	259432	*
D	4077	2	*	*	*	*	99.6	254355	*
D	4088	2	*	*	*	*	94.0	252679	*
D	4098	2	*	*	*	*	94.0	251983	*
D	4123	3	*	*	*	*	93.4	249636	*
D	4162	2	*	*	*	*	91.6	245878	*
D	4175	2	*	*	*	*	90.0	244222	*
D	4201	2	*	*	*	*	97.6	241289	*
D	4217	2	*	*	*	*	96.0	239951	*
D	4240	2	*	*	*	*	95.6	237931	*
D	4255	3	*	*	*	*	90.8	237209	*
D	4280	3	*	*	*	*	94.0	233692	*
D	4349	2	*	*	*	*	99.2	221841	*
D	4406	2	*	*	*	*	100.0	212584	*
D	4558	2	*	*	*	*	92.4	197780	*
D	4652	2	*	*	*	*	97.2	194489	*
D	4680	2	*	*	*	*	98.4	193675	*
D	4816	2	*	*	*	*	97.6	189028	*
D	4838	2	*	*	*	*	94.8	188333	*
D	4913	2	*	*	*	*	90.4	185766	*
D	4944	2	*	*	*	*	91.6	184924	*
D	5218	2	*	*	*	*	95.2	175474	*
D	5390	3	*	*	*	*	92.2	166040	*
D	5472	2	*	*	*	*	94.8	161177	*
D	5476	2	*	*	*	*	92.8	160903	*
D	5485	2	*	*	*	*	98.4	160110	*
D	5524	2	*	*	*	*	97.2	157892	*
D	5551	2	*	*	*	*	91.2	156688	*
D	5575	3	*	*	*	*	99.4	154130	*
D	5643	3	*	*	*	*	92.4	148326	*
D	5651	2	*	*	*	*	96.8	147794	*
D	5654	2	*	*	*	*	94.0	147523	*
D	5657	2	*	*	*	*	92.8	147086	*
D	5701	2	*	*	*	*	96.8	144207	*
D	5710	2	*	*	*	*	100.0	143784	*
D	5719	2	*	*	*	*	91.2	143476	*
D	5806	2	*	*	*	*	92.4	4352580	*
D	5812	2	*	*	*	*	96.4	139367	*
D	5815	2	*	*	*	*	100.0	138930	*
D	5833	3	*	*	*	*	91.8	136773	*
D	5916	2	*	*	*	*	96.4	121052	*
D	5936	2	*	*	*	*	97.6	115286	*
D	5965	2	*	*	*	*	97.2	111946	*
D	6016	3	*	*	*	*	96.8	108433	*
D	6022	2	*	*	*	*	97.2	108008	*
D	6058	2	*	*	*	*	91.6	106270	*
D	6094	2	*	*	*	*	100.0	104129	*
D	6112	2	*	*	*	*	97.2	102993	*
D	6121	2	*	*	*	*	99.2	102591	*
D	6141	2	*	*	*	*	92.8	101611	*
D	6213	2	*	*	*	*	95.2	92479	*
D	6234	2	*	*	*	*	95.2	90286	*
D	6239	2	*	*	*	*	92.4	89521	*
D	6298	2	*	*	*	*	98.4	80229	*
D	6341	2	*	*	*	*	95.6	73484	*
D	6347	2	*	*	*	*	94.8	72465	*
D	6383	2	*	*	*	*	94.4	70091	*
D	6391	2	*	*	*	*	95.6	68830	*
D	6392	2	*	*	*	*	94.8	67654	*
D	6406	4	*	*	*	*	98.1	63557	*
D	6411	2	*	*	*	*	100.0	62983	*
D	6419	2	*	*	*	*	98.0	61983	*
D	6440	2	*	*	*	*	98.0	58614	*
D	6462	2	*	*	*	*	98.4	53642	*
D	6468	2	*	*	*	*	99.2	52818	*
D	6486	2	*	*	*	*	91.6	49604	*
D	6584	2	*	*	*	*	96.4	29792	*
D	6595	3	*	*	*	*	93.4	27938	*
D	6615	2	*	*	*	*	90.0	25325	*
D	6622	3	*	*	*	*	91.8	22797	*
D	6638	2	*	*	*	*	97.2	19936	*
D	6681	2	*	*	*	*	97.6	15785	*
D	6700	2	*	*	*	*	99.2	15281	*
D	6709	2	*	*	*	*	98.4	14615	*
D	6710	2	*	*	*	*	95.6	14570	*
D	6735	2	*	*	*	*	92.8	14302	*
D	6755	2	*	*	*	*	92.4	13832	*
D	6778	2	*	*	*	*	94.4	12993	*
D	6781	2	*	*	*	*	94.0	12966	*
D	6818	2	*	*	*	*	98.0	12491	*
D	6847	2	*	*	*	*	97.6	11807	*
D	6848	2	*	*	*	*	98.4	11801	*
D	6867	2	*	*	*	*	93.2	10759	*
D	6873	2	*	*	*	*	100.0	10626	*
D	6912	3	*	*	*	*	97.8	9514	*
D	6924	2	*	*	*	*	98.0	9402	*
D	6943	2	*	*	*	*	99.2	8898	*
D	7021	3	*	*	*	*	99.8	6864	*
D	7022	2	*	*	*	*	97.6	6825	*
D	7025	2	*	*	*	*	95.2	6591	*
D	7026	2	*	*	*	*	94.0	6368	*
D	7044	3	*	*	*	*	99.2	5704	*
D	7068	3	*	*	*	*	92.4	4630	*
D	7078	2	*	*	*	*	99.2	4423	*
D	7112	2	*	*	*	*	90.8	3308	*
D	7121	2	*	*	*	*	96.4	2669	*
D	7146	2	*	*	*	*	94.4	1875	*
D	7166	2	*	*	*	*	99.6	1137708	*
D	7197	2	*	*	*	*	96.4	682821	*
D	7232	2	*	*	*	*	92.8	1128670	*
D	7373	2	*	*	*	*	92.0	1130618	*
D	7408	2	*	*	*	*	99.2	656307	*
D	7412	3	*	*	*	*	98.8	1140689	*
D	7417	2	*	*	*	*	93.2	1143460	*
D	7492	2	*	*	*	*	98.4	804849	*
D	7512	2	*	*	*	*	99.6	730249	*
D	7527	2	*	*	*	*	93.2	1137534	*
D	7548	2	*	*	*	*	98.8	1818342	*
D	7550	2	*	*	*	*	97.2	1821516	*
D	7656	3	*	*	*	*	99.8	1913623	*
D	7662	2	*	*	*	*	99.6	1918929	*
D	7677	2	*	*	*	*	91.2	1142320	*
D	7697	2	*	*	*	*	98.8	1942913	*
D	7719	4	*	*	*	*	91.5	1132993	*
D	7730	3	*	*	*	*	97.4	1129081	*
D	7776	2	*	*	*	*	100.0	2035238	*
D	7931	2	*	*	*	*	99.2	2160270	*
D	7938	2	*	*	*	*	93.6	728069	*
D	7942	2	*	*	*	*	93.6	2170497	*
D	7946	2	*	*	*	*	98.0	1139502	*
D	8015	2	*	*	*	*	94.8	2228267	*
D	8079	2	*	*	*	*	91.6	2281172	*
D	8178	2	*	*	*	*	99.6	2369177	*
D	8205	2	*	*	*	*	96.0	2397566	*
D	8209	2	*	*	*	*	90.4	940401	*
D	8231	2	*	*	*	*	98.4	628125	*
D	8234	2	*	*	*	*	96.8	1138255	*
D	8246	2	*	*	*	*	96.4	2426772	*
D	8286	2	*	*	*	*	99.6	2465170	*
D	8297	2	*	*	*	*	90.0	2472702	*
D	8307	2	*	*	*	*	94.4	851932	*
D	8343	2	*	*	*	*	92.0	2503593	*
D	8380	2	*	*	*	*	95.2	751699	*
D	8430	2	*	*	*	*	90.8	1131995	*
D	8432	2	*	*	*	*	96.8	2572567	*
D	8440	2	*	*	*	*	96.0	809850	*
D	8464	2	*	*	*	*	98.0	2606464	*
D	8509	2	*	*	*	*	94.4	630172	*
D	8535	2	*	*	*	*	100.0	2682874	*
D	8603	2	*	*	*	*	98.8	1130587	*
D	8606	2	*	*	*	*	98.4	2749362	*
D	8655	3	*	*	*	*	96.6	808919	*
D	8681	2	*	*	*	*	95.2	1135761	*
D	8726	2	*	*	*	*	100.0	838620	*
D	8736	4	*	*	*	*	94.3	326714	*
D	8797	3	*	*	*	*	93.4	1140240	*
D	8820	2	*	*	*	*	97.6	1123147	*
D	8910	2	*	*	*	*	96.0	3035626	*
D	8911	3	*	*	*	*	91.8	1124398	*
D	8938	2	*	*	*	*	98.8	3055791	*
D	8970	2	*	*	*	*	97.6	1131621	*
D	9015	2	*	*	*	*	90.8	3127947	*
D	9020	2	*	*	*	*	94.4	1134212	*
D	9052	2	*	*	*	*	93.2	770555	*
D	9089	2	*	*	*	*	98.4	784752	*
D	9144	2	*	*	*	*	95.2	1139791	*
D	9173	2	*	*	*	*	99.2	3254234	*
D	9198	3	*	*	*	*	93.0	991883	*
D	9219	2	*	*	*	*	93.2	1127641	*
D	9229	2	*	*	*	*	92.4	1122610	*
D	9238	2	*	*	*	*	99.2	1126922	*
D	9306	2	*	*	*	*	100.0	1128861	*
D	9327	2	*	*	*	*	99.6	637528	*
D	9372	4	*	*	*	*	95.3	3435717	*
D	9386	2	*	*	*	*	96.8	794069	*
D	9415	2	*	*	*	*	94.0	1140929	*
D	9456	2	*	*	*	*	92.0	3509168	*
D	9526	2	*	*	*	*	95.6	1143368	*
D	9562	5	*	*	*	*	99.4	3606814	*
D	9711	2	*	*	*	*	99.6	727220	*
D	9716	7	*	*	*	*	99.6	3746873	*
D	9725	2	*	*	*	*	91.6	1136846	*
D	9746	2	*	*	*	*	98.4	3772086	*
D	9896	3	*	*	*	*	97.4	1136010	*
D	9904	2	*	*	*	*	99.2	3942007	*
D	9925	2	*	*	*	*	95.6	3960304	*
D	9933	2	*	*	*	*	98.4	612512	*
D	9999	2	*	*	*	*	92.0	4028751	*
D	10055	3	*	*	*	*	91.6	1129564	*
D	10061	2	*	*	*	*	98.0	1122041	*
D	10158	2	*	*	*	*	98.0	4165193	*
D	10207	3	*	*	*	*	94.4	1136466	*
D	10240	2	*	*	*	*	98.4	1141542	*
D	10245	2	*	*	*	*	95.6	1144004	*
D	10259	2	*	*	*	*	96.8	809998	*
D	10269	4	*	*	*	*	98.9	4251078	*
D	10293	2	*	*	*	*	99.2	808021	*
D	10370	2	*	*	*	*	93.6	4297688	*
D	10441	2	*	*	*	*	92.0	4302603	*
D	10448	3	*	*	*	*	93.2	4302951	*
D	10457	2	*	*	*	*	97.6	4303511	*
D	10525	2	*	*	*	*	95.6	4307262	*
D	10692	2	*	*	*	*	96.4	4318406	*
D	10715	2	*	*	*	*	96.8	4319594	*
D	10752	2	*	*	*	*	98.0	4321652	*
D	10793	3	*	*	*	*	91.0	4324650	*
D	10824	2	*	*	*	*	91.6	4327050	*
D	10830	2	*	*	*	*	94.8	4327415	*
D	10979	2	*	*	*	*	98.4	4338024	*
D	11030	2	*	*	*	*	93.6	4341712	*
D	11110	2	*	*	*	*	99.2	4347534	*
D	11141	2	*	*	*	*	98.4	4349225	*
D	11152	2	*	*	*	*	96.8	4349748	*
D	11214	2	*	*	*	*	96.4	4354311	*
D	11300	2	*	*	*	*	96.0	4360170	*
D	11322	2	*	*	*	*	94.8	4361352	*
D	11325	2	*	*	*	*	92.0	4361424	*
D	11391	2	*	*	*	*	96.8	4366263	*
D	11395	4	*	*	*	*	97.2	4366350	*
D	11418	2	*	*	*	*	97.2	4367987	*
D	11440	3	*	*	*	*	98.6	4369445	*
D	11483	2	*	*	*	*	93.2	4371946	*
D	11518	3	*	*	*	*	99.2	4374425	*
D	11530	2	*	*	*	*	92.8	4375314	*
D	11585	2	*	*	*	*	93.2	4378410	*
D	11668	2	*	*	*	*	91.2	4384067	*
D	11737	3	*	*	*	*	99.2	4388300	*
D	11759	4	*	*	*	*	98.5	4389423	*
D	11772	3	*	*	*	*	95.2	4390326	*
D	11823	3	*	*	*	*	95.8	4394897	*
D	11831	5	*	*	*	*	96.6	4395332	*
D	11837	2	*	*	*	*	98.8	4395540	*
D	11997	2	*	*	*	*	94.0	4407974	*
D	12085	3	*	*	*	*	93.6	4413665	*
D	12115	2	*	*	*	*	99.6	4414810	*
D	12129	2	*	*	*	*	98.8	4415622	*
D	12161	2	*	*	*	*	98.8	4417874	*
D	12182	2	*	*	*	*	95.2	4419561	*
D	12212	2	*	*	*	*	95.6	4422396	*
D	12248	2	*	*	*	*	97.6	4424414	*
D	12335	2	*	*	*	*	97.2	4431590	*
D	12357	4	*	*	*	*	99.3	4432889	*
D	12365	2	*	*	*	*	98.8	4433321	*
D	12442	2	*	*	*	*	92.4	4438027	*
D	12488	2	*	*	*	*	99.2	4440894	*
D	12508	2	*	*	*	*	95.2	4442407	*
D	12518	2	*	*	*	*	93.6	4443004	*
D	12581	2	*	*	*	*	95.2	4447123	*
D	12583	2	*	*	*	*	90.8	4447129	*
D	12601	2	*	*	*	*	98.0	4448449	*
D	12621	2	*	*	*	*	98.8	4449665	*
D	12623	3	*	*	*	*	93.6	4449855	*
D	12660	2	*	*	*	*	100.0	4452943	*
D	12680	3	*	*	*	*	96.8	4454082	*
D	12691	2	*	*	*	*	90.0	4454634	*
D	12771	2	*	*	*	*	90.8	4460356	*
D	12776	2	*	*	*	*	98.0	4460537	*
D	12820	2	*	*	*	*	100.0	4464003	*
D	12833	2	*	*	*	*	98.0	4464839	*
D	12845	2	*	*	*	*	92.8	4465498	*
D	12883	2	*	*	*	*	98.4	4468024	*
D	12906	2	*	*	*	*	98.0	4469673	*
D	12946	2	*	*	*	*	93.2	4472012	*
D	12971	2	*	*	*	*	100.0	4473481	*
D	13060	2	*	*	*	*	96.4	4479549	*
D	13078	2	*	*	*	*	96.0	4480656	*
D	13088	2	*	*	*	*	98.8	4481459	*
D	13089	2	*	*	*	*	99.2	4481550	*
D	13121	3	*	*	*	*	98.0	4482839	*
D	13123	2	*	*	*	*	94.0	4482948	*
D	13143	2	*	*	*	*	95.6	4484389	*
D	13147	2	*	*	*	*	97.2	848243	*
D	13173	2	*	*	*	*	95.6	582639	*
D	13177	3	*	*	*	*	96.8	570515	*
D	13213	2	*	*	*	*	94.8	155684	*
D	13236	2	*	*	*	*	93.2	101553	*
D	13240	2	*	*	*	*	90.8	83240	*
D	13258	2	*	*	*	*	93.6	19329	*
D	13296	3	*	*	*	*	95.8	2153390	*
D	13310	2	*	*	*	*	90.0	3022550	*
D	13322	2	*	*	*	*	95.2	3862609	*
D	13346	2	*	*	*	*	94.0	4358883	*
D	13357	2	*	*	*	*	96.8	4375425	*
D	13365	2	*	*	*	*	97.6	4410174	*
D	13371	2	*	*	*	*	95.2	4444847	*
D	13372	2	*	*	*	*	90.4	4445049	*
D	13373	3	*	*	*	*	96.2	4448464	*
D	13378	2	*	*	*	*	94.4	4463497	*
D	13385	2	*	*	*	*	94.0	4475393	*
