UclustConsensusTaxonAssigner parameters:
id_to_taxonomy_filepath:/Users/nbokulich/Desktop/projects/short-read-tax-assignment/data/novel-taxa-simulations/F1-REF-L5-iter0/ref_taxa.tsv
id_to_taxonomy_fp:/Users/nbokulich/Desktop/projects/short-read-tax-assignment/data/novel-taxa-simulations/F1-REF-L5-iter0/ref_taxa.tsv
max_accepts:5
min_consensus_fraction:0.76
reference_sequences_fp:/Users/nbokulich/Desktop/projects/short-read-tax-assignment/data/novel-taxa-simulations/F1-REF-L5-iter0/ref_seqs.fasta
similarity:0.9
unassignable_label:Unassigned
Result path: /var/folders/0t/l1dz88p50y91vx_22fx5w3780000gn/T/assign-taxeh3hmp

.uc file contents:

# uclust --input /Users/nbokulich/Desktop/projects/short-read-tax-assignment/data/novel-taxa-simulations/F1-REF-L5-iter0/query.fasta --id 0.9 --rev --maxaccepts 5 --allhits --libonly --lib /Users/nbokulich/Desktop/projects/short-read-tax-assignment/data/novel-taxa-simulations/F1-REF-L5-iter0/ref_seqs.fasta --uc /var/folders/0t/l1dz88p50y91vx_22fx5w3780000gn/T/UclustConsensusTaxonAssigner_440k5u.uc
# version=1.2.22
# Tab-separated fields:
# 1=Type, 2=ClusterNr, 3=SeqLength or ClusterSize, 4=PctId, 5=Strand, 6=QueryStart, 7=SeedStart, 8=Alignment, 9=QueryLabel, 10=TargetLabel
# Record types (field 1): L=LibSeed, S=NewSeed, H=Hit, R=Reject, D=LibCluster, C=NewCluster, N=NoHit
# For C and D types, PctId is average id with seed.
# QueryStart and SeedStart are zero-based relative to start of sequence.
# If minus strand, SeedStart is relative to reverse-complemented seed.
N	*	250	*	*	*	*	*	FJ481038	*
L	6168	192	*	*	*	*	*	EU721724	*
H	6168	187	90.4	+	0	0	4D22M10I13MD82MD20MI44M	AF178417	EU721724
N	*	238	*	*	*	*	*	DQ534469	*
N	*	224	*	*	*	*	*	DQ365668	*
N	*	84	*	*	*	*	*	DQ322098	*
L	7750	250	*	*	*	*	*	U56041	*
H	7750	250	96.8	+	0	0	I129MI119M2D	EU525946	U56041
L	7969	250	*	*	*	*	*	U56044	*
H	7969	250	95.6	+	0	0	I131MI26M2I89M4D	EU525946	U56044
L	3670	250	*	*	*	*	*	U56046	*
H	3670	250	94.8	+	0	0	I157M2I65MD15MD10MD	EU525946	U56046
L	6975	250	*	*	*	*	*	GU233321	*
H	6975	250	92.8	+	0	0	I129M3I27M4I28MD37MD21M6D	EU525946	GU233321
L	702	250	*	*	*	*	*	U56036	*
H	702	250	94.8	+	0	0	I21MD135MI46MI24MD10MD11M	EU525946	U56036
L	7895	237	*	*	*	*	*	JN943601	*
H	7895	245	90.7	+	0	0	5D21MD8MD159MD49M	DQ449942	JN943601
L	4836	153	*	*	*	*	*	AM159634	*
H	4836	152	90.8	+	0	0	34MI19MD71MI27M	AB260936	AM159634
N	*	250	*	*	*	*	*	DQ536501	*
N	*	250	*	*	*	*	*	DQ534567	*
N	*	90	*	*	*	*	*	DQ641634	*
N	*	113	*	*	*	*	*	AF514292	*
N	*	123	*	*	*	*	*	U19954	*
N	*	101	*	*	*	*	*	GQ458022	*
N	*	250	*	*	*	*	*	DQ677496	*
L	5747	209	*	*	*	*	*	AY664502	*
H	5747	209	98.6	+	0	0	209M	AY078151	AY664502
L	514	209	*	*	*	*	*	GU067764	*
H	514	209	98.6	+	0	0	209M	AY078151	GU067764
L	2328	209	*	*	*	*	*	HM190136	*
H	2328	209	98.6	+	0	0	209M	AY078151	HM190136
L	2020	209	*	*	*	*	*	AY394908	*
H	2020	209	98.6	+	0	0	209M	AY078151	AY394908
L	7311	209	*	*	*	*	*	GQ302683	*
H	7311	209	98.1	+	0	0	209M	AY078151	GQ302683
N	*	250	*	*	*	*	*	DQ780456	*
N	*	198	*	*	*	*	*	DQ872858	*
L	1177	210	*	*	*	*	*	EU878427	*
H	1177	210	97.6	+	0	0	9MI165MD35M	FJ462759	EU878427
L	7731	208	*	*	*	*	*	JN031056	*
H	7731	210	95.7	+	0	0	23MD15MD28MI15MD126M	FJ462759	JN031056
L	609	209	*	*	*	*	*	GQ149764	*
H	609	210	95.7	+	0	0	83MD126M	FJ462759	GQ149764
L	4253	212	*	*	*	*	*	AF001022	*
H	4253	210	92.4	+	0	0	82MD13M2I16MI5MI57MD35M	FJ462759	AF001022
L	4252	207	*	*	*	*	*	AF001019	*
H	4252	210	95.2	+	0	0	39MD42MD66MD60M	FJ462759	AF001019
L	4053	198	*	*	*	*	*	EU586043	*
H	4053	184	96.7	+	0	0	10I118MD7M4I34MI24M	U35307	EU586043
L	3195	197	*	*	*	*	*	JN943323	*
H	3195	184	92.9	+	0	0	10I118MD31M4I34M	U35307	JN943323
L	3196	201	*	*	*	*	*	JN943324	*
H	3196	184	92.9	+	0	0	10I118MD12M4I34M4I19M	U35307	JN943324
L	601	198	*	*	*	*	*	U57668	*
H	601	184	92.4	+	0	0	10I111MD14M4I30M2I15MD12M	U35307	U57668
N	*	250	*	*	*	*	*	DQ875354	*
L	7793	207	*	*	*	*	*	JN367299	*
H	7793	203	91.1	+	0	0	4I109MI19MD74M	DQ875356	JN367299
L	5821	204	*	*	*	*	*	EF667965	*
H	5821	203	93.1	+	0	0	4I76M2D31MI17M2D75M	DQ875356	EF667965
N	*	97	*	*	*	*	*	DQ974799	*
N	*	224	*	*	*	*	*	AB278192	*
N	*	250	*	*	*	*	*	DQ873595	*
N	*	250	*	*	*	*	*	DQ873651	*
L	7527	214	*	*	*	*	*	JF271754	*
H	7527	218	91.6	+	0	0	113M2D59MI13M3D28M	EF017208	JF271754
L	2565	202	*	*	*	*	*	AB546941	*
H	2565	201	96.5	+	0	0	2I57MD43MI45MD54M	EF029224	AB546941
L	6270	199	*	*	*	*	*	EU938675	*
H	6270	201	91.5	+	0	0	2I36M2D19MD88MD54M	EF029224	EU938675
L	3771	190	*	*	*	*	*	AY606310	*
H	3771	201	90.5	+	0	0	4D17M2D13M2D19MD37MD50MD54M	EF029224	AY606310
L	2554	195	*	*	*	*	*	EF658742	*
H	2554	201	90.8	+	0	0	35M3D19MD37MD50MD54M	EF029224	EF658742
L	3557	225	*	*	*	*	*	Z37071	*
H	3557	81	92.6	+	0	0	145I80MD	FJ805250	Z37071
L	5842	238	*	*	*	*	*	EU030178	*
H	5842	81	93.8	+	0	0	158I21MD59M	FJ805250	EU030178
L	7208	237	*	*	*	*	*	HM480491	*
H	7208	81	91.4	+	0	0	155I7MI74M	FJ805250	HM480491
L	6947	81	*	*	*	*	*	AF516521	*
H	6947	81	92.6	+	0	0	81M	FJ805250	AF516521
L	6294	234	*	*	*	*	*	AJ627583	*
H	6294	81	95.1	+	0	0	153I81M	FJ805250	AJ627583
L	2675	221	*	*	*	*	*	AF072224	*
H	2675	221	94.6	+	0	0	221M	DQ004572	AF072224
L	4363	221	*	*	*	*	*	AF141859	*
H	4363	221	94.6	+	0	0	221M	DQ004572	AF141859
L	212	221	*	*	*	*	*	EF373565	*
H	212	221	95.5	+	0	0	221M	DQ004572	EF373565
L	5481	220	*	*	*	*	*	DQ394386	*
H	5481	221	90.0	+	0	0	127MD93M	DQ004572	DQ394386
L	4593	220	*	*	*	*	*	AF451785	*
H	4593	221	90.0	+	0	0	D20M2D143MI21MI34M	DQ004572	AF451785
N	*	224	*	*	*	*	*	DQ004573	*
N	*	250	*	*	*	*	*	EF088656	*
N	*	216	*	*	*	*	*	EF121328	*
L	4675	190	*	*	*	*	*	FJ755266	*
H	4675	186	96.2	+	0	0	3I98MI88M	EF121334	FJ755266
L	4721	231	*	*	*	*	*	AJ301714	*
H	4721	230	98.3	+	0	0	41MI124MD36MI28M	FJ357310	AJ301714
L	4720	225	*	*	*	*	*	AJ301700	*
H	4720	230	97.3	+	0	0	8MI33MI124MD36MI21M7D	FJ357310	AJ301700
L	6870	231	*	*	*	*	*	GQ995476	*
H	6870	230	97.8	+	0	0	202MI28M	FJ357310	GQ995476
L	1959	234	*	*	*	*	*	FJ357319	*
H	1959	230	94.3	+	0	0	22MI26MI128MI23MI31M	FJ357310	FJ357319
L	4409	233	*	*	*	*	*	FJ357316	*
H	4409	230	93.9	+	0	0	42MI39M3I84MD64M	FJ357310	FJ357316
N	*	116	*	*	*	*	*	AF250780	*
L	5059	197	*	*	*	*	*	AY245635	*
H	5059	195	94.9	+	0	0	137MD36M3I21M	EU673370	AY245635
L	6606	211	*	*	*	*	*	DQ888729	*
H	6606	195	90.3	+	0	0	4D25MD56M17I16M2I28MD43M3I21M	EU673370	DQ888729
N	*	248	*	*	*	*	*	AB361643	*
N	*	250	*	*	*	*	*	FJ538352	*
N	*	234	*	*	*	*	*	AJ271422	*
L	198	169	*	*	*	*	*	EF191243	*
H	198	174	95.9	+	0	0	70MD25MD12MD14MD21MD27M	EF191235	EF191243
L	7291	167	*	*	*	*	*	EF191240	*
H	7291	174	95.2	+	0	0	70MD19M3D16MD14MD21MD27M	EF191235	EF191240
L	2687	168	*	*	*	*	*	JF683419	*
H	2687	174	94.0	+	0	0	92M3D14MD14MD21MD27M	EF191235	JF683419
L	2686	168	*	*	*	*	*	GU138735	*
H	2686	174	93.5	+	0	0	92M3D14MD14MD21MD27M	EF191235	GU138735
L	1770	168	*	*	*	*	*	GU138749	*
H	1770	174	93.5	+	0	0	91M3D15MD14MD21MD27M	EF191235	GU138749
N	*	211	*	*	*	*	*	EF369523	*
L	3780	221	*	*	*	*	*	AF226661	*
H	3780	219	93.2	+	0	0	102MI20MI97M	EF373566	AF226661
H	212	212	93.4	+	0	0	10I155MD56M	EF373570	EF373565
H	2675	212	93.9	+	0	0	10I155MD56M	EF373570	AF072224
H	4363	212	93.9	+	0	0	10I155MD56M	EF373570	AF141859
L	7491	208	*	*	*	*	*	DQ093659	*
H	7491	190	94.7	+	0	0	7I51M2D27M13I16MI23MD70M	AJ271578	DQ093659
L	6413	210	*	*	*	*	*	GQ906953	*
H	6413	190	93.7	+	0	0	7I51M2D27M15I16MI23MD70M	AJ271578	GQ906953
L	7303	210	*	*	*	*	*	FJ538594	*
H	7303	190	94.2	+	0	0	7I54M2D24M15I16MI23MD70M	AJ271578	FJ538594
L	911	210	*	*	*	*	*	GU295946	*
H	911	190	94.2	+	0	0	7I54M2D24M15I16MI23MD70M	AJ271578	GU295946
L	4700	210	*	*	*	*	*	GU062294	*
H	4700	190	94.2	+	0	0	7I54M2D24M15I16MI23MD70M	AJ271578	GU062294
N	*	250	*	*	*	*	*	EF081003	*
N	*	166	*	*	*	*	*	AF224333	*
N	*	126	*	*	*	*	*	EF081374	*
N	*	223	*	*	*	*	*	AF324254	*
N	*	132	*	*	*	*	*	AJ292391	*
N	*	200	*	*	*	*	*	AF224395	*
N	*	227	*	*	*	*	*	AF336150	*
N	*	250	*	*	*	*	*	FJ627021	*
N	*	250	*	*	*	*	*	EF155483	*
L	6305	230	*	*	*	*	*	EU330951	*
H	6305	239	99.1	+	0	0	5D14MD19MI128M4D68M	EU076919	EU330951
L	6768	237	*	*	*	*	*	FJ610288	*
H	6768	239	97.5	+	0	0	39MI106MI22M4D68M	EU076919	FJ610288
L	592	238	*	*	*	*	*	EU280089	*
H	592	239	91.6	+	0	0	138MI33M3D8MI57M	EU076919	EU280089
L	3547	244	*	*	*	*	*	AY737756	*
H	3547	239	92.1	+	0	0	135MD8M2I21M3I28MI46M	EU076919	AY737756
L	1250	235	*	*	*	*	*	FJ623268	*
H	1250	239	91.5	+	0	0	39MI132M5D63M	EU076919	FJ623268
N	*	189	*	*	*	*	*	EF121862	*
L	5752	250	*	*	*	*	*	EF446015	*
H	5752	250	96.8	+	0	0	250M	EF446017	EF446015
L	6976	250	*	*	*	*	*	GU234015	*
H	6976	250	92.4	+	0	0	138MD12M3D96M4I	DQ830803	GU234015
L	7727	250	*	*	*	*	*	JF907811	*
H	7727	250	92.0	+	0	0	2I138MD12M3D96M2I	DQ830803	JF907811
L	2899	250	*	*	*	*	*	JF907804	*
H	2899	250	90.0	+	0	0	2I139MD8M5D97M4I	DQ830803	JF907804
L	2229	250	*	*	*	*	*	GU234110	*
H	2229	250	90.8	+	0	0	2I138MD12M4D37M2I37MI21M	DQ830803	GU234110
L	7725	156	*	*	*	*	*	FJ534886	*
H	7725	149	94.6	+	0	0	8I115MD33M	GQ850202	FJ534886
N	*	250	*	*	*	*	*	AF373985	*
N	*	193	*	*	*	*	*	AF291284	*
N	*	220	*	*	*	*	*	EF492210	*
N	*	187	*	*	*	*	*	EF197068	*
N	*	234	*	*	*	*	*	EU295634	*
N	*	250	*	*	*	*	*	EU784188	*
L	7718	181	*	*	*	*	*	JF951149	*
H	7718	178	92.7	+	0	0	90MI26MI34MI28M	EF394866	JF951149
L	1315	179	*	*	*	*	*	FJ790271	*
H	1315	178	91.6	+	0	0	91MI25MI27MD34M	EF394866	FJ790271
L	1564	178	*	*	*	*	*	FJ641061	*
H	1564	178	91.6	+	0	0	90MI26MI34M2D26M	EF394866	FJ641061
N	*	250	*	*	*	*	*	EF421111	*
L	4321	231	*	*	*	*	*	AF097578	*
H	4321	121	96.7	+	0	0	109I65MI56M	EF600943	AF097578
L	5307	243	*	*	*	*	*	AY826763	*
H	5307	121	95.9	+	0	0	122I121M	EF600943	AY826763
L	7894	232	*	*	*	*	*	JN943504	*
H	7894	121	95.0	+	0	0	112I57MD63M	EF600943	JN943504
L	4320	122	*	*	*	*	*	AF097577	*
H	4320	121	95.0	+	0	0	63MI58M	EF600943	AF097577
L	4428	122	*	*	*	*	*	AF227197	*
H	4428	121	93.4	+	0	0	92MI29M	EF600943	AF227197
N	*	204	*	*	*	*	*	EF600974	*
N	*	240	*	*	*	*	*	EF619542	*
N	*	250	*	*	*	*	*	EU784214	*
N	*	250	*	*	*	*	*	JF907774	*
L	369	250	*	*	*	*	*	AF357058	*
H	369	250	94.8	+	0	0	185MI64MD	AF357052	AF357058
L	368	250	*	*	*	*	*	AF357053	*
H	368	250	94.4	+	0	0	142MI25MD17MI11MD53M	AF357052	AF357053
L	366	250	*	*	*	*	*	AF357043	*
H	366	250	92.8	+	0	0	146MI8MI27MI32MI13MI19M5D	AF357052	AF357043
L	367	250	*	*	*	*	*	AF357045	*
H	367	250	90.4	+	0	0	215MD34MI	AF357052	AF357045
N	*	232	*	*	*	*	*	DQ534455	*
N	*	214	*	*	*	*	*	AB273560	*
N	*	201	*	*	*	*	*	GQ369593	*
N	*	184	*	*	*	*	*	EU045422	*
N	*	250	*	*	*	*	*	EU181457	*
N	*	214	*	*	*	*	*	EF621920	*
N	*	235	*	*	*	*	*	EU118629	*
L	1216	202	*	*	*	*	*	FJ884143	*
H	1216	190	91.1	+	0	0	75MI22M4I12M6I52MI29M	EU040222	FJ884143
L	3220	169	*	*	*	*	*	JQ044421	*
H	3220	190	91.7	+	0	0	88M21D81M	EU040222	JQ044421
N	*	227	*	*	*	*	*	EU035404	*
N	*	216	*	*	*	*	*	EU035423	*
N	*	213	*	*	*	*	*	GQ927253	*
N	*	177	*	*	*	*	*	AF332127	*
N	*	195	*	*	*	*	*	EU037891	*
N	*	108	*	*	*	*	*	AY035661	*
N	*	234	*	*	*	*	*	EU047803	*
N	*	215	*	*	*	*	*	GU324736	*
N	*	197	*	*	*	*	*	EF652086	*
N	*	250	*	*	*	*	*	EU040217	*
N	*	250	*	*	*	*	*	AM269795	*
N	*	237	*	*	*	*	*	FJ903322	*
N	*	250	*	*	*	*	*	EU293816	*
L	509	219	*	*	*	*	*	AJ302438	*
H	509	214	96.3	+	0	0	24MI40M4I150M	AJ302444	AJ302438
L	5363	217	*	*	*	*	*	GQ293947	*
H	5363	214	95.8	+	0	0	2I24MI190M	AJ302444	GQ293947
L	507	216	*	*	*	*	*	DQ006946	*
H	507	214	96.3	+	0	0	2I214M	AJ302444	DQ006946
L	508	215	*	*	*	*	*	AF192323	*
H	508	214	95.8	+	0	0	24MI190M	AJ302444	AF192323
L	4725	213	*	*	*	*	*	AJ302464	*
H	4725	214	93.4	+	0	0	24MI137M2D51M	AJ302444	AJ302464
N	*	212	*	*	*	*	*	FJ861375	*
N	*	205	*	*	*	*	*	EU266087	*
N	*	250	*	*	*	*	*	FJ596767	*
N	*	250	*	*	*	*	*	FJ596780	*
L	1775	166	*	*	*	*	*	FJ900601	*
H	1775	172	100.0	+	0	0	6D166M	FJ941882	FJ900601
L	2731	166	*	*	*	*	*	EF585502	*
H	2731	172	100.0	+	0	0	6D166M	FJ941882	EF585502
L	2115	173	*	*	*	*	*	HM466956	*
H	2115	172	97.7	+	0	0	29MI143M	FJ941882	HM466956
L	2066	173	*	*	*	*	*	HM346870	*
H	2066	172	98.3	+	0	0	22MI150M	FJ941882	HM346870
L	7078	166	*	*	*	*	*	FJ900605	*
H	7078	172	98.2	+	0	0	6D166M	FJ941882	FJ900605
N	*	250	*	*	*	*	*	EU352773	*
N	*	250	*	*	*	*	*	EU330178	*
N	*	143	*	*	*	*	*	HE611486	*
N	*	184	*	*	*	*	*	EU162052	*
N	*	214	*	*	*	*	*	EU402589	*
H	5059	198	99.0	+	0	0	169MD28M	FJ177450	AY245635
N	*	250	*	*	*	*	*	EU486435	*
N	*	196	*	*	*	*	*	AF282108	*
N	*	250	*	*	*	*	*	UDB011402	*
N	*	250	*	*	*	*	*	EU401714	*
L	1543	167	*	*	*	*	*	EF051727	*
H	1543	164	97.6	+	0	0	133M3I31M	EF051729	EF051727
L	7626	169	*	*	*	*	*	EF495101	*
H	7626	164	96.3	+	0	0	5I105MD27MI31M	EF051729	EF495101
L	7724	223	*	*	*	*	*	AY681189	*
H	7724	224	98.2	+	0	0	101MD122M	EU551189	AY681189
L	632	224	*	*	*	*	*	EU551205	*
H	632	224	97.3	+	0	0	224M	EU551189	EU551205
L	2815	219	*	*	*	*	*	GQ922543	*
H	2815	224	98.2	+	0	0	4D97MD122M	EU551189	GQ922543
L	1970	219	*	*	*	*	*	GQ996575	*
H	1970	224	97.7	+	0	0	4D97MD122M	EU551189	GQ996575
L	635	100	*	*	*	*	*	EU254860	*
H	635	84	95.2	+	0	0	14I12MI41MI31M	EU254750	EU254860
L	5927	86	*	*	*	*	*	EU254804	*
H	5927	84	92.9	+	0	0	14MI43MI27M	EU254750	EU254804
L	3892	96	*	*	*	*	*	EU199178	*
H	3892	84	90.5	+	0	0	12I84M	EU254750	EU199178
L	634	87	*	*	*	*	*	EU254786	*
H	634	84	91.7	+	0	0	15M2I42MI27M	EU254750	EU254786
L	6829	214	*	*	*	*	*	EF512465	*
H	6829	84	92.9	+	0	0	127I24MI29M2I31M	EU254750	EF512465
L	6605	106	*	*	*	*	*	FR667997	*
H	6605	104	93.3	+	0	0	D5M2I45M2I16MD36M	EU254889	FR667997
L	2494	86	*	*	*	*	*	EU254963	*
H	2494	104	96.5	+	0	0	18D86M	EU254889	EU254963
L	5926	87	*	*	*	*	*	EU254789	*
H	5926	104	95.4	+	0	0	18D33MI53M	EU254889	EU254789
H	3892	104	92.7	+	0	0	6D24MD44MD28M	EU254889	EU199178
L	4815	96	*	*	*	*	*	DQ994611	*
H	4815	104	91.7	+	0	0	7D23MD73M	EU254889	DQ994611
H	2494	86	91.9	+	0	0	86M	EU254918	EU254963
H	6605	86	95.3	+	0	0	19I33M2I25MD27M	EU254918	FR667997
H	6829	86	91.9	+	0	0	127I12MD12MI33MI28M	EU254918	EF512465
N	*	178	*	*	*	*	*	AJ301962	*
L	1354	250	*	*	*	*	*	AY534118	*
H	1354	250	94.4	+	0	0	2D28MD12MD15M2D19MI170M5I	EU598203	AY534118
N	*	250	*	*	*	*	*	AM882885	*
N	*	216	*	*	*	*	*	AF394020	*
L	1416	230	*	*	*	*	*	FJ357314	*
H	1416	198	91.9	+	0	0	8I14MD25M27I27MD111MD18M	AF229470	FJ357314
L	6328	237	*	*	*	*	*	FJ357312	*
H	6328	198	90.9	+	0	0	8I14MD26M34I26MD57MD72M	AF229470	FJ357312
L	3070	200	*	*	*	*	*	AY372676	*
H	3070	198	90.9	+	0	0	5I48MD18MD70MD59M	AF229470	AY372676
L	2342	206	*	*	*	*	*	AY278842	*
H	2342	198	90.9	+	0	0	8I14MD14M3I11M2I27MD60MD9MD40MD18M	AF229470	AY278842
L	4545	206	*	*	*	*	*	AF392990	*
H	4545	198	90.9	+	0	0	8I14MD14M3I11M2I27MD60MD9MD40MD18M	AF229470	AF392990
L	5634	236	*	*	*	*	*	JF908276	*
H	5634	231	96.5	+	0	0	40MI19M3I116MI56M	EU644702	JF908276
L	6752	250	*	*	*	*	*	HM189800	*
H	6752	231	93.1	+	0	0	61MD36MD45M13I23M2D35M10I27M	EU644702	HM189800
L	2152	249	*	*	*	*	*	AJ889960	*
H	2152	231	91.3	+	0	0	59M2I85M19I22M3D62M	EU644702	AJ889960
L	834	250	*	*	*	*	*	EU819486	*
H	834	231	92.6	+	0	0	24MI35MD37M2D45M20I43M2I43MD	EU644702	EU819486
L	8278	246	*	*	*	*	*	UDB011832	*
H	8278	231	91.3	+	0	0	2D6MD20MI33M2I35M2D45M19I23M2D62M	EU644702	UDB011832
N	*	202	*	*	*	*	*	EU622257	*
N	*	239	*	*	*	*	*	EU652341	*
L	7592	250	*	*	*	*	*	EU697259	*
H	7592	250	92.4	+	0	0	24MI47MI99MI51MI25M4D	EU708340	EU697259
N	*	220	*	*	*	*	*	AY636061	*
N	*	206	*	*	*	*	*	EU520120	*
L	6133	250	*	*	*	*	*	DQ367894	*
H	6133	250	92.0	+	0	0	69M3D26MI9MI68MD8MD37MI28M2I	EU697239	DQ367894
N	*	250	*	*	*	*	*	DQ389701	*
N	*	250	*	*	*	*	*	EU623677	*
N	*	247	*	*	*	*	*	EU552114	*
N	*	214	*	*	*	*	*	EU552123	*
N	*	214	*	*	*	*	*	EU552127	*
N	*	250	*	*	*	*	*	EU552133	*
N	*	242	*	*	*	*	*	EU660447	*
L	7925	213	*	*	*	*	*	EU553344	*
H	7925	216	92.0	+	0	0	62MD25MD93MD33M	EU553340	EU553344
L	7851	219	*	*	*	*	*	JN899325	*
H	7851	216	90.7	+	0	0	6I32MD29MD25MD27M2I65M2D33M	EU553340	JN899325
L	7850	214	*	*	*	*	*	JN899328	*
H	7850	216	90.7	+	0	0	6I60M3D31M2D73MD12M2D32M	EU553340	JN899328
N	*	102	*	*	*	*	*	EU683062	*
N	*	174	*	*	*	*	*	AF351139	*
N	*	116	*	*	*	*	*	EU852799	*
N	*	250	*	*	*	*	*	EU669233	*
N	*	250	*	*	*	*	*	EU669382	*
N	*	155	*	*	*	*	*	EU669383	*
N	*	220	*	*	*	*	*	EU669394	*
N	*	132	*	*	*	*	*	GU361938	*
L	1958	202	*	*	*	*	*	AF490393	*
H	1958	203	90.1	+	0	0	33MD48MI74MD46M	EU819445	AF490393
N	*	250	*	*	*	*	*	EU819469	*
N	*	250	*	*	*	*	*	EU819470	*
L	844	192	*	*	*	*	*	EU673336	*
H	844	215	90.6	+	0	0	87M23D105M	EU673340	EU673336
H	1775	215	96.4	+	0	0	6D86M43D80M	EU673340	FJ900601
H	2731	215	96.4	+	0	0	6D86M43D80M	EU673340	EF585502
H	2066	215	94.2	+	0	0	22MI70M43D80M	EU673340	HM346870
L	6589	166	*	*	*	*	*	FJ919668	*
H	6589	215	92.8	+	0	0	8D82M41D84M	EU673340	FJ919668
L	847	216	*	*	*	*	*	FJ914669	*
H	847	211	92.9	+	0	0	9MI8MI70M3I25MI62MD36M	AM774156	FJ914669
L	3485	225	*	*	*	*	*	FJ946484	*
H	3485	211	92.9	+	0	0	9MI8MI69M6I22M8I66MD17MD18M	AM774156	FJ946484
N	*	211	*	*	*	*	*	EU683655	*
N	*	171	*	*	*	*	*	EU920673	*
N	*	194	*	*	*	*	*	GQ152145	*
N	*	227	*	*	*	*	*	EU715596	*
N	*	170	*	*	*	*	*	AF444299	*
N	*	155	*	*	*	*	*	AF444425	*
N	*	202	*	*	*	*	*	AF444630	*
N	*	86	*	*	*	*	*	DQ202270	*
N	*	202	*	*	*	*	*	GQ340441	*
N	*	250	*	*	*	*	*	EU833201	*
N	*	250	*	*	*	*	*	FM212666	*
L	405	220	*	*	*	*	*	EU034667	*
H	405	222	92.7	+	0	0	109M2D57MD25MI28M	EU784156	EU034667
N	*	250	*	*	*	*	*	FM206390	*
L	2080	174	*	*	*	*	*	FJ210938	*
H	2080	175	98.3	+	0	0	73MD101M	GU062254	FJ210938
L	3993	174	*	*	*	*	*	FJ200219	*
H	3993	175	98.3	+	0	0	73MD101M	GU062254	FJ200219
L	786	174	*	*	*	*	*	FJ194521	*
H	786	175	98.3	+	0	0	73MD101M	GU062254	FJ194521
L	6981	176	*	*	*	*	*	EU520054	*
H	6981	175	96.0	+	0	0	26MI43MD30MI7MI39MD28M	GU062254	EU520054
L	5706	178	*	*	*	*	*	JN712455	*
H	5706	175	95.4	+	0	0	108M2I17MI50M	GU062254	JN712455
N	*	250	*	*	*	*	*	EU784183	*
L	1012	226	*	*	*	*	*	EU784261	*
H	1012	216	94.4	+	0	0	49M3I10MI27MI43MI11M3I57MI19M	EU784265	EU784261
L	4852	212	*	*	*	*	*	AM269787	*
H	4852	216	90.1	+	0	0	8MD39M3D124MD9MI31M	EU784265	AM269787
N	*	137	*	*	*	*	*	EU784442	*
N	*	250	*	*	*	*	*	AF377057	*
L	5755	178	*	*	*	*	*	FJ459951	*
H	5755	229	91.6	+	0	0	32MI23MI27M16D10M36D36MD48M	AF377299	FJ459951
L	241	178	*	*	*	*	*	FJ459948	*
H	241	229	91.6	+	0	0	32MI23MI27M16D10M36D36MD48M	AF377299	FJ459948
L	7258	178	*	*	*	*	*	GQ415344	*
H	7258	229	91.6	+	0	0	32MI23MI27M16D10M36D36MD48M	AF377299	GQ415344
L	3205	178	*	*	*	*	*	FJ884136	*
H	3205	229	91.0	+	0	0	30MI25MI27M16D10M36D36MD48M	AF377299	FJ884136
L	7845	183	*	*	*	*	*	AF405304	*
H	7845	229	92.3	+	0	0	37MI40MI11M13D12M35D81M	AF377299	AF405304
N	*	176	*	*	*	*	*	EF363683	*
N	*	201	*	*	*	*	*	U57988	*
L	4191	200	*	*	*	*	*	AB481251	*
H	4191	196	90.3	+	0	0	2I10MI49MI49MI22MD65M	U59145	AB481251
L	4193	202	*	*	*	*	*	AB481257	*
H	4193	196	91.3	+	0	0	2I10MI24MI25MI45M2I26MD65M	U59145	AB481257
L	3261	184	*	*	*	*	*	EF679398	*
H	3261	180	100.0	+	0	0	4I180M	FJ999711	EF679398
L	5968	191	*	*	*	*	*	EU375523	*
H	5968	180	93.9	+	0	0	10I25MI155M	FJ999711	EU375523
L	5061	181	*	*	*	*	*	AY251073	*
H	5061	180	93.9	+	0	0	25MI155M	FJ999711	AY251073
L	3260	189	*	*	*	*	*	JN565298	*
H	3260	180	95.0	+	0	0	10I13MD166M	FJ999711	JN565298
L	2369	183	*	*	*	*	*	FJ797613	*
H	2369	180	93.9	+	0	0	2I25MI155M	FJ999711	FJ797613
N	*	223	*	*	*	*	*	FJ442633	*
N	*	248	*	*	*	*	*	FJ499393	*
L	2793	182	*	*	*	*	*	FJ169667	*
H	2793	182	96.2	+	0	0	182M	FJ515891	FJ169667
L	3300	182	*	*	*	*	*	FJ903283	*
H	3300	182	95.6	+	0	0	182M	FJ515891	FJ903283
L	6969	184	*	*	*	*	*	GU229797	*
H	6969	182	94.5	+	0	0	88M2I94M	FJ515891	GU229797
L	6968	184	*	*	*	*	*	GU229796	*
H	6968	182	94.5	+	0	0	88M2I94M	FJ515891	GU229796
L	6966	184	*	*	*	*	*	GU229794	*
H	6966	182	94.5	+	0	0	88M2I94M	FJ515891	GU229794
N	*	172	*	*	*	*	*	AF485078	*
N	*	250	*	*	*	*	*	FJ594063	*
N	*	127	*	*	*	*	*	FJ545249	*
N	*	244	*	*	*	*	*	U66440	*
L	6557	191	*	*	*	*	*	FJ871105	*
H	6557	188	91.0	+	0	0	29MI130MI21MI8M	FJ356152	FJ871105
L	6145	250	*	*	*	*	*	GU234147	*
H	6145	250	94.4	+	0	0	4I19MD11MD139MI76M3D	FJ596774	GU234147
L	2525	250	*	*	*	*	*	HQ650733	*
H	2525	250	95.2	+	0	0	4I19MD11MD216M2D	FJ596774	HQ650733
L	3869	250	*	*	*	*	*	EF141537	*
H	3869	250	94.4	+	0	0	4I19MD11MD161MD55MD	FJ596774	EF141537
L	8215	250	*	*	*	*	*	AF140262	*
H	8215	250	94.0	+	0	0	4I19MD11MD157MI58M3D	FJ596774	AF140262
L	1390	250	*	*	*	*	*	FM993284	*
H	1390	250	94.8	+	0	0	2D17MD11MD134MI23MD60M4I	FJ596774	FM993284
N	*	250	*	*	*	*	*	FJ596893	*
N	*	232	*	*	*	*	*	FJ627262	*
N	*	209	*	*	*	*	*	FJ789599	*
N	*	201	*	*	*	*	*	AF407163	*
N	*	249	*	*	*	*	*	EU375546	*
N	*	233	*	*	*	*	*	FJ810128	*
L	3703	202	*	*	*	*	*	AF141186	*
H	3703	202	96.5	+	0	0	202M	GU062273	AF141186
L	7575	202	*	*	*	*	*	HM595533	*
H	7575	202	95.5	+	0	0	202M	GU062273	HM595533
L	2684	202	*	*	*	*	*	AF141194	*
H	2684	202	96.0	+	0	0	202M	GU062273	AF141194
L	3705	201	*	*	*	*	*	AF141195	*
H	3705	202	95.0	+	0	0	93MD108M	GU062273	AF141195
L	3702	202	*	*	*	*	*	AF141177	*
H	3702	202	94.1	+	0	0	202M	GU062273	AF141177
N	*	214	*	*	*	*	*	DQ018098	*
N	*	120	*	*	*	*	*	FM202494	*
L	7137	202	*	*	*	*	*	HM037979	*
H	7137	229	94.1	+	0	0	59MI14M28D128M	AF405301	HM037979
H	7845	229	94.0	+	0	0	71M13D12M4D19M29D81M	AF405301	AF405304
L	348	219	*	*	*	*	*	EF600969	*
H	348	229	90.4	+	0	0	8D74M2D63MI33MD48M	AF405301	EF600969
N	*	240	*	*	*	*	*	FJ403215	*
N	*	208	*	*	*	*	*	FJ904627	*
N	*	228	*	*	*	*	*	GU234033	*
N	*	168	*	*	*	*	*	FJ380935	*
N	*	205	*	*	*	*	*	FJ380944	*
N	*	233	*	*	*	*	*	FJ872075	*
N	*	203	*	*	*	*	*	FJ903295	*
N	*	211	*	*	*	*	*	FJ664848	*
N	*	105	*	*	*	*	*	AB507400	*
N	*	228	*	*	*	*	*	GQ250004	*
N	*	250	*	*	*	*	*	GQ142024	*
N	*	161	*	*	*	*	*	GQ229461	*
N	*	247	*	*	*	*	*	GQ267480	*
N	*	250	*	*	*	*	*	GQ292540	*
N	*	250	*	*	*	*	*	GQ231739	*
N	*	221	*	*	*	*	*	AB439544	*
N	*	222	*	*	*	*	*	FJ627527	*
L	4833	207	*	*	*	*	*	AM159623	*
H	4833	207	99.5	+	0	0	207M	FJ903297	AM159623
N	*	220	*	*	*	*	*	AF451767	*
H	2675	221	95.5	+	0	0	221M	AF451790	AF072224
H	4363	221	95.5	+	0	0	221M	AF451790	AF141859
H	212	221	94.6	+	0	0	221M	AF451790	EF373565
L	5485	221	*	*	*	*	*	DQ394398	*
H	5485	221	92.8	+	0	0	13MD157MI50M	AF451790	DQ394398
H	4593	221	92.3	+	0	0	D20M2D144MI21MI33M	AF451790	AF451785
N	*	99	*	*	*	*	*	GQ500919	*
N	*	250	*	*	*	*	*	GQ981497	*
N	*	250	*	*	*	*	*	GQ981514	*
L	4225	181	*	*	*	*	*	AB524813	*
H	4225	181	90.1	+	0	0	34MD29MI117M	AB524804	AB524813
L	4224	178	*	*	*	*	*	AB524812	*
H	4224	181	91.0	+	0	0	23MD12M3D27MI115M	AB524804	AB524812
H	7527	207	97.6	+	0	0	6I164MI43M	EF585539	JF271754
L	743	181	*	*	*	*	*	EU520132	*
H	743	207	90.1	+	0	0	28D82M2I97M	EF585539	EU520132
L	7526	207	*	*	*	*	*	FJ752738	*
H	7526	207	90.8	+	0	0	95MD83MI28M	EF585539	FJ752738
L	6898	205	*	*	*	*	*	EU919704	*
H	6898	207	90.2	+	0	0	2D93MD83MI28M	EF585539	EU919704
L	5164	196	*	*	*	*	*	FJ515735	*
H	5164	188	96.3	+	0	0	8I188M	AY725552	FJ515735
N	*	195	*	*	*	*	*	FJ904677	*
N	*	250	*	*	*	*	*	FJ827711	*
N	*	250	*	*	*	*	*	GU139172	*
N	*	250	*	*	*	*	*	GQ913398	*
N	*	250	*	*	*	*	*	GQ913410	*
N	*	204	*	*	*	*	*	GU222294	*
L	1766	166	*	*	*	*	*	GU138731	*
H	1766	172	100.0	+	0	0	48M5D74MD44M	GU138755	GU138731
L	5537	167	*	*	*	*	*	DQ491499	*
H	5537	172	92.2	+	0	0	8MD39M5D35M2I38MD45M	GU138755	DQ491499
N	*	250	*	*	*	*	*	AF482855	*
N	*	250	*	*	*	*	*	AF482859	*
L	7408	221	*	*	*	*	*	HQ604560	*
H	7408	200	90.5	+	0	0	115M20I61MI24M	GU233360	HQ604560
L	7407	189	*	*	*	*	*	HQ604547	*
H	7407	200	91.0	+	0	0	37MI81MD39M11D31M	GU233360	HQ604547
H	2675	221	92.8	+	0	0	221M	FJ914798	AF072224
H	4363	221	92.8	+	0	0	221M	FJ914798	AF141859
H	212	221	93.2	+	0	0	221M	FJ914798	EF373565
H	5485	221	92.8	+	0	0	13MD157MI50M	FJ914798	DQ394398
H	4593	221	90.0	+	0	0	D20M2D145MI20MI33M	FJ914798	AF451785
N	*	206	*	*	*	*	*	FN185985	*
L	3990	189	*	*	*	*	*	DQ491515	*
H	3990	190	95.2	+	0	0	24MI18MD21MD125M	GU214649	DQ491515
L	6777	188	*	*	*	*	*	GQ303268	*
H	6777	190	93.6	+	0	0	42MD49MI42MD18MD36M	GU214649	GQ303268
L	6779	183	*	*	*	*	*	GQ303277	*
H	6779	190	94.0	+	0	0	36MD18MD8M2D15MD38MD18MD50M	GU214649	GQ303277
N	*	250	*	*	*	*	*	EF064155	*
N	*	83	*	*	*	*	*	GQ203770	*
L	2253	210	*	*	*	*	*	HM467690	*
H	2253	204	96.1	+	0	0	105M6I99M	EU860383	HM467690
L	2252	210	*	*	*	*	*	HM467685	*
H	2252	204	96.1	+	0	0	105M6I99M	EU860383	HM467685
L	6819	210	*	*	*	*	*	FN868481	*
H	6819	204	96.1	+	0	0	105M6I99M	EU860383	FN868481
L	2251	210	*	*	*	*	*	AY159253	*
H	2251	204	96.1	+	0	0	105M6I99M	EU860383	AY159253
L	2250	210	*	*	*	*	*	HM467652	*
H	2250	204	96.1	+	0	0	105M6I99M	EU860383	HM467652
L	4673	170	*	*	*	*	*	AF128440	*
H	4673	192	90.6	+	0	0	81MD12M21D77M	AY204610	AF128440
L	1561	242	*	*	*	*	*	GQ376097	*
H	1561	244	94.6	+	0	0	66MD80MD96M	AJ439439	GQ376097
N	*	206	*	*	*	*	*	AB551948	*
N	*	250	*	*	*	*	*	AB056132	*
N	*	85	*	*	*	*	*	GQ225699	*
L	7346	198	*	*	*	*	*	HQ449175	*
H	7346	192	96.4	+	0	0	6I31MD104MI56M	GQ221126	HQ449175
L	7625	197	*	*	*	*	*	JF826007	*
H	7625	192	94.3	+	0	0	6I31MD160M	GQ221126	JF826007
H	7491	192	92.2	+	0	0	6I31MD19MD26M11I17MI97M	GQ221126	DQ093659
L	1906	210	*	*	*	*	*	GU564156	*
H	1906	192	92.2	+	0	0	6I31MD19MD25M13I25MI90M	GQ221126	GU564156
H	4700	192	91.7	+	0	0	6I31MD19MD25M13I25MI90M	GQ221126	GU062294
N	*	219	*	*	*	*	*	GU322457	*
N	*	209	*	*	*	*	*	GQ254687	*
N	*	207	*	*	*	*	*	DQ361050	*
N	*	227	*	*	*	*	*	EU266099	*
N	*	231	*	*	*	*	*	AF009814	*
L	1107	168	*	*	*	*	*	U57991	*
H	1107	169	91.7	+	0	0	106MD62M	AB481261	U57991
H	4193	169	91.1	+	0	0	37MI26MI24M32I21MD60M	AB481261	AB481257
L	7982	188	*	*	*	*	*	U58636	*
H	7982	169	94.1	+	0	0	59MI26M11I8M7I76M	AB481261	U58636
L	4200	166	*	*	*	*	*	AB481286	*
H	4200	169	92.8	+	0	0	107M2D11MD48M	AB481261	AB481286
L	4196	200	*	*	*	*	*	AB481266	*
H	4196	169	91.1	+	0	0	63MI25M31I31MD49M	AB481261	AB481266
N	*	213	*	*	*	*	*	GQ344601	*
N	*	210	*	*	*	*	*	GQ344614	*
N	*	167	*	*	*	*	*	DQ116558	*
H	7845	223	91.3	+	0	0	4I70M29D28M15D81M	FN868479	AF405304
N	*	150	*	*	*	*	*	GQ396263	*
L	4033	189	*	*	*	*	*	AB072232	*
H	4033	189	96.8	+	0	0	189M	AB072233	AB072232
N	*	209	*	*	*	*	*	GU590877	*
N	*	232	*	*	*	*	*	GU187522	*
N	*	216	*	*	*	*	*	GU992337	*
N	*	170	*	*	*	*	*	HM046877	*
N	*	250	*	*	*	*	*	AF505780	*
L	5951	228	*	*	*	*	*	AB267394	*
H	5951	238	92.5	+	0	0	8D205M2D23M	U85789	AB267394
L	1646	200	*	*	*	*	*	GQ922522	*
H	1646	201	95.5	+	0	0	4D24MI81M2I92M	HQ406808	GQ922522
N	*	250	*	*	*	*	*	HM436649	*
N	*	225	*	*	*	*	*	GQ267499	*
N	*	250	*	*	*	*	*	GU234028	*
N	*	250	*	*	*	*	*	GU234077	*
L	3999	219	*	*	*	*	*	U31843	*
H	3999	229	92.2	+	0	0	16MD67M3D22M4D58M2D56M	AB190871	U31843
L	7533	220	*	*	*	*	*	JF275865	*
H	7533	229	94.5	+	0	0	4D79MD13M2D24MI48M2D20MD35M	AB190871	JF275865
L	113	224	*	*	*	*	*	GQ241289	*
H	113	229	92.4	+	0	0	98M2D17MD56MD18MD35M	AB190871	GQ241289
L	6245	182	*	*	*	*	*	EU863526	*
H	6245	229	91.2	+	0	0	60MD15M45D78MD29M	AB190871	EU863526
L	491	83	*	*	*	*	*	EU128051	*
H	491	229	94.0	+	0	0	144D21M2D62M	AB190871	EU128051
N	*	169	*	*	*	*	*	HM853977	*
N	*	212	*	*	*	*	*	AY277912	*
L	6139	180	*	*	*	*	*	EU707864	*
H	6139	188	90.0	+	0	0	29MD8MD19MD66M2D5MD7MD12MD34M	GQ334386	EU707864
N	*	158	*	*	*	*	*	FN859431	*
H	7845	183	100.0	+	0	0	183M	EU552155	AF405304
H	348	183	91.8	+	0	0	8D88M45I36MD50M	EU552155	EF600969
L	7846	250	*	*	*	*	*	JN871203	*
H	7846	183	92.9	+	0	0	84M30I18M42I30MD46M4D	EU552155	JN871203
L	2076	192	*	*	*	*	*	AF009816	*
H	2076	183	94.5	+	0	0	30MI53MI10MI9M3I14M2I13MI54M	EU552155	AF009816
H	7137	183	91.3	+	0	0	56MI28M19I15MD83M	EU552155	HM037979
N	*	184	*	*	*	*	*	GU570110	*
L	5253	189	*	*	*	*	*	AY729939	*
H	5253	195	92.1	+	0	0	7D45MI143M	AY204590	AY729939
N	*	250	*	*	*	*	*	HQ533012	*
N	*	250	*	*	*	*	*	HQ533014	*
N	*	250	*	*	*	*	*	HM005147	*
N	*	205	*	*	*	*	*	AF384861	*
N	*	178	*	*	*	*	*	AY259137	*
L	854	142	*	*	*	*	*	FJ478111	*
H	854	142	96.5	+	0	0	2I71MD40MD29M	AJ537397	FJ478111
N	*	196	*	*	*	*	*	HQ676140	*
L	3686	177	*	*	*	*	*	EU514244	*
H	3686	175	93.1	+	0	0	90MI56MI29M	EF535707	EU514244
L	291	186	*	*	*	*	*	AB277789	*
H	291	175	92.0	+	0	0	8I116MD26M4I32M	EF535707	AB277789
L	302	182	*	*	*	*	*	GQ852764	*
H	302	175	90.9	+	0	0	8I116MD58M	EF535707	GQ852764
L	4412	182	*	*	*	*	*	AF222840	*
H	4412	175	90.9	+	0	0	8I116MD58M	EF535707	AF222840
L	863	172	*	*	*	*	*	AY725528	*
H	863	175	91.3	+	0	0	2D114MD58M	EF535707	AY725528
N	*	203	*	*	*	*	*	HQ888720	*
N	*	134	*	*	*	*	*	HQ833460	*
N	*	121	*	*	*	*	*	HQ714768	*
N	*	222	*	*	*	*	*	GU994566	*
H	4053	198	92.9	+	0	0	91MD46MI60M	JF340250	EU586043
H	3195	198	90.4	+	0	0	91MD47M3D21M3I35M	JF340250	JN943323
L	7566	189	*	*	*	*	*	HQ897818	*
H	7566	198	90.5	+	0	0	56MD38M3D41M3D18M2D36M	JF340250	HQ897818
N	*	212	*	*	*	*	*	JF681966	*
L	7720	250	*	*	*	*	*	GU233324	*
H	7720	250	94.8	+	0	0	22MD133MI70MD23MI	AF389161	GU233324
H	6975	250	95.6	+	0	0	132M3I28MI45MD41M3D	AF389161	GU233321
L	658	250	*	*	*	*	*	AF325599	*
H	658	250	95.2	+	0	0	89M2I41MD69MD49M	AF389161	AF325599
L	5243	250	*	*	*	*	*	GU222286	*
H	5243	250	94.0	+	0	0	159MD43M2D45M3I	AF389161	GU222286
L	3898	250	*	*	*	*	*	DQ328113	*
H	3898	250	90.0	+	0	0	10D133MI12MD94M10I	AF389161	DQ328113
L	5024	207	*	*	*	*	*	EU450836	*
H	5024	210	99.5	+	0	0	4D18MI188M	FJ903377	EU450836
L	6126	209	*	*	*	*	*	JQ346221	*
H	6126	210	94.7	+	0	0	82MD127M	FJ903377	JQ346221
L	1910	203	*	*	*	*	*	GQ154539	*
H	1910	210	90.1	+	0	0	8D145MI57M	FJ903377	GQ154539
N	*	206	*	*	*	*	*	JF505112	*
L	4652	250	*	*	*	*	*	AF506404	*
H	4652	250	99.6	+	0	0	250M	AF506444	AF506404
L	5897	250	*	*	*	*	*	EU118671	*
H	5897	250	99.2	+	0	0	250M	AF506444	EU118671
L	3808	250	*	*	*	*	*	DQ144618	*
H	3808	250	99.2	+	0	0	250M	AF506444	DQ144618
L	651	250	*	*	*	*	*	AF195603	*
H	651	250	99.2	+	0	0	250M	AF506444	AF195603
L	1208	250	*	*	*	*	*	AF310087	*
H	1208	250	99.2	+	0	0	250M	AF506444	AF310087
N	*	101	*	*	*	*	*	AF540507	*
N	*	226	*	*	*	*	*	AJ006671	*
N	*	203	*	*	*	*	*	HQ650602	*
N	*	221	*	*	*	*	*	HQ650619	*
N	*	229	*	*	*	*	*	HQ650626	*
N	*	214	*	*	*	*	*	HQ650638	*
N	*	197	*	*	*	*	*	HQ650696	*
N	*	203	*	*	*	*	*	HQ647144	*
L	739	186	*	*	*	*	*	EU707898	*
H	739	182	96.2	+	0	0	34MI20MD34M3I64MI29M	JF499851	EU707898
L	2399	182	*	*	*	*	*	HQ599594	*
H	2399	182	91.8	+	0	0	32MI22MD127M	JF499851	HQ599594
L	5954	180	*	*	*	*	*	EU301086	*
H	5954	182	91.1	+	0	0	30MD21MD68MI30MD30M	JF499851	EU301086
N	*	192	*	*	*	*	*	HQ897807	*
L	1859	145	*	*	*	*	*	FJ769310	*
H	1859	144	97.2	+	0	0	144MI	JN194152	FJ769310
L	4926	142	*	*	*	*	*	EF989111	*
H	4926	144	96.5	+	0	0	84M2D36MD21MI	JN194152	EF989111
L	6276	143	*	*	*	*	*	EF989112	*
H	6276	144	95.1	+	0	0	82MD39MD21MI	JN194152	EF989112
L	6277	139	*	*	*	*	*	EF989105	*
H	6277	144	96.4	+	0	0	84M2D15MI12M5D26MI	JN194152	EF989105
L	2552	149	*	*	*	*	*	AJ567763	*
H	2552	144	93.1	+	0	0	23MI17M4I25MD18M2D27M2I31MI	JN194152	AJ567763
L	2905	250	*	*	*	*	*	JF907824	*
H	2905	250	92.8	+	0	0	54M2D73MI32MD37MD44M2I6MI	AY194555	JF907824
N	*	250	*	*	*	*	*	JF419904	*
N	*	118	*	*	*	*	*	JN053487	*
N	*	189	*	*	*	*	*	HQ414538	*
N	*	250	*	*	*	*	*	FJ608589	*
N	*	250	*	*	*	*	*	JF908497	*
L	2987	232	*	*	*	*	*	JF908721	*
H	2987	235	93.5	+	0	0	129M2D49MD54M	JF908719	JF908721
L	5534	233	*	*	*	*	*	DQ491492	*
H	5534	235	94.0	+	0	0	100MI29M2D45MD58M	JF908719	DQ491492
L	5040	223	*	*	*	*	*	AY220819	*
H	5040	235	93.3	+	0	0	8D41MD79M2D45MD58M	JF908719	AY220819
L	3310	226	*	*	*	*	*	AY220807	*
H	3310	235	92.0	+	0	0	8D62MI29MI30M2D45MD58M	JF908719	AY220807
L	3311	226	*	*	*	*	*	AY220810	*
H	3311	235	90.3	+	0	0	8D62MI59MD46MD58M	JF908719	AY220810
N	*	201	*	*	*	*	*	JF908763	*
N	*	91	*	*	*	*	*	JF908767	*
N	*	250	*	*	*	*	*	JF908772	*
N	*	196	*	*	*	*	*	EU685112	*
N	*	218	*	*	*	*	*	JF908791	*
N	*	199	*	*	*	*	*	AY150225	*
N	*	220	*	*	*	*	*	JN009733	*
H	405	222	90.0	+	0	0	109M2D111M	HQ650610	EU034667
N	*	151	*	*	*	*	*	JN654921	*
L	4007	181	*	*	*	*	*	EU887131	*
H	4007	181	90.6	+	0	0	67MI36MI18M2D58M	JN197292	EU887131
L	397	181	*	*	*	*	*	FJ572056	*
H	397	181	90.6	+	0	0	67MI36MI18M2D58M	JN197292	FJ572056
L	7281	181	*	*	*	*	*	FJ866504	*
H	7281	181	90.6	+	0	0	67MI36MI18M2D58M	JN197292	FJ866504
L	721	181	*	*	*	*	*	FJ473426	*
H	721	181	90.6	+	0	0	67MI36MI18M2D58M	JN197292	FJ473426
L	304	173	*	*	*	*	*	EF535666	*
H	304	181	90.8	+	0	0	8D59MI36MI23M2D53M	JN197292	EF535666
N	*	189	*	*	*	*	*	JN819280	*
N	*	203	*	*	*	*	*	JN819283	*
N	*	224	*	*	*	*	*	GQ337914	*
N	*	200	*	*	*	*	*	JN865201	*
N	*	235	*	*	*	*	*	JN865203	*
L	6421	229	*	*	*	*	*	AY129366	*
H	6421	233	92.6	+	0	0	41MD28MD160M2D	AY129365	AY129366
L	8254	229	*	*	*	*	*	UDB011716	*
H	8254	233	93.9	+	0	0	2D68MD134MD27M	AY129365	UDB011716
L	4339	233	*	*	*	*	*	AF122034	*
H	4339	233	91.4	+	0	0	41MD123MI68M	AY129365	AF122034
L	6569	230	*	*	*	*	*	AY129359	*
H	6569	233	93.9	+	0	0	25MD47MD131MD27M	AY129365	AY129359
L	3675	230	*	*	*	*	*	DQ001401	*
H	3675	233	90.0	+	0	0	61MI9MD42M2D90MD27M	AY129365	DQ001401
N	*	232	*	*	*	*	*	AF020770	*
N	*	250	*	*	*	*	*	AJ006677	*
N	*	250	*	*	*	*	*	AF079693	*
N	*	245	*	*	*	*	*	JN710531	*
N	*	250	*	*	*	*	*	AY487968	*
N	*	167	*	*	*	*	*	JF440978	*
N	*	236	*	*	*	*	*	JQ398742	*
N	*	250	*	*	*	*	*	AY176354	*
N	*	250	*	*	*	*	*	AY176449	*
N	*	241	*	*	*	*	*	AJ419192	*
N	*	216	*	*	*	*	*	AF097903	*
N	*	250	*	*	*	*	*	AF059597	*
N	*	250	*	*	*	*	*	AY555731	*
N	*	126	*	*	*	*	*	AY527405	*
N	*	250	*	*	*	*	*	EF527210	*
N	*	97	*	*	*	*	*	AF138833	*
N	*	247	*	*	*	*	*	AY571032	*
N	*	250	*	*	*	*	*	AJ716159	*
L	5191	184	*	*	*	*	*	EU082465	*
H	5191	172	94.8	+	0	0	96M12I76M	EU012333	EU082465
L	1790	184	*	*	*	*	*	GU229799	*
H	1790	172	94.8	+	0	0	97M12I75M	EU012333	GU229799
L	1791	185	*	*	*	*	*	GU229800	*
H	1791	172	94.8	+	0	0	97M13I75M	EU012333	GU229800
L	1792	184	*	*	*	*	*	GU229801	*
H	1792	172	94.8	+	0	0	97M12I75M	EU012333	GU229801
L	1795	184	*	*	*	*	*	GU229805	*
H	1795	172	94.8	+	0	0	97M12I75M	EU012333	GU229805
N	*	233	*	*	*	*	*	AY652759	*
N	*	195	*	*	*	*	*	AY833058	*
N	*	193	*	*	*	*	*	AY854068	*
N	*	245	*	*	*	*	*	GQ304945	*
N	*	109	*	*	*	*	*	AY872281	*
L	3647	220	*	*	*	*	*	AY916469	*
H	3647	221	93.6	+	0	0	93MD127M	AY916470	AY916469
L	3160	165	*	*	*	*	*	AY793444	*
H	3160	199	90.3	+	0	0	35MD12MD28M24D40M6D5MD13MD32M	AY793430	AY793444
L	3271	165	*	*	*	*	*	AY793466	*
H	3271	199	90.3	+	0	0	35MD12MD28M24D40M6D5MD13MD32M	AY793430	AY793466
N	*	92	*	*	*	*	*	AY795873	*
N	*	240	*	*	*	*	*	DQ000299	*
L	636	95	*	*	*	*	*	EU255033	*
H	636	95	100.0	+	0	0	95M	HQ414605	EU255033
H	4815	95	97.9	+	0	0	65MI30M	HQ414605	DQ994611
H	3892	95	93.7	+	0	0	I95M	HQ414605	EU199178
H	6829	95	92.6	+	0	0	116I37MI22M2I36M	HQ414605	EF512465
L	3893	122	*	*	*	*	*	EU199187	*
H	3893	95	90.5	+	0	0	27I95M	HQ414605	EU199187
N	*	184	*	*	*	*	*	AY961602	*
N	*	250	*	*	*	*	*	FJ914867	*
N	*	232	*	*	*	*	*	AF097751	*
H	1561	242	95.5	+	0	0	242M	AJ131785	GQ376097
N	*	188	*	*	*	*	*	U21828	*
N	*	132	*	*	*	*	*	U21830	*
N	*	240	*	*	*	*	*	DQ144611	*
N	*	144	*	*	*	*	*	AY549983	*
N	*	218	*	*	*	*	*	DQ200844	*
N	*	108	*	*	*	*	*	DQ201952	*
N	*	166	*	*	*	*	*	DQ202516	*
N	*	157	*	*	*	*	*	DQ241463	*
N	*	250	*	*	*	*	*	DQ407258	*
N	*	205	*	*	*	*	*	DQ425023	*
L	2943	250	*	*	*	*	*	AF140254	*
H	2943	109	98.2	+	0	0	141I109M	AF231912	AF140254
L	8216	250	*	*	*	*	*	AF140260	*
H	8216	109	98.2	+	0	0	141I109M	AF231912	AF140260
L	3966	242	*	*	*	*	*	EF493297	*
H	3966	109	98.2	+	0	0	133I109M	AF231912	EF493297
L	6327	250	*	*	*	*	*	FJ348706	*
H	6327	109	96.3	+	0	0	142I43M2I63M3D	AF231912	FJ348706
H	6752	109	98.2	+	0	0	142I37MD71M	AF231912	HM189800
N	*	173	*	*	*	*	*	DQ497617	*
N	*	116	*	*	*	*	*	AB022351	*
L	4250	250	*	*	*	*	*	AB354209	*
H	4250	250	91.2	+	0	0	3I5MI241M4D	EU343866	AB354209
N	*	191	*	*	*	*	*	EU273515	*
N	*	216	*	*	*	*	*	AB208109	*
N	*	250	*	*	*	*	*	GQ167045	*
N	*	224	*	*	*	*	*	AB278196	*
N	*	201	*	*	*	*	*	AB353761	*
N	*	170	*	*	*	*	*	DQ885585	*
N	*	250	*	*	*	*	*	AB445116	*
H	4200	196	94.0	+	0	0	62MI8MI13M30D19MD14MD48M	AB481288	AB481286
H	1107	196	91.7	+	0	0	60MI10MI15M30D81M	AB481288	U57991
L	4199	166	*	*	*	*	*	AB481285	*
H	4199	196	93.4	+	0	0	61MI9MI13M30D19MD14MD48M	AB481288	AB481285
N	*	225	*	*	*	*	*	AB509853	*
N	*	183	*	*	*	*	*	AB524794	*
L	2567	215	*	*	*	*	*	AY604526	*
H	2567	215	92.6	+	0	0	6MI92MD116M	AF260224	AY604526
L	1510	216	*	*	*	*	*	EU700370	*
H	1510	215	91.6	+	0	0	6MI29MD62MD14MI8MI94M	AF260224	EU700370
N	*	247	*	*	*	*	*	AY548802	*
N	*	250	*	*	*	*	*	AF079716	*
N	*	248	*	*	*	*	*	AF098410	*
N	*	250	*	*	*	*	*	AF299347	*
N	*	250	*	*	*	*	*	AF345807	*
N	*	171	*	*	*	*	*	AF350290	*
L	4497	185	*	*	*	*	*	AF350306	*
H	4497	183	97.8	+	0	0	134M2I49M	AF350303	AF350306
L	4498	184	*	*	*	*	*	AF350307	*
H	4498	183	97.3	+	0	0	129MI54M	AF350303	AF350307
L	4992	184	*	*	*	*	*	AY173380	*
H	4992	183	92.9	+	0	0	2D113MI8M2I60M	AF350303	AY173380
L	4125	187	*	*	*	*	*	AY173374	*
H	4125	183	92.9	+	0	0	2D22MI30MI59MI12M3I58M	AF350303	AY173374
L	4499	185	*	*	*	*	*	AF350309	*
H	4499	183	94.5	+	0	0	119M2I64M	AF350303	AF350309
H	366	250	93.2	+	0	0	134MD13MD30MI38MI13MI19MD	AF357037	AF357043
N	*	250	*	*	*	*	*	AF391034	*
L	6458	220	*	*	*	*	*	FJ624264	*
H	6458	132	93.2	+	0	0	90I25MD75MD30M	EU078628	FJ624264
L	4645	212	*	*	*	*	*	AB185256	*
H	4645	132	91.7	+	0	0	82I25MD76MD29M	EU078628	AB185256
L	390	212	*	*	*	*	*	EF669990	*
H	390	132	90.2	+	0	0	81I101MD30M	EU078628	EF669990
L	895	224	*	*	*	*	*	GQ461906	*
H	895	132	90.2	+	0	0	93I25MD106M	EU078628	GQ461906
N	*	237	*	*	*	*	*	AF435825	*
N	*	136	*	*	*	*	*	AF444318	*
N	*	203	*	*	*	*	*	AF448458	*
N	*	93	*	*	*	*	*	AF451744	*
N	*	226	*	*	*	*	*	AF479669	*
N	*	250	*	*	*	*	*	AF484690	*
L	4655	250	*	*	*	*	*	AF506447	*
H	4655	250	93.6	+	0	0	10I202M3D38M7D	AF506423	AF506447
L	4656	250	*	*	*	*	*	AF506449	*
H	4656	250	94.8	+	0	0	6I205M3D39M3D	AF506423	AF506449
L	2713	250	*	*	*	*	*	AF506385	*
H	2713	250	94.8	+	0	0	6I202M3D42M3D	AF506423	AF506385
L	2712	250	*	*	*	*	*	AF506442	*
H	2712	250	94.8	+	0	0	6I202M3D42M3D	AF506423	AF506442
L	2711	250	*	*	*	*	*	AF506441	*
H	2711	250	94.8	+	0	0	9I203M3D38M6D	AF506423	AF506441
L	2707	250	*	*	*	*	*	AF506430	*
H	2707	250	98.8	+	0	0	250M	AF506471	AF506430
L	5891	250	*	*	*	*	*	EU118650	*
H	5891	250	98.4	+	0	0	250M	AF506471	EU118650
N	*	231	*	*	*	*	*	AF516557	*
N	*	220	*	*	*	*	*	AJ247562	*
L	4743	84	*	*	*	*	*	AJ390389	*
H	4743	82	97.6	+	0	0	29M2I53M	AJ271430	AJ390389
N	*	203	*	*	*	*	*	AJ271431	*
N	*	107	*	*	*	*	*	FJ911892	*
L	7459	122	*	*	*	*	*	HQ660438	*
H	7459	122	100.0	+	0	0	122M	AJ292401	HQ660438
L	4102	209	*	*	*	*	*	FJ439582	*
H	4102	122	100.0	+	0	0	87I122M	AJ292401	FJ439582
L	6906	205	*	*	*	*	*	EU999952	*
H	6906	122	91.0	+	0	0	84I63MD58M	AJ292401	EU999952
L	5392	208	*	*	*	*	*	DQ132810	*
H	5392	122	91.0	+	0	0	87I63MD58M	AJ292401	DQ132810
N	*	250	*	*	*	*	*	AJ315841	*
N	*	250	*	*	*	*	*	AJ315842	*
N	*	197	*	*	*	*	*	AJ458187	*
L	3259	250	*	*	*	*	*	AB067724	*
H	3259	250	91.6	+	0	0	126MD17MI55MI12MD16MD21MI	AJ617491	AB067724
N	*	137	*	*	*	*	*	AJ877224	*
N	*	239	*	*	*	*	*	AM944645	*
N	*	145	*	*	*	*	*	AY046176	*
N	*	250	*	*	*	*	*	AY176347	*
L	502	174	*	*	*	*	*	EU144054	*
H	502	183	96.6	+	0	0	5D80MD6M2D59MD29M	FJ786401	EU144054
H	7526	183	90.7	+	0	0	5D80M18I9M11I89M	FJ786401	FJ752738
L	1999	213	*	*	*	*	*	FJ904915	*
H	1999	183	93.4	+	0	0	10MI75M17I9M12I89M	FJ786401	FJ904915
L	850	212	*	*	*	*	*	EU856062	*
H	850	183	94.5	+	0	0	10MI75M2I12M26I86M	FJ786401	EU856062
L	1996	220	*	*	*	*	*	GU968424	*
H	1996	183	92.9	+	0	0	10M2I45MI24M2I9M20I6M12I89M	FJ786401	GU968424
L	6241	200	*	*	*	*	*	AY239215	*
H	6241	198	98.0	+	0	0	97MI52MI49M	AY239213	AY239215
L	1376	203	*	*	*	*	*	AF492117	*
H	1376	198	90.4	+	0	0	89M4I85MI24M	AY239213	AF492117
L	4632	201	*	*	*	*	*	AF492076	*
H	4632	198	90.9	+	0	0	95MI53MI26MI24M	AY239213	AF492076
L	4969	202	*	*	*	*	*	AF492122	*
H	4969	198	90.9	+	0	0	102MI45MI27M2I24M	AY239213	AF492122
L	4635	201	*	*	*	*	*	AF492102	*
H	4635	198	91.9	+	0	0	96MI51MI27MI24M	AY239213	AF492102
N	*	111	*	*	*	*	*	AY349109	*
N	*	250	*	*	*	*	*	AY367612	*
H	7566	201	90.5	+	0	0	55M2D32MD31MD17M6D30M2D24M	AY428793	HQ897818
L	1167	190	*	*	*	*	*	EU860065	*
H	1167	201	91.1	+	0	0	58M2D15MI14MD31MD17M6D30M2D24M	AY428793	EU860065
L	2818	189	*	*	*	*	*	EF121863	*
H	2818	201	91.5	+	0	0	55M2D33MD34MD16M5D16MD11M2D24M	AY428793	EF121863
L	5298	191	*	*	*	*	*	AY789285	*
H	5298	195	91.1	+	0	0	36MD92M3D63M	AY524843	AY789285
N	*	250	*	*	*	*	*	AY571044	*
N	*	141	*	*	*	*	*	AY618667	*
H	6245	218	93.4	+	0	0	9M2D51MD15M19D24M14D83M	EU851104	EU863526
H	491	218	96.4	+	0	0	134D21MI6M3D22MI32M	EU851104	EU128051
L	490	83	*	*	*	*	*	EU128043	*
H	490	218	94.0	+	0	0	134D27MD56M	EU851104	EU128043
N	*	250	*	*	*	*	*	AY740153	*
N	*	183	*	*	*	*	*	AY785274	*
N	*	192	*	*	*	*	*	AY789355	*
N	*	239	*	*	*	*	*	AY916464	*
N	*	216	*	*	*	*	*	AY945231	*
N	*	220	*	*	*	*	*	DQ001271	*
N	*	250	*	*	*	*	*	DQ001273	*
N	*	194	*	*	*	*	*	DQ238719	*
L	7633	250	*	*	*	*	*	JF907660	*
H	7633	250	91.6	+	0	0	4I15MI69MD47MD114M3D	DQ354521	JF907660
L	5467	250	*	*	*	*	*	DQ354553	*
H	5467	250	91.6	+	0	0	4I15MI69MD47MD114M3D	DQ354521	DQ354553
L	5395	250	*	*	*	*	*	GU058015	*
H	5395	250	92.0	+	0	0	4I15MI69MD48MD113M3D	DQ354521	GU058015
N	*	207	*	*	*	*	*	DQ383639	*
N	*	235	*	*	*	*	*	DQ494685	*
N	*	238	*	*	*	*	*	DQ494696	*
N	*	209	*	*	*	*	*	DQ826735	*
N	*	250	*	*	*	*	*	DQ873639	*
N	*	211	*	*	*	*	*	DQ885904	*
L	6239	178	*	*	*	*	*	EU851925	*
H	6239	177	98.3	+	0	0	63MI114M	DQ923529	EU851925
L	6286	178	*	*	*	*	*	GQ852825	*
H	6286	177	96.0	+	0	0	56MD33MI60MI27M	DQ923529	GQ852825
H	1564	177	94.4	+	0	0	90MI87M	DQ923529	FJ641061
L	283	178	*	*	*	*	*	AF309623	*
H	283	177	92.7	+	0	0	90MI87M	DQ923529	AF309623
H	7718	177	94.9	+	0	0	90MI55M3I32M	DQ923529	JF951149
N	*	250	*	*	*	*	*	EF026128	*
N	*	190	*	*	*	*	*	EF029190	*
L	5848	197	*	*	*	*	*	EU035449	*
H	5848	195	95.4	+	0	0	110M2I85M	EF029203	EU035449
L	459	192	*	*	*	*	*	EU035476	*
H	459	195	95.8	+	0	0	24MD17MD45MD106M	EF029203	EU035476
L	458	191	*	*	*	*	*	EU035438	*
H	458	195	93.7	+	0	0	26M3D15MD150M	EF029203	EU035438
L	2625	191	*	*	*	*	*	JF498587	*
H	2625	195	93.7	+	0	0	26M3D13MD152M	EF029203	JF498587
L	2623	190	*	*	*	*	*	JF498578	*
H	2623	195	93.2	+	0	0	26M3D13MD45MD106M	EF029203	JF498578
N	*	224	*	*	*	*	*	EF105411	*
N	*	178	*	*	*	*	*	EF120414	*
H	5821	201	97.0	+	0	0	4I126MD74M	EF635904	EF667965
H	7793	201	94.5	+	0	0	4I62M2I139M	EF635904	JN367299
L	101	189	*	*	*	*	*	DQ875355	*
H	101	201	91.5	+	0	0	43M2I19M2D33M11D14MD78M	EF635904	DQ875355
H	5821	206	96.6	+	0	0	10MD24MI55MI27M2D12MD74M	EF635909	EF667965
H	7793	206	94.2	+	0	0	10MD24MI40M2I15MI27M2D87M	EF635909	JN367299
H	101	206	90.5	+	0	0	4D6MD24MI12M2I19M2D20M4D17M8D10MD78M	EF635909	DQ875355
N	*	159	*	*	*	*	*	EU041820	*
N	*	224	*	*	*	*	*	EU073198	*
N	*	233	*	*	*	*	*	EU075539	*
N	*	231	*	*	*	*	*	EU118648	*
N	*	143	*	*	*	*	*	EU118666	*
N	*	222	*	*	*	*	*	EU142917	*
L	4060	250	*	*	*	*	*	FN391588	*
H	4060	250	100.0	+	0	0	250M	EU157728	FN391588
L	1239	250	*	*	*	*	*	FJ501570	*
H	1239	250	99.6	+	0	0	250M	EU157728	FJ501570
L	7711	250	*	*	*	*	*	AY540325	*
H	7711	250	99.6	+	0	0	250M	EU157728	AY540325
L	4338	250	*	*	*	*	*	AF122024	*
H	4338	250	98.8	+	0	0	250M	EU157728	AF122024
L	5759	250	*	*	*	*	*	EF458643	*
H	5759	250	97.2	+	0	0	5D245M5I	EU157728	EF458643
N	*	223	*	*	*	*	*	EU346953	*
N	*	225	*	*	*	*	*	EU340897	*
N	*	202	*	*	*	*	*	EU599575	*
N	*	250	*	*	*	*	*	EU744915	*
N	*	237	*	*	*	*	*	EU784392	*
L	6226	250	*	*	*	*	*	FJ438477	*
H	6226	250	91.2	+	0	0	14MD131MI56M2D46M2I	EU833660	FJ438477
H	3259	250	95.2	+	0	0	14MD130MD54MI14MD35M2I	EU833660	AB067724
L	1065	250	*	*	*	*	*	EU833654	*
H	1065	250	91.2	+	0	0	14MD131MI54MI49MD	EU833660	EU833654
L	4618	250	*	*	*	*	*	AF485064	*
H	4618	250	90.8	+	0	0	14MD131MD56MI11MD14MD20M3I	EU833660	AF485064
L	1302	250	*	*	*	*	*	FJ772413	*
H	1302	250	92.4	+	0	0	14MD131MI57MI11M2D34MI	EU833660	FJ772413
N	*	220	*	*	*	*	*	FJ172271	*
N	*	174	*	*	*	*	*	FJ196771	*
L	6323	248	*	*	*	*	*	FJ234198	*
H	6323	242	93.4	+	0	0	2D74MI63MI23MI8MI6M4I66M	FJ372685	FJ234198
N	*	232	*	*	*	*	*	FJ411100	*
N	*	169	*	*	*	*	*	DQ865092	*
N	*	248	*	*	*	*	*	FJ627252	*
N	*	250	*	*	*	*	*	FJ822972	*
N	*	250	*	*	*	*	*	FJ822973	*
L	396	229	*	*	*	*	*	GQ376103	*
H	396	240	93.0	+	0	0	43M4D26MD7M4D94MD25MD34M	FJ839613	GQ376103
L	6599	229	*	*	*	*	*	FJ903347	*
H	6599	240	93.0	+	0	0	43M4D26MD7M4D94MD25MD34M	FJ839613	FJ903347
L	6822	229	*	*	*	*	*	FJ433875	*
H	6822	240	93.4	+	0	0	43M4D26MD10M4D91MD25MD34M	FJ839613	FJ433875
L	2010	221	*	*	*	*	*	AY751458	*
H	2010	240	92.8	+	0	0	8D35M4D26MD7M4D94MD25MD34M	FJ839613	AY751458
L	5075	230	*	*	*	*	*	AY278839	*
H	5075	240	90.9	+	0	0	43M4D26MD10M3D24MI68MD28MD8MD22M	FJ839613	AY278839
L	6529	186	*	*	*	*	*	FJ839634	*
H	6529	164	98.2	+	0	0	38MI41M21I85M	FJ839635	FJ839634
L	5856	183	*	*	*	*	*	EU041803	*
H	5856	164	90.2	+	0	0	38MI15MD35M21I12M2D61M	FJ839635	EU041803
L	5854	186	*	*	*	*	*	EU041800	*
H	5854	164	91.5	+	0	0	2D36MI23MI28M22I12MD40MI22M	FJ839635	EU041800
N	*	165	*	*	*	*	*	FJ839640	*
N	*	250	*	*	*	*	*	FJ845424	*
L	4588	201	*	*	*	*	*	AF444553	*
H	4588	198	94.9	+	0	0	47MI53MI77MI21M	AF444551	AF444553
L	3575	201	*	*	*	*	*	AY789077	*
H	3575	198	94.9	+	0	0	47MI53MI77MI21M	AF444551	AY789077
L	6670	138	*	*	*	*	*	FN547665	*
H	6670	144	98.6	+	0	0	45M3D16MD50M2D27M	FN547645	FN547665
L	4765	138	*	*	*	*	*	AJ516933	*
H	4765	144	96.4	+	0	0	42M3D17MD52M2D27M	FN547645	AJ516933
L	1087	138	*	*	*	*	*	FR865444	*
H	1087	144	97.1	+	0	0	42M3D17MD60M2D19M	FN547645	FR865444
L	3854	139	*	*	*	*	*	AY842568	*
H	3854	144	95.0	+	0	0	25MD16M3D17MD81M	FN547645	AY842568
L	4437	137	*	*	*	*	*	AF246143	*
H	4437	144	95.6	+	0	0	25MD16M3D17MD50M2D29M	FN547645	AF246143
N	*	247	*	*	*	*	*	FN907920	*
N	*	178	*	*	*	*	*	GQ131880	*
N	*	210	*	*	*	*	*	GQ169314	*
N	*	187	*	*	*	*	*	GQ267191	*
N	*	250	*	*	*	*	*	GQ503036	*
N	*	250	*	*	*	*	*	FJ501579	*
N	*	104	*	*	*	*	*	GQ919276	*
L	5428	86	*	*	*	*	*	DQ279506	*
H	5428	93	90.7	+	0	0	6D53MD33M	GQ919278	DQ279506
N	*	104	*	*	*	*	*	GQ919281	*
N	*	250	*	*	*	*	*	GQ981509	*
N	*	250	*	*	*	*	*	GQ981522	*
L	6922	179	*	*	*	*	*	DQ317587	*
H	6922	171	96.5	+	0	0	8I171M	AF033389	DQ317587
H	7720	250	91.6	+	0	0	22MD95MD14M3D95MD18M6I	GU233325	GU233324
H	6975	250	92.0	+	0	0	118MD91MD39M2I	GU233325	GU233321
H	658	250	92.0	+	0	0	89M2I28MD13M4D29MD40MD44M5I	GU233325	AF325599
H	5243	250	91.6	+	0	0	117MD12MD6M2D24M2D43M2D40M8I	GU233325	GU222286
H	7750	250	90.8	+	0	0	117MD17M2D24M4D28MI16MD21MI19M6I	GU233325	U56041
N	*	250	*	*	*	*	*	GU234142	*
N	*	171	*	*	*	*	*	GU291281	*
N	*	250	*	*	*	*	*	GU292821	*
N	*	168	*	*	*	*	*	GU367909	*
L	7512	168	*	*	*	*	*	GQ411326	*
H	7512	186	91.7	+	0	0	8D50MD28M9D90M	GU479900	GQ411326
N	*	234	*	*	*	*	*	GU594155	*
L	1726	250	*	*	*	*	*	GQ913359	*
H	1726	250	90.4	+	0	0	18MI42M8D76MI9M2I32M3D62M7I	HM005139	GQ913359
L	1753	126	*	*	*	*	*	GU219471	*
H	1753	129	94.4	+	0	0	13M2D86MD27M	HM484865	GU219471
N	*	181	*	*	*	*	*	AY509552	*
N	*	250	*	*	*	*	*	HM488751	*
N	*	223	*	*	*	*	*	HM536085	*
L	2648	232	*	*	*	*	*	FJ572269	*
H	2648	236	91.4	+	0	0	29MD20M2D25MD39MI25MI32MD25MD35M	GQ337912	FJ572269
H	6294	236	90.2	+	0	0	10MI19MD20M2D25MD35MI12MI21MI29MD24MD35M	GQ337912	AJ627583
L	2900	250	*	*	*	*	*	JF907810	*
H	2900	250	93.2	+	0	0	56M2I32MI36M2I121M5D	HM631724	JF907810
N	*	215	*	*	*	*	*	GQ355956	*
L	4223	193	*	*	*	*	*	AB524808	*
H	4223	197	92.2	+	0	0	24M3D10M5D11MD34MD48MI10MI8M2I16M2I26M	AB524805	AB524808
L	4222	187	*	*	*	*	*	AB524807	*
H	4222	197	92.0	+	0	0	24M3D10M4D12MD22MD6MD42M2D19MI9M2I12MD28M	AB524805	AB524807
N	*	216	*	*	*	*	*	HQ650647	*
N	*	223	*	*	*	*	*	HQ650650	*
N	*	228	*	*	*	*	*	HQ650711	*
L	5956	210	*	*	*	*	*	FJ914680	*
H	5956	210	98.6	+	0	0	210M	FJ914687	FJ914680
L	6725	203	*	*	*	*	*	FR799497	*
H	6725	210	96.6	+	0	0	7D90MD80MI32M	FJ914687	FR799497
L	846	201	*	*	*	*	*	AM774157	*
H	846	210	95.0	+	0	0	10D8MD82MI17MI92M	FJ914687	AM774157
L	7518	207	*	*	*	*	*	FJ946485	*
H	7518	210	94.2	+	0	0	99M4D15MI92M	FJ914687	FJ946485
L	845	201	*	*	*	*	*	AM774155	*
H	845	210	94.0	+	0	0	4D5MD6MD82M4D15MI92M	FJ914687	AM774155
N	*	241	*	*	*	*	*	AJ877222	*
N	*	202	*	*	*	*	*	HQ897823	*
N	*	250	*	*	*	*	*	JF419897	*
N	*	153	*	*	*	*	*	JF433374	*
N	*	186	*	*	*	*	*	JF440985	*
N	*	228	*	*	*	*	*	JF681957	*
N	*	250	*	*	*	*	*	JF706309	*
N	*	250	*	*	*	*	*	JN033218	*
N	*	108	*	*	*	*	*	HQ610175	*
N	*	243	*	*	*	*	*	JN710573	*
N	*	213	*	*	*	*	*	JN864881	*
N	*	250	*	*	*	*	*	JN871718	*
N	*	201	*	*	*	*	*	EU021600	*
L	2078	200	*	*	*	*	*	AB481265	*
H	2078	118	91.5	+	0	0	41I19M2I20M38I79MI	U21814	AB481265
L	4646	198	*	*	*	*	*	AF505515	*
H	4646	118	90.7	+	0	0	42I19M2I20M35I79MI	U21814	AF505515
N	*	99	*	*	*	*	*	U38898	*
L	6970	250	*	*	*	*	*	GU233322	*
H	6970	250	92.0	+	0	0	112MD14M3I12M3I27MI60MI17M7D	U56049	GU233322
H	7720	250	93.2	+	0	0	22MD89MD21M2D94MD14MI5M4I	U56049	GU233324
H	658	250	93.2	+	0	0	89M2I21MD25M3D23MD44MD37MI5M3I	U56049	AF325599
H	6975	250	92.4	+	0	0	112MD23MI72MD36MI5M	U56049	GU233321
H	3670	250	90.4	+	0	0	110MD23M2D27M2D27MI16MD41M5I	U56049	U56046
N	*	216	*	*	*	*	*	U57496	*
N	*	250	*	*	*	*	*	UDB003318	*
N	*	136	*	*	*	*	*	Z81428	*
D	198	2	*	*	*	*	95.9	EF191243	*
D	212	3	*	*	*	*	94.3	EF373565	*
D	304	2	*	*	*	*	90.8	EF535666	*
D	366	2	*	*	*	*	93.2	AF357043	*
D	369	2	*	*	*	*	94.8	AF357058	*
D	405	3	*	*	*	*	91.4	EU034667	*
D	459	2	*	*	*	*	95.8	EU035476	*
D	491	2	*	*	*	*	96.4	EU128051	*
D	502	2	*	*	*	*	96.6	EU144054	*
D	507	2	*	*	*	*	96.3	DQ006946	*
D	635	2	*	*	*	*	95.2	EU254860	*
D	636	2	*	*	*	*	100.0	EU255033	*
D	658	3	*	*	*	*	92.6	AF325599	*
D	739	2	*	*	*	*	96.2	EU707898	*
D	786	2	*	*	*	*	98.3	FJ194521	*
D	854	2	*	*	*	*	96.5	FJ478111	*
D	1012	2	*	*	*	*	94.4	EU784261	*
D	1177	2	*	*	*	*	97.6	EU878427	*
D	1354	2	*	*	*	*	94.4	AY534118	*
D	1416	2	*	*	*	*	91.9	FJ357314	*
D	1543	2	*	*	*	*	97.6	EF051727	*
D	1561	3	*	*	*	*	95.0	GQ376097	*
D	1646	2	*	*	*	*	95.5	GQ922522	*
D	1726	2	*	*	*	*	90.4	GQ913359	*
D	1753	2	*	*	*	*	94.4	GU219471	*
D	1766	2	*	*	*	*	100.0	GU138731	*
D	1795	2	*	*	*	*	94.8	GU229805	*
D	1859	2	*	*	*	*	97.2	FJ769310	*
D	1958	2	*	*	*	*	90.1	AF490393	*
D	2020	2	*	*	*	*	98.6	AY394908	*
D	2078	2	*	*	*	*	91.5	AB481265	*
D	2250	2	*	*	*	*	96.1	HM467652	*
D	2494	2	*	*	*	*	96.5	EU254963	*
D	2525	2	*	*	*	*	95.2	HQ650733	*
D	2565	2	*	*	*	*	96.5	AB546941	*
D	2567	2	*	*	*	*	92.6	AY604526	*
D	2648	2	*	*	*	*	91.4	FJ572269	*
D	2707	2	*	*	*	*	98.8	AF506430	*
D	2711	2	*	*	*	*	94.8	AF506441	*
D	2731	3	*	*	*	*	98.2	EF585502	*
D	2793	2	*	*	*	*	96.2	FJ169667	*
D	2818	2	*	*	*	*	91.5	EF121863	*
D	2900	2	*	*	*	*	93.2	JF907810	*
D	2905	2	*	*	*	*	92.8	JF907824	*
D	3220	2	*	*	*	*	91.7	JQ044421	*
D	3259	3	*	*	*	*	93.4	AB067724	*
D	3261	2	*	*	*	*	100.0	EF679398	*
D	3271	2	*	*	*	*	90.3	AY793466	*
D	3485	2	*	*	*	*	92.9	FJ946484	*
D	3575	2	*	*	*	*	94.9	AY789077	*
D	3647	2	*	*	*	*	93.6	AY916469	*
D	3686	2	*	*	*	*	93.1	EU514244	*
D	3703	2	*	*	*	*	96.5	AF141186	*
D	3780	2	*	*	*	*	93.2	AF226661	*
D	3990	2	*	*	*	*	95.2	DQ491515	*
D	4033	2	*	*	*	*	96.8	AB072232	*
D	4053	3	*	*	*	*	94.8	EU586043	*
D	4060	2	*	*	*	*	100.0	FN391588	*
D	4102	2	*	*	*	*	100.0	FJ439582	*
D	4193	2	*	*	*	*	91.3	AB481257	*
D	4200	2	*	*	*	*	94.0	AB481286	*
D	4223	2	*	*	*	*	92.2	AB524808	*
D	4224	2	*	*	*	*	91.0	AB524812	*
D	4250	2	*	*	*	*	91.2	AB354209	*
D	4321	2	*	*	*	*	96.7	AF097578	*
D	4363	3	*	*	*	*	94.7	AF141859	*
D	4497	2	*	*	*	*	97.8	AF350306	*
D	4652	2	*	*	*	*	99.6	AF506404	*
D	4673	2	*	*	*	*	90.6	AF128440	*
D	4675	2	*	*	*	*	96.2	FJ755266	*
D	4721	2	*	*	*	*	98.3	AJ301714	*
D	4743	2	*	*	*	*	97.6	AJ390389	*
D	4833	2	*	*	*	*	99.5	AM159623	*
D	4836	2	*	*	*	*	90.8	AM159634	*
D	5024	2	*	*	*	*	99.5	EU450836	*
D	5059	3	*	*	*	*	96.9	AY245635	*
D	5164	2	*	*	*	*	96.3	FJ515735	*
D	5253	2	*	*	*	*	92.1	AY729939	*
D	5298	2	*	*	*	*	91.1	AY789285	*
D	5395	2	*	*	*	*	92.0	GU058015	*
D	5428	2	*	*	*	*	90.7	DQ279506	*
D	5534	2	*	*	*	*	94.0	DQ491492	*
D	5634	2	*	*	*	*	96.5	JF908276	*
D	5752	2	*	*	*	*	96.8	EF446015	*
D	5821	4	*	*	*	*	95.6	EF667965	*
D	5951	2	*	*	*	*	92.5	AB267394	*
D	5956	2	*	*	*	*	98.6	FJ914680	*
D	6133	2	*	*	*	*	92.0	DQ367894	*
D	6139	2	*	*	*	*	90.0	EU707864	*
D	6168	2	*	*	*	*	90.4	EU721724	*
D	6239	2	*	*	*	*	98.3	EU851925	*
D	6241	2	*	*	*	*	98.0	AY239215	*
D	6294	2	*	*	*	*	95.1	AJ627583	*
D	6305	2	*	*	*	*	99.1	EU330951	*
D	6323	2	*	*	*	*	93.4	FJ234198	*
D	6458	2	*	*	*	*	93.2	FJ624264	*
D	6529	2	*	*	*	*	98.2	FJ839634	*
D	6557	2	*	*	*	*	91.0	FJ871105	*
D	6569	2	*	*	*	*	93.9	AY129359	*
D	6605	2	*	*	*	*	95.3	FR667997	*
D	6670	2	*	*	*	*	98.6	FN547665	*
D	6752	2	*	*	*	*	98.2	HM189800	*
D	6822	2	*	*	*	*	93.4	FJ433875	*
D	6922	2	*	*	*	*	96.5	DQ317587	*
D	6975	2	*	*	*	*	95.6	GU233321	*
D	6976	2	*	*	*	*	92.4	GU234015	*
D	7137	2	*	*	*	*	94.1	HM037979	*
D	7346	2	*	*	*	*	96.4	HQ449175	*
D	7407	2	*	*	*	*	91.0	HQ604547	*
D	7491	2	*	*	*	*	94.7	DQ093659	*
D	7512	2	*	*	*	*	91.7	GQ411326	*
D	7527	3	*	*	*	*	94.6	JF271754	*
D	7533	2	*	*	*	*	94.5	JF275865	*
D	7592	2	*	*	*	*	92.4	EU697259	*
D	7718	2	*	*	*	*	92.7	JF951149	*
D	7724	2	*	*	*	*	98.2	AY681189	*
D	7725	2	*	*	*	*	94.6	FJ534886	*
D	7750	2	*	*	*	*	96.8	U56041	*
D	7845	4	*	*	*	*	94.5	AF405304	*
D	7895	2	*	*	*	*	90.7	JN943601	*
D	7925	2	*	*	*	*	92.0	EU553344	*
D	7982	2	*	*	*	*	94.1	U58636	*
