UclustConsensusTaxonAssigner parameters:
id_to_taxonomy_filepath:/home/nbokulic/ref_seq_dbs/UNITE/unite_rep_set_97-rdp-taxonomy.txt
id_to_taxonomy_fp:/home/nbokulic/ref_seq_dbs/UNITE/unite_rep_set_97-rdp-taxonomy.txt
max_accepts:1
min_consensus_fraction:1.0
reference_sequences_fp:/home/nbokulic/ref_seq_dbs/UNITE/align/rep_set_uclust_ref_97.fasta
similarity:0.95
unassignable_label:Unassigned
Result path: "/scratch/assign-taxkpiB0BvmObwTUga64gFc.txt"

.uc file contents:

# uclust --input /home/nbokulic/bewolf/psrotot/RDBW_unite/rep_set.fna --id 0.95 --rev --maxaccepts 1 --allhits --libonly --lib /home/nbokulic/ref_seq_dbs/UNITE/align/rep_set_uclust_ref_97.fasta --uc /scratch/UclustConsensusTaxonAssigner_qjssHo.uc
# version=1.2.22
# Tab-separated fields:
# 1=Type, 2=ClusterNr, 3=SeqLength or ClusterSize, 4=PctId, 5=Strand, 6=QueryStart, 7=SeedStart, 8=Alignment, 9=QueryLabel, 10=TargetLabel
# Record types (field 1): L=LibSeed, S=NewSeed, H=Hit, R=Reject, D=LibCluster, C=NewCluster, N=NoHit
# For C and D types, PctId is average id with seed.
# QueryStart and SeedStart are zero-based relative to start of sequence.
# If minus strand, SeedStart is relative to reverse-complemented seed.
L	6721	555	*	*	*	*	*	HM216212	*
H	6721	101	97.0	+	0	0	7I82M2D17M449I	AB250409 Mock.1_5	HM216212
H	6721	101	98.0	+	0	0	7I82M2D17M449I	AF281178 Mock.2_19155	HM216212
L	22231	589	*	*	*	*	*	FJ582636	*
H	22231	91	95.6	+	0	0	10I91M488I	AJ309341 Mock.1_29083	FJ582636
L	21482	573	*	*	*	*	*	EU551202	*
H	21482	97	99.0	+	0	0	9I97M467I	AM901674 Mock.2_4233	EU551202
L	2663	412	*	*	*	*	*	DQ286062	*
H	2663	101	100.0	+	0	0	24I101M287I	DQ286062 Mock.1_7	DQ286062
L	4539	617	*	*	*	*	*	DQ132818	*
H	4539	92	95.7	+	0	0	61I92M464I	DQ681335 Mock.1_1328	DQ132818
H	21482	94	100.0	+	0	0	9I94M470I	EU551202 Mock.2_9983	EU551202
L	3195	472	*	*	*	*	*	EU714323	*
H	3195	101	100.0	+	0	0	8I101M363I	EU714323 Mock.2_4	EU714323
L	2507	617	*	*	*	*	*	EU821474	*
H	2507	101	98.0	+	0	0	11I101M505I	EU821474 Mock.1_128	EU821474
H	4539	101	98.0	+	0	0	61I101M455I	EU833211 Mock.3_2	DQ132818
H	22231	83	98.8	+	0	0	10I83M496I	FJ196614 Mock.2_39189	FJ582636
L	13617	484	*	*	*	*	*	FJ903339	*
H	13617	77	98.7	+	0	0	23I77M384I	FJ210573 Mock.1_15840	FJ903339
L	19274	510	*	*	*	*	*	DQ247776	*
H	19274	84	98.8	+	0	0	17I84M409I	FJ582636 Mock.2_15608	DQ247776
L	22967	561	*	*	*	*	*	FJ624262	*
H	22967	87	100.0	+	0	0	23I87M451I	FJ624262 Mock.3_1560	FJ624262
L	25840	593	*	*	*	*	*	FJ878626	*
H	25840	101	100.0	+	0	0	8I101M484I	FJ878626 Mock.3_2031	FJ878626
L	3212	548	*	*	*	*	*	FJ210605	*
H	3212	83	98.8	+	0	0	22I83M443I	FJ903339 Mock.3_15095	FJ210605
L	20446	1991	*	*	*	*	*	EF397557	*
H	20446	101	99.0	+	0	0	1744I86MD14M147I	FJ904916 Mock.2_11	EF397557
L	19237	631	*	*	*	*	*	GQ120969	*
H	19237	101	99.0	+	0	0	24I101M506I	FN548146 Mock.2_10300	GQ120969
L	18019	743	*	*	*	*	*	GQ376079	*
H	18019	101	100.0	+	0	0	8I101M634I	GQ376079 Mock.2_8	GQ376079
L	669	416	*	*	*	*	*	EF197948	*
H	669	101	97.0	+	0	0	3D98M318I	GQ376083 Mock.1_0	EF197948
L	26107	396	*	*	*	*	*	GQ376093	*
H	26107	101	97.0	+	0	0	8I101M287I	GQ376093 Mock.1_40	GQ376093
L	25215	460	*	*	*	*	*	FJ861384	*
H	25215	101	100.0	+	0	0	18I101M341I	GQ458041 Mock.2_30	FJ861384
H	22967	92	95.7	+	0	0	23I92M446I	GU062214 Mock.1_841	FJ624262
L	24378	237	*	*	*	*	*	JF779674	*
H	24378	83	97.6	+	0	0	22I83M132I	GU062251 Mock.1_28622	JF779674
H	3212	84	98.8	+	0	0	22I84M442I	GU062255 Mock.1_8251	FJ210605
H	3212	82	100.0	+	0	0	22I82M444I	GU132456 Mock.2_32520	FJ210605
H	22967	91	96.7	+	0	0	23I91M447I	JN019381 Mock.1_3366	FJ624262
N	*	101	*	*	*	*	*	New.ReferenceOTU0 Mock.2_7524	*
N	*	101	*	*	*	*	*	New.ReferenceOTU1 Mock.1_27540	*
N	*	101	*	*	*	*	*	New.ReferenceOTU2 Mock.1_9147	*
N	*	101	*	*	*	*	*	New.ReferenceOTU3 Mock.3_6461	*
N	*	101	*	*	*	*	*	New.ReferenceOTU4 Mock.2_1308	*
N	*	101	*	*	*	*	*	New.ReferenceOTU5 Mock.1_6335	*
N	*	94	*	*	*	*	*	New.ReferenceOTU6 Mock.2_55739	*
H	26107	101	96.0	+	0	0	8I101M287I	New.ReferenceOTU7 Mock.3_19464	GQ376093
H	22967	91	95.6	+	0	0	23I91M447I	New.CleanUp.ReferenceOTU1 Mock.3_52699	FJ624262
H	2507	86	96.5	+	0	0	11I86M520I	New.CleanUp.ReferenceOTU10 Mock.2_55974	EU821474
L	24610	424	*	*	*	*	*	GQ376083	*
H	24610	101	96.0	+	0	0	4I44MI57M318I	New.CleanUp.ReferenceOTU105 Mock.1_21242	GQ376083
N	*	101	*	*	*	*	*	New.CleanUp.ReferenceOTU106 Mock.1_5337	*
H	6721	96	95.8	+	0	0	7I82M2D12M454I	New.CleanUp.ReferenceOTU107 Mock.2_69443	HM216212
N	*	101	*	*	*	*	*	New.CleanUp.ReferenceOTU11 Mock.2_5394	*
H	22231	91	96.7	+	0	0	10I91M488I	New.CleanUp.ReferenceOTU115 Mock.2_64627	FJ582636
N	*	101	*	*	*	*	*	New.CleanUp.ReferenceOTU118 Mock.1_724	*
N	*	101	*	*	*	*	*	New.CleanUp.ReferenceOTU120 Mock.1_54066	*
N	*	91	*	*	*	*	*	New.CleanUp.ReferenceOTU125 Mock.2_31673	*
N	*	89	*	*	*	*	*	New.CleanUp.ReferenceOTU128 Mock.1_42547	*
N	*	101	*	*	*	*	*	New.CleanUp.ReferenceOTU129 Mock.2_70021	*
N	*	101	*	*	*	*	*	New.CleanUp.ReferenceOTU133 Mock.1_20046	*
N	*	101	*	*	*	*	*	New.CleanUp.ReferenceOTU136 Mock.2_13064	*
N	*	101	*	*	*	*	*	New.CleanUp.ReferenceOTU142 Mock.2_13237	*
H	22231	91	95.6	+	0	0	10I91M488I	New.CleanUp.ReferenceOTU144 Mock.1_12567	FJ582636
L	2386	997	*	*	*	*	*	FJ892747	*
H	2386	101	95.0	+	0	0	259I83MD17M638I	New.CleanUp.ReferenceOTU147 Mock.2_64849	FJ892747
H	2663	101	96.0	+	0	0	24I101M287I	New.CleanUp.ReferenceOTU149 Mock.2_58493	DQ286062
N	*	101	*	*	*	*	*	New.CleanUp.ReferenceOTU150 Mock.2_72741	*
N	*	94	*	*	*	*	*	New.CleanUp.ReferenceOTU153 Mock.3_16011	*
N	*	101	*	*	*	*	*	New.CleanUp.ReferenceOTU157 Mock.2_44184	*
N	*	101	*	*	*	*	*	New.CleanUp.ReferenceOTU161 Mock.1_39577	*
N	*	101	*	*	*	*	*	New.CleanUp.ReferenceOTU166 Mock.3_9034	*
N	*	101	*	*	*	*	*	New.CleanUp.ReferenceOTU167 Mock.2_132	*
H	20446	101	96.0	+	0	0	1744I86MD14M147I	New.CleanUp.ReferenceOTU171 Mock.3_83	EF397557
H	26107	101	96.0	+	0	0	8I101M287I	New.CleanUp.ReferenceOTU173 Mock.3_86	GQ376093
N	*	101	*	*	*	*	*	New.CleanUp.ReferenceOTU30 Mock.2_5485	*
N	*	101	*	*	*	*	*	New.CleanUp.ReferenceOTU39 Mock.1_6422	*
N	*	97	*	*	*	*	*	New.CleanUp.ReferenceOTU46 Mock.2_69723	*
N	*	101	*	*	*	*	*	New.CleanUp.ReferenceOTU48 Mock.2_50493	*
N	*	101	*	*	*	*	*	New.CleanUp.ReferenceOTU5 Mock.2_3312	*
H	26107	101	96.0	+	0	0	8I101M287I	New.CleanUp.ReferenceOTU53 Mock.1_63364	GQ376093
N	*	95	*	*	*	*	*	New.CleanUp.ReferenceOTU54 Mock.1_44342	*
N	*	101	*	*	*	*	*	New.CleanUp.ReferenceOTU6 Mock.3_13680	*
N	*	101	*	*	*	*	*	New.CleanUp.ReferenceOTU61 Mock.2_8064	*
N	*	92	*	*	*	*	*	New.CleanUp.ReferenceOTU67 Mock.1_53045	*
N	*	95	*	*	*	*	*	New.CleanUp.ReferenceOTU68 Mock.1_5491	*
N	*	101	*	*	*	*	*	New.CleanUp.ReferenceOTU71 Mock.3_69820	*
H	24610	101	96.0	+	0	0	4I43MI58M318I	New.CleanUp.ReferenceOTU72 Mock.2_29742	GQ376083
N	*	101	*	*	*	*	*	New.CleanUp.ReferenceOTU82 Mock.3_65355	*
H	24610	101	96.0	+	0	0	4I43MI58M318I	New.CleanUp.ReferenceOTU89 Mock.3_43979	GQ376083
H	2663	101	96.0	+	0	0	24I101M287I	New.CleanUp.ReferenceOTU90 Mock.2_73953	DQ286062
N	*	101	*	*	*	*	*	New.CleanUp.ReferenceOTU91 Mock.3_54068	*
H	25215	101	96.0	+	0	0	18I101M341I	New.CleanUp.ReferenceOTU97 Mock.2_25781	FJ861384
D	669	2	*	*	*	*	97.0	EF197948	*
D	2386	2	*	*	*	*	95.0	FJ892747	*
D	2507	3	*	*	*	*	97.3	EU821474	*
D	2663	4	*	*	*	*	97.4	DQ286062	*
D	3195	2	*	*	*	*	100.0	EU714323	*
D	3212	4	*	*	*	*	99.2	FJ210605	*
D	4539	3	*	*	*	*	96.8	DQ132818	*
D	6721	4	*	*	*	*	97.0	HM216212	*
D	13617	2	*	*	*	*	98.7	FJ903339	*
D	18019	2	*	*	*	*	100.0	GQ376079	*
D	19237	2	*	*	*	*	99.0	GQ120969	*
D	19274	2	*	*	*	*	98.8	DQ247776	*
D	20446	3	*	*	*	*	97.5	EF397557	*
D	21482	3	*	*	*	*	99.5	EU551202	*
D	22231	5	*	*	*	*	96.7	FJ582636	*
D	22967	5	*	*	*	*	97.0	FJ624262	*
D	24378	2	*	*	*	*	97.6	JF779674	*
D	24610	4	*	*	*	*	96.0	GQ376083	*
D	25215	3	*	*	*	*	98.0	FJ861384	*
D	25840	2	*	*	*	*	100.0	FJ878626	*
D	26107	5	*	*	*	*	96.3	GQ376093	*
