UclustConsensusTaxonAssigner parameters:
id_to_taxonomy_filepath:/home/nbokulic/ref_seq_dbs/Silva_108/taxa_mapping/Silva_RDP_taxa_mapping_Eukarya_only_species.txt
id_to_taxonomy_fp:/home/nbokulic/ref_seq_dbs/Silva_108/taxa_mapping/Silva_RDP_taxa_mapping_Eukarya_only_species.txt
max_accepts:5
min_consensus_fraction:0.75
reference_sequences_fp:/home/nbokulic/ref_seq_dbs/Silva_108/rep_set/Silva_108_rep_set_Eukarya_only.fna
similarity:1.0
unassignable_label:Unassigned
Result path: "/scratch/assign-taxDvXzPaM2DVB4kmLpR0C2.txt"

.uc file contents:

# uclust --input /home/nbokulic/short-read-tax-assignment/data/qiime-mock-community/L18S-1/rep_set.fna --id 1.0 --rev --maxaccepts 5 --allhits --libonly --lib /home/nbokulic/ref_seq_dbs/Silva_108/rep_set/Silva_108_rep_set_Eukarya_only.fna --uc /scratch/UclustConsensusTaxonAssigner_xmku_s.uc
# version=1.2.22
# Tab-separated fields:
# 1=Type, 2=ClusterNr, 3=SeqLength or ClusterSize, 4=PctId, 5=Strand, 6=QueryStart, 7=SeedStart, 8=Alignment, 9=QueryLabel, 10=TargetLabel
# Record types (field 1): L=LibSeed, S=NewSeed, H=Hit, R=Reject, D=LibCluster, C=NewCluster, N=NoHit
# For C and D types, PctId is average id with seed.
# QueryStart and SeedStart are zero-based relative to start of sequence.
# If minus strand, SeedStart is relative to reverse-complemented seed.
N	*	90	*	*	*	*	*	100416 EUK.Mock.1_88227	*
N	*	90	*	*	*	*	*	105028 EUK.Mock.1_26561	*
L	3447	1801	*	*	*	*	*	27744	*
H	3447	69	100.0	+	0	0	1645I69M87I	107842 EUK.Mock.1_2159	27744
L	4934	1731	*	*	*	*	*	40794	*
H	4934	69	100.0	+	0	0	1591I69M71I	107842 EUK.Mock.1_2159	40794
L	854	1737	*	*	*	*	*	10764	*
H	854	69	100.0	+	0	0	1605I69M63I	107842 EUK.Mock.1_2159	10764
L	6170	1595	*	*	*	*	*	52258	*
H	6170	69	100.0	+	0	0	1436I69M90I	107842 EUK.Mock.1_2159	52258
L	9284	1821	*	*	*	*	*	80038	*
H	9284	69	100.0	+	0	0	1663I13MI56M88I	107842 EUK.Mock.1_2159	80038
N	*	90	*	*	*	*	*	1692 EUK.Mock.1_3944	*
N	*	90	*	*	*	*	*	17950 EUK.Mock.1_87	*
N	*	90	*	*	*	*	*	18339 EUK.Mock.1_827	*
N	*	90	*	*	*	*	*	19213 EUK.Mock.1_5390	*
N	*	76	*	*	*	*	*	21577 EUK.Mock.1_72379	*
N	*	90	*	*	*	*	*	21638 EUK.Mock.1_34030	*
N	*	90	*	*	*	*	*	2172 EUK.Mock.1_2829	*
N	*	90	*	*	*	*	*	22392 EUK.Mock.1_133	*
H	4934	90	100.0	+	0	0	1591I90M50I	27972 EUK.Mock.1_3	40794
H	9284	90	100.0	+	0	0	1663I13MI77M67I	27972 EUK.Mock.1_3	80038
N	*	90	*	*	*	*	*	29729 EUK.Mock.1_31377	*
N	*	90	*	*	*	*	*	30313 EUK.Mock.1_95472	*
L	8570	1828	*	*	*	*	*	73609	*
H	8570	90	100.0	+	0	0	1668I90M70I	3439 EUK.Mock.1_14	73609
L	7688	2257	*	*	*	*	*	65995	*
H	7688	90	100.0	+	0	0	1582I90M585I	3439 EUK.Mock.1_14	65995
N	*	90	*	*	*	*	*	39904 EUK.Mock.1_91821	*
N	*	90	*	*	*	*	*	40757 EUK.Mock.1_65	*
N	*	90	*	*	*	*	*	41199 EUK.Mock.1_44774	*
N	*	90	*	*	*	*	*	4320 EUK.Mock.1_10709	*
L	4634	1739	*	*	*	*	*	38113	*
H	4634	90	100.0	+	0	0	1598I90M51I	45517 EUK.Mock.1_7969	38113
N	*	73	*	*	*	*	*	46487 EUK.Mock.1_42219	*
N	*	90	*	*	*	*	*	48031 EUK.Mock.1_20183	*
N	*	90	*	*	*	*	*	49555 EUK.Mock.1_6	*
N	*	90	*	*	*	*	*	50176 EUK.Mock.1_7675	*
N	*	90	*	*	*	*	*	50892 EUK.Mock.1_8	*
L	7090	1800	*	*	*	*	*	60815	*
H	7090	90	100.0	+	0	0	1644I90M66I	54718 EUK.Mock.1_71	60815
N	*	90	*	*	*	*	*	60484 EUK.Mock.1_9514	*
L	3858	1355	*	*	*	*	*	31450	*
H	3858	90	100.0	+	0	0	1197I90M68I	6133 EUK.Mock.1_56612	31450
L	2523	1807	*	*	*	*	*	19662	*
H	2523	90	100.0	+	0	0	1649I90M68I	6133 EUK.Mock.1_56612	19662
N	*	90	*	*	*	*	*	61583 EUK.Mock.1_11	*
N	*	90	*	*	*	*	*	62290 EUK.Mock.1_21436	*
N	*	90	*	*	*	*	*	62320 EUK.Mock.1_2469	*
N	*	90	*	*	*	*	*	62715 EUK.Mock.1_6500	*
N	*	90	*	*	*	*	*	65251 EUK.Mock.1_54	*
L	6364	1487	*	*	*	*	*	5402	*
H	6364	90	100.0	+	0	0	1375I90M22I	67553 EUK.Mock.1_11853	5402
L	6504	1849	*	*	*	*	*	553	*
H	6504	90	100.0	+	0	0	1691I90M68I	67553 EUK.Mock.1_11853	553
L	5617	1426	*	*	*	*	*	46888	*
H	5617	90	100.0	+	0	0	1265I90M71I	67553 EUK.Mock.1_11853	46888
L	8562	1809	*	*	*	*	*	73554	*
H	8562	90	100.0	+	0	0	1651I90M68I	67553 EUK.Mock.1_11853	73554
N	*	90	*	*	*	*	*	68028 EUK.Mock.1_3035	*
N	*	83	*	*	*	*	*	68188 EUK.Mock.1_107451	*
N	*	90	*	*	*	*	*	69102 EUK.Mock.1_1637	*
N	*	70	*	*	*	*	*	69771 EUK.Mock.1_58442	*
N	*	73	*	*	*	*	*	70015 EUK.Mock.1_53633	*
N	*	73	*	*	*	*	*	71403 EUK.Mock.1_12845	*
L	4104	1863	*	*	*	*	*	33585	*
H	4104	90	100.0	+	0	0	1703I90M70I	7240 EUK.Mock.1_42	33585
N	*	90	*	*	*	*	*	76924 EUK.Mock.1_8762	*
N	*	90	*	*	*	*	*	77917 EUK.Mock.1_933	*
N	*	80	*	*	*	*	*	78479 EUK.Mock.1_8043	*
N	*	90	*	*	*	*	*	78796 EUK.Mock.1_13247	*
N	*	90	*	*	*	*	*	80896 EUK.Mock.1_2685	*
N	*	90	*	*	*	*	*	82731 EUK.Mock.1_57716	*
H	6170	90	100.0	+	0	0	1436I90M69I	82995 EUK.Mock.1_3712	52258
N	*	90	*	*	*	*	*	85992 EUK.Mock.1_17025	*
N	*	90	*	*	*	*	*	87184 EUK.Mock.1_80832	*
N	*	90	*	*	*	*	*	88832 EUK.Mock.1_99991	*
N	*	90	*	*	*	*	*	90696 EUK.Mock.1_2457	*
N	*	84	*	*	*	*	*	91592 EUK.Mock.1_15625	*
L	7017	2302	*	*	*	*	*	60168	*
H	7017	90	100.0	+	0	0	2036I90M176I	92560 EUK.Mock.1_215	60168
L	9016	2156	*	*	*	*	*	77392	*
H	9016	90	100.0	+	0	0	2000I90M66I	93109 EUK.Mock.1_5201	77392
L	8962	2131	*	*	*	*	*	769	*
H	8962	90	100.0	+	0	0	1975I90M66I	93109 EUK.Mock.1_5201	769
L	3264	1893	*	*	*	*	*	25975	*
H	3264	90	100.0	+	0	0	1614I90M189I	93109 EUK.Mock.1_5201	25975
L	10931	2237	*	*	*	*	*	94298	*
H	10931	90	100.0	+	0	0	2081I90M66I	93109 EUK.Mock.1_5201	94298
L	4062	2076	*	*	*	*	*	33079	*
H	4062	90	100.0	+	0	0	1969I90M17I	93109 EUK.Mock.1_5201	33079
N	*	90	*	*	*	*	*	95858 EUK.Mock.1_536	*
N	*	90	*	*	*	*	*	9588 EUK.Mock.1_584	*
N	*	90	*	*	*	*	*	9654 EUK.Mock.1_91	*
N	*	90	*	*	*	*	*	96812 EUK.Mock.1_21494	*
N	*	90	*	*	*	*	*	97711 EUK.Mock.1_147	*
N	*	90	*	*	*	*	*	98227 EUK.Mock.1_12659	*
N	*	90	*	*	*	*	*	98335 EUK.Mock.1_634	*
N	*	90	*	*	*	*	*	99 EUK.Mock.1_5768	*
N	*	90	*	*	*	*	*	New.ReferenceOTU0 EUK.Mock.1_73063	*
N	*	90	*	*	*	*	*	New.ReferenceOTU1 EUK.Mock.1_34640	*
N	*	90	*	*	*	*	*	New.ReferenceOTU2 EUK.Mock.1_100090	*
N	*	86	*	*	*	*	*	New.ReferenceOTU3 EUK.Mock.1_30981	*
N	*	90	*	*	*	*	*	New.ReferenceOTU4 EUK.Mock.1_95556	*
N	*	90	*	*	*	*	*	New.ReferenceOTU5 EUK.Mock.1_105091	*
N	*	82	*	*	*	*	*	New.ReferenceOTU6 EUK.Mock.1_44283	*
N	*	90	*	*	*	*	*	New.ReferenceOTU7 EUK.Mock.1_31821	*
N	*	90	*	*	*	*	*	New.ReferenceOTU9 EUK.Mock.1_32036	*
N	*	90	*	*	*	*	*	New.CleanUp.ReferenceOTU100 EUK.Mock.1_89206	*
N	*	90	*	*	*	*	*	New.CleanUp.ReferenceOTU1000 EUK.Mock.1_94589	*
N	*	90	*	*	*	*	*	New.CleanUp.ReferenceOTU1006 EUK.Mock.1_90512	*
N	*	90	*	*	*	*	*	New.CleanUp.ReferenceOTU1007 EUK.Mock.1_72627	*
N	*	84	*	*	*	*	*	New.CleanUp.ReferenceOTU101 EUK.Mock.1_103285	*
N	*	90	*	*	*	*	*	New.CleanUp.ReferenceOTU1015 EUK.Mock.1_91316	*
N	*	84	*	*	*	*	*	New.CleanUp.ReferenceOTU1017 EUK.Mock.1_66172	*
N	*	90	*	*	*	*	*	New.CleanUp.ReferenceOTU102 EUK.Mock.1_84368	*
N	*	81	*	*	*	*	*	New.CleanUp.ReferenceOTU1027 EUK.Mock.1_47501	*
N	*	72	*	*	*	*	*	New.CleanUp.ReferenceOTU1039 EUK.Mock.1_67686	*
N	*	84	*	*	*	*	*	New.CleanUp.ReferenceOTU104 EUK.Mock.1_103281	*
N	*	90	*	*	*	*	*	New.CleanUp.ReferenceOTU1040 EUK.Mock.1_66773	*
N	*	90	*	*	*	*	*	New.CleanUp.ReferenceOTU1044 EUK.Mock.1_90986	*
N	*	90	*	*	*	*	*	New.CleanUp.ReferenceOTU1047 EUK.Mock.1_35234	*
N	*	90	*	*	*	*	*	New.CleanUp.ReferenceOTU1052 EUK.Mock.1_102839	*
N	*	90	*	*	*	*	*	New.CleanUp.ReferenceOTU1054 EUK.Mock.1_66087	*
N	*	90	*	*	*	*	*	New.CleanUp.ReferenceOTU1055 EUK.Mock.1_66081	*
N	*	90	*	*	*	*	*	New.CleanUp.ReferenceOTU1063 EUK.Mock.1_6000	*
N	*	90	*	*	*	*	*	New.CleanUp.ReferenceOTU1064 EUK.Mock.1_104743	*
N	*	79	*	*	*	*	*	New.CleanUp.ReferenceOTU1067 EUK.Mock.1_83642	*
N	*	90	*	*	*	*	*	New.CleanUp.ReferenceOTU1071 EUK.Mock.1_95924	*
N	*	90	*	*	*	*	*	New.CleanUp.ReferenceOTU1075 EUK.Mock.1_104580	*
N	*	90	*	*	*	*	*	New.CleanUp.ReferenceOTU1083 EUK.Mock.1_101502	*
N	*	90	*	*	*	*	*	New.CleanUp.ReferenceOTU1090 EUK.Mock.1_13042	*
N	*	90	*	*	*	*	*	New.CleanUp.ReferenceOTU1097 EUK.Mock.1_62899	*
N	*	86	*	*	*	*	*	New.CleanUp.ReferenceOTU1098 EUK.Mock.1_11236	*
N	*	90	*	*	*	*	*	New.CleanUp.ReferenceOTU1099 EUK.Mock.1_66794	*
N	*	80	*	*	*	*	*	New.CleanUp.ReferenceOTU1100 EUK.Mock.1_105186	*
N	*	90	*	*	*	*	*	New.CleanUp.ReferenceOTU1106 EUK.Mock.1_71395	*
N	*	90	*	*	*	*	*	New.CleanUp.ReferenceOTU1114 EUK.Mock.1_108829	*
N	*	90	*	*	*	*	*	New.CleanUp.ReferenceOTU1116 EUK.Mock.1_108040	*
N	*	90	*	*	*	*	*	New.CleanUp.ReferenceOTU1121 EUK.Mock.1_101475	*
N	*	90	*	*	*	*	*	New.CleanUp.ReferenceOTU1129 EUK.Mock.1_88337	*
N	*	90	*	*	*	*	*	New.CleanUp.ReferenceOTU1131 EUK.Mock.1_87572	*
N	*	90	*	*	*	*	*	New.CleanUp.ReferenceOTU1133 EUK.Mock.1_10414	*
N	*	90	*	*	*	*	*	New.CleanUp.ReferenceOTU1139 EUK.Mock.1_67827	*
N	*	90	*	*	*	*	*	New.CleanUp.ReferenceOTU1143 EUK.Mock.1_14098	*
N	*	90	*	*	*	*	*	New.CleanUp.ReferenceOTU1144 EUK.Mock.1_105767	*
N	*	90	*	*	*	*	*	New.CleanUp.ReferenceOTU1145 EUK.Mock.1_76937	*
N	*	90	*	*	*	*	*	New.CleanUp.ReferenceOTU1146 EUK.Mock.1_45457	*
N	*	90	*	*	*	*	*	New.CleanUp.ReferenceOTU1147 EUK.Mock.1_92186	*
N	*	90	*	*	*	*	*	New.CleanUp.ReferenceOTU1151 EUK.Mock.1_73899	*
N	*	90	*	*	*	*	*	New.CleanUp.ReferenceOTU1152 EUK.Mock.1_28249	*
N	*	90	*	*	*	*	*	New.CleanUp.ReferenceOTU1157 EUK.Mock.1_93886	*
N	*	90	*	*	*	*	*	New.CleanUp.ReferenceOTU1163 EUK.Mock.1_67915	*
N	*	90	*	*	*	*	*	New.CleanUp.ReferenceOTU1165 EUK.Mock.1_11584	*
N	*	90	*	*	*	*	*	New.CleanUp.ReferenceOTU1167 EUK.Mock.1_101251	*
N	*	90	*	*	*	*	*	New.CleanUp.ReferenceOTU1168 EUK.Mock.1_44296	*
N	*	70	*	*	*	*	*	New.CleanUp.ReferenceOTU1171 EUK.Mock.1_24180	*
N	*	90	*	*	*	*	*	New.CleanUp.ReferenceOTU1174 EUK.Mock.1_106668	*
N	*	90	*	*	*	*	*	New.CleanUp.ReferenceOTU1191 EUK.Mock.1_87747	*
N	*	90	*	*	*	*	*	New.CleanUp.ReferenceOTU1192 EUK.Mock.1_50100	*
N	*	90	*	*	*	*	*	New.CleanUp.ReferenceOTU1194 EUK.Mock.1_24233	*
N	*	90	*	*	*	*	*	New.CleanUp.ReferenceOTU1205 EUK.Mock.1_1488	*
N	*	90	*	*	*	*	*	New.CleanUp.ReferenceOTU1208 EUK.Mock.1_4840	*
N	*	90	*	*	*	*	*	New.CleanUp.ReferenceOTU1209 EUK.Mock.1_99242	*
N	*	90	*	*	*	*	*	New.CleanUp.ReferenceOTU121 EUK.Mock.1_97821	*
N	*	90	*	*	*	*	*	New.CleanUp.ReferenceOTU1213 EUK.Mock.1_107622	*
N	*	90	*	*	*	*	*	New.CleanUp.ReferenceOTU1218 EUK.Mock.1_96589	*
N	*	90	*	*	*	*	*	New.CleanUp.ReferenceOTU1226 EUK.Mock.1_18837	*
N	*	90	*	*	*	*	*	New.CleanUp.ReferenceOTU1228 EUK.Mock.1_1868	*
N	*	90	*	*	*	*	*	New.CleanUp.ReferenceOTU123 EUK.Mock.1_92943	*
N	*	86	*	*	*	*	*	New.CleanUp.ReferenceOTU1231 EUK.Mock.1_104047	*
N	*	82	*	*	*	*	*	New.CleanUp.ReferenceOTU1232 EUK.Mock.1_24528	*
N	*	90	*	*	*	*	*	New.CleanUp.ReferenceOTU1233 EUK.Mock.1_97188	*
N	*	90	*	*	*	*	*	New.CleanUp.ReferenceOTU1240 EUK.Mock.1_23744	*
N	*	90	*	*	*	*	*	New.CleanUp.ReferenceOTU1242 EUK.Mock.1_76434	*
N	*	90	*	*	*	*	*	New.CleanUp.ReferenceOTU1243 EUK.Mock.1_66957	*
N	*	86	*	*	*	*	*	New.CleanUp.ReferenceOTU1245 EUK.Mock.1_106337	*
N	*	90	*	*	*	*	*	New.CleanUp.ReferenceOTU1247 EUK.Mock.1_80914	*
N	*	90	*	*	*	*	*	New.CleanUp.ReferenceOTU1257 EUK.Mock.1_70721	*
N	*	90	*	*	*	*	*	New.CleanUp.ReferenceOTU1261 EUK.Mock.1_105881	*
N	*	90	*	*	*	*	*	New.CleanUp.ReferenceOTU1263 EUK.Mock.1_40511	*
N	*	90	*	*	*	*	*	New.CleanUp.ReferenceOTU1265 EUK.Mock.1_85589	*
N	*	90	*	*	*	*	*	New.CleanUp.ReferenceOTU1268 EUK.Mock.1_103559	*
N	*	90	*	*	*	*	*	New.CleanUp.ReferenceOTU1270 EUK.Mock.1_12932	*
N	*	90	*	*	*	*	*	New.CleanUp.ReferenceOTU1272 EUK.Mock.1_58602	*
N	*	90	*	*	*	*	*	New.CleanUp.ReferenceOTU1273 EUK.Mock.1_72384	*
N	*	90	*	*	*	*	*	New.CleanUp.ReferenceOTU1277 EUK.Mock.1_67211	*
N	*	78	*	*	*	*	*	New.CleanUp.ReferenceOTU1278 EUK.Mock.1_72389	*
N	*	90	*	*	*	*	*	New.CleanUp.ReferenceOTU1280 EUK.Mock.1_80777	*
N	*	90	*	*	*	*	*	New.CleanUp.ReferenceOTU1282 EUK.Mock.1_102716	*
N	*	90	*	*	*	*	*	New.CleanUp.ReferenceOTU1284 EUK.Mock.1_38239	*
N	*	90	*	*	*	*	*	New.CleanUp.ReferenceOTU1285 EUK.Mock.1_66228	*
N	*	90	*	*	*	*	*	New.CleanUp.ReferenceOTU1289 EUK.Mock.1_14881	*
N	*	83	*	*	*	*	*	New.CleanUp.ReferenceOTU129 EUK.Mock.1_100009	*
N	*	90	*	*	*	*	*	New.CleanUp.ReferenceOTU1297 EUK.Mock.1_102857	*
N	*	90	*	*	*	*	*	New.CleanUp.ReferenceOTU1298 EUK.Mock.1_45559	*
N	*	81	*	*	*	*	*	New.CleanUp.ReferenceOTU1299 EUK.Mock.1_108562	*
N	*	90	*	*	*	*	*	New.CleanUp.ReferenceOTU130 EUK.Mock.1_38850	*
N	*	90	*	*	*	*	*	New.CleanUp.ReferenceOTU1300 EUK.Mock.1_78626	*
N	*	90	*	*	*	*	*	New.CleanUp.ReferenceOTU1302 EUK.Mock.1_11296	*
N	*	90	*	*	*	*	*	New.CleanUp.ReferenceOTU1303 EUK.Mock.1_30349	*
N	*	90	*	*	*	*	*	New.CleanUp.ReferenceOTU1310 EUK.Mock.1_73388	*
N	*	90	*	*	*	*	*	New.CleanUp.ReferenceOTU1312 EUK.Mock.1_69320	*
N	*	90	*	*	*	*	*	New.CleanUp.ReferenceOTU1313 EUK.Mock.1_77375	*
N	*	90	*	*	*	*	*	New.CleanUp.ReferenceOTU1316 EUK.Mock.1_11581	*
N	*	90	*	*	*	*	*	New.CleanUp.ReferenceOTU1317 EUK.Mock.1_103242	*
N	*	90	*	*	*	*	*	New.CleanUp.ReferenceOTU1321 EUK.Mock.1_13745	*
N	*	90	*	*	*	*	*	New.CleanUp.ReferenceOTU1323 EUK.Mock.1_95823	*
N	*	90	*	*	*	*	*	New.CleanUp.ReferenceOTU1325 EUK.Mock.1_104027	*
N	*	90	*	*	*	*	*	New.CleanUp.ReferenceOTU1328 EUK.Mock.1_47193	*
N	*	90	*	*	*	*	*	New.CleanUp.ReferenceOTU1329 EUK.Mock.1_28734	*
N	*	90	*	*	*	*	*	New.CleanUp.ReferenceOTU1334 EUK.Mock.1_43182	*
N	*	90	*	*	*	*	*	New.CleanUp.ReferenceOTU1336 EUK.Mock.1_45393	*
N	*	90	*	*	*	*	*	New.CleanUp.ReferenceOTU1337 EUK.Mock.1_58906	*
N	*	90	*	*	*	*	*	New.CleanUp.ReferenceOTU1339 EUK.Mock.1_90231	*
N	*	90	*	*	*	*	*	New.CleanUp.ReferenceOTU134 EUK.Mock.1_106951	*
N	*	90	*	*	*	*	*	New.CleanUp.ReferenceOTU1340 EUK.Mock.1_38253	*
N	*	82	*	*	*	*	*	New.CleanUp.ReferenceOTU1343 EUK.Mock.1_103487	*
N	*	84	*	*	*	*	*	New.CleanUp.ReferenceOTU1344 EUK.Mock.1_103277	*
N	*	90	*	*	*	*	*	New.CleanUp.ReferenceOTU1345 EUK.Mock.1_57482	*
N	*	90	*	*	*	*	*	New.CleanUp.ReferenceOTU1351 EUK.Mock.1_74712	*
N	*	90	*	*	*	*	*	New.CleanUp.ReferenceOTU1353 EUK.Mock.1_103790	*
N	*	90	*	*	*	*	*	New.CleanUp.ReferenceOTU1355 EUK.Mock.1_70436	*
N	*	90	*	*	*	*	*	New.CleanUp.ReferenceOTU1358 EUK.Mock.1_25609	*
N	*	90	*	*	*	*	*	New.CleanUp.ReferenceOTU1362 EUK.Mock.1_12235	*
N	*	90	*	*	*	*	*	New.CleanUp.ReferenceOTU1367 EUK.Mock.1_105376	*
N	*	90	*	*	*	*	*	New.CleanUp.ReferenceOTU1369 EUK.Mock.1_89758	*
N	*	90	*	*	*	*	*	New.CleanUp.ReferenceOTU137 EUK.Mock.1_48530	*
N	*	90	*	*	*	*	*	New.CleanUp.ReferenceOTU1373 EUK.Mock.1_65327	*
N	*	90	*	*	*	*	*	New.CleanUp.ReferenceOTU1383 EUK.Mock.1_2207	*
N	*	90	*	*	*	*	*	New.CleanUp.ReferenceOTU1385 EUK.Mock.1_16023	*
N	*	90	*	*	*	*	*	New.CleanUp.ReferenceOTU1387 EUK.Mock.1_94604	*
N	*	90	*	*	*	*	*	New.CleanUp.ReferenceOTU1389 EUK.Mock.1_81369	*
N	*	90	*	*	*	*	*	New.CleanUp.ReferenceOTU139 EUK.Mock.1_104395	*
N	*	90	*	*	*	*	*	New.CleanUp.ReferenceOTU1393 EUK.Mock.1_66782	*
N	*	90	*	*	*	*	*	New.CleanUp.ReferenceOTU1394 EUK.Mock.1_46130	*
N	*	69	*	*	*	*	*	New.CleanUp.ReferenceOTU1395 EUK.Mock.1_43324	*
N	*	90	*	*	*	*	*	New.CleanUp.ReferenceOTU1399 EUK.Mock.1_70337	*
N	*	90	*	*	*	*	*	New.CleanUp.ReferenceOTU1400 EUK.Mock.1_71835	*
N	*	90	*	*	*	*	*	New.CleanUp.ReferenceOTU1402 EUK.Mock.1_71836	*
N	*	83	*	*	*	*	*	New.CleanUp.ReferenceOTU1414 EUK.Mock.1_104608	*
N	*	86	*	*	*	*	*	New.CleanUp.ReferenceOTU1416 EUK.Mock.1_78065	*
N	*	74	*	*	*	*	*	New.CleanUp.ReferenceOTU1421 EUK.Mock.1_104978	*
N	*	90	*	*	*	*	*	New.CleanUp.ReferenceOTU1423 EUK.Mock.1_104373	*
N	*	90	*	*	*	*	*	New.CleanUp.ReferenceOTU1424 EUK.Mock.1_101409	*
N	*	90	*	*	*	*	*	New.CleanUp.ReferenceOTU1425 EUK.Mock.1_104375	*
N	*	90	*	*	*	*	*	New.CleanUp.ReferenceOTU1426 EUK.Mock.1_1647	*
N	*	90	*	*	*	*	*	New.CleanUp.ReferenceOTU1428 EUK.Mock.1_1312	*
N	*	90	*	*	*	*	*	New.CleanUp.ReferenceOTU1433 EUK.Mock.1_59662	*
N	*	90	*	*	*	*	*	New.CleanUp.ReferenceOTU1434 EUK.Mock.1_88372	*
N	*	90	*	*	*	*	*	New.CleanUp.ReferenceOTU1440 EUK.Mock.1_109075	*
N	*	90	*	*	*	*	*	New.CleanUp.ReferenceOTU1442 EUK.Mock.1_102750	*
N	*	90	*	*	*	*	*	New.CleanUp.ReferenceOTU1444 EUK.Mock.1_102752	*
N	*	90	*	*	*	*	*	New.CleanUp.ReferenceOTU1445 EUK.Mock.1_105915	*
N	*	90	*	*	*	*	*	New.CleanUp.ReferenceOTU1447 EUK.Mock.1_103781	*
N	*	90	*	*	*	*	*	New.CleanUp.ReferenceOTU1448 EUK.Mock.1_102358	*
N	*	90	*	*	*	*	*	New.CleanUp.ReferenceOTU1450 EUK.Mock.1_105795	*
N	*	90	*	*	*	*	*	New.CleanUp.ReferenceOTU1455 EUK.Mock.1_64320	*
N	*	85	*	*	*	*	*	New.CleanUp.ReferenceOTU1458 EUK.Mock.1_64497	*
N	*	86	*	*	*	*	*	New.CleanUp.ReferenceOTU1460 EUK.Mock.1_93891	*
N	*	90	*	*	*	*	*	New.CleanUp.ReferenceOTU1461 EUK.Mock.1_76890	*
N	*	90	*	*	*	*	*	New.CleanUp.ReferenceOTU1463 EUK.Mock.1_76610	*
N	*	90	*	*	*	*	*	New.CleanUp.ReferenceOTU1464 EUK.Mock.1_8695	*
N	*	90	*	*	*	*	*	New.CleanUp.ReferenceOTU1471 EUK.Mock.1_74656	*
N	*	83	*	*	*	*	*	New.CleanUp.ReferenceOTU1474 EUK.Mock.1_96020	*
N	*	90	*	*	*	*	*	New.CleanUp.ReferenceOTU1476 EUK.Mock.1_19801	*
N	*	90	*	*	*	*	*	New.CleanUp.ReferenceOTU1479 EUK.Mock.1_103809	*
N	*	90	*	*	*	*	*	New.CleanUp.ReferenceOTU1481 EUK.Mock.1_62642	*
N	*	90	*	*	*	*	*	New.CleanUp.ReferenceOTU1483 EUK.Mock.1_62640	*
N	*	90	*	*	*	*	*	New.CleanUp.ReferenceOTU1484 EUK.Mock.1_9505	*
N	*	90	*	*	*	*	*	New.CleanUp.ReferenceOTU149 EUK.Mock.1_25008	*
N	*	74	*	*	*	*	*	New.CleanUp.ReferenceOTU1494 EUK.Mock.1_45206	*
N	*	90	*	*	*	*	*	New.CleanUp.ReferenceOTU1506 EUK.Mock.1_86530	*
N	*	90	*	*	*	*	*	New.CleanUp.ReferenceOTU1509 EUK.Mock.1_78934	*
N	*	90	*	*	*	*	*	New.CleanUp.ReferenceOTU1510 EUK.Mock.1_86538	*
N	*	90	*	*	*	*	*	New.CleanUp.ReferenceOTU1514 EUK.Mock.1_2351	*
N	*	86	*	*	*	*	*	New.CleanUp.ReferenceOTU1516 EUK.Mock.1_96591	*
N	*	90	*	*	*	*	*	New.CleanUp.ReferenceOTU1519 EUK.Mock.1_58744	*
N	*	90	*	*	*	*	*	New.CleanUp.ReferenceOTU152 EUK.Mock.1_105620	*
N	*	90	*	*	*	*	*	New.CleanUp.ReferenceOTU1522 EUK.Mock.1_102227	*
N	*	90	*	*	*	*	*	New.CleanUp.ReferenceOTU1523 EUK.Mock.1_27606	*
N	*	90	*	*	*	*	*	New.CleanUp.ReferenceOTU1527 EUK.Mock.1_71735	*
N	*	90	*	*	*	*	*	New.CleanUp.ReferenceOTU1529 EUK.Mock.1_71733	*
N	*	90	*	*	*	*	*	New.CleanUp.ReferenceOTU1534 EUK.Mock.1_3259	*
N	*	90	*	*	*	*	*	New.CleanUp.ReferenceOTU1544 EUK.Mock.1_38520	*
N	*	90	*	*	*	*	*	New.CleanUp.ReferenceOTU1545 EUK.Mock.1_33425	*
N	*	90	*	*	*	*	*	New.CleanUp.ReferenceOTU1549 EUK.Mock.1_106309	*
N	*	90	*	*	*	*	*	New.CleanUp.ReferenceOTU155 EUK.Mock.1_69188	*
N	*	76	*	*	*	*	*	New.CleanUp.ReferenceOTU1556 EUK.Mock.1_103063	*
N	*	90	*	*	*	*	*	New.CleanUp.ReferenceOTU1558 EUK.Mock.1_107491	*
N	*	90	*	*	*	*	*	New.CleanUp.ReferenceOTU157 EUK.Mock.1_104486	*
N	*	84	*	*	*	*	*	New.CleanUp.ReferenceOTU1571 EUK.Mock.1_107543	*
N	*	90	*	*	*	*	*	New.CleanUp.ReferenceOTU1572 EUK.Mock.1_107016	*
N	*	90	*	*	*	*	*	New.CleanUp.ReferenceOTU1573 EUK.Mock.1_108365	*
N	*	90	*	*	*	*	*	New.CleanUp.ReferenceOTU1575 EUK.Mock.1_107545	*
N	*	90	*	*	*	*	*	New.CleanUp.ReferenceOTU1576 EUK.Mock.1_97400	*
N	*	69	*	*	*	*	*	New.CleanUp.ReferenceOTU1577 EUK.Mock.1_27465	*
N	*	90	*	*	*	*	*	New.CleanUp.ReferenceOTU1578 EUK.Mock.1_108364	*
N	*	90	*	*	*	*	*	New.CleanUp.ReferenceOTU1579 EUK.Mock.1_72396	*
N	*	77	*	*	*	*	*	New.CleanUp.ReferenceOTU1580 EUK.Mock.1_71280	*
N	*	90	*	*	*	*	*	New.CleanUp.ReferenceOTU1583 EUK.Mock.1_11757	*
N	*	90	*	*	*	*	*	New.CleanUp.ReferenceOTU1586 EUK.Mock.1_15404	*
N	*	90	*	*	*	*	*	New.CleanUp.ReferenceOTU1587 EUK.Mock.1_85536	*
N	*	90	*	*	*	*	*	New.CleanUp.ReferenceOTU1591 EUK.Mock.1_21341	*
N	*	79	*	*	*	*	*	New.CleanUp.ReferenceOTU1592 EUK.Mock.1_23672	*
N	*	90	*	*	*	*	*	New.CleanUp.ReferenceOTU1594 EUK.Mock.1_81627	*
N	*	90	*	*	*	*	*	New.CleanUp.ReferenceOTU1599 EUK.Mock.1_61785	*
N	*	86	*	*	*	*	*	New.CleanUp.ReferenceOTU1603 EUK.Mock.1_25929	*
N	*	90	*	*	*	*	*	New.CleanUp.ReferenceOTU1604 EUK.Mock.1_91670	*
N	*	90	*	*	*	*	*	New.CleanUp.ReferenceOTU1606 EUK.Mock.1_103250	*
N	*	90	*	*	*	*	*	New.CleanUp.ReferenceOTU1608 EUK.Mock.1_103254	*
N	*	90	*	*	*	*	*	New.CleanUp.ReferenceOTU1614 EUK.Mock.1_6374	*
N	*	90	*	*	*	*	*	New.CleanUp.ReferenceOTU1620 EUK.Mock.1_71198	*
N	*	90	*	*	*	*	*	New.CleanUp.ReferenceOTU1624 EUK.Mock.1_7319	*
N	*	90	*	*	*	*	*	New.CleanUp.ReferenceOTU1625 EUK.Mock.1_3107	*
N	*	90	*	*	*	*	*	New.CleanUp.ReferenceOTU163 EUK.Mock.1_7984	*
N	*	83	*	*	*	*	*	New.CleanUp.ReferenceOTU1630 EUK.Mock.1_103492	*
N	*	90	*	*	*	*	*	New.CleanUp.ReferenceOTU1631 EUK.Mock.1_85551	*
N	*	90	*	*	*	*	*	New.CleanUp.ReferenceOTU1632 EUK.Mock.1_2476	*
N	*	90	*	*	*	*	*	New.CleanUp.ReferenceOTU1636 EUK.Mock.1_42627	*
N	*	90	*	*	*	*	*	New.CleanUp.ReferenceOTU1639 EUK.Mock.1_104162	*
N	*	90	*	*	*	*	*	New.CleanUp.ReferenceOTU1642 EUK.Mock.1_95549	*
N	*	90	*	*	*	*	*	New.CleanUp.ReferenceOTU1646 EUK.Mock.1_65445	*
N	*	83	*	*	*	*	*	New.CleanUp.ReferenceOTU1647 EUK.Mock.1_65331	*
N	*	90	*	*	*	*	*	New.CleanUp.ReferenceOTU1648 EUK.Mock.1_98190	*
N	*	90	*	*	*	*	*	New.CleanUp.ReferenceOTU1649 EUK.Mock.1_60123	*
N	*	90	*	*	*	*	*	New.CleanUp.ReferenceOTU165 EUK.Mock.1_98146	*
N	*	90	*	*	*	*	*	New.CleanUp.ReferenceOTU1650 EUK.Mock.1_89985	*
N	*	82	*	*	*	*	*	New.CleanUp.ReferenceOTU1652 EUK.Mock.1_89297	*
N	*	90	*	*	*	*	*	New.CleanUp.ReferenceOTU1653 EUK.Mock.1_80378	*
N	*	90	*	*	*	*	*	New.CleanUp.ReferenceOTU1659 EUK.Mock.1_65249	*
N	*	76	*	*	*	*	*	New.CleanUp.ReferenceOTU1664 EUK.Mock.1_104567	*
N	*	82	*	*	*	*	*	New.CleanUp.ReferenceOTU167 EUK.Mock.1_104717	*
N	*	90	*	*	*	*	*	New.CleanUp.ReferenceOTU1670 EUK.Mock.1_42485	*
N	*	90	*	*	*	*	*	New.CleanUp.ReferenceOTU1671 EUK.Mock.1_43331	*
N	*	90	*	*	*	*	*	New.CleanUp.ReferenceOTU1674 EUK.Mock.1_103475	*
N	*	69	*	*	*	*	*	New.CleanUp.ReferenceOTU1675 EUK.Mock.1_100784	*
N	*	90	*	*	*	*	*	New.CleanUp.ReferenceOTU1676 EUK.Mock.1_103478	*
N	*	90	*	*	*	*	*	New.CleanUp.ReferenceOTU1677 EUK.Mock.1_97342	*
N	*	78	*	*	*	*	*	New.CleanUp.ReferenceOTU1684 EUK.Mock.1_105561	*
N	*	90	*	*	*	*	*	New.CleanUp.ReferenceOTU1686 EUK.Mock.1_28466	*
N	*	90	*	*	*	*	*	New.CleanUp.ReferenceOTU1695 EUK.Mock.1_15279	*
N	*	90	*	*	*	*	*	New.CleanUp.ReferenceOTU170 EUK.Mock.1_95046	*
N	*	90	*	*	*	*	*	New.CleanUp.ReferenceOTU1700 EUK.Mock.1_62172	*
N	*	90	*	*	*	*	*	New.CleanUp.ReferenceOTU1703 EUK.Mock.1_32078	*
N	*	90	*	*	*	*	*	New.CleanUp.ReferenceOTU1704 EUK.Mock.1_60436	*
N	*	90	*	*	*	*	*	New.CleanUp.ReferenceOTU1707 EUK.Mock.1_105093	*
N	*	82	*	*	*	*	*	New.CleanUp.ReferenceOTU1709 EUK.Mock.1_100096	*
N	*	90	*	*	*	*	*	New.CleanUp.ReferenceOTU171 EUK.Mock.1_20772	*
N	*	90	*	*	*	*	*	New.CleanUp.ReferenceOTU1711 EUK.Mock.1_16162	*
N	*	90	*	*	*	*	*	New.CleanUp.ReferenceOTU1717 EUK.Mock.1_52864	*
N	*	90	*	*	*	*	*	New.CleanUp.ReferenceOTU1722 EUK.Mock.1_104940	*
N	*	83	*	*	*	*	*	New.CleanUp.ReferenceOTU1724 EUK.Mock.1_83113	*
N	*	69	*	*	*	*	*	New.CleanUp.ReferenceOTU1728 EUK.Mock.1_83447	*
N	*	90	*	*	*	*	*	New.CleanUp.ReferenceOTU1729 EUK.Mock.1_93826	*
N	*	82	*	*	*	*	*	New.CleanUp.ReferenceOTU1734 EUK.Mock.1_76884	*
N	*	90	*	*	*	*	*	New.CleanUp.ReferenceOTU1737 EUK.Mock.1_101882	*
N	*	90	*	*	*	*	*	New.CleanUp.ReferenceOTU174 EUK.Mock.1_42388	*
N	*	90	*	*	*	*	*	New.CleanUp.ReferenceOTU1742 EUK.Mock.1_77910	*
N	*	86	*	*	*	*	*	New.CleanUp.ReferenceOTU1744 EUK.Mock.1_101231	*
N	*	90	*	*	*	*	*	New.CleanUp.ReferenceOTU1749 EUK.Mock.1_15458	*
N	*	84	*	*	*	*	*	New.CleanUp.ReferenceOTU1750 EUK.Mock.1_64175	*
N	*	90	*	*	*	*	*	New.CleanUp.ReferenceOTU1757 EUK.Mock.1_68442	*
N	*	90	*	*	*	*	*	New.CleanUp.ReferenceOTU1758 EUK.Mock.1_41028	*
N	*	90	*	*	*	*	*	New.CleanUp.ReferenceOTU176 EUK.Mock.1_83755	*
N	*	90	*	*	*	*	*	New.CleanUp.ReferenceOTU1760 EUK.Mock.1_102035	*
N	*	90	*	*	*	*	*	New.CleanUp.ReferenceOTU1764 EUK.Mock.1_4046	*
N	*	90	*	*	*	*	*	New.CleanUp.ReferenceOTU1765 EUK.Mock.1_50128	*
N	*	90	*	*	*	*	*	New.CleanUp.ReferenceOTU1767 EUK.Mock.1_4042	*
N	*	90	*	*	*	*	*	New.CleanUp.ReferenceOTU1769 EUK.Mock.1_92677	*
N	*	90	*	*	*	*	*	New.CleanUp.ReferenceOTU1772 EUK.Mock.1_99316	*
N	*	90	*	*	*	*	*	New.CleanUp.ReferenceOTU1774 EUK.Mock.1_73853	*
N	*	90	*	*	*	*	*	New.CleanUp.ReferenceOTU1775 EUK.Mock.1_74800	*
N	*	90	*	*	*	*	*	New.CleanUp.ReferenceOTU1777 EUK.Mock.1_106952	*
N	*	90	*	*	*	*	*	New.CleanUp.ReferenceOTU1782 EUK.Mock.1_91132	*
N	*	83	*	*	*	*	*	New.CleanUp.ReferenceOTU1783 EUK.Mock.1_32859	*
N	*	90	*	*	*	*	*	New.CleanUp.ReferenceOTU1785 EUK.Mock.1_99796	*
N	*	86	*	*	*	*	*	New.CleanUp.ReferenceOTU1787 EUK.Mock.1_71038	*
N	*	90	*	*	*	*	*	New.CleanUp.ReferenceOTU179 EUK.Mock.1_108720	*
N	*	90	*	*	*	*	*	New.CleanUp.ReferenceOTU1790 EUK.Mock.1_71034	*
N	*	81	*	*	*	*	*	New.CleanUp.ReferenceOTU1792 EUK.Mock.1_106278	*
N	*	90	*	*	*	*	*	New.CleanUp.ReferenceOTU1795 EUK.Mock.1_5579	*
N	*	90	*	*	*	*	*	New.CleanUp.ReferenceOTU180 EUK.Mock.1_12016	*
N	*	90	*	*	*	*	*	New.CleanUp.ReferenceOTU1802 EUK.Mock.1_7028	*
N	*	90	*	*	*	*	*	New.CleanUp.ReferenceOTU1804 EUK.Mock.1_70956	*
N	*	90	*	*	*	*	*	New.CleanUp.ReferenceOTU1806 EUK.Mock.1_75198	*
N	*	82	*	*	*	*	*	New.CleanUp.ReferenceOTU1807 EUK.Mock.1_80974	*
N	*	90	*	*	*	*	*	New.CleanUp.ReferenceOTU1809 EUK.Mock.1_24944	*
N	*	90	*	*	*	*	*	New.CleanUp.ReferenceOTU1811 EUK.Mock.1_72707	*
N	*	90	*	*	*	*	*	New.CleanUp.ReferenceOTU1817 EUK.Mock.1_96309	*
N	*	90	*	*	*	*	*	New.CleanUp.ReferenceOTU182 EUK.Mock.1_13540	*
N	*	90	*	*	*	*	*	New.CleanUp.ReferenceOTU1825 EUK.Mock.1_103074	*
N	*	72	*	*	*	*	*	New.CleanUp.ReferenceOTU1826 EUK.Mock.1_106551	*
N	*	81	*	*	*	*	*	New.CleanUp.ReferenceOTU1828 EUK.Mock.1_88089	*
N	*	90	*	*	*	*	*	New.CleanUp.ReferenceOTU1831 EUK.Mock.1_56601	*
N	*	85	*	*	*	*	*	New.CleanUp.ReferenceOTU1832 EUK.Mock.1_97099	*
N	*	90	*	*	*	*	*	New.CleanUp.ReferenceOTU1834 EUK.Mock.1_72172	*
N	*	90	*	*	*	*	*	New.CleanUp.ReferenceOTU1836 EUK.Mock.1_59240	*
N	*	90	*	*	*	*	*	New.CleanUp.ReferenceOTU1841 EUK.Mock.1_23268	*
N	*	90	*	*	*	*	*	New.CleanUp.ReferenceOTU1846 EUK.Mock.1_72412	*
N	*	90	*	*	*	*	*	New.CleanUp.ReferenceOTU1847 EUK.Mock.1_77173	*
N	*	90	*	*	*	*	*	New.CleanUp.ReferenceOTU1848 EUK.Mock.1_54951	*
N	*	90	*	*	*	*	*	New.CleanUp.ReferenceOTU185 EUK.Mock.1_109141	*
N	*	90	*	*	*	*	*	New.CleanUp.ReferenceOTU1851 EUK.Mock.1_68995	*
N	*	90	*	*	*	*	*	New.CleanUp.ReferenceOTU1857 EUK.Mock.1_47214	*
N	*	90	*	*	*	*	*	New.CleanUp.ReferenceOTU1859 EUK.Mock.1_73478	*
N	*	90	*	*	*	*	*	New.CleanUp.ReferenceOTU1861 EUK.Mock.1_77286	*
N	*	90	*	*	*	*	*	New.CleanUp.ReferenceOTU1862 EUK.Mock.1_101785	*
N	*	90	*	*	*	*	*	New.CleanUp.ReferenceOTU1864 EUK.Mock.1_101780	*
N	*	90	*	*	*	*	*	New.CleanUp.ReferenceOTU1870 EUK.Mock.1_59664	*
N	*	90	*	*	*	*	*	New.CleanUp.ReferenceOTU1874 EUK.Mock.1_69658	*
N	*	90	*	*	*	*	*	New.CleanUp.ReferenceOTU188 EUK.Mock.1_60284	*
N	*	90	*	*	*	*	*	New.CleanUp.ReferenceOTU1880 EUK.Mock.1_81764	*
N	*	90	*	*	*	*	*	New.CleanUp.ReferenceOTU1882 EUK.Mock.1_69656	*
N	*	83	*	*	*	*	*	New.CleanUp.ReferenceOTU1886 EUK.Mock.1_70818	*
N	*	90	*	*	*	*	*	New.CleanUp.ReferenceOTU1888 EUK.Mock.1_68773	*
N	*	90	*	*	*	*	*	New.CleanUp.ReferenceOTU1889 EUK.Mock.1_94956	*
N	*	90	*	*	*	*	*	New.CleanUp.ReferenceOTU1891 EUK.Mock.1_22623	*
N	*	90	*	*	*	*	*	New.CleanUp.ReferenceOTU1896 EUK.Mock.1_38186	*
N	*	80	*	*	*	*	*	New.CleanUp.ReferenceOTU1906 EUK.Mock.1_22539	*
N	*	90	*	*	*	*	*	New.CleanUp.ReferenceOTU1911 EUK.Mock.1_53416	*
N	*	90	*	*	*	*	*	New.CleanUp.ReferenceOTU1913 EUK.Mock.1_64660	*
N	*	90	*	*	*	*	*	New.CleanUp.ReferenceOTU192 EUK.Mock.1_446	*
N	*	90	*	*	*	*	*	New.CleanUp.ReferenceOTU1923 EUK.Mock.1_104575	*
N	*	90	*	*	*	*	*	New.CleanUp.ReferenceOTU1925 EUK.Mock.1_103688	*
N	*	90	*	*	*	*	*	New.CleanUp.ReferenceOTU1926 EUK.Mock.1_85875	*
N	*	90	*	*	*	*	*	New.CleanUp.ReferenceOTU1927 EUK.Mock.1_13079	*
N	*	90	*	*	*	*	*	New.CleanUp.ReferenceOTU1939 EUK.Mock.1_35660	*
N	*	90	*	*	*	*	*	New.CleanUp.ReferenceOTU194 EUK.Mock.1_69986	*
N	*	90	*	*	*	*	*	New.CleanUp.ReferenceOTU1942 EUK.Mock.1_105319	*
N	*	90	*	*	*	*	*	New.CleanUp.ReferenceOTU1944 EUK.Mock.1_68302	*
N	*	90	*	*	*	*	*	New.CleanUp.ReferenceOTU1947 EUK.Mock.1_65542	*
N	*	78	*	*	*	*	*	New.CleanUp.ReferenceOTU1949 EUK.Mock.1_64543	*
N	*	90	*	*	*	*	*	New.CleanUp.ReferenceOTU195 EUK.Mock.1_12947	*
N	*	90	*	*	*	*	*	New.CleanUp.ReferenceOTU1950 EUK.Mock.1_43545	*
N	*	90	*	*	*	*	*	New.CleanUp.ReferenceOTU1952 EUK.Mock.1_105557	*
N	*	90	*	*	*	*	*	New.CleanUp.ReferenceOTU1956 EUK.Mock.1_6699	*
N	*	90	*	*	*	*	*	New.CleanUp.ReferenceOTU196 EUK.Mock.1_17396	*
N	*	90	*	*	*	*	*	New.CleanUp.ReferenceOTU1960 EUK.Mock.1_32667	*
N	*	90	*	*	*	*	*	New.CleanUp.ReferenceOTU1965 EUK.Mock.1_23844	*
N	*	90	*	*	*	*	*	New.CleanUp.ReferenceOTU1969 EUK.Mock.1_100243	*
N	*	90	*	*	*	*	*	New.CleanUp.ReferenceOTU1976 EUK.Mock.1_17179	*
N	*	90	*	*	*	*	*	New.CleanUp.ReferenceOTU1982 EUK.Mock.1_106124	*
N	*	90	*	*	*	*	*	New.CleanUp.ReferenceOTU1984 EUK.Mock.1_69436	*
N	*	90	*	*	*	*	*	New.CleanUp.ReferenceOTU1986 EUK.Mock.1_5986	*
N	*	90	*	*	*	*	*	New.CleanUp.ReferenceOTU1990 EUK.Mock.1_93781	*
N	*	90	*	*	*	*	*	New.CleanUp.ReferenceOTU1995 EUK.Mock.1_81528	*
N	*	90	*	*	*	*	*	New.CleanUp.ReferenceOTU1997 EUK.Mock.1_30748	*
N	*	71	*	*	*	*	*	New.CleanUp.ReferenceOTU2 EUK.Mock.1_62458	*
N	*	71	*	*	*	*	*	New.CleanUp.ReferenceOTU2001 EUK.Mock.1_105428	*
N	*	90	*	*	*	*	*	New.CleanUp.ReferenceOTU2003 EUK.Mock.1_84909	*
N	*	90	*	*	*	*	*	New.CleanUp.ReferenceOTU2005 EUK.Mock.1_21729	*
N	*	85	*	*	*	*	*	New.CleanUp.ReferenceOTU2006 EUK.Mock.1_65168	*
N	*	90	*	*	*	*	*	New.CleanUp.ReferenceOTU2008 EUK.Mock.1_71340	*
N	*	90	*	*	*	*	*	New.CleanUp.ReferenceOTU2009 EUK.Mock.1_101207	*
N	*	90	*	*	*	*	*	New.CleanUp.ReferenceOTU2011 EUK.Mock.1_108899	*
N	*	90	*	*	*	*	*	New.CleanUp.ReferenceOTU202 EUK.Mock.1_105532	*
N	*	90	*	*	*	*	*	New.CleanUp.ReferenceOTU2020 EUK.Mock.1_77906	*
N	*	90	*	*	*	*	*	New.CleanUp.ReferenceOTU2021 EUK.Mock.1_59878	*
N	*	90	*	*	*	*	*	New.CleanUp.ReferenceOTU2022 EUK.Mock.1_4126	*
N	*	90	*	*	*	*	*	New.CleanUp.ReferenceOTU2024 EUK.Mock.1_9563	*
N	*	83	*	*	*	*	*	New.CleanUp.ReferenceOTU2025 EUK.Mock.1_68699	*
N	*	90	*	*	*	*	*	New.CleanUp.ReferenceOTU2027 EUK.Mock.1_86730	*
N	*	90	*	*	*	*	*	New.CleanUp.ReferenceOTU2033 EUK.Mock.1_69904	*
N	*	90	*	*	*	*	*	New.CleanUp.ReferenceOTU2035 EUK.Mock.1_70247	*
N	*	90	*	*	*	*	*	New.CleanUp.ReferenceOTU2037 EUK.Mock.1_105048	*
N	*	90	*	*	*	*	*	New.CleanUp.ReferenceOTU2039 EUK.Mock.1_102026	*
N	*	90	*	*	*	*	*	New.CleanUp.ReferenceOTU2041 EUK.Mock.1_24394	*
N	*	90	*	*	*	*	*	New.CleanUp.ReferenceOTU205 EUK.Mock.1_841	*
N	*	90	*	*	*	*	*	New.CleanUp.ReferenceOTU2053 EUK.Mock.1_105345	*
N	*	90	*	*	*	*	*	New.CleanUp.ReferenceOTU2054 EUK.Mock.1_106967	*
N	*	90	*	*	*	*	*	New.CleanUp.ReferenceOTU2056 EUK.Mock.1_99271	*
N	*	90	*	*	*	*	*	New.CleanUp.ReferenceOTU2059 EUK.Mock.1_106149	*
N	*	90	*	*	*	*	*	New.CleanUp.ReferenceOTU2062 EUK.Mock.1_108989	*
N	*	90	*	*	*	*	*	New.CleanUp.ReferenceOTU2063 EUK.Mock.1_102246	*
N	*	90	*	*	*	*	*	New.CleanUp.ReferenceOTU2066 EUK.Mock.1_106142	*
N	*	90	*	*	*	*	*	New.CleanUp.ReferenceOTU2067 EUK.Mock.1_96576	*
N	*	90	*	*	*	*	*	New.CleanUp.ReferenceOTU2075 EUK.Mock.1_91682	*
N	*	90	*	*	*	*	*	New.CleanUp.ReferenceOTU2077 EUK.Mock.1_101847	*
N	*	90	*	*	*	*	*	New.CleanUp.ReferenceOTU2081 EUK.Mock.1_3901	*
N	*	90	*	*	*	*	*	New.CleanUp.ReferenceOTU2083 EUK.Mock.1_89861	*
N	*	90	*	*	*	*	*	New.CleanUp.ReferenceOTU2085 EUK.Mock.1_105390	*
N	*	90	*	*	*	*	*	New.CleanUp.ReferenceOTU2088 EUK.Mock.1_27567	*
N	*	82	*	*	*	*	*	New.CleanUp.ReferenceOTU209 EUK.Mock.1_101197	*
N	*	90	*	*	*	*	*	New.CleanUp.ReferenceOTU2090 EUK.Mock.1_24978	*
N	*	90	*	*	*	*	*	New.CleanUp.ReferenceOTU2091 EUK.Mock.1_71754	*
N	*	90	*	*	*	*	*	New.CleanUp.ReferenceOTU2092 EUK.Mock.1_105941	*
N	*	90	*	*	*	*	*	New.CleanUp.ReferenceOTU2095 EUK.Mock.1_32931	*
N	*	90	*	*	*	*	*	New.CleanUp.ReferenceOTU21 EUK.Mock.1_14753	*
N	*	90	*	*	*	*	*	New.CleanUp.ReferenceOTU210 EUK.Mock.1_849	*
N	*	90	*	*	*	*	*	New.CleanUp.ReferenceOTU2107 EUK.Mock.1_27715	*
N	*	90	*	*	*	*	*	New.CleanUp.ReferenceOTU2109 EUK.Mock.1_70752	*
N	*	90	*	*	*	*	*	New.CleanUp.ReferenceOTU211 EUK.Mock.1_71272	*
N	*	90	*	*	*	*	*	New.CleanUp.ReferenceOTU2112 EUK.Mock.1_59762	*
N	*	90	*	*	*	*	*	New.CleanUp.ReferenceOTU2118 EUK.Mock.1_81819	*
N	*	90	*	*	*	*	*	New.CleanUp.ReferenceOTU2120 EUK.Mock.1_107563	*
N	*	90	*	*	*	*	*	New.CleanUp.ReferenceOTU2133 EUK.Mock.1_38336	*
N	*	90	*	*	*	*	*	New.CleanUp.ReferenceOTU2137 EUK.Mock.1_93460	*
N	*	90	*	*	*	*	*	New.CleanUp.ReferenceOTU2141 EUK.Mock.1_66792	*
N	*	90	*	*	*	*	*	New.CleanUp.ReferenceOTU2142 EUK.Mock.1_86954	*
N	*	90	*	*	*	*	*	New.CleanUp.ReferenceOTU2146 EUK.Mock.1_22380	*
N	*	90	*	*	*	*	*	New.CleanUp.ReferenceOTU2148 EUK.Mock.1_67318	*
N	*	90	*	*	*	*	*	New.CleanUp.ReferenceOTU2153 EUK.Mock.1_100538	*
N	*	90	*	*	*	*	*	New.CleanUp.ReferenceOTU2154 EUK.Mock.1_69310	*
N	*	90	*	*	*	*	*	New.CleanUp.ReferenceOTU2157 EUK.Mock.1_70800	*
N	*	90	*	*	*	*	*	New.CleanUp.ReferenceOTU2159 EUK.Mock.1_29136	*
N	*	90	*	*	*	*	*	New.CleanUp.ReferenceOTU216 EUK.Mock.1_86802	*
N	*	90	*	*	*	*	*	New.CleanUp.ReferenceOTU2160 EUK.Mock.1_83952	*
N	*	90	*	*	*	*	*	New.CleanUp.ReferenceOTU2161 EUK.Mock.1_82397	*
N	*	85	*	*	*	*	*	New.CleanUp.ReferenceOTU2162 EUK.Mock.1_22704	*
N	*	90	*	*	*	*	*	New.CleanUp.ReferenceOTU2169 EUK.Mock.1_81772	*
N	*	90	*	*	*	*	*	New.CleanUp.ReferenceOTU2171 EUK.Mock.1_69488	*
N	*	90	*	*	*	*	*	New.CleanUp.ReferenceOTU2172 EUK.Mock.1_25943	*
N	*	90	*	*	*	*	*	New.CleanUp.ReferenceOTU2175 EUK.Mock.1_66138	*
N	*	90	*	*	*	*	*	New.CleanUp.ReferenceOTU2179 EUK.Mock.1_101750	*
N	*	90	*	*	*	*	*	New.CleanUp.ReferenceOTU218 EUK.Mock.1_86806	*
N	*	90	*	*	*	*	*	New.CleanUp.ReferenceOTU2182 EUK.Mock.1_21382	*
N	*	90	*	*	*	*	*	New.CleanUp.ReferenceOTU2187 EUK.Mock.1_75043	*
N	*	90	*	*	*	*	*	New.CleanUp.ReferenceOTU2189 EUK.Mock.1_28868	*
N	*	90	*	*	*	*	*	New.CleanUp.ReferenceOTU2192 EUK.Mock.1_67539	*
N	*	90	*	*	*	*	*	New.CleanUp.ReferenceOTU2199 EUK.Mock.1_784	*
N	*	90	*	*	*	*	*	New.CleanUp.ReferenceOTU220 EUK.Mock.1_66355	*
N	*	90	*	*	*	*	*	New.CleanUp.ReferenceOTU2200 EUK.Mock.1_85462	*
N	*	90	*	*	*	*	*	New.CleanUp.ReferenceOTU2202 EUK.Mock.1_105507	*
N	*	86	*	*	*	*	*	New.CleanUp.ReferenceOTU2206 EUK.Mock.1_104548	*
N	*	90	*	*	*	*	*	New.CleanUp.ReferenceOTU2216 EUK.Mock.1_63838	*
N	*	90	*	*	*	*	*	New.CleanUp.ReferenceOTU2220 EUK.Mock.1_74050	*
N	*	85	*	*	*	*	*	New.CleanUp.ReferenceOTU2224 EUK.Mock.1_95964	*
N	*	90	*	*	*	*	*	New.CleanUp.ReferenceOTU2225 EUK.Mock.1_65313	*
N	*	90	*	*	*	*	*	New.CleanUp.ReferenceOTU223 EUK.Mock.1_68036	*
N	*	86	*	*	*	*	*	New.CleanUp.ReferenceOTU2230 EUK.Mock.1_103454	*
N	*	86	*	*	*	*	*	New.CleanUp.ReferenceOTU2232 EUK.Mock.1_108268	*
N	*	69	*	*	*	*	*	New.CleanUp.ReferenceOTU2236 EUK.Mock.1_105239	*
N	*	90	*	*	*	*	*	New.CleanUp.ReferenceOTU2237 EUK.Mock.1_6422	*
N	*	90	*	*	*	*	*	New.CleanUp.ReferenceOTU224 EUK.Mock.1_68035	*
N	*	90	*	*	*	*	*	New.CleanUp.ReferenceOTU2244 EUK.Mock.1_105542	*
N	*	90	*	*	*	*	*	New.CleanUp.ReferenceOTU2249 EUK.Mock.1_95560	*
N	*	90	*	*	*	*	*	New.CleanUp.ReferenceOTU2251 EUK.Mock.1_70029	*
N	*	90	*	*	*	*	*	New.CleanUp.ReferenceOTU2262 EUK.Mock.1_52396	*
N	*	90	*	*	*	*	*	New.CleanUp.ReferenceOTU2265 EUK.Mock.1_65513	*
N	*	90	*	*	*	*	*	New.CleanUp.ReferenceOTU2267 EUK.Mock.1_72988	*
N	*	90	*	*	*	*	*	New.CleanUp.ReferenceOTU2272 EUK.Mock.1_104429	*
N	*	90	*	*	*	*	*	New.CleanUp.ReferenceOTU2274 EUK.Mock.1_105433	*
N	*	90	*	*	*	*	*	New.CleanUp.ReferenceOTU2275 EUK.Mock.1_38977	*
N	*	90	*	*	*	*	*	New.CleanUp.ReferenceOTU2276 EUK.Mock.1_101696	*
N	*	78	*	*	*	*	*	New.CleanUp.ReferenceOTU2286 EUK.Mock.1_9190	*
N	*	90	*	*	*	*	*	New.CleanUp.ReferenceOTU2288 EUK.Mock.1_71974	*
N	*	90	*	*	*	*	*	New.CleanUp.ReferenceOTU2291 EUK.Mock.1_69868	*
N	*	85	*	*	*	*	*	New.CleanUp.ReferenceOTU2292 EUK.Mock.1_65171	*
N	*	90	*	*	*	*	*	New.CleanUp.ReferenceOTU2295 EUK.Mock.1_41002	*
N	*	90	*	*	*	*	*	New.CleanUp.ReferenceOTU2297 EUK.Mock.1_108886	*
N	*	90	*	*	*	*	*	New.CleanUp.ReferenceOTU23 EUK.Mock.1_63158	*
N	*	90	*	*	*	*	*	New.CleanUp.ReferenceOTU230 EUK.Mock.1_102158	*
N	*	90	*	*	*	*	*	New.CleanUp.ReferenceOTU2300 EUK.Mock.1_64576	*
N	*	82	*	*	*	*	*	New.CleanUp.ReferenceOTU2303 EUK.Mock.1_44414	*
N	*	90	*	*	*	*	*	New.CleanUp.ReferenceOTU2304 EUK.Mock.1_8485	*
N	*	90	*	*	*	*	*	New.CleanUp.ReferenceOTU2307 EUK.Mock.1_89174	*
N	*	90	*	*	*	*	*	New.CleanUp.ReferenceOTU231 EUK.Mock.1_18576	*
N	*	90	*	*	*	*	*	New.CleanUp.ReferenceOTU2318 EUK.Mock.1_98329	*
N	*	90	*	*	*	*	*	New.CleanUp.ReferenceOTU2319 EUK.Mock.1_87639	*
N	*	90	*	*	*	*	*	New.CleanUp.ReferenceOTU232 EUK.Mock.1_2809	*
N	*	84	*	*	*	*	*	New.CleanUp.ReferenceOTU2320 EUK.Mock.1_9286	*
N	*	90	*	*	*	*	*	New.CleanUp.ReferenceOTU2322 EUK.Mock.1_69918	*
N	*	90	*	*	*	*	*	New.CleanUp.ReferenceOTU2323 EUK.Mock.1_68421	*
N	*	90	*	*	*	*	*	New.CleanUp.ReferenceOTU2326 EUK.Mock.1_10030	*
N	*	90	*	*	*	*	*	New.CleanUp.ReferenceOTU2328 EUK.Mock.1_10031	*
N	*	90	*	*	*	*	*	New.CleanUp.ReferenceOTU234 EUK.Mock.1_107425	*
N	*	90	*	*	*	*	*	New.CleanUp.ReferenceOTU2340 EUK.Mock.1_106798	*
N	*	90	*	*	*	*	*	New.CleanUp.ReferenceOTU2342 EUK.Mock.1_99206	*
N	*	90	*	*	*	*	*	New.CleanUp.ReferenceOTU2345 EUK.Mock.1_39828	*
N	*	90	*	*	*	*	*	New.CleanUp.ReferenceOTU2346 EUK.Mock.1_8072	*
N	*	90	*	*	*	*	*	New.CleanUp.ReferenceOTU2351 EUK.Mock.1_70587	*
N	*	90	*	*	*	*	*	New.CleanUp.ReferenceOTU2357 EUK.Mock.1_3460	*
N	*	90	*	*	*	*	*	New.CleanUp.ReferenceOTU2360 EUK.Mock.1_91696	*
N	*	81	*	*	*	*	*	New.CleanUp.ReferenceOTU2361 EUK.Mock.1_107158	*
N	*	74	*	*	*	*	*	New.CleanUp.ReferenceOTU2363 EUK.Mock.1_67506	*
N	*	90	*	*	*	*	*	New.CleanUp.ReferenceOTU2371 EUK.Mock.1_55374	*
N	*	83	*	*	*	*	*	New.CleanUp.ReferenceOTU2374 EUK.Mock.1_34762	*
N	*	90	*	*	*	*	*	New.CleanUp.ReferenceOTU2375 EUK.Mock.1_71689	*
N	*	90	*	*	*	*	*	New.CleanUp.ReferenceOTU2382 EUK.Mock.1_107777	*
N	*	90	*	*	*	*	*	New.CleanUp.ReferenceOTU2384 EUK.Mock.1_105849	*
N	*	90	*	*	*	*	*	New.CleanUp.ReferenceOTU2387 EUK.Mock.1_48234	*
N	*	90	*	*	*	*	*	New.CleanUp.ReferenceOTU2388 EUK.Mock.1_25688	*
N	*	90	*	*	*	*	*	New.CleanUp.ReferenceOTU2394 EUK.Mock.1_99864	*
N	*	90	*	*	*	*	*	New.CleanUp.ReferenceOTU2395 EUK.Mock.1_63512	*
N	*	90	*	*	*	*	*	New.CleanUp.ReferenceOTU2405 EUK.Mock.1_76506	*
N	*	90	*	*	*	*	*	New.CleanUp.ReferenceOTU241 EUK.Mock.1_69446	*
N	*	90	*	*	*	*	*	New.CleanUp.ReferenceOTU2410 EUK.Mock.1_107195	*
N	*	90	*	*	*	*	*	New.CleanUp.ReferenceOTU2411 EUK.Mock.1_93210	*
N	*	90	*	*	*	*	*	New.CleanUp.ReferenceOTU2415 EUK.Mock.1_31813	*
N	*	90	*	*	*	*	*	New.CleanUp.ReferenceOTU2418 EUK.Mock.1_69304	*
N	*	90	*	*	*	*	*	New.CleanUp.ReferenceOTU2423 EUK.Mock.1_69821	*
N	*	83	*	*	*	*	*	New.CleanUp.ReferenceOTU2425 EUK.Mock.1_72056	*
N	*	80	*	*	*	*	*	New.CleanUp.ReferenceOTU2427 EUK.Mock.1_80737	*
N	*	90	*	*	*	*	*	New.CleanUp.ReferenceOTU2428 EUK.Mock.1_97055	*
N	*	90	*	*	*	*	*	New.CleanUp.ReferenceOTU243 EUK.Mock.1_70330	*
N	*	90	*	*	*	*	*	New.CleanUp.ReferenceOTU2431 EUK.Mock.1_107359	*
N	*	90	*	*	*	*	*	New.CleanUp.ReferenceOTU2434 EUK.Mock.1_80606	*
N	*	90	*	*	*	*	*	New.CleanUp.ReferenceOTU2438 EUK.Mock.1_69677	*
N	*	82	*	*	*	*	*	New.CleanUp.ReferenceOTU2440 EUK.Mock.1_62113	*
N	*	90	*	*	*	*	*	New.CleanUp.ReferenceOTU2446 EUK.Mock.1_101570	*
N	*	90	*	*	*	*	*	New.CleanUp.ReferenceOTU2450 EUK.Mock.1_51290	*
N	*	90	*	*	*	*	*	New.CleanUp.ReferenceOTU2451 EUK.Mock.1_57538	*
N	*	90	*	*	*	*	*	New.CleanUp.ReferenceOTU2458 EUK.Mock.1_57991	*
N	*	90	*	*	*	*	*	New.CleanUp.ReferenceOTU2461 EUK.Mock.1_57998	*
N	*	90	*	*	*	*	*	New.CleanUp.ReferenceOTU2464 EUK.Mock.1_3134	*
N	*	90	*	*	*	*	*	New.CleanUp.ReferenceOTU247 EUK.Mock.1_106045	*
N	*	90	*	*	*	*	*	New.CleanUp.ReferenceOTU2472 EUK.Mock.1_101743	*
N	*	70	*	*	*	*	*	New.CleanUp.ReferenceOTU2474 EUK.Mock.1_108416	*
N	*	90	*	*	*	*	*	New.CleanUp.ReferenceOTU2475 EUK.Mock.1_88710	*
N	*	90	*	*	*	*	*	New.CleanUp.ReferenceOTU2478 EUK.Mock.1_57660	*
N	*	85	*	*	*	*	*	New.CleanUp.ReferenceOTU248 EUK.Mock.1_92176	*
N	*	86	*	*	*	*	*	New.CleanUp.ReferenceOTU2482 EUK.Mock.1_104510	*
N	*	90	*	*	*	*	*	New.CleanUp.ReferenceOTU2487 EUK.Mock.1_102865	*
N	*	90	*	*	*	*	*	New.CleanUp.ReferenceOTU2494 EUK.Mock.1_97935	*
N	*	90	*	*	*	*	*	New.CleanUp.ReferenceOTU2499 EUK.Mock.1_38443	*
N	*	90	*	*	*	*	*	New.CleanUp.ReferenceOTU2500 EUK.Mock.1_104085	*
N	*	90	*	*	*	*	*	New.CleanUp.ReferenceOTU2502 EUK.Mock.1_79551	*
N	*	90	*	*	*	*	*	New.CleanUp.ReferenceOTU2505 EUK.Mock.1_69295	*
N	*	90	*	*	*	*	*	New.CleanUp.ReferenceOTU2507 EUK.Mock.1_69457	*
N	*	90	*	*	*	*	*	New.CleanUp.ReferenceOTU251 EUK.Mock.1_22935	*
N	*	90	*	*	*	*	*	New.CleanUp.ReferenceOTU2517 EUK.Mock.1_103420	*
N	*	75	*	*	*	*	*	New.CleanUp.ReferenceOTU2523 EUK.Mock.1_43767	*
N	*	90	*	*	*	*	*	New.CleanUp.ReferenceOTU2525 EUK.Mock.1_88027	*
N	*	90	*	*	*	*	*	New.CleanUp.ReferenceOTU2527 EUK.Mock.1_108323	*
N	*	90	*	*	*	*	*	New.CleanUp.ReferenceOTU2533 EUK.Mock.1_66588	*
N	*	90	*	*	*	*	*	New.CleanUp.ReferenceOTU2542 EUK.Mock.1_39016	*
N	*	84	*	*	*	*	*	New.CleanUp.ReferenceOTU2543 EUK.Mock.1_56675	*
N	*	90	*	*	*	*	*	New.CleanUp.ReferenceOTU2545 EUK.Mock.1_25174	*
N	*	90	*	*	*	*	*	New.CleanUp.ReferenceOTU255 EUK.Mock.1_84953	*
N	*	90	*	*	*	*	*	New.CleanUp.ReferenceOTU2559 EUK.Mock.1_102314	*
N	*	90	*	*	*	*	*	New.CleanUp.ReferenceOTU256 EUK.Mock.1_102086	*
N	*	90	*	*	*	*	*	New.CleanUp.ReferenceOTU2565 EUK.Mock.1_105683	*
N	*	90	*	*	*	*	*	New.CleanUp.ReferenceOTU2567 EUK.Mock.1_105681	*
N	*	77	*	*	*	*	*	New.CleanUp.ReferenceOTU2568 EUK.Mock.1_105687	*
N	*	90	*	*	*	*	*	New.CleanUp.ReferenceOTU2569 EUK.Mock.1_92437	*
N	*	90	*	*	*	*	*	New.CleanUp.ReferenceOTU2570 EUK.Mock.1_71964	*
N	*	90	*	*	*	*	*	New.CleanUp.ReferenceOTU2574 EUK.Mock.1_104424	*
N	*	90	*	*	*	*	*	New.CleanUp.ReferenceOTU2575 EUK.Mock.1_85799	*
N	*	90	*	*	*	*	*	New.CleanUp.ReferenceOTU2580 EUK.Mock.1_83092	*
N	*	90	*	*	*	*	*	New.CleanUp.ReferenceOTU2587 EUK.Mock.1_71367	*
N	*	90	*	*	*	*	*	New.CleanUp.ReferenceOTU2589 EUK.Mock.1_52830	*
N	*	90	*	*	*	*	*	New.CleanUp.ReferenceOTU2590 EUK.Mock.1_100358	*
N	*	83	*	*	*	*	*	New.CleanUp.ReferenceOTU2592 EUK.Mock.1_53522	*
N	*	90	*	*	*	*	*	New.CleanUp.ReferenceOTU2593 EUK.Mock.1_76694	*
N	*	90	*	*	*	*	*	New.CleanUp.ReferenceOTU2594 EUK.Mock.1_102912	*
N	*	90	*	*	*	*	*	New.CleanUp.ReferenceOTU2597 EUK.Mock.1_87627	*
N	*	90	*	*	*	*	*	New.CleanUp.ReferenceOTU2602 EUK.Mock.1_99474	*
N	*	85	*	*	*	*	*	New.CleanUp.ReferenceOTU2607 EUK.Mock.1_76249	*
N	*	90	*	*	*	*	*	New.CleanUp.ReferenceOTU2610 EUK.Mock.1_69928	*
N	*	90	*	*	*	*	*	New.CleanUp.ReferenceOTU2614 EUK.Mock.1_5074	*
N	*	90	*	*	*	*	*	New.CleanUp.ReferenceOTU2616 EUK.Mock.1_75274	*
N	*	90	*	*	*	*	*	New.CleanUp.ReferenceOTU2624 EUK.Mock.1_88434	*
N	*	90	*	*	*	*	*	New.CleanUp.ReferenceOTU2625 EUK.Mock.1_44752	*
N	*	90	*	*	*	*	*	New.CleanUp.ReferenceOTU2626 EUK.Mock.1_106909	*
N	*	81	*	*	*	*	*	New.CleanUp.ReferenceOTU2636 EUK.Mock.1_102460	*
N	*	90	*	*	*	*	*	New.CleanUp.ReferenceOTU2638 EUK.Mock.1_87711	*
N	*	90	*	*	*	*	*	New.CleanUp.ReferenceOTU2646 EUK.Mock.1_107078	*
N	*	90	*	*	*	*	*	New.CleanUp.ReferenceOTU2651 EUK.Mock.1_51849	*
N	*	90	*	*	*	*	*	New.CleanUp.ReferenceOTU2656 EUK.Mock.1_89855	*
N	*	90	*	*	*	*	*	New.CleanUp.ReferenceOTU2659 EUK.Mock.1_66904	*
N	*	90	*	*	*	*	*	New.CleanUp.ReferenceOTU2662 EUK.Mock.1_103192	*
N	*	90	*	*	*	*	*	New.CleanUp.ReferenceOTU2665 EUK.Mock.1_104333	*
N	*	90	*	*	*	*	*	New.CleanUp.ReferenceOTU2667 EUK.Mock.1_8631	*
N	*	90	*	*	*	*	*	New.CleanUp.ReferenceOTU2673 EUK.Mock.1_58416	*
N	*	90	*	*	*	*	*	New.CleanUp.ReferenceOTU2674 EUK.Mock.1_26733	*
N	*	73	*	*	*	*	*	New.CleanUp.ReferenceOTU2684 EUK.Mock.1_47689	*
N	*	90	*	*	*	*	*	New.CleanUp.ReferenceOTU2685 EUK.Mock.1_26608	*
N	*	90	*	*	*	*	*	New.CleanUp.ReferenceOTU2686 EUK.Mock.1_64774	*
N	*	84	*	*	*	*	*	New.CleanUp.ReferenceOTU2687 EUK.Mock.1_71089	*
N	*	90	*	*	*	*	*	New.CleanUp.ReferenceOTU2688 EUK.Mock.1_40016	*
N	*	90	*	*	*	*	*	New.CleanUp.ReferenceOTU2690 EUK.Mock.1_3636	*
N	*	90	*	*	*	*	*	New.CleanUp.ReferenceOTU2696 EUK.Mock.1_38161	*
N	*	90	*	*	*	*	*	New.CleanUp.ReferenceOTU27 EUK.Mock.1_26436	*
N	*	90	*	*	*	*	*	New.CleanUp.ReferenceOTU270 EUK.Mock.1_99365	*
N	*	90	*	*	*	*	*	New.CleanUp.ReferenceOTU2701 EUK.Mock.1_106576	*
N	*	90	*	*	*	*	*	New.CleanUp.ReferenceOTU2702 EUK.Mock.1_4651	*
N	*	90	*	*	*	*	*	New.CleanUp.ReferenceOTU2704 EUK.Mock.1_91922	*
N	*	84	*	*	*	*	*	New.CleanUp.ReferenceOTU2708 EUK.Mock.1_107183	*
N	*	90	*	*	*	*	*	New.CleanUp.ReferenceOTU271 EUK.Mock.1_73560	*
N	*	90	*	*	*	*	*	New.CleanUp.ReferenceOTU2714 EUK.Mock.1_47657	*
N	*	83	*	*	*	*	*	New.CleanUp.ReferenceOTU2716 EUK.Mock.1_86691	*
N	*	90	*	*	*	*	*	New.CleanUp.ReferenceOTU272 EUK.Mock.1_19576	*
N	*	90	*	*	*	*	*	New.CleanUp.ReferenceOTU2721 EUK.Mock.1_26192	*
N	*	90	*	*	*	*	*	New.CleanUp.ReferenceOTU2722 EUK.Mock.1_26193	*
N	*	82	*	*	*	*	*	New.CleanUp.ReferenceOTU2723 EUK.Mock.1_99986	*
N	*	90	*	*	*	*	*	New.CleanUp.ReferenceOTU2725 EUK.Mock.1_100425	*
N	*	69	*	*	*	*	*	New.CleanUp.ReferenceOTU2726 EUK.Mock.1_98151	*
N	*	90	*	*	*	*	*	New.CleanUp.ReferenceOTU2729 EUK.Mock.1_83888	*
N	*	90	*	*	*	*	*	New.CleanUp.ReferenceOTU2732 EUK.Mock.1_80619	*
N	*	90	*	*	*	*	*	New.CleanUp.ReferenceOTU2734 EUK.Mock.1_63988	*
N	*	90	*	*	*	*	*	New.CleanUp.ReferenceOTU2739 EUK.Mock.1_107234	*
N	*	90	*	*	*	*	*	New.CleanUp.ReferenceOTU2740 EUK.Mock.1_100516	*
N	*	90	*	*	*	*	*	New.CleanUp.ReferenceOTU2742 EUK.Mock.1_40052	*
N	*	90	*	*	*	*	*	New.CleanUp.ReferenceOTU2743 EUK.Mock.1_23100	*
N	*	90	*	*	*	*	*	New.CleanUp.ReferenceOTU2744 EUK.Mock.1_57520	*
N	*	90	*	*	*	*	*	New.CleanUp.ReferenceOTU2745 EUK.Mock.1_76334	*
N	*	90	*	*	*	*	*	New.CleanUp.ReferenceOTU2747 EUK.Mock.1_26469	*
N	*	90	*	*	*	*	*	New.CleanUp.ReferenceOTU2748 EUK.Mock.1_1949	*
N	*	90	*	*	*	*	*	New.CleanUp.ReferenceOTU2749 EUK.Mock.1_29084	*
N	*	90	*	*	*	*	*	New.CleanUp.ReferenceOTU2754 EUK.Mock.1_57457	*
N	*	90	*	*	*	*	*	New.CleanUp.ReferenceOTU2755 EUK.Mock.1_82149	*
N	*	90	*	*	*	*	*	New.CleanUp.ReferenceOTU2758 EUK.Mock.1_103212	*
N	*	90	*	*	*	*	*	New.CleanUp.ReferenceOTU2760 EUK.Mock.1_103211	*
N	*	90	*	*	*	*	*	New.CleanUp.ReferenceOTU2762 EUK.Mock.1_91995	*
N	*	69	*	*	*	*	*	New.CleanUp.ReferenceOTU2771 EUK.Mock.1_108401	*
N	*	90	*	*	*	*	*	New.CleanUp.ReferenceOTU2772 EUK.Mock.1_98798	*
N	*	90	*	*	*	*	*	New.CleanUp.ReferenceOTU2783 EUK.Mock.1_22509	*
N	*	85	*	*	*	*	*	New.CleanUp.ReferenceOTU2788 EUK.Mock.1_22501	*
N	*	90	*	*	*	*	*	New.CleanUp.ReferenceOTU2792 EUK.Mock.1_69590	*
N	*	90	*	*	*	*	*	New.CleanUp.ReferenceOTU2795 EUK.Mock.1_85247	*
N	*	90	*	*	*	*	*	New.CleanUp.ReferenceOTU2796 EUK.Mock.1_82415	*
N	*	90	*	*	*	*	*	New.CleanUp.ReferenceOTU2798 EUK.Mock.1_85808	*
N	*	69	*	*	*	*	*	New.CleanUp.ReferenceOTU2799 EUK.Mock.1_61461	*
N	*	90	*	*	*	*	*	New.CleanUp.ReferenceOTU2804 EUK.Mock.1_102923	*
N	*	90	*	*	*	*	*	New.CleanUp.ReferenceOTU2808 EUK.Mock.1_103437	*
N	*	90	*	*	*	*	*	New.CleanUp.ReferenceOTU2814 EUK.Mock.1_89031	*
N	*	86	*	*	*	*	*	New.CleanUp.ReferenceOTU2816 EUK.Mock.1_103383	*
N	*	90	*	*	*	*	*	New.CleanUp.ReferenceOTU2820 EUK.Mock.1_74073	*
N	*	90	*	*	*	*	*	New.CleanUp.ReferenceOTU2821 EUK.Mock.1_1356	*
N	*	90	*	*	*	*	*	New.CleanUp.ReferenceOTU2824 EUK.Mock.1_104632	*
N	*	90	*	*	*	*	*	New.CleanUp.ReferenceOTU2826 EUK.Mock.1_65776	*
N	*	85	*	*	*	*	*	New.CleanUp.ReferenceOTU2830 EUK.Mock.1_89929	*
N	*	69	*	*	*	*	*	New.CleanUp.ReferenceOTU2835 EUK.Mock.1_66486	*
N	*	85	*	*	*	*	*	New.CleanUp.ReferenceOTU2840 EUK.Mock.1_42518	*
N	*	90	*	*	*	*	*	New.CleanUp.ReferenceOTU2841 EUK.Mock.1_103261	*
N	*	90	*	*	*	*	*	New.CleanUp.ReferenceOTU2842 EUK.Mock.1_1362	*
N	*	90	*	*	*	*	*	New.CleanUp.ReferenceOTU2845 EUK.Mock.1_69845	*
N	*	90	*	*	*	*	*	New.CleanUp.ReferenceOTU2849 EUK.Mock.1_88457	*
N	*	90	*	*	*	*	*	New.CleanUp.ReferenceOTU2851 EUK.Mock.1_68539	*
N	*	90	*	*	*	*	*	New.CleanUp.ReferenceOTU2853 EUK.Mock.1_102676	*
N	*	90	*	*	*	*	*	New.CleanUp.ReferenceOTU2855 EUK.Mock.1_1567	*
N	*	90	*	*	*	*	*	New.CleanUp.ReferenceOTU2856 EUK.Mock.1_1566	*
N	*	90	*	*	*	*	*	New.CleanUp.ReferenceOTU2859 EUK.Mock.1_105695	*
N	*	90	*	*	*	*	*	New.CleanUp.ReferenceOTU2861 EUK.Mock.1_105697	*
N	*	90	*	*	*	*	*	New.CleanUp.ReferenceOTU2868 EUK.Mock.1_71958	*
N	*	90	*	*	*	*	*	New.CleanUp.ReferenceOTU2871 EUK.Mock.1_32145	*
N	*	90	*	*	*	*	*	New.CleanUp.ReferenceOTU2874 EUK.Mock.1_75305	*
N	*	90	*	*	*	*	*	New.CleanUp.ReferenceOTU288 EUK.Mock.1_287	*
N	*	90	*	*	*	*	*	New.CleanUp.ReferenceOTU2880 EUK.Mock.1_69996	*
N	*	72	*	*	*	*	*	New.CleanUp.ReferenceOTU2883 EUK.Mock.1_52109	*
N	*	90	*	*	*	*	*	New.CleanUp.ReferenceOTU2884 EUK.Mock.1_68087	*
N	*	90	*	*	*	*	*	New.CleanUp.ReferenceOTU289 EUK.Mock.1_76726	*
N	*	90	*	*	*	*	*	New.CleanUp.ReferenceOTU2890 EUK.Mock.1_65831	*
N	*	90	*	*	*	*	*	New.CleanUp.ReferenceOTU2893 EUK.Mock.1_93949	*
N	*	90	*	*	*	*	*	New.CleanUp.ReferenceOTU2894 EUK.Mock.1_99441	*
N	*	90	*	*	*	*	*	New.CleanUp.ReferenceOTU2895 EUK.Mock.1_69939	*
N	*	84	*	*	*	*	*	New.CleanUp.ReferenceOTU2898 EUK.Mock.1_69935	*
N	*	90	*	*	*	*	*	New.CleanUp.ReferenceOTU2899 EUK.Mock.1_83574	*
N	*	90	*	*	*	*	*	New.CleanUp.ReferenceOTU2902 EUK.Mock.1_71222	*
N	*	90	*	*	*	*	*	New.CleanUp.ReferenceOTU2904 EUK.Mock.1_71224	*
N	*	90	*	*	*	*	*	New.CleanUp.ReferenceOTU2905 EUK.Mock.1_44697	*
N	*	90	*	*	*	*	*	New.CleanUp.ReferenceOTU2908 EUK.Mock.1_24769	*
N	*	90	*	*	*	*	*	New.CleanUp.ReferenceOTU2913 EUK.Mock.1_105976	*
N	*	86	*	*	*	*	*	New.CleanUp.ReferenceOTU2914 EUK.Mock.1_107641	*
N	*	90	*	*	*	*	*	New.CleanUp.ReferenceOTU2919 EUK.Mock.1_91716	*
N	*	86	*	*	*	*	*	New.CleanUp.ReferenceOTU2920 EUK.Mock.1_19214	*
N	*	90	*	*	*	*	*	New.CleanUp.ReferenceOTU2921 EUK.Mock.1_96520	*
N	*	90	*	*	*	*	*	New.CleanUp.ReferenceOTU2933 EUK.Mock.1_24299	*
N	*	90	*	*	*	*	*	New.CleanUp.ReferenceOTU294 EUK.Mock.1_3509	*
N	*	90	*	*	*	*	*	New.CleanUp.ReferenceOTU2945 EUK.Mock.1_81455	*
N	*	90	*	*	*	*	*	New.CleanUp.ReferenceOTU2949 EUK.Mock.1_86904	*
N	*	90	*	*	*	*	*	New.CleanUp.ReferenceOTU2951 EUK.Mock.1_8602	*
N	*	90	*	*	*	*	*	New.CleanUp.ReferenceOTU2952 EUK.Mock.1_4822	*
N	*	82	*	*	*	*	*	New.CleanUp.ReferenceOTU296 EUK.Mock.1_108588	*
N	*	90	*	*	*	*	*	New.CleanUp.ReferenceOTU2963 EUK.Mock.1_82025	*
N	*	83	*	*	*	*	*	New.CleanUp.ReferenceOTU2965 EUK.Mock.1_87508	*
N	*	90	*	*	*	*	*	New.CleanUp.ReferenceOTU2966 EUK.Mock.1_48210	*
N	*	90	*	*	*	*	*	New.CleanUp.ReferenceOTU2967 EUK.Mock.1_70782	*
N	*	90	*	*	*	*	*	New.CleanUp.ReferenceOTU2968 EUK.Mock.1_105864	*
N	*	90	*	*	*	*	*	New.CleanUp.ReferenceOTU297 EUK.Mock.1_99568	*
N	*	82	*	*	*	*	*	New.CleanUp.ReferenceOTU2970 EUK.Mock.1_105860	*
N	*	90	*	*	*	*	*	New.CleanUp.ReferenceOTU2971 EUK.Mock.1_27584	*
N	*	90	*	*	*	*	*	New.CleanUp.ReferenceOTU2978 EUK.Mock.1_50690	*
N	*	90	*	*	*	*	*	New.CleanUp.ReferenceOTU2981 EUK.Mock.1_107530	*
N	*	90	*	*	*	*	*	New.CleanUp.ReferenceOTU2982 EUK.Mock.1_107534	*
N	*	90	*	*	*	*	*	New.CleanUp.ReferenceOTU2984 EUK.Mock.1_3931	*
N	*	90	*	*	*	*	*	New.CleanUp.ReferenceOTU2988 EUK.Mock.1_96454	*
N	*	90	*	*	*	*	*	New.CleanUp.ReferenceOTU2989 EUK.Mock.1_96985	*
N	*	90	*	*	*	*	*	New.CleanUp.ReferenceOTU2990 EUK.Mock.1_106596	*
N	*	90	*	*	*	*	*	New.CleanUp.ReferenceOTU2992 EUK.Mock.1_66803	*
N	*	90	*	*	*	*	*	New.CleanUp.ReferenceOTU2997 EUK.Mock.1_82363	*
N	*	90	*	*	*	*	*	New.CleanUp.ReferenceOTU2998 EUK.Mock.1_47642	*
N	*	90	*	*	*	*	*	New.CleanUp.ReferenceOTU30 EUK.Mock.1_3193	*
N	*	90	*	*	*	*	*	New.CleanUp.ReferenceOTU3000 EUK.Mock.1_26509	*
N	*	90	*	*	*	*	*	New.CleanUp.ReferenceOTU3001 EUK.Mock.1_71782	*
N	*	90	*	*	*	*	*	New.CleanUp.ReferenceOTU3005 EUK.Mock.1_100357	*
N	*	90	*	*	*	*	*	New.CleanUp.ReferenceOTU3012 EUK.Mock.1_101905	*
N	*	90	*	*	*	*	*	New.CleanUp.ReferenceOTU3014 EUK.Mock.1_103125	*
N	*	90	*	*	*	*	*	New.CleanUp.ReferenceOTU3019 EUK.Mock.1_61354	*
N	*	90	*	*	*	*	*	New.CleanUp.ReferenceOTU3020 EUK.Mock.1_68276	*
N	*	86	*	*	*	*	*	New.CleanUp.ReferenceOTU3021 EUK.Mock.1_107405	*
N	*	86	*	*	*	*	*	New.CleanUp.ReferenceOTU3022 EUK.Mock.1_105873	*
N	*	90	*	*	*	*	*	New.CleanUp.ReferenceOTU3023 EUK.Mock.1_63352	*
N	*	90	*	*	*	*	*	New.CleanUp.ReferenceOTU3024 EUK.Mock.1_82628	*
N	*	90	*	*	*	*	*	New.CleanUp.ReferenceOTU3026 EUK.Mock.1_30121	*
N	*	90	*	*	*	*	*	New.CleanUp.ReferenceOTU3027 EUK.Mock.1_72520	*
N	*	90	*	*	*	*	*	New.CleanUp.ReferenceOTU3029 EUK.Mock.1_67292	*
N	*	85	*	*	*	*	*	New.CleanUp.ReferenceOTU3045 EUK.Mock.1_74648	*
N	*	90	*	*	*	*	*	New.CleanUp.ReferenceOTU3046 EUK.Mock.1_74685	*
N	*	90	*	*	*	*	*	New.CleanUp.ReferenceOTU3047 EUK.Mock.1_89486	*
N	*	76	*	*	*	*	*	New.CleanUp.ReferenceOTU3049 EUK.Mock.1_89481	*
N	*	90	*	*	*	*	*	New.CleanUp.ReferenceOTU305 EUK.Mock.1_37491	*
N	*	90	*	*	*	*	*	New.CleanUp.ReferenceOTU3050 EUK.Mock.1_108036	*
N	*	90	*	*	*	*	*	New.CleanUp.ReferenceOTU3053 EUK.Mock.1_72142	*
N	*	90	*	*	*	*	*	New.CleanUp.ReferenceOTU3059 EUK.Mock.1_102847	*
N	*	90	*	*	*	*	*	New.CleanUp.ReferenceOTU3060 EUK.Mock.1_38148	*
N	*	90	*	*	*	*	*	New.CleanUp.ReferenceOTU3061 EUK.Mock.1_593	*
N	*	90	*	*	*	*	*	New.CleanUp.ReferenceOTU3076 EUK.Mock.1_11699	*
N	*	90	*	*	*	*	*	New.CleanUp.ReferenceOTU3078 EUK.Mock.1_104538	*
N	*	90	*	*	*	*	*	New.CleanUp.ReferenceOTU3080 EUK.Mock.1_100627	*
N	*	90	*	*	*	*	*	New.CleanUp.ReferenceOTU3082 EUK.Mock.1_100621	*
N	*	90	*	*	*	*	*	New.CleanUp.ReferenceOTU3084 EUK.Mock.1_94759	*
N	*	90	*	*	*	*	*	New.CleanUp.ReferenceOTU3088 EUK.Mock.1_97864	*
N	*	82	*	*	*	*	*	New.CleanUp.ReferenceOTU3096 EUK.Mock.1_12635	*
N	*	83	*	*	*	*	*	New.CleanUp.ReferenceOTU3099 EUK.Mock.1_67672	*
N	*	90	*	*	*	*	*	New.CleanUp.ReferenceOTU3100 EUK.Mock.1_43745	*
N	*	82	*	*	*	*	*	New.CleanUp.ReferenceOTU3101 EUK.Mock.1_2390	*
N	*	90	*	*	*	*	*	New.CleanUp.ReferenceOTU3104 EUK.Mock.1_104198	*
N	*	83	*	*	*	*	*	New.CleanUp.ReferenceOTU3107 EUK.Mock.1_84523	*
N	*	90	*	*	*	*	*	New.CleanUp.ReferenceOTU3109 EUK.Mock.1_80297	*
N	*	90	*	*	*	*	*	New.CleanUp.ReferenceOTU3111 EUK.Mock.1_104197	*
N	*	90	*	*	*	*	*	New.CleanUp.ReferenceOTU3118 EUK.Mock.1_66493	*
N	*	90	*	*	*	*	*	New.CleanUp.ReferenceOTU3119 EUK.Mock.1_89936	*
N	*	80	*	*	*	*	*	New.CleanUp.ReferenceOTU3125 EUK.Mock.1_108346	*
N	*	90	*	*	*	*	*	New.CleanUp.ReferenceOTU3130 EUK.Mock.1_88518	*
N	*	90	*	*	*	*	*	New.CleanUp.ReferenceOTU3131 EUK.Mock.1_45303	*
N	*	90	*	*	*	*	*	New.CleanUp.ReferenceOTU3133 EUK.Mock.1_49950	*
N	*	90	*	*	*	*	*	New.CleanUp.ReferenceOTU3135 EUK.Mock.1_2572	*
N	*	90	*	*	*	*	*	New.CleanUp.ReferenceOTU3136 EUK.Mock.1_52696	*
N	*	90	*	*	*	*	*	New.CleanUp.ReferenceOTU3138 EUK.Mock.1_34931	*
N	*	90	*	*	*	*	*	New.CleanUp.ReferenceOTU314 EUK.Mock.1_19594	*
N	*	90	*	*	*	*	*	New.CleanUp.ReferenceOTU3142 EUK.Mock.1_105964	*
N	*	90	*	*	*	*	*	New.CleanUp.ReferenceOTU3146 EUK.Mock.1_39500	*
N	*	81	*	*	*	*	*	New.CleanUp.ReferenceOTU3148 EUK.Mock.1_1577	*
N	*	90	*	*	*	*	*	New.CleanUp.ReferenceOTU3152 EUK.Mock.1_46428	*
N	*	90	*	*	*	*	*	New.CleanUp.ReferenceOTU3153 EUK.Mock.1_70147	*
N	*	90	*	*	*	*	*	New.CleanUp.ReferenceOTU3156 EUK.Mock.1_104446	*
N	*	90	*	*	*	*	*	New.CleanUp.ReferenceOTU3160 EUK.Mock.1_71947	*
N	*	80	*	*	*	*	*	New.CleanUp.ReferenceOTU3162 EUK.Mock.1_60086	*
N	*	90	*	*	*	*	*	New.CleanUp.ReferenceOTU3167 EUK.Mock.1_49010	*
N	*	90	*	*	*	*	*	New.CleanUp.ReferenceOTU3168 EUK.Mock.1_21151	*
N	*	90	*	*	*	*	*	New.CleanUp.ReferenceOTU317 EUK.Mock.1_86374	*
N	*	90	*	*	*	*	*	New.CleanUp.ReferenceOTU3171 EUK.Mock.1_18062	*
N	*	90	*	*	*	*	*	New.CleanUp.ReferenceOTU3176 EUK.Mock.1_17046	*
N	*	71	*	*	*	*	*	New.CleanUp.ReferenceOTU3179 EUK.Mock.1_104571	*
N	*	85	*	*	*	*	*	New.CleanUp.ReferenceOTU318 EUK.Mock.1_103114	*
N	*	72	*	*	*	*	*	New.CleanUp.ReferenceOTU3183 EUK.Mock.1_27912	*
N	*	72	*	*	*	*	*	New.CleanUp.ReferenceOTU3188 EUK.Mock.1_54743	*
N	*	90	*	*	*	*	*	New.CleanUp.ReferenceOTU3197 EUK.Mock.1_74879	*
N	*	90	*	*	*	*	*	New.CleanUp.ReferenceOTU3200 EUK.Mock.1_98359	*
N	*	90	*	*	*	*	*	New.CleanUp.ReferenceOTU3201 EUK.Mock.1_1006	*
N	*	90	*	*	*	*	*	New.CleanUp.ReferenceOTU3206 EUK.Mock.1_77877	*
N	*	90	*	*	*	*	*	New.CleanUp.ReferenceOTU3208 EUK.Mock.1_103841	*
N	*	90	*	*	*	*	*	New.CleanUp.ReferenceOTU321 EUK.Mock.1_103113	*
N	*	90	*	*	*	*	*	New.CleanUp.ReferenceOTU3211 EUK.Mock.1_102289	*
N	*	90	*	*	*	*	*	New.CleanUp.ReferenceOTU322 EUK.Mock.1_37017	*
N	*	90	*	*	*	*	*	New.CleanUp.ReferenceOTU3229 EUK.Mock.1_106670	*
N	*	90	*	*	*	*	*	New.CleanUp.ReferenceOTU3230 EUK.Mock.1_82104	*
N	*	83	*	*	*	*	*	New.CleanUp.ReferenceOTU3237 EUK.Mock.1_8056	*
N	*	90	*	*	*	*	*	New.CleanUp.ReferenceOTU324 EUK.Mock.1_102343	*
N	*	90	*	*	*	*	*	New.CleanUp.ReferenceOTU3244 EUK.Mock.1_19089	*
N	*	90	*	*	*	*	*	New.CleanUp.ReferenceOTU3248 EUK.Mock.1_103887	*
N	*	78	*	*	*	*	*	New.CleanUp.ReferenceOTU3250 EUK.Mock.1_65914	*
N	*	82	*	*	*	*	*	New.CleanUp.ReferenceOTU3252 EUK.Mock.1_103882	*
N	*	73	*	*	*	*	*	New.CleanUp.ReferenceOTU3257 EUK.Mock.1_105902	*
N	*	90	*	*	*	*	*	New.CleanUp.ReferenceOTU3263 EUK.Mock.1_70792	*
N	*	90	*	*	*	*	*	New.CleanUp.ReferenceOTU3265 EUK.Mock.1_70790	*
N	*	90	*	*	*	*	*	New.CleanUp.ReferenceOTU3267 EUK.Mock.1_106720	*
N	*	90	*	*	*	*	*	New.CleanUp.ReferenceOTU3268 EUK.Mock.1_106723	*
N	*	90	*	*	*	*	*	New.CleanUp.ReferenceOTU3269 EUK.Mock.1_70794	*
N	*	90	*	*	*	*	*	New.CleanUp.ReferenceOTU3275 EUK.Mock.1_70555	*
N	*	90	*	*	*	*	*	New.CleanUp.ReferenceOTU3276 EUK.Mock.1_10112	*
N	*	90	*	*	*	*	*	New.CleanUp.ReferenceOTU3277 EUK.Mock.1_72339	*
N	*	90	*	*	*	*	*	New.CleanUp.ReferenceOTU3279 EUK.Mock.1_107311	*
N	*	86	*	*	*	*	*	New.CleanUp.ReferenceOTU328 EUK.Mock.1_92132	*
N	*	90	*	*	*	*	*	New.CleanUp.ReferenceOTU3281 EUK.Mock.1_37051	*
N	*	90	*	*	*	*	*	New.CleanUp.ReferenceOTU3287 EUK.Mock.1_4633	*
N	*	77	*	*	*	*	*	New.CleanUp.ReferenceOTU329 EUK.Mock.1_92131	*
N	*	90	*	*	*	*	*	New.CleanUp.ReferenceOTU3292 EUK.Mock.1_81586	*
N	*	90	*	*	*	*	*	New.CleanUp.ReferenceOTU3299 EUK.Mock.1_86335	*
N	*	90	*	*	*	*	*	New.CleanUp.ReferenceOTU3302 EUK.Mock.1_69379	*
N	*	90	*	*	*	*	*	New.CleanUp.ReferenceOTU3305 EUK.Mock.1_40927	*
N	*	90	*	*	*	*	*	New.CleanUp.ReferenceOTU3307 EUK.Mock.1_55120	*
N	*	90	*	*	*	*	*	New.CleanUp.ReferenceOTU3308 EUK.Mock.1_93486	*
N	*	79	*	*	*	*	*	New.CleanUp.ReferenceOTU331 EUK.Mock.1_107901	*
N	*	90	*	*	*	*	*	New.CleanUp.ReferenceOTU3313 EUK.Mock.1_103991	*
N	*	90	*	*	*	*	*	New.CleanUp.ReferenceOTU3317 EUK.Mock.1_18172	*
N	*	90	*	*	*	*	*	New.CleanUp.ReferenceOTU3321 EUK.Mock.1_46148	*
N	*	80	*	*	*	*	*	New.CleanUp.ReferenceOTU3326 EUK.Mock.1_83993	*
N	*	90	*	*	*	*	*	New.CleanUp.ReferenceOTU3327 EUK.Mock.1_39525	*
N	*	90	*	*	*	*	*	New.CleanUp.ReferenceOTU3330 EUK.Mock.1_22749	*
N	*	90	*	*	*	*	*	New.CleanUp.ReferenceOTU3335 EUK.Mock.1_23165	*
N	*	90	*	*	*	*	*	New.CleanUp.ReferenceOTU3336 EUK.Mock.1_105554	*
N	*	90	*	*	*	*	*	New.CleanUp.ReferenceOTU3338 EUK.Mock.1_85138	*
N	*	90	*	*	*	*	*	New.CleanUp.ReferenceOTU3341 EUK.Mock.1_85130	*
N	*	85	*	*	*	*	*	New.CleanUp.ReferenceOTU3345 EUK.Mock.1_69604	*
N	*	90	*	*	*	*	*	New.CleanUp.ReferenceOTU3348 EUK.Mock.1_69600	*
N	*	85	*	*	*	*	*	New.CleanUp.ReferenceOTU335 EUK.Mock.1_71137	*
N	*	90	*	*	*	*	*	New.CleanUp.ReferenceOTU3352 EUK.Mock.1_17866	*
N	*	90	*	*	*	*	*	New.CleanUp.ReferenceOTU3353 EUK.Mock.1_36088	*
N	*	90	*	*	*	*	*	New.CleanUp.ReferenceOTU3354 EUK.Mock.1_39457	*
N	*	90	*	*	*	*	*	New.CleanUp.ReferenceOTU3359 EUK.Mock.1_93026	*
N	*	86	*	*	*	*	*	New.CleanUp.ReferenceOTU3362 EUK.Mock.1_64867	*
N	*	85	*	*	*	*	*	New.CleanUp.ReferenceOTU3365 EUK.Mock.1_104058	*
N	*	90	*	*	*	*	*	New.CleanUp.ReferenceOTU3367 EUK.Mock.1_75519	*
N	*	90	*	*	*	*	*	New.CleanUp.ReferenceOTU3369 EUK.Mock.1_95747	*
N	*	90	*	*	*	*	*	New.CleanUp.ReferenceOTU3376 EUK.Mock.1_84605	*
N	*	84	*	*	*	*	*	New.CleanUp.ReferenceOTU3378 EUK.Mock.1_73774	*
N	*	90	*	*	*	*	*	New.CleanUp.ReferenceOTU3380 EUK.Mock.1_48587	*
N	*	90	*	*	*	*	*	New.CleanUp.ReferenceOTU3381 EUK.Mock.1_29197	*
N	*	90	*	*	*	*	*	New.CleanUp.ReferenceOTU3383 EUK.Mock.1_90916	*
N	*	90	*	*	*	*	*	New.CleanUp.ReferenceOTU3390 EUK.Mock.1_69138	*
N	*	90	*	*	*	*	*	New.CleanUp.ReferenceOTU3392 EUK.Mock.1_103418	*
N	*	90	*	*	*	*	*	New.CleanUp.ReferenceOTU3395 EUK.Mock.1_33495	*
N	*	90	*	*	*	*	*	New.CleanUp.ReferenceOTU3399 EUK.Mock.1_69421	*
N	*	90	*	*	*	*	*	New.CleanUp.ReferenceOTU3401 EUK.Mock.1_108195	*
N	*	90	*	*	*	*	*	New.CleanUp.ReferenceOTU3402 EUK.Mock.1_29331	*
N	*	90	*	*	*	*	*	New.CleanUp.ReferenceOTU3404 EUK.Mock.1_38998	*
N	*	90	*	*	*	*	*	New.CleanUp.ReferenceOTU3407 EUK.Mock.1_108199	*
N	*	84	*	*	*	*	*	New.CleanUp.ReferenceOTU3411 EUK.Mock.1_61444	*
N	*	90	*	*	*	*	*	New.CleanUp.ReferenceOTU3416 EUK.Mock.1_89835	*
N	*	90	*	*	*	*	*	New.CleanUp.ReferenceOTU3418 EUK.Mock.1_98061	*
N	*	90	*	*	*	*	*	New.CleanUp.ReferenceOTU3425 EUK.Mock.1_35299	*
N	*	90	*	*	*	*	*	New.CleanUp.ReferenceOTU3428 EUK.Mock.1_88054	*
N	*	90	*	*	*	*	*	New.CleanUp.ReferenceOTU3431 EUK.Mock.1_13118	*
N	*	72	*	*	*	*	*	New.CleanUp.ReferenceOTU3433 EUK.Mock.1_28484	*
N	*	90	*	*	*	*	*	New.CleanUp.ReferenceOTU344 EUK.Mock.1_103023	*
N	*	71	*	*	*	*	*	New.CleanUp.ReferenceOTU3440 EUK.Mock.1_105478	*
N	*	90	*	*	*	*	*	New.CleanUp.ReferenceOTU3444 EUK.Mock.1_16970	*
N	*	90	*	*	*	*	*	New.CleanUp.ReferenceOTU3445 EUK.Mock.1_108990	*
N	*	90	*	*	*	*	*	New.CleanUp.ReferenceOTU3447 EUK.Mock.1_47926	*
N	*	79	*	*	*	*	*	New.CleanUp.ReferenceOTU3449 EUK.Mock.1_105679	*
N	*	90	*	*	*	*	*	New.CleanUp.ReferenceOTU345 EUK.Mock.1_103022	*
N	*	85	*	*	*	*	*	New.CleanUp.ReferenceOTU3451 EUK.Mock.1_108281	*
N	*	90	*	*	*	*	*	New.CleanUp.ReferenceOTU3454 EUK.Mock.1_366	*
N	*	90	*	*	*	*	*	New.CleanUp.ReferenceOTU3458 EUK.Mock.1_104876	*
N	*	90	*	*	*	*	*	New.CleanUp.ReferenceOTU346 EUK.Mock.1_86204	*
N	*	90	*	*	*	*	*	New.CleanUp.ReferenceOTU3468 EUK.Mock.1_109174	*
N	*	90	*	*	*	*	*	New.CleanUp.ReferenceOTU3469 EUK.Mock.1_109177	*
N	*	82	*	*	*	*	*	New.CleanUp.ReferenceOTU3476 EUK.Mock.1_108272	*
N	*	90	*	*	*	*	*	New.CleanUp.ReferenceOTU3477 EUK.Mock.1_1721	*
N	*	90	*	*	*	*	*	New.CleanUp.ReferenceOTU3481 EUK.Mock.1_22989	*
N	*	90	*	*	*	*	*	New.CleanUp.ReferenceOTU3486 EUK.Mock.1_73947	*
N	*	90	*	*	*	*	*	New.CleanUp.ReferenceOTU3487 EUK.Mock.1_10876	*
N	*	90	*	*	*	*	*	New.CleanUp.ReferenceOTU3489 EUK.Mock.1_33967	*
N	*	90	*	*	*	*	*	New.CleanUp.ReferenceOTU349 EUK.Mock.1_47706	*
N	*	90	*	*	*	*	*	New.CleanUp.ReferenceOTU3493 EUK.Mock.1_69953	*
N	*	84	*	*	*	*	*	New.CleanUp.ReferenceOTU3496 EUK.Mock.1_1039	*
N	*	90	*	*	*	*	*	New.CleanUp.ReferenceOTU350 EUK.Mock.1_107051	*
N	*	90	*	*	*	*	*	New.CleanUp.ReferenceOTU3500 EUK.Mock.1_62503	*
N	*	90	*	*	*	*	*	New.CleanUp.ReferenceOTU3504 EUK.Mock.1_74314	*
N	*	90	*	*	*	*	*	New.CleanUp.ReferenceOTU3507 EUK.Mock.1_99420	*
N	*	90	*	*	*	*	*	New.CleanUp.ReferenceOTU3509 EUK.Mock.1_58417	*
N	*	90	*	*	*	*	*	New.CleanUp.ReferenceOTU3510 EUK.Mock.1_21861	*
N	*	90	*	*	*	*	*	New.CleanUp.ReferenceOTU3511 EUK.Mock.1_17274	*
N	*	90	*	*	*	*	*	New.CleanUp.ReferenceOTU3515 EUK.Mock.1_8443	*
N	*	90	*	*	*	*	*	New.CleanUp.ReferenceOTU3521 EUK.Mock.1_66114	*
N	*	86	*	*	*	*	*	New.CleanUp.ReferenceOTU3530 EUK.Mock.1_102432	*
N	*	90	*	*	*	*	*	New.CleanUp.ReferenceOTU3534 EUK.Mock.1_75130	*
N	*	90	*	*	*	*	*	New.CleanUp.ReferenceOTU3536 EUK.Mock.1_70417	*
N	*	90	*	*	*	*	*	New.CleanUp.ReferenceOTU3539 EUK.Mock.1_4284	*
N	*	90	*	*	*	*	*	New.CleanUp.ReferenceOTU3550 EUK.Mock.1_107732	*
N	*	90	*	*	*	*	*	New.CleanUp.ReferenceOTU3551 EUK.Mock.1_10299	*
N	*	90	*	*	*	*	*	New.CleanUp.ReferenceOTU3552 EUK.Mock.1_107888	*
N	*	90	*	*	*	*	*	New.CleanUp.ReferenceOTU3556 EUK.Mock.1_93453	*
N	*	90	*	*	*	*	*	New.CleanUp.ReferenceOTU3557 EUK.Mock.1_102543	*
N	*	90	*	*	*	*	*	New.CleanUp.ReferenceOTU3568 EUK.Mock.1_63947	*
N	*	90	*	*	*	*	*	New.CleanUp.ReferenceOTU357 EUK.Mock.1_31401	*
N	*	90	*	*	*	*	*	New.CleanUp.ReferenceOTU3573 EUK.Mock.1_41199	*
N	*	90	*	*	*	*	*	New.CleanUp.ReferenceOTU3584 EUK.Mock.1_66827	*
N	*	84	*	*	*	*	*	New.CleanUp.ReferenceOTU3588 EUK.Mock.1_107080	*
N	*	90	*	*	*	*	*	New.CleanUp.ReferenceOTU3590 EUK.Mock.1_97473	*
N	*	90	*	*	*	*	*	New.CleanUp.ReferenceOTU3591 EUK.Mock.1_83123	*
N	*	90	*	*	*	*	*	New.CleanUp.ReferenceOTU3592 EUK.Mock.1_101745	*
N	*	90	*	*	*	*	*	New.CleanUp.ReferenceOTU3593 EUK.Mock.1_7730	*
N	*	90	*	*	*	*	*	New.CleanUp.ReferenceOTU3596 EUK.Mock.1_26673	*
N	*	90	*	*	*	*	*	New.CleanUp.ReferenceOTU3598 EUK.Mock.1_99958	*
N	*	90	*	*	*	*	*	New.CleanUp.ReferenceOTU360 EUK.Mock.1_74438	*
N	*	90	*	*	*	*	*	New.CleanUp.ReferenceOTU3603 EUK.Mock.1_62386	*
N	*	90	*	*	*	*	*	New.CleanUp.ReferenceOTU3606 EUK.Mock.1_103143	*
N	*	90	*	*	*	*	*	New.CleanUp.ReferenceOTU3607 EUK.Mock.1_86320	*
N	*	90	*	*	*	*	*	New.CleanUp.ReferenceOTU3608 EUK.Mock.1_96872	*
N	*	90	*	*	*	*	*	New.CleanUp.ReferenceOTU3609 EUK.Mock.1_3775	*
N	*	90	*	*	*	*	*	New.CleanUp.ReferenceOTU361 EUK.Mock.1_101846	*
N	*	90	*	*	*	*	*	New.CleanUp.ReferenceOTU3611 EUK.Mock.1_106425	*
N	*	84	*	*	*	*	*	New.CleanUp.ReferenceOTU3612 EUK.Mock.1_103149	*
N	*	90	*	*	*	*	*	New.CleanUp.ReferenceOTU3615 EUK.Mock.1_31528	*
N	*	90	*	*	*	*	*	New.CleanUp.ReferenceOTU3618 EUK.Mock.1_90720	*
N	*	90	*	*	*	*	*	New.CleanUp.ReferenceOTU3620 EUK.Mock.1_31986	*
N	*	90	*	*	*	*	*	New.CleanUp.ReferenceOTU3625 EUK.Mock.1_107467	*
N	*	90	*	*	*	*	*	New.CleanUp.ReferenceOTU3628 EUK.Mock.1_59488	*
N	*	90	*	*	*	*	*	New.CleanUp.ReferenceOTU363 EUK.Mock.1_72062	*
N	*	90	*	*	*	*	*	New.CleanUp.ReferenceOTU3634 EUK.Mock.1_72466	*
N	*	83	*	*	*	*	*	New.CleanUp.ReferenceOTU3636 EUK.Mock.1_56174	*
N	*	90	*	*	*	*	*	New.CleanUp.ReferenceOTU3639 EUK.Mock.1_40005	*
N	*	90	*	*	*	*	*	New.CleanUp.ReferenceOTU3640 EUK.Mock.1_26415	*
N	*	90	*	*	*	*	*	New.CleanUp.ReferenceOTU3641 EUK.Mock.1_11180	*
N	*	90	*	*	*	*	*	New.CleanUp.ReferenceOTU3642 EUK.Mock.1_64665	*
N	*	90	*	*	*	*	*	New.CleanUp.ReferenceOTU3643 EUK.Mock.1_55661	*
N	*	90	*	*	*	*	*	New.CleanUp.ReferenceOTU3644 EUK.Mock.1_21264	*
N	*	90	*	*	*	*	*	New.CleanUp.ReferenceOTU3651 EUK.Mock.1_107265	*
N	*	90	*	*	*	*	*	New.CleanUp.ReferenceOTU3652 EUK.Mock.1_103484	*
N	*	90	*	*	*	*	*	New.CleanUp.ReferenceOTU3659 EUK.Mock.1_103415	*
N	*	90	*	*	*	*	*	New.CleanUp.ReferenceOTU3662 EUK.Mock.1_61879	*
N	*	90	*	*	*	*	*	New.CleanUp.ReferenceOTU3669 EUK.Mock.1_94289	*
N	*	79	*	*	*	*	*	New.CleanUp.ReferenceOTU367 EUK.Mock.1_27882	*
N	*	90	*	*	*	*	*	New.CleanUp.ReferenceOTU3674 EUK.Mock.1_7703	*
N	*	81	*	*	*	*	*	New.CleanUp.ReferenceOTU3687 EUK.Mock.1_99824	*
N	*	80	*	*	*	*	*	New.CleanUp.ReferenceOTU3688 EUK.Mock.1_91892	*
N	*	90	*	*	*	*	*	New.CleanUp.ReferenceOTU3690 EUK.Mock.1_94605	*
N	*	90	*	*	*	*	*	New.CleanUp.ReferenceOTU3691 EUK.Mock.1_80502	*
N	*	90	*	*	*	*	*	New.CleanUp.ReferenceOTU3693 EUK.Mock.1_101633	*
N	*	90	*	*	*	*	*	New.CleanUp.ReferenceOTU3695 EUK.Mock.1_67656	*
N	*	90	*	*	*	*	*	New.CleanUp.ReferenceOTU3697 EUK.Mock.1_69143	*
N	*	90	*	*	*	*	*	New.CleanUp.ReferenceOTU3700 EUK.Mock.1_67658	*
N	*	90	*	*	*	*	*	New.CleanUp.ReferenceOTU3701 EUK.Mock.1_35601	*
N	*	90	*	*	*	*	*	New.CleanUp.ReferenceOTU3702 EUK.Mock.1_16331	*
N	*	90	*	*	*	*	*	New.CleanUp.ReferenceOTU3704 EUK.Mock.1_74647	*
N	*	90	*	*	*	*	*	New.CleanUp.ReferenceOTU3705 EUK.Mock.1_108696	*
N	*	74	*	*	*	*	*	New.CleanUp.ReferenceOTU3709 EUK.Mock.1_69387	*
N	*	90	*	*	*	*	*	New.CleanUp.ReferenceOTU371 EUK.Mock.1_8260	*
N	*	82	*	*	*	*	*	New.CleanUp.ReferenceOTU3710 EUK.Mock.1_48640	*
N	*	90	*	*	*	*	*	New.CleanUp.ReferenceOTU3719 EUK.Mock.1_98054	*
N	*	90	*	*	*	*	*	New.CleanUp.ReferenceOTU372 EUK.Mock.1_107296	*
N	*	90	*	*	*	*	*	New.CleanUp.ReferenceOTU3721 EUK.Mock.1_46536	*
N	*	90	*	*	*	*	*	New.CleanUp.ReferenceOTU3722 EUK.Mock.1_95080	*
N	*	90	*	*	*	*	*	New.CleanUp.ReferenceOTU3723 EUK.Mock.1_23820	*
N	*	90	*	*	*	*	*	New.CleanUp.ReferenceOTU3726 EUK.Mock.1_57228	*
N	*	90	*	*	*	*	*	New.CleanUp.ReferenceOTU3728 EUK.Mock.1_13586	*
N	*	90	*	*	*	*	*	New.CleanUp.ReferenceOTU3729 EUK.Mock.1_95645	*
N	*	90	*	*	*	*	*	New.CleanUp.ReferenceOTU3731 EUK.Mock.1_20486	*
N	*	90	*	*	*	*	*	New.CleanUp.ReferenceOTU3734 EUK.Mock.1_66099	*
N	*	90	*	*	*	*	*	New.CleanUp.ReferenceOTU3735 EUK.Mock.1_49419	*
N	*	90	*	*	*	*	*	New.CleanUp.ReferenceOTU3736 EUK.Mock.1_17112	*
N	*	90	*	*	*	*	*	New.CleanUp.ReferenceOTU3741 EUK.Mock.1_19314	*
N	*	82	*	*	*	*	*	New.CleanUp.ReferenceOTU3742 EUK.Mock.1_105243	*
N	*	90	*	*	*	*	*	New.CleanUp.ReferenceOTU3743 EUK.Mock.1_81275	*
N	*	90	*	*	*	*	*	New.CleanUp.ReferenceOTU3749 EUK.Mock.1_93967	*
N	*	90	*	*	*	*	*	New.CleanUp.ReferenceOTU375 EUK.Mock.1_708	*
N	*	90	*	*	*	*	*	New.CleanUp.ReferenceOTU3752 EUK.Mock.1_93961	*
N	*	90	*	*	*	*	*	New.CleanUp.ReferenceOTU3754 EUK.Mock.1_67663	*
N	*	90	*	*	*	*	*	New.CleanUp.ReferenceOTU3755 EUK.Mock.1_69895	*
N	*	90	*	*	*	*	*	New.CleanUp.ReferenceOTU3756 EUK.Mock.1_108701	*
N	*	82	*	*	*	*	*	New.CleanUp.ReferenceOTU3757 EUK.Mock.1_88403	*
N	*	90	*	*	*	*	*	New.CleanUp.ReferenceOTU3758 EUK.Mock.1_84163	*
N	*	90	*	*	*	*	*	New.CleanUp.ReferenceOTU3764 EUK.Mock.1_95464	*
N	*	90	*	*	*	*	*	New.CleanUp.ReferenceOTU3765 EUK.Mock.1_71926	*
N	*	90	*	*	*	*	*	New.CleanUp.ReferenceOTU3768 EUK.Mock.1_103038	*
N	*	90	*	*	*	*	*	New.CleanUp.ReferenceOTU3770 EUK.Mock.1_104869	*
N	*	90	*	*	*	*	*	New.CleanUp.ReferenceOTU3774 EUK.Mock.1_87992	*
N	*	90	*	*	*	*	*	New.CleanUp.ReferenceOTU3775 EUK.Mock.1_95066	*
N	*	71	*	*	*	*	*	New.CleanUp.ReferenceOTU3778 EUK.Mock.1_104862	*
N	*	90	*	*	*	*	*	New.CleanUp.ReferenceOTU3783 EUK.Mock.1_109164	*
N	*	86	*	*	*	*	*	New.CleanUp.ReferenceOTU3785 EUK.Mock.1_81306	*
N	*	90	*	*	*	*	*	New.CleanUp.ReferenceOTU3789 EUK.Mock.1_42417	*
N	*	90	*	*	*	*	*	New.CleanUp.ReferenceOTU3792 EUK.Mock.1_5925	*
N	*	90	*	*	*	*	*	New.CleanUp.ReferenceOTU3793 EUK.Mock.1_5922	*
N	*	90	*	*	*	*	*	New.CleanUp.ReferenceOTU3795 EUK.Mock.1_7124	*
N	*	83	*	*	*	*	*	New.CleanUp.ReferenceOTU3796 EUK.Mock.1_102045	*
N	*	84	*	*	*	*	*	New.CleanUp.ReferenceOTU3797 EUK.Mock.1_105028	*
N	*	90	*	*	*	*	*	New.CleanUp.ReferenceOTU38 EUK.Mock.1_7450	*
N	*	90	*	*	*	*	*	New.CleanUp.ReferenceOTU3804 EUK.Mock.1_83674	*
N	*	83	*	*	*	*	*	New.CleanUp.ReferenceOTU3805 EUK.Mock.1_39981	*
N	*	90	*	*	*	*	*	New.CleanUp.ReferenceOTU3806 EUK.Mock.1_17245	*
N	*	90	*	*	*	*	*	New.CleanUp.ReferenceOTU381 EUK.Mock.1_9877	*
N	*	71	*	*	*	*	*	New.CleanUp.ReferenceOTU3810 EUK.Mock.1_53149	*
N	*	90	*	*	*	*	*	New.CleanUp.ReferenceOTU3817 EUK.Mock.1_45377	*
N	*	90	*	*	*	*	*	New.CleanUp.ReferenceOTU3818 EUK.Mock.1_8457	*
N	*	90	*	*	*	*	*	New.CleanUp.ReferenceOTU3819 EUK.Mock.1_70438	*
N	*	90	*	*	*	*	*	New.CleanUp.ReferenceOTU3820 EUK.Mock.1_83511	*
N	*	90	*	*	*	*	*	New.CleanUp.ReferenceOTU3821 EUK.Mock.1_88081	*
N	*	90	*	*	*	*	*	New.CleanUp.ReferenceOTU3824 EUK.Mock.1_86625	*
N	*	90	*	*	*	*	*	New.CleanUp.ReferenceOTU3828 EUK.Mock.1_6855	*
N	*	86	*	*	*	*	*	New.CleanUp.ReferenceOTU383 EUK.Mock.1_90084	*
N	*	90	*	*	*	*	*	New.CleanUp.ReferenceOTU3834 EUK.Mock.1_84978	*
N	*	90	*	*	*	*	*	New.CleanUp.ReferenceOTU3838 EUK.Mock.1_70407	*
N	*	90	*	*	*	*	*	New.CleanUp.ReferenceOTU3839 EUK.Mock.1_70406	*
N	*	90	*	*	*	*	*	New.CleanUp.ReferenceOTU3843 EUK.Mock.1_96288	*
N	*	90	*	*	*	*	*	New.CleanUp.ReferenceOTU3844 EUK.Mock.1_72934	*
N	*	90	*	*	*	*	*	New.CleanUp.ReferenceOTU3845 EUK.Mock.1_30524	*
N	*	90	*	*	*	*	*	New.CleanUp.ReferenceOTU3846 EUK.Mock.1_4725	*
N	*	90	*	*	*	*	*	New.CleanUp.ReferenceOTU3850 EUK.Mock.1_107725	*
N	*	90	*	*	*	*	*	New.CleanUp.ReferenceOTU3851 EUK.Mock.1_79592	*
N	*	90	*	*	*	*	*	New.CleanUp.ReferenceOTU3852 EUK.Mock.1_79593	*
N	*	90	*	*	*	*	*	New.CleanUp.ReferenceOTU3853 EUK.Mock.1_8678	*
N	*	74	*	*	*	*	*	New.CleanUp.ReferenceOTU3856 EUK.Mock.1_99542	*
N	*	90	*	*	*	*	*	New.CleanUp.ReferenceOTU3858 EUK.Mock.1_107729	*
N	*	90	*	*	*	*	*	New.CleanUp.ReferenceOTU3859 EUK.Mock.1_87332	*
N	*	90	*	*	*	*	*	New.CleanUp.ReferenceOTU3863 EUK.Mock.1_74096	*
N	*	90	*	*	*	*	*	New.CleanUp.ReferenceOTU387 EUK.Mock.1_51423	*
N	*	90	*	*	*	*	*	New.CleanUp.ReferenceOTU3872 EUK.Mock.1_81362	*
N	*	90	*	*	*	*	*	New.CleanUp.ReferenceOTU3875 EUK.Mock.1_85851	*
N	*	90	*	*	*	*	*	New.CleanUp.ReferenceOTU3878 EUK.Mock.1_93550	*
N	*	86	*	*	*	*	*	New.CleanUp.ReferenceOTU3881 EUK.Mock.1_10736	*
N	*	90	*	*	*	*	*	New.CleanUp.ReferenceOTU3882 EUK.Mock.1_70538	*
N	*	90	*	*	*	*	*	New.CleanUp.ReferenceOTU3883 EUK.Mock.1_72224	*
N	*	90	*	*	*	*	*	New.CleanUp.ReferenceOTU3888 EUK.Mock.1_17490	*
N	*	90	*	*	*	*	*	New.CleanUp.ReferenceOTU389 EUK.Mock.1_60835	*
N	*	84	*	*	*	*	*	New.CleanUp.ReferenceOTU3890 EUK.Mock.1_59031	*
N	*	90	*	*	*	*	*	New.CleanUp.ReferenceOTU3891 EUK.Mock.1_55253	*
N	*	90	*	*	*	*	*	New.CleanUp.ReferenceOTU3895 EUK.Mock.1_67237	*
N	*	90	*	*	*	*	*	New.CleanUp.ReferenceOTU3897 EUK.Mock.1_106254	*
N	*	90	*	*	*	*	*	New.CleanUp.ReferenceOTU390 EUK.Mock.1_40722	*
N	*	90	*	*	*	*	*	New.CleanUp.ReferenceOTU3900 EUK.Mock.1_106258	*
N	*	90	*	*	*	*	*	New.CleanUp.ReferenceOTU3901 EUK.Mock.1_106659	*
N	*	82	*	*	*	*	*	New.CleanUp.ReferenceOTU3902 EUK.Mock.1_49293	*
N	*	90	*	*	*	*	*	New.CleanUp.ReferenceOTU3905 EUK.Mock.1_67126	*
N	*	79	*	*	*	*	*	New.CleanUp.ReferenceOTU3908 EUK.Mock.1_92159	*
N	*	90	*	*	*	*	*	New.CleanUp.ReferenceOTU3911 EUK.Mock.1_72319	*
N	*	84	*	*	*	*	*	New.CleanUp.ReferenceOTU3916 EUK.Mock.1_107387	*
N	*	90	*	*	*	*	*	New.CleanUp.ReferenceOTU3917 EUK.Mock.1_107389	*
N	*	90	*	*	*	*	*	New.CleanUp.ReferenceOTU3918 EUK.Mock.1_73575	*
N	*	90	*	*	*	*	*	New.CleanUp.ReferenceOTU392 EUK.Mock.1_83806	*
N	*	90	*	*	*	*	*	New.CleanUp.ReferenceOTU3922 EUK.Mock.1_58144	*
N	*	90	*	*	*	*	*	New.CleanUp.ReferenceOTU3925 EUK.Mock.1_76240	*
N	*	90	*	*	*	*	*	New.CleanUp.ReferenceOTU3926 EUK.Mock.1_66787	*
N	*	90	*	*	*	*	*	New.CleanUp.ReferenceOTU3928 EUK.Mock.1_34837	*
N	*	90	*	*	*	*	*	New.CleanUp.ReferenceOTU393 EUK.Mock.1_51225	*
N	*	90	*	*	*	*	*	New.CleanUp.ReferenceOTU3930 EUK.Mock.1_3182	*
N	*	90	*	*	*	*	*	New.CleanUp.ReferenceOTU3933 EUK.Mock.1_67267	*
N	*	85	*	*	*	*	*	New.CleanUp.ReferenceOTU3934 EUK.Mock.1_59291	*
N	*	90	*	*	*	*	*	New.CleanUp.ReferenceOTU3936 EUK.Mock.1_71664	*
N	*	90	*	*	*	*	*	New.CleanUp.ReferenceOTU3940 EUK.Mock.1_103702	*
N	*	90	*	*	*	*	*	New.CleanUp.ReferenceOTU3941 EUK.Mock.1_49077	*
N	*	90	*	*	*	*	*	New.CleanUp.ReferenceOTU3942 EUK.Mock.1_42997	*
N	*	90	*	*	*	*	*	New.CleanUp.ReferenceOTU3943 EUK.Mock.1_21216	*
N	*	90	*	*	*	*	*	New.CleanUp.ReferenceOTU3957 EUK.Mock.1_101822	*
N	*	90	*	*	*	*	*	New.CleanUp.ReferenceOTU3959 EUK.Mock.1_89698	*
N	*	86	*	*	*	*	*	New.CleanUp.ReferenceOTU3963 EUK.Mock.1_82799	*
N	*	90	*	*	*	*	*	New.CleanUp.ReferenceOTU3964 EUK.Mock.1_102895	*
N	*	90	*	*	*	*	*	New.CleanUp.ReferenceOTU3969 EUK.Mock.1_83077	*
N	*	90	*	*	*	*	*	New.CleanUp.ReferenceOTU397 EUK.Mock.1_107284	*
N	*	90	*	*	*	*	*	New.CleanUp.ReferenceOTU3971 EUK.Mock.1_49679	*
N	*	90	*	*	*	*	*	New.CleanUp.ReferenceOTU3972 EUK.Mock.1_19267	*
N	*	90	*	*	*	*	*	New.CleanUp.ReferenceOTU3973 EUK.Mock.1_67397	*
N	*	90	*	*	*	*	*	New.CleanUp.ReferenceOTU3974 EUK.Mock.1_98911	*
N	*	90	*	*	*	*	*	New.CleanUp.ReferenceOTU3979 EUK.Mock.1_7711	*
N	*	90	*	*	*	*	*	New.CleanUp.ReferenceOTU3988 EUK.Mock.1_85590	*
N	*	90	*	*	*	*	*	New.CleanUp.ReferenceOTU3991 EUK.Mock.1_98592	*
N	*	90	*	*	*	*	*	New.CleanUp.ReferenceOTU3992 EUK.Mock.1_74526	*
N	*	90	*	*	*	*	*	New.CleanUp.ReferenceOTU3994 EUK.Mock.1_101606	*
N	*	90	*	*	*	*	*	New.CleanUp.ReferenceOTU3996 EUK.Mock.1_44179	*
N	*	90	*	*	*	*	*	New.CleanUp.ReferenceOTU3997 EUK.Mock.1_82666	*
N	*	90	*	*	*	*	*	New.CleanUp.ReferenceOTU4 EUK.Mock.1_41260	*
N	*	90	*	*	*	*	*	New.CleanUp.ReferenceOTU4006 EUK.Mock.1_108858	*
N	*	90	*	*	*	*	*	New.CleanUp.ReferenceOTU4018 EUK.Mock.1_104670	*
N	*	90	*	*	*	*	*	New.CleanUp.ReferenceOTU4019 EUK.Mock.1_2169	*
N	*	90	*	*	*	*	*	New.CleanUp.ReferenceOTU402 EUK.Mock.1_69770	*
N	*	90	*	*	*	*	*	New.CleanUp.ReferenceOTU4025 EUK.Mock.1_94704	*
N	*	90	*	*	*	*	*	New.CleanUp.ReferenceOTU4028 EUK.Mock.1_23109	*
N	*	90	*	*	*	*	*	New.CleanUp.ReferenceOTU4030 EUK.Mock.1_72817	*
N	*	90	*	*	*	*	*	New.CleanUp.ReferenceOTU4034 EUK.Mock.1_28976	*
N	*	90	*	*	*	*	*	New.CleanUp.ReferenceOTU4036 EUK.Mock.1_105182	*
N	*	90	*	*	*	*	*	New.CleanUp.ReferenceOTU4038 EUK.Mock.1_17100	*
N	*	90	*	*	*	*	*	New.CleanUp.ReferenceOTU4040 EUK.Mock.1_104384	*
N	*	90	*	*	*	*	*	New.CleanUp.ReferenceOTU4044 EUK.Mock.1_105259	*
N	*	90	*	*	*	*	*	New.CleanUp.ReferenceOTU4045 EUK.Mock.1_104383	*
N	*	90	*	*	*	*	*	New.CleanUp.ReferenceOTU4046 EUK.Mock.1_71285	*
N	*	90	*	*	*	*	*	New.CleanUp.ReferenceOTU4048 EUK.Mock.1_105255	*
N	*	90	*	*	*	*	*	New.CleanUp.ReferenceOTU405 EUK.Mock.1_21304	*
N	*	90	*	*	*	*	*	New.CleanUp.ReferenceOTU4051 EUK.Mock.1_105251	*
N	*	90	*	*	*	*	*	New.CleanUp.ReferenceOTU4052 EUK.Mock.1_103760	*
N	*	90	*	*	*	*	*	New.CleanUp.ReferenceOTU4053 EUK.Mock.1_56455	*
N	*	90	*	*	*	*	*	New.CleanUp.ReferenceOTU4056 EUK.Mock.1_104721	*
N	*	90	*	*	*	*	*	New.CleanUp.ReferenceOTU4057 EUK.Mock.1_30994	*
N	*	90	*	*	*	*	*	New.CleanUp.ReferenceOTU4066 EUK.Mock.1_59954	*
N	*	81	*	*	*	*	*	New.CleanUp.ReferenceOTU4069 EUK.Mock.1_73181	*
N	*	90	*	*	*	*	*	New.CleanUp.ReferenceOTU4072 EUK.Mock.1_60141	*
N	*	90	*	*	*	*	*	New.CleanUp.ReferenceOTU4074 EUK.Mock.1_27242	*
N	*	69	*	*	*	*	*	New.CleanUp.ReferenceOTU4077 EUK.Mock.1_104706	*
N	*	90	*	*	*	*	*	New.CleanUp.ReferenceOTU408 EUK.Mock.1_7261	*
N	*	84	*	*	*	*	*	New.CleanUp.ReferenceOTU4080 EUK.Mock.1_8862	*
N	*	90	*	*	*	*	*	New.CleanUp.ReferenceOTU4087 EUK.Mock.1_6138	*
N	*	90	*	*	*	*	*	New.CleanUp.ReferenceOTU4091 EUK.Mock.1_103099	*
N	*	90	*	*	*	*	*	New.CleanUp.ReferenceOTU4095 EUK.Mock.1_68576	*
N	*	90	*	*	*	*	*	New.CleanUp.ReferenceOTU4097 EUK.Mock.1_83535	*
N	*	90	*	*	*	*	*	New.CleanUp.ReferenceOTU4099 EUK.Mock.1_14348	*
N	*	90	*	*	*	*	*	New.CleanUp.ReferenceOTU4104 EUK.Mock.1_64068	*
N	*	90	*	*	*	*	*	New.CleanUp.ReferenceOTU4105 EUK.Mock.1_71867	*
N	*	90	*	*	*	*	*	New.CleanUp.ReferenceOTU4106 EUK.Mock.1_88091	*
N	*	90	*	*	*	*	*	New.CleanUp.ReferenceOTU4107 EUK.Mock.1_108391	*
N	*	90	*	*	*	*	*	New.CleanUp.ReferenceOTU4109 EUK.Mock.1_33901	*
N	*	90	*	*	*	*	*	New.CleanUp.ReferenceOTU411 EUK.Mock.1_66197	*
N	*	81	*	*	*	*	*	New.CleanUp.ReferenceOTU4110 EUK.Mock.1_64060	*
N	*	90	*	*	*	*	*	New.CleanUp.ReferenceOTU4111 EUK.Mock.1_64061	*
N	*	90	*	*	*	*	*	New.CleanUp.ReferenceOTU4112 EUK.Mock.1_108398	*
N	*	90	*	*	*	*	*	New.CleanUp.ReferenceOTU4113 EUK.Mock.1_21446	*
N	*	90	*	*	*	*	*	New.CleanUp.ReferenceOTU4114 EUK.Mock.1_21441	*
N	*	90	*	*	*	*	*	New.CleanUp.ReferenceOTU4119 EUK.Mock.1_835	*
N	*	90	*	*	*	*	*	New.CleanUp.ReferenceOTU412 EUK.Mock.1_69175	*
N	*	90	*	*	*	*	*	New.CleanUp.ReferenceOTU4121 EUK.Mock.1_63495	*
N	*	90	*	*	*	*	*	New.CleanUp.ReferenceOTU4122 EUK.Mock.1_32528	*
N	*	90	*	*	*	*	*	New.CleanUp.ReferenceOTU4124 EUK.Mock.1_19949	*
N	*	90	*	*	*	*	*	New.CleanUp.ReferenceOTU4130 EUK.Mock.1_103948	*
N	*	90	*	*	*	*	*	New.CleanUp.ReferenceOTU4132 EUK.Mock.1_22893	*
N	*	90	*	*	*	*	*	New.CleanUp.ReferenceOTU4136 EUK.Mock.1_86634	*
N	*	90	*	*	*	*	*	New.CleanUp.ReferenceOTU414 EUK.Mock.1_105217	*
N	*	90	*	*	*	*	*	New.CleanUp.ReferenceOTU4140 EUK.Mock.1_103944	*
N	*	90	*	*	*	*	*	New.CleanUp.ReferenceOTU4142 EUK.Mock.1_74331	*
N	*	90	*	*	*	*	*	New.CleanUp.ReferenceOTU4143 EUK.Mock.1_18095	*
N	*	90	*	*	*	*	*	New.CleanUp.ReferenceOTU4144 EUK.Mock.1_102387	*
N	*	90	*	*	*	*	*	New.CleanUp.ReferenceOTU4148 EUK.Mock.1_105720	*
N	*	90	*	*	*	*	*	New.CleanUp.ReferenceOTU415 EUK.Mock.1_15891	*
N	*	81	*	*	*	*	*	New.CleanUp.ReferenceOTU4152 EUK.Mock.1_79104	*
N	*	90	*	*	*	*	*	New.CleanUp.ReferenceOTU4158 EUK.Mock.1_30902	*
N	*	90	*	*	*	*	*	New.CleanUp.ReferenceOTU4159 EUK.Mock.1_37623	*
N	*	90	*	*	*	*	*	New.CleanUp.ReferenceOTU4160 EUK.Mock.1_109172	*
N	*	90	*	*	*	*	*	New.CleanUp.ReferenceOTU4161 EUK.Mock.1_41511	*
N	*	90	*	*	*	*	*	New.CleanUp.ReferenceOTU4163 EUK.Mock.1_70430	*
N	*	90	*	*	*	*	*	New.CleanUp.ReferenceOTU4167 EUK.Mock.1_39883	*
N	*	90	*	*	*	*	*	New.CleanUp.ReferenceOTU4168 EUK.Mock.1_4756	*
N	*	90	*	*	*	*	*	New.CleanUp.ReferenceOTU4172 EUK.Mock.1_105940	*
N	*	90	*	*	*	*	*	New.CleanUp.ReferenceOTU4178 EUK.Mock.1_71580	*
N	*	90	*	*	*	*	*	New.CleanUp.ReferenceOTU419 EUK.Mock.1_63902	*
N	*	90	*	*	*	*	*	New.CleanUp.ReferenceOTU4190 EUK.Mock.1_93489	*
N	*	90	*	*	*	*	*	New.CleanUp.ReferenceOTU4191 EUK.Mock.1_4371	*
N	*	90	*	*	*	*	*	New.CleanUp.ReferenceOTU4194 EUK.Mock.1_99878	*
N	*	90	*	*	*	*	*	New.CleanUp.ReferenceOTU4195 EUK.Mock.1_62522	*
N	*	90	*	*	*	*	*	New.CleanUp.ReferenceOTU4196 EUK.Mock.1_106390	*
N	*	90	*	*	*	*	*	New.CleanUp.ReferenceOTU4198 EUK.Mock.1_42703	*
N	*	90	*	*	*	*	*	New.CleanUp.ReferenceOTU42 EUK.Mock.1_90415	*
N	*	90	*	*	*	*	*	New.CleanUp.ReferenceOTU4201 EUK.Mock.1_54247	*
N	*	90	*	*	*	*	*	New.CleanUp.ReferenceOTU4202 EUK.Mock.1_64240	*
N	*	90	*	*	*	*	*	New.CleanUp.ReferenceOTU4205 EUK.Mock.1_79075	*
N	*	90	*	*	*	*	*	New.CleanUp.ReferenceOTU4209 EUK.Mock.1_85395	*
N	*	84	*	*	*	*	*	New.CleanUp.ReferenceOTU421 EUK.Mock.1_69378	*
N	*	90	*	*	*	*	*	New.CleanUp.ReferenceOTU4214 EUK.Mock.1_105790	*
N	*	90	*	*	*	*	*	New.CleanUp.ReferenceOTU4215 EUK.Mock.1_105822	*
N	*	83	*	*	*	*	*	New.CleanUp.ReferenceOTU4216 EUK.Mock.1_100944	*
N	*	90	*	*	*	*	*	New.CleanUp.ReferenceOTU422 EUK.Mock.1_7511	*
N	*	90	*	*	*	*	*	New.CleanUp.ReferenceOTU429 EUK.Mock.1_108811	*
N	*	90	*	*	*	*	*	New.CleanUp.ReferenceOTU433 EUK.Mock.1_7407	*
N	*	90	*	*	*	*	*	New.CleanUp.ReferenceOTU434 EUK.Mock.1_92046	*
N	*	90	*	*	*	*	*	New.CleanUp.ReferenceOTU435 EUK.Mock.1_81340	*
N	*	90	*	*	*	*	*	New.CleanUp.ReferenceOTU436 EUK.Mock.1_65717	*
N	*	90	*	*	*	*	*	New.CleanUp.ReferenceOTU438 EUK.Mock.1_70808	*
N	*	90	*	*	*	*	*	New.CleanUp.ReferenceOTU439 EUK.Mock.1_20780	*
N	*	90	*	*	*	*	*	New.CleanUp.ReferenceOTU443 EUK.Mock.1_72589	*
N	*	90	*	*	*	*	*	New.CleanUp.ReferenceOTU444 EUK.Mock.1_20543	*
N	*	90	*	*	*	*	*	New.CleanUp.ReferenceOTU45 EUK.Mock.1_47084	*
N	*	90	*	*	*	*	*	New.CleanUp.ReferenceOTU454 EUK.Mock.1_104104	*
N	*	90	*	*	*	*	*	New.CleanUp.ReferenceOTU455 EUK.Mock.1_28997	*
N	*	90	*	*	*	*	*	New.CleanUp.ReferenceOTU458 EUK.Mock.1_103580	*
N	*	83	*	*	*	*	*	New.CleanUp.ReferenceOTU462 EUK.Mock.1_1102	*
N	*	80	*	*	*	*	*	New.CleanUp.ReferenceOTU469 EUK.Mock.1_105634	*
N	*	90	*	*	*	*	*	New.CleanUp.ReferenceOTU471 EUK.Mock.1_69196	*
N	*	90	*	*	*	*	*	New.CleanUp.ReferenceOTU473 EUK.Mock.1_68359	*
N	*	90	*	*	*	*	*	New.CleanUp.ReferenceOTU479 EUK.Mock.1_85405	*
N	*	90	*	*	*	*	*	New.CleanUp.ReferenceOTU483 EUK.Mock.1_85408	*
N	*	90	*	*	*	*	*	New.CleanUp.ReferenceOTU49 EUK.Mock.1_105406	*
N	*	70	*	*	*	*	*	New.CleanUp.ReferenceOTU490 EUK.Mock.1_89899	*
N	*	90	*	*	*	*	*	New.CleanUp.ReferenceOTU492 EUK.Mock.1_78054	*
N	*	90	*	*	*	*	*	New.CleanUp.ReferenceOTU494 EUK.Mock.1_83408	*
N	*	90	*	*	*	*	*	New.CleanUp.ReferenceOTU497 EUK.Mock.1_16018	*
N	*	90	*	*	*	*	*	New.CleanUp.ReferenceOTU498 EUK.Mock.1_13539	*
N	*	90	*	*	*	*	*	New.CleanUp.ReferenceOTU499 EUK.Mock.1_5220	*
N	*	82	*	*	*	*	*	New.CleanUp.ReferenceOTU50 EUK.Mock.1_72101	*
N	*	90	*	*	*	*	*	New.CleanUp.ReferenceOTU504 EUK.Mock.1_65665	*
N	*	90	*	*	*	*	*	New.CleanUp.ReferenceOTU507 EUK.Mock.1_76860	*
N	*	90	*	*	*	*	*	New.CleanUp.ReferenceOTU51 EUK.Mock.1_72361	*
N	*	73	*	*	*	*	*	New.CleanUp.ReferenceOTU510 EUK.Mock.1_108025	*
N	*	85	*	*	*	*	*	New.CleanUp.ReferenceOTU513 EUK.Mock.1_92828	*
N	*	90	*	*	*	*	*	New.CleanUp.ReferenceOTU516 EUK.Mock.1_104345	*
N	*	76	*	*	*	*	*	New.CleanUp.ReferenceOTU517 EUK.Mock.1_104344	*
N	*	90	*	*	*	*	*	New.CleanUp.ReferenceOTU518 EUK.Mock.1_105522	*
N	*	90	*	*	*	*	*	New.CleanUp.ReferenceOTU527 EUK.Mock.1_105967	*
N	*	90	*	*	*	*	*	New.CleanUp.ReferenceOTU534 EUK.Mock.1_105965	*
N	*	90	*	*	*	*	*	New.CleanUp.ReferenceOTU536 EUK.Mock.1_71074	*
N	*	90	*	*	*	*	*	New.CleanUp.ReferenceOTU539 EUK.Mock.1_53843	*
N	*	90	*	*	*	*	*	New.CleanUp.ReferenceOTU54 EUK.Mock.1_22336	*
N	*	80	*	*	*	*	*	New.CleanUp.ReferenceOTU543 EUK.Mock.1_24921	*
N	*	90	*	*	*	*	*	New.CleanUp.ReferenceOTU556 EUK.Mock.1_99772	*
N	*	90	*	*	*	*	*	New.CleanUp.ReferenceOTU559 EUK.Mock.1_1480	*
N	*	90	*	*	*	*	*	New.CleanUp.ReferenceOTU56 EUK.Mock.1_72586	*
N	*	90	*	*	*	*	*	New.CleanUp.ReferenceOTU564 EUK.Mock.1_17521	*
N	*	85	*	*	*	*	*	New.CleanUp.ReferenceOTU565 EUK.Mock.1_96659	*
N	*	90	*	*	*	*	*	New.CleanUp.ReferenceOTU567 EUK.Mock.1_15417	*
N	*	90	*	*	*	*	*	New.CleanUp.ReferenceOTU572 EUK.Mock.1_19563	*
N	*	90	*	*	*	*	*	New.CleanUp.ReferenceOTU573 EUK.Mock.1_8318	*
N	*	90	*	*	*	*	*	New.CleanUp.ReferenceOTU574 EUK.Mock.1_70454	*
N	*	90	*	*	*	*	*	New.CleanUp.ReferenceOTU58 EUK.Mock.1_39405	*
N	*	90	*	*	*	*	*	New.CleanUp.ReferenceOTU585 EUK.Mock.1_87363	*
N	*	90	*	*	*	*	*	New.CleanUp.ReferenceOTU586 EUK.Mock.1_91745	*
N	*	90	*	*	*	*	*	New.CleanUp.ReferenceOTU59 EUK.Mock.1_89687	*
N	*	90	*	*	*	*	*	New.CleanUp.ReferenceOTU592 EUK.Mock.1_72785	*
N	*	90	*	*	*	*	*	New.CleanUp.ReferenceOTU593 EUK.Mock.1_3510	*
N	*	90	*	*	*	*	*	New.CleanUp.ReferenceOTU594 EUK.Mock.1_80905	*
N	*	90	*	*	*	*	*	New.CleanUp.ReferenceOTU598 EUK.Mock.1_10360	*
N	*	90	*	*	*	*	*	New.CleanUp.ReferenceOTU599 EUK.Mock.1_97636	*
N	*	90	*	*	*	*	*	New.CleanUp.ReferenceOTU6 EUK.Mock.1_70613	*
N	*	90	*	*	*	*	*	New.CleanUp.ReferenceOTU601 EUK.Mock.1_58001	*
N	*	90	*	*	*	*	*	New.CleanUp.ReferenceOTU604 EUK.Mock.1_58009	*
N	*	83	*	*	*	*	*	New.CleanUp.ReferenceOTU614 EUK.Mock.1_34295	*
N	*	90	*	*	*	*	*	New.CleanUp.ReferenceOTU616 EUK.Mock.1_80265	*
N	*	86	*	*	*	*	*	New.CleanUp.ReferenceOTU618 EUK.Mock.1_105991	*
N	*	90	*	*	*	*	*	New.CleanUp.ReferenceOTU623 EUK.Mock.1_30891	*
N	*	90	*	*	*	*	*	New.CleanUp.ReferenceOTU624 EUK.Mock.1_58483	*
N	*	90	*	*	*	*	*	New.CleanUp.ReferenceOTU631 EUK.Mock.1_33786	*
N	*	90	*	*	*	*	*	New.CleanUp.ReferenceOTU633 EUK.Mock.1_70671	*
N	*	90	*	*	*	*	*	New.CleanUp.ReferenceOTU639 EUK.Mock.1_74628	*
N	*	69	*	*	*	*	*	New.CleanUp.ReferenceOTU644 EUK.Mock.1_99828	*
N	*	69	*	*	*	*	*	New.CleanUp.ReferenceOTU647 EUK.Mock.1_107115	*
N	*	90	*	*	*	*	*	New.CleanUp.ReferenceOTU651 EUK.Mock.1_86214	*
N	*	90	*	*	*	*	*	New.CleanUp.ReferenceOTU654 EUK.Mock.1_74323	*
N	*	90	*	*	*	*	*	New.CleanUp.ReferenceOTU656 EUK.Mock.1_94883	*
N	*	90	*	*	*	*	*	New.CleanUp.ReferenceOTU661 EUK.Mock.1_99810	*
N	*	90	*	*	*	*	*	New.CleanUp.ReferenceOTU663 EUK.Mock.1_27749	*
N	*	90	*	*	*	*	*	New.CleanUp.ReferenceOTU664 EUK.Mock.1_71652	*
N	*	82	*	*	*	*	*	New.CleanUp.ReferenceOTU670 EUK.Mock.1_23537	*
N	*	90	*	*	*	*	*	New.CleanUp.ReferenceOTU672 EUK.Mock.1_73434	*
N	*	90	*	*	*	*	*	New.CleanUp.ReferenceOTU675 EUK.Mock.1_59755	*
N	*	90	*	*	*	*	*	New.CleanUp.ReferenceOTU680 EUK.Mock.1_67905	*
N	*	90	*	*	*	*	*	New.CleanUp.ReferenceOTU681 EUK.Mock.1_42914	*
N	*	90	*	*	*	*	*	New.CleanUp.ReferenceOTU682 EUK.Mock.1_103359	*
N	*	90	*	*	*	*	*	New.CleanUp.ReferenceOTU687 EUK.Mock.1_69360	*
N	*	90	*	*	*	*	*	New.CleanUp.ReferenceOTU69 EUK.Mock.1_11723	*
N	*	90	*	*	*	*	*	New.CleanUp.ReferenceOTU690 EUK.Mock.1_42573	*
N	*	90	*	*	*	*	*	New.CleanUp.ReferenceOTU692 EUK.Mock.1_85144	*
N	*	90	*	*	*	*	*	New.CleanUp.ReferenceOTU695 EUK.Mock.1_98894	*
N	*	90	*	*	*	*	*	New.CleanUp.ReferenceOTU696 EUK.Mock.1_94641	*
N	*	90	*	*	*	*	*	New.CleanUp.ReferenceOTU703 EUK.Mock.1_61756	*
N	*	90	*	*	*	*	*	New.CleanUp.ReferenceOTU707 EUK.Mock.1_15263	*
N	*	90	*	*	*	*	*	New.CleanUp.ReferenceOTU708 EUK.Mock.1_90507	*
N	*	90	*	*	*	*	*	New.CleanUp.ReferenceOTU709 EUK.Mock.1_72638	*
N	*	90	*	*	*	*	*	New.CleanUp.ReferenceOTU711 EUK.Mock.1_102998	*
N	*	90	*	*	*	*	*	New.CleanUp.ReferenceOTU714 EUK.Mock.1_106541	*
N	*	90	*	*	*	*	*	New.CleanUp.ReferenceOTU715 EUK.Mock.1_101675	*
N	*	80	*	*	*	*	*	New.CleanUp.ReferenceOTU716 EUK.Mock.1_58960	*
N	*	90	*	*	*	*	*	New.CleanUp.ReferenceOTU718 EUK.Mock.1_69838	*
N	*	90	*	*	*	*	*	New.CleanUp.ReferenceOTU72 EUK.Mock.1_107968	*
N	*	90	*	*	*	*	*	New.CleanUp.ReferenceOTU722 EUK.Mock.1_89260	*
N	*	90	*	*	*	*	*	New.CleanUp.ReferenceOTU726 EUK.Mock.1_69691	*
N	*	73	*	*	*	*	*	New.CleanUp.ReferenceOTU728 EUK.Mock.1_70739	*
N	*	90	*	*	*	*	*	New.CleanUp.ReferenceOTU731 EUK.Mock.1_57770	*
N	*	90	*	*	*	*	*	New.CleanUp.ReferenceOTU734 EUK.Mock.1_104137	*
N	*	90	*	*	*	*	*	New.CleanUp.ReferenceOTU735 EUK.Mock.1_7329	*
N	*	90	*	*	*	*	*	New.CleanUp.ReferenceOTU736 EUK.Mock.1_108147	*
N	*	90	*	*	*	*	*	New.CleanUp.ReferenceOTU737 EUK.Mock.1_21007	*
N	*	90	*	*	*	*	*	New.CleanUp.ReferenceOTU74 EUK.Mock.1_69595	*
N	*	86	*	*	*	*	*	New.CleanUp.ReferenceOTU741 EUK.Mock.1_20577	*
N	*	90	*	*	*	*	*	New.CleanUp.ReferenceOTU753 EUK.Mock.1_22468	*
N	*	90	*	*	*	*	*	New.CleanUp.ReferenceOTU755 EUK.Mock.1_2312	*
N	*	90	*	*	*	*	*	New.CleanUp.ReferenceOTU756 EUK.Mock.1_104731	*
N	*	90	*	*	*	*	*	New.CleanUp.ReferenceOTU76 EUK.Mock.1_90637	*
N	*	90	*	*	*	*	*	New.CleanUp.ReferenceOTU762 EUK.Mock.1_105602	*
N	*	90	*	*	*	*	*	New.CleanUp.ReferenceOTU765 EUK.Mock.1_46112	*
N	*	90	*	*	*	*	*	New.CleanUp.ReferenceOTU766 EUK.Mock.1_105356	*
N	*	90	*	*	*	*	*	New.CleanUp.ReferenceOTU769 EUK.Mock.1_53329	*
N	*	90	*	*	*	*	*	New.CleanUp.ReferenceOTU772 EUK.Mock.1_101511	*
N	*	90	*	*	*	*	*	New.CleanUp.ReferenceOTU774 EUK.Mock.1_511	*
N	*	90	*	*	*	*	*	New.CleanUp.ReferenceOTU776 EUK.Mock.1_89882	*
N	*	90	*	*	*	*	*	New.CleanUp.ReferenceOTU777 EUK.Mock.1_101469	*
N	*	90	*	*	*	*	*	New.CleanUp.ReferenceOTU778 EUK.Mock.1_89889	*
N	*	90	*	*	*	*	*	New.CleanUp.ReferenceOTU779 EUK.Mock.1_91038	*
N	*	90	*	*	*	*	*	New.CleanUp.ReferenceOTU780 EUK.Mock.1_2265	*
N	*	90	*	*	*	*	*	New.CleanUp.ReferenceOTU781 EUK.Mock.1_100119	*
N	*	81	*	*	*	*	*	New.CleanUp.ReferenceOTU783 EUK.Mock.1_45717	*
N	*	90	*	*	*	*	*	New.CleanUp.ReferenceOTU784 EUK.Mock.1_9781	*
N	*	90	*	*	*	*	*	New.CleanUp.ReferenceOTU786 EUK.Mock.1_70360	*
N	*	90	*	*	*	*	*	New.CleanUp.ReferenceOTU79 EUK.Mock.1_69767	*
N	*	90	*	*	*	*	*	New.CleanUp.ReferenceOTU795 EUK.Mock.1_102977	*
N	*	90	*	*	*	*	*	New.CleanUp.ReferenceOTU8 EUK.Mock.1_40649	*
N	*	90	*	*	*	*	*	New.CleanUp.ReferenceOTU800 EUK.Mock.1_104350	*
N	*	90	*	*	*	*	*	New.CleanUp.ReferenceOTU801 EUK.Mock.1_9076	*
N	*	90	*	*	*	*	*	New.CleanUp.ReferenceOTU804 EUK.Mock.1_75390	*
N	*	90	*	*	*	*	*	New.CleanUp.ReferenceOTU805 EUK.Mock.1_108836	*
N	*	90	*	*	*	*	*	New.CleanUp.ReferenceOTU806 EUK.Mock.1_104358	*
N	*	90	*	*	*	*	*	New.CleanUp.ReferenceOTU808 EUK.Mock.1_20195	*
N	*	90	*	*	*	*	*	New.CleanUp.ReferenceOTU811 EUK.Mock.1_105266	*
N	*	90	*	*	*	*	*	New.CleanUp.ReferenceOTU812 EUK.Mock.1_74169	*
N	*	84	*	*	*	*	*	New.CleanUp.ReferenceOTU815 EUK.Mock.1_8782	*
N	*	90	*	*	*	*	*	New.CleanUp.ReferenceOTU816 EUK.Mock.1_1667	*
N	*	90	*	*	*	*	*	New.CleanUp.ReferenceOTU82 EUK.Mock.1_30306	*
N	*	90	*	*	*	*	*	New.CleanUp.ReferenceOTU83 EUK.Mock.1_70262	*
N	*	90	*	*	*	*	*	New.CleanUp.ReferenceOTU832 EUK.Mock.1_44995	*
N	*	90	*	*	*	*	*	New.CleanUp.ReferenceOTU84 EUK.Mock.1_74531	*
N	*	90	*	*	*	*	*	New.CleanUp.ReferenceOTU840 EUK.Mock.1_71250	*
N	*	90	*	*	*	*	*	New.CleanUp.ReferenceOTU841 EUK.Mock.1_105179	*
N	*	90	*	*	*	*	*	New.CleanUp.ReferenceOTU844 EUK.Mock.1_109187	*
N	*	90	*	*	*	*	*	New.CleanUp.ReferenceOTU848 EUK.Mock.1_88913	*
N	*	90	*	*	*	*	*	New.CleanUp.ReferenceOTU859 EUK.Mock.1_68943	*
N	*	90	*	*	*	*	*	New.CleanUp.ReferenceOTU863 EUK.Mock.1_44286	*
N	*	90	*	*	*	*	*	New.CleanUp.ReferenceOTU864 EUK.Mock.1_21963	*
N	*	90	*	*	*	*	*	New.CleanUp.ReferenceOTU869 EUK.Mock.1_107466	*
N	*	90	*	*	*	*	*	New.CleanUp.ReferenceOTU87 EUK.Mock.1_73747	*
N	*	82	*	*	*	*	*	New.CleanUp.ReferenceOTU870 EUK.Mock.1_88166	*
N	*	90	*	*	*	*	*	New.CleanUp.ReferenceOTU872 EUK.Mock.1_99610	*
N	*	90	*	*	*	*	*	New.CleanUp.ReferenceOTU873 EUK.Mock.1_96641	*
N	*	90	*	*	*	*	*	New.CleanUp.ReferenceOTU877 EUK.Mock.1_70443	*
N	*	90	*	*	*	*	*	New.CleanUp.ReferenceOTU881 EUK.Mock.1_58639	*
N	*	90	*	*	*	*	*	New.CleanUp.ReferenceOTU882 EUK.Mock.1_5786	*
N	*	90	*	*	*	*	*	New.CleanUp.ReferenceOTU884 EUK.Mock.1_24992	*
N	*	83	*	*	*	*	*	New.CleanUp.ReferenceOTU885 EUK.Mock.1_24993	*
N	*	90	*	*	*	*	*	New.CleanUp.ReferenceOTU887 EUK.Mock.1_41651	*
N	*	90	*	*	*	*	*	New.CleanUp.ReferenceOTU889 EUK.Mock.1_106182	*
N	*	86	*	*	*	*	*	New.CleanUp.ReferenceOTU890 EUK.Mock.1_107850	*
N	*	90	*	*	*	*	*	New.CleanUp.ReferenceOTU896 EUK.Mock.1_89013	*
N	*	72	*	*	*	*	*	New.CleanUp.ReferenceOTU90 EUK.Mock.1_69107	*
N	*	69	*	*	*	*	*	New.CleanUp.ReferenceOTU905 EUK.Mock.1_87571	*
N	*	90	*	*	*	*	*	New.CleanUp.ReferenceOTU910 EUK.Mock.1_60743	*
N	*	90	*	*	*	*	*	New.CleanUp.ReferenceOTU915 EUK.Mock.1_86198	*
N	*	85	*	*	*	*	*	New.CleanUp.ReferenceOTU92 EUK.Mock.1_13701	*
N	*	90	*	*	*	*	*	New.CleanUp.ReferenceOTU921 EUK.Mock.1_79737	*
N	*	90	*	*	*	*	*	New.CleanUp.ReferenceOTU922 EUK.Mock.1_107585	*
N	*	90	*	*	*	*	*	New.CleanUp.ReferenceOTU923 EUK.Mock.1_65999	*
N	*	90	*	*	*	*	*	New.CleanUp.ReferenceOTU926 EUK.Mock.1_58341	*
N	*	90	*	*	*	*	*	New.CleanUp.ReferenceOTU929 EUK.Mock.1_72353	*
N	*	90	*	*	*	*	*	New.CleanUp.ReferenceOTU930 EUK.Mock.1_24539	*
N	*	90	*	*	*	*	*	New.CleanUp.ReferenceOTU931 EUK.Mock.1_38787	*
N	*	90	*	*	*	*	*	New.CleanUp.ReferenceOTU934 EUK.Mock.1_74487	*
N	*	82	*	*	*	*	*	New.CleanUp.ReferenceOTU937 EUK.Mock.1_38788	*
N	*	90	*	*	*	*	*	New.CleanUp.ReferenceOTU938 EUK.Mock.1_37362	*
N	*	90	*	*	*	*	*	New.CleanUp.ReferenceOTU948 EUK.Mock.1_4787	*
N	*	90	*	*	*	*	*	New.CleanUp.ReferenceOTU953 EUK.Mock.1_60920	*
N	*	90	*	*	*	*	*	New.CleanUp.ReferenceOTU954 EUK.Mock.1_107038	*
N	*	90	*	*	*	*	*	New.CleanUp.ReferenceOTU956 EUK.Mock.1_107034	*
N	*	90	*	*	*	*	*	New.CleanUp.ReferenceOTU959 EUK.Mock.1_88544	*
N	*	90	*	*	*	*	*	New.CleanUp.ReferenceOTU96 EUK.Mock.1_69165	*
N	*	90	*	*	*	*	*	New.CleanUp.ReferenceOTU960 EUK.Mock.1_70713	*
N	*	90	*	*	*	*	*	New.CleanUp.ReferenceOTU962 EUK.Mock.1_102979	*
N	*	79	*	*	*	*	*	New.CleanUp.ReferenceOTU964 EUK.Mock.1_108646	*
N	*	90	*	*	*	*	*	New.CleanUp.ReferenceOTU980 EUK.Mock.1_59742	*
N	*	90	*	*	*	*	*	New.CleanUp.ReferenceOTU982 EUK.Mock.1_71161	*
N	*	90	*	*	*	*	*	New.CleanUp.ReferenceOTU984 EUK.Mock.1_103682	*
N	*	90	*	*	*	*	*	New.CleanUp.ReferenceOTU986 EUK.Mock.1_62272	*
N	*	90	*	*	*	*	*	New.CleanUp.ReferenceOTU99 EUK.Mock.1_82476	*
N	*	90	*	*	*	*	*	New.CleanUp.ReferenceOTU991 EUK.Mock.1_71534	*
N	*	90	*	*	*	*	*	New.CleanUp.ReferenceOTU992 EUK.Mock.1_71535	*
N	*	90	*	*	*	*	*	New.CleanUp.ReferenceOTU994 EUK.Mock.1_26578	*
N	*	90	*	*	*	*	*	New.CleanUp.ReferenceOTU999 EUK.Mock.1_74563	*
D	2523	2	*	*	*	*	100.0	19662	*
D	4062	2	*	*	*	*	100.0	33079	*
D	4104	2	*	*	*	*	100.0	33585	*
D	4634	2	*	*	*	*	100.0	38113	*
D	6170	2	*	*	*	*	100.0	52258	*
D	7017	2	*	*	*	*	100.0	60168	*
D	7090	2	*	*	*	*	100.0	60815	*
D	7688	2	*	*	*	*	100.0	65995	*
D	8562	2	*	*	*	*	100.0	73554	*
D	9284	3	*	*	*	*	100.0	80038	*
