UclustConsensusTaxonAssigner parameters:
id_to_taxonomy_filepath:/home/nbokulic/ref_seq_dbs/UNITE/unite_rep_set_97-rdp-taxonomy.txt
id_to_taxonomy_fp:/home/nbokulic/ref_seq_dbs/UNITE/unite_rep_set_97-rdp-taxonomy.txt
max_accepts:1
min_consensus_fraction:0.51
reference_sequences_fp:/home/nbokulic/ref_seq_dbs/UNITE/align/rep_set_uclust_ref_97.fasta
similarity:0.7
unassignable_label:Unassigned
Result path: "/scratch/assign-taxaggmT9dPsPoy1DEClF3z.txt"

.uc file contents:

# uclust --input /home/nbokulic/bewolf/psrotot/RDBW_unite/rep_set.fna --id 0.7 --rev --maxaccepts 1 --allhits --libonly --lib /home/nbokulic/ref_seq_dbs/UNITE/align/rep_set_uclust_ref_97.fasta --uc /scratch/UclustConsensusTaxonAssigner_58P3TU.uc
# version=1.2.22
# Tab-separated fields:
# 1=Type, 2=ClusterNr, 3=SeqLength or ClusterSize, 4=PctId, 5=Strand, 6=QueryStart, 7=SeedStart, 8=Alignment, 9=QueryLabel, 10=TargetLabel
# Record types (field 1): L=LibSeed, S=NewSeed, H=Hit, R=Reject, D=LibCluster, C=NewCluster, N=NoHit
# For C and D types, PctId is average id with seed.
# QueryStart and SeedStart are zero-based relative to start of sequence.
# If minus strand, SeedStart is relative to reverse-complemented seed.
L	6721	555	*	*	*	*	*	HM216212	*
H	6721	101	97.0	+	0	0	7I82M2D17M449I	AB250409 Mock.1_5	HM216212
H	6721	101	98.0	+	0	0	7I82M2D17M449I	AF281178 Mock.2_19155	HM216212
L	22967	561	*	*	*	*	*	FJ624262	*
H	22967	91	95.6	+	0	0	23I91M447I	AJ309341 Mock.1_29083	FJ624262
L	21482	573	*	*	*	*	*	EU551202	*
H	21482	97	99.0	+	0	0	9I97M467I	AM901674 Mock.2_4233	EU551202
L	2663	412	*	*	*	*	*	DQ286062	*
H	2663	101	100.0	+	0	0	24I101M287I	DQ286062 Mock.1_7	DQ286062
L	22593	716	*	*	*	*	*	FN548146	*
H	22593	92	97.8	+	0	0	111I92M513I	DQ681335 Mock.1_1328	FN548146
L	4539	617	*	*	*	*	*	DQ132818	*
H	4539	94	98.9	+	0	0	61I94M462I	EU551202 Mock.2_9983	DQ132818
L	3195	472	*	*	*	*	*	EU714323	*
H	3195	101	100.0	+	0	0	8I101M363I	EU714323 Mock.2_4	EU714323
L	2507	617	*	*	*	*	*	EU821474	*
H	2507	101	98.0	+	0	0	11I101M505I	EU821474 Mock.1_128	EU821474
H	4539	101	98.0	+	0	0	61I101M455I	EU833211 Mock.3_2	DQ132818
L	3590	578	*	*	*	*	*	FJ196614	*
H	3590	83	100.0	+	0	0	9I65MI18M485I	FJ196614 Mock.2_39189	FJ196614
L	194	569	*	*	*	*	*	FJ478136	*
H	194	77	98.7	+	0	0	9I77M483I	FJ210573 Mock.1_15840	FJ478136
L	4557	468	*	*	*	*	*	FJ210632	*
H	4557	84	96.4	+	0	0	19I84M365I	FJ582636 Mock.2_15608	FJ210632
L	22231	589	*	*	*	*	*	FJ582636	*
H	22231	87	100.0	+	0	0	10I87M492I	FJ624262 Mock.3_1560	FJ582636
L	25840	593	*	*	*	*	*	FJ878626	*
H	25840	101	100.0	+	0	0	8I101M484I	FJ878626 Mock.3_2031	FJ878626
H	22967	83	100.0	+	0	0	23I83M455I	FJ903339 Mock.3_15095	FJ624262
L	27106	558	*	*	*	*	*	HQ897787	*
H	27106	101	95.0	+	0	0	5D96M462I	FJ904916 Mock.2_11	HQ897787
L	1982	610	*	*	*	*	*	EU833211	*
H	1982	101	99.0	+	0	0	8I32MI69M500I	FN548146 Mock.2_10300	EU833211
L	18019	743	*	*	*	*	*	GQ376079	*
H	18019	101	100.0	+	0	0	8I101M634I	GQ376079 Mock.2_8	GQ376079
L	669	416	*	*	*	*	*	EF197948	*
H	669	101	97.0	+	0	0	3D98M318I	GQ376083 Mock.1_0	EF197948
L	165	586	*	*	*	*	*	DQ680681	*
H	165	101	95.0	+	0	0	227I101M258I	GQ376093 Mock.1_40	DQ680681
L	28129	2961	*	*	*	*	*	GQ458041	*
H	28129	101	100.0	+	0	0	1712I101M1148I	GQ458041 Mock.2_30	GQ458041
H	22967	92	95.7	+	0	0	23I92M446I	GU062214 Mock.1_841	FJ624262
L	8753	1531	*	*	*	*	*	HM534893	*
H	8753	83	98.8	+	0	0	105I83M1343I	GU062251 Mock.1_28622	HM534893
L	10671	506	*	*	*	*	*	GU062255	*
H	10671	84	100.0	+	0	0	23I84M399I	GU062255 Mock.1_8251	GU062255
L	12492	546	*	*	*	*	*	FJ210573	*
H	12492	82	100.0	+	0	0	19I82M445I	GU132456 Mock.2_32520	FJ210573
H	22967	91	96.7	+	0	0	23I91M447I	JN019381 Mock.1_3366	FJ624262
L	9974	590	*	*	*	*	*	HQ586874	*
H	9974	101	72.3	+	0	0	12I52MD18M2D28M480I	New.ReferenceOTU0 Mock.2_7524	HQ586874
L	26107	396	*	*	*	*	*	GQ376093	*
H	26107	101	94.1	+	0	0	8I101M287I	New.ReferenceOTU1 Mock.1_27540	GQ376093
H	2663	101	86.1	+	0	0	24I101M287I	New.ReferenceOTU2 Mock.1_9147	DQ286062
L	19864	605	*	*	*	*	*	DQ683112	*
H	19864	101	93.1	+	0	0	245I101M259I	New.ReferenceOTU3 Mock.3_6461	DQ683112
H	19864	101	94.1	+	0	0	245I101M259I	New.ReferenceOTU4 Mock.2_1308	DQ683112
L	14810	510	*	*	*	*	*	FJ515204	*
H	14810	101	84.2	+	0	0	16D85M425I	New.ReferenceOTU5 Mock.1_6335	FJ515204
L	23330	1158	*	*	*	*	*	FJ865435	*
H	23330	94	84.0	+	0	0	14D8MI72M1077I	New.ReferenceOTU6 Mock.2_55739	FJ865435
H	26107	101	96.0	+	0	0	8I101M287I	New.ReferenceOTU7 Mock.3_19464	GQ376093
H	22967	91	95.6	+	0	0	23I91M447I	New.CleanUp.ReferenceOTU1 Mock.3_52699	FJ624262
H	2507	86	96.5	+	0	0	11I86M520I	New.CleanUp.ReferenceOTU10 Mock.2_55974	EU821474
H	669	101	93.1	+	0	0	3D98M318I	New.CleanUp.ReferenceOTU105 Mock.1_21242	EF197948
L	25001	564	*	*	*	*	*	EU568909	*
H	25001	101	83.2	+	0	0	16D85M479I	New.CleanUp.ReferenceOTU106 Mock.1_5337	EU568909
H	6721	96	95.8	+	0	0	7I82M2D12M454I	New.CleanUp.ReferenceOTU107 Mock.2_69443	HM216212
N	*	101	*	*	*	*	*	New.CleanUp.ReferenceOTU11 Mock.2_5394	*
H	22231	91	96.7	+	0	0	10I91M488I	New.CleanUp.ReferenceOTU115 Mock.2_64627	FJ582636
L	22512	236	*	*	*	*	*	FJ227897	*
H	22512	101	84.2	+	0	0	8D93M143I	New.CleanUp.ReferenceOTU118 Mock.1_724	FJ227897
H	2663	101	81.2	+	0	0	24I101M287I	New.CleanUp.ReferenceOTU120 Mock.1_54066	DQ286062
H	26107	91	93.4	+	0	0	8I91M297I	New.CleanUp.ReferenceOTU125 Mock.2_31673	GQ376093
H	165	89	92.1	+	0	0	227I89M270I	New.CleanUp.ReferenceOTU128 Mock.1_42547	DQ680681
N	*	101	*	*	*	*	*	New.CleanUp.ReferenceOTU129 Mock.2_70021	*
N	*	101	*	*	*	*	*	New.CleanUp.ReferenceOTU133 Mock.1_20046	*
H	165	101	92.1	+	0	0	227I101M258I	New.CleanUp.ReferenceOTU136 Mock.2_13064	DQ680681
N	*	101	*	*	*	*	*	New.CleanUp.ReferenceOTU142 Mock.2_13237	*
H	22231	91	95.6	+	0	0	10I91M488I	New.CleanUp.ReferenceOTU144 Mock.1_12567	FJ582636
H	194	101	92.1	+	0	0	9I85M2D14M461I	New.CleanUp.ReferenceOTU147 Mock.2_64849	FJ478136
H	2663	101	96.0	+	0	0	24I101M287I	New.CleanUp.ReferenceOTU149 Mock.2_58493	DQ286062
N	*	101	*	*	*	*	*	New.CleanUp.ReferenceOTU150 Mock.2_72741	*
N	*	94	*	*	*	*	*	New.CleanUp.ReferenceOTU153 Mock.3_16011	*
N	*	101	*	*	*	*	*	New.CleanUp.ReferenceOTU157 Mock.2_44184	*
H	165	101	92.1	+	0	0	227I101M258I	New.CleanUp.ReferenceOTU161 Mock.1_39577	DQ680681
N	*	101	*	*	*	*	*	New.CleanUp.ReferenceOTU166 Mock.3_9034	*
L	17317	690	*	*	*	*	*	AM279464	*
H	17317	101	84.2	+	0	0	16D85M605I	New.CleanUp.ReferenceOTU167 Mock.2_132	AM279464
L	23981	546	*	*	*	*	*	FJ459981	*
H	23981	101	83.2	+	0	0	16D70MD14M462I	New.CleanUp.ReferenceOTU171 Mock.3_83	FJ459981
H	165	101	94.1	+	0	0	227I101M258I	New.CleanUp.ReferenceOTU173 Mock.3_86	DQ680681
N	*	101	*	*	*	*	*	New.CleanUp.ReferenceOTU30 Mock.2_5485	*
N	*	101	*	*	*	*	*	New.CleanUp.ReferenceOTU39 Mock.1_6422	*
H	22512	97	82.5	+	0	0	8D89M147I	New.CleanUp.ReferenceOTU46 Mock.2_69723	FJ227897
H	165	101	89.1	+	0	0	227I101M258I	New.CleanUp.ReferenceOTU48 Mock.2_50493	DQ680681
N	*	101	*	*	*	*	*	New.CleanUp.ReferenceOTU5 Mock.2_3312	*
H	26107	101	96.0	+	0	0	8I101M287I	New.CleanUp.ReferenceOTU53 Mock.1_63364	GQ376093
N	*	95	*	*	*	*	*	New.CleanUp.ReferenceOTU54 Mock.1_44342	*
N	*	101	*	*	*	*	*	New.CleanUp.ReferenceOTU6 Mock.3_13680	*
N	*	101	*	*	*	*	*	New.CleanUp.ReferenceOTU61 Mock.2_8064	*
H	19864	92	89.1	+	0	0	245I92M268I	New.CleanUp.ReferenceOTU67 Mock.1_53045	DQ683112
H	2507	95	94.7	+	0	0	11I95M511I	New.CleanUp.ReferenceOTU68 Mock.1_5491	EU821474
L	29057	806	*	*	*	*	*	UDB003358	*
H	29057	101	75.2	+	0	0	144I54M17I26M4I21M540I	New.CleanUp.ReferenceOTU71 Mock.3_69820	UDB003358
H	669	101	93.1	+	0	0	3D98M318I	New.CleanUp.ReferenceOTU72 Mock.2_29742	EF197948
N	*	101	*	*	*	*	*	New.CleanUp.ReferenceOTU82 Mock.3_65355	*
H	669	101	93.1	+	0	0	3D98M318I	New.CleanUp.ReferenceOTU89 Mock.3_43979	EF197948
H	2663	101	96.0	+	0	0	24I101M287I	New.CleanUp.ReferenceOTU90 Mock.2_73953	DQ286062
H	26107	101	88.1	+	0	0	8I101M287I	New.CleanUp.ReferenceOTU91 Mock.3_54068	GQ376093
L	25215	460	*	*	*	*	*	FJ861384	*
H	25215	101	96.0	+	0	0	18I101M341I	New.CleanUp.ReferenceOTU97 Mock.2_25781	FJ861384
D	165	7	*	*	*	*	92.4	DQ680681	*
D	194	3	*	*	*	*	95.4	FJ478136	*
D	669	5	*	*	*	*	94.1	EF197948	*
D	1982	2	*	*	*	*	99.0	EU833211	*
D	2507	4	*	*	*	*	96.4	EU821474	*
D	2663	6	*	*	*	*	91.9	DQ286062	*
D	3195	2	*	*	*	*	100.0	EU714323	*
D	3590	2	*	*	*	*	100.0	FJ196614	*
D	4539	3	*	*	*	*	98.5	DQ132818	*
D	4557	2	*	*	*	*	96.4	FJ210632	*
D	6721	4	*	*	*	*	97.0	HM216212	*
D	8753	2	*	*	*	*	98.8	HM534893	*
D	9974	2	*	*	*	*	72.3	HQ586874	*
D	10671	2	*	*	*	*	100.0	GU062255	*
D	12492	2	*	*	*	*	100.0	FJ210573	*
D	14810	2	*	*	*	*	84.2	FJ515204	*
D	17317	2	*	*	*	*	84.2	AM279464	*
D	18019	2	*	*	*	*	100.0	GQ376079	*
D	19864	4	*	*	*	*	92.1	DQ683112	*
D	21482	2	*	*	*	*	99.0	EU551202	*
D	22231	4	*	*	*	*	97.4	FJ582636	*
D	22512	3	*	*	*	*	83.3	FJ227897	*
D	22593	2	*	*	*	*	97.8	FN548146	*
D	22967	6	*	*	*	*	96.7	FJ624262	*
D	23330	2	*	*	*	*	84.0	FJ865435	*
D	23981	2	*	*	*	*	83.2	FJ459981	*
D	25001	2	*	*	*	*	83.2	EU568909	*
D	25215	2	*	*	*	*	96.0	FJ861384	*
D	25840	2	*	*	*	*	100.0	FJ878626	*
D	26107	6	*	*	*	*	93.5	GQ376093	*
D	27106	2	*	*	*	*	95.0	HQ897787	*
D	28129	2	*	*	*	*	100.0	GQ458041	*
D	29057	2	*	*	*	*	75.2	UDB003358	*
