UclustConsensusTaxonAssigner parameters:
id_to_taxonomy_filepath:/home/nbokulic/ref_seq_dbs/UNITE/unite_rep_set_97-rdp-taxonomy.txt
id_to_taxonomy_fp:/home/nbokulic/ref_seq_dbs/UNITE/unite_rep_set_97-rdp-taxonomy.txt
max_accepts:3
min_consensus_fraction:1.0
reference_sequences_fp:/home/nbokulic/ref_seq_dbs/UNITE/align/rep_set_uclust_ref_97.fasta
similarity:0.95
unassignable_label:Unassigned
Result path: "/scratch/assign-tax0atdIsCVdC0KBChIVqr5.txt"

.uc file contents:

# uclust --input /home/nbokulic/bewolf/psrotot/SAG_unite/rep_set.fna --id 0.95 --rev --maxaccepts 3 --allhits --libonly --lib /home/nbokulic/ref_seq_dbs/UNITE/align/rep_set_uclust_ref_97.fasta --uc /scratch/UclustConsensusTaxonAssigner_91Vodp.uc
# version=1.2.22
# Tab-separated fields:
# 1=Type, 2=ClusterNr, 3=SeqLength or ClusterSize, 4=PctId, 5=Strand, 6=QueryStart, 7=SeedStart, 8=Alignment, 9=QueryLabel, 10=TargetLabel
# Record types (field 1): L=LibSeed, S=NewSeed, H=Hit, R=Reject, D=LibCluster, C=NewCluster, N=NoHit
# For C and D types, PctId is average id with seed.
# QueryStart and SeedStart are zero-based relative to start of sequence.
# If minus strand, SeedStart is relative to reverse-complemented seed.
L	6721	555	*	*	*	*	*	HM216212	*
H	6721	101	97.0	+	0	0	7I82M2D17M449I	AB250409 Mock.1_51076	HM216212
L	22486	514	*	*	*	*	*	FJ210562	*
H	22486	101	95.0	+	0	0	26I82M2D17M389I	AB250409 Mock.1_51076	FJ210562
L	540	562	*	*	*	*	*	DQ885387	*
H	540	101	96.0	+	0	0	9I83MD17M453I	AB250409 Mock.1_51076	DQ885387
L	21249	556	*	*	*	*	*	EU219559	*
H	21249	79	98.7	+	0	0	24I79M453I	AF081478 Mock.3_79206	EU219559
L	11135	526	*	*	*	*	*	EF601622	*
H	11135	79	98.7	+	0	0	10I79M437I	AF081478 Mock.3_79206	EF601622
L	3590	578	*	*	*	*	*	FJ196614	*
H	3590	79	98.7	+	0	0	9I68MI11M489I	AF081478 Mock.3_79206	FJ196614
H	6721	101	98.0	+	0	0	7I82M2D17M449I	AF281178 Mock.1_49309	HM216212
H	540	101	96.0	+	0	0	9I82MD18M453I	AF281178 Mock.1_49309	DQ885387
L	541	586	*	*	*	*	*	DQ885388	*
H	541	101	96.0	+	0	0	10I82MD18M476I	AF281178 Mock.1_49309	DQ885388
L	22231	589	*	*	*	*	*	FJ582636	*
H	22231	91	95.6	+	0	0	10I91M488I	AJ309341 Mock.3_22148	FJ582636
L	22967	561	*	*	*	*	*	FJ624262	*
H	22967	91	95.6	+	0	0	23I91M447I	AJ309341 Mock.3_22148	FJ624262
L	14432	528	*	*	*	*	*	GU062251	*
H	14432	91	96.7	+	0	0	23I85M2D4M416I	AJ309341 Mock.3_22148	GU062251
L	21482	573	*	*	*	*	*	EU551202	*
H	21482	97	99.0	+	0	0	9I97M467I	AM901674 Mock.2_478	EU551202
L	4539	617	*	*	*	*	*	DQ132818	*
H	4539	97	97.9	+	0	0	61I97M459I	AM901674 Mock.2_478	DQ132818
L	25514	738	*	*	*	*	*	AM901674	*
H	25514	97	99.0	+	0	0	167I90MI7M473I	AM901674 Mock.2_478	AM901674
L	12667	564	*	*	*	*	*	AY729076	*
H	12667	101	99.0	+	0	0	86MD14M464I	AY729076 Mock.3_65061	AY729076
L	10671	506	*	*	*	*	*	GU062255	*
H	10671	101	97.0	+	0	0	23I85M2D14M384I	AY729076 Mock.3_65061	GU062255
H	22231	101	96.0	+	0	0	10I87MD13M479I	AY729076 Mock.3_65061	FJ582636
L	2663	412	*	*	*	*	*	DQ286062	*
H	2663	101	100.0	+	0	0	24I101M287I	DQ286062 Mock.3_0	DQ286062
L	907	621	*	*	*	*	*	GQ461905	*
H	907	101	96.0	+	0	0	8I101M512I	DQ681335 Mock.3_89616	GQ461905
L	22593	716	*	*	*	*	*	FN548146	*
H	22593	101	99.0	+	0	0	111I101M504I	DQ681335 Mock.3_89616	FN548146
L	7271	631	*	*	*	*	*	GQ120993	*
H	7271	101	99.0	+	0	0	24I101M506I	DQ681335 Mock.3_89616	GQ120993
H	21482	94	100.0	+	0	0	9I94M470I	EU551202 Mock.3_1364	EU551202
H	4539	94	98.9	+	0	0	61I94M462I	EU551202 Mock.3_1364	DQ132818
H	25514	94	96.8	+	0	0	167I94M477I	EU551202 Mock.3_1364	AM901674
L	3195	472	*	*	*	*	*	EU714323	*
H	3195	101	100.0	+	0	0	8I101M363I	EU714323 Mock.3_69	EU714323
L	2507	617	*	*	*	*	*	EU821474	*
H	2507	101	98.0	+	0	0	11I101M505I	EU821474 Mock.3_56	EU821474
H	4539	101	98.0	+	0	0	61I101M455I	EU833211 Mock.2_21	DQ132818
H	21482	101	99.0	+	0	0	9I101M463I	EU833211 Mock.2_21	EU551202
L	11629	796	*	*	*	*	*	JN617690	*
H	11629	101	95.0	+	0	0	50I87MI14M644I	EU833211 Mock.2_21	JN617690
H	22231	82	98.8	+	0	0	10I82M497I	FJ196614 Mock.2_67464	FJ582636
L	3349	603	*	*	*	*	*	FN868469	*
H	3349	82	98.8	+	0	0	22I82M499I	FJ196614 Mock.2_67464	FN868469
H	11135	82	98.8	+	0	0	10I82M434I	FJ196614 Mock.2_67464	EF601622
L	14672	2196	*	*	*	*	*	AB245442	*
H	14672	101	98.0	+	0	0	1706I86MD14M390I	FJ210600 Mock.3_93865	AB245442
H	14432	101	97.0	+	0	0	23I85M2D14M406I	FJ210600 Mock.3_93865	GU062251
L	19274	510	*	*	*	*	*	DQ247776	*
H	19274	101	97.0	+	0	0	17I85M2D14M394I	FJ210600 Mock.3_93865	DQ247776
L	3212	548	*	*	*	*	*	FJ210605	*
H	3212	84	97.6	+	0	0	22I84M442I	FJ582636 Mock.3_20020	FJ210605
H	21249	84	96.4	+	0	0	24I84M448I	FJ582636 Mock.3_20020	EU219559
L	3232	542	*	*	*	*	*	EF687948	*
H	3232	84	98.8	+	0	0	10I84M448I	FJ582636 Mock.3_20020	EF687948
H	22967	87	100.0	+	0	0	23I87M451I	FJ624262 Mock.2_1337	FJ624262
H	22231	87	100.0	+	0	0	10I87M492I	FJ624262 Mock.2_1337	FJ582636
L	20446	1991	*	*	*	*	*	EF397557	*
H	20446	87	98.9	+	0	0	1744I87M160I	FJ624262 Mock.2_1337	EF397557
L	25840	593	*	*	*	*	*	FJ878626	*
H	25840	101	100.0	+	0	0	8I101M484I	FJ878626 Mock.2_477	FJ878626
L	1907	567	*	*	*	*	*	FJ556909	*
H	1907	101	99.0	+	0	0	18I101M448I	FJ878626 Mock.2_477	FJ556909
L	28127	593	*	*	*	*	*	FJ878644	*
H	28127	101	98.0	+	0	0	8I101M484I	FJ878626 Mock.2_477	FJ878644
H	3212	83	98.8	+	0	0	22I83M443I	FJ903339 Mock.3_6156	FJ210605
H	14432	83	100.0	+	0	0	23I83M422I	FJ903339 Mock.3_6156	GU062251
H	3232	83	100.0	+	0	0	10I83M449I	FJ903339 Mock.3_6156	EF687948
H	20446	101	99.0	+	0	0	1744I86MD14M147I	FJ904916 Mock.1_57	EF397557
L	25126	583	*	*	*	*	*	FJ904916	*
H	25126	101	99.0	+	0	0	22I86MD14M461I	FJ904916 Mock.1_57	FJ904916
H	22231	101	97.0	+	0	0	10I87MD13M479I	FJ904916 Mock.1_57	FJ582636
L	19237	631	*	*	*	*	*	GQ120969	*
H	19237	101	99.0	+	0	0	24I101M506I	FN548146 Mock.3_24260	GQ120969
L	1982	610	*	*	*	*	*	EU833211	*
H	1982	101	99.0	+	0	0	8I33MI68M500I	FN548146 Mock.3_24260	EU833211
H	22593	101	99.0	+	0	0	111I101M504I	FN548146 Mock.3_24260	FN548146
L	18019	743	*	*	*	*	*	GQ376079	*
H	18019	101	100.0	+	0	0	8I101M634I	GQ376079 Mock.3_9	GQ376079
L	669	416	*	*	*	*	*	EF197948	*
H	669	101	97.0	+	0	0	3D98M318I	GQ376083 Mock.3_6	EF197948
L	24610	424	*	*	*	*	*	GQ376083	*
H	24610	101	100.0	+	0	0	4I43MI58M318I	GQ376083 Mock.3_6	GQ376083
L	26107	396	*	*	*	*	*	GQ376093	*
H	26107	101	97.0	+	0	0	8I101M287I	GQ376093 Mock.3_41	GQ376093
L	25215	460	*	*	*	*	*	FJ861384	*
H	25215	101	100.0	+	0	0	18I101M341I	GQ458041 Mock.1_3	FJ861384
L	28129	2961	*	*	*	*	*	GQ458041	*
H	28129	101	100.0	+	0	0	1712I101M1148I	GQ458041 Mock.1_3	GQ458041
L	14428	653	*	*	*	*	*	AB513338	*
H	14428	101	99.0	+	0	0	9I101M543I	GQ458041 Mock.1_3	AB513338
H	22967	92	95.7	+	0	0	23I92M446I	GU062214 Mock.3_528	FJ624262
H	22231	92	95.7	+	0	0	10I92M487I	GU062214 Mock.3_528	FJ582636
H	20446	92	98.9	+	0	0	1744I86MD5M156I	GU062214 Mock.3_528	EF397557
H	3212	83	97.6	+	0	0	22I83M443I	GU062251 Mock.3_33948	FJ210605
H	21249	83	97.6	+	0	0	24I83M449I	GU062251 Mock.3_33948	EU219559
H	3232	83	98.8	+	0	0	10I83M449I	GU062251 Mock.3_33948	EF687948
H	3212	84	98.8	+	0	0	22I84M442I	GU062255 Mock.2_32544	FJ210605
H	14432	84	100.0	+	0	0	23I84M421I	GU062255 Mock.2_32544	GU062251
H	3232	84	100.0	+	0	0	10I84M448I	GU062255 Mock.2_32544	EF687948
H	3212	82	100.0	+	0	0	22I82M444I	GU132456 Mock.2_4938	FJ210605
H	14432	82	100.0	+	0	0	23I82M423I	GU132456 Mock.2_4938	GU062251
H	3232	82	100.0	+	0	0	10I82M450I	GU132456 Mock.2_4938	EF687948
L	26872	567	*	*	*	*	*	GU212865	*
H	26872	101	99.0	+	0	0	10I90MI11M455I	GU212865 Mock.2_29206	GU212865
L	9286	626	*	*	*	*	*	JF439501	*
H	9286	101	97.0	+	0	0	22I88M2I13M501I	GU212865 Mock.2_29206	JF439501
H	11629	101	96.0	+	0	0	50I90MI11M644I	GU212865 Mock.2_29206	JN617690
H	22967	91	96.7	+	0	0	23I91M447I	JN019381 Mock.1_146	FJ624262
H	22231	91	96.7	+	0	0	10I91M488I	JN019381 Mock.1_146	FJ582636
H	20446	91	95.6	+	0	0	1744I91M156I	JN019381 Mock.1_146	EF397557
H	20446	80	98.8	+	0	0	1744I80M167I	JQ764778 Mock.1_120194	EF397557
L	8179	588	*	*	*	*	*	HQ608055	*
H	8179	80	98.8	+	0	0	8I80M500I	JQ764778 Mock.1_120194	HQ608055
L	4557	468	*	*	*	*	*	FJ210632	*
H	4557	80	97.5	+	0	0	19I80M369I	JQ764778 Mock.1_120194	FJ210632
H	22231	89	96.6	+	0	0	10I89M490I	New.ReferenceOTU0 Mock.3_96016	FJ582636
H	22967	89	96.6	+	0	0	23I89M449I	New.ReferenceOTU0 Mock.3_96016	FJ624262
H	20446	89	95.5	+	0	0	1744I89M158I	New.ReferenceOTU0 Mock.3_96016	EF397557
N	*	101	*	*	*	*	*	New.ReferenceOTU1 Mock.3_12004	*
N	*	101	*	*	*	*	*	New.ReferenceOTU2 Mock.3_1386	*
N	*	101	*	*	*	*	*	New.ReferenceOTU3 Mock.1_57739	*
H	26107	101	96.0	+	0	0	8I101M287I	New.ReferenceOTU4 Mock.2_1503	GQ376093
N	*	101	*	*	*	*	*	New.ReferenceOTU5 Mock.2_6639	*
N	*	101	*	*	*	*	*	New.ReferenceOTU6 Mock.3_29776	*
N	*	101	*	*	*	*	*	New.ReferenceOTU7 Mock.2_87334	*
N	*	101	*	*	*	*	*	New.ReferenceOTU8 Mock.3_18917	*
N	*	101	*	*	*	*	*	New.ReferenceOTU9 Mock.1_11375	*
H	4539	101	95.0	+	0	0	61I101M455I	New.CleanUp.ReferenceOTU10 Mock.3_68650	DQ132818
H	21482	101	96.0	+	0	0	9I101M463I	New.CleanUp.ReferenceOTU10 Mock.3_68650	EU551202
N	*	97	*	*	*	*	*	New.CleanUp.ReferenceOTU106 Mock.1_69390	*
H	25126	101	96.0	+	0	0	22I86MD14M461I	New.CleanUp.ReferenceOTU11 Mock.1_150843	FJ904916
H	14432	101	95.0	+	0	0	23I85M2D14M406I	New.CleanUp.ReferenceOTU11 Mock.1_150843	GU062251
L	21340	1132	*	*	*	*	*	GQ505758	*
H	21340	101	95.0	+	0	0	3D83MD14M1035I	New.CleanUp.ReferenceOTU11 Mock.1_150843	GQ505758
H	26107	85	96.5	+	0	0	8I85M303I	New.CleanUp.ReferenceOTU110 Mock.3_149153	GQ376093
N	*	101	*	*	*	*	*	New.CleanUp.ReferenceOTU112 Mock.2_14440	*
H	2507	101	96.0	+	0	0	11I101M505I	New.CleanUp.ReferenceOTU117 Mock.2_12594	EU821474
N	*	97	*	*	*	*	*	New.CleanUp.ReferenceOTU128 Mock.1_37244	*
N	*	101	*	*	*	*	*	New.CleanUp.ReferenceOTU131 Mock.1_148727	*
H	2507	82	96.3	+	0	0	11I82M524I	New.CleanUp.ReferenceOTU132 Mock.3_63505	EU821474
N	*	101	*	*	*	*	*	New.CleanUp.ReferenceOTU134 Mock.3_149543	*
N	*	97	*	*	*	*	*	New.CleanUp.ReferenceOTU147 Mock.3_62959	*
N	*	101	*	*	*	*	*	New.CleanUp.ReferenceOTU150 Mock.3_24621	*
H	28129	101	96.0	+	0	0	1712I101M1148I	New.CleanUp.ReferenceOTU152 Mock.3_145052	GQ458041
H	25215	101	96.0	+	0	0	18I101M341I	New.CleanUp.ReferenceOTU152 Mock.3_145052	FJ861384
H	14428	101	95.0	+	0	0	9I101M543I	New.CleanUp.ReferenceOTU152 Mock.3_145052	AB513338
N	*	90	*	*	*	*	*	New.CleanUp.ReferenceOTU153 Mock.3_80051	*
H	25126	101	95.0	+	0	0	22I86MD14M461I	New.CleanUp.ReferenceOTU158 Mock.2_314	FJ904916
H	20446	101	95.0	+	0	0	1744I86MD14M147I	New.CleanUp.ReferenceOTU158 Mock.2_314	EF397557
N	*	101	*	*	*	*	*	New.CleanUp.ReferenceOTU169 Mock.2_150196	*
H	4539	101	95.0	+	0	0	61I101M455I	New.CleanUp.ReferenceOTU170 Mock.1_78557	DQ132818
H	21482	101	96.0	+	0	0	9I101M463I	New.CleanUp.ReferenceOTU170 Mock.1_78557	EU551202
H	19237	101	96.0	+	0	0	24I91MI10M505I	New.CleanUp.ReferenceOTU170 Mock.1_78557	GQ120969
N	*	92	*	*	*	*	*	New.CleanUp.ReferenceOTU186 Mock.3_50457	*
N	*	91	*	*	*	*	*	New.CleanUp.ReferenceOTU188 Mock.3_122009	*
H	6721	101	95.0	+	0	0	7I84M2D15M449I	New.CleanUp.ReferenceOTU191 Mock.2_78236	HM216212
H	25126	101	96.0	+	0	0	22I86MD14M461I	New.CleanUp.ReferenceOTU191 Mock.2_78236	FJ904916
N	*	94	*	*	*	*	*	New.CleanUp.ReferenceOTU193 Mock.2_149378	*
H	20446	93	96.8	+	0	0	1744I85MD7M155I	New.CleanUp.ReferenceOTU194 Mock.3_102583	EF397557
H	14672	93	96.8	+	0	0	1706I85MD7M398I	New.CleanUp.ReferenceOTU194 Mock.3_102583	AB245442
H	25126	93	96.8	+	0	0	22I85MD7M469I	New.CleanUp.ReferenceOTU194 Mock.3_102583	FJ904916
N	*	101	*	*	*	*	*	New.CleanUp.ReferenceOTU195 Mock.3_26145	*
H	26107	89	95.5	+	0	0	8I89M299I	New.CleanUp.ReferenceOTU201 Mock.3_50626	GQ376093
N	*	101	*	*	*	*	*	New.CleanUp.ReferenceOTU202 Mock.3_47471	*
H	2507	97	96.9	+	0	0	11I97M509I	New.CleanUp.ReferenceOTU207 Mock.1_149277	EU821474
N	*	97	*	*	*	*	*	New.CleanUp.ReferenceOTU211 Mock.1_141388	*
N	*	91	*	*	*	*	*	New.CleanUp.ReferenceOTU216 Mock.1_9391	*
N	*	101	*	*	*	*	*	New.CleanUp.ReferenceOTU220 Mock.1_27133	*
H	2663	101	96.0	+	0	0	24I101M287I	New.CleanUp.ReferenceOTU221 Mock.1_123965	DQ286062
N	*	96	*	*	*	*	*	New.CleanUp.ReferenceOTU226 Mock.2_146273	*
H	2507	101	96.0	+	0	0	11I101M505I	New.CleanUp.ReferenceOTU227 Mock.3_99760	EU821474
H	21482	101	96.0	+	0	0	9I101M463I	New.CleanUp.ReferenceOTU233 Mock.1_20956	EU551202
H	4539	101	95.0	+	0	0	61I101M455I	New.CleanUp.ReferenceOTU233 Mock.1_20956	DQ132818
H	22593	101	96.0	+	0	0	111I88MI13M503I	New.CleanUp.ReferenceOTU233 Mock.1_20956	FN548146
N	*	97	*	*	*	*	*	New.CleanUp.ReferenceOTU240 Mock.3_65298	*
N	*	101	*	*	*	*	*	New.CleanUp.ReferenceOTU245 Mock.3_36198	*
H	4539	101	95.0	+	0	0	61I101M455I	New.CleanUp.ReferenceOTU253 Mock.2_127141	DQ132818
H	21482	101	96.0	+	0	0	9I101M463I	New.CleanUp.ReferenceOTU253 Mock.2_127141	EU551202
H	19237	101	96.0	+	0	0	24I88MI13M505I	New.CleanUp.ReferenceOTU253 Mock.2_127141	GQ120969
H	21482	97	96.9	+	0	0	9I97M467I	New.CleanUp.ReferenceOTU263 Mock.1_1366	EU551202
H	4539	97	95.9	+	0	0	61I97M459I	New.CleanUp.ReferenceOTU263 Mock.1_1366	DQ132818
H	9286	97	95.9	+	0	0	22I90M2I7M505I	New.CleanUp.ReferenceOTU263 Mock.1_1366	JF439501
H	6721	93	95.7	+	0	0	7I84M2D7M457I	New.CleanUp.ReferenceOTU268 Mock.1_3769	HM216212
H	12667	93	95.7	+	0	0	86MD6M472I	New.CleanUp.ReferenceOTU268 Mock.1_3769	AY729076
H	25126	93	96.8	+	0	0	22I86MD6M469I	New.CleanUp.ReferenceOTU268 Mock.1_3769	FJ904916
L	27106	558	*	*	*	*	*	HQ897787	*
H	27106	101	95.0	+	0	0	5D96M462I	New.CleanUp.ReferenceOTU279 Mock.1_150080	HQ897787
L	5665	1148	*	*	*	*	*	GQ505458	*
H	5665	101	95.0	+	0	0	3D83MD14M1051I	New.CleanUp.ReferenceOTU279 Mock.1_150080	GQ505458
H	10671	101	95.0	+	0	0	23I85M2D14M384I	New.CleanUp.ReferenceOTU279 Mock.1_150080	GU062255
H	2663	101	96.0	+	0	0	24I101M287I	New.CleanUp.ReferenceOTU290 Mock.1_32579	DQ286062
H	2507	85	95.3	+	0	0	11I85M521I	New.CleanUp.ReferenceOTU291 Mock.3_65215	EU821474
H	2507	82	95.1	+	0	0	11I82M524I	New.CleanUp.ReferenceOTU292 Mock.2_97602	EU821474
H	14672	94	96.8	+	0	0	1706I86MD7M397I	New.CleanUp.ReferenceOTU297 Mock.3_45946	AB245442
H	19274	94	95.7	+	0	0	17I85M2D7M401I	New.CleanUp.ReferenceOTU297 Mock.3_45946	DQ247776
N	*	101	*	*	*	*	*	New.CleanUp.ReferenceOTU3 Mock.3_31273	*
N	*	97	*	*	*	*	*	New.CleanUp.ReferenceOTU303 Mock.3_23665	*
N	*	91	*	*	*	*	*	New.CleanUp.ReferenceOTU304 Mock.1_119625	*
N	*	101	*	*	*	*	*	New.CleanUp.ReferenceOTU318 Mock.3_141	*
N	*	97	*	*	*	*	*	New.CleanUp.ReferenceOTU335 Mock.2_65750	*
N	*	101	*	*	*	*	*	New.CleanUp.ReferenceOTU342 Mock.3_55903	*
N	*	101	*	*	*	*	*	New.CleanUp.ReferenceOTU350 Mock.1_33365	*
H	2507	101	96.0	+	0	0	11I101M505I	New.CleanUp.ReferenceOTU357 Mock.1_102185	EU821474
H	3349	91	95.6	+	0	0	22I85M2D4M492I	New.CleanUp.ReferenceOTU36 Mock.3_121542	FN868469
H	19274	91	95.6	+	0	0	17I85M2D4M404I	New.CleanUp.ReferenceOTU36 Mock.3_121542	DQ247776
L	2386	997	*	*	*	*	*	FJ892747	*
H	2386	91	95.6	+	0	0	259I83MD7M648I	New.CleanUp.ReferenceOTU36 Mock.3_121542	FJ892747
H	14672	92	95.7	+	0	0	1706I86MD5M399I	New.CleanUp.ReferenceOTU364 Mock.1_33527	AB245442
H	20446	92	95.7	+	0	0	1744I86MD5M156I	New.CleanUp.ReferenceOTU364 Mock.1_33527	EF397557
H	25126	92	95.7	+	0	0	22I86MD5M470I	New.CleanUp.ReferenceOTU364 Mock.1_33527	FJ904916
H	25126	88	95.5	+	0	0	22I88M473I	New.CleanUp.ReferenceOTU365 Mock.3_145787	FJ904916
H	22231	88	96.6	+	0	0	10I88M491I	New.CleanUp.ReferenceOTU365 Mock.3_145787	FJ582636
H	14672	88	95.5	+	0	0	1706I88M402I	New.CleanUp.ReferenceOTU365 Mock.3_145787	AB245442
H	19274	96	95.8	+	0	0	17I85M2D9M399I	New.CleanUp.ReferenceOTU368 Mock.3_46301	DQ247776
H	25126	96	96.9	+	0	0	22I85MD10M466I	New.CleanUp.ReferenceOTU368 Mock.3_46301	FJ904916
H	20446	96	96.9	+	0	0	1744I85MD10M152I	New.CleanUp.ReferenceOTU368 Mock.3_46301	EF397557
H	25514	84	96.4	+	0	0	167I84M487I	New.CleanUp.ReferenceOTU37 Mock.1_109502	AM901674
H	21482	84	96.4	+	0	0	9I84M480I	New.CleanUp.ReferenceOTU37 Mock.1_109502	EU551202
H	4539	84	95.2	+	0	0	61I84M472I	New.CleanUp.ReferenceOTU37 Mock.1_109502	DQ132818
H	14672	94	96.8	+	0	0	1706I85MD8M397I	New.CleanUp.ReferenceOTU389 Mock.2_38543	AB245442
H	14432	94	95.7	+	0	0	23I85M2D7M413I	New.CleanUp.ReferenceOTU389 Mock.2_38543	GU062251
H	10671	94	95.7	+	0	0	23I85M2D7M391I	New.CleanUp.ReferenceOTU389 Mock.2_38543	GU062255
N	*	89	*	*	*	*	*	New.CleanUp.ReferenceOTU39 Mock.2_73658	*
L	160	660	*	*	*	*	*	EF192226	*
H	160	93	95.7	+	0	0	15I93M552I	New.CleanUp.ReferenceOTU4 Mock.2_151774	EF192226
H	28129	93	96.8	+	0	0	1712I93M1156I	New.CleanUp.ReferenceOTU4 Mock.2_151774	GQ458041
H	25215	93	96.8	+	0	0	18I93M349I	New.CleanUp.ReferenceOTU4 Mock.2_151774	FJ861384
H	14672	96	95.8	+	0	0	1706I86MD9M395I	New.CleanUp.ReferenceOTU408 Mock.1_71934	AB245442
H	2507	101	95.0	+	0	0	11I101M505I	New.CleanUp.ReferenceOTU41 Mock.2_112899	EU821474
L	14335	614	*	*	*	*	*	FJ810138	*
H	14335	91	95.6	+	0	0	8I70M2I15M2D4M515I	New.CleanUp.ReferenceOTU410 Mock.1_23990	FJ810138
L	25135	968	*	*	*	*	*	GU722596	*
H	25135	91	95.6	+	0	0	213I85M2D4M666I	New.CleanUp.ReferenceOTU410 Mock.1_23990	GU722596
L	9679	1083	*	*	*	*	*	AY271809	*
H	9679	91	95.6	+	0	0	247I85M2D4M747I	New.CleanUp.ReferenceOTU410 Mock.1_23990	AY271809
H	3212	79	96.2	+	0	0	22I79M447I	New.CleanUp.ReferenceOTU415 Mock.2_73927	FJ210605
H	11135	79	96.2	+	0	0	10I79M437I	New.CleanUp.ReferenceOTU415 Mock.2_73927	EF601622
H	21249	79	96.2	+	0	0	24I79M453I	New.CleanUp.ReferenceOTU415 Mock.2_73927	EU219559
H	26107	97	96.9	+	0	0	8I97M291I	New.CleanUp.ReferenceOTU43 Mock.3_4617	GQ376093
H	2507	101	95.0	+	0	0	11I101M505I	New.CleanUp.ReferenceOTU44 Mock.1_23081	EU821474
H	4539	97	95.9	+	0	0	61I97M459I	New.CleanUp.ReferenceOTU50 Mock.3_52885	DQ132818
H	21482	97	96.9	+	0	0	9I97M467I	New.CleanUp.ReferenceOTU50 Mock.3_52885	EU551202
H	26872	97	95.9	+	0	0	10I89MI8M459I	New.CleanUp.ReferenceOTU50 Mock.3_52885	GU212865
H	1982	101	96.0	+	0	0	8I33MI68M500I	New.CleanUp.ReferenceOTU51 Mock.3_107013	EU833211
H	19237	101	96.0	+	0	0	24I101M506I	New.CleanUp.ReferenceOTU51 Mock.3_107013	GQ120969
H	22593	101	96.0	+	0	0	111I101M504I	New.CleanUp.ReferenceOTU51 Mock.3_107013	FN548146
H	22967	96	95.8	+	0	0	23I87MD8M443I	New.CleanUp.ReferenceOTU55 Mock.1_98753	FJ624262
H	14672	96	96.9	+	0	0	1706I86MD9M395I	New.CleanUp.ReferenceOTU55 Mock.1_98753	AB245442
H	22231	96	95.8	+	0	0	10I87MD8M484I	New.CleanUp.ReferenceOTU55 Mock.1_98753	FJ582636
H	2507	89	95.5	+	0	0	11I89M517I	New.CleanUp.ReferenceOTU63 Mock.3_147233	EU821474
N	*	96	*	*	*	*	*	New.CleanUp.ReferenceOTU69 Mock.3_151410	*
N	*	89	*	*	*	*	*	New.CleanUp.ReferenceOTU7 Mock.2_150072	*
H	2663	92	96.7	+	0	0	24I92M296I	New.CleanUp.ReferenceOTU78 Mock.3_72672	DQ286062
N	*	101	*	*	*	*	*	New.CleanUp.ReferenceOTU86 Mock.1_76828	*
D	2386	2	*	*	*	*	95.6	FJ892747	*
D	2507	12	*	*	*	*	95.9	EU821474	*
D	2663	5	*	*	*	*	97.2	DQ286062	*
D	3195	2	*	*	*	*	100.0	EU714323	*
D	3232	6	*	*	*	*	99.5	EF687948	*
D	3590	2	*	*	*	*	98.7	FJ196614	*
D	6721	3	*	*	*	*	97.5	HM216212	*
D	7271	2	*	*	*	*	99.0	GQ120993	*
D	8179	2	*	*	*	*	98.8	HQ608055	*
D	9679	2	*	*	*	*	95.6	AY271809	*
D	10671	2	*	*	*	*	95.0	GU062255	*
D	11135	2	*	*	*	*	98.8	EF601622	*
D	12667	2	*	*	*	*	99.0	AY729076	*
D	14432	2	*	*	*	*	96.7	GU062251	*
D	14672	6	*	*	*	*	96.9	AB245442	*
D	18019	2	*	*	*	*	100.0	GQ376079	*
D	19237	3	*	*	*	*	96.0	GQ120969	*
D	20446	4	*	*	*	*	96.9	EF397557	*
D	21249	2	*	*	*	*	96.2	EU219559	*
D	21482	7	*	*	*	*	97.5	EU551202	*
D	22231	4	*	*	*	*	97.8	FJ582636	*
D	22593	4	*	*	*	*	97.0	FN548146	*
D	22967	2	*	*	*	*	96.6	FJ624262	*
D	24610	2	*	*	*	*	100.0	GQ376083	*
D	25126	7	*	*	*	*	96.7	FJ904916	*
D	25215	3	*	*	*	*	96.4	FJ861384	*
D	25514	2	*	*	*	*	99.0	AM901674	*
D	25840	2	*	*	*	*	100.0	FJ878626	*
D	26107	6	*	*	*	*	96.4	GQ376093	*
D	26872	2	*	*	*	*	99.0	GU212865	*
D	28129	2	*	*	*	*	100.0	GQ458041	*
