UclustConsensusTaxonAssigner parameters:
id_to_taxonomy_filepath:/home/nbokulic/ref_seq_dbs/UNITE/unite_rep_set_97-rdp-taxonomy.txt
id_to_taxonomy_fp:/home/nbokulic/ref_seq_dbs/UNITE/unite_rep_set_97-rdp-taxonomy.txt
max_accepts:1
min_consensus_fraction:0.5
reference_sequences_fp:/home/nbokulic/ref_seq_dbs/UNITE/align/rep_set_uclust_ref_97.fasta
similarity:0.93
unassignable_label:Unassigned
Result path: "/scratch/assign-taxPiRGsSOP12on0UyvkgIp.txt"

.uc file contents:

# uclust --input /home/nbokulic/bewolf/psrotot/RDBW_unite/rep_set.fna --id 0.93 --rev --maxaccepts 1 --allhits --libonly --lib /home/nbokulic/ref_seq_dbs/UNITE/align/rep_set_uclust_ref_97.fasta --uc /scratch/UclustConsensusTaxonAssigner_A8oo0m.uc
# version=1.2.22
# Tab-separated fields:
# 1=Type, 2=ClusterNr, 3=SeqLength or ClusterSize, 4=PctId, 5=Strand, 6=QueryStart, 7=SeedStart, 8=Alignment, 9=QueryLabel, 10=TargetLabel
# Record types (field 1): L=LibSeed, S=NewSeed, H=Hit, R=Reject, D=LibCluster, C=NewCluster, N=NoHit
# For C and D types, PctId is average id with seed.
# QueryStart and SeedStart are zero-based relative to start of sequence.
# If minus strand, SeedStart is relative to reverse-complemented seed.
L	27106	558	*	*	*	*	*	HQ897787	*
H	27106	101	94.1	+	0	0	5D96M462I	AB250409 Mock.1_5	HQ897787
L	6721	555	*	*	*	*	*	HM216212	*
H	6721	101	98.0	+	0	0	7I82M2D17M449I	AF281178 Mock.2_19155	HM216212
L	14432	528	*	*	*	*	*	GU062251	*
H	14432	91	96.7	+	0	0	23I85M2D4M416I	AJ309341 Mock.1_29083	GU062251
L	21482	573	*	*	*	*	*	EU551202	*
H	21482	97	99.0	+	0	0	9I97M467I	AM901674 Mock.2_4233	EU551202
L	2663	412	*	*	*	*	*	DQ286062	*
H	2663	101	100.0	+	0	0	24I101M287I	DQ286062 Mock.1_7	DQ286062
H	21482	92	96.7	+	0	0	9I92M472I	DQ681335 Mock.1_1328	EU551202
H	21482	94	100.0	+	0	0	9I94M470I	EU551202 Mock.2_9983	EU551202
L	3195	472	*	*	*	*	*	EU714323	*
H	3195	101	100.0	+	0	0	8I101M363I	EU714323 Mock.2_4	EU714323
L	2507	617	*	*	*	*	*	EU821474	*
H	2507	101	98.0	+	0	0	11I101M505I	EU821474 Mock.1_128	EU821474
H	21482	101	99.0	+	0	0	9I101M463I	EU833211 Mock.3_2	EU551202
L	3590	578	*	*	*	*	*	FJ196614	*
H	3590	83	100.0	+	0	0	9I65MI18M485I	FJ196614 Mock.2_39189	FJ196614
L	22489	452	*	*	*	*	*	FJ210631	*
H	22489	77	97.4	+	0	0	16I77M359I	FJ210573 Mock.1_15840	FJ210631
L	5596	504	*	*	*	*	*	GU062249	*
H	5596	84	97.6	+	0	0	22I84M398I	FJ582636 Mock.2_15608	GU062249
L	14672	2196	*	*	*	*	*	AB245442	*
H	14672	87	98.9	+	0	0	1706I87M403I	FJ624262 Mock.3_1560	AB245442
L	25840	593	*	*	*	*	*	FJ878626	*
H	25840	101	100.0	+	0	0	8I101M484I	FJ878626 Mock.3_2031	FJ878626
L	14114	565	*	*	*	*	*	GU132456	*
H	14114	83	98.8	+	0	0	13I83M469I	FJ903339 Mock.3_15095	GU132456
H	6721	101	98.0	+	0	0	7I84M2D15M449I	FJ904916 Mock.2_11	HM216212
L	7271	631	*	*	*	*	*	GQ120993	*
H	7271	101	99.0	+	0	0	24I101M506I	FN548146 Mock.2_10300	GQ120993
L	18019	743	*	*	*	*	*	GQ376079	*
H	18019	101	100.0	+	0	0	8I101M634I	GQ376079 Mock.2_8	GQ376079
L	669	416	*	*	*	*	*	EF197948	*
H	669	101	97.0	+	0	0	3D98M318I	GQ376083 Mock.1_0	EF197948
L	26107	396	*	*	*	*	*	GQ376093	*
H	26107	101	97.0	+	0	0	8I101M287I	GQ376093 Mock.1_40	GQ376093
L	25215	460	*	*	*	*	*	FJ861384	*
H	25215	101	100.0	+	0	0	18I101M341I	GQ458041 Mock.2_30	FJ861384
L	22967	561	*	*	*	*	*	FJ624262	*
H	22967	92	95.7	+	0	0	23I92M446I	GU062214 Mock.1_841	FJ624262
L	8751	1585	*	*	*	*	*	HM534896	*
H	8751	83	98.8	+	0	0	123I83M1379I	GU062251 Mock.1_28622	HM534896
H	14114	84	97.6	+	0	0	13I84M468I	GU062255 Mock.1_8251	GU132456
H	14114	82	100.0	+	0	0	13I82M470I	GU132456 Mock.2_32520	GU132456
H	22967	91	96.7	+	0	0	23I91M447I	JN019381 Mock.1_3366	FJ624262
N	*	101	*	*	*	*	*	New.ReferenceOTU0 Mock.2_7524	*
H	26107	101	94.1	+	0	0	8I101M287I	New.ReferenceOTU1 Mock.1_27540	GQ376093
N	*	101	*	*	*	*	*	New.ReferenceOTU2 Mock.1_9147	*
L	19864	605	*	*	*	*	*	DQ683112	*
H	19864	101	93.1	+	0	0	245I101M259I	New.ReferenceOTU3 Mock.3_6461	DQ683112
H	19864	101	94.1	+	0	0	245I101M259I	New.ReferenceOTU4 Mock.2_1308	DQ683112
L	261	517	*	*	*	*	*	DQ871598	*
H	261	101	94.1	+	0	0	3D98M419I	New.ReferenceOTU5 Mock.1_6335	DQ871598
N	*	94	*	*	*	*	*	New.ReferenceOTU6 Mock.2_55739	*
H	26107	101	96.0	+	0	0	8I101M287I	New.ReferenceOTU7 Mock.3_19464	GQ376093
L	25126	583	*	*	*	*	*	FJ904916	*
H	25126	91	94.5	+	0	0	22I91M470I	New.CleanUp.ReferenceOTU1 Mock.3_52699	FJ904916
H	2507	86	96.5	+	0	0	11I86M520I	New.CleanUp.ReferenceOTU10 Mock.2_55974	EU821474
L	24610	424	*	*	*	*	*	GQ376083	*
H	24610	101	96.0	+	0	0	4I44MI57M318I	New.CleanUp.ReferenceOTU105 Mock.1_21242	GQ376083
N	*	101	*	*	*	*	*	New.CleanUp.ReferenceOTU106 Mock.1_5337	*
H	6721	96	95.8	+	0	0	7I82M2D12M454I	New.CleanUp.ReferenceOTU107 Mock.2_69443	HM216212
N	*	101	*	*	*	*	*	New.CleanUp.ReferenceOTU11 Mock.2_5394	*
H	25126	91	95.6	+	0	0	22I91M470I	New.CleanUp.ReferenceOTU115 Mock.2_64627	FJ904916
N	*	101	*	*	*	*	*	New.CleanUp.ReferenceOTU118 Mock.1_724	*
N	*	101	*	*	*	*	*	New.CleanUp.ReferenceOTU120 Mock.1_54066	*
H	26107	91	93.4	+	0	0	8I91M297I	New.CleanUp.ReferenceOTU125 Mock.2_31673	GQ376093
H	26107	89	94.4	+	0	0	8I89M299I	New.CleanUp.ReferenceOTU128 Mock.1_42547	GQ376093
N	*	101	*	*	*	*	*	New.CleanUp.ReferenceOTU129 Mock.2_70021	*
N	*	101	*	*	*	*	*	New.CleanUp.ReferenceOTU133 Mock.1_20046	*
H	26107	101	94.1	+	0	0	8I101M287I	New.CleanUp.ReferenceOTU136 Mock.2_13064	GQ376093
N	*	101	*	*	*	*	*	New.CleanUp.ReferenceOTU142 Mock.2_13237	*
H	14672	91	94.5	+	0	0	1706I91M399I	New.CleanUp.ReferenceOTU144 Mock.1_12567	AB245442
L	4558	473	*	*	*	*	*	FJ210606	*
H	4558	101	93.1	+	0	0	17I85M2D14M357I	New.CleanUp.ReferenceOTU147 Mock.2_64849	FJ210606
H	2663	101	96.0	+	0	0	24I101M287I	New.CleanUp.ReferenceOTU149 Mock.2_58493	DQ286062
N	*	101	*	*	*	*	*	New.CleanUp.ReferenceOTU150 Mock.2_72741	*
N	*	94	*	*	*	*	*	New.CleanUp.ReferenceOTU153 Mock.3_16011	*
N	*	101	*	*	*	*	*	New.CleanUp.ReferenceOTU157 Mock.2_44184	*
H	26107	101	94.1	+	0	0	8I101M287I	New.CleanUp.ReferenceOTU161 Mock.1_39577	GQ376093
N	*	101	*	*	*	*	*	New.CleanUp.ReferenceOTU166 Mock.3_9034	*
N	*	101	*	*	*	*	*	New.CleanUp.ReferenceOTU167 Mock.2_132	*
H	6721	101	95.0	+	0	0	7I84M2D15M449I	New.CleanUp.ReferenceOTU171 Mock.3_83	HM216212
H	26107	101	96.0	+	0	0	8I101M287I	New.CleanUp.ReferenceOTU173 Mock.3_86	GQ376093
N	*	101	*	*	*	*	*	New.CleanUp.ReferenceOTU30 Mock.2_5485	*
N	*	101	*	*	*	*	*	New.CleanUp.ReferenceOTU39 Mock.1_6422	*
N	*	97	*	*	*	*	*	New.CleanUp.ReferenceOTU46 Mock.2_69723	*
N	*	101	*	*	*	*	*	New.CleanUp.ReferenceOTU48 Mock.2_50493	*
N	*	101	*	*	*	*	*	New.CleanUp.ReferenceOTU5 Mock.2_3312	*
H	26107	101	96.0	+	0	0	8I101M287I	New.CleanUp.ReferenceOTU53 Mock.1_63364	GQ376093
N	*	95	*	*	*	*	*	New.CleanUp.ReferenceOTU54 Mock.1_44342	*
N	*	101	*	*	*	*	*	New.CleanUp.ReferenceOTU6 Mock.3_13680	*
N	*	101	*	*	*	*	*	New.CleanUp.ReferenceOTU61 Mock.2_8064	*
H	2663	92	93.5	+	0	0	24I92M296I	New.CleanUp.ReferenceOTU67 Mock.1_53045	DQ286062
H	2507	95	94.7	+	0	0	11I95M511I	New.CleanUp.ReferenceOTU68 Mock.1_5491	EU821474
N	*	101	*	*	*	*	*	New.CleanUp.ReferenceOTU71 Mock.3_69820	*
H	669	101	93.1	+	0	0	3D98M318I	New.CleanUp.ReferenceOTU72 Mock.2_29742	EF197948
N	*	101	*	*	*	*	*	New.CleanUp.ReferenceOTU82 Mock.3_65355	*
H	24610	101	96.0	+	0	0	4I43MI58M318I	New.CleanUp.ReferenceOTU89 Mock.3_43979	GQ376083
H	2663	101	96.0	+	0	0	24I101M287I	New.CleanUp.ReferenceOTU90 Mock.2_73953	DQ286062
N	*	101	*	*	*	*	*	New.CleanUp.ReferenceOTU91 Mock.3_54068	*
H	25215	101	96.0	+	0	0	18I101M341I	New.CleanUp.ReferenceOTU97 Mock.2_25781	FJ861384
D	261	2	*	*	*	*	94.1	DQ871598	*
D	669	3	*	*	*	*	95.0	EF197948	*
D	2507	4	*	*	*	*	96.4	EU821474	*
D	2663	5	*	*	*	*	96.4	DQ286062	*
D	3195	2	*	*	*	*	100.0	EU714323	*
D	3590	2	*	*	*	*	100.0	FJ196614	*
D	4558	2	*	*	*	*	93.1	FJ210606	*
D	5596	2	*	*	*	*	97.6	GU062249	*
D	6721	5	*	*	*	*	96.7	HM216212	*
D	7271	2	*	*	*	*	99.0	GQ120993	*
D	8751	2	*	*	*	*	98.8	HM534896	*
D	14114	4	*	*	*	*	98.8	GU132456	*
D	14432	2	*	*	*	*	96.7	GU062251	*
D	14672	3	*	*	*	*	96.7	AB245442	*
D	18019	2	*	*	*	*	100.0	GQ376079	*
D	19864	3	*	*	*	*	93.6	DQ683112	*
D	21482	5	*	*	*	*	98.7	EU551202	*
D	22489	2	*	*	*	*	97.4	FJ210631	*
D	22967	3	*	*	*	*	96.2	FJ624262	*
D	24610	3	*	*	*	*	96.0	GQ376083	*
D	25126	3	*	*	*	*	95.1	FJ904916	*
D	25215	3	*	*	*	*	98.0	FJ861384	*
D	25840	2	*	*	*	*	100.0	FJ878626	*
D	26107	10	*	*	*	*	95.0	GQ376093	*
D	27106	2	*	*	*	*	94.1	HQ897787	*
