 Fri Feb 20 03:51:19 2015

 Command: sortmerna --ref /home/ubuntu/data/gg_13_8_otus/rep_set/97_otus.fasta,/tmp/tmpgcgscs/97_otus -e 1.0 --aligned /home/ubuntu/data/2015.02.11-tax-parameter-sweep/mock-community/B1/gg_13_8_otus/sortmerna/1.0:0.8:5:0.8:1.0/sortmerna_map -a 1 --print_all_reads --log --blast 3 --reads /home/ubuntu/data/short-read-tax-assignment/data/mock-community/B1/rep_set.fna -v --best 5 
 Process pid = 8706
 Parameters summary:
    Index: /tmp/tmpgcgscs/97_otus
     Seed length = 18
     Pass 1 = 18, Pass 2 = 9, Pass 3 = 3
     Gumbel lambda = 0.600470
     Gumbel K = 0.327880
     Minimal SW score based on E-value = 49
    Number of seeds = 2
    Edges = 4 (as integer)
    SW match = 2
    SW mismatch = -3
    SW gap open penalty = 5
    SW gap extend penalty = 2
    SW ambiguous nucleotide = -3
    SQ tags are not output
    Number of threads = 1
    Reads file = /home/ubuntu/data/short-read-tax-assignment/data/mock-community/B1/rep_set.fna

 Results:
    Total reads = 1569
    Total reads passing E-value threshold = 1569 (100.00%)
    Total reads failing E-value threshold = 0 (0.00%)
    Minimum read length = 78
    Maximum read length = 102
    Mean read length = 98
 By database:
    /home/ubuntu/data/gg_13_8_otus/rep_set/97_otus.fasta		100.00%
