UclustConsensusTaxonAssigner parameters:
id_to_taxonomy_filepath:/Users/nbokulich/Desktop/projects/short-read-tax-assignment/data/novel-taxa-simulations/B1-REF-L6-iter1/ref_taxa.tsv
id_to_taxonomy_fp:/Users/nbokulich/Desktop/projects/short-read-tax-assignment/data/novel-taxa-simulations/B1-REF-L6-iter1/ref_taxa.tsv
max_accepts:3
min_consensus_fraction:0.51
reference_sequences_fp:/Users/nbokulich/Desktop/projects/short-read-tax-assignment/data/novel-taxa-simulations/B1-REF-L6-iter1/ref_seqs.fasta
similarity:0.8
unassignable_label:Unassigned
Result path: /var/folders/0t/l1dz88p50y91vx_22fx5w3780000gn/T/assign-taxBamOKK

.uc file contents:

# uclust --input /Users/nbokulich/Desktop/projects/short-read-tax-assignment/data/novel-taxa-simulations/B1-REF-L6-iter1/query.fasta --id 0.8 --rev --maxaccepts 3 --allhits --libonly --lib /Users/nbokulich/Desktop/projects/short-read-tax-assignment/data/novel-taxa-simulations/B1-REF-L6-iter1/ref_seqs.fasta --uc /var/folders/0t/l1dz88p50y91vx_22fx5w3780000gn/T/UclustConsensusTaxonAssigner_JzmN51.uc
# version=1.2.22
# Tab-separated fields:
# 1=Type, 2=ClusterNr, 3=SeqLength or ClusterSize, 4=PctId, 5=Strand, 6=QueryStart, 7=SeedStart, 8=Alignment, 9=QueryLabel, 10=TargetLabel
# Record types (field 1): L=LibSeed, S=NewSeed, H=Hit, R=Reject, D=LibCluster, C=NewCluster, N=NoHit
# For C and D types, PctId is average id with seed.
# QueryStart and SeedStart are zero-based relative to start of sequence.
# If minus strand, SeedStart is relative to reverse-complemented seed.
L	1276	250	*	*	*	*	*	283765	*
H	1276	250	94.4	+	0	0	250M	1083016	283765
L	2065	250	*	*	*	*	*	149895	*
H	2065	250	94.4	+	0	0	250M	1083016	149895
L	4403	250	*	*	*	*	*	4400789	*
H	4403	250	94.0	+	0	0	250M	1083016	4400789
L	3995	250	*	*	*	*	*	4312974	*
H	3995	250	98.0	+	0	0	250M	1073436	4312974
L	1849	250	*	*	*	*	*	181589	*
H	1849	250	97.6	+	0	0	250M	1073436	181589
L	893	250	*	*	*	*	*	354839	*
H	893	250	97.6	+	0	0	250M	1073436	354839
L	4659	250	*	*	*	*	*	4456892	*
H	4659	250	98.8	+	0	0	250M	835880	4456892
L	1273	250	*	*	*	*	*	284672	*
H	1273	250	98.8	+	0	0	250M	835880	284672
L	1954	250	*	*	*	*	*	173030	*
H	1954	250	98.4	+	0	0	250M	835880	173030
L	533	250	*	*	*	*	*	4412575	*
H	533	250	94.8	+	0	0	250M	826749	4412575
L	4497	250	*	*	*	*	*	4420122	*
H	4497	250	90.4	+	0	0	79M11I160M11D	826749	4420122
L	4019	250	*	*	*	*	*	4319017	*
H	4019	250	90.0	+	0	0	250M	826749	4319017
L	2406	250	*	*	*	*	*	40104	*
H	2406	250	92.8	+	0	0	79MD52MD107M2D8M4I	821464	40104
L	2585	250	*	*	*	*	*	6648	*
H	2585	250	93.6	+	0	0	79MD52MD107M2D8M4I	821464	6648
L	2391	250	*	*	*	*	*	46257	*
H	2391	250	90.4	+	0	0	74MD56MD106M2D10M4I	821464	46257
L	1454	250	*	*	*	*	*	250136	*
H	1454	250	97.6	+	0	0	250M	781232	250136
L	2117	250	*	*	*	*	*	138930	*
H	2117	250	98.0	+	0	0	250M	781232	138930
L	3443	250	*	*	*	*	*	643438	*
H	3443	250	98.0	+	0	0	250M	781232	643438
L	2196	250	*	*	*	*	*	110879	*
H	2196	250	97.6	+	0	0	250M	719343	110879
L	2385	250	*	*	*	*	*	48640	*
H	2385	250	94.0	+	0	0	250M	719343	48640
L	3180	250	*	*	*	*	*	1131423	*
H	3180	250	94.8	+	0	0	250M	719343	1131423
L	452	250	*	*	*	*	*	570232	*
H	452	250	92.4	+	0	0	250M	694975	570232
L	4074	250	*	*	*	*	*	4331684	*
H	4074	250	90.8	+	0	0	124MI125MD	694975	4331684
L	2319	250	*	*	*	*	*	76821	*
H	2319	250	89.2	+	0	0	250M	694975	76821
L	3640	250	*	*	*	*	*	1136710	*
H	3640	250	99.2	+	0	0	250M	692823	1136710
L	4789	250	*	*	*	*	*	4480189	*
H	4789	250	99.2	+	0	0	250M	692823	4480189
L	4264	250	*	*	*	*	*	4371645	*
H	4264	250	99.2	+	0	0	250M	692823	4371645
L	4163	250	*	*	*	*	*	4351033	*
H	4163	250	96.8	+	0	0	10MD11M2D59MD86MD79M5I	663545	4351033
L	579	250	*	*	*	*	*	540733	*
H	579	250	95.6	+	0	0	10MD11M2D59MD86MD79M5I	663545	540733
L	2210	250	*	*	*	*	*	108008	*
H	2210	250	94.8	+	0	0	10MD11M2D59MD84MD81M5I	663545	108008
L	3437	250	*	*	*	*	*	782413	*
H	3437	250	96.4	+	0	0	250M	662645	782413
L	306	250	*	*	*	*	*	697027	*
H	306	250	98.4	+	0	0	250M	662645	697027
L	2776	250	*	*	*	*	*	805980	*
H	2776	250	98.0	+	0	0	250M	662645	805980
L	2461	250	*	*	*	*	*	15740	*
H	2461	250	96.4	+	0	0	250M	625629	15740
L	2460	250	*	*	*	*	*	15785	*
H	2460	250	97.2	+	0	0	250M	625629	15785
L	382	250	*	*	*	*	*	586521	*
H	382	250	96.8	+	0	0	250M	625629	586521
L	889	250	*	*	*	*	*	356403	*
H	889	250	95.2	+	0	0	250M	606927	356403
L	961	250	*	*	*	*	*	342268	*
H	961	250	96.0	+	0	0	250M	606927	342268
L	2258	250	*	*	*	*	*	101611	*
H	2258	250	95.2	+	0	0	250M	606927	101611
L	3854	250	*	*	*	*	*	4170478	*
H	3854	250	89.6	+	0	0	250M	583989	4170478
L	4176	250	*	*	*	*	*	4353119	*
H	4176	250	89.6	+	0	0	250M	583989	4353119
L	515	250	*	*	*	*	*	556906	*
H	515	250	89.2	+	0	0	250M	583989	556906
L	319	250	*	*	*	*	*	667570	*
H	319	250	98.4	+	0	0	250M	578401	667570
L	2888	250	*	*	*	*	*	1108706	*
H	2888	250	98.0	+	0	0	250M	578401	1108706
L	4121	250	*	*	*	*	*	4343005	*
H	4121	250	98.0	+	0	0	250M	578401	4343005
L	2855	250	*	*	*	*	*	681590	*
H	2855	250	96.8	+	0	0	250M	575576	681590
L	3549	250	*	*	*	*	*	806221	*
H	3549	250	95.2	+	0	0	250M	575576	806221
L	4797	250	*	*	*	*	*	4482366	*
H	4797	250	93.6	+	0	0	131MI118MD	575576	4482366
L	3511	250	*	*	*	*	*	790610	*
H	3511	250	99.2	+	0	0	250M	570500	790610
L	1327	250	*	*	*	*	*	270818	*
H	1327	250	97.6	+	0	0	2D248M2I	570500	270818
L	4340	250	*	*	*	*	*	4386973	*
H	4340	250	98.0	+	0	0	250M	570500	4386973
L	4132	250	*	*	*	*	*	4345313	*
H	4132	250	95.2	+	0	0	250M	569939	4345313
L	4538	250	*	*	*	*	*	4430393	*
H	4538	250	94.8	+	0	0	224MI25MD	569939	4430393
L	2241	250	*	*	*	*	*	104477	*
H	2241	250	94.4	+	0	0	250M	569939	104477
L	1506	250	*	*	*	*	*	238051	*
H	1506	250	99.6	+	0	0	250M	567725	238051
L	3814	250	*	*	*	*	*	1135374	*
H	3814	250	99.2	+	0	0	250M	567725	1135374
L	4722	250	*	*	*	*	*	4467747	*
H	4722	250	98.8	+	0	0	209MI40MD	567725	4467747
L	3222	250	*	*	*	*	*	1141541	*
H	3222	250	94.4	+	0	0	250M	566189	1141541
H	2319	250	93.6	+	0	0	250M	566189	76821
L	2736	250	*	*	*	*	*	1714121	*
H	2736	250	93.2	+	0	0	250M	566189	1714121
L	3845	250	*	*	*	*	*	1123994	*
H	3845	250	99.6	+	0	0	250M	565851	1123994
L	3593	250	*	*	*	*	*	625186	*
H	3593	250	97.2	+	0	0	250M	565851	625186
L	1305	250	*	*	*	*	*	274061	*
H	1305	250	92.8	+	0	0	250M	565851	274061
L	120	250	*	*	*	*	*	961922	*
H	120	250	99.6	+	0	0	250M	564081	961922
L	4117	250	*	*	*	*	*	4342039	*
H	4117	250	98.8	+	0	0	250M	564081	4342039
L	3054	250	*	*	*	*	*	1141940	*
H	3054	250	98.8	+	0	0	250M	564081	1141940
L	2674	250	*	*	*	*	*	1128670	*
H	2674	250	95.2	+	0	0	250M	563741	1128670
L	1517	250	*	*	*	*	*	235630	*
H	1517	250	96.4	+	0	0	250M	563741	235630
L	548	250	*	*	*	*	*	550440	*
H	548	250	94.4	+	0	0	236MI13MD	563741	550440
L	4549	250	*	*	*	*	*	4431959	*
H	4549	250	100.0	+	0	0	250M	560064	4431959
L	2352	250	*	*	*	*	*	64384	*
H	2352	250	93.6	+	0	0	243MI6MD	560064	64384
H	4789	250	92.8	+	0	0	250M	560064	4480189
L	445	250	*	*	*	*	*	571645	*
H	445	250	93.2	+	0	0	250M	558567	571645
L	2747	250	*	*	*	*	*	1730876	*
H	2747	250	93.2	+	0	0	250M	558567	1730876
L	4575	250	*	*	*	*	*	4437907	*
H	4575	250	92.0	+	0	0	14MI235MD	558567	4437907
L	3341	250	*	*	*	*	*	1072784	*
H	3341	250	97.2	+	0	0	197MD18MD11MD21M3I	557633	1072784
L	2074	250	*	*	*	*	*	148208	*
H	2074	250	96.8	+	0	0	197MD18MD11MD21M3I	557633	148208
L	3515	250	*	*	*	*	*	806092	*
H	3515	250	96.8	+	0	0	197MD18MD11MD21M3I	557633	806092
L	2013	250	*	*	*	*	*	158785	*
H	2013	250	95.6	+	0	0	127MI122MD	554499	158785
L	2781	250	*	*	*	*	*	1801170	*
H	2781	250	94.0	+	0	0	125MI124MD	554499	1801170
L	258	250	*	*	*	*	*	804867	*
H	258	250	92.4	+	0	0	135MI114MD	554499	804867
L	3749	250	*	*	*	*	*	1135136	*
H	3749	250	89.2	+	0	0	32MI5M2I17MI16MI175M5D	553810	1135136
L	2351	250	*	*	*	*	*	65400	*
H	2351	250	89.2	+	0	0	32MI5M2I17MI20MI171M5D	553810	65400
L	2911	250	*	*	*	*	*	782289	*
H	2911	250	89.2	+	0	0	32MI5M2I17MI20MI171M5D	553810	782289
L	1391	250	*	*	*	*	*	262377	*
H	1391	250	99.2	+	0	0	250M	553653	262377
L	2062	250	*	*	*	*	*	150828	*
H	2062	250	98.8	+	0	0	160MD89MI	553653	150828
L	3494	250	*	*	*	*	*	3350673	*
H	3494	250	98.8	+	0	0	250M	553653	3350673
L	2183	250	*	*	*	*	*	113265	*
H	2183	250	98.0	+	0	0	250M	553111	113265
L	2497	250	*	*	*	*	*	13469	*
H	2497	250	98.0	+	0	0	250M	553111	13469
L	3230	250	*	*	*	*	*	650615	*
H	3230	250	97.2	+	0	0	250M	553111	650615
L	1553	250	*	*	*	*	*	221379	*
H	1553	250	98.0	+	0	0	I249MD	550712	221379
L	3487	250	*	*	*	*	*	1131220	*
H	3487	250	96.8	+	0	0	250M	550712	1131220
L	722	250	*	*	*	*	*	514711	*
H	722	250	96.4	+	0	0	79MI170MD	550712	514711
L	3488	250	*	*	*	*	*	758642	*
H	3488	250	95.2	+	0	0	65MD154MI30M	549754	758642
L	3326	250	*	*	*	*	*	1131355	*
H	3326	250	96.4	+	0	0	65MD154MI30M	549754	1131355
L	3130	250	*	*	*	*	*	1136687	*
H	3130	250	95.6	+	0	0	65MD154MI30M	549754	1136687
L	1359	250	*	*	*	*	*	267698	*
H	1359	250	99.6	+	0	0	250M	547806	267698
L	2502	250	*	*	*	*	*	12980	*
H	2502	250	97.2	+	0	0	250M	547806	12980
L	331	250	*	*	*	*	*	649178	*
H	331	250	96.4	+	0	0	250M	547806	649178
L	2545	250	*	*	*	*	*	9511	*
H	2545	250	99.6	+	0	0	250M	547396	9511
L	2543	250	*	*	*	*	*	9548	*
H	2543	250	93.6	+	0	0	250M	547396	9548
L	1995	250	*	*	*	*	*	162150	*
H	1995	250	92.8	+	0	0	250M	547396	162150
L	482	250	*	*	*	*	*	564045	*
H	482	250	96.4	+	0	0	250M	543364	564045
L	3869	250	*	*	*	*	*	1136466	*
H	3869	250	90.8	+	0	0	250M	543364	1136466
L	4634	250	*	*	*	*	*	4453607	*
H	4634	250	88.0	+	0	0	250M	543364	4453607
L	3803	250	*	*	*	*	*	1109067	*
H	3803	250	97.6	+	0	0	250M	542475	1109067
L	360	250	*	*	*	*	*	591699	*
H	360	250	96.8	+	0	0	250M	542475	591699
L	4042	250	*	*	*	*	*	4323871	*
H	4042	250	98.4	+	0	0	250M	542475	4323871
L	668	250	*	*	*	*	*	523589	*
H	668	250	96.8	+	0	0	250M	541328	523589
L	2330	250	*	*	*	*	*	73000	*
H	2330	250	96.8	+	0	0	250M	541328	73000
L	299	250	*	*	*	*	*	712047	*
H	299	250	94.0	+	0	0	250M	541328	712047
L	2235	250	*	*	*	*	*	105372	*
H	2235	250	89.2	+	0	0	250M	539567	105372
L	1495	250	*	*	*	*	*	239729	*
H	1495	250	80.0	+	0	0	250M	539567	239729
L	2555	250	*	*	*	*	*	9134	*
H	2555	250	97.2	+	0	0	198MD51MI	536986	9134
L	2554	250	*	*	*	*	*	9138	*
H	2554	250	97.2	+	0	0	198MD51MI	536986	9138
L	2006	250	*	*	*	*	*	160832	*
H	2006	250	97.2	+	0	0	198MD51MI	536986	160832
L	4411	250	*	*	*	*	*	4402960	*
H	4411	250	93.2	+	0	0	250M	522595	4402960
L	1638	250	*	*	*	*	*	197072	*
H	1638	250	90.4	+	0	0	250M	522595	197072
L	1617	250	*	*	*	*	*	198530	*
H	1617	250	90.4	+	0	0	250M	522595	198530
L	3792	250	*	*	*	*	*	1106060	*
H	3792	250	96.4	+	0	0	250M	517381	1106060
L	808	250	*	*	*	*	*	384573	*
H	808	250	95.6	+	0	0	250M	517381	384573
L	3118	250	*	*	*	*	*	851932	*
H	3118	250	96.4	+	0	0	250M	517381	851932
H	3487	250	96.8	+	0	0	250M	513773	1131220
L	2499	250	*	*	*	*	*	13226	*
H	2499	250	96.4	+	0	0	250M	513773	13226
L	2426	250	*	*	*	*	*	28341	*
H	2426	250	96.4	+	0	0	250M	513773	28341
L	1653	250	*	*	*	*	*	195871	*
H	1653	250	94.4	+	0	0	250M	513513	195871
L	384	250	*	*	*	*	*	586079	*
H	384	250	93.6	+	0	0	250M	513513	586079
L	967	250	*	*	*	*	*	340715	*
H	967	250	93.6	+	0	0	250M	513513	340715
L	2213	250	*	*	*	*	*	107854	*
H	2213	250	95.2	+	0	0	250M	484444	107854
L	397	250	*	*	*	*	*	581189	*
H	397	250	96.0	+	0	0	250M	484444	581189
L	336	250	*	*	*	*	*	633100	*
H	336	250	96.0	+	0	0	250M	484444	633100
H	1995	250	95.2	+	0	0	250M	471412	162150
L	4013	250	*	*	*	*	*	4318122	*
H	4013	250	97.2	+	0	0	250M	471412	4318122
L	2546	250	*	*	*	*	*	9510	*
H	2546	250	96.8	+	0	0	250M	471412	9510
L	2473	250	*	*	*	*	*	14492	*
H	2473	250	82.8	+	0	0	119M2D23M3D57MD26MD18M7I	455130	14492
H	3814	250	84.0	+	0	0	119M2D23M3D57MD26MD18M7I	455130	1135374
H	1506	250	84.0	+	0	0	119M2D26M3D54MD26MD18M7I	455130	238051
L	2010	250	*	*	*	*	*	159036	*
H	2010	250	97.2	+	0	0	188MD12MD21MD26M3I	419765	159036
L	3731	250	*	*	*	*	*	830475	*
H	3731	250	97.2	+	0	0	188MD12MD21MD26M3I	419765	830475
L	340	250	*	*	*	*	*	623204	*
H	340	250	96.8	+	0	0	187MD13MD23MD24M3I	419765	623204
L	1289	250	*	*	*	*	*	276678	*
H	1289	250	98.8	+	0	0	250M	419448	276678
L	951	250	*	*	*	*	*	343239	*
H	951	250	98.4	+	0	0	250M	419448	343239
L	998	250	*	*	*	*	*	334067	*
H	998	250	97.6	+	0	0	250M	419448	334067
H	2183	250	90.4	+	0	0	163MD86MI	387778	113265
L	1919	250	*	*	*	*	*	175954	*
H	1919	250	88.4	+	0	0	163MD86MI	387778	175954
L	2186	250	*	*	*	*	*	112313	*
H	2186	250	91.2	+	0	0	163MD86MI	387778	112313
L	4095	250	*	*	*	*	*	4336314	*
H	4095	250	94.0	+	0	0	194MI55MD	366419	4336314
L	432	250	*	*	*	*	*	574493	*
H	432	250	94.0	+	0	0	250M	366419	574493
L	4730	250	*	*	*	*	*	4469214	*
H	4730	250	94.0	+	0	0	250M	366419	4469214
L	2898	250	*	*	*	*	*	2027409	*
H	2898	250	99.2	+	0	0	250M	359953	2027409
H	1454	250	99.2	+	0	0	250M	359953	250136
L	3320	250	*	*	*	*	*	1123147	*
H	3320	250	97.2	+	0	0	250M	359953	1123147
L	598	250	*	*	*	*	*	536754	*
H	598	250	98.8	+	0	0	165MD84MI	354913	536754
L	4286	250	*	*	*	*	*	4374663	*
H	4286	250	98.4	+	0	0	165MD84MI	354913	4374663
L	4545	250	*	*	*	*	*	4431608	*
H	4545	250	96.0	+	0	0	165MD84MI	354913	4431608
H	2352	250	97.6	+	0	0	243MI6MD	352468	64384
L	4278	250	*	*	*	*	*	4373641	*
H	4278	250	94.0	+	0	0	39M2D7MD8MD184M4I8M	352468	4373641
L	1443	250	*	*	*	*	*	252679	*
H	1443	250	94.4	+	0	0	250M	352468	252679
L	1105	250	*	*	*	*	*	308598	*
H	1105	250	92.4	+	0	0	135MD114MI	344827	308598
L	4175	250	*	*	*	*	*	4352747	*
H	4175	250	92.4	+	0	0	135MD114MI	344827	4352747
L	1886	250	*	*	*	*	*	178763	*
H	1886	250	92.4	+	0	0	135MD114MI	344827	178763
L	2988	250	*	*	*	*	*	1121753	*
H	2988	250	98.0	+	0	0	250M	344394	1121753
L	931	250	*	*	*	*	*	347553	*
H	931	250	98.8	+	0	0	250M	344394	347553
L	1992	250	*	*	*	*	*	162704	*
H	1992	250	96.0	+	0	0	250M	344394	162704
L	4047	250	*	*	*	*	*	4324649	*
H	4047	250	97.6	+	0	0	250M	342971	4324649
L	1468	250	*	*	*	*	*	247298	*
H	1468	250	96.4	+	0	0	4D246M4I	342971	247298
L	1307	250	*	*	*	*	*	273647	*
H	1307	250	97.2	+	0	0	250M	342971	273647
L	613	250	*	*	*	*	*	533511	*
H	613	250	97.6	+	0	0	250M	342749	533511
L	435	250	*	*	*	*	*	573413	*
H	435	250	97.6	+	0	0	250M	342749	573413
L	1031	250	*	*	*	*	*	326054	*
H	1031	250	97.6	+	0	0	250M	342749	326054
L	3059	250	*	*	*	*	*	1114718	*
H	3059	250	95.6	+	0	0	250M	336110	1114718
L	3554	250	*	*	*	*	*	1146228	*
H	3554	250	95.2	+	0	0	250M	336110	1146228
L	4595	250	*	*	*	*	*	4442407	*
H	4595	250	95.2	+	0	0	250M	336110	4442407
L	1252	250	*	*	*	*	*	288677	*
H	1252	250	86.4	+	0	0	230MD19MI	329820	288677
L	1524	250	*	*	*	*	*	233573	*
H	1524	250	85.6	+	0	0	230MD19MI	329820	233573
L	448	250	*	*	*	*	*	571406	*
H	448	250	85.6	+	0	0	230MD19MI	329820	571406
L	1997	250	*	*	*	*	*	161677	*
H	1997	250	97.6	+	0	0	250M	328708	161677
L	3199	250	*	*	*	*	*	913867	*
H	3199	250	97.2	+	0	0	250M	328708	913867
L	4615	250	*	*	*	*	*	4449456	*
H	4615	250	97.2	+	0	0	250M	328708	4449456
H	3749	250	93.6	+	0	0	162MI87MD	327271	1135136
L	2182	250	*	*	*	*	*	113289	*
H	2182	250	92.0	+	0	0	162MI87MD	327271	113289
H	2351	250	91.6	+	0	0	162MI87MD	327271	65400
L	1098	250	*	*	*	*	*	310532	*
H	1098	250	92.4	+	0	0	20M4D25M3D198M7I	323164	310532
L	3455	250	*	*	*	*	*	1129828	*
H	3455	250	91.6	+	0	0	25M4D20M3D198M7I	323164	1129828
L	308	250	*	*	*	*	*	695731	*
H	308	250	90.4	+	0	0	20M4D25M3D198M7I	323164	695731
H	1638	250	91.6	+	0	0	250M	311950	197072
H	4411	250	92.8	+	0	0	250M	311950	4402960
L	4533	250	*	*	*	*	*	4428929	*
H	4533	250	90.8	+	0	0	250M	311950	4428929
L	3288	250	*	*	*	*	*	826144	*
H	3288	250	98.0	+	0	0	250M	305278	826144
L	3697	250	*	*	*	*	*	944401	*
H	3697	250	97.6	+	0	0	250M	305278	944401
L	3629	250	*	*	*	*	*	1023953	*
H	3629	250	96.8	+	0	0	250M	305278	1023953
L	3745	250	*	*	*	*	*	791348	*
H	3745	250	84.8	+	0	0	250M	304382	791348
L	466	250	*	*	*	*	*	567650	*
H	466	250	82.0	+	0	0	250M	304382	567650
L	1515	250	*	*	*	*	*	235762	*
H	1515	250	82.8	+	0	0	169MI80MD	304382	235762
L	4307	250	*	*	*	*	*	4379731	*
H	4307	250	98.8	+	0	0	250M	268040	4379731
L	2941	250	*	*	*	*	*	1119783	*
H	2941	250	98.4	+	0	0	250M	268040	1119783
L	151	250	*	*	*	*	*	920852	*
H	151	250	98.0	+	0	0	250M	268040	920852
L	3210	250	*	*	*	*	*	1110313	*
H	3210	250	97.6	+	0	0	250M	266579	1110313
L	4415	250	*	*	*	*	*	4403441	*
H	4415	250	92.8	+	0	0	250M	266579	4403441
L	3930	250	*	*	*	*	*	4297688	*
H	3930	250	90.0	+	0	0	250M	266579	4297688
H	4307	250	94.0	+	0	0	202MI37MI9M2D	264465	4379731
H	2941	250	93.6	+	0	0	202MI37MI9M2D	264465	1119783
H	151	250	92.8	+	0	0	202MI37MI9M2D	264465	920852
L	3941	250	*	*	*	*	*	4300883	*
H	3941	250	95.2	+	0	0	217MI32MD	262857	4300883
L	446	250	*	*	*	*	*	571589	*
H	446	250	97.6	+	0	0	250M	262857	571589
L	3704	250	*	*	*	*	*	999814	*
H	3704	250	95.6	+	0	0	250M	262857	999814
L	2118	250	*	*	*	*	*	138840	*
H	2118	250	96.4	+	0	0	83MD166MI	260790	138840
L	1473	250	*	*	*	*	*	246575	*
H	1473	250	95.6	+	0	0	83MD166MI	260790	246575
H	2351	250	94.8	+	0	0	83MD166MI	260790	65400
L	2127	250	*	*	*	*	*	136773	*
H	2127	250	95.2	+	0	0	250M	257496	136773
L	2072	250	*	*	*	*	*	148326	*
H	2072	250	96.0	+	0	0	70MI179MD	257496	148326
L	3584	250	*	*	*	*	*	3541842	*
H	3584	250	92.8	+	0	0	250M	257496	3541842
L	4249	250	*	*	*	*	*	4368597	*
H	4249	250	92.0	+	0	0	106MI52MI19MI20MI15M3I8M2I11MI9M10D	257195	4368597
L	615	250	*	*	*	*	*	532569	*
H	615	250	92.0	+	0	0	106MI52MI19MI20MI15M3I8M2I11MI9M10D	257195	532569
L	3479	250	*	*	*	*	*	911243	*
H	3479	250	92.0	+	0	0	106MI52MI19MI20MI15M3I8M2I11MI9M10D	257195	911243
H	445	250	91.6	+	0	0	250M	253241	571645
H	2747	250	92.0	+	0	0	250M	253241	1730876
L	2476	250	*	*	*	*	*	14348	*
H	2476	250	90.4	+	0	0	210MD39MI	253241	14348
L	2152	250	*	*	*	*	*	132602	*
H	2152	250	99.2	+	0	0	42MD207MI	247332	132602
L	1332	250	*	*	*	*	*	270229	*
H	1332	250	98.4	+	0	0	42MD207MI	247332	270229
L	2349	250	*	*	*	*	*	67228	*
H	2349	250	98.4	+	0	0	42MD207MI	247332	67228
L	2908	250	*	*	*	*	*	1136639	*
H	2908	250	92.8	+	0	0	250M	237287	1136639
L	2312	250	*	*	*	*	*	81397	*
H	2312	250	92.0	+	0	0	250M	237287	81397
L	165	250	*	*	*	*	*	907828	*
H	165	250	92.8	+	0	0	250M	237287	907828
H	3549	250	95.6	+	0	0	250M	236913	806221
H	2855	250	94.8	+	0	0	250M	236913	681590
H	4797	250	95.2	+	0	0	137MI112MD	236913	4482366
L	2331	250	*	*	*	*	*	72820	*
H	2331	250	99.6	+	0	0	250M	235262	72820
L	501	250	*	*	*	*	*	559527	*
H	501	250	99.2	+	0	0	250M	235262	559527
L	3518	250	*	*	*	*	*	681370	*
H	3518	250	98.8	+	0	0	111MI138MD	235262	681370
L	4647	250	*	*	*	*	*	4455242	*
H	4647	250	92.8	+	0	0	148M4D55MD8MD7MD25M7I	234088	4455242
L	3579	250	*	*	*	*	*	1115975	*
H	3579	250	92.4	+	0	0	148M4D55MD8MD7MD25M7I	234088	1115975
L	2947	250	*	*	*	*	*	2106896	*
H	2947	250	90.4	+	0	0	148M4D60M2D10MD25M7I	234088	2106896
H	4647	250	96.8	+	0	0	250M	230360	4455242
H	2947	250	96.8	+	0	0	250M	230360	2106896
H	3579	250	96.4	+	0	0	250M	230360	1115975
L	2533	250	*	*	*	*	*	10455	*
H	2533	250	88.4	+	0	0	182MI67MD	201666	10455
L	1960	250	*	*	*	*	*	170412	*
H	1960	250	88.8	+	0	0	182MI30MI36M2D	201666	170412
L	2325	250	*	*	*	*	*	73954	*
H	2325	250	88.8	+	0	0	182MI67MD	201666	73954
L	2222	250	*	*	*	*	*	106754	*
H	2222	250	88.4	+	0	0	250M	199630	106754
L	2283	250	*	*	*	*	*	93641	*
H	2283	250	89.6	+	0	0	250M	199630	93641
L	3105	250	*	*	*	*	*	804160	*
H	3105	250	90.4	+	0	0	250M	199630	804160
L	234	250	*	*	*	*	*	824723	*
H	234	250	94.4	+	0	0	I53MI15MI42MD43MD11MD83M	195834	824723
L	3767	250	*	*	*	*	*	784643	*
H	3767	250	94.4	+	0	0	53MI15MI39MD46MD11MD83MI	195834	784643
H	4403	250	93.6	+	0	0	51MI17MI39MD46MD11MD83MI	195834	4400789
L	1736	250	*	*	*	*	*	189244	*
H	1736	250	98.4	+	0	0	250M	194772	189244
H	1098	250	93.6	+	0	0	250M	194772	310532
L	4032	250	*	*	*	*	*	4321652	*
H	4032	250	91.6	+	0	0	250M	194772	4321652
L	3156	250	*	*	*	*	*	2545906	*
H	3156	250	91.2	+	0	0	250M	194286	2545906
L	1232	250	*	*	*	*	*	291090	*
H	1232	250	91.2	+	0	0	250M	194286	291090
L	4227	250	*	*	*	*	*	4365130	*
H	4227	250	91.2	+	0	0	250M	194286	4365130
L	1449	250	*	*	*	*	*	251456	*
H	1449	250	94.0	+	0	0	250M	186563	251456
L	1339	250	*	*	*	*	*	269833	*
H	1339	250	93.6	+	0	0	250M	186563	269833
L	2774	250	*	*	*	*	*	1122673	*
H	2774	250	93.6	+	0	0	250M	186563	1122673
L	1120	250	*	*	*	*	*	306728	*
H	1120	250	96.8	+	0	0	250M	186275	306728
L	1061	250	*	*	*	*	*	317714	*
H	1061	250	94.8	+	0	0	250M	186275	317714
L	782	250	*	*	*	*	*	428632	*
H	782	250	96.0	+	0	0	250M	186275	428632
L	3139	250	*	*	*	*	*	816529	*
H	3139	250	99.6	+	0	0	250M	181436	816529
L	1361	250	*	*	*	*	*	267323	*
H	1361	250	99.2	+	0	0	42MI207MD	181436	267323
L	252	250	*	*	*	*	*	811272	*
H	252	250	99.2	+	0	0	250M	181436	811272
L	744	250	*	*	*	*	*	510204	*
H	744	250	99.2	+	0	0	59M2I189M2D	177045	510204
L	603	250	*	*	*	*	*	535678	*
H	603	250	98.0	+	0	0	61M2I187M2D	177045	535678
H	151	250	98.0	+	0	0	61M2I187M2D	177045	920852
L	4488	250	*	*	*	*	*	4418165	*
H	4488	250	98.0	+	0	0	114MD8MD29MD38MD57M4I	176468	4418165
L	566	250	*	*	*	*	*	544824	*
H	566	250	98.0	+	0	0	114MD8MD29MD38MD57M4I	176468	544824
L	2318	250	*	*	*	*	*	77675	*
H	2318	250	97.6	+	0	0	114MD8MD29MD38MD57M4I	176468	77675
H	2152	250	99.2	+	0	0	250M	175108	132602
H	2349	250	98.4	+	0	0	250M	175108	67228
H	1332	250	98.4	+	0	0	250M	175108	270229
L	3974	250	*	*	*	*	*	4307897	*
H	3974	250	96.4	+	0	0	250M	172804	4307897
L	1255	250	*	*	*	*	*	288235	*
H	1255	250	96.4	+	0	0	250M	172804	288235
L	1217	250	*	*	*	*	*	292424	*
H	1217	250	96.4	+	0	0	250M	172804	292424
H	3054	250	98.4	+	0	0	250M	168194	1141940
H	4117	250	98.4	+	0	0	250M	168194	4342039
H	120	250	98.0	+	0	0	250M	168194	961922
L	4551	250	*	*	*	*	*	4432439	*
H	4551	250	96.8	+	0	0	250M	163227	4432439
L	4310	250	*	*	*	*	*	4380413	*
H	4310	250	96.8	+	0	0	250M	163227	4380413
L	595	250	*	*	*	*	*	537713	*
H	595	250	94.4	+	0	0	250M	163227	537713
H	3995	250	96.4	+	0	0	209MD40MI	162595	4312974
L	2056	250	*	*	*	*	*	152001	*
H	2056	250	96.8	+	0	0	209MD13MD26M2I	162595	152001
L	3966	250	*	*	*	*	*	4306201	*
H	3966	250	96.0	+	0	0	209MD40MI	162595	4306201
L	3785	250	*	*	*	*	*	4041568	*
H	3785	250	99.2	+	0	0	250M	161199	4041568
L	894	250	*	*	*	*	*	354765	*
H	894	250	95.6	+	0	0	250M	161199	354765
L	821	250	*	*	*	*	*	369289	*
H	821	250	96.4	+	0	0	250M	161199	369289
L	586	250	*	*	*	*	*	539230	*
H	586	250	96.4	+	0	0	250M	158859	539230
L	3832	250	*	*	*	*	*	1136392	*
H	3832	250	96.4	+	0	0	250M	158859	1136392
L	2500	250	*	*	*	*	*	12993	*
H	2500	250	96.4	+	0	0	250M	158859	12993
H	4411	250	92.8	+	0	0	250M	157201	4402960
H	1638	250	90.8	+	0	0	250M	157201	197072
L	3482	250	*	*	*	*	*	3327894	*
H	3482	250	90.4	+	0	0	250M	157201	3327894
L	3826	250	*	*	*	*	*	1105883	*
H	3826	250	98.4	+	0	0	250M	156459	1105883
L	4539	250	*	*	*	*	*	4430475	*
H	4539	250	98.4	+	0	0	250M	156459	4430475
L	3062	250	*	*	*	*	*	1108701	*
H	3062	250	98.0	+	0	0	250M	156459	1108701
L	2040	250	*	*	*	*	*	156357	*
H	2040	250	96.4	+	0	0	250M	155362	156357
L	2692	250	*	*	*	*	*	1614788	*
H	2692	250	84.4	+	0	0	250M	155362	1614788
L	772	250	*	*	*	*	*	452592	*
H	772	250	89.2	+	0	0	250M	155362	452592
H	1919	250	93.6	+	0	0	136MI113MD	151684	175954
L	4215	250	*	*	*	*	*	4361351	*
H	4215	250	93.2	+	0	0	250M	151684	4361351
H	331	250	93.2	+	0	0	250M	151684	649178
L	1086	250	*	*	*	*	*	312446	*
H	1086	250	94.0	+	0	0	250M	150229	312446
L	2881	250	*	*	*	*	*	1126194	*
H	2881	250	94.0	+	0	0	250M	150229	1126194
L	2180	250	*	*	*	*	*	114234	*
H	2180	250	94.0	+	0	0	250M	150229	114234
L	3682	250	*	*	*	*	*	3755054	*
H	3682	250	95.2	+	0	0	250M	149965	3755054
L	2786	250	*	*	*	*	*	1137534	*
H	2786	250	93.2	+	0	0	55MI194MD	149965	1137534
L	600	250	*	*	*	*	*	536238	*
H	600	250	93.6	+	0	0	250M	149965	536238
H	340	250	96.0	+	0	0	26MD223MI	144299	623204
L	2170	250	*	*	*	*	*	119659	*
H	2170	250	96.0	+	0	0	26MD223MI	144299	119659
L	3339	250	*	*	*	*	*	811179	*
H	3339	250	96.0	+	0	0	26MD223MI	144299	811179
L	4502	250	*	*	*	*	*	4423201	*
H	4502	250	92.4	+	0	0	250M	144239	4423201
L	1353	250	*	*	*	*	*	268061	*
H	1353	250	92.4	+	0	0	250M	144239	268061
L	3606	250	*	*	*	*	*	3587343	*
H	3606	250	92.4	+	0	0	250M	144239	3587343
H	1515	250	90.0	+	0	0	169MI80MD	143101	235762
H	1960	250	91.2	+	0	0	213MI36MD	143101	170412
L	4084	250	*	*	*	*	*	4334433	*
H	4084	250	90.4	+	0	0	250M	143101	4334433
L	2145	250	*	*	*	*	*	133739	*
H	2145	250	95.6	+	0	0	250M	141021	133739
L	2181	250	*	*	*	*	*	113733	*
H	2181	250	94.8	+	0	0	250M	141021	113733
L	2343	250	*	*	*	*	*	69274	*
H	2343	250	93.6	+	0	0	250M	141021	69274
L	4702	250	*	*	*	*	*	4465296	*
H	4702	250	95.2	+	0	0	250M	140901	4465296
L	4003	250	*	*	*	*	*	4315215	*
H	4003	250	95.2	+	0	0	250M	140901	4315215
L	2739	250	*	*	*	*	*	1716185	*
H	2739	250	94.8	+	0	0	250M	140901	1716185
L	3528	250	*	*	*	*	*	1140356	*
H	3528	250	98.4	+	0	0	250M	111313	1140356
L	3035	250	*	*	*	*	*	2291414	*
H	3035	250	98.0	+	0	0	250M	111313	2291414
L	2777	250	*	*	*	*	*	891034	*
H	2777	250	98.0	+	0	0	250M	111313	891034
L	1095	250	*	*	*	*	*	311173	*
H	1095	250	96.4	+	0	0	250M	109111	311173
L	2521	250	*	*	*	*	*	10945	*
H	2521	250	94.8	+	0	0	250M	109111	10945
L	3506	250	*	*	*	*	*	1135946	*
H	3506	250	94.8	+	0	0	250M	109111	1135946
L	1600	250	*	*	*	*	*	200455	*
H	1600	250	91.6	+	0	0	250M	107665	200455
L	2719	250	*	*	*	*	*	884500	*
H	2719	250	90.4	+	0	0	250M	107665	884500
L	4489	250	*	*	*	*	*	4418630	*
H	4489	250	86.8	+	0	0	218MI31MD	107665	4418630
L	2601	250	*	*	*	*	*	5263	*
H	2601	250	95.6	+	0	0	166MI47M2I24MI9M4D	107348	5263
L	2600	250	*	*	*	*	*	5441	*
H	2600	250	95.2	+	0	0	166MI47M2I24MI9M4D	107348	5441
L	810	250	*	*	*	*	*	383023	*
H	810	250	94.8	+	0	0	98MI68MI47M2I24MI8M5D	107348	383023
H	3118	250	98.8	+	0	0	250M	105593	851932
L	4807	250	*	*	*	*	*	4484389	*
H	4807	250	98.0	+	0	0	250M	105593	4484389
L	2372	250	*	*	*	*	*	55486	*
H	2372	250	94.4	+	0	0	250M	105593	55486
L	3089	250	*	*	*	*	*	1138255	*
H	3089	250	98.4	+	0	0	250M	104045	1138255
L	2275	250	*	*	*	*	*	99267	*
H	2275	250	96.8	+	0	0	51MI198MD	104045	99267
L	500	250	*	*	*	*	*	559649	*
H	500	250	96.4	+	0	0	250M	104045	559649
L	2043	250	*	*	*	*	*	155622	*
H	2043	250	89.6	+	0	0	138MI80MI30M2D	102653	155622
L	3189	250	*	*	*	*	*	2609596	*
H	3189	250	90.4	+	0	0	250M	102653	2609596
L	2810	250	*	*	*	*	*	1136078	*
H	2810	250	90.4	+	0	0	250M	102653	1136078
H	3640	250	96.0	+	0	0	79MI21MD88MD60MI	102064	1136710
H	4264	250	95.2	+	0	0	79MI21MD88MD60MI	102064	4371645
L	3251	250	*	*	*	*	*	625693	*
H	3251	250	94.8	+	0	0	79MI21MD88MD60MI	102064	625693
L	4268	250	*	*	*	*	*	4371951	*
H	4268	250	96.8	+	0	0	250M	100578	4371951
L	2256	250	*	*	*	*	*	101883	*
H	2256	250	97.6	+	0	0	250M	100578	101883
L	2758	250	*	*	*	*	*	1144264	*
H	2758	250	96.8	+	0	0	250M	100578	1144264
L	789	250	*	*	*	*	*	410549	*
H	789	250	95.6	+	0	0	131MI118MD	99527	410549
L	2840	250	*	*	*	*	*	1138883	*
H	2840	250	95.6	+	0	0	131MI118MD	99527	1138883
L	3470	250	*	*	*	*	*	1122610	*
H	3470	250	94.0	+	0	0	250M	99527	1122610
L	1708	250	*	*	*	*	*	191570	*
H	1708	250	93.2	+	0	0	131MI118MD	99452	191570
L	2566	250	*	*	*	*	*	8012	*
H	2566	250	93.6	+	0	0	250M	99452	8012
H	3549	250	95.2	+	0	0	250M	99452	806221
L	2864	250	*	*	*	*	*	810888	*
H	2864	250	94.4	+	0	0	55MD16MD177M2I	99387	810888
L	1336	250	*	*	*	*	*	269962	*
H	1336	250	94.8	+	0	0	55MD16MD177M2I	99387	269962
L	1490	250	*	*	*	*	*	240661	*
H	1490	250	94.8	+	0	0	55MD16MD177M2I	99387	240661
L	2199	250	*	*	*	*	*	109811	*
H	2199	250	88.4	+	0	0	250M	94941	109811
L	2195	250	*	*	*	*	*	110970	*
H	2195	250	88.0	+	0	0	250M	94941	110970
L	3336	250	*	*	*	*	*	2998997	*
H	3336	250	85.2	+	0	0	250M	94941	2998997
L	235	250	*	*	*	*	*	823745	*
H	235	250	97.6	+	0	0	250M	92231	823745
H	2777	250	97.6	+	0	0	250M	92231	891034
L	1489	250	*	*	*	*	*	240755	*
H	1489	250	98.8	+	0	0	250M	92231	240755
L	2676	250	*	*	*	*	*	961678	*
H	2676	250	98.4	+	0	0	250M	84396	961678
L	4127	250	*	*	*	*	*	4344271	*
H	4127	250	97.2	+	0	0	250M	84396	4344271
L	1593	250	*	*	*	*	*	202971	*
H	1593	250	94.4	+	0	0	250M	84396	202971
L	1316	250	*	*	*	*	*	272031	*
H	1316	250	92.0	+	0	0	250M	82303	272031
L	3185	250	*	*	*	*	*	1144898	*
H	3185	250	92.0	+	0	0	250M	82303	1144898
L	4168	250	*	*	*	*	*	4352219	*
H	4168	250	85.6	+	0	0	250M	82303	4352219
L	2819	250	*	*	*	*	*	709363	*
H	2819	250	96.4	+	0	0	250M	78432	709363
H	2460	250	96.0	+	0	0	250M	78432	15785
H	2461	250	95.6	+	0	0	250M	78432	15740
L	1446	250	*	*	*	*	*	251983	*
H	1446	250	96.0	+	0	0	250M	77692	251983
L	2753	250	*	*	*	*	*	638076	*
H	2753	250	95.6	+	0	0	250M	77692	638076
L	322	250	*	*	*	*	*	662808	*
H	322	250	95.6	+	0	0	250M	77692	662808
H	998	250	99.2	+	0	0	250M	74685	334067
L	4299	250	*	*	*	*	*	4377697	*
H	4299	250	99.2	+	0	0	250M	74685	4377697
H	1289	250	98.8	+	0	0	250M	74685	276678
L	2551	250	*	*	*	*	*	9252	*
H	2551	250	97.6	+	0	0	250M	74170	9252
L	436	250	*	*	*	*	*	573179	*
H	436	250	95.6	+	0	0	250M	74170	573179
L	2446	250	*	*	*	*	*	17434	*
H	2446	250	95.6	+	0	0	250M	74170	17434
L	3581	250	*	*	*	*	*	821119	*
H	3581	250	97.2	+	0	0	250M	71894	821119
H	2911	250	97.2	+	0	0	250M	71894	782289
L	3012	250	*	*	*	*	*	809272	*
H	3012	250	97.2	+	0	0	250M	71894	809272
L	4365	250	*	*	*	*	*	4391641	*
H	4365	250	94.0	+	0	0	250M	70689	4391641
L	4778	250	*	*	*	*	*	4477696	*
H	4778	250	93.6	+	0	0	250M	70689	4477696
L	4040	250	*	*	*	*	*	4323393	*
H	4040	250	93.6	+	0	0	250M	70689	4323393
H	4013	250	99.2	+	0	0	250M	70580	4318122
H	4778	250	98.8	+	0	0	250M	70580	4477696
H	4040	250	98.8	+	0	0	250M	70580	4323393
H	382	250	83.2	+	0	0	250M	67615	586521
H	2819	250	83.2	+	0	0	250M	67615	709363
L	401	250	*	*	*	*	*	580117	*
H	401	250	87.2	+	0	0	207MI42MD	67615	580117
H	445	250	91.6	+	0	0	250M	63190	571645
H	2476	250	90.0	+	0	0	210MD39MI	63190	14348
H	2747	250	90.4	+	0	0	250M	63190	1730876
H	613	250	97.2	+	0	0	250M	58866	533511
H	1031	250	97.2	+	0	0	250M	58866	326054
H	435	250	97.2	+	0	0	250M	58866	573413
H	533	250	98.4	+	0	0	250M	53642	4412575
H	4019	250	89.6	+	0	0	250M	53642	4319017
L	2420	250	*	*	*	*	*	31319	*
H	2420	250	90.4	+	0	0	250M	53642	31319
L	2416	250	*	*	*	*	*	33768	*
H	2416	250	98.4	+	0	0	250M	51778	33768
L	3131	250	*	*	*	*	*	743801	*
H	3131	250	95.2	+	0	0	250M	51778	743801
L	2376	250	*	*	*	*	*	53180	*
H	2376	250	94.4	+	0	0	250M	51778	53180
L	2586	250	*	*	*	*	*	6602	*
H	2586	250	95.6	+	0	0	250M	49602	6602
L	3669	250	*	*	*	*	*	1111998	*
H	3669	250	95.6	+	0	0	250M	49602	1111998
H	2585	250	94.4	+	0	0	250M	49602	6648
H	2586	250	97.6	+	0	0	250M	49524	6602
H	3669	250	97.6	+	0	0	250M	49524	1111998
L	1585	250	*	*	*	*	*	206296	*
H	1585	250	93.2	+	0	0	250M	49524	206296
L	1711	250	*	*	*	*	*	191359	*
H	1711	250	98.4	+	0	0	123MI126MD	48874	191359
L	3149	250	*	*	*	*	*	637253	*
H	3149	250	97.2	+	0	0	250M	48874	637253
H	3139	250	97.2	+	0	0	250M	48874	816529
L	4306	250	*	*	*	*	*	4379449	*
H	4306	250	98.8	+	0	0	250M	45363	4379449
L	611	250	*	*	*	*	*	533624	*
H	611	250	90.8	+	0	0	250M	45363	533624
L	144	250	*	*	*	*	*	929836	*
H	144	250	92.4	+	0	0	67MI182MD	45363	929836
L	473	250	*	*	*	*	*	566216	*
H	473	250	97.6	+	0	0	250M	27938	566216
L	1592	250	*	*	*	*	*	203093	*
H	1592	250	97.6	+	0	0	250M	27938	203093
L	366	250	*	*	*	*	*	589792	*
H	366	250	96.8	+	0	0	250M	27938	589792
L	3268	250	*	*	*	*	*	2785334	*
H	3268	250	98.4	+	0	0	250M	27188	2785334
L	251	250	*	*	*	*	*	812921	*
H	251	250	96.4	+	0	0	250M	27188	812921
L	3195	250	*	*	*	*	*	1138056	*
H	3195	250	96.4	+	0	0	250M	27188	1138056
H	2426	250	96.4	+	0	0	250M	26897	28341
L	1545	250	*	*	*	*	*	223583	*
H	1545	250	96.4	+	0	0	250M	26897	223583
H	2499	250	96.4	+	0	0	250M	26897	13226
L	3055	250	*	*	*	*	*	1129898	*
H	3055	250	96.0	+	0	0	250M	23566	1129898
L	3774	250	*	*	*	*	*	821812	*
H	3774	250	95.6	+	0	0	250M	23566	821812
L	455	250	*	*	*	*	*	569475	*
H	455	250	95.2	+	0	0	250M	23566	569475
H	2406	250	93.6	+	0	0	250M	19636	40104
H	2585	250	93.2	+	0	0	250M	19636	6648
H	2586	250	92.8	+	0	0	250M	19636	6602
H	4497	250	89.2	+	0	0	75M11I164M11D	16013	4420122
L	4018	250	*	*	*	*	*	4318953	*
H	4018	250	87.6	+	0	0	65M11I174M11D	16013	4318953
H	533	250	90.4	+	0	0	250M	16013	4412575
H	4074	250	98.4	+	0	0	127MI122MD	15851	4331684
H	452	250	98.0	+	0	0	250M	15851	570232
H	2319	250	87.6	+	0	0	250M	15851	76821
H	452	250	99.6	+	0	0	250M	15850	570232
H	4074	250	97.6	+	0	0	124MI125MD	15850	4331684
H	2319	250	89.2	+	0	0	250M	15850	76821
L	2718	250	*	*	*	*	*	1129305	*
H	2718	250	85.6	+	0	0	130MD119MI	15593	1129305
L	1590	250	*	*	*	*	*	203166	*
H	1590	250	88.8	+	0	0	131MD118MI	15593	203166
L	2462	250	*	*	*	*	*	15691	*
H	2462	250	85.6	+	0	0	122MD127MI	15593	15691
L	4225	250	*	*	*	*	*	4364892	*
H	4225	250	100.0	+	0	0	250M	15025	4364892
L	1571	250	*	*	*	*	*	212584	*
H	1571	250	100.0	+	0	0	250M	15025	212584
L	1567	250	*	*	*	*	*	216497	*
H	1567	250	99.2	+	0	0	250M	15025	216497
H	2010	250	98.8	+	0	0	250M	14583	159036
H	3731	250	98.8	+	0	0	250M	14583	830475
H	1506	250	98.8	+	0	0	250M	14583	238051
L	2478	250	*	*	*	*	*	14302	*
H	2478	250	96.4	+	0	0	250M	14304	14302
L	4744	250	*	*	*	*	*	4472101	*
H	4744	250	91.2	+	0	0	12MD143MD93M2I	14304	4472101
L	2480	250	*	*	*	*	*	14293	*
H	2480	250	89.2	+	0	0	250M	14304	14293
H	2258	250	95.6	+	0	0	250M	14205	101611
L	4705	250	*	*	*	*	*	4465498	*
H	4705	250	95.6	+	0	0	250M	14205	4465498
L	3959	250	*	*	*	*	*	4305451	*
H	3959	250	94.0	+	0	0	250M	14205	4305451
L	4246	250	*	*	*	*	*	4368040	*
H	4246	250	95.2	+	0	0	42MI30MI176M2D	14131	4368040
L	2225	250	*	*	*	*	*	106464	*
H	2225	250	94.4	+	0	0	250M	14131	106464
L	1914	250	*	*	*	*	*	176156	*
H	1914	250	94.4	+	0	0	250M	14131	176156
L	4191	250	*	*	*	*	*	4355718	*
H	4191	250	94.0	+	0	0	250M	12562	4355718
L	3129	250	*	*	*	*	*	2500552	*
H	3129	250	90.8	+	0	0	250M	12562	2500552
L	2755	250	*	*	*	*	*	736437	*
H	2755	250	92.8	+	0	0	250M	12562	736437
H	3341	250	98.8	+	0	0	250M	12290	1072784
L	1266	250	*	*	*	*	*	286579	*
H	1266	250	98.4	+	0	0	250M	12290	286579
H	3515	250	98.4	+	0	0	250M	12290	806092
H	2776	250	98.8	+	0	0	250M	12133	805980
H	306	250	97.6	+	0	0	250M	12133	697027
H	3437	250	96.0	+	0	0	250M	12133	782413
L	3540	250	*	*	*	*	*	836308	*
H	3540	250	98.8	+	0	0	250M	10196	836308
L	2535	250	*	*	*	*	*	10323	*
H	2535	250	98.4	+	0	0	250M	10196	10323
L	1251	250	*	*	*	*	*	289174	*
H	1251	250	98.8	+	0	0	250M	10196	289174
L	812	250	*	*	*	*	*	372473	*
H	812	250	98.8	+	0	0	250M	9870	372473
L	2264	250	*	*	*	*	*	100650	*
H	2264	250	98.8	+	0	0	250M	9870	100650
L	2268	250	*	*	*	*	*	100027	*
H	2268	250	98.8	+	0	0	250M	9870	100027
L	4428	250	*	*	*	*	*	4406393	*
H	4428	250	97.6	+	0	0	250M	9504	4406393
H	1489	250	97.2	+	0	0	250M	9504	240755
L	3791	250	*	*	*	*	*	956702	*
H	3791	250	97.2	+	0	0	250M	9504	956702
L	2208	250	*	*	*	*	*	108433	*
H	2208	250	97.6	+	0	0	250M	8127	108433
L	3092	250	*	*	*	*	*	1112913	*
H	3092	250	95.6	+	0	0	250M	8127	1112913
L	511	250	*	*	*	*	*	557875	*
H	511	250	94.4	+	0	0	250M	8127	557875
L	2563	250	*	*	*	*	*	8107	*
H	2563	250	96.0	+	0	0	234MI15MD	8106	8107
L	2564	250	*	*	*	*	*	8104	*
H	2564	250	93.6	+	0	0	234MI15MD	8106	8104
L	2565	250	*	*	*	*	*	8091	*
H	2565	250	92.4	+	0	0	229MI20MD	8106	8091
H	2563	250	96.8	+	0	0	250M	8105	8107
H	2564	250	96.0	+	0	0	250M	8105	8104
H	2565	250	95.6	+	0	0	250M	8105	8091
H	2674	250	92.8	+	0	0	250M	8035	1128670
H	2564	250	92.0	+	0	0	250M	8035	8104
H	548	250	92.4	+	0	0	236MI13MD	8035	550440
L	2570	250	*	*	*	*	*	7980	*
H	2570	250	93.6	+	0	0	250M	8002	7980
L	2567	250	*	*	*	*	*	8010	*
H	2567	250	95.2	+	0	0	250M	8002	8010
H	3549	250	90.8	+	0	0	250M	8002	806221
H	2855	250	96.4	+	0	0	250M	7978	681590
H	3549	250	95.2	+	0	0	250M	7978	806221
H	1708	250	94.0	+	0	0	137MI112MD	7978	191570
H	3549	250	97.2	+	0	0	250M	7976	806221
H	2855	250	94.8	+	0	0	250M	7976	681590
H	2566	250	93.6	+	0	0	250M	7976	8012
H	3549	250	95.6	+	0	0	250M	7972	806221
H	2855	250	95.2	+	0	0	250M	7972	681590
H	2566	250	93.2	+	0	0	250M	7972	8012
L	2228	250	*	*	*	*	*	106310	*
H	2228	250	98.8	+	0	0	250M	7347	106310
L	237	250	*	*	*	*	*	822776	*
H	237	250	97.6	+	0	0	250M	7347	822776
L	2582	250	*	*	*	*	*	7316	*
H	2582	250	97.6	+	0	0	250M	7347	7316
L	508	250	*	*	*	*	*	558833	*
H	508	250	98.4	+	0	0	250M	7214	558833
L	1784	250	*	*	*	*	*	185636	*
H	1784	250	98.4	+	0	0	250M	7214	185636
L	268	250	*	*	*	*	*	784415	*
H	268	250	98.0	+	0	0	95MI69MI84M2D	7214	784415
L	33	250	*	*	*	*	*	1082059	*
H	33	250	95.2	+	0	0	250M	6357	1082059
L	3147	250	*	*	*	*	*	1133255	*
H	3147	250	94.8	+	0	0	250M	6357	1133255
L	2746	250	*	*	*	*	*	1125670	*
H	2746	250	92.0	+	0	0	250M	6357	1125670
L	278	250	*	*	*	*	*	749696	*
H	278	250	98.0	+	0	0	250M	6303	749696
H	3059	250	96.4	+	0	0	250M	6303	1114718
L	1532	250	*	*	*	*	*	229434	*
H	1532	250	96.4	+	0	0	250M	6303	229434
L	2906	250	*	*	*	*	*	796356	*
H	2906	250	87.2	+	0	0	250M	4115	796356
L	2795	250	*	*	*	*	*	742330	*
H	2795	250	86.8	+	0	0	250M	4115	742330
L	2317	250	*	*	*	*	*	77778	*
H	2317	250	87.2	+	0	0	250M	4115	77778
L	4218	250	*	*	*	*	*	4362465	*
H	4218	250	93.2	+	0	0	250M	3804	4362465
L	2660	250	*	*	*	*	*	1522389	*
H	2660	250	86.8	+	0	0	250M	3804	1522389
L	4660	250	*	*	*	*	*	4457112	*
H	4660	250	81.6	+	0	0	250M	3804	4457112
L	3689	250	*	*	*	*	*	3772088	*
H	3689	250	87.6	+	0	0	250M	2813	3772088
L	4492	250	*	*	*	*	*	4419428	*
H	4492	250	88.0	+	0	0	250M	2813	4419428
L	1725	250	*	*	*	*	*	190032	*
H	1725	250	87.6	+	0	0	250M	2813	190032
L	4719	250	*	*	*	*	*	4467220	*
H	4719	250	84.4	+	0	0	250M	2611	4467220
L	3809	250	*	*	*	*	*	836917	*
H	3809	250	83.6	+	0	0	250M	2611	836917
L	3898	250	*	*	*	*	*	1145893	*
H	3898	250	83.6	+	0	0	250M	2611	1145893
L	169	250	*	*	*	*	*	903886	*
H	169	250	93.2	+	0	0	250M	2380	903886
L	4397	250	*	*	*	*	*	4398600	*
H	4397	250	88.0	+	0	0	250M	2380	4398600
L	2913	250	*	*	*	*	*	1133602	*
H	2913	250	84.4	+	0	0	250M	2380	1133602
L	4654	250	*	*	*	*	*	4456166	*
H	4654	250	97.2	+	0	0	250M	1174	4456166
L	2648	250	*	*	*	*	*	1199	*
H	2648	250	94.0	+	0	0	250M	1174	1199
L	3161	250	*	*	*	*	*	2551318	*
H	3161	250	93.6	+	0	0	250M	1174	2551318
H	3130	250	95.6	+	0	0	250M	1125402	1136687
H	3326	250	96.0	+	0	0	250M	1125402	1131355
L	3439	250	*	*	*	*	*	1125353	*
H	3439	250	95.2	+	0	0	250M	1125402	1125353
L	3293	250	*	*	*	*	*	2874742	*
H	3293	250	99.6	+	0	0	250M	1532107	2874742
L	4081	250	*	*	*	*	*	4333556	*
H	4081	250	99.6	+	0	0	250M	1532107	4333556
L	4331	250	*	*	*	*	*	4385067	*
H	4331	250	98.8	+	0	0	128MI76MI44M2D	1532107	4385067
L	4505	250	*	*	*	*	*	4423384	*
H	4505	250	94.8	+	0	0	250M	1145098	4423384
L	1843	250	*	*	*	*	*	181791	*
H	1843	250	95.2	+	0	0	250M	1145098	181791
L	1920	250	*	*	*	*	*	175932	*
H	1920	250	94.8	+	0	0	250M	1145098	175932
L	3020	250	*	*	*	*	*	1141633	*
H	3020	250	94.8	+	0	0	250M	1598513	1141633
L	1564	250	*	*	*	*	*	217386	*
H	1564	250	94.8	+	0	0	250M	1598513	217386
L	3850	250	*	*	*	*	*	4165504	*
H	3850	250	91.6	+	0	0	250M	1598513	4165504
L	3972	250	*	*	*	*	*	4307258	*
H	3972	250	98.4	+	0	0	250M	623190	4307258
H	3898	250	95.2	+	0	0	250M	623190	1145893
L	3808	250	*	*	*	*	*	1143479	*
H	3808	250	94.4	+	0	0	250M	623190	1143479
L	2154	250	*	*	*	*	*	131660	*
H	2154	250	92.4	+	0	0	17MD37MD69MD37MD24MD11MD14MD34M7I	1668820	131660
L	3838	250	*	*	*	*	*	676511	*
H	3838	250	87.6	+	0	0	17MD37MD68MD38MD24MD11MD14MD34M7I	1668820	676511
L	2465	250	*	*	*	*	*	15059	*
H	2465	250	87.2	+	0	0	17MD37MD68MD38MD24MD11MD14MD34M7I	1668820	15059
H	2718	250	96.0	+	0	0	250M	1137409	1129305
L	2209	250	*	*	*	*	*	108386	*
H	2209	250	90.4	+	0	0	250M	1137409	108386
H	1590	250	88.8	+	0	0	250M	1137409	203166
H	3838	250	94.0	+	0	0	250M	1676137	676511
L	4185	250	*	*	*	*	*	4354311	*
H	4185	250	94.0	+	0	0	250M	1676137	4354311
L	2792	250	*	*	*	*	*	1129461	*
H	2792	250	94.4	+	0	0	250M	1676137	1129461
H	3809	250	91.2	+	0	0	40MD209MI	813080	836917
L	4437	250	*	*	*	*	*	4407974	*
H	4437	250	90.0	+	0	0	40MD209MI	813080	4407974
L	3466	250	*	*	*	*	*	1141031	*
H	3466	250	85.6	+	0	0	38MD211MI	813080	1141031
L	2531	250	*	*	*	*	*	10485	*
H	2531	250	90.4	+	0	0	250M	1720567	10485
L	1338	250	*	*	*	*	*	269890	*
H	1338	250	90.0	+	0	0	250M	1720567	269890
L	3287	250	*	*	*	*	*	812557	*
H	3287	250	90.8	+	0	0	250M	1720567	812557
H	3697	250	92.0	+	0	0	224M3I23M3D	1122031	944401
H	3288	250	92.0	+	0	0	224M3I23M3D	1122031	826144
L	4395	250	*	*	*	*	*	4397087	*
H	4395	250	92.0	+	0	0	224M3I23M3D	1122031	4397087
L	542	250	*	*	*	*	*	552143	*
H	542	250	98.0	+	0	0	42MD129MI78M	1136950	552143
L	3259	250	*	*	*	*	*	919466	*
H	3259	250	98.0	+	0	0	42MD207MI	1136950	919466
H	1391	250	97.2	+	0	0	42MD207MI	1136950	262377
L	2422	250	*	*	*	*	*	29533	*
H	2422	250	96.8	+	0	0	250M	24490	29533
L	2488	250	*	*	*	*	*	13813	*
H	2488	250	97.2	+	0	0	250M	24490	13813
L	1498	250	*	*	*	*	*	239386	*
H	1498	250	97.2	+	0	0	250M	24490	239386
H	4013	250	97.6	+	0	0	250M	1137471	4318122
H	2546	250	97.2	+	0	0	250M	1137471	9510
H	1995	250	95.2	+	0	0	250M	1137471	162150
H	445	250	96.8	+	0	0	250M	1122363	571645
H	2747	250	94.8	+	0	0	250M	1122363	1730876
H	2476	250	92.8	+	0	0	209MD40MI	1122363	14348
H	4307	250	99.2	+	0	0	250M	1797336	4379731
H	2941	250	98.8	+	0	0	250M	1797336	1119783
H	151	250	98.0	+	0	0	250M	1797336	920852
H	258	250	98.0	+	0	0	250M	1801172	804867
H	2210	250	93.6	+	0	0	250M	1801172	108008
H	2385	250	94.0	+	0	0	250M	1801172	48640
L	3417	250	*	*	*	*	*	3200278	*
H	3417	250	96.0	+	0	0	250M	1021172	3200278
L	1892	250	*	*	*	*	*	178213	*
H	1892	250	95.6	+	0	0	250M	1021172	178213
L	3662	250	*	*	*	*	*	1121530	*
H	3662	250	95.6	+	0	0	250M	1021172	1121530
L	784	250	*	*	*	*	*	423025	*
H	784	250	94.4	+	0	0	250M	1126421	423025
L	2809	250	*	*	*	*	*	1124808	*
H	2809	250	94.4	+	0	0	250M	1126421	1124808
L	2987	250	*	*	*	*	*	838147	*
H	2987	250	93.2	+	0	0	250M	1126421	838147
L	779	250	*	*	*	*	*	430191	*
H	779	250	92.8	+	0	0	86MI108MI14MI39M3D	1922365	430191
L	806	250	*	*	*	*	*	386273	*
H	806	250	90.8	+	0	0	250M	1922365	386273
L	412	250	*	*	*	*	*	578893	*
H	412	250	87.6	+	0	0	250M	1922365	578893
H	1289	250	98.8	+	0	0	250M	605409	276678
L	454	250	*	*	*	*	*	569952	*
H	454	250	98.0	+	0	0	250M	605409	569952
L	1265	250	*	*	*	*	*	286874	*
H	1265	250	98.0	+	0	0	250M	605409	286874
L	1445	250	*	*	*	*	*	252028	*
H	1445	250	98.0	+	0	0	250M	698294	252028
L	4100	250	*	*	*	*	*	4337455	*
H	4100	250	98.0	+	0	0	250M	698294	4337455
L	4094	250	*	*	*	*	*	4336101	*
H	4094	250	98.4	+	0	0	250M	698294	4336101
L	1629	250	*	*	*	*	*	197631	*
H	1629	250	96.8	+	0	0	250M	1954303	197631
H	1443	250	90.8	+	0	0	250M	1954303	252679
H	2352	250	90.0	+	0	0	243MI6MD	1954303	64384
H	3195	250	95.2	+	0	0	250M	2000709	1138056
H	251	250	95.2	+	0	0	250M	2000709	812921
L	2047	250	*	*	*	*	*	154130	*
H	2047	250	94.4	+	0	0	250M	2000709	154130
L	559	250	*	*	*	*	*	548468	*
H	559	250	95.6	+	0	0	250M	1142215	548468
L	427	250	*	*	*	*	*	576498	*
H	427	250	95.6	+	0	0	250M	1142215	576498
L	4731	250	*	*	*	*	*	4469481	*
H	4731	250	95.6	+	0	0	250M	1142215	4469481
L	3842	250	*	*	*	*	*	4151783	*
H	3842	250	97.2	+	0	0	250M	2041715	4151783
L	3045	250	*	*	*	*	*	2325277	*
H	3045	250	91.6	+	0	0	250M	2041715	2325277
L	3400	250	*	*	*	*	*	3172850	*
H	3400	250	91.2	+	0	0	250M	2041715	3172850
L	3683	250	*	*	*	*	*	1142026	*
H	3683	250	92.4	+	0	0	250M	811996	1142026
L	2153	250	*	*	*	*	*	131883	*
H	2153	250	92.0	+	0	0	250M	811996	131883
L	2358	250	*	*	*	*	*	60017	*
H	2358	250	90.0	+	0	0	132MI117MD	811996	60017
L	1471	250	*	*	*	*	*	246846	*
H	1471	250	98.4	+	0	0	250M	1135231	246846
L	2080	250	*	*	*	*	*	146743	*
H	2080	250	98.4	+	0	0	250M	1135231	146743
L	2536	250	*	*	*	*	*	10298	*
H	2536	250	98.0	+	0	0	250M	1135231	10298
L	2451	250	*	*	*	*	*	16144	*
H	2451	250	93.6	+	0	0	250M	2234838	16144
L	4687	250	*	*	*	*	*	4462446	*
H	4687	250	93.2	+	0	0	250M	2234838	4462446
L	1241	250	*	*	*	*	*	290241	*
H	1241	250	92.4	+	0	0	250M	2234838	290241
L	2083	250	*	*	*	*	*	146037	*
H	2083	250	92.0	+	0	0	250M	2265859	146037
H	3320	250	92.0	+	0	0	250M	2265859	1123147
L	2976	250	*	*	*	*	*	1134510	*
H	2976	250	90.4	+	0	0	250M	2265859	1134510
L	431	250	*	*	*	*	*	575299	*
H	431	250	94.4	+	0	0	250M	829038	575299
L	4570	250	*	*	*	*	*	4435984	*
H	4570	250	94.4	+	0	0	250M	829038	4435984
L	414	250	*	*	*	*	*	578701	*
H	414	250	94.0	+	0	0	40MI209MD	829038	578701
L	3784	250	*	*	*	*	*	4033821	*
H	3784	250	85.2	+	0	0	78M9I163M9D	2313300	4033821
L	2838	250	*	*	*	*	*	1892252	*
H	2838	250	89.2	+	0	0	250M	2313300	1892252
L	4630	250	*	*	*	*	*	4453318	*
H	4630	250	88.4	+	0	0	250M	2313300	4453318
H	2536	250	96.8	+	0	0	151M3D17M3D76M6I	2342005	10298
H	2080	250	96.4	+	0	0	151M3D17M3D76M6I	2342005	146743
L	4062	250	*	*	*	*	*	4328299	*
H	4062	250	96.0	+	0	0	151M3D17M3D76M6I	2342005	4328299
L	2671	250	*	*	*	*	*	1136676	*
H	2671	250	98.8	+	0	0	250M	648540	1136676
H	366	250	97.6	+	0	0	250M	648540	589792
H	1592	250	97.6	+	0	0	250M	648540	203093
L	3305	250	*	*	*	*	*	2903258	*
H	3305	250	86.8	+	0	0	129MD43M2I12MD64M	2372909	2903258
L	4184	250	*	*	*	*	*	4354266	*
H	4184	250	84.4	+	0	0	125MD124MI	2372909	4354266
H	234	250	98.4	+	0	0	I249MD	2421587	824723
H	3767	250	98.8	+	0	0	250M	2421587	784643
H	4403	250	98.0	+	0	0	250M	2421587	4400789
H	4307	250	98.4	+	0	0	250M	1139233	4379731
H	2941	250	98.0	+	0	0	250M	1139233	1119783
L	1607	250	*	*	*	*	*	199229	*
H	1607	250	96.8	+	0	0	250M	1139233	199229
L	2597	250	*	*	*	*	*	5583	*
H	2597	250	95.2	+	0	0	2I248M2D	2440299	5583
L	1375	250	*	*	*	*	*	264269	*
H	1375	250	92.0	+	0	0	2I81MI35M2I129M5D	2440299	264269
L	2245	250	*	*	*	*	*	103285	*
H	2245	250	91.2	+	0	0	2I248M2D	2440299	103285
H	3288	250	96.4	+	0	0	250M	2476146	826144
H	3697	250	96.0	+	0	0	250M	2476146	944401
H	4395	250	96.0	+	0	0	250M	2476146	4397087
L	582	250	*	*	*	*	*	540423	*
H	582	250	98.8	+	0	0	250M	1144726	540423
L	2685	250	*	*	*	*	*	1145943	*
H	2685	250	98.0	+	0	0	250M	1144726	1145943
L	3148	250	*	*	*	*	*	1122547	*
H	3148	250	96.4	+	0	0	250M	1144726	1122547
L	2345	250	*	*	*	*	*	68753	*
H	2345	250	98.4	+	0	0	250M	749175	68753
L	1180	250	*	*	*	*	*	297365	*
H	1180	250	98.0	+	0	0	250M	749175	297365
L	3742	250	*	*	*	*	*	3924713	*
H	3742	250	97.6	+	0	0	250M	749175	3924713
L	483	250	*	*	*	*	*	563536	*
H	483	250	97.2	+	0	0	I220MI28M2D	823319	563536
L	564	250	*	*	*	*	*	544868	*
H	564	250	97.2	+	0	0	I220MI28M2D	823319	544868
L	2397	250	*	*	*	*	*	42664	*
H	2397	250	96.0	+	0	0	I220MI28M2D	823319	42664
L	2082	250	*	*	*	*	*	146193	*
H	2082	250	94.4	+	0	0	250M	1125725	146193
L	3363	250	*	*	*	*	*	3055791	*
H	3363	250	94.0	+	0	0	250M	1125725	3055791
L	57	250	*	*	*	*	*	1049387	*
H	57	250	93.6	+	0	0	231MD18MI	1125725	1049387
L	289	250	*	*	*	*	*	731707	*
H	289	250	97.2	+	0	0	250M	1139563	731707
L	3067	250	*	*	*	*	*	1140286	*
H	3067	250	97.2	+	0	0	250M	1139563	1140286
L	2444	250	*	*	*	*	*	17652	*
H	2444	250	96.0	+	0	0	250M	1139563	17652
L	2158	250	*	*	*	*	*	130219	*
H	2158	250	91.2	+	0	0	72M2D139MD36M3I	1121558	130219
L	2525	250	*	*	*	*	*	10829	*
H	2525	250	90.4	+	0	0	72M2D137MD38M3I	1121558	10829
L	3805	250	*	*	*	*	*	1129564	*
H	3805	250	85.6	+	0	0	72M2D137MD38M3I	1121558	1129564
L	3170	250	*	*	*	*	*	810000	*
H	3170	250	98.4	+	0	0	250M	1130616	810000
L	2269	250	*	*	*	*	*	99951	*
H	2269	250	98.4	+	0	0	250M	1130616	99951
L	2472	250	*	*	*	*	*	14500	*
H	2472	250	98.0	+	0	0	250M	1130616	14500
L	2861	250	*	*	*	*	*	791732	*
H	2861	250	96.0	+	0	0	250M	2755928	791732
L	2436	250	*	*	*	*	*	24838	*
H	2436	250	81.2	+	0	0	250M	2755928	24838
L	3671	250	*	*	*	*	*	698296	*
H	3671	250	82.4	+	0	0	250M	2755928	698296
H	1708	250	94.0	+	0	0	131MI118MD	7971	191570
H	2566	250	94.4	+	0	0	250M	7971	8012
H	4797	250	95.6	+	0	0	137MI112MD	7971	4482366
L	4165	250	*	*	*	*	*	4351400	*
H	4165	250	87.6	+	0	0	250M	369386	4351400
L	4717	250	*	*	*	*	*	4466931	*
H	4717	250	87.2	+	0	0	250M	369386	4466931
L	2386	250	*	*	*	*	*	47887	*
H	2386	250	83.6	+	0	0	250M	369386	47887
L	1114	250	*	*	*	*	*	307666	*
H	1114	250	98.8	+	0	0	250M	1128359	307666
H	2170	250	98.8	+	0	0	250M	1128359	119659
L	3983	250	*	*	*	*	*	4309708	*
H	3983	250	98.8	+	0	0	250M	1128359	4309708
L	1516	250	*	*	*	*	*	235720	*
H	1516	250	97.2	+	0	0	250M	1122081	235720
L	2251	250	*	*	*	*	*	102689	*
H	2251	250	97.6	+	0	0	250M	1122081	102689
H	3054	250	95.6	+	0	0	250M	1122081	1141940
L	1300	250	*	*	*	*	*	274900	*
H	1300	250	99.6	+	0	0	250M	1136256	274900
L	4791	250	*	*	*	*	*	4480392	*
H	4791	250	98.0	+	0	0	250M	1136256	4480392
L	2550	250	*	*	*	*	*	9402	*
H	2550	250	98.0	+	0	0	250M	1136256	9402
H	3210	250	95.2	+	0	0	250M	326714	1110313
H	4415	250	95.2	+	0	0	250M	326714	4403441
L	3667	250	*	*	*	*	*	1127433	*
H	3667	250	91.2	+	0	0	250M	326714	1127433
L	339	250	*	*	*	*	*	623331	*
H	339	250	92.0	+	0	0	250M	2874058	623331
L	2682	250	*	*	*	*	*	1144371	*
H	2682	250	92.8	+	0	0	250M	2874058	1144371
L	2273	250	*	*	*	*	*	99373	*
H	2273	250	92.8	+	0	0	250M	2874058	99373
L	4209	250	*	*	*	*	*	4360273	*
H	4209	250	99.6	+	0	0	250M	1140240	4360273
L	4379	250	*	*	*	*	*	4394897	*
H	4379	250	98.8	+	0	0	250M	1140240	4394897
H	2180	250	98.4	+	0	0	250M	1140240	114234
L	4793	250	*	*	*	*	*	4481613	*
H	4793	250	94.0	+	0	0	133MI116MD	2990918	4481613
L	1934	250	*	*	*	*	*	174755	*
H	1934	250	94.0	+	0	0	133MI116MD	2990918	174755
L	1803	250	*	*	*	*	*	184745	*
H	1803	250	94.0	+	0	0	133MI116MD	2990918	184745
L	3343	250	*	*	*	*	*	3015662	*
H	3343	250	92.0	+	0	0	45MD6MD55M2D10MD37MD14M2D52M2D21M10I	3015665	3015662
L	3140	250	*	*	*	*	*	2529285	*
H	3140	250	90.4	+	0	0	24MD20MD6MD53M3D11MD11MD25MD14M2D47M2D26M13I	3015665	2529285
L	2172	250	*	*	*	*	*	119010	*
H	2172	250	90.4	+	0	0	24MD20MD6MD53M3D11MD11MD25MD14M2D47M2D26M13I	3015665	119010
L	478	250	*	*	*	*	*	565130	*
H	478	250	99.2	+	0	0	250M	1132232	565130
L	791	250	*	*	*	*	*	409932	*
H	791	250	98.8	+	0	0	250M	1132232	409932
H	894	250	98.0	+	0	0	250M	1132232	354765
H	2372	250	90.4	+	0	0	250M	1125946	55486
L	2581	250	*	*	*	*	*	7346	*
H	2581	250	91.2	+	0	0	250M	1125946	7346
L	2584	250	*	*	*	*	*	6825	*
H	2584	250	88.4	+	0	0	250M	1125946	6825
L	4380	250	*	*	*	*	*	4394966	*
H	4380	250	95.2	+	0	0	250M	1136795	4394966
H	2888	250	90.0	+	0	0	250M	1136795	1108706
L	1543	250	*	*	*	*	*	224670	*
H	1543	250	88.8	+	0	0	221MI28MD	1136795	224670
L	3408	250	*	*	*	*	*	1129841	*
H	3408	250	98.8	+	0	0	250M	933356	1129841
L	2087	250	*	*	*	*	*	144720	*
H	2087	250	95.6	+	0	0	250M	933356	144720
H	308	250	95.2	+	0	0	250M	933356	695731
L	332	250	*	*	*	*	*	644016	*
H	332	250	98.0	+	0	0	250M	1136763	644016
H	4551	250	96.8	+	0	0	250M	1136763	4432439
H	4310	250	96.8	+	0	0	250M	1136763	4380413
L	2493	250	*	*	*	*	*	13728	*
H	2493	250	98.8	+	0	0	250M	1131768	13728
L	2721	250	*	*	*	*	*	1123543	*
H	2721	250	98.0	+	0	0	250M	1131768	1123543
L	2492	250	*	*	*	*	*	13730	*
H	2492	250	98.4	+	0	0	250M	1131768	13730
H	3838	250	97.6	+	0	0	139MD110MI	851811	676511
H	2792	250	97.2	+	0	0	139MD110MI	851811	1129461
H	1506	250	96.4	+	0	0	139MD110MI	851811	238051
H	2476	250	92.8	+	0	0	210MD39MI	1127853	14348
H	445	250	92.0	+	0	0	250M	1127853	571645
H	2747	250	93.2	+	0	0	250M	1127853	1730876
L	273	250	*	*	*	*	*	768898	*
H	273	250	100.0	+	0	0	250M	761592	768898
L	2826	250	*	*	*	*	*	794652	*
H	2826	250	99.6	+	0	0	250M	761592	794652
L	3706	250	*	*	*	*	*	1144051	*
H	3706	250	99.2	+	0	0	250M	761592	1144051
H	2685	250	97.6	+	0	0	250M	664205	1145943
L	2470	250	*	*	*	*	*	14592	*
H	2470	250	98.0	+	0	0	250M	664205	14592
L	2441	250	*	*	*	*	*	21214	*
H	2441	250	96.4	+	0	0	250M	664205	21214
H	2947	250	99.6	+	0	0	250M	1135372	2106896
H	436	250	97.6	+	0	0	250M	1135372	573179
H	2446	250	97.6	+	0	0	250M	1135372	17434
H	2988	250	94.8	+	0	0	250M	837640	1121753
H	889	250	92.8	+	0	0	250M	837640	356403
H	1992	250	92.8	+	0	0	250M	837640	162704
L	2869	250	*	*	*	*	*	1125228	*
H	2869	250	96.4	+	0	0	250M	3509164	1125228
L	4456	250	*	*	*	*	*	4411366	*
H	4456	250	90.4	+	0	0	D249MI	3509164	4411366
L	3676	250	*	*	*	*	*	727220	*
H	3676	250	92.0	+	0	0	250M	3509164	727220
H	1086	250	96.0	+	0	0	250M	3549545	312446
H	2881	250	96.0	+	0	0	250M	3549545	1126194
L	2706	250	*	*	*	*	*	643716	*
H	2706	250	96.0	+	0	0	250M	3549545	643716
H	3059	250	98.4	+	0	0	250M	1129599	1114718
H	1532	250	98.4	+	0	0	250M	1129599	229434
H	278	250	98.8	+	0	0	250M	1129599	749696
H	1960	250	83.2	+	0	0	215MI34MD	3602952	170412
L	965	250	*	*	*	*	*	341019	*
H	965	250	84.0	+	0	0	250M	3602952	341019
H	2533	250	83.6	+	0	0	250M	3602952	10455
L	4714	250	*	*	*	*	*	4466884	*
H	4714	250	84.8	+	0	0	89MD160MI	1061071	4466884
L	2354	250	*	*	*	*	*	63955	*
H	2354	250	80.4	+	0	0	89MD160MI	1061071	63955
L	4715	250	*	*	*	*	*	4466885	*
H	4715	250	84.0	+	0	0	89MD160MI	1061071	4466885
H	4175	250	96.8	+	0	0	250M	3649785	4352747
H	1886	250	96.8	+	0	0	250M	3649785	178763
H	1105	250	96.8	+	0	0	250M	3649785	308598
L	3674	250	*	*	*	*	*	1125006	*
H	3674	250	94.8	+	0	0	250M	1105450	1125006
L	3234	250	*	*	*	*	*	1142756	*
H	3234	250	93.6	+	0	0	250M	1105450	1142756
L	3329	250	*	*	*	*	*	1139660	*
H	3329	250	94.8	+	0	0	250M	1105450	1139660
L	2529	250	*	*	*	*	*	10660	*
H	2529	250	97.2	+	0	0	250M	1122480	10660
L	2943	250	*	*	*	*	*	838434	*
H	2943	250	97.6	+	0	0	250M	1122480	838434
L	3053	250	*	*	*	*	*	1143602	*
H	3053	250	92.8	+	0	0	250M	1122480	1143602
L	4529	250	*	*	*	*	*	4427434	*
H	4529	250	96.4	+	0	0	250M	3792581	4427434
H	2838	250	96.0	+	0	0	250M	3792581	1892252
L	2851	250	*	*	*	*	*	1918929	*
H	2851	250	96.0	+	0	0	250M	3792581	1918929
L	1165	250	*	*	*	*	*	299576	*
H	1165	250	98.8	+	0	0	133MI116MD	912997	299576
L	671	250	*	*	*	*	*	522984	*
H	671	250	98.8	+	0	0	133MI116MD	912997	522984
L	3281	250	*	*	*	*	*	752554	*
H	3281	250	98.8	+	0	0	133MI116MD	912997	752554
H	2349	250	99.2	+	0	0	250M	1124784	67228
H	1332	250	99.2	+	0	0	250M	1124784	270229
L	4148	250	*	*	*	*	*	4349004	*
H	4148	250	98.8	+	0	0	36MD213MI	1124784	4349004
L	3652	250	*	*	*	*	*	1126217	*
H	3652	250	98.0	+	0	0	250M	1133367	1126217
H	120	250	98.0	+	0	0	250M	1133367	961922
H	4117	250	97.2	+	0	0	250M	1133367	4342039
L	3844	250	*	*	*	*	*	4154525	*
H	3844	250	99.2	+	0	0	250M	1137136	4154525
L	1986	250	*	*	*	*	*	164443	*
H	1986	250	98.8	+	0	0	250M	1137136	164443
L	2691	250	*	*	*	*	*	1137869	*
H	2691	250	98.8	+	0	0	250M	1137136	1137869
L	3985	250	*	*	*	*	*	4310208	*
H	3985	250	99.2	+	0	0	250M	3889756	4310208
L	4500	250	*	*	*	*	*	4422456	*
H	4500	250	98.8	+	0	0	250M	3889756	4422456
L	3517	250	*	*	*	*	*	962249	*
H	3517	250	97.6	+	0	0	250M	3889756	962249
H	2172	250	94.0	+	0	0	41MD46MD13M3D59M2D20MD14MD48M9I	3908645	119010
L	2956	250	*	*	*	*	*	2119418	*
H	2956	250	94.0	+	0	0	41MD46MD13M3D59M2D20MD14MD48M9I	3908645	2119418
H	3140	250	94.0	+	0	0	41MD46MD13M3D59M2D20MD14MD48M9I	3908645	2529285
L	549	250	*	*	*	*	*	550415	*
H	549	250	97.6	+	0	0	250M	1117631	550415
L	2443	250	*	*	*	*	*	19369	*
H	2443	250	95.2	+	0	0	250M	1117631	19369
L	2393	250	*	*	*	*	*	45962	*
H	2393	250	95.2	+	0	0	250M	1117631	45962
H	2352	250	97.6	+	0	0	243MI6MD	1126009	64384
H	4278	250	94.0	+	0	0	39M2D7MD8MD184M4I8M	1126009	4373641
H	1443	250	94.4	+	0	0	250M	1126009	252679
L	2304	250	*	*	*	*	*	86772	*
H	2304	250	96.8	+	0	0	215MD10MD23M2I	776873	86772
L	72	250	*	*	*	*	*	1028133	*
H	72	250	98.0	+	0	0	250M	776873	1028133
L	777	250	*	*	*	*	*	439804	*
H	777	250	93.6	+	0	0	59MD190MI	776873	439804
L	4349	250	*	*	*	*	*	4388908	*
H	4349	250	94.8	+	0	0	250M	4028751	4388908
L	3315	250	*	*	*	*	*	2938850	*
H	3315	250	92.0	+	0	0	250M	4028751	2938850
L	4780	250	*	*	*	*	*	4477989	*
H	4780	250	92.0	+	0	0	250M	4028751	4477989
H	3785	250	99.2	+	0	0	250M	4041571	4041568
H	821	250	98.0	+	0	0	250M	4041571	369289
H	894	250	97.2	+	0	0	250M	4041571	354765
L	4596	250	*	*	*	*	*	4443004	*
H	4596	250	96.8	+	0	0	250M	1139732	4443004
L	4643	250	*	*	*	*	*	4454715	*
H	4643	250	95.6	+	0	0	250M	1139732	4454715
L	3900	250	*	*	*	*	*	4263820	*
H	3900	250	94.0	+	0	0	250M	1139732	4263820
H	2472	250	99.2	+	0	0	250M	4098279	14500
H	2269	250	98.0	+	0	0	250M	4098279	99951
H	3170	250	98.0	+	0	0	250M	4098279	810000
H	3400	250	97.2	+	0	0	250M	4104788	3172850
H	3045	250	96.8	+	0	0	250M	4104788	2325277
L	3760	250	*	*	*	*	*	3961590	*
H	3760	250	96.0	+	0	0	250M	4104788	3961590
L	3802	250	*	*	*	*	*	660708	*
H	3802	250	97.2	+	0	0	250M	1146685	660708
H	4100	250	98.4	+	0	0	250M	1146685	4337455
L	3882	250	*	*	*	*	*	1141542	*
H	3882	250	98.4	+	0	0	250M	1146685	1141542
L	2856	250	*	*	*	*	*	1130328	*
H	2856	250	93.6	+	0	0	250M	4183921	1130328
H	4549	250	80.4	+	0	0	250M	4183921	4431959
L	1158	250	*	*	*	*	*	300501	*
H	1158	250	83.2	+	0	0	250M	4183921	300501
H	3826	250	98.8	+	0	0	250M	836450	1105883
H	4539	250	98.8	+	0	0	250M	836450	4430475
H	3062	250	98.8	+	0	0	250M	836450	1108701
H	3400	250	93.2	+	0	0	231MI18MD	4238525	3172850
L	3841	250	*	*	*	*	*	4151747	*
H	3841	250	93.2	+	0	0	231MI18MD	4238525	4151747
H	3760	250	92.4	+	0	0	231MI18MD	4238525	3961590
L	4010	250	*	*	*	*	*	4317520	*
H	4010	250	96.0	+	0	0	250M	4256926	4317520
L	3411	250	*	*	*	*	*	3186906	*
H	3411	250	94.8	+	0	0	250M	4256926	3186906
L	2663	250	*	*	*	*	*	1543534	*
H	2663	250	90.8	+	0	0	75MI157MD17M	4256926	1543534
L	2538	250	*	*	*	*	*	9961	*
H	2538	250	92.8	+	0	0	250M	4270977	9961
L	1988	250	*	*	*	*	*	163775	*
H	1988	250	94.4	+	0	0	250M	4270977	163775
L	1974	250	*	*	*	*	*	166268	*
H	1974	250	93.6	+	0	0	250M	4270977	166268
L	3602	250	*	*	*	*	*	1143368	*
H	3602	250	95.6	+	0	0	129MD120MI	4282872	1143368
L	2373	250	*	*	*	*	*	55243	*
H	2373	250	93.2	+	0	0	D8MD15MD103MD120M4I	4282872	55243
L	3007	250	*	*	*	*	*	2228274	*
H	3007	250	95.2	+	0	0	131MD118MI	4282872	2228274
L	26	250	*	*	*	*	*	1092725	*
H	26	250	99.2	+	0	0	92MD157MI	4297838	1092725
L	3965	250	*	*	*	*	*	4306178	*
H	3965	250	98.4	+	0	0	250M	4297838	4306178
L	4291	250	*	*	*	*	*	4376255	*
H	4291	250	98.4	+	0	0	250M	4297838	4376255
H	2065	250	98.4	+	0	0	250M	4302913	149895
H	1276	250	98.4	+	0	0	250M	4302913	283765
H	4403	250	97.6	+	0	0	250M	4302913	4400789
L	2468	250	*	*	*	*	*	14615	*
H	2468	250	96.8	+	0	0	123MI126MD	4304862	14615
L	4219	250	*	*	*	*	*	4363413	*
H	4219	250	96.0	+	0	0	250M	4304862	4363413
L	3367	250	*	*	*	*	*	1134316	*
H	3367	250	95.2	+	0	0	250M	4304862	1134316
H	436	250	98.8	+	0	0	250M	4305519	573179
L	1507	250	*	*	*	*	*	237745	*
H	1507	250	98.8	+	0	0	250M	4305519	237745
H	2446	250	98.8	+	0	0	250M	4305519	17434
H	4379	250	97.2	+	0	0	250M	4305580	4394897
L	3739	250	*	*	*	*	*	1137224	*
H	3739	250	97.2	+	0	0	250M	4305580	1137224
L	4226	250	*	*	*	*	*	4365006	*
H	4226	250	97.2	+	0	0	250M	4305580	4365006
H	2420	250	95.2	+	0	0	250M	4306829	31319
L	2450	250	*	*	*	*	*	16191	*
H	2450	250	94.8	+	0	0	250M	4306829	16191
H	1241	250	90.8	+	0	0	250M	4306829	290241
L	4422	250	*	*	*	*	*	4404224	*
H	4422	250	98.0	+	0	0	2D248M2I	4308270	4404224
L	1569	250	*	*	*	*	*	215670	*
H	1569	250	94.4	+	0	0	250M	4308270	215670
L	4459	250	*	*	*	*	*	4412542	*
H	4459	250	94.4	+	0	0	250M	4308270	4412542
L	1187	250	*	*	*	*	*	295974	*
H	1187	250	99.6	+	0	0	250M	4315688	295974
L	1245	250	*	*	*	*	*	289622	*
H	1245	250	99.6	+	0	0	250M	4315688	289622
L	1127	250	*	*	*	*	*	304779	*
H	1127	250	99.2	+	0	0	250M	4315688	304779
H	2349	250	98.4	+	0	0	250M	4323731	67228
H	1332	250	98.4	+	0	0	250M	4323731	270229
H	2152	250	98.4	+	0	0	250M	4323731	132602
H	2352	250	96.4	+	0	0	243MI6MD	4326573	64384
H	1443	250	94.0	+	0	0	250M	4326573	252679
H	4549	250	94.0	+	0	0	250M	4326573	4431959
L	1970	250	*	*	*	*	*	167717	*
H	1970	250	98.4	+	0	0	250M	4327628	167717
L	1972	250	*	*	*	*	*	167440	*
H	1972	250	98.4	+	0	0	250M	4327628	167440
L	221	250	*	*	*	*	*	835771	*
H	221	250	98.4	+	0	0	250M	4327628	835771
H	2551	250	97.6	+	0	0	106M4I10MD16MD114M2D	4328035	9252
L	2552	250	*	*	*	*	*	9191	*
H	2552	250	96.8	+	0	0	106M4I10MD16MD114M2D	4328035	9191
L	591	250	*	*	*	*	*	538602	*
H	591	250	96.8	+	0	0	106M4I10MD16MD114M2D	4328035	538602
H	4042	250	98.8	+	0	0	250M	4328432	4323871
H	3803	250	97.2	+	0	0	250M	4328432	1109067
H	360	250	96.4	+	0	0	250M	4328432	591699
L	2220	250	*	*	*	*	*	107044	*
H	2220	250	88.4	+	0	0	250M	4331760	107044
H	3809	250	86.4	+	0	0	250M	4331760	836917
L	540	250	*	*	*	*	*	552528	*
H	540	250	85.6	+	0	0	250M	4331760	552528
H	120	250	98.4	+	0	0	250M	4331976	961922
L	3858	250	*	*	*	*	*	1142524	*
H	3858	250	96.8	+	0	0	250M	4331976	1142524
H	1516	250	97.2	+	0	0	250M	4331976	235720
H	3234	250	97.6	+	0	0	250M	4339173	1142756
H	3674	250	95.6	+	0	0	250M	4339173	1125006
H	3329	250	96.8	+	0	0	250M	4339173	1139660
H	3749	250	96.8	+	0	0	10MD13MD15MD209M3I	4339214	1135136
L	4223	250	*	*	*	*	*	4364205	*
H	4223	250	95.2	+	0	0	10MD12MD16MD209M3I	4339214	4364205
H	2351	250	94.4	+	0	0	10MD12MD16MD209M3I	4339214	65400
H	3808	250	97.6	+	0	0	250M	4339627	1143479
H	3898	250	96.8	+	0	0	250M	4339627	1145893
H	3972	250	94.4	+	0	0	250M	4339627	4307258
H	4647	250	98.8	+	0	0	250M	4347599	4455242
H	3579	250	98.4	+	0	0	250M	4347599	1115975
H	2947	250	98.0	+	0	0	250M	4347599	2106896
H	744	250	100.0	+	0	0	250M	4348253	510204
H	603	250	98.8	+	0	0	250M	4348253	535678
H	151	250	98.8	+	0	0	250M	4348253	920852
L	3357	250	*	*	*	*	*	1137185	*
H	3357	250	96.0	+	0	0	74MI175MD	4358096	1137185
H	2582	250	95.6	+	0	0	74MI175MD	4358096	7316
H	237	250	95.6	+	0	0	74MI175MD	4358096	822776
H	3139	250	98.8	+	0	0	250M	725990	816529
H	1361	250	98.8	+	0	0	42MI207MD	725990	267323
H	252	250	98.4	+	0	0	250M	725990	811272
L	2832	250	*	*	*	*	*	1888677	*
H	2832	250	96.0	+	0	0	250M	4359317	1888677
L	3390	250	*	*	*	*	*	799884	*
H	3390	250	96.0	+	0	0	250M	4359317	799884
L	4125	250	*	*	*	*	*	4344207	*
H	4125	250	96.0	+	0	0	250M	4359317	4344207
H	3305	250	87.6	+	0	0	129MD43M2I12MD64M	4360483	2903258
H	4184	250	85.2	+	0	0	125MD124MI	4360483	4354266
L	4669	250	*	*	*	*	*	4458713	*
H	4669	250	94.4	+	0	0	250M	4361455	4458713
L	2836	250	*	*	*	*	*	825830	*
H	2836	250	94.0	+	0	0	250M	4361455	825830
L	4801	250	*	*	*	*	*	4482862	*
H	4801	250	94.0	+	0	0	250M	4361455	4482862
L	4224	250	*	*	*	*	*	4364469	*
H	4224	250	98.4	+	0	0	250M	4361518	4364469
L	2389	250	*	*	*	*	*	46931	*
H	2389	250	98.0	+	0	0	250M	4361518	46931
H	2264	250	96.8	+	0	0	250M	4361518	100650
H	3367	250	89.6	+	0	0	182MD67MI	4362269	1134316
H	2468	250	90.8	+	0	0	125MI54MD70M	4362269	14615
L	1996	250	*	*	*	*	*	162067	*
H	1996	250	87.6	+	0	0	160MI89MD	4362269	162067
L	2212	250	*	*	*	*	*	107976	*
H	2212	250	96.4	+	0	0	250M	4362383	107976
L	4167	250	*	*	*	*	*	4352076	*
H	4167	250	96.0	+	0	0	250M	4362383	4352076
H	4163	250	95.2	+	0	0	250M	4362383	4351033
L	1950	250	*	*	*	*	*	173486	*
H	1950	250	98.0	+	0	0	250M	4362470	173486
H	1995	250	98.0	+	0	0	250M	4362470	162150
L	2339	250	*	*	*	*	*	70728	*
H	2339	250	97.2	+	0	0	250M	4362470	70728
H	2911	250	98.4	+	0	0	250M	4364813	782289
H	3581	250	98.4	+	0	0	250M	4364813	821119
H	3012	250	98.4	+	0	0	250M	4364813	809272
H	2476	250	92.8	+	0	0	210MD39MI	4365806	14348
H	2747	250	91.2	+	0	0	250M	4365806	1730876
H	445	250	90.4	+	0	0	250M	4365806	571645
L	3392	250	*	*	*	*	*	3153795	*
H	3392	250	98.0	+	0	0	250M	4367988	3153795
H	2180	250	98.4	+	0	0	250M	4367988	114234
L	3453	250	*	*	*	*	*	3271868	*
H	3453	250	98.4	+	0	0	250M	4367988	3271868
L	1024	250	*	*	*	*	*	327895	*
H	1024	250	98.0	+	0	0	250M	4369819	327895
L	294	250	*	*	*	*	*	724271	*
H	294	250	97.6	+	0	0	250M	4369819	724271
H	1391	250	97.6	+	0	0	250M	4369819	262377
L	2215	250	*	*	*	*	*	107506	*
H	2215	250	90.8	+	0	0	250M	4372408	107506
L	75	250	*	*	*	*	*	1021078	*
H	75	250	90.0	+	0	0	250M	4372408	1021078
L	4368	250	*	*	*	*	*	4392251	*
H	4368	250	88.0	+	0	0	250M	4372408	4392251
H	4615	250	96.8	+	0	0	202MD47MI	4374322	4449456
H	3199	250	96.4	+	0	0	202MD47MI	4374322	913867
H	1997	250	96.4	+	0	0	202MD47MI	4374322	161677
L	2364	250	*	*	*	*	*	58618	*
H	2364	250	96.4	+	0	0	250M	4378410	58618
L	4123	250	*	*	*	*	*	4343390	*
H	4123	250	93.2	+	0	0	250M	4378410	4343390
H	4397	250	93.6	+	0	0	250M	4378410	4398600
L	3019	250	*	*	*	*	*	1124905	*
H	3019	250	96.8	+	0	0	250M	4383165	1124905
H	3674	250	96.8	+	0	0	250M	4383165	1125006
H	3329	250	97.2	+	0	0	250M	4383165	1139660
N	*	250	*	*	*	*	*	4384427	*
H	3470	250	99.6	+	0	0	250M	4389142	1122610
H	1336	250	95.6	+	0	0	250M	4389142	269962
H	2864	250	95.2	+	0	0	250M	4389142	810888
L	1776	250	*	*	*	*	*	185891	*
H	1776	250	91.2	+	0	0	250M	4390966	185891
L	1387	250	*	*	*	*	*	262825	*
H	1387	250	91.2	+	0	0	250M	4390966	262825
L	1615	250	*	*	*	*	*	198690	*
H	1615	250	91.2	+	0	0	250M	4390966	198690
H	4647	250	100.0	+	0	0	250M	4393354	4455242
H	3579	250	98.8	+	0	0	250M	4393354	1115975
H	2947	250	98.4	+	0	0	250M	4393354	2106896
L	4786	250	*	*	*	*	*	4479467	*
H	4786	250	92.0	+	0	0	130MI59M3I28M2I27M6D	4401405	4479467
L	802	250	*	*	*	*	*	391286	*
H	802	250	92.0	+	0	0	130MI59M3I28M2I27M6D	4401405	391286
L	773	250	*	*	*	*	*	449595	*
H	773	250	90.8	+	0	0	132M2I57M3I28M2I26M7D	4401405	449595
L	537	250	*	*	*	*	*	553146	*
H	537	250	99.6	+	0	0	250M	4408009	553146
H	2397	250	91.6	+	0	0	250M	4408009	42664
L	2166	250	*	*	*	*	*	128429	*
H	2166	250	90.8	+	0	0	250M	4408009	128429
L	4407	250	*	*	*	*	*	4401868	*
H	4407	250	96.4	+	0	0	113M2I31MD104MD	4410244	4401868
L	2783	250	*	*	*	*	*	1803005	*
H	2783	250	90.8	+	0	0	113M2I31MD43MI60M2D	4410244	1803005
L	2903	250	*	*	*	*	*	2035238	*
H	2903	250	90.0	+	0	0	113M2I31MD104MD	4410244	2035238
H	2087	250	90.4	+	0	0	250M	4410896	144720
H	2601	250	90.0	+	0	0	250M	4410896	5263
L	2447	250	*	*	*	*	*	17261	*
H	2447	250	89.6	+	0	0	121MI30MD12MD17MD13M2D52M4I	4410896	17261
L	2384	250	*	*	*	*	*	49604	*
H	2384	250	91.6	+	0	0	164MI85MD	4412629	49604
L	4258	250	*	*	*	*	*	4370479	*
H	4258	250	92.8	+	0	0	250M	4412629	4370479
L	4584	250	*	*	*	*	*	4439195	*
H	4584	250	90.4	+	0	0	250M	4412629	4439195
L	4060	250	*	*	*	*	*	4327604	*
H	4060	250	93.2	+	0	0	250M	690594	4327604
L	3124	250	*	*	*	*	*	2494383	*
H	3124	250	95.6	+	0	0	250M	690594	2494383
H	2493	250	91.6	+	0	0	250M	690594	13728
L	4245	250	*	*	*	*	*	4367385	*
H	4245	250	99.6	+	0	0	250M	4414785	4367385
H	1516	250	96.4	+	0	0	250M	4414785	235720
H	120	250	97.2	+	0	0	250M	4414785	961922
H	3882	250	99.2	+	0	0	250M	4419624	1141542
H	4100	250	99.2	+	0	0	250M	4419624	4337455
H	1445	250	98.8	+	0	0	250M	4419624	252028
L	2712	250	*	*	*	*	*	1139097	*
H	2712	250	96.4	+	0	0	2I248M2D	4419806	1139097
L	577	250	*	*	*	*	*	541894	*
H	577	250	96.4	+	0	0	2I248M2D	4419806	541894
L	349	250	*	*	*	*	*	593894	*
H	349	250	90.4	+	0	0	2I248M2D	4419806	593894
L	3209	250	*	*	*	*	*	1115889	*
H	3209	250	100.0	+	0	0	250M	4422114	1115889
L	3254	250	*	*	*	*	*	1115973	*
H	3254	250	99.6	+	0	0	250M	4422114	1115973
L	3717	250	*	*	*	*	*	1141671	*
H	3717	250	99.6	+	0	0	250M	4422114	1141671
H	2352	250	98.8	+	0	0	243MI6MD	4423978	64384
H	4278	250	95.2	+	0	0	39M2D7MD8MD184M4I8M	4423978	4373641
H	1443	250	95.6	+	0	0	250M	4423978	252679
H	2855	250	96.0	+	0	0	250M	4431167	681590
H	3549	250	95.2	+	0	0	250M	4431167	806221
H	4797	250	95.2	+	0	0	138MI111MD	4431167	4482366
H	2864	250	95.2	+	0	0	250M	4431592	810888
H	1336	250	96.0	+	0	0	250M	4431592	269962
H	1490	250	95.6	+	0	0	250M	4431592	240661
H	2947	250	99.6	+	0	0	250M	4433053	2106896
H	1507	250	97.6	+	0	0	250M	4433053	237745
H	436	250	97.6	+	0	0	250M	4433053	573179
H	2565	250	97.6	+	0	0	250M	4434051	8091
H	2564	250	96.8	+	0	0	250M	4434051	8104
H	1517	250	96.4	+	0	0	250M	4434051	235630
L	2744	250	*	*	*	*	*	1143460	*
H	2744	250	99.6	+	0	0	250M	4435279	1143460
L	2924	250	*	*	*	*	*	834006	*
H	2924	250	96.4	+	0	0	250M	4435279	834006
H	2913	250	94.4	+	0	0	250M	4435279	1133602
L	4565	250	*	*	*	*	*	4435422	*
H	4565	250	98.0	+	0	0	250M	4435425	4435422
L	4566	250	*	*	*	*	*	4435424	*
H	4566	250	94.0	+	0	0	250M	4435425	4435424
L	4668	250	*	*	*	*	*	4458677	*
H	4668	250	87.2	+	0	0	250M	4435425	4458677
H	3118	250	96.0	+	0	0	250M	4437422	851932
H	3792	250	96.0	+	0	0	250M	4437422	1106060
L	4279	250	*	*	*	*	*	4373910	*
H	4279	250	95.6	+	0	0	250M	4437422	4373910
L	3100	250	*	*	*	*	*	2431916	*
H	3100	250	84.4	+	0	0	102M4D144M4I	4444173	2431916
H	2531	250	88.4	+	0	0	250M	4449321	10485
H	1960	250	88.4	+	0	0	215MI34MD	4449321	170412
H	2043	250	89.6	+	0	0	138MI80MI30M2D	4449321	155622
H	1241	250	94.4	+	0	0	250M	4457669	290241
H	1127	250	95.2	+	0	0	250M	4457669	304779
L	3902	250	*	*	*	*	*	818516	*
H	3902	250	95.2	+	0	0	250M	4457669	818516
L	4509	250	*	*	*	*	*	4423885	*
H	4509	250	94.4	+	0	0	222MD27MI	4466720	4423885
H	3809	250	87.6	+	0	0	222MD27MI	4466720	836917
H	3629	250	87.2	+	0	0	222MD27MI	4466720	1023953
L	2813	250	*	*	*	*	*	1842075	*
H	2813	250	95.6	+	0	0	250M	4467983	1842075
L	2477	250	*	*	*	*	*	14311	*
H	2477	250	88.0	+	0	0	250M	4467983	14311
L	1530	250	*	*	*	*	*	230897	*
H	1530	250	80.0	+	0	0	125MD124MI	4467983	230897
L	3311	250	*	*	*	*	*	2922812	*
H	3311	250	98.0	+	0	0	250M	4474582	2922812
H	3844	250	93.6	+	0	0	250M	4474582	4154525
H	2691	250	93.2	+	0	0	250M	4474582	1137869
H	4224	250	99.2	+	0	0	250M	4475144	4364469
H	2389	250	98.0	+	0	0	250M	4475144	46931
H	812	250	97.2	+	0	0	250M	4475144	372473
H	3842	250	90.0	+	0	0	250M	4479774	4151783
H	3841	250	88.0	+	0	0	250M	4479774	4151747
H	3760	250	86.4	+	0	0	250M	4479774	3961590
H	4081	250	98.0	+	0	0	250M	4480185	4333556
H	3293	250	98.0	+	0	0	250M	4480185	2874742
H	4331	250	98.0	+	0	0	128MI76MI44M2D	4480185	4385067
H	1443	250	88.8	+	0	0	57MI192MD	4482227	252679
H	4278	250	88.4	+	0	0	43M3D204M3I	4482227	4373641
H	2352	250	88.0	+	0	0	57MI192MD	4482227	64384
H	75	250	83.2	+	0	0	2I248M2D	4483775	1021078
L	522	250	*	*	*	*	*	555696	*
H	522	250	81.6	+	0	0	2I248M2D	4483775	555696
H	3105	250	81.2	+	0	0	2I248M2D	4483775	804160
L	4952	250	*	*	*	*	*	4463497	*
H	4952	250	94.4	+	0	0	250M	1106734	4463497
L	4927	250	*	*	*	*	*	4307029	*
H	4927	250	92.4	+	0	0	250M	1106734	4307029
L	4815	250	*	*	*	*	*	714724	*
H	4815	250	94.8	+	0	0	250M	1106734	714724
L	4933	250	*	*	*	*	*	4338137	*
H	4933	250	90.4	+	0	0	250M	978530	4338137
L	4812	250	*	*	*	*	*	777733	*
H	4812	250	93.6	+	0	0	250M	978530	777733
L	4928	250	*	*	*	*	*	4308349	*
H	4928	250	89.6	+	0	0	250M	978530	4308349
H	4927	250	96.4	+	0	0	250M	845599	4307029
H	4952	250	92.8	+	0	0	250M	845599	4463497
L	4920	250	*	*	*	*	*	544733	*
H	4920	250	91.6	+	0	0	250M	845599	544733
L	4932	250	*	*	*	*	*	4338133	*
H	4932	250	99.6	+	0	0	250M	798060	4338133
L	4865	250	*	*	*	*	*	47968	*
H	4865	250	89.2	+	0	0	250M	798060	47968
L	4940	250	*	*	*	*	*	4370431	*
H	4940	250	88.4	+	0	0	250M	798060	4370431
L	4868	250	*	*	*	*	*	43283	*
H	4868	250	98.0	+	0	0	250M	686537	43283
L	4914	250	*	*	*	*	*	643724	*
H	4914	250	93.6	+	0	0	250M	686537	643724
L	4883	250	*	*	*	*	*	668	*
H	4883	250	92.4	+	0	0	3D16MD13M2D215M6I	686537	668
L	4907	250	*	*	*	*	*	813104	*
H	4907	250	90.0	+	0	0	226MD23MI	666521	813104
L	4827	250	*	*	*	*	*	551722	*
H	4827	250	86.4	+	0	0	227MD22MI	666521	551722
L	4817	250	*	*	*	*	*	679966	*
H	4817	250	87.2	+	0	0	227MD22MI	666521	679966
L	4892	250	*	*	*	*	*	1132808	*
H	4892	250	99.6	+	0	0	250M	241978	1132808
L	4877	250	*	*	*	*	*	953	*
H	4877	250	92.4	+	0	0	250M	241978	953
L	4885	250	*	*	*	*	*	1629246	*
H	4885	250	86.0	+	0	0	250M	241978	1629246
L	4938	250	*	*	*	*	*	4362616	*
H	4938	250	96.0	+	0	0	250M	142373	4362616
L	4913	250	*	*	*	*	*	1136152	*
H	4913	250	96.4	+	0	0	250M	142373	1136152
L	4871	250	*	*	*	*	*	25116	*
H	4871	250	96.0	+	0	0	250M	142373	25116
L	4829	250	*	*	*	*	*	548723	*
H	4829	250	96.4	+	0	0	250M	109519	548723
L	4828	250	*	*	*	*	*	551685	*
H	4828	250	95.6	+	0	0	250M	109519	551685
H	4914	250	95.6	+	0	0	250M	109519	643724
N	*	250	*	*	*	*	*	33887	*
L	4896	250	*	*	*	*	*	1135040	*
H	4896	250	96.8	+	0	0	250M	790	1135040
L	4880	250	*	*	*	*	*	804	*
H	4880	250	92.4	+	0	0	6D157MD86M7I	790	804
L	4825	250	*	*	*	*	*	557548	*
H	4825	250	85.2	+	0	0	250M	790	557548
L	4888	250	*	*	*	*	*	1128360	*
H	4888	250	95.2	+	0	0	250M	329	1128360
L	4890	250	*	*	*	*	*	1137360	*
H	4890	250	94.0	+	0	0	250M	329	1137360
L	4912	250	*	*	*	*	*	840131	*
H	4912	250	89.2	+	0	0	250M	329	840131
L	4860	250	*	*	*	*	*	101553	*
H	4860	250	96.0	+	0	0	250M	177	101553
L	4830	250	*	*	*	*	*	547463	*
H	4830	250	93.2	+	0	0	250M	177	547463
L	4884	250	*	*	*	*	*	236	*
H	4884	250	90.8	+	0	0	135MI114MD	177	236
H	4933	250	92.8	+	0	0	250M	2076641	4338137
L	4943	250	*	*	*	*	*	4404369	*
H	4943	250	88.4	+	0	0	250M	2076641	4404369
H	4812	250	86.4	+	0	0	250M	2076641	777733
L	4947	250	*	*	*	*	*	4437047	*
H	4947	250	94.4	+	0	0	250M	3022550	4437047
L	4886	250	*	*	*	*	*	633056	*
H	4886	250	93.2	+	0	0	250M	3022550	633056
L	4917	250	*	*	*	*	*	3862609	*
H	4917	250	92.4	+	0	0	250M	3022550	3862609
L	4953	250	*	*	*	*	*	4463937	*
H	4953	250	90.4	+	0	0	250M	1114397	4463937
L	4929	250	*	*	*	*	*	4315401	*
H	4929	250	89.6	+	0	0	250M	1114397	4315401
L	4944	250	*	*	*	*	*	4416518	*
H	4944	250	86.8	+	0	0	250M	1114397	4416518
H	4896	250	97.6	+	0	0	250M	4344999	1135040
H	4880	250	92.8	+	0	0	6D158MD85M7I	4344999	804
L	4845	250	*	*	*	*	*	158889	*
H	4845	250	87.6	+	0	0	250M	4344999	158889
L	4894	250	*	*	*	*	*	692586	*
H	4894	250	91.2	+	0	0	250M	4358883	692586
H	4865	250	91.2	+	0	0	250M	4358883	47968
H	4952	250	90.4	+	0	0	250M	4358883	4463497
D	26	2	*	*	*	*	99.2	1092725	*
D	33	2	*	*	*	*	95.2	1082059	*
D	72	2	*	*	*	*	98.0	1028133	*
D	75	2	*	*	*	*	83.2	1021078	*
D	120	4	*	*	*	*	98.7	961922	*
D	165	2	*	*	*	*	92.8	907828	*
D	169	2	*	*	*	*	93.2	903886	*
D	221	2	*	*	*	*	98.4	835771	*
D	251	2	*	*	*	*	95.2	812921	*
D	258	2	*	*	*	*	98.0	804867	*
D	273	2	*	*	*	*	100.0	768898	*
D	278	3	*	*	*	*	98.4	749696	*
D	306	2	*	*	*	*	98.4	697027	*
D	319	2	*	*	*	*	98.4	667570	*
D	332	2	*	*	*	*	98.0	644016	*
D	336	2	*	*	*	*	96.0	633100	*
D	401	2	*	*	*	*	87.2	580117	*
D	435	2	*	*	*	*	97.2	573413	*
D	445	3	*	*	*	*	94.2	571645	*
D	446	2	*	*	*	*	97.6	571589	*
D	452	3	*	*	*	*	96.0	570232	*
D	478	2	*	*	*	*	99.2	565130	*
D	482	2	*	*	*	*	96.4	564045	*
D	533	4	*	*	*	*	94.5	4412575	*
D	537	2	*	*	*	*	99.6	553146	*
D	549	2	*	*	*	*	97.6	550415	*
D	564	2	*	*	*	*	97.2	544868	*
D	566	2	*	*	*	*	98.0	544824	*
D	577	2	*	*	*	*	96.4	541894	*
D	582	2	*	*	*	*	98.8	540423	*
D	598	2	*	*	*	*	98.8	536754	*
D	744	3	*	*	*	*	99.6	510204	*
D	779	2	*	*	*	*	92.8	430191	*
D	802	2	*	*	*	*	92.0	391286	*
D	931	2	*	*	*	*	98.8	347553	*
D	961	2	*	*	*	*	96.0	342268	*
D	965	2	*	*	*	*	84.0	341019	*
D	1024	2	*	*	*	*	98.0	327895	*
D	1031	2	*	*	*	*	97.6	326054	*
D	1095	2	*	*	*	*	96.4	311173	*
D	1098	2	*	*	*	*	92.4	310532	*
D	1105	2	*	*	*	*	96.8	308598	*
D	1120	2	*	*	*	*	96.8	306728	*
D	1217	2	*	*	*	*	96.4	292424	*
D	1245	2	*	*	*	*	99.6	289622	*
D	1251	2	*	*	*	*	98.8	289174	*
D	1252	2	*	*	*	*	86.4	288677	*
D	1273	2	*	*	*	*	98.8	284672	*
D	1276	2	*	*	*	*	98.4	283765	*
D	1289	3	*	*	*	*	98.8	276678	*
D	1300	2	*	*	*	*	99.6	274900	*
D	1332	2	*	*	*	*	99.2	270229	*
D	1336	2	*	*	*	*	96.0	269962	*
D	1359	2	*	*	*	*	99.6	267698	*
D	1361	2	*	*	*	*	98.8	267323	*
D	1391	2	*	*	*	*	99.2	262377	*
D	1443	2	*	*	*	*	88.8	252679	*
D	1446	2	*	*	*	*	96.0	251983	*
D	1449	2	*	*	*	*	94.0	251456	*
D	1454	2	*	*	*	*	99.2	250136	*
D	1489	2	*	*	*	*	98.8	240755	*
D	1490	2	*	*	*	*	94.8	240661	*
D	1498	2	*	*	*	*	97.2	239386	*
D	1506	4	*	*	*	*	94.1	238051	*
D	1517	2	*	*	*	*	96.4	235630	*
D	1553	2	*	*	*	*	98.0	221379	*
D	1564	2	*	*	*	*	94.8	217386	*
D	1571	2	*	*	*	*	100.0	212584	*
D	1590	2	*	*	*	*	88.8	203166	*
D	1592	2	*	*	*	*	97.6	203093	*
D	1600	2	*	*	*	*	91.6	200455	*
D	1615	2	*	*	*	*	91.2	198690	*
D	1629	2	*	*	*	*	96.8	197631	*
D	1653	2	*	*	*	*	94.4	195871	*
D	1711	2	*	*	*	*	98.4	191359	*
D	1736	2	*	*	*	*	98.4	189244	*
D	1784	2	*	*	*	*	98.4	185636	*
D	1803	2	*	*	*	*	94.0	184745	*
D	1843	2	*	*	*	*	95.2	181791	*
D	1886	2	*	*	*	*	92.4	178763	*
D	1919	2	*	*	*	*	93.6	175954	*
D	1960	2	*	*	*	*	91.2	170412	*
D	1988	2	*	*	*	*	94.4	163775	*
D	1995	2	*	*	*	*	98.0	162150	*
D	1997	2	*	*	*	*	97.6	161677	*
D	2006	2	*	*	*	*	97.2	160832	*
D	2013	2	*	*	*	*	95.6	158785	*
D	2040	2	*	*	*	*	96.4	156357	*
D	2043	2	*	*	*	*	89.6	155622	*
D	2056	2	*	*	*	*	96.8	152001	*
D	2065	2	*	*	*	*	94.4	149895	*
D	2072	2	*	*	*	*	96.0	148326	*
D	2080	2	*	*	*	*	98.4	146743	*
D	2082	2	*	*	*	*	94.4	146193	*
D	2087	2	*	*	*	*	90.4	144720	*
D	2118	2	*	*	*	*	96.4	138840	*
D	2145	2	*	*	*	*	95.6	133739	*
D	2152	4	*	*	*	*	98.9	132602	*
D	2154	2	*	*	*	*	92.4	131660	*
D	2158	2	*	*	*	*	91.2	130219	*
D	2180	2	*	*	*	*	94.0	114234	*
D	2186	2	*	*	*	*	91.2	112313	*
D	2196	2	*	*	*	*	97.6	110879	*
D	2199	2	*	*	*	*	88.4	109811	*
D	2208	2	*	*	*	*	97.6	108433	*
D	2212	2	*	*	*	*	96.4	107976	*
D	2215	2	*	*	*	*	90.8	107506	*
D	2220	2	*	*	*	*	88.4	107044	*
D	2228	2	*	*	*	*	98.8	106310	*
D	2235	2	*	*	*	*	89.2	105372	*
D	2251	2	*	*	*	*	97.6	102689	*
D	2256	2	*	*	*	*	97.6	101883	*
D	2268	2	*	*	*	*	98.8	100027	*
D	2269	2	*	*	*	*	98.4	99951	*
D	2273	2	*	*	*	*	92.8	99373	*
D	2317	2	*	*	*	*	87.2	77778	*
D	2325	2	*	*	*	*	88.8	73954	*
D	2330	2	*	*	*	*	96.8	73000	*
D	2331	2	*	*	*	*	99.6	72820	*
D	2345	2	*	*	*	*	98.4	68753	*
D	2352	5	*	*	*	*	97.6	64384	*
D	2364	2	*	*	*	*	96.4	58618	*
D	2406	2	*	*	*	*	93.6	40104	*
D	2416	2	*	*	*	*	98.4	33768	*
D	2420	2	*	*	*	*	95.2	31319	*
D	2446	2	*	*	*	*	98.8	17434	*
D	2451	2	*	*	*	*	93.6	16144	*
D	2460	2	*	*	*	*	97.2	15785	*
D	2468	3	*	*	*	*	93.8	14615	*
D	2470	2	*	*	*	*	98.0	14592	*
D	2472	2	*	*	*	*	99.2	14500	*
D	2476	2	*	*	*	*	92.8	14348	*
D	2478	2	*	*	*	*	96.4	14302	*
D	2493	2	*	*	*	*	98.8	13728	*
D	2497	2	*	*	*	*	98.0	13469	*
D	2499	2	*	*	*	*	96.4	13226	*
D	2500	2	*	*	*	*	96.4	12993	*
D	2536	2	*	*	*	*	96.8	10298	*
D	2545	2	*	*	*	*	99.6	9511	*
D	2551	3	*	*	*	*	97.6	9252	*
D	2563	3	*	*	*	*	96.4	8107	*
D	2565	2	*	*	*	*	97.6	8091	*
D	2567	2	*	*	*	*	95.2	8010	*
D	2581	2	*	*	*	*	91.2	7346	*
D	2585	2	*	*	*	*	93.6	6648	*
D	2597	2	*	*	*	*	95.2	5583	*
D	2601	2	*	*	*	*	95.6	5263	*
D	2671	2	*	*	*	*	98.8	1136676	*
D	2674	2	*	*	*	*	92.8	1128670	*
D	2676	2	*	*	*	*	98.4	961678	*
D	2706	2	*	*	*	*	96.0	643716	*
D	2718	2	*	*	*	*	96.0	1129305	*
D	2744	2	*	*	*	*	99.6	1143460	*
D	2747	4	*	*	*	*	92.8	1730876	*
D	2776	2	*	*	*	*	98.8	805980	*
D	2792	2	*	*	*	*	94.4	1129461	*
D	2809	2	*	*	*	*	94.4	1124808	*
D	2810	2	*	*	*	*	90.4	1136078	*
D	2813	2	*	*	*	*	95.6	1842075	*
D	2819	2	*	*	*	*	96.4	709363	*
D	2838	2	*	*	*	*	89.2	1892252	*
D	2840	2	*	*	*	*	95.6	1138883	*
D	2855	4	*	*	*	*	96.4	681590	*
D	2856	2	*	*	*	*	93.6	1130328	*
D	2861	2	*	*	*	*	96.0	791732	*
D	2869	2	*	*	*	*	96.4	1125228	*
D	2911	2	*	*	*	*	89.2	782289	*
D	2943	2	*	*	*	*	97.6	838434	*
D	2947	4	*	*	*	*	98.7	2106896	*
D	2988	2	*	*	*	*	94.8	1121753	*
D	3012	3	*	*	*	*	97.8	809272	*
D	3055	2	*	*	*	*	96.0	1129898	*
D	3059	2	*	*	*	*	95.6	1114718	*
D	3062	2	*	*	*	*	98.8	1108701	*
D	3067	2	*	*	*	*	97.2	1140286	*
D	3089	2	*	*	*	*	98.4	1138255	*
D	3100	2	*	*	*	*	84.4	2431916	*
D	3105	2	*	*	*	*	90.4	804160	*
D	3118	3	*	*	*	*	97.6	851932	*
D	3124	2	*	*	*	*	95.6	2494383	*
D	3139	2	*	*	*	*	99.6	816529	*
D	3140	2	*	*	*	*	94.0	2529285	*
D	3185	2	*	*	*	*	92.0	1144898	*
D	3209	2	*	*	*	*	100.0	1115889	*
D	3210	2	*	*	*	*	97.6	1110313	*
D	3222	2	*	*	*	*	94.4	1141541	*
D	3234	2	*	*	*	*	97.6	1142756	*
D	3259	2	*	*	*	*	98.0	919466	*
D	3268	2	*	*	*	*	98.4	2785334	*
D	3281	2	*	*	*	*	98.8	752554	*
D	3287	2	*	*	*	*	90.8	812557	*
D	3288	3	*	*	*	*	97.2	826144	*
D	3305	3	*	*	*	*	87.2	2903258	*
D	3311	2	*	*	*	*	98.0	2922812	*
D	3320	2	*	*	*	*	92.0	1123147	*
D	3326	3	*	*	*	*	96.2	1131355	*
D	3329	3	*	*	*	*	96.0	1139660	*
D	3339	2	*	*	*	*	96.0	811179	*
D	3341	3	*	*	*	*	98.0	1072784	*
D	3343	2	*	*	*	*	92.0	3015662	*
D	3357	2	*	*	*	*	96.0	1137185	*
D	3400	2	*	*	*	*	97.2	3172850	*
D	3408	2	*	*	*	*	98.8	1129841	*
D	3417	2	*	*	*	*	96.0	3200278	*
D	3443	2	*	*	*	*	98.0	643438	*
D	3453	2	*	*	*	*	98.4	3271868	*
D	3470	2	*	*	*	*	99.6	1122610	*
D	3479	2	*	*	*	*	92.0	911243	*
D	3487	2	*	*	*	*	96.8	1131220	*
D	3511	2	*	*	*	*	99.2	790610	*
D	3528	2	*	*	*	*	98.4	1140356	*
D	3549	5	*	*	*	*	95.9	806221	*
D	3602	2	*	*	*	*	95.6	1143368	*
D	3606	2	*	*	*	*	92.4	3587343	*
D	3640	2	*	*	*	*	96.0	1136710	*
D	3669	3	*	*	*	*	96.6	1111998	*
D	3682	2	*	*	*	*	95.2	3755054	*
D	3683	2	*	*	*	*	92.4	1142026	*
D	3731	2	*	*	*	*	97.2	830475	*
D	3745	2	*	*	*	*	84.8	791348	*
D	3749	3	*	*	*	*	95.2	1135136	*
D	3767	3	*	*	*	*	96.6	784643	*
D	3785	3	*	*	*	*	99.2	4041568	*
D	3792	2	*	*	*	*	96.0	1106060	*
D	3808	2	*	*	*	*	97.6	1143479	*
D	3809	2	*	*	*	*	91.2	836917	*
D	3838	2	*	*	*	*	97.6	676511	*
D	3841	2	*	*	*	*	93.2	4151747	*
D	3842	3	*	*	*	*	93.6	4151783	*
D	3844	2	*	*	*	*	99.2	4154525	*
D	3845	2	*	*	*	*	99.6	1123994	*
D	3882	2	*	*	*	*	98.4	1141542	*
D	3902	2	*	*	*	*	95.2	818516	*
D	3972	2	*	*	*	*	98.4	4307258	*
D	3983	2	*	*	*	*	98.8	4309708	*
D	3985	2	*	*	*	*	99.2	4310208	*
D	3995	2	*	*	*	*	98.0	4312974	*
D	4003	2	*	*	*	*	95.2	4315215	*
D	4010	2	*	*	*	*	96.0	4317520	*
D	4013	4	*	*	*	*	98.0	4318122	*
D	4042	3	*	*	*	*	98.6	4323871	*
D	4047	2	*	*	*	*	97.6	4324649	*
D	4074	2	*	*	*	*	98.4	4331684	*
D	4081	2	*	*	*	*	99.6	4333556	*
D	4094	2	*	*	*	*	98.4	4336101	*
D	4100	2	*	*	*	*	99.2	4337455	*
D	4117	2	*	*	*	*	98.4	4342039	*
D	4125	2	*	*	*	*	96.0	4344207	*
D	4132	2	*	*	*	*	95.2	4345313	*
D	4163	2	*	*	*	*	96.8	4351033	*
D	4165	2	*	*	*	*	87.6	4351400	*
D	4176	2	*	*	*	*	89.6	4353119	*
D	4191	2	*	*	*	*	94.0	4355718	*
D	4209	2	*	*	*	*	99.6	4360273	*
D	4218	2	*	*	*	*	93.2	4362465	*
D	4224	3	*	*	*	*	98.8	4364469	*
D	4226	2	*	*	*	*	97.2	4365006	*
D	4227	2	*	*	*	*	91.2	4365130	*
D	4245	2	*	*	*	*	99.6	4367385	*
D	4246	2	*	*	*	*	95.2	4368040	*
D	4258	2	*	*	*	*	92.8	4370479	*
D	4264	2	*	*	*	*	99.2	4371645	*
D	4299	2	*	*	*	*	99.2	4377697	*
D	4306	2	*	*	*	*	98.8	4379449	*
D	4307	5	*	*	*	*	97.6	4379731	*
D	4310	2	*	*	*	*	96.8	4380413	*
D	4331	2	*	*	*	*	98.0	4385067	*
D	4349	2	*	*	*	*	94.8	4388908	*
D	4365	2	*	*	*	*	94.0	4391641	*
D	4380	2	*	*	*	*	95.2	4394966	*
D	4395	2	*	*	*	*	92.0	4397087	*
D	4407	2	*	*	*	*	96.4	4401868	*
D	4411	4	*	*	*	*	92.9	4402960	*
D	4415	2	*	*	*	*	95.2	4403441	*
D	4422	2	*	*	*	*	98.0	4404224	*
D	4428	2	*	*	*	*	97.6	4406393	*
D	4492	2	*	*	*	*	88.0	4419428	*
D	4509	2	*	*	*	*	94.4	4423885	*
D	4529	2	*	*	*	*	96.4	4427434	*
D	4539	2	*	*	*	*	98.4	4430475	*
D	4549	2	*	*	*	*	100.0	4431959	*
D	4565	2	*	*	*	*	98.0	4435422	*
D	4570	2	*	*	*	*	94.4	4435984	*
D	4596	2	*	*	*	*	96.8	4443004	*
D	4615	2	*	*	*	*	96.8	4449456	*
D	4647	4	*	*	*	*	97.2	4455242	*
D	4654	2	*	*	*	*	97.2	4456166	*
D	4669	2	*	*	*	*	94.4	4458713	*
D	4705	2	*	*	*	*	95.6	4465498	*
D	4714	2	*	*	*	*	84.8	4466884	*
D	4719	2	*	*	*	*	84.4	4467220	*
D	4730	2	*	*	*	*	94.0	4469214	*
D	4731	2	*	*	*	*	95.6	4469481	*
D	4797	2	*	*	*	*	95.6	4482366	*
D	4812	2	*	*	*	*	93.6	777733	*
D	4815	2	*	*	*	*	94.8	714724	*
D	4829	2	*	*	*	*	96.4	548723	*
D	4860	2	*	*	*	*	96.0	101553	*
D	4865	2	*	*	*	*	91.2	47968	*
D	4868	2	*	*	*	*	98.0	43283	*
D	4888	2	*	*	*	*	95.2	1128360	*
D	4892	2	*	*	*	*	99.6	1132808	*
D	4896	3	*	*	*	*	97.2	1135040	*
D	4907	2	*	*	*	*	90.0	813104	*
D	4913	2	*	*	*	*	96.4	1136152	*
D	4927	2	*	*	*	*	96.4	4307029	*
D	4932	2	*	*	*	*	99.6	4338133	*
D	4933	2	*	*	*	*	92.8	4338137	*
D	4947	2	*	*	*	*	94.4	4437047	*
D	4953	2	*	*	*	*	90.4	4463937	*
