UclustConsensusTaxonAssigner parameters:
id_to_taxonomy_filepath:/Users/nbokulich/Desktop/ref_dbs/gg_13_8_otus/taxonomy/99_otu_taxonomy.txt
id_to_taxonomy_fp:/Users/nbokulich/Desktop/ref_dbs/gg_13_8_otus/taxonomy/99_otu_taxonomy.txt
max_accepts:3
min_consensus_fraction:0.76
reference_sequences_fp:/Users/nbokulich/Desktop/ref_dbs/gg_13_8_otus/rep_set/99_otus/dna-sequences.fasta
similarity:0.97
unassignable_label:Unassigned
Result path: /var/folders/0t/l1dz88p50y91vx_22fx5w3780000gn/T/assign-tax6XEXRY

.uc file contents:

# uclust --input /Users/nbokulich/Desktop/projects/short-read-tax-assignment/data/mock-community/mock-1/rep_seqs.fna --id 0.97 --rev --maxaccepts 3 --allhits --libonly --lib /Users/nbokulich/Desktop/ref_dbs/gg_13_8_otus/rep_set/99_otus/dna-sequences.fasta --uc /var/folders/0t/l1dz88p50y91vx_22fx5w3780000gn/T/UclustConsensusTaxonAssigner_VN3FcN.uc
# version=1.2.22
# Tab-separated fields:
# 1=Type, 2=ClusterNr, 3=SeqLength or ClusterSize, 4=PctId, 5=Strand, 6=QueryStart, 7=SeedStart, 8=Alignment, 9=QueryLabel, 10=TargetLabel
# Record types (field 1): L=LibSeed, S=NewSeed, H=Hit, R=Reject, D=LibCluster, C=NewCluster, N=NoHit
# For C and D types, PctId is average id with seed.
# QueryStart and SeedStart are zero-based relative to start of sequence.
# If minus strand, SeedStart is relative to reverse-complemented seed.
L	149280	250	*	*	*	*	*	3649784	*
H	149280	100	99.0	+	0	0	D99M151I	ae3fd1a9083ed263b3d55bf6c6572a66	3649784
L	141769	250	*	*	*	*	*	3196066	*
H	141769	100	99.0	+	0	0	D99M151I	ae3fd1a9083ed263b3d55bf6c6572a66	3196066
L	83613	250	*	*	*	*	*	190568	*
H	83613	100	99.0	+	0	0	D99M151I	ae3fd1a9083ed263b3d55bf6c6572a66	190568
L	176901	250	*	*	*	*	*	4377813	*
H	176901	100	99.0	+	0	0	D99M151I	cf1b2275183b5e241f602660c32084a0	4377813
L	10172	250	*	*	*	*	*	817146	*
H	10172	100	99.0	+	0	0	D99M151I	cf1b2275183b5e241f602660c32084a0	817146
L	96310	250	*	*	*	*	*	142448	*
H	96310	100	97.0	+	0	0	D99M151I	cf1b2275183b5e241f602660c32084a0	142448
L	83453	250	*	*	*	*	*	191036	*
H	83453	100	99.0	+	0	0	D99M151I	e3338a6d212a227ebed5fef419540db4	191036
L	84333	250	*	*	*	*	*	188407	*
H	84333	100	99.0	+	0	0	D99M151I	e3338a6d212a227ebed5fef419540db4	188407
L	84322	250	*	*	*	*	*	188442	*
H	84322	100	99.0	+	0	0	D99M151I	e3338a6d212a227ebed5fef419540db4	188442
L	42428	250	*	*	*	*	*	365364	*
H	42428	100	99.0	+	0	0	D99M151I	3a4ad16e672a171006b1d474099b55af	365364
L	41797	250	*	*	*	*	*	368477	*
H	41797	100	98.0	+	0	0	D99M151I	3a4ad16e672a171006b1d474099b55af	368477
L	41549	250	*	*	*	*	*	369770	*
H	41549	100	98.0	+	0	0	D99M151I	3a4ad16e672a171006b1d474099b55af	369770
L	87196	250	*	*	*	*	*	179665	*
H	87196	100	99.0	+	0	0	D99M151I	9380cc18a1a5bc2912b765c5d9217228	179665
L	42009	250	*	*	*	*	*	367457	*
H	42009	100	99.0	+	0	0	D99M151I	9380cc18a1a5bc2912b765c5d9217228	367457
L	87470	250	*	*	*	*	*	178873	*
H	87470	100	99.0	+	0	0	D99M151I	9380cc18a1a5bc2912b765c5d9217228	178873
L	123360	250	*	*	*	*	*	652471	*
H	123360	100	99.0	+	0	0	D99M151I	eb8cc7bdabeb5e7dd1ed8af57f5b0daf	652471
L	38156	250	*	*	*	*	*	509630	*
H	38156	100	99.0	+	0	0	D99M151I	eb8cc7bdabeb5e7dd1ed8af57f5b0daf	509630
L	15886	250	*	*	*	*	*	646253	*
H	15886	100	99.0	+	0	0	D99M151I	eb8cc7bdabeb5e7dd1ed8af57f5b0daf	646253
L	47030	250	*	*	*	*	*	344683	*
H	47030	100	97.0	+	0	0	D99M151I	f402191c9af7a947b43e1b00c61020bf	344683
L	46762	250	*	*	*	*	*	345838	*
H	46762	100	99.0	+	0	0	D99M151I	f402191c9af7a947b43e1b00c61020bf	345838
L	46697	250	*	*	*	*	*	346127	*
H	46697	100	99.0	+	0	0	D99M151I	f402191c9af7a947b43e1b00c61020bf	346127
L	151774	250	*	*	*	*	*	3799784	*
H	151774	100	100.0	+	0	0	100M150I	94ae91ae3283572954655746fb032acf	3799784
L	117666	250	*	*	*	*	*	1792161	*
H	117666	100	100.0	+	0	0	109I100M41I	94ae91ae3283572954655746fb032acf	1792161
L	137038	250	*	*	*	*	*	2916558	*
H	137038	100	99.0	+	0	0	D99M151I	94ae91ae3283572954655746fb032acf	2916558
L	77802	250	*	*	*	*	*	216933	*
H	77802	100	99.0	+	0	0	D99M151I	e982d34d5ab0e281529b2e6c3cc05a9a	216933
L	78119	250	*	*	*	*	*	214919	*
H	78119	100	99.0	+	0	0	D99M151I	e982d34d5ab0e281529b2e6c3cc05a9a	214919
L	103106	250	*	*	*	*	*	101022	*
H	103106	100	99.0	+	0	0	D99M151I	e982d34d5ab0e281529b2e6c3cc05a9a	101022
L	11986	250	*	*	*	*	*	788593	*
H	11986	100	99.0	+	0	0	D99M151I	c555555429c1755561922342687d5c38	788593
L	189530	250	*	*	*	*	*	4441228	*
H	189530	100	99.0	+	0	0	D99M151I	c555555429c1755561922342687d5c38	4441228
L	26367	250	*	*	*	*	*	558081	*
H	26367	100	99.0	+	0	0	D99M151I	c555555429c1755561922342687d5c38	558081
L	49991	250	*	*	*	*	*	332732	*
H	49991	100	99.0	+	0	0	D99M151I	a00b9c018f69cc6cd04f5cefe2fd597f	332732
L	53203	250	*	*	*	*	*	319621	*
H	53203	100	99.0	+	0	0	D99M151I	a00b9c018f69cc6cd04f5cefe2fd597f	319621
L	163920	250	*	*	*	*	*	4312024	*
H	163920	100	99.0	+	0	0	D99M151I	a00b9c018f69cc6cd04f5cefe2fd597f	4312024
L	138377	250	*	*	*	*	*	2990918	*
H	138377	100	99.0	+	0	0	D99M151I	764da292321733abac7b8cb8a3edbf9d	2990918
L	50791	250	*	*	*	*	*	329414	*
H	50791	100	99.0	+	0	0	D99M151I	764da292321733abac7b8cb8a3edbf9d	329414
L	50730	250	*	*	*	*	*	329688	*
H	50730	100	99.0	+	0	0	D99M151I	764da292321733abac7b8cb8a3edbf9d	329688
L	86043	250	*	*	*	*	*	183244	*
H	86043	100	99.0	+	0	0	D99M151I	401393ccc59ff136f641aa1446a546c1	183244
L	83717	250	*	*	*	*	*	190262	*
H	83717	100	99.0	+	0	0	D99M151I	401393ccc59ff136f641aa1446a546c1	190262
L	26830	250	*	*	*	*	*	556169	*
H	26830	100	99.0	+	0	0	D99M151I	401393ccc59ff136f641aa1446a546c1	556169
L	38765	250	*	*	*	*	*	486580	*
H	38765	100	99.0	+	0	0	D99M151I	d576931ccf5a703f450ace9f143ee8b4	486580
L	38764	250	*	*	*	*	*	486919	*
H	38764	100	99.0	+	0	0	D99M151I	d576931ccf5a703f450ace9f143ee8b4	486919
L	2741	250	*	*	*	*	*	1041552	*
H	2741	100	99.0	+	0	0	D99M151I	d576931ccf5a703f450ace9f143ee8b4	1041552
L	92124	250	*	*	*	*	*	159299	*
H	92124	100	99.0	+	0	0	D99M151I	e20a0f57b52073ee1b6521dba38cefdc	159299
L	65486	250	*	*	*	*	*	269392	*
H	65486	100	99.0	+	0	0	D99M151I	e20a0f57b52073ee1b6521dba38cefdc	269392
L	94849	250	*	*	*	*	*	148045	*
H	94849	100	99.0	+	0	0	D99M151I	e20a0f57b52073ee1b6521dba38cefdc	148045
L	150272	250	*	*	*	*	*	3713346	*
H	150272	100	100.0	+	0	0	100M150I	9fb362cee1a00312771d8e424f194e84	3713346
L	29617	250	*	*	*	*	*	544573	*
H	29617	100	99.0	+	0	0	D99M151I	9fb362cee1a00312771d8e424f194e84	544573
L	83099	250	*	*	*	*	*	192055	*
H	83099	100	99.0	+	0	0	D99M151I	9fb362cee1a00312771d8e424f194e84	192055
N	*	100	*	*	*	*	*	df5654cd5f1d6c8a8cb0fcea7633f1dc	*
L	155842	250	*	*	*	*	*	851717	*
H	155842	100	99.0	+	0	0	D99M151I	d4150f79c5a50bf146ec8e92b2847e29	851717
L	43761	250	*	*	*	*	*	358647	*
H	43761	100	98.0	+	0	0	D99M151I	d4150f79c5a50bf146ec8e92b2847e29	358647
L	176787	250	*	*	*	*	*	4377301	*
H	176787	100	98.0	+	0	0	D99M151I	d4150f79c5a50bf146ec8e92b2847e29	4377301
L	140265	250	*	*	*	*	*	3110775	*
H	140265	100	99.0	+	0	0	D99M151I	71e83b88aa4df1b015781696b2dd31ce	3110775
L	42543	250	*	*	*	*	*	364792	*
H	42543	100	99.0	+	0	0	D99M151I	71e83b88aa4df1b015781696b2dd31ce	364792
L	61019	250	*	*	*	*	*	289725	*
H	61019	100	98.0	+	0	0	D99M151I	71e83b88aa4df1b015781696b2dd31ce	289725
L	81746	250	*	*	*	*	*	195999	*
H	81746	100	99.0	+	0	0	D99M151I	a9a1c30204696db9c655c27f3f38eaf8	195999
L	87087	250	*	*	*	*	*	180049	*
H	87087	100	99.0	+	0	0	D99M151I	a9a1c30204696db9c655c27f3f38eaf8	180049
L	82065	250	*	*	*	*	*	195100	*
H	82065	100	99.0	+	0	0	D99M151I	a9a1c30204696db9c655c27f3f38eaf8	195100
L	145415	250	*	*	*	*	*	3413566	*
H	145415	100	100.0	+	0	0	24MI15MI61M148I	f20fb2f66a531022cb4081008570e517	3413566
L	146762	250	*	*	*	*	*	3493363	*
H	146762	100	99.0	+	0	0	D99M151I	f20fb2f66a531022cb4081008570e517	3493363
L	134046	250	*	*	*	*	*	2740624	*
H	134046	100	99.0	+	0	0	D99M151I	f20fb2f66a531022cb4081008570e517	2740624
L	129992	250	*	*	*	*	*	2506490	*
H	129992	100	99.0	+	0	0	D99M151I	c21b2df50ac1a409561531a73d61bb28	2506490
L	192909	250	*	*	*	*	*	4458634	*
H	192909	100	99.0	+	0	0	D99M151I	c21b2df50ac1a409561531a73d61bb28	4458634
L	7940	250	*	*	*	*	*	845454	*
H	7940	100	99.0	+	0	0	D99M151I	c21b2df50ac1a409561531a73d61bb28	845454
L	177511	250	*	*	*	*	*	4380803	*
H	177511	100	99.0	+	0	0	D99M151I	47fd2931d25caf868858c1499f8cb590	4380803
L	166923	250	*	*	*	*	*	4326488	*
H	166923	100	99.0	+	0	0	D99M151I	47fd2931d25caf868858c1499f8cb590	4326488
L	24558	250	*	*	*	*	*	565537	*
H	24558	100	99.0	+	0	0	D99M151I	47fd2931d25caf868858c1499f8cb590	565537
L	83652	250	*	*	*	*	*	190470	*
H	83652	100	99.0	+	0	0	D99M151I	672d66003027cc8866b20555b9a9bc08	190470
L	35849	250	*	*	*	*	*	518389	*
H	35849	100	99.0	+	0	0	D99M151I	672d66003027cc8866b20555b9a9bc08	518389
L	35929	250	*	*	*	*	*	518016	*
H	35929	100	99.0	+	0	0	D99M151I	672d66003027cc8866b20555b9a9bc08	518016
L	138180	250	*	*	*	*	*	2979308	*
H	138180	100	99.0	+	0	0	D99M151I	33cb5642b8acbab338bad1511d361531	2979308
L	146814	250	*	*	*	*	*	851804	*
H	146814	100	99.0	+	0	0	D99M151I	33cb5642b8acbab338bad1511d361531	851804
L	191684	250	*	*	*	*	*	4452649	*
H	191684	100	98.0	+	0	0	D99M151I	33cb5642b8acbab338bad1511d361531	4452649
L	43341	250	*	*	*	*	*	360861	*
H	43341	100	99.0	+	0	0	D99M151I	fbbc2e6803c8d581b22c44868563cd3e	360861
L	133507	250	*	*	*	*	*	2713718	*
H	133507	100	99.0	+	0	0	D99M151I	fbbc2e6803c8d581b22c44868563cd3e	2713718
L	99283	250	*	*	*	*	*	120281	*
H	99283	100	99.0	+	0	0	D99M151I	fbbc2e6803c8d581b22c44868563cd3e	120281
L	38058	250	*	*	*	*	*	509930	*
H	38058	100	99.0	+	0	0	D99M151I	f63549d0f538e5099f5751042f11ee59	509930
L	83552	250	*	*	*	*	*	190704	*
H	83552	100	99.0	+	0	0	D99M151I	f63549d0f538e5099f5751042f11ee59	190704
L	38813	250	*	*	*	*	*	471106	*
H	38813	100	99.0	+	0	0	D99M151I	f63549d0f538e5099f5751042f11ee59	471106
L	147436	250	*	*	*	*	*	3537197	*
H	147436	100	99.0	+	0	0	D99M151I	3db5bd5d40f91507d4ac0ec5af0aeedd	3537197
L	42551	250	*	*	*	*	*	364753	*
H	42551	100	99.0	+	0	0	D99M151I	3db5bd5d40f91507d4ac0ec5af0aeedd	364753
L	83149	250	*	*	*	*	*	191906	*
H	83149	100	99.0	+	0	0	D99M151I	3db5bd5d40f91507d4ac0ec5af0aeedd	191906
L	191338	250	*	*	*	*	*	4450771	*
H	191338	100	99.0	+	0	0	D99M151I	8d256a3f0213cdd567c7a44e149bddd3	4450771
L	141395	250	*	*	*	*	*	842594	*
H	141395	100	99.0	+	0	0	D99M151I	8d256a3f0213cdd567c7a44e149bddd3	842594
L	79202	250	*	*	*	*	*	208269	*
H	79202	100	99.0	+	0	0	D99M151I	8d256a3f0213cdd567c7a44e149bddd3	208269
L	30759	250	*	*	*	*	*	539854	*
H	30759	100	99.0	+	0	0	D99M151I	1ac3a5250619587bf49aa4c9ec992982	539854
L	170693	250	*	*	*	*	*	4345464	*
H	170693	100	99.0	+	0	0	D99M151I	1ac3a5250619587bf49aa4c9ec992982	4345464
L	16888	250	*	*	*	*	*	610462	*
H	16888	100	99.0	+	0	0	D99M151I	1ac3a5250619587bf49aa4c9ec992982	610462
L	82134	250	*	*	*	*	*	194898	*
H	82134	100	99.0	+	0	0	D99M151I	eb407ae7857218ca60b7dcbaedda798b	194898
L	43023	250	*	*	*	*	*	362418	*
H	43023	100	99.0	+	0	0	D99M151I	eb407ae7857218ca60b7dcbaedda798b	362418
L	82700	250	*	*	*	*	*	193235	*
H	82700	100	99.0	+	0	0	D99M151I	eb407ae7857218ca60b7dcbaedda798b	193235
L	38844	250	*	*	*	*	*	469852	*
H	38844	100	99.0	+	0	0	D99M151I	8d7906aaedba210b3557e46178edf7b6	469852
L	42420	250	*	*	*	*	*	365385	*
H	42420	100	99.0	+	0	0	D99M151I	8d7906aaedba210b3557e46178edf7b6	365385
L	3841	250	*	*	*	*	*	997439	*
H	3841	100	97.0	+	0	0	D99M151I	8d7906aaedba210b3557e46178edf7b6	997439
L	139092	250	*	*	*	*	*	1127578	*
H	139092	100	100.0	+	0	0	9I100M141I	17f6385198e1538440b2a7fa0958b634	1127578
L	153869	250	*	*	*	*	*	837228	*
H	153869	100	99.0	+	0	0	D99M151I	17f6385198e1538440b2a7fa0958b634	837228
L	142497	250	*	*	*	*	*	826042	*
H	142497	100	99.0	+	0	0	D99M151I	17f6385198e1538440b2a7fa0958b634	826042
L	158213	250	*	*	*	*	*	784256	*
H	158213	100	99.0	+	0	0	D99M151I	d8a04aca35be0550519f39d294a0cdd8	784256
L	87943	250	*	*	*	*	*	177454	*
H	87943	100	99.0	+	0	0	D99M151I	d8a04aca35be0550519f39d294a0cdd8	177454
L	185335	250	*	*	*	*	*	4420417	*
H	185335	100	99.0	+	0	0	D99M151I	d8a04aca35be0550519f39d294a0cdd8	4420417
L	84128	250	*	*	*	*	*	189061	*
H	84128	100	98.0	+	0	0	D99M151I	aa31d21b81190b84a66ad5932eaa4a7f	189061
L	84255	250	*	*	*	*	*	188676	*
H	84255	100	98.0	+	0	0	D99M151I	aa31d21b81190b84a66ad5932eaa4a7f	188676
L	84267	250	*	*	*	*	*	188646	*
H	84267	100	98.0	+	0	0	D99M151I	aa31d21b81190b84a66ad5932eaa4a7f	188646
L	171311	250	*	*	*	*	*	4348872	*
H	171311	100	99.0	+	0	0	D99M151I	6f9a9f1f27d3c30308561e7a660dcb3a	4348872
L	7736	250	*	*	*	*	*	851323	*
H	7736	100	99.0	+	0	0	D99M151I	6f9a9f1f27d3c30308561e7a660dcb3a	851323
L	141309	250	*	*	*	*	*	3168538	*
H	141309	100	99.0	+	0	0	D99M151I	6f9a9f1f27d3c30308561e7a660dcb3a	3168538
L	56355	250	*	*	*	*	*	306582	*
H	56355	100	100.0	+	0	0	100M150I	d58a391c4e4ac94d240def236096bd84	306582
L	57164	250	*	*	*	*	*	303194	*
H	57164	100	99.0	+	0	0	D99M151I	d58a391c4e4ac94d240def236096bd84	303194
L	129197	250	*	*	*	*	*	2458759	*
H	129197	100	99.0	+	0	0	D99M151I	d58a391c4e4ac94d240def236096bd84	2458759
L	8141	250	*	*	*	*	*	839972	*
H	8141	100	99.0	+	0	0	D99M151I	30e570d4cfd1ff589e3013b60a2ad35a	839972
L	34425	250	*	*	*	*	*	524619	*
H	34425	100	99.0	+	0	0	D99M151I	30e570d4cfd1ff589e3013b60a2ad35a	524619
L	35366	250	*	*	*	*	*	520595	*
H	35366	100	99.0	+	0	0	D99M151I	30e570d4cfd1ff589e3013b60a2ad35a	520595
L	42646	250	*	*	*	*	*	364179	*
H	42646	100	99.0	+	0	0	D99M151I	1d283e3dc7097f1a592fd8dabb780465	364179
L	81418	250	*	*	*	*	*	197052	*
H	81418	100	98.0	+	0	0	D99M151I	1d283e3dc7097f1a592fd8dabb780465	197052
L	30942	250	*	*	*	*	*	539126	*
H	30942	100	99.0	+	0	0	D99M151I	1d283e3dc7097f1a592fd8dabb780465	539126
L	50127	250	*	*	*	*	*	332163	*
H	50127	100	98.0	+	0	0	D99M151I	b14250b2bbb639ed0b6e0b390f7a88e1	332163
L	55685	250	*	*	*	*	*	309433	*
H	55685	100	98.0	+	0	0	D99M151I	b14250b2bbb639ed0b6e0b390f7a88e1	309433
L	77034	250	*	*	*	*	*	220490	*
H	77034	100	98.0	+	0	0	D99M151I	b14250b2bbb639ed0b6e0b390f7a88e1	220490
L	54724	250	*	*	*	*	*	313166	*
H	54724	100	99.0	+	0	0	D99M151I	31f836306dcdc796651d1da148f32114	313166
L	176947	250	*	*	*	*	*	4378081	*
H	176947	100	99.0	+	0	0	D99M151I	31f836306dcdc796651d1da148f32114	4378081
L	84648	250	*	*	*	*	*	187477	*
H	84648	100	98.0	+	0	0	D99M151I	31f836306dcdc796651d1da148f32114	187477
L	127981	250	*	*	*	*	*	2388617	*
H	127981	100	99.0	+	0	0	D99M151I	0dba84d8f8e46d4836265d85320c2804	2388617
L	184864	250	*	*	*	*	*	4418224	*
H	184864	100	99.0	+	0	0	D99M151I	0dba84d8f8e46d4836265d85320c2804	4418224
L	184088	250	*	*	*	*	*	4414420	*
H	184088	100	99.0	+	0	0	D99M151I	0dba84d8f8e46d4836265d85320c2804	4414420
L	149856	250	*	*	*	*	*	3691146	*
H	149856	100	99.0	+	0	0	D99M151I	f7a26c1dd9c8372f6b82b00611d085b8	3691146
L	190619	250	*	*	*	*	*	4446961	*
H	190619	100	99.0	+	0	0	D99M151I	f7a26c1dd9c8372f6b82b00611d085b8	4446961
L	148443	250	*	*	*	*	*	3598692	*
H	148443	100	99.0	+	0	0	D99M151I	f7a26c1dd9c8372f6b82b00611d085b8	3598692
L	103028	250	*	*	*	*	*	101308	*
H	103028	100	99.0	+	0	0	D99M151I	acde4cd386fe3243b74078f76c0538ba	101308
L	176224	250	*	*	*	*	*	4374247	*
H	176224	100	99.0	+	0	0	D99M151I	acde4cd386fe3243b74078f76c0538ba	4374247
L	14499	250	*	*	*	*	*	696259	*
H	14499	100	99.0	+	0	0	D99M151I	acde4cd386fe3243b74078f76c0538ba	696259
L	123679	250	*	*	*	*	*	2136916	*
H	123679	100	99.0	+	0	0	D99M151I	79116b416c8dc7bdc72c68ae05a06b0b	2136916
L	113446	250	*	*	*	*	*	1551624	*
H	113446	100	99.0	+	0	0	D99M151I	99feb49cf28693fe421407313356b628	1551624
L	114757	250	*	*	*	*	*	1632200	*
H	114757	100	99.0	+	0	0	D99M151I	99feb49cf28693fe421407313356b628	1632200
L	109690	250	*	*	*	*	*	16146	*
H	109690	100	99.0	+	0	0	D99M151I	99feb49cf28693fe421407313356b628	16146
L	41575	250	*	*	*	*	*	369652	*
H	41575	100	99.0	+	0	0	D99M151I	6c469cae2fc79fc2152d4091a9724849	369652
H	50127	100	99.0	+	0	0	D99M151I	6c469cae2fc79fc2152d4091a9724849	332163
L	87766	250	*	*	*	*	*	177987	*
H	87766	100	99.0	+	0	0	D99M151I	6c469cae2fc79fc2152d4091a9724849	177987
L	167960	250	*	*	*	*	*	4331760	*
H	167960	100	99.0	+	0	0	D99M151I	ccab85ff5cd8c004b61dd0700ffae1c5	4331760
L	82883	250	*	*	*	*	*	192680	*
H	82883	100	99.0	+	0	0	D99M151I	3f3bff5295b6bb9f06c10b47eac13335	192680
L	193759	250	*	*	*	*	*	4463108	*
H	193759	100	99.0	+	0	0	D99M151I	3f3bff5295b6bb9f06c10b47eac13335	4463108
L	150205	250	*	*	*	*	*	1121530	*
H	150205	100	99.0	+	0	0	D99M151I	3f3bff5295b6bb9f06c10b47eac13335	1121530
L	66833	250	*	*	*	*	*	264713	*
H	66833	100	99.0	+	0	0	D92MI7M150I	ded73d99a8ef24dadc2e2ef82c6e41a9	264713
L	67161	250	*	*	*	*	*	263631	*
H	67161	100	99.0	+	0	0	D99M151I	ded73d99a8ef24dadc2e2ef82c6e41a9	263631
L	67825	250	*	*	*	*	*	261401	*
H	67825	100	99.0	+	0	0	D99M151I	ded73d99a8ef24dadc2e2ef82c6e41a9	261401
L	15314	250	*	*	*	*	*	666682	*
H	15314	100	99.0	+	0	0	D99M151I	5e6588f4e24d999e71ba87a60183ce62	666682
L	93490	250	*	*	*	*	*	153733	*
H	93490	100	99.0	+	0	0	D99M151I	5e6588f4e24d999e71ba87a60183ce62	153733
L	119586	250	*	*	*	*	*	801155	*
H	119586	100	99.0	+	0	0	D99M151I	5e6588f4e24d999e71ba87a60183ce62	801155
L	55034	250	*	*	*	*	*	311961	*
H	55034	100	99.0	+	0	0	D99M151I	a0d14fe04e3334b38f983e8c330d7e9e	311961
L	170034	250	*	*	*	*	*	4342104	*
H	170034	100	99.0	+	0	0	D99M151I	a0d14fe04e3334b38f983e8c330d7e9e	4342104
L	134186	250	*	*	*	*	*	2748888	*
H	134186	100	99.0	+	0	0	D99M151I	a0d14fe04e3334b38f983e8c330d7e9e	2748888
L	85069	250	*	*	*	*	*	186238	*
H	85069	100	99.0	+	0	0	D99M151I	1d111d0630895431a16f05812883224f	186238
L	85088	250	*	*	*	*	*	186174	*
H	85088	100	99.0	+	0	0	D99M151I	1d111d0630895431a16f05812883224f	186174
L	169921	250	*	*	*	*	*	4341537	*
H	169921	100	99.0	+	0	0	D99M151I	1d111d0630895431a16f05812883224f	4341537
L	85910	250	*	*	*	*	*	183646	*
H	85910	100	99.0	+	0	0	D99M151I	6b8891d5cff668485421026b6fa4bf7b	183646
L	144802	250	*	*	*	*	*	3376513	*
H	144802	100	99.0	+	0	0	D99M151I	6b8891d5cff668485421026b6fa4bf7b	3376513
L	144516	250	*	*	*	*	*	3359316	*
H	144516	100	99.0	+	0	0	D99M151I	6b8891d5cff668485421026b6fa4bf7b	3359316
L	26901	250	*	*	*	*	*	555915	*
H	26901	100	99.0	+	0	0	D99M151I	0ba7a8ff8e358537bf15c5633d3f48d9	555915
L	99520	250	*	*	*	*	*	114799	*
H	99520	100	99.0	+	0	0	D99M151I	0ba7a8ff8e358537bf15c5633d3f48d9	114799
L	130880	250	*	*	*	*	*	1110159	*
H	130880	100	99.0	+	0	0	D99M151I	0ba7a8ff8e358537bf15c5633d3f48d9	1110159
L	86723	250	*	*	*	*	*	181189	*
H	86723	100	99.0	+	0	0	D99M151I	0784f8383a88372c6c496ab5dc554064	181189
L	23230	250	*	*	*	*	*	571178	*
H	23230	100	99.0	+	0	0	D99M151I	0784f8383a88372c6c496ab5dc554064	571178
L	192186	250	*	*	*	*	*	4455153	*
H	192186	100	99.0	+	0	0	D99M151I	0784f8383a88372c6c496ab5dc554064	4455153
L	41742	250	*	*	*	*	*	368769	*
H	41742	100	99.0	+	0	0	D99M151I	e1422f9cbb27723f9b51e306eea4fa80	368769
L	152161	250	*	*	*	*	*	905672	*
H	152161	100	97.0	+	0	0	D99M151I	e1422f9cbb27723f9b51e306eea4fa80	905672
L	149076	250	*	*	*	*	*	984758	*
H	149076	100	97.0	+	0	0	D99M151I	e1422f9cbb27723f9b51e306eea4fa80	984758
L	186512	250	*	*	*	*	*	4426253	*
H	186512	100	99.0	+	0	0	D99M151I	7180d5481f0c1705a082248593f8cff2	4426253
L	170528	250	*	*	*	*	*	4344643	*
H	170528	100	99.0	+	0	0	D99M151I	7180d5481f0c1705a082248593f8cff2	4344643
L	79194	250	*	*	*	*	*	208298	*
H	79194	100	99.0	+	0	0	D99M151I	7180d5481f0c1705a082248593f8cff2	208298
L	81600	250	*	*	*	*	*	196488	*
H	81600	100	99.0	+	0	0	D99M151I	9d36bf52fd89c2ea09c7f8ad79c868ae	196488
L	81585	250	*	*	*	*	*	196536	*
H	81585	100	99.0	+	0	0	D99M151I	9d36bf52fd89c2ea09c7f8ad79c868ae	196536
L	81576	250	*	*	*	*	*	196569	*
H	81576	100	99.0	+	0	0	D99M151I	9d36bf52fd89c2ea09c7f8ad79c868ae	196569
L	195608	250	*	*	*	*	*	4472262	*
H	195608	100	99.0	+	0	0	D99M151I	c2df82b0dda444f77639a81c5adde8aa	4472262
L	170337	250	*	*	*	*	*	4343741	*
H	170337	100	99.0	+	0	0	D99M151I	c2df82b0dda444f77639a81c5adde8aa	4343741
L	159036	250	*	*	*	*	*	4232045	*
H	159036	100	99.0	+	0	0	D99M151I	c2df82b0dda444f77639a81c5adde8aa	4232045
D	2741	2	*	*	*	*	99.0	1041552	*
D	7940	2	*	*	*	*	99.0	845454	*
D	10172	2	*	*	*	*	99.0	817146	*
D	14499	2	*	*	*	*	99.0	696259	*
D	15886	2	*	*	*	*	99.0	646253	*
D	16888	2	*	*	*	*	99.0	610462	*
D	24558	2	*	*	*	*	99.0	565537	*
D	26367	2	*	*	*	*	99.0	558081	*
D	26830	2	*	*	*	*	99.0	556169	*
D	30942	2	*	*	*	*	99.0	539126	*
D	35366	2	*	*	*	*	99.0	520595	*
D	35929	2	*	*	*	*	99.0	518016	*
D	38813	2	*	*	*	*	99.0	471106	*
D	41742	2	*	*	*	*	99.0	368769	*
D	42420	2	*	*	*	*	99.0	365385	*
D	42428	2	*	*	*	*	99.0	365364	*
D	42543	2	*	*	*	*	99.0	364792	*
D	46697	2	*	*	*	*	99.0	346127	*
D	50730	2	*	*	*	*	99.0	329688	*
D	56355	2	*	*	*	*	100.0	306582	*
D	67825	2	*	*	*	*	99.0	261401	*
D	77034	2	*	*	*	*	98.0	220490	*
D	79194	2	*	*	*	*	99.0	208298	*
D	79202	2	*	*	*	*	99.0	208269	*
D	81576	2	*	*	*	*	99.0	196569	*
D	82065	2	*	*	*	*	99.0	195100	*
D	82700	2	*	*	*	*	99.0	193235	*
D	83149	2	*	*	*	*	99.0	191906	*
D	83613	2	*	*	*	*	99.0	190568	*
D	84267	2	*	*	*	*	98.0	188646	*
D	84322	2	*	*	*	*	99.0	188442	*
D	87470	2	*	*	*	*	99.0	178873	*
D	87766	2	*	*	*	*	99.0	177987	*
D	94849	2	*	*	*	*	99.0	148045	*
D	99283	2	*	*	*	*	99.0	120281	*
D	103106	2	*	*	*	*	99.0	101022	*
D	109690	2	*	*	*	*	99.0	16146	*
D	117666	2	*	*	*	*	100.0	1792161	*
D	119586	2	*	*	*	*	99.0	801155	*
D	123679	2	*	*	*	*	99.0	2136916	*
D	130880	2	*	*	*	*	99.0	1110159	*
D	134186	2	*	*	*	*	99.0	2748888	*
D	139092	2	*	*	*	*	100.0	1127578	*
D	141309	2	*	*	*	*	99.0	3168538	*
D	144516	2	*	*	*	*	99.0	3359316	*
D	145415	2	*	*	*	*	100.0	3413566	*
D	146814	2	*	*	*	*	99.0	851804	*
D	148443	2	*	*	*	*	99.0	3598692	*
D	150205	2	*	*	*	*	99.0	1121530	*
D	150272	2	*	*	*	*	100.0	3713346	*
D	155842	2	*	*	*	*	99.0	851717	*
D	159036	2	*	*	*	*	99.0	4232045	*
D	163920	2	*	*	*	*	99.0	4312024	*
D	167960	2	*	*	*	*	99.0	4331760	*
D	169921	2	*	*	*	*	99.0	4341537	*
D	176947	2	*	*	*	*	99.0	4378081	*
D	184088	2	*	*	*	*	99.0	4414420	*
D	185335	2	*	*	*	*	99.0	4420417	*
D	192186	2	*	*	*	*	99.0	4455153	*
