UclustConsensusTaxonAssigner parameters:
id_to_taxonomy_filepath:/Users/nbokulich/Desktop/ref_dbs/gg_13_8_otus/taxonomy/99_otu_taxonomy.txt
id_to_taxonomy_fp:/Users/nbokulich/Desktop/ref_dbs/gg_13_8_otus/taxonomy/99_otu_taxonomy.txt
max_accepts:1
min_consensus_fraction:0.51
reference_sequences_fp:/Users/nbokulich/Desktop/ref_dbs/gg_13_8_otus/rep_set/99_otus/dna-sequences.fasta
similarity:0.97
unassignable_label:Unassigned
Result path: /var/folders/0t/l1dz88p50y91vx_22fx5w3780000gn/T/assign-taxZwojSy

.uc file contents:

# uclust --input /Users/nbokulich/Desktop/projects/short-read-tax-assignment/data/mock-community/mock-7/rep_seqs.fna --id 0.97 --rev --maxaccepts 1 --allhits --libonly --lib /Users/nbokulich/Desktop/ref_dbs/gg_13_8_otus/rep_set/99_otus/dna-sequences.fasta --uc /var/folders/0t/l1dz88p50y91vx_22fx5w3780000gn/T/UclustConsensusTaxonAssigner_tXyPWL.uc
# version=1.2.22
# Tab-separated fields:
# 1=Type, 2=ClusterNr, 3=SeqLength or ClusterSize, 4=PctId, 5=Strand, 6=QueryStart, 7=SeedStart, 8=Alignment, 9=QueryLabel, 10=TargetLabel
# Record types (field 1): L=LibSeed, S=NewSeed, H=Hit, R=Reject, D=LibCluster, C=NewCluster, N=NoHit
# For C and D types, PctId is average id with seed.
# QueryStart and SeedStart are zero-based relative to start of sequence.
# If minus strand, SeedStart is relative to reverse-complemented seed.
L	47739	250	*	*	*	*	*	341820	*
H	47739	90	100.0	+	0	0	90M160I	0d9663954f9de19b601267102c3edaf6	341820
L	47480	250	*	*	*	*	*	342844	*
H	47480	90	100.0	+	0	0	90M160I	9c24c15f065e034aa3dfa819c53bb31f	342844
L	126306	250	*	*	*	*	*	2286318	*
H	126306	90	100.0	+	0	0	90M160I	1cf0c22af1c05c39442dfd5e4bc355bc	2286318
L	85438	250	*	*	*	*	*	185159	*
H	85438	90	100.0	+	0	0	90M160I	83a14d097b9af6b1daa5e9b934a69596	185159
L	45238	250	*	*	*	*	*	351952	*
H	45238	90	100.0	+	0	0	90M160I	68c72ec9287edc152ba5ba5793a57404	351952
L	46826	250	*	*	*	*	*	345548	*
H	46826	90	100.0	+	0	0	90M160I	af05ef082d252b58eff8a73fea334359	345548
L	50635	250	*	*	*	*	*	330084	*
H	50635	90	100.0	+	0	0	90M160I	9e776521964339e46e1fa2afe47dab4c	330084
L	87943	250	*	*	*	*	*	177454	*
H	87943	90	100.0	+	0	0	90M160I	ed0eb8c99326e0ec472d19a1fea46d20	177454
L	174545	250	*	*	*	*	*	4365753	*
H	174545	90	100.0	+	0	0	90M160I	bb61e102b80728dc065059f3446fbd14	4365753
L	89262	250	*	*	*	*	*	173147	*
H	89262	90	100.0	+	0	0	90M160I	6523268c74ed886fa23059a1157cb6f3	173147
L	126352	250	*	*	*	*	*	2288536	*
H	126352	90	100.0	+	0	0	90M160I	3e46d8f9b676e115585aecb00562f7b2	2288536
L	147111	250	*	*	*	*	*	3515488	*
H	147111	90	100.0	+	0	0	90M160I	5d32ba90d9aa72951f9055e4988ce428	3515488
L	10459	250	*	*	*	*	*	814526	*
H	10459	90	100.0	+	0	0	90M160I	18bc76c2462dfa9b219cd400b3948212	814526
L	123136	250	*	*	*	*	*	846127	*
H	123136	90	100.0	+	0	0	90M160I	5ae672a053581f596e9ecfb039bd798b	846127
L	117312	250	*	*	*	*	*	1145008	*
H	117312	90	100.0	+	0	0	90M160I	12f40711f68989deb0c04655f374a98e	1145008
L	152776	250	*	*	*	*	*	851788	*
H	152776	90	100.0	+	0	0	90M160I	4250e7b051847a13d608ef81be69999a	851788
L	119209	250	*	*	*	*	*	1881907	*
H	119209	90	100.0	+	0	0	90M160I	f6e13f379ae8d56666d730b3954e251a	1881907
L	25651	250	*	*	*	*	*	561020	*
H	25651	90	100.0	+	0	0	90M160I	148744b83b8ca9df502e6ddbb9adc745	561020
L	29104	250	*	*	*	*	*	546765	*
H	29104	90	100.0	+	0	0	90M160I	97e6ccfd8b780926ede87c1dbfffe04e	546765
L	38839	250	*	*	*	*	*	470117	*
H	38839	90	100.0	+	0	0	90M160I	31bdb8e50a8f08708ef058cd931db758	470117
L	78978	250	*	*	*	*	*	209685	*
H	78978	90	100.0	+	0	0	90M160I	5d3c9dd98dab0b3cf71b4045f3cbe225	209685
L	60337	250	*	*	*	*	*	291973	*
H	60337	90	100.0	+	0	0	90M160I	b27f3746dc96409f8cf7ccb7110c6669	291973
L	38101	250	*	*	*	*	*	509805	*
H	38101	90	100.0	+	0	0	90M160I	27d715e6eab18de8ccdf27dca6dffc83	509805
L	180708	250	*	*	*	*	*	4396890	*
H	180708	90	100.0	+	0	0	90M160I	ce68461b19365e899b736787ab1a20b4	4396890
L	30759	250	*	*	*	*	*	539854	*
H	30759	90	100.0	+	0	0	90M160I	9de41efaa6ba102a29e8b876a2ac7259	539854
L	46961	250	*	*	*	*	*	344937	*
H	46961	90	100.0	+	0	0	90M160I	7077386d4c1252ee121c220de47a3bdc	344937
L	140265	250	*	*	*	*	*	3110775	*
H	140265	90	100.0	+	0	0	90M160I	7d06c91eee526da2845e19fc498ef62d	3110775
L	99941	250	*	*	*	*	*	113601	*
H	99941	90	100.0	+	0	0	90M160I	73a76624439ae1b31e79ef2259247738	113601
L	142032	250	*	*	*	*	*	3211874	*
H	142032	90	100.0	+	0	0	38MI52M159I	aa64e6b8046cb8103645005b3838e5e6	3211874
L	123573	250	*	*	*	*	*	851885	*
H	123573	90	100.0	+	0	0	90M160I	53a5b78d6ed24ffa75d4460172e1fd87	851885
L	110229	250	*	*	*	*	*	13811	*
H	110229	90	98.9	+	0	0	90M160I	a42f49f7004e52db3274f5a30358f651	13811
L	35674	250	*	*	*	*	*	519166	*
H	35674	90	98.9	+	0	0	90M160I	8c9f7d81df9a22351937685c4baddb7c	519166
L	84322	250	*	*	*	*	*	188442	*
H	84322	90	100.0	+	0	0	90M160I	a26554922f7b7b436271b863b7ee7b73	188442
L	42064	250	*	*	*	*	*	367215	*
H	42064	90	100.0	+	0	0	90M160I	32e259fc328091d5b8cf1cdb4e7915fe	367215
L	38821	250	*	*	*	*	*	470692	*
H	38821	90	100.0	+	0	0	90M160I	df7f9cc54f6279ed5745804d0beb4626	470692
L	149202	250	*	*	*	*	*	3645685	*
H	149202	90	98.9	+	0	0	90M160I	ec7e55d24b191e0167c9b5d76be36b13	3645685
L	8161	250	*	*	*	*	*	839512	*
H	8161	90	100.0	+	0	0	90M160I	8242b3afb352fa5f814e88934bc5505d	839512
L	78447	250	*	*	*	*	*	212729	*
H	78447	90	100.0	+	0	0	90M160I	1f2253720c1d7d139faabc0fee3a1709	212729
L	153859	250	*	*	*	*	*	851812	*
H	153859	90	100.0	+	0	0	90M160I	73d5503262052923010ad9cc335bc7bb	851812
L	87554	250	*	*	*	*	*	178612	*
H	87554	90	100.0	+	0	0	90M160I	1086711b50481e71f92ba0d973907842	178612
L	145413	250	*	*	*	*	*	3413560	*
H	145413	90	100.0	+	0	0	I90M159I	4cf4ac567d849ee3767b23d1e48d5866	3413560
L	176947	250	*	*	*	*	*	4378081	*
H	176947	90	100.0	+	0	0	90M160I	8e9c86e77bb2ff87ab49d7294bcb44ca	4378081
L	73878	250	*	*	*	*	*	237484	*
H	73878	90	100.0	+	0	0	90M160I	1b2bcb804a535a020a122fbdb58b96aa	237484
L	34057	250	*	*	*	*	*	526154	*
H	34057	90	100.0	+	0	0	90M160I	90b0d451662f7563443e0d008925a574	526154
L	17819	250	*	*	*	*	*	591545	*
H	17819	90	100.0	+	0	0	90M160I	138e5efefb28c54e724d270954529b47	591545
L	38844	250	*	*	*	*	*	469852	*
H	38844	90	100.0	+	0	0	90M160I	d01714857eb5e3401b03b81875fb52e1	469852
L	189530	250	*	*	*	*	*	4441228	*
H	189530	90	100.0	+	0	0	90M160I	6a9f333e4ce9c312b9c9ca0b79efbb94	4441228
L	108556	250	*	*	*	*	*	33339	*
H	108556	90	100.0	+	0	0	90M160I	ea492cebc636911899a5ddaccd19957e	33339
L	84523	250	*	*	*	*	*	187841	*
H	84523	90	100.0	+	0	0	90M160I	3d5b64619404a874482d91b78cb4ef80	187841
L	121066	250	*	*	*	*	*	1983368	*
H	121066	90	100.0	+	0	0	90M160I	4777ac6cedb9029c3066af6cf292c55e	1983368
L	109805	250	*	*	*	*	*	15716	*
H	109805	90	97.8	+	0	0	90M160I	a50bffc4c317a92d1144ffef1278cef7	15716
L	60130	250	*	*	*	*	*	292640	*
H	60130	90	100.0	+	0	0	90M160I	31fd647a82c7e89b6ee3e307deb0c399	292640
L	60227	250	*	*	*	*	*	292327	*
H	60227	90	100.0	+	0	0	90M160I	7559f811c80b3a16abf3a4c3d920c45c	292327
L	81658	250	*	*	*	*	*	196286	*
H	81658	90	100.0	+	0	0	90M160I	f3f7a4cdd595c890f68f9cd8d0191a7f	196286
L	85067	250	*	*	*	*	*	186244	*
H	85067	90	100.0	+	0	0	90M160I	f427968e08770f63c0625b50dc8f4201	186244
L	138805	250	*	*	*	*	*	3018527	*
H	138805	90	100.0	+	0	0	90M160I	5eb6a72f21c36ef1525a6e590fd31d14	3018527
L	41742	250	*	*	*	*	*	368769	*
H	41742	90	100.0	+	0	0	90M160I	301a96f42179496cdeb87910d1084d88	368769
L	168719	250	*	*	*	*	*	4335714	*
H	168719	90	100.0	+	0	0	90M160I	97a67560c7dbd290bc4070bb73964615	4335714
L	60191	250	*	*	*	*	*	292424	*
H	60191	90	100.0	+	0	0	90M160I	6333ec889a018e1421f0c466b6283c48	292424
L	107565	250	*	*	*	*	*	48207	*
H	107565	90	100.0	+	0	0	90M160I	eae4da0c4bf705d5bf2756e467507eab	48207
L	87088	250	*	*	*	*	*	180045	*
H	87088	90	100.0	+	0	0	90M160I	7eb19c293d609a0c3e6ce4c8937d7e19	180045
L	153115	250	*	*	*	*	*	801276	*
H	153115	90	100.0	+	0	0	90M160I	75b45d8129c2c8c7672f087cda7825fc	801276
L	124375	250	*	*	*	*	*	2177184	*
H	124375	90	100.0	+	0	0	90M160I	313200fa7b77b2e53cf2e22c67af2b6f	2177184
L	88551	250	*	*	*	*	*	175496	*
H	88551	90	100.0	+	0	0	90M160I	a3bbe696e0af0944230b745bf101ed1b	175496
L	44972	250	*	*	*	*	*	353073	*
H	44972	90	100.0	+	0	0	90M160I	6d08284a8675fae014c4753db3af92e9	353073
L	140140	250	*	*	*	*	*	3101394	*
H	140140	90	100.0	+	0	0	90M160I	c110dc917e48de08978e6ca40711768e	3101394
L	158934	250	*	*	*	*	*	4225003	*
H	158934	90	100.0	+	0	0	90M160I	0eddc0b05602f08660776d811b4b898f	4225003
D	8161	2	*	*	*	*	100.0	839512	*
D	10459	2	*	*	*	*	100.0	814526	*
D	17819	2	*	*	*	*	100.0	591545	*
D	25651	2	*	*	*	*	100.0	561020	*
D	29104	2	*	*	*	*	100.0	546765	*
D	30759	2	*	*	*	*	100.0	539854	*
D	34057	2	*	*	*	*	100.0	526154	*
D	35674	2	*	*	*	*	98.9	519166	*
D	38101	2	*	*	*	*	100.0	509805	*
D	38821	2	*	*	*	*	100.0	470692	*
D	38839	2	*	*	*	*	100.0	470117	*
D	38844	2	*	*	*	*	100.0	469852	*
D	41742	2	*	*	*	*	100.0	368769	*
D	42064	2	*	*	*	*	100.0	367215	*
D	44972	2	*	*	*	*	100.0	353073	*
D	45238	2	*	*	*	*	100.0	351952	*
D	46826	2	*	*	*	*	100.0	345548	*
D	46961	2	*	*	*	*	100.0	344937	*
D	47480	2	*	*	*	*	100.0	342844	*
D	47739	2	*	*	*	*	100.0	341820	*
D	50635	2	*	*	*	*	100.0	330084	*
D	60130	2	*	*	*	*	100.0	292640	*
D	60191	2	*	*	*	*	100.0	292424	*
D	60227	2	*	*	*	*	100.0	292327	*
D	60337	2	*	*	*	*	100.0	291973	*
D	73878	2	*	*	*	*	100.0	237484	*
D	78447	2	*	*	*	*	100.0	212729	*
D	78978	2	*	*	*	*	100.0	209685	*
D	81658	2	*	*	*	*	100.0	196286	*
D	84322	2	*	*	*	*	100.0	188442	*
D	84523	2	*	*	*	*	100.0	187841	*
D	85067	2	*	*	*	*	100.0	186244	*
D	85438	2	*	*	*	*	100.0	185159	*
D	87088	2	*	*	*	*	100.0	180045	*
D	87554	2	*	*	*	*	100.0	178612	*
D	87943	2	*	*	*	*	100.0	177454	*
D	88551	2	*	*	*	*	100.0	175496	*
D	89262	2	*	*	*	*	100.0	173147	*
D	99941	2	*	*	*	*	100.0	113601	*
D	107565	2	*	*	*	*	100.0	48207	*
D	108556	2	*	*	*	*	100.0	33339	*
D	109805	2	*	*	*	*	97.8	15716	*
D	110229	2	*	*	*	*	98.9	13811	*
D	117312	2	*	*	*	*	100.0	1145008	*
D	119209	2	*	*	*	*	100.0	1881907	*
D	121066	2	*	*	*	*	100.0	1983368	*
D	123136	2	*	*	*	*	100.0	846127	*
D	123573	2	*	*	*	*	100.0	851885	*
D	124375	2	*	*	*	*	100.0	2177184	*
D	126306	2	*	*	*	*	100.0	2286318	*
D	126352	2	*	*	*	*	100.0	2288536	*
D	138805	2	*	*	*	*	100.0	3018527	*
D	140140	2	*	*	*	*	100.0	3101394	*
D	140265	2	*	*	*	*	100.0	3110775	*
D	142032	2	*	*	*	*	100.0	3211874	*
D	145413	2	*	*	*	*	100.0	3413560	*
D	147111	2	*	*	*	*	100.0	3515488	*
D	149202	2	*	*	*	*	98.9	3645685	*
D	152776	2	*	*	*	*	100.0	851788	*
D	153115	2	*	*	*	*	100.0	801276	*
D	153859	2	*	*	*	*	100.0	851812	*
D	158934	2	*	*	*	*	100.0	4225003	*
D	168719	2	*	*	*	*	100.0	4335714	*
D	174545	2	*	*	*	*	100.0	4365753	*
D	176947	2	*	*	*	*	100.0	4378081	*
D	180708	2	*	*	*	*	100.0	4396890	*
D	189530	2	*	*	*	*	100.0	4441228	*
