UclustConsensusTaxonAssigner parameters:
id_to_taxonomy_filepath:/home/nbokulic/ref_seq_dbs/UNITE/unite_rep_set_97-rdp-taxonomy.txt
id_to_taxonomy_fp:/home/nbokulic/ref_seq_dbs/UNITE/unite_rep_set_97-rdp-taxonomy.txt
max_accepts:3
min_consensus_fraction:0.5
reference_sequences_fp:/home/nbokulic/ref_seq_dbs/UNITE/align/rep_set_uclust_ref_97.fasta
similarity:0.75
unassignable_label:Unassigned
Result path: "/scratch/assign-taxZlWWMei6YkpUz7Cgxdp6.txt"

.uc file contents:

# uclust --input /home/nbokulic/bewolf/psrotot/SAG_unite/rep_set.fna --id 0.75 --rev --maxaccepts 3 --allhits --libonly --lib /home/nbokulic/ref_seq_dbs/UNITE/align/rep_set_uclust_ref_97.fasta --uc /scratch/UclustConsensusTaxonAssigner_MBDLUl.uc
# version=1.2.22
# Tab-separated fields:
# 1=Type, 2=ClusterNr, 3=SeqLength or ClusterSize, 4=PctId, 5=Strand, 6=QueryStart, 7=SeedStart, 8=Alignment, 9=QueryLabel, 10=TargetLabel
# Record types (field 1): L=LibSeed, S=NewSeed, H=Hit, R=Reject, D=LibCluster, C=NewCluster, N=NoHit
# For C and D types, PctId is average id with seed.
# QueryStart and SeedStart are zero-based relative to start of sequence.
# If minus strand, SeedStart is relative to reverse-complemented seed.
L	6721	555	*	*	*	*	*	HM216212	*
H	6721	101	97.0	+	0	0	7I82M2D17M449I	AB250409 Mock.1_51076	HM216212
L	2386	997	*	*	*	*	*	FJ892747	*
H	2386	101	97.0	+	0	0	259I83MD17M638I	AB250409 Mock.1_51076	FJ892747
L	20446	1991	*	*	*	*	*	EF397557	*
H	20446	101	98.0	+	0	0	1744I85MD15M147I	AB250409 Mock.1_51076	EF397557
L	10184	966	*	*	*	*	*	AF081479	*
H	10184	79	100.0	+	0	0	315I68MI11M571I	AF081478 Mock.3_79206	AF081479
L	15479	1510	*	*	*	*	*	AF081478	*
H	15479	79	100.0	+	0	0	315I68M2I11M1114I	AF081478 Mock.3_79206	AF081478
H	6721	79	98.7	+	0	0	7I79M469I	AF081478 Mock.3_79206	HM216212
H	6721	101	98.0	+	0	0	7I82M2D17M449I	AF281178 Mock.1_49309	HM216212
H	2386	101	97.0	+	0	0	259I82MD18M638I	AF281178 Mock.1_49309	FJ892747
H	20446	101	98.0	+	0	0	1744I85MD15M147I	AF281178 Mock.1_49309	EF397557
L	22967	561	*	*	*	*	*	FJ624262	*
H	22967	91	95.6	+	0	0	23I91M447I	AJ309341 Mock.3_22148	FJ624262
L	22231	589	*	*	*	*	*	FJ582636	*
H	22231	91	95.6	+	0	0	10I91M488I	AJ309341 Mock.3_22148	FJ582636
H	20446	91	94.5	+	0	0	1744I91M156I	AJ309341 Mock.3_22148	EF397557
L	21482	573	*	*	*	*	*	EU551202	*
H	21482	97	99.0	+	0	0	9I97M467I	AM901674 Mock.2_478	EU551202
L	4539	617	*	*	*	*	*	DQ132818	*
H	4539	97	97.9	+	0	0	61I97M459I	AM901674 Mock.2_478	DQ132818
L	19237	631	*	*	*	*	*	GQ120969	*
H	19237	97	95.9	+	0	0	24I97M510I	AM901674 Mock.2_478	GQ120969
L	12667	564	*	*	*	*	*	AY729076	*
H	12667	101	99.0	+	0	0	86MD14M464I	AY729076 Mock.3_65061	AY729076
L	27106	558	*	*	*	*	*	HQ897787	*
H	27106	101	94.1	+	0	0	5D96M462I	AY729076 Mock.3_65061	HQ897787
H	20446	101	98.0	+	0	0	1744I86MD14M147I	AY729076 Mock.3_65061	EF397557
L	2663	412	*	*	*	*	*	DQ286062	*
H	2663	101	100.0	+	0	0	24I101M287I	DQ286062 Mock.3_0	DQ286062
L	23585	1548	*	*	*	*	*	FM865575	*
H	23585	101	77.2	+	0	0	197I51M38I15M2I35M1210I	DQ286062 Mock.3_0	FM865575
L	10378	1556	*	*	*	*	*	JF439173	*
H	10378	101	75.2	+	0	0	197I51M8I13M15I37M1235I	DQ286062 Mock.3_0	JF439173
L	7271	631	*	*	*	*	*	GQ120993	*
H	7271	101	99.0	+	0	0	24I101M506I	DQ681335 Mock.3_89616	GQ120993
H	19237	101	99.0	+	0	0	24I101M506I	DQ681335 Mock.3_89616	GQ120969
L	22593	716	*	*	*	*	*	FN548146	*
H	22593	101	99.0	+	0	0	111I101M504I	DQ681335 Mock.3_89616	FN548146
H	4539	94	98.9	+	0	0	61I94M462I	EU551202 Mock.3_1364	DQ132818
H	21482	94	100.0	+	0	0	9I94M470I	EU551202 Mock.3_1364	EU551202
H	7271	94	97.9	+	0	0	24I94M513I	EU551202 Mock.3_1364	GQ120993
L	3195	472	*	*	*	*	*	EU714323	*
H	3195	101	100.0	+	0	0	8I101M363I	EU714323 Mock.3_69	EU714323
L	11712	1619	*	*	*	*	*	JN943282	*
H	11712	101	78.2	+	0	0	22I47M5D34MI15M1500I	EU714323 Mock.3_69	JN943282
L	11711	1620	*	*	*	*	*	JN943281	*
H	11711	101	78.2	+	0	0	22I47M5D34MI15M1501I	EU714323 Mock.3_69	JN943281
L	2507	617	*	*	*	*	*	EU821474	*
H	2507	101	98.0	+	0	0	11I101M505I	EU821474 Mock.3_56	EU821474
L	15232	1202	*	*	*	*	*	AB627114	*
H	15232	101	85.1	+	0	0	14D81MI6M1114I	EU821474 Mock.3_56	AB627114
L	20373	677	*	*	*	*	*	EF190279	*
H	20373	101	84.2	+	0	0	25I50M3I33M7I18M541I	EU821474 Mock.3_56	EF190279
H	4539	101	98.0	+	0	0	61I101M455I	EU833211 Mock.2_21	DQ132818
H	21482	101	99.0	+	0	0	9I101M463I	EU833211 Mock.2_21	EU551202
H	19237	101	99.0	+	0	0	24I91MI10M505I	EU833211 Mock.2_21	GQ120969
L	3590	578	*	*	*	*	*	FJ196614	*
H	3590	82	100.0	+	0	0	9I65MI17M486I	FJ196614 Mock.2_67464	FJ196614
L	28128	584	*	*	*	*	*	JN681281	*
H	28128	82	98.8	+	0	0	25I82M477I	FJ196614 Mock.2_67464	JN681281
L	27143	1559	*	*	*	*	*	JF440985	*
H	27143	82	98.8	+	0	0	123I82M1354I	FJ196614 Mock.2_67464	JF440985
H	20446	101	98.0	+	0	0	1744I86MD14M147I	FJ210600 Mock.3_93865	EF397557
L	25126	583	*	*	*	*	*	FJ904916	*
H	25126	101	98.0	+	0	0	22I86MD14M461I	FJ210600 Mock.3_93865	FJ904916
L	3232	542	*	*	*	*	*	EF687948	*
H	3232	101	98.0	+	0	0	10I85M2D14M433I	FJ210600 Mock.3_93865	EF687948
H	22967	84	98.8	+	0	0	23I84M454I	FJ582636 Mock.3_20020	FJ624262
L	22965	561	*	*	*	*	*	FJ624268	*
H	22965	84	98.8	+	0	0	25I84M452I	FJ582636 Mock.3_20020	FJ624268
L	10671	506	*	*	*	*	*	GU062255	*
H	10671	84	98.8	+	0	0	23I84M399I	FJ582636 Mock.3_20020	GU062255
H	22231	87	100.0	+	0	0	10I87M492I	FJ624262 Mock.2_1337	FJ582636
H	22967	87	100.0	+	0	0	23I87M451I	FJ624262 Mock.2_1337	FJ624262
H	25126	87	98.9	+	0	0	22I87M474I	FJ624262 Mock.2_1337	FJ904916
L	25840	593	*	*	*	*	*	FJ878626	*
H	25840	101	100.0	+	0	0	8I101M484I	FJ878626 Mock.2_477	FJ878626
L	1907	567	*	*	*	*	*	FJ556909	*
H	1907	101	99.0	+	0	0	18I101M448I	FJ878626 Mock.2_477	FJ556909
L	8521	536	*	*	*	*	*	FJ537092	*
H	8521	101	95.0	+	0	0	2D15MI84M436I	FJ878626 Mock.2_477	FJ537092
H	22967	83	100.0	+	0	0	23I83M455I	FJ903339 Mock.3_6156	FJ624262
L	22488	539	*	*	*	*	*	FJ210600	*
H	22488	83	100.0	+	0	0	21I83M435I	FJ903339 Mock.3_6156	FJ210600
H	6721	83	100.0	+	0	0	7I83M465I	FJ903339 Mock.3_6156	HM216212
H	27106	101	95.0	+	0	0	5D96M462I	FJ904916 Mock.1_57	HQ897787
H	20446	101	99.0	+	0	0	1744I86MD14M147I	FJ904916 Mock.1_57	EF397557
L	14672	2196	*	*	*	*	*	AB245442	*
H	14672	101	99.0	+	0	0	1706I86MD14M390I	FJ904916 Mock.1_57	AB245442
H	19237	101	99.0	+	0	0	24I101M506I	FN548146 Mock.3_24260	GQ120969
H	7271	101	99.0	+	0	0	24I101M506I	FN548146 Mock.3_24260	GQ120993
H	22593	101	99.0	+	0	0	111I101M504I	FN548146 Mock.3_24260	FN548146
L	18019	743	*	*	*	*	*	GQ376079	*
H	18019	101	100.0	+	0	0	8I101M634I	GQ376079 Mock.3_9	GQ376079
L	26606	440	*	*	*	*	*	AF422939	*
H	26606	101	86.1	+	0	0	14D87M353I	GQ376079 Mock.3_9	AF422939
L	8016	309	*	*	*	*	*	AY139785	*
H	8016	101	81.2	+	0	0	16D64MI21M223I	GQ376079 Mock.3_9	AY139785
L	669	416	*	*	*	*	*	EF197948	*
H	669	101	97.0	+	0	0	3D98M318I	GQ376083 Mock.3_6	EF197948
L	24610	424	*	*	*	*	*	GQ376083	*
H	24610	101	100.0	+	0	0	4I43MI58M318I	GQ376083 Mock.3_6	GQ376083
L	22750	746	*	*	*	*	*	FJ481032	*
H	22750	101	77.2	+	0	0	8I44M31I14M3I19MI24M602I	GQ376083 Mock.3_6	FJ481032
L	165	586	*	*	*	*	*	DQ680681	*
H	165	101	95.0	+	0	0	227I101M258I	GQ376093 Mock.3_41	DQ680681
L	26107	396	*	*	*	*	*	GQ376093	*
H	26107	101	97.0	+	0	0	8I101M287I	GQ376093 Mock.3_41	GQ376093
L	8643	232	*	*	*	*	*	FJ499461	*
H	8643	101	82.2	+	0	0	15D86M146I	GQ376093 Mock.3_41	FJ499461
L	28129	2961	*	*	*	*	*	GQ458041	*
H	28129	101	100.0	+	0	0	1712I101M1148I	GQ458041 Mock.1_3	GQ458041
L	25215	460	*	*	*	*	*	FJ861384	*
H	25215	101	100.0	+	0	0	18I101M341I	GQ458041 Mock.1_3	FJ861384
L	163	621	*	*	*	*	*	DQ667978	*
H	163	101	92.1	+	0	0	4D97M524I	GQ458041 Mock.1_3	DQ667978
H	22967	92	95.7	+	0	0	23I92M446I	GU062214 Mock.3_528	FJ624262
H	27106	92	94.6	+	0	0	5D87M471I	GU062214 Mock.3_528	HQ897787
H	22231	92	95.7	+	0	0	10I92M487I	GU062214 Mock.3_528	FJ582636
L	22486	514	*	*	*	*	*	FJ210562	*
H	22486	83	98.8	+	0	0	26I83M405I	GU062251 Mock.3_33948	FJ210562
H	20446	83	98.8	+	0	0	1744I83M164I	GU062251 Mock.3_33948	EF397557
H	6721	83	98.8	+	0	0	7I83M465I	GU062251 Mock.3_33948	HM216212
H	10671	84	100.0	+	0	0	23I84M399I	GU062255 Mock.2_32544	GU062255
H	22231	84	100.0	+	0	0	10I84M495I	GU062255 Mock.2_32544	FJ582636
L	14432	528	*	*	*	*	*	GU062251	*
H	14432	84	100.0	+	0	0	23I84M421I	GU062255 Mock.2_32544	GU062251
L	12492	546	*	*	*	*	*	FJ210573	*
H	12492	82	100.0	+	0	0	19I82M445I	GU132456 Mock.2_4938	FJ210573
H	20446	82	100.0	+	0	0	1744I82M165I	GU132456 Mock.2_4938	EF397557
H	22231	82	100.0	+	0	0	10I82M497I	GU132456 Mock.2_4938	FJ582636
L	26872	567	*	*	*	*	*	GU212865	*
H	26872	101	99.0	+	0	0	10I90MI11M455I	GU212865 Mock.2_29206	GU212865
L	25514	738	*	*	*	*	*	AM901674	*
H	25514	101	98.0	+	0	0	167I89MI12M469I	GU212865 Mock.2_29206	AM901674
H	19237	101	98.0	+	0	0	24I89MI12M505I	GU212865 Mock.2_29206	GQ120969
H	22967	91	96.7	+	0	0	23I91M447I	JN019381 Mock.1_146	FJ624262
H	22231	91	96.7	+	0	0	10I91M488I	JN019381 Mock.1_146	FJ582636
H	14672	91	95.6	+	0	0	1706I91M399I	JN019381 Mock.1_146	AB245442
L	22473	537	*	*	*	*	*	FJ205457	*
H	22473	80	98.8	+	0	0	22I80M435I	JQ764778 Mock.1_120194	FJ205457
L	19102	567	*	*	*	*	*	FJ481036	*
H	19102	80	98.8	+	0	0	8I80M479I	JQ764778 Mock.1_120194	FJ481036
L	11135	526	*	*	*	*	*	EF601622	*
H	11135	80	98.8	+	0	0	10I80M436I	JQ764778 Mock.1_120194	EF601622
H	22231	89	96.6	+	0	0	10I89M490I	New.ReferenceOTU0 Mock.3_96016	FJ582636
H	22967	89	96.6	+	0	0	23I89M449I	New.ReferenceOTU0 Mock.3_96016	FJ624262
H	20446	89	95.5	+	0	0	1744I89M158I	New.ReferenceOTU0 Mock.3_96016	EF397557
L	19864	605	*	*	*	*	*	DQ683112	*
H	19864	101	94.1	+	0	0	245I101M259I	New.ReferenceOTU1 Mock.3_12004	DQ683112
L	12511	354	*	*	*	*	*	DQ681363	*
H	12511	101	83.2	+	0	0	14D87M267I	New.ReferenceOTU1 Mock.3_12004	DQ681363
L	14881	376	*	*	*	*	*	DQ907937	*
H	14881	101	82.2	+	0	0	14D8MI79M288I	New.ReferenceOTU1 Mock.3_12004	DQ907937
H	19864	101	93.1	+	0	0	245I101M259I	New.ReferenceOTU2 Mock.3_1386	DQ683112
H	12511	101	84.2	+	0	0	14D87M267I	New.ReferenceOTU2 Mock.3_1386	DQ681363
H	26107	101	94.1	+	0	0	8I101M287I	New.ReferenceOTU2 Mock.3_1386	GQ376093
L	17317	690	*	*	*	*	*	AM279464	*
H	17317	101	83.2	+	0	0	16D85M605I	New.ReferenceOTU3 Mock.1_57739	AM279464
L	17320	736	*	*	*	*	*	AM279696	*
H	17320	101	83.2	+	0	0	16D65MI20M650I	New.ReferenceOTU3 Mock.1_57739	AM279696
L	18812	2517	*	*	*	*	*	AY881650	*
H	18812	101	81.2	+	0	0	1738I63M7I38M671I	New.ReferenceOTU3 Mock.1_57739	AY881650
H	26107	101	96.0	+	0	0	8I101M287I	New.ReferenceOTU4 Mock.2_1503	GQ376093
H	165	101	90.1	+	0	0	227I101M258I	New.ReferenceOTU4 Mock.2_1503	DQ680681
H	8643	101	81.2	+	0	0	15D86M146I	New.ReferenceOTU4 Mock.2_1503	FJ499461
L	14810	510	*	*	*	*	*	FJ515204	*
H	14810	101	84.2	+	0	0	16D85M425I	New.ReferenceOTU5 Mock.2_6639	FJ515204
L	717	488	*	*	*	*	*	EF203939	*
H	717	101	81.2	+	0	0	12D89M399I	New.ReferenceOTU5 Mock.2_6639	EF203939
L	261	517	*	*	*	*	*	DQ871598	*
H	261	101	94.1	+	0	0	3D98M419I	New.ReferenceOTU5 Mock.2_6639	DQ871598
L	22512	236	*	*	*	*	*	FJ227897	*
H	22512	101	85.1	+	0	0	8D93M143I	New.ReferenceOTU6 Mock.3_29776	FJ227897
L	5443	2864	*	*	*	*	*	GQ458034	*
H	5443	101	87.1	+	0	0	12D61MI28M2774I	New.ReferenceOTU6 Mock.3_29776	GQ458034
L	25450	344	*	*	*	*	*	HM037986	*
H	25450	101	86.1	+	0	0	12D9MI80M254I	New.ReferenceOTU6 Mock.3_29776	HM037986
N	*	101	*	*	*	*	*	New.ReferenceOTU7 Mock.2_87334	*
L	23330	1158	*	*	*	*	*	FJ865435	*
H	23330	101	85.1	+	0	0	14D8MI79M1070I	New.ReferenceOTU8 Mock.3_18917	FJ865435
L	25001	564	*	*	*	*	*	EU568909	*
H	25001	101	79.2	+	0	0	16D85M479I	New.ReferenceOTU8 Mock.3_18917	EU568909
L	3055	2121	*	*	*	*	*	EU825956	*
H	3055	101	77.2	+	0	0	9I52M3I25M10I24M1998I	New.ReferenceOTU8 Mock.3_18917	EU825956
H	19864	101	89.1	+	0	0	245I101M259I	New.ReferenceOTU9 Mock.1_11375	DQ683112
H	2663	101	87.1	+	0	0	24I101M287I	New.ReferenceOTU9 Mock.1_11375	DQ286062
H	12511	101	80.2	+	0	0	14D87M267I	New.ReferenceOTU9 Mock.1_11375	DQ681363
H	21482	101	96.0	+	0	0	9I101M463I	New.CleanUp.ReferenceOTU10 Mock.3_68650	EU551202
H	4539	101	95.0	+	0	0	61I101M455I	New.CleanUp.ReferenceOTU10 Mock.3_68650	DQ132818
H	22593	101	94.1	+	0	0	111I101M504I	New.CleanUp.ReferenceOTU10 Mock.3_68650	FN548146
H	17317	97	81.4	+	0	0	16D81M609I	New.CleanUp.ReferenceOTU106 Mock.1_69390	AM279464
H	17320	97	81.4	+	0	0	16D55MI26M654I	New.CleanUp.ReferenceOTU106 Mock.1_69390	AM279696
H	18812	97	78.4	+	0	0	1738I63M7I34M675I	New.CleanUp.ReferenceOTU106 Mock.1_69390	AY881650
H	27106	101	94.1	+	0	0	5D96M462I	New.CleanUp.ReferenceOTU11 Mock.1_150843	HQ897787
L	22234	1138	*	*	*	*	*	EU926221	*
H	22234	101	92.1	+	0	0	7D94M1044I	New.CleanUp.ReferenceOTU11 Mock.1_150843	EU926221
H	6721	101	95.0	+	0	0	7I84M2D15M449I	New.CleanUp.ReferenceOTU11 Mock.1_150843	HM216212
H	26107	85	96.5	+	0	0	8I85M303I	New.CleanUp.ReferenceOTU110 Mock.3_149153	GQ376093
H	165	85	91.8	+	0	0	227I85M274I	New.CleanUp.ReferenceOTU110 Mock.3_149153	DQ680681
H	8643	85	78.8	+	0	0	15D70M162I	New.CleanUp.ReferenceOTU110 Mock.3_149153	FJ499461
H	14810	101	81.2	+	0	0	16D85M425I	New.CleanUp.ReferenceOTU112 Mock.2_14440	FJ515204
H	717	101	80.2	+	0	0	12D89M399I	New.CleanUp.ReferenceOTU112 Mock.2_14440	EF203939
L	716	489	*	*	*	*	*	EF203938	*
H	716	101	78.2	+	0	0	11D90M399I	New.CleanUp.ReferenceOTU112 Mock.2_14440	EF203938
H	2507	101	96.0	+	0	0	11I101M505I	New.CleanUp.ReferenceOTU117 Mock.2_12594	EU821474
H	15232	101	83.2	+	0	0	14D81MI6M1114I	New.CleanUp.ReferenceOTU117 Mock.2_12594	AB627114
H	20373	101	82.2	+	0	0	25I50M3I33M6D12M554I	New.CleanUp.ReferenceOTU117 Mock.2_12594	EF190279
H	26107	97	93.8	+	0	0	8I97M291I	New.CleanUp.ReferenceOTU128 Mock.1_37244	GQ376093
H	165	97	89.7	+	0	0	227I97M262I	New.CleanUp.ReferenceOTU128 Mock.1_37244	DQ680681
H	5443	97	83.5	+	0	0	12D61MI24M2778I	New.CleanUp.ReferenceOTU128 Mock.1_37244	GQ458034
H	26107	101	93.1	+	0	0	8I101M287I	New.CleanUp.ReferenceOTU131 Mock.1_148727	GQ376093
H	22512	101	83.2	+	0	0	8D93M143I	New.CleanUp.ReferenceOTU131 Mock.1_148727	FJ227897
H	5443	101	85.1	+	0	0	12D61MI28M2774I	New.CleanUp.ReferenceOTU131 Mock.1_148727	GQ458034
H	2507	82	96.3	+	0	0	11I82M524I	New.CleanUp.ReferenceOTU132 Mock.3_63505	EU821474
H	20373	82	90.2	+	0	0	25I50M3I32M567I	New.CleanUp.ReferenceOTU132 Mock.3_63505	EF190279
L	7216	714	*	*	*	*	*	AY228112	*
H	7216	82	93.9	+	0	0	127I49MD32M506I	New.CleanUp.ReferenceOTU132 Mock.3_63505	AY228112
H	19864	101	90.1	+	0	0	245I101M259I	New.CleanUp.ReferenceOTU134 Mock.3_149543	DQ683112
H	5443	101	81.2	+	0	0	12D53MI36M2774I	New.CleanUp.ReferenceOTU134 Mock.3_149543	GQ458034
H	2663	101	90.1	+	0	0	24I101M287I	New.CleanUp.ReferenceOTU134 Mock.3_149543	DQ286062
H	2663	97	94.8	+	0	0	24I97M291I	New.CleanUp.ReferenceOTU147 Mock.3_62959	DQ286062
H	19864	97	86.6	+	0	0	245I97M263I	New.CleanUp.ReferenceOTU147 Mock.3_62959	DQ683112
H	26107	97	87.6	+	0	0	8I97M291I	New.CleanUp.ReferenceOTU147 Mock.3_62959	GQ376093
H	26107	101	92.1	+	0	0	8I101M287I	New.CleanUp.ReferenceOTU150 Mock.3_24621	GQ376093
L	2454	591	*	*	*	*	*	AJ309367	*
H	2454	101	75.2	+	0	0	12I46M30I55M448I	New.CleanUp.ReferenceOTU150 Mock.3_24621	AJ309367
H	28129	101	96.0	+	0	0	1712I101M1148I	New.CleanUp.ReferenceOTU152 Mock.3_145052	GQ458041
H	25215	101	96.0	+	0	0	18I101M341I	New.CleanUp.ReferenceOTU152 Mock.3_145052	FJ861384
H	163	101	88.1	+	0	0	4D97M524I	New.CleanUp.ReferenceOTU152 Mock.3_145052	DQ667978
H	19864	90	93.3	+	0	0	245I90M270I	New.CleanUp.ReferenceOTU153 Mock.3_80051	DQ683112
H	26107	90	93.3	+	0	0	8I90M298I	New.CleanUp.ReferenceOTU153 Mock.3_80051	GQ376093
H	12511	90	82.2	+	0	0	14D76M278I	New.CleanUp.ReferenceOTU153 Mock.3_80051	DQ681363
L	23981	546	*	*	*	*	*	FJ459981	*
H	23981	101	82.2	+	0	0	16D70MD14M462I	New.CleanUp.ReferenceOTU158 Mock.2_314	FJ459981
L	3860	566	*	*	*	*	*	FJ459982	*
H	3860	101	81.2	+	0	0	16D85M481I	New.CleanUp.ReferenceOTU158 Mock.2_314	FJ459982
H	27106	101	91.1	+	0	0	5D96M462I	New.CleanUp.ReferenceOTU158 Mock.2_314	HQ897787
H	22512	101	83.2	+	0	0	8D93M143I	New.CleanUp.ReferenceOTU169 Mock.2_150196	FJ227897
H	26107	101	93.1	+	0	0	8I101M287I	New.CleanUp.ReferenceOTU169 Mock.2_150196	GQ376093
H	5443	101	85.1	+	0	0	12D61MI28M2774I	New.CleanUp.ReferenceOTU169 Mock.2_150196	GQ458034
H	21482	101	96.0	+	0	0	9I101M463I	New.CleanUp.ReferenceOTU170 Mock.1_78557	EU551202
H	4539	101	95.0	+	0	0	61I101M455I	New.CleanUp.ReferenceOTU170 Mock.1_78557	DQ132818
H	22593	101	96.0	+	0	0	111I91MI10M503I	New.CleanUp.ReferenceOTU170 Mock.1_78557	FN548146
H	165	92	91.3	+	0	0	227I92M267I	New.CleanUp.ReferenceOTU186 Mock.3_50457	DQ680681
H	26107	92	93.5	+	0	0	8I92M296I	New.CleanUp.ReferenceOTU186 Mock.3_50457	GQ376093
H	2663	92	90.2	+	0	0	24I92M296I	New.CleanUp.ReferenceOTU186 Mock.3_50457	DQ286062
L	25613	937	*	*	*	*	*	EU750686	*
H	25613	91	90.1	+	0	0	95I91M751I	New.CleanUp.ReferenceOTU188 Mock.3_122009	EU750686
L	10994	597	*	*	*	*	*	JN232143	*
H	10994	91	90.1	+	0	0	70I91M436I	New.CleanUp.ReferenceOTU188 Mock.3_122009	JN232143
H	27106	91	92.3	+	0	0	5D86M472I	New.CleanUp.ReferenceOTU188 Mock.3_122009	HQ897787
H	27106	101	94.1	+	0	0	5D96M462I	New.CleanUp.ReferenceOTU191 Mock.2_78236	HQ897787
H	22234	101	92.1	+	0	0	7D94M1044I	New.CleanUp.ReferenceOTU191 Mock.2_78236	EU926221
H	6721	101	95.0	+	0	0	7I84M2D15M449I	New.CleanUp.ReferenceOTU191 Mock.2_78236	HM216212
H	2507	94	94.7	+	0	0	11I94M512I	New.CleanUp.ReferenceOTU193 Mock.2_149378	EU821474
H	15232	94	83.0	+	0	0	14D80M1122I	New.CleanUp.ReferenceOTU193 Mock.2_149378	AB627114
H	20373	94	83.0	+	0	0	25I50M3I33M4I11M551I	New.CleanUp.ReferenceOTU193 Mock.2_149378	EF190279
H	27106	93	93.5	+	0	0	5D88M470I	New.CleanUp.ReferenceOTU194 Mock.3_102583	HQ897787
H	22234	93	91.4	+	0	0	7D86M1052I	New.CleanUp.ReferenceOTU194 Mock.3_102583	EU926221
H	22231	93	93.5	+	0	0	10I93M486I	New.CleanUp.ReferenceOTU194 Mock.3_102583	FJ582636
H	26107	101	92.1	+	0	0	8I101M287I	New.CleanUp.ReferenceOTU195 Mock.3_26145	GQ376093
H	165	101	88.1	+	0	0	227I101M258I	New.CleanUp.ReferenceOTU195 Mock.3_26145	DQ680681
H	2663	101	90.1	+	0	0	24I101M287I	New.CleanUp.ReferenceOTU195 Mock.3_26145	DQ286062
H	26107	89	95.5	+	0	0	8I89M299I	New.CleanUp.ReferenceOTU201 Mock.3_50626	GQ376093
H	165	89	91.0	+	0	0	227I89M270I	New.CleanUp.ReferenceOTU201 Mock.3_50626	DQ680681
H	8643	89	78.7	+	0	0	15D74M158I	New.CleanUp.ReferenceOTU201 Mock.3_50626	FJ499461
H	165	101	92.1	+	0	0	227I101M258I	New.CleanUp.ReferenceOTU202 Mock.3_47471	DQ680681
H	26107	101	94.1	+	0	0	8I101M287I	New.CleanUp.ReferenceOTU202 Mock.3_47471	GQ376093
H	5443	101	83.2	+	0	0	12D56MI33M2774I	New.CleanUp.ReferenceOTU202 Mock.3_47471	GQ458034
H	2507	97	96.9	+	0	0	11I97M509I	New.CleanUp.ReferenceOTU207 Mock.1_149277	EU821474
H	15232	97	82.5	+	0	0	14D83M1119I	New.CleanUp.ReferenceOTU207 Mock.1_149277	AB627114
L	13030	598	*	*	*	*	*	EU551193	*
H	13030	97	82.5	+	0	0	10I49MD47M492I	New.CleanUp.ReferenceOTU207 Mock.1_149277	EU551193
H	2663	97	93.8	+	0	0	24I97M291I	New.CleanUp.ReferenceOTU211 Mock.1_141388	DQ286062
H	14881	97	79.4	+	0	0	14D8MI75M292I	New.CleanUp.ReferenceOTU211 Mock.1_141388	DQ907937
H	26107	97	88.7	+	0	0	8I97M291I	New.CleanUp.ReferenceOTU211 Mock.1_141388	GQ376093
H	22967	91	94.5	+	0	0	23I91M447I	New.CleanUp.ReferenceOTU216 Mock.1_9391	FJ624262
H	22231	91	94.5	+	0	0	10I91M488I	New.CleanUp.ReferenceOTU216 Mock.1_9391	FJ582636
H	25126	91	93.4	+	0	0	22I91M470I	New.CleanUp.ReferenceOTU216 Mock.1_9391	FJ904916
H	19864	101	90.1	+	0	0	245I101M259I	New.CleanUp.ReferenceOTU220 Mock.1_27133	DQ683112
H	12511	101	79.2	+	0	0	14D87M267I	New.CleanUp.ReferenceOTU220 Mock.1_27133	DQ681363
L	6162	556	*	*	*	*	*	EU164801	*
H	6162	101	76.2	+	0	0	9I55M8I17M19I29M419I	New.CleanUp.ReferenceOTU220 Mock.1_27133	EU164801
H	2663	101	96.0	+	0	0	24I101M287I	New.CleanUp.ReferenceOTU221 Mock.1_123965	DQ286062
H	19864	101	84.2	+	0	0	245I101M259I	New.CleanUp.ReferenceOTU221 Mock.1_123965	DQ683112
L	1025	2841	*	*	*	*	*	AB300502	*
H	1025	101	76.2	+	0	0	1667I49M10I6M26I46M1037I	New.CleanUp.ReferenceOTU221 Mock.1_123965	AB300502
H	261	96	91.7	+	0	0	3D93M424I	New.CleanUp.ReferenceOTU226 Mock.2_146273	DQ871598
H	14810	96	81.2	+	0	0	16D80M430I	New.CleanUp.ReferenceOTU226 Mock.2_146273	FJ515204
L	1914	488	*	*	*	*	*	AF455401	*
H	1914	96	85.4	+	0	0	10D86M402I	New.CleanUp.ReferenceOTU226 Mock.2_146273	AF455401
H	2507	101	96.0	+	0	0	11I101M505I	New.CleanUp.ReferenceOTU227 Mock.3_99760	EU821474
H	15232	101	84.2	+	0	0	14D81MI6M1114I	New.CleanUp.ReferenceOTU227 Mock.3_99760	AB627114
L	19365	1091	*	*	*	*	*	DQ318208	*
H	19365	101	91.1	+	0	0	271I89M2D10M721I	New.CleanUp.ReferenceOTU227 Mock.3_99760	DQ318208
H	21482	101	96.0	+	0	0	9I101M463I	New.CleanUp.ReferenceOTU233 Mock.1_20956	EU551202
H	4539	101	95.0	+	0	0	61I101M455I	New.CleanUp.ReferenceOTU233 Mock.1_20956	DQ132818
H	22593	101	96.0	+	0	0	111I88MI13M503I	New.CleanUp.ReferenceOTU233 Mock.1_20956	FN548146
H	5443	97	83.5	+	0	0	12D61MI24M2778I	New.CleanUp.ReferenceOTU240 Mock.3_65298	GQ458034
H	26107	97	89.7	+	0	0	8I97M291I	New.CleanUp.ReferenceOTU240 Mock.3_65298	GQ376093
H	22512	97	81.4	+	0	0	8D89M147I	New.CleanUp.ReferenceOTU240 Mock.3_65298	FJ227897
H	26107	101	94.1	+	0	0	8I101M287I	New.CleanUp.ReferenceOTU245 Mock.3_36198	GQ376093
H	165	101	90.1	+	0	0	227I101M258I	New.CleanUp.ReferenceOTU245 Mock.3_36198	DQ680681
H	19864	101	90.1	+	0	0	245I101M259I	New.CleanUp.ReferenceOTU245 Mock.3_36198	DQ683112
H	21482	101	96.0	+	0	0	9I101M463I	New.CleanUp.ReferenceOTU253 Mock.2_127141	EU551202
H	4539	101	95.0	+	0	0	61I101M455I	New.CleanUp.ReferenceOTU253 Mock.2_127141	DQ132818
H	7271	101	96.0	+	0	0	24I88MI13M505I	New.CleanUp.ReferenceOTU253 Mock.2_127141	GQ120993
H	4539	97	95.9	+	0	0	61I97M459I	New.CleanUp.ReferenceOTU263 Mock.1_1366	DQ132818
H	21482	97	96.9	+	0	0	9I97M467I	New.CleanUp.ReferenceOTU263 Mock.1_1366	EU551202
H	7271	97	93.8	+	0	0	24I97M510I	New.CleanUp.ReferenceOTU263 Mock.1_1366	GQ120993
L	20299	1743	*	*	*	*	*	EF110619	*
H	20299	93	94.6	+	0	0	19I85M2D6M1633I	New.CleanUp.ReferenceOTU268 Mock.1_3769	EF110619
L	21251	548	*	*	*	*	*	EU330631	*
H	21251	93	94.6	+	0	0	13I85M2D6M444I	New.CleanUp.ReferenceOTU268 Mock.1_3769	EU330631
H	27106	93	92.5	+	0	0	5D88M470I	New.CleanUp.ReferenceOTU268 Mock.1_3769	HQ897787
H	27106	101	95.0	+	0	0	5D96M462I	New.CleanUp.ReferenceOTU279 Mock.1_150080	HQ897787
H	22234	101	93.1	+	0	0	7D94M1044I	New.CleanUp.ReferenceOTU279 Mock.1_150080	EU926221
H	14672	101	96.0	+	0	0	1706I86MD14M390I	New.CleanUp.ReferenceOTU279 Mock.1_150080	AB245442
H	2663	101	96.0	+	0	0	24I101M287I	New.CleanUp.ReferenceOTU290 Mock.1_32579	DQ286062
H	2507	85	95.3	+	0	0	11I85M521I	New.CleanUp.ReferenceOTU291 Mock.3_65215	EU821474
H	20373	85	85.9	+	0	0	25I50M3I35M564I	New.CleanUp.ReferenceOTU291 Mock.3_65215	EF190279
L	17851	697	*	*	*	*	*	AY228111	*
H	17851	85	89.4	+	0	0	128I49MD35M485I	New.CleanUp.ReferenceOTU291 Mock.3_65215	AY228111
H	2507	82	95.1	+	0	0	11I82M524I	New.CleanUp.ReferenceOTU292 Mock.2_97602	EU821474
H	15232	82	81.7	+	0	0	14D68M1134I	New.CleanUp.ReferenceOTU292 Mock.2_97602	AB627114
H	20373	82	87.8	+	0	0	25I50M3I32M567I	New.CleanUp.ReferenceOTU292 Mock.2_97602	EF190279
H	27106	94	93.6	+	0	0	5D89M469I	New.CleanUp.ReferenceOTU297 Mock.3_45946	HQ897787
H	14672	94	96.8	+	0	0	1706I86MD7M397I	New.CleanUp.ReferenceOTU297 Mock.3_45946	AB245442
H	22234	94	91.5	+	0	0	7D87M1051I	New.CleanUp.ReferenceOTU297 Mock.3_45946	EU926221
H	2663	101	88.1	+	0	0	24I101M287I	New.CleanUp.ReferenceOTU3 Mock.3_31273	DQ286062
H	19864	101	89.1	+	0	0	245I101M259I	New.CleanUp.ReferenceOTU3 Mock.3_31273	DQ683112
H	26107	101	92.1	+	0	0	8I101M287I	New.CleanUp.ReferenceOTU3 Mock.3_31273	GQ376093
H	2663	97	92.8	+	0	0	24I97M291I	New.CleanUp.ReferenceOTU303 Mock.3_23665	DQ286062
H	19864	97	87.6	+	0	0	245I97M263I	New.CleanUp.ReferenceOTU303 Mock.3_23665	DQ683112
L	1235	412	*	*	*	*	*	EF643580	*
H	1235	97	77.3	+	0	0	14I49MI21M9I27M291I	New.CleanUp.ReferenceOTU303 Mock.3_23665	EF643580
L	8179	588	*	*	*	*	*	HQ608055	*
H	8179	91	92.3	+	0	0	8I85M2D4M491I	New.CleanUp.ReferenceOTU304 Mock.1_119625	HQ608055
H	3590	91	89.0	+	0	0	9I66MI25M477I	New.CleanUp.ReferenceOTU304 Mock.1_119625	FJ196614
H	2386	91	94.5	+	0	0	259I83MD7M648I	New.CleanUp.ReferenceOTU304 Mock.1_119625	FJ892747
H	25001	101	84.2	+	0	0	16D85M479I	New.CleanUp.ReferenceOTU318 Mock.3_141	EU568909
H	23330	101	80.2	+	0	0	14D8MI79M1070I	New.CleanUp.ReferenceOTU318 Mock.3_141	FJ865435
H	3055	101	78.2	+	0	0	9I52M3I25M10I24M1998I	New.CleanUp.ReferenceOTU318 Mock.3_141	EU825956
H	2663	97	91.8	+	0	0	24I97M291I	New.CleanUp.ReferenceOTU335 Mock.2_65750	DQ286062
H	165	97	88.7	+	0	0	227I97M262I	New.CleanUp.ReferenceOTU335 Mock.2_65750	DQ680681
H	26107	97	92.8	+	0	0	8I97M291I	New.CleanUp.ReferenceOTU335 Mock.2_65750	GQ376093
H	17320	101	83.2	+	0	0	16D64M2I21M649I	New.CleanUp.ReferenceOTU342 Mock.3_55903	AM279696
H	17317	101	83.2	+	0	0	16D64MI21M604I	New.CleanUp.ReferenceOTU342 Mock.3_55903	AM279464
H	18812	101	78.2	+	0	0	1738I59M8I42M670I	New.CleanUp.ReferenceOTU342 Mock.3_55903	AY881650
H	2507	101	94.1	+	0	0	11I101M505I	New.CleanUp.ReferenceOTU350 Mock.1_33365	EU821474
H	19365	101	93.1	+	0	0	271I89M2D10M721I	New.CleanUp.ReferenceOTU350 Mock.1_33365	DQ318208
H	15232	101	81.2	+	0	0	14D81MI6M1114I	New.CleanUp.ReferenceOTU350 Mock.1_33365	AB627114
H	2507	101	96.0	+	0	0	11I101M505I	New.CleanUp.ReferenceOTU357 Mock.1_102185	EU821474
H	15232	101	84.2	+	0	0	14D81MI6M1114I	New.CleanUp.ReferenceOTU357 Mock.1_102185	AB627114
H	20373	101	84.2	+	0	0	25I50M3I33M7I18M541I	New.CleanUp.ReferenceOTU357 Mock.1_102185	EF190279
H	22967	91	94.5	+	0	0	23I91M447I	New.CleanUp.ReferenceOTU36 Mock.3_121542	FJ624262
H	22231	91	94.5	+	0	0	10I91M488I	New.CleanUp.ReferenceOTU36 Mock.3_121542	FJ582636
H	20446	91	93.4	+	0	0	1744I91M156I	New.CleanUp.ReferenceOTU36 Mock.3_121542	EF397557
H	25613	92	94.6	+	0	0	95I53MI14MD24M750I	New.CleanUp.ReferenceOTU364 Mock.1_33527	EU750686
H	22231	92	92.4	+	0	0	10I92M487I	New.CleanUp.ReferenceOTU364 Mock.1_33527	FJ582636
H	22967	92	92.4	+	0	0	23I92M446I	New.CleanUp.ReferenceOTU364 Mock.1_33527	FJ624262
H	22231	88	96.6	+	0	0	10I88M491I	New.CleanUp.ReferenceOTU365 Mock.3_145787	FJ582636
H	25126	88	95.5	+	0	0	22I88M473I	New.CleanUp.ReferenceOTU365 Mock.3_145787	FJ904916
H	22967	88	96.6	+	0	0	23I88M450I	New.CleanUp.ReferenceOTU365 Mock.3_145787	FJ624262
H	27106	96	92.7	+	0	0	5D91M467I	New.CleanUp.ReferenceOTU368 Mock.3_46301	HQ897787
H	20446	96	96.9	+	0	0	1744I85MD10M152I	New.CleanUp.ReferenceOTU368 Mock.3_46301	EF397557
H	25126	96	96.9	+	0	0	22I85MD10M466I	New.CleanUp.ReferenceOTU368 Mock.3_46301	FJ904916
H	21482	84	96.4	+	0	0	9I84M480I	New.CleanUp.ReferenceOTU37 Mock.1_109502	EU551202
H	25514	84	96.4	+	0	0	167I84M487I	New.CleanUp.ReferenceOTU37 Mock.1_109502	AM901674
H	4539	84	95.2	+	0	0	61I84M472I	New.CleanUp.ReferenceOTU37 Mock.1_109502	DQ132818
H	27106	94	92.6	+	0	0	5D89M469I	New.CleanUp.ReferenceOTU389 Mock.2_38543	HQ897787
H	20446	94	96.8	+	0	0	1744I85MD8M154I	New.CleanUp.ReferenceOTU389 Mock.2_38543	EF397557
H	14672	94	96.8	+	0	0	1706I85MD8M397I	New.CleanUp.ReferenceOTU389 Mock.2_38543	AB245442
L	9679	1083	*	*	*	*	*	AY271809	*
H	9679	89	93.3	+	0	0	247I89M747I	New.CleanUp.ReferenceOTU39 Mock.2_73658	AY271809
L	1821	529	*	*	*	*	*	GU062298	*
H	1821	89	93.3	+	0	0	11I89M429I	New.CleanUp.ReferenceOTU39 Mock.2_73658	GU062298
L	25135	968	*	*	*	*	*	GU722596	*
H	25135	89	93.3	+	0	0	213I89M666I	New.CleanUp.ReferenceOTU39 Mock.2_73658	GU722596
H	25215	93	96.8	+	0	0	18I93M349I	New.CleanUp.ReferenceOTU4 Mock.2_151774	FJ861384
H	28129	93	96.8	+	0	0	1712I93M1156I	New.CleanUp.ReferenceOTU4 Mock.2_151774	GQ458041
H	163	93	91.4	+	0	0	4D89M532I	New.CleanUp.ReferenceOTU4 Mock.2_151774	DQ667978
H	22231	96	94.8	+	0	0	10I87MD8M484I	New.CleanUp.ReferenceOTU408 Mock.1_71934	FJ582636
H	27106	96	91.7	+	0	0	5D91M467I	New.CleanUp.ReferenceOTU408 Mock.1_71934	HQ897787
H	22967	96	94.8	+	0	0	23I87MD8M443I	New.CleanUp.ReferenceOTU408 Mock.1_71934	FJ624262
H	2507	101	95.0	+	0	0	11I101M505I	New.CleanUp.ReferenceOTU41 Mock.2_112899	EU821474
H	15232	101	86.1	+	0	0	14D87M1115I	New.CleanUp.ReferenceOTU41 Mock.2_112899	AB627114
H	13030	101	87.1	+	0	0	10I49MD32M7I19M481I	New.CleanUp.ReferenceOTU41 Mock.2_112899	EU551193
L	14335	614	*	*	*	*	*	FJ810138	*
H	14335	91	95.6	+	0	0	8I70M2I15M2D4M515I	New.CleanUp.ReferenceOTU410 Mock.1_23990	FJ810138
L	7671	615	*	*	*	*	*	FJ810136	*
H	7671	91	95.6	+	0	0	8I70M2I15M2D4M516I	New.CleanUp.ReferenceOTU410 Mock.1_23990	FJ810136
L	7900	1441	*	*	*	*	*	AB360370	*
H	7900	91	92.3	+	0	0	285I69MI22M1064I	New.CleanUp.ReferenceOTU410 Mock.1_23990	AB360370
H	14432	79	96.2	+	0	0	23I79M426I	New.CleanUp.ReferenceOTU415 Mock.2_73927	GU062251
H	22488	79	96.2	+	0	0	21I79M439I	New.CleanUp.ReferenceOTU415 Mock.2_73927	FJ210600
L	22489	452	*	*	*	*	*	FJ210631	*
H	22489	79	94.9	+	0	0	16I79M357I	New.CleanUp.ReferenceOTU415 Mock.2_73927	FJ210631
H	165	97	94.8	+	0	0	227I97M262I	New.CleanUp.ReferenceOTU43 Mock.3_4617	DQ680681
H	26107	97	96.9	+	0	0	8I97M291I	New.CleanUp.ReferenceOTU43 Mock.3_4617	GQ376093
H	8643	97	81.4	+	0	0	15D82M150I	New.CleanUp.ReferenceOTU43 Mock.3_4617	FJ499461
H	2507	101	95.0	+	0	0	11I101M505I	New.CleanUp.ReferenceOTU44 Mock.1_23081	EU821474
L	13582	1746	*	*	*	*	*	AB027375	*
H	13582	101	80.2	+	0	0	171I50M2I35M4I16M1468I	New.CleanUp.ReferenceOTU44 Mock.1_23081	AB027375
L	1952	892	*	*	*	*	*	EU315012	*
H	1952	101	81.2	+	0	0	315I50MD39M3D8M480I	New.CleanUp.ReferenceOTU44 Mock.1_23081	EU315012
H	4539	97	95.9	+	0	0	61I97M459I	New.CleanUp.ReferenceOTU50 Mock.3_52885	DQ132818
H	21482	97	96.9	+	0	0	9I97M467I	New.CleanUp.ReferenceOTU50 Mock.3_52885	EU551202
H	7271	97	93.8	+	0	0	24I97M510I	New.CleanUp.ReferenceOTU50 Mock.3_52885	GQ120993
L	1982	610	*	*	*	*	*	EU833211	*
H	1982	101	96.0	+	0	0	8I33MI68M500I	New.CleanUp.ReferenceOTU51 Mock.3_107013	EU833211
H	22593	101	96.0	+	0	0	111I101M504I	New.CleanUp.ReferenceOTU51 Mock.3_107013	FN548146
H	7271	101	96.0	+	0	0	24I101M506I	New.CleanUp.ReferenceOTU51 Mock.3_107013	GQ120993
H	27106	96	94.8	+	0	0	5D91M467I	New.CleanUp.ReferenceOTU55 Mock.1_98753	HQ897787
H	22234	96	92.7	+	0	0	7D89M1049I	New.CleanUp.ReferenceOTU55 Mock.1_98753	EU926221
L	5665	1148	*	*	*	*	*	GQ505458	*
H	5665	96	94.8	+	0	0	3D83MD9M1056I	New.CleanUp.ReferenceOTU55 Mock.1_98753	GQ505458
H	2507	89	95.5	+	0	0	11I89M517I	New.CleanUp.ReferenceOTU63 Mock.3_147233	EU821474
H	15232	89	82.0	+	0	0	14D75M1127I	New.CleanUp.ReferenceOTU63 Mock.3_147233	AB627114
H	13030	89	86.5	+	0	0	10I49MD39M500I	New.CleanUp.ReferenceOTU63 Mock.3_147233	EU551193
H	14810	96	83.3	+	0	0	16D80M430I	New.CleanUp.ReferenceOTU69 Mock.3_151410	FJ515204
H	717	96	80.2	+	0	0	12D84M404I	New.CleanUp.ReferenceOTU69 Mock.3_151410	EF203939
H	261	96	92.7	+	0	0	3D93M424I	New.CleanUp.ReferenceOTU69 Mock.3_151410	DQ871598
H	27106	89	93.3	+	0	0	5D84M474I	New.CleanUp.ReferenceOTU7 Mock.2_150072	HQ897787
H	22231	89	94.4	+	0	0	10I89M490I	New.CleanUp.ReferenceOTU7 Mock.2_150072	FJ582636
H	25126	89	93.3	+	0	0	22I89M472I	New.CleanUp.ReferenceOTU7 Mock.2_150072	FJ904916
H	2663	92	96.7	+	0	0	24I92M296I	New.CleanUp.ReferenceOTU78 Mock.3_72672	DQ286062
H	26107	92	91.3	+	0	0	8I92M296I	New.CleanUp.ReferenceOTU78 Mock.3_72672	GQ376093
H	165	92	87.0	+	0	0	227I92M267I	New.CleanUp.ReferenceOTU78 Mock.3_72672	DQ680681
H	2663	101	94.1	+	0	0	24I101M287I	New.CleanUp.ReferenceOTU86 Mock.1_76828	DQ286062
H	14881	101	80.2	+	0	0	14D8MI79M288I	New.CleanUp.ReferenceOTU86 Mock.1_76828	DQ907937
H	26107	101	90.1	+	0	0	8I101M287I	New.CleanUp.ReferenceOTU86 Mock.1_76828	GQ376093
D	261	4	*	*	*	*	92.8	DQ871598	*
D	2386	2	*	*	*	*	94.5	FJ892747	*
D	2507	14	*	*	*	*	95.7	EU821474	*
D	2663	10	*	*	*	*	94.9	DQ286062	*
D	3195	2	*	*	*	*	100.0	EU714323	*
D	3232	2	*	*	*	*	98.0	EF687948	*
D	3590	2	*	*	*	*	100.0	FJ196614	*
D	5443	2	*	*	*	*	87.1	GQ458034	*
D	5665	2	*	*	*	*	94.8	GQ505458	*
D	6721	5	*	*	*	*	97.2	HM216212	*
D	7271	3	*	*	*	*	96.0	GQ120993	*
D	7671	2	*	*	*	*	95.6	FJ810136	*
D	10671	2	*	*	*	*	98.8	GU062255	*
D	11135	2	*	*	*	*	98.8	EF601622	*
D	12667	2	*	*	*	*	99.0	AY729076	*
D	14432	2	*	*	*	*	100.0	GU062251	*
D	14672	5	*	*	*	*	97.2	AB245442	*
D	14810	2	*	*	*	*	81.2	FJ515204	*
D	15479	2	*	*	*	*	100.0	AF081478	*
D	17317	2	*	*	*	*	83.2	AM279464	*
D	17320	3	*	*	*	*	82.3	AM279696	*
D	18019	2	*	*	*	*	100.0	GQ376079	*
D	19237	2	*	*	*	*	99.0	GQ120969	*
D	19864	4	*	*	*	*	91.1	DQ683112	*
D	20446	3	*	*	*	*	98.0	EF397557	*
D	21251	2	*	*	*	*	94.6	EU330631	*
D	21482	6	*	*	*	*	97.8	EU551202	*
D	22231	9	*	*	*	*	95.6	FJ582636	*
D	22488	2	*	*	*	*	96.2	FJ210600	*
D	22593	5	*	*	*	*	97.5	FN548146	*
D	22967	5	*	*	*	*	97.0	FJ624262	*
D	23330	2	*	*	*	*	85.1	FJ865435	*
D	24610	2	*	*	*	*	100.0	GQ376083	*
D	25001	2	*	*	*	*	84.2	EU568909	*
D	25126	2	*	*	*	*	96.9	FJ904916	*
D	25135	2	*	*	*	*	93.3	GU722596	*
D	25215	3	*	*	*	*	98.0	FJ861384	*
D	25514	2	*	*	*	*	96.4	AM901674	*
D	25613	2	*	*	*	*	94.6	EU750686	*
D	25840	2	*	*	*	*	100.0	FJ878626	*
D	26107	19	*	*	*	*	93.9	GQ376093	*
D	26872	2	*	*	*	*	99.0	GU212865	*
D	27106	3	*	*	*	*	91.7	HQ897787	*
D	28129	2	*	*	*	*	96.8	GQ458041	*
