UclustConsensusTaxonAssigner parameters:
id_to_taxonomy_filepath:/Users/nbokulich/Desktop/projects/short-read-tax-assignment/data/ref_dbs/gg_13_8_otus/99_otu_taxonomy_clean.tsv
id_to_taxonomy_fp:/Users/nbokulich/Desktop/projects/short-read-tax-assignment/data/ref_dbs/gg_13_8_otus/99_otu_taxonomy_clean.tsv
max_accepts:1
min_consensus_fraction:0.51
reference_sequences_fp:/Users/nbokulich/Desktop/projects/short-read-tax-assignment/data/ref_dbs/gg_13_8_otus/99_otus_clean_515f-806r_trim250.fasta
similarity:0.9
unassignable_label:Unassigned
Result path: /var/folders/0t/l1dz88p50y91vx_22fx5w3780000gn/T/assign-taxtyXBrm

.uc file contents:

# uclust --input /Users/nbokulich/Desktop/projects/short-read-tax-assignment/data/mock-community/mock-12/rep_seqs.fna --id 0.9 --rev --maxaccepts 1 --allhits --libonly --lib /Users/nbokulich/Desktop/projects/short-read-tax-assignment/data/ref_dbs/gg_13_8_otus/99_otus_clean_515f-806r_trim250.fasta --uc /var/folders/0t/l1dz88p50y91vx_22fx5w3780000gn/T/UclustConsensusTaxonAssigner_N30lZX.uc
# version=1.2.22
# Tab-separated fields:
# 1=Type, 2=ClusterNr, 3=SeqLength or ClusterSize, 4=PctId, 5=Strand, 6=QueryStart, 7=SeedStart, 8=Alignment, 9=QueryLabel, 10=TargetLabel
# Record types (field 1): L=LibSeed, S=NewSeed, H=Hit, R=Reject, D=LibCluster, C=NewCluster, N=NoHit
# For C and D types, PctId is average id with seed.
# QueryStart and SeedStart are zero-based relative to start of sequence.
# If minus strand, SeedStart is relative to reverse-complemented seed.
L	10591	250	*	*	*	*	*	13964	*
H	10591	230	93.5	+	0	0	19I230MI	a6d1860b6bf5615fc613634b63ab3791	13964
L	12816	250	*	*	*	*	*	2369177	*
H	12816	230	100.0	+	0	0	19I230MI	cfcb8284d80dd023c6fd9d61312af1d8	2369177
N	*	230	*	*	*	*	*	c1870701bcef25871d6699598a49159c	*
N	*	230	*	*	*	*	*	f0a1772c40f8a64264b56b88d829f934	*
N	*	230	*	*	*	*	*	f9174a9d882c310dc594ec0f5cb166f0	*
L	6263	250	*	*	*	*	*	266948	*
H	6263	230	95.2	+	0	0	19I186MD43M2I	303617ac1bc78d19251577344c18892f	266948
N	*	230	*	*	*	*	*	22571139b35b5642337c7d3f31b20af4	*
N	*	230	*	*	*	*	*	0f34f99802425f80a3e7fde752e84238	*
L	13680	250	*	*	*	*	*	1136534	*
H	13680	230	93.0	+	0	0	19I230MI	e654beaa33ec864ca7aec57dd842a14e	1136534
L	14821	250	*	*	*	*	*	1135163	*
H	14821	230	100.0	+	0	0	19I230MI	bc138f458e9c90a6a8487dba7d9ede14	1135163
L	13113	250	*	*	*	*	*	2532173	*
H	13113	230	99.1	+	0	0	19I230MI	ecfe45379005a07b2ad9a87cddd291b9	2532173
N	*	230	*	*	*	*	*	a062f07ad89e80f4f9a1ee0c81a8334c	*
L	18579	250	*	*	*	*	*	4402960	*
H	18579	230	100.0	+	0	0	19I230MI	5ab60e73094bd711e41cd958b157c7b3	4402960
L	15560	250	*	*	*	*	*	824624	*
H	15560	230	91.3	+	0	0	19I230MI	84696c92befed33e46fcc9e4160354ac	824624
N	*	230	*	*	*	*	*	8e8427589ef2c911a1c89270a150333e	*
L	5368	250	*	*	*	*	*	311712	*
H	5368	230	96.5	+	0	0	19I230MI	bbefdacc1a80d109e0c0b727ca4775cb	311712
L	8168	250	*	*	*	*	*	175487	*
H	8168	230	100.0	+	0	0	19I230MI	1ac885d2bb1d47dc5c88ff3c128f0ce4	175487
L	12565	250	*	*	*	*	*	1123511	*
H	12565	230	100.0	+	0	0	19I230MI	3f693a4611b53005eb100e1d9f7d9ee1	1123511
L	7296	250	*	*	*	*	*	197391	*
H	7296	230	92.2	+	0	0	19I230MI	fe5ce675ecaf8987b7478869bc2ddc22	197391
L	14852	250	*	*	*	*	*	3530694	*
H	14852	230	100.0	+	0	0	19I230MI	82fc1bb08f127463f429ad78a824b9d7	3530694
L	10021	250	*	*	*	*	*	70424	*
H	10021	230	94.8	+	0	0	19I230MI	7e3791f09abc425670b6880f0997ee03	70424
L	5507	250	*	*	*	*	*	303791	*
H	5507	230	100.0	+	0	0	19I230MI	046eda50a35026405dbc524a8deb4d5c	303791
N	*	230	*	*	*	*	*	f977ecaa1c3da8ac1edd50d598eb2bd7	*
L	13771	250	*	*	*	*	*	2922551	*
H	13771	230	100.0	+	0	0	19I230MI	756c0110efd5a41f61b55ef28b369c2a	2922551
N	*	230	*	*	*	*	*	cf132490c314d6926b4b84814ffc0866	*
L	2368	250	*	*	*	*	*	564101	*
H	2368	230	100.0	+	0	0	19I230MI	52e6a0dd436c14c3322767dc57d7ac5a	564101
N	*	230	*	*	*	*	*	ef0fb046dc33825cfb63c7d0aa6d2615	*
N	*	230	*	*	*	*	*	41d80ebc7eb28d4c44517ceb40384b38	*
L	4638	250	*	*	*	*	*	355066	*
H	4638	230	100.0	+	0	0	19I230MI	a1cbe24209a517f3891b7b6d1dacd623	355066
L	7412	250	*	*	*	*	*	194286	*
H	7412	230	95.7	+	0	0	19I230MI	341ed9a218147a2296fce71fb47bf336	194286
L	2806	250	*	*	*	*	*	538986	*
H	2806	230	93.9	+	0	0	19I230MI	5ab36b91383217550cadbed97134f934	538986
N	*	230	*	*	*	*	*	38ef9d2cc4a1d593f6559d2ec3ff974c	*
N	*	230	*	*	*	*	*	e1ba8e0b88a8feab180ffbe4aa8d2369	*
N	*	230	*	*	*	*	*	fbac9057e8ebfd4d6bceaa009640cf08	*
N	*	230	*	*	*	*	*	0943c39857d8a44162fc70064f39be71	*
N	*	230	*	*	*	*	*	72b1cd594f204e3f151d99aec46d5b6d	*
L	10479	250	*	*	*	*	*	16026	*
H	10479	230	93.0	+	0	0	19I230MI	6c3ce04098719f17c16e4a75fc544253	16026
L	1797	250	*	*	*	*	*	594381	*
H	1797	230	93.9	+	0	0	17I230M3I	4eb5755da0fe3e996a6dd2832227f7fc	594381
L	2787	250	*	*	*	*	*	539939	*
H	2787	230	90.9	+	0	0	19I230MI	c97c5b544559b09fcf47226bb5d1de4c	539939
L	2115	250	*	*	*	*	*	578016	*
H	2115	230	100.0	+	0	0	19I230MI	d7c31b5cc0b7832b92c61274a0bac949	578016
L	19764	250	*	*	*	*	*	4459960	*
H	19764	230	94.8	+	0	0	19I230MI	d5527857cf2798a1b5afaf8f55f096d9	4459960
N	*	230	*	*	*	*	*	5b4a618e5c1c893d4d942e31b98dc880	*
N	*	230	*	*	*	*	*	2927b4a21a76bbc587ccc631d8516b18	*
L	14018	250	*	*	*	*	*	3073467	*
H	14018	230	99.1	+	0	0	19I230MI	de5d57d2d7056c3f76772d2b65c5c3b4	3073467
L	5194	250	*	*	*	*	*	322658	*
H	5194	230	94.8	+	0	0	19I230MI	ab2c540a4a57e0c6d883d8a09cca5936	322658
L	17967	250	*	*	*	*	*	4372625	*
H	17967	230	99.6	+	0	0	19I230MI	5d7bbc31e92b1edc2fef0d5805ec9577	4372625
N	*	230	*	*	*	*	*	2e8a461857ec59b2793b104611e34e35	*
N	*	230	*	*	*	*	*	8cade31847b2654c79898e92be8982bd	*
L	9227	250	*	*	*	*	*	130864	*
H	9227	230	96.1	+	0	0	19I230MI	9eeddade664ad8c36aefda83e3242a80	130864
L	8123	250	*	*	*	*	*	176743	*
H	8123	230	100.0	+	0	0	19I230MI	8d397d8f69a3c2b0428cef4df39b9393	176743
L	5721	250	*	*	*	*	*	295205	*
H	5721	230	95.7	+	0	0	19I230MI	fe01cf4b76e155432c3886313a2cca75	295205
L	10213	250	*	*	*	*	*	45363	*
H	10213	230	99.6	+	0	0	19I230MI	a7971bfec5d5e0bad28ba1dc46542270	45363
H	18579	230	99.6	+	0	0	19I230MI	9d9809ba40b5222f3f83d52fce13636a	4402960
L	5861	250	*	*	*	*	*	289622	*
H	5861	230	100.0	+	0	0	19I230MI	88a38befddba3aa2a3dc1f24b466ebc6	289622
H	2115	230	99.6	+	0	0	19I230MI	046977e760ad1f9d187dac03a44350ca	578016
H	7412	230	95.2	+	0	0	19I230MI	157b3b6396be7e365c19cdd004a3420b	194286
H	5194	230	97.4	+	0	0	19I230MI	47c354758b3992c2763c692080a36d12	322658
N	*	230	*	*	*	*	*	5b67f48d83ec499d96f97ca0728c16be	*
N	*	230	*	*	*	*	*	5c7f198e49fbbe00d68b129e69ecd718	*
N	*	230	*	*	*	*	*	68b9afb39c3764e38c5574f427de8c1e	*
L	12835	250	*	*	*	*	*	1124170	*
H	12835	230	100.0	+	0	0	19I230MI	55678a199dd19cdc93fd7150fb4553c7	1124170
L	3993	250	*	*	*	*	*	416537	*
H	3993	230	98.7	+	0	0	19I230MI	5d1ec5a2e9b4786dae9b963d3a27e6b7	416537
L	19365	250	*	*	*	*	*	4441156	*
H	19365	230	100.0	+	0	0	19I230MI	8be3f70c35fe55141ee806d3f28b6971	4441156
N	*	230	*	*	*	*	*	3b652b730a1104c2df5293a959820618	*
L	10084	250	*	*	*	*	*	62513	*
H	10084	230	93.5	+	0	0	19I230MI	d50a600138dada5647d2fa5c90734408	62513
H	10213	230	100.0	+	0	0	19I230MI	e9d43770dfa14a6d4cd0f932e56010aa	45363
L	9961	250	*	*	*	*	*	73484	*
H	9961	230	100.0	+	0	0	19I230MI	b1c2c90bab524b14280e60cbf5b5adbd	73484
N	*	230	*	*	*	*	*	7e454d37f292ad151e91a692cf881f8a	*
L	5625	250	*	*	*	*	*	299458	*
H	5625	230	97.4	+	0	0	19I230MI	355f61355dc398a1b19d5875dc10148a	299458
L	15628	250	*	*	*	*	*	3971507	*
H	15628	230	93.9	+	0	0	19I230MI	97f55ea52a9d1fc04c5278190a286d1b	3971507
N	*	230	*	*	*	*	*	1d474c5dad0311d0c0d4004fd66ee40b	*
L	1210	250	*	*	*	*	*	839512	*
H	1210	230	100.0	+	0	0	19I230MI	857ac6bbd1984468e629ae03aab15277	839512
L	16664	250	*	*	*	*	*	4313041	*
H	16664	230	100.0	+	0	0	19I230MI	1704f7a2b353ead90cc706964b1e19c0	4313041
N	*	230	*	*	*	*	*	0a17a9d1febc9cefdd987a94bcc7880b	*
N	*	230	*	*	*	*	*	2b4a0f403d00067ac9e10c3d0f49ab59	*
L	5663	250	*	*	*	*	*	297509	*
H	5663	230	94.8	+	0	0	19I89MD140M2I	8d2faa510138f5c5abe335c5d0bf5bee	297509
N	*	230	*	*	*	*	*	c6fc1334b016a8ae39e8ba2a60e40dda	*
L	8149	250	*	*	*	*	*	175998	*
H	8149	230	94.3	+	0	0	19I230MI	ceb8a4604dd8cd75df7bf45aaf069672	175998
N	*	230	*	*	*	*	*	2af471e7f8ff7af2d93a602d2bf95b91	*
N	*	230	*	*	*	*	*	86437caf55f1a6ef89518bd0958501f8	*
L	9584	250	*	*	*	*	*	103489	*
H	9584	230	96.5	+	0	0	19I230MI	44190b2886ccca6c279b2fcc40c003af	103489
L	2458	250	*	*	*	*	*	559332	*
H	2458	230	93.5	+	0	0	19I230MI	ddd27106eb90945e8276ca2f1ef3e2bb	559332
N	*	230	*	*	*	*	*	cb642890d82b3db61e34fe07d51db002	*
L	10431	250	*	*	*	*	*	19113	*
H	10431	230	92.2	+	0	0	19I230MI	81a622b3d0dbe80bf64f3014dbbad0c0	19113
N	*	230	*	*	*	*	*	9e95a9d794f5d56d65968df24cb0a924	*
L	2529	250	*	*	*	*	*	555445	*
H	2529	230	94.3	+	0	0	19I230MI	3775075b95cf61a21f4923a20a15059d	555445
L	11624	250	*	*	*	*	*	1740276	*
H	11624	230	100.0	+	0	0	19I230MI	772ad87ca9bb3c2819df902cb88563e3	1740276
L	17792	250	*	*	*	*	*	4365565	*
H	17792	230	100.0	+	0	0	19I230MI	8ff8c98a114b0dda101d4249d0c22f7e	4365565
L	13090	250	*	*	*	*	*	1108705	*
H	13090	230	100.0	+	0	0	19I230MI	5e61976be7857d74a154bf38524c825c	1108705
H	18579	230	99.6	+	0	0	19I230MI	cdafaee56de9bd8db4a90167990c8102	4402960
N	*	230	*	*	*	*	*	6d33677221abde596c2fcb87bfed7709	*
N	*	230	*	*	*	*	*	5295ee1b9bcb69844d4c1de37f98b136	*
N	*	230	*	*	*	*	*	a455e384cc6de4371226a132299f659f	*
N	*	230	*	*	*	*	*	cc87f239394ef8de0383b6de2172451f	*
H	19764	230	97.4	+	0	0	19I230MI	66190f1cecbb6469c396a2296d88ef19	4459960
N	*	230	*	*	*	*	*	57e03ada544127242adcb5e9be083af4	*
D	1210	2	*	*	*	*	100.0	839512	*
D	1797	2	*	*	*	*	93.9	594381	*
D	2115	3	*	*	*	*	99.8	578016	*
D	2368	2	*	*	*	*	100.0	564101	*
D	2458	2	*	*	*	*	93.5	559332	*
D	2529	2	*	*	*	*	94.3	555445	*
D	2787	2	*	*	*	*	90.9	539939	*
D	2806	2	*	*	*	*	93.9	538986	*
D	3993	2	*	*	*	*	98.7	416537	*
D	4638	2	*	*	*	*	100.0	355066	*
D	5194	3	*	*	*	*	96.1	322658	*
D	5368	2	*	*	*	*	96.5	311712	*
D	5507	2	*	*	*	*	100.0	303791	*
D	5625	2	*	*	*	*	97.4	299458	*
D	5663	2	*	*	*	*	94.8	297509	*
D	5721	2	*	*	*	*	95.7	295205	*
D	5861	2	*	*	*	*	100.0	289622	*
D	6263	2	*	*	*	*	95.2	266948	*
D	7296	2	*	*	*	*	92.2	197391	*
D	7412	3	*	*	*	*	95.4	194286	*
D	8123	2	*	*	*	*	100.0	176743	*
D	8149	2	*	*	*	*	94.3	175998	*
D	8168	2	*	*	*	*	100.0	175487	*
D	9227	2	*	*	*	*	96.1	130864	*
D	9584	2	*	*	*	*	96.5	103489	*
D	9961	2	*	*	*	*	100.0	73484	*
D	10021	2	*	*	*	*	94.8	70424	*
D	10084	2	*	*	*	*	93.5	62513	*
D	10213	3	*	*	*	*	99.8	45363	*
D	10431	2	*	*	*	*	92.2	19113	*
D	10479	2	*	*	*	*	93.0	16026	*
D	10591	2	*	*	*	*	93.5	13964	*
D	11624	2	*	*	*	*	100.0	1740276	*
D	12565	2	*	*	*	*	100.0	1123511	*
D	12816	2	*	*	*	*	100.0	2369177	*
D	12835	2	*	*	*	*	100.0	1124170	*
D	13090	2	*	*	*	*	100.0	1108705	*
D	13113	2	*	*	*	*	99.1	2532173	*
D	13680	2	*	*	*	*	93.0	1136534	*
D	13771	2	*	*	*	*	100.0	2922551	*
D	14018	2	*	*	*	*	99.1	3073467	*
D	14821	2	*	*	*	*	100.0	1135163	*
D	14852	2	*	*	*	*	100.0	3530694	*
D	15560	2	*	*	*	*	91.3	824624	*
D	15628	2	*	*	*	*	93.9	3971507	*
D	16664	2	*	*	*	*	100.0	4313041	*
D	17792	2	*	*	*	*	100.0	4365565	*
D	17967	2	*	*	*	*	99.6	4372625	*
D	18579	4	*	*	*	*	99.7	4402960	*
D	19365	2	*	*	*	*	100.0	4441156	*
D	19764	3	*	*	*	*	96.1	4459960	*
