UclustConsensusTaxonAssigner parameters:
id_to_taxonomy_filepath:/Users/nbokulich/Desktop/ref_dbs/gg_13_8_otus/taxonomy/99_otu_taxonomy.txt
id_to_taxonomy_fp:/Users/nbokulich/Desktop/ref_dbs/gg_13_8_otus/taxonomy/99_otu_taxonomy.txt
max_accepts:1
min_consensus_fraction:1.0
reference_sequences_fp:/Users/nbokulich/Desktop/ref_dbs/gg_13_8_otus/rep_set/99_otus/dna-sequences.fasta
similarity:0.9
unassignable_label:Unassigned
Result path: /var/folders/0t/l1dz88p50y91vx_22fx5w3780000gn/T/assign-taxDVeURf

.uc file contents:

# uclust --input /Users/nbokulich/Desktop/projects/short-read-tax-assignment/data/mock-community/mock-4/rep_seqs.fna --id 0.9 --rev --maxaccepts 1 --allhits --libonly --lib /Users/nbokulich/Desktop/ref_dbs/gg_13_8_otus/rep_set/99_otus/dna-sequences.fasta --uc /var/folders/0t/l1dz88p50y91vx_22fx5w3780000gn/T/UclustConsensusTaxonAssigner_D2tBnl.uc
# version=1.2.22
# Tab-separated fields:
# 1=Type, 2=ClusterNr, 3=SeqLength or ClusterSize, 4=PctId, 5=Strand, 6=QueryStart, 7=SeedStart, 8=Alignment, 9=QueryLabel, 10=TargetLabel
# Record types (field 1): L=LibSeed, S=NewSeed, H=Hit, R=Reject, D=LibCluster, C=NewCluster, N=NoHit
# For C and D types, PctId is average id with seed.
# QueryStart and SeedStart are zero-based relative to start of sequence.
# If minus strand, SeedStart is relative to reverse-complemented seed.
L	120577	250	*	*	*	*	*	823090	*
H	120577	150	98.0	+	0	0	150M100I	8fab89bbb0ea43bd7ca5f5fd182506a5	823090
L	166988	250	*	*	*	*	*	4326794	*
H	166988	150	100.0	+	0	0	150M100I	dcb7b288381ec22163253cc31ca4bb57	4326794
L	89405	250	*	*	*	*	*	172359	*
H	89405	150	100.0	+	0	0	150M100I	c4269a6e9bd66eca53e710c9f9d9ad4f	172359
L	131824	250	*	*	*	*	*	984766	*
H	131824	150	100.0	+	0	0	150M100I	67235d72777dee5f2000c1e478dd6418	984766
L	53210	250	*	*	*	*	*	319596	*
H	53210	150	100.0	+	0	0	150M100I	0374d69a06fe46ad16ded615ae85090d	319596
L	39630	250	*	*	*	*	*	439559	*
H	39630	150	99.3	+	0	0	150M100I	3ffcfd0d3dfc80d4bdc4b0683f93c8c8	439559
L	32614	250	*	*	*	*	*	532163	*
H	32614	150	99.3	+	0	0	150M100I	c3ba1fb2c5cc693c3d71073d845a696f	532163
L	62598	250	*	*	*	*	*	278680	*
H	62598	150	100.0	+	0	0	150M100I	e66860dbaac1010e5b69f9780d84b3b2	278680
H	131824	150	92.0	+	0	0	150M100I	d0a6a3282a63574a9ebb620d4f7f08da	984766
L	198123	250	*	*	*	*	*	840006	*
H	198123	150	99.3	+	0	0	150M100I	d9e724faff24eeeb7ac7fcc5cc7885b6	840006
L	101208	250	*	*	*	*	*	108736	*
H	101208	150	100.0	+	0	0	150M100I	6ed7152332889b69d2d2f33c53b68934	108736
L	98951	250	*	*	*	*	*	128604	*
H	98951	150	100.0	+	0	0	150M100I	86adb6193435090318cf24df07770d07	128604
L	31002	250	*	*	*	*	*	538900	*
H	31002	150	100.0	+	0	0	150M100I	94b000e59b7ac160b0416c9ab45ff0bf	538900
L	133314	250	*	*	*	*	*	1086805	*
H	133314	150	96.7	+	0	0	150M100I	f84b3370827fa1b575703ffd249a10d6	1086805
L	111024	250	*	*	*	*	*	10002	*
H	111024	150	100.0	+	0	0	150M100I	5147cf5e03fda37cd7d06a92925c0b72	10002
N	*	150	*	*	*	*	*	18ced8ffd0e1b19b9bdfd5bc298280a7	*
N	*	150	*	*	*	*	*	824a5153e87ed64fa25bf9425110596f	*
H	39630	150	100.0	+	0	0	150M100I	47ad35356a9bfec68416d32e4f039021	439559
N	*	150	*	*	*	*	*	ed2b66cfbdd8fc4089dea2340729ef37	*
L	6507	250	*	*	*	*	*	898172	*
H	6507	150	100.0	+	0	0	150M100I	29f6e97a2ed3b8abe26bb45acba8451f	898172
L	142112	250	*	*	*	*	*	829597	*
H	142112	150	99.3	+	0	0	150M100I	3df62c132a582a43d98dfebb37cb0aa6	829597
L	169931	250	*	*	*	*	*	4341595	*
H	169931	150	100.0	+	0	0	150M100I	5642c43966bbd7f41c2f0cbe988205ff	4341595
H	32614	150	100.0	+	0	0	150M100I	e25836661b81c9cc3aa99c8b2c7ca14d	532163
N	*	150	*	*	*	*	*	bd65e96bfdca2d01dae634ead91d270b	*
L	106447	250	*	*	*	*	*	66626	*
H	106447	150	100.0	+	0	0	150M100I	53609d8db4e52b4f03beab3bc44ad5ba	66626
L	55967	250	*	*	*	*	*	308167	*
H	55967	150	100.0	+	0	0	150M100I	bc23d2ee539bf2f52faf789289af7879	308167
L	168897	250	*	*	*	*	*	4336516	*
H	168897	150	99.3	+	0	0	150M100I	894866f4d156eb683daa33b6b9246580	4336516
L	164648	250	*	*	*	*	*	4315405	*
H	164648	150	90.7	+	0	0	150M100I	538f3af3b016445f1327de09ab59f5a9	4315405
L	106562	250	*	*	*	*	*	64304	*
H	106562	150	100.0	+	0	0	150M100I	4e9b3c8dd9808d6a78936ceaf96dc0d5	64304
L	161380	250	*	*	*	*	*	4300042	*
H	161380	150	100.0	+	0	0	150M100I	aebf2a74a3aa9e5876c479b1db88985f	4300042
N	*	150	*	*	*	*	*	60bb2c48232abea1dd1425cf69a10999	*
L	163382	250	*	*	*	*	*	4309323	*
H	163382	150	100.0	+	0	0	150M100I	1986030e3c5cd5df6d869054bc96e536	4309323
L	131765	250	*	*	*	*	*	881464	*
H	131765	150	100.0	+	0	0	150M100I	33b601a7a8295e7a6c8f413504129220	881464
L	77335	250	*	*	*	*	*	219151	*
H	77335	150	99.3	+	0	0	150M100I	dcc8b7d0992f57608a5aabd5dbead764	219151
L	105556	250	*	*	*	*	*	77365	*
H	105556	150	100.0	+	0	0	150M100I	075614efc7d3dd61cd64a4e5f17078ae	77365
L	168256	250	*	*	*	*	*	4333287	*
H	168256	150	100.0	+	0	0	150M100I	7a8d29c59b803baaed9cc1f04ce0dc33	4333287
L	159036	250	*	*	*	*	*	4232045	*
H	159036	150	100.0	+	0	0	150M100I	2ffcf53c5728bc9a71f862e99bc454f6	4232045
L	60974	250	*	*	*	*	*	289918	*
H	60974	150	100.0	+	0	0	150M100I	b3fef1e26b7b6ac20847ede4da68547a	289918
H	198123	150	99.3	+	0	0	150M100I	f551bc213661e19bd106b9d2f37c224b	840006
N	*	150	*	*	*	*	*	5bfcfe38b5c279edba6ab27e17db9c35	*
L	77274	250	*	*	*	*	*	219439	*
H	77274	150	100.0	+	0	0	150M100I	9695acecaba71cc9fc1458080b07d1fa	219439
L	91694	250	*	*	*	*	*	160969	*
H	91694	150	100.0	+	0	0	150M100I	74c5523929f4d53f7928f15bc7751994	160969
L	127526	250	*	*	*	*	*	842528	*
H	127526	150	100.0	+	0	0	150M100I	9ac5fec396208e598ab2e2d26985d0df	842528
L	180278	250	*	*	*	*	*	4394913	*
H	180278	150	96.7	+	0	0	150M100I	cf9db0eeccfeb6b3011ceb8d59a95fc3	4394913
H	198123	150	100.0	+	0	0	150M100I	1c86153e1b13ab5322c96f2602b73513	840006
L	39775	250	*	*	*	*	*	434244	*
H	39775	150	97.3	+	0	0	150M100I	659fdb1b7d76daa3b50c79827fdb6071	434244
H	198123	150	96.7	+	0	0	150M100I	39c9cc12af30a7523440042ce4e8e44e	840006
L	16936	250	*	*	*	*	*	609022	*
H	16936	150	99.3	+	0	0	150M100I	b5c29845760062f77e45e52ae862c148	609022
L	147940	250	*	*	*	*	*	3568266	*
H	147940	150	100.0	+	0	0	150M100I	ac5402de1ddf427ab8d2b0a8a0a44f19	3568266
L	165279	250	*	*	*	*	*	4318438	*
H	165279	150	100.0	+	0	0	150M100I	04195686f2b70585790ec75320de0d6f	4318438
N	*	150	*	*	*	*	*	079cebadbb19439f15e42f412f3d71db	*
N	*	150	*	*	*	*	*	1e22ec8824bcfcbee632e1935b25b576	*
L	123769	250	*	*	*	*	*	2141197	*
H	123769	150	99.3	+	0	0	150M100I	df76d62e20057f38d77bbd6286d4cdcb	2141197
D	6507	2	*	*	*	*	100.0	898172	*
D	16936	2	*	*	*	*	99.3	609022	*
D	31002	2	*	*	*	*	100.0	538900	*
D	32614	3	*	*	*	*	99.7	532163	*
D	39630	3	*	*	*	*	99.7	439559	*
D	39775	2	*	*	*	*	97.3	434244	*
D	53210	2	*	*	*	*	100.0	319596	*
D	55967	2	*	*	*	*	100.0	308167	*
D	60974	2	*	*	*	*	100.0	289918	*
D	62598	2	*	*	*	*	100.0	278680	*
D	77274	2	*	*	*	*	100.0	219439	*
D	77335	2	*	*	*	*	99.3	219151	*
D	89405	2	*	*	*	*	100.0	172359	*
D	91694	2	*	*	*	*	100.0	160969	*
D	98951	2	*	*	*	*	100.0	128604	*
D	101208	2	*	*	*	*	100.0	108736	*
D	105556	2	*	*	*	*	100.0	77365	*
D	106447	2	*	*	*	*	100.0	66626	*
D	106562	2	*	*	*	*	100.0	64304	*
D	111024	2	*	*	*	*	100.0	10002	*
D	120577	2	*	*	*	*	98.0	823090	*
D	123769	2	*	*	*	*	99.3	2141197	*
D	127526	2	*	*	*	*	100.0	842528	*
D	131765	2	*	*	*	*	100.0	881464	*
D	131824	3	*	*	*	*	96.0	984766	*
D	133314	2	*	*	*	*	96.7	1086805	*
D	142112	2	*	*	*	*	99.3	829597	*
D	147940	2	*	*	*	*	100.0	3568266	*
D	159036	2	*	*	*	*	100.0	4232045	*
D	161380	2	*	*	*	*	100.0	4300042	*
D	163382	2	*	*	*	*	100.0	4309323	*
D	164648	2	*	*	*	*	90.7	4315405	*
D	165279	2	*	*	*	*	100.0	4318438	*
D	166988	2	*	*	*	*	100.0	4326794	*
D	168256	2	*	*	*	*	100.0	4333287	*
D	168897	2	*	*	*	*	99.3	4336516	*
D	169931	2	*	*	*	*	100.0	4341595	*
D	180278	2	*	*	*	*	96.7	4394913	*
D	198123	5	*	*	*	*	98.8	840006	*
