UclustConsensusTaxonAssigner parameters:
id_to_taxonomy_filepath:/home/nbokulic/gg_13_5/gg_13_5_otus/taxonomy/97_otu_taxonomy_MOD.txt
id_to_taxonomy_fp:/home/nbokulic/gg_13_5/gg_13_5_otus/taxonomy/97_otu_taxonomy_MOD.txt
max_accepts:3
min_consensus_fraction:1.0
reference_sequences_fp:/home/nbokulic/gg_13_5/gg_13_5_otus/rep_set/97_otus.fasta
similarity:0.7
unassignable_label:Unassigned
Result path: "/scratch/assign-taxgkgy59k2e5VbPqWBHQL1.txt"

.uc file contents:

# uclust --input /home/nbokulic/open_reference_otus/broad1/psrotot_gg_13_5/rep_set.fna --id 0.7 --rev --maxaccepts 3 --allhits --libonly --lib /home/nbokulic/gg_13_5/gg_13_5_otus/rep_set/97_otus.fasta --uc /scratch/UclustConsensusTaxonAssigner_shT9TO.uc
# version=1.2.22
# Tab-separated fields:
# 1=Type, 2=ClusterNr, 3=SeqLength or ClusterSize, 4=PctId, 5=Strand, 6=QueryStart, 7=SeedStart, 8=Alignment, 9=QueryLabel, 10=TargetLabel
# Record types (field 1): L=LibSeed, S=NewSeed, H=Hit, R=Reject, D=LibCluster, C=NewCluster, N=NoHit
# For C and D types, PctId is average id with seed.
# QueryStart and SeedStart are zero-based relative to start of sequence.
# If minus strand, SeedStart is relative to reverse-complemented seed.
L	61987	1373	*	*	*	*	*	1069592	*
H	61987	195	97.9	+	0	0	514I195M664I	1039016 HMPMockV1.1.Even2_3369	1069592
L	59032	1371	*	*	*	*	*	1039016	*
H	59032	195	97.9	+	0	0	513I195M663I	1039016 HMPMockV1.1.Even2_3369	1039016
L	80533	1506	*	*	*	*	*	4312969	*
H	80533	195	97.4	+	0	0	534I23MI172M776I	1039016 HMPMockV1.1.Even2_3369	4312969
L	64447	1373	*	*	*	*	*	1055132	*
H	64447	191	99.5	+	0	0	513I191M669I	1055132 HMPMockV1.2.Staggered1_6279	1055132
L	71134	1370	*	*	*	*	*	1040220	*
H	71134	191	99.0	+	0	0	513I191M666I	1055132 HMPMockV1.2.Staggered1_6279	1040220
L	18636	1372	*	*	*	*	*	377874	*
H	18636	191	99.0	+	0	0	513I191M668I	1055132 HMPMockV1.2.Staggered1_6279	377874
L	66421	1367	*	*	*	*	*	965500	*
H	66421	192	99.0	+	0	0	511I192M664I	1059655 HMPMockV1.1.Even2_3613	965500
L	95107	1367	*	*	*	*	*	1059655	*
H	95107	192	99.0	+	0	0	511I192M664I	1059655 HMPMockV1.1.Even2_3613	1059655
L	1217	1370	*	*	*	*	*	1027587	*
H	1217	192	98.4	+	0	0	514I192M664I	1059655 HMPMockV1.1.Even2_3613	1027587
L	69895	1369	*	*	*	*	*	1059977	*
H	69895	197	99.0	+	0	0	513I197M659I	1059977 HMPMockV1.1.Even2_3545	1059977
L	10989	1431	*	*	*	*	*	567972	*
H	10989	197	98.5	+	0	0	490I197M744I	1059977 HMPMockV1.1.Even2_3545	567972
L	782	1369	*	*	*	*	*	1076969	*
H	782	197	98.5	+	0	0	513I197M659I	1059977 HMPMockV1.1.Even2_3545	1076969
L	67918	1370	*	*	*	*	*	1067519	*
H	67918	191	99.0	+	0	0	513I191M666I	1067519 HMPMockV1.1.Even2_4052	1067519
L	83705	1455	*	*	*	*	*	4345285	*
H	83705	191	98.4	+	0	0	488I191M776I	1067519 HMPMockV1.1.Even2_4052	4345285
L	19499	1503	*	*	*	*	*	356733	*
H	19499	191	98.4	+	0	0	513I191M799I	1067519 HMPMockV1.1.Even2_4052	356733
L	63856	1374	*	*	*	*	*	1068955	*
H	63856	193	99.0	+	0	0	515I193M666I	1068955 HMPMockV1.1.Even1_1752	1068955
L	46903	1415	*	*	*	*	*	152001	*
H	46903	193	98.4	+	0	0	474I193M748I	1068955 HMPMockV1.1.Even1_1752	152001
L	792	1371	*	*	*	*	*	1075891	*
H	792	193	98.4	+	0	0	512I193M666I	1068955 HMPMockV1.1.Even1_1752	1075891
H	61987	192	99.0	+	0	0	514I192M667I	1069592 HMPMockV1.1.Even1_1196	1069592
H	59032	192	99.0	+	0	0	513I192M666I	1069592 HMPMockV1.1.Even1_1196	1039016
L	48948	1490	*	*	*	*	*	137056	*
H	48948	192	98.4	+	0	0	512I192M786I	1069592 HMPMockV1.1.Even1_1196	137056
L	748	1374	*	*	*	*	*	1081058	*
H	748	193	100.0	+	0	0	515I193M666I	1081058 HMPMockV1.2.Staggered1_6588	1081058
L	962	1373	*	*	*	*	*	1057402	*
H	962	193	99.5	+	0	0	513I193M667I	1081058 HMPMockV1.2.Staggered1_6588	1057402
L	1131	1374	*	*	*	*	*	1039477	*
H	1131	193	99.5	+	0	0	513I193M668I	1081058 HMPMockV1.2.Staggered1_6588	1039477
L	12830	1400	*	*	*	*	*	553595	*
H	12830	193	97.9	+	0	0	473I193M734I	1112200 HMPMockV1.2.Staggered1_5800	553595
L	46121	1359	*	*	*	*	*	158047	*
H	46121	193	98.4	+	0	0	421I193M745I	1112200 HMPMockV1.2.Staggered1_5800	158047
H	83705	193	97.9	+	0	0	488I193M774I	1112200 HMPMockV1.2.Staggered1_5800	4345285
L	1931	1371	*	*	*	*	*	943989	*
H	1931	191	98.4	+	0	0	515I191M665I	1121111 HMPMockV1.1.Even2_3982	943989
L	4068	1513	*	*	*	*	*	814670	*
H	4068	191	98.4	+	0	0	534I102MD88M789I	1121111 HMPMockV1.1.Even2_3982	814670
L	18287	1370	*	*	*	*	*	416994	*
H	18287	191	97.9	+	0	0	513I191M666I	1121111 HMPMockV1.1.Even2_3982	416994
L	36704	1422	*	*	*	*	*	230114	*
H	36704	190	99.5	+	0	0	445I190M787I	113773 HMPMockV1.1.Even2_3406	230114
L	26051	1521	*	*	*	*	*	309133	*
H	26051	190	99.5	+	0	0	543I190M788I	113773 HMPMockV1.1.Even2_3406	309133
L	25	1385	*	*	*	*	*	1111582	*
H	25	190	99.5	+	0	0	533I190M662I	113773 HMPMockV1.1.Even2_3406	1111582
L	28181	1389	*	*	*	*	*	295053	*
H	28181	193	100.0	+	0	0	519I193M677I	114510 HMPMockV1.2.Staggered1_5552	295053
L	74970	1471	*	*	*	*	*	3829957	*
H	74970	193	100.0	+	0	0	528I193M750I	114510 HMPMockV1.2.Staggered1_5552	3829957
L	28584	1399	*	*	*	*	*	292289	*
H	28584	193	100.0	+	0	0	524I193M682I	114510 HMPMockV1.2.Staggered1_5552	292289
L	55311	1388	*	*	*	*	*	12574	*
H	55311	193	100.0	+	0	0	423I193M772I	12574 HMPMockV1.1.Even1_694	12574
L	65729	1360	*	*	*	*	*	1089121	*
H	65729	193	97.9	+	0	0	501I193M666I	12574 HMPMockV1.1.Even1_694	1089121
L	75301	1358	*	*	*	*	*	890882	*
H	75301	193	99.0	+	0	0	499I193M666I	12574 HMPMockV1.1.Even1_694	890882
L	49625	1505	*	*	*	*	*	128604	*
H	49625	193	100.0	+	0	0	502I193M810I	128604 HMPMockV1.1.Even1_554	128604
L	44905	1399	*	*	*	*	*	170011	*
H	44905	193	97.4	+	0	0	472I193M734I	128604 HMPMockV1.1.Even1_554	170011
L	88939	1457	*	*	*	*	*	4401325	*
H	88939	193	94.3	+	0	0	467I193M797I	128604 HMPMockV1.1.Even1_554	4401325
L	2028	1373	*	*	*	*	*	934488	*
H	2028	191	99.0	+	0	0	513I191M669I	137056 HMPMockV1.2.Staggered1_6113	934488
L	68397	1371	*	*	*	*	*	870751	*
H	68397	191	99.0	+	0	0	513I191M667I	137056 HMPMockV1.2.Staggered1_6113	870751
L	67596	1421	*	*	*	*	*	2896107	*
H	67596	191	99.0	+	0	0	488I191M742I	137056 HMPMockV1.2.Staggered1_6113	2896107
L	51831	1500	*	*	*	*	*	99882	*
H	51831	193	97.9	+	0	0	536I193M771I	138389 HMPMockV1.1.Even2_3850	99882
L	28235	1431	*	*	*	*	*	294618	*
H	28235	193	97.9	+	0	0	556I193M682I	138389 HMPMockV1.1.Even2_3850	294618
L	78649	1461	*	*	*	*	*	4290144	*
H	78649	193	97.9	+	0	0	518I193M750I	138389 HMPMockV1.1.Even2_3850	4290144
H	46121	193	97.9	+	0	0	421I193M745I	149265 HMPMockV1.2.Staggered2_7516	158047
L	91462	1390	*	*	*	*	*	4427114	*
H	91462	193	97.9	+	0	0	481I193M716I	149265 HMPMockV1.2.Staggered2_7516	4427114
L	8385	1431	*	*	*	*	*	587574	*
H	8385	193	98.4	+	0	0	494I193M744I	149265 HMPMockV1.2.Staggered2_7516	587574
L	17732	1371	*	*	*	*	*	503354	*
H	17732	190	99.5	+	0	0	513I190M668I	152001 HMPMockV1.1.Even2_3537	503354
L	73446	1378	*	*	*	*	*	872328	*
H	73446	190	99.5	+	0	0	519I190M669I	152001 HMPMockV1.1.Even2_3537	872328
L	80534	1458	*	*	*	*	*	4312974	*
H	80534	190	99.5	+	0	0	511I190M757I	152001 HMPMockV1.1.Even2_3537	4312974
L	2640	1369	*	*	*	*	*	868615	*
H	2640	193	99.5	+	0	0	513I193M663I	153046 HMPMockV1.2.Staggered1_5921	868615
H	1131	193	99.5	+	0	0	513I193M668I	153046 HMPMockV1.2.Staggered1_5921	1039477
H	68397	193	99.5	+	0	0	513I193M665I	153046 HMPMockV1.2.Staggered1_5921	870751
L	7771	1415	*	*	*	*	*	591907	*
H	7771	194	99.0	+	0	0	483I194M738I	1550056 HMPMockV1.2.Staggered1_5675	591907
L	30146	1371	*	*	*	*	*	277071	*
H	30146	194	99.0	+	0	0	498I194M679I	1550056 HMPMockV1.2.Staggered1_5675	277071
L	56572	1430	*	*	*	*	*	1550056	*
H	56572	194	99.0	+	0	0	480I194M756I	1550056 HMPMockV1.2.Staggered1_5675	1550056
H	46121	192	99.0	+	0	0	421I192M746I	158047 HMPMockV1.1.Even2_3136	158047
H	91462	192	99.0	+	0	0	481I192M717I	158047 HMPMockV1.1.Even2_3136	4427114
H	7771	192	98.4	+	0	0	483I192M740I	158047 HMPMockV1.1.Even2_3136	591907
L	45383	1463	*	*	*	*	*	164413	*
H	45383	192	98.4	+	0	0	503I192M768I	164413 HMPMockV1.1.Even2_5333	164413
L	63879	1370	*	*	*	*	*	894774	*
H	63879	192	97.9	+	0	0	513I192M665I	164413 HMPMockV1.1.Even2_5333	894774
L	65989	1371	*	*	*	*	*	1086805	*
H	65989	192	97.9	+	0	0	513I192M666I	164413 HMPMockV1.1.Even2_5333	1086805
H	17732	190	98.4	+	0	0	513I190M668I	164612 HMPMockV1.1.Even1_565	503354
L	5650	1372	*	*	*	*	*	730049	*
H	5650	190	98.4	+	0	0	513I190M669I	164612 HMPMockV1.1.Even1_565	730049
H	71134	190	98.4	+	0	0	513I190M667I	164612 HMPMockV1.1.Even1_565	1040220
L	8223	1406	*	*	*	*	*	588755	*
H	8223	193	100.0	+	0	0	544I193M669I	1756274 HMPMockV1.1.Even1_140	588755
L	46848	1523	*	*	*	*	*	152485	*
H	46848	193	100.0	+	0	0	542I193M788I	1756274 HMPMockV1.1.Even1_140	152485
L	5006	1383	*	*	*	*	*	777667	*
H	5006	193	100.0	+	0	0	524I193M666I	1756274 HMPMockV1.1.Even1_140	777667
L	21503	1429	*	*	*	*	*	342014	*
H	21503	190	99.5	+	0	0	555I190M684I	187233 HMPMockV1.1.Even1_1184	342014
L	19753	1430	*	*	*	*	*	354905	*
H	19753	190	99.5	+	0	0	555I190M685I	187233 HMPMockV1.1.Even1_1184	354905
L	42905	1430	*	*	*	*	*	182764	*
H	42905	190	99.5	+	0	0	555I190M685I	187233 HMPMockV1.1.Even1_1184	182764
L	82501	1448	*	*	*	*	*	4333556	*
H	82501	190	100.0	+	0	0	504I190M754I	1891556 HMPMockV1.1.Even1_516	4333556
L	94838	1441	*	*	*	*	*	4463224	*
H	94838	190	100.0	+	0	0	483I190M768I	1891556 HMPMockV1.1.Even1_516	4463224
L	3970	1472	*	*	*	*	*	816470	*
H	3970	190	100.0	+	0	0	513I190M769I	1891556 HMPMockV1.1.Even1_516	816470
L	18100	1513	*	*	*	*	*	439908	*
H	18100	193	100.0	+	0	0	534I193M786I	1995363 HMPMockV1.1.Even1_2	439908
H	19499	193	100.0	+	0	0	513I193M797I	1995363 HMPMockV1.1.Even1_2	356733
H	48948	193	100.0	+	0	0	512I193M785I	1995363 HMPMockV1.1.Even1_2	137056
L	37797	1401	*	*	*	*	*	219151	*
H	37797	189	100.0	+	0	0	508I189M704I	219151 HMPMockV1.1.Even1_27	219151
L	37736	1419	*	*	*	*	*	219826	*
H	37736	189	100.0	+	0	0	520I189M710I	219151 HMPMockV1.1.Even1_27	219826
L	87815	1401	*	*	*	*	*	4389529	*
H	87815	189	99.5	+	0	0	469I189M743I	219151 HMPMockV1.1.Even1_27	4389529
L	36927	1512	*	*	*	*	*	227083	*
H	36927	189	98.4	+	0	0	532I189M791I	227083 HMPMockV1.2.Staggered1_6436	227083
L	93236	1411	*	*	*	*	*	4446058	*
H	93236	189	97.9	+	0	0	485I189M737I	227083 HMPMockV1.2.Staggered1_6436	4446058
H	83705	189	97.9	+	0	0	488I189M778I	227083 HMPMockV1.2.Staggered1_6436	4345285
L	37142	1479	*	*	*	*	*	225284	*
H	37142	193	100.0	+	0	0	519I193M767I	242070 HMPMockV1.1.Even1_59	225284
L	37168	1458	*	*	*	*	*	225088	*
H	37168	193	100.0	+	0	0	498I193M767I	242070 HMPMockV1.1.Even1_59	225088
L	94034	1506	*	*	*	*	*	4454529	*
H	94034	193	100.0	+	0	0	526I193M787I	242070 HMPMockV1.1.Even1_59	4454529
L	37977	1474	*	*	*	*	*	217482	*
H	37977	189	99.5	+	0	0	501I189M784I	269901 HMPMockV1.1.Even1_366	217482
H	94034	189	99.5	+	0	0	526I189M791I	269901 HMPMockV1.1.Even1_366	4454529
L	35363	1411	*	*	*	*	*	242070	*
H	35363	189	99.5	+	0	0	475I74MI115M746I	269901 HMPMockV1.1.Even1_366	242070
L	55080	1536	*	*	*	*	*	14962	*
H	55080	193	100.0	+	0	0	536I193M807I	2874742 HMPMockV1.1.Even1_107	14962
L	18912	1424	*	*	*	*	*	366926	*
H	18912	193	100.0	+	0	0	514I193M717I	2874742 HMPMockV1.1.Even1_107	366926
L	59381	1431	*	*	*	*	*	1891556	*
H	59381	193	100.0	+	0	0	491I193M747I	2874742 HMPMockV1.1.Even1_107	1891556
H	93236	199	100.0	+	0	0	485I199M727I	2896107 HMPMockV1.1.Even1_67	4446058
L	64689	1373	*	*	*	*	*	928538	*
H	64689	199	100.0	+	0	0	514I199M660I	2896107 HMPMockV1.1.Even1_67	928538
L	71523	1451	*	*	*	*	*	3385021	*
H	71523	199	100.0	+	0	0	500I199M752I	2896107 HMPMockV1.1.Even1_67	3385021
H	18636	190	99.5	+	0	0	513I190M669I	356733 HMPMockV1.1.Even1_1461	377874
H	792	190	99.5	+	0	0	512I190M669I	356733 HMPMockV1.1.Even1_1461	1075891
H	83705	190	99.5	+	0	0	488I190M777I	356733 HMPMockV1.1.Even1_1461	4345285
L	60287	1425	*	*	*	*	*	1995363	*
H	60287	193	99.0	+	0	0	513I193M719I	368134 HMPMockV1.1.Even2_5087	1995363
H	71134	193	99.0	+	0	0	513I193M664I	368134 HMPMockV1.1.Even2_5087	1040220
L	56888	1475	*	*	*	*	*	630141	*
H	56888	193	99.0	+	0	0	515I193M767I	368134 HMPMockV1.1.Even2_5087	630141
L	77398	1411	*	*	*	*	*	4130483	*
H	77398	191	99.5	+	0	0	513I191M707I	4130483 HMPMockV1.1.Even1_339	4130483
L	17794	1370	*	*	*	*	*	496787	*
H	17794	191	99.0	+	0	0	511I191M668I	4130483 HMPMockV1.1.Even1_339	496787
L	7286	1403	*	*	*	*	*	614083	*
H	7286	191	99.0	+	0	0	533I191M679I	4130483 HMPMockV1.1.Even1_339	614083
L	80879	1413	*	*	*	*	*	4315958	*
H	80879	189	100.0	+	0	0	540I189M684I	4297222 HMPMockV1.1.Even1_190	4315958
L	82091	1455	*	*	*	*	*	4329215	*
H	82091	189	99.5	+	0	0	520I189M746I	4297222 HMPMockV1.1.Even1_190	4329215
L	78989	1498	*	*	*	*	*	4297222	*
H	78989	189	100.0	+	0	0	519I9MI14MI166M788I	4297222 HMPMockV1.1.Even1_190	4297222
H	80879	192	97.4	+	0	0	540I192M681I	4315958 HMPMockV1.2.Staggered2_7586	4315958
H	78989	192	97.4	+	0	0	519I9MI14MI169M785I	4315958 HMPMockV1.2.Staggered2_7586	4297222
H	82091	192	96.9	+	0	0	520I192M743I	4315958 HMPMockV1.2.Staggered2_7586	4329215
L	66377	1373	*	*	*	*	*	1102921	*
H	66377	193	96.4	+	0	0	514I193M666I	4316928 HMPMockV1.2.Staggered1_5849	1102921
H	46848	193	96.9	+	0	0	542I193M788I	4316928 HMPMockV1.2.Staggered1_5849	152485
L	37064	1471	*	*	*	*	*	225919	*
H	37064	193	97.4	+	0	0	513I193M765I	4316928 HMPMockV1.2.Staggered1_5849	225919
L	85517	1531	*	*	*	*	*	4365141	*
H	85517	193	99.5	+	0	0	521I193M817I	4365141 HMPMockV1.1.Even2_5097	4365141
L	5141	1472	*	*	*	*	*	766563	*
H	5141	193	99.5	+	0	0	513I193M766I	4365141 HMPMockV1.1.Even2_5097	766563
L	71676	1511	*	*	*	*	*	842413	*
H	71676	193	99.0	+	0	0	532I193M786I	4365141 HMPMockV1.1.Even2_5097	842413
L	75337	1372	*	*	*	*	*	3876673	*
H	75337	193	100.0	+	0	0	498I193M681I	4380971 HMPMockV1.1.Even1_31	3876673
L	82802	1352	*	*	*	*	*	4336516	*
H	82802	193	100.0	+	0	0	361I193M798I	4380971 HMPMockV1.1.Even1_31	4336516
L	87027	1516	*	*	*	*	*	4380971	*
H	87027	193	100.0	+	0	0	507I193M816I	4380971 HMPMockV1.1.Even1_31	4380971
L	18091	1510	*	*	*	*	*	441155	*
H	18091	191	100.0	+	0	0	533I191M786I	441155 HMPMockV1.1.Even1_642	441155
H	48948	191	99.5	+	0	0	512I191M787I	441155 HMPMockV1.1.Even1_642	137056
H	7286	191	99.5	+	0	0	533I191M679I	441155 HMPMockV1.1.Even1_642	614083
L	90432	1514	*	*	*	*	*	4416988	*
H	90432	193	100.0	+	0	0	534I193M787I	4416988 HMPMockV1.1.Even1_99	4416988
L	95604	1402	*	*	*	*	*	4471122	*
H	95604	193	98.4	+	0	0	412I159MI34M796I	4416988 HMPMockV1.1.Even1_99	4471122
L	38994	1455	*	*	*	*	*	206803	*
H	38994	193	98.4	+	0	0	499I193M763I	4416988 HMPMockV1.1.Even1_99	206803
L	75906	1492	*	*	*	*	*	1121111	*
H	75906	193	97.4	+	0	0	545I193M754I	4427114 HMPMockV1.2.Staggered1_6284	1121111
H	91462	193	97.4	+	0	0	481I193M716I	4427114 HMPMockV1.2.Staggered1_6284	4427114
H	46121	193	97.4	+	0	0	421I193M745I	4427114 HMPMockV1.2.Staggered1_6284	158047
L	68694	1344	*	*	*	*	*	911016	*
H	68694	199	98.5	+	0	0	484I199M661I	4438739 HMPMockV1.1.Even2_5514	911016
L	1686	1345	*	*	*	*	*	972955	*
H	1686	199	98.5	+	0	0	484I199M662I	4438739 HMPMockV1.1.Even2_5514	972955
L	2771	1341	*	*	*	*	*	855538	*
H	2771	199	98.5	+	0	0	482I199M660I	4438739 HMPMockV1.1.Even2_5514	855538
L	92734	1541	*	*	*	*	*	4440404	*
H	92734	189	100.0	+	0	0	531I189M821I	4440404 HMPMockV1.1.Even1_345	4440404
L	94022	1384	*	*	*	*	*	4454356	*
H	94022	189	98.9	+	0	0	522I189M673I	4440404 HMPMockV1.1.Even1_345	4454356
L	81310	1397	*	*	*	*	*	4320547	*
H	81310	189	98.9	+	0	0	523I189M685I	4440404 HMPMockV1.1.Even1_345	4320547
L	25073	1375	*	*	*	*	*	316267	*
H	25073	191	99.0	+	0	0	500I191M684I	4445673 HMPMockV1.1.Even1_797	316267
L	26063	1374	*	*	*	*	*	309030	*
H	26063	191	99.0	+	0	0	500I191M683I	4445673 HMPMockV1.1.Even1_797	309030
L	26460	1374	*	*	*	*	*	306035	*
H	26460	191	99.0	+	0	0	500I191M683I	4445673 HMPMockV1.1.Even1_797	306035
L	17835	1373	*	*	*	*	*	489671	*
H	17835	200	96.5	+	0	0	514I200M659I	519673 HMPMockV1.1.Even2_4567	489671
L	16497	1408	*	*	*	*	*	519673	*
H	16497	200	97.5	+	0	0	533I200M675I	519673 HMPMockV1.1.Even2_4567	519673
H	2640	200	97.0	+	0	0	513I200M656I	519673 HMPMockV1.1.Even2_4567	868615
L	15532	1433	*	*	*	*	*	532163	*
H	15532	193	100.0	+	0	0	471I193M769I	532163 HMPMockV1.1.Even1_154	532163
L	60310	1471	*	*	*	*	*	2000709	*
H	60310	193	99.0	+	0	0	478I193M800I	532163 HMPMockV1.1.Even1_154	2000709
L	74241	1419	*	*	*	*	*	831098	*
H	74241	193	99.0	+	0	0	449I193M777I	532163 HMPMockV1.1.Even1_154	831098
H	37797	193	99.0	+	0	0	508I193M700I	552922 HMPMockV1.1.Even2_4853	219151
H	37736	193	99.0	+	0	0	520I193M706I	552922 HMPMockV1.1.Even2_4853	219826
L	12912	1496	*	*	*	*	*	552922	*
H	12912	193	99.0	+	0	0	522I193M781I	552922 HMPMockV1.1.Even2_4853	552922
L	61728	1372	*	*	*	*	*	686223	*
H	61728	189	98.4	+	0	0	513I189M670I	617833 HMPMockV1.2.Staggered2_7482	686223
H	17732	189	98.4	+	0	0	513I189M669I	617833 HMPMockV1.2.Staggered2_7482	503354
L	7226	1370	*	*	*	*	*	617833	*
H	7226	189	98.9	+	0	0	513I189M668I	617833 HMPMockV1.2.Staggered2_7482	617833
H	792	190	99.5	+	0	0	512I190M669I	630141 HMPMockV1.1.Even1_146	1075891
H	64689	190	99.5	+	0	0	514I190M669I	630141 HMPMockV1.1.Even1_146	928538
H	2028	190	99.5	+	0	0	513I190M670I	630141 HMPMockV1.1.Even1_146	934488
L	5123	1493	*	*	*	*	*	767863	*
H	5123	192	98.4	+	0	0	518I192M783I	767863 HMPMockV1.2.Staggered1_6591	767863
L	14184	1439	*	*	*	*	*	542754	*
H	14184	192	97.4	+	0	0	497I192M750I	767863 HMPMockV1.2.Staggered1_6591	542754
L	18057	1503	*	*	*	*	*	444962	*
H	18057	192	97.9	+	0	0	525I192M786I	767863 HMPMockV1.2.Staggered1_6591	444962
H	63879	191	98.4	+	0	0	513I191M666I	894774 HMPMockV1.2.Staggered1_6470	894774
H	67918	191	97.9	+	0	0	513I191M666I	894774 HMPMockV1.2.Staggered1_6470	1067519
H	83705	191	97.9	+	0	0	488I191M776I	894774 HMPMockV1.2.Staggered1_6470	4345285
L	60970	1373	*	*	*	*	*	919490	*
H	60970	201	98.5	+	0	0	514I201M658I	919490 HMPMockV1.1.Even2_3252	919490
L	64126	1373	*	*	*	*	*	919562	*
H	64126	201	98.5	+	0	0	513I32MI169M658I	919490 HMPMockV1.1.Even2_3252	919562
L	22030	1443	*	*	*	*	*	338191	*
H	22030	201	96.5	+	0	0	482I182M2D10MD6M763I	919490 HMPMockV1.1.Even2_3252	338191
L	67382	1370	*	*	*	*	*	1016923	*
H	67382	190	97.4	+	0	0	513I190M667I	923151 HMPMockV1.2.Staggered1_6500	1016923
L	2130	1375	*	*	*	*	*	923151	*
H	2130	190	97.9	+	0	0	514I190M671I	923151 HMPMockV1.2.Staggered1_6500	923151
L	70467	1429	*	*	*	*	*	3252211	*
H	70467	190	97.9	+	0	0	485I134MI14MI35MI7M751I	923151 HMPMockV1.2.Staggered1_6500	3252211
H	67596	202	99.5	+	0	0	488I202M731I	928538 HMPMockV1.1.Even1_115	2896107
H	60287	202	99.5	+	0	0	513I202M710I	928538 HMPMockV1.1.Even1_115	1995363
H	792	202	99.5	+	0	0	512I202M657I	928538 HMPMockV1.1.Even1_115	1075891
L	65558	1370	*	*	*	*	*	939252	*
H	65558	192	100.0	+	0	0	511I192M667I	939252 HMPMockV1.1.Even2_3899	939252
H	18100	192	99.5	+	0	0	534I192M787I	939252 HMPMockV1.1.Even2_3899	439908
H	48948	192	99.5	+	0	0	512I192M786I	939252 HMPMockV1.1.Even2_3899	137056
L	72662	1372	*	*	*	*	*	953758	*
H	72662	193	100.0	+	0	0	513I193M666I	953758 HMPMockV1.1.Even2_4205	953758
H	93236	193	99.5	+	0	0	485I193M733I	953758 HMPMockV1.1.Even2_4205	4446058
L	1789	1368	*	*	*	*	*	960695	*
H	1789	193	99.5	+	0	0	513I193M662I	953758 HMPMockV1.1.Even2_4205	960695
L	1646	1373	*	*	*	*	*	977188	*
H	1646	190	98.9	+	0	0	513I190M670I	977188 HMPMockV1.1.Even1_1902	977188
H	962	190	98.4	+	0	0	513I190M670I	977188 HMPMockV1.1.Even1_1902	1057402
H	68397	190	98.4	+	0	0	513I190M668I	977188 HMPMockV1.1.Even1_1902	870751
L	77392	1372	*	*	*	*	*	979261	*
H	77392	194	99.5	+	0	0	513I194M665I	979261 HMPMockV1.2.Staggered1_6077	979261
H	792	194	99.0	+	0	0	512I194M665I	979261 HMPMockV1.2.Staggered1_6077	1075891
H	1789	194	99.0	+	0	0	513I194M661I	979261 HMPMockV1.2.Staggered1_6077	960695
L	1577	1373	*	*	*	*	*	984924	*
H	1577	201	99.0	+	0	0	514I201M658I	984924 HMPMockV1.1.Even2_3417	984924
L	17881	1474	*	*	*	*	*	465079	*
H	17881	201	98.5	+	0	0	532I201M741I	984924 HMPMockV1.1.Even2_3417	465079
L	709	1371	*	*	*	*	*	1084865	*
H	709	201	98.5	+	0	0	513I201M657I	984924 HMPMockV1.1.Even2_3417	1084865
L	64793	1372	*	*	*	*	*	996487	*
H	64793	194	99.0	+	0	0	513I194M665I	996487 HMPMockV1.1.Even1_419	996487
H	46903	194	98.5	+	0	0	474I194M747I	996487 HMPMockV1.1.Even1_419	152001
H	60287	194	98.5	+	0	0	513I194M718I	996487 HMPMockV1.1.Even1_419	1995363
L	74537	1481	*	*	*	*	*	772515	*
H	74537	189	99.5	+	0	0	505I189M787I	99882 HMPMockV1.1.Even1_863	772515
L	8832	1413	*	*	*	*	*	584241	*
H	8832	189	99.5	+	0	0	443I189M781I	99882 HMPMockV1.1.Even1_863	584241
H	5006	189	99.5	+	0	0	524I189M670I	99882 HMPMockV1.1.Even1_863	777667
L	48694	1394	*	*	*	*	*	139321	*
H	48694	190	96.3	+	0	0	468I190M736I	New.CleanUp.ReferenceOTU0 HMPMockV1.2.Staggered1_6336	139321
H	94034	190	96.3	+	0	0	526I190M790I	New.CleanUp.ReferenceOTU0 HMPMockV1.2.Staggered1_6336	4454529
L	37210	1526	*	*	*	*	*	224745	*
H	37210	190	96.3	+	0	0	518I190M818I	New.CleanUp.ReferenceOTU0 HMPMockV1.2.Staggered1_6336	224745
H	2028	189	96.8	+	0	0	513I189M671I	New.CleanUp.ReferenceOTU10 HMPMockV1.2.Staggered2_7545	934488
H	18636	189	96.8	+	0	0	513I189M670I	New.CleanUp.ReferenceOTU10 HMPMockV1.2.Staggered2_7545	377874
H	18100	189	96.8	+	0	0	534I189M790I	New.CleanUp.ReferenceOTU10 HMPMockV1.2.Staggered2_7545	439908
H	15532	193	96.9	+	0	0	471I193M769I	New.CleanUp.ReferenceOTU2 HMPMockV1.2.Staggered1_6331	532163
H	60310	193	95.9	+	0	0	478I193M800I	New.CleanUp.ReferenceOTU2 HMPMockV1.2.Staggered1_6331	2000709
H	74241	193	95.9	+	0	0	449I193M777I	New.CleanUp.ReferenceOTU2 HMPMockV1.2.Staggered1_6331	831098
H	17732	190	96.8	+	0	0	513I190M668I	New.CleanUp.ReferenceOTU27 HMPMockV1.2.Staggered1_6584	503354
H	71134	190	96.8	+	0	0	513I190M667I	New.CleanUp.ReferenceOTU27 HMPMockV1.2.Staggered1_6584	1040220
H	56888	190	96.8	+	0	0	515I190M770I	New.CleanUp.ReferenceOTU27 HMPMockV1.2.Staggered1_6584	630141
L	53575	1458	*	*	*	*	*	60346	*
H	53575	191	94.2	+	0	0	498I191M769I	New.CleanUp.ReferenceOTU36 HMPMockV1.1.Even2_5291	60346
L	72064	1512	*	*	*	*	*	3453734	*
H	72064	191	92.1	+	0	0	513I191M808I	New.CleanUp.ReferenceOTU36 HMPMockV1.1.Even2_5291	3453734
L	59171	1359	*	*	*	*	*	995900	*
H	59171	191	91.1	+	0	0	501I191M667I	New.CleanUp.ReferenceOTU36 HMPMockV1.1.Even2_5291	995900
H	61987	189	96.3	+	0	0	514I189M670I	New.CleanUp.ReferenceOTU39 HMPMockV1.1.Even1_971	1069592
H	59032	189	96.3	+	0	0	513I189M669I	New.CleanUp.ReferenceOTU39 HMPMockV1.1.Even1_971	1039016
H	66377	189	95.8	+	0	0	514I189M670I	New.CleanUp.ReferenceOTU39 HMPMockV1.1.Even1_971	1102921
D	25	2	*	*	*	*	99.5	1111582	*
D	748	2	*	*	*	*	100.0	1081058	*
D	792	2	*	*	*	*	99.5	1075891	*
D	1577	2	*	*	*	*	99.0	984924	*
D	1646	2	*	*	*	*	98.9	977188	*
D	2028	2	*	*	*	*	99.5	934488	*
D	2771	2	*	*	*	*	98.5	855538	*
D	3970	2	*	*	*	*	100.0	816470	*
D	4068	2	*	*	*	*	98.4	814670	*
D	5006	3	*	*	*	*	99.7	777667	*
D	5123	2	*	*	*	*	98.4	767863	*
D	5141	2	*	*	*	*	99.5	766563	*
D	7226	2	*	*	*	*	98.9	617833	*
D	8385	2	*	*	*	*	98.4	587574	*
D	12912	2	*	*	*	*	99.0	552922	*
D	15532	3	*	*	*	*	98.4	532163	*
D	16497	2	*	*	*	*	97.5	519673	*
D	18091	2	*	*	*	*	100.0	441155	*
D	18100	2	*	*	*	*	96.8	439908	*
D	26460	2	*	*	*	*	99.0	306035	*
D	28584	2	*	*	*	*	100.0	292289	*
D	35363	2	*	*	*	*	99.5	242070	*
D	36927	2	*	*	*	*	98.4	227083	*
D	37064	2	*	*	*	*	97.4	225919	*
D	37210	2	*	*	*	*	96.3	224745	*
D	37736	2	*	*	*	*	100.0	219826	*
D	42905	2	*	*	*	*	99.5	182764	*
D	45383	2	*	*	*	*	98.4	164413	*
D	46121	3	*	*	*	*	97.9	158047	*
D	48948	2	*	*	*	*	100.0	137056	*
D	49625	2	*	*	*	*	100.0	128604	*
D	53575	2	*	*	*	*	94.2	60346	*
D	55311	2	*	*	*	*	100.0	12574	*
D	56572	2	*	*	*	*	99.0	1550056	*
D	56888	3	*	*	*	*	97.9	630141	*
D	59032	4	*	*	*	*	97.7	1039016	*
D	59381	2	*	*	*	*	100.0	1891556	*
D	63856	2	*	*	*	*	99.0	1068955	*
D	63879	2	*	*	*	*	98.4	894774	*
D	64126	2	*	*	*	*	98.5	919562	*
D	64447	2	*	*	*	*	99.5	1055132	*
D	64793	2	*	*	*	*	99.0	996487	*
D	65558	2	*	*	*	*	100.0	939252	*
D	67596	2	*	*	*	*	99.0	2896107	*
D	67918	2	*	*	*	*	99.0	1067519	*
D	68397	2	*	*	*	*	99.5	870751	*
D	69895	2	*	*	*	*	99.0	1059977	*
D	70467	2	*	*	*	*	97.9	3252211	*
D	71134	2	*	*	*	*	98.4	1040220	*
D	71523	2	*	*	*	*	100.0	3385021	*
D	72662	2	*	*	*	*	100.0	953758	*
D	77392	2	*	*	*	*	99.5	979261	*
D	77398	2	*	*	*	*	99.5	4130483	*
D	78649	2	*	*	*	*	97.9	4290144	*
D	78989	3	*	*	*	*	98.7	4297222	*
D	80534	2	*	*	*	*	99.5	4312974	*
D	83705	2	*	*	*	*	99.5	4345285	*
D	87027	2	*	*	*	*	100.0	4380971	*
D	90432	2	*	*	*	*	100.0	4416988	*
D	91462	2	*	*	*	*	99.0	4427114	*
D	92734	2	*	*	*	*	100.0	4440404	*
D	94034	2	*	*	*	*	100.0	4454529	*
D	95107	2	*	*	*	*	99.0	1059655	*
