UclustConsensusTaxonAssigner parameters:
id_to_taxonomy_filepath:/Users/nbokulich/Desktop/ref_dbs/gg_13_8_otus/taxonomy/99_otu_taxonomy.txt
id_to_taxonomy_fp:/Users/nbokulich/Desktop/ref_dbs/gg_13_8_otus/taxonomy/99_otu_taxonomy.txt
max_accepts:3
min_consensus_fraction:1.0
reference_sequences_fp:/Users/nbokulich/Desktop/ref_dbs/gg_13_8_otus/rep_set/99_otus.fasta
similarity:0.9
unassignable_label:Unassigned
Result path: /var/folders/0t/l1dz88p50y91vx_22fx5w3780000gn/T/assign-taxOmgPmY

.uc file contents:

# uclust --input /Users/nbokulich/Desktop/projects/short-read-tax-assignment/data/mock-community/mock-14/rep_seqs.fna --id 0.9 --rev --maxaccepts 3 --allhits --libonly --lib /Users/nbokulich/Desktop/ref_dbs/gg_13_8_otus/rep_set/99_otus.fasta --uc /var/folders/0t/l1dz88p50y91vx_22fx5w3780000gn/T/UclustConsensusTaxonAssigner_ENT1GB.uc
# version=1.2.22
# Tab-separated fields:
# 1=Type, 2=ClusterNr, 3=SeqLength or ClusterSize, 4=PctId, 5=Strand, 6=QueryStart, 7=SeedStart, 8=Alignment, 9=QueryLabel, 10=TargetLabel
# Record types (field 1): L=LibSeed, S=NewSeed, H=Hit, R=Reject, D=LibCluster, C=NewCluster, N=NoHit
# For C and D types, PctId is average id with seed.
# QueryStart and SeedStart are zero-based relative to start of sequence.
# If minus strand, SeedStart is relative to reverse-complemented seed.
L	79308	1386	*	*	*	*	*	208595	*
H	79308	250	99.2	+	0	0	518I250M618I	b8e67580fefa62bfff456d6df97b8dba	208595
L	100411	1392	*	*	*	*	*	112888	*
H	100411	250	99.2	+	0	0	516I250M626I	b8e67580fefa62bfff456d6df97b8dba	112888
L	164315	1484	*	*	*	*	*	4312075	*
H	164315	250	99.6	+	0	0	513I250M721I	b8e67580fefa62bfff456d6df97b8dba	4312075
L	99154	1505	*	*	*	*	*	128604	*
H	99154	250	100.0	+	0	0	339I250M916I	91d3c789db08bd00d9ec073530f6cba7	128604
L	126704	1330	*	*	*	*	*	919872	*
H	126704	250	96.4	+	0	0	313I250M767I	91d3c789db08bd00d9ec073530f6cba7	919872
L	136680	1455	*	*	*	*	*	2874960	*
H	136680	250	96.4	+	0	0	337I250M868I	91d3c789db08bd00d9ec073530f6cba7	2874960
L	43966	1375	*	*	*	*	*	358078	*
H	43966	250	100.0	+	0	0	498I250M627I	26f6853f46b06854fe5418317a261fb8	358078
L	19197	1489	*	*	*	*	*	586671	*
H	19197	250	100.0	+	0	0	515I250M724I	26f6853f46b06854fe5418317a261fb8	586671
L	87690	1389	*	*	*	*	*	178773	*
H	87690	250	100.0	+	0	0	516I250M623I	26f6853f46b06854fe5418317a261fb8	178773
L	40035	1359	*	*	*	*	*	427028	*
H	40035	250	96.8	+	0	0	502I250M607I	9cab4304cc937409489930abf89abd34	427028
L	12606	1446	*	*	*	*	*	765762	*
H	12606	250	95.2	+	0	0	498I250M698I	9cab4304cc937409489930abf89abd34	765762
L	146917	1491	*	*	*	*	*	1147899	*
H	146917	250	96.4	+	0	0	519I250M722I	9cab4304cc937409489930abf89abd34	1147899
L	61750	1398	*	*	*	*	*	287510	*
H	61750	250	100.0	+	0	0	532I250M616I	b953ac3c6973b5a557774d4b2d005d48	287510
L	161462	1353	*	*	*	*	*	4298649	*
H	161462	250	100.0	+	0	0	502I250M601I	b953ac3c6973b5a557774d4b2d005d48	4298649
L	160554	1354	*	*	*	*	*	4294512	*
H	160554	250	100.0	+	0	0	507I250M597I	b953ac3c6973b5a557774d4b2d005d48	4294512
L	35956	1432	*	*	*	*	*	518302	*
H	35956	250	98.8	+	0	0	469I250M713I	51f6369ef0f8498eade7893d04a645ac	518302
L	56099	1419	*	*	*	*	*	308140	*
H	56099	250	96.8	+	0	0	431I250M738I	51f6369ef0f8498eade7893d04a645ac	308140
L	47818	1420	*	*	*	*	*	341958	*
H	47818	250	96.8	+	0	0	432I250M738I	51f6369ef0f8498eade7893d04a645ac	341958
L	90495	1486	*	*	*	*	*	167734	*
H	90495	250	99.6	+	0	0	528I250M708I	dc1311d27a21d1c04c819cdad3022b63	167734
L	86836	1400	*	*	*	*	*	181432	*
H	86836	250	99.6	+	0	0	529I250M621I	dc1311d27a21d1c04c819cdad3022b63	181432
L	79871	1492	*	*	*	*	*	205214	*
H	79871	250	99.6	+	0	0	528I250M714I	dc1311d27a21d1c04c819cdad3022b63	205214
L	48267	1357	*	*	*	*	*	340146	*
H	48267	250	100.0	+	0	0	504I250M603I	e47a63686b619f67783f9b9aa52b86bf	340146
L	80776	1365	*	*	*	*	*	199604	*
H	80776	250	100.0	+	0	0	524I250M591I	e47a63686b619f67783f9b9aa52b86bf	199604
L	52079	1358	*	*	*	*	*	324806	*
H	52079	250	100.0	+	0	0	504I250M604I	e47a63686b619f67783f9b9aa52b86bf	324806
L	46723	1505	*	*	*	*	*	346462	*
H	46723	250	100.0	+	0	0	495I250M760I	e9a0665339f0d06028e22f02a00c78b5	346462
L	21263	1511	*	*	*	*	*	579403	*
H	21263	250	100.0	+	0	0	532I250M729I	e9a0665339f0d06028e22f02a00c78b5	579403
L	32003	1512	*	*	*	*	*	535158	*
H	32003	250	100.0	+	0	0	533I250M729I	e9a0665339f0d06028e22f02a00c78b5	535158
L	193467	1391	*	*	*	*	*	4459028	*
H	193467	250	100.0	+	0	0	517I250M624I	608e6548b1b4cbb6176c8fce090991a5	4459028
L	96896	1464	*	*	*	*	*	141319	*
H	96896	250	100.0	+	0	0	499I250M715I	608e6548b1b4cbb6176c8fce090991a5	141319
L	1488	1357	*	*	*	*	*	1087878	*
H	1488	250	100.0	+	0	0	498I250M609I	608e6548b1b4cbb6176c8fce090991a5	1087878
L	163923	1508	*	*	*	*	*	4310109	*
H	163923	250	100.0	+	0	0	496I250M762I	70c9bfbb24364a1049dc8f2807fbf39e	4310109
L	104265	1464	*	*	*	*	*	93553	*
H	104265	250	100.0	+	0	0	476I250M738I	70c9bfbb24364a1049dc8f2807fbf39e	93553
L	101337	1307	*	*	*	*	*	109106	*
H	101337	250	100.0	+	0	0	386I250M671I	70c9bfbb24364a1049dc8f2807fbf39e	109106
L	42987	1359	*	*	*	*	*	363017	*
H	42987	250	100.0	+	0	0	496I250M613I	c4995645e0c1545b0e1620144d03772b	363017
L	51914	1355	*	*	*	*	*	325437	*
H	51914	250	100.0	+	0	0	496I250M609I	c4995645e0c1545b0e1620144d03772b	325437
L	85917	1398	*	*	*	*	*	184156	*
H	85917	250	100.0	+	0	0	525I250M623I	c4995645e0c1545b0e1620144d03772b	184156
L	115908	1439	*	*	*	*	*	1680440	*
H	115908	250	100.0	+	0	0	506I250M683I	e1542be91e8b87cd22ecad8e8494b222	1680440
L	60736	1402	*	*	*	*	*	291090	*
H	60736	250	99.6	+	0	0	529I250M623I	e1542be91e8b87cd22ecad8e8494b222	291090
L	87561	1399	*	*	*	*	*	179157	*
H	87561	250	99.6	+	0	0	527I250M622I	e1542be91e8b87cd22ecad8e8494b222	179157
L	149700	1444	*	*	*	*	*	1144682	*
H	149700	250	99.6	+	0	0	499I97MI39MI114M693I	a470484154b7f6649b849841bd60e77c	1144682
L	114752	1484	*	*	*	*	*	1616780	*
H	114752	250	98.4	+	0	0	521I250M713I	a470484154b7f6649b849841bd60e77c	1616780
L	170483	1484	*	*	*	*	*	4342317	*
H	170483	250	98.4	+	0	0	520I250M714I	a470484154b7f6649b849841bd60e77c	4342317
L	127890	1510	*	*	*	*	*	2364498	*
H	127890	250	100.0	+	0	0	500I250M760I	5ebd3cee772abecca4d399e926842a2c	2364498
L	169496	1510	*	*	*	*	*	4337464	*
H	169496	250	99.6	+	0	0	531I250M729I	5ebd3cee772abecca4d399e926842a2c	4337464
L	171862	1510	*	*	*	*	*	4349547	*
H	171862	250	100.0	+	0	0	531I250M729I	5ebd3cee772abecca4d399e926842a2c	4349547
L	5686	1357	*	*	*	*	*	930055	*
H	5686	250	100.0	+	0	0	500I250M607I	7c280f2a3d2c507d0cd3a95a1428e022	930055
L	155520	1373	*	*	*	*	*	631511	*
H	155520	250	100.0	+	0	0	500I250M623I	7c280f2a3d2c507d0cd3a95a1428e022	631511
L	126157	1356	*	*	*	*	*	685739	*
H	126157	250	100.0	+	0	0	500I250M606I	7c280f2a3d2c507d0cd3a95a1428e022	685739
L	156315	1375	*	*	*	*	*	774334	*
H	156315	250	100.0	+	0	0	506I250M619I	20b686910cf9db4b08f7b7c220800316	774334
L	145876	1372	*	*	*	*	*	644523	*
H	145876	250	100.0	+	0	0	506I250M616I	20b686910cf9db4b08f7b7c220800316	644523
L	133883	1508	*	*	*	*	*	667975	*
H	133883	250	100.0	+	0	0	498I250M760I	20b686910cf9db4b08f7b7c220800316	667975
L	5862	1366	*	*	*	*	*	923760	*
H	5862	250	100.0	+	0	0	509I250M607I	06f249e121d0aa52f0a23d83a77224e5	923760
L	19543	1517	*	*	*	*	*	585501	*
H	19543	250	100.0	+	0	0	537I250M730I	06f249e121d0aa52f0a23d83a77224e5	585501
L	189516	1458	*	*	*	*	*	4439084	*
H	189516	250	100.0	+	0	0	499I250M709I	06f249e121d0aa52f0a23d83a77224e5	4439084
L	1579	1371	*	*	*	*	*	1084865	*
H	1579	250	100.0	+	0	0	513I250M608I	d23fbef2f31d48eda40876cdbc49933a	1084865
L	35617	1409	*	*	*	*	*	519795	*
H	35617	250	100.0	+	0	0	533I250M626I	d23fbef2f31d48eda40876cdbc49933a	519795
L	113494	1375	*	*	*	*	*	957973	*
H	113494	250	100.0	+	0	0	514I250M611I	d23fbef2f31d48eda40876cdbc49933a	957973
L	135947	1432	*	*	*	*	*	2836658	*
H	135947	250	100.0	+	0	0	477I250M705I	e59405a47acbc248ce61395366159d8d	2836658
L	53446	1390	*	*	*	*	*	319165	*
H	53446	250	100.0	+	0	0	515I250M625I	e59405a47acbc248ce61395366159d8d	319165
L	175695	1428	*	*	*	*	*	4369432	*
H	175695	250	100.0	+	0	0	473I250M705I	e59405a47acbc248ce61395366159d8d	4369432
L	176678	1517	*	*	*	*	*	4374414	*
H	176678	250	100.0	+	0	0	538I250M729I	f294808897e3aec1a2a58756bf1b9c01	4374414
L	6255	1366	*	*	*	*	*	908465	*
H	6255	250	99.6	+	0	0	509I250M607I	f294808897e3aec1a2a58756bf1b9c01	908465
L	175840	1505	*	*	*	*	*	4370099	*
H	175840	250	99.6	+	0	0	526I250M729I	f294808897e3aec1a2a58756bf1b9c01	4370099
L	46954	1369	*	*	*	*	*	345473	*
H	46954	250	100.0	+	0	0	515I250M604I	9f8668eb1c5f9d9a992dd49245db090e	345473
L	94821	1351	*	*	*	*	*	149110	*
H	94821	250	100.0	+	0	0	494I250M607I	9f8668eb1c5f9d9a992dd49245db090e	149110
L	138326	1440	*	*	*	*	*	2969812	*
H	138326	250	100.0	+	0	0	489I250M701I	9f8668eb1c5f9d9a992dd49245db090e	2969812
L	113616	1412	*	*	*	*	*	1546872	*
H	113616	250	100.0	+	0	0	404I250M758I	ebfbe1c75e6b8104f536906cd6f18878	1546872
L	80017	1379	*	*	*	*	*	204266	*
H	80017	250	99.2	+	0	0	509I250M620I	ebfbe1c75e6b8104f536906cd6f18878	204266
L	9543	1354	*	*	*	*	*	823272	*
H	9543	250	98.8	+	0	0	473I250M631I	ebfbe1c75e6b8104f536906cd6f18878	823272
L	151068	1359	*	*	*	*	*	889549	*
H	151068	250	99.2	+	0	0	502I250M607I	7ffc8f8789347e3b691997c0095198c0	889549
L	178219	1494	*	*	*	*	*	4382194	*
H	178219	250	98.8	+	0	0	525I250M719I	7ffc8f8789347e3b691997c0095198c0	4382194
L	173497	1448	*	*	*	*	*	4358168	*
H	173497	250	98.8	+	0	0	502I250M696I	7ffc8f8789347e3b691997c0095198c0	4358168
L	30760	1394	*	*	*	*	*	540225	*
H	30760	250	100.0	+	0	0	528I250M616I	a7a8051e5422b6105e89ef56ed879506	540225
L	163265	1360	*	*	*	*	*	4307122	*
H	163265	250	97.6	+	0	0	508I250M602I	a7a8051e5422b6105e89ef56ed879506	4307122
L	153974	1485	*	*	*	*	*	3906666	*
H	153974	250	92.0	+	0	0	522I250M713I	a7a8051e5422b6105e89ef56ed879506	3906666
L	175545	1427	*	*	*	*	*	4368673	*
H	175545	250	100.0	+	0	0	487I250M690I	e17d964cd0fd8c2ddbd1dacfa8b536e3	4368673
L	167517	1445	*	*	*	*	*	4327412	*
H	167517	250	100.0	+	0	0	496I250M699I	e17d964cd0fd8c2ddbd1dacfa8b536e3	4327412
L	114928	1436	*	*	*	*	*	1627466	*
H	114928	250	100.0	+	0	0	503I250M683I	e17d964cd0fd8c2ddbd1dacfa8b536e3	1627466
L	163526	1511	*	*	*	*	*	4308305	*
H	163526	250	100.0	+	0	0	535I250M726I	c9cd47494e1b0ebbc45baec8eda8914d	4308305
L	125313	1506	*	*	*	*	*	2213383	*
H	125313	250	99.6	+	0	0	527I250M729I	c9cd47494e1b0ebbc45baec8eda8914d	2213383
L	137762	1471	*	*	*	*	*	624776	*
H	137762	250	99.6	+	0	0	511I250M710I	c9cd47494e1b0ebbc45baec8eda8914d	624776
L	138601	1373	*	*	*	*	*	877033	*
H	138601	250	100.0	+	0	0	337I250M786I	f6eebeb9deeea15b3b3829cfacc24ba0	877033
L	118909	1373	*	*	*	*	*	941702	*
H	118909	250	100.0	+	0	0	338I250M785I	f6eebeb9deeea15b3b3829cfacc24ba0	941702
L	6888	1374	*	*	*	*	*	884510	*
H	6888	250	100.0	+	0	0	337I250M787I	f6eebeb9deeea15b3b3829cfacc24ba0	884510
L	76632	1476	*	*	*	*	*	223104	*
H	76632	250	100.0	+	0	0	515I250M711I	00056c4c5a30dbbfa64dfa34fe792941	223104
L	177951	1378	*	*	*	*	*	4380897	*
H	177951	250	100.0	+	0	0	500I250M628I	00056c4c5a30dbbfa64dfa34fe792941	4380897
L	1542	1376	*	*	*	*	*	1085868	*
H	1542	250	100.0	+	0	0	517I250M609I	00056c4c5a30dbbfa64dfa34fe792941	1085868
L	42118	1362	*	*	*	*	*	367409	*
H	42118	250	100.0	+	0	0	497I250M615I	6a6fcf8f9b8bb1ab9e5f8456ee7fb109	367409
L	182124	1360	*	*	*	*	*	4402125	*
H	182124	250	100.0	+	0	0	495I250M615I	6a6fcf8f9b8bb1ab9e5f8456ee7fb109	4402125
L	43891	1379	*	*	*	*	*	358466	*
H	43891	250	100.0	+	0	0	517I250M612I	6a6fcf8f9b8bb1ab9e5f8456ee7fb109	358466
L	149748	1450	*	*	*	*	*	3658131	*
H	149748	250	100.0	+	0	0	471I250M729I	f65ef8a64333fc9aa05887b2aa16f257	3658131
L	10196	1441	*	*	*	*	*	817266	*
H	10196	250	100.0	+	0	0	431I250M760I	f65ef8a64333fc9aa05887b2aa16f257	817266
L	190699	1448	*	*	*	*	*	4444916	*
H	190699	250	100.0	+	0	0	469I250M729I	f65ef8a64333fc9aa05887b2aa16f257	4444916
L	44057	1395	*	*	*	*	*	357584	*
H	44057	250	100.0	+	0	0	532I250M613I	dfd770d48651635c39bdafe13f62e75a	357584
L	80012	1513	*	*	*	*	*	204318	*
H	80012	250	99.6	+	0	0	533I250M730I	dfd770d48651635c39bdafe13f62e75a	204318
L	41624	1376	*	*	*	*	*	369861	*
H	41624	250	99.6	+	0	0	512I250M614I	dfd770d48651635c39bdafe13f62e75a	369861
L	54236	1370	*	*	*	*	*	315846	*
H	54236	250	99.6	+	0	0	508I250M612I	3a84afa81c51c0521d05ae1ded8b7385	315846
L	145620	1381	*	*	*	*	*	845795	*
H	145620	250	99.6	+	0	0	518I250M613I	3a84afa81c51c0521d05ae1ded8b7385	845795
L	43187	1380	*	*	*	*	*	362110	*
H	43187	250	99.6	+	0	0	508I250M622I	3a84afa81c51c0521d05ae1ded8b7385	362110
L	182414	1423	*	*	*	*	*	4403622	*
H	182414	250	100.0	+	0	0	506I250M667I	e5269e32edd47bb63709e25e22a6f0ae	4403622
L	185977	1433	*	*	*	*	*	4421328	*
H	185977	250	100.0	+	0	0	493I250M690I	e5269e32edd47bb63709e25e22a6f0ae	4421328
L	44196	1532	*	*	*	*	*	356687	*
H	44196	250	100.0	+	0	0	535I250M747I	e5269e32edd47bb63709e25e22a6f0ae	356687
L	76282	1418	*	*	*	*	*	224813	*
H	76282	250	99.6	+	0	0	371I250M797I	beff5b6c75e094b52085b0a02cb07848	224813
L	40	1385	*	*	*	*	*	1111582	*
H	40	250	99.6	+	0	0	357I250M778I	beff5b6c75e094b52085b0a02cb07848	1111582
L	75860	1486	*	*	*	*	*	226698	*
H	75860	250	99.6	+	0	0	349I250M887I	beff5b6c75e094b52085b0a02cb07848	226698
L	88908	1403	*	*	*	*	*	174978	*
H	88908	250	100.0	+	0	0	531I250M622I	b65eb19257f7a2bedb5a1c4b42aeb396	174978
L	120027	1435	*	*	*	*	*	1914031	*
H	120027	250	100.0	+	0	0	486I250M699I	b65eb19257f7a2bedb5a1c4b42aeb396	1914031
L	134001	1443	*	*	*	*	*	2723923	*
H	134001	250	100.0	+	0	0	498I250M695I	b65eb19257f7a2bedb5a1c4b42aeb396	2723923
L	41534	1337	*	*	*	*	*	370290	*
H	41534	250	100.0	+	0	0	482I250M605I	c3bdda568b2c1580d5cce7407ef43909	370290
L	84312	1372	*	*	*	*	*	189061	*
H	84312	250	100.0	+	0	0	504I250M618I	c3bdda568b2c1580d5cce7407ef43909	189061
L	78385	1474	*	*	*	*	*	214234	*
H	78385	250	100.0	+	0	0	503I250M721I	c3bdda568b2c1580d5cce7407ef43909	214234
L	27658	1531	*	*	*	*	*	553068	*
H	27658	250	100.0	+	0	0	541I250M740I	b4deca667b3f393a6f6fadb3af23fb7b	553068
L	72301	1388	*	*	*	*	*	244255	*
H	72301	250	100.0	+	0	0	518I250M620I	b4deca667b3f393a6f6fadb3af23fb7b	244255
L	171815	1400	*	*	*	*	*	4349313	*
H	171815	250	99.2	+	0	0	453I250M697I	b4deca667b3f393a6f6fadb3af23fb7b	4349313
L	124935	1515	*	*	*	*	*	1106498	*
H	124935	250	100.0	+	0	0	532I148MI102M732I	70ed89ba1d212f9631759ae1b70608ba	1106498
L	8117	1504	*	*	*	*	*	841603	*
H	8117	250	99.2	+	0	0	522I250M732I	70ed89ba1d212f9631759ae1b70608ba	841603
L	114852	1504	*	*	*	*	*	1623481	*
H	114852	250	98.8	+	0	0	525I250M729I	70ed89ba1d212f9631759ae1b70608ba	1623481
L	25888	1394	*	*	*	*	*	560336	*
H	25888	250	100.0	+	0	0	527I250M617I	668fdb718997fc1589c7817655d4bb5f	560336
L	130608	1378	*	*	*	*	*	846373	*
H	130608	250	100.0	+	0	0	517I250M611I	668fdb718997fc1589c7817655d4bb5f	846373
L	143191	1436	*	*	*	*	*	3256931	*
H	143191	250	100.0	+	0	0	501I250M685I	668fdb718997fc1589c7817655d4bb5f	3256931
L	41872	1353	*	*	*	*	*	368587	*
H	41872	250	100.0	+	0	0	497I250M606I	262ba8fff46ca0c6fee6af217feea7df	368587
L	152279	1445	*	*	*	*	*	3806697	*
H	152279	250	100.0	+	0	0	496I250M699I	262ba8fff46ca0c6fee6af217feea7df	3806697
L	41761	1352	*	*	*	*	*	369109	*
H	41761	250	100.0	+	0	0	497I250M605I	262ba8fff46ca0c6fee6af217feea7df	369109
L	42878	1366	*	*	*	*	*	363525	*
H	42878	250	100.0	+	0	0	505I250M611I	492f380604907b04349e50a01a091656	363525
L	157667	1440	*	*	*	*	*	4122606	*
H	157667	250	100.0	+	0	0	490I250M700I	492f380604907b04349e50a01a091656	4122606
L	196422	1437	*	*	*	*	*	4474046	*
H	196422	250	100.0	+	0	0	487I250M700I	492f380604907b04349e50a01a091656	4474046
L	113617	1447	*	*	*	*	*	1546873	*
H	113617	250	100.0	+	0	0	453I250M744I	0cfc571a924f5fa5de7af0126e4f155e	1546873
L	55173	1468	*	*	*	*	*	311919	*
H	55173	250	100.0	+	0	0	469I250M749I	0cfc571a924f5fa5de7af0126e4f155e	311919
L	110662	1479	*	*	*	*	*	12878	*
H	110662	250	99.6	+	0	0	492I250M737I	0cfc571a924f5fa5de7af0126e4f155e	12878
L	4138	1344	*	*	*	*	*	987499	*
H	4138	250	100.0	+	0	0	484I250M610I	bb03e6ea99adcfcf8083ec2c9af114fb	987499
L	4482	1346	*	*	*	*	*	975413	*
H	4482	250	100.0	+	0	0	484I250M612I	bb03e6ea99adcfcf8083ec2c9af114fb	975413
L	4916	1347	*	*	*	*	*	959333	*
H	4916	250	100.0	+	0	0	484I250M613I	bb03e6ea99adcfcf8083ec2c9af114fb	959333
L	153581	1454	*	*	*	*	*	3884703	*
H	153581	250	100.0	+	0	0	333I250M871I	d94ae22030b5e5c7843ee824dc0c20bf	3884703
L	40952	1472	*	*	*	*	*	390972	*
H	40952	250	100.0	+	0	0	356I250M866I	d94ae22030b5e5c7843ee824dc0c20bf	390972
L	41463	1486	*	*	*	*	*	372254	*
H	41463	250	100.0	+	0	0	356I250M880I	d94ae22030b5e5c7843ee824dc0c20bf	372254
L	143217	1493	*	*	*	*	*	1044319	*
H	143217	250	97.6	+	0	0	525I250M718I	071c14e7e0dccde79045411782401179	1044319
L	132656	1363	*	*	*	*	*	2648540	*
H	132656	250	98.0	+	0	0	486I250M627I	071c14e7e0dccde79045411782401179	2648540
L	75501	1364	*	*	*	*	*	228752	*
H	75501	250	98.0	+	0	0	439I250M675I	071c14e7e0dccde79045411782401179	228752
L	85950	1392	*	*	*	*	*	184037	*
H	85950	250	100.0	+	0	0	515I250M627I	c9ea71f39bda8752713c8e90dff2b875	184037
L	138900	1444	*	*	*	*	*	3004856	*
H	138900	250	100.0	+	0	0	483I250M711I	c9ea71f39bda8752713c8e90dff2b875	3004856
L	8086	1379	*	*	*	*	*	842710	*
H	8086	250	100.0	+	0	0	507I250M622I	c9ea71f39bda8752713c8e90dff2b875	842710
L	100447	1398	*	*	*	*	*	112801	*
H	100447	250	98.8	+	0	0	524I250M624I	a721865248e35432e9d56886727f979f	112801
L	23993	1512	*	*	*	*	*	568226	*
H	23993	250	98.8	+	0	0	533I250M729I	a721865248e35432e9d56886727f979f	568226
L	185500	1507	*	*	*	*	*	4419154	*
H	185500	250	98.8	+	0	0	528I250M729I	a721865248e35432e9d56886727f979f	4419154
L	29093	1441	*	*	*	*	*	547191	*
H	29093	250	100.0	+	0	0	476I250M715I	060fdbbfa61cbfb4d47350dc2a2019cd	547191
L	19796	1467	*	*	*	*	*	584527	*
H	19796	250	99.6	+	0	0	496I250M721I	060fdbbfa61cbfb4d47350dc2a2019cd	584527
L	30543	1460	*	*	*	*	*	541082	*
H	30543	250	99.6	+	0	0	495I250M715I	060fdbbfa61cbfb4d47350dc2a2019cd	541082
L	110139	1487	*	*	*	*	*	15033	*
H	110139	250	99.6	+	0	0	357I250M880I	4d105eeb4d32edd3e88c72965ea7dc81	15033
L	184899	1514	*	*	*	*	*	4416186	*
H	184899	250	100.0	+	0	0	358I250M906I	4d105eeb4d32edd3e88c72965ea7dc81	4416186
L	170333	1554	*	*	*	*	*	4341595	*
H	170333	250	100.0	+	0	0	367I250M937I	4d105eeb4d32edd3e88c72965ea7dc81	4341595
L	86733	1389	*	*	*	*	*	181744	*
H	86733	250	100.0	+	0	0	515I250M624I	0e1dcba2a26611bacba2adfc23ac6418	181744
L	88261	1390	*	*	*	*	*	177042	*
H	88261	250	100.0	+	0	0	515I250M625I	0e1dcba2a26611bacba2adfc23ac6418	177042
L	134364	1429	*	*	*	*	*	2740950	*
H	134364	250	100.0	+	0	0	467I250M712I	0e1dcba2a26611bacba2adfc23ac6418	2740950
L	143477	1493	*	*	*	*	*	815158	*
H	143477	250	100.0	+	0	0	516I250M727I	0d6bce2909152ecd402d6905c94ac4e9	815158
L	28490	1488	*	*	*	*	*	549669	*
H	28490	250	100.0	+	0	0	513I250M725I	0d6bce2909152ecd402d6905c94ac4e9	549669
L	42307	1358	*	*	*	*	*	366477	*
H	42307	250	100.0	+	0	0	496I250M612I	0d6bce2909152ecd402d6905c94ac4e9	366477
L	128145	1503	*	*	*	*	*	824293	*
H	128145	250	100.0	+	0	0	522I9MI241M730I	e98349f8b3c7732e4c4148cab1686545	824293
L	116621	1492	*	*	*	*	*	795469	*
H	116621	250	99.2	+	0	0	484I250M758I	e98349f8b3c7732e4c4148cab1686545	795469
L	191659	1531	*	*	*	*	*	4450027	*
H	191659	250	99.2	+	0	0	522I250M759I	e98349f8b3c7732e4c4148cab1686545	4450027
L	191472	1450	*	*	*	*	*	4449054	*
H	191472	250	100.0	+	0	0	502I250M698I	ec4075339e16f5cd45fd5a7955596899	4449054
L	51652	1360	*	*	*	*	*	326411	*
H	51652	250	100.0	+	0	0	508I250M602I	ec4075339e16f5cd45fd5a7955596899	326411
L	152567	1438	*	*	*	*	*	3825890	*
H	152567	250	100.0	+	0	0	492I250M696I	ec4075339e16f5cd45fd5a7955596899	3825890
L	7345	1308	*	*	*	*	*	866269	*
H	7345	250	100.0	+	0	0	449I250M609I	8126bb4ee9f7473f7967f8b2d1719c8e	866269
L	182178	1449	*	*	*	*	*	4402465	*
H	182178	250	100.0	+	0	0	470I250M729I	8126bb4ee9f7473f7967f8b2d1719c8e	4402465
L	153040	1348	*	*	*	*	*	3849735	*
H	153040	250	100.0	+	0	0	417I250M681I	8126bb4ee9f7473f7967f8b2d1719c8e	3849735
L	160263	1443	*	*	*	*	*	4278430	*
H	160263	250	99.6	+	0	0	431I250M762I	e66d54650f75b7072f56a59c2a7d25ca	4278430
L	20498	1435	*	*	*	*	*	582134	*
H	20498	250	99.6	+	0	0	454I250M731I	e66d54650f75b7072f56a59c2a7d25ca	582134
L	174892	1443	*	*	*	*	*	4365458	*
H	174892	250	99.6	+	0	0	431I250M762I	e66d54650f75b7072f56a59c2a7d25ca	4365458
L	41882	1407	*	*	*	*	*	368531	*
H	41882	250	100.0	+	0	0	543I250M614I	e5413f67faa6b8c0c3e63e48836c0b42	368531
L	32210	1386	*	*	*	*	*	534259	*
H	32210	250	100.0	+	0	0	520I250M616I	e5413f67faa6b8c0c3e63e48836c0b42	534259
L	42082	1386	*	*	*	*	*	367561	*
H	42082	250	100.0	+	0	0	520I250M616I	e5413f67faa6b8c0c3e63e48836c0b42	367561
L	117307	1514	*	*	*	*	*	1757047	*
H	117307	250	100.0	+	0	0	531I250M733I	2b3f30843cfe8995c581c23a2149a7e4	1757047
L	51063	1503	*	*	*	*	*	328810	*
H	51063	250	100.0	+	0	0	493I250M760I	2b3f30843cfe8995c581c23a2149a7e4	328810
L	10264	1511	*	*	*	*	*	816631	*
H	10264	250	99.6	+	0	0	531I250M730I	2b3f30843cfe8995c581c23a2149a7e4	816631
L	77364	1420	*	*	*	*	*	219804	*
H	77364	250	100.0	+	0	0	348I250M822I	d9e9c9377516e5021c9e908453d1023f	219804
L	96476	1413	*	*	*	*	*	142534	*
H	96476	250	100.0	+	0	0	300I250M863I	d9e9c9377516e5021c9e908453d1023f	142534
L	72593	1449	*	*	*	*	*	243121	*
H	72593	250	100.0	+	0	0	337I250M862I	d9e9c9377516e5021c9e908453d1023f	243121
L	92782	1451	*	*	*	*	*	157327	*
H	92782	250	99.6	+	0	0	335I250M866I	257989dc361d0b6fb2566234ccc4f1c2	157327
L	82005	1403	*	*	*	*	*	195795	*
H	82005	250	99.6	+	0	0	355I250M798I	257989dc361d0b6fb2566234ccc4f1c2	195795
L	7976	1382	*	*	*	*	*	845375	*
H	7976	250	99.6	+	0	0	345I250M787I	257989dc361d0b6fb2566234ccc4f1c2	845375
L	107116	1551	*	*	*	*	*	60573	*
H	107116	250	96.0	+	0	0	536I250M765I	ce624d1b419b7962669113abbe54862b	60573
L	133361	1470	*	*	*	*	*	1114432	*
H	133361	250	94.4	+	0	0	515I250M705I	ce624d1b419b7962669113abbe54862b	1114432
L	40317	1386	*	*	*	*	*	416173	*
H	40317	250	96.0	+	0	0	515I77MI104MI15MI29MI25M617I	ce624d1b419b7962669113abbe54862b	416173
L	70031	1522	*	*	*	*	*	253486	*
H	70031	250	100.0	+	0	0	521I250M751I	187d45a4e8aea6b2b81e4a1c2c7daa10	253486
L	32545	1492	*	*	*	*	*	532847	*
H	32545	250	100.0	+	0	0	519I250M723I	187d45a4e8aea6b2b81e4a1c2c7daa10	532847
L	150643	1353	*	*	*	*	*	3713447	*
H	150643	250	100.0	+	0	0	481I250M622I	187d45a4e8aea6b2b81e4a1c2c7daa10	3713447
L	60875	1370	*	*	*	*	*	290630	*
H	60875	250	100.0	+	0	0	502I250M618I	9afa8a886ce58d005817de2ccf965cab	290630
L	87197	1379	*	*	*	*	*	180321	*
H	87197	250	100.0	+	0	0	511I250M618I	9afa8a886ce58d005817de2ccf965cab	180321
L	88775	1379	*	*	*	*	*	175411	*
H	88775	250	100.0	+	0	0	511I250M618I	9afa8a886ce58d005817de2ccf965cab	175411
L	201084	1402	*	*	*	*	*	1142	*
H	201084	250	100.0	+	0	0	447I250M705I	985186d08524adfa1dd0a5508be9fd5c	1142
L	199077	1435	*	*	*	*	*	556561	*
H	199077	250	99.2	+	0	0	462I250M723I	985186d08524adfa1dd0a5508be9fd5c	556561
L	200865	1466	*	*	*	*	*	101071	*
H	200865	250	99.2	+	0	0	463I250M753I	985186d08524adfa1dd0a5508be9fd5c	101071
N	*	250	*	*	*	*	*	3f7d6918cf9e0708c4bb030a81273cc1	*
L	16989	1509	*	*	*	*	*	609022	*
H	16989	250	100.0	+	0	0	346I250M913I	0e0ba4df909bd88a35adabc54e86299c	609022
L	111077	1450	*	*	*	*	*	10952	*
H	111077	250	100.0	+	0	0	342I250M858I	0e0ba4df909bd88a35adabc54e86299c	10952
L	104196	1356	*	*	*	*	*	94130	*
H	104196	250	100.0	+	0	0	294I250M812I	0e0ba4df909bd88a35adabc54e86299c	94130
L	140049	1507	*	*	*	*	*	3076313	*
H	140049	250	99.2	+	0	0	536I250M721I	bdc1edf81e57a386eaeeabf885333c86	3076313
L	179968	1508	*	*	*	*	*	4390892	*
H	179968	250	98.8	+	0	0	536I250M722I	bdc1edf81e57a386eaeeabf885333c86	4390892
L	27532	1505	*	*	*	*	*	553562	*
H	27532	250	98.8	+	0	0	534I250M721I	bdc1edf81e57a386eaeeabf885333c86	553562
L	124973	1485	*	*	*	*	*	1120116	*
H	124973	250	100.0	+	0	0	522I250M713I	f4ab08967f420d77c4df2ec76139d969	1120116
L	116863	1475	*	*	*	*	*	1116880	*
H	116863	250	100.0	+	0	0	522I250M703I	f4ab08967f420d77c4df2ec76139d969	1116880
L	136689	1393	*	*	*	*	*	1054055	*
H	136689	250	100.0	+	0	0	542I250M601I	f4ab08967f420d77c4df2ec76139d969	1054055
L	86449	1375	*	*	*	*	*	182588	*
H	86449	250	99.6	+	0	0	500I250M625I	5f2d589aeca05cfa41265dd5e23603b4	182588
L	86423	1377	*	*	*	*	*	182668	*
H	86423	250	100.0	+	0	0	509I250M618I	5f2d589aeca05cfa41265dd5e23603b4	182668
L	88532	1370	*	*	*	*	*	176167	*
H	88532	250	100.0	+	0	0	500I250M620I	5f2d589aeca05cfa41265dd5e23603b4	176167
L	41558	1387	*	*	*	*	*	370134	*
H	41558	250	100.0	+	0	0	524I250M613I	c1dc9ad5116d96b8ed863458fc0d0aec	370134
L	41573	1358	*	*	*	*	*	370081	*
H	41573	250	100.0	+	0	0	494I250M614I	c1dc9ad5116d96b8ed863458fc0d0aec	370081
L	86937	1392	*	*	*	*	*	181117	*
H	86937	250	100.0	+	0	0	516I250M626I	c1dc9ad5116d96b8ed863458fc0d0aec	181117
L	165670	1546	*	*	*	*	*	4318438	*
H	165670	250	100.0	+	0	0	535I250M761I	1b158b8b2922d4fcad5d9cea607cbb7d	4318438
L	127259	1444	*	*	*	*	*	2327459	*
H	127259	250	100.0	+	0	0	506I250M688I	1b158b8b2922d4fcad5d9cea607cbb7d	2327459
L	115955	1449	*	*	*	*	*	1682819	*
H	115955	250	100.0	+	0	0	502I250M697I	1b158b8b2922d4fcad5d9cea607cbb7d	1682819
L	185045	1514	*	*	*	*	*	4416988	*
H	185045	250	100.0	+	0	0	534I250M730I	e336f37a27cbd76db5b0040a8c078e20	4416988
H	170333	250	100.0	+	0	0	543I250M761I	e336f37a27cbd76db5b0040a8c078e20	4341595
H	110139	250	98.8	+	0	0	533I250M704I	e336f37a27cbd76db5b0040a8c078e20	15033
L	189609	1415	*	*	*	*	*	4439457	*
H	189609	250	98.4	+	0	0	352I250M813I	aa95dca0c5dc48963cd4d424f02f31b6	4439457
L	7206	1372	*	*	*	*	*	871442	*
H	7206	250	98.4	+	0	0	335I250M787I	aa95dca0c5dc48963cd4d424f02f31b6	871442
L	151831	1370	*	*	*	*	*	1034874	*
H	151831	250	98.4	+	0	0	337I250M783I	aa95dca0c5dc48963cd4d424f02f31b6	1034874
L	78890	1481	*	*	*	*	*	211025	*
H	78890	250	100.0	+	0	0	503I250M728I	51dd453b71a4aba20d9f349601ea5203	211025
L	52886	1350	*	*	*	*	*	321397	*
H	52886	250	100.0	+	0	0	493I250M607I	51dd453b71a4aba20d9f349601ea5203	321397
L	90567	1469	*	*	*	*	*	167373	*
H	90567	250	100.0	+	0	0	491I250M728I	51dd453b71a4aba20d9f349601ea5203	167373
L	136409	1342	*	*	*	*	*	810371	*
H	136409	250	98.4	+	0	0	464I250M628I	68b03ad10b10d53379e590feaeb6dc6f	810371
L	183972	1463	*	*	*	*	*	4411670	*
H	183972	250	97.2	+	0	0	487I250M726I	68b03ad10b10d53379e590feaeb6dc6f	4411670
L	141832	1329	*	*	*	*	*	912714	*
H	141832	250	96.8	+	0	0	464I250M615I	68b03ad10b10d53379e590feaeb6dc6f	912714
L	84468	1389	*	*	*	*	*	188591	*
H	84468	250	100.0	+	0	0	514I250M625I	a0b7d83fb64749f9a4b15b3728425b97	188591
L	84679	1392	*	*	*	*	*	187935	*
H	84679	250	100.0	+	0	0	515I250M627I	a0b7d83fb64749f9a4b15b3728425b97	187935
L	84823	1390	*	*	*	*	*	187505	*
H	84823	250	100.0	+	0	0	515I250M625I	a0b7d83fb64749f9a4b15b3728425b97	187505
L	139115	1448	*	*	*	*	*	3017350	*
H	139115	250	100.0	+	0	0	492I250M706I	51e441cbdcc80da0656e82293ae160b5	3017350
L	139927	1433	*	*	*	*	*	3068439	*
H	139927	250	100.0	+	0	0	507I250M676I	51e441cbdcc80da0656e82293ae160b5	3068439
L	84919	1396	*	*	*	*	*	187224	*
H	84919	250	100.0	+	0	0	526I250M620I	51e441cbdcc80da0656e82293ae160b5	187224
L	119832	1375	*	*	*	*	*	847427	*
H	119832	250	100.0	+	0	0	511I250M614I	09f9dca1c8b5b542ba000dc812e6bef8	847427
L	197450	1528	*	*	*	*	*	4479129	*
H	197450	250	94.4	+	0	0	530I250M748I	09f9dca1c8b5b542ba000dc812e6bef8	4479129
H	153974	250	93.6	+	0	0	522I250M713I	09f9dca1c8b5b542ba000dc812e6bef8	3906666
L	90932	1474	*	*	*	*	*	165489	*
H	90932	250	100.0	+	0	0	350I250M874I	3b1e57d59969c0e4e22215de18ae8549	165489
L	91032	1457	*	*	*	*	*	164965	*
H	91032	250	100.0	+	0	0	330I250M877I	3b1e57d59969c0e4e22215de18ae8549	164965
L	59947	1408	*	*	*	*	*	293816	*
H	59947	250	100.0	+	0	0	351I250M807I	3b1e57d59969c0e4e22215de18ae8549	293816
L	192984	1505	*	*	*	*	*	4456710	*
H	192984	250	100.0	+	0	0	526I250M729I	97469448a11d554c7fd7e8f532cd9d05	4456710
L	112735	1547	*	*	*	*	*	1815	*
H	112735	250	100.0	+	0	0	537I250M760I	97469448a11d554c7fd7e8f532cd9d05	1815
L	139183	1508	*	*	*	*	*	3021480	*
H	139183	250	99.2	+	0	0	529I250M729I	97469448a11d554c7fd7e8f532cd9d05	3021480
L	53381	1513	*	*	*	*	*	319428	*
H	53381	250	100.0	+	0	0	530I250M733I	270c5e079a423832004deecd2e6186fa	319428
L	1431	1366	*	*	*	*	*	1090006	*
H	1431	250	98.8	+	0	0	509I250M607I	270c5e079a423832004deecd2e6186fa	1090006
L	169588	1509	*	*	*	*	*	4337888	*
H	169588	250	98.0	+	0	0	530I250M729I	270c5e079a423832004deecd2e6186fa	4337888
L	1565	1342	*	*	*	*	*	1085110	*
H	1565	250	100.0	+	0	0	324I250M768I	4a0995a82d96f424a4af7f074ee45faa	1085110
L	38547	1343	*	*	*	*	*	504796	*
H	38547	250	100.0	+	0	0	328I250M765I	4a0995a82d96f424a4af7f074ee45faa	504796
L	1606	1343	*	*	*	*	*	1083810	*
H	1606	250	100.0	+	0	0	328I250M765I	4a0995a82d96f424a4af7f074ee45faa	1083810
L	169233	1475	*	*	*	*	*	4336217	*
H	169233	250	99.6	+	0	0	519I250M706I	ef4a72e37eb19e280bb4ca06d49ef67c	4336217
L	19441	1514	*	*	*	*	*	585878	*
H	19441	250	99.6	+	0	0	536I250M728I	ef4a72e37eb19e280bb4ca06d49ef67c	585878
L	20641	1516	*	*	*	*	*	581655	*
H	20641	250	99.2	+	0	0	538I250M728I	ef4a72e37eb19e280bb4ca06d49ef67c	581655
L	165153	1413	*	*	*	*	*	4315958	*
H	165153	250	100.0	+	0	0	540I250M623I	0a4009eb300a0f2671383587d6d8401e	4315958
L	172112	1561	*	*	*	*	*	4350748	*
H	172112	250	100.0	+	0	0	550I250M761I	0a4009eb300a0f2671383587d6d8401e	4350748
L	165037	1423	*	*	*	*	*	4315405	*
H	165037	250	100.0	+	0	0	537I250M636I	0a4009eb300a0f2671383587d6d8401e	4315405
L	42196	1348	*	*	*	*	*	367039	*
H	42196	250	100.0	+	0	0	484I250M614I	dc2721103659fe9f1d3ead56a11df243	367039
L	83760	1389	*	*	*	*	*	190648	*
H	83760	250	100.0	+	0	0	514I250M625I	dc2721103659fe9f1d3ead56a11df243	190648
L	190985	1443	*	*	*	*	*	4446453	*
H	190985	250	100.0	+	0	0	490I250M703I	dc2721103659fe9f1d3ead56a11df243	4446453
L	154817	1509	*	*	*	*	*	3956479	*
H	154817	250	99.6	+	0	0	528I250M731I	f642430f53fe26890fe7fb4587ce4e0e	3956479
L	6469	1367	*	*	*	*	*	900501	*
H	6469	250	99.6	+	0	0	509I250M608I	f642430f53fe26890fe7fb4587ce4e0e	900501
L	143167	1511	*	*	*	*	*	1142323	*
H	143167	250	99.6	+	0	0	531I250M730I	f642430f53fe26890fe7fb4587ce4e0e	1142323
L	119212	1474	*	*	*	*	*	1112001	*
H	119212	250	98.4	+	0	0	517I250M707I	24aa511e07dcd75479f64bbf0f76b5f4	1112001
L	36369	1486	*	*	*	*	*	516417	*
H	36369	250	99.6	+	0	0	515I250M721I	24aa511e07dcd75479f64bbf0f76b5f4	516417
L	1819	1349	*	*	*	*	*	1075898	*
H	1819	250	100.0	+	0	0	495I250M604I	24aa511e07dcd75479f64bbf0f76b5f4	1075898
L	109883	1491	*	*	*	*	*	16271	*
H	109883	250	100.0	+	0	0	492I250M749I	3dcf95f04c5e5084618a820fded0a048	16271
L	177965	1516	*	*	*	*	*	4380971	*
H	177965	250	100.0	+	0	0	507I250M759I	3dcf95f04c5e5084618a820fded0a048	4380971
L	91892	1479	*	*	*	*	*	160969	*
H	91892	250	100.0	+	0	0	499I250M730I	3dcf95f04c5e5084618a820fded0a048	160969
L	78475	1493	*	*	*	*	*	213631	*
H	78475	250	100.0	+	0	0	519I250M724I	877cbd485e8e00858a551153bb630d8e	213631
L	78417	1493	*	*	*	*	*	214009	*
H	78417	250	100.0	+	0	0	519I250M724I	877cbd485e8e00858a551153bb630d8e	214009
L	183413	1445	*	*	*	*	*	4408801	*
H	183413	250	100.0	+	0	0	488I250M707I	877cbd485e8e00858a551153bb630d8e	4408801
L	173278	1441	*	*	*	*	*	4357221	*
H	173278	250	100.0	+	0	0	489I250M702I	d32f24bb89dd024a38ac0a7a5962c771	4357221
L	115080	1440	*	*	*	*	*	1636496	*
H	115080	250	100.0	+	0	0	489I250M701I	d32f24bb89dd024a38ac0a7a5962c771	1636496
L	54677	1357	*	*	*	*	*	313876	*
H	54677	250	100.0	+	0	0	497I250M610I	d32f24bb89dd024a38ac0a7a5962c771	313876
L	100427	1370	*	*	*	*	*	112846	*
H	100427	250	97.6	+	0	0	498I250M622I	f780feeae534d441aae565c71b6e88fb	112846
L	185044	1524	*	*	*	*	*	4416987	*
H	185044	250	98.0	+	0	0	512I250M762I	f780feeae534d441aae565c71b6e88fb	4416987
L	109475	1435	*	*	*	*	*	22538	*
H	109475	250	97.6	+	0	0	479I250M706I	f780feeae534d441aae565c71b6e88fb	22538
H	99154	250	100.0	+	0	0	502I250M753I	dd9c965e5c7fda83513c06726b00417c	128604
L	5351	1328	*	*	*	*	*	942536	*
H	5351	250	96.0	+	0	0	474I250M604I	dd9c965e5c7fda83513c06726b00417c	942536
L	161089	1422	*	*	*	*	*	4296941	*
H	161089	250	98.0	+	0	0	495I250M677I	dd9c965e5c7fda83513c06726b00417c	4296941
L	148866	1373	*	*	*	*	*	849881	*
H	148866	250	100.0	+	0	0	502I250M621I	90a05d597112b554e4480a8eaae4e0aa	849881
L	42229	1358	*	*	*	*	*	366900	*
H	42229	250	100.0	+	0	0	494I250M614I	90a05d597112b554e4480a8eaae4e0aa	366900
L	128414	1456	*	*	*	*	*	2397411	*
H	128414	250	100.0	+	0	0	494I250M712I	90a05d597112b554e4480a8eaae4e0aa	2397411
L	179759	1507	*	*	*	*	*	4389974	*
H	179759	250	100.0	+	0	0	528I250M729I	0d62ecacc573722eacace2377ae4a16c	4389974
L	134225	1508	*	*	*	*	*	2733658	*
H	134225	250	100.0	+	0	0	529I250M729I	0d62ecacc573722eacace2377ae4a16c	2733658
L	134748	1472	*	*	*	*	*	750490	*
H	134748	250	99.6	+	0	0	512I250M710I	0d62ecacc573722eacace2377ae4a16c	750490
L	5070	1358	*	*	*	*	*	953855	*
H	5070	250	99.6	+	0	0	505I250M603I	a231814083060142816974207844eff2	953855
L	45509	1401	*	*	*	*	*	351292	*
H	45509	250	100.0	+	0	0	527I250M624I	a231814083060142816974207844eff2	351292
L	41594	1360	*	*	*	*	*	369997	*
H	41594	250	100.0	+	0	0	501I250M609I	a231814083060142816974207844eff2	369997
L	44953	1373	*	*	*	*	*	353596	*
H	44953	250	100.0	+	0	0	501I250M622I	bd3c45d86ab338880235c8db92437c9e	353596
L	42555	1365	*	*	*	*	*	365220	*
H	42555	250	100.0	+	0	0	505I250M610I	bd3c45d86ab338880235c8db92437c9e	365220
L	194600	1478	*	*	*	*	*	4465124	*
H	194600	250	100.0	+	0	0	500I250M728I	bd3c45d86ab338880235c8db92437c9e	4465124
L	137849	1440	*	*	*	*	*	1125837	*
H	137849	250	99.6	+	0	0	431I250M759I	a85d1e5bab29e2ed9ff5f9cc341a79cf	1125837
L	12889	1394	*	*	*	*	*	756153	*
H	12889	250	99.6	+	0	0	429I250M715I	a85d1e5bab29e2ed9ff5f9cc341a79cf	756153
L	115095	1449	*	*	*	*	*	1637278	*
H	115095	250	99.6	+	0	0	467I250M732I	a85d1e5bab29e2ed9ff5f9cc341a79cf	1637278
L	50212	1511	*	*	*	*	*	332316	*
H	50212	250	99.6	+	0	0	499I250M762I	113aea2acd261087889f44fef115ac0f	332316
L	167901	1516	*	*	*	*	*	4329469	*
H	167901	250	99.2	+	0	0	537I250M729I	113aea2acd261087889f44fef115ac0f	4329469
L	72998	1382	*	*	*	*	*	241435	*
H	72998	250	98.0	+	0	0	522I250M610I	113aea2acd261087889f44fef115ac0f	241435
L	148461	1441	*	*	*	*	*	3577135	*
H	148461	250	99.6	+	0	0	503I250M688I	ec77e3de9951e4b4183a0afd548a0d47	3577135
L	136691	1440	*	*	*	*	*	2875740	*
H	136691	250	100.0	+	0	0	491I250M699I	ec77e3de9951e4b4183a0afd548a0d47	2875740
L	42889	1364	*	*	*	*	*	363478	*
H	42889	250	99.6	+	0	0	506I250M608I	ec77e3de9951e4b4183a0afd548a0d47	363478
L	152931	1461	*	*	*	*	*	742896	*
H	152931	250	100.0	+	0	0	488I250M723I	0d87b112bc336b97248bf4757a668689	742896
L	175115	1489	*	*	*	*	*	4366363	*
H	175115	250	100.0	+	0	0	520I250M719I	0d87b112bc336b97248bf4757a668689	4366363
L	151670	1513	*	*	*	*	*	3773438	*
H	151670	250	100.0	+	0	0	514I250M749I	0d87b112bc336b97248bf4757a668689	3773438
L	35796	1344	*	*	*	*	*	518998	*
H	35796	250	99.6	+	0	0	467I250M627I	ca4d0ff3a24db40e2671bc953dbf7c75	518998
L	176178	1443	*	*	*	*	*	4371756	*
H	176178	250	98.0	+	0	0	431I250M762I	ca4d0ff3a24db40e2671bc953dbf7c75	4371756
L	167714	1439	*	*	*	*	*	4328457	*
H	167714	250	98.0	+	0	0	431I250M758I	ca4d0ff3a24db40e2671bc953dbf7c75	4328457
L	171013	1448	*	*	*	*	*	4345103	*
H	171013	250	99.6	+	0	0	502I250M696I	f65c9baa481c7ba05ae78b3ef4797218	4345103
L	132059	1440	*	*	*	*	*	2613485	*
H	132059	250	99.6	+	0	0	500I250M690I	f65c9baa481c7ba05ae78b3ef4797218	2613485
L	113283	1536	*	*	*	*	*	1526277	*
H	113283	250	99.6	+	0	0	535I250M751I	f65c9baa481c7ba05ae78b3ef4797218	1526277
L	99285	1444	*	*	*	*	*	126371	*
H	99285	250	100.0	+	0	0	499I250M695I	4453cb651a8781e047b99c045d35d6cf	126371
L	131846	1353	*	*	*	*	*	1073298	*
H	131846	250	100.0	+	0	0	499I250M604I	4453cb651a8781e047b99c045d35d6cf	1073298
L	25423	1353	*	*	*	*	*	562177	*
H	25423	250	98.0	+	0	0	500I250M603I	4453cb651a8781e047b99c045d35d6cf	562177
L	6423	1341	*	*	*	*	*	902248	*
H	6423	250	99.6	+	0	0	483I250M608I	ce5eea8e7eb39c9ec26edd8cb297bdbf	902248
L	4504	1341	*	*	*	*	*	974690	*
H	4504	250	99.6	+	0	0	483I250M608I	ce5eea8e7eb39c9ec26edd8cb297bdbf	974690
L	4738	1347	*	*	*	*	*	966091	*
H	4738	250	99.2	+	0	0	483I250M614I	ce5eea8e7eb39c9ec26edd8cb297bdbf	966091
L	54866	1401	*	*	*	*	*	313121	*
H	54866	250	100.0	+	0	0	528I250M623I	4bf3198c78397be5af0b7325d20558de	313121
L	54856	1401	*	*	*	*	*	313152	*
H	54856	250	100.0	+	0	0	528I250M623I	4bf3198c78397be5af0b7325d20558de	313152
L	166872	1366	*	*	*	*	*	4324238	*
H	166872	250	100.0	+	0	0	508I250M608I	4bf3198c78397be5af0b7325d20558de	4324238
L	167379	1545	*	*	*	*	*	4326794	*
H	167379	250	100.0	+	0	0	535I250M760I	6c687828e2fdce22a50b09ae7e9e6a1c	4326794
L	189822	1541	*	*	*	*	*	4440404	*
H	189822	250	99.6	+	0	0	531I250M760I	6c687828e2fdce22a50b09ae7e9e6a1c	4440404
L	163729	1398	*	*	*	*	*	4309160	*
H	163729	250	99.2	+	0	0	525I250M623I	6c687828e2fdce22a50b09ae7e9e6a1c	4309160
L	18211	1514	*	*	*	*	*	590356	*
H	18211	250	96.0	+	0	0	531I250M733I	4bcfaf7e1d5a83ad3059eca58cd1ab17	590356
L	161476	1481	*	*	*	*	*	4298719	*
H	161476	250	95.2	+	0	0	514I250M717I	4bcfaf7e1d5a83ad3059eca58cd1ab17	4298719
L	66048	1517	*	*	*	*	*	268057	*
H	66048	250	94.8	+	0	0	534I250M733I	4bcfaf7e1d5a83ad3059eca58cd1ab17	268057
L	77349	1420	*	*	*	*	*	219900	*
H	77349	250	100.0	+	0	0	520I250M650I	0dc8e0e89e89cf4f0c71808666f6c6e7	219900
L	77328	1477	*	*	*	*	*	220012	*
H	77328	250	100.0	+	0	0	505I250M722I	0dc8e0e89e89cf4f0c71808666f6c6e7	220012
L	32761	1395	*	*	*	*	*	531817	*
H	32761	250	100.0	+	0	0	520I250M625I	0dc8e0e89e89cf4f0c71808666f6c6e7	531817
L	43423	1365	*	*	*	*	*	360946	*
H	43423	250	100.0	+	0	0	500I250M615I	87368903a585e254843c93dbbe0b59de	360946
L	191323	1363	*	*	*	*	*	4448232	*
H	191323	250	100.0	+	0	0	504I250M609I	87368903a585e254843c93dbbe0b59de	4448232
L	43412	1377	*	*	*	*	*	361018	*
H	43412	250	100.0	+	0	0	518I250M609I	87368903a585e254843c93dbbe0b59de	361018
L	75330	1396	*	*	*	*	*	229992	*
H	75330	250	99.2	+	0	0	529I250M617I	f2e38c0ba837fa1f9d84b1b8f4837850	229992
L	148230	1366	*	*	*	*	*	962282	*
H	148230	250	98.8	+	0	0	509I250M607I	f2e38c0ba837fa1f9d84b1b8f4837850	962282
L	118549	1470	*	*	*	*	*	1132235	*
H	118549	250	98.0	+	0	0	509I213MI37M710I	f2e38c0ba837fa1f9d84b1b8f4837850	1132235
L	112022	1471	*	*	*	*	*	5796	*
H	112022	250	100.0	+	0	0	478I250M743I	51393137c0bd87733bef92c0d82ad05f	5796
L	32695	1433	*	*	*	*	*	532163	*
H	32695	250	100.0	+	0	0	471I250M712I	51393137c0bd87733bef92c0d82ad05f	532163
L	70341	1361	*	*	*	*	*	252206	*
H	70341	250	100.0	+	0	0	408I250M703I	51393137c0bd87733bef92c0d82ad05f	252206
H	167379	250	100.0	+	0	0	359I250M936I	9b51f226658b851b49c475d32b20f39c	4326794
L	2211	1362	*	*	*	*	*	1060621	*
H	2211	250	99.6	+	0	0	330I250M782I	9b51f226658b851b49c475d32b20f39c	1060621
L	188518	1400	*	*	*	*	*	4434156	*
H	188518	250	99.6	+	0	0	349I250M801I	9b51f226658b851b49c475d32b20f39c	4434156
L	76827	1395	*	*	*	*	*	222180	*
H	76827	250	100.0	+	0	0	501I250M644I	4a765a31e0cf23936b0d98af5f0b7b81	222180
L	76669	1463	*	*	*	*	*	222902	*
H	76669	250	100.0	+	0	0	502I250M711I	4a765a31e0cf23936b0d98af5f0b7b81	222902
L	77359	1419	*	*	*	*	*	219826	*
H	77359	250	100.0	+	0	0	520I250M649I	4a765a31e0cf23936b0d98af5f0b7b81	219826
L	10263	1556	*	*	*	*	*	816641	*
H	10263	250	100.0	+	0	0	537I250M769I	4db99f03423c6fcb8b145f60ef5522cd	816641
L	19220	1518	*	*	*	*	*	586585	*
H	19220	250	99.6	+	0	0	533I250M735I	4db99f03423c6fcb8b145f60ef5522cd	586585
L	48265	1525	*	*	*	*	*	340160	*
H	48265	250	99.6	+	0	0	537I187MD62M739I	4db99f03423c6fcb8b145f60ef5522cd	340160
L	142290	1425	*	*	*	*	*	3206647	*
H	142290	250	100.0	+	0	0	492I250M683I	f0111bac5234f907953885881c7e241c	3206647
L	99524	1359	*	*	*	*	*	119263	*
H	99524	250	100.0	+	0	0	507I250M602I	f0111bac5234f907953885881c7e241c	119263
L	99594	1355	*	*	*	*	*	115492	*
H	99594	250	100.0	+	0	0	503I250M602I	f0111bac5234f907953885881c7e241c	115492
L	44195	1516	*	*	*	*	*	356701	*
H	44195	250	99.6	+	0	0	507I250M759I	7d28a9e5ac8c019cc2652582737fbcd3	356701
L	153462	1372	*	*	*	*	*	3876673	*
H	153462	250	99.6	+	0	0	498I250M624I	7d28a9e5ac8c019cc2652582737fbcd3	3876673
H	109883	250	99.6	+	0	0	492I250M749I	7d28a9e5ac8c019cc2652582737fbcd3	16271
L	201414	1437	*	*	*	*	*	1107760	*
H	201414	250	99.6	+	0	0	463I250M724I	9f145259b53c1d776f1c5aaf2dd03079	1107760
L	199881	1398	*	*	*	*	*	250336	*
H	199881	250	98.8	+	0	0	442I250M706I	9f145259b53c1d776f1c5aaf2dd03079	250336
L	198677	1317	*	*	*	*	*	774663	*
H	198677	250	98.8	+	0	0	460I94MI156M606I	9f145259b53c1d776f1c5aaf2dd03079	774663
L	930	1482	*	*	*	*	*	1105405	*
H	930	250	99.6	+	0	0	497I250M735I	0b95b1e7575022ecb05cc4dda5583380	1105405
L	3251	1351	*	*	*	*	*	1021041	*
H	3251	250	99.6	+	0	0	491I250M610I	0b95b1e7575022ecb05cc4dda5583380	1021041
L	99790	1372	*	*	*	*	*	114587	*
H	99790	250	99.6	+	0	0	496I250M626I	0b95b1e7575022ecb05cc4dda5583380	114587
L	40585	1339	*	*	*	*	*	405590	*
H	40585	250	100.0	+	0	0	479I250M610I	156572b928592204f50650c986dd8a9c	405590
L	114770	1337	*	*	*	*	*	904665	*
H	114770	250	100.0	+	0	0	481I250M606I	156572b928592204f50650c986dd8a9c	904665
L	168358	1485	*	*	*	*	*	4331809	*
H	168358	250	100.0	+	0	0	501I250M734I	156572b928592204f50650c986dd8a9c	4331809
L	135765	1499	*	*	*	*	*	2827696	*
H	135765	250	100.0	+	0	0	515I250M734I	05ec396e3f7397a7f12d307934347d02	2827696
L	188033	1562	*	*	*	*	*	4431736	*
H	188033	250	100.0	+	0	0	544I250M768I	05ec396e3f7397a7f12d307934347d02	4431736
L	181776	1440	*	*	*	*	*	4400280	*
H	181776	250	100.0	+	0	0	534I250M656I	05ec396e3f7397a7f12d307934347d02	4400280
L	78459	1344	*	*	*	*	*	213762	*
H	78459	250	99.6	+	0	0	489I250M605I	0c2a6f208b20f66c65bd7fe0ed503c25	213762
L	84373	1385	*	*	*	*	*	188881	*
H	84373	250	98.8	+	0	0	512I250M623I	0c2a6f208b20f66c65bd7fe0ed503c25	188881
L	156954	1450	*	*	*	*	*	4082721	*
H	156954	250	98.0	+	0	0	492I250M708I	0c2a6f208b20f66c65bd7fe0ed503c25	4082721
L	202876	1306	*	*	*	*	*	4362617	*
H	202876	250	100.0	+	0	0	442I250M614I	0f5f7693288de84f4ade2e6abaa2440f	4362617
L	200510	1372	*	*	*	*	*	143107	*
H	200510	250	100.0	+	0	0	368I250M754I	0f5f7693288de84f4ade2e6abaa2440f	143107
L	201792	1439	*	*	*	*	*	716787	*
H	201792	250	100.0	+	0	0	465I250M724I	0f5f7693288de84f4ade2e6abaa2440f	716787
L	77491	1401	*	*	*	*	*	219151	*
H	77491	250	100.0	+	0	0	331I250M820I	6042fc1dc64cc610f5e026bb2c69bb79	219151
H	77359	250	100.0	+	0	0	343I250M826I	6042fc1dc64cc610f5e026bb2c69bb79	219826
H	76669	250	100.0	+	0	0	325I250M888I	6042fc1dc64cc610f5e026bb2c69bb79	222902
L	78059	1394	*	*	*	*	*	216330	*
H	78059	250	100.0	+	0	0	528I250M616I	f317a3bc28231cd055d5749b5886ab2d	216330
L	69197	1487	*	*	*	*	*	257021	*
H	69197	250	100.0	+	0	0	527I250M710I	f317a3bc28231cd055d5749b5886ab2d	257021
L	4851	1366	*	*	*	*	*	961465	*
H	4851	250	100.0	+	0	0	509I250M607I	f317a3bc28231cd055d5749b5886ab2d	961465
L	47623	1493	*	*	*	*	*	342754	*
H	47623	250	100.0	+	0	0	484I250M759I	aad12d128d47b829c381e6e205b93ad5	342754
L	26700	1461	*	*	*	*	*	557052	*
H	26700	250	99.2	+	0	0	502I250M709I	aad12d128d47b829c381e6e205b93ad5	557052
L	79717	1386	*	*	*	*	*	206180	*
H	79717	250	99.6	+	0	0	519I250M617I	aad12d128d47b829c381e6e205b93ad5	206180
L	42606	1377	*	*	*	*	*	364967	*
H	42606	250	100.0	+	0	0	517I250M610I	a67cb378efc39872e25df8467bd8616e	364967
L	25684	1388	*	*	*	*	*	561151	*
H	25684	250	100.0	+	0	0	528I250M610I	a67cb378efc39872e25df8467bd8616e	561151
L	148897	1454	*	*	*	*	*	615191	*
H	148897	250	100.0	+	0	0	503I250M701I	a67cb378efc39872e25df8467bd8616e	615191
L	81376	1380	*	*	*	*	*	197769	*
H	81376	250	100.0	+	0	0	505I250M625I	c3c8d537f5afdd76af1dd96e7e974368	197769
L	86420	1390	*	*	*	*	*	182681	*
H	86420	250	100.0	+	0	0	515I250M625I	c3c8d537f5afdd76af1dd96e7e974368	182681
L	51480	1355	*	*	*	*	*	327083	*
H	51480	250	100.0	+	0	0	499I250M606I	c3c8d537f5afdd76af1dd96e7e974368	327083
L	45024	1349	*	*	*	*	*	353292	*
H	45024	250	100.0	+	0	0	485I250M614I	470dd02996e31255357eeeaa3672b469	353292
L	46336	1338	*	*	*	*	*	348007	*
H	46336	250	100.0	+	0	0	484I250M604I	470dd02996e31255357eeeaa3672b469	348007
L	171048	1426	*	*	*	*	*	4345258	*
H	171048	250	100.0	+	0	0	467I250M709I	470dd02996e31255357eeeaa3672b469	4345258
L	189515	1453	*	*	*	*	*	4439083	*
H	189515	250	100.0	+	0	0	500I250M703I	c68c29d09b76c6738c7e138485cb0638	4439083
L	156999	1487	*	*	*	*	*	4086123	*
H	156999	250	100.0	+	0	0	518I250M719I	c68c29d09b76c6738c7e138485cb0638	4086123
L	189518	1451	*	*	*	*	*	4439086	*
H	189518	250	100.0	+	0	0	498I250M703I	c68c29d09b76c6738c7e138485cb0638	4439086
L	161763	1553	*	*	*	*	*	4300042	*
H	161763	250	99.2	+	0	0	365I250M938I	afef89bb5a2a9dbc94621a735c3b6008	4300042
L	1788	1369	*	*	*	*	*	1076969	*
H	1788	250	99.2	+	0	0	336I250M783I	afef89bb5a2a9dbc94621a735c3b6008	1076969
L	24049	1431	*	*	*	*	*	567972	*
H	24049	250	98.8	+	0	0	313I250M868I	afef89bb5a2a9dbc94621a735c3b6008	567972
L	99931	1346	*	*	*	*	*	114201	*
H	99931	250	100.0	+	0	0	474I250M622I	f936559afb889160ca5126f163dc33f1	114201
L	102124	1404	*	*	*	*	*	105644	*
H	102124	250	96.4	+	0	0	460I250M694I	f936559afb889160ca5126f163dc33f1	105644
L	106905	1437	*	*	*	*	*	62963	*
H	106905	250	96.4	+	0	0	475I250M712I	f936559afb889160ca5126f163dc33f1	62963
L	135379	1367	*	*	*	*	*	925027	*
H	135379	250	99.2	+	0	0	508I250M609I	787d4279d8c568c65b5b24569a0e4b53	925027
L	161196	1370	*	*	*	*	*	4297483	*
H	161196	250	98.0	+	0	0	491I250M629I	787d4279d8c568c65b5b24569a0e4b53	4297483
L	192591	1471	*	*	*	*	*	4454767	*
H	192591	250	98.0	+	0	0	508I124MI126M712I	787d4279d8c568c65b5b24569a0e4b53	4454767
L	194828	1367	*	*	*	*	*	1059655	*
H	194828	250	100.0	+	0	0	511I250M606I	ade3784d6dfd298c1bf09140aaa941fb	1059655
L	127575	1367	*	*	*	*	*	974513	*
H	127575	250	100.0	+	0	0	511I250M606I	ade3784d6dfd298c1bf09140aaa941fb	974513
L	6533	1369	*	*	*	*	*	898172	*
H	6533	250	100.0	+	0	0	511I250M608I	ade3784d6dfd298c1bf09140aaa941fb	898172
L	138318	1367	*	*	*	*	*	1052601	*
H	138318	250	100.0	+	0	0	508I250M609I	ee3a8078e2cf6f918a9c22180f8dea9d	1052601
L	157542	1510	*	*	*	*	*	1022861	*
H	157542	250	98.0	+	0	0	529I250M731I	ee3a8078e2cf6f918a9c22180f8dea9d	1022861
L	132120	1505	*	*	*	*	*	2616885	*
H	132120	250	97.2	+	0	0	528I250M727I	ee3a8078e2cf6f918a9c22180f8dea9d	2616885
L	83874	1390	*	*	*	*	*	190325	*
H	83874	250	100.0	+	0	0	515I250M625I	d5c7d97e6f4f5789d574d321dcca0992	190325
L	81119	1391	*	*	*	*	*	198564	*
H	81119	250	100.0	+	0	0	515I250M626I	d5c7d97e6f4f5789d574d321dcca0992	198564
L	42600	1483	*	*	*	*	*	365003	*
H	42600	250	100.0	+	0	0	493I250M740I	d5c7d97e6f4f5789d574d321dcca0992	365003
L	82946	1374	*	*	*	*	*	193053	*
H	82946	250	100.0	+	0	0	502I250M622I	aed3f59201e3b9d21858f36557f42a80	193053
L	84703	1384	*	*	*	*	*	187858	*
H	84703	250	100.0	+	0	0	512I250M622I	aed3f59201e3b9d21858f36557f42a80	187858
L	78852	1477	*	*	*	*	*	211295	*
H	78852	250	100.0	+	0	0	505I250M722I	aed3f59201e3b9d21858f36557f42a80	211295
L	95904	1521	*	*	*	*	*	144217	*
H	95904	250	100.0	+	0	0	361I212MI38M909I	0049dbe7419dc72d8daa299990ef3453	144217
L	178858	1559	*	*	*	*	*	4385552	*
H	178858	250	99.6	+	0	0	360I250M949I	0049dbe7419dc72d8daa299990ef3453	4385552
L	157250	1394	*	*	*	*	*	4097931	*
H	157250	250	99.6	+	0	0	290I250M854I	0049dbe7419dc72d8daa299990ef3453	4097931
L	27123	1375	*	*	*	*	*	555237	*
H	27123	250	100.0	+	0	0	457I250M668I	a0f7e5d96fea8258195ee9e9b6aa42ac	555237
L	29843	1376	*	*	*	*	*	544036	*
H	29843	250	100.0	+	0	0	457I250M669I	a0f7e5d96fea8258195ee9e9b6aa42ac	544036
L	150008	1509	*	*	*	*	*	1107294	*
H	150008	250	100.0	+	0	0	528I250M731I	a0f7e5d96fea8258195ee9e9b6aa42ac	1107294
L	73220	1487	*	*	*	*	*	240591	*
H	73220	250	100.0	+	0	0	478I250M759I	08b7d1ec9b601f4166aed8bef8598c81	240591
L	51582	1452	*	*	*	*	*	326655	*
H	51582	250	100.0	+	0	0	478I250M724I	08b7d1ec9b601f4166aed8bef8598c81	326655
L	18971	1352	*	*	*	*	*	587559	*
H	18971	250	100.0	+	0	0	433I250M669I	08b7d1ec9b601f4166aed8bef8598c81	587559
L	189889	1487	*	*	*	*	*	4440675	*
H	189889	250	99.6	+	0	0	504I250M733I	57d3c3d41e7015354474404c39be1ded	4440675
L	115203	1482	*	*	*	*	*	807260	*
H	115203	250	99.2	+	0	0	501I250M731I	57d3c3d41e7015354474404c39be1ded	807260
L	4388	1343	*	*	*	*	*	978887	*
H	4388	250	98.4	+	0	0	482I250M611I	57d3c3d41e7015354474404c39be1ded	978887
L	31851	1482	*	*	*	*	*	535721	*
H	31851	250	100.0	+	0	0	501I250M731I	583acbe1c0cc2d0689b2e71515733934	535721
L	47356	1463	*	*	*	*	*	343837	*
H	47356	250	100.0	+	0	0	501I250M712I	583acbe1c0cc2d0689b2e71515733934	343837
L	189821	1509	*	*	*	*	*	4440397	*
H	189821	250	100.0	+	0	0	499I250M760I	583acbe1c0cc2d0689b2e71515733934	4440397
L	135907	1456	*	*	*	*	*	1087958	*
H	135907	250	99.2	+	0	0	474I250M732I	d019ae11b20bff9d7cb0aa2a604c15c4	1087958
L	135906	1480	*	*	*	*	*	979918	*
H	135906	250	99.2	+	0	0	502I250M728I	d019ae11b20bff9d7cb0aa2a604c15c4	979918
L	172725	1354	*	*	*	*	*	4354249	*
H	172725	250	95.2	+	0	0	420I250M684I	d019ae11b20bff9d7cb0aa2a604c15c4	4354249
L	190602	1453	*	*	*	*	*	4444493	*
H	190602	250	100.0	+	0	0	497I250M706I	25d727166a36df8d2f6a915a945bf5ac	4444493
L	123835	1430	*	*	*	*	*	2128805	*
H	123835	250	100.0	+	0	0	482I250M698I	25d727166a36df8d2f6a915a945bf5ac	2128805
L	190859	1431	*	*	*	*	*	4445783	*
H	190859	250	100.0	+	0	0	505I250M676I	25d727166a36df8d2f6a915a945bf5ac	4445783
L	71538	1341	*	*	*	*	*	247487	*
H	71538	250	98.4	+	0	0	468I250M623I	a19b28c6512075202832d9a289eae054	247487
L	3761	1333	*	*	*	*	*	1000782	*
H	3761	250	97.6	+	0	0	468I250M615I	a19b28c6512075202832d9a289eae054	1000782
L	22586	1457	*	*	*	*	*	574158	*
H	22586	250	97.2	+	0	0	485I250M722I	a19b28c6512075202832d9a289eae054	574158
L	18094	1363	*	*	*	*	*	590790	*
H	18094	250	100.0	+	0	0	489I250M624I	a1a3200b76bcd6000a0914892d370b6e	590790
L	18631	1406	*	*	*	*	*	588755	*
H	18631	250	100.0	+	0	0	544I250M612I	a1a3200b76bcd6000a0914892d370b6e	588755
L	43374	1524	*	*	*	*	*	361210	*
H	43374	250	100.0	+	0	0	544I250M730I	a1a3200b76bcd6000a0914892d370b6e	361210
L	125004	1440	*	*	*	*	*	2196986	*
H	125004	250	100.0	+	0	0	481I250M709I	e0a25143b7f2e59d7266ee802d1aeb61	2196986
L	84129	1397	*	*	*	*	*	189587	*
H	84129	250	100.0	+	0	0	525I250M622I	e0a25143b7f2e59d7266ee802d1aeb61	189587
L	81817	1379	*	*	*	*	*	196345	*
H	81817	250	100.0	+	0	0	507I250M622I	e0a25143b7f2e59d7266ee802d1aeb61	196345
L	20619	1485	*	*	*	*	*	581739	*
H	20619	250	98.4	+	0	0	503I250M732I	9742fcd0aa1872784d8b5bb217dad6e0	581739
L	197623	1478	*	*	*	*	*	4479944	*
H	197623	250	98.4	+	0	0	500I250M728I	9742fcd0aa1872784d8b5bb217dad6e0	4479944
L	127083	1340	*	*	*	*	*	946179	*
H	127083	250	96.0	+	0	0	483I250M607I	9742fcd0aa1872784d8b5bb217dad6e0	946179
H	161763	250	100.0	+	0	0	542I250M761I	d63133c757e4c822d016db63aaa83f83	4300042
H	1788	250	99.6	+	0	0	513I250M606I	d63133c757e4c822d016db63aaa83f83	1076969
L	141871	1369	*	*	*	*	*	1059977	*
H	141871	250	99.6	+	0	0	513I250M606I	d63133c757e4c822d016db63aaa83f83	1059977
L	13246	1504	*	*	*	*	*	744242	*
H	13246	250	100.0	+	0	0	491I250M763I	0222d3a73fafa53c994878a023dc1efc	744242
L	166735	1511	*	*	*	*	*	4323569	*
H	166735	250	100.0	+	0	0	529I250M732I	0222d3a73fafa53c994878a023dc1efc	4323569
L	52552	1517	*	*	*	*	*	322856	*
H	52552	250	99.6	+	0	0	530I106MI144M736I	0222d3a73fafa53c994878a023dc1efc	322856
L	38304	1359	*	*	*	*	*	509452	*
H	38304	250	100.0	+	0	0	491I250M618I	54f3fa8080e96ee8c48b77627ac0ae3a	509452
L	38133	1361	*	*	*	*	*	509973	*
H	38133	250	100.0	+	0	0	492I250M619I	54f3fa8080e96ee8c48b77627ac0ae3a	509973
L	48604	1425	*	*	*	*	*	338817	*
H	48604	250	100.0	+	0	0	546I250M629I	54f3fa8080e96ee8c48b77627ac0ae3a	338817
D	1488	2	*	*	*	*	100.0	1087878	*
D	1542	2	*	*	*	*	100.0	1085868	*
D	1606	2	*	*	*	*	100.0	1083810	*
D	1788	2	*	*	*	*	99.2	1076969	*
D	1819	2	*	*	*	*	100.0	1075898	*
D	4504	2	*	*	*	*	99.6	974690	*
D	4851	2	*	*	*	*	100.0	961465	*
D	4916	2	*	*	*	*	100.0	959333	*
D	6533	2	*	*	*	*	100.0	898172	*
D	6888	2	*	*	*	*	100.0	884510	*
D	7976	2	*	*	*	*	99.6	845375	*
D	8086	2	*	*	*	*	100.0	842710	*
D	10263	2	*	*	*	*	100.0	816641	*
D	18211	2	*	*	*	*	96.0	590356	*
D	18971	2	*	*	*	*	100.0	587559	*
D	19441	2	*	*	*	*	99.6	585878	*
D	29093	2	*	*	*	*	100.0	547191	*
D	30760	2	*	*	*	*	100.0	540225	*
D	32003	2	*	*	*	*	100.0	535158	*
D	32761	2	*	*	*	*	100.0	531817	*
D	35796	2	*	*	*	*	99.6	518998	*
D	35956	2	*	*	*	*	98.8	518302	*
D	40035	2	*	*	*	*	96.8	427028	*
D	40317	2	*	*	*	*	96.0	416173	*
D	41463	2	*	*	*	*	100.0	372254	*
D	41594	2	*	*	*	*	100.0	369997	*
D	41761	2	*	*	*	*	100.0	369109	*
D	42082	2	*	*	*	*	100.0	367561	*
D	42307	2	*	*	*	*	100.0	366477	*
D	42600	2	*	*	*	*	100.0	365003	*
D	43187	2	*	*	*	*	99.6	362110	*
D	43374	2	*	*	*	*	100.0	361210	*
D	43412	2	*	*	*	*	100.0	361018	*
D	43891	2	*	*	*	*	100.0	358466	*
D	44057	2	*	*	*	*	100.0	357584	*
D	44196	2	*	*	*	*	100.0	356687	*
D	47623	2	*	*	*	*	100.0	342754	*
D	48604	2	*	*	*	*	100.0	338817	*
D	50212	2	*	*	*	*	99.6	332316	*
D	51063	2	*	*	*	*	100.0	328810	*
D	51480	2	*	*	*	*	100.0	327083	*
D	52079	2	*	*	*	*	100.0	324806	*
D	53381	2	*	*	*	*	100.0	319428	*
D	54677	2	*	*	*	*	100.0	313876	*
D	55173	2	*	*	*	*	100.0	311919	*
D	59947	2	*	*	*	*	100.0	293816	*
D	70341	2	*	*	*	*	100.0	252206	*
D	71538	2	*	*	*	*	98.4	247487	*
D	72301	2	*	*	*	*	100.0	244255	*
D	72593	2	*	*	*	*	100.0	243121	*
D	75330	2	*	*	*	*	99.2	229992	*
D	75501	2	*	*	*	*	98.0	228752	*
D	75860	2	*	*	*	*	99.6	226698	*
D	76669	2	*	*	*	*	100.0	222902	*
D	77359	2	*	*	*	*	100.0	219826	*
D	78385	2	*	*	*	*	100.0	214234	*
D	78459	2	*	*	*	*	99.6	213762	*
D	78852	2	*	*	*	*	100.0	211295	*
D	79871	2	*	*	*	*	99.6	205214	*
D	81817	2	*	*	*	*	100.0	196345	*
D	84823	2	*	*	*	*	100.0	187505	*
D	84919	2	*	*	*	*	100.0	187224	*
D	85917	2	*	*	*	*	100.0	184156	*
D	86937	2	*	*	*	*	100.0	181117	*
D	87690	2	*	*	*	*	100.0	178773	*
D	88532	2	*	*	*	*	100.0	176167	*
D	88775	2	*	*	*	*	100.0	175411	*
D	90567	2	*	*	*	*	100.0	167373	*
D	91892	2	*	*	*	*	100.0	160969	*
D	95904	2	*	*	*	*	100.0	144217	*
D	99154	3	*	*	*	*	100.0	128604	*
D	99594	2	*	*	*	*	100.0	115492	*
D	99790	2	*	*	*	*	99.6	114587	*
D	99931	2	*	*	*	*	100.0	114201	*
D	101337	2	*	*	*	*	100.0	109106	*
D	104196	2	*	*	*	*	100.0	94130	*
D	109883	2	*	*	*	*	99.6	16271	*
D	112735	2	*	*	*	*	100.0	1815	*
D	113283	2	*	*	*	*	99.6	1526277	*
D	113494	2	*	*	*	*	100.0	957973	*
D	113616	2	*	*	*	*	100.0	1546872	*
D	114928	2	*	*	*	*	100.0	1627466	*
D	115095	2	*	*	*	*	99.6	1637278	*
D	115908	2	*	*	*	*	100.0	1680440	*
D	115955	2	*	*	*	*	100.0	1682819	*
D	119832	2	*	*	*	*	100.0	847427	*
D	124935	2	*	*	*	*	100.0	1106498	*
D	126157	2	*	*	*	*	100.0	685739	*
D	128145	2	*	*	*	*	100.0	824293	*
D	128414	2	*	*	*	*	100.0	2397411	*
D	131846	2	*	*	*	*	100.0	1073298	*
D	133883	2	*	*	*	*	100.0	667975	*
D	134001	2	*	*	*	*	100.0	2723923	*
D	134225	2	*	*	*	*	100.0	2733658	*
D	134364	2	*	*	*	*	100.0	2740950	*
D	135379	2	*	*	*	*	99.2	925027	*
D	135906	2	*	*	*	*	99.2	979918	*
D	136409	2	*	*	*	*	98.4	810371	*
D	136689	2	*	*	*	*	100.0	1054055	*
D	136691	2	*	*	*	*	100.0	2875740	*
D	138318	2	*	*	*	*	100.0	1052601	*
D	138326	2	*	*	*	*	100.0	2969812	*
D	140049	2	*	*	*	*	99.2	3076313	*
D	143167	2	*	*	*	*	99.6	1142323	*
D	143191	2	*	*	*	*	100.0	3256931	*
D	148897	2	*	*	*	*	100.0	615191	*
D	149700	2	*	*	*	*	99.6	1144682	*
D	150008	2	*	*	*	*	100.0	1107294	*
D	150643	2	*	*	*	*	100.0	3713447	*
D	151068	2	*	*	*	*	99.2	889549	*
D	151670	2	*	*	*	*	100.0	3773438	*
D	151831	2	*	*	*	*	98.4	1034874	*
D	152567	2	*	*	*	*	100.0	3825890	*
D	153040	2	*	*	*	*	100.0	3849735	*
D	160554	2	*	*	*	*	100.0	4294512	*
D	161763	2	*	*	*	*	100.0	4300042	*
D	163526	2	*	*	*	*	100.0	4308305	*
D	164315	2	*	*	*	*	99.6	4312075	*
D	165037	2	*	*	*	*	100.0	4315405	*
D	166735	2	*	*	*	*	100.0	4323569	*
D	166872	2	*	*	*	*	100.0	4324238	*
D	167379	3	*	*	*	*	100.0	4326794	*
D	168358	2	*	*	*	*	100.0	4331809	*
D	170333	3	*	*	*	*	100.0	4341595	*
D	171048	2	*	*	*	*	100.0	4345258	*
D	171862	2	*	*	*	*	100.0	4349547	*
D	174892	2	*	*	*	*	99.6	4365458	*
D	175695	2	*	*	*	*	100.0	4369432	*
D	176678	2	*	*	*	*	100.0	4374414	*
D	181776	2	*	*	*	*	100.0	4400280	*
D	183413	2	*	*	*	*	100.0	4408801	*
D	185044	2	*	*	*	*	98.0	4416987	*
D	185500	2	*	*	*	*	98.8	4419154	*
D	189516	2	*	*	*	*	100.0	4439084	*
D	189518	2	*	*	*	*	100.0	4439086	*
D	189821	2	*	*	*	*	100.0	4440397	*
D	189889	2	*	*	*	*	99.6	4440675	*
D	190699	2	*	*	*	*	100.0	4444916	*
D	190859	2	*	*	*	*	100.0	4445783	*
D	190985	2	*	*	*	*	100.0	4446453	*
D	194600	2	*	*	*	*	100.0	4465124	*
D	196422	2	*	*	*	*	100.0	4474046	*
D	197623	2	*	*	*	*	98.4	4479944	*
D	201084	2	*	*	*	*	100.0	1142	*
D	201414	2	*	*	*	*	99.6	1107760	*
D	201792	2	*	*	*	*	100.0	716787	*
