UclustConsensusTaxonAssigner parameters:
id_to_taxonomy_filepath:/Users/nbokulich/Desktop/ref_dbs/gg_13_8_otus/taxonomy/99_otu_taxonomy.txt
id_to_taxonomy_fp:/Users/nbokulich/Desktop/ref_dbs/gg_13_8_otus/taxonomy/99_otu_taxonomy.txt
max_accepts:5
min_consensus_fraction:0.76
reference_sequences_fp:/Users/nbokulich/Desktop/ref_dbs/gg_13_8_otus/rep_set/99_otus/dna-sequences.fasta
similarity:0.97
unassignable_label:Unassigned
Result path: /var/folders/0t/l1dz88p50y91vx_22fx5w3780000gn/T/assign-taxpFy2n3

.uc file contents:

# uclust --input /Users/nbokulich/Desktop/projects/short-read-tax-assignment/data/mock-community/mock-18/rep_seqs.fna --id 0.97 --rev --maxaccepts 5 --allhits --libonly --lib /Users/nbokulich/Desktop/ref_dbs/gg_13_8_otus/rep_set/99_otus/dna-sequences.fasta --uc /var/folders/0t/l1dz88p50y91vx_22fx5w3780000gn/T/UclustConsensusTaxonAssigner_5pG2DI.uc
# version=1.2.22
# Tab-separated fields:
# 1=Type, 2=ClusterNr, 3=SeqLength or ClusterSize, 4=PctId, 5=Strand, 6=QueryStart, 7=SeedStart, 8=Alignment, 9=QueryLabel, 10=TargetLabel
# Record types (field 1): L=LibSeed, S=NewSeed, H=Hit, R=Reject, D=LibCluster, C=NewCluster, N=NoHit
# For C and D types, PctId is average id with seed.
# QueryStart and SeedStart are zero-based relative to start of sequence.
# If minus strand, SeedStart is relative to reverse-complemented seed.
N	*	250	*	*	*	*	*	2047bc8b43fb4b412ffb83234f326fa9	*
L	122659	250	*	*	*	*	*	2080339	*
H	122659	250	98.8	+	0	0	250M	dec4f574cdeb5d3c5638adb9c876a22a	2080339
L	31749	250	*	*	*	*	*	535804	*
H	31749	250	99.6	+	0	0	250M	dec4f574cdeb5d3c5638adb9c876a22a	535804
L	22770	250	*	*	*	*	*	573107	*
H	22770	250	98.8	+	0	0	82MI167MD	dec4f574cdeb5d3c5638adb9c876a22a	573107
L	110191	250	*	*	*	*	*	13900	*
H	110191	250	98.4	+	0	0	239MI10MD	dec4f574cdeb5d3c5638adb9c876a22a	13900
L	125877	250	*	*	*	*	*	1130818	*
H	125877	250	99.2	+	0	0	250M	dec4f574cdeb5d3c5638adb9c876a22a	1130818
L	172718	250	*	*	*	*	*	4356402	*
H	172718	250	98.0	+	0	0	81MI168MD	1b158b8b2922d4fcad5d9cea607cbb7d	4356402
L	90838	250	*	*	*	*	*	164965	*
H	90838	250	99.6	+	0	0	250M	1b158b8b2922d4fcad5d9cea607cbb7d	164965
L	64231	250	*	*	*	*	*	273603	*
H	64231	250	98.8	+	0	0	250M	1b158b8b2922d4fcad5d9cea607cbb7d	273603
L	155720	250	*	*	*	*	*	4030163	*
H	155720	250	97.2	+	0	0	250M	1b158b8b2922d4fcad5d9cea607cbb7d	4030163
L	16348	250	*	*	*	*	*	629716	*
H	16348	250	100.0	+	0	0	250M	1b158b8b2922d4fcad5d9cea607cbb7d	629716
N	*	250	*	*	*	*	*	5826f6bd485381c0ba2f0cd08501a931	*
N	*	250	*	*	*	*	*	87487c968633558a98435ceb0e4d3d73	*
N	*	250	*	*	*	*	*	99c0b1c3dcc59fed839d68952f9e4a57	*
N	*	250	*	*	*	*	*	887ebdda26f18198378fa9a8f78a15c3	*
N	*	250	*	*	*	*	*	9deae3dce0d5ebad38349c5b4ae581cd	*
N	*	250	*	*	*	*	*	274b0ad331ea0c67fc5db4e9b77e7c18	*
L	101746	250	*	*	*	*	*	106260	*
H	101746	250	99.6	+	0	0	250M	d65886bee0f292fbbf5fc64ff1bc0b24	106260
L	67397	250	*	*	*	*	*	262832	*
H	67397	250	98.8	+	0	0	250M	d65886bee0f292fbbf5fc64ff1bc0b24	262832
L	196903	250	*	*	*	*	*	4478770	*
H	196903	250	100.0	+	0	0	250M	d65886bee0f292fbbf5fc64ff1bc0b24	4478770
L	87641	250	*	*	*	*	*	178368	*
H	87641	250	98.8	+	0	0	250M	d65886bee0f292fbbf5fc64ff1bc0b24	178368
L	185544	250	*	*	*	*	*	4421388	*
H	185544	250	98.8	+	0	0	250M	d65886bee0f292fbbf5fc64ff1bc0b24	4421388
N	*	250	*	*	*	*	*	79420c98f368be110dc07f233dff9075	*
N	*	250	*	*	*	*	*	cc1e427b91cf1d82cc74738924f57c87	*
N	*	250	*	*	*	*	*	1e35379d88089e27e07899b9df535e35	*
N	*	250	*	*	*	*	*	6a51a452d1a83fb05e2555a8aad21f69	*
L	16743	250	*	*	*	*	*	615105	*
H	16743	250	99.2	+	0	0	250M	0a1ecb6089d61b94f4d5627348bc349f	615105
L	112085	250	*	*	*	*	*	3829	*
H	112085	250	98.8	+	0	0	250M	0a1ecb6089d61b94f4d5627348bc349f	3829
L	18677	250	*	*	*	*	*	588427	*
H	18677	250	99.2	+	0	0	250M	0a1ecb6089d61b94f4d5627348bc349f	588427
L	19265	250	*	*	*	*	*	586283	*
H	19265	250	99.2	+	0	0	250M	0a1ecb6089d61b94f4d5627348bc349f	586283
L	123060	250	*	*	*	*	*	826738	*
H	123060	250	99.6	+	0	0	250M	0a1ecb6089d61b94f4d5627348bc349f	826738
L	116419	250	*	*	*	*	*	1720567	*
H	116419	250	99.6	+	0	0	250M	4d39e3fe1dc93133c1d17bf0c1fd8128	1720567
L	10908	250	*	*	*	*	*	810598	*
H	10908	250	98.8	+	0	0	250M	4d39e3fe1dc93133c1d17bf0c1fd8128	810598
N	*	250	*	*	*	*	*	8d983bcb1195622b3bfb72f69d6d09a9	*
L	102799	250	*	*	*	*	*	102184	*
H	102799	250	99.2	+	0	0	250M	fe91de7cd0ac12581a8ad44bf81938b3	102184
L	101815	250	*	*	*	*	*	105986	*
H	101815	250	100.0	+	0	0	250M	fe91de7cd0ac12581a8ad44bf81938b3	105986
L	109678	250	*	*	*	*	*	16190	*
H	109678	250	100.0	+	0	0	250M	fe91de7cd0ac12581a8ad44bf81938b3	16190
L	109677	250	*	*	*	*	*	16191	*
H	109677	250	100.0	+	0	0	250M	fe91de7cd0ac12581a8ad44bf81938b3	16191
L	107645	250	*	*	*	*	*	46897	*
H	107645	250	100.0	+	0	0	250M	fe91de7cd0ac12581a8ad44bf81938b3	46897
N	*	250	*	*	*	*	*	f4a5bb35817150d51dfc9c328e23241b	*
N	*	250	*	*	*	*	*	657f9d6dd4404bd02c410df1f08eb9ef	*
N	*	250	*	*	*	*	*	cbfe405d76a8856bbd63a95c1ce934e2	*
N	*	250	*	*	*	*	*	e392356ed7ecaed507f51e6bf0ed5d78	*
N	*	250	*	*	*	*	*	3f5fc7486b02e2781b060204e6a03f80	*
N	*	250	*	*	*	*	*	2af11fac70f189643dfa7ed013359b29	*
N	*	250	*	*	*	*	*	1375e036d4bf6693e3d396afb96109f4	*
L	71994	250	*	*	*	*	*	244957	*
H	71994	250	100.0	+	0	0	250M	8b057a5364e57c0605a3ab444601d2fc	244957
L	186410	250	*	*	*	*	*	4425651	*
H	186410	250	98.4	+	0	0	250M	8b057a5364e57c0605a3ab444601d2fc	4425651
L	136	250	*	*	*	*	*	1110974	*
H	136	250	99.2	+	0	0	250M	8b057a5364e57c0605a3ab444601d2fc	1110974
L	219	250	*	*	*	*	*	1110320	*
H	219	250	99.2	+	0	0	250M	8b057a5364e57c0605a3ab444601d2fc	1110320
L	375	250	*	*	*	*	*	1109109	*
H	375	250	98.8	+	0	0	250M	8b057a5364e57c0605a3ab444601d2fc	1109109
N	*	250	*	*	*	*	*	1a7027993c37e1d023d3c01d16039178	*
L	132010	250	*	*	*	*	*	1076643	*
H	132010	250	99.6	+	0	0	250M	14a2cd516d5bc0912630be6aeea6acfd	1076643
L	180824	250	*	*	*	*	*	4397479	*
H	180824	250	99.6	+	0	0	250M	14a2cd516d5bc0912630be6aeea6acfd	4397479
L	97305	250	*	*	*	*	*	138650	*
H	97305	250	99.6	+	0	0	250M	14a2cd516d5bc0912630be6aeea6acfd	138650
L	112568	250	*	*	*	*	*	1426	*
H	112568	250	99.6	+	0	0	250M	14a2cd516d5bc0912630be6aeea6acfd	1426
L	183153	250	*	*	*	*	*	4409703	*
H	183153	250	99.2	+	0	0	250M	14a2cd516d5bc0912630be6aeea6acfd	4409703
N	*	250	*	*	*	*	*	7410570dffc21b8fd0c685074c61fd30	*
L	99738	250	*	*	*	*	*	114174	*
H	99738	250	100.0	+	0	0	250M	fdb690a39d34d55bf1aa55d52d3fcc41	114174
L	101576	250	*	*	*	*	*	107036	*
H	101576	250	99.6	+	0	0	243MI6MD	fdb690a39d34d55bf1aa55d52d3fcc41	107036
L	111895	250	*	*	*	*	*	4834	*
H	111895	250	99.6	+	0	0	250M	fdb690a39d34d55bf1aa55d52d3fcc41	4834
L	111894	250	*	*	*	*	*	4840	*
H	111894	250	100.0	+	0	0	250M	fdb690a39d34d55bf1aa55d52d3fcc41	4840
L	103632	250	*	*	*	*	*	99004	*
H	103632	250	99.2	+	0	0	250M	fdb690a39d34d55bf1aa55d52d3fcc41	99004
N	*	250	*	*	*	*	*	31e45add357068a08f98169312ea8f8e	*
L	144238	250	*	*	*	*	*	3341679	*
H	144238	250	99.6	+	0	0	250M	521080de462dfc157bdb3ec392a6c487	3341679
L	42749	250	*	*	*	*	*	363705	*
H	42749	250	98.8	+	0	0	250M	521080de462dfc157bdb3ec392a6c487	363705
L	119620	250	*	*	*	*	*	1904267	*
H	119620	250	98.8	+	0	0	250M	521080de462dfc157bdb3ec392a6c487	1904267
L	17183	250	*	*	*	*	*	593915	*
H	17183	250	97.6	+	0	0	250M	521080de462dfc157bdb3ec392a6c487	593915
L	4179	250	*	*	*	*	*	985663	*
H	4179	250	98.4	+	0	0	250M	521080de462dfc157bdb3ec392a6c487	985663
L	33446	250	*	*	*	*	*	528731	*
H	33446	250	98.4	+	0	0	145MD104MI	0f06e0a1fa729308fa8836fb4511de8c	528731
L	7936	250	*	*	*	*	*	845516	*
H	7936	250	97.6	+	0	0	250M	0f06e0a1fa729308fa8836fb4511de8c	845516
L	168349	250	*	*	*	*	*	4333836	*
H	168349	250	98.8	+	0	0	250M	0f06e0a1fa729308fa8836fb4511de8c	4333836
L	13144	250	*	*	*	*	*	746357	*
H	13144	250	99.6	+	0	0	250M	0f06e0a1fa729308fa8836fb4511de8c	746357
L	109589	250	*	*	*	*	*	17110	*
H	109589	250	98.8	+	0	0	250M	0f06e0a1fa729308fa8836fb4511de8c	17110
N	*	250	*	*	*	*	*	076a1b773bbbc7416cea1940b08de121	*
L	52285	250	*	*	*	*	*	323453	*
H	52285	250	98.8	+	0	0	250M	094226930fb6d71f02c7b6124105e94b	323453
L	118076	250	*	*	*	*	*	1816138	*
H	118076	250	98.0	+	0	0	250M	094226930fb6d71f02c7b6124105e94b	1816138
L	193679	250	*	*	*	*	*	4462645	*
H	193679	250	100.0	+	0	0	250M	094226930fb6d71f02c7b6124105e94b	4462645
L	95934	250	*	*	*	*	*	143570	*
H	95934	250	97.2	+	0	0	250M	094226930fb6d71f02c7b6124105e94b	143570
L	126673	250	*	*	*	*	*	831834	*
H	126673	250	98.8	+	0	0	250M	094226930fb6d71f02c7b6124105e94b	831834
L	158218	250	*	*	*	*	*	4183921	*
H	158218	250	99.6	+	0	0	250M	8826128724233ed3f97fec6429b3b5ef	4183921
L	113639	250	*	*	*	*	*	1562928	*
H	113639	250	99.2	+	0	0	242MI7MD	e5269e32edd47bb63709e25e22a6f0ae	1562928
L	88727	250	*	*	*	*	*	174945	*
H	88727	250	98.8	+	0	0	250M	e5269e32edd47bb63709e25e22a6f0ae	174945
L	155387	250	*	*	*	*	*	4011576	*
H	155387	250	99.6	+	0	0	250M	e5269e32edd47bb63709e25e22a6f0ae	4011576
L	43362	250	*	*	*	*	*	360778	*
H	43362	250	99.6	+	0	0	250M	e5269e32edd47bb63709e25e22a6f0ae	360778
L	184896	250	*	*	*	*	*	4418331	*
H	184896	250	99.6	+	0	0	250M	e5269e32edd47bb63709e25e22a6f0ae	4418331
N	*	250	*	*	*	*	*	2dd1dbc7bbcea120be366bf58ad9420c	*
N	*	250	*	*	*	*	*	cbe02502935a5dee81d1b0b4c11ec0a7	*
D	13144	2	*	*	*	*	99.6	746357	*
D	16348	2	*	*	*	*	100.0	629716	*
D	31749	2	*	*	*	*	99.6	535804	*
D	71994	2	*	*	*	*	100.0	244957	*
D	107645	2	*	*	*	*	100.0	46897	*
D	111894	2	*	*	*	*	100.0	4840	*
D	112568	2	*	*	*	*	99.6	1426	*
D	116419	2	*	*	*	*	99.6	1720567	*
D	123060	2	*	*	*	*	99.6	826738	*
D	144238	2	*	*	*	*	99.6	3341679	*
D	158218	2	*	*	*	*	99.6	4183921	*
D	184896	2	*	*	*	*	99.6	4418331	*
D	193679	2	*	*	*	*	100.0	4462645	*
D	196903	2	*	*	*	*	100.0	4478770	*
