UclustConsensusTaxonAssigner parameters:
id_to_taxonomy_filepath:/Users/nbokulich/Desktop/projects/short-read-tax-assignment/data/novel-taxa-simulations/B1-REF-L6-iter0/ref_taxa.tsv
id_to_taxonomy_fp:/Users/nbokulich/Desktop/projects/short-read-tax-assignment/data/novel-taxa-simulations/B1-REF-L6-iter0/ref_taxa.tsv
max_accepts:3
min_consensus_fraction:1.0
reference_sequences_fp:/Users/nbokulich/Desktop/projects/short-read-tax-assignment/data/novel-taxa-simulations/B1-REF-L6-iter0/ref_seqs.fasta
similarity:0.8
unassignable_label:Unassigned
Result path: /var/folders/0t/l1dz88p50y91vx_22fx5w3780000gn/T/assign-taxV3g3gC

.uc file contents:

# uclust --input /Users/nbokulich/Desktop/projects/short-read-tax-assignment/data/novel-taxa-simulations/B1-REF-L6-iter0/query.fasta --id 0.8 --rev --maxaccepts 3 --allhits --libonly --lib /Users/nbokulich/Desktop/projects/short-read-tax-assignment/data/novel-taxa-simulations/B1-REF-L6-iter0/ref_seqs.fasta --uc /var/folders/0t/l1dz88p50y91vx_22fx5w3780000gn/T/UclustConsensusTaxonAssigner_Aln6Rz.uc
# version=1.2.22
# Tab-separated fields:
# 1=Type, 2=ClusterNr, 3=SeqLength or ClusterSize, 4=PctId, 5=Strand, 6=QueryStart, 7=SeedStart, 8=Alignment, 9=QueryLabel, 10=TargetLabel
# Record types (field 1): L=LibSeed, S=NewSeed, H=Hit, R=Reject, D=LibCluster, C=NewCluster, N=NoHit
# For C and D types, PctId is average id with seed.
# QueryStart and SeedStart are zero-based relative to start of sequence.
# If minus strand, SeedStart is relative to reverse-complemented seed.
L	3050	250	*	*	*	*	*	1138568	*
H	3050	250	92.4	+	0	0	250M	1107152	1138568
L	1303	250	*	*	*	*	*	264229	*
H	1303	250	92.4	+	0	0	250M	1107152	264229
L	1422	250	*	*	*	*	*	241971	*
H	1422	250	93.2	+	0	0	250M	1107152	241971
L	3343	250	*	*	*	*	*	925397	*
H	3343	250	95.6	+	0	0	250M	1102814	925397
L	4185	250	*	*	*	*	*	4369372	*
H	4185	250	94.4	+	0	0	141MI108MD	1102814	4369372
L	24	250	*	*	*	*	*	1088265	*
H	24	250	95.2	+	0	0	250M	1102814	1088265
L	450	250	*	*	*	*	*	563240	*
H	450	250	95.6	+	0	0	250M	1082059	563240
L	2570	250	*	*	*	*	*	6357	*
H	2570	250	95.2	+	0	0	250M	1082059	6357
L	2737	250	*	*	*	*	*	1125670	*
H	2737	250	94.0	+	0	0	250M	1082059	1125670
L	1161	250	*	*	*	*	*	292424	*
H	1161	250	90.0	+	0	0	7I62MI22MI157M9D	1042805	292424
L	1187	250	*	*	*	*	*	288235	*
H	1187	250	90.0	+	0	0	7I62MI22MI157M9D	1042805	288235
L	425	250	*	*	*	*	*	567972	*
H	425	250	88.8	+	0	0	7I62MI22MI157M9D	1042805	567972
L	3615	250	*	*	*	*	*	3761170	*
H	3615	250	99.6	+	0	0	24MI225MD	920852	3761170
L	4072	250	*	*	*	*	*	4348253	*
H	4072	250	98.8	+	0	0	250M	920852	4348253
L	712	250	*	*	*	*	*	510204	*
H	712	250	98.8	+	0	0	250M	920852	510204
L	2511	250	*	*	*	*	*	10180	*
H	2511	250	95.6	+	0	0	250M	871137	10180
L	575	250	*	*	*	*	*	534898	*
H	575	250	95.2	+	0	0	250M	871137	534898
L	782	250	*	*	*	*	*	372473	*
H	782	250	95.2	+	0	0	250M	871137	372473
L	3937	250	*	*	*	*	*	4318352	*
H	3937	250	94.8	+	0	0	25MI20MI203M2D	853416	4318352
L	4039	250	*	*	*	*	*	4340653	*
H	4039	250	94.8	+	0	0	25MI20MI203M2D	853416	4340653
L	3002	250	*	*	*	*	*	1007399	*
H	3002	250	94.8	+	0	0	25MI20MI203M2D	853416	1007399
L	2050	250	*	*	*	*	*	141219	*
H	2050	250	84.0	+	0	0	250M	851936	141219
L	2234	250	*	*	*	*	*	89329	*
H	2234	250	82.8	+	0	0	250M	851936	89329
L	2231	250	*	*	*	*	*	90465	*
H	2231	250	86.4	+	0	0	250M	851936	90465
L	3070	250	*	*	*	*	*	2461583	*
H	3070	250	97.2	+	0	0	250M	787697	2461583
L	1531	250	*	*	*	*	*	202684	*
H	1531	250	94.4	+	0	0	226MI23MD	787697	202684
L	464	250	*	*	*	*	*	559649	*
H	464	250	86.4	+	0	0	250M	787697	559649
L	3441	250	*	*	*	*	*	761592	*
H	3441	250	100.0	+	0	0	250M	768898	761592
L	2811	250	*	*	*	*	*	794652	*
H	2811	250	99.6	+	0	0	250M	768898	794652
L	3637	250	*	*	*	*	*	1144051	*
H	3637	250	99.2	+	0	0	250M	768898	1144051
L	553	250	*	*	*	*	*	540423	*
H	553	250	93.6	+	0	0	25MI43MI180M2D	754534	540423
L	2669	250	*	*	*	*	*	1145943	*
H	2669	250	94.0	+	0	0	25MI43MI180M2D	754534	1145943
L	3460	250	*	*	*	*	*	664205	*
H	3460	250	93.2	+	0	0	25MI43MI180M2D	754534	664205
L	287	250	*	*	*	*	*	668105	*
H	287	250	99.2	+	0	0	250M	749696	668105
L	3544	250	*	*	*	*	*	1129599	*
H	3544	250	98.8	+	0	0	250M	749696	1129599
L	1471	250	*	*	*	*	*	229434	*
H	1471	250	97.2	+	0	0	250M	749696	229434
L	181	250	*	*	*	*	*	833731	*
H	181	250	99.2	+	0	0	250M	687940	833731
L	535	250	*	*	*	*	*	544824	*
H	535	250	98.8	+	0	0	250M	687940	544824
L	2263	250	*	*	*	*	*	77675	*
H	2263	250	98.4	+	0	0	250M	687940	77675
L	925	250	*	*	*	*	*	343431	*
H	925	250	93.6	+	0	0	250M	685156	343431
L	960	250	*	*	*	*	*	338852	*
H	960	250	93.6	+	0	0	250M	685156	338852
L	755	250	*	*	*	*	*	411486	*
H	755	250	93.6	+	0	0	250M	685156	411486
L	2910	250	*	*	*	*	*	2072645	*
H	2910	250	99.2	+	0	0	250M	667570	2072645
H	2511	250	99.2	+	0	0	250M	667570	10180
L	376	250	*	*	*	*	*	578401	*
H	376	250	98.4	+	0	0	250M	667570	578401
L	2543	250	*	*	*	*	*	8001	*
H	2543	250	94.4	+	0	0	D16MD90M2D13MD21MD8MD95M7I	660688	8001
L	2546	250	*	*	*	*	*	7976	*
H	2546	250	90.0	+	0	0	D16MD89M2D9MD26M2D103M7I	660688	7976
L	2542	250	*	*	*	*	*	8002	*
H	2542	250	89.2	+	0	0	D16MD90M2D13MD21MD8MD95M7I	660688	8002
L	1453	250	*	*	*	*	*	236778	*
H	1453	250	99.2	+	0	0	250M	610455	236778
L	391	250	*	*	*	*	*	575299	*
H	391	250	96.0	+	0	0	250M	610455	575299
L	4516	250	*	*	*	*	*	4435984	*
H	4516	250	96.0	+	0	0	250M	610455	4435984
L	2508	250	*	*	*	*	*	10455	*
H	2508	250	89.2	+	0	0	250M	590426	10455
L	2275	250	*	*	*	*	*	73954	*
H	2275	250	88.0	+	0	0	250M	590426	73954
L	4677	250	*	*	*	*	*	4469781	*
H	4677	250	89.6	+	0	0	250M	590426	4469781
L	2656	250	*	*	*	*	*	1136676	*
H	2656	250	98.0	+	0	0	250M	589792	1136676
L	3030	250	*	*	*	*	*	648540	*
H	3030	250	97.6	+	0	0	250M	589792	648540
L	3840	250	*	*	*	*	*	4295725	*
H	3840	250	97.6	+	0	0	250M	589792	4295725
L	4625	250	*	*	*	*	*	4460024	*
H	4625	250	98.0	+	0	0	250M	589597	4460024
L	2139	250	*	*	*	*	*	109728	*
H	2139	250	97.6	+	0	0	250M	589597	109728
L	2059	250	*	*	*	*	*	140772	*
H	2059	250	97.6	+	0	0	250M	589597	140772
L	2306	250	*	*	*	*	*	67615	*
H	2306	250	87.2	+	0	0	207MD42MI	580117	67615
L	2150	250	*	*	*	*	*	107854	*
H	2150	250	88.4	+	0	0	203M2D45M2I	579148	107854
L	4199	250	*	*	*	*	*	4371645	*
H	4199	250	91.2	+	0	0	198MD28MD22M2I	579148	4371645
L	1090	250	*	*	*	*	*	304724	*
H	1090	250	90.4	+	0	0	198MD51MI	579148	304724
L	3545	250	*	*	*	*	*	1144619	*
H	3545	250	98.4	+	0	0	250M	577261	1144619
L	317	250	*	*	*	*	*	593894	*
H	317	250	96.4	+	0	0	250M	577261	593894
H	2139	250	96.4	+	0	0	250M	577261	109728
L	2713	250	*	*	*	*	*	1143645	*
H	2713	250	99.2	+	0	0	250M	573413	1143645
L	4721	250	*	*	*	*	*	4477254	*
H	4721	250	98.8	+	0	0	250M	573413	4477254
L	543	250	*	*	*	*	*	543139	*
H	543	250	96.8	+	0	0	250M	573413	543139
L	2282	250	*	*	*	*	*	72643	*
H	2282	250	96.0	+	0	0	250M	568727	72643
L	1435	250	*	*	*	*	*	239924	*
H	1435	250	96.0	+	0	0	250M	568727	239924
L	2052	250	*	*	*	*	*	141146	*
H	2052	250	96.0	+	0	0	250M	568727	141146
L	1430	250	*	*	*	*	*	240661	*
H	1430	250	97.2	+	0	0	234MI15MD	567491	240661
L	1265	250	*	*	*	*	*	269962	*
H	1265	250	96.8	+	0	0	234MI15MD	567491	269962
L	2845	250	*	*	*	*	*	810888	*
H	2845	250	96.0	+	0	0	234MI15MD	567491	810888
L	534	250	*	*	*	*	*	544846	*
H	534	250	96.8	+	0	0	250M	566475	544846
L	474	250	*	*	*	*	*	558128	*
H	474	250	85.6	+	0	0	123MI126MD	566475	558128
L	2913	250	*	*	*	*	*	744642	*
H	2913	250	81.6	+	0	0	124M3I123M3D	566475	744642
H	2669	250	97.2	+	0	0	250M	565472	1145943
L	2187	250	*	*	*	*	*	102689	*
H	2187	250	96.8	+	0	0	250M	565472	102689
L	3485	250	*	*	*	*	*	685571	*
H	3485	250	94.8	+	0	0	250M	565472	685571
L	3645	250	*	*	*	*	*	1129883	*
H	3645	250	97.6	+	0	0	250M	557875	1129883
L	2366	250	*	*	*	*	*	42664	*
H	2366	250	97.2	+	0	0	250M	557875	42664
L	3890	250	*	*	*	*	*	4306207	*
H	3890	250	96.8	+	0	0	250M	557875	4306207
L	437	250	*	*	*	*	*	566103	*
H	437	250	90.8	+	0	0	250M	556906	566103
L	1353	250	*	*	*	*	*	259026	*
H	1353	250	90.8	+	0	0	250M	556906	259026
L	355	250	*	*	*	*	*	583989	*
H	355	250	89.2	+	0	0	250M	556906	583989
L	334	250	*	*	*	*	*	589864	*
H	334	250	99.6	+	0	0	250M	553146	589864
L	4378	250	*	*	*	*	*	4408009	*
H	4378	250	99.6	+	0	0	250M	553146	4408009
L	2034	250	*	*	*	*	*	143401	*
H	2034	250	99.6	+	0	0	250M	553146	143401
L	2407	250	*	*	*	*	*	24211	*
H	2407	250	98.0	+	0	0	171MD78MI	552143	24211
L	3828	250	*	*	*	*	*	1132675	*
H	3828	250	98.0	+	0	0	171MD78MI	552143	1132675
L	329	250	*	*	*	*	*	591642	*
H	329	250	98.0	+	0	0	171MD78MI	552143	591642
L	1157	250	*	*	*	*	*	292921	*
H	1157	250	88.0	+	0	0	250M	542536	292921
L	4402	250	*	*	*	*	*	4412542	*
H	4402	250	87.6	+	0	0	250M	542536	4412542
L	1117	250	*	*	*	*	*	299830	*
H	1117	250	87.6	+	0	0	250M	542536	299830
L	213	250	*	*	*	*	*	814853	*
H	213	250	93.6	+	0	0	250M	540623	814853
L	3656	250	*	*	*	*	*	699414	*
H	3656	250	92.0	+	0	0	100MI54M2I93M3D	540623	699414
L	2013	250	*	*	*	*	*	148626	*
H	2013	250	92.8	+	0	0	110MI25MI29MI83M3D	540623	148626
H	782	250	99.6	+	0	0	218MD31MI	539107	372473
H	575	250	99.6	+	0	0	218MD31MI	539107	534898
L	4598	250	*	*	*	*	*	4455895	*
H	4598	250	99.6	+	0	0	136MI82MD31M	539107	4455895
H	575	250	99.6	+	0	0	250M	537871	534898
H	782	250	99.6	+	0	0	250M	537871	372473
H	4598	250	99.2	+	0	0	136MI113MD	537871	4455895
L	868	250	*	*	*	*	*	354256	*
H	868	250	100.0	+	0	0	250M	536754	354256
H	755	250	100.0	+	0	0	250M	536754	411486
L	908	250	*	*	*	*	*	347063	*
H	908	250	100.0	+	0	0	250M	536754	347063
L	2021	250	*	*	*	*	*	146917	*
H	2021	250	96.0	+	0	0	250M	536238	146917
L	4615	250	*	*	*	*	*	4458713	*
H	4615	250	94.8	+	0	0	250M	536238	4458713
L	4752	250	*	*	*	*	*	4482862	*
H	4752	250	94.4	+	0	0	250M	536238	4482862
L	3489	250	*	*	*	*	*	714746	*
H	3489	250	89.6	+	0	0	86MI163MD	533624	714746
L	1190	250	*	*	*	*	*	287811	*
H	1190	250	89.2	+	0	0	86MI163MD	533624	287811
L	1175	250	*	*	*	*	*	289911	*
H	1175	250	88.8	+	0	0	86MI163MD	533624	289911
L	2281	250	*	*	*	*	*	72820	*
H	2281	250	98.8	+	0	0	250M	519290	72820
L	1457	250	*	*	*	*	*	235262	*
H	1457	250	98.4	+	0	0	250M	519290	235262
L	789	250	*	*	*	*	*	370225	*
H	789	250	98.4	+	0	0	250M	519290	370225
L	2122	250	*	*	*	*	*	113265	*
H	2122	250	97.2	+	0	0	250M	499035	113265
L	1118	250	*	*	*	*	*	299576	*
H	1118	250	96.8	+	0	0	250M	499035	299576
L	641	250	*	*	*	*	*	522984	*
H	641	250	96.8	+	0	0	250M	499035	522984
L	1693	250	*	*	*	*	*	186275	*
H	1693	250	92.8	+	0	0	250M	470117	186275
L	555	250	*	*	*	*	*	539939	*
H	555	250	88.4	+	0	0	250M	470117	539939
L	1686	250	*	*	*	*	*	186563	*
H	1686	250	89.2	+	0	0	250M	470117	186563
L	1380	250	*	*	*	*	*	251702	*
H	1380	250	92.8	+	0	0	250M	469663	251702
L	1684	250	*	*	*	*	*	186703	*
H	1684	250	82.8	+	0	0	132MI117MD	469663	186703
L	1628	250	*	*	*	*	*	191595	*
H	1628	250	82.8	+	0	0	132MI117MD	469663	191595
L	3712	250	*	*	*	*	*	776873	*
H	3712	250	93.6	+	0	0	59MI190MD	439804	776873
L	4606	250	*	*	*	*	*	4456894	*
H	4606	250	93.6	+	0	0	59MI190MD	439804	4456894
L	2474	250	*	*	*	*	*	12520	*
H	2474	250	93.6	+	0	0	59MI190MD	439804	12520
L	2837	250	*	*	*	*	*	1922365	*
H	2837	250	92.8	+	0	0	86MD108MD14MD39M3I	430191	1922365
L	773	250	*	*	*	*	*	386273	*
H	773	250	93.2	+	0	0	86MD110MD12MD39M3I	430191	386273
L	2095	250	*	*	*	*	*	132837	*
H	2095	250	84.4	+	0	0	2D83MD111MD12MD39M5I	430191	132837
L	1679	250	*	*	*	*	*	187297	*
H	1679	250	96.8	+	0	0	96MD153MI	391286	187297
L	2132	250	*	*	*	*	*	111289	*
H	2132	250	97.6	+	0	0	62MD29MI48MI109MD	391286	111289
L	3310	250	*	*	*	*	*	3055791	*
H	3310	250	96.4	+	0	0	250M	391286	3055791
L	2581	250	*	*	*	*	*	5263	*
H	2581	250	97.2	+	0	0	98MD151MI	383023	5263
L	2028	250	*	*	*	*	*	144720	*
H	2028	250	96.0	+	0	0	98MD151MI	383023	144720
L	4337	250	*	*	*	*	*	4396481	*
H	4337	250	94.4	+	0	0	98MD151MI	383023	4396481
H	789	250	97.6	+	0	0	250M	365385	370225
L	4062	250	*	*	*	*	*	4347159	*
H	4062	250	97.6	+	0	0	250M	365385	4347159
H	1457	250	97.6	+	0	0	250M	365385	235262
L	2099	250	*	*	*	*	*	131902	*
H	2099	250	97.2	+	0	0	109MD140MI	348790	131902
L	3821	250	*	*	*	*	*	808021	*
H	3821	250	98.4	+	0	0	109MD140MI	348790	808021
L	4204	250	*	*	*	*	*	4372372	*
H	4204	250	98.0	+	0	0	109MD140MI	348790	4372372
L	3453	250	*	*	*	*	*	3385021	*
H	3453	250	97.2	+	0	0	7MD23MD218M2I	347704	3385021
L	54	250	*	*	*	*	*	1039477	*
H	54	250	97.2	+	0	0	7MD23MD218M2I	347704	1039477
L	2867	250	*	*	*	*	*	1995363	*
H	2867	250	97.2	+	0	0	7MD23MD218M2I	347704	1995363
L	922	250	*	*	*	*	*	344394	*
H	922	250	98.8	+	0	0	250M	347553	344394
L	315	250	*	*	*	*	*	606927	*
H	315	250	94.4	+	0	0	250M	347553	606927
L	3484	250	*	*	*	*	*	837640	*
H	3484	250	93.2	+	0	0	250M	347553	837640
L	1445	250	*	*	*	*	*	238051	*
H	1445	250	95.2	+	0	0	31M8D57M4I124M3I30MI	346340	238051
L	1129	250	*	*	*	*	*	297365	*
H	1129	250	94.8	+	0	0	31M8D57M4I124M3I30MI	346340	297365
L	3862	250	*	*	*	*	*	4301491	*
H	3862	250	94.0	+	0	0	31M8D57M4I124M3I30MI	346340	4301491
L	1758	250	*	*	*	*	*	181791	*
H	1758	250	94.4	+	0	0	250M	338355	181791
L	1897	250	*	*	*	*	*	168260	*
H	1897	250	94.4	+	0	0	250M	338355	168260
L	1613	250	*	*	*	*	*	193209	*
H	1613	250	94.4	+	0	0	250M	338355	193209
L	1069	250	*	*	*	*	*	308598	*
H	1069	250	99.6	+	0	0	250M	321972	308598
L	4326	250	*	*	*	*	*	4395096	*
H	4326	250	99.6	+	0	0	250M	321972	4395096
L	3817	250	*	*	*	*	*	4256470	*
H	3817	250	99.2	+	0	0	250M	321972	4256470
L	1806	250	*	*	*	*	*	178213	*
H	1806	250	97.6	+	0	0	250M	316438	178213
L	3593	250	*	*	*	*	*	1121530	*
H	3593	250	97.6	+	0	0	250M	316438	1121530
L	4634	250	*	*	*	*	*	4463108	*
H	4634	250	97.6	+	0	0	250M	316438	4463108
L	1001	250	*	*	*	*	*	328035	*
H	1001	250	98.8	+	0	0	250M	299770	328035
L	890	250	*	*	*	*	*	350627	*
H	890	250	91.6	+	0	0	250M	299770	350627
L	1123	250	*	*	*	*	*	298451	*
H	1123	250	90.4	+	0	0	250M	299770	298451
L	1183	250	*	*	*	*	*	289216	*
H	1183	250	100.0	+	0	0	250M	292404	289216
L	1503	250	*	*	*	*	*	216497	*
H	1503	250	99.6	+	0	0	250M	292404	216497
L	1178	250	*	*	*	*	*	289512	*
H	1178	250	99.2	+	0	0	250M	292404	289512
L	928	250	*	*	*	*	*	343239	*
H	928	250	99.6	+	0	0	250M	276678	343239
L	4481	250	*	*	*	*	*	4429771	*
H	4481	250	99.2	+	0	0	250M	276678	4429771
L	752	250	*	*	*	*	*	419448	*
H	752	250	98.8	+	0	0	250M	276678	419448
L	2258	250	*	*	*	*	*	79540	*
H	2258	250	96.8	+	0	0	17MD54MD29MD147M3I	276106	79540
L	3316	250	*	*	*	*	*	3076015	*
H	3316	250	96.4	+	0	0	17MD54MD29MD147M3I	276106	3076015
L	1458	250	*	*	*	*	*	235003	*
H	1458	250	96.4	+	0	0	17MD54MD29MD147M3I	276106	235003
L	3242	250	*	*	*	*	*	1136256	*
H	3242	250	99.6	+	0	0	250M	274900	1136256
L	4738	250	*	*	*	*	*	4480392	*
H	4738	250	97.6	+	0	0	250M	274900	4480392
L	2522	250	*	*	*	*	*	9402	*
H	2522	250	97.6	+	0	0	250M	274900	9402
L	3391	250	*	*	*	*	*	3261476	*
H	3391	250	97.2	+	0	0	250M	273647	3261476
L	930	250	*	*	*	*	*	342971	*
H	930	250	97.2	+	0	0	250M	273647	342971
L	3967	250	*	*	*	*	*	4324649	*
H	3967	250	96.8	+	0	0	250M	273647	4324649
L	409	250	*	*	*	*	*	570500	*
H	409	250	97.6	+	0	0	2I248M2D	270818	570500
L	3450	250	*	*	*	*	*	790610	*
H	3450	250	97.6	+	0	0	2I248M2D	270818	790610
L	1027	250	*	*	*	*	*	317200	*
H	1027	250	96.8	+	0	0	2I214MD34MD	270818	317200
L	2182	250	*	*	*	*	*	103285	*
H	2182	250	97.6	+	0	0	250M	268353	103285
L	2579	250	*	*	*	*	*	5583	*
H	2579	250	94.8	+	0	0	250M	268353	5583
L	1981	250	*	*	*	*	*	154174	*
H	1981	250	92.8	+	0	0	250M	268353	154174
L	526	250	*	*	*	*	*	547806	*
H	526	250	99.6	+	0	0	250M	267698	547806
L	2469	250	*	*	*	*	*	12980	*
H	2469	250	96.8	+	0	0	250M	267698	12980
L	299	250	*	*	*	*	*	649178	*
H	299	250	96.0	+	0	0	250M	267698	649178
L	4129	250	*	*	*	*	*	725990	*
H	4129	250	98.8	+	0	0	42MD207MI	267323	725990
L	1767	250	*	*	*	*	*	181436	*
H	1767	250	99.2	+	0	0	42MD207MI	267323	181436
L	3104	250	*	*	*	*	*	637253	*
H	3104	250	98.8	+	0	0	42MD207MI	267323	637253
L	583	250	*	*	*	*	*	532994	*
H	583	250	98.0	+	0	0	250M	261920	532994
L	4484	250	*	*	*	*	*	4430475	*
H	4484	250	98.0	+	0	0	250M	261920	4430475
L	3753	250	*	*	*	*	*	1105883	*
H	3753	250	98.0	+	0	0	250M	261920	1105883
L	2024	250	*	*	*	*	*	146193	*
H	2024	250	87.6	+	0	0	I5MD14MD43MD47MD53MD83M4I	261369	146193
H	1679	250	83.6	+	0	0	I5MD14MD43MD35M2D64MD83M5I	261369	187297
L	2549	250	*	*	*	*	*	7821	*
H	2549	250	81.2	+	0	0	I5MD14MD43MD47MD53MD83M4I	261369	7821
H	4129	250	97.6	+	0	0	I9MD32MD29MD85MD91M3I	258212	725990
H	1767	250	98.0	+	0	0	I9MD32MD29MD85MD91M3I	258212	181436
H	3104	250	97.6	+	0	0	I9MD32MD29MD85MD91M3I	258212	637253
L	2426	250	*	*	*	*	*	16054	*
H	2426	250	98.4	+	0	0	250M	251456	16054
H	1686	250	94.0	+	0	0	250M	251456	186563
H	1693	250	93.6	+	0	0	250M	251456	186275
N	*	250	*	*	*	*	*	247626	*
L	2335	250	*	*	*	*	*	56204	*
H	2335	250	93.6	+	0	0	8MD13MD12M2D44MD8MD26MD10MD121M8I	247070	56204
L	2330	250	*	*	*	*	*	58314	*
H	2330	250	92.8	+	0	0	8MD13MD12M2D44MD8MD26MD10MD121M8I	247070	58314
L	2039	250	*	*	*	*	*	142796	*
H	2039	250	88.8	+	0	0	8MD13MD10MD47MD8MD27M2D130M7I	247070	142796
L	1938	250	*	*	*	*	*	160873	*
H	1938	250	98.8	+	0	0	250M	246846	160873
L	2954	250	*	*	*	*	*	1135231	*
H	2954	250	98.4	+	0	0	250M	246846	1135231
L	511	250	*	*	*	*	*	551931	*
H	511	250	98.4	+	0	0	250M	246846	551931
L	2035	250	*	*	*	*	*	143101	*
H	2035	250	90.0	+	0	0	169MD80MI	235762	143101
L	1459	250	*	*	*	*	*	234790	*
H	1459	250	91.6	+	0	0	166MD83MI	235762	234790
L	3239	250	*	*	*	*	*	812557	*
H	3239	250	92.0	+	0	0	166MD83MI	235762	812557
L	3999	250	*	*	*	*	*	4331976	*
H	3999	250	97.2	+	0	0	250M	235720	4331976
L	3232	250	*	*	*	*	*	1122081	*
H	3232	250	97.2	+	0	0	250M	235720	1122081
L	4176	250	*	*	*	*	*	4367385	*
H	4176	250	96.8	+	0	0	250M	235720	4367385
L	513	250	*	*	*	*	*	550712	*
H	513	250	98.0	+	0	0	D249MI	221379	550712
L	2466	250	*	*	*	*	*	13047	*
H	2466	250	97.6	+	0	0	D249MI	221379	13047
L	3428	250	*	*	*	*	*	1131220	*
H	3428	250	94.8	+	0	0	D249MI	221379	1131220
L	524	250	*	*	*	*	*	548469	*
H	524	250	94.0	+	0	0	6MD243MI	220715	548469
L	1996	250	*	*	*	*	*	151176	*
H	1996	250	94.0	+	0	0	6MD243MI	220715	151176
L	3873	250	*	*	*	*	*	4303249	*
H	3873	250	92.0	+	0	0	6MD243MI	220715	4303249
L	2981	250	*	*	*	*	*	1141633	*
H	2981	250	100.0	+	0	0	250M	217386	1141633
L	3759	250	*	*	*	*	*	1146685	*
H	3759	250	97.6	+	0	0	250M	217386	1146685
L	2578	250	*	*	*	*	*	5652	*
H	2578	250	96.0	+	0	0	250M	217386	5652
L	3245	250	*	*	*	*	*	2874058	*
H	3245	250	90.4	+	0	0	250M	211532	2874058
L	2210	250	*	*	*	*	*	99373	*
H	2210	250	92.4	+	0	0	250M	211532	99373
L	2666	250	*	*	*	*	*	1144371	*
H	2666	250	92.4	+	0	0	250M	211532	1144371
L	1728	250	*	*	*	*	*	184263	*
H	1728	250	91.2	+	0	0	250M	209237	184263
L	277	250	*	*	*	*	*	694975	*
H	277	250	84.0	+	0	0	250M	209237	694975
L	2430	250	*	*	*	*	*	15850	*
H	2430	250	82.0	+	0	0	250M	209237	15850
H	3840	250	97.6	+	0	0	250M	203093	4295725
H	3030	250	97.6	+	0	0	250M	203093	648540
L	2394	250	*	*	*	*	*	27938	*
H	2394	250	97.6	+	0	0	250M	203093	27938
L	361	250	*	*	*	*	*	581361	*
H	361	250	96.4	+	0	0	72MI26MI150M2D	199880	581361
L	2077	250	*	*	*	*	*	136508	*
H	2077	250	96.4	+	0	0	72MI26MI150M2D	199880	136508
L	4238	250	*	*	*	*	*	4380180	*
H	4238	250	94.4	+	0	0	74MI24MI150M2D	199880	4380180
H	1693	250	93.2	+	0	0	112MD137MI	199654	186275
H	1686	250	89.2	+	0	0	111MD138MI	199654	186563
H	555	250	86.8	+	0	0	112MD137MI	199654	539939
L	3547	250	*	*	*	*	*	821185	*
H	3547	250	99.2	+	0	0	250M	199229	821185
L	4441	250	*	*	*	*	*	4422114	*
H	4441	250	98.4	+	0	0	250M	199229	4422114
L	3159	250	*	*	*	*	*	1115889	*
H	3159	250	98.4	+	0	0	250M	199229	1115889
L	2853	250	*	*	*	*	*	1954303	*
H	2853	250	96.8	+	0	0	250M	197631	1954303
L	1451	250	*	*	*	*	*	237081	*
H	1451	250	91.6	+	0	0	99MI150MD	197631	237081
L	1382	250	*	*	*	*	*	251243	*
H	1382	250	91.2	+	0	0	99MI54MI95M2D	197631	251243
L	4356	250	*	*	*	*	*	4403542	*
H	4356	250	94.8	+	0	0	250M	197265	4403542
L	2112	250	*	*	*	*	*	119010	*
H	2112	250	94.8	+	0	0	250M	197265	119010
L	1513	250	*	*	*	*	*	210269	*
H	1513	250	94.8	+	0	0	250M	197265	210269
L	4188	250	*	*	*	*	*	4369927	*
H	4188	250	98.0	+	0	0	250M	196652	4369927
L	2563	250	*	*	*	*	*	7214	*
H	2563	250	95.2	+	0	0	250M	196652	7214
L	478	250	*	*	*	*	*	557513	*
H	478	250	95.2	+	0	0	250M	196652	557513
H	555	250	90.4	+	0	0	250M	192515	539939
L	1851	250	*	*	*	*	*	174439	*
H	1851	250	88.4	+	0	0	250M	192515	174439
L	1577	250	*	*	*	*	*	196246	*
H	1577	250	88.4	+	0	0	250M	192515	196246
L	2540	250	*	*	*	*	*	8012	*
H	2540	250	96.0	+	0	0	139MD110MI	191570	8012
L	3209	250	*	*	*	*	*	7971	*
H	3209	250	94.0	+	0	0	131MD118MI	191570	7971
H	2543	250	93.6	+	0	0	131MD118MI	191570	8001
L	1596	250	*	*	*	*	*	194772	*
H	1596	250	98.4	+	0	0	250M	189244	194772
L	1061	250	*	*	*	*	*	310532	*
H	1061	250	94.4	+	0	0	250M	189244	310532
L	1484	250	*	*	*	*	*	222720	*
H	1484	250	93.6	+	0	0	250M	189244	222720
L	4531	250	*	*	*	*	*	4439195	*
H	4531	250	95.6	+	0	0	250M	189028	4439195
L	4193	250	*	*	*	*	*	4370479	*
H	4193	250	92.8	+	0	0	250M	189028	4370479
L	4403	250	*	*	*	*	*	4412629	*
H	4403	250	88.4	+	0	0	250M	189028	4412629
L	3174	250	*	*	*	*	*	2704718	*
H	3174	250	92.0	+	0	0	250M	181039	2704718
L	496	250	*	*	*	*	*	554499	*
H	496	250	90.0	+	0	0	125MD124MI	181039	554499
L	63	250	*	*	*	*	*	1021078	*
H	63	250	92.0	+	0	0	250M	181039	1021078
L	2950	250	*	*	*	*	*	811996	*
H	2950	250	88.4	+	0	0	I191MD58M	171820	811996
L	3247	250	*	*	*	*	*	2874960	*
H	3247	250	88.4	+	0	0	I191MD58M	171820	2874960
L	3074	250	*	*	*	*	*	809635	*
H	3074	250	84.4	+	0	0	I191MD58M	171820	809635
H	4356	250	98.8	+	0	0	250M	166235	4403542
H	1513	250	98.8	+	0	0	250M	166235	210269
L	3796	250	*	*	*	*	*	4227110	*
H	3796	250	98.8	+	0	0	250M	166235	4227110
L	3195	250	*	*	*	*	*	1130616	*
H	3195	250	96.4	+	0	0	160MD19MD69M2I	162067	1130616
L	434	250	*	*	*	*	*	566839	*
H	434	250	95.6	+	0	0	160MD19MD69M2I	162067	566839
L	263	250	*	*	*	*	*	714339	*
H	263	250	95.2	+	0	0	160MD19MD69M2I	162067	714339
L	4317	250	*	*	*	*	*	4393354	*
H	4317	250	98.0	+	0	0	250M	160928	4393354
L	2310	250	*	*	*	*	*	66026	*
H	2310	250	98.0	+	0	0	250M	160928	66026
L	2298	250	*	*	*	*	*	70057	*
H	2298	250	98.0	+	0	0	250M	160928	70057
H	496	250	95.6	+	0	0	127MD122MI	158785	554499
L	222	250	*	*	*	*	*	804867	*
H	222	250	92.4	+	0	0	250M	158785	804867
L	2775	250	*	*	*	*	*	1801172	*
H	2775	250	91.2	+	0	0	250M	158785	1801172
L	1979	250	*	*	*	*	*	155362	*
H	1979	250	96.4	+	0	0	250M	156357	155362
L	1983	250	*	*	*	*	*	153965	*
H	1983	250	96.8	+	0	0	250M	156357	153965
L	736	250	*	*	*	*	*	452592	*
H	736	250	89.6	+	0	0	250M	156357	452592
L	2752	250	*	*	*	*	*	1124748	*
H	2752	250	98.8	+	0	0	250M	154130	1124748
L	2066	250	*	*	*	*	*	138930	*
H	2066	250	98.4	+	0	0	250M	154130	138930
L	4477	250	*	*	*	*	*	4428440	*
H	4477	250	98.8	+	0	0	250M	154130	4428440
H	1938	250	98.8	+	0	0	250M	146743	160873
H	511	250	98.4	+	0	0	250M	146743	551931
H	2954	250	98.4	+	0	0	250M	146743	1135231
L	3271	250	*	*	*	*	*	1123147	*
H	3271	250	99.2	+	0	0	250M	146037	1123147
L	2945	250	*	*	*	*	*	1134510	*
H	2945	250	98.4	+	0	0	250M	146037	1134510
H	2066	250	98.4	+	0	0	250M	146037	138930
H	2666	250	94.8	+	0	0	161MD88MI	134228	1144371
H	2210	250	94.8	+	0	0	161MD88MI	134228	99373
H	1265	250	94.0	+	0	0	161MD88MI	134228	269962
H	925	250	96.4	+	0	0	250M	134032	343431
H	960	250	96.4	+	0	0	250M	134032	338852
L	979	250	*	*	*	*	*	332720	*
H	979	250	96.4	+	0	0	250M	134032	332720
L	1402	250	*	*	*	*	*	247332	*
H	1402	250	99.2	+	0	0	42MI207MD	132602	247332
L	1844	250	*	*	*	*	*	175108	*
H	1844	250	99.2	+	0	0	250M	132602	175108
L	2339	250	*	*	*	*	*	53467	*
H	2339	250	98.8	+	0	0	250M	132602	53467
H	908	250	90.8	+	0	0	250M	131660	347063
L	3196	250	*	*	*	*	*	625693	*
H	3196	250	92.0	+	0	0	250M	131660	625693
H	979	250	90.8	+	0	0	250M	131660	332720
H	4199	250	93.2	+	0	0	250M	130864	4371645
H	3196	250	92.8	+	0	0	250M	130864	625693
H	1090	250	92.4	+	0	0	229MI20MD	130864	304724
L	1875	250	*	*	*	*	*	172207	*
H	1875	250	83.2	+	0	0	124MD13MD12M8I39M5I8MI40M12D	119349	172207
H	478	250	86.8	+	0	0	17MD8MI94MD17MD12M8I22MI8MI6M3I11MI40M12D	119349	557513
L	2902	250	*	*	*	*	*	2062820	*
H	2902	250	87.2	+	0	0	17MD8MI97MD14MD12M8I22MI8MI6M3I11MI40M12D	119349	2062820
L	1222	250	*	*	*	*	*	276867	*
H	1222	250	96.8	+	0	0	250M	114572	276867
L	4729	250	*	*	*	*	*	4478861	*
H	4729	250	96.8	+	0	0	250M	114572	4478861
L	4515	250	*	*	*	*	*	4435982	*
H	4515	250	96.8	+	0	0	250M	114572	4435982
L	3405	250	*	*	*	*	*	727134	*
H	3405	250	98.8	+	0	0	181MD68MI	111659	727134
L	1420	250	*	*	*	*	*	242098	*
H	1420	250	98.8	+	0	0	181MD68MI	111659	242098
L	1218	250	*	*	*	*	*	277682	*
H	1218	250	98.4	+	0	0	181MD68MI	111659	277682
L	261	250	*	*	*	*	*	719343	*
H	261	250	97.6	+	0	0	250M	110879	719343
L	2356	250	*	*	*	*	*	48640	*
H	2356	250	93.2	+	0	0	250M	110879	48640
L	4149	250	*	*	*	*	*	4362383	*
H	4149	250	95.2	+	0	0	250M	110879	4362383
L	3497	250	*	*	*	*	*	3485581	*
H	3497	250	90.4	+	0	0	250M	109364	3485581
L	3240	250	*	*	*	*	*	826144	*
H	3240	250	90.8	+	0	0	250M	109364	826144
L	3625	250	*	*	*	*	*	944401	*
H	3625	250	90.8	+	0	0	250M	109364	944401
L	2521	250	*	*	*	*	*	9498	*
H	2521	250	95.2	+	0	0	250M	108732	9498
L	3697	250	*	*	*	*	*	612512	*
H	3697	250	94.4	+	0	0	250M	108732	612512
L	197	250	*	*	*	*	*	823745	*
H	197	250	94.8	+	0	0	250M	108732	823745
L	3052	250	*	*	*	*	*	1112913	*
H	3052	250	98.0	+	0	0	250M	108433	1112913
H	3645	250	96.8	+	0	0	250M	108433	1129883
H	2366	250	96.4	+	0	0	250M	108433	42664
L	2702	250	*	*	*	*	*	1137409	*
H	2702	250	90.4	+	0	0	250M	108386	1137409
L	2704	250	*	*	*	*	*	1129305	*
H	2704	250	88.0	+	0	0	250M	108386	1129305
L	4480	250	*	*	*	*	*	4429719	*
H	4480	250	84.4	+	0	0	250M	108386	4429719
H	4149	250	96.4	+	0	0	250M	107976	4362383
L	4094	250	*	*	*	*	*	4352076	*
H	4094	250	95.6	+	0	0	250M	107976	4352076
H	2356	250	94.4	+	0	0	250M	107976	48640
L	3998	250	*	*	*	*	*	4331760	*
H	3998	250	88.4	+	0	0	250M	107044	4331760
L	4458	250	*	*	*	*	*	4424463	*
H	4458	250	80.8	+	0	0	250M	107044	4424463
L	4377	250	*	*	*	*	*	4407974	*
H	4377	250	83.6	+	0	0	250M	107044	4407974
L	2560	250	*	*	*	*	*	7347	*
H	2560	250	98.8	+	0	0	250M	106310	7347
L	199	250	*	*	*	*	*	822776	*
H	199	250	98.4	+	0	0	250M	106310	822776
L	1918	250	*	*	*	*	*	164523	*
H	1918	250	96.8	+	0	0	250M	106310	164523
L	985	250	*	*	*	*	*	331282	*
H	985	250	97.6	+	0	0	250M	102915	331282
L	2654	250	*	*	*	*	*	1553204	*
H	2654	250	97.6	+	0	0	250M	102915	1553204
L	149	250	*	*	*	*	*	884655	*
H	149	250	96.4	+	0	0	250M	102915	884655
L	1028	250	*	*	*	*	*	317124	*
H	1028	250	97.6	+	0	0	250M	102149	317124
H	3645	250	97.6	+	0	0	250M	102149	1129883
H	2366	250	97.2	+	0	0	250M	102149	42664
L	1526	250	*	*	*	*	*	203166	*
H	1526	250	94.8	+	0	0	250M	100775	203166
H	2702	250	86.4	+	0	0	250M	100775	1137409
H	2704	250	88.4	+	0	0	250M	100775	1129305
H	782	250	100.0	+	0	0	250M	100027	372473
H	575	250	100.0	+	0	0	250M	100027	534898
H	4598	250	99.6	+	0	0	136MI113MD	100027	4455895
L	3602	250	*	*	*	*	*	698296	*
H	3602	250	90.8	+	0	0	250M	99430	698296
L	2613	250	*	*	*	*	*	3232	*
H	2613	250	90.8	+	0	0	250M	99430	3232
L	4312	250	*	*	*	*	*	4392252	*
H	4312	250	88.4	+	0	0	250M	99430	4392252
L	1444	250	*	*	*	*	*	238205	*
H	1444	250	97.6	+	0	0	250M	73000	238205
L	3596	250	*	*	*	*	*	958584	*
H	3596	250	96.8	+	0	0	250M	73000	958584
L	4346	250	*	*	*	*	*	4400482	*
H	4346	250	97.2	+	0	0	250M	73000	4400482
H	4129	250	98.0	+	0	0	250M	72155	725990
H	1767	250	98.8	+	0	0	250M	72155	181436
H	3104	250	98.4	+	0	0	250M	72155	637253
H	2950	250	90.0	+	0	0	132MD117MI	60017	811996
H	3247	250	90.0	+	0	0	132MD117MI	60017	2874960
H	3074	250	86.8	+	0	0	133MD116MI	60017	809635
L	2588	250	*	*	*	*	*	4632	*
H	2588	250	94.8	+	0	0	250M	59721	4632
L	41	250	*	*	*	*	*	1056070	*
H	41	250	94.0	+	0	0	250M	59721	1056070
L	2582	250	*	*	*	*	*	5066	*
H	2582	250	95.2	+	0	0	250M	59721	5066
L	3826	250	*	*	*	*	*	4282872	*
H	3826	250	93.2	+	0	0	I8MI15MI103MI120M4D	55243	4282872
L	3538	250	*	*	*	*	*	1143368	*
H	3538	250	93.6	+	0	0	I8MI15MI224M3D	55243	1143368
L	1923	250	*	*	*	*	*	163716	*
H	1923	250	92.4	+	0	0	I8MI15MI224M3D	55243	163716
L	2206	250	*	*	*	*	*	99527	*
H	2206	250	92.0	+	0	0	9MI56M2I40MI141M4D	54854	99527
L	756	250	*	*	*	*	*	410549	*
H	756	250	93.2	+	0	0	9MI56M2I43MI22MI115M5D	54854	410549
L	3412	250	*	*	*	*	*	1122610	*
H	3412	250	91.6	+	0	0	9MI56M2I40MI141M4D	54854	1122610
L	507	250	*	*	*	*	*	552849	*
H	507	250	96.8	+	0	0	250M	47463	552849
L	4038	250	*	*	*	*	*	4340498	*
H	4038	250	96.8	+	0	0	250M	47463	4340498
L	3115	250	*	*	*	*	*	844567	*
H	3115	250	96.4	+	0	0	250M	47463	844567
L	2565	250	*	*	*	*	*	6648	*
H	2565	250	92.8	+	0	0	250M	46257	6648
L	2375	250	*	*	*	*	*	40104	*
H	2375	250	92.0	+	0	0	250M	46257	40104
L	2351	250	*	*	*	*	*	49602	*
H	2351	250	92.8	+	0	0	250M	46257	49602
L	516	250	*	*	*	*	*	550415	*
H	516	250	96.8	+	0	0	250M	45962	550415
L	2371	250	*	*	*	*	*	40820	*
H	2371	250	96.0	+	0	0	250M	45962	40820
L	3679	250	*	*	*	*	*	1117631	*
H	3679	250	95.2	+	0	0	250M	45962	1117631
L	2499	250	*	*	*	*	*	10945	*
H	2499	250	97.6	+	0	0	250M	34757	10945
L	1058	250	*	*	*	*	*	311173	*
H	1058	250	96.8	+	0	0	250M	34757	311173
L	2144	250	*	*	*	*	*	109112	*
H	2144	250	95.2	+	0	0	250M	34757	109112
L	1205	250	*	*	*	*	*	284241	*
H	1205	250	96.8	+	0	0	231MD18MI	33272	284241
L	3784	250	*	*	*	*	*	1142257	*
H	3784	250	96.8	+	0	0	231MD18MI	33272	1142257
H	4204	250	97.6	+	0	0	231MD18MI	33272	4372372
L	1390	250	*	*	*	*	*	248740	*
H	1390	250	95.6	+	0	0	250M	31319	248740
L	3893	250	*	*	*	*	*	4306829	*
H	3893	250	95.2	+	0	0	250M	31319	4306829
L	3927	250	*	*	*	*	*	4315688	*
H	3927	250	93.2	+	0	0	250M	31319	4315688
H	474	250	96.8	+	0	0	250M	26799	558128
L	2130	250	*	*	*	*	*	111470	*
H	2130	250	94.0	+	0	0	250M	26799	111470
H	534	250	86.4	+	0	0	123MD126MI	26799	544846
H	1503	250	96.4	+	0	0	250M	21214	216497
H	1183	250	96.0	+	0	0	250M	21214	289216
H	3460	250	96.4	+	0	0	250M	21214	664205
L	3550	250	*	*	*	*	*	826666	*
H	3550	250	94.4	+	0	0	124MD27MI12MI17MI13M2I52M4D	17261	826666
L	1494	250	*	*	*	*	*	218446	*
H	1494	250	94.4	+	0	0	124MD27MI12MI17MI13M2I52M4D	17261	218446
L	1496	250	*	*	*	*	*	218095	*
H	1496	250	94.4	+	0	0	124MD27MI12MI17MI13M2I52M4D	17261	218095
L	265	250	*	*	*	*	*	712047	*
H	265	250	98.8	+	0	0	73MI154MD22M	16234	712047
L	1088	250	*	*	*	*	*	304975	*
H	1088	250	97.2	+	0	0	73MI154MD22M	16234	304975
L	1135	250	*	*	*	*	*	296166	*
H	1135	250	96.8	+	0	0	73MI154MD22M	16234	296166
H	1390	250	96.0	+	0	0	250M	16191	248740
L	4609	250	*	*	*	*	*	4457669	*
H	4609	250	94.4	+	0	0	250M	16191	4457669
L	1174	250	*	*	*	*	*	290241	*
H	1174	250	92.0	+	0	0	250M	16191	290241
L	1177	250	*	*	*	*	*	289622	*
H	1177	250	97.2	+	0	0	250M	16144	289622
L	1136	250	*	*	*	*	*	295974	*
H	1136	250	97.2	+	0	0	250M	16144	295974
H	3927	250	96.8	+	0	0	250M	16144	4315688
L	2431	250	*	*	*	*	*	15740	*
H	2431	250	98.4	+	0	0	250M	15785	15740
L	2259	250	*	*	*	*	*	78432	*
H	2259	250	96.0	+	0	0	250M	15785	78432
L	308	250	*	*	*	*	*	625629	*
H	308	250	97.2	+	0	0	250M	15785	625629
L	4292	250	*	*	*	*	*	4389141	*
H	4292	250	96.0	+	0	0	53M2I43MI151M3D	14982	4389141
L	377	250	*	*	*	*	*	578257	*
H	377	250	95.6	+	0	0	53M2I43MI151M3D	14982	578257
L	2771	250	*	*	*	*	*	781407	*
H	2771	250	95.6	+	0	0	53M2I43MI151M3D	14982	781407
H	2669	250	98.0	+	0	0	250M	14592	1145943
H	3460	250	98.0	+	0	0	250M	14592	664205
H	1445	250	95.6	+	0	0	250M	14592	238051
L	3740	250	*	*	*	*	*	4098279	*
H	3740	250	99.2	+	0	0	250M	14500	4098279
H	263	250	98.4	+	0	0	250M	14500	714339
H	3195	250	98.0	+	0	0	250M	14500	1130616
L	4165	250	*	*	*	*	*	4365806	*
H	4165	250	92.8	+	0	0	210MI39MD	14348	4365806
L	3436	250	*	*	*	*	*	1127853	*
H	3436	250	92.8	+	0	0	210MI39MD	14348	1127853
L	2765	250	*	*	*	*	*	1122363	*
H	2765	250	92.8	+	0	0	210MI39MD	14348	1122363
L	4649	250	*	*	*	*	*	4465498	*
H	4649	250	93.6	+	0	0	250M	14180	4465498
L	451	250	*	*	*	*	*	562956	*
H	451	250	92.8	+	0	0	250M	14180	562956
L	4180	250	*	*	*	*	*	4368045	*
H	4180	250	92.8	+	0	0	250M	14180	4368045
L	2951	250	*	*	*	*	*	728069	*
H	2951	250	89.6	+	0	0	250M	13953	728069
L	1314	250	*	*	*	*	*	263138	*
H	1314	250	90.8	+	0	0	250M	13953	263138
L	217	250	*	*	*	*	*	811108	*
H	217	250	89.2	+	0	0	250M	13953	811108
L	2459	250	*	*	*	*	*	13811	*
H	2459	250	96.0	+	0	0	250M	13813	13811
L	1083	250	*	*	*	*	*	306124	*
H	1083	250	95.6	+	0	0	14MI235MD	13813	306124
L	2759	250	*	*	*	*	*	24490	*
H	2759	250	97.2	+	0	0	250M	13813	24490
L	3346	250	*	*	*	*	*	1131768	*
H	3346	250	98.4	+	0	0	250M	13730	1131768
L	2708	250	*	*	*	*	*	1123543	*
H	2708	250	96.4	+	0	0	250M	13730	1123543
L	2978	250	*	*	*	*	*	808541	*
H	2978	250	90.8	+	0	0	250M	13730	808541
H	391	250	95.6	+	0	0	250M	13568	575299
H	4516	250	95.6	+	0	0	250M	13568	4435984
L	2094	250	*	*	*	*	*	132913	*
H	2094	250	95.2	+	0	0	250M	13568	132913
L	4247	250	*	*	*	*	*	4381192	*
H	4247	250	98.4	+	0	0	250M	13485	4381192
L	3945	250	*	*	*	*	*	4319661	*
H	3945	250	97.6	+	0	0	250M	13485	4319661
L	4328	250	*	*	*	*	*	4395346	*
H	4328	250	97.6	+	0	0	250M	13485	4395346
L	558	250	*	*	*	*	*	539230	*
H	558	250	98.0	+	0	0	250M	12702	539230
L	1329	250	*	*	*	*	*	261255	*
H	1329	250	98.0	+	0	0	250M	12702	261255
L	3758	250	*	*	*	*	*	1136392	*
H	3758	250	96.4	+	0	0	250M	12702	1136392
L	2501	250	*	*	*	*	*	10865	*
H	2501	250	93.6	+	0	0	250M	10898	10865
L	536	250	*	*	*	*	*	544630	*
H	536	250	94.4	+	0	0	250M	10898	544630
L	1387	250	*	*	*	*	*	249636	*
H	1387	250	94.0	+	0	0	250M	10898	249636
L	2103	250	*	*	*	*	*	130219	*
H	2103	250	95.6	+	0	0	250M	10829	130219
L	3181	250	*	*	*	*	*	1121558	*
H	3181	250	90.4	+	0	0	72M2I137MI38M3D	10829	1121558
L	2858	250	*	*	*	*	*	1132993	*
H	2858	250	88.0	+	0	0	250M	10829	1132993
L	2369	250	*	*	*	*	*	41059	*
H	2369	250	95.6	+	0	0	110MI10MD129M	10672	41059
L	3225	250	*	*	*	*	*	1140484	*
H	3225	250	94.0	+	0	0	110MI10MD129M	10672	1140484
L	3015	250	*	*	*	*	*	1143602	*
H	3015	250	94.4	+	0	0	110MI10MD129M	10672	1143602
H	2035	250	89.2	+	0	0	250M	10430	143101
L	2975	250	*	*	*	*	*	2246524	*
H	2975	250	86.8	+	0	0	250M	10430	2246524
L	2384	250	*	*	*	*	*	34507	*
H	2384	250	87.6	+	0	0	250M	10430	34507
H	511	250	98.8	+	0	0	250M	10298	551931
H	1938	250	98.4	+	0	0	250M	10298	160873
L	3016	250	*	*	*	*	*	2342005	*
H	3016	250	96.8	+	0	0	151M3I17M3I76M6D	10298	2342005
H	2511	250	99.6	+	0	0	250M	9819	10180
H	782	250	99.2	+	0	0	250M	9819	372473
H	575	250	99.2	+	0	0	250M	9819	534898
L	2762	250	*	*	*	*	*	1137471	*
H	2762	250	97.2	+	0	0	250M	9510	1137471
L	3724	250	*	*	*	*	*	956702	*
H	3724	250	97.2	+	0	0	250M	9510	956702
L	2294	250	*	*	*	*	*	70512	*
H	2294	250	97.2	+	0	0	250M	9510	70512
H	3724	250	95.6	+	0	0	250M	9475	956702
H	2521	250	96.0	+	0	0	250M	9475	9498
L	2248	250	*	*	*	*	*	83013	*
H	2248	250	94.8	+	0	0	221MD28MI	9475	83013
L	2194	250	*	*	*	*	*	101788	*
H	2194	250	96.4	+	0	0	250M	9036	101788
L	2057	250	*	*	*	*	*	140901	*
H	2057	250	95.6	+	0	0	250M	9036	140901
L	2236	250	*	*	*	*	*	88337	*
H	2236	250	95.6	+	0	0	250M	9036	88337
L	300	250	*	*	*	*	*	644016	*
H	300	250	98.0	+	0	0	124MI125MD	8849	644016
L	3340	250	*	*	*	*	*	1136763	*
H	3340	250	96.0	+	0	0	124MI125MD	8849	1136763
L	4240	250	*	*	*	*	*	4380413	*
H	4240	250	92.8	+	0	0	121MI128MD	8849	4380413
L	2538	250	*	*	*	*	*	8091	*
H	2538	250	96.8	+	0	0	250M	8104	8091
L	4504	250	*	*	*	*	*	4434051	*
H	4504	250	96.8	+	0	0	250M	8104	4434051
L	2537	250	*	*	*	*	*	8105	*
H	2537	250	96.0	+	0	0	250M	8104	8105
L	1452	250	*	*	*	*	*	236913	*
H	1452	250	95.6	+	0	0	250M	7999	236913
L	2207	250	*	*	*	*	*	99452	*
H	2207	250	94.0	+	0	0	250M	7999	99452
L	2547	250	*	*	*	*	*	7972	*
H	2547	250	94.4	+	0	0	250M	7999	7972
L	2544	250	*	*	*	*	*	7980	*
H	2544	250	94.4	+	0	0	250M	7983	7980
H	2542	250	94.0	+	0	0	250M	7983	8002
L	4747	250	*	*	*	*	*	4482366	*
H	4747	250	90.4	+	0	0	137MI112MD	7983	4482366
H	2207	250	93.2	+	0	0	86MI53MI109M2D	7973	99452
H	2540	250	92.0	+	0	0	86MI53MI109M2D	7973	8012
H	3209	250	92.4	+	0	0	86MI53MI109M2D	7973	7971
H	199	250	100.0	+	0	0	250M	7316	822776
H	2560	250	97.6	+	0	0	250M	7316	7347
L	4128	250	*	*	*	*	*	4358096	*
H	4128	250	95.6	+	0	0	74MD175MI	7316	4358096
L	3916	250	*	*	*	*	*	4312977	*
H	3916	250	97.6	+	0	0	250M	5441	4312977
H	2581	250	98.0	+	0	0	250M	5441	5263
L	2273	250	*	*	*	*	*	74262	*
H	2273	250	95.6	+	0	0	160MD78MD10M2I	5441	74262
L	2612	250	*	*	*	*	*	3307	*
H	2612	250	92.8	+	0	0	175MI74MD	3308	3307
L	2036	250	*	*	*	*	*	142996	*
H	2036	250	91.6	+	0	0	175MI74MD	3308	142996
L	2159	250	*	*	*	*	*	106754	*
H	2159	250	85.6	+	0	0	175MI74MD	3308	106754
L	2626	250	*	*	*	*	*	2195	*
H	2626	250	93.6	+	0	0	238MD11MI	2222	2195
L	2286	250	*	*	*	*	*	72112	*
H	2286	250	94.0	+	0	0	238MD11MI	2222	72112
L	4654	250	*	*	*	*	*	4466203	*
H	4654	250	93.6	+	0	0	238MD11MI	2222	4466203
L	2608	250	*	*	*	*	*	3804	*
H	2608	250	86.8	+	0	0	250M	1522389	3804
L	2247	250	*	*	*	*	*	83413	*
H	2247	250	81.6	+	0	0	250M	1522389	83413
L	2722	250	*	*	*	*	*	1701846	*
H	2722	250	84.8	+	0	0	250M	1522389	1701846
H	2538	250	96.0	+	0	0	250M	1128670	8091
H	4504	250	96.0	+	0	0	250M	1128670	4434051
L	448	250	*	*	*	*	*	563741	*
H	448	250	95.2	+	0	0	250M	1128670	563741
L	492	250	*	*	*	*	*	555445	*
H	492	250	93.2	+	0	0	250M	1614788	555445
L	939	250	*	*	*	*	*	342397	*
H	939	250	90.8	+	0	0	250M	1614788	342397
L	3168	250	*	*	*	*	*	2686384	*
H	3168	250	91.2	+	0	0	250M	1614788	2686384
L	728	250	*	*	*	*	*	465367	*
H	728	250	98.4	+	0	0	250M	1139097	465367
L	547	250	*	*	*	*	*	541894	*
H	547	250	98.8	+	0	0	250M	1139097	541894
L	4384	250	*	*	*	*	*	4409249	*
H	4384	250	98.0	+	0	0	250M	1139097	4409249
L	4510	250	*	*	*	*	*	4435279	*
H	4510	250	99.6	+	0	0	250M	1143460	4435279
L	2906	250	*	*	*	*	*	834006	*
H	2906	250	96.8	+	0	0	250M	1143460	834006
L	2895	250	*	*	*	*	*	1133602	*
H	2895	250	94.8	+	0	0	250M	1143460	1133602
L	2262	250	*	*	*	*	*	77692	*
H	2262	250	95.6	+	0	0	250M	638076	77692
H	3195	250	91.6	+	0	0	118MI131MD	638076	1130616
L	2826	250	*	*	*	*	*	1134454	*
H	2826	250	94.4	+	0	0	250M	638076	1134454
L	3095	250	*	*	*	*	*	2511694	*
H	3095	250	94.0	+	0	0	89M2I22M2I135M4D	1742076	2511694
L	2888	250	*	*	*	*	*	2041715	*
H	2888	250	82.4	+	0	0	88M4I23M2I133M6D	1742076	2041715
L	2889	250	*	*	*	*	*	2041719	*
H	2889	250	81.6	+	0	0	113M6I131M6D	1742076	2041719
H	3645	250	100.0	+	0	0	250M	648692	1129883
H	2366	250	99.2	+	0	0	250M	648692	42664
H	3890	250	98.8	+	0	0	250M	648692	4306207
L	3364	250	*	*	*	*	*	1139148	*
H	3364	250	97.6	+	0	0	250M	1134626	1139148
L	1481	250	*	*	*	*	*	225045	*
H	1481	250	92.8	+	0	0	250M	1134626	225045
H	4504	250	85.6	+	0	0	250M	1134626	4434051
L	2485	250	*	*	*	*	*	12133	*
H	2485	250	98.8	+	0	0	250M	805980	12133
L	289	250	*	*	*	*	*	662645	*
H	289	250	98.0	+	0	0	250M	805980	662645
L	273	250	*	*	*	*	*	697027	*
H	273	250	97.2	+	0	0	250M	805980	697027
L	3130	250	*	*	*	*	*	1144223	*
H	3130	250	94.8	+	0	0	250M	1801171	1144223
H	4149	250	95.2	+	0	0	250M	1801171	4362383
L	2255	250	*	*	*	*	*	80820	*
H	2255	250	92.8	+	0	0	250M	1801171	80820
L	3590	250	*	*	*	*	*	759349	*
H	3590	250	99.6	+	0	0	250M	1129461	759349
L	3763	250	*	*	*	*	*	676511	*
H	3763	250	99.6	+	0	0	250M	1129461	676511
L	353	250	*	*	*	*	*	584241	*
H	353	250	99.6	+	0	0	250M	1129461	584241
L	4668	250	*	*	*	*	*	4467983	*
H	4668	250	95.6	+	0	0	250M	1842075	4467983
L	3506	250	*	*	*	*	*	3506872	*
H	3506	250	82.0	+	0	0	116MD133MI	1842075	3506872
L	4393	250	*	*	*	*	*	4410599	*
H	4393	250	84.8	+	0	0	250M	1842075	4410599
L	344	250	*	*	*	*	*	586521	*
H	344	250	96.4	+	0	0	250M	709363	586521
H	2259	250	96.4	+	0	0	250M	709363	78432
H	2431	250	96.0	+	0	0	250M	709363	15740
L	1522	250	*	*	*	*	*	205772	*
H	1522	250	98.0	+	0	0	250M	1125235	205772
L	3307	250	*	*	*	*	*	1119772	*
H	3307	250	97.6	+	0	0	250M	1125235	1119772
L	4418	250	*	*	*	*	*	4414810	*
H	4418	250	97.6	+	0	0	250M	1125235	4414810
H	756	250	100.0	+	0	0	250M	1138883	410549
H	2206	250	95.6	+	0	0	131MD118MI	1138883	99527
L	4293	250	*	*	*	*	*	4389142	*
H	4293	250	93.6	+	0	0	131MD118MI	1138883	4389142
H	4747	250	95.6	+	0	0	131MI118MD	681590	4482366
L	389	250	*	*	*	*	*	575576	*
H	389	250	96.8	+	0	0	250M	681590	575576
L	4485	250	*	*	*	*	*	4431167	*
H	4485	250	96.0	+	0	0	250M	681590	4431167
H	289	250	96.4	+	0	0	62MI6MI43MD26MI9MI100M3D	668919	662645
H	273	250	96.0	+	0	0	62MI7MI42MD26MI9MI100M3D	668919	697027
H	2485	250	95.6	+	0	0	62MI6MI43MD26MI9MI100M3D	668919	12133
L	3925	250	*	*	*	*	*	4315215	*
H	3925	250	95.6	+	0	0	250M	684018	4315215
L	1535	250	*	*	*	*	*	200891	*
H	1535	250	95.6	+	0	0	250M	684018	200891
L	749	250	*	*	*	*	*	423025	*
H	749	250	93.6	+	0	0	250M	684018	423025
L	3199	250	*	*	*	*	*	2755928	*
H	3199	250	96.0	+	0	0	250M	791732	2755928
H	3602	250	80.4	+	0	0	250M	791732	698296
L	2217	250	*	*	*	*	*	97840	*
H	2217	250	80.0	+	0	0	250M	791732	97840
L	3509	250	*	*	*	*	*	3509164	*
H	3509	250	96.4	+	0	0	250M	1125228	3509164
L	1294	250	*	*	*	*	*	265604	*
H	1294	250	93.6	+	0	0	250M	1125228	265604
L	4399	250	*	*	*	*	*	4411366	*
H	4399	250	91.6	+	0	0	D249MI	1125228	4411366
N	*	250	*	*	*	*	*	2000753	*
L	3620	250	*	*	*	*	*	3773438	*
H	3620	250	95.2	+	0	0	250M	743649	3773438
L	3246	250	*	*	*	*	*	2874742	*
H	3246	250	95.2	+	0	0	250M	743649	2874742
L	1495	250	*	*	*	*	*	218254	*
H	1495	250	95.2	+	0	0	250M	743649	218254
H	3602	250	95.6	+	0	0	250M	2046080	698296
L	2153	250	*	*	*	*	*	107506	*
H	2153	250	92.4	+	0	0	250M	2046080	107506
H	63	250	91.6	+	0	0	250M	2046080	1021078
L	3062	250	*	*	*	*	*	821395	*
H	3062	250	88.0	+	0	0	250M	2084902	821395
L	4740	250	*	*	*	*	*	4480970	*
H	4740	250	95.6	+	0	0	171MI78MD	2085032	4480970
H	1069	250	94.0	+	0	0	171MI78MD	2085032	308598
L	1572	250	*	*	*	*	*	196664	*
H	1572	250	94.0	+	0	0	171MI78MD	2085032	196664
L	3683	250	*	*	*	*	*	824624	*
H	3683	250	87.6	+	0	0	109MI140MD	838196	824624
H	4180	250	91.6	+	0	0	250M	838196	4368045
H	451	250	91.6	+	0	0	250M	838196	562956
L	2769	250	*	*	*	*	*	1797336	*
H	2769	250	98.8	+	0	0	250M	1119783	1797336
L	1279	250	*	*	*	*	*	268040	*
H	1279	250	98.4	+	0	0	250M	1119783	268040
L	3061	250	*	*	*	*	*	1139233	*
H	3061	250	98.0	+	0	0	250M	1119783	1139233
H	2826	250	100.0	+	0	0	250M	1143228	1134454
H	2262	250	94.0	+	0	0	250M	1143228	77692
H	3195	250	91.6	+	0	0	110MI139MD	1143228	1130616
L	2445	250	*	*	*	*	*	14457	*
H	2445	250	97.2	+	0	0	250M	1134197	14457
L	4698	250	*	*	*	*	*	4473250	*
H	4698	250	97.2	+	0	0	30MD127MD91M2I	1134197	4473250
L	4692	250	*	*	*	*	*	4472420	*
H	4692	250	94.0	+	0	0	250M	1134197	4472420
L	699	250	*	*	*	*	*	513513	*
H	699	250	92.8	+	0	0	250M	721930	513513
L	3253	250	*	*	*	*	*	761476	*
H	3253	250	89.2	+	0	0	250M	721930	761476
L	3194	250	*	*	*	*	*	851938	*
H	3194	250	87.6	+	0	0	250M	721930	851938
L	2599	250	*	*	*	*	*	4115	*
H	2599	250	84.8	+	0	0	250M	2142514	4115
L	2605	250	*	*	*	*	*	4043	*
H	2605	250	84.0	+	0	0	250M	2142514	4043
L	2602	250	*	*	*	*	*	4082	*
H	2602	250	84.4	+	0	0	250M	2142514	4082
L	3501	250	*	*	*	*	*	790312	*
H	3501	250	96.0	+	0	0	250M	1135553	790312
H	2549	250	95.2	+	0	0	250M	1135553	7821
H	1679	250	95.6	+	0	0	96MD153MI	1135553	187297
L	284	250	*	*	*	*	*	681954	*
H	284	250	99.2	+	0	0	250M	1141123	681954
H	511	250	99.2	+	0	0	250M	1141123	551931
H	1938	250	98.0	+	0	0	250M	1141123	160873
H	922	250	98.0	+	0	0	250M	1121753	344394
H	3484	250	94.8	+	0	0	250M	1121753	837640
L	941	250	*	*	*	*	*	342268	*
H	941	250	96.0	+	0	0	250M	1121753	342268
L	4256	250	*	*	*	*	*	4383165	*
H	4256	250	96.8	+	0	0	250M	1124905	4383165
L	4028	250	*	*	*	*	*	4339173	*
H	4028	250	95.2	+	0	0	250M	1124905	4339173
L	3604	250	*	*	*	*	*	1125006	*
H	3604	250	94.8	+	0	0	250M	1124905	1125006
L	4471	250	*	*	*	*	*	4427434	*
H	4471	250	87.6	+	0	0	250M	2286116	4427434
L	3627	250	*	*	*	*	*	3792581	*
H	3627	250	88.4	+	0	0	250M	2286116	3792581
L	3377	250	*	*	*	*	*	3225199	*
H	3377	250	87.2	+	0	0	250M	2286116	3225199
L	3344	250	*	*	*	*	*	3172850	*
H	3344	250	99.6	+	0	0	250M	2325277	3172850
L	3413	250	*	*	*	*	*	3312521	*
H	3413	250	99.6	+	0	0	250M	2325277	3312521
L	2890	250	*	*	*	*	*	2041722	*
H	2890	250	98.8	+	0	0	250M	2325277	2041722
H	583	250	99.6	+	0	0	250M	1108701	532994
H	4484	250	99.6	+	0	0	250M	1108701	4430475
H	3753	250	99.6	+	0	0	250M	1108701	1105883
H	451	250	94.4	+	0	0	250M	2398623	562956
H	4180	250	94.4	+	0	0	250M	2398623	4368045
H	4649	250	94.4	+	0	0	250M	2398623	4465498
L	2180	250	*	*	*	*	*	104045	*
H	2180	250	98.4	+	0	0	250M	1138255	104045
H	464	250	98.0	+	0	0	250M	1138255	559649
L	2213	250	*	*	*	*	*	99267	*
H	2213	250	96.8	+	0	0	51MI198MD	1138255	99267
H	2602	250	83.2	+	0	0	250M	1143960	4082
H	2605	250	82.4	+	0	0	250M	1143960	4043
H	2722	250	83.6	+	0	0	250M	1143960	1701846
L	2639	250	*	*	*	*	*	1125402	*
H	2639	250	95.6	+	0	0	250M	1136687	1125402
L	232	250	*	*	*	*	*	788086	*
H	232	250	96.0	+	0	0	250M	1136687	788086
L	1241	250	*	*	*	*	*	273373	*
H	1241	250	95.6	+	0	0	250M	1136687	273373
L	533	250	*	*	*	*	*	544868	*
H	533	250	99.2	+	0	0	250M	646051	544868
L	449	250	*	*	*	*	*	563536	*
H	449	250	99.2	+	0	0	250M	646051	563536
H	3645	250	98.8	+	0	0	250M	646051	1129883
L	1524	250	*	*	*	*	*	205122	*
H	1524	250	95.6	+	0	0	250M	1133255	205122
H	450	250	95.2	+	0	0	250M	1133255	563240
H	3544	250	96.4	+	0	0	250M	1133255	1129599
L	2634	250	*	*	*	*	*	1199	*
H	2634	250	99.6	+	0	0	250M	2551318	1199
L	2635	250	*	*	*	*	*	1174	*
H	2635	250	93.6	+	0	0	250M	2551318	1174
H	3070	250	84.0	+	0	0	250M	2551318	2461583
L	2033	250	*	*	*	*	*	143784	*
H	2033	250	97.2	+	0	0	250M	1131423	143784
H	3130	250	96.4	+	0	0	250M	1131423	1144223
L	2149	250	*	*	*	*	*	108003	*
H	2149	250	96.0	+	0	0	250M	1131423	108003
L	1366	250	*	*	*	*	*	255657	*
H	1366	250	94.4	+	0	0	250M	1139884	255657
H	533	250	94.4	+	0	0	250M	1139884	544868
H	449	250	94.4	+	0	0	250M	1139884	563536
L	4604	250	*	*	*	*	*	4456886	*
H	4604	250	98.4	+	0	0	26MD199MD23M2I	2611121	4456886
H	377	250	98.4	+	0	0	26MD199MD23M2I	2611121	578257
L	1074	250	*	*	*	*	*	308095	*
H	1074	250	98.4	+	0	0	26MD199MD23M2I	2611121	308095
L	1291	250	*	*	*	*	*	266579	*
H	1291	250	97.6	+	0	0	250M	1110313	266579
L	3243	250	*	*	*	*	*	326714	*
H	3243	250	95.2	+	0	0	250M	1110313	326714
L	3849	250	*	*	*	*	*	4297688	*
H	3849	250	88.4	+	0	0	250M	1110313	4297688
L	2463	250	*	*	*	*	*	13469	*
H	2463	250	98.0	+	0	0	250M	650615	13469
L	2126	250	*	*	*	*	*	112313	*
H	2126	250	98.4	+	0	0	250M	650615	112313
H	2122	250	98.4	+	0	0	250M	650615	113265
H	4399	250	95.2	+	0	0	D249MI	1122362	4411366
L	3315	250	*	*	*	*	*	1134316	*
H	3315	250	94.8	+	0	0	250M	1122362	1134316
L	3079	250	*	*	*	*	*	1144726	*
H	3079	250	95.6	+	0	0	250M	1122362	1144726
L	2852	250	*	*	*	*	*	698294	*
H	2852	250	96.0	+	0	0	250M	1135947	698294
L	491	250	*	*	*	*	*	555568	*
H	491	250	97.6	+	0	0	250M	1135947	555568
L	2948	250	*	*	*	*	*	2160270	*
H	2948	250	97.6	+	0	0	250M	1135947	2160270
L	4728	250	*	*	*	*	*	4478762	*
H	4728	250	99.6	+	0	0	250M	2749362	4478762
L	422	250	*	*	*	*	*	568228	*
H	422	250	98.8	+	0	0	250M	2749362	568228
L	927	250	*	*	*	*	*	343273	*
H	927	250	98.8	+	0	0	250M	2749362	343273
H	4441	250	99.2	+	0	0	250M	1114321	4422114
H	3159	250	99.2	+	0	0	250M	1114321	1115889
L	3647	250	*	*	*	*	*	1141671	*
H	3647	250	99.2	+	0	0	250M	1114321	1141671
H	2867	250	90.0	+	0	0	250M	1097955	1995363
L	3914	250	*	*	*	*	*	4312969	*
H	3914	250	90.0	+	0	0	42MI207MD	1097955	4312969
H	3453	250	90.0	+	0	0	250M	1097955	3385021
L	4109	250	*	*	*	*	*	4354266	*
H	4109	250	93.6	+	0	0	178MD71MI	2903258	4354266
L	3033	250	*	*	*	*	*	2372909	*
H	3033	250	86.8	+	0	0	129MI43M2D12MI64M	2903258	2372909
L	4139	250	*	*	*	*	*	4360483	*
H	4139	250	87.6	+	0	0	129MI43M2D12MI64M	2903258	4360483
L	4724	250	*	*	*	*	*	4477989	*
H	4724	250	94.0	+	0	0	250M	2938850	4477989
L	3715	250	*	*	*	*	*	4028751	*
H	3715	250	92.0	+	0	0	250M	2938850	4028751
L	2736	250	*	*	*	*	*	1133935	*
H	2736	250	93.2	+	0	0	250M	1128226	1133935
L	1434	250	*	*	*	*	*	239951	*
H	1434	250	91.2	+	0	0	250M	1128226	239951
L	2962	250	*	*	*	*	*	2199910	*
H	2962	250	92.4	+	0	0	250M	1128226	2199910
H	4256	250	97.2	+	0	0	250M	1139660	4383165
L	3180	250	*	*	*	*	*	1142756	*
H	3180	250	96.4	+	0	0	250M	1139660	1142756
H	4028	250	96.8	+	0	0	250M	1139660	4339173
H	4256	250	94.8	+	0	0	250M	1126182	4383165
L	106	250	*	*	*	*	*	953256	*
H	106	250	94.0	+	0	0	250M	1126182	953256
L	3599	250	*	*	*	*	*	1105450	*
H	3599	250	94.0	+	0	0	250M	1126182	1105450
H	3253	250	84.8	+	0	0	51MD198MI	3002161	761476
L	3410	250	*	*	*	*	*	1117992	*
H	3410	250	84.8	+	0	0	51MD67MI131M	3002161	1117992
L	327	250	*	*	*	*	*	591907	*
H	327	250	84.8	+	0	0	51MD67MI131M	3002161	591907
H	4356	250	96.4	+	0	0	24MD76MD25MD122M3I	3015662	4403542
H	1513	250	96.4	+	0	0	24MD76MD25MD122M3I	3015662	210269
H	2112	250	96.4	+	0	0	24MD76MD25MD122M3I	3015662	119010
H	353	250	97.6	+	0	0	250M	3035013	584241
H	3590	250	97.6	+	0	0	250M	3035013	759349
L	4110	250	*	*	*	*	*	4354311	*
H	4110	250	96.8	+	0	0	250M	3035013	4354311
H	199	250	99.6	+	0	0	250M	1137185	822776
H	1918	250	97.6	+	0	0	250M	1137185	164523
H	4128	250	96.0	+	0	0	74MD175MI	1137185	4358096
H	4199	250	92.4	+	0	0	250M	1107385	4371645
L	4736	250	*	*	*	*	*	4480189	*
H	4736	250	92.4	+	0	0	250M	1107385	4480189
H	3196	250	92.0	+	0	0	250M	1107385	625693
L	2440	250	*	*	*	*	*	14615	*
H	2440	250	96.0	+	0	0	123MI126MD	3132417	14615
L	4151	250	*	*	*	*	*	4363413	*
H	4151	250	95.2	+	0	0	250M	3132417	4363413
H	3315	250	95.2	+	0	0	250M	3132417	1134316
L	3718	250	*	*	*	*	*	4041571	*
H	3718	250	94.8	+	0	0	2I248M2D	1128592	4041571
L	3296	250	*	*	*	*	*	1132232	*
H	3296	250	94.8	+	0	0	2I248M2D	1128592	1132232
L	441	250	*	*	*	*	*	565130	*
H	441	250	94.8	+	0	0	2I248M2D	1128592	565130
L	3334	250	*	*	*	*	*	933356	*
H	3334	250	98.8	+	0	0	250M	1129841	933356
L	330	250	*	*	*	*	*	591634	*
H	330	250	98.0	+	0	0	173MD76MI	1129841	591634
H	2028	250	96.0	+	0	0	250M	1129841	144720
H	3593	250	98.8	+	0	0	250M	3200278	1121530
H	1806	250	98.8	+	0	0	250M	3200278	178213
H	4634	250	98.8	+	0	0	250M	3200278	4463108
H	2902	250	91.6	+	0	0	250M	1145607	2062820
L	3032	250	*	*	*	*	*	649143	*
H	3032	250	91.6	+	0	0	250M	1145607	649143
L	1520	250	*	*	*	*	*	206296	*
H	1520	250	91.2	+	0	0	250M	1145607	206296
L	2253	250	*	*	*	*	*	81397	*
H	2253	250	96.8	+	0	0	250M	1139304	81397
L	4290	250	*	*	*	*	*	4388952	*
H	4290	250	96.8	+	0	0	250M	1139304	4388952
L	134	250	*	*	*	*	*	907828	*
H	134	250	95.6	+	0	0	250M	1139304	907828
L	3736	250	*	*	*	*	*	1143479	*
H	3736	250	83.6	+	0	0	250M	1142767	1143479
L	4032	250	*	*	*	*	*	4339627	*
H	4032	250	82.8	+	0	0	250M	1142767	4339627
L	2689	250	*	*	*	*	*	623190	*
H	2689	250	83.2	+	0	0	250M	1142767	623190
L	4417	250	*	*	*	*	*	4414785	*
H	4417	250	95.6	+	0	0	250M	1131131	4414785
H	4176	250	95.2	+	0	0	250M	1131131	4367385
L	446	250	*	*	*	*	*	564081	*
H	446	250	94.4	+	0	0	250M	1131131	564081
H	2499	250	100.0	+	0	0	250M	1135946	10945
H	1058	250	98.4	+	0	0	250M	1135946	311173
L	2358	250	*	*	*	*	*	47556	*
H	2358	250	97.6	+	0	0	250M	1135946	47556
H	2546	250	97.2	+	0	0	250M	806221	7976
H	1452	250	95.6	+	0	0	250M	806221	236913
H	2543	250	96.0	+	0	0	250M	806221	8001
H	2511	250	98.4	+	0	0	250M	828524	10180
L	2510	250	*	*	*	*	*	10196	*
H	2510	250	98.4	+	0	0	250M	828524	10196
L	1904	250	*	*	*	*	*	167440	*
H	1904	250	98.0	+	0	0	250M	828524	167440
L	4166	250	*	*	*	*	*	4365879	*
H	4166	250	92.8	+	0	0	150MI99MD	1123794	4365879
L	1086	250	*	*	*	*	*	305278	*
H	1086	250	92.4	+	0	0	151MI98MD	1123794	305278
L	1278	250	*	*	*	*	*	268061	*
H	1278	250	92.8	+	0	0	150MI99MD	1123794	268061
H	3724	250	97.6	+	0	0	250M	767448	956702
L	2862	250	*	*	*	*	*	1080448	*
H	2862	250	97.2	+	0	0	250M	767448	1080448
L	4365	250	*	*	*	*	*	4406393	*
H	4365	250	97.2	+	0	0	250M	767448	4406393
H	4317	250	98.8	+	0	0	250M	1115975	4393354
H	2298	250	98.8	+	0	0	250M	1115975	70057
H	2310	250	98.8	+	0	0	250M	1115975	66026
H	2945	250	96.8	+	0	0	250M	1139920	1134510
H	3271	250	96.8	+	0	0	250M	1139920	1123147
L	4500	250	*	*	*	*	*	4433321	*
H	4500	250	95.2	+	0	0	250M	1139920	4433321
L	3935	250	*	*	*	*	*	4318122	*
H	3935	250	91.6	+	0	0	250M	3641998	4318122
H	2294	250	91.6	+	0	0	250M	3641998	70512
L	2293	250	*	*	*	*	*	70580	*
H	2293	250	91.6	+	0	0	250M	3641998	70580
L	1601	250	*	*	*	*	*	194286	*
H	1601	250	88.4	+	0	0	250M	3695679	194286
L	2003	250	*	*	*	*	*	150412	*
H	2003	250	88.4	+	0	0	250M	3695679	150412
L	3352	250	*	*	*	*	*	1127353	*
H	3352	250	84.4	+	0	0	250M	3695679	1127353
H	4441	250	98.0	+	0	0	215MD34MI	1134462	4422114
H	3159	250	98.0	+	0	0	215MD34MI	1134462	1115889
H	3647	250	97.6	+	0	0	215MD34MI	1134462	1141671
H	4356	250	96.4	+	0	0	128MD47MD29MD34MD8M4I	3908648	4403542
H	2112	250	96.4	+	0	0	128MD47MD29MD34MD8M4I	3908648	119010
L	3668	250	*	*	*	*	*	3908639	*
H	3668	250	95.2	+	0	0	128MD47MD29MD43M3I	3908648	3908639
H	2521	250	95.6	+	0	0	250M	1134168	9498
H	197	250	96.0	+	0	0	250M	1134168	823745
L	4121	250	*	*	*	*	*	4356465	*
H	4121	250	94.8	+	0	0	250M	1134168	4356465
N	*	250	*	*	*	*	*	3953781	*
L	3135	250	*	*	*	*	*	1144898	*
H	3135	250	94.0	+	0	0	250M	624220	1144898
L	1249	250	*	*	*	*	*	272031	*
H	1249	250	94.0	+	0	0	250M	624220	272031
L	2530	250	*	*	*	*	*	8898	*
H	2530	250	94.4	+	0	0	13MD236MI	624220	8898
L	3051	250	*	*	*	*	*	2421587	*
H	3051	250	98.8	+	0	0	250M	784643	2421587
L	195	250	*	*	*	*	*	824723	*
H	195	250	97.2	+	0	0	I249MD	784643	824723
L	2008	250	*	*	*	*	*	149895	*
H	2008	250	98.0	+	0	0	250M	784643	149895
L	2410	250	*	*	*	*	*	23566	*
H	2410	250	95.6	+	0	0	250M	821812	23566
L	539	250	*	*	*	*	*	543619	*
H	539	250	88.4	+	0	0	131MI118MD	821812	543619
L	2574	250	*	*	*	*	*	6024	*
H	2574	250	87.6	+	0	0	250M	821812	6024
H	4609	250	95.6	+	0	0	250M	1136972	4457669
H	1174	250	92.4	+	0	0	250M	1136972	290241
L	1884	250	*	*	*	*	*	170244	*
H	1884	250	92.8	+	0	0	250M	1136972	170244
H	3718	250	99.2	+	0	0	250M	4041568	4041571
L	1935	250	*	*	*	*	*	161199	*
H	1935	250	99.2	+	0	0	250M	4041568	161199
L	865	250	*	*	*	*	*	354765	*
H	865	250	96.4	+	0	0	250M	4041568	354765
L	4727	250	*	*	*	*	*	4478591	*
H	4727	250	93.2	+	0	0	123MD126MI	4042859	4478591
L	4211	250	*	*	*	*	*	4373910	*
H	4211	250	98.0	+	0	0	250M	1106060	4373910
L	774	250	*	*	*	*	*	384573	*
H	774	250	96.0	+	0	0	250M	1106060	384573
L	673	250	*	*	*	*	*	517381	*
H	673	250	96.4	+	0	0	250M	1106060	517381
L	1169	250	*	*	*	*	*	290842	*
H	1169	250	97.6	+	0	0	250M	1133391	290842
L	3421	250	*	*	*	*	*	1131597	*
H	3421	250	90.0	+	0	0	250M	1133391	1131597
L	1917	250	*	*	*	*	*	164660	*
H	1917	250	90.0	+	0	0	250M	1133391	164660
H	3759	250	97.2	+	0	0	250M	660708	1146685
L	2026	250	*	*	*	*	*	145526	*
H	2026	250	96.8	+	0	0	250M	660708	145526
L	4400	250	*	*	*	*	*	4411367	*
H	4400	250	97.2	+	0	0	250M	660708	4411367
H	4377	250	92.0	+	0	0	250M	836917	4407974
L	1731	250	*	*	*	*	*	183870	*
H	1731	250	90.0	+	0	0	250M	836917	183870
L	2818	250	*	*	*	*	*	1889556	*
H	2818	250	90.0	+	0	0	250M	836917	1889556
N	*	250	*	*	*	*	*	4108286	*
H	536	250	97.6	+	0	0	250M	1121107	544630
H	2501	250	95.2	+	0	0	250M	1121107	10865
L	3519	250	*	*	*	*	*	3541842	*
H	3519	250	94.4	+	0	0	250M	1121107	3541842
H	3271	250	98.4	+	0	0	243MD6MI	4153526	1123147
L	2161	250	*	*	*	*	*	106469	*
H	2161	250	94.0	+	0	0	243MD6MI	4153526	106469
H	2945	250	96.8	+	0	0	243MD6MI	4153526	1134510
L	2678	250	*	*	*	*	*	1137869	*
H	2678	250	99.6	+	0	0	250M	4154525	1137869
L	3644	250	*	*	*	*	*	1137136	*
H	3644	250	99.2	+	0	0	250M	4154525	1137136
L	1919	250	*	*	*	*	*	164443	*
H	1919	250	99.2	+	0	0	250M	4154525	164443
L	440	250	*	*	*	*	*	565851	*
H	440	250	99.6	+	0	0	250M	1123994	565851
L	3529	250	*	*	*	*	*	625186	*
H	3529	250	97.2	+	0	0	250M	1123994	625186
L	1238	250	*	*	*	*	*	274061	*
H	1238	250	93.2	+	0	0	250M	1123994	274061
H	4165	250	90.4	+	0	0	250M	1134116	4365806
L	2739	250	*	*	*	*	*	1730876	*
H	2739	250	91.6	+	0	0	250M	1134116	1730876
L	473	250	*	*	*	*	*	558567	*
H	473	250	90.8	+	0	0	250M	1134116	558567
H	3999	250	96.8	+	0	0	250M	1142524	4331976
H	2669	250	96.8	+	0	0	250M	1142524	1145943
L	2441	250	*	*	*	*	*	14583	*
H	2441	250	95.6	+	0	0	250M	1142524	14583
H	3736	250	97.2	+	0	0	250M	1145893	1143479
H	4032	250	96.8	+	0	0	250M	1145893	4339627
H	2689	250	95.2	+	0	0	250M	1145893	623190
L	1089	250	*	*	*	*	*	304779	*
H	1089	250	99.2	+	0	0	250M	818516	304779
H	1177	250	98.8	+	0	0	250M	818516	289622
H	1136	250	98.8	+	0	0	250M	818516	295974
L	4316	250	*	*	*	*	*	4393352	*
H	4316	250	99.6	+	0	0	250M	4270835	4393352
H	2310	250	97.6	+	0	0	250M	4270835	66026
H	2298	250	97.6	+	0	0	250M	4270835	70057
L	529	250	*	*	*	*	*	546546	*
H	529	250	99.6	+	0	0	19MD11MI219M	4299696	546546
L	2797	250	*	*	*	*	*	1124808	*
H	2797	250	99.6	+	0	0	19MD11MI219M	4299696	1124808
H	749	250	99.6	+	0	0	19MD11MI219M	4299696	423025
H	2689	250	98.4	+	0	0	250M	4307258	623190
H	4032	250	94.4	+	0	0	250M	4307258	4339627
H	3736	250	94.0	+	0	0	250M	4307258	1143479
H	1161	250	98.4	+	0	0	250M	4307897	292424
H	1187	250	98.4	+	0	0	250M	4307897	288235
H	425	250	96.4	+	0	0	250M	4307897	567972
L	2900	250	*	*	*	*	*	886264	*
H	2900	250	92.4	+	0	0	73MD22MD153M2I	4323024	886264
L	3905	250	*	*	*	*	*	4309322	*
H	3905	250	93.2	+	0	0	73MD21MD154M2I	4323024	4309322
L	164	250	*	*	*	*	*	866280	*
H	164	250	92.0	+	0	0	73MD176MI	4323024	866280
L	2189	250	*	*	*	*	*	102222	*
H	2189	250	98.0	+	0	0	250M	4327415	102222
L	3575	250	*	*	*	*	*	1136710	*
H	3575	250	97.6	+	0	0	250M	4327415	1136710
L	2755	250	*	*	*	*	*	1137031	*
H	2755	250	97.2	+	0	0	21MI228MD	4327415	1137031
H	511	250	98.8	+	0	0	250M	4328299	551931
H	3016	250	96.0	+	0	0	151M3I17M3I76M6D	4328299	2342005
H	2954	250	97.2	+	0	0	250M	4328299	1135231
L	2429	250	*	*	*	*	*	15851	*
H	2429	250	98.4	+	0	0	127MD122MI	4331684	15851
L	412	250	*	*	*	*	*	570232	*
H	412	250	98.0	+	0	0	124MD125MI	4331684	570232
H	2430	250	97.6	+	0	0	124MD125MI	4331684	15850
L	4596	250	*	*	*	*	*	4455298	*
H	4596	250	95.6	+	0	0	250M	4337248	4455298
L	4407	250	*	*	*	*	*	4413665	*
H	4407	250	94.0	+	0	0	250M	4337248	4413665
L	302	250	*	*	*	*	*	641748	*
H	302	250	94.0	+	0	0	250M	4337248	641748
L	4175	250	*	*	*	*	*	4367260	*
H	4175	250	92.4	+	0	0	250M	4339256	4367260
L	1762	250	*	*	*	*	*	181641	*
H	1762	250	90.0	+	0	0	250M	4339256	181641
L	2594	250	*	*	*	*	*	4509	*
H	2594	250	88.8	+	0	0	109MD140MI	4339256	4509
L	1898	250	*	*	*	*	*	168194	*
H	1898	250	98.4	+	0	0	250M	4342039	168194
H	3485	250	99.2	+	0	0	250M	4342039	685571
L	101	250	*	*	*	*	*	961922	*
H	101	250	99.2	+	0	0	250M	4342039	961922
L	3162	250	*	*	*	*	*	2675752	*
H	3162	250	94.8	+	0	0	62MI187MD	4344241	2675752
H	2028	250	93.6	+	0	0	250M	4344241	144720
H	2588	250	92.8	+	0	0	250M	4344241	4632
H	511	250	99.6	+	0	0	250M	4344960	551931
H	284	250	98.8	+	0	0	250M	4344960	681954
H	1938	250	97.6	+	0	0	250M	4344960	160873
H	2910	250	100.0	+	0	0	250M	656881	2072645
H	2511	250	98.4	+	0	0	250M	656881	10180
H	376	250	97.6	+	0	0	250M	656881	578401
H	1366	250	95.2	+	0	0	250M	4361423	255657
H	449	250	96.0	+	0	0	250M	4361423	563536
H	533	250	96.0	+	0	0	250M	4361423	544868
H	2608	250	93.2	+	0	0	250M	4362465	3804
H	2605	250	83.6	+	0	0	250M	4362465	4043
H	2602	250	84.4	+	0	0	250M	4362465	4082
L	4708	250	*	*	*	*	*	4475144	*
H	4708	250	99.2	+	0	0	250M	4364469	4475144
L	1308	250	*	*	*	*	*	263449	*
H	1308	250	98.8	+	0	0	250M	4364469	263449
L	487	250	*	*	*	*	*	555870	*
H	487	250	98.0	+	0	0	250M	4364469	555870
L	1507	250	*	*	*	*	*	212584	*
H	1507	250	100.0	+	0	0	250M	4364892	212584
L	2439	250	*	*	*	*	*	15025	*
H	2439	250	100.0	+	0	0	250M	4364892	15025
L	4147	250	*	*	*	*	*	4361784	*
H	4147	250	98.4	+	0	0	250M	4364892	4361784
L	2312	250	*	*	*	*	*	64384	*
H	2312	250	94.8	+	0	0	39M2I7MI8MI192M4D	4373641	64384
L	4455	250	*	*	*	*	*	4423978	*
H	4455	250	95.2	+	0	0	39M2I7MI8MI184M4D8M	4373641	4423978
L	876	250	*	*	*	*	*	352468	*
H	876	250	94.0	+	0	0	39M2I7MI8MI184M4D8M	4373641	352468
L	2668	250	*	*	*	*	*	1127851	*
H	2668	250	97.2	+	0	0	250M	4378213	1127851
L	4136	250	*	*	*	*	*	4360164	*
H	4136	250	90.8	+	0	0	250M	4378213	4360164
L	3514	250	*	*	*	*	*	3526876	*
H	3514	250	91.6	+	0	0	250M	4378213	3526876
H	2769	250	99.2	+	0	0	250M	4379731	1797336
H	1279	250	98.8	+	0	0	250M	4379731	268040
H	3061	250	98.4	+	0	0	250M	4379731	1139233
H	1314	250	95.6	+	0	0	250M	4381303	263138
L	1565	250	*	*	*	*	*	197248	*
H	1565	250	94.4	+	0	0	250M	4381303	197248
L	1789	250	*	*	*	*	*	179665	*
H	1789	250	94.4	+	0	0	250M	4381303	179665
H	3246	250	99.2	+	0	0	128MD76MD44M2I	4385067	2874742
L	4635	250	*	*	*	*	*	4463224	*
H	4635	250	99.2	+	0	0	128MD76MD44M2I	4385067	4463224
H	327	250	99.2	+	0	0	128MD76MD44M2I	4385067	591907
L	2822	250	*	*	*	*	*	1891556	*
H	2822	250	98.4	+	0	0	14MD15MD28MD107MD82M4I	4386115	1891556
L	1170	250	*	*	*	*	*	290799	*
H	1170	250	98.4	+	0	0	14MD15MD28MD107MD82M4I	4386115	290799
H	4635	250	98.4	+	0	0	14MD15MD28MD107MD82M4I	4386115	4463224
H	3715	250	94.8	+	0	0	250M	4388908	4028751
H	4724	250	90.8	+	0	0	250M	4388908	4477989
H	1177	250	93.2	+	0	0	250M	4390479	289622
H	1136	250	93.2	+	0	0	250M	4390479	295974
H	3927	250	92.8	+	0	0	250M	4390479	4315688
L	3321	250	*	*	*	*	*	1136795	*
H	3321	250	95.2	+	0	0	250M	4394966	1136795
L	3530	250	*	*	*	*	*	644275	*
H	3530	250	87.6	+	0	0	250M	4394966	644275
L	205	250	*	*	*	*	*	819387	*
H	205	250	87.6	+	0	0	25MI42MI63M3I16MD99M4D	4394966	819387
H	2281	250	90.8	+	0	0	2I248M2D	4396138	72820
L	465	250	*	*	*	*	*	559527	*
H	465	250	90.4	+	0	0	2I248M2D	4396138	559527
H	4062	250	90.4	+	0	0	2I248M2D	4396138	4347159
H	3625	250	96.4	+	0	0	250M	4397087	944401
H	1086	250	95.6	+	0	0	250M	4397087	305278
H	3240	250	96.0	+	0	0	250M	4397087	826144
L	4388	250	*	*	*	*	*	4410244	*
H	4388	250	96.4	+	0	0	113M2D31MI104MI	4401868	4410244
L	2884	250	*	*	*	*	*	2035238	*
H	2884	250	92.4	+	0	0	250M	4401868	2035238
L	3041	250	*	*	*	*	*	2397581	*
H	3041	250	92.4	+	0	0	206M2I42M2D	4401868	2397581
L	3800	250	*	*	*	*	*	1141542	*
H	3800	250	97.6	+	0	0	250M	4402516	1141542
L	4021	250	*	*	*	*	*	4337455	*
H	4021	250	97.6	+	0	0	250M	4402516	4337455
L	1362	250	*	*	*	*	*	256685	*
H	1362	250	98.0	+	0	0	250M	4402516	256685
H	3243	250	95.2	+	0	0	250M	4403441	326714
H	1291	250	92.8	+	0	0	250M	4403441	266579
L	591	250	*	*	*	*	*	531406	*
H	591	250	93.2	+	0	0	250M	4403441	531406
L	2200	250	*	*	*	*	*	100757	*
H	2200	250	98.4	+	0	0	250M	4404095	100757
L	210	250	*	*	*	*	*	817013	*
H	210	250	94.8	+	0	0	250M	4404095	817013
L	4610	250	*	*	*	*	*	4458015	*
H	4610	250	94.4	+	0	0	250M	4404095	4458015
L	4227	250	*	*	*	*	*	4376964	*
H	4227	250	96.4	+	0	0	250M	4414420	4376964
L	2745	250	*	*	*	*	*	1736067	*
H	2745	250	96.4	+	0	0	250M	4414420	1736067
L	3790	250	*	*	*	*	*	4212012	*
H	3790	250	96.0	+	0	0	250M	4414420	4212012
L	1943	250	*	*	*	*	*	159299	*
H	1943	250	96.8	+	0	0	250M	4415616	159299
H	3460	250	96.8	+	0	0	250M	4415616	664205
H	1445	250	94.4	+	0	0	250M	4415616	238051
L	3494	250	*	*	*	*	*	1127789	*
H	3494	250	97.6	+	0	0	250M	4416658	1127789
H	3529	250	95.2	+	0	0	250M	4416658	625186
L	3411	250	*	*	*	*	*	679077	*
H	3411	250	96.0	+	0	0	250M	4416658	679077
H	2441	250	97.6	+	0	0	250M	4416988	14583
L	2860	250	*	*	*	*	*	1075065	*
H	2860	250	97.2	+	0	0	250M	4416988	1075065
L	1227	250	*	*	*	*	*	276183	*
H	1227	250	96.0	+	0	0	101MI148MD	4416988	276183
H	535	250	100.0	+	0	0	250M	4418165	544824
H	2263	250	99.6	+	0	0	250M	4418165	77675
L	1825	250	*	*	*	*	*	176468	*
H	1825	250	98.0	+	0	0	114MI8MI35MI32MI57M4D	4418165	176468
L	762	250	*	*	*	*	*	400480	*
H	762	250	91.2	+	0	0	250M	4419428	400480
L	1645	250	*	*	*	*	*	190032	*
H	1645	250	89.2	+	0	0	250M	4419428	190032
L	3619	250	*	*	*	*	*	3772088	*
H	3619	250	89.2	+	0	0	250M	4419428	3772088
L	1709	250	*	*	*	*	*	185297	*
H	1709	250	97.6	+	0	0	250M	4419566	185297
L	184	250	*	*	*	*	*	832772	*
H	184	250	97.6	+	0	0	250M	4419566	832772
L	2118	250	*	*	*	*	*	114234	*
H	2118	250	96.4	+	0	0	250M	4419566	114234
L	4657	250	*	*	*	*	*	4466720	*
H	4657	250	94.4	+	0	0	222MI27MD	4423885	4466720
L	4608	250	*	*	*	*	*	4457195	*
H	4608	250	90.4	+	0	0	250M	4423885	4457195
H	1086	250	87.2	+	0	0	250M	4423885	305278
L	251	250	*	*	*	*	*	735185	*
H	251	250	99.6	+	0	0	99MD68MI82M	4426296	735185
L	3270	250	*	*	*	*	*	1084983	*
H	3270	250	98.8	+	0	0	96MD153MI	4426296	1084983
L	3149	250	*	*	*	*	*	2648149	*
H	3149	250	97.2	+	0	0	96MD153MI	4426296	2648149
H	2281	250	98.0	+	0	0	250M	4426298	72820
H	4062	250	97.6	+	0	0	250M	4426298	4347159
H	465	250	97.6	+	0	0	250M	4426298	559527
H	2981	250	95.2	+	0	0	250M	4426339	1141633
L	234	250	*	*	*	*	*	781232	*
H	234	250	92.4	+	0	0	250M	4426339	781232
H	3759	250	94.4	+	0	0	250M	4426339	1146685
H	4240	250	100.0	+	0	0	250M	4432439	4380413
H	3340	250	96.8	+	0	0	250M	4432439	1136763
L	1926	250	*	*	*	*	*	163227	*
H	1926	250	96.8	+	0	0	250M	4432439	163227
H	3637	250	94.8	+	0	0	250M	4433760	1144051
H	3441	250	94.8	+	0	0	250M	4433760	761592
H	2811	250	94.4	+	0	0	250M	4433760	794652
L	4511	250	*	*	*	*	*	4435422	*
H	4511	250	95.6	+	0	0	250M	4435424	4435422
L	4512	250	*	*	*	*	*	4435425	*
H	4512	250	94.0	+	0	0	250M	4435424	4435425
L	390	250	*	*	*	*	*	575407	*
H	390	250	88.8	+	0	0	250M	4435424	575407
L	972	250	*	*	*	*	*	336110	*
H	972	250	95.2	+	0	0	250M	4442407	336110
L	3020	250	*	*	*	*	*	1114718	*
H	3020	250	96.4	+	0	0	250M	4442407	1114718
L	3629	250	*	*	*	*	*	1115684	*
H	3629	250	96.0	+	0	0	250M	4442407	1115684
L	4592	250	*	*	*	*	*	4454715	*
H	4592	250	98.0	+	0	0	250M	4443004	4454715
L	3735	250	*	*	*	*	*	1139732	*
H	3735	250	96.8	+	0	0	250M	4443004	1139732
L	3819	250	*	*	*	*	*	4263820	*
H	3819	250	93.6	+	0	0	250M	4443004	4263820
L	2408	250	*	*	*	*	*	24210	*
H	2408	250	85.2	+	0	0	250M	4447514	24210
L	3230	250	*	*	*	*	*	2836861	*
H	3230	250	85.2	+	0	0	250M	4447514	2836861
L	2271	250	*	*	*	*	*	74330	*
H	2271	250	84.8	+	0	0	150MD99MI	4447514	74330
L	4005	250	*	*	*	*	*	4333705	*
H	4005	250	99.2	+	0	0	250M	4449456	4333705
L	4748	250	*	*	*	*	*	4482374	*
H	4748	250	99.2	+	0	0	250M	4449456	4482374
L	2825	250	*	*	*	*	*	1896186	*
H	2825	250	99.2	+	0	0	250M	4449456	1896186
H	2654	250	96.4	+	0	0	250M	4453466	1553204
H	2713	250	96.8	+	0	0	250M	4453466	1143645
H	4721	250	96.4	+	0	0	250M	4453466	4477254
H	4317	250	100.0	+	0	0	250M	4455242	4393354
H	2310	250	100.0	+	0	0	250M	4455242	66026
H	2298	250	100.0	+	0	0	250M	4455242	70057
H	2635	250	97.2	+	0	0	250M	4456166	1174
H	2634	250	95.2	+	0	0	250M	4456166	1199
H	3070	250	82.8	+	0	0	250M	4456166	2461583
L	4161	250	*	*	*	*	*	4365357	*
H	4161	250	95.6	+	0	0	231MI18MD	4456787	4365357
L	3808	250	*	*	*	*	*	1021130	*
H	3808	250	95.6	+	0	0	231MI18MD	4456787	1021130
L	537	250	*	*	*	*	*	544430	*
H	537	250	86.8	+	0	0	227MI22MD	4456787	544430
H	449	250	98.0	+	0	0	250M	4458861	563536
H	533	250	98.0	+	0	0	250M	4458861	544868
H	3645	250	97.6	+	0	0	250M	4458861	1129883
H	1679	250	97.6	+	0	0	96MD153MI	4461879	187297
H	3310	250	97.6	+	0	0	250M	4461879	3055791
L	332	250	*	*	*	*	*	591221	*
H	332	250	94.8	+	0	0	194MI37MI17M2D	4461879	591221
H	491	250	98.4	+	0	0	250M	4462474	555568
L	1391	250	*	*	*	*	*	248577	*
H	1391	250	98.4	+	0	0	250M	4462474	248577
L	1876	250	*	*	*	*	*	171996	*
H	1876	250	97.6	+	0	0	250M	4462474	171996
H	4180	250	90.8	+	0	0	250M	4462654	4368045
H	451	250	90.8	+	0	0	250M	4462654	562956
L	4566	250	*	*	*	*	*	4450166	*
H	4566	250	87.2	+	0	0	108MI141MD	4462654	4450166
H	2889	250	92.0	+	0	0	250M	4466966	2041719
L	3744	250	*	*	*	*	*	4104788	*
H	3744	250	91.6	+	0	0	250M	4466966	4104788
H	2888	250	91.2	+	0	0	250M	4466966	2041715
H	1161	250	99.6	+	0	0	250M	4473883	292424
H	1187	250	99.6	+	0	0	250M	4473883	288235
L	2436	250	*	*	*	*	*	15458	*
H	2436	250	99.2	+	0	0	250M	4473883	15458
H	4211	250	97.6	+	0	0	250M	4476050	4373910
L	3077	250	*	*	*	*	*	851932	*
H	3077	250	96.4	+	0	0	250M	4476050	851932
L	3853	250	*	*	*	*	*	4298899	*
H	3853	250	96.4	+	0	0	250M	4476050	4298899
H	1679	250	96.8	+	0	0	96MD153MI	4479467	187297
H	2132	250	97.6	+	0	0	62MD29MI48MI109MD	4479467	111289
H	3310	250	96.4	+	0	0	250M	4479467	3055791
L	4068	250	*	*	*	*	*	4347834	*
H	4068	250	99.6	+	0	0	250M	4482362	4347834
L	3978	250	*	*	*	*	*	4327628	*
H	3978	250	95.2	+	0	0	250M	4482362	4327628
H	2511	250	94.0	+	0	0	250M	4482362	10180
L	4900	250	*	*	*	*	*	4463497	*
H	4900	250	95.6	+	0	0	250M	714724	4463497
L	4859	250	*	*	*	*	*	737195	*
H	4859	250	94.0	+	0	0	250M	714724	737195
L	4786	250	*	*	*	*	*	548723	*
H	4786	250	95.6	+	0	0	250M	714724	548723
L	4784	250	*	*	*	*	*	551722	*
H	4784	250	95.2	+	0	0	250M	679966	551722
L	4843	250	*	*	*	*	*	633056	*
H	4843	250	90.8	+	0	0	250M	679966	633056
L	4777	250	*	*	*	*	*	629776	*
H	4777	250	90.4	+	0	0	250M	679966	629776
L	4884	250	*	*	*	*	*	4344999	*
H	4884	250	85.6	+	0	0	250M	557548	4344999
L	4837	250	*	*	*	*	*	790	*
H	4837	250	85.2	+	0	0	250M	557548	790
L	4783	250	*	*	*	*	*	553284	*
H	4783	250	88.4	+	0	0	250M	557548	553284
L	4893	250	*	*	*	*	*	4429983	*
H	4893	250	96.4	+	0	0	250M	131526	4429983
L	4874	250	*	*	*	*	*	4176865	*
H	4874	250	94.0	+	0	0	250M	131526	4176865
H	4786	250	93.2	+	0	0	250M	131526	548723
L	4889	250	*	*	*	*	*	4370431	*
H	4889	250	94.8	+	0	0	250M	47968	4370431
L	4898	250	*	*	*	*	*	4451185	*
H	4898	250	91.2	+	0	0	250M	47968	4451185
L	4886	250	*	*	*	*	*	4358883	*
H	4886	250	91.2	+	0	0	250M	47968	4358883
L	4773	250	*	*	*	*	*	686537	*
H	4773	250	98.0	+	0	0	250M	43283	686537
L	4838	250	*	*	*	*	*	668	*
H	4838	250	92.4	+	0	0	3D16MD13M2D215M6I	43283	668
L	4865	250	*	*	*	*	*	643724	*
H	4865	250	93.2	+	0	0	250M	43283	643724
L	4883	250	*	*	*	*	*	4343248	*
H	4883	250	87.2	+	0	0	250M	945	4343248
L	4833	250	*	*	*	*	*	981	*
H	4833	250	86.8	+	0	0	250M	945	981
L	4796	250	*	*	*	*	*	241978	*
H	4796	250	87.2	+	0	0	250M	945	241978
L	4839	250	*	*	*	*	*	329	*
H	4839	250	95.2	+	0	0	250M	1128360	329
L	4846	250	*	*	*	*	*	1137360	*
H	4846	250	95.6	+	0	0	250M	1128360	1137360
L	4863	250	*	*	*	*	*	840131	*
H	4863	250	91.2	+	0	0	250M	1128360	840131
H	4796	250	99.6	+	0	0	250M	1132808	241978
L	4834	250	*	*	*	*	*	953	*
H	4834	250	92.0	+	0	0	250M	1132808	953
L	4842	250	*	*	*	*	*	1629246	*
H	4842	250	85.6	+	0	0	250M	1132808	1629246
H	4889	250	93.6	+	0	0	250M	692586	4370431
H	4886	250	91.2	+	0	0	250M	692586	4358883
L	4763	250	*	*	*	*	*	1106734	*
H	4763	250	88.8	+	0	0	250M	692586	1106734
H	4884	250	97.6	+	0	0	250M	1135040	4344999
H	4837	250	96.8	+	0	0	250M	1135040	790
L	4836	250	*	*	*	*	*	804	*
H	4836	250	93.2	+	0	0	6D157MD86M7I	1135040	804
L	4827	250	*	*	*	*	*	25116	*
H	4827	250	95.6	+	0	0	250M	1126596	25116
L	4864	250	*	*	*	*	*	1136152	*
H	4864	250	95.2	+	0	0	250M	1126596	1136152
L	4858	250	*	*	*	*	*	687226	*
H	4858	250	95.2	+	0	0	213MI36MD	1126596	687226
L	4823	250	*	*	*	*	*	47411	*
H	4823	250	92.8	+	0	0	250M	813104	47411
L	4895	250	*	*	*	*	*	4437047	*
H	4895	250	94.0	+	0	0	250M	813104	4437047
L	4861	250	*	*	*	*	*	3022550	*
H	4861	250	92.0	+	0	0	250M	813104	3022550
H	4865	250	96.4	+	0	0	250M	544733	643724
H	4786	250	96.0	+	0	0	250M	544733	548723
H	4773	250	94.0	+	0	0	250M	544733	686537
L	4829	250	*	*	*	*	*	18525	*
H	4829	250	91.2	+	0	0	10D240M10I	4308349	18525
H	4773	250	94.0	+	0	0	250M	4308349	686537
H	4874	250	94.8	+	0	0	250M	4308349	4176865
L	4764	250	*	*	*	*	*	978530	*
H	4764	250	90.4	+	0	0	250M	4338137	978530
L	4849	250	*	*	*	*	*	2076641	*
H	4849	250	92.8	+	0	0	250M	4338137	2076641
L	4811	250	*	*	*	*	*	109519	*
H	4811	250	88.0	+	0	0	250M	4338137	109519
H	4849	250	88.4	+	0	0	250M	4404369	2076641
H	4764	250	89.2	+	0	0	250M	4404369	978530
L	4869	250	*	*	*	*	*	3862609	*
H	4869	250	86.4	+	0	0	250M	4404369	3862609
L	4867	250	*	*	*	*	*	1114397	*
H	4867	250	90.4	+	0	0	250M	4463937	1114397
L	4788	250	*	*	*	*	*	542454	*
H	4788	250	92.4	+	0	0	250M	4463937	542454
H	4898	250	90.0	+	0	0	250M	4463937	4451185
H	4784	250	92.4	+	0	0	250M	4474546	551722
H	4895	250	89.2	+	0	0	250M	4474546	4437047
H	4859	250	88.8	+	0	0	250M	4474546	737195
D	63	2	*	*	*	*	92.0	1021078	*
D	101	2	*	*	*	*	99.2	961922	*
D	181	2	*	*	*	*	99.2	833731	*
D	184	2	*	*	*	*	97.6	832772	*
D	197	2	*	*	*	*	96.0	823745	*
D	199	3	*	*	*	*	99.8	822776	*
D	213	2	*	*	*	*	93.6	814853	*
D	232	2	*	*	*	*	96.0	788086	*
D	251	2	*	*	*	*	99.6	735185	*
D	261	2	*	*	*	*	97.6	719343	*
D	265	2	*	*	*	*	98.8	712047	*
D	287	2	*	*	*	*	99.2	668105	*
D	289	2	*	*	*	*	96.4	662645	*
D	300	2	*	*	*	*	98.0	644016	*
D	327	3	*	*	*	*	92.0	591907	*
D	329	2	*	*	*	*	98.0	591642	*
D	353	2	*	*	*	*	99.6	584241	*
D	389	2	*	*	*	*	96.8	575576	*
D	440	2	*	*	*	*	99.6	565851	*
D	441	2	*	*	*	*	94.8	565130	*
D	449	3	*	*	*	*	96.8	563536	*
D	450	2	*	*	*	*	95.6	563240	*
D	451	3	*	*	*	*	91.2	562956	*
D	474	2	*	*	*	*	96.8	558128	*
D	492	2	*	*	*	*	93.2	555445	*
D	496	2	*	*	*	*	95.6	554499	*
D	511	5	*	*	*	*	99.1	551931	*
D	513	2	*	*	*	*	98.0	550712	*
D	516	2	*	*	*	*	96.8	550415	*
D	526	2	*	*	*	*	99.6	547806	*
D	533	3	*	*	*	*	97.0	544868	*
D	534	2	*	*	*	*	96.8	544846	*
D	535	2	*	*	*	*	100.0	544824	*
D	536	3	*	*	*	*	96.0	544630	*
D	547	2	*	*	*	*	98.8	541894	*
D	555	2	*	*	*	*	90.4	539939	*
D	575	2	*	*	*	*	100.0	534898	*
D	699	2	*	*	*	*	92.8	513513	*
D	749	2	*	*	*	*	99.6	423025	*
D	755	2	*	*	*	*	93.6	411486	*
D	756	3	*	*	*	*	96.6	410549	*
D	762	2	*	*	*	*	91.2	400480	*
D	773	2	*	*	*	*	93.2	386273	*
D	782	2	*	*	*	*	99.6	372473	*
D	908	2	*	*	*	*	100.0	347063	*
D	922	3	*	*	*	*	98.4	344394	*
D	928	2	*	*	*	*	99.6	343239	*
D	930	2	*	*	*	*	97.2	342971	*
D	979	2	*	*	*	*	96.4	332720	*
D	1001	2	*	*	*	*	98.8	328035	*
D	1074	2	*	*	*	*	98.4	308095	*
D	1089	2	*	*	*	*	99.2	304779	*
D	1136	3	*	*	*	*	95.2	295974	*
D	1157	2	*	*	*	*	88.0	292921	*
D	1169	2	*	*	*	*	97.6	290842	*
D	1183	2	*	*	*	*	100.0	289216	*
D	1187	4	*	*	*	*	96.0	288235	*
D	1278	2	*	*	*	*	92.8	268061	*
D	1291	2	*	*	*	*	97.6	266579	*
D	1314	3	*	*	*	*	93.2	263138	*
D	1329	2	*	*	*	*	98.0	261255	*
D	1353	2	*	*	*	*	90.8	259026	*
D	1362	2	*	*	*	*	98.0	256685	*
D	1380	2	*	*	*	*	92.8	251702	*
D	1390	3	*	*	*	*	95.8	248740	*
D	1391	2	*	*	*	*	98.4	248577	*
D	1420	2	*	*	*	*	98.8	242098	*
D	1422	2	*	*	*	*	93.2	241971	*
D	1430	2	*	*	*	*	97.2	240661	*
D	1444	2	*	*	*	*	97.6	238205	*
D	1445	2	*	*	*	*	95.2	238051	*
D	1452	2	*	*	*	*	95.6	236913	*
D	1453	2	*	*	*	*	99.2	236778	*
D	1457	2	*	*	*	*	97.6	235262	*
D	1495	2	*	*	*	*	95.2	218254	*
D	1496	2	*	*	*	*	94.4	218095	*
D	1513	2	*	*	*	*	94.8	210269	*
D	1522	2	*	*	*	*	98.0	205772	*
D	1526	2	*	*	*	*	94.8	203166	*
D	1535	2	*	*	*	*	95.6	200891	*
D	1596	2	*	*	*	*	98.4	194772	*
D	1613	2	*	*	*	*	94.4	193209	*
D	1693	3	*	*	*	*	93.0	186275	*
D	1728	2	*	*	*	*	91.2	184263	*
D	1767	4	*	*	*	*	98.7	181436	*
D	1844	2	*	*	*	*	99.2	175108	*
D	1935	2	*	*	*	*	99.2	161199	*
D	1938	3	*	*	*	*	98.8	160873	*
D	1983	2	*	*	*	*	96.8	153965	*
D	1996	2	*	*	*	*	94.0	151176	*
D	2003	2	*	*	*	*	88.4	150412	*
D	2021	2	*	*	*	*	96.0	146917	*
D	2024	2	*	*	*	*	87.6	146193	*
D	2033	2	*	*	*	*	97.2	143784	*
D	2034	2	*	*	*	*	99.6	143401	*
D	2035	2	*	*	*	*	89.2	143101	*
D	2052	2	*	*	*	*	96.0	141146	*
D	2077	2	*	*	*	*	96.4	136508	*
D	2103	2	*	*	*	*	95.6	130219	*
D	2112	3	*	*	*	*	96.4	119010	*
D	2122	3	*	*	*	*	97.8	113265	*
D	2132	3	*	*	*	*	97.6	111289	*
D	2180	2	*	*	*	*	98.4	104045	*
D	2182	2	*	*	*	*	97.6	103285	*
D	2189	2	*	*	*	*	98.0	102222	*
D	2194	2	*	*	*	*	96.4	101788	*
D	2200	2	*	*	*	*	98.4	100757	*
D	2207	2	*	*	*	*	93.2	99452	*
D	2210	2	*	*	*	*	94.8	99373	*
D	2231	2	*	*	*	*	86.4	90465	*
D	2258	2	*	*	*	*	96.8	79540	*
D	2259	2	*	*	*	*	96.4	78432	*
D	2262	2	*	*	*	*	95.6	77692	*
D	2281	4	*	*	*	*	95.9	72820	*
D	2286	2	*	*	*	*	94.0	72112	*
D	2293	2	*	*	*	*	91.6	70580	*
D	2294	2	*	*	*	*	97.2	70512	*
D	2298	3	*	*	*	*	99.0	70057	*
D	2306	2	*	*	*	*	87.2	67615	*
D	2310	2	*	*	*	*	98.8	66026	*
D	2335	2	*	*	*	*	93.6	56204	*
D	2351	2	*	*	*	*	92.8	49602	*
D	2369	2	*	*	*	*	95.6	41059	*
D	2394	2	*	*	*	*	97.6	27938	*
D	2410	2	*	*	*	*	95.6	23566	*
D	2426	2	*	*	*	*	98.4	16054	*
D	2429	2	*	*	*	*	98.4	15851	*
D	2431	2	*	*	*	*	98.4	15740	*
D	2439	2	*	*	*	*	100.0	15025	*
D	2440	2	*	*	*	*	96.0	14615	*
D	2441	2	*	*	*	*	97.6	14583	*
D	2474	2	*	*	*	*	93.6	12520	*
D	2485	2	*	*	*	*	98.8	12133	*
D	2499	3	*	*	*	*	98.8	10945	*
D	2510	2	*	*	*	*	98.4	10196	*
D	2511	4	*	*	*	*	98.1	10180	*
D	2521	3	*	*	*	*	95.6	9498	*
D	2530	2	*	*	*	*	94.4	8898	*
D	2540	2	*	*	*	*	96.0	8012	*
D	2543	2	*	*	*	*	94.4	8001	*
D	2544	2	*	*	*	*	94.4	7980	*
D	2546	2	*	*	*	*	97.2	7976	*
D	2560	2	*	*	*	*	98.8	7347	*
D	2581	3	*	*	*	*	97.6	5263	*
D	2582	2	*	*	*	*	95.2	5066	*
D	2599	2	*	*	*	*	84.8	4115	*
D	2608	3	*	*	*	*	90.0	3804	*
D	2612	2	*	*	*	*	92.8	3307	*
D	2613	2	*	*	*	*	90.8	3232	*
D	2634	2	*	*	*	*	99.6	1199	*
D	2635	2	*	*	*	*	97.2	1174	*
D	2654	2	*	*	*	*	97.6	1553204	*
D	2656	2	*	*	*	*	98.0	1136676	*
D	2666	2	*	*	*	*	92.4	1144371	*
D	2668	2	*	*	*	*	97.2	1127851	*
D	2669	4	*	*	*	*	96.0	1145943	*
D	2678	2	*	*	*	*	99.6	1137869	*
D	2689	2	*	*	*	*	98.4	623190	*
D	2702	2	*	*	*	*	90.4	1137409	*
D	2713	3	*	*	*	*	98.0	1143645	*
D	2722	2	*	*	*	*	83.6	1701846	*
D	2736	2	*	*	*	*	93.2	1133935	*
D	2739	2	*	*	*	*	91.6	1730876	*
D	2745	2	*	*	*	*	96.4	1736067	*
D	2759	2	*	*	*	*	97.2	24490	*
D	2765	2	*	*	*	*	92.8	1122363	*
D	2769	3	*	*	*	*	99.0	1797336	*
D	2825	2	*	*	*	*	99.2	1896186	*
D	2826	2	*	*	*	*	100.0	1134454	*
D	2853	2	*	*	*	*	96.8	1954303	*
D	2867	2	*	*	*	*	97.2	1995363	*
D	2889	2	*	*	*	*	92.0	2041719	*
D	2902	2	*	*	*	*	87.2	2062820	*
D	2910	2	*	*	*	*	100.0	2072645	*
D	2948	2	*	*	*	*	97.6	2160270	*
D	2981	3	*	*	*	*	97.6	1141633	*
D	3002	2	*	*	*	*	94.8	1007399	*
D	3020	2	*	*	*	*	96.4	1114718	*
D	3032	2	*	*	*	*	91.6	649143	*
D	3051	2	*	*	*	*	98.8	2421587	*
D	3052	2	*	*	*	*	98.0	1112913	*
D	3062	2	*	*	*	*	88.0	821395	*
D	3070	2	*	*	*	*	97.2	2461583	*
D	3079	2	*	*	*	*	95.6	1144726	*
D	3095	2	*	*	*	*	94.0	2511694	*
D	3159	2	*	*	*	*	98.0	1115889	*
D	3162	2	*	*	*	*	94.8	2675752	*
D	3195	2	*	*	*	*	96.4	1130616	*
D	3196	2	*	*	*	*	92.0	625693	*
D	3199	2	*	*	*	*	96.0	2755928	*
D	3230	2	*	*	*	*	85.2	2836861	*
D	3232	2	*	*	*	*	97.2	1122081	*
D	3239	2	*	*	*	*	92.0	812557	*
D	3242	2	*	*	*	*	99.6	1136256	*
D	3243	2	*	*	*	*	95.2	326714	*
D	3247	3	*	*	*	*	89.2	2874960	*
D	3271	4	*	*	*	*	98.1	1123147	*
D	3310	2	*	*	*	*	97.6	3055791	*
D	3321	2	*	*	*	*	95.2	1136795	*
D	3334	2	*	*	*	*	98.8	933356	*
D	3343	2	*	*	*	*	95.6	925397	*
D	3346	2	*	*	*	*	98.4	1131768	*
D	3364	2	*	*	*	*	97.6	1139148	*
D	3413	2	*	*	*	*	99.6	3312521	*
D	3441	3	*	*	*	*	97.4	761592	*
D	3450	2	*	*	*	*	97.6	790610	*
D	3453	2	*	*	*	*	90.0	3385021	*
D	3460	4	*	*	*	*	97.1	664205	*
D	3489	2	*	*	*	*	89.6	714746	*
D	3494	2	*	*	*	*	97.6	1127789	*
D	3501	2	*	*	*	*	96.0	790312	*
D	3509	2	*	*	*	*	96.4	3509164	*
D	3538	2	*	*	*	*	93.6	1143368	*
D	3544	2	*	*	*	*	96.4	1129599	*
D	3545	2	*	*	*	*	98.4	1144619	*
D	3547	2	*	*	*	*	99.2	821185	*
D	3590	2	*	*	*	*	97.6	759349	*
D	3602	2	*	*	*	*	95.6	698296	*
D	3615	2	*	*	*	*	99.6	3761170	*
D	3625	3	*	*	*	*	93.6	944401	*
D	3627	2	*	*	*	*	88.4	3792581	*
D	3645	4	*	*	*	*	98.4	1129883	*
D	3647	2	*	*	*	*	99.2	1141671	*
D	3715	2	*	*	*	*	94.8	4028751	*
D	3724	2	*	*	*	*	97.6	956702	*
D	3736	3	*	*	*	*	90.4	1143479	*
D	3740	2	*	*	*	*	99.2	4098279	*
D	3753	3	*	*	*	*	98.8	1105883	*
D	3796	2	*	*	*	*	98.8	4227110	*
D	3808	2	*	*	*	*	95.6	1021130	*
D	3821	2	*	*	*	*	98.4	808021	*
D	3905	2	*	*	*	*	93.2	4309322	*
D	3998	2	*	*	*	*	88.4	4331760	*
D	4038	2	*	*	*	*	96.8	4340498	*
D	4068	2	*	*	*	*	99.6	4347834	*
D	4109	2	*	*	*	*	93.6	4354266	*
D	4149	3	*	*	*	*	95.8	4362383	*
D	4175	2	*	*	*	*	92.4	4367260	*
D	4188	2	*	*	*	*	98.0	4369927	*
D	4199	3	*	*	*	*	92.2	4371645	*
D	4204	2	*	*	*	*	97.6	4372372	*
D	4211	3	*	*	*	*	97.8	4373910	*
D	4240	2	*	*	*	*	100.0	4380413	*
D	4247	2	*	*	*	*	98.4	4381192	*
D	4256	4	*	*	*	*	96.3	4383165	*
D	4290	2	*	*	*	*	96.8	4388952	*
D	4292	2	*	*	*	*	96.0	4389141	*
D	4316	2	*	*	*	*	99.6	4393352	*
D	4326	2	*	*	*	*	99.6	4395096	*
D	4377	2	*	*	*	*	92.0	4407974	*
D	4388	2	*	*	*	*	96.4	4410244	*
D	4400	2	*	*	*	*	97.2	4411367	*
D	4417	2	*	*	*	*	95.6	4414785	*
D	4455	2	*	*	*	*	95.2	4423978	*
D	4477	2	*	*	*	*	98.8	4428440	*
D	4504	3	*	*	*	*	96.4	4434051	*
D	4510	2	*	*	*	*	99.6	4435279	*
D	4511	2	*	*	*	*	95.6	4435422	*
D	4515	2	*	*	*	*	96.8	4435982	*
D	4516	2	*	*	*	*	95.6	4435984	*
D	4531	2	*	*	*	*	95.6	4439195	*
D	4592	2	*	*	*	*	98.0	4454715	*
D	4596	2	*	*	*	*	95.6	4455298	*
D	4598	2	*	*	*	*	99.6	4455895	*
D	4609	2	*	*	*	*	95.6	4457669	*
D	4625	2	*	*	*	*	98.0	4460024	*
D	4634	3	*	*	*	*	98.2	4463108	*
D	4635	2	*	*	*	*	98.4	4463224	*
D	4649	3	*	*	*	*	94.0	4465498	*
D	4657	2	*	*	*	*	94.4	4466720	*
D	4668	2	*	*	*	*	95.6	4467983	*
D	4677	2	*	*	*	*	89.6	4469781	*
D	4698	2	*	*	*	*	97.2	4473250	*
D	4708	2	*	*	*	*	99.2	4475144	*
D	4724	2	*	*	*	*	94.0	4477989	*
D	4727	2	*	*	*	*	93.2	4478591	*
D	4728	2	*	*	*	*	99.6	4478762	*
D	4736	2	*	*	*	*	92.4	4480189	*
D	4740	2	*	*	*	*	95.6	4480970	*
D	4764	2	*	*	*	*	89.2	978530	*
D	4773	2	*	*	*	*	98.0	686537	*
D	4783	2	*	*	*	*	88.4	553284	*
D	4784	3	*	*	*	*	93.8	551722	*
D	4786	2	*	*	*	*	95.6	548723	*
D	4788	2	*	*	*	*	92.4	542454	*
D	4796	3	*	*	*	*	93.4	241978	*
D	4827	2	*	*	*	*	95.6	25116	*
D	4846	2	*	*	*	*	95.6	1137360	*
D	4849	2	*	*	*	*	92.8	2076641	*
D	4865	2	*	*	*	*	96.4	643724	*
D	4874	2	*	*	*	*	94.8	4176865	*
D	4884	2	*	*	*	*	97.6	4344999	*
D	4889	3	*	*	*	*	94.2	4370431	*
D	4893	2	*	*	*	*	96.4	4429983	*
D	4895	2	*	*	*	*	94.0	4437047	*
