UclustConsensusTaxonAssigner parameters:
id_to_taxonomy_filepath:/Users/nbokulich/Desktop/ref_dbs/gg_13_8_otus/taxonomy/99_otu_taxonomy.txt
id_to_taxonomy_fp:/Users/nbokulich/Desktop/ref_dbs/gg_13_8_otus/taxonomy/99_otu_taxonomy.txt
max_accepts:3
min_consensus_fraction:0.51
reference_sequences_fp:/Users/nbokulich/Desktop/ref_dbs/gg_13_8_otus/rep_set/99_otus/dna-sequences.fasta
similarity:0.97
unassignable_label:Unassigned
Result path: /var/folders/0t/l1dz88p50y91vx_22fx5w3780000gn/T/assign-taxFHtGWz

.uc file contents:

# uclust --input /Users/nbokulich/Desktop/projects/short-read-tax-assignment/data/mock-community/mock-4/rep_seqs.fna --id 0.97 --rev --maxaccepts 3 --allhits --libonly --lib /Users/nbokulich/Desktop/ref_dbs/gg_13_8_otus/rep_set/99_otus/dna-sequences.fasta --uc /var/folders/0t/l1dz88p50y91vx_22fx5w3780000gn/T/UclustConsensusTaxonAssigner_d3tkXA.uc
# version=1.2.22
# Tab-separated fields:
# 1=Type, 2=ClusterNr, 3=SeqLength or ClusterSize, 4=PctId, 5=Strand, 6=QueryStart, 7=SeedStart, 8=Alignment, 9=QueryLabel, 10=TargetLabel
# Record types (field 1): L=LibSeed, S=NewSeed, H=Hit, R=Reject, D=LibCluster, C=NewCluster, N=NoHit
# For C and D types, PctId is average id with seed.
# QueryStart and SeedStart are zero-based relative to start of sequence.
# If minus strand, SeedStart is relative to reverse-complemented seed.
L	120577	250	*	*	*	*	*	823090	*
H	120577	150	98.0	+	0	0	150M100I	8fab89bbb0ea43bd7ca5f5fd182506a5	823090
L	122434	250	*	*	*	*	*	1131255	*
H	122434	150	97.3	+	0	0	150M100I	8fab89bbb0ea43bd7ca5f5fd182506a5	1131255
L	130459	250	*	*	*	*	*	746873	*
H	130459	150	98.0	+	0	0	150M100I	8fab89bbb0ea43bd7ca5f5fd182506a5	746873
L	166988	250	*	*	*	*	*	4326794	*
H	166988	150	100.0	+	0	0	150M100I	dcb7b288381ec22163253cc31ca4bb57	4326794
L	15307	250	*	*	*	*	*	666832	*
H	15307	150	99.3	+	0	0	150M100I	dcb7b288381ec22163253cc31ca4bb57	666832
L	111687	250	*	*	*	*	*	6432	*
H	111687	150	98.7	+	0	0	150M100I	dcb7b288381ec22163253cc31ca4bb57	6432
L	164764	250	*	*	*	*	*	4315958	*
H	164764	150	100.0	+	0	0	150M100I	c4269a6e9bd66eca53e710c9f9d9ad4f	4315958
L	164648	250	*	*	*	*	*	4315405	*
H	164648	150	100.0	+	0	0	150M100I	c4269a6e9bd66eca53e710c9f9d9ad4f	4315405
L	171709	250	*	*	*	*	*	4350748	*
H	171709	150	100.0	+	0	0	150M100I	c4269a6e9bd66eca53e710c9f9d9ad4f	4350748
L	109935	250	*	*	*	*	*	14838	*
H	109935	150	99.3	+	0	0	150M100I	67235d72777dee5f2000c1e478dd6418	14838
L	109936	250	*	*	*	*	*	14836	*
H	109936	150	99.3	+	0	0	150M100I	67235d72777dee5f2000c1e478dd6418	14836
L	38425	250	*	*	*	*	*	507594	*
H	38425	150	99.3	+	0	0	150M100I	67235d72777dee5f2000c1e478dd6418	507594
L	73556	250	*	*	*	*	*	238752	*
H	73556	150	100.0	+	0	0	150M100I	0374d69a06fe46ad16ded615ae85090d	238752
L	44188	250	*	*	*	*	*	356318	*
H	44188	150	100.0	+	0	0	150M100I	0374d69a06fe46ad16ded615ae85090d	356318
L	190273	250	*	*	*	*	*	4445094	*
H	190273	150	98.7	+	0	0	150M100I	0374d69a06fe46ad16ded615ae85090d	4445094
H	109935	150	99.3	+	0	0	150M100I	3ffcfd0d3dfc80d4bdc4b0683f93c8c8	14838
H	109936	150	99.3	+	0	0	150M100I	3ffcfd0d3dfc80d4bdc4b0683f93c8c8	14836
H	38425	150	99.3	+	0	0	150M100I	3ffcfd0d3dfc80d4bdc4b0683f93c8c8	507594
L	70196	250	*	*	*	*	*	252206	*
H	70196	150	99.3	+	0	0	150M100I	c3ba1fb2c5cc693c3d71073d845a696f	252206
L	111783	250	*	*	*	*	*	5796	*
H	111783	150	99.3	+	0	0	150M100I	c3ba1fb2c5cc693c3d71073d845a696f	5796
L	32614	250	*	*	*	*	*	532163	*
H	32614	150	99.3	+	0	0	150M100I	c3ba1fb2c5cc693c3d71073d845a696f	532163
L	132551	250	*	*	*	*	*	2660469	*
H	132551	150	100.0	+	0	0	150M100I	e66860dbaac1010e5b69f9780d84b3b2	2660469
L	68125	250	*	*	*	*	*	260477	*
H	68125	150	100.0	+	0	0	150M100I	e66860dbaac1010e5b69f9780d84b3b2	260477
L	167317	250	*	*	*	*	*	4328432	*
H	167317	150	99.3	+	0	0	150M100I	e66860dbaac1010e5b69f9780d84b3b2	4328432
N	*	150	*	*	*	*	*	d0a6a3282a63574a9ebb620d4f7f08da	*
L	198123	250	*	*	*	*	*	840006	*
H	198123	150	99.3	+	0	0	150M100I	d9e724faff24eeeb7ac7fcc5cc7885b6	840006
L	198854	250	*	*	*	*	*	470690	*
H	198854	150	99.3	+	0	0	150M100I	d9e724faff24eeeb7ac7fcc5cc7885b6	470690
L	200573	250	*	*	*	*	*	29783	*
H	200573	150	97.3	+	0	0	150M100I	d9e724faff24eeeb7ac7fcc5cc7885b6	29783
L	35925	250	*	*	*	*	*	518033	*
H	35925	150	100.0	+	0	0	55MI95M99I	6ed7152332889b69d2d2f33c53b68934	518033
L	174503	250	*	*	*	*	*	4365565	*
H	174503	150	100.0	+	0	0	150M100I	6ed7152332889b69d2d2f33c53b68934	4365565
L	72999	250	*	*	*	*	*	240864	*
H	72999	150	100.0	+	0	0	150M100I	6ed7152332889b69d2d2f33c53b68934	240864
L	98951	250	*	*	*	*	*	128604	*
H	98951	150	100.0	+	0	0	150M100I	86adb6193435090318cf24df07770d07	128604
L	16641	250	*	*	*	*	*	619210	*
H	16641	150	100.0	+	0	0	150M100I	94b000e59b7ac160b0416c9ab45ff0bf	619210
L	167481	250	*	*	*	*	*	4329321	*
H	167481	150	100.0	+	0	0	150M100I	94b000e59b7ac160b0416c9ab45ff0bf	4329321
L	86469	250	*	*	*	*	*	181975	*
H	86469	150	100.0	+	0	0	150M100I	94b000e59b7ac160b0416c9ab45ff0bf	181975
L	39706	250	*	*	*	*	*	436743	*
H	39706	150	97.3	+	0	0	150M100I	f84b3370827fa1b575703ffd249a10d6	436743
L	157990	250	*	*	*	*	*	1068973	*
H	157990	150	97.3	+	0	0	80MI12MI58M98I	f84b3370827fa1b575703ffd249a10d6	1068973
L	153001	250	*	*	*	*	*	3871233	*
H	153001	150	100.0	+	0	0	150M100I	5147cf5e03fda37cd7d06a92925c0b72	3871233
L	94858	250	*	*	*	*	*	148003	*
H	94858	150	99.3	+	0	0	150M100I	5147cf5e03fda37cd7d06a92925c0b72	148003
L	111024	250	*	*	*	*	*	10002	*
H	111024	150	100.0	+	0	0	150M100I	5147cf5e03fda37cd7d06a92925c0b72	10002
N	*	150	*	*	*	*	*	18ced8ffd0e1b19b9bdfd5bc298280a7	*
N	*	150	*	*	*	*	*	824a5153e87ed64fa25bf9425110596f	*
H	109935	150	100.0	+	0	0	150M100I	47ad35356a9bfec68416d32e4f039021	14838
H	109936	150	100.0	+	0	0	150M100I	47ad35356a9bfec68416d32e4f039021	14836
H	38425	150	100.0	+	0	0	150M100I	47ad35356a9bfec68416d32e4f039021	507594
N	*	150	*	*	*	*	*	ed2b66cfbdd8fc4089dea2340729ef37	*
L	164736	250	*	*	*	*	*	4315820	*
H	164736	150	99.3	+	0	0	150M100I	29f6e97a2ed3b8abe26bb45acba8451f	4315820
L	164628	250	*	*	*	*	*	4315288	*
H	164628	150	99.3	+	0	0	150M100I	29f6e97a2ed3b8abe26bb45acba8451f	4315288
L	164584	250	*	*	*	*	*	4315069	*
H	164584	150	99.3	+	0	0	150M100I	29f6e97a2ed3b8abe26bb45acba8451f	4315069
L	144082	250	*	*	*	*	*	1040220	*
H	144082	150	99.3	+	0	0	150M100I	3df62c132a582a43d98dfebb37cb0aa6	1040220
L	4204	250	*	*	*	*	*	984924	*
H	4204	150	98.7	+	0	0	150M100I	3df62c132a582a43d98dfebb37cb0aa6	984924
L	170098	250	*	*	*	*	*	4342421	*
H	170098	150	99.3	+	0	0	150M100I	3df62c132a582a43d98dfebb37cb0aa6	4342421
L	195377	250	*	*	*	*	*	4471122	*
H	195377	150	100.0	+	0	0	150M100I	5642c43966bbd7f41c2f0cbe988205ff	4471122
L	184603	250	*	*	*	*	*	4416988	*
H	184603	150	100.0	+	0	0	150M100I	5642c43966bbd7f41c2f0cbe988205ff	4416988
L	184457	250	*	*	*	*	*	4416186	*
H	184457	150	100.0	+	0	0	150M100I	5642c43966bbd7f41c2f0cbe988205ff	4416186
H	111783	150	100.0	+	0	0	150M100I	e25836661b81c9cc3aa99c8b2c7ca14d	5796
H	32614	150	100.0	+	0	0	150M100I	e25836661b81c9cc3aa99c8b2c7ca14d	532163
H	70196	150	100.0	+	0	0	150M100I	e25836661b81c9cc3aa99c8b2c7ca14d	252206
N	*	150	*	*	*	*	*	bd65e96bfdca2d01dae634ead91d270b	*
L	98519	250	*	*	*	*	*	132456	*
H	98519	150	100.0	+	0	0	150M100I	53609d8db4e52b4f03beab3bc44ad5ba	132456
L	98583	250	*	*	*	*	*	131968	*
H	98583	150	100.0	+	0	0	150M100I	53609d8db4e52b4f03beab3bc44ad5ba	131968
L	22564	250	*	*	*	*	*	573976	*
H	22564	150	100.0	+	0	0	150M100I	53609d8db4e52b4f03beab3bc44ad5ba	573976
L	9853	250	*	*	*	*	*	820022	*
H	9853	150	100.0	+	0	0	150M100I	bc23d2ee539bf2f52faf789289af7879	820022
L	76671	250	*	*	*	*	*	222182	*
H	76671	150	100.0	+	0	0	150M100I	bc23d2ee539bf2f52faf789289af7879	222182
L	16820	250	*	*	*	*	*	612636	*
H	16820	150	98.7	+	0	0	150M100I	bc23d2ee539bf2f52faf789289af7879	612636
L	61601	250	*	*	*	*	*	287558	*
H	61601	150	98.0	+	0	0	150M100I	894866f4d156eb683daa33b6b9246580	287558
L	103899	250	*	*	*	*	*	95320	*
H	103899	150	99.3	+	0	0	150M100I	894866f4d156eb683daa33b6b9246580	95320
L	125691	250	*	*	*	*	*	2250983	*
H	125691	150	98.0	+	0	0	150M100I	894866f4d156eb683daa33b6b9246580	2250983
N	*	150	*	*	*	*	*	538f3af3b016445f1327de09ab59f5a9	*
L	16936	250	*	*	*	*	*	609022	*
H	16936	150	100.0	+	0	0	150M100I	4e9b3c8dd9808d6a78936ceaf96dc0d5	609022
L	110840	250	*	*	*	*	*	10952	*
H	110840	150	100.0	+	0	0	150M100I	4e9b3c8dd9808d6a78936ceaf96dc0d5	10952
L	174987	250	*	*	*	*	*	4367894	*
H	174987	150	98.7	+	0	0	150M100I	4e9b3c8dd9808d6a78936ceaf96dc0d5	4367894
L	1786	250	*	*	*	*	*	1076969	*
H	1786	150	100.0	+	0	0	150M100I	aebf2a74a3aa9e5876c479b1db88985f	1076969
L	161380	250	*	*	*	*	*	4300042	*
H	161380	150	100.0	+	0	0	150M100I	aebf2a74a3aa9e5876c479b1db88985f	4300042
L	23981	250	*	*	*	*	*	567972	*
H	23981	150	99.3	+	0	0	150M100I	aebf2a74a3aa9e5876c479b1db88985f	567972
N	*	150	*	*	*	*	*	60bb2c48232abea1dd1425cf69a10999	*
L	163464	250	*	*	*	*	*	4309716	*
H	163464	150	100.0	+	0	0	150M100I	1986030e3c5cd5df6d869054bc96e536	4309716
L	181985	250	*	*	*	*	*	4403646	*
H	181985	150	100.0	+	0	0	150M100I	1986030e3c5cd5df6d869054bc96e536	4403646
L	163661	250	*	*	*	*	*	4310777	*
H	163661	150	100.0	+	0	0	150M100I	1986030e3c5cd5df6d869054bc96e536	4310777
L	77591	250	*	*	*	*	*	217887	*
H	77591	150	99.3	+	0	0	150M100I	33b601a7a8295e7a6c8f413504129220	217887
L	1563	250	*	*	*	*	*	1085110	*
H	1563	150	100.0	+	0	0	150M100I	33b601a7a8295e7a6c8f413504129220	1085110
L	4126	250	*	*	*	*	*	987499	*
H	4126	150	100.0	+	0	0	150M100I	33b601a7a8295e7a6c8f413504129220	987499
L	162743	250	*	*	*	*	*	4306540	*
H	162743	150	99.3	+	0	0	150M100I	dcc8b7d0992f57608a5aabd5dbead764	4306540
L	77335	250	*	*	*	*	*	219151	*
H	77335	150	99.3	+	0	0	150M100I	dcc8b7d0992f57608a5aabd5dbead764	219151
L	179233	250	*	*	*	*	*	4389529	*
H	179233	150	99.3	+	0	0	150M100I	dcc8b7d0992f57608a5aabd5dbead764	4389529
L	114015	250	*	*	*	*	*	1583989	*
H	114015	150	100.0	+	0	0	150M100I	075614efc7d3dd61cd64a4e5f17078ae	1583989
L	113982	250	*	*	*	*	*	733594	*
H	113982	150	100.0	+	0	0	55MI95M99I	075614efc7d3dd61cd64a4e5f17078ae	733594
L	113418	250	*	*	*	*	*	1550056	*
H	113418	150	100.0	+	0	0	150M100I	075614efc7d3dd61cd64a4e5f17078ae	1550056
H	162743	150	100.0	+	0	0	150M100I	7a8d29c59b803baaed9cc1f04ce0dc33	4306540
H	77335	150	100.0	+	0	0	150M100I	7a8d29c59b803baaed9cc1f04ce0dc33	219151
H	179233	150	100.0	+	0	0	150M100I	7a8d29c59b803baaed9cc1f04ce0dc33	4389529
L	159036	250	*	*	*	*	*	4232045	*
H	159036	150	100.0	+	0	0	150M100I	2ffcf53c5728bc9a71f862e99bc454f6	4232045
L	195608	250	*	*	*	*	*	4472262	*
H	195608	150	100.0	+	0	0	150M100I	2ffcf53c5728bc9a71f862e99bc454f6	4472262
L	137082	250	*	*	*	*	*	2917953	*
H	137082	150	99.3	+	0	0	150M100I	2ffcf53c5728bc9a71f862e99bc454f6	2917953
L	86210	250	*	*	*	*	*	182764	*
H	86210	150	100.0	+	0	0	150M100I	b3fef1e26b7b6ac20847ede4da68547a	182764
L	53522	250	*	*	*	*	*	318320	*
H	53522	150	100.0	+	0	0	150M100I	b3fef1e26b7b6ac20847ede4da68547a	318320
L	85609	250	*	*	*	*	*	184558	*
H	85609	150	100.0	+	0	0	150M100I	b3fef1e26b7b6ac20847ede4da68547a	184558
H	198123	150	99.3	+	0	0	150M100I	f551bc213661e19bd106b9d2f37c224b	840006
H	198854	150	99.3	+	0	0	150M100I	f551bc213661e19bd106b9d2f37c224b	470690
L	200736	250	*	*	*	*	*	130	*
H	200736	150	97.3	+	0	0	150M100I	f551bc213661e19bd106b9d2f37c224b	130
N	*	150	*	*	*	*	*	5bfcfe38b5c279edba6ab27e17db9c35	*
L	65981	250	*	*	*	*	*	267804	*
H	65981	150	99.3	+	0	0	150M100I	9695acecaba71cc9fc1458080b07d1fa	267804
L	22469	250	*	*	*	*	*	574414	*
H	22469	150	100.0	+	0	0	150M100I	9695acecaba71cc9fc1458080b07d1fa	574414
L	152181	250	*	*	*	*	*	814860	*
H	152181	150	100.0	+	0	0	150M100I	9695acecaba71cc9fc1458080b07d1fa	814860
L	35066	250	*	*	*	*	*	521877	*
H	35066	150	98.7	+	0	0	150M100I	74c5523929f4d53f7928f15bc7751994	521877
L	147688	250	*	*	*	*	*	3552067	*
H	147688	150	98.7	+	0	0	150M100I	74c5523929f4d53f7928f15bc7751994	3552067
L	166271	250	*	*	*	*	*	4323264	*
H	166271	150	99.3	+	0	0	150M100I	74c5523929f4d53f7928f15bc7751994	4323264
L	36203	250	*	*	*	*	*	516753	*
H	36203	150	100.0	+	0	0	150M100I	9ac5fec396208e598ab2e2d26985d0df	516753
L	127526	250	*	*	*	*	*	842528	*
H	127526	150	100.0	+	0	0	150M100I	9ac5fec396208e598ab2e2d26985d0df	842528
L	108016	250	*	*	*	*	*	41300	*
H	108016	150	100.0	+	0	0	150M100I	9ac5fec396208e598ab2e2d26985d0df	41300
L	123310	250	*	*	*	*	*	2113948	*
H	123310	150	97.3	+	0	0	150M100I	cf9db0eeccfeb6b3011ceb8d59a95fc3	2113948
L	102325	250	*	*	*	*	*	104069	*
H	102325	150	97.3	+	0	0	150M100I	cf9db0eeccfeb6b3011ceb8d59a95fc3	104069
L	155252	250	*	*	*	*	*	701620	*
H	155252	150	97.3	+	0	0	150M100I	cf9db0eeccfeb6b3011ceb8d59a95fc3	701620
H	198123	150	100.0	+	0	0	150M100I	1c86153e1b13ab5322c96f2602b73513	840006
H	198854	150	100.0	+	0	0	150M100I	1c86153e1b13ab5322c96f2602b73513	470690
H	200573	150	98.0	+	0	0	150M100I	1c86153e1b13ab5322c96f2602b73513	29783
N	*	150	*	*	*	*	*	659fdb1b7d76daa3b50c79827fdb6071	*
N	*	150	*	*	*	*	*	39c9cc12af30a7523440042ce4e8e44e	*
H	16936	150	99.3	+	0	0	150M100I	b5c29845760062f77e45e52ae862c148	609022
H	110840	150	99.3	+	0	0	150M100I	b5c29845760062f77e45e52ae862c148	10952
H	174987	150	98.0	+	0	0	150M100I	b5c29845760062f77e45e52ae862c148	4367894
L	88320	250	*	*	*	*	*	176209	*
H	88320	150	100.0	+	0	0	150M100I	ac5402de1ddf427ab8d2b0a8a0a44f19	176209
L	88727	250	*	*	*	*	*	174945	*
H	88727	150	99.3	+	0	0	150M100I	ac5402de1ddf427ab8d2b0a8a0a44f19	174945
L	89012	250	*	*	*	*	*	174141	*
H	89012	150	100.0	+	0	0	150M100I	ac5402de1ddf427ab8d2b0a8a0a44f19	174141
L	111084	250	*	*	*	*	*	9709	*
H	111084	150	100.0	+	0	0	150M100I	04195686f2b70585790ec75320de0d6f	9709
L	111083	250	*	*	*	*	*	9710	*
H	111083	150	100.0	+	0	0	150M100I	04195686f2b70585790ec75320de0d6f	9710
L	111082	250	*	*	*	*	*	9711	*
H	111082	150	100.0	+	0	0	150M100I	04195686f2b70585790ec75320de0d6f	9711
N	*	150	*	*	*	*	*	079cebadbb19439f15e42f412f3d71db	*
N	*	150	*	*	*	*	*	1e22ec8824bcfcbee632e1935b25b576	*
L	144139	250	*	*	*	*	*	3335289	*
H	144139	150	99.3	+	0	0	150M100I	df76d62e20057f38d77bbd6286d4cdcb	3335289
L	192188	250	*	*	*	*	*	4455163	*
H	192188	150	99.3	+	0	0	150M100I	df76d62e20057f38d77bbd6286d4cdcb	4455163
L	127593	250	*	*	*	*	*	2363722	*
H	127593	150	98.7	+	0	0	150M100I	df76d62e20057f38d77bbd6286d4cdcb	2363722
D	4126	2	*	*	*	*	100.0	987499	*
D	22564	2	*	*	*	*	100.0	573976	*
D	32614	2	*	*	*	*	99.3	532163	*
D	38425	4	*	*	*	*	99.6	507594	*
D	44188	2	*	*	*	*	100.0	356318	*
D	68125	2	*	*	*	*	100.0	260477	*
D	70196	2	*	*	*	*	100.0	252206	*
D	72999	2	*	*	*	*	100.0	240864	*
D	76671	2	*	*	*	*	100.0	222182	*
D	85609	2	*	*	*	*	100.0	184558	*
D	86469	2	*	*	*	*	100.0	181975	*
D	89012	2	*	*	*	*	100.0	174141	*
D	98951	2	*	*	*	*	100.0	128604	*
D	103899	2	*	*	*	*	99.3	95320	*
D	108016	2	*	*	*	*	100.0	41300	*
D	110840	3	*	*	*	*	99.7	10952	*
D	111024	2	*	*	*	*	100.0	10002	*
D	111082	2	*	*	*	*	100.0	9711	*
D	113418	2	*	*	*	*	100.0	1550056	*
D	130459	2	*	*	*	*	98.0	746873	*
D	152181	2	*	*	*	*	100.0	814860	*
D	155252	2	*	*	*	*	97.3	701620	*
D	157990	2	*	*	*	*	97.3	1068973	*
D	161380	2	*	*	*	*	100.0	4300042	*
D	163661	2	*	*	*	*	100.0	4310777	*
D	164584	2	*	*	*	*	99.3	4315069	*
D	166271	2	*	*	*	*	99.3	4323264	*
D	166988	2	*	*	*	*	100.0	4326794	*
D	170098	2	*	*	*	*	99.3	4342421	*
D	171709	2	*	*	*	*	100.0	4350748	*
D	179233	3	*	*	*	*	99.7	4389529	*
D	184457	2	*	*	*	*	100.0	4416186	*
D	192188	2	*	*	*	*	99.3	4455163	*
D	195608	2	*	*	*	*	100.0	4472262	*
D	198854	4	*	*	*	*	99.6	470690	*
