UclustConsensusTaxonAssigner parameters:
id_to_taxonomy_filepath:/Users/nbokulich/Desktop/projects/short-read-tax-assignment/data/novel-taxa-simulations/F1-REF-L5-iter0/ref_taxa.tsv
id_to_taxonomy_fp:/Users/nbokulich/Desktop/projects/short-read-tax-assignment/data/novel-taxa-simulations/F1-REF-L5-iter0/ref_taxa.tsv
max_accepts:1
min_consensus_fraction:1.0
reference_sequences_fp:/Users/nbokulich/Desktop/projects/short-read-tax-assignment/data/novel-taxa-simulations/F1-REF-L5-iter0/ref_seqs.fasta
similarity:0.9
unassignable_label:Unassigned
Result path: /var/folders/0t/l1dz88p50y91vx_22fx5w3780000gn/T/assign-taxwsfyEZ

.uc file contents:

# uclust --input /Users/nbokulich/Desktop/projects/short-read-tax-assignment/data/novel-taxa-simulations/F1-REF-L5-iter0/query.fasta --id 0.9 --rev --maxaccepts 1 --allhits --libonly --lib /Users/nbokulich/Desktop/projects/short-read-tax-assignment/data/novel-taxa-simulations/F1-REF-L5-iter0/ref_seqs.fasta --uc /var/folders/0t/l1dz88p50y91vx_22fx5w3780000gn/T/UclustConsensusTaxonAssigner_QjEVp4.uc
# version=1.2.22
# Tab-separated fields:
# 1=Type, 2=ClusterNr, 3=SeqLength or ClusterSize, 4=PctId, 5=Strand, 6=QueryStart, 7=SeedStart, 8=Alignment, 9=QueryLabel, 10=TargetLabel
# Record types (field 1): L=LibSeed, S=NewSeed, H=Hit, R=Reject, D=LibCluster, C=NewCluster, N=NoHit
# For C and D types, PctId is average id with seed.
# QueryStart and SeedStart are zero-based relative to start of sequence.
# If minus strand, SeedStart is relative to reverse-complemented seed.
N	*	250	*	*	*	*	*	SH076443.07FU_FJ362291_reps	*
N	*	141	*	*	*	*	*	SH076456.07FU_GQ927301_reps	*
N	*	250	*	*	*	*	*	SH076464.07FU_AM882971_refs	*
N	*	250	*	*	*	*	*	SH076517.07FU_JF519305_reps	*
L	8	250	*	*	*	*	*	SH076641.07FU_KC965275_reps	*
H	8	194	94.3	+	0	0	10I26MI19MD148M46I	SH076631.07FU_DQ914672_reps	SH076641.07FU_KC965275_reps
N	*	117	*	*	*	*	*	SH076715.07FU_JN053490_reps	*
N	*	250	*	*	*	*	*	SH076743.07FU_FJ861983_reps	*
L	5892	181	*	*	*	*	*	SH076781.07FU_JF770451_refs	*
H	5892	181	96.1	+	0	0	181M	SH076782.07FU_EF600956_reps	SH076781.07FU_JF770451_refs
N	*	136	*	*	*	*	*	SH083584.07FU_UDB007624_reps	*
N	*	210	*	*	*	*	*	SH077302.07FU_AB011514_refs	*
N	*	233	*	*	*	*	*	SH077327.07FU_AY243613_reps	*
N	*	182	*	*	*	*	*	SH077407.07FU_UDB019776_reps	*
N	*	222	*	*	*	*	*	SH077429.07FU_JQ782549_reps	*
L	123	250	*	*	*	*	*	SH077565.07FU_JQ279518_refs	*
H	123	163	92.0	+	0	0	110M4D49M91I	SH077443.07FU_JQ279592_reps	SH077565.07FU_JQ279518_refs
N	*	250	*	*	*	*	*	SH077595.07FU_JX429224_refs	*
N	*	250	*	*	*	*	*	SH077637.07FU_KJ410695_reps	*
L	124	250	*	*	*	*	*	SH077631.07FU_KC176297_reps	*
H	124	130	90.0	+	0	0	108I15MD22MI92M12I	SH077638.07FU_FJ154771_reps	SH077631.07FU_KC176297_reps
N	*	250	*	*	*	*	*	SH077734.07FU_JQ723109_refs	*
L	3209	250	*	*	*	*	*	SH117507.07FU_JN615481_reps	*
H	3209	136	91.2	+	0	0	74MD61M115I	SH077750.07FU_HM484548_refs	SH117507.07FU_JN615481_reps
N	*	152	*	*	*	*	*	SH077864.07FU_JX669806_reps	*
N	*	230	*	*	*	*	*	SH077873.07FU_JN205814_refs	*
L	168	250	*	*	*	*	*	SH077937.07FU_KP192562_reps	*
H	168	250	94.4	+	0	0	I109MD58MI31MI49M2D	SH077930.07FU_AF357055_reps	SH077937.07FU_KP192562_reps
L	175	250	*	*	*	*	*	SH077991.07FU_AY176408_refs	*
H	175	121	90.1	+	0	0	26M5D52MI38M133I	SH077994.07FU_JX259086_reps	SH077991.07FU_AY176408_refs
N	*	250	*	*	*	*	*	SH078065.07FU_JN417525_reps	*
N	*	184	*	*	*	*	*	SH078623.07FU_KF528010_reps	*
N	*	221	*	*	*	*	*	SH078630.07FU_FJ515182_reps	*
N	*	250	*	*	*	*	*	SH078707.07FU_KC571741_reps	*
N	*	250	*	*	*	*	*	SH078718.07FU_AY661686_reps	*
N	*	250	*	*	*	*	*	SH079095.07FU_KC855224_reps	*
N	*	206	*	*	*	*	*	SH079152.07FU_UDB011511_refs	*
L	4655	198	*	*	*	*	*	SH127901.07FU_EF679363_refs	*
H	4655	191	95.8	+	0	0	6I17MI174M	SH079312.07FU_EF679384_refs	SH127901.07FU_EF679363_refs
N	*	207	*	*	*	*	*	SH079380.07FU_DQ340336_reps	*
N	*	191	*	*	*	*	*	SH079450.07FU_KF290489_reps	*
N	*	250	*	*	*	*	*	SH079464.07FU_HQ876042_refs	*
N	*	178	*	*	*	*	*	SH079479.07FU_KC411989_reps	*
L	1509	121	*	*	*	*	*	SH094987.07FU_JX414211_reps	*
H	1509	250	97.5	+	0	0	121M129D	SH079524.07FU_EU543196_refs	SH094987.07FU_JX414211_reps
N	*	223	*	*	*	*	*	SH079550.07FU_UDB017900_refs	*
N	*	250	*	*	*	*	*	SH079624.07FU_UDB019639_refs	*
L	45	177	*	*	*	*	*	SH077025.07FU_AJ884639_reps	*
H	45	224	94.4	+	0	0	177M47D	SH079634.07FU_DQ311086_reps	SH077025.07FU_AJ884639_reps
N	*	250	*	*	*	*	*	SH079696.07FU_EF420151_refs	*
L	3954	184	*	*	*	*	*	SH130980.07FU_KJ524541_reps	*
H	3954	250	90.8	+	0	0	168MI15M67D	SH079746.07FU_AF215649_refs	SH130980.07FU_KJ524541_reps
N	*	250	*	*	*	*	*	SH079756.07FU_AY263429_refs	*
L	5264	222	*	*	*	*	*	SH130966.07FU_HQ714754_refs	*
H	5264	215	95.8	+	0	0	195M3I20M4I	SH079765.07FU_AJ585437_refs	SH130966.07FU_HQ714754_refs
N	*	250	*	*	*	*	*	SH080000.07FU_KF958047_refs	*
L	4592	225	*	*	*	*	*	SH136342.07FU_GU910546_reps	*
H	4592	224	98.7	+	0	0	196MI28M	SH080036.07FU_EF175546_reps	SH136342.07FU_GU910546_reps
N	*	125	*	*	*	*	*	SH080104.07FU_HQ022035_reps	*
N	*	250	*	*	*	*	*	SH080112.07FU_UDB011417_refs	*
L	5800	157	*	*	*	*	*	SH130892.07FU_JN541224_reps	*
H	5800	157	100.0	+	0	0	157M	SH080181.07FU_FJ492144_reps	SH130892.07FU_JN541224_reps
N	*	250	*	*	*	*	*	SH080228.07FU_KC595953_refs	*
N	*	250	*	*	*	*	*	SH080277.07FU_AF444519_refs	*
L	325	182	*	*	*	*	*	SH080282.07FU_KC171350_refs	*
H	325	250	96.2	+	0	0	5D82M2D100M61D	SH080287.07FU_UDB011457_refs	SH080282.07FU_KC171350_refs
L	328	85	*	*	*	*	*	SH080305.07FU_Z80877_reps	*
H	328	85	100.0	+	0	0	85M	SH080295.07FU_Z80888_reps	SH080305.07FU_Z80877_reps
L	3067	250	*	*	*	*	*	SH116144.07FU_HM123294_refs	*
H	3067	88	90.9	+	0	0	33M3I10MI45M158I	SH080455.07FU_DQ322164_reps	SH116144.07FU_HM123294_refs
L	348	250	*	*	*	*	*	SH083621.07FU_EF409726_reps	*
H	348	250	97.2	+	0	0	250M	SH083615.07FU_AF139956_reps	SH083621.07FU_EF409726_reps
N	*	250	*	*	*	*	*	SH080614.07FU_EF192106_refs	*
L	5788	236	*	*	*	*	*	SH129385.07FU_UDB016485_reps	*
H	5788	233	90.1	+	0	0	49MI51MI19MI114M	SH080833.07FU_UDB003327_refs	SH129385.07FU_UDB016485_reps
N	*	250	*	*	*	*	*	SH081457.07FU_KC184442_refs	*
N	*	128	*	*	*	*	*	SH081702.07FU_AY624191_refs	*
L	420	175	*	*	*	*	*	SH081747.07FU_JN206059_refs	*
H	420	174	98.9	+	0	0	22MI152M	SH081753.07FU_JN206056_refs	SH081747.07FU_JN206059_refs
L	4079	177	*	*	*	*	*	SH129414.07FU_AY394705_reps	*
H	4079	184	91.0	+	0	0	152M2D25M5D	SH081804.07FU_EU543434_reps	SH129414.07FU_AY394705_reps
N	*	250	*	*	*	*	*	SH081920.07FU_KF468712_refs	*
L	1298	112	*	*	*	*	*	SH092540.07FU_JX242863_refs	*
H	1298	112	98.2	+	0	0	112M	SH082045.07FU_KC867343_reps	SH092540.07FU_JX242863_refs
N	*	250	*	*	*	*	*	SH089853.07FU_DQ900583_reps	*
L	471	250	*	*	*	*	*	SH082177.07FU_JQ700272_refs	*
H	471	137	95.6	+	0	0	63MD25MI48M113I	SH082163.07FU_DQ491418_reps	SH082177.07FU_JQ700272_refs
N	*	250	*	*	*	*	*	SH082213.07FU_JQ409483_refs	*
L	5834	220	*	*	*	*	*	SH133604.07FU_KJ461901_reps	*
H	5834	208	95.2	+	0	0	111MD38M9I40M4I18M	SH082580.07FU_JX504136_reps	SH133604.07FU_KJ461901_reps
L	2953	250	*	*	*	*	*	SH118131.07FU_AY251415_reps	*
H	2953	250	97.2	+	0	0	241M2I7M2D	SH082676.07FU_EU788027_refs	SH118131.07FU_AY251415_reps
L	2932	250	*	*	*	*	*	SH118060.07FU_AF451789_reps	*
H	2932	250	98.8	+	0	0	177MD63MI9M	SH082644.07FU_JQ813743_reps	SH118060.07FU_AF451789_reps
N	*	158	*	*	*	*	*	SH082748.07FU_GU992327_reps	*
N	*	219	*	*	*	*	*	SH082982.07FU_UDB018160_refs	*
N	*	250	*	*	*	*	*	SH083052.07FU_UDB015480_refs	*
L	3640	164	*	*	*	*	*	SH123274.07FU_UDB004180_reps	*
H	3640	250	95.1	+	0	0	164M86D	SH083745.07FU_EU686862_reps	SH123274.07FU_UDB004180_reps
N	*	193	*	*	*	*	*	SH083920.07FU_AB193713_reps	*
L	1322	220	*	*	*	*	*	SH092862.07FU_JF495176_reps	*
H	1322	250	90.9	+	0	0	172M16D48M14D	SH083997.07FU_KF819809_refs	SH092862.07FU_JF495176_reps
N	*	97	*	*	*	*	*	SH084154.07FU_FR819715_reps	*
N	*	198	*	*	*	*	*	SH084173.07FU_JF937043_reps	*
N	*	111	*	*	*	*	*	SH084338.07FU_DQ907937_reps	*
L	5152	170	*	*	*	*	*	SH549481.07FU_LC001725_reps	*
H	5152	80	97.5	+	0	0	80M90I	SH084394.07FU_JN942968_reps	SH549481.07FU_LC001725_reps
N	*	199	*	*	*	*	*	SH084453.07FU_GQ370379_reps	*
L	654	250	*	*	*	*	*	SH084499.07FU_FR750018_refs	*
H	654	250	96.8	+	0	0	82M2D166M2I	SH084497.07FU_HE962444_reps	SH084499.07FU_FR750018_refs
L	1102	211	*	*	*	*	*	SH090505.07FU_KC456279_reps	*
H	1102	209	93.8	+	0	0	59MI106MI44M	SH084689.07FU_JF431295_refs	SH090505.07FU_KC456279_reps
N	*	80	*	*	*	*	*	SH084813.07FU_AY041177_reps	*
N	*	250	*	*	*	*	*	SH085175.07FU_AF377104_reps	*
L	4090	250	*	*	*	*	*	SH129481.07FU_JN104518_reps	*
H	4090	250	90.4	+	0	0	160M3D21MI66M2I	SH085281.07FU_JF433037_refs	SH129481.07FU_JN104518_reps
N	*	248	*	*	*	*	*	SH085286.07FU_JF832660_reps	*
N	*	250	*	*	*	*	*	SH085304.07FU_JQ619171_refs	*
N	*	208	*	*	*	*	*	SH085404.07FU_HQ657313_reps	*
L	1922	192	*	*	*	*	*	SH100464.07FU_KF730830_reps	*
H	1922	197	90.6	+	0	0	2D16MD30M2D146M	SH085483.07FU_FJ480136_reps	SH100464.07FU_KF730830_reps
N	*	250	*	*	*	*	*	SH085564.07FU_AF444469_refs	*
N	*	152	*	*	*	*	*	SH086064.07FU_KF060278_reps	*
N	*	250	*	*	*	*	*	SH086124.07FU_KC582003_reps	*
L	4080	250	*	*	*	*	*	SH129427.07FU_EU935501_reps	*
H	4080	250	91.6	+	0	0	165M2D29MI54MI	SH086303.07FU_FJ167659_refs	SH129427.07FU_EU935501_reps
N	*	250	*	*	*	*	*	SH086365.07FU_UDB018214_reps	*
N	*	250	*	*	*	*	*	SH089890.07FU_KF528030_reps	*
N	*	235	*	*	*	*	*	SH086553.07FU_AJ419183_reps	*
N	*	250	*	*	*	*	*	SH086590.07FU_AF033438_refs	*
L	828	250	*	*	*	*	*	SH086670.07FU_AF454080_reps	*
H	828	250	90.0	+	0	0	82M2I17MI47MI25M2I73M6D	SH086607.07FU_GU092950_refs	SH086670.07FU_AF454080_reps
L	3753	235	*	*	*	*	*	SH125706.07FU_UDB015491_refs	*
H	3753	172	92.4	+	0	0	4MD98MI14M2I11M2I25MI19M58I	SH089916.07FU_UDB015395_refs	SH125706.07FU_UDB015491_refs
L	4451	250	*	*	*	*	*	SH134124.07FU_HQ714696_refs	*
H	4451	250	90.0	+	0	0	I6MI16MI22MD51M2I150M4D	SH086842.07FU_HQ714794_refs	SH134124.07FU_HQ714696_refs
N	*	250	*	*	*	*	*	SH086957.07FU_EU669376_reps	*
N	*	250	*	*	*	*	*	SH087135.07FU_JF300141_reps	*
L	877	91	*	*	*	*	*	SH087262.07FU_JQ757879_reps	*
H	877	94	95.6	+	0	0	35MD17M2D39M	SH087179.07FU_DQ092527_reps	SH087262.07FU_JQ757879_reps
N	*	209	*	*	*	*	*	SH087276.07FU_GU903283_reps	*
N	*	250	*	*	*	*	*	SH087690.07FU_EU623640_reps	*
N	*	250	*	*	*	*	*	SH087692.07FU_JQ031775_reps	*
N	*	196	*	*	*	*	*	SH087754.07FU_HM005161_refs	*
N	*	250	*	*	*	*	*	SH087789.07FU_EF052277_reps	*
N	*	250	*	*	*	*	*	SH104854.07FU_AY049126_reps	*
N	*	250	*	*	*	*	*	SH087877.07FU_HM005072_reps	*
N	*	250	*	*	*	*	*	SH087947.07FU_EF568083_refs	*
N	*	250	*	*	*	*	*	SH088182.07FU_FN556436_refs	*
N	*	250	*	*	*	*	*	SH088231.07FU_KF530561_refs	*
N	*	250	*	*	*	*	*	SH088247.07FU_AF062933_refs	*
L	967	187	*	*	*	*	*	SH088415.07FU_KJ463525_reps	*
H	967	185	92.4	+	0	0	8I14MD15M2D6M2D50MI17MD35MD41M	SH088414.07FU_EU885415_refs	SH088415.07FU_KJ463525_reps
N	*	250	*	*	*	*	*	SH088546.07FU_AY213590_reps	*
N	*	250	*	*	*	*	*	SH088561.07FU_JX974790_reps	*
N	*	99	*	*	*	*	*	SH088795.07FU_GQ203757_reps	*
L	1017	198	*	*	*	*	*	SH089131.07FU_KC834056_refs	*
H	1017	193	96.9	+	0	0	5I193M	SH089128.07FU_GQ411266_refs	SH089131.07FU_KC834056_refs
N	*	250	*	*	*	*	*	SH089213.07FU_JQ518279_reps	*
N	*	250	*	*	*	*	*	SH089720.07FU_DQ309116_reps	*
L	3587	129	*	*	*	*	*	SH122611.07FU_UDB006043_refs	*
H	3587	217	100.0	+	0	0	88D129M	SH089749.07FU_KJ808713_reps	SH122611.07FU_UDB006043_refs
L	3033	175	*	*	*	*	*	SH118407.07FU_HE608888_reps	*
H	3033	250	92.0	-	0	0	10I154MD11M84D	SH089734.07FU_KF747249_reps	SH118407.07FU_HE608888_reps
N	*	250	*	*	*	*	*	SH089964.07FU_EF434000_reps	*
L	3169	184	*	*	*	*	*	SH117092.07FU_EF127878_reps	*
H	3169	183	96.7	+	0	0	10MI173M	SH091892.07FU_KF734672_reps	SH117092.07FU_EF127878_reps
H	3169	181	94.5	+	0	0	3I181M	SH091907.07FU_GU128543_reps	SH117092.07FU_EF127878_reps
L	1061	250	*	*	*	*	*	SH090036.07FU_EU118655_refs	*
H	1061	250	94.8	+	0	0	2I116M2I25MI17M3D87M2D	SH090041.07FU_L43378_reps	SH090036.07FU_EU118655_refs
L	1759	201	*	*	*	*	*	SH098138.07FU_EF535175_reps	*
H	1759	250	96.0	+	0	0	185M3D16M46D	SH090269.07FU_DQ374125_reps	SH098138.07FU_EF535175_reps
L	1112	173	*	*	*	*	*	SH090837.07FU_JN114421_reps	*
H	1112	170	94.1	+	0	0	38MD27M4I104M	SH090838.07FU_EF635906_refs	SH090837.07FU_JN114421_reps
N	*	90	*	*	*	*	*	SH091010.07FU_GU180628_reps	*
N	*	250	*	*	*	*	*	SH091017.07FU_AY219392_reps	*
L	1146	220	*	*	*	*	*	SH091125.07FU_EU913713_refs	*
H	1146	250	93.2	+	0	0	10D75MI11M13D9M4D26MI97M5D	SH091121.07FU_DQ268609_reps	SH091125.07FU_EU913713_refs
L	2192	250	*	*	*	*	*	SH103503.07FU_JQ922240_reps	*
H	2192	213	93.4	+	0	0	213M37I	SH091221.07FU_AB440115_reps	SH103503.07FU_JQ922240_reps
N	*	250	*	*	*	*	*	SH091362.07FU_AJ535303_refs	*
N	*	250	*	*	*	*	*	SH091384.07FU_AY699647_reps	*
N	*	250	*	*	*	*	*	SH091743.07FU_AB475118_refs	*
N	*	250	*	*	*	*	*	SH091775.07FU_AB454370_refs	*
N	*	80	*	*	*	*	*	SH092053.07FU_AY513569_reps	*
L	1270	134	*	*	*	*	*	SH092156.07FU_HQ533816_refs	*
H	1270	127	92.9	+	0	0	7I127M	SH092169.07FU_GQ411306_refs	SH092156.07FU_HQ533816_refs
L	1271	250	*	*	*	*	*	SH092155.07FU_AB434661_refs	*
H	1271	99	90.9	+	0	0	99M151I	SH092160.07FU_AJ305235_refs	SH092155.07FU_AB434661_refs
N	*	250	*	*	*	*	*	SH092164.07FU_JF449498_reps	*
L	1289	133	*	*	*	*	*	SH092387.07FU_EF467438_reps	*
H	1289	109	92.7	+	0	0	2I6MI15M2I32M19I56M	SH092362.07FU_JN198395_reps	SH092387.07FU_EF467438_reps
H	1289	128	93.8	+	0	0	3I21M2I107M	SH092373.07FU_KC771518_reps	SH092387.07FU_EF467438_reps
N	*	229	*	*	*	*	*	SH092670.07FU_EU069498_reps	*
L	1336	201	*	*	*	*	*	SH093038.07FU_AJ888389_refs	*
H	1336	205	93.5	+	0	0	5I11MD73M4D12M4D100M	SH093035.07FU_AJ888414_refs	SH093038.07FU_AJ888389_refs
N	*	250	*	*	*	*	*	SH093342.07FU_JX124705_reps	*
N	*	123	*	*	*	*	*	SH093350.07FU_AJ519795_reps	*
L	1358	235	*	*	*	*	*	SH093356.07FU_AB512337_reps	*
H	1358	230	94.3	+	0	0	3I120M2I110M	SH093351.07FU_FJ596921_reps	SH093356.07FU_AB512337_reps
L	1412	212	*	*	*	*	*	SH093792.07FU_KF310896_reps	*
H	1412	115	96.5	+	0	0	101I33M4D78M	SH093810.07FU_AY259054_reps	SH093792.07FU_KF310896_reps
N	*	208	*	*	*	*	*	SH093863.07FU_HQ022070_reps	*
N	*	250	*	*	*	*	*	SH093938.07FU_EU707865_refs	*
L	1439	250	*	*	*	*	*	SH094039.07FU_JF894113_reps	*
H	1439	128	94.5	+	0	0	102I23MI105M19I	SH094032.07FU_KC867376_reps	SH094039.07FU_JF894113_reps
N	*	176	*	*	*	*	*	SH094108.07FU_GQ241738_reps	*
N	*	157	*	*	*	*	*	SH094265.07FU_UDB011616_refs	*
L	5515	250	*	*	*	*	*	SH094945.07FU_KC176330_reps	*
H	5515	132	91.7	+	0	0	8I132M110I	SH094921.07FU_KJ509191_refs	SH094945.07FU_KC176330_reps
N	*	250	*	*	*	*	*	SH095052.07FU_DQ396894_reps	*
N	*	250	*	*	*	*	*	SH095252.07FU_GQ927288_reps	*
L	4874	204	*	*	*	*	*	SH539693.07FU_LN997672_reps	*
H	4874	250	92.2	+	0	0	71MD74MD14M4D17MI12M5D15M36D	SH095277.07FU_GU017733_refs	SH539693.07FU_LN997672_reps
N	*	95	*	*	*	*	*	SH099324.07FU_EF641860_reps	*
N	*	220	*	*	*	*	*	SH099325.07FU_GU934498_reps	*
N	*	250	*	*	*	*	*	SH095993.07FU_EU014071_reps	*
N	*	126	*	*	*	*	*	SH096062.07FU_HM448802_reps	*
N	*	250	*	*	*	*	*	SH096095.07FU_AY004792_reps	*
N	*	179	*	*	*	*	*	SH096124.07FU_FJ839618_refs	*
N	*	153	*	*	*	*	*	SH096252.07FU_GU065530_reps	*
N	*	237	*	*	*	*	*	SH096290.07FU_AB054021_refs	*
L	5696	112	*	*	*	*	*	SH118394.07FU_JQ038908_reps	*
H	5696	112	100.0	+	0	0	112M	SH096390.07FU_JQ716931_refs	SH118394.07FU_JQ038908_reps
N	*	250	*	*	*	*	*	SH096485.07FU_UDB011816_refs	*
L	1595	99	*	*	*	*	*	SH096517.07FU_JN206229_refs	*
H	1595	99	93.9	+	0	0	99M	SH096516.07FU_JN206233_refs	SH096517.07FU_JN206229_refs
N	*	184	*	*	*	*	*	SH099429.07FU_AY251068_reps	*
N	*	250	*	*	*	*	*	SH099507.07FU_AJ271563_reps	*
N	*	176	*	*	*	*	*	SH097122.07FU_JN206027_refs	*
L	1686	192	*	*	*	*	*	SH099517.07FU_GQ922535_reps	*
H	1686	131	90.1	+	0	0	46MD84M62I	SH099516.07FU_GQ922520_reps	SH099517.07FU_GQ922535_reps
N	*	250	*	*	*	*	*	SH099545.07FU_KF617911_reps	*
N	*	250	*	*	*	*	*	SH099548.07FU_EU118659_refs	*
N	*	202	*	*	*	*	*	SH097409.07FU_AY429667_refs	*
H	3954	178	93.8	+	0	0	178M6I	SH097426.07FU_KF208450_refs	SH130980.07FU_KJ524541_reps
N	*	250	*	*	*	*	*	SH097443.07FU_EU045426_reps	*
N	*	89	*	*	*	*	*	SH097494.07FU_HM135647_reps	*
N	*	212	*	*	*	*	*	SH097725.07FU_AF525674_reps	*
N	*	250	*	*	*	*	*	SH104887.07FU_KF061284_refs	*
N	*	249	*	*	*	*	*	SH097739.07FU_JN205830_reps	*
N	*	250	*	*	*	*	*	SH097748.07FU_KJ701326_reps	*
N	*	222	*	*	*	*	*	SH097990.07FU_JQ797550_reps	*
L	1758	201	*	*	*	*	*	SH098148.07FU_EF535212_reps	*
H	1758	203	95.5	+	0	0	179M2D22M	SH098140.07FU_EF535217_reps	SH098148.07FU_EF535212_reps
L	5935	91	*	*	*	*	*	SH098777.07FU_FJ427066_refs	*
H	5935	92	93.4	+	0	0	53MD38M	SH098788.07FU_JF740181_reps	SH098777.07FU_FJ427066_refs
N	*	244	*	*	*	*	*	SH098863.07FU_UDB011145_refs	*
N	*	207	*	*	*	*	*	SH099028.07FU_AY046191_refs	*
L	1834	250	*	*	*	*	*	SH099058.07FU_KJ706682_reps	*
H	1834	250	97.2	+	0	0	250M	SH099056.07FU_AF444550_refs	SH099058.07FU_KJ706682_reps
N	*	85	*	*	*	*	*	SH099091.07FU_KF360395_refs	*
L	4449	189	*	*	*	*	*	SH134101.07FU_KF646816_reps	*
H	4449	250	90.5	+	0	0	69D181M8I	SH100046.07FU_JX476029_reps	SH134101.07FU_KF646816_reps
N	*	210	*	*	*	*	*	SH100119.07FU_HM046909_reps	*
N	*	219	*	*	*	*	*	SH100142.07FU_EU139143_reps	*
N	*	250	*	*	*	*	*	SH100373.07FU_JN813414_reps	*
N	*	123	*	*	*	*	*	SH100440.07FU_LM652484_refs	*
N	*	225	*	*	*	*	*	SH100505.07FU_FJ380942_reps	*
L	2205	128	*	*	*	*	*	SH103577.07FU_L07133_reps	*
H	2205	132	100.0	+	0	0	92M4D36M	SH100534.07FU_AF176265_refs	SH103577.07FU_L07133_reps
N	*	250	*	*	*	*	*	SH100540.07FU_JQ724389_reps	*
N	*	250	*	*	*	*	*	SH100671.07FU_KF017374_reps	*
N	*	101	*	*	*	*	*	SH100681.07FU_AF451743_reps	*
N	*	171	*	*	*	*	*	SH100907.07FU_EU681310_reps	*
N	*	248	*	*	*	*	*	SH101004.07FU_HM991734_refs	*
N	*	250	*	*	*	*	*	SH101045.07FU_HM123694_reps	*
N	*	215	*	*	*	*	*	SH101147.07FU_HM214540_reps	*
N	*	250	*	*	*	*	*	SH101271.07FU_HM123158_reps	*
N	*	212	*	*	*	*	*	SH101286.07FU_HQ406818_refs	*
N	*	250	*	*	*	*	*	SH101480.07FU_EF029193_reps	*
N	*	250	*	*	*	*	*	SH101764.07FU_AB498940_refs	*
L	2915	133	*	*	*	*	*	SH114311.07FU_AY606305_reps	*
H	2915	133	100.0	+	0	0	133M	SH101760.07FU_DQ008233_reps	SH114311.07FU_AY606305_reps
N	*	250	*	*	*	*	*	SH110192.07FU_JN016712_refs	*
L	2048	250	*	*	*	*	*	SH102049.07FU_EF505783_reps	*
H	2048	175	92.0	+	0	0	8MD17MI63MI23MI8MI24MD30M73I	SH102037.07FU_AF444292_refs	SH102049.07FU_EF505783_reps
N	*	250	*	*	*	*	*	SH126684.07FU_KF296986_reps	*
N	*	163	*	*	*	*	*	SH102235.07FU_JN206193_refs	*
L	2059	250	*	*	*	*	*	SH102258.07FU_AF054846_refs	*
H	2059	250	97.2	+	0	0	57MD95M2D95M3I	SH102259.07FU_AF054854_refs	SH102258.07FU_AF054846_refs
N	*	205	*	*	*	*	*	SH102684.07FU_HQ871786_reps	*
L	2084	213	*	*	*	*	*	SH102898.07FU_AY343381_refs	*
H	2084	214	97.7	+	0	0	4D101M3I109M	SH102913.07FU_AY744376_reps	SH102898.07FU_AY343381_refs
L	2113	170	*	*	*	*	*	SH104975.07FU_AB506977_reps	*
H	2113	112	100.0	+	0	0	112M58I	SH104955.07FU_DQ411526_refs	SH104975.07FU_AB506977_reps
L	2124	108	*	*	*	*	*	SH105094.07FU_HQ914131_reps	*
H	2124	112	93.5	+	0	0	11M2D19M2D78M	SH105106.07FU_JX456555_reps	SH105094.07FU_HQ914131_reps
N	*	102	*	*	*	*	*	SH105159.07FU_DQ309069_refs	*
N	*	97	*	*	*	*	*	SH103023.07FU_U70325_reps	*
N	*	221	*	*	*	*	*	SH103031.07FU_EU639639_reps	*
N	*	250	*	*	*	*	*	SH103085.07FU_AY804214_reps	*
L	4499	219	*	*	*	*	*	SH134535.07FU_FJ557237_reps	*
H	4499	209	91.4	+	0	0	154MI34M9I21M	SH103087.07FU_DQ999830_reps	SH134535.07FU_FJ557237_reps
N	*	250	*	*	*	*	*	SH103100.07FU_DQ008237_reps	*
N	*	250	*	*	*	*	*	SH103324.07FU_FN665415_reps	*
L	2180	155	*	*	*	*	*	SH103401.07FU_HQ149687_refs	*
H	2180	162	94.2	+	0	0	8D57M2I57MD39M	SH103396.07FU_EU514291_refs	SH103401.07FU_HQ149687_refs
L	2184	161	*	*	*	*	*	SH103407.07FU_KF286985_reps	*
H	2184	159	92.5	+	0	0	53MI49MI57M	SH103410.07FU_EU041781_reps	SH103407.07FU_KF286985_reps
L	2189	220	*	*	*	*	*	SH103496.07FU_HQ692590_reps	*
H	2189	223	98.6	+	0	0	2D156MD64M	SH103494.07FU_AY684241_reps	SH103496.07FU_HQ692590_reps
N	*	187	*	*	*	*	*	SH103596.07FU_EU449953_reps	*
N	*	194	*	*	*	*	*	SH103597.07FU_GU083077_reps	*
N	*	250	*	*	*	*	*	SH103786.07FU_JN040515_refs	*
L	2166	250	*	*	*	*	*	SH105275.07FU_UDB003344_refs	*
H	2166	80	92.5	+	0	0	8MI15MI57M168I	SH103842.07FU_UDB016380_refs	SH105275.07FU_UDB003344_refs
N	*	148	*	*	*	*	*	SH103849.07FU_FM163189_reps	*
N	*	250	*	*	*	*	*	SH103894.07FU_UDB004123_reps	*
N	*	250	*	*	*	*	*	SH103895.07FU_UDB004120_refs	*
N	*	225	*	*	*	*	*	SH104072.07FU_KF717585_refs	*
N	*	250	*	*	*	*	*	SH104302.07FU_KJ606686_reps	*
N	*	158	*	*	*	*	*	SH104377.07FU_GQ338074_refs	*
L	1148	240	*	*	*	*	*	SH091141.07FU_AM747497_reps	*
H	1148	250	90.0	+	0	0	205M7D35M3D	SH104597.07FU_AJ557325_reps	SH091141.07FU_AM747497_reps
N	*	250	*	*	*	*	*	SH104655.07FU_FN547651_refs	*
N	*	250	*	*	*	*	*	SH105561.07FU_KJ706585_reps	*
N	*	111	*	*	*	*	*	SH105680.07FU_HM450996_refs	*
N	*	250	*	*	*	*	*	SH105700.07FU_HM123570_reps	*
N	*	230	*	*	*	*	*	SH108900.07FU_DQ195780_reps	*
N	*	222	*	*	*	*	*	SH108917.07FU_GU228958_reps	*
N	*	250	*	*	*	*	*	SH105957.07FU_JQ618515_reps	*
L	2348	90	*	*	*	*	*	SH106238.07FU_AY929321_reps	*
H	2348	91	97.8	+	0	0	D90M	SH106241.07FU_DQ278915_refs	SH106238.07FU_AY929321_reps
L	5352	238	*	*	*	*	*	SH538783.07FU_KP217811_refs	*
H	5352	120	91.7	+	0	0	8I108MI12M109I	SH106256.07FU_JF894108_reps	SH538783.07FU_KP217811_refs
N	*	106	*	*	*	*	*	SH106327.07FU_KF569842_reps	*
N	*	231	*	*	*	*	*	SH106444.07FU_EU339123_reps	*
L	2382	100	*	*	*	*	*	SH106478.07FU_FJ005103_reps	*
H	2382	100	99.0	+	0	0	100M	SH106457.07FU_FJ005096_reps	SH106478.07FU_FJ005103_reps
N	*	192	*	*	*	*	*	SH106483.07FU_KF588379_reps	*
N	*	129	*	*	*	*	*	SH106638.07FU_JQ731604_reps	*
L	2395	133	*	*	*	*	*	SH106662.07FU_EU879148_reps	*
H	2395	131	96.9	+	0	0	5M2I126M	SH106655.07FU_JX444634_reps	SH106662.07FU_EU879148_reps
N	*	211	*	*	*	*	*	SH106748.07FU_AF394046_reps	*
N	*	250	*	*	*	*	*	SH106858.07FU_AB361653_reps	*
N	*	176	*	*	*	*	*	SH106904.07FU_UDB015510_refs	*
N	*	250	*	*	*	*	*	SH121355.07FU_AB430819_refs	*
N	*	250	*	*	*	*	*	SH107303.07FU_KF030236_refs	*
N	*	181	*	*	*	*	*	SH107411.07FU_KC775754_reps	*
L	3868	250	*	*	*	*	*	SH130379.07FU_JF908748_refs	*
H	3868	250	93.6	+	0	0	250M	SH107513.07FU_DQ825429_refs	SH130379.07FU_JF908748_refs
N	*	250	*	*	*	*	*	SH107587.07FU_KF264645_reps	*
N	*	250	*	*	*	*	*	SH107812.07FU_KF274644_refs	*
N	*	218	*	*	*	*	*	SH107818.07FU_HE963782_reps	*
N	*	250	*	*	*	*	*	SH107968.07FU_UDB014162_reps	*
N	*	250	*	*	*	*	*	SH108245.07FU_U66008_reps	*
L	2523	250	*	*	*	*	*	SH108540.07FU_EU715654_reps	*
H	2523	185	91.4	+	0	0	I79M15I17M29I89M20I	SH108536.07FU_DQ278922_refs	SH108540.07FU_EU715654_reps
L	5624	184	*	*	*	*	*	SH108597.07FU_AB255288_reps	*
H	5624	229	91.8	+	0	0	5I8MI16M2I57M54D27MI67M	SH108537.07FU_DQ078306_reps	SH108597.07FU_AB255288_reps
N	*	100	*	*	*	*	*	SH109204.07FU_JF499850_refs	*
N	*	100	*	*	*	*	*	SH109290.07FU_DQ911605_reps	*
L	4567	112	*	*	*	*	*	SH135052.07FU_AY304436_refs	*
H	4567	250	91.1	+	0	0	127D54MD58M10D	SH109736.07FU_DQ268582_reps	SH135052.07FU_AY304436_refs
N	*	250	*	*	*	*	*	SH117891.07FU_JX414185_reps	*
N	*	93	*	*	*	*	*	SH113692.07FU_AF444411_refs	*
N	*	189	*	*	*	*	*	SH109860.07FU_GU067645_reps	*
N	*	212	*	*	*	*	*	SH110163.07FU_AB037401_refs	*
N	*	250	*	*	*	*	*	SH110367.07FU_GU174275_reps	*
N	*	208	*	*	*	*	*	SH113788.07FU_UDB008860_reps	*
N	*	98	*	*	*	*	*	SH114016.07FU_AF274085_reps	*
N	*	250	*	*	*	*	*	SH110819.07FU_FJ172294_refs	*
N	*	250	*	*	*	*	*	SH111150.07FU_HF934009_reps	*
N	*	228	*	*	*	*	*	SH111202.07FU_AY513132_reps	*
N	*	250	*	*	*	*	*	SH111220.07FU_DQ490625_refs	*
N	*	247	*	*	*	*	*	SH111307.07FU_JX171181_reps	*
N	*	250	*	*	*	*	*	SH111318.07FU_HM485333_refs	*
N	*	250	*	*	*	*	*	SH111530.07FU_JN649335_reps	*
N	*	250	*	*	*	*	*	SH111729.07FU_KC965575_reps	*
N	*	135	*	*	*	*	*	SH111836.07FU_EF029200_reps	*
L	5241	134	*	*	*	*	*	SH129522.07FU_JF832617_refs	*
H	5241	136	91.0	+	0	0	55MD17MD62M	SH111963.07FU_KP131531_refs	SH129522.07FU_JF832617_refs
N	*	180	*	*	*	*	*	SH112163.07FU_KF467101_reps	*
L	3532	134	*	*	*	*	*	SH121751.07FU_AF210668_reps	*
H	3532	140	90.3	+	0	0	23M6D111M	SH117969.07FU_JN253519_reps	SH121751.07FU_AF210668_reps
N	*	181	*	*	*	*	*	SH112287.07FU_UDB019756_reps	*
N	*	216	*	*	*	*	*	SH112546.07FU_JQ005780_reps	*
N	*	193	*	*	*	*	*	SH112609.07FU_KC732510_reps	*
L	2825	250	*	*	*	*	*	SH112771.07FU_AB524800_refs	*
H	2825	250	90.4	+	0	0	23MI40MD186M	SH112772.07FU_AB524809_refs	SH112771.07FU_AB524800_refs
L	655	250	*	*	*	*	*	SH084495.07FU_FN547563_reps	*
H	655	250	90.0	+	0	0	24M2D7MI10M2D15M3D187M6I	SH112919.07FU_FM876834_refs	SH084495.07FU_FN547563_reps
L	2895	90	*	*	*	*	*	SH114061.07FU_HM439521_reps	*
H	2895	90	90.0	+	0	0	90M	SH114065.07FU_JF740251_reps	SH114061.07FU_HM439521_reps
L	5435	98	*	*	*	*	*	SH084830.07FU_JX669834_refs	*
H	5435	99	98.0	+	0	0	D98M	SH114074.07FU_JX669810_reps	SH084830.07FU_JX669834_refs
N	*	178	*	*	*	*	*	SH114212.07FU_AB712468_reps	*
N	*	250	*	*	*	*	*	SH114229.07FU_DQ826547_refs	*
N	*	104	*	*	*	*	*	SH114235.07FU_AM292670_reps	*
L	2913	217	*	*	*	*	*	SH114294.07FU_AY033087_refs	*
H	2913	109	90.8	+	0	0	108I109M	SH114298.07FU_EU434836_refs	SH114294.07FU_AY033087_refs
H	2913	250	91.2	+	0	0	35M3D20MD162M29D	SH114295.07FU_EU882732_refs	SH114294.07FU_AY033087_refs
N	*	117	*	*	*	*	*	SH118049.07FU_KJ396453_refs	*
N	*	250	*	*	*	*	*	SH118058.07FU_UDB015017_reps	*
L	5565	250	*	*	*	*	*	SH100687.07FU_AY586568_reps	*
H	5565	250	94.4	+	0	0	180MI56M2I11M3D	SH118089.07FU_GU992335_reps	SH100687.07FU_AY586568_reps
L	2926	250	*	*	*	*	*	SH118050.07FU_EF373560_reps	*
H	2926	250	95.2	+	0	0	250M	SH118129.07FU_AF072224_reps	SH118050.07FU_EF373560_reps
L	2949	250	*	*	*	*	*	SH118124.07FU_AF451792_reps	*
H	2949	250	99.6	+	0	0	250M	SH118163.07FU_DQ395292_reps	SH118124.07FU_AF451792_reps
H	2932	250	98.0	+	0	0	250M	SH118164.07FU_JQ361047_reps	SH118060.07FU_AF451789_reps
N	*	250	*	*	*	*	*	SH114877.07FU_LK052835_reps	*
N	*	187	*	*	*	*	*	SH118395.07FU_KF724849_reps	*
N	*	203	*	*	*	*	*	SH115222.07FU_AB847022_reps	*
L	2952	250	*	*	*	*	*	SH118128.07FU_GU994558_reps	*
H	2952	250	91.6	+	0	0	105MI16MI76M3D50MI	SH115385.07FU_GU124738_refs	SH118128.07FU_GU994558_reps
L	2958	250	*	*	*	*	*	SH118162.07FU_FJ005090_reps	*
H	2958	250	97.2	+	0	0	236MI13MD	SH115401.07FU_EU401775_refs	SH118162.07FU_FJ005090_reps
N	*	227	*	*	*	*	*	SH115391.07FU_GU994544_reps	*
N	*	124	*	*	*	*	*	SH118404.07FU_DQ867110_reps	*
L	3023	127	*	*	*	*	*	SH115556.07FU_DQ485653_refs	*
H	3023	127	100.0	+	0	0	127M	SH115558.07FU_DQ485642_refs	SH115556.07FU_DQ485653_refs
N	*	250	*	*	*	*	*	SH115620.07FU_EF524326_reps	*
N	*	250	*	*	*	*	*	SH115643.07FU_KF061264_refs	*
N	*	207	*	*	*	*	*	SH115773.07FU_EU639619_reps	*
N	*	203	*	*	*	*	*	SH115975.07FU_JQ813819_reps	*
N	*	127	*	*	*	*	*	SH116010.07FU_JQ814698_reps	*
N	*	250	*	*	*	*	*	SH118464.07FU_KJ702354_reps	*
N	*	213	*	*	*	*	*	SH118518.07FU_HM156495_refs	*
N	*	130	*	*	*	*	*	SH118640.07FU_GQ981513_refs	*
H	2523	227	90.3	+	0	0	3I136MD29MI61M20I	SH116357.07FU_EF600970_reps	SH108540.07FU_EU715654_reps
L	510	250	*	*	*	*	*	SH082693.07FU_EU520312_reps	*
H	510	250	94.8	+	0	0	187MI62MD	SH116429.07FU_AB051643_refs	SH082693.07FU_EU520312_reps
L	3126	189	*	*	*	*	*	SH116536.07FU_GU269700_reps	*
H	3126	187	97.3	+	0	0	2I187M	SH116502.07FU_KC870049_reps	SH116536.07FU_GU269700_reps
L	3147	250	*	*	*	*	*	SH116582.07FU_GU055644_reps	*
H	3147	179	93.9	+	0	0	36MD142M72I	SH116578.07FU_EF535656_reps	SH116582.07FU_GU055644_reps
N	*	250	*	*	*	*	*	SH116748.07FU_DQ241775_reps	*
N	*	250	*	*	*	*	*	SH116778.07FU_KJ027540_reps	*
N	*	250	*	*	*	*	*	SH116780.07FU_EF110617_reps	*
N	*	250	*	*	*	*	*	SH116864.07FU_AY598606_refs	*
N	*	172	*	*	*	*	*	SH117142.07FU_HQ876041_refs	*
L	3192	104	*	*	*	*	*	SH117309.07FU_EU254999_reps	*
H	3192	105	100.0	+	0	0	35MD69M	SH117267.07FU_DQ313557_reps	SH117309.07FU_EU254999_reps
N	*	250	*	*	*	*	*	SH117380.07FU_EU669208_reps	*
L	3211	250	*	*	*	*	*	SH123859.07FU_AJ504647_reps	*
H	3211	250	90.4	+	0	0	I79MI7M3I122MD37M4D	SH123860.07FU_KF060324_reps	SH123859.07FU_AJ504647_reps
N	*	126	*	*	*	*	*	SH118784.07FU_DQ309066_refs	*
N	*	249	*	*	*	*	*	SH118782.07FU_JN943720_reps	*
N	*	250	*	*	*	*	*	SH118993.07FU_KF291092_refs	*
N	*	250	*	*	*	*	*	SH124149.07FU_AJ439442_refs	*
N	*	139	*	*	*	*	*	SH119515.07FU_HM131823_refs	*
N	*	218	*	*	*	*	*	SH119715.07FU_FJ827731_reps	*
N	*	228	*	*	*	*	*	SH119723.07FU_AY916468_reps	*
N	*	250	*	*	*	*	*	SH119934.07FU_AF543201_reps	*
N	*	126	*	*	*	*	*	SH124536.07FU_EF512470_refs	*
N	*	227	*	*	*	*	*	SH124542.07FU_JX522766_reps	*
L	3193	110	*	*	*	*	*	SH117315.07FU_JQ414249_refs	*
H	3193	121	90.0	+	0	0	6M8D24MD19M2D61M	SH124541.07FU_GU320820_refs	SH117315.07FU_JQ414249_refs
N	*	195	*	*	*	*	*	SH120612.07FU_FN691454_refs	*
H	3033	197	91.4	-	0	0	10I155MD10M31D	SH124626.07FU_JX158419_reps	SH118407.07FU_HE608888_reps
L	3455	138	*	*	*	*	*	SH120789.07FU_FJ713089_reps	*
H	3455	139	97.8	+	0	0	19MD119M	SH120790.07FU_KC485065_reps	SH120789.07FU_FJ713089_reps
N	*	86	*	*	*	*	*	SH120876.07FU_UDB011845_refs	*
N	*	233	*	*	*	*	*	SH120982.07FU_AF332116_reps	*
N	*	221	*	*	*	*	*	SH121165.07FU_AY212818_reps	*
N	*	250	*	*	*	*	*	SH121493.07FU_KF901538_reps	*
L	1745	227	*	*	*	*	*	SH097794.07FU_AF388928_refs	*
H	1745	145	100.0	+	0	0	82I145M	SH121797.07FU_AM262364_reps	SH097794.07FU_AF388928_refs
N	*	188	*	*	*	*	*	SH121848.07FU_KJ573443_refs	*
N	*	200	*	*	*	*	*	SH121942.07FU_JX014300_reps	*
N	*	193	*	*	*	*	*	SH122054.07FU_HE672153_reps	*
N	*	250	*	*	*	*	*	SH122155.07FU_KC966229_reps	*
L	3558	250	*	*	*	*	*	SH122147.07FU_KC179142_refs	*
H	3558	242	94.2	+	0	0	175MD8M2D56M11I	SH122163.07FU_HQ699627_reps	SH122147.07FU_KC179142_refs
N	*	221	*	*	*	*	*	SH122481.07FU_AF332121_reps	*
N	*	250	*	*	*	*	*	SH122605.07FU_AY789410_reps	*
L	3589	174	*	*	*	*	*	SH122652.07FU_FJ919663_refs	*
H	3589	177	91.4	+	0	0	2D76MD98M	SH122646.07FU_DQ103550_refs	SH122652.07FU_FJ919663_refs
N	*	208	*	*	*	*	*	SH122749.07FU_UDB015472_refs	*
N	*	157	*	*	*	*	*	SH122926.07FU_JX119102_reps	*
N	*	250	*	*	*	*	*	SH123503.07FU_GQ922528_reps	*
N	*	250	*	*	*	*	*	SH125003.07FU_EF442002_reps	*
N	*	119	*	*	*	*	*	SH125062.07FU_JN009712_reps	*
N	*	250	*	*	*	*	*	SH125252.07FU_UDB018065_refs	*
N	*	94	*	*	*	*	*	SH125267.07FU_KC354586_reps	*
N	*	250	*	*	*	*	*	SH125290.07FU_UDB016435_refs	*
L	1237	174	*	*	*	*	*	SH091738.07FU_AJ408361_reps	*
H	1237	113	99.1	+	0	0	113M61I	SH125331.07FU_AY969951_reps	SH091738.07FU_AJ408361_reps
N	*	87	*	*	*	*	*	SH130006.07FU_JX644555_reps	*
N	*	149	*	*	*	*	*	SH125751.07FU_GU187534_reps	*
N	*	220	*	*	*	*	*	SH126372.07FU_JF412007_refs	*
N	*	250	*	*	*	*	*	SH126531.07FU_DQ885906_refs	*
L	3833	250	*	*	*	*	*	SH126809.07FU_FJ430714_reps	*
H	3833	250	91.6	+	0	0	151MI98MD	SH126808.07FU_FJ430711_reps	SH126809.07FU_FJ430714_reps
N	*	250	*	*	*	*	*	SH126826.07FU_AY542866_reps	*
N	*	103	*	*	*	*	*	SH126923.07FU_HE610367_refs	*
N	*	102	*	*	*	*	*	SH130179.07FU_KF730808_reps	*
N	*	250	*	*	*	*	*	SH130192.07FU_JN710604_reps	*
L	3862	250	*	*	*	*	*	SH130291.07FU_KC555561_reps	*
H	3862	250	92.4	+	0	0	2I6MI123M2I32MD45M2D39M2D	SH130292.07FU_UDB015509_reps	SH130291.07FU_KC555561_reps
L	3864	250	*	*	*	*	*	SH130356.07FU_UDB019800_reps	*
H	3864	175	91.4	+	0	0	2I8MI30MI73MI35MD28M71I	SH130349.07FU_UDB015372_refs	SH130356.07FU_UDB019800_reps
L	4553	250	*	*	*	*	*	SH134916.07FU_JQ306540_reps	*
H	4553	244	90.2	+	0	0	152M9I16MI16M2I18M4I32M10D	SH127232.07FU_DQ825427_reps	SH134916.07FU_JQ306540_reps
N	*	151	*	*	*	*	*	SH127630.07FU_KF036001_reps	*
N	*	190	*	*	*	*	*	SH128225.07FU_KF013560_reps	*
N	*	250	*	*	*	*	*	SH128577.07FU_JX101649_refs	*
N	*	250	*	*	*	*	*	SH128655.07FU_UDB001578_refs	*
N	*	250	*	*	*	*	*	SH128667.07FU_KF617232_reps	*
N	*	225	*	*	*	*	*	SH128711.07FU_JN033393_reps	*
N	*	175	*	*	*	*	*	SH128779.07FU_GU994541_reps	*
N	*	250	*	*	*	*	*	SH128788.07FU_KC969668_refs	*
N	*	90	*	*	*	*	*	SH129046.07FU_JQ088065_reps	*
N	*	211	*	*	*	*	*	SH129219.07FU_KF264624_reps	*
N	*	250	*	*	*	*	*	SH129331.07FU_EU834829_reps	*
N	*	250	*	*	*	*	*	SH129345.07FU_LN589962_reps	*
N	*	250	*	*	*	*	*	SH129516.07FU_JN206102_refs	*
L	4730	250	*	*	*	*	*	SH537486.07FU_KM983339_reps	*
H	4730	232	93.5	+	0	0	2I112MD81M2I38M15I	SH129564.07FU_GQ344481_reps	SH537486.07FU_KM983339_reps
L	2193	223	*	*	*	*	*	SH103508.07FU_AJ302426_reps	*
H	2193	223	96.0	+	0	0	223M	SH129674.07FU_AJ302417_reps	SH103508.07FU_AJ302426_reps
N	*	197	*	*	*	*	*	SH131911.07FU_EF114691_reps	*
L	344	250	*	*	*	*	*	SH080462.07FU_HQ604746_reps	*
H	344	250	96.0	+	0	0	8MI163MD78M	SH132077.07FU_UDB017963_refs	SH080462.07FU_HQ604746_reps
N	*	89	*	*	*	*	*	SH132349.07FU_EU367452_refs	*
N	*	242	*	*	*	*	*	SH134412.07FU_UDB015376_refs	*
N	*	193	*	*	*	*	*	SH133192.07FU_GU553332_refs	*
L	5333	250	*	*	*	*	*	SH134092.07FU_KC992951_refs	*
H	5333	250	92.4	+	0	0	D26M2D17MD203M4I	SH134091.07FU_DQ389726_refs	SH134092.07FU_KC992951_refs
N	*	187	*	*	*	*	*	SH134223.07FU_AF014110_reps	*
N	*	167	*	*	*	*	*	SH134833.07FU_JQ693551_reps	*
N	*	132	*	*	*	*	*	SH135000.07FU_KF459933_reps	*
N	*	250	*	*	*	*	*	SH136152.07FU_KC581295_reps	*
N	*	250	*	*	*	*	*	SH136168.07FU_JN943014_reps	*
N	*	250	*	*	*	*	*	SH136420.07FU_GU981750_reps	*
N	*	230	*	*	*	*	*	SH136455.07FU_JN206297_reps	*
L	2687	174	*	*	*	*	*	SH111020.07FU_EU149921_reps	*
H	2687	250	92.0	+	0	0	63D19M2I52MD42MI58M15D	SH536433.07FU_KP276652_reps	SH111020.07FU_EU149921_reps
N	*	250	*	*	*	*	*	SH536573.07FU_KP858001_reps	*
N	*	250	*	*	*	*	*	SH536636.07FU_KR605808_reps	*
N	*	133	*	*	*	*	*	SH536725.07FU_KP174866_reps	*
N	*	250	*	*	*	*	*	SH537330.07FU_KT000190_reps	*
N	*	191	*	*	*	*	*	SH537363.07FU_LC014563_reps	*
N	*	250	*	*	*	*	*	SH537386.07FU_LC061591_reps	*
N	*	125	*	*	*	*	*	SH537482.07FU_KJ668447_reps	*
N	*	250	*	*	*	*	*	SH537718.07FU_KM217356_reps	*
N	*	250	*	*	*	*	*	SH537969.07FU_KT152143_reps	*
N	*	250	*	*	*	*	*	SH538282.07FU_KP687813_reps	*
L	4222	160	*	*	*	*	*	SH132074.07FU_UDB024390_reps	*
H	4222	158	93.7	+	0	0	158M2I	SH538651.07FU_KM975390_reps	SH132074.07FU_UDB024390_reps
N	*	250	*	*	*	*	*	SH538688.07FU_KP636873_reps	*
H	5696	112	100.0	+	0	0	112M	SH538821.07FU_KT429790_reps	SH118394.07FU_JQ038908_reps
N	*	250	*	*	*	*	*	SH539605.07FU_KM588676_refs	*
N	*	250	*	*	*	*	*	SH540667.07FU_KP012889_reps	*
N	*	83	*	*	*	*	*	SH540781.07FU_KJ668502_reps	*
L	1001	164	*	*	*	*	*	SH088751.07FU_EF068137_reps	*
H	1001	250	92.1	+	0	0	164M86D	SH543442.07FU_KJ734260_refs	SH088751.07FU_EF068137_reps
N	*	225	*	*	*	*	*	SH544565.07FU_AB809633_reps	*
N	*	90	*	*	*	*	*	SH544611.07FU_KT991670_reps	*
H	4222	250	91.2	+	0	0	138MD22M89D	SH546244.07FU_KM975437_reps	SH132074.07FU_UDB024390_reps
N	*	210	*	*	*	*	*	SH547006.07FU_KJ658968_reps	*
N	*	197	*	*	*	*	*	SH547061.07FU_KJ802124_reps	*
N	*	250	*	*	*	*	*	SH547078.07FU_KM851315_reps	*
N	*	213	*	*	*	*	*	SH547127.07FU_UDB024831_reps	*
H	325	182	98.4	+	0	0	182M	SH549032.07FU_KT462570_reps	SH080282.07FU_KC171350_refs
N	*	250	*	*	*	*	*	SH549511.07FU_KT305934_reps	*
N	*	250	*	*	*	*	*	SH549540.07FU_LC001736_reps	*
H	2523	86	97.7	+	0	0	142I9MI21MI56M20I	SH550007.07FU_KU500020_reps	SH108540.07FU_EU715654_reps
N	*	123	*	*	*	*	*	SH550203.07FU_KR902695_reps	*
H	2958	250	96.4	+	0	0	233MI16MD	SH550988.07FU_KF923784_reps	SH118162.07FU_FJ005090_reps
N	*	208	*	*	*	*	*	SH551360.07FU_KP659627_reps	*
N	*	248	*	*	*	*	*	SH551676.07FU_LC014574_reps	*
N	*	250	*	*	*	*	*	SH551681.07FU_KJ807067_reps	*
L	3871	247	*	*	*	*	*	SH130381.07FU_DQ486692_refs	*
H	3871	212	92.0	+	0	0	163MI6M4I43M30I	SH130169.07FU_UDB003166_refs	SH130381.07FU_DQ486692_refs
L	3870	250	*	*	*	*	*	SH130376.07FU_JN020998_reps	*
H	3870	250	91.2	+	0	0	181MD68MI	SH130370.07FU_KC581342_refs	SH130376.07FU_JN020998_reps
N	*	170	*	*	*	*	*	SH134578.07FU_UDB015760_refs	*
N	*	250	*	*	*	*	*	SH135158.07FU_UDB000670_refs	*
L	4944	221	*	*	*	*	*	SH541960.07FU_LT158447_reps	*
H	4944	211	96.2	+	0	0	10I211M	SH080325.07FU_KF588371_reps	SH541960.07FU_LT158447_reps
N	*	189	*	*	*	*	*	SH081573.07FU_HM480490_reps	*
N	*	250	*	*	*	*	*	SH090321.07FU_JF263495_reps	*
N	*	203	*	*	*	*	*	SH093234.07FU_AF229478_reps	*
H	1509	250	95.0	+	0	0	121M129D	SH094829.07FU_JX414224_reps	SH094987.07FU_JX414211_reps
N	*	250	*	*	*	*	*	SH097678.07FU_JQ991665_reps	*
N	*	209	*	*	*	*	*	SH106759.07FU_HQ662165_reps	*
N	*	195	*	*	*	*	*	SH106957.07FU_EF568065_reps	*
N	*	234	*	*	*	*	*	SH109321.07FU_KP144005_refs	*
N	*	203	*	*	*	*	*	SH112346.07FU_UDB031064_reps	*
N	*	250	*	*	*	*	*	SH112443.07FU_HM123351_reps	*
N	*	250	*	*	*	*	*	SH123802.07FU_KR873260_refs	*
L	4456	112	*	*	*	*	*	SH134155.07FU_JX082347_reps	*
H	4456	111	97.3	+	0	0	69MI42M	SH125914.07FU_GU585750_reps	SH134155.07FU_JX082347_reps
N	*	250	*	*	*	*	*	SH126404.07FU_KC007264_reps	*
N	*	180	*	*	*	*	*	SH127454.07FU_EU482284_reps	*
N	*	250	*	*	*	*	*	SH460747.07FU_AY854082_refs	*
N	*	250	*	*	*	*	*	SH463323.07FU_U66432_reps	*
N	*	214	*	*	*	*	*	SH464121.07FU_JX271808_refs	*
L	3017	250	*	*	*	*	*	SH115470.07FU_FN428896_reps	*
H	3017	250	91.2	+	0	0	177MD34M2D36M3I	SH466305.07FU_KJ778626_reps	SH115470.07FU_FN428896_reps
N	*	188	*	*	*	*	*	SH474432.07FU_KJ638719_reps	*
N	*	250	*	*	*	*	*	SH480431.07FU_DQ097359_reps	*
N	*	250	*	*	*	*	*	SH482188.07FU_U66441_reps	*
N	*	135	*	*	*	*	*	SH483924.07FU_JX669838_reps	*
N	*	250	*	*	*	*	*	SH486031.07FU_DQ192175_reps	*
N	*	250	*	*	*	*	*	SH077690.07FU_KC992946_refs	*
L	1515	174	*	*	*	*	*	SH095133.07FU_EU697275_reps	*
H	1515	250	94.3	+	0	0	166MD8M75D	SH107957.07FU_EU669225_refs	SH095133.07FU_EU697275_reps
D	8	2	*	*	*	*	94.3	SH076641.07FU_KC965275_reps	*
D	45	2	*	*	*	*	94.4	SH077025.07FU_AJ884639_reps	*
D	123	2	*	*	*	*	92.0	SH077565.07FU_JQ279518_refs	*
D	124	2	*	*	*	*	90.0	SH077631.07FU_KC176297_reps	*
D	168	2	*	*	*	*	94.4	SH077937.07FU_KP192562_reps	*
D	175	2	*	*	*	*	90.1	SH077991.07FU_AY176408_refs	*
D	325	3	*	*	*	*	97.3	SH080282.07FU_KC171350_refs	*
D	328	2	*	*	*	*	100.0	SH080305.07FU_Z80877_reps	*
D	344	2	*	*	*	*	96.0	SH080462.07FU_HQ604746_reps	*
D	348	2	*	*	*	*	97.2	SH083621.07FU_EF409726_reps	*
D	420	2	*	*	*	*	98.9	SH081747.07FU_JN206059_refs	*
D	471	2	*	*	*	*	95.6	SH082177.07FU_JQ700272_refs	*
D	510	2	*	*	*	*	94.8	SH082693.07FU_EU520312_reps	*
D	654	2	*	*	*	*	96.8	SH084499.07FU_FR750018_refs	*
D	655	2	*	*	*	*	90.0	SH084495.07FU_FN547563_reps	*
D	828	2	*	*	*	*	90.0	SH086670.07FU_AF454080_reps	*
D	877	2	*	*	*	*	95.6	SH087262.07FU_JQ757879_reps	*
D	967	2	*	*	*	*	92.4	SH088415.07FU_KJ463525_reps	*
D	1001	2	*	*	*	*	92.1	SH088751.07FU_EF068137_reps	*
D	1017	2	*	*	*	*	96.9	SH089131.07FU_KC834056_refs	*
D	1061	2	*	*	*	*	94.8	SH090036.07FU_EU118655_refs	*
D	1102	2	*	*	*	*	93.8	SH090505.07FU_KC456279_reps	*
D	1112	2	*	*	*	*	94.1	SH090837.07FU_JN114421_reps	*
D	1146	2	*	*	*	*	93.2	SH091125.07FU_EU913713_refs	*
D	1148	2	*	*	*	*	90.0	SH091141.07FU_AM747497_reps	*
D	1237	2	*	*	*	*	99.1	SH091738.07FU_AJ408361_reps	*
D	1270	2	*	*	*	*	92.9	SH092156.07FU_HQ533816_refs	*
D	1271	2	*	*	*	*	90.9	SH092155.07FU_AB434661_refs	*
D	1289	3	*	*	*	*	93.2	SH092387.07FU_EF467438_reps	*
D	1298	2	*	*	*	*	98.2	SH092540.07FU_JX242863_refs	*
D	1322	2	*	*	*	*	90.9	SH092862.07FU_JF495176_reps	*
D	1336	2	*	*	*	*	93.5	SH093038.07FU_AJ888389_refs	*
D	1358	2	*	*	*	*	94.3	SH093356.07FU_AB512337_reps	*
D	1412	2	*	*	*	*	96.5	SH093792.07FU_KF310896_reps	*
D	1439	2	*	*	*	*	94.5	SH094039.07FU_JF894113_reps	*
D	1509	3	*	*	*	*	96.3	SH094987.07FU_JX414211_reps	*
D	1515	2	*	*	*	*	94.3	SH095133.07FU_EU697275_reps	*
D	1595	2	*	*	*	*	93.9	SH096517.07FU_JN206229_refs	*
D	1686	2	*	*	*	*	90.1	SH099517.07FU_GQ922535_reps	*
D	1745	2	*	*	*	*	100.0	SH097794.07FU_AF388928_refs	*
D	1758	2	*	*	*	*	95.5	SH098148.07FU_EF535212_reps	*
D	1759	2	*	*	*	*	96.0	SH098138.07FU_EF535175_reps	*
D	1834	2	*	*	*	*	97.2	SH099058.07FU_KJ706682_reps	*
D	1922	2	*	*	*	*	90.6	SH100464.07FU_KF730830_reps	*
D	2048	2	*	*	*	*	92.0	SH102049.07FU_EF505783_reps	*
D	2059	2	*	*	*	*	97.2	SH102258.07FU_AF054846_refs	*
D	2084	2	*	*	*	*	97.7	SH102898.07FU_AY343381_refs	*
D	2113	2	*	*	*	*	100.0	SH104975.07FU_AB506977_reps	*
D	2124	2	*	*	*	*	93.5	SH105094.07FU_HQ914131_reps	*
D	2166	2	*	*	*	*	92.5	SH105275.07FU_UDB003344_refs	*
D	2180	2	*	*	*	*	94.2	SH103401.07FU_HQ149687_refs	*
D	2184	2	*	*	*	*	92.5	SH103407.07FU_KF286985_reps	*
D	2189	2	*	*	*	*	98.6	SH103496.07FU_HQ692590_reps	*
D	2192	2	*	*	*	*	93.4	SH103503.07FU_JQ922240_reps	*
D	2193	2	*	*	*	*	96.0	SH103508.07FU_AJ302426_reps	*
D	2205	2	*	*	*	*	100.0	SH103577.07FU_L07133_reps	*
D	2348	2	*	*	*	*	97.8	SH106238.07FU_AY929321_reps	*
D	2382	2	*	*	*	*	99.0	SH106478.07FU_FJ005103_reps	*
D	2395	2	*	*	*	*	96.9	SH106662.07FU_EU879148_reps	*
D	2523	4	*	*	*	*	93.1	SH108540.07FU_EU715654_reps	*
D	2687	2	*	*	*	*	92.0	SH111020.07FU_EU149921_reps	*
D	2825	2	*	*	*	*	90.4	SH112771.07FU_AB524800_refs	*
D	2895	2	*	*	*	*	90.0	SH114061.07FU_HM439521_reps	*
D	2913	3	*	*	*	*	91.0	SH114294.07FU_AY033087_refs	*
D	2915	2	*	*	*	*	100.0	SH114311.07FU_AY606305_reps	*
D	2926	2	*	*	*	*	95.2	SH118050.07FU_EF373560_reps	*
D	2932	3	*	*	*	*	98.4	SH118060.07FU_AF451789_reps	*
D	2949	2	*	*	*	*	99.6	SH118124.07FU_AF451792_reps	*
D	2952	2	*	*	*	*	91.6	SH118128.07FU_GU994558_reps	*
D	2953	2	*	*	*	*	97.2	SH118131.07FU_AY251415_reps	*
D	2958	3	*	*	*	*	96.8	SH118162.07FU_FJ005090_reps	*
D	3017	2	*	*	*	*	91.2	SH115470.07FU_FN428896_reps	*
D	3023	2	*	*	*	*	100.0	SH115556.07FU_DQ485653_refs	*
D	3033	3	*	*	*	*	91.7	SH118407.07FU_HE608888_reps	*
D	3067	2	*	*	*	*	90.9	SH116144.07FU_HM123294_refs	*
D	3126	2	*	*	*	*	97.3	SH116536.07FU_GU269700_reps	*
D	3147	2	*	*	*	*	93.9	SH116582.07FU_GU055644_reps	*
D	3169	3	*	*	*	*	95.6	SH117092.07FU_EF127878_reps	*
D	3192	2	*	*	*	*	100.0	SH117309.07FU_EU254999_reps	*
D	3193	2	*	*	*	*	90.0	SH117315.07FU_JQ414249_refs	*
D	3209	2	*	*	*	*	91.2	SH117507.07FU_JN615481_reps	*
D	3211	2	*	*	*	*	90.4	SH123859.07FU_AJ504647_reps	*
D	3455	2	*	*	*	*	97.8	SH120789.07FU_FJ713089_reps	*
D	3532	2	*	*	*	*	90.3	SH121751.07FU_AF210668_reps	*
D	3558	2	*	*	*	*	94.2	SH122147.07FU_KC179142_refs	*
D	3587	2	*	*	*	*	100.0	SH122611.07FU_UDB006043_refs	*
D	3589	2	*	*	*	*	91.4	SH122652.07FU_FJ919663_refs	*
D	3640	2	*	*	*	*	95.1	SH123274.07FU_UDB004180_reps	*
D	3753	2	*	*	*	*	92.4	SH125706.07FU_UDB015491_refs	*
D	3833	2	*	*	*	*	91.6	SH126809.07FU_FJ430714_reps	*
D	3862	2	*	*	*	*	92.4	SH130291.07FU_KC555561_reps	*
D	3864	2	*	*	*	*	91.4	SH130356.07FU_UDB019800_reps	*
D	3868	2	*	*	*	*	93.6	SH130379.07FU_JF908748_refs	*
D	3870	2	*	*	*	*	91.2	SH130376.07FU_JN020998_reps	*
D	3871	2	*	*	*	*	92.0	SH130381.07FU_DQ486692_refs	*
D	3954	3	*	*	*	*	92.3	SH130980.07FU_KJ524541_reps	*
D	4079	2	*	*	*	*	91.0	SH129414.07FU_AY394705_reps	*
D	4080	2	*	*	*	*	91.6	SH129427.07FU_EU935501_reps	*
D	4090	2	*	*	*	*	90.4	SH129481.07FU_JN104518_reps	*
D	4222	3	*	*	*	*	92.5	SH132074.07FU_UDB024390_reps	*
D	4449	2	*	*	*	*	90.5	SH134101.07FU_KF646816_reps	*
D	4451	2	*	*	*	*	90.0	SH134124.07FU_HQ714696_refs	*
D	4456	2	*	*	*	*	97.3	SH134155.07FU_JX082347_reps	*
D	4499	2	*	*	*	*	91.4	SH134535.07FU_FJ557237_reps	*
D	4553	2	*	*	*	*	90.2	SH134916.07FU_JQ306540_reps	*
D	4567	2	*	*	*	*	91.1	SH135052.07FU_AY304436_refs	*
D	4592	2	*	*	*	*	98.7	SH136342.07FU_GU910546_reps	*
D	4655	2	*	*	*	*	95.8	SH127901.07FU_EF679363_refs	*
D	4730	2	*	*	*	*	93.5	SH537486.07FU_KM983339_reps	*
D	4874	2	*	*	*	*	92.2	SH539693.07FU_LN997672_reps	*
D	4944	2	*	*	*	*	96.2	SH541960.07FU_LT158447_reps	*
D	5152	2	*	*	*	*	97.5	SH549481.07FU_LC001725_reps	*
D	5241	2	*	*	*	*	91.0	SH129522.07FU_JF832617_refs	*
D	5264	2	*	*	*	*	95.8	SH130966.07FU_HQ714754_refs	*
D	5333	2	*	*	*	*	92.4	SH134092.07FU_KC992951_refs	*
D	5352	2	*	*	*	*	91.7	SH538783.07FU_KP217811_refs	*
D	5435	2	*	*	*	*	98.0	SH084830.07FU_JX669834_refs	*
D	5515	2	*	*	*	*	91.7	SH094945.07FU_KC176330_reps	*
D	5565	2	*	*	*	*	94.4	SH100687.07FU_AY586568_reps	*
D	5624	2	*	*	*	*	91.8	SH108597.07FU_AB255288_reps	*
D	5696	3	*	*	*	*	100.0	SH118394.07FU_JQ038908_reps	*
D	5788	2	*	*	*	*	90.1	SH129385.07FU_UDB016485_reps	*
D	5800	2	*	*	*	*	100.0	SH130892.07FU_JN541224_reps	*
D	5834	2	*	*	*	*	95.2	SH133604.07FU_KJ461901_reps	*
D	5892	2	*	*	*	*	96.1	SH076781.07FU_JF770451_refs	*
D	5935	2	*	*	*	*	93.4	SH098777.07FU_FJ427066_refs	*
