UclustConsensusTaxonAssigner parameters:
id_to_taxonomy_filepath:/Users/nbokulich/Desktop/projects/short-read-tax-assignment/data/ref_dbs/gg_13_8_otus/99_otu_taxonomy_clean.tsv
id_to_taxonomy_fp:/Users/nbokulich/Desktop/projects/short-read-tax-assignment/data/ref_dbs/gg_13_8_otus/99_otu_taxonomy_clean.tsv
max_accepts:1
min_consensus_fraction:0.76
reference_sequences_fp:/Users/nbokulich/Desktop/projects/short-read-tax-assignment/data/ref_dbs/gg_13_8_otus/99_otus_clean_515f-806r_trim250.fasta
similarity:0.9
unassignable_label:Unassigned
Result path: /var/folders/0t/l1dz88p50y91vx_22fx5w3780000gn/T/assign-taxZU7Zbf

.uc file contents:

# uclust --input /Users/nbokulich/Desktop/projects/short-read-tax-assignment/data/mock-community/mock-4/rep_seqs.fna --id 0.9 --rev --maxaccepts 1 --allhits --libonly --lib /Users/nbokulich/Desktop/projects/short-read-tax-assignment/data/ref_dbs/gg_13_8_otus/99_otus_clean_515f-806r_trim250.fasta --uc /var/folders/0t/l1dz88p50y91vx_22fx5w3780000gn/T/UclustConsensusTaxonAssigner_G3kMbS.uc
# version=1.2.22
# Tab-separated fields:
# 1=Type, 2=ClusterNr, 3=SeqLength or ClusterSize, 4=PctId, 5=Strand, 6=QueryStart, 7=SeedStart, 8=Alignment, 9=QueryLabel, 10=TargetLabel
# Record types (field 1): L=LibSeed, S=NewSeed, H=Hit, R=Reject, D=LibCluster, C=NewCluster, N=NoHit
# For C and D types, PctId is average id with seed.
# QueryStart and SeedStart are zero-based relative to start of sequence.
# If minus strand, SeedStart is relative to reverse-complemented seed.
L	8455	250	*	*	*	*	*	165247	*
H	8455	150	91.3	+	0	0	19I150M81I	8fab89bbb0ea43bd7ca5f5fd182506a5	165247
L	19355	250	*	*	*	*	*	4440404	*
H	19355	150	100.0	+	0	0	19I150M81I	dcb7b288381ec22163253cc31ca4bb57	4440404
L	8282	250	*	*	*	*	*	172248	*
H	8282	150	90.7	+	0	0	19I150M81I	c4269a6e9bd66eca53e710c9f9d9ad4f	172248
L	13272	250	*	*	*	*	*	984766	*
H	13272	150	100.0	+	0	0	19I150M81I	67235d72777dee5f2000c1e478dd6418	984766
L	8655	250	*	*	*	*	*	157892	*
H	8655	150	97.3	+	0	0	19I150M81I	0374d69a06fe46ad16ded615ae85090d	157892
L	15529	250	*	*	*	*	*	908340	*
H	15529	150	99.3	+	0	0	19I150M81I	3ffcfd0d3dfc80d4bdc4b0683f93c8c8	908340
L	6576	250	*	*	*	*	*	252206	*
H	6576	150	99.3	+	0	0	19I150M81I	c3ba1fb2c5cc693c3d71073d845a696f	252206
L	19565	250	*	*	*	*	*	4450667	*
H	19565	150	99.3	+	0	0	19I150M81I	e66860dbaac1010e5b69f9780d84b3b2	4450667
H	13272	150	92.0	+	0	0	19I150M81I	d0a6a3282a63574a9ebb620d4f7f08da	984766
L	20485	250	*	*	*	*	*	94242	*
H	20485	150	96.0	+	0	0	19I150M81I	d9e724faff24eeeb7ac7fcc5cc7885b6	94242
L	17792	250	*	*	*	*	*	4365565	*
H	17792	150	100.0	+	0	0	19I150M81I	6ed7152332889b69d2d2f33c53b68934	4365565
L	19473	250	*	*	*	*	*	4446436	*
H	19473	150	93.3	+	0	0	19I150M81I	86adb6193435090318cf24df07770d07	4446436
L	1769	250	*	*	*	*	*	619210	*
H	1769	150	100.0	+	0	0	19I150M81I	94b000e59b7ac160b0416c9ab45ff0bf	619210
L	13405	250	*	*	*	*	*	1086805	*
H	13405	150	96.7	+	0	0	19I150M81I	f84b3370827fa1b575703ffd249a10d6	1086805
L	8754	250	*	*	*	*	*	153079	*
H	8754	150	100.0	+	0	0	19I150M81I	5147cf5e03fda37cd7d06a92925c0b72	153079
N	*	150	*	*	*	*	*	18ced8ffd0e1b19b9bdfd5bc298280a7	*
N	*	150	*	*	*	*	*	824a5153e87ed64fa25bf9425110596f	*
L	3021	250	*	*	*	*	*	529618	*
H	3021	150	100.0	+	0	0	19I150M81I	47ad35356a9bfec68416d32e4f039021	529618
N	*	150	*	*	*	*	*	ed2b66cfbdd8fc4089dea2340729ef37	*
L	16577	250	*	*	*	*	*	4309191	*
H	16577	150	99.3	+	0	0	19I150M81I	29f6e97a2ed3b8abe26bb45acba8451f	4309191
L	3976	250	*	*	*	*	*	421164	*
H	3976	150	99.3	+	0	0	19I150M81I	3df62c132a582a43d98dfebb37cb0aa6	421164
L	18857	250	*	*	*	*	*	4416186	*
H	18857	150	100.0	+	0	0	19I150M81I	5642c43966bbd7f41c2f0cbe988205ff	4416186
L	2907	250	*	*	*	*	*	532163	*
H	2907	150	100.0	+	0	0	19I150M81I	e25836661b81c9cc3aa99c8b2c7ca14d	532163
N	*	150	*	*	*	*	*	bd65e96bfdca2d01dae634ead91d270b	*
L	5632	250	*	*	*	*	*	299252	*
H	5632	150	94.7	+	0	0	19I150M81I	53609d8db4e52b4f03beab3bc44ad5ba	299252
L	8165	250	*	*	*	*	*	175542	*
H	8165	150	98.0	+	0	0	19I150M81I	bc23d2ee539bf2f52faf789289af7879	175542
L	14742	250	*	*	*	*	*	855943	*
H	14742	150	98.7	+	0	0	19I150M81I	894866f4d156eb683daa33b6b9246580	855943
N	*	150	*	*	*	*	*	538f3af3b016445f1327de09ab59f5a9	*
L	1787	250	*	*	*	*	*	609022	*
H	1787	150	100.0	+	0	0	19I150M81I	4e9b3c8dd9808d6a78936ceaf96dc0d5	609022
L	14215	250	*	*	*	*	*	1059977	*
H	14215	150	100.0	+	0	0	19I150M81I	aebf2a74a3aa9e5876c479b1db88985f	1059977
N	*	150	*	*	*	*	*	60bb2c48232abea1dd1425cf69a10999	*
L	16861	250	*	*	*	*	*	4321520	*
H	16861	150	100.0	+	0	0	19I150M81I	1986030e3c5cd5df6d869054bc96e536	4321520
L	673	250	*	*	*	*	*	966251	*
H	673	150	100.0	+	0	0	19I150M81I	33b601a7a8295e7a6c8f413504129220	966251
L	641	250	*	*	*	*	*	972803	*
H	641	150	98.0	+	0	0	19I150M81I	dcc8b7d0992f57608a5aabd5dbead764	972803
L	16508	250	*	*	*	*	*	4306438	*
H	16508	150	100.0	+	0	0	19I150M81I	075614efc7d3dd61cd64a4e5f17078ae	4306438
L	15522	250	*	*	*	*	*	627028	*
H	15522	150	98.0	+	0	0	19I150M81I	7a8d29c59b803baaed9cc1f04ce0dc33	627028
L	18579	250	*	*	*	*	*	4402960	*
H	18579	150	99.3	+	0	0	19I150M81I	2ffcf53c5728bc9a71f862e99bc454f6	4402960
L	14101	250	*	*	*	*	*	851925	*
H	14101	150	96.7	+	0	0	19I150M81I	b3fef1e26b7b6ac20847ede4da68547a	851925
H	20485	150	94.7	+	0	0	19I150M81I	f551bc213661e19bd106b9d2f37c224b	94242
N	*	150	*	*	*	*	*	5bfcfe38b5c279edba6ab27e17db9c35	*
L	6521	250	*	*	*	*	*	256155	*
H	6521	150	100.0	+	0	0	19I150M81I	9695acecaba71cc9fc1458080b07d1fa	256155
L	16907	250	*	*	*	*	*	4323264	*
H	16907	150	99.3	+	0	0	19I150M81I	74c5523929f4d53f7928f15bc7751994	4323264
L	17578	250	*	*	*	*	*	4355718	*
H	17578	150	98.0	+	0	0	19I150M81I	9ac5fec396208e598ab2e2d26985d0df	4355718
L	3319	250	*	*	*	*	*	521806	*
H	3319	150	92.7	+	0	0	19I150M81I	cf9db0eeccfeb6b3011ceb8d59a95fc3	521806
H	20485	150	95.3	+	0	0	19I150M81I	1c86153e1b13ab5322c96f2602b73513	94242
L	15923	250	*	*	*	*	*	4130483	*
H	15923	150	97.3	+	0	0	19I150M81I	659fdb1b7d76daa3b50c79827fdb6071	4130483
H	20485	150	93.3	+	0	0	19I150M81I	39c9cc12af30a7523440042ce4e8e44e	94242
H	1787	150	99.3	+	0	0	19I150M81I	b5c29845760062f77e45e52ae862c148	609022
H	18579	150	100.0	+	0	0	19I150M81I	ac5402de1ddf427ab8d2b0a8a0a44f19	4402960
L	19689	250	*	*	*	*	*	4456813	*
H	19689	150	100.0	+	0	0	19I150M81I	04195686f2b70585790ec75320de0d6f	4456813
N	*	150	*	*	*	*	*	079cebadbb19439f15e42f412f3d71db	*
N	*	150	*	*	*	*	*	1e22ec8824bcfcbee632e1935b25b576	*
H	18579	150	99.3	+	0	0	19I150M81I	df76d62e20057f38d77bbd6286d4cdcb	4402960
D	641	2	*	*	*	*	98.0	972803	*
D	673	2	*	*	*	*	100.0	966251	*
D	1769	2	*	*	*	*	100.0	619210	*
D	1787	3	*	*	*	*	99.7	609022	*
D	2907	2	*	*	*	*	100.0	532163	*
D	3021	2	*	*	*	*	100.0	529618	*
D	3319	2	*	*	*	*	92.7	521806	*
D	3976	2	*	*	*	*	99.3	421164	*
D	5632	2	*	*	*	*	94.7	299252	*
D	6521	2	*	*	*	*	100.0	256155	*
D	6576	2	*	*	*	*	99.3	252206	*
D	8165	2	*	*	*	*	98.0	175542	*
D	8282	2	*	*	*	*	90.7	172248	*
D	8455	2	*	*	*	*	91.3	165247	*
D	8655	2	*	*	*	*	97.3	157892	*
D	8754	2	*	*	*	*	100.0	153079	*
D	13272	3	*	*	*	*	96.0	984766	*
D	13405	2	*	*	*	*	96.7	1086805	*
D	14101	2	*	*	*	*	96.7	851925	*
D	14215	2	*	*	*	*	100.0	1059977	*
D	14742	2	*	*	*	*	98.7	855943	*
D	15522	2	*	*	*	*	98.0	627028	*
D	15529	2	*	*	*	*	99.3	908340	*
D	15923	2	*	*	*	*	97.3	4130483	*
D	16508	2	*	*	*	*	100.0	4306438	*
D	16577	2	*	*	*	*	99.3	4309191	*
D	16861	2	*	*	*	*	100.0	4321520	*
D	16907	2	*	*	*	*	99.3	4323264	*
D	17578	2	*	*	*	*	98.0	4355718	*
D	17792	2	*	*	*	*	100.0	4365565	*
D	18579	4	*	*	*	*	99.6	4402960	*
D	18857	2	*	*	*	*	100.0	4416186	*
D	19355	2	*	*	*	*	100.0	4440404	*
D	19473	2	*	*	*	*	93.3	4446436	*
D	19565	2	*	*	*	*	99.3	4450667	*
D	19689	2	*	*	*	*	100.0	4456813	*
D	20485	5	*	*	*	*	94.8	94242	*
