UclustConsensusTaxonAssigner parameters:
id_to_taxonomy_filepath:/Users/nbokulich/Desktop/projects/short-read-tax-assignment/data/novel-taxa-simulations/B1-REF-L6-iter0/ref_taxa.tsv
id_to_taxonomy_fp:/Users/nbokulich/Desktop/projects/short-read-tax-assignment/data/novel-taxa-simulations/B1-REF-L6-iter0/ref_taxa.tsv
max_accepts:1
min_consensus_fraction:0.51
reference_sequences_fp:/Users/nbokulich/Desktop/projects/short-read-tax-assignment/data/novel-taxa-simulations/B1-REF-L6-iter0/ref_seqs.fasta
similarity:0.9
unassignable_label:Unassigned
Result path: /var/folders/0t/l1dz88p50y91vx_22fx5w3780000gn/T/assign-tax4S9Xif

.uc file contents:

# uclust --input /Users/nbokulich/Desktop/projects/short-read-tax-assignment/data/novel-taxa-simulations/B1-REF-L6-iter0/query.fasta --id 0.9 --rev --maxaccepts 1 --allhits --libonly --lib /Users/nbokulich/Desktop/projects/short-read-tax-assignment/data/novel-taxa-simulations/B1-REF-L6-iter0/ref_seqs.fasta --uc /var/folders/0t/l1dz88p50y91vx_22fx5w3780000gn/T/UclustConsensusTaxonAssigner_B1q1Lj.uc
# version=1.2.22
# Tab-separated fields:
# 1=Type, 2=ClusterNr, 3=SeqLength or ClusterSize, 4=PctId, 5=Strand, 6=QueryStart, 7=SeedStart, 8=Alignment, 9=QueryLabel, 10=TargetLabel
# Record types (field 1): L=LibSeed, S=NewSeed, H=Hit, R=Reject, D=LibCluster, C=NewCluster, N=NoHit
# For C and D types, PctId is average id with seed.
# QueryStart and SeedStart are zero-based relative to start of sequence.
# If minus strand, SeedStart is relative to reverse-complemented seed.
L	2333	250	*	*	*	*	*	57758	*
H	2333	250	92.4	+	0	0	250M	1107152	57758
L	3343	250	*	*	*	*	*	925397	*
H	3343	250	95.6	+	0	0	250M	1102814	925397
L	2737	250	*	*	*	*	*	1125670	*
H	2737	250	94.0	+	0	0	250M	1082059	1125670
L	1161	250	*	*	*	*	*	292424	*
H	1161	250	90.0	+	0	0	7I62MI22MI157M9D	1042805	292424
L	3615	250	*	*	*	*	*	3761170	*
H	3615	250	99.6	+	0	0	24MI225MD	920852	3761170
L	2511	250	*	*	*	*	*	10180	*
H	2511	250	95.6	+	0	0	250M	871137	10180
L	3002	250	*	*	*	*	*	1007399	*
H	3002	250	94.8	+	0	0	25MI20MI203M2D	853416	1007399
N	*	250	*	*	*	*	*	851936	*
L	3070	250	*	*	*	*	*	2461583	*
H	3070	250	97.2	+	0	0	250M	787697	2461583
L	3441	250	*	*	*	*	*	761592	*
H	3441	250	100.0	+	0	0	250M	768898	761592
L	553	250	*	*	*	*	*	540423	*
H	553	250	93.6	+	0	0	25MI43MI180M2D	754534	540423
L	287	250	*	*	*	*	*	668105	*
H	287	250	99.2	+	0	0	250M	749696	668105
L	181	250	*	*	*	*	*	833731	*
H	181	250	99.2	+	0	0	250M	687940	833731
L	925	250	*	*	*	*	*	343431	*
H	925	250	93.6	+	0	0	250M	685156	343431
H	2511	250	99.2	+	0	0	250M	667570	10180
L	2543	250	*	*	*	*	*	8001	*
H	2543	250	94.4	+	0	0	D16MD90M2D13MD21MD8MD95M7I	660688	8001
L	1453	250	*	*	*	*	*	236778	*
H	1453	250	99.2	+	0	0	250M	610455	236778
L	2035	250	*	*	*	*	*	143101	*
H	2035	250	91.2	+	0	0	250M	590426	143101
L	2656	250	*	*	*	*	*	1136676	*
H	2656	250	98.0	+	0	0	250M	589792	1136676
L	4625	250	*	*	*	*	*	4460024	*
H	4625	250	98.0	+	0	0	250M	589597	4460024
N	*	250	*	*	*	*	*	580117	*
L	278	250	*	*	*	*	*	692823	*
H	278	250	91.2	+	0	0	198MD28MD22M2I	579148	692823
L	3545	250	*	*	*	*	*	1144619	*
H	3545	250	98.4	+	0	0	250M	577261	1144619
L	2713	250	*	*	*	*	*	1143645	*
H	2713	250	99.2	+	0	0	250M	573413	1143645
L	1435	250	*	*	*	*	*	239924	*
H	1435	250	96.0	+	0	0	250M	568727	239924
L	1430	250	*	*	*	*	*	240661	*
H	1430	250	97.2	+	0	0	234MI15MD	567491	240661
L	534	250	*	*	*	*	*	544846	*
H	534	250	96.8	+	0	0	250M	566475	544846
L	2669	250	*	*	*	*	*	1145943	*
H	2669	250	97.2	+	0	0	250M	565472	1145943
L	2366	250	*	*	*	*	*	42664	*
H	2366	250	97.2	+	0	0	250M	557875	42664
L	437	250	*	*	*	*	*	566103	*
H	437	250	90.8	+	0	0	250M	556906	566103
L	4378	250	*	*	*	*	*	4408009	*
H	4378	250	99.6	+	0	0	250M	553146	4408009
L	4587	250	*	*	*	*	*	4454140	*
H	4587	250	98.0	+	0	0	171MD78MI	552143	4454140
N	*	250	*	*	*	*	*	542536	*
L	213	250	*	*	*	*	*	814853	*
H	213	250	93.6	+	0	0	250M	540623	814853
L	782	250	*	*	*	*	*	372473	*
H	782	250	99.6	+	0	0	218MD31MI	539107	372473
L	575	250	*	*	*	*	*	534898	*
H	575	250	99.6	+	0	0	250M	537871	534898
L	979	250	*	*	*	*	*	332720	*
H	979	250	100.0	+	0	0	250M	536754	332720
L	2021	250	*	*	*	*	*	146917	*
H	2021	250	96.0	+	0	0	250M	536238	146917
L	2362	250	*	*	*	*	*	45363	*
H	2362	250	90.8	+	0	0	250M	533624	45363
L	2281	250	*	*	*	*	*	72820	*
H	2281	250	98.8	+	0	0	250M	519290	72820
L	2122	250	*	*	*	*	*	113265	*
H	2122	250	97.2	+	0	0	250M	499035	113265
L	1693	250	*	*	*	*	*	186275	*
H	1693	250	92.8	+	0	0	250M	470117	186275
L	1380	250	*	*	*	*	*	251702	*
H	1380	250	92.8	+	0	0	250M	469663	251702
L	2474	250	*	*	*	*	*	12520	*
H	2474	250	93.6	+	0	0	59MI190MD	439804	12520
L	2837	250	*	*	*	*	*	1922365	*
H	2837	250	92.8	+	0	0	86MD108MD14MD39M3I	430191	1922365
L	1679	250	*	*	*	*	*	187297	*
H	1679	250	96.8	+	0	0	96MD153MI	391286	187297
L	2028	250	*	*	*	*	*	144720	*
H	2028	250	96.0	+	0	0	98MD151MI	383023	144720
L	4062	250	*	*	*	*	*	4347159	*
H	4062	250	97.6	+	0	0	250M	365385	4347159
L	3821	250	*	*	*	*	*	808021	*
H	3821	250	98.4	+	0	0	109MD140MI	348790	808021
L	3453	250	*	*	*	*	*	3385021	*
H	3453	250	97.2	+	0	0	7MD23MD218M2I	347704	3385021
L	922	250	*	*	*	*	*	344394	*
H	922	250	98.8	+	0	0	250M	347553	344394
L	353	250	*	*	*	*	*	584241	*
H	353	250	93.2	+	0	0	31M8D57M4I123M3I31MI	346340	584241
L	1758	250	*	*	*	*	*	181791	*
H	1758	250	94.4	+	0	0	250M	338355	181791
L	4326	250	*	*	*	*	*	4395096	*
H	4326	250	99.6	+	0	0	250M	321972	4395096
L	1806	250	*	*	*	*	*	178213	*
H	1806	250	97.6	+	0	0	250M	316438	178213
L	1001	250	*	*	*	*	*	328035	*
H	1001	250	98.8	+	0	0	250M	299770	328035
L	1183	250	*	*	*	*	*	289216	*
H	1183	250	100.0	+	0	0	250M	292404	289216
L	928	250	*	*	*	*	*	343239	*
H	928	250	99.6	+	0	0	250M	276678	343239
L	2258	250	*	*	*	*	*	79540	*
H	2258	250	96.8	+	0	0	17MD54MD29MD147M3I	276106	79540
L	3242	250	*	*	*	*	*	1136256	*
H	3242	250	99.6	+	0	0	250M	274900	1136256
L	3391	250	*	*	*	*	*	3261476	*
H	3391	250	97.2	+	0	0	250M	273647	3261476
L	3450	250	*	*	*	*	*	790610	*
H	3450	250	97.6	+	0	0	2I248M2D	270818	790610
L	2182	250	*	*	*	*	*	103285	*
H	2182	250	97.6	+	0	0	250M	268353	103285
L	526	250	*	*	*	*	*	547806	*
H	526	250	99.6	+	0	0	250M	267698	547806
L	1767	250	*	*	*	*	*	181436	*
H	1767	250	99.2	+	0	0	42MD207MI	267323	181436
L	3753	250	*	*	*	*	*	1105883	*
H	3753	250	98.0	+	0	0	250M	261920	1105883
N	*	250	*	*	*	*	*	261369	*
L	4129	250	*	*	*	*	*	725990	*
H	4129	250	97.6	+	0	0	I9MD32MD29MD85MD91M3I	258212	725990
L	2426	250	*	*	*	*	*	16054	*
H	2426	250	98.4	+	0	0	250M	251456	16054
N	*	250	*	*	*	*	*	247626	*
L	2335	250	*	*	*	*	*	56204	*
H	2335	250	93.6	+	0	0	8MD13MD12M2D44MD8MD26MD10MD121M8I	247070	56204
L	2954	250	*	*	*	*	*	1135231	*
H	2954	250	98.4	+	0	0	250M	246846	1135231
L	1459	250	*	*	*	*	*	234790	*
H	1459	250	91.6	+	0	0	166MD83MI	235762	234790
L	3999	250	*	*	*	*	*	4331976	*
H	3999	250	97.2	+	0	0	250M	235720	4331976
L	513	250	*	*	*	*	*	550712	*
H	513	250	98.0	+	0	0	D249MI	221379	550712
L	524	250	*	*	*	*	*	548469	*
H	524	250	94.0	+	0	0	6MD243MI	220715	548469
L	2981	250	*	*	*	*	*	1141633	*
H	2981	250	100.0	+	0	0	250M	217386	1141633
L	2210	250	*	*	*	*	*	99373	*
H	2210	250	92.4	+	0	0	250M	211532	99373
L	1728	250	*	*	*	*	*	184263	*
H	1728	250	91.2	+	0	0	250M	209237	184263
L	3030	250	*	*	*	*	*	648540	*
H	3030	250	97.6	+	0	0	250M	203093	648540
L	2077	250	*	*	*	*	*	136508	*
H	2077	250	96.4	+	0	0	72MI26MI150M2D	199880	136508
H	1693	250	93.2	+	0	0	112MD137MI	199654	186275
L	3547	250	*	*	*	*	*	821185	*
H	3547	250	99.2	+	0	0	250M	199229	821185
L	2853	250	*	*	*	*	*	1954303	*
H	2853	250	96.8	+	0	0	250M	197631	1954303
L	1513	250	*	*	*	*	*	210269	*
H	1513	250	94.8	+	0	0	250M	197265	210269
L	4188	250	*	*	*	*	*	4369927	*
H	4188	250	98.0	+	0	0	250M	196652	4369927
L	555	250	*	*	*	*	*	539939	*
H	555	250	90.4	+	0	0	250M	192515	539939
L	2540	250	*	*	*	*	*	8012	*
H	2540	250	96.0	+	0	0	139MD110MI	191570	8012
L	1596	250	*	*	*	*	*	194772	*
H	1596	250	98.4	+	0	0	250M	189244	194772
L	4531	250	*	*	*	*	*	4439195	*
H	4531	250	95.6	+	0	0	250M	189028	4439195
L	496	250	*	*	*	*	*	554499	*
H	496	250	90.0	+	0	0	125MD124MI	181039	554499
N	*	250	*	*	*	*	*	171820	*
L	4356	250	*	*	*	*	*	4403542	*
H	4356	250	98.8	+	0	0	250M	166235	4403542
L	434	250	*	*	*	*	*	566839	*
H	434	250	95.6	+	0	0	160MD19MD69M2I	162067	566839
L	2298	250	*	*	*	*	*	70057	*
H	2298	250	98.0	+	0	0	250M	160928	70057
L	222	250	*	*	*	*	*	804867	*
H	222	250	92.4	+	0	0	250M	158785	804867
L	1979	250	*	*	*	*	*	155362	*
H	1979	250	96.4	+	0	0	250M	156357	155362
L	2881	250	*	*	*	*	*	2027409	*
H	2881	250	98.8	+	0	0	250M	154130	2027409
L	1938	250	*	*	*	*	*	160873	*
H	1938	250	98.8	+	0	0	250M	146743	160873
L	3271	250	*	*	*	*	*	1123147	*
H	3271	250	99.2	+	0	0	250M	146037	1123147
L	2666	250	*	*	*	*	*	1144371	*
H	2666	250	94.8	+	0	0	161MD88MI	134228	1144371
L	755	250	*	*	*	*	*	411486	*
H	755	250	96.4	+	0	0	250M	134032	411486
L	1402	250	*	*	*	*	*	247332	*
H	1402	250	99.2	+	0	0	42MI207MD	132602	247332
L	3196	250	*	*	*	*	*	625693	*
H	3196	250	92.0	+	0	0	250M	131660	625693
L	4199	250	*	*	*	*	*	4371645	*
H	4199	250	93.2	+	0	0	250M	130864	4371645
N	*	250	*	*	*	*	*	119349	*
L	4515	250	*	*	*	*	*	4435982	*
H	4515	250	96.8	+	0	0	250M	114572	4435982
L	1218	250	*	*	*	*	*	277682	*
H	1218	250	98.4	+	0	0	181MD68MI	111659	277682
L	261	250	*	*	*	*	*	719343	*
H	261	250	97.6	+	0	0	250M	110879	719343
L	3497	250	*	*	*	*	*	3485581	*
H	3497	250	90.4	+	0	0	250M	109364	3485581
L	2521	250	*	*	*	*	*	9498	*
H	2521	250	95.2	+	0	0	250M	108732	9498
H	2366	250	96.4	+	0	0	250M	108433	42664
L	2702	250	*	*	*	*	*	1137409	*
H	2702	250	90.4	+	0	0	250M	108386	1137409
L	4149	250	*	*	*	*	*	4362383	*
H	4149	250	96.4	+	0	0	250M	107976	4362383
N	*	250	*	*	*	*	*	107044	*
L	2560	250	*	*	*	*	*	7347	*
H	2560	250	98.8	+	0	0	250M	106310	7347
L	985	250	*	*	*	*	*	331282	*
H	985	250	97.6	+	0	0	250M	102915	331282
L	1028	250	*	*	*	*	*	317124	*
H	1028	250	97.6	+	0	0	250M	102149	317124
L	1526	250	*	*	*	*	*	203166	*
H	1526	250	94.8	+	0	0	250M	100775	203166
H	782	250	100.0	+	0	0	250M	100027	372473
L	2613	250	*	*	*	*	*	3232	*
H	2613	250	90.8	+	0	0	250M	99430	3232
L	1444	250	*	*	*	*	*	238205	*
H	1444	250	97.6	+	0	0	250M	73000	238205
H	1767	250	98.8	+	0	0	250M	72155	181436
L	2950	250	*	*	*	*	*	811996	*
H	2950	250	90.0	+	0	0	132MD117MI	60017	811996
L	2582	250	*	*	*	*	*	5066	*
H	2582	250	95.2	+	0	0	250M	59721	5066
L	3826	250	*	*	*	*	*	4282872	*
H	3826	250	93.2	+	0	0	I8MI15MI103MI120M4D	55243	4282872
L	756	250	*	*	*	*	*	410549	*
H	756	250	93.2	+	0	0	9MI56M2I43MI22MI115M5D	54854	410549
L	507	250	*	*	*	*	*	552849	*
H	507	250	96.8	+	0	0	250M	47463	552849
L	2565	250	*	*	*	*	*	6648	*
H	2565	250	92.8	+	0	0	250M	46257	6648
L	516	250	*	*	*	*	*	550415	*
H	516	250	96.8	+	0	0	250M	45962	550415
L	2499	250	*	*	*	*	*	10945	*
H	2499	250	97.6	+	0	0	250M	34757	10945
L	4204	250	*	*	*	*	*	4372372	*
H	4204	250	97.6	+	0	0	231MD18MI	33272	4372372
L	187	250	*	*	*	*	*	828483	*
H	187	250	93.2	+	0	0	250M	31319	828483
L	474	250	*	*	*	*	*	558128	*
H	474	250	96.8	+	0	0	250M	26799	558128
L	1503	250	*	*	*	*	*	216497	*
H	1503	250	96.4	+	0	0	250M	21214	216497
L	4337	250	*	*	*	*	*	4396481	*
H	4337	250	94.4	+	0	0	124MD27MI12MI17MI13M2I52M4D	17261	4396481
L	265	250	*	*	*	*	*	712047	*
H	265	250	98.8	+	0	0	73MI154MD22M	16234	712047
L	1390	250	*	*	*	*	*	248740	*
H	1390	250	96.0	+	0	0	250M	16191	248740
L	1136	250	*	*	*	*	*	295974	*
H	1136	250	97.2	+	0	0	250M	16144	295974
L	2431	250	*	*	*	*	*	15740	*
H	2431	250	98.4	+	0	0	250M	15785	15740
L	4292	250	*	*	*	*	*	4389141	*
H	4292	250	96.0	+	0	0	53M2I43MI151M3D	14982	4389141
H	2669	250	98.0	+	0	0	250M	14592	1145943
L	3740	250	*	*	*	*	*	4098279	*
H	3740	250	99.2	+	0	0	250M	14500	4098279
L	4165	250	*	*	*	*	*	4365806	*
H	4165	250	92.8	+	0	0	210MI39MD	14348	4365806
L	4649	250	*	*	*	*	*	4465498	*
H	4649	250	93.6	+	0	0	250M	14180	4465498
L	1314	250	*	*	*	*	*	263138	*
H	1314	250	90.8	+	0	0	250M	13953	263138
L	2459	250	*	*	*	*	*	13811	*
H	2459	250	96.0	+	0	0	250M	13813	13811
L	3346	250	*	*	*	*	*	1131768	*
H	3346	250	98.4	+	0	0	250M	13730	1131768
L	391	250	*	*	*	*	*	575299	*
H	391	250	95.6	+	0	0	250M	13568	575299
L	4247	250	*	*	*	*	*	4381192	*
H	4247	250	98.4	+	0	0	250M	13485	4381192
L	558	250	*	*	*	*	*	539230	*
H	558	250	98.0	+	0	0	250M	12702	539230
L	536	250	*	*	*	*	*	544630	*
H	536	250	94.4	+	0	0	250M	10898	544630
L	2103	250	*	*	*	*	*	130219	*
H	2103	250	95.6	+	0	0	250M	10829	130219
L	2369	250	*	*	*	*	*	41059	*
H	2369	250	95.6	+	0	0	110MI10MD129M	10672	41059
N	*	250	*	*	*	*	*	10430	*
L	511	250	*	*	*	*	*	551931	*
H	511	250	98.8	+	0	0	250M	10298	551931
H	2511	250	99.6	+	0	0	250M	9819	10180
L	2762	250	*	*	*	*	*	1137471	*
H	2762	250	97.2	+	0	0	250M	9510	1137471
L	2248	250	*	*	*	*	*	83013	*
H	2248	250	94.8	+	0	0	221MD28MI	9475	83013
L	2194	250	*	*	*	*	*	101788	*
H	2194	250	96.4	+	0	0	250M	9036	101788
L	300	250	*	*	*	*	*	644016	*
H	300	250	98.0	+	0	0	124MI125MD	8849	644016
L	2538	250	*	*	*	*	*	8091	*
H	2538	250	96.8	+	0	0	250M	8104	8091
L	1452	250	*	*	*	*	*	236913	*
H	1452	250	95.6	+	0	0	250M	7999	236913
L	2544	250	*	*	*	*	*	7980	*
H	2544	250	94.4	+	0	0	250M	7983	7980
L	2207	250	*	*	*	*	*	99452	*
H	2207	250	93.2	+	0	0	86MI53MI109M2D	7973	99452
L	199	250	*	*	*	*	*	822776	*
H	199	250	100.0	+	0	0	250M	7316	822776
L	3916	250	*	*	*	*	*	4312977	*
H	3916	250	97.6	+	0	0	250M	5441	4312977
L	2612	250	*	*	*	*	*	3307	*
H	2612	250	92.8	+	0	0	175MI74MD	3308	3307
L	2626	250	*	*	*	*	*	2195	*
H	2626	250	93.6	+	0	0	238MD11MI	2222	2195
N	*	250	*	*	*	*	*	1522389	*
H	2538	250	96.0	+	0	0	250M	1128670	8091
L	3168	250	*	*	*	*	*	2686384	*
H	3168	250	91.2	+	0	0	250M	1614788	2686384
L	547	250	*	*	*	*	*	541894	*
H	547	250	98.8	+	0	0	250M	1139097	541894
L	4510	250	*	*	*	*	*	4435279	*
H	4510	250	99.6	+	0	0	250M	1143460	4435279
L	2262	250	*	*	*	*	*	77692	*
H	2262	250	95.6	+	0	0	250M	638076	77692
L	3095	250	*	*	*	*	*	2511694	*
H	3095	250	94.0	+	0	0	89M2I22M2I135M4D	1742076	2511694
L	3645	250	*	*	*	*	*	1129883	*
H	3645	250	100.0	+	0	0	250M	648692	1129883
L	3364	250	*	*	*	*	*	1139148	*
H	3364	250	97.6	+	0	0	250M	1134626	1139148
L	2485	250	*	*	*	*	*	12133	*
H	2485	250	98.8	+	0	0	250M	805980	12133
L	3130	250	*	*	*	*	*	1144223	*
H	3130	250	94.8	+	0	0	250M	1801171	1144223
L	3590	250	*	*	*	*	*	759349	*
H	3590	250	99.6	+	0	0	250M	1129461	759349
L	4668	250	*	*	*	*	*	4467983	*
H	4668	250	95.6	+	0	0	250M	1842075	4467983
L	2259	250	*	*	*	*	*	78432	*
H	2259	250	96.4	+	0	0	250M	709363	78432
L	1522	250	*	*	*	*	*	205772	*
H	1522	250	98.0	+	0	0	250M	1125235	205772
H	756	250	100.0	+	0	0	250M	1138883	410549
L	4747	250	*	*	*	*	*	4482366	*
H	4747	250	95.6	+	0	0	131MI118MD	681590	4482366
L	289	250	*	*	*	*	*	662645	*
H	289	250	96.4	+	0	0	62MI6MI43MD26MI9MI100M3D	668919	662645
L	3925	250	*	*	*	*	*	4315215	*
H	3925	250	95.6	+	0	0	250M	684018	4315215
L	3199	250	*	*	*	*	*	2755928	*
H	3199	250	96.0	+	0	0	250M	791732	2755928
L	3509	250	*	*	*	*	*	3509164	*
H	3509	250	96.4	+	0	0	250M	1125228	3509164
N	*	250	*	*	*	*	*	2000753	*
L	4635	250	*	*	*	*	*	4463224	*
H	4635	250	95.2	+	0	0	250M	743649	4463224
L	3602	250	*	*	*	*	*	698296	*
H	3602	250	95.6	+	0	0	250M	2046080	698296
N	*	250	*	*	*	*	*	2084902	*
L	4740	250	*	*	*	*	*	4480970	*
H	4740	250	95.6	+	0	0	171MI78MD	2085032	4480970
L	2454	250	*	*	*	*	*	14131	*
H	2454	250	91.6	+	0	0	250M	838196	14131
L	2769	250	*	*	*	*	*	1797336	*
H	2769	250	98.8	+	0	0	250M	1119783	1797336
L	2826	250	*	*	*	*	*	1134454	*
H	2826	250	100.0	+	0	0	250M	1143228	1134454
L	2445	250	*	*	*	*	*	14457	*
H	2445	250	97.2	+	0	0	250M	1134197	14457
L	699	250	*	*	*	*	*	513513	*
H	699	250	92.8	+	0	0	250M	721930	513513
N	*	250	*	*	*	*	*	2142514	*
L	3501	250	*	*	*	*	*	790312	*
H	3501	250	96.0	+	0	0	250M	1135553	790312
L	284	250	*	*	*	*	*	681954	*
H	284	250	99.2	+	0	0	250M	1141123	681954
H	922	250	98.0	+	0	0	250M	1121753	344394
L	4028	250	*	*	*	*	*	4339173	*
H	4028	250	95.2	+	0	0	250M	1124905	4339173
N	*	250	*	*	*	*	*	2286116	*
L	3413	250	*	*	*	*	*	3312521	*
H	3413	250	99.6	+	0	0	250M	2325277	3312521
H	3753	250	99.6	+	0	0	250M	1108701	1105883
L	4180	250	*	*	*	*	*	4368045	*
H	4180	250	94.4	+	0	0	250M	2398623	4368045
L	2180	250	*	*	*	*	*	104045	*
H	2180	250	98.4	+	0	0	250M	1138255	104045
N	*	250	*	*	*	*	*	1143960	*
L	2639	250	*	*	*	*	*	1125402	*
H	2639	250	95.6	+	0	0	250M	1136687	1125402
L	449	250	*	*	*	*	*	563536	*
H	449	250	99.2	+	0	0	250M	646051	563536
L	1524	250	*	*	*	*	*	205122	*
H	1524	250	95.6	+	0	0	250M	1133255	205122
L	2634	250	*	*	*	*	*	1199	*
H	2634	250	99.6	+	0	0	250M	2551318	1199
L	2033	250	*	*	*	*	*	143784	*
H	2033	250	97.2	+	0	0	250M	1131423	143784
L	1366	250	*	*	*	*	*	255657	*
H	1366	250	94.4	+	0	0	250M	1139884	255657
L	4604	250	*	*	*	*	*	4456886	*
H	4604	250	98.4	+	0	0	26MD199MD23M2I	2611121	4456886
L	3243	250	*	*	*	*	*	326714	*
H	3243	250	95.2	+	0	0	250M	1110313	326714
H	2122	250	98.4	+	0	0	250M	650615	113265
L	4399	250	*	*	*	*	*	4411366	*
H	4399	250	95.2	+	0	0	D249MI	1122362	4411366
L	491	250	*	*	*	*	*	555568	*
H	491	250	97.6	+	0	0	250M	1135947	555568
L	4728	250	*	*	*	*	*	4478762	*
H	4728	250	99.6	+	0	0	250M	2749362	4478762
L	3159	250	*	*	*	*	*	1115889	*
H	3159	250	99.2	+	0	0	250M	1114321	1115889
L	54	250	*	*	*	*	*	1039477	*
H	54	250	90.0	+	0	0	250M	1097955	1039477
L	4109	250	*	*	*	*	*	4354266	*
H	4109	250	93.6	+	0	0	178MD71MI	2903258	4354266
L	4724	250	*	*	*	*	*	4477989	*
H	4724	250	94.0	+	0	0	250M	2938850	4477989
L	68	250	*	*	*	*	*	1017181	*
H	68	250	92.8	+	0	0	116MI133MD	1128226	1017181
H	4028	250	96.8	+	0	0	250M	1139660	4339173
L	4256	250	*	*	*	*	*	4383165	*
H	4256	250	94.8	+	0	0	250M	1126182	4383165
N	*	250	*	*	*	*	*	3002161	*
L	3796	250	*	*	*	*	*	4227110	*
H	3796	250	96.0	+	0	0	22MD78MD25MD122M3I	3015662	4227110
H	353	250	97.6	+	0	0	250M	3035013	584241
H	199	250	99.6	+	0	0	250M	1137185	822776
L	669	250	*	*	*	*	*	518033	*
H	669	250	91.6	+	0	0	76MI173MD	1107385	518033
L	4151	250	*	*	*	*	*	4363413	*
H	4151	250	95.2	+	0	0	250M	3132417	4363413
L	441	250	*	*	*	*	*	565130	*
H	441	250	94.8	+	0	0	2I248M2D	1128592	565130
L	3334	250	*	*	*	*	*	933356	*
H	3334	250	98.8	+	0	0	250M	1129841	933356
H	1806	250	98.8	+	0	0	250M	3200278	178213
L	2902	250	*	*	*	*	*	2062820	*
H	2902	250	91.6	+	0	0	250M	1145607	2062820
L	4290	250	*	*	*	*	*	4388952	*
H	4290	250	96.8	+	0	0	250M	1139304	4388952
N	*	250	*	*	*	*	*	1142767	*
H	2669	250	95.6	+	0	0	250M	1131131	1145943
H	2499	250	100.0	+	0	0	250M	1135946	10945
H	1452	250	95.6	+	0	0	250M	806221	236913
H	2511	250	98.4	+	0	0	250M	828524	10180
L	4166	250	*	*	*	*	*	4365879	*
H	4166	250	92.8	+	0	0	150MI99MD	1123794	4365879
L	3724	250	*	*	*	*	*	956702	*
H	3724	250	97.6	+	0	0	250M	767448	956702
L	2310	250	*	*	*	*	*	66026	*
H	2310	250	98.8	+	0	0	250M	1115975	66026
L	2945	250	*	*	*	*	*	1134510	*
H	2945	250	96.8	+	0	0	250M	1139920	1134510
L	4365	250	*	*	*	*	*	4406393	*
H	4365	250	90.4	+	0	0	250M	3641998	4406393
N	*	250	*	*	*	*	*	3695679	*
H	3159	250	98.0	+	0	0	215MD34MI	1134462	1115889
L	2112	250	*	*	*	*	*	119010	*
H	2112	250	96.4	+	0	0	128MD47MD29MD34MD8M4I	3908648	119010
H	2521	250	95.6	+	0	0	250M	1134168	9498
N	*	250	*	*	*	*	*	3953781	*
L	3135	250	*	*	*	*	*	1144898	*
H	3135	250	94.0	+	0	0	250M	624220	1144898
L	428	250	*	*	*	*	*	567669	*
H	428	250	97.6	+	0	0	250M	784643	567669
L	2410	250	*	*	*	*	*	23566	*
H	2410	250	95.6	+	0	0	250M	821812	23566
L	1884	250	*	*	*	*	*	170244	*
H	1884	250	92.8	+	0	0	250M	1136972	170244
L	3718	250	*	*	*	*	*	4041571	*
H	3718	250	99.2	+	0	0	250M	4041568	4041571
L	4727	250	*	*	*	*	*	4478591	*
H	4727	250	93.2	+	0	0	123MD126MI	4042859	4478591
L	4211	250	*	*	*	*	*	4373910	*
H	4211	250	98.0	+	0	0	250M	1106060	4373910
L	1169	250	*	*	*	*	*	290842	*
H	1169	250	97.6	+	0	0	250M	1133391	290842
L	3759	250	*	*	*	*	*	1146685	*
H	3759	250	97.2	+	0	0	250M	660708	1146685
L	4377	250	*	*	*	*	*	4407974	*
H	4377	250	92.0	+	0	0	250M	836917	4407974
N	*	250	*	*	*	*	*	4108286	*
H	536	250	97.6	+	0	0	250M	1121107	544630
H	3271	250	98.4	+	0	0	243MD6MI	4153526	1123147
L	3644	250	*	*	*	*	*	1137136	*
H	3644	250	99.2	+	0	0	250M	4154525	1137136
L	440	250	*	*	*	*	*	565851	*
H	440	250	99.6	+	0	0	250M	1123994	565851
L	2739	250	*	*	*	*	*	1730876	*
H	2739	250	91.6	+	0	0	250M	1134116	1730876
H	3999	250	96.8	+	0	0	250M	1142524	4331976
L	4032	250	*	*	*	*	*	4339627	*
H	4032	250	96.8	+	0	0	250M	1145893	4339627
L	1089	250	*	*	*	*	*	304779	*
H	1089	250	99.2	+	0	0	250M	818516	304779
L	4316	250	*	*	*	*	*	4393352	*
H	4316	250	99.6	+	0	0	250M	4270835	4393352
L	2797	250	*	*	*	*	*	1124808	*
H	2797	250	99.6	+	0	0	19MD11MI219M	4299696	1124808
L	2689	250	*	*	*	*	*	623190	*
H	2689	250	98.4	+	0	0	250M	4307258	623190
L	1187	250	*	*	*	*	*	288235	*
H	1187	250	98.4	+	0	0	250M	4307897	288235
L	164	250	*	*	*	*	*	866280	*
H	164	250	92.0	+	0	0	73MD176MI	4323024	866280
L	2189	250	*	*	*	*	*	102222	*
H	2189	250	98.0	+	0	0	250M	4327415	102222
H	511	250	98.8	+	0	0	250M	4328299	551931
L	2429	250	*	*	*	*	*	15851	*
H	2429	250	98.4	+	0	0	127MD122MI	4331684	15851
L	4596	250	*	*	*	*	*	4455298	*
H	4596	250	95.6	+	0	0	250M	4337248	4455298
L	4175	250	*	*	*	*	*	4367260	*
H	4175	250	92.4	+	0	0	250M	4339256	4367260
L	1898	250	*	*	*	*	*	168194	*
H	1898	250	98.4	+	0	0	250M	4342039	168194
H	2028	250	93.6	+	0	0	250M	4344241	144720
H	511	250	99.6	+	0	0	250M	4344960	551931
L	2910	250	*	*	*	*	*	2072645	*
H	2910	250	100.0	+	0	0	250M	656881	2072645
H	1366	250	95.2	+	0	0	250M	4361423	255657
L	2608	250	*	*	*	*	*	3804	*
H	2608	250	93.2	+	0	0	250M	4362465	3804
L	4708	250	*	*	*	*	*	4475144	*
H	4708	250	99.2	+	0	0	250M	4364469	4475144
L	1507	250	*	*	*	*	*	212584	*
H	1507	250	100.0	+	0	0	250M	4364892	212584
L	2312	250	*	*	*	*	*	64384	*
H	2312	250	94.8	+	0	0	39M2I7MI8MI192M4D	4373641	64384
L	2668	250	*	*	*	*	*	1127851	*
H	2668	250	97.2	+	0	0	250M	4378213	1127851
L	3061	250	*	*	*	*	*	1139233	*
H	3061	250	98.4	+	0	0	250M	4379731	1139233
H	1314	250	95.6	+	0	0	250M	4381303	263138
L	2822	250	*	*	*	*	*	1891556	*
H	2822	250	99.2	+	0	0	128MD76MD44M2I	4385067	1891556
L	3620	250	*	*	*	*	*	3773438	*
H	3620	250	98.4	+	0	0	14MD15MD28MD107MD82M4I	4386115	3773438
L	3715	250	*	*	*	*	*	4028751	*
H	3715	250	94.8	+	0	0	250M	4388908	4028751
H	1136	250	93.2	+	0	0	250M	4390479	295974
L	3321	250	*	*	*	*	*	1136795	*
H	3321	250	95.2	+	0	0	250M	4394966	1136795
H	2281	250	90.8	+	0	0	2I248M2D	4396138	72820
L	3625	250	*	*	*	*	*	944401	*
H	3625	250	96.4	+	0	0	250M	4397087	944401
L	4388	250	*	*	*	*	*	4410244	*
H	4388	250	96.4	+	0	0	113M2D31MI104MI	4401868	4410244
L	4021	250	*	*	*	*	*	4337455	*
H	4021	250	97.6	+	0	0	250M	4402516	4337455
H	3243	250	95.2	+	0	0	250M	4403441	326714
L	2200	250	*	*	*	*	*	100757	*
H	2200	250	98.4	+	0	0	250M	4404095	100757
L	1557	250	*	*	*	*	*	197924	*
H	1557	250	96.0	+	0	0	250M	4414420	197924
L	3665	250	*	*	*	*	*	830475	*
H	3665	250	93.6	+	0	0	250M	4415616	830475
L	3494	250	*	*	*	*	*	1127789	*
H	3494	250	97.6	+	0	0	250M	4416658	1127789
L	2441	250	*	*	*	*	*	14583	*
H	2441	250	97.6	+	0	0	250M	4416988	14583
L	535	250	*	*	*	*	*	544824	*
H	535	250	100.0	+	0	0	250M	4418165	544824
L	762	250	*	*	*	*	*	400480	*
H	762	250	91.2	+	0	0	250M	4419428	400480
L	184	250	*	*	*	*	*	832772	*
H	184	250	97.6	+	0	0	250M	4419566	832772
L	4657	250	*	*	*	*	*	4466720	*
H	4657	250	94.4	+	0	0	222MI27MD	4423885	4466720
L	251	250	*	*	*	*	*	735185	*
H	251	250	99.6	+	0	0	99MD68MI82M	4426296	735185
H	2281	250	98.0	+	0	0	250M	4426298	72820
H	2981	250	95.2	+	0	0	250M	4426339	1141633
L	4240	250	*	*	*	*	*	4380413	*
H	4240	250	100.0	+	0	0	250M	4432439	4380413
L	3188	250	*	*	*	*	*	728860	*
H	3188	250	92.4	+	0	0	134MI115MD	4433760	728860
L	4511	250	*	*	*	*	*	4435422	*
H	4511	250	95.6	+	0	0	250M	4435424	4435422
L	972	250	*	*	*	*	*	336110	*
H	972	250	95.2	+	0	0	250M	4442407	336110
L	4592	250	*	*	*	*	*	4454715	*
H	4592	250	98.0	+	0	0	250M	4443004	4454715
N	*	250	*	*	*	*	*	4447514	*
L	3560	250	*	*	*	*	*	3633321	*
H	3560	250	99.2	+	0	0	250M	4449456	3633321
H	2713	250	96.8	+	0	0	250M	4453466	1143645
H	2298	250	100.0	+	0	0	250M	4455242	70057
L	2635	250	*	*	*	*	*	1174	*
H	2635	250	97.2	+	0	0	250M	4456166	1174
L	4161	250	*	*	*	*	*	4365357	*
H	4161	250	95.6	+	0	0	231MI18MD	4456787	4365357
H	449	250	98.0	+	0	0	250M	4458861	563536
L	3310	250	*	*	*	*	*	3055791	*
H	3310	250	97.6	+	0	0	250M	4461879	3055791
H	491	250	98.4	+	0	0	250M	4462474	555568
H	4180	250	90.8	+	0	0	250M	4462654	4368045
L	2889	250	*	*	*	*	*	2041719	*
H	2889	250	92.0	+	0	0	250M	4466966	2041719
H	1161	250	99.6	+	0	0	250M	4473883	292424
H	4211	250	97.6	+	0	0	250M	4476050	4373910
H	1679	250	96.8	+	0	0	96MD153MI	4479467	187297
L	4068	250	*	*	*	*	*	4347834	*
H	4068	250	99.6	+	0	0	250M	4482362	4347834
L	4900	250	*	*	*	*	*	4463497	*
H	4900	250	95.6	+	0	0	250M	714724	4463497
L	4784	250	*	*	*	*	*	551722	*
H	4784	250	95.2	+	0	0	250M	679966	551722
N	*	250	*	*	*	*	*	557548	*
L	4893	250	*	*	*	*	*	4429983	*
H	4893	250	96.4	+	0	0	250M	131526	4429983
L	4889	250	*	*	*	*	*	4370431	*
H	4889	250	94.8	+	0	0	250M	47968	4370431
L	4773	250	*	*	*	*	*	686537	*
H	4773	250	98.0	+	0	0	250M	43283	686537
N	*	250	*	*	*	*	*	945	*
L	4839	250	*	*	*	*	*	329	*
H	4839	250	95.2	+	0	0	250M	1128360	329
L	4796	250	*	*	*	*	*	241978	*
H	4796	250	99.6	+	0	0	250M	1132808	241978
H	4889	250	93.6	+	0	0	250M	692586	4370431
L	4884	250	*	*	*	*	*	4344999	*
H	4884	250	97.6	+	0	0	250M	1135040	4344999
L	4827	250	*	*	*	*	*	25116	*
H	4827	250	95.6	+	0	0	250M	1126596	25116
L	4843	250	*	*	*	*	*	633056	*
H	4843	250	92.4	+	0	0	250M	813104	633056
L	4865	250	*	*	*	*	*	643724	*
H	4865	250	96.4	+	0	0	250M	544733	643724
H	4773	250	94.0	+	0	0	250M	4308349	686537
L	4764	250	*	*	*	*	*	978530	*
H	4764	250	90.4	+	0	0	250M	4338137	978530
N	*	250	*	*	*	*	*	4404369	*
L	4867	250	*	*	*	*	*	1114397	*
H	4867	250	90.4	+	0	0	250M	4463937	1114397
H	4784	250	92.4	+	0	0	250M	4474546	551722
D	54	2	*	*	*	*	90.0	1039477	*
D	68	2	*	*	*	*	92.8	1017181	*
D	164	2	*	*	*	*	92.0	866280	*
D	181	2	*	*	*	*	99.2	833731	*
D	184	2	*	*	*	*	97.6	832772	*
D	187	2	*	*	*	*	93.2	828483	*
D	199	3	*	*	*	*	99.8	822776	*
D	213	2	*	*	*	*	93.6	814853	*
D	222	2	*	*	*	*	92.4	804867	*
D	251	2	*	*	*	*	99.6	735185	*
D	261	2	*	*	*	*	97.6	719343	*
D	265	2	*	*	*	*	98.8	712047	*
D	278	2	*	*	*	*	91.2	692823	*
D	284	2	*	*	*	*	99.2	681954	*
D	287	2	*	*	*	*	99.2	668105	*
D	289	2	*	*	*	*	96.4	662645	*
D	300	2	*	*	*	*	98.0	644016	*
D	353	3	*	*	*	*	95.4	584241	*
D	391	2	*	*	*	*	95.6	575299	*
D	428	2	*	*	*	*	97.6	567669	*
D	434	2	*	*	*	*	95.6	566839	*
D	437	2	*	*	*	*	90.8	566103	*
D	440	2	*	*	*	*	99.6	565851	*
D	441	2	*	*	*	*	94.8	565130	*
D	449	3	*	*	*	*	98.6	563536	*
D	474	2	*	*	*	*	96.8	558128	*
D	491	3	*	*	*	*	98.0	555568	*
D	496	2	*	*	*	*	90.0	554499	*
D	507	2	*	*	*	*	96.8	552849	*
D	511	4	*	*	*	*	99.1	551931	*
D	513	2	*	*	*	*	98.0	550712	*
D	516	2	*	*	*	*	96.8	550415	*
D	524	2	*	*	*	*	94.0	548469	*
D	526	2	*	*	*	*	99.6	547806	*
D	534	2	*	*	*	*	96.8	544846	*
D	535	2	*	*	*	*	100.0	544824	*
D	536	3	*	*	*	*	96.0	544630	*
D	547	2	*	*	*	*	98.8	541894	*
D	553	2	*	*	*	*	93.6	540423	*
D	555	2	*	*	*	*	90.4	539939	*
D	558	2	*	*	*	*	98.0	539230	*
D	575	2	*	*	*	*	99.6	534898	*
D	669	2	*	*	*	*	91.6	518033	*
D	699	2	*	*	*	*	92.8	513513	*
D	755	2	*	*	*	*	96.4	411486	*
D	756	3	*	*	*	*	96.6	410549	*
D	762	2	*	*	*	*	91.2	400480	*
D	782	3	*	*	*	*	99.8	372473	*
D	922	3	*	*	*	*	98.4	344394	*
D	925	2	*	*	*	*	93.6	343431	*
D	928	2	*	*	*	*	99.6	343239	*
D	972	2	*	*	*	*	95.2	336110	*
D	979	2	*	*	*	*	100.0	332720	*
D	985	2	*	*	*	*	97.6	331282	*
D	1001	2	*	*	*	*	98.8	328035	*
D	1028	2	*	*	*	*	97.6	317124	*
D	1089	2	*	*	*	*	99.2	304779	*
D	1136	3	*	*	*	*	95.2	295974	*
D	1161	3	*	*	*	*	94.8	292424	*
D	1169	2	*	*	*	*	97.6	290842	*
D	1183	2	*	*	*	*	100.0	289216	*
D	1187	2	*	*	*	*	98.4	288235	*
D	1218	2	*	*	*	*	98.4	277682	*
D	1314	3	*	*	*	*	93.2	263138	*
D	1366	3	*	*	*	*	94.8	255657	*
D	1380	2	*	*	*	*	92.8	251702	*
D	1390	2	*	*	*	*	96.0	248740	*
D	1402	2	*	*	*	*	99.2	247332	*
D	1430	2	*	*	*	*	97.2	240661	*
D	1435	2	*	*	*	*	96.0	239924	*
D	1444	2	*	*	*	*	97.6	238205	*
D	1452	3	*	*	*	*	95.6	236913	*
D	1453	2	*	*	*	*	99.2	236778	*
D	1459	2	*	*	*	*	91.6	234790	*
D	1503	2	*	*	*	*	96.4	216497	*
D	1507	2	*	*	*	*	100.0	212584	*
D	1513	2	*	*	*	*	94.8	210269	*
D	1522	2	*	*	*	*	98.0	205772	*
D	1524	2	*	*	*	*	95.6	205122	*
D	1526	2	*	*	*	*	94.8	203166	*
D	1557	2	*	*	*	*	96.0	197924	*
D	1596	2	*	*	*	*	98.4	194772	*
D	1679	3	*	*	*	*	96.8	187297	*
D	1693	3	*	*	*	*	93.0	186275	*
D	1728	2	*	*	*	*	91.2	184263	*
D	1758	2	*	*	*	*	94.4	181791	*
D	1767	3	*	*	*	*	99.0	181436	*
D	1806	3	*	*	*	*	98.2	178213	*
D	1884	2	*	*	*	*	92.8	170244	*
D	1898	2	*	*	*	*	98.4	168194	*
D	1938	2	*	*	*	*	98.8	160873	*
D	1979	2	*	*	*	*	96.4	155362	*
D	2021	2	*	*	*	*	96.0	146917	*
D	2028	3	*	*	*	*	94.8	144720	*
D	2033	2	*	*	*	*	97.2	143784	*
D	2035	2	*	*	*	*	91.2	143101	*
D	2077	2	*	*	*	*	96.4	136508	*
D	2103	2	*	*	*	*	95.6	130219	*
D	2112	2	*	*	*	*	96.4	119010	*
D	2122	3	*	*	*	*	97.8	113265	*
D	2180	2	*	*	*	*	98.4	104045	*
D	2182	2	*	*	*	*	97.6	103285	*
D	2189	2	*	*	*	*	98.0	102222	*
D	2194	2	*	*	*	*	96.4	101788	*
D	2200	2	*	*	*	*	98.4	100757	*
D	2207	2	*	*	*	*	93.2	99452	*
D	2210	2	*	*	*	*	92.4	99373	*
D	2248	2	*	*	*	*	94.8	83013	*
D	2258	2	*	*	*	*	96.8	79540	*
D	2259	2	*	*	*	*	96.4	78432	*
D	2262	2	*	*	*	*	95.6	77692	*
D	2281	4	*	*	*	*	95.9	72820	*
D	2298	3	*	*	*	*	99.0	70057	*
D	2310	2	*	*	*	*	98.8	66026	*
D	2312	2	*	*	*	*	94.8	64384	*
D	2333	2	*	*	*	*	92.4	57758	*
D	2335	2	*	*	*	*	93.6	56204	*
D	2362	2	*	*	*	*	90.8	45363	*
D	2366	3	*	*	*	*	96.8	42664	*
D	2369	2	*	*	*	*	95.6	41059	*
D	2410	2	*	*	*	*	95.6	23566	*
D	2426	2	*	*	*	*	98.4	16054	*
D	2429	2	*	*	*	*	98.4	15851	*
D	2431	2	*	*	*	*	98.4	15740	*
D	2441	2	*	*	*	*	97.6	14583	*
D	2445	2	*	*	*	*	97.2	14457	*
D	2454	2	*	*	*	*	91.6	14131	*
D	2459	2	*	*	*	*	96.0	13811	*
D	2474	2	*	*	*	*	93.6	12520	*
D	2485	2	*	*	*	*	98.8	12133	*
D	2499	3	*	*	*	*	98.8	10945	*
D	2511	5	*	*	*	*	98.2	10180	*
D	2521	3	*	*	*	*	95.4	9498	*
D	2538	3	*	*	*	*	96.4	8091	*
D	2540	2	*	*	*	*	96.0	8012	*
D	2543	2	*	*	*	*	94.4	8001	*
D	2544	2	*	*	*	*	94.4	7980	*
D	2560	2	*	*	*	*	98.8	7347	*
D	2565	2	*	*	*	*	92.8	6648	*
D	2582	2	*	*	*	*	95.2	5066	*
D	2608	2	*	*	*	*	93.2	3804	*
D	2612	2	*	*	*	*	92.8	3307	*
D	2613	2	*	*	*	*	90.8	3232	*
D	2626	2	*	*	*	*	93.6	2195	*
D	2634	2	*	*	*	*	99.6	1199	*
D	2635	2	*	*	*	*	97.2	1174	*
D	2639	2	*	*	*	*	95.6	1125402	*
D	2656	2	*	*	*	*	98.0	1136676	*
D	2666	2	*	*	*	*	94.8	1144371	*
D	2668	2	*	*	*	*	97.2	1127851	*
D	2669	4	*	*	*	*	96.9	1145943	*
D	2689	2	*	*	*	*	98.4	623190	*
D	2702	2	*	*	*	*	90.4	1137409	*
D	2713	3	*	*	*	*	98.0	1143645	*
D	2737	2	*	*	*	*	94.0	1125670	*
D	2739	2	*	*	*	*	91.6	1730876	*
D	2762	2	*	*	*	*	97.2	1137471	*
D	2769	2	*	*	*	*	98.8	1797336	*
D	2797	2	*	*	*	*	99.6	1124808	*
D	2822	2	*	*	*	*	99.2	1891556	*
D	2826	2	*	*	*	*	100.0	1134454	*
D	2837	2	*	*	*	*	92.8	1922365	*
D	2853	2	*	*	*	*	96.8	1954303	*
D	2881	2	*	*	*	*	98.8	2027409	*
D	2889	2	*	*	*	*	92.0	2041719	*
D	2902	2	*	*	*	*	91.6	2062820	*
D	2910	2	*	*	*	*	100.0	2072645	*
D	2945	2	*	*	*	*	96.8	1134510	*
D	2950	2	*	*	*	*	90.0	811996	*
D	2954	2	*	*	*	*	98.4	1135231	*
D	2981	3	*	*	*	*	97.6	1141633	*
D	3002	2	*	*	*	*	94.8	1007399	*
D	3030	2	*	*	*	*	97.6	648540	*
D	3061	2	*	*	*	*	98.4	1139233	*
D	3070	2	*	*	*	*	97.2	2461583	*
D	3095	2	*	*	*	*	94.0	2511694	*
D	3130	2	*	*	*	*	94.8	1144223	*
D	3135	2	*	*	*	*	94.0	1144898	*
D	3159	3	*	*	*	*	98.6	1115889	*
D	3168	2	*	*	*	*	91.2	2686384	*
D	3188	2	*	*	*	*	92.4	728860	*
D	3196	2	*	*	*	*	92.0	625693	*
D	3199	2	*	*	*	*	96.0	2755928	*
D	3242	2	*	*	*	*	99.6	1136256	*
D	3243	3	*	*	*	*	95.2	326714	*
D	3271	3	*	*	*	*	98.8	1123147	*
D	3310	2	*	*	*	*	97.6	3055791	*
D	3321	2	*	*	*	*	95.2	1136795	*
D	3334	2	*	*	*	*	98.8	933356	*
D	3343	2	*	*	*	*	95.6	925397	*
D	3346	2	*	*	*	*	98.4	1131768	*
D	3364	2	*	*	*	*	97.6	1139148	*
D	3391	2	*	*	*	*	97.2	3261476	*
D	3413	2	*	*	*	*	99.6	3312521	*
D	3441	2	*	*	*	*	100.0	761592	*
D	3450	2	*	*	*	*	97.6	790610	*
D	3453	2	*	*	*	*	97.2	3385021	*
D	3494	2	*	*	*	*	97.6	1127789	*
D	3497	2	*	*	*	*	90.4	3485581	*
D	3501	2	*	*	*	*	96.0	790312	*
D	3509	2	*	*	*	*	96.4	3509164	*
D	3545	2	*	*	*	*	98.4	1144619	*
D	3547	2	*	*	*	*	99.2	821185	*
D	3560	2	*	*	*	*	99.2	3633321	*
D	3590	2	*	*	*	*	99.6	759349	*
D	3602	2	*	*	*	*	95.6	698296	*
D	3615	2	*	*	*	*	99.6	3761170	*
D	3620	2	*	*	*	*	98.4	3773438	*
D	3625	2	*	*	*	*	96.4	944401	*
D	3644	2	*	*	*	*	99.2	1137136	*
D	3645	2	*	*	*	*	100.0	1129883	*
D	3665	2	*	*	*	*	93.6	830475	*
D	3715	2	*	*	*	*	94.8	4028751	*
D	3718	2	*	*	*	*	99.2	4041571	*
D	3724	2	*	*	*	*	97.6	956702	*
D	3740	2	*	*	*	*	99.2	4098279	*
D	3753	3	*	*	*	*	98.8	1105883	*
D	3759	2	*	*	*	*	97.2	1146685	*
D	3796	2	*	*	*	*	96.0	4227110	*
D	3821	2	*	*	*	*	98.4	808021	*
D	3826	2	*	*	*	*	93.2	4282872	*
D	3916	2	*	*	*	*	97.6	4312977	*
D	3925	2	*	*	*	*	95.6	4315215	*
D	3999	3	*	*	*	*	97.0	4331976	*
D	4021	2	*	*	*	*	97.6	4337455	*
D	4028	3	*	*	*	*	96.0	4339173	*
D	4032	2	*	*	*	*	96.8	4339627	*
D	4062	2	*	*	*	*	97.6	4347159	*
D	4068	2	*	*	*	*	99.6	4347834	*
D	4109	2	*	*	*	*	93.6	4354266	*
D	4129	2	*	*	*	*	97.6	725990	*
D	4149	2	*	*	*	*	96.4	4362383	*
D	4151	2	*	*	*	*	95.2	4363413	*
D	4161	2	*	*	*	*	95.6	4365357	*
D	4165	2	*	*	*	*	92.8	4365806	*
D	4166	2	*	*	*	*	92.8	4365879	*
D	4175	2	*	*	*	*	92.4	4367260	*
D	4180	3	*	*	*	*	92.6	4368045	*
D	4188	2	*	*	*	*	98.0	4369927	*
D	4199	2	*	*	*	*	93.2	4371645	*
D	4204	2	*	*	*	*	97.6	4372372	*
D	4211	3	*	*	*	*	97.8	4373910	*
D	4240	2	*	*	*	*	100.0	4380413	*
D	4247	2	*	*	*	*	98.4	4381192	*
D	4256	2	*	*	*	*	94.8	4383165	*
D	4290	2	*	*	*	*	96.8	4388952	*
D	4292	2	*	*	*	*	96.0	4389141	*
D	4316	2	*	*	*	*	99.6	4393352	*
D	4326	2	*	*	*	*	99.6	4395096	*
D	4337	2	*	*	*	*	94.4	4396481	*
D	4356	2	*	*	*	*	98.8	4403542	*
D	4365	2	*	*	*	*	90.4	4406393	*
D	4377	2	*	*	*	*	92.0	4407974	*
D	4378	2	*	*	*	*	99.6	4408009	*
D	4388	2	*	*	*	*	96.4	4410244	*
D	4399	2	*	*	*	*	95.2	4411366	*
D	4510	2	*	*	*	*	99.6	4435279	*
D	4511	2	*	*	*	*	95.6	4435422	*
D	4515	2	*	*	*	*	96.8	4435982	*
D	4531	2	*	*	*	*	95.6	4439195	*
D	4587	2	*	*	*	*	98.0	4454140	*
D	4592	2	*	*	*	*	98.0	4454715	*
D	4596	2	*	*	*	*	95.6	4455298	*
D	4604	2	*	*	*	*	98.4	4456886	*
D	4625	2	*	*	*	*	98.0	4460024	*
D	4635	2	*	*	*	*	95.2	4463224	*
D	4649	2	*	*	*	*	93.6	4465498	*
D	4657	2	*	*	*	*	94.4	4466720	*
D	4668	2	*	*	*	*	95.6	4467983	*
D	4708	2	*	*	*	*	99.2	4475144	*
D	4724	2	*	*	*	*	94.0	4477989	*
D	4727	2	*	*	*	*	93.2	4478591	*
D	4728	2	*	*	*	*	99.6	4478762	*
D	4740	2	*	*	*	*	95.6	4480970	*
D	4747	2	*	*	*	*	95.6	4482366	*
D	4764	2	*	*	*	*	90.4	978530	*
D	4773	3	*	*	*	*	96.0	686537	*
D	4784	3	*	*	*	*	93.8	551722	*
D	4796	2	*	*	*	*	99.6	241978	*
D	4827	2	*	*	*	*	95.6	25116	*
D	4839	2	*	*	*	*	95.2	329	*
D	4843	2	*	*	*	*	92.4	633056	*
D	4865	2	*	*	*	*	96.4	643724	*
D	4867	2	*	*	*	*	90.4	1114397	*
D	4884	2	*	*	*	*	97.6	4344999	*
D	4889	3	*	*	*	*	94.2	4370431	*
D	4893	2	*	*	*	*	96.4	4429983	*
D	4900	2	*	*	*	*	95.6	4463497	*
