UclustConsensusTaxonAssigner parameters:
id_to_taxonomy_filepath:/Users/nbokulich/Desktop/projects/short-read-tax-assignment/data/ref_dbs/gg_13_8_otus/99_otu_taxonomy_clean.tsv
id_to_taxonomy_fp:/Users/nbokulich/Desktop/projects/short-read-tax-assignment/data/ref_dbs/gg_13_8_otus/99_otu_taxonomy_clean.tsv
max_accepts:3
min_consensus_fraction:0.76
reference_sequences_fp:/Users/nbokulich/Desktop/projects/short-read-tax-assignment/data/ref_dbs/gg_13_8_otus/99_otus_clean_515f-806r_trim250.fasta
similarity:0.8
unassignable_label:Unassigned
Result path: /var/folders/0t/l1dz88p50y91vx_22fx5w3780000gn/T/assign-tax3tiSDw

.uc file contents:

# uclust --input /Users/nbokulich/Desktop/projects/short-read-tax-assignment/data/mock-community/mock-1/rep_seqs.fna --id 0.8 --rev --maxaccepts 3 --allhits --libonly --lib /Users/nbokulich/Desktop/projects/short-read-tax-assignment/data/ref_dbs/gg_13_8_otus/99_otus_clean_515f-806r_trim250.fasta --uc /var/folders/0t/l1dz88p50y91vx_22fx5w3780000gn/T/UclustConsensusTaxonAssigner_HpHwTE.uc
# version=1.2.22
# Tab-separated fields:
# 1=Type, 2=ClusterNr, 3=SeqLength or ClusterSize, 4=PctId, 5=Strand, 6=QueryStart, 7=SeedStart, 8=Alignment, 9=QueryLabel, 10=TargetLabel
# Record types (field 1): L=LibSeed, S=NewSeed, H=Hit, R=Reject, D=LibCluster, C=NewCluster, N=NoHit
# For C and D types, PctId is average id with seed.
# QueryStart and SeedStart are zero-based relative to start of sequence.
# If minus strand, SeedStart is relative to reverse-complemented seed.
L	18579	250	*	*	*	*	*	4402960	*
H	18579	100	100.0	+	0	0	18I100M132I	ae3fd1a9083ed263b3d55bf6c6572a66	4402960
L	7310	250	*	*	*	*	*	197072	*
H	7310	100	100.0	+	0	0	18I100M132I	ae3fd1a9083ed263b3d55bf6c6572a66	197072
L	4995	250	*	*	*	*	*	335523	*
H	4995	100	97.0	+	0	0	18I100M132I	ae3fd1a9083ed263b3d55bf6c6572a66	335523
L	1320	250	*	*	*	*	*	817146	*
H	1320	100	100.0	+	0	0	18I100M132I	cf1b2275183b5e241f602660c32084a0	817146
L	18069	250	*	*	*	*	*	4377813	*
H	18069	100	100.0	+	0	0	18I100M132I	cf1b2275183b5e241f602660c32084a0	4377813
L	10167	250	*	*	*	*	*	50977	*
H	10167	100	98.0	+	0	0	18I100M132I	cf1b2275183b5e241f602660c32084a0	50977
L	5894	250	*	*	*	*	*	288326	*
H	5894	100	100.0	+	0	0	18I100M132I	e3338a6d212a227ebed5fef419540db4	288326
L	7646	250	*	*	*	*	*	188407	*
H	7646	100	100.0	+	0	0	18I100M132I	e3338a6d212a227ebed5fef419540db4	188407
L	5812	250	*	*	*	*	*	291545	*
H	5812	100	100.0	+	0	0	18I100M132I	e3338a6d212a227ebed5fef419540db4	291545
L	1985	250	*	*	*	*	*	584375	*
H	1985	100	100.0	+	0	0	18I100M132I	3a4ad16e672a171006b1d474099b55af	584375
L	7247	250	*	*	*	*	*	198691	*
H	7247	100	99.0	+	0	0	18I100M132I	3a4ad16e672a171006b1d474099b55af	198691
L	10290	250	*	*	*	*	*	36261	*
H	10290	100	99.0	+	0	0	18I100M132I	3a4ad16e672a171006b1d474099b55af	36261
L	8232	250	*	*	*	*	*	173945	*
H	8232	100	100.0	+	0	0	18I100M132I	9380cc18a1a5bc2912b765c5d9217228	173945
L	19003	250	*	*	*	*	*	4424063	*
H	19003	100	100.0	+	0	0	18I100M132I	9380cc18a1a5bc2912b765c5d9217228	4424063
L	12414	250	*	*	*	*	*	2157494	*
H	12414	100	100.0	+	0	0	18I100M132I	9380cc18a1a5bc2912b765c5d9217228	2157494
L	5254	250	*	*	*	*	*	318987	*
H	5254	100	100.0	+	0	0	18I100M132I	eb8cc7bdabeb5e7dd1ed8af57f5b0daf	318987
L	1577	250	*	*	*	*	*	712861	*
H	1577	100	100.0	+	0	0	18I100M132I	eb8cc7bdabeb5e7dd1ed8af57f5b0daf	712861
L	12993	250	*	*	*	*	*	2472963	*
H	12993	100	100.0	+	0	0	18I100M132I	eb8cc7bdabeb5e7dd1ed8af57f5b0daf	2472963
L	7767	250	*	*	*	*	*	185637	*
H	7767	100	100.0	+	0	0	18I100M132I	f402191c9af7a947b43e1b00c61020bf	185637
L	11289	250	*	*	*	*	*	1552323	*
H	11289	100	100.0	+	0	0	18I100M132I	f402191c9af7a947b43e1b00c61020bf	1552323
L	4711	250	*	*	*	*	*	350802	*
H	4711	100	100.0	+	0	0	18I100M132I	f402191c9af7a947b43e1b00c61020bf	350802
L	1521	250	*	*	*	*	*	741050	*
H	1521	100	100.0	+	0	0	18I100M132I	94ae91ae3283572954655746fb032acf	741050
L	1745	250	*	*	*	*	*	629716	*
H	1745	100	100.0	+	0	0	18I100M132I	94ae91ae3283572954655746fb032acf	629716
L	10839	250	*	*	*	*	*	9700	*
H	10839	100	100.0	+	0	0	18I100M132I	94ae91ae3283572954655746fb032acf	9700
L	9716	250	*	*	*	*	*	99016	*
H	9716	100	96.0	+	0	0	19I100M131I	e982d34d5ab0e281529b2e6c3cc05a9a	99016
L	9096	250	*	*	*	*	*	139137	*
H	9096	100	96.0	+	0	0	18I100M132I	e982d34d5ab0e281529b2e6c3cc05a9a	139137
L	1523	250	*	*	*	*	*	740629	*
H	1523	100	96.0	+	0	0	18I100M132I	e982d34d5ab0e281529b2e6c3cc05a9a	740629
L	1517	250	*	*	*	*	*	744029	*
H	1517	100	99.0	+	0	0	18I100M132I	c555555429c1755561922342687d5c38	744029
L	3444	250	*	*	*	*	*	518801	*
H	3444	100	99.0	+	0	0	18I100M132I	c555555429c1755561922342687d5c38	518801
L	8475	250	*	*	*	*	*	164624	*
H	8475	100	97.0	+	0	0	18I100M132I	c555555429c1755561922342687d5c38	164624
L	2092	250	*	*	*	*	*	579112	*
H	2092	100	99.0	+	0	0	18I100M132I	a00b9c018f69cc6cd04f5cefe2fd597f	579112
L	18522	250	*	*	*	*	*	4399738	*
H	18522	100	99.0	+	0	0	18I100M132I	a00b9c018f69cc6cd04f5cefe2fd597f	4399738
L	7311	250	*	*	*	*	*	196926	*
H	7311	100	99.0	+	0	0	18I100M132I	a00b9c018f69cc6cd04f5cefe2fd597f	196926
L	13882	250	*	*	*	*	*	2990918	*
H	13882	100	100.0	+	0	0	18I100M132I	764da292321733abac7b8cb8a3edbf9d	2990918
L	5804	250	*	*	*	*	*	291811	*
H	5804	100	100.0	+	0	0	18I100M132I	764da292321733abac7b8cb8a3edbf9d	291811
L	5091	250	*	*	*	*	*	329414	*
H	5091	100	100.0	+	0	0	18I100M132I	764da292321733abac7b8cb8a3edbf9d	329414
L	4188	250	*	*	*	*	*	369714	*
H	4188	100	100.0	+	0	0	18I100M132I	401393ccc59ff136f641aa1446a546c1	369714
L	14920	250	*	*	*	*	*	3569475	*
H	14920	100	100.0	+	0	0	18I100M132I	401393ccc59ff136f641aa1446a546c1	3569475
L	11399	250	*	*	*	*	*	1624386	*
H	11399	100	100.0	+	0	0	18I100M132I	401393ccc59ff136f641aa1446a546c1	1624386
L	16297	250	*	*	*	*	*	4297519	*
H	16297	100	92.0	+	0	0	18I100M132I	d576931ccf5a703f450ace9f143ee8b4	4297519
L	12280	250	*	*	*	*	*	2096960	*
H	12280	100	94.0	+	0	0	18I100M132I	d576931ccf5a703f450ace9f143ee8b4	2096960
L	14471	250	*	*	*	*	*	806981	*
H	14471	100	91.0	+	0	0	18I100M132I	d576931ccf5a703f450ace9f143ee8b4	806981
L	8866	250	*	*	*	*	*	148045	*
H	8866	100	100.0	+	0	0	18I100M132I	e20a0f57b52073ee1b6521dba38cefdc	148045
L	14623	250	*	*	*	*	*	664205	*
H	14623	100	100.0	+	0	0	18I100M132I	e20a0f57b52073ee1b6521dba38cefdc	664205
L	8614	250	*	*	*	*	*	159299	*
H	8614	100	100.0	+	0	0	18I100M132I	e20a0f57b52073ee1b6521dba38cefdc	159299
L	2714	250	*	*	*	*	*	544573	*
H	2714	100	100.0	+	0	0	18I100M132I	9fb362cee1a00312771d8e424f194e84	544573
L	15839	250	*	*	*	*	*	4083238	*
H	15839	100	100.0	+	0	0	18I100M132I	9fb362cee1a00312771d8e424f194e84	4083238
L	8051	250	*	*	*	*	*	178763	*
H	8051	100	100.0	+	0	0	18I100M132I	9fb362cee1a00312771d8e424f194e84	178763
L	11422	250	*	*	*	*	*	856952	*
H	11422	100	85.0	+	0	0	18I100M132I	df5654cd5f1d6c8a8cb0fcea7633f1dc	856952
L	759	250	*	*	*	*	*	942135	*
H	759	100	85.0	+	0	0	18I100M132I	df5654cd5f1d6c8a8cb0fcea7633f1dc	942135
L	4003	250	*	*	*	*	*	413036	*
H	4003	100	85.0	+	0	0	18I100M132I	df5654cd5f1d6c8a8cb0fcea7633f1dc	413036
L	15752	250	*	*	*	*	*	851717	*
H	15752	100	100.0	+	0	0	18I100M132I	d4150f79c5a50bf146ec8e92b2847e29	851717
L	18056	250	*	*	*	*	*	4377301	*
H	18056	100	99.0	+	0	0	18I100M132I	d4150f79c5a50bf146ec8e92b2847e29	4377301
L	7163	250	*	*	*	*	*	204236	*
H	7163	100	99.0	+	0	0	18I100M132I	d4150f79c5a50bf146ec8e92b2847e29	204236
L	4341	250	*	*	*	*	*	364792	*
H	4341	100	100.0	+	0	0	18I100M132I	71e83b88aa4df1b015781696b2dd31ce	364792
L	12147	250	*	*	*	*	*	2027365	*
H	12147	100	99.0	+	0	0	18I100M132I	71e83b88aa4df1b015781696b2dd31ce	2027365
L	2741	250	*	*	*	*	*	542986	*
H	2741	100	99.0	+	0	0	18I100M132I	71e83b88aa4df1b015781696b2dd31ce	542986
L	14982	250	*	*	*	*	*	3601770	*
H	14982	100	93.0	+	0	0	18I100M132I	a9a1c30204696db9c655c27f3f38eaf8	3601770
L	7296	250	*	*	*	*	*	197391	*
H	7296	100	93.0	+	0	0	18I100M132I	a9a1c30204696db9c655c27f3f38eaf8	197391
L	8167	250	*	*	*	*	*	175491	*
H	8167	100	93.0	+	0	0	18I100M132I	a9a1c30204696db9c655c27f3f38eaf8	175491
L	10489	250	*	*	*	*	*	15712	*
H	10489	100	99.0	+	0	0	18I100M132I	f20fb2f66a531022cb4081008570e517	15712
L	12284	250	*	*	*	*	*	851661	*
H	12284	100	100.0	+	0	0	18I100M132I	f20fb2f66a531022cb4081008570e517	851661
L	18107	250	*	*	*	*	*	4379449	*
H	18107	100	99.0	+	0	0	18I100M132I	f20fb2f66a531022cb4081008570e517	4379449
L	15660	250	*	*	*	*	*	3989845	*
H	15660	100	100.0	+	0	0	18I100M132I	c21b2df50ac1a409561531a73d61bb28	3989845
L	8170	250	*	*	*	*	*	175474	*
H	8170	100	100.0	+	0	0	18I100M132I	c21b2df50ac1a409561531a73d61bb28	175474
L	13374	250	*	*	*	*	*	2682598	*
H	13374	100	100.0	+	0	0	18I100M132I	c21b2df50ac1a409561531a73d61bb28	2682598
L	11277	250	*	*	*	*	*	1546669	*
H	11277	100	100.0	+	0	0	18I100M132I	47fd2931d25caf868858c1499f8cb590	1546669
L	6601	250	*	*	*	*	*	250795	*
H	6601	100	100.0	+	0	0	18I100M132I	47fd2931d25caf868858c1499f8cb590	250795
L	10514	250	*	*	*	*	*	15107	*
H	10514	100	99.0	+	0	0	18I100M132I	47fd2931d25caf868858c1499f8cb590	15107
L	8180	250	*	*	*	*	*	175159	*
H	8180	100	95.0	+	0	0	18I100M132I	672d66003027cc8866b20555b9a9bc08	175159
L	4694	250	*	*	*	*	*	351854	*
H	4694	100	95.0	+	0	0	18I100M132I	672d66003027cc8866b20555b9a9bc08	351854
H	12414	100	95.0	+	0	0	18I100M132I	672d66003027cc8866b20555b9a9bc08	2157494
L	4577	250	*	*	*	*	*	358293	*
H	4577	100	93.0	+	0	0	18I100M132I	33cb5642b8acbab338bad1511d361531	358293
L	4292	250	*	*	*	*	*	366195	*
H	4292	100	93.0	+	0	0	18I100M132I	33cb5642b8acbab338bad1511d361531	366195
L	8117	250	*	*	*	*	*	176894	*
H	8117	100	93.0	+	0	0	18I100M132I	33cb5642b8acbab338bad1511d361531	176894
L	7263	250	*	*	*	*	*	198245	*
H	7263	100	100.0	+	0	0	18I100M132I	fbbc2e6803c8d581b22c44868563cd3e	198245
L	8188	250	*	*	*	*	*	174882	*
H	8188	100	100.0	+	0	0	18I100M132I	fbbc2e6803c8d581b22c44868563cd3e	174882
L	2615	250	*	*	*	*	*	550727	*
H	2615	100	100.0	+	0	0	18I100M132I	fbbc2e6803c8d581b22c44868563cd3e	550727
L	3799	250	*	*	*	*	*	471106	*
H	3799	100	100.0	+	0	0	18I100M132I	f63549d0f538e5099f5751042f11ee59	471106
L	8053	250	*	*	*	*	*	178743	*
H	8053	100	99.0	+	0	0	18I100M132I	f63549d0f538e5099f5751042f11ee59	178743
L	7980	250	*	*	*	*	*	180590	*
H	7980	100	99.0	+	0	0	18I100M132I	f63549d0f538e5099f5751042f11ee59	180590
L	7679	250	*	*	*	*	*	187518	*
H	7679	100	92.0	+	0	0	18I100M132I	3db5bd5d40f91507d4ac0ec5af0aeedd	187518
L	5448	250	*	*	*	*	*	307580	*
H	5448	100	92.0	+	0	0	18I100M132I	3db5bd5d40f91507d4ac0ec5af0aeedd	307580
L	2458	250	*	*	*	*	*	559332	*
H	2458	100	92.0	+	0	0	18I100M132I	3db5bd5d40f91507d4ac0ec5af0aeedd	559332
L	7151	250	*	*	*	*	*	205916	*
H	7151	100	100.0	+	0	0	18I100M132I	8d256a3f0213cdd567c7a44e149bddd3	205916
L	12589	250	*	*	*	*	*	2250345	*
H	12589	100	100.0	+	0	0	18I100M132I	8d256a3f0213cdd567c7a44e149bddd3	2250345
L	9784	250	*	*	*	*	*	90431	*
H	9784	100	100.0	+	0	0	18I100M132I	8d256a3f0213cdd567c7a44e149bddd3	90431
L	2789	250	*	*	*	*	*	539854	*
H	2789	100	100.0	+	0	0	18I100M132I	1ac3a5250619587bf49aa4c9ec992982	539854
L	15894	250	*	*	*	*	*	1116679	*
H	15894	100	100.0	+	0	0	18I100M132I	1ac3a5250619587bf49aa4c9ec992982	1116679
L	12439	250	*	*	*	*	*	1139502	*
H	12439	100	99.0	+	0	0	18I100M132I	1ac3a5250619587bf49aa4c9ec992982	1139502
L	7752	250	*	*	*	*	*	185835	*
H	7752	100	93.0	+	0	0	18I100M132I	eb407ae7857218ca60b7dcbaedda798b	185835
H	8167	100	93.0	+	0	0	18I100M132I	eb407ae7857218ca60b7dcbaedda798b	175491
H	14982	100	93.0	+	0	0	18I100M132I	eb407ae7857218ca60b7dcbaedda798b	3601770
L	4317	250	*	*	*	*	*	365385	*
H	4317	100	100.0	+	0	0	18I100M132I	8d7906aaedba210b3557e46178edf7b6	365385
L	3812	250	*	*	*	*	*	469852	*
H	3812	100	100.0	+	0	0	18I100M132I	8d7906aaedba210b3557e46178edf7b6	469852
L	3645	250	*	*	*	*	*	513323	*
H	3645	100	97.0	+	0	0	18I100M132I	8d7906aaedba210b3557e46178edf7b6	513323
L	11680	250	*	*	*	*	*	1145008	*
H	11680	100	100.0	+	0	0	18I100M132I	17f6385198e1538440b2a7fa0958b634	1145008
L	14338	250	*	*	*	*	*	826042	*
H	14338	100	100.0	+	0	0	18I100M132I	17f6385198e1538440b2a7fa0958b634	826042
L	10810	250	*	*	*	*	*	10309	*
H	10810	100	95.0	+	0	0	18I100M132I	17f6385198e1538440b2a7fa0958b634	10309
L	6209	250	*	*	*	*	*	269103	*
H	6209	100	97.0	+	0	0	18I100M132I	d8a04aca35be0550519f39d294a0cdd8	269103
L	9503	250	*	*	*	*	*	106574	*
H	9503	100	96.0	+	0	0	18I100M132I	d8a04aca35be0550519f39d294a0cdd8	106574
L	19042	250	*	*	*	*	*	4426051	*
H	19042	100	97.0	+	0	0	18I100M132I	d8a04aca35be0550519f39d294a0cdd8	4426051
L	7331	250	*	*	*	*	*	196536	*
H	7331	100	99.0	+	0	0	18I100M132I	aa31d21b81190b84a66ad5932eaa4a7f	196536
L	4329	250	*	*	*	*	*	365095	*
H	4329	100	99.0	+	0	0	18I100M132I	aa31d21b81190b84a66ad5932eaa4a7f	365095
L	4880	250	*	*	*	*	*	341920	*
H	4880	100	99.0	+	0	0	18I100M132I	aa31d21b81190b84a66ad5932eaa4a7f	341920
L	7412	250	*	*	*	*	*	194286	*
H	7412	100	96.0	+	0	0	18I100M132I	6f9a9f1f27d3c30308561e7a660dcb3a	194286
L	8253	250	*	*	*	*	*	173412	*
H	8253	100	97.0	+	0	0	18I100M132I	6f9a9f1f27d3c30308561e7a660dcb3a	173412
L	8103	250	*	*	*	*	*	177297	*
H	8103	100	96.0	+	0	0	18I100M132I	6f9a9f1f27d3c30308561e7a660dcb3a	177297
L	5858	250	*	*	*	*	*	289833	*
H	5858	100	100.0	+	0	0	18I100M132I	d58a391c4e4ac94d240def236096bd84	289833
L	20082	250	*	*	*	*	*	4473883	*
H	20082	100	100.0	+	0	0	18I100M132I	d58a391c4e4ac94d240def236096bd84	4473883
L	10504	250	*	*	*	*	*	15456	*
H	10504	100	100.0	+	0	0	18I100M132I	d58a391c4e4ac94d240def236096bd84	15456
L	3611	250	*	*	*	*	*	514269	*
H	3611	100	100.0	+	0	0	18I100M132I	30e570d4cfd1ff589e3013b60a2ad35a	514269
L	3560	250	*	*	*	*	*	515734	*
H	3560	100	100.0	+	0	0	18I100M132I	30e570d4cfd1ff589e3013b60a2ad35a	515734
L	3147	250	*	*	*	*	*	526273	*
H	3147	100	100.0	+	0	0	18I100M132I	30e570d4cfd1ff589e3013b60a2ad35a	526273
L	7270	250	*	*	*	*	*	198042	*
H	7270	100	96.0	+	0	0	18I100M132I	1d283e3dc7097f1a592fd8dabb780465	198042
L	1168	250	*	*	*	*	*	849938	*
H	1168	100	97.0	+	0	0	18I100M132I	1d283e3dc7097f1a592fd8dabb780465	849938
L	11956	250	*	*	*	*	*	1913151	*
H	11956	100	97.0	+	0	0	18I100M132I	1d283e3dc7097f1a592fd8dabb780465	1913151
L	9632	250	*	*	*	*	*	101860	*
H	9632	100	95.0	+	0	0	18I47MI53M131I	b14250b2bbb639ed0b6e0b390f7a88e1	101860
L	3811	250	*	*	*	*	*	469946	*
H	3811	100	92.0	+	0	0	18I100M132I	b14250b2bbb639ed0b6e0b390f7a88e1	469946
L	7934	250	*	*	*	*	*	181744	*
H	7934	100	92.0	+	0	0	18I100M132I	b14250b2bbb639ed0b6e0b390f7a88e1	181744
L	7889	250	*	*	*	*	*	182886	*
H	7889	100	97.0	+	0	0	18I100M132I	31f836306dcdc796651d1da148f32114	182886
L	18708	250	*	*	*	*	*	4409351	*
H	18708	100	98.0	+	0	0	18I100M132I	31f836306dcdc796651d1da148f32114	4409351
L	7688	250	*	*	*	*	*	187324	*
H	7688	100	98.0	+	0	0	18I100M132I	31f836306dcdc796651d1da148f32114	187324
L	7762	250	*	*	*	*	*	185730	*
H	7762	100	100.0	+	0	0	18I100M132I	0dba84d8f8e46d4836265d85320c2804	185730
L	14031	250	*	*	*	*	*	3078863	*
H	14031	100	100.0	+	0	0	18I100M132I	0dba84d8f8e46d4836265d85320c2804	3078863
L	1210	250	*	*	*	*	*	839512	*
H	1210	100	100.0	+	0	0	18I100M132I	0dba84d8f8e46d4836265d85320c2804	839512
L	12778	250	*	*	*	*	*	635820	*
H	12778	100	100.0	+	0	0	18I100M132I	f7a26c1dd9c8372f6b82b00611d085b8	635820
L	19488	250	*	*	*	*	*	4446961	*
H	19488	100	100.0	+	0	0	18I100M132I	f7a26c1dd9c8372f6b82b00611d085b8	4446961
L	1155	250	*	*	*	*	*	851797	*
H	1155	100	97.0	+	0	0	18I100M132I	f7a26c1dd9c8372f6b82b00611d085b8	851797
L	11458	250	*	*	*	*	*	1655542	*
H	11458	100	93.0	+	0	0	18I100M132I	acde4cd386fe3243b74078f76c0538ba	1655542
L	11691	250	*	*	*	*	*	24490	*
H	11691	100	93.0	+	0	0	18I100M132I	acde4cd386fe3243b74078f76c0538ba	24490
L	10607	250	*	*	*	*	*	13832	*
H	10607	100	92.0	+	0	0	18I100M132I	acde4cd386fe3243b74078f76c0538ba	13832
L	12378	250	*	*	*	*	*	2136916	*
H	12378	100	100.0	+	0	0	18I100M132I	79116b416c8dc7bdc72c68ae05a06b0b	2136916
L	1941	250	*	*	*	*	*	586655	*
H	1941	100	81.0	+	0	0	18I100M132I	79116b416c8dc7bdc72c68ae05a06b0b	586655
L	18019	250	*	*	*	*	*	4375651	*
H	18019	100	80.0	+	0	0	18I92M2D6M134I	79116b416c8dc7bdc72c68ae05a06b0b	4375651
L	19810	250	*	*	*	*	*	4462446	*
H	19810	100	97.0	+	0	0	18I100M132I	99feb49cf28693fe421407313356b628	4462446
L	10454	250	*	*	*	*	*	16144	*
H	10454	100	96.0	+	0	0	18I100M132I	99feb49cf28693fe421407313356b628	16144
L	15202	250	*	*	*	*	*	958584	*
H	15202	100	94.0	+	0	0	18I100M132I	99feb49cf28693fe421407313356b628	958584
H	9632	100	96.0	+	0	0	18I47MI53M131I	6c469cae2fc79fc2152d4091a9724849	101860
L	11799	250	*	*	*	*	*	734955	*
H	11799	100	91.0	+	0	0	18I100M132I	6c469cae2fc79fc2152d4091a9724849	734955
L	2529	250	*	*	*	*	*	555445	*
H	2529	100	92.0	+	0	0	18I100M132I	6c469cae2fc79fc2152d4091a9724849	555445
L	17098	250	*	*	*	*	*	4331760	*
H	17098	100	100.0	+	0	0	18I100M132I	ccab85ff5cd8c004b61dd0700ffae1c5	4331760
L	2584	250	*	*	*	*	*	552528	*
H	2584	100	83.0	+	0	0	18I100M132I	ccab85ff5cd8c004b61dd0700ffae1c5	552528
L	6418	250	*	*	*	*	*	260579	*
H	6418	100	85.0	+	0	0	18I100M132I	ccab85ff5cd8c004b61dd0700ffae1c5	260579
L	7475	250	*	*	*	*	*	192680	*
H	7475	100	100.0	+	0	0	18I100M132I	3f3bff5295b6bb9f06c10b47eac13335	192680
L	19823	250	*	*	*	*	*	4463108	*
H	19823	100	100.0	+	0	0	18I100M132I	3f3bff5295b6bb9f06c10b47eac13335	4463108
L	8068	250	*	*	*	*	*	178213	*
H	8068	100	100.0	+	0	0	18I100M132I	3f3bff5295b6bb9f06c10b47eac13335	178213
L	4459	250	*	*	*	*	*	361384	*
H	4459	100	100.0	+	0	0	18I100M132I	ded73d99a8ef24dadc2e2ef82c6e41a9	361384
L	8239	250	*	*	*	*	*	173820	*
H	8239	100	100.0	+	0	0	18I100M132I	ded73d99a8ef24dadc2e2ef82c6e41a9	173820
L	8221	250	*	*	*	*	*	174205	*
H	8221	100	100.0	+	0	0	18I100M132I	ded73d99a8ef24dadc2e2ef82c6e41a9	174205
L	10921	250	*	*	*	*	*	8344	*
H	10921	100	100.0	+	0	0	18I100M132I	5e6588f4e24d999e71ba87a60183ce62	8344
L	15522	250	*	*	*	*	*	627028	*
H	15522	100	100.0	+	0	0	18I100M132I	5e6588f4e24d999e71ba87a60183ce62	627028
L	10188	250	*	*	*	*	*	48977	*
H	10188	100	100.0	+	0	0	18I100M132I	5e6588f4e24d999e71ba87a60183ce62	48977
L	10476	250	*	*	*	*	*	16041	*
H	10476	100	86.0	+	0	0	18I100M132I	a0d14fe04e3334b38f983e8c330d7e9e	16041
L	6587	250	*	*	*	*	*	251456	*
H	6587	100	86.0	+	0	0	18I100M132I	a0d14fe04e3334b38f983e8c330d7e9e	251456
L	2364	250	*	*	*	*	*	564247	*
H	2364	100	85.0	+	0	0	18I100M132I	a0d14fe04e3334b38f983e8c330d7e9e	564247
L	7614	250	*	*	*	*	*	189176	*
H	7614	100	100.0	+	0	0	18I100M132I	1d111d0630895431a16f05812883224f	189176
L	7291	250	*	*	*	*	*	197503	*
H	7291	100	100.0	+	0	0	18I100M132I	1d111d0630895431a16f05812883224f	197503
L	8212	250	*	*	*	*	*	174360	*
H	8212	100	100.0	+	0	0	18I100M132I	1d111d0630895431a16f05812883224f	174360
L	14662	250	*	*	*	*	*	3419664	*
H	14662	100	100.0	+	0	0	18I100M132I	6b8891d5cff668485421026b6fa4bf7b	3419664
L	18854	250	*	*	*	*	*	4416025	*
H	18854	100	100.0	+	0	0	18I100M132I	6b8891d5cff668485421026b6fa4bf7b	4416025
L	7605	250	*	*	*	*	*	189403	*
H	7605	100	100.0	+	0	0	18I100M132I	6b8891d5cff668485421026b6fa4bf7b	189403
L	19819	250	*	*	*	*	*	4462906	*
H	19819	100	100.0	+	0	0	18I100M132I	0ba7a8ff8e358537bf15c5633d3f48d9	4462906
L	18588	250	*	*	*	*	*	4403542	*
H	18588	100	100.0	+	0	0	18I100M132I	0ba7a8ff8e358537bf15c5633d3f48d9	4403542
L	9515	250	*	*	*	*	*	106098	*
H	9515	100	100.0	+	0	0	18I100M132I	0ba7a8ff8e358537bf15c5633d3f48d9	106098
L	3474	250	*	*	*	*	*	517938	*
H	3474	100	100.0	+	0	0	18I100M132I	0784f8383a88372c6c496ab5dc554064	517938
L	4401	250	*	*	*	*	*	362947	*
H	4401	100	99.0	+	0	0	18I100M132I	0784f8383a88372c6c496ab5dc554064	362947
L	7637	250	*	*	*	*	*	188634	*
H	7637	100	99.0	+	0	0	18I100M132I	0784f8383a88372c6c496ab5dc554064	188634
N	*	100	*	*	*	*	*	e1422f9cbb27723f9b51e306eea4fa80	*
L	4764	250	*	*	*	*	*	348006	*
H	4764	100	100.0	+	0	0	18I100M132I	7180d5481f0c1705a082248593f8cff2	348006
L	7747	250	*	*	*	*	*	185891	*
H	7747	100	96.0	+	0	0	18I100M132I	7180d5481f0c1705a082248593f8cff2	185891
L	6091	250	*	*	*	*	*	274317	*
H	6091	100	96.0	+	0	0	18I100M132I	7180d5481f0c1705a082248593f8cff2	274317
L	7298	250	*	*	*	*	*	197361	*
H	7298	100	100.0	+	0	0	18I100M132I	9d36bf52fd89c2ea09c7f8ad79c868ae	197361
L	11541	250	*	*	*	*	*	1696438	*
H	11541	100	100.0	+	0	0	18I100M132I	9d36bf52fd89c2ea09c7f8ad79c868ae	1696438
L	4932	250	*	*	*	*	*	339209	*
H	4932	100	100.0	+	0	0	18I100M132I	9d36bf52fd89c2ea09c7f8ad79c868ae	339209
H	18579	100	99.0	+	0	0	18I100M132I	c2df82b0dda444f77639a81c5adde8aa	4402960
H	7310	100	99.0	+	0	0	18I100M132I	c2df82b0dda444f77639a81c5adde8aa	197072
L	5280	250	*	*	*	*	*	316761	*
H	5280	100	95.0	+	0	0	18I100M132I	c2df82b0dda444f77639a81c5adde8aa	316761
D	1210	2	*	*	*	*	100.0	839512	*
D	1523	2	*	*	*	*	96.0	740629	*
D	1985	2	*	*	*	*	100.0	584375	*
D	2458	2	*	*	*	*	92.0	559332	*
D	2615	2	*	*	*	*	100.0	550727	*
D	3147	2	*	*	*	*	100.0	526273	*
D	3444	2	*	*	*	*	99.0	518801	*
D	3474	2	*	*	*	*	100.0	517938	*
D	3799	2	*	*	*	*	100.0	471106	*
D	3812	2	*	*	*	*	100.0	469852	*
D	4003	2	*	*	*	*	85.0	413036	*
D	4341	2	*	*	*	*	100.0	364792	*
D	4711	2	*	*	*	*	100.0	350802	*
D	4764	2	*	*	*	*	100.0	348006	*
D	4880	2	*	*	*	*	99.0	341920	*
D	4932	2	*	*	*	*	100.0	339209	*
D	5091	2	*	*	*	*	100.0	329414	*
D	5812	2	*	*	*	*	100.0	291545	*
D	6587	2	*	*	*	*	86.0	251456	*
D	6601	2	*	*	*	*	100.0	250795	*
D	7310	3	*	*	*	*	99.5	197072	*
D	7311	2	*	*	*	*	99.0	196926	*
D	7605	2	*	*	*	*	100.0	189403	*
D	7688	2	*	*	*	*	98.0	187324	*
D	8051	2	*	*	*	*	100.0	178763	*
D	8068	2	*	*	*	*	100.0	178213	*
D	8117	2	*	*	*	*	93.0	176894	*
D	8167	2	*	*	*	*	93.0	175491	*
D	8212	2	*	*	*	*	100.0	174360	*
D	8221	2	*	*	*	*	100.0	174205	*
D	8253	2	*	*	*	*	97.0	173412	*
D	8614	2	*	*	*	*	100.0	159299	*
D	9515	2	*	*	*	*	100.0	106098	*
D	9632	3	*	*	*	*	95.5	101860	*
D	9784	2	*	*	*	*	100.0	90431	*
D	10188	2	*	*	*	*	100.0	48977	*
D	10504	2	*	*	*	*	100.0	15456	*
D	10839	2	*	*	*	*	100.0	9700	*
D	11399	2	*	*	*	*	100.0	1624386	*
D	11691	2	*	*	*	*	93.0	24490	*
D	11956	2	*	*	*	*	97.0	1913151	*
D	12280	2	*	*	*	*	94.0	2096960	*
D	12284	2	*	*	*	*	100.0	851661	*
D	12378	2	*	*	*	*	100.0	2136916	*
D	12414	3	*	*	*	*	97.5	2157494	*
D	12993	2	*	*	*	*	100.0	2472963	*
D	13374	2	*	*	*	*	100.0	2682598	*
D	14338	2	*	*	*	*	100.0	826042	*
D	14982	2	*	*	*	*	93.0	3601770	*
D	15752	2	*	*	*	*	100.0	851717	*
D	15894	2	*	*	*	*	100.0	1116679	*
D	17098	2	*	*	*	*	100.0	4331760	*
D	18069	2	*	*	*	*	100.0	4377813	*
D	19042	2	*	*	*	*	97.0	4426051	*
D	19488	2	*	*	*	*	100.0	4446961	*
D	19810	2	*	*	*	*	97.0	4462446	*
