UclustConsensusTaxonAssigner parameters:
id_to_taxonomy_filepath:/Users/nbokulich/Desktop/projects/short-read-tax-assignment/data/ref_dbs/gg_13_8_otus/99_otu_taxonomy_clean.tsv
id_to_taxonomy_fp:/Users/nbokulich/Desktop/projects/short-read-tax-assignment/data/ref_dbs/gg_13_8_otus/99_otu_taxonomy_clean.tsv
max_accepts:1
min_consensus_fraction:0.76
reference_sequences_fp:/Users/nbokulich/Desktop/projects/short-read-tax-assignment/data/ref_dbs/gg_13_8_otus/99_otus_clean_515f-806r_trim250.fasta
similarity:0.8
unassignable_label:Unassigned
Result path: /var/folders/0t/l1dz88p50y91vx_22fx5w3780000gn/T/assign-taxtQNM27

.uc file contents:

# uclust --input /Users/nbokulich/Desktop/projects/short-read-tax-assignment/data/mock-community/mock-1/rep_seqs.fna --id 0.8 --rev --maxaccepts 1 --allhits --libonly --lib /Users/nbokulich/Desktop/projects/short-read-tax-assignment/data/ref_dbs/gg_13_8_otus/99_otus_clean_515f-806r_trim250.fasta --uc /var/folders/0t/l1dz88p50y91vx_22fx5w3780000gn/T/UclustConsensusTaxonAssigner_obi_Mj.uc
# version=1.2.22
# Tab-separated fields:
# 1=Type, 2=ClusterNr, 3=SeqLength or ClusterSize, 4=PctId, 5=Strand, 6=QueryStart, 7=SeedStart, 8=Alignment, 9=QueryLabel, 10=TargetLabel
# Record types (field 1): L=LibSeed, S=NewSeed, H=Hit, R=Reject, D=LibCluster, C=NewCluster, N=NoHit
# For C and D types, PctId is average id with seed.
# QueryStart and SeedStart are zero-based relative to start of sequence.
# If minus strand, SeedStart is relative to reverse-complemented seed.
L	18579	250	*	*	*	*	*	4402960	*
H	18579	100	100.0	+	0	0	18I100M132I	ae3fd1a9083ed263b3d55bf6c6572a66	4402960
L	1320	250	*	*	*	*	*	817146	*
H	1320	100	100.0	+	0	0	18I100M132I	cf1b2275183b5e241f602660c32084a0	817146
L	5894	250	*	*	*	*	*	288326	*
H	5894	100	100.0	+	0	0	18I100M132I	e3338a6d212a227ebed5fef419540db4	288326
L	1985	250	*	*	*	*	*	584375	*
H	1985	100	100.0	+	0	0	18I100M132I	3a4ad16e672a171006b1d474099b55af	584375
L	8232	250	*	*	*	*	*	173945	*
H	8232	100	100.0	+	0	0	18I100M132I	9380cc18a1a5bc2912b765c5d9217228	173945
L	5254	250	*	*	*	*	*	318987	*
H	5254	100	100.0	+	0	0	18I100M132I	eb8cc7bdabeb5e7dd1ed8af57f5b0daf	318987
L	7767	250	*	*	*	*	*	185637	*
H	7767	100	100.0	+	0	0	18I100M132I	f402191c9af7a947b43e1b00c61020bf	185637
L	1521	250	*	*	*	*	*	741050	*
H	1521	100	100.0	+	0	0	18I100M132I	94ae91ae3283572954655746fb032acf	741050
L	9716	250	*	*	*	*	*	99016	*
H	9716	100	96.0	+	0	0	19I100M131I	e982d34d5ab0e281529b2e6c3cc05a9a	99016
L	1517	250	*	*	*	*	*	744029	*
H	1517	100	99.0	+	0	0	18I100M132I	c555555429c1755561922342687d5c38	744029
L	2092	250	*	*	*	*	*	579112	*
H	2092	100	99.0	+	0	0	18I100M132I	a00b9c018f69cc6cd04f5cefe2fd597f	579112
L	13882	250	*	*	*	*	*	2990918	*
H	13882	100	100.0	+	0	0	18I100M132I	764da292321733abac7b8cb8a3edbf9d	2990918
L	4188	250	*	*	*	*	*	369714	*
H	4188	100	100.0	+	0	0	18I100M132I	401393ccc59ff136f641aa1446a546c1	369714
L	16297	250	*	*	*	*	*	4297519	*
H	16297	100	92.0	+	0	0	18I100M132I	d576931ccf5a703f450ace9f143ee8b4	4297519
L	8866	250	*	*	*	*	*	148045	*
H	8866	100	100.0	+	0	0	18I100M132I	e20a0f57b52073ee1b6521dba38cefdc	148045
L	2714	250	*	*	*	*	*	544573	*
H	2714	100	100.0	+	0	0	18I100M132I	9fb362cee1a00312771d8e424f194e84	544573
L	11422	250	*	*	*	*	*	856952	*
H	11422	100	85.0	+	0	0	18I100M132I	df5654cd5f1d6c8a8cb0fcea7633f1dc	856952
L	15752	250	*	*	*	*	*	851717	*
H	15752	100	100.0	+	0	0	18I100M132I	d4150f79c5a50bf146ec8e92b2847e29	851717
L	4341	250	*	*	*	*	*	364792	*
H	4341	100	100.0	+	0	0	18I100M132I	71e83b88aa4df1b015781696b2dd31ce	364792
L	14982	250	*	*	*	*	*	3601770	*
H	14982	100	93.0	+	0	0	18I100M132I	a9a1c30204696db9c655c27f3f38eaf8	3601770
L	10489	250	*	*	*	*	*	15712	*
H	10489	100	99.0	+	0	0	18I100M132I	f20fb2f66a531022cb4081008570e517	15712
L	15660	250	*	*	*	*	*	3989845	*
H	15660	100	100.0	+	0	0	18I100M132I	c21b2df50ac1a409561531a73d61bb28	3989845
L	11277	250	*	*	*	*	*	1546669	*
H	11277	100	100.0	+	0	0	18I100M132I	47fd2931d25caf868858c1499f8cb590	1546669
L	8180	250	*	*	*	*	*	175159	*
H	8180	100	95.0	+	0	0	18I100M132I	672d66003027cc8866b20555b9a9bc08	175159
L	4577	250	*	*	*	*	*	358293	*
H	4577	100	93.0	+	0	0	18I100M132I	33cb5642b8acbab338bad1511d361531	358293
L	7263	250	*	*	*	*	*	198245	*
H	7263	100	100.0	+	0	0	18I100M132I	fbbc2e6803c8d581b22c44868563cd3e	198245
L	3799	250	*	*	*	*	*	471106	*
H	3799	100	100.0	+	0	0	18I100M132I	f63549d0f538e5099f5751042f11ee59	471106
L	7679	250	*	*	*	*	*	187518	*
H	7679	100	92.0	+	0	0	18I100M132I	3db5bd5d40f91507d4ac0ec5af0aeedd	187518
L	7151	250	*	*	*	*	*	205916	*
H	7151	100	100.0	+	0	0	18I100M132I	8d256a3f0213cdd567c7a44e149bddd3	205916
L	2789	250	*	*	*	*	*	539854	*
H	2789	100	100.0	+	0	0	18I100M132I	1ac3a5250619587bf49aa4c9ec992982	539854
L	7752	250	*	*	*	*	*	185835	*
H	7752	100	93.0	+	0	0	18I100M132I	eb407ae7857218ca60b7dcbaedda798b	185835
L	4317	250	*	*	*	*	*	365385	*
H	4317	100	100.0	+	0	0	18I100M132I	8d7906aaedba210b3557e46178edf7b6	365385
L	11680	250	*	*	*	*	*	1145008	*
H	11680	100	100.0	+	0	0	18I100M132I	17f6385198e1538440b2a7fa0958b634	1145008
L	6209	250	*	*	*	*	*	269103	*
H	6209	100	97.0	+	0	0	18I100M132I	d8a04aca35be0550519f39d294a0cdd8	269103
L	7331	250	*	*	*	*	*	196536	*
H	7331	100	99.0	+	0	0	18I100M132I	aa31d21b81190b84a66ad5932eaa4a7f	196536
L	7412	250	*	*	*	*	*	194286	*
H	7412	100	96.0	+	0	0	18I100M132I	6f9a9f1f27d3c30308561e7a660dcb3a	194286
L	5858	250	*	*	*	*	*	289833	*
H	5858	100	100.0	+	0	0	18I100M132I	d58a391c4e4ac94d240def236096bd84	289833
L	3611	250	*	*	*	*	*	514269	*
H	3611	100	100.0	+	0	0	18I100M132I	30e570d4cfd1ff589e3013b60a2ad35a	514269
L	7270	250	*	*	*	*	*	198042	*
H	7270	100	96.0	+	0	0	18I100M132I	1d283e3dc7097f1a592fd8dabb780465	198042
L	9632	250	*	*	*	*	*	101860	*
H	9632	100	95.0	+	0	0	18I47MI53M131I	b14250b2bbb639ed0b6e0b390f7a88e1	101860
L	7889	250	*	*	*	*	*	182886	*
H	7889	100	97.0	+	0	0	18I100M132I	31f836306dcdc796651d1da148f32114	182886
L	7762	250	*	*	*	*	*	185730	*
H	7762	100	100.0	+	0	0	18I100M132I	0dba84d8f8e46d4836265d85320c2804	185730
L	12778	250	*	*	*	*	*	635820	*
H	12778	100	100.0	+	0	0	18I100M132I	f7a26c1dd9c8372f6b82b00611d085b8	635820
L	11458	250	*	*	*	*	*	1655542	*
H	11458	100	93.0	+	0	0	18I100M132I	acde4cd386fe3243b74078f76c0538ba	1655542
L	12378	250	*	*	*	*	*	2136916	*
H	12378	100	100.0	+	0	0	18I100M132I	79116b416c8dc7bdc72c68ae05a06b0b	2136916
L	19810	250	*	*	*	*	*	4462446	*
H	19810	100	97.0	+	0	0	18I100M132I	99feb49cf28693fe421407313356b628	4462446
H	9632	100	96.0	+	0	0	18I47MI53M131I	6c469cae2fc79fc2152d4091a9724849	101860
L	17098	250	*	*	*	*	*	4331760	*
H	17098	100	100.0	+	0	0	18I100M132I	ccab85ff5cd8c004b61dd0700ffae1c5	4331760
L	7475	250	*	*	*	*	*	192680	*
H	7475	100	100.0	+	0	0	18I100M132I	3f3bff5295b6bb9f06c10b47eac13335	192680
L	4459	250	*	*	*	*	*	361384	*
H	4459	100	100.0	+	0	0	18I100M132I	ded73d99a8ef24dadc2e2ef82c6e41a9	361384
L	10921	250	*	*	*	*	*	8344	*
H	10921	100	100.0	+	0	0	18I100M132I	5e6588f4e24d999e71ba87a60183ce62	8344
L	10476	250	*	*	*	*	*	16041	*
H	10476	100	86.0	+	0	0	18I100M132I	a0d14fe04e3334b38f983e8c330d7e9e	16041
L	7614	250	*	*	*	*	*	189176	*
H	7614	100	100.0	+	0	0	18I100M132I	1d111d0630895431a16f05812883224f	189176
L	14662	250	*	*	*	*	*	3419664	*
H	14662	100	100.0	+	0	0	18I100M132I	6b8891d5cff668485421026b6fa4bf7b	3419664
L	19819	250	*	*	*	*	*	4462906	*
H	19819	100	100.0	+	0	0	18I100M132I	0ba7a8ff8e358537bf15c5633d3f48d9	4462906
L	3474	250	*	*	*	*	*	517938	*
H	3474	100	100.0	+	0	0	18I100M132I	0784f8383a88372c6c496ab5dc554064	517938
N	*	100	*	*	*	*	*	e1422f9cbb27723f9b51e306eea4fa80	*
L	4764	250	*	*	*	*	*	348006	*
H	4764	100	100.0	+	0	0	18I100M132I	7180d5481f0c1705a082248593f8cff2	348006
L	7298	250	*	*	*	*	*	197361	*
H	7298	100	100.0	+	0	0	18I100M132I	9d36bf52fd89c2ea09c7f8ad79c868ae	197361
H	18579	100	99.0	+	0	0	18I100M132I	c2df82b0dda444f77639a81c5adde8aa	4402960
D	1320	2	*	*	*	*	100.0	817146	*
D	1517	2	*	*	*	*	99.0	744029	*
D	1521	2	*	*	*	*	100.0	741050	*
D	1985	2	*	*	*	*	100.0	584375	*
D	2092	2	*	*	*	*	99.0	579112	*
D	2714	2	*	*	*	*	100.0	544573	*
D	2789	2	*	*	*	*	100.0	539854	*
D	3474	2	*	*	*	*	100.0	517938	*
D	3611	2	*	*	*	*	100.0	514269	*
D	3799	2	*	*	*	*	100.0	471106	*
D	4188	2	*	*	*	*	100.0	369714	*
D	4317	2	*	*	*	*	100.0	365385	*
D	4341	2	*	*	*	*	100.0	364792	*
D	4459	2	*	*	*	*	100.0	361384	*
D	4577	2	*	*	*	*	93.0	358293	*
D	4764	2	*	*	*	*	100.0	348006	*
D	5254	2	*	*	*	*	100.0	318987	*
D	5858	2	*	*	*	*	100.0	289833	*
D	5894	2	*	*	*	*	100.0	288326	*
D	6209	2	*	*	*	*	97.0	269103	*
D	7151	2	*	*	*	*	100.0	205916	*
D	7263	2	*	*	*	*	100.0	198245	*
D	7270	2	*	*	*	*	96.0	198042	*
D	7298	2	*	*	*	*	100.0	197361	*
D	7331	2	*	*	*	*	99.0	196536	*
D	7412	2	*	*	*	*	96.0	194286	*
D	7475	2	*	*	*	*	100.0	192680	*
D	7614	2	*	*	*	*	100.0	189176	*
D	7679	2	*	*	*	*	92.0	187518	*
D	7752	2	*	*	*	*	93.0	185835	*
D	7762	2	*	*	*	*	100.0	185730	*
D	7767	2	*	*	*	*	100.0	185637	*
D	7889	2	*	*	*	*	97.0	182886	*
D	8180	2	*	*	*	*	95.0	175159	*
D	8232	2	*	*	*	*	100.0	173945	*
D	8866	2	*	*	*	*	100.0	148045	*
D	9632	3	*	*	*	*	95.5	101860	*
D	9716	2	*	*	*	*	96.0	99016	*
D	10476	2	*	*	*	*	86.0	16041	*
D	10489	2	*	*	*	*	99.0	15712	*
D	10921	2	*	*	*	*	100.0	8344	*
D	11277	2	*	*	*	*	100.0	1546669	*
D	11422	2	*	*	*	*	85.0	856952	*
D	11458	2	*	*	*	*	93.0	1655542	*
D	11680	2	*	*	*	*	100.0	1145008	*
D	12378	2	*	*	*	*	100.0	2136916	*
D	12778	2	*	*	*	*	100.0	635820	*
D	13882	2	*	*	*	*	100.0	2990918	*
D	14662	2	*	*	*	*	100.0	3419664	*
D	14982	2	*	*	*	*	93.0	3601770	*
D	15660	2	*	*	*	*	100.0	3989845	*
D	15752	2	*	*	*	*	100.0	851717	*
D	16297	2	*	*	*	*	92.0	4297519	*
D	17098	2	*	*	*	*	100.0	4331760	*
D	18579	3	*	*	*	*	99.5	4402960	*
D	19810	2	*	*	*	*	97.0	4462446	*
D	19819	2	*	*	*	*	100.0	4462906	*
