UclustConsensusTaxonAssigner parameters:
id_to_taxonomy_filepath:/Users/nbokulich/Desktop/projects/short-read-tax-assignment/data/simulated-community/B1-REF-iter1/ref_taxa.tsv
id_to_taxonomy_fp:/Users/nbokulich/Desktop/projects/short-read-tax-assignment/data/simulated-community/B1-REF-iter1/ref_taxa.tsv
max_accepts:1
min_consensus_fraction:0.51
reference_sequences_fp:/Users/nbokulich/Desktop/projects/short-read-tax-assignment/data/simulated-community/B1-REF-iter1/ref_seqs.fasta
similarity:0.8
unassignable_label:Unassigned
Result path: /var/folders/0t/l1dz88p50y91vx_22fx5w3780000gn/T/assign-taxBXu1cs

.uc file contents:

# uclust --input /Users/nbokulich/Desktop/projects/short-read-tax-assignment/data/simulated-community/B1-REF-iter1/query.fasta --id 0.8 --rev --maxaccepts 1 --allhits --libonly --lib /Users/nbokulich/Desktop/projects/short-read-tax-assignment/data/simulated-community/B1-REF-iter1/ref_seqs.fasta --uc /var/folders/0t/l1dz88p50y91vx_22fx5w3780000gn/T/UclustConsensusTaxonAssigner_b6Jkfk.uc
# version=1.2.22
# Tab-separated fields:
# 1=Type, 2=ClusterNr, 3=SeqLength or ClusterSize, 4=PctId, 5=Strand, 6=QueryStart, 7=SeedStart, 8=Alignment, 9=QueryLabel, 10=TargetLabel
# Record types (field 1): L=LibSeed, S=NewSeed, H=Hit, R=Reject, D=LibCluster, C=NewCluster, N=NoHit
# For C and D types, PctId is average id with seed.
# QueryStart and SeedStart are zero-based relative to start of sequence.
# If minus strand, SeedStart is relative to reverse-complemented seed.
L	18619	250	*	*	*	*	*	4422718	*
H	18619	250	99.2	+	0	0	104MD145MI	1088241	4422718
L	2535	250	*	*	*	*	*	552832	*
H	2535	250	100.0	+	0	0	250M	1063320	552832
L	9803	250	*	*	*	*	*	73433	*
H	9803	250	98.4	+	0	0	250M	1015017	73433
L	3844	250	*	*	*	*	*	444228	*
H	3844	250	98.0	+	0	0	78MI171MD	957557	444228
L	13081	250	*	*	*	*	*	2655364	*
H	13081	250	99.6	+	0	0	250M	955678	2655364
L	7833	250	*	*	*	*	*	181589	*
H	7833	250	95.6	+	0	0	250M	908900	181589
L	415	250	*	*	*	*	*	1025462	*
H	415	250	94.4	+	0	0	72MI33MI54MD89MD	907419	1025462
L	10903	250	*	*	*	*	*	3949	*
H	10903	250	100.0	+	0	0	250M	851936	3949
L	9194	250	*	*	*	*	*	114254	*
H	9194	250	99.2	+	0	0	2I42MD64MD142M	824571	114254
L	15488	250	*	*	*	*	*	4055164	*
H	15488	250	99.2	+	0	0	250M	822102	4055164
L	10846	250	*	*	*	*	*	5583	*
H	10846	250	100.0	+	0	0	250M	815448	5583
L	6135	250	*	*	*	*	*	268664	*
H	6135	250	98.0	+	0	0	14MI21MI39MI20MI152M4D	814889	268664
L	6081	250	*	*	*	*	*	271158	*
H	6081	250	99.6	+	0	0	250M	814142	271158
L	11957	250	*	*	*	*	*	849295	*
H	11957	250	100.0	+	0	0	250M	812450	849295
L	16786	250	*	*	*	*	*	4332728	*
H	16786	250	96.8	+	0	0	250M	780288	4332728
L	15061	250	*	*	*	*	*	725444	*
H	15061	250	100.0	+	0	0	250M	757185	725444
L	11606	250	*	*	*	*	*	1834072	*
H	11606	250	99.2	+	0	0	250M	749486	1834072
L	11768	250	*	*	*	*	*	681590	*
H	11768	250	100.0	+	0	0	250M	744874	681590
L	13585	250	*	*	*	*	*	1131781	*
H	13585	250	99.6	+	0	0	250M	740898	1131781
L	11763	250	*	*	*	*	*	1138081	*
H	11763	250	98.4	+	0	0	250M	734243	1138081
L	5082	250	*	*	*	*	*	325282	*
H	5082	250	100.0	+	0	0	250M	723677	325282
L	3736	250	*	*	*	*	*	484444	*
H	3736	250	98.8	+	0	0	2I248M2D	723344	484444
L	18853	250	*	*	*	*	*	4433760	*
H	18853	250	100.0	+	0	0	250M	696991	4433760
L	18237	250	*	*	*	*	*	4403441	*
H	18237	250	99.6	+	0	0	250M	694777	4403441
L	2711	250	*	*	*	*	*	542079	*
H	2711	250	100.0	+	0	0	250M	684187	542079
L	11438	250	*	*	*	*	*	1105677	*
H	11438	250	100.0	+	0	0	250M	682208	1105677
L	11905	250	*	*	*	*	*	1117497	*
H	11905	250	99.6	+	0	0	250M	652681	1117497
L	10994	250	*	*	*	*	*	1127290	*
H	10994	250	100.0	+	0	0	250M	610455	1127290
L	19803	250	*	*	*	*	*	4477624	*
H	19803	250	97.2	+	0	0	250M	586902	4477624
L	4990	250	*	*	*	*	*	330933	*
H	4990	250	100.0	+	0	0	250M	579797	330933
L	15477	250	*	*	*	*	*	4047452	*
H	15477	250	96.8	+	0	0	49MD200MI	579618	4047452
L	9881	250	*	*	*	*	*	67654	*
H	9881	250	100.0	+	0	0	250M	579101	67654
L	1214	250	*	*	*	*	*	835880	*
H	1214	250	98.0	+	0	0	250M	576678	835880
L	16169	250	*	*	*	*	*	4305519	*
H	16169	250	100.0	+	0	0	250M	568332	4305519
L	10848	250	*	*	*	*	*	5518	*
H	10848	250	100.0	+	0	0	250M	568154	5518
L	2184	250	*	*	*	*	*	571908	*
H	2184	250	100.0	+	0	0	250M	567867	571908
L	10395	250	*	*	*	*	*	14292	*
H	10395	250	97.2	+	0	0	250M	567510	14292
L	14219	250	*	*	*	*	*	3333609	*
H	14219	250	99.2	+	0	0	234MI15MD	567491	3333609
L	5962	250	*	*	*	*	*	276678	*
H	5962	250	100.0	+	0	0	250M	566588	276678
L	9545	250	*	*	*	*	*	99527	*
H	9545	250	97.6	+	0	0	250M	565706	99527
L	12754	250	*	*	*	*	*	667880	*
H	12754	250	100.0	+	0	0	250M	562759	667880
L	10111	250	*	*	*	*	*	37519	*
H	10111	250	98.8	+	0	0	250M	556570	37519
L	7238	250	*	*	*	*	*	195877	*
H	7238	250	99.6	+	0	0	250M	553146	195877
L	10879	250	*	*	*	*	*	4469	*
H	10879	250	97.6	+	0	0	142MD107MI	549374	4469
L	19617	250	*	*	*	*	*	4469495	*
H	19617	250	100.0	+	0	0	250M	545968	4469495
L	9536	250	*	*	*	*	*	100027	*
H	9536	250	100.0	+	0	0	250M	534898	100027
L	14921	250	*	*	*	*	*	3719461	*
H	14921	250	99.6	+	0	0	250M	533516	3719461
L	18782	250	*	*	*	*	*	4430475	*
H	18782	250	100.0	+	0	0	250M	532994	4430475
L	10830	250	*	*	*	*	*	5796	*
H	10830	250	100.0	+	0	0	250M	532163	5796
L	3436	250	*	*	*	*	*	517531	*
H	3436	250	99.6	+	0	0	250M	529459	517531
L	2647	250	*	*	*	*	*	546946	*
H	2647	250	100.0	+	0	0	250M	529445	546946
L	3203	250	*	*	*	*	*	523589	*
H	3203	250	99.2	+	0	0	250M	524580	523589
L	15187	250	*	*	*	*	*	1121805	*
H	15187	250	100.0	+	0	0	250M	522968	1121805
L	16348	250	*	*	*	*	*	4312974	*
H	16348	250	95.6	+	0	0	106MI45MI63MI23MI9M4D	518471	4312974
L	17362	250	*	*	*	*	*	4360942	*
H	17362	250	99.6	+	0	0	250M	516319	4360942
L	6976	250	*	*	*	*	*	212534	*
H	6976	250	99.2	+	0	0	250M	492873	212534
L	5307	250	*	*	*	*	*	311173	*
H	5307	250	100.0	+	0	0	250M	470505	311173
L	13182	250	*	*	*	*	*	1025853	*
H	13182	250	98.0	+	0	0	I249MD	463449	1025853
L	12294	250	*	*	*	*	*	758064	*
H	12294	250	94.0	+	0	0	8M2D12MD24MD10M2D18MD14MD12M2D47MD94M11I	459129	758064
L	966	250	*	*	*	*	*	893253	*
H	966	250	99.2	+	0	0	250M	442251	893253
L	2388	250	*	*	*	*	*	561032	*
H	2388	250	95.6	+	0	0	250M	438966	561032
L	3888	250	*	*	*	*	*	430191	*
H	3888	250	97.2	+	0	0	87MI109MI12MI39M3D	416537	430191
L	4019	250	*	*	*	*	*	392028	*
H	4019	250	99.2	+	0	0	250M	412726	392028
L	12362	250	*	*	*	*	*	2254358	*
H	12362	250	97.2	+	0	0	250M	404209	2254358
L	10571	250	*	*	*	*	*	11197	*
H	10571	250	99.6	+	0	0	250M	386273	11197
L	9821	250	*	*	*	*	*	72211	*
H	9821	250	100.0	+	0	0	250M	367564	72211
L	1350	250	*	*	*	*	*	810638	*
H	1350	250	99.6	+	0	0	250M	365055	810638
L	16678	250	*	*	*	*	*	4327593	*
H	16678	250	96.4	+	0	0	29MD13MD140MD16MD9M2D18MD18M7I	363557	4327593
L	14022	250	*	*	*	*	*	781155	*
H	14022	250	100.0	+	0	0	250M	361038	781155
L	9132	250	*	*	*	*	*	124373	*
H	9132	250	100.0	+	0	0	250M	342971	124373
L	5088	250	*	*	*	*	*	324891	*
H	5088	250	99.6	+	0	0	250M	340525	324891
L	11730	250	*	*	*	*	*	1911770	*
H	11730	250	99.2	+	0	0	250M	338757	1911770
L	15557	250	*	*	*	*	*	849745	*
H	15557	250	100.0	+	0	0	250M	330439	849745
L	15854	250	*	*	*	*	*	4260083	*
H	15854	250	99.6	+	0	0	250M	328755	4260083
L	5233	250	*	*	*	*	*	314749	*
H	5233	250	100.0	+	0	0	250M	312133	314749
L	7137	250	*	*	*	*	*	198691	*
H	7137	250	100.0	+	0	0	250M	308034	198691
L	1190	250	*	*	*	*	*	842258	*
H	1190	250	100.0	+	0	0	250M	300043	842258
L	6379	250	*	*	*	*	*	258553	*
H	6379	250	98.0	+	0	0	250M	295454	258553
L	5600	250	*	*	*	*	*	296749	*
H	5600	250	100.0	+	0	0	250M	294595	296749
L	13651	250	*	*	*	*	*	1072784	*
H	13651	250	94.8	+	0	0	31M4D7MD5M4D8M2D188M11I	285219	1072784
L	5843	250	*	*	*	*	*	287301	*
H	5843	250	100.0	+	0	0	250M	283138	287301
L	1995	250	*	*	*	*	*	582429	*
H	1995	250	100.0	+	0	0	250M	277320	582429
L	8362	250	*	*	*	*	*	164523	*
H	8362	250	99.2	+	0	0	250M	276921	164523
L	6130	250	*	*	*	*	*	268868	*
H	6130	250	98.4	+	0	0	250M	268463	268868
L	8023	250	*	*	*	*	*	176405	*
H	8023	250	94.0	+	0	0	202MI37MI9M2D	264465	176405
L	6137	250	*	*	*	*	*	268628	*
H	6137	250	100.0	+	0	0	250M	264416	268628
L	13255	250	*	*	*	*	*	2760629	*
H	13255	250	99.6	+	0	0	250M	263449	2760629
L	6980	250	*	*	*	*	*	212383	*
H	6980	250	99.2	+	0	0	250M	261920	212383
L	19156	250	*	*	*	*	*	4448449	*
H	19156	250	100.0	+	0	0	250M	258745	4448449
L	12445	250	*	*	*	*	*	935427	*
H	12445	250	100.0	+	0	0	250M	257746	935427
L	18063	250	*	*	*	*	*	4393352	*
H	18063	250	99.6	+	0	0	250M	257615	4393352
L	6802	250	*	*	*	*	*	230897	*
H	6802	250	100.0	+	0	0	250M	257162	230897
L	18878	250	*	*	*	*	*	4434920	*
H	18878	250	98.0	+	0	0	250M	255639	4434920
L	13876	250	*	*	*	*	*	3146428	*
H	13876	250	98.8	+	0	0	229MD4MD15M2I	251397	3146428
L	11064	250	*	*	*	*	*	1546669	*
H	11064	250	100.0	+	0	0	250M	250201	1546669
L	10550	250	*	*	*	*	*	11832	*
H	10550	250	100.0	+	0	0	250M	248847	11832
L	6566	250	*	*	*	*	*	246912	*
H	6566	250	99.6	+	0	0	250M	248740	246912
L	4584	250	*	*	*	*	*	354303	*
H	4584	250	99.6	+	0	0	250M	244795	354303
L	16198	250	*	*	*	*	*	4306599	*
H	16198	250	98.8	+	0	0	250M	242850	4306599
L	279	250	*	*	*	*	*	1055397	*
H	279	250	99.2	+	0	0	242M2D6M2I	241413	1055397
L	19839	250	*	*	*	*	*	4479549	*
H	19839	250	99.6	+	0	0	250M	240253	4479549
L	12969	250	*	*	*	*	*	809850	*
H	12969	250	98.8	+	0	0	10MD239MI	239649	809850
L	13446	250	*	*	*	*	*	2874058	*
H	13446	250	99.2	+	0	0	250M	230491	2874058
L	7967	250	*	*	*	*	*	177990	*
H	7967	250	100.0	+	0	0	250M	230360	177990
L	12537	250	*	*	*	*	*	1114718	*
H	12537	250	99.2	+	0	0	250M	229434	1114718
L	15685	250	*	*	*	*	*	1127245	*
H	15685	250	100.0	+	0	0	250M	224252	1127245
L	16410	250	*	*	*	*	*	4316241	*
H	16410	250	100.0	+	0	0	250M	218910	4316241
L	12353	250	*	*	*	*	*	2250345	*
H	12353	250	100.0	+	0	0	250M	205916	2250345
L	11053	250	*	*	*	*	*	818379	*
H	11053	250	97.2	+	0	0	250M	202971	818379
L	4678	250	*	*	*	*	*	348797	*
H	4678	250	98.8	+	0	0	54MI18MI27MI148M3D	199880	348797
L	9519	250	*	*	*	*	*	100727	*
H	9519	250	99.2	+	0	0	250M	186184	100727
L	18657	250	*	*	*	*	*	4424397	*
H	18657	250	97.2	+	0	0	250M	177599	4424397
L	8013	250	*	*	*	*	*	176722	*
H	8013	250	100.0	+	0	0	250M	175647	176722
L	6405	250	*	*	*	*	*	257051	*
H	6405	250	98.8	+	0	0	36MD48MD145MD18M3I	174666	257051
L	19136	250	*	*	*	*	*	4447141	*
H	19136	250	98.4	+	0	0	250M	172207	4447141
L	17168	250	*	*	*	*	*	4352015	*
H	17168	250	100.0	+	0	0	250M	166493	4352015
L	10726	250	*	*	*	*	*	8185	*
H	10726	250	100.0	+	0	0	250M	164443	8185
L	8324	250	*	*	*	*	*	165589	*
H	8324	250	100.0	+	0	0	250M	161828	165589
L	10520	250	*	*	*	*	*	12183	*
H	10520	250	97.6	+	0	0	250M	159978	12183
L	14752	250	*	*	*	*	*	3630893	*
H	14752	250	99.2	+	0	0	250M	156705	3630893
L	1891	250	*	*	*	*	*	587616	*
H	1891	250	96.8	+	0	0	19MD6MD131M2I13MI78MD	155922	587616
L	10375	250	*	*	*	*	*	14468	*
H	10375	250	99.6	+	0	0	250M	153061	14468
L	15281	250	*	*	*	*	*	3942007	*
H	15281	250	99.2	+	0	0	118MD131MI	149022	3942007
L	3318	250	*	*	*	*	*	520702	*
H	3318	250	88.8	+	0	0	146M5I28MI20MI23M3I23M10D	145761	520702
L	12075	250	*	*	*	*	*	2105739	*
H	12075	250	100.0	+	0	0	250M	144720	2105739
L	8803	250	*	*	*	*	*	144558	*
H	8803	250	100.0	+	0	0	250M	144295	144558
L	8912	250	*	*	*	*	*	141175	*
H	8912	250	99.6	+	0	0	250M	144207	141175
L	1885	250	*	*	*	*	*	588030	*
H	1885	250	100.0	+	0	0	250M	140042	588030
L	17153	250	*	*	*	*	*	4351033	*
H	17153	250	100.0	+	0	0	250M	139853	4351033
L	6400	250	*	*	*	*	*	257202	*
H	6400	250	100.0	+	0	0	250M	137543	257202
L	12199	250	*	*	*	*	*	2168897	*
H	12199	250	99.6	+	0	0	14MD235MI	137025	2168897
L	11049	250	*	*	*	*	*	1140324	*
H	11049	250	100.0	+	0	0	250M	136338	1140324
L	9042	250	*	*	*	*	*	135960	*
H	9042	250	97.2	+	0	0	250M	136019	135960
L	17884	250	*	*	*	*	*	4385528	*
H	17884	250	100.0	+	0	0	250M	134259	4385528
L	19769	250	*	*	*	*	*	4476049	*
H	19769	250	96.8	+	0	0	250M	134032	4476049
L	14981	250	*	*	*	*	*	1142026	*
H	14981	250	99.2	+	0	0	250M	130529	1142026
L	9122	250	*	*	*	*	*	128210	*
H	9122	250	100.0	+	0	0	250M	128351	128210
L	3855	250	*	*	*	*	*	439688	*
H	3855	250	96.0	+	0	0	250M	128093	439688
L	10024	250	*	*	*	*	*	48640	*
H	10024	250	97.6	+	0	0	250M	110591	48640
L	9285	250	*	*	*	*	*	109106	*
H	9285	250	97.2	+	0	0	250M	109112	109106
L	8132	250	*	*	*	*	*	173612	*
H	8132	250	100.0	+	0	0	250M	107892	173612
L	9468	250	*	*	*	*	*	102566	*
H	9468	250	99.6	+	0	0	250M	107760	102566
L	14613	250	*	*	*	*	*	3557576	*
H	14613	250	99.2	+	0	0	250M	106578	3557576
L	9352	250	*	*	*	*	*	106790	*
H	9352	250	94.0	+	0	0	167MI20MI18MI8M2I16M2I14M7D	102693	106790
L	9478	250	*	*	*	*	*	102149	*
H	9478	250	100.0	+	0	0	250M	102001	102149
L	9396	250	*	*	*	*	*	105508	*
H	9396	250	98.4	+	0	0	250M	101068	105508
L	2337	250	*	*	*	*	*	563741	*
H	2337	250	100.0	+	0	0	250M	100530	563741
L	11633	250	*	*	*	*	*	1123487	*
H	11633	250	99.6	+	0	0	115MD134MI	100484	1123487
L	18427	250	*	*	*	*	*	4413085	*
H	18427	250	99.2	+	0	0	250M	91890	4413085
L	10627	250	*	*	*	*	*	9961	*
H	10627	250	99.2	+	0	0	250M	91372	9961
L	9934	250	*	*	*	*	*	59721	*
H	9934	250	100.0	+	0	0	250M	90031	59721
L	15415	250	*	*	*	*	*	4020387	*
H	15415	250	98.4	+	0	0	250M	89356	4020387
L	2331	250	*	*	*	*	*	564081	*
H	2331	250	99.2	+	0	0	250M	87957	564081
L	8460	250	*	*	*	*	*	160873	*
H	8460	250	99.6	+	0	0	250M	87839	160873
L	1387	250	*	*	*	*	*	802727	*
H	1387	250	98.0	+	0	0	250M	87670	802727
L	7414	250	*	*	*	*	*	191359	*
H	7414	250	99.6	+	0	0	126MI123MD	79015	191359
L	17322	250	*	*	*	*	*	4359296	*
H	17322	250	100.0	+	0	0	250M	77501	4359296
L	7213	250	*	*	*	*	*	196652	*
H	7213	250	100.0	+	0	0	250M	76534	196652
L	5621	250	*	*	*	*	*	296166	*
H	5621	250	100.0	+	0	0	250M	76200	296166
L	3911	250	*	*	*	*	*	422136	*
H	3911	250	99.2	+	0	0	250M	72112	422136
L	8974	250	*	*	*	*	*	138779	*
H	8974	250	100.0	+	0	0	250M	71703	138779
L	6757	250	*	*	*	*	*	235822	*
H	6757	250	100.0	+	0	0	250M	71348	235822
L	4901	250	*	*	*	*	*	336960	*
H	4901	250	99.6	+	0	0	250M	67615	336960
L	11354	250	*	*	*	*	*	1136234	*
H	11354	250	99.2	+	0	0	250M	67341	1136234
L	12728	250	*	*	*	*	*	2462171	*
H	12728	250	98.4	+	0	0	81MD44MD72MD50M3I	65391	2462171
L	18291	250	*	*	*	*	*	4406407	*
H	18291	250	94.0	+	0	0	250M	58647	4406407
L	6731	250	*	*	*	*	*	237464	*
H	6731	250	98.0	+	0	0	250M	56204	237464
L	15384	250	*	*	*	*	*	4004505	*
H	15384	250	95.6	+	0	0	9MI56M2I40MI141M4D	54854	4004505
L	15224	250	*	*	*	*	*	627028	*
H	15224	250	99.6	+	0	0	250M	48977	627028
L	11345	250	*	*	*	*	*	822996	*
H	11345	250	98.4	+	0	0	129MD42MI78M	45894	822996
L	16137	250	*	*	*	*	*	4304334	*
H	16137	250	100.0	+	0	0	250M	42664	4304334
L	9910	250	*	*	*	*	*	63190	*
H	9910	250	99.2	+	0	0	250M	40466	63190
L	10705	250	*	*	*	*	*	8842	*
H	10705	250	99.6	+	0	0	10MD239MI	36120	8842
H	10550	250	100.0	+	0	0	250M	34014	11832
L	6884	250	*	*	*	*	*	221579	*
H	6884	250	99.2	+	0	0	10MI157M2D81MI	29133	221579
L	1577	250	*	*	*	*	*	701593	*
H	1577	250	100.0	+	0	0	250M	17434	701593
L	2155	250	*	*	*	*	*	574341	*
H	2155	250	99.2	+	0	0	250M	16144	574341
L	2036	250	*	*	*	*	*	580117	*
H	2036	250	94.4	+	0	0	10MD56MI112MD30MD39M2I	15878	580117
L	17766	250	*	*	*	*	*	4379449	*
H	17766	250	99.6	+	0	0	250M	15711	4379449
L	10312	250	*	*	*	*	*	15691	*
H	10312	250	99.6	+	0	0	250M	15692	15691
L	16605	250	*	*	*	*	*	4323865	*
H	16605	250	99.6	+	0	0	250M	14357	4323865
L	17459	250	*	*	*	*	*	4365803	*
H	17459	250	99.2	+	0	0	55MI175MI18M2D	14342	4365803
L	12622	250	*	*	*	*	*	2398623	*
H	12622	250	99.6	+	0	0	250M	14175	2398623
L	13936	250	*	*	*	*	*	1131768	*
H	13936	250	98.8	+	0	0	250M	13728	1131768
L	5555	250	*	*	*	*	*	299252	*
H	5555	250	99.6	+	0	0	250M	13568	299252
L	11211	250	*	*	*	*	*	999098	*
H	11211	250	100.0	+	0	0	250M	13485	999098
L	10438	250	*	*	*	*	*	13469	*
H	10438	250	99.6	+	0	0	250M	13467	13469
L	10488	250	*	*	*	*	*	12527	*
H	10488	250	99.2	+	0	0	250M	12524	12527
L	6616	250	*	*	*	*	*	243992	*
H	6616	250	98.8	+	0	0	250M	12320	243992
L	1590	250	*	*	*	*	*	697027	*
H	1590	250	99.6	+	0	0	250M	12136	697027
L	10525	250	*	*	*	*	*	12133	*
H	10525	250	100.0	+	0	0	250M	12134	12133
L	12733	250	*	*	*	*	*	2465170	*
H	12733	250	99.6	+	0	0	250M	11439	2465170
L	6331	250	*	*	*	*	*	260570	*
H	6331	250	100.0	+	0	0	250M	10618	260570
L	10194	250	*	*	*	*	*	26629	*
H	10194	250	96.0	+	0	0	2I248M2D	10480	26629
L	4511	250	*	*	*	*	*	358229	*
H	4511	250	99.2	+	0	0	250M	10323	358229
L	16451	250	*	*	*	*	*	4317943	*
H	16451	250	98.8	+	0	0	250M	9755	4317943
L	15389	250	*	*	*	*	*	4006670	*
H	15389	250	99.6	+	0	0	250M	9360	4006670
L	7407	250	*	*	*	*	*	191570	*
H	7407	250	94.8	+	0	0	250M	8014	191570
L	10742	250	*	*	*	*	*	8010	*
H	10742	250	94.4	+	0	0	250M	8012	8010
L	10750	250	*	*	*	*	*	7984	*
H	10750	250	94.4	+	0	0	154MD95MI	7983	7984
L	10792	250	*	*	*	*	*	7344	*
H	10792	250	100.0	+	0	0	250M	7346	7344
L	10802	250	*	*	*	*	*	7098	*
H	10802	250	99.2	+	0	0	250M	7052	7098
L	9873	250	*	*	*	*	*	69463	*
H	9873	250	99.2	+	0	0	250M	6602	69463
L	10810	250	*	*	*	*	*	6517	*
H	10810	250	98.0	+	0	0	250M	6503	6517
L	9255	250	*	*	*	*	*	110507	*
H	9255	250	100.0	+	0	0	250M	6367	110507
L	6963	250	*	*	*	*	*	214827	*
H	6963	250	99.6	+	0	0	250M	6279	214827
L	7331	250	*	*	*	*	*	193675	*
H	7331	250	100.0	+	0	0	250M	5217	193675
L	17561	250	*	*	*	*	*	4370215	*
H	17561	250	100.0	+	0	0	250M	4429	4370215
L	10900	250	*	*	*	*	*	4076	*
H	10900	250	98.8	+	0	0	250M	4043	4076
L	8824	250	*	*	*	*	*	143806	*
H	8824	250	100.0	+	0	0	250M	2695	143806
L	9734	250	*	*	*	*	*	80764	*
H	9734	250	90.8	+	0	0	250M	2403	80764
L	11000	250	*	*	*	*	*	748654	*
H	11000	250	100.0	+	0	0	250M	1531100	748654
L	10406	250	*	*	*	*	*	13973	*
H	10406	250	100.0	+	0	0	250M	1114941	13973
L	16716	250	*	*	*	*	*	4329220	*
H	16716	250	100.0	+	0	0	250M	1550344	4329220
L	3244	250	*	*	*	*	*	522512	*
H	3244	250	99.6	+	0	0	163MD86MI	751671	522512
L	18638	250	*	*	*	*	*	4423600	*
H	18638	250	95.6	+	0	0	6D37M2I26MI181M3I	1106472	4423600
L	8894	250	*	*	*	*	*	141505	*
H	8894	250	95.2	+	0	0	87MD162MI	1679577	141505
L	15110	250	*	*	*	*	*	1127185	*
H	15110	250	98.8	+	0	0	39MD210MI	813080	1127185
L	8857	250	*	*	*	*	*	142892	*
H	8857	250	98.8	+	0	0	250M	1138192	142892
L	10455	250	*	*	*	*	*	12944	*
H	10455	250	100.0	+	0	0	250M	646494	12944
L	15454	250	*	*	*	*	*	4039231	*
H	15454	250	100.0	+	0	0	250M	1144850	4039231
L	1528	250	*	*	*	*	*	726900	*
H	1528	250	100.0	+	0	0	250M	794652	726900
L	15628	250	*	*	*	*	*	4133952	*
H	15628	250	99.2	+	0	0	250M	1884554	4133952
L	17378	250	*	*	*	*	*	4361518	*
H	17378	250	100.0	+	0	0	250M	717005	4361518
L	18516	250	*	*	*	*	*	4416713	*
H	18516	250	99.6	+	0	0	250M	1122887	4416713
L	7659	250	*	*	*	*	*	185578	*
H	7659	250	99.6	+	0	0	250M	1142415	185578
L	17677	250	*	*	*	*	*	4375314	*
H	17677	250	96.8	+	0	0	250M	2000712	4375314
L	16380	250	*	*	*	*	*	4314497	*
H	16380	250	99.6	+	0	0	250M	772508	4314497
L	13588	250	*	*	*	*	*	1142618	*
H	13588	250	100.0	+	0	0	250M	1143228	1142618
L	8679	250	*	*	*	*	*	150813	*
H	8679	250	90.4	+	0	0	I36M2I49MI161M4D	2132220	150813
L	15540	250	*	*	*	*	*	1135527	*
H	15540	250	100.0	+	0	0	250M	2193685	1135527
L	18322	250	*	*	*	*	*	4407476	*
H	18322	250	100.0	+	0	0	250M	2199910	4407476
L	11221	250	*	*	*	*	*	1120871	*
H	11221	250	100.0	+	0	0	250M	2228265	1120871
L	10364	250	*	*	*	*	*	14554	*
H	10364	250	99.6	+	0	0	250M	719955	14554
L	18495	250	*	*	*	*	*	4415616	*
H	18495	250	100.0	+	0	0	250M	823067	4415616
L	8064	250	*	*	*	*	*	175290	*
H	8064	250	99.6	+	0	0	250M	2246524	175290
L	11534	250	*	*	*	*	*	1803005	*
H	11534	250	96.4	+	0	0	250M	2318918	1803005
L	15	250	*	*	*	*	*	1110347	*
H	15	250	99.6	+	0	0	230MI19MD	1118051	1110347
L	15227	250	*	*	*	*	*	1137224	*
H	15227	250	98.4	+	0	0	250M	2410835	1137224
L	1564	250	*	*	*	*	*	707350	*
H	1564	250	100.0	+	0	0	250M	2418901	707350
L	1618	250	*	*	*	*	*	682726	*
H	1618	250	96.8	+	0	0	250M	849361	682726
L	17849	250	*	*	*	*	*	4383599	*
H	17849	250	98.8	+	0	0	250M	2472370	4383599
L	10223	250	*	*	*	*	*	23551	*
H	10223	250	100.0	+	0	0	250M	1143466	23551
L	1735	250	*	*	*	*	*	623331	*
H	1735	250	100.0	+	0	0	250M	694179	623331
L	18092	250	*	*	*	*	*	4395206	*
H	18092	250	81.6	+	0	0	206MI43MD	1078830	4395206
L	9537	250	*	*	*	*	*	99951	*
H	9537	250	100.0	+	0	0	250M	810000	99951
L	9982	250	*	*	*	*	*	52561	*
H	9982	250	100.0	+	0	0	250M	1126112	52561
L	19626	250	*	*	*	*	*	4469853	*
H	19626	250	99.6	+	0	0	250M	1135354	4469853
L	8759	250	*	*	*	*	*	146895	*
H	8759	250	100.0	+	0	0	250M	2621281	146895
L	9176	250	*	*	*	*	*	115224	*
H	9176	250	99.6	+	0	0	114MD135MI	28400	115224
L	19294	250	*	*	*	*	*	4455242	*
H	19294	250	100.0	+	0	0	250M	735510	4455242
L	6832	250	*	*	*	*	*	226789	*
H	6832	250	100.0	+	0	0	250M	2743675	226789
L	9492	250	*	*	*	*	*	101611	*
H	9492	250	99.6	+	0	0	250M	1142772	101611
L	14896	250	*	*	*	*	*	1138138	*
H	14896	250	96.0	+	0	0	36MI127MI85M2D	1136766	1138138
H	12445	250	100.0	+	0	0	250M	838620	935427
L	4258	250	*	*	*	*	*	365181	*
H	4258	250	96.4	+	0	0	10MD22MD10MD11MD30MD35MD126M6I	2919166	365181
L	767	250	*	*	*	*	*	938795	*
H	767	250	99.2	+	0	0	250M	1084983	938795
L	17383	250	*	*	*	*	*	4361600	*
H	17383	250	100.0	+	0	0	250M	2973848	4361600
L	10338	250	*	*	*	*	*	15033	*
H	10338	250	96.4	+	0	0	250M	1128555	15033
L	10310	250	*	*	*	*	*	15716	*
H	10310	250	98.8	+	0	0	106MI59MD84M	3018527	15716
L	758	250	*	*	*	*	*	940737	*
H	758	250	99.2	+	0	0	250M	1137566	940737
L	18723	250	*	*	*	*	*	4427543	*
H	18723	250	99.2	+	0	0	250M	1138034	4427543
L	9493	250	*	*	*	*	*	101603	*
H	9493	250	100.0	+	0	0	250M	3049001	101603
L	17480	250	*	*	*	*	*	4366299	*
H	17480	250	100.0	+	0	0	250M	3052746	4366299
L	4927	250	*	*	*	*	*	335039	*
H	4927	250	98.8	+	0	0	250M	824748	335039
L	1829	250	*	*	*	*	*	591329	*
H	1829	250	100.0	+	0	0	250M	824872	591329
L	6418	250	*	*	*	*	*	256632	*
H	6418	250	100.0	+	0	0	250M	749036	256632
L	17515	250	*	*	*	*	*	4367988	*
H	17515	250	98.0	+	0	0	250M	3153795	4367988
L	14311	250	*	*	*	*	*	3383131	*
H	14311	250	99.6	+	0	0	250M	770555	3383131
L	2259	250	*	*	*	*	*	567972	*
H	2259	250	98.8	+	0	0	250M	1059977	567972
L	3075	250	*	*	*	*	*	526753	*
H	3075	250	97.6	+	0	0	250M	1127353	526753
L	17830	250	*	*	*	*	*	4382697	*
H	17830	250	99.6	+	0	0	250M	1142209	4382697
L	14854	250	*	*	*	*	*	1126217	*
H	14854	250	98.0	+	0	0	D110MD138M2I	3210709	1126217
L	7604	250	*	*	*	*	*	186744	*
H	7604	250	94.0	+	0	0	250M	1122668	186744
L	9305	250	*	*	*	*	*	108296	*
H	9305	250	98.8	+	0	0	250M	718624	108296
L	16073	250	*	*	*	*	*	4301398	*
H	16073	250	100.0	+	0	0	250M	1110646	4301398
L	11068	250	*	*	*	*	*	729672	*
H	11068	250	99.2	+	0	0	250M	658160	729672
L	14382	250	*	*	*	*	*	1109955	*
H	14382	250	100.0	+	0	0	250M	1113317	1109955
L	11067	250	*	*	*	*	*	635635	*
H	11067	250	100.0	+	0	0	250M	3424623	635635
L	11960	250	*	*	*	*	*	658717	*
H	11960	250	100.0	+	0	0	250M	767448	658717
L	17625	250	*	*	*	*	*	4372619	*
H	17625	250	92.0	+	0	0	81M2I167M2D	3521835	4372619
L	10612	250	*	*	*	*	*	10400	*
H	10612	250	96.8	+	0	0	250M	3526876	10400
L	1676	250	*	*	*	*	*	653789	*
H	1676	250	99.2	+	0	0	250M	1115975	653789
L	2553	250	*	*	*	*	*	552074	*
H	2553	250	98.0	+	0	0	250M	1144548	552074
L	2811	250	*	*	*	*	*	535678	*
H	2811	250	99.2	+	0	0	250M	821185	535678
L	1253	250	*	*	*	*	*	824703	*
H	1253	250	97.2	+	0	0	153MD96MI	3602946	824703
L	2185	250	*	*	*	*	*	571841	*
H	2185	250	100.0	+	0	0	250M	817333	571841
L	17891	250	*	*	*	*	*	4385591	*
H	17891	250	94.0	+	0	0	31MD38M2D6MD21M2D148M6I	792218	4385591
L	14369	250	*	*	*	*	*	1124779	*
H	14369	250	98.8	+	0	0	250M	808058	1124779
L	8290	250	*	*	*	*	*	167131	*
H	8290	250	100.0	+	0	0	250M	1148060	167131
L	712	250	*	*	*	*	*	953256	*
H	712	250	100.0	+	0	0	250M	1105450	953256
L	6553	250	*	*	*	*	*	247538	*
H	6553	250	100.0	+	0	0	250M	1123953	247538
L	2149	250	*	*	*	*	*	574646	*
H	2149	250	100.0	+	0	0	250M	672120	574646
L	32	250	*	*	*	*	*	1107713	*
H	32	250	99.2	+	0	0	250M	3768997	1107713
L	7850	250	*	*	*	*	*	181039	*
H	7850	250	100.0	+	0	0	250M	1118267	181039
L	1706	250	*	*	*	*	*	633100	*
H	1706	250	100.0	+	0	0	250M	1117026	633100
L	10372	250	*	*	*	*	*	14500	*
H	10372	250	100.0	+	0	0	250M	3840972	14500
L	18545	250	*	*	*	*	*	4418150	*
H	18545	250	98.4	+	0	0	250M	1139751	4418150
L	1611	250	*	*	*	*	*	687940	*
H	1611	250	100.0	+	0	0	250M	856414	687940
L	17601	250	*	*	*	*	*	4371943	*
H	17601	250	98.8	+	0	0	250M	3961590	4371943
L	10751	250	*	*	*	*	*	7980	*
H	10751	250	94.8	+	0	0	250M	657047	7980
L	5798	250	*	*	*	*	*	289174	*
H	5798	250	99.6	+	0	0	250M	828203	289174
L	18270	250	*	*	*	*	*	4405305	*
H	18270	250	99.6	+	0	0	250M	1139718	4405305
L	10381	250	*	*	*	*	*	14449	*
H	10381	250	100.0	+	0	0	250M	4100336	14449
L	2510	250	*	*	*	*	*	554249	*
H	2510	250	99.6	+	0	0	250M	4135570	554249
L	10840	250	*	*	*	*	*	5639	*
H	10840	250	97.6	+	0	0	250M	4165505	5639
L	9863	250	*	*	*	*	*	70330	*
H	9863	250	99.2	+	0	0	250M	616188	70330
L	19200	250	*	*	*	*	*	4450487	*
H	19200	250	100.0	+	0	0	250M	4297407	4450487
L	13476	250	*	*	*	*	*	2894263	*
H	13476	250	98.8	+	0	0	250M	4298637	2894263
L	9605	250	*	*	*	*	*	93202	*
H	9605	250	99.2	+	0	0	215MD34MI	4300558	93202
L	17200	250	*	*	*	*	*	4353509	*
H	17200	250	100.0	+	0	0	250M	4304126	4353509
L	10854	250	*	*	*	*	*	5131	*
H	10854	250	95.6	+	0	0	25M3I11MI41M3I166M7D	4305699	5131
L	1323	250	*	*	*	*	*	815059	*
H	1323	250	99.6	+	0	0	250M	4311636	815059
L	19188	250	*	*	*	*	*	4449904	*
H	19188	250	100.0	+	0	0	250M	4314051	4449904
L	8930	250	*	*	*	*	*	140864	*
H	8930	250	99.6	+	0	0	250M	4315642	140864
L	8825	250	*	*	*	*	*	143784	*
H	8825	250	100.0	+	0	0	250M	4316623	143784
L	14243	250	*	*	*	*	*	976815	*
H	14243	250	94.0	+	0	0	I249MD	4321924	976815
L	19458	250	*	*	*	*	*	4462972	*
H	19458	250	99.2	+	0	0	133MI116MD	4322704	4462972
L	16055	250	*	*	*	*	*	4300775	*
H	16055	250	100.0	+	0	0	250M	4323428	4300775
L	8008	250	*	*	*	*	*	176827	*
H	8008	250	100.0	+	0	0	250M	4323942	176827
L	15994	250	*	*	*	*	*	4297838	*
H	15994	250	100.0	+	0	0	250M	4324466	4297838
L	12653	250	*	*	*	*	*	1003411	*
H	12653	250	100.0	+	0	0	250M	4325515	1003411
L	2773	250	*	*	*	*	*	538304	*
H	2773	250	98.4	+	0	0	250M	4327628	538304
L	11023	250	*	*	*	*	*	1523231	*
H	11023	250	97.6	+	0	0	106M4I10MD16MD114M2D	4328035	1523231
L	17586	250	*	*	*	*	*	4371509	*
H	17586	250	99.2	+	0	0	250M	4328665	4371509
L	10626	250	*	*	*	*	*	10042	*
H	10626	250	92.8	+	0	0	209MD24M3I14M2D	4330018	10042
H	1590	250	99.6	+	0	0	250M	4330933	697027
L	5858	250	*	*	*	*	*	286034	*
H	5858	250	99.2	+	0	0	250M	4331236	286034
L	14581	250	*	*	*	*	*	1113833	*
H	14581	250	99.2	+	0	0	250M	4337903	1113833
L	5861	250	*	*	*	*	*	285885	*
H	5861	250	99.6	+	0	0	250M	4347599	285885
L	2081	250	*	*	*	*	*	578145	*
H	2081	250	99.6	+	0	0	250M	4350245	578145
L	6083	250	*	*	*	*	*	271080	*
H	6083	250	99.2	+	0	0	250M	4350787	271080
L	11608	250	*	*	*	*	*	1141121	*
H	11608	250	98.4	+	0	0	250M	4356801	1141121
L	13975	250	*	*	*	*	*	1145405	*
H	13975	250	96.8	+	0	0	250M	4356823	1145405
L	17616	250	*	*	*	*	*	4372372	*
H	17616	250	100.0	+	0	0	250M	4357383	4372372
L	10468	250	*	*	*	*	*	12852	*
H	10468	250	99.6	+	0	0	250M	4357504	12852
L	14509	250	*	*	*	*	*	1137866	*
H	14509	250	100.0	+	0	0	250M	4358054	1137866
L	15460	250	*	*	*	*	*	4041568	*
H	15460	250	99.6	+	0	0	250M	4359604	4041568
L	7780	250	*	*	*	*	*	182880	*
H	7780	250	100.0	+	0	0	250M	4365543	182880
L	12329	250	*	*	*	*	*	809272	*
H	12329	250	99.2	+	0	0	240MD9MI	4376803	809272
L	2290	250	*	*	*	*	*	566122	*
H	2290	250	99.6	+	0	0	250M	4376912	566122
L	13575	250	*	*	*	*	*	2956782	*
H	13575	250	100.0	+	0	0	250M	4379731	2956782
L	11496	250	*	*	*	*	*	1126081	*
H	11496	250	98.4	+	0	0	250M	4381192	1126081
L	3617	250	*	*	*	*	*	512232	*
H	3617	250	100.0	+	0	0	250M	4383129	512232
H	3617	250	100.0	+	0	0	250M	4388302	512232
H	4511	250	100.0	+	0	0	250M	4395332	358229
L	10721	250	*	*	*	*	*	8400	*
H	10721	250	99.2	+	0	0	250M	4399051	8400
L	13997	250	*	*	*	*	*	1129601	*
H	13997	250	100.0	+	0	0	250M	4399636	1129601
L	19032	250	*	*	*	*	*	4442382	*
H	19032	250	99.6	+	0	0	250M	4400171	4442382
L	10746	250	*	*	*	*	*	8001	*
H	10746	250	99.6	+	0	0	250M	4406524	8001
L	13417	250	*	*	*	*	*	2855258	*
H	13417	250	97.2	+	0	0	2I137MI33MI14MI23MI30MI6M7D	4410155	2855258
L	2456	250	*	*	*	*	*	557321	*
H	2456	250	99.6	+	0	0	250M	4418393	557321
L	19420	250	*	*	*	*	*	4461207	*
H	19420	250	99.2	+	0	0	250M	4422697	4461207
L	5776	250	*	*	*	*	*	289954	*
H	5776	250	100.0	+	0	0	250M	4426298	289954
L	10800	250	*	*	*	*	*	7126	*
H	10800	250	99.6	+	0	0	250M	4429771	7126
L	8648	250	*	*	*	*	*	152489	*
H	8648	250	100.0	+	0	0	250M	4431592	152489
L	9768	250	*	*	*	*	*	76334	*
H	9768	250	98.8	+	0	0	250M	4439243	76334
L	19049	250	*	*	*	*	*	4443034	*
H	19049	250	99.6	+	0	0	36MI213MD	4443032	4443034
L	16988	250	*	*	*	*	*	4343005	*
H	16988	250	98.8	+	0	0	250M	4443436	4343005
L	13448	250	*	*	*	*	*	2874960	*
H	13448	250	100.0	+	0	0	250M	4446436	2874960
L	12541	250	*	*	*	*	*	635820	*
H	12541	250	100.0	+	0	0	250M	4446961	635820
L	19463	250	*	*	*	*	*	4463224	*
H	19463	250	99.6	+	0	0	250M	4457481	4463224
H	1611	250	100.0	+	0	0	250M	4462906	687940
H	13575	250	100.0	+	0	0	250M	4470015	2956782
L	17377	250	*	*	*	*	*	4361455	*
H	17377	250	100.0	+	0	0	250M	4471892	4361455
L	14990	250	*	*	*	*	*	1102876	*
H	14990	250	100.0	+	0	0	250M	4482804	1102876
L	19993	250	*	*	*	*	*	578012	*
H	19993	250	99.6	+	0	0	243MI6MD	611626	578012
L	20110	250	*	*	*	*	*	101553	*
H	20110	250	99.6	+	0	0	250M	565906	101553
L	20290	250	*	*	*	*	*	4417438	*
H	20290	250	99.6	+	0	0	250M	559851	4417438
L	20012	250	*	*	*	*	*	545758	*
H	20012	250	98.4	+	0	0	21MD33MD29MD164M3I	197313	545758
L	20003	250	*	*	*	*	*	556561	*
H	20003	250	100.0	+	0	0	250M	101071	556561
L	20237	250	*	*	*	*	*	673916	*
H	20237	250	100.0	+	0	0	250M	28138	673916
L	20023	250	*	*	*	*	*	360281	*
H	20023	250	97.2	+	0	0	250M	17995	360281
L	20075	250	*	*	*	*	*	138837	*
H	20075	250	99.2	+	0	0	250M	329	138837
L	20198	250	*	*	*	*	*	2147799	*
H	20198	250	99.2	+	0	0	250M	779391	2147799
L	20221	250	*	*	*	*	*	841520	*
H	20221	250	99.6	+	0	0	250M	840654	841520
L	19971	250	*	*	*	*	*	798060	*
H	19971	250	100.0	+	0	0	250M	4404469	798060
D	15	2	*	*	*	*	99.6	1110347	*
D	32	2	*	*	*	*	99.2	1107713	*
D	279	2	*	*	*	*	99.2	1055397	*
D	415	2	*	*	*	*	94.4	1025462	*
D	712	2	*	*	*	*	100.0	953256	*
D	758	2	*	*	*	*	99.2	940737	*
D	767	2	*	*	*	*	99.2	938795	*
D	966	2	*	*	*	*	99.2	893253	*
D	1190	2	*	*	*	*	100.0	842258	*
D	1214	2	*	*	*	*	98.0	835880	*
D	1253	2	*	*	*	*	97.2	824703	*
D	1323	2	*	*	*	*	99.6	815059	*
D	1350	2	*	*	*	*	99.6	810638	*
D	1387	2	*	*	*	*	98.0	802727	*
D	1528	2	*	*	*	*	100.0	726900	*
D	1564	2	*	*	*	*	100.0	707350	*
D	1577	2	*	*	*	*	100.0	701593	*
D	1590	3	*	*	*	*	99.6	697027	*
D	1611	3	*	*	*	*	100.0	687940	*
D	1618	2	*	*	*	*	96.8	682726	*
D	1676	2	*	*	*	*	99.2	653789	*
D	1706	2	*	*	*	*	100.0	633100	*
D	1735	2	*	*	*	*	100.0	623331	*
D	1829	2	*	*	*	*	100.0	591329	*
D	1885	2	*	*	*	*	100.0	588030	*
D	1891	2	*	*	*	*	96.8	587616	*
D	1995	2	*	*	*	*	100.0	582429	*
D	2036	2	*	*	*	*	94.4	580117	*
D	2081	2	*	*	*	*	99.6	578145	*
D	2149	2	*	*	*	*	100.0	574646	*
D	2155	2	*	*	*	*	99.2	574341	*
D	2184	2	*	*	*	*	100.0	571908	*
D	2185	2	*	*	*	*	100.0	571841	*
D	2259	2	*	*	*	*	98.8	567972	*
D	2290	2	*	*	*	*	99.6	566122	*
D	2331	2	*	*	*	*	99.2	564081	*
D	2337	2	*	*	*	*	100.0	563741	*
D	2388	2	*	*	*	*	95.6	561032	*
D	2456	2	*	*	*	*	99.6	557321	*
D	2510	2	*	*	*	*	99.6	554249	*
D	2535	2	*	*	*	*	100.0	552832	*
D	2553	2	*	*	*	*	98.0	552074	*
D	2647	2	*	*	*	*	100.0	546946	*
D	2711	2	*	*	*	*	100.0	542079	*
D	2773	2	*	*	*	*	98.4	538304	*
D	2811	2	*	*	*	*	99.2	535678	*
D	3075	2	*	*	*	*	97.6	526753	*
D	3203	2	*	*	*	*	99.2	523589	*
D	3244	2	*	*	*	*	99.6	522512	*
D	3318	2	*	*	*	*	88.8	520702	*
D	3436	2	*	*	*	*	99.6	517531	*
D	3617	3	*	*	*	*	100.0	512232	*
D	3736	2	*	*	*	*	98.8	484444	*
D	3844	2	*	*	*	*	98.0	444228	*
D	3855	2	*	*	*	*	96.0	439688	*
D	3888	2	*	*	*	*	97.2	430191	*
D	3911	2	*	*	*	*	99.2	422136	*
D	4019	2	*	*	*	*	99.2	392028	*
D	4258	2	*	*	*	*	96.4	365181	*
D	4511	3	*	*	*	*	99.6	358229	*
D	4584	2	*	*	*	*	99.6	354303	*
D	4678	2	*	*	*	*	98.8	348797	*
D	4901	2	*	*	*	*	99.6	336960	*
D	4927	2	*	*	*	*	98.8	335039	*
D	4990	2	*	*	*	*	100.0	330933	*
D	5082	2	*	*	*	*	100.0	325282	*
D	5088	2	*	*	*	*	99.6	324891	*
D	5233	2	*	*	*	*	100.0	314749	*
D	5307	2	*	*	*	*	100.0	311173	*
D	5555	2	*	*	*	*	99.6	299252	*
D	5600	2	*	*	*	*	100.0	296749	*
D	5621	2	*	*	*	*	100.0	296166	*
D	5776	2	*	*	*	*	100.0	289954	*
D	5798	2	*	*	*	*	99.6	289174	*
D	5843	2	*	*	*	*	100.0	287301	*
D	5858	2	*	*	*	*	99.2	286034	*
D	5861	2	*	*	*	*	99.6	285885	*
D	5962	2	*	*	*	*	100.0	276678	*
D	6081	2	*	*	*	*	99.6	271158	*
D	6083	2	*	*	*	*	99.2	271080	*
D	6130	2	*	*	*	*	98.4	268868	*
D	6135	2	*	*	*	*	98.0	268664	*
D	6137	2	*	*	*	*	100.0	268628	*
D	6331	2	*	*	*	*	100.0	260570	*
D	6379	2	*	*	*	*	98.0	258553	*
D	6400	2	*	*	*	*	100.0	257202	*
D	6405	2	*	*	*	*	98.8	257051	*
D	6418	2	*	*	*	*	100.0	256632	*
D	6553	2	*	*	*	*	100.0	247538	*
D	6566	2	*	*	*	*	99.6	246912	*
D	6616	2	*	*	*	*	98.8	243992	*
D	6731	2	*	*	*	*	98.0	237464	*
D	6757	2	*	*	*	*	100.0	235822	*
D	6802	2	*	*	*	*	100.0	230897	*
D	6832	2	*	*	*	*	100.0	226789	*
D	6884	2	*	*	*	*	99.2	221579	*
D	6963	2	*	*	*	*	99.6	214827	*
D	6976	2	*	*	*	*	99.2	212534	*
D	6980	2	*	*	*	*	99.2	212383	*
D	7137	2	*	*	*	*	100.0	198691	*
D	7213	2	*	*	*	*	100.0	196652	*
D	7238	2	*	*	*	*	99.6	195877	*
D	7331	2	*	*	*	*	100.0	193675	*
D	7407	2	*	*	*	*	94.8	191570	*
D	7414	2	*	*	*	*	99.6	191359	*
D	7604	2	*	*	*	*	94.0	186744	*
D	7659	2	*	*	*	*	99.6	185578	*
D	7780	2	*	*	*	*	100.0	182880	*
D	7833	2	*	*	*	*	95.6	181589	*
D	7850	2	*	*	*	*	100.0	181039	*
D	7967	2	*	*	*	*	100.0	177990	*
D	8008	2	*	*	*	*	100.0	176827	*
D	8013	2	*	*	*	*	100.0	176722	*
D	8023	2	*	*	*	*	94.0	176405	*
D	8064	2	*	*	*	*	99.6	175290	*
D	8132	2	*	*	*	*	100.0	173612	*
D	8290	2	*	*	*	*	100.0	167131	*
D	8324	2	*	*	*	*	100.0	165589	*
D	8362	2	*	*	*	*	99.2	164523	*
D	8460	2	*	*	*	*	99.6	160873	*
D	8648	2	*	*	*	*	100.0	152489	*
D	8679	2	*	*	*	*	90.4	150813	*
D	8759	2	*	*	*	*	100.0	146895	*
D	8803	2	*	*	*	*	100.0	144558	*
D	8824	2	*	*	*	*	100.0	143806	*
D	8825	2	*	*	*	*	100.0	143784	*
D	8857	2	*	*	*	*	98.8	142892	*
D	8894	2	*	*	*	*	95.2	141505	*
D	8912	2	*	*	*	*	99.6	141175	*
D	8930	2	*	*	*	*	99.6	140864	*
D	8974	2	*	*	*	*	100.0	138779	*
D	9042	2	*	*	*	*	97.2	135960	*
D	9122	2	*	*	*	*	100.0	128210	*
D	9132	2	*	*	*	*	100.0	124373	*
D	9176	2	*	*	*	*	99.6	115224	*
D	9194	2	*	*	*	*	99.2	114254	*
D	9255	2	*	*	*	*	100.0	110507	*
D	9285	2	*	*	*	*	97.2	109106	*
D	9305	2	*	*	*	*	98.8	108296	*
D	9352	2	*	*	*	*	94.0	106790	*
D	9396	2	*	*	*	*	98.4	105508	*
D	9468	2	*	*	*	*	99.6	102566	*
D	9478	2	*	*	*	*	100.0	102149	*
D	9492	2	*	*	*	*	99.6	101611	*
D	9493	2	*	*	*	*	100.0	101603	*
D	9519	2	*	*	*	*	99.2	100727	*
D	9536	2	*	*	*	*	100.0	100027	*
D	9537	2	*	*	*	*	100.0	99951	*
D	9545	2	*	*	*	*	97.6	99527	*
D	9605	2	*	*	*	*	99.2	93202	*
D	9734	2	*	*	*	*	90.8	80764	*
D	9768	2	*	*	*	*	98.8	76334	*
D	9803	2	*	*	*	*	98.4	73433	*
D	9821	2	*	*	*	*	100.0	72211	*
D	9863	2	*	*	*	*	99.2	70330	*
D	9873	2	*	*	*	*	99.2	69463	*
D	9881	2	*	*	*	*	100.0	67654	*
D	9910	2	*	*	*	*	99.2	63190	*
D	9934	2	*	*	*	*	100.0	59721	*
D	9982	2	*	*	*	*	100.0	52561	*
D	10024	2	*	*	*	*	97.6	48640	*
D	10111	2	*	*	*	*	98.8	37519	*
D	10194	2	*	*	*	*	96.0	26629	*
D	10223	2	*	*	*	*	100.0	23551	*
D	10310	2	*	*	*	*	98.8	15716	*
D	10312	2	*	*	*	*	99.6	15691	*
D	10338	2	*	*	*	*	96.4	15033	*
D	10364	2	*	*	*	*	99.6	14554	*
D	10372	2	*	*	*	*	100.0	14500	*
D	10375	2	*	*	*	*	99.6	14468	*
D	10381	2	*	*	*	*	100.0	14449	*
D	10395	2	*	*	*	*	97.2	14292	*
D	10406	2	*	*	*	*	100.0	13973	*
D	10438	2	*	*	*	*	99.6	13469	*
D	10455	2	*	*	*	*	100.0	12944	*
D	10468	2	*	*	*	*	99.6	12852	*
D	10488	2	*	*	*	*	99.2	12527	*
D	10520	2	*	*	*	*	97.6	12183	*
D	10525	2	*	*	*	*	100.0	12133	*
D	10550	3	*	*	*	*	100.0	11832	*
D	10571	2	*	*	*	*	99.6	11197	*
D	10612	2	*	*	*	*	96.8	10400	*
D	10626	2	*	*	*	*	92.8	10042	*
D	10627	2	*	*	*	*	99.2	9961	*
D	10705	2	*	*	*	*	99.6	8842	*
D	10721	2	*	*	*	*	99.2	8400	*
D	10726	2	*	*	*	*	100.0	8185	*
D	10742	2	*	*	*	*	94.4	8010	*
D	10746	2	*	*	*	*	99.6	8001	*
D	10750	2	*	*	*	*	94.4	7984	*
D	10751	2	*	*	*	*	94.8	7980	*
D	10792	2	*	*	*	*	100.0	7344	*
D	10800	2	*	*	*	*	99.6	7126	*
D	10802	2	*	*	*	*	99.2	7098	*
D	10810	2	*	*	*	*	98.0	6517	*
D	10830	2	*	*	*	*	100.0	5796	*
D	10840	2	*	*	*	*	97.6	5639	*
D	10846	2	*	*	*	*	100.0	5583	*
D	10848	2	*	*	*	*	100.0	5518	*
D	10854	2	*	*	*	*	95.6	5131	*
D	10879	2	*	*	*	*	97.6	4469	*
D	10900	2	*	*	*	*	98.8	4076	*
D	10903	2	*	*	*	*	100.0	3949	*
D	10994	2	*	*	*	*	100.0	1127290	*
D	11000	2	*	*	*	*	100.0	748654	*
D	11023	2	*	*	*	*	97.6	1523231	*
D	11049	2	*	*	*	*	100.0	1140324	*
D	11053	2	*	*	*	*	97.2	818379	*
D	11064	2	*	*	*	*	100.0	1546669	*
D	11067	2	*	*	*	*	100.0	635635	*
D	11068	2	*	*	*	*	99.2	729672	*
D	11211	2	*	*	*	*	100.0	999098	*
D	11221	2	*	*	*	*	100.0	1120871	*
D	11345	2	*	*	*	*	98.4	822996	*
D	11354	2	*	*	*	*	99.2	1136234	*
D	11438	2	*	*	*	*	100.0	1105677	*
D	11496	2	*	*	*	*	98.4	1126081	*
D	11534	2	*	*	*	*	96.4	1803005	*
D	11606	2	*	*	*	*	99.2	1834072	*
D	11608	2	*	*	*	*	98.4	1141121	*
D	11633	2	*	*	*	*	99.6	1123487	*
D	11730	2	*	*	*	*	99.2	1911770	*
D	11763	2	*	*	*	*	98.4	1138081	*
D	11768	2	*	*	*	*	100.0	681590	*
D	11905	2	*	*	*	*	99.6	1117497	*
D	11957	2	*	*	*	*	100.0	849295	*
D	11960	2	*	*	*	*	100.0	658717	*
D	12075	2	*	*	*	*	100.0	2105739	*
D	12199	2	*	*	*	*	99.6	2168897	*
D	12294	2	*	*	*	*	94.0	758064	*
D	12329	2	*	*	*	*	99.2	809272	*
D	12353	2	*	*	*	*	100.0	2250345	*
D	12362	2	*	*	*	*	97.2	2254358	*
D	12445	3	*	*	*	*	100.0	935427	*
D	12537	2	*	*	*	*	99.2	1114718	*
D	12541	2	*	*	*	*	100.0	635820	*
D	12622	2	*	*	*	*	99.6	2398623	*
D	12653	2	*	*	*	*	100.0	1003411	*
D	12728	2	*	*	*	*	98.4	2462171	*
D	12733	2	*	*	*	*	99.6	2465170	*
D	12754	2	*	*	*	*	100.0	667880	*
D	12969	2	*	*	*	*	98.8	809850	*
D	13081	2	*	*	*	*	99.6	2655364	*
D	13182	2	*	*	*	*	98.0	1025853	*
D	13255	2	*	*	*	*	99.6	2760629	*
D	13417	2	*	*	*	*	97.2	2855258	*
D	13446	2	*	*	*	*	99.2	2874058	*
D	13448	2	*	*	*	*	100.0	2874960	*
D	13476	2	*	*	*	*	98.8	2894263	*
D	13575	3	*	*	*	*	100.0	2956782	*
D	13585	2	*	*	*	*	99.6	1131781	*
D	13588	2	*	*	*	*	100.0	1142618	*
D	13651	2	*	*	*	*	94.8	1072784	*
D	13876	2	*	*	*	*	98.8	3146428	*
D	13936	2	*	*	*	*	98.8	1131768	*
D	13975	2	*	*	*	*	96.8	1145405	*
D	13997	2	*	*	*	*	100.0	1129601	*
D	14022	2	*	*	*	*	100.0	781155	*
D	14219	2	*	*	*	*	99.2	3333609	*
D	14243	2	*	*	*	*	94.0	976815	*
D	14311	2	*	*	*	*	99.6	3383131	*
D	14369	2	*	*	*	*	98.8	1124779	*
D	14382	2	*	*	*	*	100.0	1109955	*
D	14509	2	*	*	*	*	100.0	1137866	*
D	14581	2	*	*	*	*	99.2	1113833	*
D	14613	2	*	*	*	*	99.2	3557576	*
D	14752	2	*	*	*	*	99.2	3630893	*
D	14854	2	*	*	*	*	98.0	1126217	*
D	14896	2	*	*	*	*	96.0	1138138	*
D	14921	2	*	*	*	*	99.6	3719461	*
D	14981	2	*	*	*	*	99.2	1142026	*
D	14990	2	*	*	*	*	100.0	1102876	*
D	15061	2	*	*	*	*	100.0	725444	*
D	15110	2	*	*	*	*	98.8	1127185	*
D	15187	2	*	*	*	*	100.0	1121805	*
D	15224	2	*	*	*	*	99.6	627028	*
D	15227	2	*	*	*	*	98.4	1137224	*
D	15281	2	*	*	*	*	99.2	3942007	*
D	15384	2	*	*	*	*	95.6	4004505	*
D	15389	2	*	*	*	*	99.6	4006670	*
D	15415	2	*	*	*	*	98.4	4020387	*
D	15454	2	*	*	*	*	100.0	4039231	*
D	15460	2	*	*	*	*	99.6	4041568	*
D	15477	2	*	*	*	*	96.8	4047452	*
D	15488	2	*	*	*	*	99.2	4055164	*
D	15540	2	*	*	*	*	100.0	1135527	*
D	15557	2	*	*	*	*	100.0	849745	*
D	15628	2	*	*	*	*	99.2	4133952	*
D	15685	2	*	*	*	*	100.0	1127245	*
D	15854	2	*	*	*	*	99.6	4260083	*
D	15994	2	*	*	*	*	100.0	4297838	*
D	16055	2	*	*	*	*	100.0	4300775	*
D	16073	2	*	*	*	*	100.0	4301398	*
D	16137	2	*	*	*	*	100.0	4304334	*
D	16169	2	*	*	*	*	100.0	4305519	*
D	16198	2	*	*	*	*	98.8	4306599	*
D	16348	2	*	*	*	*	95.6	4312974	*
D	16380	2	*	*	*	*	99.6	4314497	*
D	16410	2	*	*	*	*	100.0	4316241	*
D	16451	2	*	*	*	*	98.8	4317943	*
D	16605	2	*	*	*	*	99.6	4323865	*
D	16678	2	*	*	*	*	96.4	4327593	*
D	16716	2	*	*	*	*	100.0	4329220	*
D	16786	2	*	*	*	*	96.8	4332728	*
D	16988	2	*	*	*	*	98.8	4343005	*
D	17153	2	*	*	*	*	100.0	4351033	*
D	17168	2	*	*	*	*	100.0	4352015	*
D	17200	2	*	*	*	*	100.0	4353509	*
D	17322	2	*	*	*	*	100.0	4359296	*
D	17362	2	*	*	*	*	99.6	4360942	*
D	17377	2	*	*	*	*	100.0	4361455	*
D	17378	2	*	*	*	*	100.0	4361518	*
D	17383	2	*	*	*	*	100.0	4361600	*
D	17459	2	*	*	*	*	99.2	4365803	*
D	17480	2	*	*	*	*	100.0	4366299	*
D	17515	2	*	*	*	*	98.0	4367988	*
D	17561	2	*	*	*	*	100.0	4370215	*
D	17586	2	*	*	*	*	99.2	4371509	*
D	17601	2	*	*	*	*	98.8	4371943	*
D	17616	2	*	*	*	*	100.0	4372372	*
D	17625	2	*	*	*	*	92.0	4372619	*
D	17677	2	*	*	*	*	96.8	4375314	*
D	17766	2	*	*	*	*	99.6	4379449	*
D	17830	2	*	*	*	*	99.6	4382697	*
D	17849	2	*	*	*	*	98.8	4383599	*
D	17884	2	*	*	*	*	100.0	4385528	*
D	17891	2	*	*	*	*	94.0	4385591	*
D	18063	2	*	*	*	*	99.6	4393352	*
D	18092	2	*	*	*	*	81.6	4395206	*
D	18237	2	*	*	*	*	99.6	4403441	*
D	18270	2	*	*	*	*	99.6	4405305	*
D	18291	2	*	*	*	*	94.0	4406407	*
D	18322	2	*	*	*	*	100.0	4407476	*
D	18427	2	*	*	*	*	99.2	4413085	*
D	18495	2	*	*	*	*	100.0	4415616	*
D	18516	2	*	*	*	*	99.6	4416713	*
D	18545	2	*	*	*	*	98.4	4418150	*
D	18619	2	*	*	*	*	99.2	4422718	*
D	18638	2	*	*	*	*	95.6	4423600	*
D	18657	2	*	*	*	*	97.2	4424397	*
D	18723	2	*	*	*	*	99.2	4427543	*
D	18782	2	*	*	*	*	100.0	4430475	*
D	18853	2	*	*	*	*	100.0	4433760	*
D	18878	2	*	*	*	*	98.0	4434920	*
D	19032	2	*	*	*	*	99.6	4442382	*
D	19049	2	*	*	*	*	99.6	4443034	*
D	19136	2	*	*	*	*	98.4	4447141	*
D	19156	2	*	*	*	*	100.0	4448449	*
D	19188	2	*	*	*	*	100.0	4449904	*
D	19200	2	*	*	*	*	100.0	4450487	*
D	19294	2	*	*	*	*	100.0	4455242	*
D	19420	2	*	*	*	*	99.2	4461207	*
D	19458	2	*	*	*	*	99.2	4462972	*
D	19463	2	*	*	*	*	99.6	4463224	*
D	19617	2	*	*	*	*	100.0	4469495	*
D	19626	2	*	*	*	*	99.6	4469853	*
D	19769	2	*	*	*	*	96.8	4476049	*
D	19803	2	*	*	*	*	97.2	4477624	*
D	19839	2	*	*	*	*	99.6	4479549	*
D	19971	2	*	*	*	*	100.0	798060	*
D	19993	2	*	*	*	*	99.6	578012	*
D	20003	2	*	*	*	*	100.0	556561	*
D	20012	2	*	*	*	*	98.4	545758	*
D	20023	2	*	*	*	*	97.2	360281	*
D	20075	2	*	*	*	*	99.2	138837	*
D	20110	2	*	*	*	*	99.6	101553	*
D	20198	2	*	*	*	*	99.2	2147799	*
D	20221	2	*	*	*	*	99.6	841520	*
D	20237	2	*	*	*	*	100.0	673916	*
D	20290	2	*	*	*	*	99.6	4417438	*
