UclustConsensusTaxonAssigner parameters:
id_to_taxonomy_filepath:/Users/nbokulich/Desktop/ref_dbs/gg_13_8_otus/taxonomy/99_otu_taxonomy.txt
id_to_taxonomy_fp:/Users/nbokulich/Desktop/ref_dbs/gg_13_8_otus/taxonomy/99_otu_taxonomy.txt
max_accepts:3
min_consensus_fraction:1.0
reference_sequences_fp:/Users/nbokulich/Desktop/ref_dbs/gg_13_8_otus/rep_set/99_otus/dna-sequences.fasta
similarity:0.9
unassignable_label:Unassigned
Result path: /var/folders/0t/l1dz88p50y91vx_22fx5w3780000gn/T/assign-taxEuafDj

.uc file contents:

# uclust --input /Users/nbokulich/Desktop/projects/short-read-tax-assignment/data/mock-community/mock-2/rep_seqs.fna --id 0.9 --rev --maxaccepts 3 --allhits --libonly --lib /Users/nbokulich/Desktop/ref_dbs/gg_13_8_otus/rep_set/99_otus/dna-sequences.fasta --uc /var/folders/0t/l1dz88p50y91vx_22fx5w3780000gn/T/UclustConsensusTaxonAssigner_ghkyqI.uc
# version=1.2.22
# Tab-separated fields:
# 1=Type, 2=ClusterNr, 3=SeqLength or ClusterSize, 4=PctId, 5=Strand, 6=QueryStart, 7=SeedStart, 8=Alignment, 9=QueryLabel, 10=TargetLabel
# Record types (field 1): L=LibSeed, S=NewSeed, H=Hit, R=Reject, D=LibCluster, C=NewCluster, N=NoHit
# For C and D types, PctId is average id with seed.
# QueryStart and SeedStart are zero-based relative to start of sequence.
# If minus strand, SeedStart is relative to reverse-complemented seed.
L	41742	250	*	*	*	*	*	368769	*
H	41742	130	99.2	+	0	0	130M120I	374cc1e99575d9458ae00a49098705e3	368769
L	134780	250	*	*	*	*	*	951072	*
H	134780	130	98.5	+	0	0	130M120I	374cc1e99575d9458ae00a49098705e3	951072
L	147327	250	*	*	*	*	*	1097113	*
H	147327	130	97.7	+	0	0	130M120I	374cc1e99575d9458ae00a49098705e3	1097113
L	85803	250	*	*	*	*	*	183930	*
H	85803	130	100.0	+	0	0	130M120I	b1db5c9ac20466711e0a4f822344c0be	183930
L	143709	250	*	*	*	*	*	3311295	*
H	143709	130	100.0	+	0	0	130M120I	b1db5c9ac20466711e0a4f822344c0be	3311295
L	7757	250	*	*	*	*	*	850488	*
H	7757	130	100.0	+	0	0	130M120I	b1db5c9ac20466711e0a4f822344c0be	850488
L	143565	250	*	*	*	*	*	3301187	*
H	143565	130	100.0	+	0	0	130M120I	e5a41136373411569008d12c6f296726	3301187
L	81634	250	*	*	*	*	*	196366	*
H	81634	130	100.0	+	0	0	130M120I	e5a41136373411569008d12c6f296726	196366
L	126054	250	*	*	*	*	*	2271762	*
H	126054	130	100.0	+	0	0	130M120I	e5a41136373411569008d12c6f296726	2271762
L	43196	250	*	*	*	*	*	361605	*
H	43196	130	100.0	+	0	0	130M120I	42225f360c8cd61fda2da09371b8140c	361605
L	11986	250	*	*	*	*	*	788593	*
H	11986	130	100.0	+	0	0	130M120I	42225f360c8cd61fda2da09371b8140c	788593
L	26367	250	*	*	*	*	*	558081	*
H	26367	130	100.0	+	0	0	130M120I	42225f360c8cd61fda2da09371b8140c	558081
L	174685	250	*	*	*	*	*	4366301	*
H	174685	130	100.0	+	0	0	130M120I	fbf3d77ec3a53406bc6d0883b53ff1ca	4366301
L	137553	250	*	*	*	*	*	836173	*
H	137553	130	100.0	+	0	0	130M120I	fbf3d77ec3a53406bc6d0883b53ff1ca	836173
L	129427	250	*	*	*	*	*	2472963	*
H	129427	130	100.0	+	0	0	130M120I	fbf3d77ec3a53406bc6d0883b53ff1ca	2472963
L	46065	250	*	*	*	*	*	348670	*
H	46065	130	100.0	+	0	0	130M120I	ec0034ebee5c0c1f14a758b15c595717	348670
L	46168	250	*	*	*	*	*	348233	*
H	46168	130	100.0	+	0	0	130M120I	ec0034ebee5c0c1f14a758b15c595717	348233
L	84012	250	*	*	*	*	*	189384	*
H	84012	130	100.0	+	0	0	130M120I	ec0034ebee5c0c1f14a758b15c595717	189384
L	33869	250	*	*	*	*	*	526985	*
H	33869	130	100.0	+	0	0	130M120I	dc72a92c1049a90717cacd197f966aad	526985
L	59663	250	*	*	*	*	*	294353	*
H	59663	130	100.0	+	0	0	130M120I	dc72a92c1049a90717cacd197f966aad	294353
L	59650	250	*	*	*	*	*	294394	*
H	59650	130	100.0	+	0	0	130M120I	dc72a92c1049a90717cacd197f966aad	294394
L	37213	250	*	*	*	*	*	512790	*
H	37213	130	100.0	+	0	0	130M120I	38e206247e50f6b73f73bbab84e90003	512790
L	67354	250	*	*	*	*	*	263010	*
H	67354	130	100.0	+	0	0	130M120I	38e206247e50f6b73f73bbab84e90003	263010
L	191076	250	*	*	*	*	*	4449324	*
H	191076	130	100.0	+	0	0	130M120I	38e206247e50f6b73f73bbab84e90003	4449324
L	99391	250	*	*	*	*	*	115492	*
H	99391	130	100.0	+	0	0	130M120I	0f2d311381a48cc00eb7e95959a19387	115492
L	99321	250	*	*	*	*	*	119263	*
H	99321	130	100.0	+	0	0	130M120I	0f2d311381a48cc00eb7e95959a19387	119263
L	92258	250	*	*	*	*	*	158660	*
H	92258	130	100.0	+	0	0	130M120I	0f2d311381a48cc00eb7e95959a19387	158660
L	48430	250	*	*	*	*	*	339028	*
H	48430	130	100.0	+	0	0	130M120I	c78d04a72913f63c39d9acc4784a9c32	339028
L	88751	250	*	*	*	*	*	174882	*
H	88751	130	100.0	+	0	0	130M120I	c78d04a72913f63c39d9acc4784a9c32	174882
L	84976	250	*	*	*	*	*	186528	*
H	84976	130	100.0	+	0	0	130M120I	c78d04a72913f63c39d9acc4784a9c32	186528
L	127379	250	*	*	*	*	*	635820	*
H	127379	130	100.0	+	0	0	130M120I	c60f96cb55544a94afb9c1579138434c	635820
L	148443	250	*	*	*	*	*	3598692	*
H	148443	130	100.0	+	0	0	130M120I	c60f96cb55544a94afb9c1579138434c	3598692
L	187535	250	*	*	*	*	*	4431558	*
H	187535	130	100.0	+	0	0	130M120I	c60f96cb55544a94afb9c1579138434c	4431558
L	81134	250	*	*	*	*	*	197974	*
H	81134	130	99.2	+	0	0	130M120I	991001919b92e5e87fe490ce7b2a513f	197974
L	81308	250	*	*	*	*	*	197389	*
H	81308	130	98.5	+	0	0	102MI28M119I	991001919b92e5e87fe490ce7b2a513f	197389
L	82061	250	*	*	*	*	*	195107	*
H	82061	130	98.5	+	0	0	130M120I	991001919b92e5e87fe490ce7b2a513f	195107
L	42420	250	*	*	*	*	*	365385	*
H	42420	130	100.0	+	0	0	130M120I	233710b586fd6018adaa617c73ef9470	365385
L	38844	250	*	*	*	*	*	469852	*
H	38844	130	100.0	+	0	0	130M120I	233710b586fd6018adaa617c73ef9470	469852
L	144163	250	*	*	*	*	*	1141861	*
H	144163	130	98.5	+	0	0	130M120I	233710b586fd6018adaa617c73ef9470	1141861
L	146814	250	*	*	*	*	*	851804	*
H	146814	130	100.0	+	0	0	130M120I	512bf29dfb66e7d8efa560a135366c23	851804
L	138180	250	*	*	*	*	*	2979308	*
H	138180	130	100.0	+	0	0	130M120I	512bf29dfb66e7d8efa560a135366c23	2979308
L	191684	250	*	*	*	*	*	4452649	*
H	191684	130	99.2	+	0	0	130M120I	512bf29dfb66e7d8efa560a135366c23	4452649
L	122873	250	*	*	*	*	*	2090677	*
H	122873	130	99.2	+	0	0	130M120I	bf8c00a77905975f57ccd6e4c1376324	2090677
L	82418	250	*	*	*	*	*	194110	*
H	82418	130	99.2	+	0	0	130M120I	bf8c00a77905975f57ccd6e4c1376324	194110
H	143709	130	99.2	+	0	0	130M120I	bf8c00a77905975f57ccd6e4c1376324	3311295
L	146024	250	*	*	*	*	*	3450453	*
H	146024	130	100.0	+	0	0	130M120I	ef917e02c17f23ab6c33e39226bad50e	3450453
L	66207	250	*	*	*	*	*	267030	*
H	66207	130	100.0	+	0	0	130M120I	ef917e02c17f23ab6c33e39226bad50e	267030
L	84135	250	*	*	*	*	*	189048	*
H	84135	130	100.0	+	0	0	130M120I	ef917e02c17f23ab6c33e39226bad50e	189048
L	23035	250	*	*	*	*	*	572039	*
H	23035	130	100.0	+	0	0	130M120I	fc1a0da5852ea67928158be959c9e57a	572039
L	164324	250	*	*	*	*	*	4314006	*
H	164324	130	100.0	+	0	0	130M120I	fc1a0da5852ea67928158be959c9e57a	4314006
L	30232	250	*	*	*	*	*	542055	*
H	30232	130	100.0	+	0	0	130M120I	fc1a0da5852ea67928158be959c9e57a	542055
L	87694	250	*	*	*	*	*	178213	*
H	87694	130	100.0	+	0	0	130M120I	ef2d819264fcf190b2ac2ce790cc6e08	178213
L	82883	250	*	*	*	*	*	192680	*
H	82883	130	100.0	+	0	0	130M120I	ef2d819264fcf190b2ac2ce790cc6e08	192680
L	150205	250	*	*	*	*	*	1121530	*
H	150205	130	100.0	+	0	0	130M120I	ef2d819264fcf190b2ac2ce790cc6e08	1121530
L	151907	250	*	*	*	*	*	3806696	*
H	151907	130	100.0	+	0	0	130M120I	569cf498e9fd1ef4cd5138ea717516d7	3806696
L	150820	250	*	*	*	*	*	3745575	*
H	150820	130	100.0	+	0	0	130M120I	569cf498e9fd1ef4cd5138ea717516d7	3745575
L	150808	250	*	*	*	*	*	3744608	*
H	150808	130	100.0	+	0	0	130M120I	569cf498e9fd1ef4cd5138ea717516d7	3744608
L	165283	250	*	*	*	*	*	4318470	*
H	165283	130	100.0	+	0	0	130M120I	f14677bcbc79b5f4afa9de8aba20ae29	4318470
L	42267	250	*	*	*	*	*	366151	*
H	42267	130	100.0	+	0	0	130M120I	f14677bcbc79b5f4afa9de8aba20ae29	366151
L	157418	250	*	*	*	*	*	4130732	*
H	157418	130	100.0	+	0	0	130M120I	f14677bcbc79b5f4afa9de8aba20ae29	4130732
L	41439	250	*	*	*	*	*	370290	*
H	41439	130	100.0	+	0	0	130M120I	6247c98849d2f2864133fe9371a9a71c	370290
L	86836	250	*	*	*	*	*	180806	*
H	86836	130	100.0	+	0	0	130M120I	6247c98849d2f2864133fe9371a9a71c	180806
L	178207	250	*	*	*	*	*	4384306	*
H	178207	130	100.0	+	0	0	130M120I	6247c98849d2f2864133fe9371a9a71c	4384306
L	43564	250	*	*	*	*	*	359717	*
H	43564	130	100.0	+	0	0	130M120I	4c164ca916ff87ed8ae30a1c47a16413	359717
L	129646	250	*	*	*	*	*	2487129	*
H	129646	130	100.0	+	0	0	130M120I	4c164ca916ff87ed8ae30a1c47a16413	2487129
L	181587	250	*	*	*	*	*	4401580	*
H	181587	130	100.0	+	0	0	130M120I	4c164ca916ff87ed8ae30a1c47a16413	4401580
L	149835	250	*	*	*	*	*	3690024	*
H	149835	130	100.0	+	0	0	130M120I	b2f7bd12ad96fb155abaed142a61d0be	3690024
L	170337	250	*	*	*	*	*	4343741	*
H	170337	130	100.0	+	0	0	130M120I	b2f7bd12ad96fb155abaed142a61d0be	4343741
L	181979	250	*	*	*	*	*	4403622	*
H	181979	130	100.0	+	0	0	130M120I	b2f7bd12ad96fb155abaed142a61d0be	4403622
L	82302	250	*	*	*	*	*	194426	*
H	82302	130	100.0	+	0	0	130M120I	67c56b14d5b0729c38834fa264f3db12	194426
L	87413	250	*	*	*	*	*	179014	*
H	87413	130	100.0	+	0	0	130M120I	67c56b14d5b0729c38834fa264f3db12	179014
L	82084	250	*	*	*	*	*	195042	*
H	82084	130	100.0	+	0	0	130M120I	67c56b14d5b0729c38834fa264f3db12	195042
L	169317	250	*	*	*	*	*	4338625	*
H	169317	130	100.0	+	0	0	130M120I	d6b2e1751aaf2e39587f9b501bfc2610	4338625
L	88537	250	*	*	*	*	*	175535	*
H	88537	130	100.0	+	0	0	130M120I	d6b2e1751aaf2e39587f9b501bfc2610	175535
L	191924	250	*	*	*	*	*	4453805	*
H	191924	130	100.0	+	0	0	130M120I	d6b2e1751aaf2e39587f9b501bfc2610	4453805
L	77874	250	*	*	*	*	*	216482	*
H	77874	130	100.0	+	0	0	130M120I	e4ba0c5f6faa5603a3fd9864c74b9c6a	216482
L	55685	250	*	*	*	*	*	309433	*
H	55685	130	99.2	+	0	0	130M120I	e4ba0c5f6faa5603a3fd9864c74b9c6a	309433
L	78355	250	*	*	*	*	*	213394	*
H	78355	130	99.2	+	0	0	130M120I	e4ba0c5f6faa5603a3fd9864c74b9c6a	213394
L	33639	250	*	*	*	*	*	527923	*
H	33639	130	100.0	+	0	0	130M120I	b34e721572bc5b141f03bb818da8d49e	527923
L	84516	250	*	*	*	*	*	187868	*
H	84516	130	100.0	+	0	0	130M120I	b34e721572bc5b141f03bb818da8d49e	187868
L	84525	250	*	*	*	*	*	187837	*
H	84525	130	100.0	+	0	0	130M120I	b34e721572bc5b141f03bb818da8d49e	187837
L	92982	250	*	*	*	*	*	155859	*
H	92982	130	100.0	+	0	0	130M120I	7db1817b2040080b58a1a9b4c7bd9c10	155859
L	36556	250	*	*	*	*	*	515265	*
H	36556	130	100.0	+	0	0	130M120I	7db1817b2040080b58a1a9b4c7bd9c10	515265
L	159062	250	*	*	*	*	*	835964	*
H	159062	130	100.0	+	0	0	130M120I	7db1817b2040080b58a1a9b4c7bd9c10	835964
L	170693	250	*	*	*	*	*	4345464	*
H	170693	130	100.0	+	0	0	130M120I	9d881f5dca06a636e9a17885f2a2101f	4345464
L	16888	250	*	*	*	*	*	610462	*
H	16888	130	100.0	+	0	0	130M120I	9d881f5dca06a636e9a17885f2a2101f	610462
L	30759	250	*	*	*	*	*	539854	*
H	30759	130	100.0	+	0	0	130M120I	9d881f5dca06a636e9a17885f2a2101f	539854
L	174268	250	*	*	*	*	*	4364464	*
H	174268	130	90.8	+	0	0	130M120I	9ed522c01a03b6cc904e61e8079d5549	4364464
L	28874	250	*	*	*	*	*	547807	*
H	28874	130	90.8	+	0	0	130M120I	9ed522c01a03b6cc904e61e8079d5549	547807
L	173768	250	*	*	*	*	*	4361723	*
H	173768	130	90.8	+	0	0	130M120I	9ed522c01a03b6cc904e61e8079d5549	4361723
L	42543	250	*	*	*	*	*	364792	*
H	42543	130	100.0	+	0	0	130M120I	c9127c08726c23f9a109676a6b1b3326	364792
L	140265	250	*	*	*	*	*	3110775	*
H	140265	130	99.2	+	0	0	130M120I	c9127c08726c23f9a109676a6b1b3326	3110775
L	43696	250	*	*	*	*	*	358945	*
H	43696	130	99.2	+	0	0	130M120I	c9127c08726c23f9a109676a6b1b3326	358945
L	122089	250	*	*	*	*	*	1105928	*
H	122089	130	100.0	+	0	0	130M120I	5cf7a981fa56343ce6cc69cb0508179e	1105928
L	66583	250	*	*	*	*	*	265603	*
H	66583	130	100.0	+	0	0	130M120I	5cf7a981fa56343ce6cc69cb0508179e	265603
L	113446	250	*	*	*	*	*	1551624	*
H	113446	130	100.0	+	0	0	130M120I	5cf7a981fa56343ce6cc69cb0508179e	1551624
L	167416	250	*	*	*	*	*	4328989	*
H	167416	130	100.0	+	0	0	130M120I	f401596feaf31328caf1db2cac3fff5a	4328989
L	154953	250	*	*	*	*	*	3989845	*
H	154953	130	100.0	+	0	0	130M120I	f401596feaf31328caf1db2cac3fff5a	3989845
L	81945	250	*	*	*	*	*	195452	*
H	81945	130	100.0	+	0	0	130M120I	f401596feaf31328caf1db2cac3fff5a	195452
L	176901	250	*	*	*	*	*	4377813	*
H	176901	130	100.0	+	0	0	130M120I	307af2317138525dd1591bafa3c60610	4377813
L	10172	250	*	*	*	*	*	817146	*
H	10172	130	100.0	+	0	0	130M120I	307af2317138525dd1591bafa3c60610	817146
L	105708	250	*	*	*	*	*	74310	*
H	105708	130	99.2	+	0	0	130M120I	307af2317138525dd1591bafa3c60610	74310
L	129398	250	*	*	*	*	*	2470908	*
H	129398	130	100.0	+	0	0	130M120I	e6acb2b2b9c86da298a1b13aaaf42bc6	2470908
L	49991	250	*	*	*	*	*	332732	*
H	49991	130	100.0	+	0	0	130M120I	e6acb2b2b9c86da298a1b13aaaf42bc6	332732
L	84648	250	*	*	*	*	*	187477	*
H	84648	130	100.0	+	0	0	130M120I	e6acb2b2b9c86da298a1b13aaaf42bc6	187477
L	92124	250	*	*	*	*	*	159299	*
H	92124	130	100.0	+	0	0	130M120I	e417340476b5718f71d903906a54936d	159299
L	94849	250	*	*	*	*	*	148045	*
H	94849	130	100.0	+	0	0	130M120I	e417340476b5718f71d903906a54936d	148045
L	50210	250	*	*	*	*	*	331789	*
H	50210	130	100.0	+	0	0	130M120I	e417340476b5718f71d903906a54936d	331789
L	137910	250	*	*	*	*	*	1142029	*
H	137910	130	99.2	+	0	0	130M120I	fcfd2fc467a1c694014adc61c8fe0115	1142029
L	42428	250	*	*	*	*	*	365364	*
H	42428	130	100.0	+	0	0	130M120I	fcfd2fc467a1c694014adc61c8fe0115	365364
L	131156	250	*	*	*	*	*	2580573	*
H	131156	130	100.0	+	0	0	130M120I	fcfd2fc467a1c694014adc61c8fe0115	2580573
L	85561	250	*	*	*	*	*	184725	*
H	85561	130	100.0	+	0	0	130M120I	6ba7f11030b55866b1d2e3bcd871a788	184725
L	85411	250	*	*	*	*	*	185242	*
H	85411	130	100.0	+	0	0	130M120I	6ba7f11030b55866b1d2e3bcd871a788	185242
L	85244	250	*	*	*	*	*	185730	*
H	85244	130	100.0	+	0	0	130M120I	6ba7f11030b55866b1d2e3bcd871a788	185730
L	121066	250	*	*	*	*	*	1983368	*
H	121066	130	100.0	+	0	0	130M120I	58f36fe6ffe4f713f5b33663adbad70b	1983368
L	128859	250	*	*	*	*	*	2437975	*
H	128859	130	100.0	+	0	0	130M120I	58f36fe6ffe4f713f5b33663adbad70b	2437975
L	55034	250	*	*	*	*	*	311961	*
H	55034	130	100.0	+	0	0	130M120I	58f36fe6ffe4f713f5b33663adbad70b	311961
L	81435	250	*	*	*	*	*	196990	*
H	81435	130	100.0	+	0	0	130M120I	b1d06c851a3938e7a6aafa9fa865a2ff	196990
L	83375	250	*	*	*	*	*	191246	*
H	83375	130	100.0	+	0	0	130M120I	b1d06c851a3938e7a6aafa9fa865a2ff	191246
L	182678	250	*	*	*	*	*	4407317	*
H	182678	130	100.0	+	0	0	130M120I	b1d06c851a3938e7a6aafa9fa865a2ff	4407317
L	127094	250	*	*	*	*	*	821991	*
H	127094	130	100.0	+	0	0	130M120I	361c8ef599dad4ef9a4aabbaf86c3055	821991
L	9350	250	*	*	*	*	*	824718	*
H	9350	130	100.0	+	0	0	130M120I	361c8ef599dad4ef9a4aabbaf86c3055	824718
L	127652	250	*	*	*	*	*	2367070	*
H	127652	130	100.0	+	0	0	130M120I	361c8ef599dad4ef9a4aabbaf86c3055	2367070
H	81134	130	100.0	+	0	0	130M120I	fe07a3d4d3115adbefabb2c779200552	197974
L	66162	250	*	*	*	*	*	267180	*
H	66162	130	99.2	+	0	0	130M120I	fe07a3d4d3115adbefabb2c779200552	267180
L	83369	250	*	*	*	*	*	191258	*
H	83369	130	99.2	+	0	0	130M120I	fe07a3d4d3115adbefabb2c779200552	191258
L	54724	250	*	*	*	*	*	313166	*
H	54724	130	100.0	+	0	0	130M120I	954394ea3285bf4caeade0f71f081dcd	313166
L	176947	250	*	*	*	*	*	4378081	*
H	176947	130	100.0	+	0	0	130M120I	954394ea3285bf4caeade0f71f081dcd	4378081
L	78198	250	*	*	*	*	*	214400	*
H	78198	130	99.2	+	0	0	130M120I	954394ea3285bf4caeade0f71f081dcd	214400
L	60079	250	*	*	*	*	*	292820	*
H	60079	130	100.0	+	0	0	130M120I	a58eda516ec76617bae88555d8eb336d	292820
L	61244	250	*	*	*	*	*	288895	*
H	61244	130	100.0	+	0	0	130M120I	a58eda516ec76617bae88555d8eb336d	288895
L	59634	250	*	*	*	*	*	294452	*
H	59634	130	100.0	+	0	0	130M120I	a58eda516ec76617bae88555d8eb336d	294452
L	7736	250	*	*	*	*	*	851323	*
H	7736	130	100.0	+	0	0	130M120I	6f1e8b2a81445bac4bfac63151040b65	851323
L	171311	250	*	*	*	*	*	4348872	*
H	171311	130	100.0	+	0	0	130M120I	6f1e8b2a81445bac4bfac63151040b65	4348872
L	141309	250	*	*	*	*	*	3168538	*
H	141309	130	100.0	+	0	0	130M120I	6f1e8b2a81445bac4bfac63151040b65	3168538
L	167960	250	*	*	*	*	*	4331760	*
H	167960	130	100.0	+	0	0	130M120I	7de8f2d334d87defab5bbdd19bd42111	4331760
L	24616	250	*	*	*	*	*	565304	*
H	24616	130	95.4	+	0	0	130M120I	7de8f2d334d87defab5bbdd19bd42111	565304
L	78256	250	*	*	*	*	*	214031	*
H	78256	130	94.6	+	0	0	130M120I	7de8f2d334d87defab5bbdd19bd42111	214031
L	25752	241	*	*	*	*	*	560629	*
H	25752	130	100.0	+	0	0	130M111I	3079c822c58713cf38bb9577db2684c5	560629
L	181746	250	*	*	*	*	*	4402484	*
H	181746	130	100.0	+	0	0	130M120I	3079c822c58713cf38bb9577db2684c5	4402484
L	115929	250	*	*	*	*	*	685373	*
H	115929	130	100.0	+	0	0	130M120I	3079c822c58713cf38bb9577db2684c5	685373
L	128013	250	*	*	*	*	*	2390935	*
H	128013	130	100.0	+	0	0	130M120I	e4e5f8936126f01baa9c7ca2b24b866d	2390935
L	196717	250	*	*	*	*	*	4477861	*
H	196717	130	100.0	+	0	0	130M120I	e4e5f8936126f01baa9c7ca2b24b866d	4477861
L	32863	250	*	*	*	*	*	531068	*
H	32863	130	100.0	+	0	0	130M120I	e4e5f8936126f01baa9c7ca2b24b866d	531068
L	123679	250	*	*	*	*	*	2136916	*
H	123679	130	100.0	+	0	0	130M120I	51ea89cacc9a5bb9774f1fa41b262452	2136916
L	175409	250	*	*	*	*	*	4370008	*
H	175409	130	94.6	+	0	0	130M120I	51ea89cacc9a5bb9774f1fa41b262452	4370008
L	187228	250	*	*	*	*	*	4429963	*
H	187228	130	93.8	+	0	0	130M120I	51ea89cacc9a5bb9774f1fa41b262452	4429963
L	22284	250	*	*	*	*	*	575147	*
H	22284	130	100.0	+	0	0	130M120I	3352f43e29849664c31c9afc46f4e3a5	575147
L	142049	250	*	*	*	*	*	3213034	*
H	142049	130	100.0	+	0	0	130M120I	3352f43e29849664c31c9afc46f4e3a5	3213034
L	37853	250	*	*	*	*	*	510655	*
H	37853	130	100.0	+	0	0	130M120I	3352f43e29849664c31c9afc46f4e3a5	510655
L	17528	250	*	*	*	*	*	592641	*
H	17528	130	100.0	+	0	0	130M120I	1b71d1483b3e56eb14b1ca81b8e78469	592641
L	114476	250	*	*	*	*	*	1614198	*
H	114476	130	100.0	+	0	0	130M120I	1b71d1483b3e56eb14b1ca81b8e78469	1614198
L	170534	250	*	*	*	*	*	4344724	*
H	170534	130	100.0	+	0	0	130M120I	1b71d1483b3e56eb14b1ca81b8e78469	4344724
L	42551	250	*	*	*	*	*	364753	*
H	42551	130	100.0	+	0	0	130M120I	e6638c11ac9c25df66fe52d525f02849	364753
L	83149	250	*	*	*	*	*	191906	*
H	83149	130	100.0	+	0	0	130M120I	e6638c11ac9c25df66fe52d525f02849	191906
L	38715	250	*	*	*	*	*	493071	*
H	38715	130	100.0	+	0	0	130M120I	e6638c11ac9c25df66fe52d525f02849	493071
L	89070	250	*	*	*	*	*	173945	*
H	89070	130	100.0	+	0	0	130M120I	f571016e70e05cf54d492018f29c4b74	173945
L	42229	250	*	*	*	*	*	366386	*
H	42229	130	100.0	+	0	0	130M120I	f571016e70e05cf54d492018f29c4b74	366386
L	186067	250	*	*	*	*	*	4424063	*
H	186067	130	100.0	+	0	0	130M120I	f571016e70e05cf54d492018f29c4b74	4424063
L	112844	250	*	*	*	*	*	1513958	*
H	112844	130	100.0	+	0	0	130M120I	ac33370cda96ee5272a29682c1d9b992	1513958
L	152428	250	*	*	*	*	*	736343	*
H	152428	130	100.0	+	0	0	130M120I	ac33370cda96ee5272a29682c1d9b992	736343
L	42959	250	*	*	*	*	*	362687	*
H	42959	130	100.0	+	0	0	130M120I	ac33370cda96ee5272a29682c1d9b992	362687
L	61671	250	*	*	*	*	*	287314	*
H	61671	130	100.0	+	0	0	130M120I	a81d35ecbebc06d41a9c0f512df39e3c	287314
L	64220	250	*	*	*	*	*	273646	*
H	64220	130	100.0	+	0	0	130M120I	a81d35ecbebc06d41a9c0f512df39e3c	273646
L	64347	250	*	*	*	*	*	273232	*
H	64347	130	100.0	+	0	0	130M120I	a81d35ecbebc06d41a9c0f512df39e3c	273232
L	186982	250	*	*	*	*	*	4428555	*
H	186982	130	100.0	+	0	0	130M120I	7a0047502b6036ea9b2b051d8d8abc49	4428555
L	61228	250	*	*	*	*	*	288961	*
H	61228	130	100.0	+	0	0	130M120I	7a0047502b6036ea9b2b051d8d8abc49	288961
L	177647	250	*	*	*	*	*	4381508	*
H	177647	130	100.0	+	0	0	130M120I	7a0047502b6036ea9b2b051d8d8abc49	4381508
L	84322	250	*	*	*	*	*	188442	*
H	84322	130	100.0	+	0	0	130M120I	de6fbc09238ebf79cc946a59886540a5	188442
L	84333	250	*	*	*	*	*	188407	*
H	84333	130	100.0	+	0	0	130M120I	de6fbc09238ebf79cc946a59886540a5	188407
L	83453	250	*	*	*	*	*	191036	*
H	83453	130	100.0	+	0	0	130M120I	de6fbc09238ebf79cc946a59886540a5	191036
L	38058	250	*	*	*	*	*	509930	*
H	38058	130	100.0	+	0	0	130M120I	7b31b62c5c0f494b93e9b79336ad9e26	509930
L	85230	250	*	*	*	*	*	185762	*
H	85230	130	100.0	+	0	0	130M120I	7b31b62c5c0f494b93e9b79336ad9e26	185762
L	88413	250	*	*	*	*	*	175950	*
H	88413	130	100.0	+	0	0	130M120I	7b31b62c5c0f494b93e9b79336ad9e26	175950
H	41742	130	99.2	+	0	0	130M120I	6837e9c13695169a751dfa6b4cd7aefe	368769
H	134780	130	98.5	+	0	0	130M120I	6837e9c13695169a751dfa6b4cd7aefe	951072
H	147327	130	97.7	+	0	0	130M120I	6837e9c13695169a751dfa6b4cd7aefe	1097113
H	41742	130	100.0	+	0	0	130M120I	761674a283aa0a8a1768657e22f3766f	368769
H	134780	130	99.2	+	0	0	130M120I	761674a283aa0a8a1768657e22f3766f	951072
L	139313	250	*	*	*	*	*	738372	*
H	139313	130	98.5	+	0	0	130M120I	761674a283aa0a8a1768657e22f3766f	738372
L	177526	250	*	*	*	*	*	4380875	*
H	177526	130	100.0	+	0	0	130M120I	c06a769d3868cc10c215d9fb5fd3a215	4380875
L	7907	250	*	*	*	*	*	846317	*
H	7907	130	100.0	+	0	0	130M120I	c06a769d3868cc10c215d9fb5fd3a215	846317
L	123629	250	*	*	*	*	*	2133326	*
H	123629	130	100.0	+	0	0	130M120I	c06a769d3868cc10c215d9fb5fd3a215	2133326
L	124613	250	*	*	*	*	*	841374	*
H	124613	130	100.0	+	0	0	130M120I	b64fb900273bc7470be11b73e1a45bd7	841374
L	158213	250	*	*	*	*	*	784256	*
H	158213	130	100.0	+	0	0	130M120I	b64fb900273bc7470be11b73e1a45bd7	784256
L	180852	250	*	*	*	*	*	4397614	*
H	180852	130	100.0	+	0	0	130M120I	b64fb900273bc7470be11b73e1a45bd7	4397614
D	7757	2	*	*	*	*	100.0	850488	*
D	10172	2	*	*	*	*	100.0	817146	*
D	26367	2	*	*	*	*	100.0	558081	*
D	30232	2	*	*	*	*	100.0	542055	*
D	30759	2	*	*	*	*	100.0	539854	*
D	32863	2	*	*	*	*	100.0	531068	*
D	37853	2	*	*	*	*	100.0	510655	*
D	38715	2	*	*	*	*	100.0	493071	*
D	38844	2	*	*	*	*	100.0	469852	*
D	41742	4	*	*	*	*	99.5	368769	*
D	42543	2	*	*	*	*	100.0	364792	*
D	42959	2	*	*	*	*	100.0	362687	*
D	50210	2	*	*	*	*	100.0	331789	*
D	55034	2	*	*	*	*	100.0	311961	*
D	59634	2	*	*	*	*	100.0	294452	*
D	59650	2	*	*	*	*	100.0	294394	*
D	64347	2	*	*	*	*	100.0	273232	*
D	77874	2	*	*	*	*	100.0	216482	*
D	81134	3	*	*	*	*	99.6	197974	*
D	81945	2	*	*	*	*	100.0	195452	*
D	82084	2	*	*	*	*	100.0	195042	*
D	83453	2	*	*	*	*	100.0	191036	*
D	84012	2	*	*	*	*	100.0	189384	*
D	84135	2	*	*	*	*	100.0	189048	*
D	84525	2	*	*	*	*	100.0	187837	*
D	84648	2	*	*	*	*	100.0	187477	*
D	84976	2	*	*	*	*	100.0	186528	*
D	85244	2	*	*	*	*	100.0	185730	*
D	88413	2	*	*	*	*	100.0	175950	*
D	92258	2	*	*	*	*	100.0	158660	*
D	113446	2	*	*	*	*	100.0	1551624	*
D	115929	2	*	*	*	*	100.0	685373	*
D	123629	2	*	*	*	*	100.0	2133326	*
D	123679	2	*	*	*	*	100.0	2136916	*
D	126054	2	*	*	*	*	100.0	2271762	*
D	127652	2	*	*	*	*	100.0	2367070	*
D	129427	2	*	*	*	*	100.0	2472963	*
D	131156	2	*	*	*	*	100.0	2580573	*
D	138180	2	*	*	*	*	100.0	2979308	*
D	141309	2	*	*	*	*	100.0	3168538	*
D	143709	2	*	*	*	*	99.2	3311295	*
D	150205	2	*	*	*	*	100.0	1121530	*
D	150808	2	*	*	*	*	100.0	3744608	*
D	157418	2	*	*	*	*	100.0	4130732	*
D	159062	2	*	*	*	*	100.0	835964	*
D	167960	2	*	*	*	*	100.0	4331760	*
D	170534	2	*	*	*	*	100.0	4344724	*
D	173768	2	*	*	*	*	90.8	4361723	*
D	176947	2	*	*	*	*	100.0	4378081	*
D	177647	2	*	*	*	*	100.0	4381508	*
D	178207	2	*	*	*	*	100.0	4384306	*
D	180852	2	*	*	*	*	100.0	4397614	*
D	181587	2	*	*	*	*	100.0	4401580	*
D	181979	2	*	*	*	*	100.0	4403622	*
D	182678	2	*	*	*	*	100.0	4407317	*
D	186067	2	*	*	*	*	100.0	4424063	*
D	187535	2	*	*	*	*	100.0	4431558	*
D	191076	2	*	*	*	*	100.0	4449324	*
D	191924	2	*	*	*	*	100.0	4453805	*
