UclustConsensusTaxonAssigner parameters:
id_to_taxonomy_filepath:/home/nbokulic/ref_seq_dbs/UNITE/unite_rep_set_97-rdp-taxonomy.txt
id_to_taxonomy_fp:/home/nbokulic/ref_seq_dbs/UNITE/unite_rep_set_97-rdp-taxonomy.txt
max_accepts:5
min_consensus_fraction:0.5
reference_sequences_fp:/home/nbokulic/ref_seq_dbs/UNITE/align/rep_set_uclust_ref_97.fasta
similarity:0.9
unassignable_label:Unassigned
Result path: "/scratch/assign-taxzUoMkwrZTTTsdaWSzOAS.txt"

.uc file contents:

# uclust --input /home/nbokulic/bewolf/psrotot/RDBW_unite/rep_set.fna --id 0.9 --rev --maxaccepts 5 --allhits --libonly --lib /home/nbokulic/ref_seq_dbs/UNITE/align/rep_set_uclust_ref_97.fasta --uc /scratch/UclustConsensusTaxonAssigner_NlOrAD.uc
# version=1.2.22
# Tab-separated fields:
# 1=Type, 2=ClusterNr, 3=SeqLength or ClusterSize, 4=PctId, 5=Strand, 6=QueryStart, 7=SeedStart, 8=Alignment, 9=QueryLabel, 10=TargetLabel
# Record types (field 1): L=LibSeed, S=NewSeed, H=Hit, R=Reject, D=LibCluster, C=NewCluster, N=NoHit
# For C and D types, PctId is average id with seed.
# QueryStart and SeedStart are zero-based relative to start of sequence.
# If minus strand, SeedStart is relative to reverse-complemented seed.
L	6721	555	*	*	*	*	*	HM216212	*
H	6721	101	97.0	+	0	0	7I82M2D17M449I	AB250409 Mock.1_5	HM216212
L	14672	2196	*	*	*	*	*	AB245442	*
H	14672	101	98.0	+	0	0	1706I85MD15M390I	AB250409 Mock.1_5	AB245442
L	20446	1991	*	*	*	*	*	EF397557	*
H	20446	101	98.0	+	0	0	1744I85MD15M147I	AB250409 Mock.1_5	EF397557
L	25126	583	*	*	*	*	*	FJ904916	*
H	25126	101	98.0	+	0	0	22I85MD15M461I	AB250409 Mock.1_5	FJ904916
L	2386	997	*	*	*	*	*	FJ892747	*
H	2386	101	97.0	+	0	0	259I83MD17M638I	AB250409 Mock.1_5	FJ892747
H	6721	101	98.0	+	0	0	7I82M2D17M449I	AF281178 Mock.2_19155	HM216212
H	2386	101	97.0	+	0	0	259I82MD18M638I	AF281178 Mock.2_19155	FJ892747
H	25126	101	98.0	+	0	0	22I85MD15M461I	AF281178 Mock.2_19155	FJ904916
H	20446	101	98.0	+	0	0	1744I85MD15M147I	AF281178 Mock.2_19155	EF397557
H	14672	101	98.0	+	0	0	1706I85MD15M390I	AF281178 Mock.2_19155	AB245442
L	22967	561	*	*	*	*	*	FJ624262	*
H	22967	91	95.6	+	0	0	23I91M447I	AJ309341 Mock.1_29083	FJ624262
H	25126	91	94.5	+	0	0	22I91M470I	AJ309341 Mock.1_29083	FJ904916
L	22231	589	*	*	*	*	*	FJ582636	*
H	22231	91	95.6	+	0	0	10I91M488I	AJ309341 Mock.1_29083	FJ582636
H	20446	91	94.5	+	0	0	1744I91M156I	AJ309341 Mock.1_29083	EF397557
H	14672	91	94.5	+	0	0	1706I91M399I	AJ309341 Mock.1_29083	AB245442
L	4539	617	*	*	*	*	*	DQ132818	*
H	4539	97	97.9	+	0	0	61I97M459I	AM901674 Mock.2_4233	DQ132818
L	21482	573	*	*	*	*	*	EU551202	*
H	21482	97	99.0	+	0	0	9I97M467I	AM901674 Mock.2_4233	EU551202
L	22593	716	*	*	*	*	*	FN548146	*
H	22593	97	95.9	+	0	0	111I97M508I	AM901674 Mock.2_4233	FN548146
L	19237	631	*	*	*	*	*	GQ120969	*
H	19237	97	95.9	+	0	0	24I97M510I	AM901674 Mock.2_4233	GQ120969
L	7271	631	*	*	*	*	*	GQ120993	*
H	7271	97	95.9	+	0	0	24I97M510I	AM901674 Mock.2_4233	GQ120993
L	2663	412	*	*	*	*	*	DQ286062	*
H	2663	101	100.0	+	0	0	24I101M287I	DQ286062 Mock.1_7	DQ286062
H	4539	92	95.7	+	0	0	61I92M464I	DQ681335 Mock.1_1328	DQ132818
L	8020	538	*	*	*	*	*	GU062288	*
H	8020	92	96.7	+	0	0	12I92M434I	DQ681335 Mock.1_1328	GU062288
H	19237	92	97.8	+	0	0	24I92M515I	DQ681335 Mock.1_1328	GQ120969
L	25514	738	*	*	*	*	*	AM901674	*
H	25514	92	96.7	+	0	0	167I92M479I	DQ681335 Mock.1_1328	AM901674
L	15655	631	*	*	*	*	*	EU301636	*
H	15655	92	96.7	+	0	0	26I92M513I	DQ681335 Mock.1_1328	EU301636
H	4539	94	98.9	+	0	0	61I94M462I	EU551202 Mock.2_9983	DQ132818
H	21482	94	100.0	+	0	0	9I94M470I	EU551202 Mock.2_9983	EU551202
H	7271	94	97.9	+	0	0	24I94M513I	EU551202 Mock.2_9983	GQ120993
H	25514	94	96.8	+	0	0	167I94M477I	EU551202 Mock.2_9983	AM901674
H	22593	94	97.9	+	0	0	111I94M511I	EU551202 Mock.2_9983	FN548146
L	3195	472	*	*	*	*	*	EU714323	*
H	3195	101	100.0	+	0	0	8I101M363I	EU714323 Mock.2_4	EU714323
L	2507	617	*	*	*	*	*	EU821474	*
H	2507	101	98.0	+	0	0	11I101M505I	EU821474 Mock.1_128	EU821474
H	21482	101	99.0	+	0	0	9I101M463I	EU833211 Mock.3_2	EU551202
H	4539	101	98.0	+	0	0	61I101M455I	EU833211 Mock.3_2	DQ132818
H	22593	101	99.0	+	0	0	111I91MI10M503I	EU833211 Mock.3_2	FN548146
H	19237	101	99.0	+	0	0	24I91MI10M505I	EU833211 Mock.3_2	GQ120969
H	7271	101	99.0	+	0	0	24I91MI10M505I	EU833211 Mock.3_2	GQ120993
L	3590	578	*	*	*	*	*	FJ196614	*
H	3590	83	100.0	+	0	0	9I65MI18M485I	FJ196614 Mock.2_39189	FJ196614
L	28128	584	*	*	*	*	*	JN681281	*
H	28128	83	97.6	+	0	0	25I83M476I	FJ196614 Mock.2_39189	JN681281
L	14432	528	*	*	*	*	*	GU062251	*
H	14432	83	98.8	+	0	0	23I83M422I	FJ196614 Mock.2_39189	GU062251
L	14114	565	*	*	*	*	*	GU132456	*
H	14114	83	97.6	+	0	0	13I83M469I	FJ196614 Mock.2_39189	GU132456
L	5596	504	*	*	*	*	*	GU062249	*
H	5596	83	97.6	+	0	0	22I83M399I	FJ196614 Mock.2_39189	GU062249
L	14812	713	*	*	*	*	*	FJ466709	*
H	14812	77	98.7	+	0	0	36I77M600I	FJ210573 Mock.1_15840	FJ466709
H	14672	77	98.7	+	0	0	1706I77M413I	FJ210573 Mock.1_15840	AB245442
H	2386	77	98.7	+	0	0	259I77M661I	FJ210573 Mock.1_15840	FJ892747
L	194	569	*	*	*	*	*	FJ478136	*
H	194	77	98.7	+	0	0	9I77M483I	FJ210573 Mock.1_15840	FJ478136
H	25126	77	98.7	+	0	0	22I77M484I	FJ210573 Mock.1_15840	FJ904916
L	26927	563	*	*	*	*	*	AY729073	*
H	26927	84	96.4	+	0	0	84M479I	FJ582636 Mock.2_15608	AY729073
H	14114	84	96.4	+	0	0	13I84M468I	FJ582636 Mock.2_15608	GU132456
H	20446	84	98.8	+	0	0	1744I84M163I	FJ582636 Mock.2_15608	EF397557
L	8179	588	*	*	*	*	*	HQ608055	*
H	8179	84	96.4	+	0	0	8I84M496I	FJ582636 Mock.2_15608	HQ608055
L	22473	537	*	*	*	*	*	FJ205457	*
H	22473	84	96.4	+	0	0	22I84M431I	FJ582636 Mock.2_15608	FJ205457
H	22231	87	100.0	+	0	0	10I87M492I	FJ624262 Mock.3_1560	FJ582636
H	20446	87	98.9	+	0	0	1744I87M160I	FJ624262 Mock.3_1560	EF397557
H	25126	87	98.9	+	0	0	22I87M474I	FJ624262 Mock.3_1560	FJ904916
H	22967	87	100.0	+	0	0	23I87M451I	FJ624262 Mock.3_1560	FJ624262
H	14672	87	98.9	+	0	0	1706I87M403I	FJ624262 Mock.3_1560	AB245442
L	25840	593	*	*	*	*	*	FJ878626	*
H	25840	101	100.0	+	0	0	8I101M484I	FJ878626 Mock.3_2031	FJ878626
L	1907	567	*	*	*	*	*	FJ556909	*
H	1907	101	99.0	+	0	0	18I101M448I	FJ878626 Mock.3_2031	FJ556909
L	8521	536	*	*	*	*	*	FJ537092	*
H	8521	101	95.0	+	0	0	2D15MI84M436I	FJ878626 Mock.3_2031	FJ537092
L	17171	592	*	*	*	*	*	FJ878648	*
H	17171	101	98.0	+	0	0	8I101M483I	FJ878626 Mock.3_2031	FJ878648
L	28127	593	*	*	*	*	*	FJ878644	*
H	28127	101	98.0	+	0	0	8I101M484I	FJ878626 Mock.3_2031	FJ878644
L	4606	704	*	*	*	*	*	JF735273	*
H	4606	83	98.8	+	0	0	143I83M478I	FJ903339 Mock.3_15095	JF735273
L	3212	548	*	*	*	*	*	FJ210605	*
H	3212	83	98.8	+	0	0	22I83M443I	FJ903339 Mock.3_15095	FJ210605
H	25126	83	100.0	+	0	0	22I83M478I	FJ903339 Mock.3_15095	FJ904916
L	10671	506	*	*	*	*	*	GU062255	*
H	10671	83	100.0	+	0	0	23I83M400I	FJ903339 Mock.3_15095	GU062255
H	14432	83	100.0	+	0	0	23I83M422I	FJ903339 Mock.3_15095	GU062251
L	27106	558	*	*	*	*	*	HQ897787	*
H	27106	101	95.0	+	0	0	5D96M462I	FJ904916 Mock.2_11	HQ897787
H	14672	101	99.0	+	0	0	1706I86MD14M390I	FJ904916 Mock.2_11	AB245442
H	25126	101	99.0	+	0	0	22I86MD14M461I	FJ904916 Mock.2_11	FJ904916
H	20446	101	99.0	+	0	0	1744I86MD14M147I	FJ904916 Mock.2_11	EF397557
H	6721	101	98.0	+	0	0	7I84M2D15M449I	FJ904916 Mock.2_11	HM216212
H	22593	101	99.0	+	0	0	111I101M504I	FN548146 Mock.2_10300	FN548146
H	19237	101	99.0	+	0	0	24I101M506I	FN548146 Mock.2_10300	GQ120969
L	1982	610	*	*	*	*	*	EU833211	*
H	1982	101	99.0	+	0	0	8I32MI69M500I	FN548146 Mock.2_10300	EU833211
H	7271	101	99.0	+	0	0	24I101M506I	FN548146 Mock.2_10300	GQ120993
L	7153	530	*	*	*	*	*	HM103378	*
H	7153	101	94.1	+	0	0	4D97M433I	FN548146 Mock.2_10300	HM103378
L	18019	743	*	*	*	*	*	GQ376079	*
H	18019	101	100.0	+	0	0	8I101M634I	GQ376079 Mock.2_8	GQ376079
L	669	416	*	*	*	*	*	EF197948	*
H	669	101	97.0	+	0	0	3D98M318I	GQ376083 Mock.1_0	EF197948
L	24610	424	*	*	*	*	*	GQ376083	*
H	24610	101	100.0	+	0	0	4I43MI58M318I	GQ376083 Mock.1_0	GQ376083
L	165	586	*	*	*	*	*	DQ680681	*
H	165	101	95.0	+	0	0	227I101M258I	GQ376093 Mock.1_40	DQ680681
L	26107	396	*	*	*	*	*	GQ376093	*
H	26107	101	97.0	+	0	0	8I101M287I	GQ376093 Mock.1_40	GQ376093
L	19864	605	*	*	*	*	*	DQ683112	*
H	19864	101	90.1	+	0	0	245I101M259I	GQ376093 Mock.1_40	DQ683112
L	7516	387	*	*	*	*	*	AF015250	*
H	7516	101	93.1	+	0	0	11I77MI12MD11M275I	GQ376093 Mock.1_40	AF015250
L	28129	2961	*	*	*	*	*	GQ458041	*
H	28129	101	100.0	+	0	0	1712I101M1148I	GQ458041 Mock.2_30	GQ458041
L	25215	460	*	*	*	*	*	FJ861384	*
H	25215	101	100.0	+	0	0	18I101M341I	GQ458041 Mock.2_30	FJ861384
L	163	621	*	*	*	*	*	DQ667978	*
H	163	101	92.1	+	0	0	4D97M524I	GQ458041 Mock.2_30	DQ667978
L	160	660	*	*	*	*	*	EF192226	*
H	160	101	96.0	+	0	0	15I101M544I	GQ458041 Mock.2_30	EF192226
L	14428	653	*	*	*	*	*	AB513338	*
H	14428	101	99.0	+	0	0	9I101M543I	GQ458041 Mock.2_30	AB513338
H	14672	92	98.9	+	0	0	1706I86MD5M399I	GU062214 Mock.1_841	AB245442
H	20446	92	98.9	+	0	0	1744I86MD5M156I	GU062214 Mock.1_841	EF397557
H	25126	92	98.9	+	0	0	22I86MD5M470I	GU062214 Mock.1_841	FJ904916
H	22231	92	95.7	+	0	0	10I92M487I	GU062214 Mock.1_841	FJ582636
H	22967	92	95.7	+	0	0	23I92M446I	GU062214 Mock.1_841	FJ624262
L	8751	1585	*	*	*	*	*	HM534896	*
H	8751	83	98.8	+	0	0	123I83M1379I	GU062251 Mock.1_28622	HM534896
L	27143	1559	*	*	*	*	*	JF440985	*
H	27143	83	98.8	+	0	0	123I83M1353I	GU062251 Mock.1_28622	JF440985
L	8753	1531	*	*	*	*	*	HM534893	*
H	8753	83	98.8	+	0	0	105I83M1343I	GU062251 Mock.1_28622	HM534893
L	540	562	*	*	*	*	*	DQ885387	*
H	540	83	98.8	+	0	0	9I83M470I	GU062251 Mock.1_28622	DQ885387
L	541	586	*	*	*	*	*	DQ885388	*
H	541	83	98.8	+	0	0	10I83M493I	GU062251 Mock.1_28622	DQ885388
H	4606	84	97.6	+	0	0	143I84M477I	GU062255 Mock.1_8251	JF735273
H	3212	84	98.8	+	0	0	22I84M442I	GU062255 Mock.1_8251	FJ210605
H	25126	84	100.0	+	0	0	22I84M477I	GU062255 Mock.1_8251	FJ904916
H	10671	84	100.0	+	0	0	23I84M399I	GU062255 Mock.1_8251	GU062255
H	14432	84	100.0	+	0	0	23I84M421I	GU062255 Mock.1_8251	GU062251
H	8751	82	100.0	+	0	0	123I82M1380I	GU132456 Mock.2_32520	HM534896
L	4558	473	*	*	*	*	*	FJ210606	*
H	4558	82	100.0	+	0	0	17I82M374I	GU132456 Mock.2_32520	FJ210606
L	4557	468	*	*	*	*	*	FJ210632	*
H	4557	82	98.8	+	0	0	19I82M367I	GU132456 Mock.2_32520	FJ210632
L	24378	237	*	*	*	*	*	JF779674	*
H	24378	82	100.0	+	0	0	22I82M133I	GU132456 Mock.2_32520	JF779674
H	8753	82	100.0	+	0	0	105I82M1344I	GU132456 Mock.2_32520	HM534893
H	14672	91	95.6	+	0	0	1706I91M399I	JN019381 Mock.1_3366	AB245442
H	20446	91	95.6	+	0	0	1744I91M156I	JN019381 Mock.1_3366	EF397557
H	25126	91	95.6	+	0	0	22I91M470I	JN019381 Mock.1_3366	FJ904916
H	22231	91	96.7	+	0	0	10I91M488I	JN019381 Mock.1_3366	FJ582636
H	22967	91	96.7	+	0	0	23I91M447I	JN019381 Mock.1_3366	FJ624262
N	*	101	*	*	*	*	*	New.ReferenceOTU0 Mock.2_7524	*
H	26107	101	94.1	+	0	0	8I101M287I	New.ReferenceOTU1 Mock.1_27540	GQ376093
H	165	101	90.1	+	0	0	227I101M258I	New.ReferenceOTU1 Mock.1_27540	DQ680681
N	*	101	*	*	*	*	*	New.ReferenceOTU2 Mock.1_9147	*
H	19864	101	93.1	+	0	0	245I101M259I	New.ReferenceOTU3 Mock.3_6461	DQ683112
H	26107	101	94.1	+	0	0	8I101M287I	New.ReferenceOTU3 Mock.3_6461	GQ376093
H	165	101	90.1	+	0	0	227I101M258I	New.ReferenceOTU3 Mock.3_6461	DQ680681
H	19864	101	94.1	+	0	0	245I101M259I	New.ReferenceOTU4 Mock.2_1308	DQ683112
H	26107	101	90.1	+	0	0	8I101M287I	New.ReferenceOTU4 Mock.2_1308	GQ376093
L	261	517	*	*	*	*	*	DQ871598	*
H	261	101	94.1	+	0	0	3D98M419I	New.ReferenceOTU5 Mock.1_6335	DQ871598
N	*	94	*	*	*	*	*	New.ReferenceOTU6 Mock.2_55739	*
H	26107	101	96.0	+	0	0	8I101M287I	New.ReferenceOTU7 Mock.3_19464	GQ376093
H	165	101	90.1	+	0	0	227I101M258I	New.ReferenceOTU7 Mock.3_19464	DQ680681
H	14672	91	94.5	+	0	0	1706I91M399I	New.CleanUp.ReferenceOTU1 Mock.3_52699	AB245442
H	25126	91	94.5	+	0	0	22I91M470I	New.CleanUp.ReferenceOTU1 Mock.3_52699	FJ904916
H	20446	91	94.5	+	0	0	1744I91M156I	New.CleanUp.ReferenceOTU1 Mock.3_52699	EF397557
H	22967	91	95.6	+	0	0	23I91M447I	New.CleanUp.ReferenceOTU1 Mock.3_52699	FJ624262
H	22231	91	95.6	+	0	0	10I91M488I	New.CleanUp.ReferenceOTU1 Mock.3_52699	FJ582636
H	2507	86	96.5	+	0	0	11I86M520I	New.CleanUp.ReferenceOTU10 Mock.2_55974	EU821474
L	13030	598	*	*	*	*	*	EU551193	*
H	13030	86	90.7	+	0	0	10I49MD36M503I	New.CleanUp.ReferenceOTU10 Mock.2_55974	EU551193
L	17851	697	*	*	*	*	*	AY228111	*
H	17851	86	90.7	+	0	0	128I49MD36M484I	New.CleanUp.ReferenceOTU10 Mock.2_55974	AY228111
L	7216	714	*	*	*	*	*	AY228112	*
H	7216	86	90.7	+	0	0	127I49MD36M502I	New.CleanUp.ReferenceOTU10 Mock.2_55974	AY228112
L	17852	559	*	*	*	*	*	AB489089	*
H	17852	86	90.7	+	0	0	8I49MD36M466I	New.CleanUp.ReferenceOTU10 Mock.2_55974	AB489089
H	669	101	93.1	+	0	0	3D98M318I	New.CleanUp.ReferenceOTU105 Mock.1_21242	EF197948
H	24610	101	96.0	+	0	0	4I44MI57M318I	New.CleanUp.ReferenceOTU105 Mock.1_21242	GQ376083
N	*	101	*	*	*	*	*	New.CleanUp.ReferenceOTU106 Mock.1_5337	*
H	6721	96	95.8	+	0	0	7I82M2D12M454I	New.CleanUp.ReferenceOTU107 Mock.2_69443	HM216212
H	25126	96	96.9	+	0	0	22I85MD10M466I	New.CleanUp.ReferenceOTU107 Mock.2_69443	FJ904916
H	14672	96	96.9	+	0	0	1706I85MD10M395I	New.CleanUp.ReferenceOTU107 Mock.2_69443	AB245442
H	20446	96	96.9	+	0	0	1744I85MD10M152I	New.CleanUp.ReferenceOTU107 Mock.2_69443	EF397557
H	27106	96	92.7	+	0	0	5D91M467I	New.CleanUp.ReferenceOTU107 Mock.2_69443	HQ897787
N	*	101	*	*	*	*	*	New.CleanUp.ReferenceOTU11 Mock.2_5394	*
H	22231	91	96.7	+	0	0	10I91M488I	New.CleanUp.ReferenceOTU115 Mock.2_64627	FJ582636
H	14432	91	93.4	+	0	0	23I91M414I	New.CleanUp.ReferenceOTU115 Mock.2_64627	GU062251
L	19274	510	*	*	*	*	*	DQ247776	*
H	19274	91	93.4	+	0	0	17I91M402I	New.CleanUp.ReferenceOTU115 Mock.2_64627	DQ247776
H	10671	91	93.4	+	0	0	23I91M392I	New.CleanUp.ReferenceOTU115 Mock.2_64627	GU062255
H	22967	91	96.7	+	0	0	23I91M447I	New.CleanUp.ReferenceOTU115 Mock.2_64627	FJ624262
H	26107	101	92.1	+	0	0	8I101M287I	New.CleanUp.ReferenceOTU118 Mock.1_724	GQ376093
H	26107	101	90.1	+	0	0	8I101M287I	New.CleanUp.ReferenceOTU120 Mock.1_54066	GQ376093
H	26107	91	93.4	+	0	0	8I91M297I	New.CleanUp.ReferenceOTU125 Mock.2_31673	GQ376093
H	7516	91	90.1	+	0	0	11I77MI14M284I	New.CleanUp.ReferenceOTU125 Mock.2_31673	AF015250
H	165	89	92.1	+	0	0	227I89M270I	New.CleanUp.ReferenceOTU128 Mock.1_42547	DQ680681
H	26107	89	94.4	+	0	0	8I89M299I	New.CleanUp.ReferenceOTU128 Mock.1_42547	GQ376093
N	*	101	*	*	*	*	*	New.CleanUp.ReferenceOTU129 Mock.2_70021	*
N	*	101	*	*	*	*	*	New.CleanUp.ReferenceOTU133 Mock.1_20046	*
H	165	101	92.1	+	0	0	227I101M258I	New.CleanUp.ReferenceOTU136 Mock.2_13064	DQ680681
H	26107	101	94.1	+	0	0	8I101M287I	New.CleanUp.ReferenceOTU136 Mock.2_13064	GQ376093
H	7516	101	90.1	+	0	0	11I77MI12MD11M275I	New.CleanUp.ReferenceOTU136 Mock.2_13064	AF015250
N	*	101	*	*	*	*	*	New.CleanUp.ReferenceOTU142 Mock.2_13237	*
H	14672	91	94.5	+	0	0	1706I91M399I	New.CleanUp.ReferenceOTU144 Mock.1_12567	AB245442
H	20446	91	94.5	+	0	0	1744I91M156I	New.CleanUp.ReferenceOTU144 Mock.1_12567	EF397557
L	15479	1510	*	*	*	*	*	AF081478	*
H	15479	91	93.4	+	0	0	315I68M2I23M1102I	New.CleanUp.ReferenceOTU144 Mock.1_12567	AF081478
L	10184	966	*	*	*	*	*	AF081479	*
H	10184	91	96.7	+	0	0	315I68MI23M559I	New.CleanUp.ReferenceOTU144 Mock.1_12567	AF081479
H	25126	91	94.5	+	0	0	22I91M470I	New.CleanUp.ReferenceOTU144 Mock.1_12567	FJ904916
H	194	101	92.1	+	0	0	9I85M2D14M461I	New.CleanUp.ReferenceOTU147 Mock.2_64849	FJ478136
H	22967	101	96.0	+	0	0	23I87MD13M438I	New.CleanUp.ReferenceOTU147 Mock.2_64849	FJ624262
H	24378	101	92.1	+	0	0	22I85M2D14M116I	New.CleanUp.ReferenceOTU147 Mock.2_64849	JF779674
H	14812	101	93.1	+	0	0	36I85M2D14M578I	New.CleanUp.ReferenceOTU147 Mock.2_64849	FJ466709
H	4558	101	93.1	+	0	0	17I85M2D14M357I	New.CleanUp.ReferenceOTU147 Mock.2_64849	FJ210606
H	2663	101	96.0	+	0	0	24I101M287I	New.CleanUp.ReferenceOTU149 Mock.2_58493	DQ286062
N	*	101	*	*	*	*	*	New.CleanUp.ReferenceOTU150 Mock.2_72741	*
N	*	94	*	*	*	*	*	New.CleanUp.ReferenceOTU153 Mock.3_16011	*
N	*	101	*	*	*	*	*	New.CleanUp.ReferenceOTU157 Mock.2_44184	*
H	165	101	92.1	+	0	0	227I101M258I	New.CleanUp.ReferenceOTU161 Mock.1_39577	DQ680681
H	26107	101	94.1	+	0	0	8I101M287I	New.CleanUp.ReferenceOTU161 Mock.1_39577	GQ376093
H	19864	101	91.1	+	0	0	245I101M259I	New.CleanUp.ReferenceOTU161 Mock.1_39577	DQ683112
N	*	101	*	*	*	*	*	New.CleanUp.ReferenceOTU166 Mock.3_9034	*
N	*	101	*	*	*	*	*	New.CleanUp.ReferenceOTU167 Mock.2_132	*
H	14672	101	96.0	+	0	0	1706I86MD14M390I	New.CleanUp.ReferenceOTU171 Mock.3_83	AB245442
H	27106	101	92.1	+	0	0	5D96M462I	New.CleanUp.ReferenceOTU171 Mock.3_83	HQ897787
H	165	101	94.1	+	0	0	227I101M258I	New.CleanUp.ReferenceOTU173 Mock.3_86	DQ680681
H	26107	101	96.0	+	0	0	8I101M287I	New.CleanUp.ReferenceOTU173 Mock.3_86	GQ376093
H	7516	101	92.1	+	0	0	11I77MI12MD11M275I	New.CleanUp.ReferenceOTU173 Mock.3_86	AF015250
N	*	101	*	*	*	*	*	New.CleanUp.ReferenceOTU30 Mock.2_5485	*
N	*	101	*	*	*	*	*	New.CleanUp.ReferenceOTU39 Mock.1_6422	*
H	26107	97	90.7	+	0	0	8I97M291I	New.CleanUp.ReferenceOTU46 Mock.2_69723	GQ376093
H	26107	101	91.1	+	0	0	8I101M287I	New.CleanUp.ReferenceOTU48 Mock.2_50493	GQ376093
H	2663	101	91.1	+	0	0	24I101M287I	New.CleanUp.ReferenceOTU48 Mock.2_50493	DQ286062
N	*	101	*	*	*	*	*	New.CleanUp.ReferenceOTU5 Mock.2_3312	*
H	26107	101	96.0	+	0	0	8I101M287I	New.CleanUp.ReferenceOTU53 Mock.1_63364	GQ376093
H	165	101	92.1	+	0	0	227I101M258I	New.CleanUp.ReferenceOTU53 Mock.1_63364	DQ680681
H	7516	101	92.1	+	0	0	11I77MI12MD11M275I	New.CleanUp.ReferenceOTU53 Mock.1_63364	AF015250
N	*	95	*	*	*	*	*	New.CleanUp.ReferenceOTU54 Mock.1_44342	*
N	*	101	*	*	*	*	*	New.CleanUp.ReferenceOTU6 Mock.3_13680	*
N	*	101	*	*	*	*	*	New.CleanUp.ReferenceOTU61 Mock.2_8064	*
H	2663	92	93.5	+	0	0	24I92M296I	New.CleanUp.ReferenceOTU67 Mock.1_53045	DQ286062
H	2507	95	94.7	+	0	0	11I95M511I	New.CleanUp.ReferenceOTU68 Mock.1_5491	EU821474
N	*	101	*	*	*	*	*	New.CleanUp.ReferenceOTU71 Mock.3_69820	*
H	669	101	93.1	+	0	0	3D98M318I	New.CleanUp.ReferenceOTU72 Mock.2_29742	EF197948
H	24610	101	96.0	+	0	0	4I43MI58M318I	New.CleanUp.ReferenceOTU72 Mock.2_29742	GQ376083
N	*	101	*	*	*	*	*	New.CleanUp.ReferenceOTU82 Mock.3_65355	*
H	669	101	93.1	+	0	0	3D98M318I	New.CleanUp.ReferenceOTU89 Mock.3_43979	EF197948
H	24610	101	96.0	+	0	0	4I43MI58M318I	New.CleanUp.ReferenceOTU89 Mock.3_43979	GQ376083
H	2663	101	96.0	+	0	0	24I101M287I	New.CleanUp.ReferenceOTU90 Mock.2_73953	DQ286062
N	*	101	*	*	*	*	*	New.CleanUp.ReferenceOTU91 Mock.3_54068	*
H	25215	101	96.0	+	0	0	18I101M341I	New.CleanUp.ReferenceOTU97 Mock.2_25781	FJ861384
H	28129	101	96.0	+	0	0	1712I101M1148I	New.CleanUp.ReferenceOTU97 Mock.2_25781	GQ458041
L	22480	624	*	*	*	*	*	FJ210528	*
H	22480	101	91.1	+	0	0	16I55MD25MD19M509I	New.CleanUp.ReferenceOTU97 Mock.2_25781	FJ210528
H	160	101	92.1	+	0	0	15I101M544I	New.CleanUp.ReferenceOTU97 Mock.2_25781	EF192226
L	8303	445	*	*	*	*	*	HQ413281	*
H	8303	101	93.1	+	0	0	175I55MD45M170I	New.CleanUp.ReferenceOTU97 Mock.2_25781	HQ413281
D	261	2	*	*	*	*	94.1	DQ871598	*
D	541	2	*	*	*	*	98.8	DQ885388	*
D	2507	4	*	*	*	*	96.4	EU821474	*
D	2663	6	*	*	*	*	95.3	DQ286062	*
D	3195	2	*	*	*	*	100.0	EU714323	*
D	3590	2	*	*	*	*	100.0	FJ196614	*
D	7271	3	*	*	*	*	99.0	GQ120993	*
D	8753	2	*	*	*	*	100.0	HM534893	*
D	10184	2	*	*	*	*	96.7	AF081479	*
D	14432	3	*	*	*	*	100.0	GU062251	*
D	14672	3	*	*	*	*	97.0	AB245442	*
D	18019	2	*	*	*	*	100.0	GQ376079	*
D	19237	2	*	*	*	*	97.8	GQ120969	*
D	19864	2	*	*	*	*	94.1	DQ683112	*
D	20446	4	*	*	*	*	98.2	EF397557	*
D	21482	3	*	*	*	*	99.5	EU551202	*
D	22231	3	*	*	*	*	95.6	FJ582636	*
D	22967	5	*	*	*	*	97.4	FJ624262	*
D	24610	5	*	*	*	*	97.0	GQ376083	*
D	25126	4	*	*	*	*	98.5	FJ904916	*
D	25215	2	*	*	*	*	100.0	FJ861384	*
D	25840	2	*	*	*	*	100.0	FJ878626	*
D	26107	14	*	*	*	*	94.0	GQ376093	*
D	28129	2	*	*	*	*	96.0	GQ458041	*
