 Thu Apr  6 21:38:34 2017

 Command: sortmerna --ref /Users/nbokulich/Desktop/ref_dbs/sh_qiime_release_20.11.2016/developer/sh_refs_qiime_ver7_99_20.11.2016_dev_clean.fasta,/var/folders/0t/l1dz88p50y91vx_22fx5w3780000gn/T/tmpKOcZim/sh_refs_qiime_ver7_99_20.11.2016_dev_clean -e 1.0 --aligned /Users/nbokulich/Desktop/projects/mock-community/mock-25/unite_20.11.2016_clean_fullITS/sortmerna/0.51:0.99:1:0.9:1.0/sortmerna_map -a 1 --print_all_reads --log --blast 3 --reads /Users/nbokulich/Desktop/projects/short-read-tax-assignment/data/mock-community/mock-25/rep_seqs.fna -v --best 1 
 Process pid = 26288
 Parameters summary:
    Index: /var/folders/0t/l1dz88p50y91vx_22fx5w3780000gn/T/tmpKOcZim/sh_refs_qiime_ver7_99_20.11.2016_dev_clean
     Seed length = 18
     Pass 1 = 18, Pass 2 = 9, Pass 3 = 3
     Gumbel lambda = 0.616663
     Gumbel K = 0.340235
     Minimal SW score based on E-value = 38
    Number of seeds = 2
    Edges = 4 (as integer)
    SW match = 2
    SW mismatch = -3
    SW gap open penalty = 5
    SW gap extend penalty = 2
    SW ambiguous nucleotide = -3
    SQ tags are not output
    Number of threads = 1 (OpenMP is not supported with your current C++ compiler).
    Reads file = /Users/nbokulich/Desktop/projects/short-read-tax-assignment/data/mock-community/mock-25/rep_seqs.fna

 Results:
    Total reads = 24
    Total reads passing E-value threshold = 22 (91.67%)
    Total reads failing E-value threshold = 2 (8.33%)
    Minimum read length = 165
    Maximum read length = 165
    Mean read length = 165
 By database:
    /Users/nbokulich/Desktop/ref_dbs/sh_qiime_release_20.11.2016/developer/sh_refs_qiime_ver7_99_20.11.2016_dev_clean.fasta		91.67%
