UclustConsensusTaxonAssigner parameters:
id_to_taxonomy_filepath:/Users/nbokulich/Desktop/projects/short-read-tax-assignment/data/novel-taxa-simulations/B1-REF-L6-iter1/ref_taxa.tsv
id_to_taxonomy_fp:/Users/nbokulich/Desktop/projects/short-read-tax-assignment/data/novel-taxa-simulations/B1-REF-L6-iter1/ref_taxa.tsv
max_accepts:1
min_consensus_fraction:0.51
reference_sequences_fp:/Users/nbokulich/Desktop/projects/short-read-tax-assignment/data/novel-taxa-simulations/B1-REF-L6-iter1/ref_seqs.fasta
similarity:0.8
unassignable_label:Unassigned
Result path: /var/folders/0t/l1dz88p50y91vx_22fx5w3780000gn/T/assign-taxnVhBpm

.uc file contents:

# uclust --input /Users/nbokulich/Desktop/projects/short-read-tax-assignment/data/novel-taxa-simulations/B1-REF-L6-iter1/query.fasta --id 0.8 --rev --maxaccepts 1 --allhits --libonly --lib /Users/nbokulich/Desktop/projects/short-read-tax-assignment/data/novel-taxa-simulations/B1-REF-L6-iter1/ref_seqs.fasta --uc /var/folders/0t/l1dz88p50y91vx_22fx5w3780000gn/T/UclustConsensusTaxonAssigner_ROE44W.uc
# version=1.2.22
# Tab-separated fields:
# 1=Type, 2=ClusterNr, 3=SeqLength or ClusterSize, 4=PctId, 5=Strand, 6=QueryStart, 7=SeedStart, 8=Alignment, 9=QueryLabel, 10=TargetLabel
# Record types (field 1): L=LibSeed, S=NewSeed, H=Hit, R=Reject, D=LibCluster, C=NewCluster, N=NoHit
# For C and D types, PctId is average id with seed.
# QueryStart and SeedStart are zero-based relative to start of sequence.
# If minus strand, SeedStart is relative to reverse-complemented seed.
L	1425	250	*	*	*	*	*	566849	*
H	1425	250	100.0	+	0	0	250M	1105145	566849
L	1513	250	*	*	*	*	*	561032	*
H	1513	250	96.8	+	0	0	250M	1080702	561032
L	1197	250	*	*	*	*	*	582913	*
H	1197	250	96.0	+	0	0	250M	1057260	582913
L	12801	250	*	*	*	*	*	4356666	*
H	12801	250	98.8	+	0	0	250M	971907	4356666
L	12580	250	*	*	*	*	*	4342780	*
H	12580	250	96.8	+	0	0	250M	955905	4342780
L	12075	250	*	*	*	*	*	4312974	*
H	12075	250	95.2	+	0	0	250M	908900	4312974
L	8704	250	*	*	*	*	*	1050805	*
H	8704	250	100.0	+	0	0	250M	905674	1050805
L	1830	250	*	*	*	*	*	534898	*
H	1830	250	100.0	+	0	0	250M	859279	534898
L	14255	250	*	*	*	*	*	4448449	*
H	14255	250	98.4	+	0	0	250M	853756	4448449
L	13226	250	*	*	*	*	*	4381303	*
H	13226	250	100.0	+	0	0	250M	851797	4381303
L	11165	250	*	*	*	*	*	3840972	*
H	11165	250	99.2	+	0	0	250M	836529	3840972
L	13203	250	*	*	*	*	*	4379927	*
H	13203	250	99.2	+	0	0	250M	826749	4379927
L	8055	250	*	*	*	*	*	7316	*
H	8055	250	100.0	+	0	0	250M	822776	7316
L	747	250	*	*	*	*	*	807643	*
H	747	250	100.0	+	0	0	250M	821327	807643
L	11656	250	*	*	*	*	*	1021130	*
H	11656	250	97.2	+	0	0	250M	820546	1021130
L	13610	250	*	*	*	*	*	4407376	*
H	13610	250	100.0	+	0	0	250M	815448	4407376
L	8739	250	*	*	*	*	*	809102	*
H	8739	250	99.6	+	0	0	250M	814347	809102
L	13466	250	*	*	*	*	*	4396154	*
H	13466	250	99.6	+	0	0	250M	814142	4396154
L	13181	250	*	*	*	*	*	4378476	*
H	13181	250	99.2	+	0	0	250M	792531	4378476
L	8001	250	*	*	*	*	*	8104	*
H	8001	250	97.2	+	0	0	250M	780816	8104
L	8946	250	*	*	*	*	*	848619	*
H	8946	250	88.0	+	0	0	250M	768306	848619
L	10068	250	*	*	*	*	*	1137331	*
H	10068	250	98.8	+	0	0	250M	762317	1137331
L	14797	250	*	*	*	*	*	4480060	*
H	14797	250	99.2	+	0	0	250M	749696	4480060
L	11928	250	*	*	*	*	*	4305211	*
H	11928	250	100.0	+	0	0	250M	746730	4305211
L	14842	250	*	*	*	*	*	4482366	*
H	14842	250	95.6	+	0	0	131MI118MD	744874	4482366
L	3853	250	*	*	*	*	*	312413	*
H	3853	250	99.6	+	0	0	74MD175MI	744773	312413
L	10455	250	*	*	*	*	*	3286983	*
H	10455	250	99.6	+	0	0	250M	740898	3286983
L	4984	250	*	*	*	*	*	230108	*
H	4984	250	99.6	+	0	0	250M	713349	230108
L	12661	250	*	*	*	*	*	4348253	*
H	12661	250	100.0	+	0	0	250M	701078	4348253
L	13915	250	*	*	*	*	*	4427644	*
H	13915	250	99.2	+	0	0	250M	699655	4427644
L	11146	250	*	*	*	*	*	1144051	*
H	11146	250	94.8	+	0	0	250M	696991	1144051
L	6670	250	*	*	*	*	*	138132	*
H	6670	250	94.8	+	0	0	250M	694777	138132
L	14492	250	*	*	*	*	*	4462906	*
H	14492	250	100.0	+	0	0	250M	687940	4462906
L	7945	250	*	*	*	*	*	9514	*
H	7945	250	96.0	+	0	0	250M	684187	9514
L	11653	250	*	*	*	*	*	809998	*
H	11653	250	96.8	+	0	0	250M	671280	809998
L	6971	250	*	*	*	*	*	105653	*
H	6971	250	93.2	+	0	0	10MD11M2D59MD84MD81M5I	663545	105653
L	10141	250	*	*	*	*	*	3052746	*
H	10141	250	98.8	+	0	0	250M	645407	3052746
L	9236	250	*	*	*	*	*	1124883	*
H	9236	250	94.8	+	0	0	250M	643362	1124883
L	7023	250	*	*	*	*	*	102745	*
H	7023	250	98.4	+	0	0	250M	632539	102745
L	1302	250	*	*	*	*	*	576360	*
H	1302	250	99.2	+	0	0	250M	625629	576360
L	7741	250	*	*	*	*	*	14214	*
H	7741	250	99.2	+	0	0	217MD32MI	606927	14214
L	7353	250	*	*	*	*	*	67654	*
H	7353	250	94.8	+	0	0	250M	605582	67654
L	10456	250	*	*	*	*	*	3287613	*
H	10456	250	100.0	+	0	0	250M	605198	3287613
L	3225	250	*	*	*	*	*	359098	*
H	3225	250	88.4	+	0	0	133MD36M2I32MD47M	591285	359098
L	9821	250	*	*	*	*	*	2769758	*
H	9821	250	99.6	+	0	0	250M	590381	2769758
L	9004	250	*	*	*	*	*	2117818	*
H	9004	250	99.2	+	0	0	250M	586832	2117818
L	11516	250	*	*	*	*	*	4132075	*
H	11516	250	98.4	+	0	0	250M	584440	4132075
L	8243	250	*	*	*	*	*	1523231	*
H	8243	250	100.0	+	0	0	250M	583549	1523231
L	8930	250	*	*	*	*	*	1137089	*
H	8930	250	91.6	+	0	0	250M	575979	1137089
L	8583	250	*	*	*	*	*	805980	*
H	8583	250	100.0	+	0	0	250M	575948	805980
L	9892	250	*	*	*	*	*	1126066	*
H	9892	250	97.2	+	0	0	250M	571645	1126066
L	7676	250	*	*	*	*	*	15850	*
H	7676	250	99.6	+	0	0	250M	570232	15850
L	7500	250	*	*	*	*	*	39706	*
H	7500	250	96.8	+	0	0	250M	569907	39706
L	10311	250	*	*	*	*	*	1129841	*
H	10311	250	93.6	+	0	0	173MI8MI28MI19MI18M4D	569436	1129841
L	4883	250	*	*	*	*	*	239924	*
H	4883	250	96.0	+	0	0	250M	568727	239924
L	13689	250	*	*	*	*	*	4412978	*
H	13689	250	97.6	+	0	0	234MI15MD	567491	4412978
L	8063	250	*	*	*	*	*	7043	*
H	8063	250	100.0	+	0	0	250M	566588	7043
L	10280	250	*	*	*	*	*	3161646	*
H	10280	250	97.2	+	0	0	250M	566452	3161646
L	11539	250	*	*	*	*	*	1123994	*
H	11539	250	99.6	+	0	0	250M	565851	1123994
L	8333	250	*	*	*	*	*	1145943	*
H	8333	250	97.2	+	0	0	250M	565472	1145943
N	*	250	*	*	*	*	*	563323	*
L	10350	250	*	*	*	*	*	1129601	*
H	10350	250	100.0	+	0	0	250M	562815	1129601
L	1832	250	*	*	*	*	*	534869	*
H	1832	250	99.2	+	0	0	250M	560465	534869
L	6654	250	*	*	*	*	*	139597	*
H	6654	250	100.0	+	0	0	250M	559395	139597
L	674	250	*	*	*	*	*	822450	*
H	674	250	100.0	+	0	0	250M	558327	822450
L	7577	250	*	*	*	*	*	26799	*
H	7577	250	96.8	+	0	0	250M	558128	26799
L	8771	250	*	*	*	*	*	811951	*
H	8771	250	100.0	+	0	0	250M	557711	811951
L	5622	250	*	*	*	*	*	186566	*
H	5622	250	95.6	+	0	0	250M	556570	186566
L	9268	250	*	*	*	*	*	2318399	*
H	9268	250	90.8	+	0	0	250M	555696	2318399
L	8261	250	*	*	*	*	*	1119481	*
H	8261	250	94.0	+	0	0	250M	555445	1119481
L	12340	250	*	*	*	*	*	4327050	*
H	12340	250	100.0	+	0	0	250M	553455	4327050
L	13622	250	*	*	*	*	*	4408009	*
H	13622	250	99.6	+	0	0	250M	553146	4408009
L	10035	250	*	*	*	*	*	699197	*
H	10035	250	97.6	+	0	0	250M	552236	699197
L	8159	250	*	*	*	*	*	3804	*
H	8159	250	98.8	+	0	0	250M	550703	3804
L	1001	250	*	*	*	*	*	632212	*
H	1001	250	99.6	+	0	0	237MD12MI	550440	632212
L	14433	250	*	*	*	*	*	4458934	*
H	14433	250	100.0	+	0	0	250M	549707	4458934
L	6968	250	*	*	*	*	*	105715	*
H	6968	250	99.2	+	0	0	250M	549331	105715
L	895	250	*	*	*	*	*	707350	*
H	895	250	99.2	+	0	0	250M	548784	707350
L	7946	250	*	*	*	*	*	9511	*
H	7946	250	99.6	+	0	0	250M	547396	9511
L	7479	250	*	*	*	*	*	42889	*
H	7479	250	100.0	+	0	0	250M	544868	42889
L	1430	250	*	*	*	*	*	566475	*
H	1430	250	96.8	+	0	0	250M	544846	566475
H	6971	250	95.2	+	0	0	250M	540733	105653
L	13936	250	*	*	*	*	*	4428759	*
H	13936	250	97.6	+	0	0	250M	538247	4428759
L	6284	250	*	*	*	*	*	159036	*
H	6284	250	100.0	+	0	0	250M	536739	159036
L	1757	250	*	*	*	*	*	541199	*
H	1757	250	99.6	+	0	0	250M	536261	541199
L	4716	250	*	*	*	*	*	252239	*
H	4716	250	99.6	+	0	0	250M	536238	252239
L	11557	250	*	*	*	*	*	1134116	*
H	11557	250	96.8	+	0	0	250M	534871	1134116
L	1949	250	*	*	*	*	*	530138	*
H	1949	250	96.8	+	0	0	250M	523889	530138
L	762	250	*	*	*	*	*	802727	*
H	762	250	97.2	+	0	0	250M	522244	802727
L	683	250	*	*	*	*	*	821228	*
H	683	250	97.6	+	0	0	250M	517381	821228
L	6196	250	*	*	*	*	*	164006	*
H	6196	250	94.4	+	0	0	250M	513513	164006
L	12777	250	*	*	*	*	*	4354692	*
H	12777	250	97.6	+	0	0	250M	492873	4354692
L	13862	250	*	*	*	*	*	4424397	*
H	13862	250	92.8	+	0	0	250M	470117	4424397
L	1334	250	*	*	*	*	*	573590	*
H	1334	250	100.0	+	0	0	250M	436523	573590
L	4598	250	*	*	*	*	*	261023	*
H	4598	250	98.8	+	0	0	250M	419448	261023
L	7877	250	*	*	*	*	*	11254	*
H	7877	250	94.0	+	0	0	250M	416537	11254
L	7818	250	*	*	*	*	*	12519	*
H	7818	250	95.2	+	0	0	250M	412726	12519
L	10979	250	*	*	*	*	*	1128237	*
H	10979	250	100.0	+	0	0	250M	404948	1128237
L	8269	250	*	*	*	*	*	1538943	*
H	8269	250	97.2	+	0	0	250M	404209	1538943
L	9555	250	*	*	*	*	*	1129384	*
H	9555	250	100.0	+	0	0	250M	370251	1129384
L	5181	250	*	*	*	*	*	204086	*
H	5181	250	100.0	+	0	0	250M	368056	204086
L	1366	250	*	*	*	*	*	570500	*
H	1366	250	99.6	+	0	0	250M	367548	570500
L	7074	250	*	*	*	*	*	100650	*
H	7074	250	99.6	+	0	0	250M	365055	100650
L	9453	250	*	*	*	*	*	814641	*
H	9453	250	97.2	+	0	0	250M	361337	814641
L	3447	250	*	*	*	*	*	344394	*
H	3447	250	98.8	+	0	0	250M	350385	344394
L	5958	250	*	*	*	*	*	175932	*
H	5958	250	97.6	+	0	0	250M	348006	175932
H	3447	250	98.8	+	0	0	250M	347553	344394
L	4646	250	*	*	*	*	*	257750	*
H	4646	250	100.0	+	0	0	250M	341714	257750
H	13610	250	99.2	+	0	0	250M	336616	4407376
L	14159	250	*	*	*	*	*	4442407	*
H	14159	250	95.2	+	0	0	250M	336110	4442407
L	13177	250	*	*	*	*	*	4378327	*
H	13177	250	100.0	+	0	0	250M	333629	4378327
L	11894	250	*	*	*	*	*	4303511	*
H	11894	250	100.0	+	0	0	250M	333578	4303511
L	13170	250	*	*	*	*	*	4377813	*
H	13170	250	98.0	+	0	0	250M	332919	4377813
L	945	250	*	*	*	*	*	680934	*
H	945	250	97.2	+	0	0	242MI7MD	323927	680934
L	7632	250	*	*	*	*	*	18298	*
H	7632	250	94.8	+	0	0	250M	314128	18298
L	12534	250	*	*	*	*	*	4339348	*
H	12534	250	94.8	+	0	0	250M	312133	4339348
L	12995	250	*	*	*	*	*	4367676	*
H	12995	250	98.8	+	0	0	250M	310532	4367676
L	4874	250	*	*	*	*	*	240431	*
H	4874	250	100.0	+	0	0	250M	308095	240431
L	14146	250	*	*	*	*	*	4441660	*
H	14146	250	97.2	+	0	0	250M	307218	4441660
L	7271	250	*	*	*	*	*	76200	*
H	7271	250	96.0	+	0	0	250M	299514	76200
L	11425	250	*	*	*	*	*	1133391	*
H	11425	250	97.6	+	0	0	250M	290842	1133391
L	3542	250	*	*	*	*	*	338705	*
H	3542	250	87.6	+	0	0	250M	287811	338705
L	13621	250	*	*	*	*	*	4407978	*
H	13621	250	100.0	+	0	0	250M	282575	4407978
L	8035	250	*	*	*	*	*	7556	*
H	8035	250	96.8	+	0	0	250M	274061	7556
L	3435	250	*	*	*	*	*	345038	*
H	3435	250	94.8	+	0	0	250M	273661	345038
L	8134	250	*	*	*	*	*	4423	*
H	8134	250	98.0	+	0	0	250M	273647	4423
H	5181	250	100.0	+	0	0	250M	273630	204086
L	7308	250	*	*	*	*	*	72406	*
H	7308	250	99.6	+	0	0	250M	270402	72406
L	13927	250	*	*	*	*	*	4428218	*
H	13927	250	98.0	+	0	0	250M	268463	4428218
L	7059	250	*	*	*	*	*	101335	*
H	7059	250	99.2	+	0	0	11M2D237M2I	266579	101335
L	9459	250	*	*	*	*	*	2472963	*
H	9459	250	100.0	+	0	0	250M	265983	2472963
L	10653	250	*	*	*	*	*	3448408	*
H	10653	250	100.0	+	0	0	250M	265823	3448408
L	7365	250	*	*	*	*	*	64742	*
H	7365	250	97.6	+	0	0	250M	265137	64742
H	10455	250	100.0	+	0	0	250M	264822	3286983
L	14630	250	*	*	*	*	*	4470015	*
H	14630	250	94.0	+	0	0	202MI37MI9M2D	264465	4470015
L	10464	250	*	*	*	*	*	1134595	*
H	10464	250	97.6	+	0	0	135MD12MD101M2I	264215	1134595
L	14353	250	*	*	*	*	*	4454457	*
H	14353	250	98.0	+	0	0	250M	262857	4454457
L	9316	250	*	*	*	*	*	1108701	*
H	9316	250	98.4	+	0	0	250M	261920	1108701
L	10578	250	*	*	*	*	*	607515	*
H	10578	250	95.6	+	0	0	250M	260579	607515
L	4558	250	*	*	*	*	*	263575	*
H	4558	250	92.8	+	0	0	250M	259026	263575
H	14255	250	100.0	+	0	0	250M	258745	4448449
L	8425	250	*	*	*	*	*	1137409	*
H	8425	250	87.6	+	0	0	130MD119MI	258469	1137409
L	3939	250	*	*	*	*	*	305278	*
H	3939	250	91.2	+	0	0	250M	258308	305278
H	14433	250	100.0	+	0	0	250M	257746	4458934
L	6690	250	*	*	*	*	*	136773	*
H	6690	250	95.2	+	0	0	250M	257496	136773
L	13337	250	*	*	*	*	*	4388035	*
H	13337	250	91.6	+	0	0	250M	253954	4388035
L	575	250	*	*	*	*	*	851640	*
H	575	250	95.2	+	0	0	250M	252679	851640
H	3939	250	97.2	+	0	0	250M	249532	305278
H	12661	250	100.0	+	0	0	250M	248847	4348253
L	4820	250	*	*	*	*	*	244668	*
H	4820	250	99.2	+	0	0	250M	246454	244668
L	13271	250	*	*	*	*	*	4384063	*
H	13271	250	98.4	+	0	0	250M	244920	4384063
L	6900	250	*	*	*	*	*	108433	*
H	6900	250	99.6	+	0	0	176MI73MD	243371	108433
L	13133	250	*	*	*	*	*	4375651	*
H	13133	250	92.8	+	0	0	250M	242973	4375651
L	11484	250	*	*	*	*	*	4098279	*
H	11484	250	96.8	+	0	0	5MD5MD11MD19MD17MD188M5I	240867	4098279
L	13822	250	*	*	*	*	*	4422394	*
H	13822	250	99.2	+	0	0	250M	240253	4422394
L	11457	250	*	*	*	*	*	1143479	*
H	11457	250	98.0	+	0	0	250M	239326	1143479
L	4913	250	*	*	*	*	*	237931	*
H	4913	250	100.0	+	0	0	250M	237440	237931
L	8891	250	*	*	*	*	*	1136639	*
H	8891	250	92.8	+	0	0	250M	237287	1136639
H	8704	250	100.0	+	0	0	250M	236091	1050805
L	7099	250	*	*	*	*	*	99373	*
H	7099	250	92.0	+	0	0	250M	230491	99373
L	12988	250	*	*	*	*	*	4367538	*
H	12988	250	100.0	+	0	0	250M	226386	4367538
L	4360	250	*	*	*	*	*	278680	*
H	4360	250	100.0	+	0	0	250M	220865	278680
L	12821	250	*	*	*	*	*	4358053	*
H	12821	250	96.8	+	0	0	250M	217968	4358053
L	9186	250	*	*	*	*	*	1141633	*
H	9186	250	100.0	+	0	0	250M	217386	1141633
L	9944	250	*	*	*	*	*	1144471	*
H	9944	250	100.0	+	0	0	250M	212584	1144471
L	1226	250	*	*	*	*	*	581361	*
H	1226	250	96.4	+	0	0	72MI26MI150M2D	199880	581361
L	9967	250	*	*	*	*	*	761476	*
H	9967	250	85.2	+	0	0	250M	198054	761476
L	769	250	*	*	*	*	*	799236	*
H	769	250	98.4	+	0	0	250M	197265	799236
L	1442	250	*	*	*	*	*	565712	*
H	1442	250	95.6	+	0	0	53MI15MI42MD43MD11MD83MI	195834	565712
L	7447	250	*	*	*	*	*	49230	*
H	7447	250	100.0	+	0	0	250M	194616	49230
H	6654	250	100.0	+	0	0	250M	194393	139597
L	10499	250	*	*	*	*	*	1126922	*
H	10499	250	100.0	+	0	0	250M	194356	1126922
L	5353	250	*	*	*	*	*	194772	*
H	5353	250	98.4	+	0	0	250M	189244	194772
L	1597	250	*	*	*	*	*	554499	*
H	1597	250	98.4	+	0	0	127MD122MI	185766	554499
L	2976	250	*	*	*	*	*	366965	*
H	2976	250	96.0	+	0	0	20M2I228M2D	184278	366965
L	9394	250	*	*	*	*	*	2415182	*
H	9394	250	98.8	+	0	0	36MD48MD145MD18M3I	174666	2415182
L	7050	250	*	*	*	*	*	101860	*
H	7050	250	93.6	+	0	0	63MI186MD	174419	101860
L	4512	250	*	*	*	*	*	267139	*
H	4512	250	96.8	+	0	0	250M	167131	267139
L	4131	250	*	*	*	*	*	294884	*
H	4131	250	96.4	+	0	0	250M	167118	294884
H	8704	250	100.0	+	0	0	250M	166493	1050805
L	14652	250	*	*	*	*	*	4471762	*
H	14652	250	98.4	+	0	0	250M	164684	4471762
L	9062	250	*	*	*	*	*	1141123	*
H	9062	250	99.6	+	0	0	250M	164624	1141123
H	12075	250	98.4	+	0	0	250M	163872	4312974
L	3728	250	*	*	*	*	*	323545	*
H	3728	250	99.6	+	0	0	250M	163834	323545
L	6863	250	*	*	*	*	*	110879	*
H	6863	250	97.6	+	0	0	250M	161735	110879
L	7798	250	*	*	*	*	*	12845	*
H	7798	250	99.2	+	0	0	250M	161199	12845
L	11329	250	*	*	*	*	*	624220	*
H	11329	250	100.0	+	0	0	250M	160310	624220
L	11460	250	*	*	*	*	*	1122041	*
H	11460	250	98.0	+	0	0	250M	159839	1122041
L	9774	250	*	*	*	*	*	2730944	*
H	9774	250	92.4	+	0	0	250M	158494	2730944
L	6351	250	*	*	*	*	*	156357	*
H	6351	250	96.8	+	0	0	250M	153713	156357
H	7479	250	100.0	+	0	0	250M	153241	42889
H	12661	250	100.0	+	0	0	250M	152272	4348253
L	9757	250	*	*	*	*	*	1127838	*
H	9757	250	94.4	+	0	0	135MI114MD	151684	1127838
L	12393	250	*	*	*	*	*	4329850	*
H	12393	250	97.2	+	0	0	28MI9MI6M2I37MI14MI150M6D	150715	4329850
L	6517	250	*	*	*	*	*	145199	*
H	6517	250	100.0	+	0	0	250M	148100	145199
L	6421	250	*	*	*	*	*	151294	*
H	6421	250	98.8	+	0	0	250M	147794	151294
L	14348	250	*	*	*	*	*	4454083	*
H	14348	250	95.6	+	0	0	250M	147086	4454083
L	7914	250	*	*	*	*	*	10298	*
H	7914	250	99.6	+	0	0	250M	146743	10298
L	2739	250	*	*	*	*	*	439688	*
H	2739	250	99.6	+	0	0	250M	144943	439688
L	11444	250	*	*	*	*	*	723538	*
H	11444	250	100.0	+	0	0	250M	144295	723538
L	5320	250	*	*	*	*	*	196049	*
H	5320	250	93.2	+	0	0	250M	144204	196049
H	8771	250	98.8	+	0	0	250M	143564	811951
L	7619	250	*	*	*	*	*	20696	*
H	7619	250	96.4	+	0	0	250M	142491	20696
L	8069	250	*	*	*	*	*	6591	*
H	8069	250	100.0	+	0	0	250M	141903	6591
L	7625	250	*	*	*	*	*	19936	*
H	7625	250	99.6	+	0	0	250M	140042	19936
H	6971	250	96.4	+	0	0	250M	139853	105653
L	10186	250	*	*	*	*	*	1133720	*
H	10186	250	99.2	+	0	0	250M	139137	1133720
L	12861	250	*	*	*	*	*	4360170	*
H	12861	250	97.6	+	0	0	250M	137759	4360170
L	3677	250	*	*	*	*	*	327895	*
H	3677	250	99.2	+	0	0	250M	137543	327895
L	13810	250	*	*	*	*	*	4420848	*
H	13810	250	99.2	+	0	0	14MD235MI	137025	4420848
L	1212	250	*	*	*	*	*	582194	*
H	1212	250	100.0	+	0	0	250M	136551	582194
L	13623	250	*	*	*	*	*	4408030	*
H	13623	250	96.8	+	0	0	250M	136145	4408030
L	6279	250	*	*	*	*	*	159665	*
H	6279	250	100.0	+	0	0	250M	136130	159665
L	8849	250	*	*	*	*	*	1137294	*
H	8849	250	100.0	+	0	0	250M	134259	1137294
L	14736	250	*	*	*	*	*	4476049	*
H	14736	250	96.8	+	0	0	250M	134032	4476049
L	4003	250	*	*	*	*	*	301673	*
H	4003	250	92.8	+	0	0	250M	133123	301673
L	11533	250	*	*	*	*	*	676511	*
H	11533	250	97.6	+	0	0	250M	132661	676511
L	11378	250	*	*	*	*	*	805573	*
H	11378	250	94.4	+	0	0	250M	131660	805573
L	6729	250	*	*	*	*	*	133739	*
H	6729	250	98.4	+	0	0	250M	130684	133739
L	1176	250	*	*	*	*	*	584702	*
H	1176	250	89.2	+	0	0	250M	128351	584702
L	8598	250	*	*	*	*	*	811717	*
H	8598	250	98.4	+	0	0	250M	128176	811717
L	11129	250	*	*	*	*	*	813643	*
H	11129	250	95.6	+	0	0	232MI17MD	112212	813643
L	11407	250	*	*	*	*	*	4041571	*
H	11407	250	96.0	+	0	0	55M2D36MD17MI40MD42MI26MD8MD20M4I	110766	4041571
L	2683	250	*	*	*	*	*	470510	*
H	2683	250	95.2	+	0	0	250M	109112	470510
L	12805	250	*	*	*	*	*	4356825	*
H	12805	250	95.6	+	0	0	250M	108683	4356825
L	3850	250	*	*	*	*	*	312551	*
H	3850	250	99.6	+	0	0	250M	108298	312551
L	14735	250	*	*	*	*	*	4476047	*
H	14735	250	100.0	+	0	0	250M	108278	4476047
L	2488	250	*	*	*	*	*	515321	*
H	2488	250	97.2	+	0	0	69M2I179M2D	108008	515321
L	4731	250	*	*	*	*	*	251377	*
H	4731	250	95.6	+	0	0	250M	107976	251377
L	1739	250	*	*	*	*	*	542840	*
H	1739	250	89.2	+	0	0	250M	107665	542840
H	10578	250	98.0	+	0	0	250M	107044	607515
L	9469	250	*	*	*	*	*	851932	*
H	9469	250	98.8	+	0	0	250M	105593	851932
L	6587	250	*	*	*	*	*	142276	*
H	6587	250	99.2	+	0	0	250M	103941	142276
L	13531	250	*	*	*	*	*	4400920	*
H	13531	250	100.0	+	0	0	250M	103743	4400920
H	1334	250	100.0	+	0	0	250M	103489	573590
H	8243	250	94.0	+	0	0	167MI20MI18MI8M2I16M2I14M7D	102693	1523231
L	10679	250	*	*	*	*	*	685571	*
H	10679	250	95.6	+	0	0	250M	102689	685571
H	7023	250	99.6	+	0	0	250M	101810	102745
L	12498	250	*	*	*	*	*	4337151	*
H	12498	250	98.0	+	0	0	250M	100757	4337151
L	13001	250	*	*	*	*	*	4367987	*
H	13001	250	99.6	+	0	0	250M	100578	4367987
L	8594	250	*	*	*	*	*	1138690	*
H	8594	250	99.6	+	0	0	115MD134MI	100484	1138690
L	11304	250	*	*	*	*	*	912297	*
H	11304	250	96.4	+	0	0	250M	99452	912297
L	11553	250	*	*	*	*	*	1123346	*
H	11553	250	96.8	+	0	0	250M	92479	1123346
L	12583	250	*	*	*	*	*	4342987	*
H	12583	250	98.0	+	0	0	250M	91834	4342987
L	7171	250	*	*	*	*	*	89521	*
H	7171	250	98.8	+	0	0	250M	89923	89521
L	891	250	*	*	*	*	*	709971	*
H	891	250	100.0	+	0	0	250M	87984	709971
L	7438	250	*	*	*	*	*	50758	*
H	7438	250	97.2	+	0	0	250M	83890	50758
L	9127	250	*	*	*	*	*	1118561	*
H	9127	250	100.0	+	0	0	250M	83866	1118561
L	3678	250	*	*	*	*	*	327859	*
H	3678	250	94.0	+	0	0	95MI100MI26MI9MI16M4D	81160	327859
L	6376	250	*	*	*	*	*	154492	*
H	6376	250	100.0	+	0	0	250M	76810	154492
L	120	250	*	*	*	*	*	1062633	*
H	120	250	96.8	+	0	0	250M	72112	1062633
H	8134	250	97.6	+	0	0	250M	70289	4423
N	*	250	*	*	*	*	*	63955	*
L	8896	250	*	*	*	*	*	2046080	*
H	8896	250	100.0	+	0	0	250M	58491	2046080
L	13624	250	*	*	*	*	*	4408093	*
H	13624	250	98.0	+	0	0	250M	56204	4408093
L	1606	250	*	*	*	*	*	4412575	*
H	1606	250	98.4	+	0	0	250M	53642	4412575
H	8849	250	100.0	+	0	0	250M	52818	1137294
L	13685	250	*	*	*	*	*	4412629	*
H	13685	250	91.6	+	0	0	164MD85MI	49604	4412629
H	8069	250	98.0	+	0	0	250M	49524	6591
L	12563	250	*	*	*	*	*	4341712	*
H	12563	250	93.2	+	0	0	250M	47887	4341712
L	7290	250	*	*	*	*	*	73843	*
H	7290	250	98.0	+	0	0	250M	46931	73843
L	892	250	*	*	*	*	*	709804	*
H	892	250	97.2	+	0	0	250M	45962	709804
L	7929	250	*	*	*	*	*	9800	*
H	7929	250	99.6	+	0	0	250M	45637	9800
L	10839	250	*	*	*	*	*	3594659	*
H	10839	250	96.4	+	0	0	250M	41059	3594659
L	13370	250	*	*	*	*	*	4389424	*
H	13370	250	98.0	+	0	0	250M	40343	4389424
H	1425	250	100.0	+	0	0	250M	37441	566849
L	989	250	*	*	*	*	*	644016	*
H	989	250	98.0	+	0	0	10MD239MI	36120	644016
H	7023	250	99.2	+	0	0	250M	34757	102745
L	85	250	*	*	*	*	*	1082059	*
H	85	250	99.6	+	0	0	108MD141MI	33905	1082059
L	4571	250	*	*	*	*	*	262578	*
H	4571	250	100.0	+	0	0	250M	30376	262578
L	10873	250	*	*	*	*	*	826666	*
H	10873	250	99.2	+	0	0	10MI157M2D81MI	29133	826666
L	13765	250	*	*	*	*	*	4417620	*
H	13765	250	97.6	+	0	0	250M	27938	4417620
L	13090	250	*	*	*	*	*	4372695	*
H	13090	250	92.4	+	0	0	250M	24838	4372695
L	11936	250	*	*	*	*	*	4305519	*
H	11936	250	98.8	+	0	0	250M	17434	4305519
H	9236	250	99.2	+	0	0	250M	16214	1124883
L	7318	250	*	*	*	*	*	71703	*
H	7318	250	98.8	+	0	0	250M	15785	71703
L	14806	250	*	*	*	*	*	4480656	*
H	14806	250	96.0	+	0	0	96MI153MD	14976	4480656
L	7706	250	*	*	*	*	*	14615	*
H	7706	250	98.8	+	0	0	250M	14616	14615
H	11165	250	100.0	+	0	0	250M	14500	3840972
L	13385	250	*	*	*	*	*	4390573	*
H	13385	250	96.4	+	0	0	250M	14357	4390573
L	5080	250	*	*	*	*	*	217963	*
H	5080	250	99.6	+	0	0	250M	14345	217963
L	7388	250	*	*	*	*	*	60608	*
H	7388	250	94.0	+	0	0	250M	14175	60608
L	13005	250	*	*	*	*	*	4368040	*
H	13005	250	95.2	+	0	0	42MI30MI176M2D	14131	4368040
L	8262	250	*	*	*	*	*	1114941	*
H	8262	250	99.6	+	0	0	96MI153MD	13965	1114941
L	7339	250	*	*	*	*	*	70424	*
H	7339	250	100.0	+	0	0	250M	13964	70424
L	10302	250	*	*	*	*	*	1131768	*
H	10302	250	98.8	+	0	0	250M	13728	1131768
L	10036	250	*	*	*	*	*	2960026	*
H	10036	250	98.0	+	0	0	250M	13485	2960026
L	1422	250	*	*	*	*	*	567221	*
H	1422	250	99.6	+	0	0	250M	12865	567221
L	10044	250	*	*	*	*	*	2969241	*
H	10044	250	100.0	+	0	0	250M	12854	2969241
L	1618	250	*	*	*	*	*	552849	*
H	1618	250	96.4	+	0	0	250M	12320	552849
L	667	250	*	*	*	*	*	823204	*
H	667	250	99.6	+	0	0	250M	12146	823204
L	12408	250	*	*	*	*	*	4330933	*
H	12408	250	100.0	+	0	0	250M	12136	4330933
L	10081	250	*	*	*	*	*	2998997	*
H	10081	250	91.6	+	0	0	10MI239MD	11124	2998997
L	10567	250	*	*	*	*	*	1135946	*
H	10567	250	99.6	+	0	0	250M	11047	1135946
L	13932	250	*	*	*	*	*	4428358	*
H	13932	250	95.2	+	0	0	250M	10937	4428358
L	7884	250	*	*	*	*	*	10865	*
H	7884	250	93.6	+	0	0	250M	10898	10865
L	7885	250	*	*	*	*	*	10844	*
H	7885	250	99.2	+	0	0	250M	10849	10844
L	7890	250	*	*	*	*	*	10695	*
H	7890	250	98.0	+	0	0	250M	10660	10695
L	7896	250	*	*	*	*	*	10626	*
H	7896	250	99.6	+	0	0	250M	10632	10626
L	7900	250	*	*	*	*	*	10485	*
H	7900	250	92.0	+	0	0	138MD111MI	10486	10485
L	12989	250	*	*	*	*	*	4367545	*
H	12989	250	99.6	+	0	0	250M	10042	4367545
L	4851	250	*	*	*	*	*	242005	*
H	4851	250	99.6	+	0	0	250M	9870	242005
L	324	250	*	*	*	*	*	968329	*
H	324	250	98.8	+	0	0	250M	9510	968329
L	11253	250	*	*	*	*	*	1134168	*
H	11253	250	98.8	+	0	0	250M	9503	1134168
L	12452	250	*	*	*	*	*	4334115	*
H	12452	250	98.0	+	0	0	250M	9442	4334115
L	7980	250	*	*	*	*	*	8850	*
H	7980	250	98.4	+	0	0	121MI128MD	8849	8850
L	3562	250	*	*	*	*	*	336985	*
H	3562	250	99.2	+	0	0	250M	8518	336985
L	8000	250	*	*	*	*	*	8105	*
H	8000	250	96.8	+	0	0	250M	8107	8105
H	8000	250	95.6	+	0	0	229MI20MD	8106	8105
L	8003	250	*	*	*	*	*	8086	*
H	8003	250	96.8	+	0	0	250M	8050	8086
L	8005	250	*	*	*	*	*	8036	*
H	8005	250	96.0	+	0	0	250M	8035	8036
L	13579	250	*	*	*	*	*	4405305	*
H	13579	250	95.2	+	0	0	250M	8006	4405305
L	10689	250	*	*	*	*	*	806221	*
H	10689	250	97.2	+	0	0	250M	7976	806221
L	8008	250	*	*	*	*	*	8012	*
H	8008	250	95.2	+	0	0	250M	7974	8012
L	4933	250	*	*	*	*	*	236913	*
H	4933	250	98.4	+	0	0	250M	7972	236913
L	12504	250	*	*	*	*	*	4337459	*
H	12504	250	98.8	+	0	0	250M	7347	4337459
L	8062	250	*	*	*	*	*	7098	*
H	8062	250	99.2	+	0	0	250M	7052	7098
H	13610	250	100.0	+	0	0	250M	5583	4407376
L	4995	250	*	*	*	*	*	228156	*
H	4995	250	98.8	+	0	0	250M	4663	228156
L	9997	250	*	*	*	*	*	1125366	*
H	9997	250	97.6	+	0	0	138MD111MI	4638	1125366
L	8625	250	*	*	*	*	*	742330	*
H	8625	250	86.0	+	0	0	250M	4145	742330
L	6745	250	*	*	*	*	*	131048	*
H	6745	250	100.0	+	0	0	250M	2695	131048
H	11444	250	85.6	+	0	0	250M	2611	723538
L	13485	250	*	*	*	*	*	4397084	*
H	13485	250	98.0	+	0	0	250M	2486	4397084
L	6741	250	*	*	*	*	*	131883	*
H	6741	250	93.6	+	0	0	250M	1415	131883
L	14384	250	*	*	*	*	*	4456166	*
H	14384	250	97.2	+	0	0	250M	1174	4456166
H	7890	250	99.6	+	0	0	250M	1137708	10695
L	8158	250	*	*	*	*	*	3807	*
H	8158	250	97.6	+	0	0	250M	1522389	3807
L	9157	250	*	*	*	*	*	771990	*
H	9157	250	98.0	+	0	0	250M	1144293	771990
L	790	250	*	*	*	*	*	781232	*
H	790	250	98.0	+	0	0	250M	728315	781232
L	10488	250	*	*	*	*	*	3312771	*
H	10488	250	99.2	+	0	0	250M	1649618	3312771
H	8425	250	96.0	+	0	0	250M	1129305	1137409
L	7036	250	*	*	*	*	*	102222	*
H	7036	250	99.2	+	0	0	250M	1674708	102222
L	7253	250	*	*	*	*	*	77778	*
H	7253	250	92.0	+	0	0	87MD162MI	1679577	77778
L	10151	250	*	*	*	*	*	1140892	*
H	10151	250	100.0	+	0	0	250M	790750	1140892
L	8459	250	*	*	*	*	*	1115140	*
H	8459	250	96.8	+	0	0	250M	1119253	1115140
L	7337	250	*	*	*	*	*	70497	*
H	7337	250	98.4	+	0	0	250M	675188	70497
L	1020	250	*	*	*	*	*	622460	*
H	1020	250	98.0	+	0	0	250M	1138192	622460
L	13067	250	*	*	*	*	*	4371946	*
H	13067	250	98.4	+	0	0	250M	1741078	4371946
L	9523	250	*	*	*	*	*	2511694	*
H	9523	250	94.0	+	0	0	89M2I22M2I135M4D	1742076	2511694
L	11564	250	*	*	*	*	*	1137671	*
H	11564	250	98.0	+	0	0	250M	1133608	1137671
L	5094	250	*	*	*	*	*	216497	*
H	5094	250	100.0	+	0	0	250M	757268	216497
L	12974	250	*	*	*	*	*	4366350	*
H	12974	250	92.4	+	0	0	250M	1123630	4366350
H	14630	250	99.2	+	0	0	250M	1797336	4470015
L	759	250	*	*	*	*	*	804867	*
H	759	250	98.0	+	0	0	250M	1801172	804867
L	921	250	*	*	*	*	*	694975	*
H	921	250	99.2	+	0	0	250M	1809752	694975
L	272	250	*	*	*	*	*	997722	*
H	272	250	94.8	+	0	0	17MI31MD12MD188MI	857794	997722
H	11329	250	100.0	+	0	0	250M	1121823	624220
L	12803	250	*	*	*	*	*	4356801	*
H	12803	250	98.4	+	0	0	250M	1141121	4356801
L	8406	250	*	*	*	*	*	1144879	*
H	8406	250	100.0	+	0	0	250M	1136078	1144879
L	7052	250	*	*	*	*	*	101788	*
H	7052	250	98.0	+	0	0	250M	1835919	101788
L	14589	250	*	*	*	*	*	4467983	*
H	14589	250	95.6	+	0	0	250M	1842075	4467983
L	8615	250	*	*	*	*	*	1127696	*
H	8615	250	100.0	+	0	0	250M	1121839	1127696
L	1154	250	*	*	*	*	*	586521	*
H	1154	250	96.4	+	0	0	250M	709363	586521
H	3939	250	98.0	+	0	0	250M	741890	305278
L	12831	250	*	*	*	*	*	4358686	*
H	12831	250	99.6	+	0	0	250M	794652	4358686
H	8134	250	98.0	+	0	0	188MI61MD	714797	4423
L	7792	250	*	*	*	*	*	12868	*
H	7792	250	99.6	+	0	0	250M	1925088	12868
L	6114	250	*	*	*	*	*	168713	*
H	6114	250	98.0	+	0	0	250M	1138081	168713
L	11575	250	*	*	*	*	*	4183921	*
H	11575	250	93.6	+	0	0	250M	1130328	4183921
L	9810	250	*	*	*	*	*	2755928	*
H	9810	250	96.0	+	0	0	250M	791732	2755928
H	7914	250	100.0	+	0	0	250M	1127372	10298
L	5383	250	*	*	*	*	*	193970	*
H	5383	250	98.8	+	0	0	250M	1122887	193970
L	7717	250	*	*	*	*	*	14503	*
H	7717	250	95.2	+	0	0	250M	1141139	14503
L	12331	250	*	*	*	*	*	4326574	*
H	12331	250	100.0	+	0	0	250M	1966269	4326574
L	9634	250	*	*	*	*	*	621766	*
H	9634	250	99.6	+	0	0	250M	1142215	621766
L	1448	250	*	*	*	*	*	565388	*
H	1448	250	98.4	+	0	0	250M	1140810	565388
L	8184	250	*	*	*	*	*	2420	*
H	8184	250	99.6	+	0	0	250M	834006	2420
L	1704	250	*	*	*	*	*	546946	*
H	1704	250	99.2	+	0	0	250M	832316	546946
H	9186	250	100.0	+	0	0	250M	1144686	1141633
L	8839	250	*	*	*	*	*	1115134	*
H	8839	250	100.0	+	0	0	250M	1127062	1115134
L	8396	250	*	*	*	*	*	623190	*
H	8396	250	96.0	+	0	0	149MD100MI	1143596	623190
L	8730	250	*	*	*	*	*	1134454	*
H	8730	250	100.0	+	0	0	250M	1143228	1134454
L	1477	250	*	*	*	*	*	563293	*
H	1477	250	96.4	+	0	0	250M	1135553	563293
L	10248	250	*	*	*	*	*	805823	*
H	10248	250	100.0	+	0	0	250M	2169746	805823
L	8787	250	*	*	*	*	*	1139061	*
H	8787	250	99.6	+	0	0	250M	1139502	1139061
H	9062	250	100.0	+	0	0	250M	1124221	1141123
L	3444	250	*	*	*	*	*	344525	*
H	3444	250	99.2	+	0	0	250M	2172721	344525
L	7576	250	*	*	*	*	*	27188	*
H	7576	250	98.4	+	0	0	2I248M2D	883317	27188
H	3447	250	98.0	+	0	0	250M	1121753	344394
L	12709	250	*	*	*	*	*	4350881	*
H	12709	250	100.0	+	0	0	250M	1143678	4350881
L	12221	250	*	*	*	*	*	4321055	*
H	12221	250	99.6	+	0	0	250M	1141290	4321055
L	4406	250	*	*	*	*	*	275257	*
H	4406	250	98.4	+	0	0	250M	2228267	275257
L	8883	250	*	*	*	*	*	1140861	*
H	8883	250	95.6	+	0	0	250M	2228274	1140861
L	3622	250	*	*	*	*	*	331789	*
H	3622	250	96.8	+	0	0	250M	823067	331789
H	9157	250	98.8	+	0	0	250M	669859	771990
L	9493	250	*	*	*	*	*	2494386	*
H	9493	250	96.8	+	0	0	250M	808541	2494386
L	13910	250	*	*	*	*	*	4427433	*
H	13910	250	89.2	+	0	0	250M	2286116	4427433
H	8704	250	100.0	+	0	0	250M	1138108	1050805
L	1328	250	*	*	*	*	*	574341	*
H	1328	250	94.0	+	0	0	250M	1142342	574341
H	14433	250	100.0	+	0	0	250M	935427	4458934
H	12221	250	99.6	+	0	0	250M	1128097	4321055
L	10514	250	*	*	*	*	*	3338135	*
H	10514	250	100.0	+	0	0	250M	1126669	3338135
L	1274	250	*	*	*	*	*	578145	*
H	1274	250	100.0	+	0	0	250M	1141940	578145
L	12184	250	*	*	*	*	*	4319468	*
H	12184	250	94.8	+	0	0	250M	1135155	4319468
H	11484	250	99.6	+	0	0	250M	1132071	4098279
L	12869	250	*	*	*	*	*	4360483	*
H	12869	250	99.2	+	0	0	250M	2372909	4360483
L	401	250	*	*	*	*	*	924910	*
H	401	250	95.2	+	0	0	106MI143MD	1014594	924910
H	6900	250	98.0	+	0	0	250M	1112913	108433
H	8333	250	95.6	+	0	0	8MD40M2D199M3I	2432030	1145943
L	13730	250	*	*	*	*	*	4415058	*
H	13730	250	98.4	+	0	0	250M	2472702	4415058
L	13764	250	*	*	*	*	*	4417604	*
H	13764	250	98.0	+	0	0	250M	2476146	4417604
L	8873	250	*	*	*	*	*	2028641	*
H	8873	250	100.0	+	0	0	250M	2480449	2028641
L	14153	250	*	*	*	*	*	4442258	*
H	14153	250	94.4	+	0	0	108MI141MD	1125936	4442258
L	7997	250	*	*	*	*	*	8136	*
H	7997	250	100.0	+	0	0	250M	646051	8136
L	8022	250	*	*	*	*	*	7897	*
H	8022	250	100.0	+	0	0	250M	799124	7897
L	4313	250	*	*	*	*	*	284659	*
H	4313	250	98.4	+	0	0	112MD137MI	2525775	284659
H	3850	250	100.0	+	0	0	250M	2529283	312551
L	5360	250	*	*	*	*	*	194489	*
H	5360	250	98.0	+	0	0	250M	2534140	194489
L	574	250	*	*	*	*	*	851793	*
H	574	250	99.6	+	0	0	250M	2546331	851793
L	8174	250	*	*	*	*	*	2935	*
H	8174	250	99.2	+	0	0	250M	2574952	2935
L	4500	250	*	*	*	*	*	267948	*
H	4500	250	100.0	+	0	0	250M	1131423	267948
L	4423	250	*	*	*	*	*	273417	*
H	4423	250	100.0	+	0	0	250M	1126112	273417
L	8784	250	*	*	*	*	*	1942913	*
H	8784	250	99.6	+	0	0	250M	2603271	1942913
L	1476	250	*	*	*	*	*	563536	*
H	1476	250	99.6	+	0	0	250M	1147129	563536
H	6517	250	100.0	+	0	0	250M	735510	145199
L	1244	250	*	*	*	*	*	579858	*
H	1244	250	97.2	+	0	0	250M	838941	579858
L	8480	250	*	*	*	*	*	1714121	*
H	8480	250	94.8	+	0	0	250M	1141541	1714121
L	8223	250	*	*	*	*	*	1124707	*
H	8223	250	95.6	+	0	0	250M	1122362	1124707
L	5074	250	*	*	*	*	*	218406	*
H	5074	250	99.2	+	0	0	250M	1135947	218406
L	12390	250	*	*	*	*	*	4329681	*
H	12390	250	93.2	+	0	0	250M	741098	4329681
L	9245	250	*	*	*	*	*	1128167	*
H	9245	250	100.0	+	0	0	250M	1124798	1128167
L	14780	250	*	*	*	*	*	4478762	*
H	14780	250	99.6	+	0	0	250M	2749362	4478762
L	9064	250	*	*	*	*	*	1121406	*
H	9064	250	99.2	+	0	0	250M	717218	1121406
L	332	250	*	*	*	*	*	961922	*
H	332	250	100.0	+	0	0	250M	1137560	961922
L	7863	250	*	*	*	*	*	11814	*
H	7863	250	99.6	+	0	0	250M	1120902	11814
L	4580	250	*	*	*	*	*	262021	*
H	4580	250	99.2	+	0	0	250M	919466	262021
L	12650	250	*	*	*	*	*	4347747	*
H	12650	250	98.8	+	0	0	231MI18MD	669038	4347747
H	4933	250	97.6	+	0	0	250M	7971	236913
H	6670	250	100.0	+	0	0	250M	326714	138132
H	8839	250	100.0	+	0	0	250M	669613	1115134
L	1013	250	*	*	*	*	*	626867	*
H	1013	250	100.0	+	0	0	250M	2884179	626867
L	7214	250	*	*	*	*	*	83013	*
H	7214	250	98.8	+	0	0	223MD26MI	1137273	83013
L	14466	250	*	*	*	*	*	4461398	*
H	14466	250	98.8	+	0	0	250M	1113023	4461398
L	376	250	*	*	*	*	*	938795	*
H	376	250	99.2	+	0	0	250M	1084983	938795
L	9610	250	*	*	*	*	*	814799	*
H	9610	250	97.6	+	0	0	250M	1142051	814799
L	7697	250	*	*	*	*	*	15033	*
H	7697	250	96.4	+	0	0	250M	1128555	15033
L	10489	250	*	*	*	*	*	3314057	*
H	10489	250	92.4	+	0	0	250M	1105864	3314057
L	7830	250	*	*	*	*	*	12269	*
H	7830	250	100.0	+	0	0	250M	1072784	12269
L	7638	250	*	*	*	*	*	16711	*
H	7638	250	94.8	+	0	0	250M	3020841	16711
L	10821	250	*	*	*	*	*	726307	*
H	10821	250	99.6	+	0	0	250M	1132232	726307
L	12022	250	*	*	*	*	*	4309593	*
H	12022	250	97.6	+	0	0	250M	1128355	4309593
L	4936	250	*	*	*	*	*	236520	*
H	4936	250	100.0	+	0	0	250M	1122821	236520
L	10476	250	*	*	*	*	*	1141031	*
H	10476	250	97.2	+	0	0	250M	1141725	1141031
L	13018	250	*	*	*	*	*	4368904	*
H	13018	250	100.0	+	0	0	250M	3049001	4368904
L	1436	250	*	*	*	*	*	566047	*
H	1436	250	99.6	+	0	0	250M	1129523	566047
L	8059	250	*	*	*	*	*	7139	*
H	8059	250	98.4	+	0	0	250M	836932	7139
H	13226	250	95.2	+	0	0	250M	851946	4381303
L	6533	250	*	*	*	*	*	144473	*
H	6533	250	97.2	+	0	0	250M	3132417	144473
L	13002	250	*	*	*	*	*	4367988	*
H	13002	250	98.0	+	0	0	250M	3153795	4367988
L	9980	250	*	*	*	*	*	1129174	*
H	9980	250	100.0	+	0	0	250M	739167	1129174
H	8839	250	100.0	+	0	0	250M	841400	1115134
L	10780	250	*	*	*	*	*	3548776	*
H	10780	250	91.6	+	0	0	250M	1145607	3548776
L	8554	250	*	*	*	*	*	1145008	*
H	8554	250	99.6	+	0	0	250M	826042	1145008
L	10087	250	*	*	*	*	*	1028576	*
H	10087	250	96.8	+	0	0	250M	846667	1028576
H	1477	250	99.2	+	0	0	250M	3272947	563293
H	11457	250	83.6	+	0	0	250M	1142767	1143479
L	8107	250	*	*	*	*	*	5217	*
H	8107	250	99.6	+	0	0	250M	1122049	5217
H	1477	250	96.4	+	0	0	250M	3333620	563293
L	13571	250	*	*	*	*	*	4404496	*
H	13571	250	99.6	+	0	0	250M	746265	4404496
L	8482	250	*	*	*	*	*	1132903	*
H	8482	250	100.0	+	0	0	250M	1128861	1132903
L	12613	250	*	*	*	*	*	4344960	*
H	12613	250	99.2	+	0	0	250M	658160	4344960
L	13672	250	*	*	*	*	*	4411367	*
H	13672	250	100.0	+	0	0	250M	1113317	4411367
L	7055	250	*	*	*	*	*	101603	*
H	7055	250	99.6	+	0	0	250M	1135372	101603
H	10514	250	100.0	+	0	0	250M	1127998	3338135
H	4933	250	97.6	+	0	0	250M	818834	236913
L	9387	250	*	*	*	*	*	1130871	*
H	9387	250	96.8	+	0	0	250M	1122543	1130871
L	9125	250	*	*	*	*	*	2221242	*
H	9125	250	99.6	+	0	0	250M	1127789	2221242
H	7365	250	97.2	+	0	0	250M	3478427	64742
L	6368	250	*	*	*	*	*	155197	*
H	6368	250	98.4	+	0	0	250M	790312	155197
L	12822	250	*	*	*	*	*	4358054	*
H	12822	250	100.0	+	0	0	250M	1137866	4358054
H	1830	250	100.0	+	0	0	250M	834086	534898
L	8789	250	*	*	*	*	*	1125228	*
H	8789	250	96.4	+	0	0	250M	3509164	1125228
L	7323	250	*	*	*	*	*	71417	*
H	7323	250	95.2	+	0	0	250M	3509166	71417
L	35	250	*	*	*	*	*	1104583	*
H	35	250	99.2	+	0	0	250M	1115975	1104583
L	8770	250	*	*	*	*	*	1125600	*
H	8770	250	97.6	+	0	0	250M	1136120	1125600
L	8040	250	*	*	*	*	*	7519	*
H	8040	250	97.2	+	0	0	250M	644275	7519
L	9928	250	*	*	*	*	*	2855261	*
H	9928	250	98.0	+	0	0	250M	3571256	2855261
L	3467	250	*	*	*	*	*	342928	*
H	3467	250	95.6	+	0	0	250M	774894	342928
L	7532	250	*	*	*	*	*	34507	*
H	7532	250	93.2	+	0	0	250M	3617607	34507
L	923	250	*	*	*	*	*	692823	*
H	923	250	99.2	+	0	0	250M	1136710	692823
L	14686	250	*	*	*	*	*	4473410	*
H	14686	250	94.4	+	0	0	33MD23M3D18MD21M2D148M7I	792218	4473410
H	4512	250	96.8	+	0	0	250M	1148060	267139
L	6257	250	*	*	*	*	*	160810	*
H	6257	250	96.8	+	0	0	250M	1138350	160810
L	1786	250	*	*	*	*	*	538954	*
H	1786	250	98.4	+	0	0	250M	1123953	538954
L	7502	250	*	*	*	*	*	39523	*
H	7502	250	100.0	+	0	0	250M	1127632	39523
L	10122	250	*	*	*	*	*	1124398	*
H	10122	250	97.6	+	0	0	250M	3755054	1124398
H	14433	250	100.0	+	0	0	250M	1130836	4458934
L	14030	250	*	*	*	*	*	4434446	*
H	14030	250	99.2	+	0	0	250M	672120	4434446
L	2818	250	*	*	*	*	*	400480	*
H	2818	250	100.0	+	0	0	250M	3772086	400480
L	2682	250	*	*	*	*	*	470692	*
H	2682	250	96.8	+	0	0	250M	1143338	470692
H	8107	250	99.6	+	0	0	250M	995416	5217
H	9127	250	100.0	+	0	0	250M	673640	1118561
L	8548	250	*	*	*	*	*	648692	*
H	8548	250	100.0	+	0	0	250M	1129883	648692
L	1770	250	*	*	*	*	*	539854	*
H	1770	250	93.6	+	0	0	250M	3866890	539854
L	12632	250	*	*	*	*	*	4346588	*
H	12632	250	99.2	+	0	0	250M	1137224	4346588
H	12661	250	100.0	+	0	0	250M	1139580	4348253
L	4700	250	*	*	*	*	*	253557	*
H	4700	250	99.6	+	0	0	250M	1125587	253557
H	14842	250	95.2	+	0	0	131MI118MD	657047	4482366
L	4853	250	*	*	*	*	*	241638	*
H	4853	250	97.6	+	0	0	43M3I11MI192M4D	1116139	241638
L	1685	250	*	*	*	*	*	548478	*
H	1685	250	98.4	+	0	0	250M	1089374	548478
L	6551	250	*	*	*	*	*	143784	*
H	6551	250	97.2	+	0	0	250M	732545	143784
L	1631	250	*	*	*	*	*	552187	*
H	1631	250	100.0	+	0	0	250M	1139594	552187
L	6105	250	*	*	*	*	*	169604	*
H	6105	250	98.0	+	0	0	250M	4030834	169604
L	7568	250	*	*	*	*	*	28572	*
H	7568	250	96.8	+	0	0	250M	4031104	28572
L	14777	250	*	*	*	*	*	4478591	*
H	14777	250	93.2	+	0	0	123MD126MI	4042859	4478591
L	13620	250	*	*	*	*	*	4407974	*
H	13620	250	92.0	+	0	0	250M	836917	4407974
L	977	250	*	*	*	*	*	655619	*
H	977	250	96.8	+	0	0	250M	1143057	655619
L	12317	250	*	*	*	*	*	4325515	*
H	12317	250	99.2	+	0	0	250M	4100336	4325515
N	*	250	*	*	*	*	*	4108286	*
L	10820	250	*	*	*	*	*	1140607	*
H	10820	250	99.6	+	0	0	250M	4111377	1140607
L	1785	250	*	*	*	*	*	538986	*
H	1785	250	96.8	+	0	0	250M	719098	538986
L	7126	250	*	*	*	*	*	95512	*
H	7126	250	100.0	+	0	0	250M	4154525	95512
H	13672	250	94.8	+	0	0	250M	4165505	4411367
L	9398	250	*	*	*	*	*	1138255	*
H	9398	250	99.6	+	0	0	250M	4172691	1138255
H	7568	250	97.6	+	0	0	250M	1142524	28572
H	12988	250	96.8	+	0	0	10MD26MD8MD7MD45MD34MD21MD92M7I	4193312	4367538
H	9127	250	100.0	+	0	0	250M	833703	1118561
L	14003	250	*	*	*	*	*	4432638	*
H	14003	250	97.6	+	0	0	213MD36MI	4199309	4432638
L	9804	250	*	*	*	*	*	1046846	*
H	9804	250	99.6	+	0	0	250M	1121058	1046846
L	12503	250	*	*	*	*	*	4337455	*
H	12503	250	100.0	+	0	0	250M	1141542	4337455
L	9636	250	*	*	*	*	*	2590958	*
H	9636	250	93.6	+	0	0	231MI18MD	4238525	2590958
L	1079	250	*	*	*	*	*	592452	*
H	1079	250	99.6	+	0	0	250M	4286128	592452
L	6937	250	*	*	*	*	*	106754	*
H	6937	250	89.2	+	0	0	250M	4295249	106754
H	10280	250	99.6	+	0	0	250M	4295725	3161646
H	9127	250	100.0	+	0	0	250M	4301996	1118561
L	11880	250	*	*	*	*	*	4302912	*
H	11880	250	98.8	+	0	0	250M	4302913	4302912
L	7093	250	*	*	*	*	*	99593	*
H	7093	250	94.0	+	0	0	250M	4304126	99593
H	1079	250	97.6	+	0	0	250M	4304862	592452
L	9388	250	*	*	*	*	*	2410835	*
H	9388	250	97.2	+	0	0	250M	4305580	2410835
L	10918	250	*	*	*	*	*	3645903	*
H	10918	250	100.0	+	0	0	250M	4306438	3645903
L	10880	250	*	*	*	*	*	1145874	*
H	10880	250	98.4	+	0	0	250M	4307262	1145874
L	4468	250	*	*	*	*	*	270229	*
H	4468	250	99.6	+	0	0	250M	4311636	270229
H	12661	250	100.0	+	0	0	250M	4312433	4348253
L	12652	250	*	*	*	*	*	4347829	*
H	12652	250	95.2	+	0	0	130MD119MI	4313041	4347829
L	5362	250	*	*	*	*	*	194461	*
H	5362	250	92.8	+	0	0	250M	4314049	194461
L	13200	250	*	*	*	*	*	4379731	*
H	13200	250	98.8	+	0	0	250M	4314051	4379731
L	7519	250	*	*	*	*	*	37589	*
H	7519	250	99.6	+	0	0	250M	4315688	37589
H	6551	250	100.0	+	0	0	250M	4316623	143784
L	8588	250	*	*	*	*	*	891034	*
H	8588	250	97.6	+	0	0	250M	4323428	891034
L	8426	250	*	*	*	*	*	1130161	*
H	8426	250	95.6	+	0	0	D33MD9MD92MI113M2I	4323735	1130161
H	13485	250	95.6	+	0	0	250M	4324650	4397084
L	1797	250	*	*	*	*	*	538304	*
H	1797	250	98.4	+	0	0	250M	4327628	538304
L	4893	250	*	*	*	*	*	239199	*
H	4893	250	93.6	+	0	0	209MD26M2I13MD	4330018	239199
L	9329	250	*	*	*	*	*	1140286	*
H	9329	250	98.4	+	0	0	250M	4331236	1140286
L	7020	250	*	*	*	*	*	102915	*
H	7020	250	100.0	+	0	0	250M	4331251	102915
L	7675	250	*	*	*	*	*	15851	*
H	7675	250	98.4	+	0	0	127MD122MI	4331684	15851
L	13595	250	*	*	*	*	*	4406595	*
H	13595	250	88.4	+	0	0	250M	4331760	4406595
L	1246	250	*	*	*	*	*	579797	*
H	1246	250	100.0	+	0	0	250M	4334116	579797
L	12476	250	*	*	*	*	*	4335663	*
H	12476	250	100.0	+	0	0	250M	4337487	4335663
H	12504	250	99.2	+	0	0	250M	4337903	4337459
L	14288	250	*	*	*	*	*	4450487	*
H	14288	250	96.0	+	0	0	250M	4340145	4450487
L	2905	250	*	*	*	*	*	369770	*
H	2905	250	98.4	+	0	0	40MD17MD191M2I	4340682	369770
L	2793	250	*	*	*	*	*	409932	*
H	2793	250	100.0	+	0	0	250M	4341985	409932
L	14279	250	*	*	*	*	*	4449855	*
H	14279	250	93.6	+	0	0	250M	4345046	4449855
L	9581	250	*	*	*	*	*	2551318	*
H	9581	250	99.6	+	0	0	250M	4347524	2551318
L	5110	250	*	*	*	*	*	214423	*
H	5110	250	100.0	+	0	0	250M	4347534	214423
L	7345	250	*	*	*	*	*	70057	*
H	7345	250	98.8	+	0	0	250M	4347599	70057
L	11090	250	*	*	*	*	*	3772084	*
H	11090	250	99.6	+	0	0	250M	4349614	3772084
L	12301	250	*	*	*	*	*	4324773	*
H	12301	250	99.2	+	0	0	250M	4350787	4324773
H	6971	250	96.4	+	0	0	250M	4351033	105653
L	14310	250	*	*	*	*	*	4452284	*
H	14310	250	94.0	+	0	0	250M	4355718	4452284
L	1493	250	*	*	*	*	*	562424	*
H	1493	250	96.8	+	0	0	250M	4356823	562424
L	7797	250	*	*	*	*	*	12850	*
H	7797	250	98.0	+	0	0	212M2D36M2I	4357506	12850
H	8883	250	96.8	+	0	0	250M	4358051	1140861
L	10261	250	*	*	*	*	*	799884	*
H	10261	250	96.0	+	0	0	250M	4359317	799884
L	8250	250	*	*	*	*	*	1526802	*
H	8250	250	95.2	+	0	0	250M	4361423	1526802
H	8159	250	93.2	+	0	0	250M	4362465	3804
L	7939	250	*	*	*	*	*	9551	*
H	7939	250	97.6	+	0	0	250M	4362470	9551
H	13571	250	99.6	+	0	0	250M	4363899	4404496
L	8800	250	*	*	*	*	*	1134860	*
H	8800	250	99.6	+	0	0	250M	4367260	1134860
L	7328	250	*	*	*	*	*	70882	*
H	7328	250	100.0	+	0	0	250M	4368159	70882
H	923	250	99.2	+	0	0	250M	4369090	692823
L	11307	250	*	*	*	*	*	3961590	*
H	11307	250	98.8	+	0	0	250M	4371943	3961590
H	13067	250	99.6	+	0	0	250M	4371947	4371946
L	8533	250	*	*	*	*	*	1759391	*
H	8533	250	99.6	+	0	0	250M	4372223	1759391
H	7447	250	99.2	+	0	0	250M	4372408	49230
L	13094	250	*	*	*	*	*	4373638	*
H	13094	250	98.0	+	0	0	43MD206MI	4373641	4373638
L	8332	250	*	*	*	*	*	1127851	*
H	8332	250	97.2	+	0	0	250M	4378213	1127851
L	12608	250	*	*	*	*	*	4344419	*
H	12608	250	98.8	+	0	0	250M	4378218	4344419
H	9064	250	99.2	+	0	0	25MD224MI	4379160	1121406
L	7294	250	*	*	*	*	*	73702	*
H	7294	250	97.6	+	0	0	250M	4379448	73702
L	12547	250	*	*	*	*	*	4340465	*
H	12547	250	100.0	+	0	0	250M	4380413	4340465
L	1842	250	*	*	*	*	*	533869	*
H	1842	250	99.6	+	0	0	250M	4381970	533869
L	735	250	*	*	*	*	*	809629	*
H	735	250	98.4	+	0	0	250M	4385827	809629
L	8649	250	*	*	*	*	*	1828445	*
H	8649	250	99.6	+	0	0	250M	4386156	1828445
L	785	250	*	*	*	*	*	783913	*
H	785	250	94.4	+	0	0	40M14I196M14D	4386421	783913
L	11387	250	*	*	*	*	*	4028751	*
H	11387	250	94.8	+	0	0	250M	4388908	4028751
L	10485	250	*	*	*	*	*	1122610	*
H	10485	250	99.6	+	0	0	250M	4389142	1122610
L	12668	250	*	*	*	*	*	4348634	*
H	12668	250	97.6	+	0	0	250M	4389144	4348634
L	4681	250	*	*	*	*	*	255749	*
H	4681	250	100.0	+	0	0	250M	4389146	255749
L	12706	250	*	*	*	*	*	4350610	*
H	12706	250	97.6	+	0	0	250M	4389428	4350610
L	6688	250	*	*	*	*	*	136963	*
H	6688	250	98.8	+	0	0	228MI21MD	4395318	136963
H	13485	250	96.4	+	0	0	250M	4397087	4397084
L	2053	250	*	*	*	*	*	527055	*
H	2053	250	97.6	+	0	0	250M	4399051	527055
H	12498	250	99.2	+	0	0	250M	4399485	4337151
L	13653	250	*	*	*	*	*	4410244	*
H	13653	250	96.4	+	0	0	113M2D31MI104MI	4401868	4410244
L	13320	250	*	*	*	*	*	4386966	*
H	13320	250	99.2	+	0	0	250M	4402516	4386966
H	9636	250	92.8	+	0	0	233MI16MD	4402797	2590958
L	10894	250	*	*	*	*	*	1124064	*
H	10894	250	98.8	+	0	0	2D36MI46MI22MI143MD	4406382	1124064
H	9892	250	98.0	+	0	0	250M	4408793	1126066
L	3696	250	*	*	*	*	*	326411	*
H	3696	250	99.6	+	0	0	250M	4409351	326411
L	4490	250	*	*	*	*	*	268628	*
H	4490	250	96.4	+	0	0	250M	4411492	268628
H	8134	250	98.0	+	0	0	250M	4411931	4423
H	4851	250	100.0	+	0	0	250M	4414258	242005
H	7697	250	98.0	+	0	0	250M	4416186	15033
H	7697	250	98.8	+	0	0	250M	4416988	15033
L	8622	250	*	*	*	*	*	1129598	*
H	8622	250	100.0	+	0	0	250M	4417874	1129598
L	3947	250	*	*	*	*	*	304780	*
H	3947	250	99.2	+	0	0	250M	4419624	304780
L	4368	250	*	*	*	*	*	277801	*
H	4368	250	100.0	+	0	0	250M	4422396	277801
H	12331	250	99.2	+	0	0	250M	4423978	4326574
L	10390	250	*	*	*	*	*	782413	*
H	10390	250	99.6	+	0	0	250M	4424641	782413
L	4234	250	*	*	*	*	*	289954	*
H	4234	250	100.0	+	0	0	250M	4426298	289954
H	7294	250	96.4	+	0	0	250M	4426338	73702
L	13909	250	*	*	*	*	*	4427432	*
H	13909	250	99.6	+	0	0	250M	4427435	4427432
L	8060	250	*	*	*	*	*	7126	*
H	8060	250	99.6	+	0	0	250M	4429771	7126
L	6372	250	*	*	*	*	*	154751	*
H	6372	250	100.0	+	0	0	250M	4431461	154751
L	9477	250	*	*	*	*	*	757213	*
H	9477	250	98.4	+	0	0	250M	4432437	757213
L	12947	250	*	*	*	*	*	4365357	*
H	12947	250	97.2	+	0	0	250M	4433521	4365357
L	14048	250	*	*	*	*	*	4435425	*
H	14048	250	98.0	+	0	0	250M	4435422	4435425
L	7270	250	*	*	*	*	*	76334	*
H	7270	250	98.8	+	0	0	250M	4439243	76334
L	6663	250	*	*	*	*	*	138779	*
H	6663	250	98.0	+	0	0	250M	4442938	138779
L	6452	250	*	*	*	*	*	149583	*
H	6452	250	100.0	+	0	0	250M	4446131	149583
L	11070	250	*	*	*	*	*	1142026	*
H	11070	250	92.4	+	0	0	250M	4446436	1142026
L	11651	250	*	*	*	*	*	4245392	*
H	11651	250	99.2	+	0	0	250M	4446822	4245392
H	13226	250	96.0	+	0	0	250M	4446961	4381303
H	9980	250	98.4	+	0	0	250M	4446962	1129174
L	8152	250	*	*	*	*	*	4043	*
H	8152	250	84.4	+	0	0	250M	4447514	4043
H	7792	250	99.6	+	0	0	250M	4447781	12868
L	14319	250	*	*	*	*	*	4452719	*
H	14319	250	100.0	+	0	0	250M	4452718	4452719
L	11152	250	*	*	*	*	*	1124776	*
H	11152	250	99.6	+	0	0	250M	4453641	1124776
L	14169	250	*	*	*	*	*	4443004	*
H	14169	250	98.0	+	0	0	250M	4454715	4443004
L	12501	250	*	*	*	*	*	4337248	*
H	12501	250	95.6	+	0	0	250M	4455298	4337248
H	7863	250	99.6	+	0	0	250M	4456186	11814
L	12653	250	*	*	*	*	*	4347830	*
H	12653	250	95.6	+	0	0	250M	4457196	4347830
L	13296	250	*	*	*	*	*	4385657	*
H	13296	250	99.2	+	0	0	250M	4458676	4385657
H	7997	250	98.0	+	0	0	250M	4458861	8136
L	8951	250	*	*	*	*	*	838196	*
H	8951	250	92.8	+	0	0	250M	4462654	838196
L	1660	250	*	*	*	*	*	550415	*
H	1660	250	100.0	+	0	0	250M	4464003	550415
L	8498	250	*	*	*	*	*	1143460	*
H	8498	250	96.4	+	0	0	250M	4465093	1143460
L	7133	250	*	*	*	*	*	93822	*
H	7133	250	100.0	+	0	0	250M	4466132	93822
H	1757	250	99.6	+	0	0	250M	4466876	541199
L	11789	250	*	*	*	*	*	4297918	*
H	11789	250	97.6	+	0	0	250M	4468024	4297918
L	1369	250	*	*	*	*	*	570390	*
H	1369	250	95.6	+	0	0	250M	4469387	570390
L	5505	250	*	*	*	*	*	190032	*
H	5505	250	94.4	+	0	0	250M	4471401	190032
L	2687	250	*	*	*	*	*	470236	*
H	2687	250	91.2	+	0	0	250M	4471604	470236
L	5945	250	*	*	*	*	*	176206	*
H	5945	250	93.6	+	0	0	250M	4471892	176206
L	9621	250	*	*	*	*	*	809850	*
H	9621	250	96.4	+	0	0	250M	4472012	809850
L	4724	250	*	*	*	*	*	251710	*
H	4724	250	98.8	+	0	0	59MD190MI	4472014	251710
L	10010	250	*	*	*	*	*	2938850	*
H	10010	250	94.0	+	0	0	250M	4477989	2938850
L	2837	250	*	*	*	*	*	391286	*
H	2837	250	100.0	+	0	0	250M	4479467	391286
L	6644	250	*	*	*	*	*	140320	*
H	6644	250	98.8	+	0	0	250M	4479549	140320
L	9932	250	*	*	*	*	*	1136256	*
H	9932	250	98.0	+	0	0	250M	4480392	1136256
L	13824	250	*	*	*	*	*	4422456	*
H	13824	250	96.0	+	0	0	D104MD144M2I	4482078	4422456
L	7550	250	*	*	*	*	*	30572	*
H	7550	250	100.0	+	0	0	250M	4482362	30572
H	14842	250	97.2	+	0	0	250M	4482363	4482366
L	8794	250	*	*	*	*	*	952003	*
H	8794	250	97.6	+	0	0	250M	4482804	952003
L	7167	250	*	*	*	*	*	89985	*
H	7167	250	99.2	+	0	0	166MD60MD22M2I	4482992	89985
L	9086	250	*	*	*	*	*	2193685	*
H	9086	250	95.6	+	0	0	250M	4484305	2193685
H	6663	250	94.4	+	0	0	250M	4484368	138779
L	15152	250	*	*	*	*	*	4463497	*
H	15152	250	91.2	+	0	0	250M	1107197	4463497
L	14888	250	*	*	*	*	*	777733	*
H	14888	250	97.2	+	0	0	250M	805106	777733
L	15003	250	*	*	*	*	*	101553	*
H	15003	250	95.6	+	0	0	250M	753223	101553
H	15152	250	95.6	+	0	0	250M	714724	4463497
L	15013	250	*	*	*	*	*	58361	*
H	15013	250	99.2	+	0	0	250M	686537	58361
L	14895	250	*	*	*	*	*	679966	*
H	14895	250	90.4	+	0	0	250M	629776	679966
L	15059	250	*	*	*	*	*	779391	*
H	15059	250	98.4	+	0	0	157MI92MD	591811	779391
L	14900	250	*	*	*	*	*	649969	*
H	14900	250	97.2	+	0	0	250M	240469	649969
L	15045	250	*	*	*	*	*	755	*
H	15045	250	92.8	+	0	0	250M	144391	755
L	14903	250	*	*	*	*	*	582639	*
H	14903	250	93.2	+	0	0	250M	131526	582639
H	14903	250	97.6	+	0	0	250M	109519	582639
L	15095	250	*	*	*	*	*	643724	*
H	15095	250	96.8	+	0	0	250M	103455	643724
L	15009	250	*	*	*	*	*	76611	*
H	15009	250	94.4	+	0	0	250M	101071	76611
L	15005	250	*	*	*	*	*	100362	*
H	15005	250	99.6	+	0	0	250M	73209	100362
H	14900	250	95.6	+	0	0	250M	59549	649969
L	15139	250	*	*	*	*	*	4403211	*
H	15139	250	96.8	+	0	0	250M	47968	4403211
L	15044	250	*	*	*	*	*	757	*
H	15044	250	98.8	+	0	0	96MI153MD	18391	757
L	15017	250	*	*	*	*	*	46167	*
H	15017	250	92.4	+	0	0	250M	953	46167
H	15005	250	99.6	+	0	0	250M	819	100362
L	14916	250	*	*	*	*	*	554093	*
H	14916	250	99.6	+	0	0	250M	790	554093
H	15013	250	93.2	+	0	0	3I16MI13M2I215M6D	668	58361
L	15108	250	*	*	*	*	*	4188623	*
H	15108	250	100.0	+	0	0	250M	1879068	4188623
H	15044	250	100.0	+	0	0	250M	1130698	757
L	15088	250	*	*	*	*	*	794040	*
H	15088	250	98.4	+	0	0	250M	1144812	794040
L	15058	250	*	*	*	*	*	1128360	*
H	15058	250	95.6	+	0	0	250M	1137360	1128360
L	14950	250	*	*	*	*	*	241978	*
H	14950	250	99.6	+	0	0	250M	1132808	241978
L	14961	250	*	*	*	*	*	179370	*
H	14961	250	99.6	+	0	0	250M	2032363	179370
L	14880	250	*	*	*	*	*	978530	*
H	14880	250	98.4	+	0	0	250M	2076643	978530
L	15153	250	*	*	*	*	*	4463937	*
H	15153	250	96.8	+	0	0	250M	753747	4463937
L	14974	250	*	*	*	*	*	139355	*
H	14974	250	99.6	+	0	0	250M	1135040	139355
L	14933	250	*	*	*	*	*	369183	*
H	14933	250	95.2	+	0	0	134MI115MD	2752954	369183
H	15044	250	99.6	+	0	0	250M	748703	757
H	14880	250	92.8	+	0	0	250M	3022550	978530
L	15148	250	*	*	*	*	*	4451185	*
H	15148	250	89.6	+	0	0	250M	812297	4451185
L	15125	250	*	*	*	*	*	4338135	*
H	15125	250	98.4	+	0	0	250M	788391	4338135
L	15056	250	*	*	*	*	*	633056	*
H	15056	250	95.2	+	0	0	250M	3862609	633056
L	15046	250	*	*	*	*	*	657	*
H	15046	250	95.6	+	0	0	250M	544733	657
L	15141	250	*	*	*	*	*	4404469	*
H	15141	250	99.6	+	0	0	250M	4338133	4404469
H	15088	250	99.2	+	0	0	250M	4344999	794040
H	15139	250	97.2	+	0	0	250M	4358881	4403211
L	15109	250	*	*	*	*	*	4217330	*
H	15109	250	94.0	+	0	0	250M	4358883	4217330
H	14880	250	100.0	+	0	0	250M	4370428	978530
H	15139	250	97.2	+	0	0	250M	4370431	4403211
H	15139	250	97.2	+	0	0	250M	4403322	4403211
H	15125	250	97.6	+	0	0	250M	4404355	4338135
L	15093	250	*	*	*	*	*	3630583	*
H	15093	250	97.6	+	0	0	250M	4410174	3630583
L	15053	250	*	*	*	*	*	665283	*
H	15053	250	98.8	+	0	0	250M	4416518	665283
H	15139	250	97.6	+	0	0	250M	4418043	4403211
H	14903	250	96.0	+	0	0	250M	4429983	582639
H	15056	250	95.6	+	0	0	250M	4437047	633056
L	15052	250	*	*	*	*	*	1139988	*
H	15052	250	96.4	+	0	0	250M	4444847	1139988
L	15128	250	*	*	*	*	*	4359816	*
H	15128	250	96.8	+	0	0	250M	4478889	4359816
D	35	2	*	*	*	*	99.2	1104583	*
D	85	2	*	*	*	*	99.6	1082059	*
D	120	2	*	*	*	*	96.8	1062633	*
D	272	2	*	*	*	*	94.8	997722	*
D	324	2	*	*	*	*	98.8	968329	*
D	332	2	*	*	*	*	100.0	961922	*
D	376	2	*	*	*	*	99.2	938795	*
D	401	2	*	*	*	*	95.2	924910	*
D	574	2	*	*	*	*	99.6	851793	*
D	575	2	*	*	*	*	95.2	851640	*
D	667	2	*	*	*	*	99.6	823204	*
D	674	2	*	*	*	*	100.0	822450	*
D	683	2	*	*	*	*	97.6	821228	*
D	735	2	*	*	*	*	98.4	809629	*
D	747	2	*	*	*	*	100.0	807643	*
D	759	2	*	*	*	*	98.0	804867	*
D	762	2	*	*	*	*	97.2	802727	*
D	769	2	*	*	*	*	98.4	799236	*
D	785	2	*	*	*	*	94.4	783913	*
D	790	2	*	*	*	*	98.0	781232	*
D	891	2	*	*	*	*	100.0	709971	*
D	892	2	*	*	*	*	97.2	709804	*
D	895	2	*	*	*	*	99.2	707350	*
D	921	2	*	*	*	*	99.2	694975	*
D	923	3	*	*	*	*	99.2	692823	*
D	945	2	*	*	*	*	97.2	680934	*
D	977	2	*	*	*	*	96.8	655619	*
D	989	2	*	*	*	*	98.0	644016	*
D	1001	2	*	*	*	*	99.6	632212	*
D	1013	2	*	*	*	*	100.0	626867	*
D	1020	2	*	*	*	*	98.0	622460	*
D	1079	3	*	*	*	*	98.6	592452	*
D	1154	2	*	*	*	*	96.4	586521	*
D	1176	2	*	*	*	*	89.2	584702	*
D	1197	2	*	*	*	*	96.0	582913	*
D	1212	2	*	*	*	*	100.0	582194	*
D	1226	2	*	*	*	*	96.4	581361	*
D	1244	2	*	*	*	*	97.2	579858	*
D	1246	2	*	*	*	*	100.0	579797	*
D	1274	2	*	*	*	*	100.0	578145	*
D	1302	2	*	*	*	*	99.2	576360	*
D	1328	2	*	*	*	*	94.0	574341	*
D	1334	3	*	*	*	*	100.0	573590	*
D	1366	2	*	*	*	*	99.6	570500	*
D	1369	2	*	*	*	*	95.6	570390	*
D	1422	2	*	*	*	*	99.6	567221	*
D	1425	3	*	*	*	*	100.0	566849	*
D	1430	2	*	*	*	*	96.8	566475	*
D	1436	2	*	*	*	*	99.6	566047	*
D	1442	2	*	*	*	*	95.6	565712	*
D	1448	2	*	*	*	*	98.4	565388	*
D	1476	2	*	*	*	*	99.6	563536	*
D	1477	4	*	*	*	*	97.3	563293	*
D	1493	2	*	*	*	*	96.8	562424	*
D	1513	2	*	*	*	*	96.8	561032	*
D	1597	2	*	*	*	*	98.4	554499	*
D	1606	2	*	*	*	*	98.4	4412575	*
D	1618	2	*	*	*	*	96.4	552849	*
D	1631	2	*	*	*	*	100.0	552187	*
D	1660	2	*	*	*	*	100.0	550415	*
D	1685	2	*	*	*	*	98.4	548478	*
D	1704	2	*	*	*	*	99.2	546946	*
D	1739	2	*	*	*	*	89.2	542840	*
D	1757	3	*	*	*	*	99.6	541199	*
D	1770	2	*	*	*	*	93.6	539854	*
D	1785	2	*	*	*	*	96.8	538986	*
D	1786	2	*	*	*	*	98.4	538954	*
D	1797	2	*	*	*	*	98.4	538304	*
D	1830	3	*	*	*	*	100.0	534898	*
D	1832	2	*	*	*	*	99.2	534869	*
D	1842	2	*	*	*	*	99.6	533869	*
D	1949	2	*	*	*	*	96.8	530138	*
D	2053	2	*	*	*	*	97.6	527055	*
D	2488	2	*	*	*	*	97.2	515321	*
D	2682	2	*	*	*	*	96.8	470692	*
D	2683	2	*	*	*	*	95.2	470510	*
D	2687	2	*	*	*	*	91.2	470236	*
D	2739	2	*	*	*	*	99.6	439688	*
D	2793	2	*	*	*	*	100.0	409932	*
D	2818	2	*	*	*	*	100.0	400480	*
D	2837	2	*	*	*	*	100.0	391286	*
D	2905	2	*	*	*	*	98.4	369770	*
D	2976	2	*	*	*	*	96.0	366965	*
D	3225	2	*	*	*	*	88.4	359098	*
D	3435	2	*	*	*	*	94.8	345038	*
D	3444	2	*	*	*	*	99.2	344525	*
D	3447	4	*	*	*	*	98.5	344394	*
D	3467	2	*	*	*	*	95.6	342928	*
D	3542	2	*	*	*	*	87.6	338705	*
D	3562	2	*	*	*	*	99.2	336985	*
D	3622	2	*	*	*	*	96.8	331789	*
D	3677	2	*	*	*	*	99.2	327895	*
D	3678	2	*	*	*	*	94.0	327859	*
D	3696	2	*	*	*	*	99.6	326411	*
D	3728	2	*	*	*	*	99.6	323545	*
D	3850	3	*	*	*	*	99.8	312551	*
D	3853	2	*	*	*	*	99.6	312413	*
D	3939	4	*	*	*	*	95.5	305278	*
D	3947	2	*	*	*	*	99.2	304780	*
D	4003	2	*	*	*	*	92.8	301673	*
D	4131	2	*	*	*	*	96.4	294884	*
D	4234	2	*	*	*	*	100.0	289954	*
D	4313	2	*	*	*	*	98.4	284659	*
D	4360	2	*	*	*	*	100.0	278680	*
D	4368	2	*	*	*	*	100.0	277801	*
D	4406	2	*	*	*	*	98.4	275257	*
D	4423	2	*	*	*	*	100.0	273417	*
D	4468	2	*	*	*	*	99.6	270229	*
D	4490	2	*	*	*	*	96.4	268628	*
D	4500	2	*	*	*	*	100.0	267948	*
D	4512	3	*	*	*	*	96.8	267139	*
D	4558	2	*	*	*	*	92.8	263575	*
D	4571	2	*	*	*	*	100.0	262578	*
D	4580	2	*	*	*	*	99.2	262021	*
D	4598	2	*	*	*	*	98.8	261023	*
D	4646	2	*	*	*	*	100.0	257750	*
D	4681	2	*	*	*	*	100.0	255749	*
D	4700	2	*	*	*	*	99.6	253557	*
D	4716	2	*	*	*	*	99.6	252239	*
D	4724	2	*	*	*	*	98.8	251710	*
D	4731	2	*	*	*	*	95.6	251377	*
D	4820	2	*	*	*	*	99.2	244668	*
D	4851	3	*	*	*	*	99.8	242005	*
D	4853	2	*	*	*	*	97.6	241638	*
D	4874	2	*	*	*	*	100.0	240431	*
D	4883	2	*	*	*	*	96.0	239924	*
D	4893	2	*	*	*	*	93.6	239199	*
D	4913	2	*	*	*	*	100.0	237931	*
D	4933	4	*	*	*	*	97.9	236913	*
D	4936	2	*	*	*	*	100.0	236520	*
D	4984	2	*	*	*	*	99.6	230108	*
D	4995	2	*	*	*	*	98.8	228156	*
D	5074	2	*	*	*	*	99.2	218406	*
D	5080	2	*	*	*	*	99.6	217963	*
D	5094	2	*	*	*	*	100.0	216497	*
D	5110	2	*	*	*	*	100.0	214423	*
D	5181	3	*	*	*	*	100.0	204086	*
D	5320	2	*	*	*	*	93.2	196049	*
D	5353	2	*	*	*	*	98.4	194772	*
D	5360	2	*	*	*	*	98.0	194489	*
D	5362	2	*	*	*	*	92.8	194461	*
D	5383	2	*	*	*	*	98.8	193970	*
D	5505	2	*	*	*	*	94.4	190032	*
D	5622	2	*	*	*	*	95.6	186566	*
D	5945	2	*	*	*	*	93.6	176206	*
D	5958	2	*	*	*	*	97.6	175932	*
D	6105	2	*	*	*	*	98.0	169604	*
D	6114	2	*	*	*	*	98.0	168713	*
D	6196	2	*	*	*	*	94.4	164006	*
D	6257	2	*	*	*	*	96.8	160810	*
D	6279	2	*	*	*	*	100.0	159665	*
D	6284	2	*	*	*	*	100.0	159036	*
D	6351	2	*	*	*	*	96.8	156357	*
D	6368	2	*	*	*	*	98.4	155197	*
D	6372	2	*	*	*	*	100.0	154751	*
D	6376	2	*	*	*	*	100.0	154492	*
D	6421	2	*	*	*	*	98.8	151294	*
D	6452	2	*	*	*	*	100.0	149583	*
D	6517	3	*	*	*	*	100.0	145199	*
D	6533	2	*	*	*	*	97.2	144473	*
D	6551	3	*	*	*	*	98.6	143784	*
D	6587	2	*	*	*	*	99.2	142276	*
D	6644	2	*	*	*	*	98.8	140320	*
D	6654	3	*	*	*	*	100.0	139597	*
D	6663	3	*	*	*	*	96.2	138779	*
D	6670	3	*	*	*	*	97.4	138132	*
D	6688	2	*	*	*	*	98.8	136963	*
D	6690	2	*	*	*	*	95.2	136773	*
D	6729	2	*	*	*	*	98.4	133739	*
D	6741	2	*	*	*	*	93.6	131883	*
D	6745	2	*	*	*	*	100.0	131048	*
D	6863	2	*	*	*	*	97.6	110879	*
D	6900	3	*	*	*	*	98.8	108433	*
D	6937	2	*	*	*	*	89.2	106754	*
D	6968	2	*	*	*	*	99.2	105715	*
D	6971	5	*	*	*	*	95.3	105653	*
D	7020	2	*	*	*	*	100.0	102915	*
D	7023	4	*	*	*	*	99.1	102745	*
D	7036	2	*	*	*	*	99.2	102222	*
D	7050	2	*	*	*	*	93.6	101860	*
D	7052	2	*	*	*	*	98.0	101788	*
D	7055	2	*	*	*	*	99.6	101603	*
D	7059	2	*	*	*	*	99.2	101335	*
D	7074	2	*	*	*	*	99.6	100650	*
D	7093	2	*	*	*	*	94.0	99593	*
D	7099	2	*	*	*	*	92.0	99373	*
D	7126	2	*	*	*	*	100.0	95512	*
D	7133	2	*	*	*	*	100.0	93822	*
D	7167	2	*	*	*	*	99.2	89985	*
D	7171	2	*	*	*	*	98.8	89521	*
D	7214	2	*	*	*	*	98.8	83013	*
D	7253	2	*	*	*	*	92.0	77778	*
D	7270	2	*	*	*	*	98.8	76334	*
D	7271	2	*	*	*	*	96.0	76200	*
D	7290	2	*	*	*	*	98.0	73843	*
D	7294	3	*	*	*	*	97.0	73702	*
D	7308	2	*	*	*	*	99.6	72406	*
D	7318	2	*	*	*	*	98.8	71703	*
D	7323	2	*	*	*	*	95.2	71417	*
D	7328	2	*	*	*	*	100.0	70882	*
D	7337	2	*	*	*	*	98.4	70497	*
D	7339	2	*	*	*	*	100.0	70424	*
D	7345	2	*	*	*	*	98.8	70057	*
D	7353	2	*	*	*	*	94.8	67654	*
D	7365	3	*	*	*	*	97.4	64742	*
D	7388	2	*	*	*	*	94.0	60608	*
D	7438	2	*	*	*	*	97.2	50758	*
D	7447	3	*	*	*	*	99.6	49230	*
D	7479	3	*	*	*	*	100.0	42889	*
D	7500	2	*	*	*	*	96.8	39706	*
D	7502	2	*	*	*	*	100.0	39523	*
D	7519	2	*	*	*	*	99.6	37589	*
D	7532	2	*	*	*	*	93.2	34507	*
D	7550	2	*	*	*	*	100.0	30572	*
D	7568	3	*	*	*	*	97.2	28572	*
D	7576	2	*	*	*	*	98.4	27188	*
D	7577	2	*	*	*	*	96.8	26799	*
D	7619	2	*	*	*	*	96.4	20696	*
D	7625	2	*	*	*	*	99.6	19936	*
D	7632	2	*	*	*	*	94.8	18298	*
D	7638	2	*	*	*	*	94.8	16711	*
D	7675	2	*	*	*	*	98.4	15851	*
D	7676	2	*	*	*	*	99.6	15850	*
D	7697	4	*	*	*	*	97.7	15033	*
D	7706	2	*	*	*	*	98.8	14615	*
D	7717	2	*	*	*	*	95.2	14503	*
D	7741	2	*	*	*	*	99.2	14214	*
D	7792	3	*	*	*	*	99.6	12868	*
D	7797	2	*	*	*	*	98.0	12850	*
D	7798	2	*	*	*	*	99.2	12845	*
D	7818	2	*	*	*	*	95.2	12519	*
D	7830	2	*	*	*	*	100.0	12269	*
D	7863	3	*	*	*	*	99.6	11814	*
D	7877	2	*	*	*	*	94.0	11254	*
D	7884	2	*	*	*	*	93.6	10865	*
D	7885	2	*	*	*	*	99.2	10844	*
D	7890	3	*	*	*	*	98.8	10695	*
D	7896	2	*	*	*	*	99.6	10626	*
D	7900	2	*	*	*	*	92.0	10485	*
D	7914	3	*	*	*	*	99.8	10298	*
D	7929	2	*	*	*	*	99.6	9800	*
D	7939	2	*	*	*	*	97.6	9551	*
D	7945	2	*	*	*	*	96.0	9514	*
D	7946	2	*	*	*	*	99.6	9511	*
D	7980	2	*	*	*	*	98.4	8850	*
D	7997	3	*	*	*	*	99.0	8136	*
D	8000	3	*	*	*	*	96.2	8105	*
D	8001	2	*	*	*	*	97.2	8104	*
D	8003	2	*	*	*	*	96.8	8086	*
D	8005	2	*	*	*	*	96.0	8036	*
D	8008	2	*	*	*	*	95.2	8012	*
D	8022	2	*	*	*	*	100.0	7897	*
D	8035	2	*	*	*	*	96.8	7556	*
D	8040	2	*	*	*	*	97.2	7519	*
D	8055	2	*	*	*	*	100.0	7316	*
D	8059	2	*	*	*	*	98.4	7139	*
D	8060	2	*	*	*	*	99.6	7126	*
D	8062	2	*	*	*	*	99.2	7098	*
D	8063	2	*	*	*	*	100.0	7043	*
D	8069	3	*	*	*	*	99.0	6591	*
D	8107	3	*	*	*	*	99.6	5217	*
D	8134	5	*	*	*	*	97.9	4423	*
D	8152	2	*	*	*	*	84.4	4043	*
D	8158	2	*	*	*	*	97.6	3807	*
D	8159	3	*	*	*	*	96.0	3804	*
D	8174	2	*	*	*	*	99.2	2935	*
D	8184	2	*	*	*	*	99.6	2420	*
D	8223	2	*	*	*	*	95.6	1124707	*
D	8243	3	*	*	*	*	97.0	1523231	*
D	8250	2	*	*	*	*	95.2	1526802	*
D	8261	2	*	*	*	*	94.0	1119481	*
D	8262	2	*	*	*	*	99.6	1114941	*
D	8269	2	*	*	*	*	97.2	1538943	*
D	8332	2	*	*	*	*	97.2	1127851	*
D	8333	3	*	*	*	*	96.4	1145943	*
D	8396	2	*	*	*	*	96.0	623190	*
D	8406	2	*	*	*	*	100.0	1144879	*
D	8425	3	*	*	*	*	91.8	1137409	*
D	8426	2	*	*	*	*	95.6	1130161	*
D	8459	2	*	*	*	*	96.8	1115140	*
D	8480	2	*	*	*	*	94.8	1714121	*
D	8482	2	*	*	*	*	100.0	1132903	*
D	8498	2	*	*	*	*	96.4	1143460	*
D	8533	2	*	*	*	*	99.6	1759391	*
D	8548	2	*	*	*	*	100.0	648692	*
D	8554	2	*	*	*	*	99.6	1145008	*
D	8583	2	*	*	*	*	100.0	805980	*
D	8588	2	*	*	*	*	97.6	891034	*
D	8594	2	*	*	*	*	99.6	1138690	*
D	8598	2	*	*	*	*	98.4	811717	*
D	8615	2	*	*	*	*	100.0	1127696	*
D	8622	2	*	*	*	*	100.0	1129598	*
D	8625	2	*	*	*	*	86.0	742330	*
D	8649	2	*	*	*	*	99.6	1828445	*
D	8704	5	*	*	*	*	100.0	1050805	*
D	8730	2	*	*	*	*	100.0	1134454	*
D	8739	2	*	*	*	*	99.6	809102	*
D	8770	2	*	*	*	*	97.6	1125600	*
D	8771	3	*	*	*	*	99.4	811951	*
D	8784	2	*	*	*	*	99.6	1942913	*
D	8787	2	*	*	*	*	99.6	1139061	*
D	8789	2	*	*	*	*	96.4	1125228	*
D	8794	2	*	*	*	*	97.6	952003	*
D	8800	2	*	*	*	*	99.6	1134860	*
D	8839	4	*	*	*	*	100.0	1115134	*
D	8849	3	*	*	*	*	100.0	1137294	*
D	8873	2	*	*	*	*	100.0	2028641	*
D	8883	3	*	*	*	*	96.2	1140861	*
D	8891	2	*	*	*	*	92.8	1136639	*
D	8896	2	*	*	*	*	100.0	2046080	*
D	8930	2	*	*	*	*	91.6	1137089	*
D	8946	2	*	*	*	*	88.0	848619	*
D	8951	2	*	*	*	*	92.8	838196	*
D	9004	2	*	*	*	*	99.2	2117818	*
D	9062	3	*	*	*	*	99.8	1141123	*
D	9064	3	*	*	*	*	99.2	1121406	*
D	9086	2	*	*	*	*	95.6	2193685	*
D	9125	2	*	*	*	*	99.6	2221242	*
D	9127	5	*	*	*	*	100.0	1118561	*
D	9157	3	*	*	*	*	98.4	771990	*
D	9186	3	*	*	*	*	100.0	1141633	*
D	9236	3	*	*	*	*	97.0	1124883	*
D	9245	2	*	*	*	*	100.0	1128167	*
D	9268	2	*	*	*	*	90.8	2318399	*
D	9316	2	*	*	*	*	98.4	1108701	*
D	9329	2	*	*	*	*	98.4	1140286	*
D	9387	2	*	*	*	*	96.8	1130871	*
D	9388	2	*	*	*	*	97.2	2410835	*
D	9394	2	*	*	*	*	98.8	2415182	*
D	9398	2	*	*	*	*	99.6	1138255	*
D	9453	2	*	*	*	*	97.2	814641	*
D	9459	2	*	*	*	*	100.0	2472963	*
D	9469	2	*	*	*	*	98.8	851932	*
D	9477	2	*	*	*	*	98.4	757213	*
D	9493	2	*	*	*	*	96.8	2494386	*
D	9523	2	*	*	*	*	94.0	2511694	*
D	9555	2	*	*	*	*	100.0	1129384	*
D	9581	2	*	*	*	*	99.6	2551318	*
D	9610	2	*	*	*	*	97.6	814799	*
D	9621	2	*	*	*	*	96.4	809850	*
D	9634	2	*	*	*	*	99.6	621766	*
D	9636	3	*	*	*	*	93.2	2590958	*
D	9757	2	*	*	*	*	94.4	1127838	*
D	9774	2	*	*	*	*	92.4	2730944	*
D	9804	2	*	*	*	*	99.6	1046846	*
D	9810	2	*	*	*	*	96.0	2755928	*
D	9821	2	*	*	*	*	99.6	2769758	*
D	9892	3	*	*	*	*	97.6	1126066	*
D	9928	2	*	*	*	*	98.0	2855261	*
D	9932	2	*	*	*	*	98.0	1136256	*
D	9944	2	*	*	*	*	100.0	1144471	*
D	9967	2	*	*	*	*	85.2	761476	*
D	9980	3	*	*	*	*	99.2	1129174	*
D	9997	2	*	*	*	*	97.6	1125366	*
D	10010	2	*	*	*	*	94.0	2938850	*
D	10035	2	*	*	*	*	97.6	699197	*
D	10036	2	*	*	*	*	98.0	2960026	*
D	10044	2	*	*	*	*	100.0	2969241	*
D	10068	2	*	*	*	*	98.8	1137331	*
D	10081	2	*	*	*	*	91.6	2998997	*
D	10087	2	*	*	*	*	96.8	1028576	*
D	10122	2	*	*	*	*	97.6	1124398	*
D	10141	2	*	*	*	*	98.8	3052746	*
D	10151	2	*	*	*	*	100.0	1140892	*
D	10186	2	*	*	*	*	99.2	1133720	*
D	10248	2	*	*	*	*	100.0	805823	*
D	10261	2	*	*	*	*	96.0	799884	*
D	10280	3	*	*	*	*	98.4	3161646	*
D	10302	2	*	*	*	*	98.8	1131768	*
D	10311	2	*	*	*	*	93.6	1129841	*
D	10350	2	*	*	*	*	100.0	1129601	*
D	10390	2	*	*	*	*	99.6	782413	*
D	10455	3	*	*	*	*	99.8	3286983	*
D	10456	2	*	*	*	*	100.0	3287613	*
D	10464	2	*	*	*	*	97.6	1134595	*
D	10476	2	*	*	*	*	97.2	1141031	*
D	10485	2	*	*	*	*	99.6	1122610	*
D	10488	2	*	*	*	*	99.2	3312771	*
D	10489	2	*	*	*	*	92.4	3314057	*
D	10499	2	*	*	*	*	100.0	1126922	*
D	10514	3	*	*	*	*	100.0	3338135	*
D	10567	2	*	*	*	*	99.6	1135946	*
D	10578	3	*	*	*	*	96.8	607515	*
D	10653	2	*	*	*	*	100.0	3448408	*
D	10679	2	*	*	*	*	95.6	685571	*
D	10689	2	*	*	*	*	97.2	806221	*
D	10780	2	*	*	*	*	91.6	3548776	*
D	10820	2	*	*	*	*	99.6	1140607	*
D	10821	2	*	*	*	*	99.6	726307	*
D	10839	2	*	*	*	*	96.4	3594659	*
D	10873	2	*	*	*	*	99.2	826666	*
D	10880	2	*	*	*	*	98.4	1145874	*
D	10894	2	*	*	*	*	98.8	1124064	*
D	10918	2	*	*	*	*	100.0	3645903	*
D	10979	2	*	*	*	*	100.0	1128237	*
D	11070	2	*	*	*	*	92.4	1142026	*
D	11090	2	*	*	*	*	99.6	3772084	*
D	11129	2	*	*	*	*	95.6	813643	*
D	11146	2	*	*	*	*	94.8	1144051	*
D	11152	2	*	*	*	*	99.6	1124776	*
D	11165	3	*	*	*	*	99.6	3840972	*
D	11253	2	*	*	*	*	98.8	1134168	*
D	11304	2	*	*	*	*	96.4	912297	*
D	11307	2	*	*	*	*	98.8	3961590	*
D	11329	3	*	*	*	*	100.0	624220	*
D	11378	2	*	*	*	*	94.4	805573	*
D	11387	2	*	*	*	*	94.8	4028751	*
D	11407	2	*	*	*	*	96.0	4041571	*
D	11425	2	*	*	*	*	97.6	1133391	*
D	11444	3	*	*	*	*	92.8	723538	*
D	11457	3	*	*	*	*	90.8	1143479	*
D	11460	2	*	*	*	*	98.0	1122041	*
D	11484	3	*	*	*	*	98.2	4098279	*
D	11516	2	*	*	*	*	98.4	4132075	*
D	11533	2	*	*	*	*	97.6	676511	*
D	11539	2	*	*	*	*	99.6	1123994	*
D	11553	2	*	*	*	*	96.8	1123346	*
D	11557	2	*	*	*	*	96.8	1134116	*
D	11564	2	*	*	*	*	98.0	1137671	*
D	11575	2	*	*	*	*	93.6	4183921	*
D	11651	2	*	*	*	*	99.2	4245392	*
D	11653	2	*	*	*	*	96.8	809998	*
D	11656	2	*	*	*	*	97.2	1021130	*
D	11789	2	*	*	*	*	97.6	4297918	*
D	11880	2	*	*	*	*	98.8	4302912	*
D	11894	2	*	*	*	*	100.0	4303511	*
D	11928	2	*	*	*	*	100.0	4305211	*
D	11936	2	*	*	*	*	98.8	4305519	*
D	12022	2	*	*	*	*	97.6	4309593	*
D	12075	3	*	*	*	*	96.8	4312974	*
D	12184	2	*	*	*	*	94.8	4319468	*
D	12221	3	*	*	*	*	99.6	4321055	*
D	12301	2	*	*	*	*	99.2	4324773	*
D	12317	2	*	*	*	*	99.2	4325515	*
D	12331	3	*	*	*	*	99.6	4326574	*
D	12340	2	*	*	*	*	100.0	4327050	*
D	12390	2	*	*	*	*	93.2	4329681	*
D	12393	2	*	*	*	*	97.2	4329850	*
D	12408	2	*	*	*	*	100.0	4330933	*
D	12452	2	*	*	*	*	98.0	4334115	*
D	12476	2	*	*	*	*	100.0	4335663	*
D	12498	3	*	*	*	*	98.6	4337151	*
D	12501	2	*	*	*	*	95.6	4337248	*
D	12503	2	*	*	*	*	100.0	4337455	*
D	12504	3	*	*	*	*	99.0	4337459	*
D	12534	2	*	*	*	*	94.8	4339348	*
D	12547	2	*	*	*	*	100.0	4340465	*
D	12563	2	*	*	*	*	93.2	4341712	*
D	12580	2	*	*	*	*	96.8	4342780	*
D	12583	2	*	*	*	*	98.0	4342987	*
D	12608	2	*	*	*	*	98.8	4344419	*
D	12613	2	*	*	*	*	99.2	4344960	*
D	12632	2	*	*	*	*	99.2	4346588	*
D	12650	2	*	*	*	*	98.8	4347747	*
D	12652	2	*	*	*	*	95.2	4347829	*
D	12653	2	*	*	*	*	95.6	4347830	*
D	12661	6	*	*	*	*	100.0	4348253	*
D	12668	2	*	*	*	*	97.6	4348634	*
D	12706	2	*	*	*	*	97.6	4350610	*
D	12709	2	*	*	*	*	100.0	4350881	*
D	12777	2	*	*	*	*	97.6	4354692	*
D	12801	2	*	*	*	*	98.8	4356666	*
D	12803	2	*	*	*	*	98.4	4356801	*
D	12805	2	*	*	*	*	95.6	4356825	*
D	12821	2	*	*	*	*	96.8	4358053	*
D	12822	2	*	*	*	*	100.0	4358054	*
D	12831	2	*	*	*	*	99.6	4358686	*
D	12861	2	*	*	*	*	97.6	4360170	*
D	12869	2	*	*	*	*	99.2	4360483	*
D	12947	2	*	*	*	*	97.2	4365357	*
D	12974	2	*	*	*	*	92.4	4366350	*
D	12988	3	*	*	*	*	98.4	4367538	*
D	12989	2	*	*	*	*	99.6	4367545	*
D	12995	2	*	*	*	*	98.8	4367676	*
D	13001	2	*	*	*	*	99.6	4367987	*
D	13002	2	*	*	*	*	98.0	4367988	*
D	13005	2	*	*	*	*	95.2	4368040	*
D	13018	2	*	*	*	*	100.0	4368904	*
D	13067	3	*	*	*	*	99.0	4371946	*
D	13090	2	*	*	*	*	92.4	4372695	*
D	13094	2	*	*	*	*	98.0	4373638	*
D	13133	2	*	*	*	*	92.8	4375651	*
D	13170	2	*	*	*	*	98.0	4377813	*
D	13177	2	*	*	*	*	100.0	4378327	*
D	13181	2	*	*	*	*	99.2	4378476	*
D	13200	2	*	*	*	*	98.8	4379731	*
D	13203	2	*	*	*	*	99.2	4379927	*
D	13226	4	*	*	*	*	97.1	4381303	*
D	13271	2	*	*	*	*	98.4	4384063	*
D	13296	2	*	*	*	*	99.2	4385657	*
D	13320	2	*	*	*	*	99.2	4386966	*
D	13337	2	*	*	*	*	91.6	4388035	*
D	13370	2	*	*	*	*	98.0	4389424	*
D	13385	2	*	*	*	*	96.4	4390573	*
D	13466	2	*	*	*	*	99.6	4396154	*
D	13485	4	*	*	*	*	96.7	4397084	*
D	13531	2	*	*	*	*	100.0	4400920	*
D	13571	3	*	*	*	*	99.6	4404496	*
D	13579	2	*	*	*	*	95.2	4405305	*
D	13595	2	*	*	*	*	88.4	4406595	*
D	13610	4	*	*	*	*	99.7	4407376	*
D	13620	2	*	*	*	*	92.0	4407974	*
D	13621	2	*	*	*	*	100.0	4407978	*
D	13622	2	*	*	*	*	99.6	4408009	*
D	13623	2	*	*	*	*	96.8	4408030	*
D	13624	2	*	*	*	*	98.0	4408093	*
D	13653	2	*	*	*	*	96.4	4410244	*
D	13672	3	*	*	*	*	97.4	4411367	*
D	13685	2	*	*	*	*	91.6	4412629	*
D	13689	2	*	*	*	*	97.6	4412978	*
D	13730	2	*	*	*	*	98.4	4415058	*
D	13764	2	*	*	*	*	98.0	4417604	*
D	13765	2	*	*	*	*	97.6	4417620	*
D	13810	2	*	*	*	*	99.2	4420848	*
D	13822	2	*	*	*	*	99.2	4422394	*
D	13824	2	*	*	*	*	96.0	4422456	*
D	13862	2	*	*	*	*	92.8	4424397	*
D	13909	2	*	*	*	*	99.6	4427432	*
D	13910	2	*	*	*	*	89.2	4427433	*
D	13915	2	*	*	*	*	99.2	4427644	*
D	13927	2	*	*	*	*	98.0	4428218	*
D	13932	2	*	*	*	*	95.2	4428358	*
D	13936	2	*	*	*	*	97.6	4428759	*
D	14003	2	*	*	*	*	97.6	4432638	*
D	14030	2	*	*	*	*	99.2	4434446	*
D	14048	2	*	*	*	*	98.0	4435425	*
D	14146	2	*	*	*	*	97.2	4441660	*
D	14153	2	*	*	*	*	94.4	4442258	*
D	14159	2	*	*	*	*	95.2	4442407	*
D	14169	2	*	*	*	*	98.0	4443004	*
D	14255	3	*	*	*	*	99.2	4448449	*
D	14279	2	*	*	*	*	93.6	4449855	*
D	14288	2	*	*	*	*	96.0	4450487	*
D	14310	2	*	*	*	*	94.0	4452284	*
D	14319	2	*	*	*	*	100.0	4452719	*
D	14348	2	*	*	*	*	95.6	4454083	*
D	14353	2	*	*	*	*	98.0	4454457	*
D	14384	2	*	*	*	*	97.2	4456166	*
D	14433	5	*	*	*	*	100.0	4458934	*
D	14466	2	*	*	*	*	98.8	4461398	*
D	14492	2	*	*	*	*	100.0	4462906	*
D	14589	2	*	*	*	*	95.6	4467983	*
D	14630	3	*	*	*	*	96.6	4470015	*
D	14652	2	*	*	*	*	98.4	4471762	*
D	14686	2	*	*	*	*	94.4	4473410	*
D	14735	2	*	*	*	*	100.0	4476047	*
D	14736	2	*	*	*	*	96.8	4476049	*
D	14777	2	*	*	*	*	93.2	4478591	*
D	14780	2	*	*	*	*	99.6	4478762	*
D	14797	2	*	*	*	*	99.2	4480060	*
D	14806	2	*	*	*	*	96.0	4480656	*
D	14842	4	*	*	*	*	96.0	4482366	*
D	14880	4	*	*	*	*	97.1	978530	*
D	14888	2	*	*	*	*	97.2	777733	*
D	14895	2	*	*	*	*	90.4	679966	*
D	14900	3	*	*	*	*	96.4	649969	*
D	14903	4	*	*	*	*	95.6	582639	*
D	14916	2	*	*	*	*	99.6	554093	*
D	14933	2	*	*	*	*	95.2	369183	*
D	14950	2	*	*	*	*	99.6	241978	*
D	14961	2	*	*	*	*	99.6	179370	*
D	14974	2	*	*	*	*	99.6	139355	*
D	15003	2	*	*	*	*	95.6	101553	*
D	15005	3	*	*	*	*	99.6	100362	*
D	15009	2	*	*	*	*	94.4	76611	*
D	15013	3	*	*	*	*	96.2	58361	*
D	15017	2	*	*	*	*	92.4	46167	*
D	15044	4	*	*	*	*	99.5	757	*
D	15045	2	*	*	*	*	92.8	755	*
D	15046	2	*	*	*	*	95.6	657	*
D	15052	2	*	*	*	*	96.4	1139988	*
D	15053	2	*	*	*	*	98.8	665283	*
D	15056	3	*	*	*	*	95.4	633056	*
D	15058	2	*	*	*	*	95.6	1128360	*
D	15059	2	*	*	*	*	98.4	779391	*
D	15088	3	*	*	*	*	98.8	794040	*
D	15093	2	*	*	*	*	97.6	3630583	*
D	15095	2	*	*	*	*	96.8	643724	*
D	15108	2	*	*	*	*	100.0	4188623	*
D	15109	2	*	*	*	*	94.0	4217330	*
D	15125	3	*	*	*	*	98.0	4338135	*
D	15128	2	*	*	*	*	96.8	4359816	*
D	15139	6	*	*	*	*	97.2	4403211	*
D	15141	2	*	*	*	*	99.6	4404469	*
D	15148	2	*	*	*	*	89.6	4451185	*
D	15152	3	*	*	*	*	93.4	4463497	*
D	15153	2	*	*	*	*	96.8	4463937	*
