UclustConsensusTaxonAssigner parameters:
id_to_taxonomy_filepath:/Users/nbokulich/Desktop/projects/short-read-tax-assignment/data/novel-taxa-simulations/B1-REF-L5-iter2/ref_taxa.tsv
id_to_taxonomy_fp:/Users/nbokulich/Desktop/projects/short-read-tax-assignment/data/novel-taxa-simulations/B1-REF-L5-iter2/ref_taxa.tsv
max_accepts:3
min_consensus_fraction:0.76
reference_sequences_fp:/Users/nbokulich/Desktop/projects/short-read-tax-assignment/data/novel-taxa-simulations/B1-REF-L5-iter2/ref_seqs.fasta
similarity:0.9
unassignable_label:Unassigned
Result path: /var/folders/0t/l1dz88p50y91vx_22fx5w3780000gn/T/assign-tax8ro2FI

.uc file contents:

# uclust --input /Users/nbokulich/Desktop/projects/short-read-tax-assignment/data/novel-taxa-simulations/B1-REF-L5-iter2/query.fasta --id 0.9 --rev --maxaccepts 3 --allhits --libonly --lib /Users/nbokulich/Desktop/projects/short-read-tax-assignment/data/novel-taxa-simulations/B1-REF-L5-iter2/ref_seqs.fasta --uc /var/folders/0t/l1dz88p50y91vx_22fx5w3780000gn/T/UclustConsensusTaxonAssigner_noJtHE.uc
# version=1.2.22
# Tab-separated fields:
# 1=Type, 2=ClusterNr, 3=SeqLength or ClusterSize, 4=PctId, 5=Strand, 6=QueryStart, 7=SeedStart, 8=Alignment, 9=QueryLabel, 10=TargetLabel
# Record types (field 1): L=LibSeed, S=NewSeed, H=Hit, R=Reject, D=LibCluster, C=NewCluster, N=NoHit
# For C and D types, PctId is average id with seed.
# QueryStart and SeedStart are zero-based relative to start of sequence.
# If minus strand, SeedStart is relative to reverse-complemented seed.
L	12673	250	*	*	*	*	*	4362854	*
H	12673	250	92.8	+	0	0	250M	1037199	4362854
L	12727	250	*	*	*	*	*	4366363	*
H	12727	250	92.8	+	0	0	250M	1037199	4366363
L	9256	250	*	*	*	*	*	1115155	*
H	9256	250	92.8	+	0	0	250M	1037199	1115155
L	7658	250	*	*	*	*	*	27938	*
H	7658	250	92.0	+	0	0	108MD27MD113M2I	887059	27938
L	860	250	*	*	*	*	*	672937	*
H	860	250	91.2	+	0	0	108MD22MD118M2I	887059	672937
L	8370	250	*	*	*	*	*	1612840	*
H	8370	250	91.2	+	0	0	108MD22MD118M2I	887059	1612840
L	12092	250	*	*	*	*	*	4324650	*
H	12092	250	92.0	+	0	0	250M	845765	4324650
L	13213	250	*	*	*	*	*	4397084	*
H	13213	250	91.6	+	0	0	250M	845765	4397084
L	13214	250	*	*	*	*	*	4397087	*
H	13214	250	92.4	+	0	0	250M	845765	4397087
L	13480	250	*	*	*	*	*	4416544	*
H	13480	250	94.0	+	0	0	250M	832772	4416544
L	13231	250	*	*	*	*	*	4398600	*
H	13231	250	94.0	+	0	0	250M	832772	4398600
L	4882	250	*	*	*	*	*	244757	*
H	4882	250	95.6	+	0	0	250M	832772	244757
L	10726	250	*	*	*	*	*	1143368	*
H	10726	250	93.2	+	0	0	250M	819250	1143368
L	678	250	*	*	*	*	*	806916	*
H	678	250	90.0	+	0	0	250M	819250	806916
L	14327	250	*	*	*	*	*	4472633	*
H	14327	250	95.2	+	0	0	78MI50MI120M2D	793649	4472633
L	6658	250	*	*	*	*	*	144246	*
H	6658	250	95.6	+	0	0	250M	793649	144246
L	947	250	*	*	*	*	*	619210	*
H	947	250	95.6	+	0	0	250M	793649	619210
N	*	250	*	*	*	*	*	789693	*
L	13673	250	*	*	*	*	*	4431590	*
H	13673	250	97.2	+	0	0	250M	780282	4431590
L	4674	250	*	*	*	*	*	261255	*
H	4674	250	96.0	+	0	0	250M	780282	261255
L	5209	250	*	*	*	*	*	205772	*
H	5209	250	95.6	+	0	0	250M	780282	205772
L	12864	250	*	*	*	*	*	4375255	*
H	12864	250	94.0	+	0	0	250M	748921	4375255
L	9981	250	*	*	*	*	*	2960735	*
H	9981	250	92.8	+	0	0	250M	748921	2960735
H	9981	250	92.0	+	0	0	250M	738267	2960735
H	12864	250	92.0	+	0	0	250M	738267	4375255
L	9745	250	*	*	*	*	*	1130587	*
H	9745	250	100.0	+	0	0	250M	731707	1130587
L	10285	250	*	*	*	*	*	3206871	*
H	10285	250	99.6	+	0	0	164MI85MD	731707	3206871
L	10774	250	*	*	*	*	*	1084531	*
H	10774	250	100.0	+	0	0	250M	731707	1084531
L	643	250	*	*	*	*	*	814347	*
H	643	250	94.8	+	0	0	23MD226MI	728797	814347
L	8738	250	*	*	*	*	*	809102	*
H	8738	250	94.4	+	0	0	23MD226MI	728797	809102
L	9800	250	*	*	*	*	*	808919	*
H	9800	250	92.0	+	0	0	23MD226MI	728797	808919
L	5991	250	*	*	*	*	*	179639	*
H	5991	250	99.2	+	0	0	250M	682752	179639
L	888	250	*	*	*	*	*	655619	*
H	888	250	98.0	+	0	0	250M	682752	655619
L	11342	250	*	*	*	*	*	1143057	*
H	11342	250	95.6	+	0	0	250M	682752	1143057
L	6216	250	*	*	*	*	*	171957	*
H	6216	250	99.2	+	0	0	250M	681954	171957
L	9065	250	*	*	*	*	*	1141123	*
H	9065	250	99.2	+	0	0	250M	681954	1141123
L	9068	250	*	*	*	*	*	1124221	*
H	9068	250	99.2	+	0	0	250M	681954	1124221
L	8320	250	*	*	*	*	*	1128670	*
H	8320	250	93.6	+	0	0	250M	632212	1128670
L	10312	250	*	*	*	*	*	1139791	*
H	10312	250	95.2	+	0	0	250M	632212	1139791
L	8075	250	*	*	*	*	*	8104	*
H	8075	250	94.8	+	0	0	250M	632212	8104
N	*	250	*	*	*	*	*	615682	*
L	4447	250	*	*	*	*	*	274061	*
H	4447	250	95.2	+	0	0	250M	605582	274061
L	7442	250	*	*	*	*	*	67654	*
H	7442	250	94.8	+	0	0	250M	605582	67654
L	11431	250	*	*	*	*	*	1123994	*
H	11431	250	94.0	+	0	0	250M	605582	1123994
L	9560	250	*	*	*	*	*	1131995	*
H	9560	250	90.8	+	0	0	250M	593016	1131995
L	9276	250	*	*	*	*	*	1141940	*
H	9276	250	98.8	+	0	0	250M	587480	1141940
L	10075	250	*	*	*	*	*	3047656	*
H	10075	250	98.8	+	0	0	250M	587480	3047656
L	8978	250	*	*	*	*	*	200836	*
H	8978	250	98.8	+	0	0	250M	587480	200836
N	*	250	*	*	*	*	*	583935	*
H	7658	250	94.8	+	0	0	250M	582913	27938
H	8370	250	94.4	+	0	0	250M	582913	1612840
L	13493	250	*	*	*	*	*	4417620	*
H	13493	250	94.4	+	0	0	250M	582913	4417620
N	*	250	*	*	*	*	*	579933	*
L	4973	250	*	*	*	*	*	237209	*
H	4973	250	91.2	+	0	0	250M	576097	237209
L	13726	250	*	*	*	*	*	4434972	*
H	13726	250	90.8	+	0	0	10MI239MD	576097	4434972
L	1606	250	*	*	*	*	*	548469	*
H	1606	250	94.0	+	0	0	250M	576097	548469
L	1229	250	*	*	*	*	*	576703	*
H	1229	250	98.4	+	0	0	250M	575948	576703
L	11282	250	*	*	*	*	*	1139594	*
H	11282	250	98.4	+	0	0	250M	575948	1139594
L	1550	250	*	*	*	*	*	552187	*
H	1550	250	98.4	+	0	0	250M	575948	552187
L	5138	250	*	*	*	*	*	215083	*
H	5138	250	95.2	+	0	0	250M	570301	215083
L	8789	250	*	*	*	*	*	1124832	*
H	8789	250	95.2	+	0	0	250M	570301	1124832
L	8985	250	*	*	*	*	*	2111163	*
H	8985	250	95.6	+	0	0	250M	570301	2111163
L	6924	250	*	*	*	*	*	115286	*
H	6924	250	95.2	+	0	0	250M	569678	115286
L	10461	250	*	*	*	*	*	620813	*
H	10461	250	93.6	+	0	0	250M	569678	620813
L	1480	250	*	*	*	*	*	557513	*
H	1480	250	92.4	+	0	0	250M	569678	557513
L	10789	250	*	*	*	*	*	1130073	*
H	10789	250	98.4	+	0	0	250M	568416	1130073
L	1472	250	*	*	*	*	*	557711	*
H	1472	250	97.6	+	0	0	250M	568416	557711
L	4536	250	*	*	*	*	*	268667	*
H	4536	250	97.2	+	0	0	250M	568416	268667
H	10726	250	95.6	+	0	0	250M	567867	1143368
L	832	250	*	*	*	*	*	695116	*
H	832	250	91.2	+	0	0	250M	567867	695116
L	4616	250	*	*	*	*	*	263857	*
H	4616	250	90.4	+	0	0	250M	567867	263857
L	13961	250	*	*	*	*	*	4450440	*
H	13961	250	98.4	+	0	0	250M	561406	4450440
L	11197	250	*	*	*	*	*	3974608	*
H	11197	250	98.0	+	0	0	204MI45MD	561406	3974608
L	4658	250	*	*	*	*	*	262021	*
H	4658	250	98.4	+	0	0	250M	561406	262021
L	10395	250	*	*	*	*	*	1143570	*
H	10395	250	99.6	+	0	0	76MI173MD	560403	1143570
L	8995	250	*	*	*	*	*	2117818	*
H	8995	250	98.8	+	0	0	77MI172MD	560403	2117818
L	12388	250	*	*	*	*	*	4344401	*
H	12388	250	98.8	+	0	0	76MI173MD	560403	4344401
L	10649	250	*	*	*	*	*	3509168	*
H	10649	250	96.4	+	0	0	250M	560198	3509168
L	12861	250	*	*	*	*	*	4374945	*
H	12861	250	92.4	+	0	0	250M	560198	4374945
L	8121	250	*	*	*	*	*	6368	*
H	8121	250	92.8	+	0	0	250M	560198	6368
L	9366	250	*	*	*	*	*	1138255	*
H	9366	250	98.0	+	0	0	250M	559649	1138255
L	11454	250	*	*	*	*	*	4172691	*
H	11454	250	97.6	+	0	0	250M	559649	4172691
L	7112	250	*	*	*	*	*	104045	*
H	7112	250	96.4	+	0	0	250M	559649	104045
L	7708	250	*	*	*	*	*	19936	*
H	7708	250	97.2	+	0	0	197MD18MD11MD21M3I	557633	19936
L	7914	250	*	*	*	*	*	12269	*
H	7914	250	97.2	+	0	0	197MD18MD11MD21M3I	557633	12269
L	12545	250	*	*	*	*	*	4354692	*
H	12545	250	97.2	+	0	0	197MD18MD11MD21M3I	557633	4354692
H	888	250	95.6	+	0	0	250M	552208	655619
H	5991	250	95.2	+	0	0	250M	552208	179639
L	11057	250	*	*	*	*	*	1145748	*
H	11057	250	93.2	+	0	0	250M	552208	1145748
L	12509	250	*	*	*	*	*	4352219	*
H	12509	250	96.8	+	0	0	250M	550044	4352219
L	5154	250	*	*	*	*	*	212454	*
H	5154	250	91.6	+	0	0	250M	550044	212454
L	6625	250	*	*	*	*	*	146198	*
H	6625	250	91.2	+	0	0	250M	550044	146198
L	9885	250	*	*	*	*	*	326714	*
H	9885	250	91.6	+	0	0	250M	546657	326714
L	6354	250	*	*	*	*	*	163171	*
H	6354	250	92.4	+	0	0	250M	546657	163171
L	834	250	*	*	*	*	*	694777	*
H	834	250	92.8	+	0	0	250M	546657	694777
L	886	250	*	*	*	*	*	656502	*
H	886	250	94.4	+	0	0	250M	544430	656502
L	6537	250	*	*	*	*	*	152262	*
H	6537	250	90.8	+	0	0	250M	544430	152262
L	9566	250	*	*	*	*	*	2574952	*
H	9566	250	91.2	+	0	0	250M	544430	2574952
L	13300	250	*	*	*	*	*	4404496	*
H	13300	250	94.0	+	0	0	250M	543364	4404496
L	12684	250	*	*	*	*	*	4363899	*
H	12684	250	94.4	+	0	0	250M	543364	4363899
L	8092	250	*	*	*	*	*	7556	*
H	8092	250	90.0	+	0	0	250M	543364	7556
L	10223	250	*	*	*	*	*	726766	*
H	10223	250	98.0	+	0	0	250M	538813	726766
L	9473	250	*	*	*	*	*	2503593	*
H	9473	250	92.0	+	0	0	250M	538695	2503593
L	12726	250	*	*	*	*	*	4366349	*
H	12726	250	91.2	+	0	0	250M	538695	4366349
L	5516	250	*	*	*	*	*	192082	*
H	5516	250	91.6	+	0	0	250M	537510	192082
L	9062	250	*	*	*	*	*	2169746	*
H	9062	250	90.4	+	0	0	250M	537510	2169746
L	10061	250	*	*	*	*	*	1124398	*
H	10061	250	92.8	+	0	0	250M	537510	1124398
L	12643	250	*	*	*	*	*	4360539	*
H	12643	250	97.2	+	0	0	164MI85MD	535280	4360539
L	9732	250	*	*	*	*	*	885628	*
H	9732	250	94.4	+	0	0	250M	535280	885628
L	12538	250	*	*	*	*	*	4354311	*
H	12538	250	96.0	+	0	0	250M	535280	4354311
L	7772	250	*	*	*	*	*	15281	*
H	7772	250	92.4	+	0	0	250M	527078	15281
L	9747	250	*	*	*	*	*	2749362	*
H	9747	250	92.8	+	0	0	250M	527078	2749362
L	7780	250	*	*	*	*	*	15059	*
H	7780	250	92.8	+	0	0	250M	527078	15059
H	4973	250	90.4	+	0	0	250M	524581	237209
H	13726	250	90.0	+	0	0	10MI239MD	524581	4434972
L	1676	250	*	*	*	*	*	541503	*
H	1676	250	90.0	+	0	0	250M	524581	541503
L	9914	250	*	*	*	*	*	2894263	*
H	9914	250	97.2	+	0	0	250M	518245	2894263
L	11735	250	*	*	*	*	*	4303353	*
H	11735	250	96.4	+	0	0	250M	518245	4303353
L	6392	250	*	*	*	*	*	160810	*
H	6392	250	97.2	+	0	0	250M	518245	160810
N	*	250	*	*	*	*	*	376180	*
L	11953	250	*	*	*	*	*	4317058	*
H	11953	250	97.6	+	0	0	250M	354839	4317058
L	13829	250	*	*	*	*	*	4441550	*
H	13829	250	97.2	+	0	0	250M	354839	4441550
L	682	250	*	*	*	*	*	806155	*
H	682	250	97.2	+	0	0	250M	354839	806155
L	6846	250	*	*	*	*	*	132219	*
H	6846	250	96.8	+	0	0	250M	344813	132219
L	6225	250	*	*	*	*	*	171289	*
H	6225	250	96.8	+	0	0	250M	344813	171289
L	6829	250	*	*	*	*	*	133739	*
H	6829	250	97.2	+	0	0	250M	344813	133739
L	12635	250	*	*	*	*	*	4360273	*
H	12635	250	93.6	+	0	0	250M	343270	4360273
L	8922	250	*	*	*	*	*	834006	*
H	8922	250	90.4	+	0	0	250M	343270	834006
L	1549	250	*	*	*	*	*	552203	*
H	1549	250	91.6	+	0	0	250M	343270	552203
L	6660	250	*	*	*	*	*	144207	*
H	6660	250	96.8	+	0	0	250M	339609	144207
L	6751	250	*	*	*	*	*	140415	*
H	6751	250	96.4	+	0	0	250M	339609	140415
L	8281	250	*	*	*	*	*	1526802	*
H	8281	250	96.4	+	0	0	250M	339609	1526802
L	6908	250	*	*	*	*	*	119010	*
H	6908	250	99.6	+	0	0	250M	330563	119010
L	12699	250	*	*	*	*	*	4365042	*
H	12699	250	99.6	+	0	0	250M	330563	4365042
L	6981	250	*	*	*	*	*	110694	*
H	6981	250	99.6	+	0	0	250M	330563	110694
L	853	250	*	*	*	*	*	680934	*
H	853	250	97.2	+	0	0	242MI7MD	323927	680934
L	9270	250	*	*	*	*	*	2332707	*
H	9270	250	97.2	+	0	0	242MI7MD	323927	2332707
L	9964	250	*	*	*	*	*	1128972	*
H	9964	250	96.0	+	0	0	242MI7MD	323927	1128972
N	*	250	*	*	*	*	*	320922	*
L	6476	250	*	*	*	*	*	156688	*
H	6476	250	91.2	+	0	0	250M	312765	156688
L	706	250	*	*	*	*	*	786884	*
H	706	250	93.6	+	0	0	227MI22MD	311813	786884
L	11642	250	*	*	*	*	*	4296214	*
H	11642	250	92.0	+	0	0	227MI22MD	311813	4296214
L	14175	250	*	*	*	*	*	4464416	*
H	14175	250	92.0	+	0	0	227MI22MD	311813	4464416
L	7432	250	*	*	*	*	*	70091	*
H	7432	250	94.4	+	0	0	250M	308938	70091
L	1769	250	*	*	*	*	*	533277	*
H	1769	250	94.0	+	0	0	250M	308938	533277
L	11523	250	*	*	*	*	*	820176	*
H	11523	250	91.6	+	0	0	118MI131MD	308938	820176
L	1693	250	*	*	*	*	*	539939	*
H	1693	250	91.2	+	0	0	250M	300043	539939
L	1651	250	*	*	*	*	*	543731	*
H	1651	250	99.2	+	0	0	250M	278923	543731
L	6261	250	*	*	*	*	*	168713	*
H	6261	250	96.0	+	0	0	250M	278923	168713
L	8757	250	*	*	*	*	*	1138081	*
H	8757	250	96.4	+	0	0	250M	278923	1138081
L	12952	250	*	*	*	*	*	4380427	*
H	12952	250	92.4	+	0	0	250M	276843	4380427
L	8033	250	*	*	*	*	*	9140	*
H	8033	250	92.4	+	0	0	250M	276843	9140
L	14455	250	*	*	*	*	*	4480392	*
H	14455	250	92.0	+	0	0	250M	276843	4480392
L	7876	250	*	*	*	*	*	12980	*
H	7876	250	98.8	+	0	0	250M	272058	12980
L	1384	250	*	*	*	*	*	564928	*
H	1384	250	97.2	+	0	0	250M	272058	564928
L	4421	250	*	*	*	*	*	275689	*
H	4421	250	98.4	+	0	0	250M	272058	275689
L	10924	250	*	*	*	*	*	3719461	*
H	10924	250	97.6	+	0	0	250M	264416	3719461
L	13574	250	*	*	*	*	*	4424414	*
H	13574	250	97.6	+	0	0	250M	264416	4424414
L	441	250	*	*	*	*	*	890962	*
H	441	250	96.8	+	0	0	250M	264416	890962
H	10649	250	99.2	+	0	0	250M	264071	3509168
L	1457	250	*	*	*	*	*	558848	*
H	1457	250	95.2	+	0	0	250M	264071	558848
L	10430	250	*	*	*	*	*	1131597	*
H	10430	250	92.0	+	0	0	250M	264071	1131597
L	7586	250	*	*	*	*	*	39424	*
H	7586	250	92.0	+	0	0	250M	257162	39424
L	13279	250	*	*	*	*	*	4403009	*
H	13279	250	92.0	+	0	0	250M	257162	4403009
L	7626	250	*	*	*	*	*	33404	*
H	7626	250	92.0	+	0	0	250M	257162	33404
L	13112	250	*	*	*	*	*	4390091	*
H	13112	250	91.6	+	0	0	250M	255153	4390091
L	4368	250	*	*	*	*	*	280943	*
H	4368	250	90.8	+	0	0	250M	255153	280943
L	10480	250	*	*	*	*	*	1110646	*
H	10480	250	90.8	+	0	0	250M	255153	1110646
L	11353	250	*	*	*	*	*	1122955	*
H	11353	250	98.8	+	0	0	250M	253214	1122955
L	830	250	*	*	*	*	*	695731	*
H	830	250	98.4	+	0	0	250M	253214	695731
L	13628	250	*	*	*	*	*	4428218	*
H	13628	250	94.4	+	0	0	250M	253214	4428218
L	8795	250	*	*	*	*	*	698294	*
H	8795	250	98.0	+	0	0	250M	252028	698294
L	4871	250	*	*	*	*	*	245648	*
H	4871	250	97.2	+	0	0	122MI127MD	252028	245648
L	10972	250	*	*	*	*	*	1087041	*
H	10972	250	97.2	+	0	0	250M	252028	1087041
L	13567	250	*	*	*	*	*	4423978	*
H	13567	250	94.0	+	0	0	250M	250201	4423978
L	8796	250	*	*	*	*	*	1954303	*
H	8796	250	93.2	+	0	0	250M	250201	1954303
L	12116	250	*	*	*	*	*	4326574	*
H	12116	250	93.2	+	0	0	250M	250201	4326574
L	12376	250	*	*	*	*	*	4343701	*
H	12376	250	99.2	+	0	0	250M	249069	4343701
L	5005	250	*	*	*	*	*	233626	*
H	5005	250	99.2	+	0	0	250M	249069	233626
L	4997	250	*	*	*	*	*	234592	*
H	4997	250	99.2	+	0	0	250M	249069	234592
L	1413	250	*	*	*	*	*	562500	*
H	1413	250	95.2	+	0	0	250M	247905	562500
L	1701	250	*	*	*	*	*	539319	*
H	1701	250	94.4	+	0	0	250M	247905	539319
L	9121	250	*	*	*	*	*	758064	*
H	9121	250	93.6	+	0	0	250M	247905	758064
L	714	250	*	*	*	*	*	781257	*
H	714	250	94.4	+	0	0	250M	247460	781257
L	14053	250	*	*	*	*	*	4456892	*
H	14053	250	94.4	+	0	0	250M	247460	4456892
L	10047	250	*	*	*	*	*	3028373	*
H	10047	250	94.4	+	0	0	250M	247460	3028373
L	1157	250	*	*	*	*	*	581352	*
H	1157	250	97.2	+	0	0	250M	239951	581352
L	1583	250	*	*	*	*	*	549839	*
H	1583	250	97.2	+	0	0	250M	239951	549839
L	10653	250	*	*	*	*	*	3510792	*
H	10653	250	97.2	+	0	0	250M	239951	3510792
N	*	250	*	*	*	*	*	239729	*
L	3659	250	*	*	*	*	*	325272	*
H	3659	250	96.4	+	0	0	250M	238746	325272
L	4430	250	*	*	*	*	*	274860	*
H	4430	250	97.2	+	0	0	250M	238746	274860
L	14141	250	*	*	*	*	*	4462972	*
H	14141	250	96.4	+	0	0	250M	238746	4462972
N	*	250	*	*	*	*	*	236520	*
L	14447	250	*	*	*	*	*	4480060	*
H	14447	250	97.6	+	0	0	250M	229434	4480060
L	10751	250	*	*	*	*	*	1129599	*
H	10751	250	98.4	+	0	0	250M	229434	1129599
L	869	250	*	*	*	*	*	668105	*
H	869	250	97.6	+	0	0	250M	229434	668105
L	12414	250	*	*	*	*	*	4346588	*
H	12414	250	95.6	+	0	0	250M	226929	4346588
L	12697	250	*	*	*	*	*	4365006	*
H	12697	250	95.2	+	0	0	250M	226929	4365006
L	13174	250	*	*	*	*	*	4394897	*
H	13174	250	96.0	+	0	0	250M	226929	4394897
L	11942	250	*	*	*	*	*	4316241	*
H	11942	250	100.0	+	0	0	250M	218910	4316241
L	11159	250	*	*	*	*	*	3940564	*
H	11159	250	99.6	+	0	0	250M	218910	3940564
L	1168	250	*	*	*	*	*	580156	*
H	1168	250	99.6	+	0	0	250M	218910	580156
L	12949	250	*	*	*	*	*	4380180	*
H	12949	250	94.4	+	0	0	74MI24MI150M2D	199880	4380180
L	12337	250	*	*	*	*	*	4341586	*
H	12337	250	92.4	+	0	0	74MI24MI150M2D	199880	4341586
L	10416	250	*	*	*	*	*	1122049	*
H	10416	250	90.0	+	0	0	74MI24MI150M2D	199880	1122049
L	3383	250	*	*	*	*	*	346882	*
H	3383	250	91.2	+	0	0	250M	194772	346882
L	12743	250	*	*	*	*	*	4367676	*
H	12743	250	94.0	+	0	0	250M	194772	4367676
L	12389	250	*	*	*	*	*	4344419	*
H	12389	250	94.0	+	0	0	250M	194772	4344419
N	*	250	*	*	*	*	*	191918	*
L	13788	250	*	*	*	*	*	4439070	*
H	13788	250	98.4	+	0	0	250M	181669	4439070
L	14503	250	*	*	*	*	*	4482839	*
H	14503	250	98.0	+	0	0	250M	181669	4482839
H	13574	250	96.8	+	0	0	250M	181669	4424414
L	1622	250	*	*	*	*	*	546946	*
H	1622	250	96.8	+	0	0	250M	179312	546946
L	1893	250	*	*	*	*	*	529445	*
H	1893	250	96.8	+	0	0	250M	179312	529445
L	778	250	*	*	*	*	*	732609	*
H	778	250	95.2	+	0	0	250M	179312	732609
H	1549	250	98.8	+	0	0	210MD39MI	178891	552203
L	12820	250	*	*	*	*	*	4371951	*
H	12820	250	92.8	+	0	0	208MD41MI	178891	4371951
L	12112	250	*	*	*	*	*	4326319	*
H	12112	250	94.0	+	0	0	210MD39MI	178891	4326319
L	9540	250	*	*	*	*	*	2559579	*
H	9540	250	94.4	+	0	0	250M	175647	2559579
L	12966	250	*	*	*	*	*	4381303	*
H	12966	250	94.4	+	0	0	250M	175647	4381303
L	512	250	*	*	*	*	*	851797	*
H	512	250	94.4	+	0	0	250M	175647	851797
L	7061	250	*	*	*	*	*	106574	*
H	7061	250	91.6	+	0	0	250M	174419	106574
L	1504	250	*	*	*	*	*	555445	*
H	1504	250	92.8	+	0	0	250M	174419	555445
L	9288	250	*	*	*	*	*	635820	*
H	9288	250	92.0	+	0	0	250M	174419	635820
L	4589	250	*	*	*	*	*	265823	*
H	4589	250	99.2	+	0	0	250M	173827	265823
L	12588	250	*	*	*	*	*	4357503	*
H	12588	250	98.0	+	0	0	250M	173827	4357503
L	13418	250	*	*	*	*	*	4413221	*
H	13418	250	98.4	+	0	0	250M	173827	4413221
N	*	250	*	*	*	*	*	169921	*
L	9125	250	*	*	*	*	*	819797	*
H	9125	250	94.4	+	0	0	250M	166639	819797
H	12699	250	94.8	+	0	0	250M	166639	4365042
L	1073	250	*	*	*	*	*	587036	*
H	1073	250	94.8	+	0	0	250M	166639	587036
L	14273	250	*	*	*	*	*	4469673	*
H	14273	250	98.0	+	0	0	250M	164660	4469673
L	4328	250	*	*	*	*	*	284709	*
H	4328	250	97.6	+	0	0	220MI29MD	164660	284709
L	4789	250	*	*	*	*	*	253436	*
H	4789	250	97.6	+	0	0	250M	164660	253436
L	9440	250	*	*	*	*	*	2480449	*
H	9440	250	97.2	+	0	0	250M	161735	2480449
L	8871	250	*	*	*	*	*	2028641	*
H	8871	250	97.2	+	0	0	250M	161735	2028641
L	11532	250	*	*	*	*	*	4242243	*
H	11532	250	95.6	+	0	0	250M	161735	4242243
L	10026	250	*	*	*	*	*	1028576	*
H	10026	250	97.6	+	0	0	250M	161409	1028576
L	10357	250	*	*	*	*	*	846667	*
H	10357	250	96.4	+	0	0	250M	161409	846667
L	9648	250	*	*	*	*	*	630172	*
H	9648	250	94.4	+	0	0	250M	161409	630172
H	1413	250	97.6	+	0	0	250M	161177	562500
H	1701	250	96.8	+	0	0	250M	161177	539319
L	744	250	*	*	*	*	*	757185	*
H	744	250	95.6	+	0	0	250M	161177	757185
L	1193	250	*	*	*	*	*	579101	*
H	1193	250	96.4	+	0	0	250M	160903	579101
H	7442	250	96.4	+	0	0	250M	160903	67654
H	11431	250	93.2	+	0	0	250M	160903	1123994
L	9967	250	*	*	*	*	*	1123147	*
H	9967	250	98.0	+	0	0	250M	159839	1123147
L	12364	250	*	*	*	*	*	4343296	*
H	12364	250	98.0	+	0	0	250M	159839	4343296
L	1642	250	*	*	*	*	*	544367	*
H	1642	250	96.0	+	0	0	250M	159839	544367
N	*	250	*	*	*	*	*	158646	*
L	13039	250	*	*	*	*	*	4385836	*
H	13039	250	90.8	+	0	0	250M	158622	4385836
L	7453	250	*	*	*	*	*	65468	*
H	7453	250	91.2	+	0	0	250M	158622	65468
L	8089	250	*	*	*	*	*	7772	*
H	8089	250	90.8	+	0	0	250M	158622	7772
H	12509	250	94.0	+	0	0	250M	153125	4352219
L	13992	250	*	*	*	*	*	4453271	*
H	13992	250	92.0	+	0	0	250M	153125	4453271
H	8075	250	90.0	+	0	0	250M	153125	8104
N	*	250	*	*	*	*	*	150547	*
L	10958	250	*	*	*	*	*	3755054	*
H	10958	250	95.2	+	0	0	250M	149965	3755054
L	9585	250	*	*	*	*	*	783653	*
H	9585	250	94.8	+	0	0	250M	149965	783653
L	8616	250	*	*	*	*	*	1137534	*
H	8616	250	93.2	+	0	0	55MI194MD	149965	1137534
L	4445	250	*	*	*	*	*	274123	*
H	4445	250	99.2	+	0	0	250M	145545	274123
L	26	250	*	*	*	*	*	1105942	*
H	26	250	99.2	+	0	0	250M	145545	1105942
L	768	250	*	*	*	*	*	737888	*
H	768	250	99.2	+	0	0	250M	145545	737888
L	6419	250	*	*	*	*	*	158859	*
H	6419	250	96.0	+	0	0	134MD115MI	145056	158859
H	7876	250	96.4	+	0	0	134MD115MI	145056	12980
L	1140	250	*	*	*	*	*	582429	*
H	1140	250	95.6	+	0	0	134MD115MI	145056	582429
L	9089	250	*	*	*	*	*	1144109	*
H	9089	250	99.6	+	0	0	250M	144735	1144109
L	13481	250	*	*	*	*	*	4416713	*
H	13481	250	96.0	+	0	0	250M	144735	4416713
L	8790	250	*	*	*	*	*	1122887	*
H	8790	250	95.6	+	0	0	250M	144735	1122887
L	8140	250	*	*	*	*	*	5217	*
H	8140	250	98.4	+	0	0	250M	144720	5217
L	5467	250	*	*	*	*	*	193675	*
H	5467	250	98.4	+	0	0	250M	144720	193675
H	10416	250	98.0	+	0	0	250M	144720	1122049
L	9755	250	*	*	*	*	*	1046846	*
H	9755	250	98.4	+	0	0	250M	141703	1046846
L	10925	250	*	*	*	*	*	625454	*
H	10925	250	98.4	+	0	0	250M	141703	625454
L	383	250	*	*	*	*	*	923209	*
H	383	250	98.4	+	0	0	250M	141703	923209
L	13936	250	*	*	*	*	*	4448503	*
H	13936	250	99.2	+	0	0	250M	140042	4448503
L	6941	250	*	*	*	*	*	114254	*
H	6941	250	99.2	+	0	0	250M	140042	114254
L	11198	250	*	*	*	*	*	1104486	*
H	11198	250	99.2	+	0	0	250M	140042	1104486
H	10789	250	100.0	+	0	0	250M	138930	1130073
L	10631	250	*	*	*	*	*	802792	*
H	10631	250	99.2	+	0	0	250M	138930	802792
L	4920	250	*	*	*	*	*	240979	*
H	4920	250	98.8	+	0	0	250M	138930	240979
L	684	250	*	*	*	*	*	805534	*
H	684	250	91.2	+	0	0	250M	136019	805534
L	4883	250	*	*	*	*	*	244736	*
H	4883	250	91.6	+	0	0	250M	136019	244736
L	6277	250	*	*	*	*	*	167717	*
H	6277	250	91.6	+	0	0	250M	136019	167717
L	6252	250	*	*	*	*	*	169604	*
H	6252	250	95.6	+	0	0	250M	129759	169604
H	14447	250	90.4	+	0	0	250M	129759	4480060
L	3708	250	*	*	*	*	*	321330	*
H	3708	250	90.4	+	0	0	250M	129759	321330
N	*	250	*	*	*	*	*	129337	*
N	*	250	*	*	*	*	*	115290	*
L	9509	250	*	*	*	*	*	1129384	*
H	9509	250	97.6	+	0	0	250M	113799	1129384
L	2861	250	*	*	*	*	*	370251	*
H	2861	250	97.6	+	0	0	250M	113799	370251
L	940	250	*	*	*	*	*	626012	*
H	940	250	92.4	+	0	0	250M	113799	626012
N	*	250	*	*	*	*	*	112212	*
L	7666	250	*	*	*	*	*	26799	*
H	7666	250	94.0	+	0	0	250M	111470	26799
L	1466	250	*	*	*	*	*	558128	*
H	1466	250	92.4	+	0	0	250M	111470	558128
L	6483	250	*	*	*	*	*	155996	*
H	6483	250	98.8	+	0	0	206MD5MD15MD21M3I	107429	155996
L	3716	250	*	*	*	*	*	320941	*
H	3716	250	98.8	+	0	0	206MD5MD15MD21M3I	107429	320941
L	7110	250	*	*	*	*	*	104129	*
H	7110	250	98.8	+	0	0	206MD5MD15MD21M3I	107429	104129
L	6609	250	*	*	*	*	*	147523	*
H	6609	250	92.8	+	0	0	250M	106754	147523
L	6588	250	*	*	*	*	*	149021	*
H	6588	250	91.2	+	0	0	250M	106754	149021
L	7224	250	*	*	*	*	*	93641	*
H	7224	250	91.2	+	0	0	250M	106754	93641
L	12281	250	*	*	*	*	*	4337455	*
H	12281	250	97.2	+	0	0	250M	106469	4337455
L	9051	250	*	*	*	*	*	2160270	*
H	9051	250	97.6	+	0	0	250M	106469	2160270
L	6877	250	*	*	*	*	*	129026	*
H	6877	250	97.2	+	0	0	250M	106469	129026
L	10308	250	*	*	*	*	*	836389	*
H	10308	250	91.6	+	0	0	250M	105998	836389
L	3445	250	*	*	*	*	*	342268	*
H	3445	250	91.2	+	0	0	250M	105998	342268
L	3664	250	*	*	*	*	*	324891	*
H	3664	250	91.6	+	0	0	250M	105998	324891
L	7019	250	*	*	*	*	*	108008	*
H	7019	250	96.0	+	0	0	250M	105653	108008
L	8610	250	*	*	*	*	*	1801172	*
H	8610	250	97.6	+	0	0	250M	105653	1801172
L	6759	250	*	*	*	*	*	139853	*
H	6759	250	96.4	+	0	0	250M	105653	139853
L	9905	250	*	*	*	*	*	707310	*
H	9905	250	96.4	+	0	0	250M	103743	707310
L	3903	250	*	*	*	*	*	305721	*
H	3903	250	94.8	+	0	0	250M	103743	305721
L	7215	250	*	*	*	*	*	94942	*
H	7215	250	94.8	+	0	0	250M	103743	94942
L	13338	250	*	*	*	*	*	4407376	*
H	13338	250	94.8	+	0	0	250M	103285	4407376
L	8138	250	*	*	*	*	*	5518	*
H	8138	250	95.6	+	0	0	250M	103285	5518
L	1337	250	*	*	*	*	*	568154	*
H	1337	250	95.6	+	0	0	250M	103285	568154
L	4712	250	*	*	*	*	*	259094	*
H	4712	250	97.2	+	0	0	250M	102993	259094
L	10585	250	*	*	*	*	*	1129537	*
H	10585	250	94.0	+	0	0	250M	102993	1129537
L	10239	250	*	*	*	*	*	3178296	*
H	10239	250	95.2	+	0	0	250M	102993	3178296
L	1103	250	*	*	*	*	*	585123	*
H	1103	250	95.6	+	0	0	79MI21MD88MD60MI	102064	585123
L	11202	250	*	*	*	*	*	3978769	*
H	11202	250	95.2	+	0	0	79MI21MD88MD60MI	102064	3978769
L	9148	250	*	*	*	*	*	1125951	*
H	9148	250	95.2	+	0	0	79MI21MD88MD60MI	102064	1125951
H	1504	250	94.0	+	0	0	65MD184MI	101860	555445
L	7254	250	*	*	*	*	*	90431	*
H	7254	250	90.8	+	0	0	65MD184MI	101860	90431
H	7061	250	91.6	+	0	0	65MD184MI	101860	106574
N	*	250	*	*	*	*	*	101495	*
L	8835	250	*	*	*	*	*	1986992	*
H	8835	250	99.6	+	0	0	250M	101121	1986992
L	8030	250	*	*	*	*	*	9254	*
H	8030	250	99.2	+	0	0	250M	101121	9254
L	8735	250	*	*	*	*	*	1913096	*
H	8735	250	99.6	+	0	0	250M	101121	1913096
L	494	250	*	*	*	*	*	859279	*
H	494	250	100.0	+	0	0	250M	100650	859279
L	9220	250	*	*	*	*	*	1126607	*
H	9220	250	100.0	+	0	0	250M	100650	1126607
L	642	250	*	*	*	*	*	814375	*
H	642	250	99.6	+	0	0	164MI85MD	100650	814375
L	6952	250	*	*	*	*	*	112402	*
H	6952	250	96.4	+	0	0	72MD177MI	99193	112402
L	8636	250	*	*	*	*	*	1819091	*
H	8636	250	96.4	+	0	0	72MD177MI	99193	1819091
L	11102	250	*	*	*	*	*	616049	*
H	11102	250	96.0	+	0	0	72MD177MI	99193	616049
L	1596	250	*	*	*	*	*	549232	*
H	1596	250	94.8	+	0	0	250M	91205	549232
L	12133	250	*	*	*	*	*	4327628	*
H	12133	250	94.4	+	0	0	250M	91205	4327628
L	4913	250	*	*	*	*	*	241440	*
H	4913	250	94.0	+	0	0	250M	91205	241440
L	8635	250	*	*	*	*	*	1818342	*
H	8635	250	98.8	+	0	0	250M	84438	1818342
L	12573	250	*	*	*	*	*	4356719	*
H	12573	250	98.4	+	0	0	250M	84438	4356719
L	3590	250	*	*	*	*	*	330659	*
H	3590	250	99.2	+	0	0	250M	84438	330659
L	11163	250	*	*	*	*	*	3942007	*
H	11163	250	99.2	+	0	0	250M	77308	3942007
L	909	250	*	*	*	*	*	643617	*
H	909	250	98.8	+	0	0	250M	77308	643617
L	1359	250	*	*	*	*	*	566839	*
H	1359	250	98.0	+	0	0	250M	77308	566839
L	11193	250	*	*	*	*	*	612512	*
H	11193	250	98.4	+	0	0	250M	74465	612512
L	9774	250	*	*	*	*	*	796594	*
H	9774	250	97.2	+	0	0	250M	74465	796594
L	7415	250	*	*	*	*	*	70728	*
H	7415	250	98.0	+	0	0	250M	74465	70728
H	12864	250	93.6	+	0	0	250M	68830	4375255
H	9981	250	92.0	+	0	0	250M	68830	2960735
N	*	250	*	*	*	*	*	63955	*
L	7332	250	*	*	*	*	*	80820	*
H	7332	250	92.4	+	0	0	250M	60827	80820
L	6982	250	*	*	*	*	*	110591	*
H	6982	250	92.8	+	0	0	250M	60827	110591
L	13092	250	*	*	*	*	*	4388793	*
H	13092	250	91.6	+	0	0	250M	60827	4388793
L	13762	250	*	*	*	*	*	4437422	*
H	13762	250	95.6	+	0	0	250M	55486	4437422
L	11524	250	*	*	*	*	*	4233669	*
H	11524	250	96.0	+	0	0	250M	55486	4233669
L	12640	250	*	*	*	*	*	4360442	*
H	12640	250	95.6	+	0	0	250M	55486	4360442
L	1523	250	*	*	*	*	*	4412575	*
H	1523	250	98.4	+	0	0	250M	53642	4412575
L	919	250	*	*	*	*	*	636825	*
H	919	250	93.6	+	0	0	250M	53642	636825
L	7750	250	*	*	*	*	*	16011	*
H	7750	250	90.4	+	0	0	250M	53642	16011
L	13538	250	*	*	*	*	*	4422114	*
H	13538	250	100.0	+	0	0	250M	52818	4422114
L	8849	250	*	*	*	*	*	1137294	*
H	8849	250	100.0	+	0	0	250M	52818	1137294
L	13732	250	*	*	*	*	*	4435408	*
H	13732	250	100.0	+	0	0	250M	52818	4435408
N	*	250	*	*	*	*	*	51329	*
N	*	250	*	*	*	*	*	51091	*
L	2606	250	*	*	*	*	*	470510	*
H	2606	250	96.0	+	0	0	250M	49918	470510
L	924	250	*	*	*	*	*	632539	*
H	924	250	95.2	+	0	0	250M	49918	632539
L	6999	250	*	*	*	*	*	109112	*
H	6999	250	94.4	+	0	0	250M	49918	109112
L	9206	250	*	*	*	*	*	1145083	*
H	9206	250	96.8	+	0	0	250M	41281	1145083
L	6406	250	*	*	*	*	*	159833	*
H	6406	250	96.8	+	0	0	250M	41281	159833
L	12235	250	*	*	*	*	*	4334615	*
H	12235	250	95.6	+	0	0	250M	41281	4334615
N	*	250	*	*	*	*	*	41119	*
L	10545	250	*	*	*	*	*	1140356	*
H	10545	250	98.0	+	0	0	250M	40556	1140356
L	11798	250	*	*	*	*	*	4306691	*
H	11798	250	95.2	+	0	0	149MI100MD	40556	4306691
L	11864	250	*	*	*	*	*	4310509	*
H	11864	250	95.6	+	0	0	250M	40556	4310509
H	13992	250	97.6	+	0	0	250M	39706	4453271
L	9948	250	*	*	*	*	*	1127719	*
H	9948	250	90.4	+	0	0	250M	39706	1127719
H	12509	250	92.0	+	0	0	250M	39706	4352219
H	7876	250	97.6	+	0	0	250M	30376	12980
L	903	250	*	*	*	*	*	649178	*
H	903	250	96.8	+	0	0	250M	30376	649178
L	12654	250	*	*	*	*	*	4361351	*
H	12654	250	96.0	+	0	0	250M	30376	4361351
L	12770	250	*	*	*	*	*	4369445	*
H	12770	250	100.0	+	0	0	250M	29533	4369445
L	8570	250	*	*	*	*	*	24490	*
H	8570	250	96.8	+	0	0	250M	29533	24490
L	8413	250	*	*	*	*	*	1655542	*
H	8413	250	96.8	+	0	0	250M	29533	1655542
H	10061	250	90.8	+	0	0	250M	18561	1124398
L	14461	250	*	*	*	*	*	4480656	*
H	14461	250	96.0	+	0	0	96MI153MD	14976	4480656
L	7784	250	*	*	*	*	*	14997	*
H	7784	250	96.4	+	0	0	53M2I43MI151M3D	14976	14997
L	13098	250	*	*	*	*	*	4389141	*
H	13098	250	96.4	+	0	0	53M2I43MI151M3D	14976	4389141
L	11363	250	*	*	*	*	*	1135374	*
H	11363	250	96.8	+	0	0	250M	14492	1135374
L	6395	250	*	*	*	*	*	160610	*
H	6395	250	96.4	+	0	0	250M	14492	160610
L	4957	250	*	*	*	*	*	238051	*
H	4957	250	96.4	+	0	0	250M	14492	238051
L	7822	250	*	*	*	*	*	14295	*
H	7822	250	90.4	+	0	0	250M	14302	14295
L	14315	250	*	*	*	*	*	4472101	*
H	14315	250	92.8	+	0	0	12MD143MD93M2I	14302	4472101
L	1348	250	*	*	*	*	*	567510	*
H	1348	250	90.8	+	0	0	250M	14302	567510
L	8404	250	*	*	*	*	*	739471	*
H	8404	250	91.2	+	0	0	250M	13728	739471
L	7619	250	*	*	*	*	*	34323	*
H	7619	250	92.0	+	0	0	250M	13728	34323
L	13448	250	*	*	*	*	*	690594	*
H	13448	250	91.6	+	0	0	250M	13728	690594
H	4421	250	95.2	+	0	0	80MI63MI105M2D	12986	275689
H	7876	250	95.6	+	0	0	80MI63MI105M2D	12986	12980
L	3365	250	*	*	*	*	*	347584	*
H	3365	250	95.2	+	0	0	80MI63MI105M2D	12986	347584
L	7879	250	*	*	*	*	*	12878	*
H	7879	250	99.2	+	0	0	250M	12837	12878
L	10877	250	*	*	*	*	*	1128237	*
H	10877	250	99.2	+	0	0	250M	12837	1128237
L	2767	250	*	*	*	*	*	404948	*
H	2767	250	99.2	+	0	0	250M	12837	404948
L	12345	250	*	*	*	*	*	4341984	*
H	12345	250	98.8	+	0	0	250M	12828	4341984
L	12346	250	*	*	*	*	*	4341985	*
H	12346	250	98.8	+	0	0	250M	12828	4341985
L	12347	250	*	*	*	*	*	4341986	*
H	12347	250	98.8	+	0	0	250M	12828	4341986
L	9419	250	*	*	*	*	*	2465170	*
H	9419	250	99.6	+	0	0	250M	11439	2465170
L	1250	250	*	*	*	*	*	575032	*
H	1250	250	98.4	+	0	0	250M	11439	575032
L	8352	250	*	*	*	*	*	1602208	*
H	8352	250	98.0	+	0	0	250M	11439	1602208
N	*	250	*	*	*	*	*	11226	*
L	4826	250	*	*	*	*	*	249636	*
H	4826	250	93.2	+	0	0	250M	10865	249636
L	6798	250	*	*	*	*	*	136773	*
H	6798	250	90.8	+	0	0	250M	10865	136773
L	1558	250	*	*	*	*	*	551572	*
H	1558	250	90.8	+	0	0	250M	10865	551572
L	8761	250	*	*	*	*	*	1125489	*
H	8761	250	95.6	+	0	0	250M	10839	1125489
L	8810	250	*	*	*	*	*	1132993	*
H	8810	250	91.6	+	0	0	250M	10839	1132993
L	7975	250	*	*	*	*	*	10792	*
H	7975	250	92.4	+	0	0	250M	10839	10792
L	8254	250	*	*	*	*	*	1137708	*
H	8254	250	99.6	+	0	0	250M	10695	1137708
L	7980	250	*	*	*	*	*	10658	*
H	7980	250	98.4	+	0	0	250M	10695	10658
L	8965	250	*	*	*	*	*	838434	*
H	8965	250	98.4	+	0	0	250M	10695	838434
L	8562	250	*	*	*	*	*	1773389	*
H	8562	250	100.0	+	0	0	250M	10633	1773389
L	7982	250	*	*	*	*	*	10626	*
H	7982	250	100.0	+	0	0	250M	10633	10626
L	7981	250	*	*	*	*	*	10629	*
H	7981	250	100.0	+	0	0	250M	10633	10629
N	*	250	*	*	*	*	*	9351	*
H	8030	250	99.6	+	0	0	250M	9252	9254
H	8835	250	100.0	+	0	0	250M	9252	1986992
H	8735	250	100.0	+	0	0	250M	9252	1913096
L	12574	250	*	*	*	*	*	4356825	*
H	12574	250	99.2	+	0	0	13MI236MD	8898	4356825
L	7317	250	*	*	*	*	*	81949	*
H	7317	250	97.6	+	0	0	13MI236MD	8898	81949
L	7008	250	*	*	*	*	*	108683	*
H	7008	250	94.8	+	0	0	13MI236MD	8898	108683
H	8320	250	92.8	+	0	0	250M	8035	1128670
H	10312	250	92.0	+	0	0	250M	8035	1139791
L	8077	250	*	*	*	*	*	8086	*
H	8077	250	92.8	+	0	0	250M	8035	8086
H	8092	250	95.6	+	0	0	250M	7539	7556
H	13112	250	93.2	+	0	0	250M	7539	4390091
H	7442	250	94.0	+	0	0	250M	7539	67654
N	*	250	*	*	*	*	*	7504	*
L	1371	250	*	*	*	*	*	566047	*
H	1371	250	96.4	+	0	0	250M	7346	566047
L	6445	250	*	*	*	*	*	157892	*
H	6445	250	96.4	+	0	0	250M	7346	157892
L	9884	250	*	*	*	*	*	1136534	*
H	9884	250	96.8	+	0	0	250M	7346	1136534
L	13589	250	*	*	*	*	*	4425960	*
H	13589	250	98.8	+	0	0	250M	7213	4425960
L	929	250	*	*	*	*	*	629864	*
H	929	250	98.8	+	0	0	250M	7213	629864
L	6180	250	*	*	*	*	*	173767	*
H	6180	250	98.8	+	0	0	250M	7213	173767
L	7642	250	*	*	*	*	*	29792	*
H	7642	250	96.4	+	0	0	250M	6503	29792
L	8118	250	*	*	*	*	*	6591	*
H	8118	250	97.2	+	0	0	250M	6503	6591
L	8117	250	*	*	*	*	*	6602	*
H	8117	250	96.8	+	0	0	250M	6503	6602
L	957	250	*	*	*	*	*	609349	*
H	957	250	91.2	+	0	0	250M	5857	609349
L	10629	250	*	*	*	*	*	1134770	*
H	10629	250	98.8	+	0	0	250M	5263	1134770
L	3696	250	*	*	*	*	*	322227	*
H	3696	250	96.0	+	0	0	250M	5263	322227
L	4559	250	*	*	*	*	*	267876	*
H	4559	250	96.0	+	0	0	250M	5263	267876
L	10593	250	*	*	*	*	*	3468225	*
H	10593	250	95.2	+	0	0	250M	5113	3468225
L	7654	250	*	*	*	*	*	28386	*
H	7654	250	95.2	+	0	0	250M	5113	28386
L	4836	250	*	*	*	*	*	248577	*
H	4836	250	94.8	+	0	0	250M	5113	248577
L	139	250	*	*	*	*	*	1056070	*
H	139	250	96.4	+	0	0	250M	4638	1056070
L	5798	250	*	*	*	*	*	185052	*
H	5798	250	95.6	+	0	0	250M	4638	185052
L	10295	250	*	*	*	*	*	621303	*
H	10295	250	95.6	+	0	0	129MI120MD	4638	621303
N	*	250	*	*	*	*	*	4509	*
N	*	250	*	*	*	*	*	3804	*
L	9760	250	*	*	*	*	*	2755928	*
H	9760	250	90.4	+	0	0	250M	3497	2755928
L	11408	250	*	*	*	*	*	845595	*
H	11408	250	98.0	+	0	0	149MI100MD	3288	845595
L	452	250	*	*	*	*	*	880627	*
H	452	250	98.4	+	0	0	250M	3288	880627
L	5804	250	*	*	*	*	*	184790	*
H	5804	250	98.4	+	0	0	250M	3288	184790
L	6404	250	*	*	*	*	*	159887	*
H	6404	250	98.4	+	0	0	196MI53MD	3125	159887
L	7176	250	*	*	*	*	*	100215	*
H	7176	250	91.6	+	0	0	193MI56MD	3125	100215
L	4683	250	*	*	*	*	*	260856	*
H	4683	250	92.4	+	0	0	193MI56MD	3125	260856
N	*	250	*	*	*	*	*	2599	*
L	9936	250	*	*	*	*	*	2918986	*
H	9936	250	94.4	+	0	0	250M	1875	2918986
N	*	250	*	*	*	*	*	1871	*
L	10104	250	*	*	*	*	*	1134316	*
H	10104	250	99.2	+	0	0	250M	1124707	1134316
L	4652	250	*	*	*	*	*	262377	*
H	4652	250	98.4	+	0	0	250M	1124707	262377
H	4658	250	98.4	+	0	0	250M	1124707	262021
L	11998	250	*	*	*	*	*	4319468	*
H	11998	250	90.0	+	0	0	250M	1131099	4319468
L	2166	250	*	*	*	*	*	521806	*
H	2166	250	91.6	+	0	0	250M	1131099	521806
L	6502	250	*	*	*	*	*	154763	*
H	6502	250	91.6	+	0	0	250M	1131099	154763
H	13338	250	94.0	+	0	0	250M	609314	4407376
H	1337	250	95.2	+	0	0	250M	609314	568154
H	8138	250	95.2	+	0	0	250M	609314	5518
L	10283	250	*	*	*	*	*	1132384	*
H	10283	250	92.4	+	0	0	250M	1548009	1132384
L	13632	250	*	*	*	*	*	4428440	*
H	13632	250	96.4	+	0	0	250M	728315	4428440
L	12866	250	*	*	*	*	*	4375314	*
H	12866	250	92.8	+	0	0	250M	728315	4375314
L	8932	250	*	*	*	*	*	1144686	*
H	8932	250	92.0	+	0	0	250M	728315	1144686
L	11403	250	*	*	*	*	*	1136009	*
H	11403	250	95.2	+	0	0	250M	1585210	1136009
L	7334	250	*	*	*	*	*	80229	*
H	7334	250	94.8	+	0	0	250M	1585210	80229
L	6612	250	*	*	*	*	*	147268	*
H	6612	250	94.4	+	0	0	56MD12MD180M2I	1585210	147268
L	9562	250	*	*	*	*	*	2572567	*
H	9562	250	96.8	+	0	0	149M2I99M2D	1592799	2572567
L	9632	250	*	*	*	*	*	2638784	*
H	9632	250	90.4	+	0	0	234MD15MI	1592799	2638784
L	12581	250	*	*	*	*	*	4357166	*
H	12581	250	90.0	+	0	0	234MD15MI	1592799	4357166
L	10715	250	*	*	*	*	*	3568708	*
H	10715	250	100.0	+	0	0	250M	1646259	3568708
L	10479	250	*	*	*	*	*	3368019	*
H	10479	250	100.0	+	0	0	250M	1646259	3368019
L	11552	250	*	*	*	*	*	4251078	*
H	11552	250	99.6	+	0	0	250M	1646259	4251078
L	9280	250	*	*	*	*	*	2343601	*
H	9280	250	96.8	+	0	0	250M	1649618	2343601
L	13918	250	*	*	*	*	*	4447123	*
H	13918	250	95.2	+	0	0	250M	1657383	4447123
H	4882	250	94.8	+	0	0	250M	1657383	244757
H	12112	250	93.6	+	0	0	250M	1657383	4326319
L	10639	250	*	*	*	*	*	821517	*
H	10639	250	90.4	+	0	0	250M	1130618	821517
L	8954	250	*	*	*	*	*	2094423	*
H	8954	250	92.4	+	0	0	40MD209MI	813080	2094423
L	9312	250	*	*	*	*	*	2369177	*
H	9312	250	99.6	+	0	0	250M	1715972	2369177
L	8926	250	*	*	*	*	*	2072489	*
H	8926	250	98.4	+	0	0	250M	1715972	2072489
L	9672	250	*	*	*	*	*	2682867	*
H	9672	250	98.4	+	0	0	250M	1715972	2682867
H	6924	250	94.4	+	0	0	250M	656307	115286
H	10461	250	92.8	+	0	0	250M	656307	620813
H	1480	250	91.6	+	0	0	250M	656307	557513
L	10454	250	*	*	*	*	*	832652	*
H	10454	250	99.2	+	0	0	250M	1133935	832652
L	178	250	*	*	*	*	*	1039074	*
H	178	250	99.2	+	0	0	250M	1133935	1039074
L	7240	250	*	*	*	*	*	91892	*
H	7240	250	99.2	+	0	0	250M	1133935	91892
L	4841	250	*	*	*	*	*	247727	*
H	4841	250	95.2	+	0	0	176MI38MI34M2D	638076	247727
L	9748	250	*	*	*	*	*	1130616	*
H	9748	250	91.6	+	0	0	118MI131MD	638076	1130616
L	9291	250	*	*	*	*	*	1132071	*
H	9291	250	91.2	+	0	0	118MI131MD	638076	1132071
L	9097	250	*	*	*	*	*	2199910	*
H	9097	250	97.6	+	0	0	250M	1133608	2199910
H	7240	250	97.6	+	0	0	250M	1133608	91892
L	13575	250	*	*	*	*	*	4424642	*
H	13575	250	97.6	+	0	0	250M	1133608	4424642
L	7034	250	*	*	*	*	*	107507	*
H	7034	250	92.8	+	0	0	56MD193MI	815884	107507
L	4423	250	*	*	*	*	*	275651	*
H	4423	250	92.8	+	0	0	56MD193MI	815884	275651
L	949	250	*	*	*	*	*	615189	*
H	949	250	92.4	+	0	0	56MD193MI	815884	615189
L	1647	250	*	*	*	*	*	544152	*
H	1647	250	93.6	+	0	0	250M	1134626	544152
L	695	250	*	*	*	*	*	797038	*
H	695	250	93.6	+	0	0	250M	1134626	797038
L	5063	250	*	*	*	*	*	225045	*
H	5063	250	92.8	+	0	0	250M	1134626	225045
L	10832	250	*	*	*	*	*	775237	*
H	10832	250	100.0	+	0	0	250M	730249	775237
L	4762	250	*	*	*	*	*	256396	*
H	4762	250	99.6	+	0	0	108MI141MD	730249	256396
L	11251	250	*	*	*	*	*	4011753	*
H	11251	250	100.0	+	0	0	250M	730249	4011753
L	2155	250	*	*	*	*	*	522244	*
H	2155	250	90.0	+	0	0	250M	1800506	522244
L	7974	250	*	*	*	*	*	10829	*
H	7974	250	90.0	+	0	0	250M	1800506	10829
H	12581	250	98.8	+	0	0	188MD61MI	1803005	4357166
H	9632	250	96.8	+	0	0	186MD63MI	1803005	2638784
L	9251	250	*	*	*	*	*	2318918	*
H	9251	250	96.4	+	0	0	250M	1803005	2318918
H	12581	250	97.2	+	0	0	187MD62MI	1803014	4357166
H	9251	250	96.0	+	0	0	250M	1803014	2318918
H	9632	250	95.2	+	0	0	186MD63MI	1803014	2638784
L	9986	250	*	*	*	*	*	1145398	*
H	9986	250	92.8	+	0	0	250M	1144850	1145398
L	9628	250	*	*	*	*	*	2636683	*
H	9628	250	91.2	+	0	0	250M	1144850	2636683
L	11257	250	*	*	*	*	*	1105256	*
H	11257	250	91.2	+	0	0	250M	1144850	1105256
L	12015	250	*	*	*	*	*	4320591	*
H	12015	250	94.0	+	0	0	250M	1131185	4320591
H	4674	250	94.8	+	0	0	250M	1131185	261255
L	4790	250	*	*	*	*	*	253403	*
H	4790	250	94.0	+	0	0	250M	1131185	253403
L	12375	250	*	*	*	*	*	4343683	*
H	12375	250	95.6	+	0	0	250M	734955	4343683
L	8287	250	*	*	*	*	*	1119481	*
H	8287	250	95.2	+	0	0	250M	734955	1119481
L	8288	250	*	*	*	*	*	1114941	*
H	8288	250	95.2	+	0	0	250M	734955	1114941
N	*	250	*	*	*	*	*	1824285	*
L	8348	250	*	*	*	*	*	1127851	*
H	8348	250	90.4	+	0	0	250M	1136078	1127851
L	12632	250	*	*	*	*	*	4360164	*
H	12632	250	90.4	+	0	0	250M	1136078	4360164
L	10668	250	*	*	*	*	*	3526876	*
H	10668	250	91.6	+	0	0	250M	1136078	3526876
H	1701	250	98.4	+	0	0	250M	1125844	539319
H	744	250	97.2	+	0	0	250M	1125844	757185
L	11015	250	*	*	*	*	*	725444	*
H	11015	250	97.2	+	0	0	250M	1125844	725444
L	3186	250	*	*	*	*	*	359367	*
H	3186	250	99.2	+	0	0	250M	1143902	359367
L	7589	250	*	*	*	*	*	38986	*
H	7589	250	96.8	+	0	0	250M	1143902	38986
L	7690	250	*	*	*	*	*	23551	*
H	7690	250	96.8	+	0	0	250M	1143902	23551
N	*	250	*	*	*	*	*	1837676	*
L	1084	250	*	*	*	*	*	586521	*
H	1084	250	96.4	+	0	0	250M	709363	586521
L	7754	250	*	*	*	*	*	15785	*
H	7754	250	97.6	+	0	0	250M	709363	15785
L	13848	250	*	*	*	*	*	4442938	*
H	13848	250	96.8	+	0	0	250M	709363	4442938
L	13061	250	*	*	*	*	*	4386973	*
H	13061	250	96.8	+	0	0	250M	794652	4386973
L	7943	250	*	*	*	*	*	11982	*
H	7943	250	97.2	+	0	0	250M	794652	11982
L	4456	250	*	*	*	*	*	273630	*
H	4456	250	97.2	+	0	0	250M	794652	273630
L	10951	250	*	*	*	*	*	3746876	*
H	10951	250	100.0	+	0	0	250M	1913623	3746876
H	9672	250	100.0	+	0	0	250M	1913623	2682867
H	8926	250	100.0	+	0	0	250M	1913623	2072489
H	1472	250	100.0	+	0	0	250M	811951	557711
L	8869	250	*	*	*	*	*	2027409	*
H	8869	250	98.8	+	0	0	250M	811951	2027409
H	10789	250	98.4	+	0	0	250M	811951	1130073
L	4593	250	*	*	*	*	*	265604	*
H	4593	250	93.6	+	0	0	250M	1125228	265604
L	13832	250	*	*	*	*	*	4441660	*
H	13832	250	91.6	+	0	0	250M	1125228	4441660
L	8440	250	*	*	*	*	*	1672756	*
H	8440	250	92.0	+	0	0	250M	1125228	1672756
H	1693	250	90.0	+	0	0	250M	1132942	539939
H	13574	250	97.6	+	0	0	250M	1143398	4424414
L	13479	250	*	*	*	*	*	4416538	*
H	13479	250	97.6	+	0	0	250M	1143398	4416538
L	1197	250	*	*	*	*	*	578890	*
H	1197	250	97.6	+	0	0	250M	1143398	578890
H	9632	250	100.0	+	0	0	250M	2035238	2638784
H	12581	250	97.2	+	0	0	250M	2035238	4357166
H	9251	250	93.6	+	0	0	186MI63MD	2035238	2318918
L	8507	250	*	*	*	*	*	1143460	*
H	8507	250	94.8	+	0	0	250M	1133602	1143460
L	13731	250	*	*	*	*	*	4435279	*
H	13731	250	94.4	+	0	0	250M	1133602	4435279
L	8210	250	*	*	*	*	*	2420	*
H	8210	250	94.0	+	0	0	250M	1133602	2420
L	10767	250	*	*	*	*	*	3606810	*
H	10767	250	100.0	+	0	0	250M	2057787	3606810
H	11552	250	100.0	+	0	0	250M	2057787	4251078
L	13993	250	*	*	*	*	*	4453316	*
H	13993	250	100.0	+	0	0	250M	2057787	4453316
H	10223	250	97.2	+	0	0	250M	744642	726766
N	*	250	*	*	*	*	*	2096960	*
L	9572	250	*	*	*	*	*	809850	*
H	9572	250	96.4	+	0	0	250M	816056	809850
L	14313	250	*	*	*	*	*	4472012	*
H	14313	250	96.0	+	0	0	250M	816056	4472012
L	13954	250	*	*	*	*	*	4449855	*
H	13954	250	95.2	+	0	0	250M	816056	4449855
H	9748	250	91.6	+	0	0	110MI139MD	1143228	1130616
H	9291	250	90.0	+	0	0	110MI139MD	1143228	1132071
L	7808	250	*	*	*	*	*	14503	*
H	7808	250	90.0	+	0	0	110MI139MD	1143228	14503
N	*	250	*	*	*	*	*	2156406	*
L	9185	250	*	*	*	*	*	2270059	*
H	9185	250	93.6	+	0	0	218M2I30M2D	2170497	2270059
L	8783	250	*	*	*	*	*	1942913	*
H	8783	250	90.0	+	0	0	219M2I29M2D	2170497	1942913
N	*	250	*	*	*	*	*	2223044	*
H	12861	250	94.4	+	0	0	250M	2228266	4374945
H	8121	250	94.8	+	0	0	250M	2228266	6368
H	10649	250	96.0	+	0	0	250M	2228266	3509168
L	5759	250	*	*	*	*	*	185766	*
H	5759	250	95.6	+	0	0	250M	2318399	185766
L	9579	250	*	*	*	*	*	1131423	*
H	9579	250	91.6	+	0	0	250M	2318399	1131423
L	4555	250	*	*	*	*	*	267948	*
H	4555	250	91.6	+	0	0	250M	2318399	267948
L	13919	250	*	*	*	*	*	4447124	*
H	13919	250	95.6	+	0	0	250M	637350	4447124
L	1442	250	*	*	*	*	*	560027	*
H	1442	250	96.0	+	0	0	250M	637350	560027
H	12697	250	96.0	+	0	0	250M	637350	4365006
H	9745	250	100.0	+	0	0	250M	1140286	1130587
H	10285	250	99.6	+	0	0	164MI85MD	1140286	3206871
H	10774	250	100.0	+	0	0	250M	1140286	1084531
H	12770	250	97.2	+	0	0	250M	731367	4369445
H	8570	250	96.4	+	0	0	250M	731367	24490
H	8413	250	96.4	+	0	0	250M	731367	1655542
L	8560	250	*	*	*	*	*	1771843	*
H	8560	250	99.6	+	0	0	250M	2397589	1771843
L	12853	250	*	*	*	*	*	4374425	*
H	12853	250	99.2	+	0	0	102MD147MI	2397589	4374425
L	9342	250	*	*	*	*	*	2397567	*
H	9342	250	95.6	+	0	0	250M	2397589	2397567
H	8954	250	94.4	+	0	0	250M	940401	2094423
L	6771	250	*	*	*	*	*	138582	*
H	6771	250	93.6	+	0	0	250M	940401	138582
L	7526	250	*	*	*	*	*	51657	*
H	7526	250	90.8	+	0	0	250M	940401	51657
L	12747	250	*	*	*	*	*	4367987	*
H	12747	250	100.0	+	0	0	250M	1143023	4367987
H	12820	250	97.2	+	0	0	250M	1143023	4371951
L	7148	250	*	*	*	*	*	101883	*
H	7148	250	98.0	+	0	0	250M	1143023	101883
N	*	250	*	*	*	*	*	2414618	*
L	6874	250	*	*	*	*	*	129923	*
H	6874	250	98.0	+	0	0	250M	1112913	129923
L	7013	250	*	*	*	*	*	108433	*
H	7013	250	98.0	+	0	0	250M	1112913	108433
L	4896	250	*	*	*	*	*	243371	*
H	4896	250	97.6	+	0	0	175MD74MI	1112913	243371
N	*	250	*	*	*	*	*	2426770	*
H	9342	250	96.4	+	0	0	250M	2426772	2397567
H	8560	250	94.0	+	0	0	250M	2426772	1771843
L	10498	250	*	*	*	*	*	3386818	*
H	10498	250	94.0	+	0	0	250M	2426772	3386818
H	9342	250	94.4	+	0	0	208M4D38M4I	2426773	2397567
H	8560	250	92.8	+	0	0	208M4D38M4I	2426773	1771843
H	10498	250	92.0	+	0	0	208M4D38M4I	2426773	3386818
H	6609	250	95.6	+	0	0	250M	804160	147523
H	6588	250	94.0	+	0	0	250M	804160	149021
H	7224	250	92.8	+	0	0	250M	804160	93641
N	*	250	*	*	*	*	*	849361	*
L	10893	250	*	*	*	*	*	636377	*
H	10893	250	92.0	+	0	0	250M	2476144	636377
L	11089	250	*	*	*	*	*	1129515	*
H	11089	250	92.4	+	0	0	250M	2476144	1129515
L	6557	250	*	*	*	*	*	150813	*
H	6557	250	92.0	+	0	0	250M	2476144	150813
L	8764	250	*	*	*	*	*	1142320	*
H	8764	250	90.4	+	0	0	250M	741587	1142320
L	8349	250	*	*	*	*	*	1145943	*
H	8349	250	98.0	+	0	0	250M	1144726	1145943
L	9511	250	*	*	*	*	*	1122547	*
H	9511	250	96.4	+	0	0	250M	1144726	1122547
L	13654	250	*	*	*	*	*	4430011	*
H	13654	250	94.4	+	0	0	250M	1144726	4430011
H	11193	250	97.2	+	0	0	250M	2494659	612512
L	7249	250	*	*	*	*	*	91169	*
H	7249	250	96.8	+	0	0	250M	2494659	91169
L	5474	250	*	*	*	*	*	193422	*
H	5474	250	96.8	+	0	0	250M	2494659	193422
H	7879	250	99.6	+	0	0	250M	1122559	12878
H	10877	250	99.6	+	0	0	250M	1122559	1128237
L	1356	250	*	*	*	*	*	567221	*
H	1356	250	99.6	+	0	0	250M	1122559	567221
L	13506	250	*	*	*	*	*	4418842	*
H	13506	250	98.0	+	0	0	250M	2500552	4418842
H	13673	250	96.0	+	0	0	250M	2500552	4431590
L	12841	250	*	*	*	*	*	4373091	*
H	12841	250	97.6	+	0	0	250M	2500552	4373091
L	4837	250	*	*	*	*	*	248512	*
H	4837	250	100.0	+	0	0	250M	2529283	248512
H	5005	250	99.6	+	0	0	250M	2529283	233626
H	4997	250	99.6	+	0	0	250M	2529283	234592
L	8707	250	*	*	*	*	*	1886044	*
H	8707	250	98.8	+	0	0	250M	2529960	1886044
H	10715	250	99.2	+	0	0	250M	2529960	3568708
H	10479	250	99.2	+	0	0	250M	2529960	3368019
L	1414	250	*	*	*	*	*	562499	*
H	1414	250	96.4	+	0	0	250M	1133255	562499
L	13841	250	*	*	*	*	*	4442440	*
H	13841	250	96.8	+	0	0	250M	1133255	4442440
L	12751	250	*	*	*	*	*	4368044	*
H	12751	250	96.0	+	0	0	250M	1133255	4368044
H	9632	250	99.6	+	0	0	250M	2542324	2638784
H	12581	250	96.8	+	0	0	250M	2542324	4357166
L	9343	250	*	*	*	*	*	2397581	*
H	9343	250	93.2	+	0	0	206M2I42M2D	2542324	2397581
L	12494	250	*	*	*	*	*	4350882	*
H	12494	250	97.2	+	0	0	250M	844567	4350882
L	13083	250	*	*	*	*	*	4388300	*
H	13083	250	97.2	+	0	0	250M	844567	4388300
L	12493	250	*	*	*	*	*	4350881	*
H	12493	250	97.2	+	0	0	250M	844567	4350881
L	7630	250	*	*	*	*	*	32247	*
H	7630	250	95.6	+	0	0	250M	814799	32247
L	8758	250	*	*	*	*	*	1142974	*
H	8758	250	94.8	+	0	0	250M	814799	1142974
L	10011	250	*	*	*	*	*	1137331	*
H	10011	250	95.2	+	0	0	250M	814799	1137331
L	4534	250	*	*	*	*	*	268782	*
H	4534	250	97.6	+	0	0	250M	1144223	268782
L	3556	250	*	*	*	*	*	333578	*
H	3556	250	97.6	+	0	0	250M	1144223	333578
L	5589	250	*	*	*	*	*	190237	*
H	5589	250	97.6	+	0	0	250M	1144223	190237
L	13211	250	*	*	*	*	*	4396918	*
H	13211	250	98.0	+	0	0	250M	2606464	4396918
L	13286	250	*	*	*	*	*	4403600	*
H	13286	250	97.6	+	0	0	250M	2606464	4403600
L	4420	250	*	*	*	*	*	275701	*
H	4420	250	96.0	+	0	0	250M	2606464	275701
L	4107	250	*	*	*	*	*	295647	*
H	4107	250	99.6	+	0	0	250M	2648149	295647
L	6108	250	*	*	*	*	*	175858	*
H	6108	250	99.6	+	0	0	250M	2648149	175858
L	11392	250	*	*	*	*	*	1134528	*
H	11392	250	99.2	+	0	0	250M	2648149	1134528
H	13961	250	96.8	+	0	0	250M	2675217	4450440
L	13470	250	*	*	*	*	*	4415951	*
H	13470	250	96.8	+	0	0	250M	2675217	4415951
L	6478	250	*	*	*	*	*	156425	*
H	6478	250	96.8	+	0	0	250M	2675217	156425
L	8737	250	*	*	*	*	*	1913619	*
H	8737	250	100.0	+	0	0	250M	2682874	1913619
H	11552	250	98.8	+	0	0	250M	2682874	4251078
L	8745	250	*	*	*	*	*	1918929	*
H	8745	250	99.2	+	0	0	250M	2682874	1918929
H	8092	250	95.2	+	0	0	250M	815656	7556
H	4447	250	94.4	+	0	0	250M	815656	274061
H	11431	250	91.6	+	0	0	250M	815656	1123994
L	1703	250	*	*	*	*	*	539230	*
H	1703	250	98.0	+	0	0	134MD115MI	1127838	539230
L	4864	250	*	*	*	*	*	246206	*
H	4864	250	98.0	+	0	0	134MD115MI	1127838	246206
H	903	250	97.2	+	0	0	134MD115MI	1127838	649178
L	13695	250	*	*	*	*	*	4432889	*
H	13695	250	98.8	+	0	0	250M	1131267	4432889
L	1215	250	*	*	*	*	*	577317	*
H	1215	250	98.8	+	0	0	250M	1131267	577317
H	1157	250	98.8	+	0	0	250M	1131267	581352
L	6065	250	*	*	*	*	*	177520	*
H	6065	250	92.8	+	0	0	250M	851782	177520
L	6629	250	*	*	*	*	*	145765	*
H	6629	250	92.4	+	0	0	250M	851782	145765
L	2910	250	*	*	*	*	*	368395	*
H	2910	250	92.4	+	0	0	250M	851782	368395
H	13231	250	94.0	+	0	0	250M	1138276	4398600
H	13480	250	94.0	+	0	0	250M	1138276	4416544
L	8361	250	*	*	*	*	*	948029	*
H	8361	250	93.2	+	0	0	250M	1138276	948029
L	7572	250	*	*	*	*	*	41059	*
H	7572	250	94.4	+	0	0	250M	1140484	41059
L	7979	250	*	*	*	*	*	10662	*
H	7979	250	93.6	+	0	0	250M	1140484	10662
L	6535	250	*	*	*	*	*	152460	*
H	6535	250	95.6	+	0	0	250M	1140484	152460
N	*	250	*	*	*	*	*	812557	*
N	*	250	*	*	*	*	*	822699	*
H	10715	250	100.0	+	0	0	250M	2927689	3568708
H	10479	250	100.0	+	0	0	250M	2927689	3368019
H	11552	250	99.6	+	0	0	250M	2927689	4251078
H	12635	250	99.6	+	0	0	250M	1140240	4360273
H	13174	250	98.8	+	0	0	250M	1140240	4394897
L	1434	250	*	*	*	*	*	560943	*
H	1434	250	98.4	+	0	0	250M	1140240	560943
H	853	250	98.0	+	0	0	250M	1126959	680934
H	9270	250	98.0	+	0	0	250M	1126959	2332707
H	383	250	97.6	+	0	0	250M	1126959	923209
L	7956	250	*	*	*	*	*	11759	*
H	7956	250	100.0	+	0	0	250M	2956782	11759
L	7949	250	*	*	*	*	*	11819	*
H	7949	250	99.6	+	0	0	250M	2956782	11819
L	7950	250	*	*	*	*	*	11814	*
H	7950	250	99.6	+	0	0	250M	2956782	11814
N	*	250	*	*	*	*	*	2969848	*
H	7334	250	98.4	+	0	0	250M	2973848	80229
H	6612	250	98.0	+	0	0	56MD12MD180M2I	2973848	147268
H	1442	250	98.0	+	0	0	250M	2973848	560027
N	*	250	*	*	*	*	*	1105864	*
N	*	250	*	*	*	*	*	3014179	*
L	12649	250	*	*	*	*	*	4360942	*
H	12649	250	91.6	+	0	0	250M	3018527	4360942
L	1765	250	*	*	*	*	*	533624	*
H	1765	250	91.6	+	0	0	250M	3018527	533624
L	2365	250	*	*	*	*	*	516319	*
H	2365	250	91.2	+	0	0	250M	3018527	516319
H	8738	250	98.0	+	0	0	250M	1125597	809102
H	643	250	97.6	+	0	0	250M	1125597	814347
L	636	250	*	*	*	*	*	815351	*
H	636	250	96.4	+	0	0	215MI34MD	1125597	815351
L	12890	250	*	*	*	*	*	4376887	*
H	12890	250	97.6	+	0	0	250M	1137566	4376887
L	12907	250	*	*	*	*	*	4377694	*
H	12907	250	98.4	+	0	0	250M	1137566	4377694
L	13106	250	*	*	*	*	*	4389452	*
H	13106	250	98.4	+	0	0	250M	1137566	4389452
H	10767	250	97.6	+	0	0	250M	3035626	3606810
H	8745	250	97.6	+	0	0	250M	3035626	1918929
H	11552	250	97.6	+	0	0	250M	3035626	4251078
H	8926	250	98.4	+	0	0	250M	3060301	2072489
H	10951	250	98.4	+	0	0	250M	3060301	3746876
H	9672	250	98.4	+	0	0	250M	3060301	2682867
L	5218	250	*	*	*	*	*	204226	*
H	5218	250	90.0	+	0	0	250M	1125946	204226
L	12160	250	*	*	*	*	*	4329120	*
H	12160	250	90.0	+	0	0	250M	1125946	4329120
L	9425	250	*	*	*	*	*	2471826	*
H	9425	250	90.0	+	0	0	250M	1125946	2471826
N	*	250	*	*	*	*	*	1120396	*
L	12367	250	*	*	*	*	*	4343390	*
H	12367	250	93.6	+	0	0	250M	1134212	4343390
L	8211	250	*	*	*	*	*	2419	*
H	8211	250	94.8	+	0	0	250M	1134212	2419
L	8209	250	*	*	*	*	*	2421	*
H	8209	250	94.4	+	0	0	250M	1134212	2421
H	13919	250	95.2	+	0	0	250M	3153795	4447124
H	7334	250	94.8	+	0	0	250M	3153795	80229
H	12635	250	96.0	+	0	0	250M	3153795	4360273
N	*	250	*	*	*	*	*	770555	*
N	*	250	*	*	*	*	*	3201462	*
L	11037	250	*	*	*	*	*	1133367	*
H	11037	250	96.0	+	0	0	D110MD138M2I	3210709	1133367
H	7780	250	94.0	+	0	0	D110MD138M2I	3210709	15059
H	9747	250	94.4	+	0	0	D112MD136M2I	3210709	2749362
L	13164	250	*	*	*	*	*	4393950	*
H	13164	250	92.0	+	0	0	250M	1122668	4393950
L	1530	250	*	*	*	*	*	553455	*
H	1530	250	90.8	+	0	0	250M	1122668	553455
L	12123	250	*	*	*	*	*	4327050	*
H	12123	250	90.8	+	0	0	250M	1122668	4327050
H	9312	250	99.6	+	0	0	250M	3225199	2369177
L	8717	250	*	*	*	*	*	1892252	*
H	8717	250	98.8	+	0	0	250M	3225199	1892252
H	8926	250	98.4	+	0	0	250M	3225199	2072489
L	12193	250	*	*	*	*	*	4330933	*
H	12193	250	97.6	+	0	0	250M	782413	4330933
L	3823	250	*	*	*	*	*	311586	*
H	3823	250	96.8	+	0	0	250M	782413	311586
L	7922	250	*	*	*	*	*	12136	*
H	7922	250	97.6	+	0	0	250M	782413	12136
H	10767	250	100.0	+	0	0	250M	3245667	3606810
H	11552	250	100.0	+	0	0	250M	3245667	4251078
H	13993	250	100.0	+	0	0	250M	3245667	4453316
L	9377	250	*	*	*	*	*	2428473	*
H	9377	250	99.2	+	0	0	250M	3254234	2428473
H	8717	250	98.0	+	0	0	250M	3254234	1892252
H	8926	250	97.6	+	0	0	250M	3254234	2072489
L	7832	250	*	*	*	*	*	14131	*
H	7832	250	93.2	+	0	0	250M	1133895	14131
L	7062	250	*	*	*	*	*	106464	*
H	7062	250	92.8	+	0	0	250M	1133895	106464
L	7153	250	*	*	*	*	*	101611	*
H	7153	250	92.8	+	0	0	250M	1133895	101611
L	7491	250	*	*	*	*	*	58647	*
H	7491	250	90.8	+	0	0	250M	1141031	58647
L	8489	250	*	*	*	*	*	1132903	*
H	8489	250	100.0	+	0	0	250M	1128861	1132903
L	13116	250	*	*	*	*	*	4390322	*
H	13116	250	99.6	+	0	0	250M	1128861	4390322
H	9967	250	99.6	+	0	0	250M	1128861	1123147
L	12142	250	*	*	*	*	*	4328084	*
H	12142	250	99.6	+	0	0	250M	637528	4328084
L	9895	250	*	*	*	*	*	960062	*
H	9895	250	95.6	+	0	0	250M	637528	960062
L	13293	250	*	*	*	*	*	4404046	*
H	13293	250	95.6	+	0	0	250M	637528	4404046
N	*	250	*	*	*	*	*	1121137	*
L	13909	250	*	*	*	*	*	4446764	*
H	13909	250	98.0	+	0	0	250M	670523	4446764
H	13936	250	98.0	+	0	0	250M	670523	4448503
L	595	250	*	*	*	*	*	824571	*
H	595	250	97.2	+	0	0	2D41MI65MI142M	670523	824571
H	12581	250	99.6	+	0	0	250M	3435717	4357166
H	9632	250	97.6	+	0	0	250M	3435717	2638784
H	9251	250	95.6	+	0	0	188MI61MD	3435717	2318918
L	14006	250	*	*	*	*	*	4454082	*
H	14006	250	97.2	+	0	0	250M	1126230	4454082
H	12142	250	97.2	+	0	0	250M	1126230	4328084
H	13293	250	95.6	+	0	0	250M	1126230	4404046
H	1606	250	96.4	+	0	0	250M	748907	548469
H	10395	250	93.2	+	0	0	250M	748907	1143570
L	5437	250	*	*	*	*	*	194356	*
H	5437	250	92.0	+	0	0	250M	748907	194356
H	4589	250	100.0	+	0	0	250M	3448408	265823
L	7888	250	*	*	*	*	*	12850	*
H	7888	250	99.2	+	0	0	250M	3448408	12850
L	7891	250	*	*	*	*	*	12841	*
H	7891	250	99.6	+	0	0	250M	3448408	12841
L	3818	250	*	*	*	*	*	311857	*
H	3818	250	99.2	+	0	0	250M	794069	311857
L	11097	250	*	*	*	*	*	3883854	*
H	11097	250	98.8	+	0	0	250M	794069	3883854
L	13149	250	*	*	*	*	*	4392742	*
H	13149	250	98.8	+	0	0	250M	794069	4392742
L	14490	250	*	*	*	*	*	4482366	*
H	14490	250	94.4	+	0	0	137MI112MD	818834	4482366
H	10715	250	100.0	+	0	0	250M	3464845	3568708
H	10479	250	100.0	+	0	0	250M	3464845	3368019
H	11552	250	99.6	+	0	0	250M	3464845	4251078
H	6798	250	92.8	+	0	0	250M	3541842	136773
H	4826	250	92.4	+	0	0	250M	3541842	249636
L	6597	250	*	*	*	*	*	148326	*
H	6597	250	92.8	+	0	0	70MI179MD	3541842	148326
H	9377	250	97.6	+	0	0	250M	3568710	2428473
H	8717	250	96.8	+	0	0	250M	3568710	1892252
H	10951	250	96.4	+	0	0	250M	3568710	3746876
H	8745	250	98.4	+	0	0	250M	3568714	1918929
H	8737	250	97.6	+	0	0	250M	3568714	1913619
H	13993	250	98.8	+	0	0	250M	3568714	4453316
L	6927	250	*	*	*	*	*	115201	*
H	6927	250	95.2	+	0	0	250M	774894	115201
L	429	250	*	*	*	*	*	895359	*
H	429	250	95.2	+	0	0	250M	774894	895359
L	700	250	*	*	*	*	*	792019	*
H	700	250	95.2	+	0	0	250M	774894	792019
H	10223	250	93.2	+	0	0	250M	765168	726766
L	705	250	*	*	*	*	*	787697	*
H	705	250	93.6	+	0	0	69MI73MI29MI42M2I32M5D	1142935	787697
L	11046	250	*	*	*	*	*	3835597	*
H	11046	250	93.2	+	0	0	70MI70MI31MI42M2I32M5D	1142935	3835597
L	864	250	*	*	*	*	*	671280	*
H	864	250	91.2	+	0	0	70MI72MI29MI42M2I32M5D	1142935	671280
H	1480	250	96.8	+	0	0	250M	1144839	557513
L	10462	250	*	*	*	*	*	647165	*
H	10462	250	96.8	+	0	0	250M	1144839	647165
L	5204	250	*	*	*	*	*	206296	*
H	5204	250	96.4	+	0	0	250M	1144839	206296
H	10767	250	100.0	+	0	0	250M	3606814	3606810
H	11552	250	100.0	+	0	0	250M	3606814	4251078
H	13993	250	100.0	+	0	0	250M	3606814	4453316
L	5004	250	*	*	*	*	*	233692	*
H	5004	250	96.8	+	0	0	250M	3608204	233692
H	6625	250	90.8	+	0	0	250M	3608204	146198
H	3716	250	100.0	+	0	0	250M	3630893	320941
H	6483	250	100.0	+	0	0	250M	3630893	155996
H	9121	250	100.0	+	0	0	250M	3630893	758064
L	7585	250	*	*	*	*	*	39523	*
H	7585	250	100.0	+	0	0	250M	1127632	39523
H	705	250	98.4	+	0	0	250M	1127632	787697
L	9412	250	*	*	*	*	*	2461583	*
H	9412	250	97.2	+	0	0	250M	1127632	2461583
L	8895	250	*	*	*	*	*	2046080	*
H	8895	250	95.6	+	0	0	250M	698296	2046080
L	7495	250	*	*	*	*	*	58491	*
H	7495	250	95.6	+	0	0	250M	698296	58491
L	8198	250	*	*	*	*	*	3064	*
H	8198	250	97.2	+	0	0	250M	698296	3064
L	4496	250	*	*	*	*	*	271080	*
H	4496	250	98.8	+	0	0	250M	3742421	271080
L	12688	250	*	*	*	*	*	4364192	*
H	12688	250	98.8	+	0	0	250M	3742421	4364192
H	12376	250	98.8	+	0	0	250M	3742421	4343701
L	13118	250	*	*	*	*	*	4390326	*
H	13118	250	93.6	+	0	0	250M	793101	4390326
L	7311	250	*	*	*	*	*	82490	*
H	7311	250	94.0	+	0	0	250M	793101	82490
L	12712	250	*	*	*	*	*	4365922	*
H	12712	250	93.2	+	0	0	250M	793101	4365922
H	10767	250	100.0	+	0	0	250M	3746873	3606810
H	11552	250	100.0	+	0	0	250M	3746873	4251078
H	13993	250	100.0	+	0	0	250M	3746873	4453316
H	10767	250	100.0	+	0	0	250M	3746875	3606810
H	11552	250	100.0	+	0	0	250M	3746875	4251078
H	13993	250	100.0	+	0	0	250M	3746875	4453316
L	5083	250	*	*	*	*	*	222253	*
H	5083	250	90.0	+	0	0	250M	1118267	222253
H	5759	250	90.4	+	0	0	250M	1118267	185766
L	1514	250	*	*	*	*	*	554499	*
H	1514	250	90.0	+	0	0	125MD124MI	1118267	554499
L	4514	250	*	*	*	*	*	270202	*
H	4514	250	98.4	+	0	0	250M	1128041	270202
L	8448	250	*	*	*	*	*	1680562	*
H	8448	250	97.2	+	0	0	250M	1128041	1680562
L	14498	250	*	*	*	*	*	4482593	*
H	14498	250	94.0	+	0	0	250M	1128041	4482593
L	12662	250	*	*	*	*	*	4361597	*
H	12662	250	92.8	+	0	0	250M	1137944	4361597
L	13812	250	*	*	*	*	*	4440371	*
H	13812	250	92.0	+	0	0	250M	1137944	4440371
L	5191	250	*	*	*	*	*	207893	*
H	5191	250	92.0	+	0	0	250M	1137944	207893
L	1579	250	*	*	*	*	*	550175	*
H	1579	250	97.6	+	0	0	250M	1144051	550175
L	13592	250	*	*	*	*	*	4426107	*
H	13592	250	97.6	+	0	0	250M	1144051	4426107
L	2930	250	*	*	*	*	*	367548	*
H	2930	250	97.6	+	0	0	250M	1144051	367548
H	10104	250	97.6	+	0	0	250M	1124776	1134316
L	1344	250	*	*	*	*	*	567725	*
H	1344	250	96.8	+	0	0	250M	1124776	567725
L	13868	250	*	*	*	*	*	4444459	*
H	13868	250	96.0	+	0	0	42MI207MD	1124776	4444459
N	*	250	*	*	*	*	*	3899192	*
H	7526	250	95.6	+	0	0	250M	3909070	51657
H	8954	250	92.0	+	0	0	250M	3909070	2094423
L	4390	250	*	*	*	*	*	277651	*
H	4390	250	94.0	+	0	0	250M	1141545	277651
H	8790	250	90.8	+	0	0	250M	1141545	1122887
L	9160	250	*	*	*	*	*	2248535	*
H	9160	250	90.0	+	0	0	250M	1141545	2248535
L	14007	250	*	*	*	*	*	4454083	*
H	14007	250	93.6	+	0	0	250M	3926523	4454083
L	6613	250	*	*	*	*	*	147086	*
H	6613	250	92.8	+	0	0	250M	3926523	147086
H	9160	250	94.4	+	0	0	250M	3926523	2248535
L	11480	250	*	*	*	*	*	833703	*
H	11480	250	97.6	+	0	0	250M	1135136	833703
L	11456	250	*	*	*	*	*	4174974	*
H	11456	250	98.0	+	0	0	250M	1135136	4174974
L	5099	250	*	*	*	*	*	220064	*
H	5099	250	98.0	+	0	0	250M	1135136	220064
L	14505	250	*	*	*	*	*	4482948	*
H	14505	250	94.0	+	0	0	250M	1133579	4482948
L	9011	250	*	*	*	*	*	1129723	*
H	9011	250	93.6	+	0	0	15M2D233M2I	1133579	1129723
L	1342	250	*	*	*	*	*	567854	*
H	1342	250	100.0	+	0	0	250M	1136010	567854
H	9948	250	99.2	+	0	0	250M	1136010	1127719
L	10015	250	*	*	*	*	*	1134675	*
H	10015	250	95.6	+	0	0	250M	1136010	1134675
H	6252	250	98.0	+	0	0	250M	4030834	169604
L	3532	250	*	*	*	*	*	336110	*
H	3532	250	92.8	+	0	0	250M	4030834	336110
L	3713	250	*	*	*	*	*	321131	*
H	3713	250	92.4	+	0	0	250M	4030834	321131
H	10430	250	90.0	+	0	0	250M	1133391	1131597
H	8121	250	90.8	+	0	0	250M	1133391	6368
H	12861	250	94.0	+	0	0	250M	1133391	4374945
L	10984	250	*	*	*	*	*	3772086	*
H	10984	250	98.4	+	0	0	250M	1014853	3772086
L	5596	250	*	*	*	*	*	190032	*
H	5596	250	96.0	+	0	0	250M	1014853	190032
L	13432	250	*	*	*	*	*	4414207	*
H	13432	250	96.4	+	0	0	250M	1014853	4414207
L	9495	250	*	*	*	*	*	2529765	*
H	9495	250	91.6	+	0	0	250M	678541	2529765
L	1461	250	*	*	*	*	*	558577	*
H	1461	250	91.6	+	0	0	250M	678541	558577
L	1503	250	*	*	*	*	*	555568	*
H	1503	250	91.6	+	0	0	250M	678541	555568
L	1641	250	*	*	*	*	*	544425	*
H	1641	250	94.8	+	0	0	250M	1129564	544425
H	6597	250	94.8	+	0	0	70MI179MD	1129564	148326
H	1558	250	91.6	+	0	0	250M	1129564	551572
H	8790	250	92.0	+	0	0	80MI169MD	1127073	1122887
H	13481	250	91.6	+	0	0	80MI169MD	1127073	4416713
H	14498	250	91.2	+	0	0	80MI169MD	1127073	4482593
L	1698	250	*	*	*	*	*	539407	*
H	1698	250	92.4	+	0	0	250M	1122041	539407
H	8869	250	95.6	+	0	0	250M	1122041	2027409
H	1642	250	94.0	+	0	0	250M	1122041	544367
L	11842	250	*	*	*	*	*	4309033	*
H	11842	250	98.4	+	0	0	250M	1116679	4309033
L	8787	250	*	*	*	*	*	1139061	*
H	8787	250	97.6	+	0	0	250M	1116679	1139061
L	12228	250	*	*	*	*	*	4334113	*
H	12228	250	98.4	+	0	0	250M	1116679	4334113
H	6798	250	92.4	+	0	0	250M	1121107	136773
H	4826	250	93.6	+	0	0	250M	1121107	249636
H	1641	250	94.4	+	0	0	250M	1121107	544425
L	11355	250	*	*	*	*	*	4094808	*
H	11355	250	99.6	+	0	0	250M	676511	4094808
L	7427	250	*	*	*	*	*	70378	*
H	7427	250	99.6	+	0	0	250M	676511	70378
L	8624	250	*	*	*	*	*	1129461	*
H	8624	250	99.6	+	0	0	250M	676511	1129461
L	1330	250	*	*	*	*	*	568727	*
H	1330	250	92.4	+	0	0	250M	4154525	568727
L	989	250	*	*	*	*	*	592957	*
H	989	250	90.0	+	0	0	250M	4154525	592957
L	5429	250	*	*	*	*	*	194489	*
H	5429	250	93.2	+	0	0	250M	4154525	194489
L	620	250	*	*	*	*	*	819037	*
H	620	250	98.8	+	0	0	250M	1128808	819037
L	7692	250	*	*	*	*	*	22797	*
H	7692	250	98.4	+	0	0	250M	1128808	22797
L	7467	250	*	*	*	*	*	62983	*
H	7467	250	98.8	+	0	0	250M	1128808	62983
L	13379	250	*	*	*	*	*	4410246	*
H	13379	250	98.0	+	0	0	170MD79MI	4165193	4410246
L	9341	250	*	*	*	*	*	2397566	*
H	9341	250	95.6	+	0	0	170MD79MI	4165193	2397566
H	9343	250	96.0	+	0	0	170MD79MI	4165193	2397581
L	11722	250	*	*	*	*	*	4302223	*
H	11722	250	91.2	+	0	0	250M	678402	4302223
L	720	250	*	*	*	*	*	779295	*
H	720	250	91.2	+	0	0	250M	678402	779295
L	9498	250	*	*	*	*	*	1144022	*
H	9498	250	91.2	+	0	0	250M	678402	1144022
H	13112	250	97.6	+	0	0	250M	1136466	4390091
H	8092	250	91.2	+	0	0	250M	1136466	7556
H	13992	250	90.0	+	0	0	250M	1136466	4453271
H	9885	250	90.0	+	0	0	250M	800317	326714
L	13284	250	*	*	*	*	*	4403441	*
H	13284	250	90.4	+	0	0	250M	800317	4403441
H	834	250	90.0	+	0	0	250M	800317	694777
N	*	250	*	*	*	*	*	4225239	*
H	10726	250	92.0	+	0	0	250M	816189	1143368
H	10479	250	97.6	+	0	0	250M	4251079	3368019
H	10715	250	97.6	+	0	0	250M	4251079	3568708
L	12926	250	*	*	*	*	*	4379084	*
H	12926	250	97.2	+	0	0	250M	4251079	4379084
L	14269	250	*	*	*	*	*	4469387	*
H	14269	250	92.4	+	0	0	250M	4263820	4469387
L	1306	250	*	*	*	*	*	570390	*
H	1306	250	92.8	+	0	0	250M	4263820	570390
L	6863	250	*	*	*	*	*	130535	*
H	6863	250	92.0	+	0	0	250M	4263820	130535
L	12285	250	*	*	*	*	*	4337577	*
H	12285	250	98.4	+	0	0	250M	4294859	4337577
L	9767	250	*	*	*	*	*	919466	*
H	9767	250	98.8	+	0	0	250M	4294859	919466
L	7059	250	*	*	*	*	*	106622	*
H	7059	250	98.4	+	0	0	250M	4294859	106622
L	4580	250	*	*	*	*	*	266579	*
H	4580	250	90.0	+	0	0	250M	4297688	266579
L	11188	250	*	*	*	*	*	731856	*
H	11188	250	90.4	+	0	0	250M	4297688	731856
H	834	250	90.8	+	0	0	250M	4297688	694777
H	9312	250	99.2	+	0	0	250M	4297876	2369177
H	10498	250	98.8	+	0	0	250M	4297876	3386818
L	11415	250	*	*	*	*	*	4140242	*
H	11415	250	98.4	+	0	0	250M	4297876	4140242
L	13618	250	*	*	*	*	*	4427644	*
H	13618	250	100.0	+	0	0	250M	4301769	4427644
L	8785	250	*	*	*	*	*	1122588	*
H	8785	250	98.0	+	0	0	250M	4301769	1122588
L	7338	250	*	*	*	*	*	79015	*
H	7338	250	96.8	+	0	0	250M	4301769	79015
L	7120	250	*	*	*	*	*	103433	*
H	7120	250	99.2	+	0	0	250M	4304012	103433
L	11103	250	*	*	*	*	*	1121805	*
H	11103	250	99.2	+	0	0	250M	4304012	1121805
L	2129	250	*	*	*	*	*	522968	*
H	2129	250	99.2	+	0	0	250M	4304012	522968
L	8017	250	*	*	*	*	*	9514	*
H	8017	250	99.6	+	0	0	250M	4314052	9514
L	6397	250	*	*	*	*	*	160352	*
H	6397	250	99.2	+	0	0	250M	4314052	160352
L	13002	250	*	*	*	*	*	4383637	*
H	13002	250	99.2	+	0	0	250M	4314052	4383637
N	*	250	*	*	*	*	*	4316113	*
L	680	250	*	*	*	*	*	806547	*
H	680	250	98.4	+	0	0	250M	4318406	806547
H	3383	250	97.2	+	0	0	250M	4318406	346882
L	4347	250	*	*	*	*	*	283005	*
H	4347	250	96.8	+	0	0	250M	4318406	283005
H	12743	250	96.8	+	0	0	250M	4321652	4367676
L	346	250	*	*	*	*	*	947041	*
H	346	250	96.0	+	0	0	250M	4321652	947041
H	8795	250	94.8	+	0	0	250M	4321652	698294
L	3835	250	*	*	*	*	*	310824	*
H	3835	250	91.6	+	0	0	250M	4332505	310824
L	4539	250	*	*	*	*	*	268487	*
H	4539	250	91.6	+	0	0	250M	4332505	268487
L	3739	250	*	*	*	*	*	319214	*
H	3739	250	91.6	+	0	0	250M	4332505	319214
L	9806	250	*	*	*	*	*	821931	*
H	9806	250	99.6	+	0	0	250M	4338924	821931
H	7034	250	95.2	+	0	0	250M	4338924	107507
L	6616	250	*	*	*	*	*	146917	*
H	6616	250	95.2	+	0	0	250M	4338924	146917
L	13985	250	*	*	*	*	*	4452719	*
H	13985	250	96.0	+	0	0	250M	4338945	4452719
L	13984	250	*	*	*	*	*	4452718	*
H	13984	250	96.0	+	0	0	250M	4338945	4452718
L	8046	250	*	*	*	*	*	9017	*
H	8046	250	91.6	+	0	0	250M	4338945	9017
H	13379	250	98.4	+	0	0	250M	4347196	4410246
H	9341	250	96.8	+	0	0	250M	4347196	2397566
L	13019	250	*	*	*	*	*	4384897	*
H	13019	250	96.0	+	0	0	250M	4347196	4384897
L	7056	250	*	*	*	*	*	106723	*
H	7056	250	96.0	+	0	0	250M	4347524	106723
L	14041	250	*	*	*	*	*	4456166	*
H	14041	250	95.2	+	0	0	250M	4347524	4456166
L	8241	250	*	*	*	*	*	1174	*
H	8241	250	94.0	+	0	0	250M	4347524	1174
L	13099	250	*	*	*	*	*	4389144	*
H	13099	250	97.6	+	0	0	250M	4348634	4389144
L	307	250	*	*	*	*	*	971971	*
H	307	250	92.0	+	0	0	228MI21MD	4348634	971971
H	6261	250	94.4	+	0	0	250M	4348634	168713
H	1549	250	94.4	+	0	0	250M	4349748	552203
H	12112	250	92.0	+	0	0	250M	4349748	4326319
H	13918	250	93.2	+	0	0	250M	4349748	4447123
H	1073	250	100.0	+	0	0	250M	4352015	587036
L	4984	250	*	*	*	*	*	236091	*
H	4984	250	100.0	+	0	0	250M	4352015	236091
H	12699	250	100.0	+	0	0	250M	4352015	4365042
H	5589	250	97.2	+	0	0	250M	4352076	190237
H	3556	250	97.6	+	0	0	250M	4352076	333578
L	7322	250	*	*	*	*	*	81554	*
H	7322	250	97.2	+	0	0	142MI107MD	4352076	81554
L	9363	250	*	*	*	*	*	628125	*
H	9363	250	92.8	+	0	0	133MI116MD	4355718	628125
L	9468	250	*	*	*	*	*	729981	*
H	9468	250	92.8	+	0	0	133MI116MD	4355718	729981
L	12825	250	*	*	*	*	*	4372223	*
H	12825	250	92.8	+	0	0	133MI116MD	4355718	4372223
L	10185	250	*	*	*	*	*	749036	*
H	10185	250	96.8	+	0	0	74MI175MD	4358096	749036
L	4756	250	*	*	*	*	*	256632	*
H	4756	250	96.8	+	0	0	74MI175MD	4358096	256632
L	5233	250	*	*	*	*	*	202605	*
H	5233	250	98.0	+	0	0	42MD31MI176M	4358096	202605
N	*	250	*	*	*	*	*	4358870	*
L	6904	250	*	*	*	*	*	119663	*
H	6904	250	95.6	+	0	0	250M	4359732	119663
L	1418	250	*	*	*	*	*	562181	*
H	1418	250	96.4	+	0	0	250M	4359732	562181
H	6392	250	95.6	+	0	0	250M	4359732	160810
L	8770	250	*	*	*	*	*	1125600	*
H	8770	250	96.4	+	0	0	250M	4364205	1125600
L	6528	250	*	*	*	*	*	152763	*
H	6528	250	97.2	+	0	0	250M	4364205	152763
L	12379	250	*	*	*	*	*	4343834	*
H	12379	250	96.0	+	0	0	109MD140MI	4364205	4343834
L	12586	250	*	*	*	*	*	4357383	*
H	12586	250	99.2	+	0	0	250M	4365144	4357383
L	1608	250	*	*	*	*	*	548440	*
H	1608	250	99.2	+	0	0	250M	4365144	548440
L	30	250	*	*	*	*	*	1105145	*
H	30	250	99.2	+	0	0	250M	4365144	1105145
L	10828	250	*	*	*	*	*	3652470	*
H	10828	250	91.2	+	0	0	250M	4365222	3652470
L	8437	250	*	*	*	*	*	1129305	*
H	8437	250	90.4	+	0	0	250M	4365222	1129305
L	7065	250	*	*	*	*	*	106270	*
H	7065	250	91.2	+	0	0	250M	4365222	106270
L	1548	250	*	*	*	*	*	552236	*
H	1548	250	96.0	+	0	0	250M	4366263	552236
L	9979	250	*	*	*	*	*	699197	*
H	9979	250	94.0	+	0	0	250M	4366263	699197
H	12588	250	97.2	+	0	0	250M	4366263	4357503
H	6406	250	98.0	+	0	0	250M	4366350	159833
H	12235	250	96.8	+	0	0	250M	4366350	4334615
H	9206	250	96.8	+	0	0	250M	4366350	1145083
H	12635	250	96.4	+	0	0	250M	4367988	4360273
H	1434	250	96.8	+	0	0	250M	4367988	560943
H	13919	250	95.6	+	0	0	250M	4367988	4447124
L	722	250	*	*	*	*	*	778480	*
H	722	250	94.4	+	0	0	250M	4372695	778480
L	7682	250	*	*	*	*	*	24838	*
H	7682	250	92.4	+	0	0	250M	4372695	24838
L	11004	250	*	*	*	*	*	1134701	*
H	11004	250	90.0	+	0	0	149MD100MI	4372695	1134701
L	9376	250	*	*	*	*	*	2426771	*
H	9376	250	97.2	+	0	0	104MI145MD	4374426	2426771
H	9342	250	91.2	+	0	0	250M	4374426	2397567
H	10715	250	100.0	+	0	0	250M	4375762	3568708
H	10479	250	100.0	+	0	0	250M	4375762	3368019
H	11552	250	99.6	+	0	0	250M	4375762	4251078
H	12367	250	92.4	+	0	0	250M	4376910	4343390
H	4882	250	92.8	+	0	0	250M	4376910	244757
L	6634	250	*	*	*	*	*	145419	*
H	6634	250	90.4	+	0	0	250M	4376910	145419
H	8209	250	94.8	+	0	0	250M	4378410	2421
H	12367	250	93.2	+	0	0	250M	4378410	4343390
H	8211	250	93.6	+	0	0	250M	4378410	2419
H	10715	250	98.4	+	0	0	250M	4378625	3568708
H	10479	250	98.4	+	0	0	250M	4378625	3368019
H	10498	250	98.0	+	0	0	250M	4378625	3386818
L	10215	250	*	*	*	*	*	1136763	*
H	10215	250	96.8	+	0	0	250M	4380413	1136763
L	10161	250	*	*	*	*	*	1129006	*
H	10161	250	96.4	+	0	0	250M	4380413	1129006
L	1524	250	*	*	*	*	*	554012	*
H	1524	250	96.0	+	0	0	250M	4380413	554012
N	*	250	*	*	*	*	*	4382760	*
L	10123	250	*	*	*	*	*	1131621	*
H	10123	250	97.6	+	0	0	250M	4384063	1131621
L	4880	250	*	*	*	*	*	244920	*
H	4880	250	98.4	+	0	0	250M	4384063	244920
H	8489	250	97.2	+	0	0	250M	4384063	1132903
L	13613	250	*	*	*	*	*	4427433	*
H	13613	250	93.2	+	0	0	250M	4386156	4427433
L	11003	250	*	*	*	*	*	3792581	*
H	11003	250	92.0	+	0	0	250M	4386156	3792581
L	13615	250	*	*	*	*	*	4427435	*
H	13615	250	92.8	+	0	0	250M	4386156	4427435
H	8209	250	92.4	+	0	0	250M	4388002	2421
H	8211	250	91.6	+	0	0	250M	4388002	2419
H	8361	250	94.8	+	0	0	250M	4388002	948029
H	13174	250	93.2	+	0	0	250M	4391460	4394897
H	12635	250	92.4	+	0	0	250M	4391460	4360273
H	1434	250	92.8	+	0	0	250M	4391460	560943
N	*	250	*	*	*	*	*	4392251	*
H	12281	250	98.4	+	0	0	250M	4394104	4337455
H	6877	250	98.4	+	0	0	250M	4394104	129026
L	10600	250	*	*	*	*	*	1123287	*
H	10600	250	95.6	+	0	0	250M	4394104	1123287
L	12681	250	*	*	*	*	*	4363426	*
H	12681	250	90.8	+	0	0	250M	4399498	4363426
L	1720	250	*	*	*	*	*	537713	*
H	1720	250	92.0	+	0	0	250M	4399498	537713
N	*	250	*	*	*	*	*	4401203	*
L	10417	250	*	*	*	*	*	3314396	*
H	10417	250	98.8	+	0	0	250M	4405546	3314396
H	4789	250	98.8	+	0	0	250M	4405546	253436
H	14273	250	98.4	+	0	0	250M	4405546	4469673
L	1145	250	*	*	*	*	*	582194	*
H	1145	250	96.8	+	0	0	250M	4406382	582194
L	9651	250	*	*	*	*	*	2658175	*
H	9651	250	97.2	+	0	0	250M	4406382	2658175
L	11383	250	*	*	*	*	*	4108889	*
H	11383	250	97.2	+	0	0	250M	4406382	4108889
L	10493	250	*	*	*	*	*	607515	*
H	10493	250	98.4	+	0	0	250M	4406595	607515
L	7047	250	*	*	*	*	*	107044	*
H	7047	250	97.6	+	0	0	250M	4406595	107044
L	4689	250	*	*	*	*	*	260579	*
H	4689	250	95.6	+	0	0	250M	4406595	260579
H	4882	250	93.6	+	0	0	250M	4406926	244757
H	11403	250	94.8	+	0	0	250M	4406926	1136009
H	9160	250	94.4	+	0	0	250M	4406926	2248535
N	*	250	*	*	*	*	*	4407066	*
L	14253	250	*	*	*	*	*	4468545	*
H	14253	250	94.0	+	0	0	250M	4407408	4468545
L	14247	250	*	*	*	*	*	4468196	*
H	14247	250	94.0	+	0	0	250M	4407408	4468196
L	12220	250	*	*	*	*	*	4332864	*
H	12220	250	94.0	+	0	0	250M	4407408	4332864
H	12581	250	90.8	+	0	0	113M2I31MD104MD	4410244	4357166
H	9632	250	90.0	+	0	0	113M2I31MD104MD	4410244	2638784
H	13379	250	98.0	+	0	0	250M	4410245	4410246
H	9341	250	96.4	+	0	0	250M	4410245	2397566
H	13019	250	96.4	+	0	0	250M	4410245	4384897
H	12493	250	99.2	+	0	0	250M	4412321	4350881
H	13083	250	99.2	+	0	0	250M	4412321	4388300
L	13913	250	*	*	*	*	*	4446956	*
H	13913	250	98.8	+	0	0	250M	4412321	4446956
L	5487	250	*	*	*	*	*	193014	*
H	5487	250	90.8	+	0	0	250M	4412629	193014
H	11408	250	90.0	+	0	0	149MI100MD	4412629	845595
L	12788	250	*	*	*	*	*	4370479	*
H	12788	250	92.8	+	0	0	250M	4412629	4370479
H	13909	250	99.6	+	0	0	250M	4414810	4446764
H	5209	250	99.6	+	0	0	250M	4414810	205772
H	13936	250	99.6	+	0	0	250M	4414810	4448503
L	6842	250	*	*	*	*	*	132687	*
H	6842	250	96.8	+	0	0	250M	4416658	132687
L	6811	250	*	*	*	*	*	136053	*
H	6811	250	96.8	+	0	0	250M	4416658	136053
L	10412	250	*	*	*	*	*	679077	*
H	10412	250	96.0	+	0	0	250M	4416658	679077
L	14437	250	*	*	*	*	*	4479549	*
H	14437	250	96.4	+	0	0	250M	4418393	4479549
L	4427	250	*	*	*	*	*	275257	*
H	4427	250	95.6	+	0	0	250M	4418393	275257
L	9729	250	*	*	*	*	*	1132553	*
H	9729	250	94.8	+	0	0	250M	4418393	1132553
N	*	250	*	*	*	*	*	4419982	*
H	14437	250	98.8	+	0	0	250M	4422394	4479549
H	10629	250	98.4	+	0	0	250M	4422394	1134770
H	4559	250	95.6	+	0	0	250M	4422394	267876
L	4388	250	*	*	*	*	*	277801	*
H	4388	250	100.0	+	0	0	250M	4422396	277801
L	6991	250	*	*	*	*	*	109619	*
H	6991	250	98.8	+	0	0	250M	4422396	109619
L	8518	250	*	*	*	*	*	1120166	*
H	8518	250	98.8	+	0	0	250M	4422396	1120166
L	10565	250	*	*	*	*	*	1139975	*
H	10565	250	94.0	+	0	0	250M	4424463	1139975
H	12092	250	90.0	+	0	0	250M	4424463	4324650
L	612	250	*	*	*	*	*	821327	*
H	612	250	90.4	+	0	0	250M	4424463	821327
L	7971	250	*	*	*	*	*	10940	*
H	7971	250	96.0	+	0	0	250M	4428358	10940
H	6597	250	91.6	+	0	0	70MI179MD	4428358	148326
H	1558	250	91.6	+	0	0	250M	4428358	551572
L	183	250	*	*	*	*	*	1035821	*
H	183	250	95.2	+	0	0	250M	4431461	1035821
H	9964	250	97.2	+	0	0	250M	4431461	1128972
L	12935	250	*	*	*	*	*	4379448	*
H	12935	250	96.0	+	0	0	250M	4431461	4379448
L	3233	250	*	*	*	*	*	357791	*
H	3233	250	98.8	+	0	0	250M	4433321	357791
H	8795	250	95.6	+	0	0	250M	4433321	698294
H	4880	250	95.2	+	0	0	250M	4433321	244920
N	*	250	*	*	*	*	*	4434720	*
L	10743	250	*	*	*	*	*	1130297	*
H	10743	250	91.2	+	0	0	250M	4435420	1130297
L	14079	250	*	*	*	*	*	4458676	*
H	14079	250	90.4	+	0	0	250M	4435420	4458676
H	8790	250	96.0	+	0	0	250M	4438027	1122887
H	13481	250	95.6	+	0	0	250M	4438027	4416713
H	14007	250	93.6	+	0	0	250M	4438027	4454083
H	6612	250	95.2	+	0	0	56MD193MI	4442798	147268
H	12697	250	94.4	+	0	0	70MI179MD	4442798	4365006
H	7334	250	94.8	+	0	0	70MI179MD	4442798	80229
H	14269	250	93.2	+	0	0	250M	4443004	4469387
H	1306	250	91.6	+	0	0	250M	4443004	570390
H	6863	250	92.8	+	0	0	250M	4443004	130535
H	14503	250	97.2	+	0	0	250M	4443102	4482839
L	632	250	*	*	*	*	*	816620	*
H	632	250	97.6	+	0	0	250M	4443102	816620
H	441	250	97.6	+	0	0	250M	4443102	890962
N	*	250	*	*	*	*	*	4444173	*
N	*	250	*	*	*	*	*	4447011	*
L	5581	250	*	*	*	*	*	190536	*
H	5581	250	90.8	+	0	0	250M	4447129	190536
H	13481	250	93.6	+	0	0	250M	4447129	4416713
H	8790	250	93.2	+	0	0	250M	4447129	1122887
H	6108	250	92.0	+	0	0	250M	4451543	175858
H	4107	250	92.0	+	0	0	250M	4451543	295647
L	773	250	*	*	*	*	*	735185	*
H	773	250	91.2	+	0	0	166MI83MD	4451543	735185
H	8745	250	98.8	+	0	0	250M	4453315	1918929
H	8737	250	98.0	+	0	0	250M	4453315	1913619
L	13416	250	*	*	*	*	*	4413100	*
H	13416	250	99.2	+	0	0	250M	4453315	4413100
L	8917	250	*	*	*	*	*	2063499	*
H	8917	250	98.8	+	0	0	250M	4453317	2063499
H	13993	250	98.8	+	0	0	250M	4453317	4453316
H	10767	250	98.8	+	0	0	250M	4453317	3606810
H	13112	250	92.8	+	0	0	250M	4453607	4390091
H	13992	250	93.6	+	0	0	250M	4453607	4453271
H	4447	250	90.4	+	0	0	250M	4453607	274061
L	7547	250	*	*	*	*	*	48640	*
H	7547	250	98.4	+	0	0	250M	4454634	48640
H	3556	250	96.8	+	0	0	250M	4454634	333578
H	6982	250	96.4	+	0	0	250M	4454634	110591
L	13425	250	*	*	*	*	*	4413665	*
H	13425	250	92.8	+	0	0	250M	4455298	4413665
L	913	250	*	*	*	*	*	641748	*
H	913	250	91.2	+	0	0	250M	4455298	641748
H	9089	250	92.8	+	0	0	250M	4455298	1144109
L	614	250	*	*	*	*	*	820546	*
H	614	250	96.0	+	0	0	231MI18MD	4456787	820546
L	11543	250	*	*	*	*	*	1021130	*
H	11543	250	95.6	+	0	0	231MI18MD	4456787	1021130
H	9562	250	98.0	+	0	0	235MI14MD	4459820	2572567
H	9632	250	92.4	+	0	0	146M2D102M2I	4459820	2638784
H	12581	250	91.2	+	0	0	146M2D102M2I	4459820	4357166
H	9440	250	98.0	+	0	0	250M	4464839	2480449
H	8871	250	98.0	+	0	0	250M	4464839	2028641
H	6982	250	94.8	+	0	0	250M	4464839	110591
L	1680	250	*	*	*	*	*	541199	*
H	1680	250	99.6	+	0	0	250M	4466876	541199
H	12751	250	99.6	+	0	0	250M	4466876	4368044
L	1404	250	*	*	*	*	*	563240	*
H	1404	250	98.8	+	0	0	250M	4466876	563240
N	*	250	*	*	*	*	*	4466931	*
N	*	250	*	*	*	*	*	4473934	*
H	1330	250	92.8	+	0	0	250M	4474582	568727
H	1720	250	92.4	+	0	0	250M	4474582	537713
L	973	250	*	*	*	*	*	593894	*
H	973	250	94.4	+	0	0	250M	4474582	593894
L	11279	250	*	*	*	*	*	4028751	*
H	11279	250	92.0	+	0	0	250M	4477989	4028751
L	13095	250	*	*	*	*	*	4388908	*
H	13095	250	90.8	+	0	0	250M	4477989	4388908
H	9747	250	99.6	+	0	0	250M	4478762	2749362
H	7772	250	99.2	+	0	0	250M	4478762	15281
H	8624	250	97.6	+	0	0	250M	4478762	1129461
H	1073	250	100.0	+	0	0	250M	4482071	587036
H	4984	250	100.0	+	0	0	250M	4482071	236091
H	12699	250	100.0	+	0	0	250M	4482071	4365042
L	9439	250	*	*	*	*	*	851932	*
H	9439	250	99.2	+	0	0	250M	4484389	851932
L	13073	250	*	*	*	*	*	4387841	*
H	13073	250	98.0	+	0	0	250M	4484389	4387841
L	12253	250	*	*	*	*	*	4335663	*
H	12253	250	98.4	+	0	0	250M	4484389	4335663
L	14779	250	*	*	*	*	*	4463497	*
H	14779	250	94.4	+	0	0	250M	1106734	4463497
L	14530	250	*	*	*	*	*	848243	*
H	14530	250	92.0	+	0	0	250M	1106734	848243
L	14737	250	*	*	*	*	*	4307029	*
H	14737	250	92.4	+	0	0	250M	1106734	4307029
L	14674	250	*	*	*	*	*	665283	*
H	14674	250	90.8	+	0	0	250M	773133	665283
L	14615	250	*	*	*	*	*	106645	*
H	14615	250	91.6	+	0	0	250M	773133	106645
L	14765	250	*	*	*	*	*	4416518	*
H	14765	250	90.0	+	0	0	250M	773133	4416518
L	14535	250	*	*	*	*	*	798060	*
H	14535	250	95.2	+	0	0	250M	675853	798060
L	14764	250	*	*	*	*	*	4404469	*
H	14764	250	95.2	+	0	0	250M	675853	4404469
L	14743	250	*	*	*	*	*	4338133	*
H	14743	250	94.8	+	0	0	250M	675853	4338133
N	*	250	*	*	*	*	*	611626	*
L	14592	250	*	*	*	*	*	186470	*
H	14592	250	99.2	+	0	0	250M	570515	186470
L	14716	250	*	*	*	*	*	3630583	*
H	14716	250	96.0	+	0	0	250M	570515	3630583
L	14705	250	*	*	*	*	*	720463	*
H	14705	250	94.8	+	0	0	250M	570515	720463
L	14693	250	*	*	*	*	*	753747	*
H	14693	250	94.0	+	0	0	250M	542454	753747
L	14637	250	*	*	*	*	*	47968	*
H	14637	250	92.8	+	0	0	250M	542454	47968
L	14780	250	*	*	*	*	*	4463937	*
H	14780	250	92.4	+	0	0	250M	542454	4463937
L	14656	250	*	*	*	*	*	1029	*
H	14656	250	94.0	+	0	0	250M	347913	1029
L	14595	250	*	*	*	*	*	155684	*
H	14595	250	94.8	+	0	0	250M	347913	155684
L	14633	250	*	*	*	*	*	69639	*
H	14633	250	93.2	+	0	0	250M	347913	69639
H	14592	250	91.6	+	0	0	250M	179370	186470
H	14716	250	90.0	+	0	0	250M	179370	3630583
H	14705	250	90.0	+	0	0	250M	179370	720463
L	14623	250	*	*	*	*	*	101553	*
H	14623	250	93.2	+	0	0	135MD114MI	162275	101553
L	14556	250	*	*	*	*	*	565906	*
H	14556	250	92.8	+	0	0	135MD114MI	162275	565906
L	14627	250	*	*	*	*	*	94242	*
H	14627	250	93.6	+	0	0	135MD114MI	162275	94242
N	*	250	*	*	*	*	*	157535	*
L	14572	250	*	*	*	*	*	542973	*
H	14572	250	93.6	+	0	0	250M	97250	542973
L	14718	250	*	*	*	*	*	643724	*
H	14718	250	94.0	+	0	0	250M	97250	643724
L	14774	250	*	*	*	*	*	4448464	*
H	14774	250	94.0	+	0	0	250M	97250	4448464
L	14709	250	*	*	*	*	*	3022550	*
H	14709	250	90.0	+	0	0	250M	17995	3022550
L	14771	250	*	*	*	*	*	4437047	*
H	14771	250	90.0	+	0	0	250M	17995	4437047
H	14674	250	91.6	+	0	0	250M	17995	665283
L	14649	250	*	*	*	*	*	19329	*
H	14649	250	93.6	+	0	0	250M	981	19329
L	14583	250	*	*	*	*	*	240469	*
H	14583	250	90.8	+	0	0	250M	981	240469
L	14635	250	*	*	*	*	*	59549	*
H	14635	250	90.0	+	0	0	250M	981	59549
L	14729	250	*	*	*	*	*	4188623	*
H	14729	250	99.2	+	0	0	250M	776	4188623
L	14678	250	*	*	*	*	*	1879068	*
H	14678	250	99.2	+	0	0	250M	776	1879068
L	14704	250	*	*	*	*	*	2667143	*
H	14704	250	98.8	+	0	0	250M	776	2667143
L	14720	250	*	*	*	*	*	3862609	*
H	14720	250	95.2	+	0	0	250M	633056	3862609
H	14771	250	95.6	+	0	0	250M	633056	4437047
L	14545	250	*	*	*	*	*	679966	*
H	14545	250	90.8	+	0	0	250M	633056	679966
N	*	250	*	*	*	*	*	1145507	*
L	14773	250	*	*	*	*	*	4445049	*
H	14773	250	96.0	+	0	0	250M	665536	4445049
L	14619	250	*	*	*	*	*	104684	*
H	14619	250	90.4	+	0	0	250M	665536	104684
L	14639	250	*	*	*	*	*	47411	*
H	14639	250	92.8	+	0	0	250M	813104	47411
H	14545	250	90.8	+	0	0	250M	813104	679966
L	14616	250	*	*	*	*	*	106491	*
H	14616	250	92.8	+	0	0	250M	813104	106491
L	14696	250	*	*	*	*	*	2153390	*
H	14696	250	97.2	+	0	0	250M	2940299	2153390
L	14669	250	*	*	*	*	*	439	*
H	14669	250	94.0	+	0	0	250M	2940299	439
L	14578	250	*	*	*	*	*	405660	*
H	14578	250	93.6	+	0	0	250M	2940299	405660
H	14696	250	93.6	+	0	0	250M	4032177	2153390
L	14575	250	*	*	*	*	*	467541	*
H	14575	250	90.8	+	0	0	250M	4032177	467541
L	14589	250	*	*	*	*	*	206978	*
H	14589	250	90.0	+	0	0	250M	4032177	206978
N	*	250	*	*	*	*	*	4471291	*
D	30	2	*	*	*	*	99.2	1105145	*
D	139	2	*	*	*	*	96.4	1056070	*
D	383	2	*	*	*	*	98.4	923209	*
D	441	2	*	*	*	*	97.6	890962	*
D	512	2	*	*	*	*	94.4	851797	*
D	614	2	*	*	*	*	96.0	820546	*
D	643	2	*	*	*	*	94.8	814347	*
D	680	2	*	*	*	*	98.4	806547	*
D	695	2	*	*	*	*	93.6	797038	*
D	700	2	*	*	*	*	95.2	792019	*
D	705	2	*	*	*	*	93.6	787697	*
D	706	2	*	*	*	*	93.6	786884	*
D	722	2	*	*	*	*	94.4	778480	*
D	768	2	*	*	*	*	99.2	737888	*
D	834	3	*	*	*	*	91.8	694777	*
D	886	2	*	*	*	*	94.4	656502	*
D	888	2	*	*	*	*	95.6	655619	*
D	947	2	*	*	*	*	95.6	619210	*
D	957	2	*	*	*	*	91.2	609349	*
D	973	2	*	*	*	*	94.4	593894	*
D	1073	2	*	*	*	*	94.8	587036	*
D	1103	2	*	*	*	*	95.6	585123	*
D	1157	2	*	*	*	*	98.8	581352	*
D	1197	2	*	*	*	*	97.6	578890	*
D	1306	2	*	*	*	*	92.8	570390	*
D	1337	2	*	*	*	*	95.6	568154	*
D	1342	2	*	*	*	*	100.0	567854	*
D	1356	2	*	*	*	*	99.6	567221	*
D	1413	3	*	*	*	*	96.4	562500	*
D	1418	2	*	*	*	*	96.4	562181	*
D	1434	2	*	*	*	*	96.8	560943	*
D	1472	2	*	*	*	*	100.0	557711	*
D	1503	2	*	*	*	*	91.6	555568	*
D	1504	3	*	*	*	*	93.4	555445	*
D	1523	2	*	*	*	*	98.4	4412575	*
D	1549	3	*	*	*	*	96.6	552203	*
D	1550	2	*	*	*	*	98.4	552187	*
D	1596	2	*	*	*	*	94.8	549232	*
D	1606	3	*	*	*	*	95.2	548469	*
D	1641	2	*	*	*	*	94.4	544425	*
D	1651	2	*	*	*	*	99.2	543731	*
D	1693	3	*	*	*	*	90.6	539939	*
D	1701	2	*	*	*	*	98.4	539319	*
D	1720	2	*	*	*	*	92.0	537713	*
D	1765	2	*	*	*	*	91.6	533624	*
D	1893	2	*	*	*	*	96.8	529445	*
D	2129	2	*	*	*	*	99.2	522968	*
D	2606	2	*	*	*	*	96.0	470510	*
D	2767	2	*	*	*	*	99.2	404948	*
D	2861	2	*	*	*	*	97.6	370251	*
D	2930	2	*	*	*	*	97.6	367548	*
D	3186	2	*	*	*	*	99.2	359367	*
D	3233	2	*	*	*	*	98.8	357791	*
D	3556	2	*	*	*	*	97.6	333578	*
D	3590	2	*	*	*	*	99.2	330659	*
D	3664	2	*	*	*	*	91.6	324891	*
D	3739	2	*	*	*	*	91.6	319214	*
D	3818	2	*	*	*	*	99.2	311857	*
D	4107	2	*	*	*	*	92.0	295647	*
D	4388	2	*	*	*	*	100.0	277801	*
D	4390	2	*	*	*	*	94.0	277651	*
D	4423	2	*	*	*	*	92.8	275651	*
D	4430	2	*	*	*	*	97.2	274860	*
D	4447	2	*	*	*	*	95.2	274061	*
D	4456	2	*	*	*	*	97.2	273630	*
D	4514	2	*	*	*	*	98.4	270202	*
D	4589	3	*	*	*	*	99.6	265823	*
D	4593	2	*	*	*	*	93.6	265604	*
D	4658	2	*	*	*	*	98.4	262021	*
D	4674	2	*	*	*	*	94.8	261255	*
D	4712	2	*	*	*	*	97.2	259094	*
D	4789	2	*	*	*	*	98.8	253436	*
D	4826	2	*	*	*	*	93.2	249636	*
D	4837	2	*	*	*	*	100.0	248512	*
D	4841	2	*	*	*	*	95.2	247727	*
D	4864	2	*	*	*	*	98.0	246206	*
D	4880	2	*	*	*	*	98.4	244920	*
D	4882	3	*	*	*	*	94.2	244757	*
D	4973	2	*	*	*	*	90.4	237209	*
D	4997	2	*	*	*	*	99.2	234592	*
D	5004	2	*	*	*	*	96.8	233692	*
D	5099	2	*	*	*	*	98.0	220064	*
D	5233	2	*	*	*	*	98.0	202605	*
D	5429	2	*	*	*	*	93.2	194489	*
D	5467	2	*	*	*	*	98.4	193675	*
D	5589	2	*	*	*	*	97.6	190237	*
D	5759	3	*	*	*	*	93.0	185766	*
D	5804	2	*	*	*	*	98.4	184790	*
D	5991	2	*	*	*	*	99.2	179639	*
D	6065	2	*	*	*	*	92.8	177520	*
D	6108	2	*	*	*	*	99.6	175858	*
D	6180	2	*	*	*	*	98.8	173767	*
D	6252	3	*	*	*	*	96.8	169604	*
D	6277	2	*	*	*	*	91.6	167717	*
D	6392	2	*	*	*	*	97.2	160810	*
D	6404	2	*	*	*	*	98.4	159887	*
D	6406	3	*	*	*	*	97.4	159833	*
D	6476	2	*	*	*	*	91.2	156688	*
D	6478	2	*	*	*	*	96.8	156425	*
D	6502	2	*	*	*	*	91.6	154763	*
D	6528	2	*	*	*	*	97.2	152763	*
D	6535	2	*	*	*	*	95.6	152460	*
D	6597	3	*	*	*	*	93.8	148326	*
D	6609	3	*	*	*	*	94.2	147523	*
D	6612	2	*	*	*	*	95.2	147268	*
D	6660	2	*	*	*	*	96.8	144207	*
D	6811	2	*	*	*	*	96.8	136053	*
D	6829	2	*	*	*	*	97.2	133739	*
D	6877	2	*	*	*	*	98.4	129026	*
D	6924	3	*	*	*	*	94.8	115286	*
D	6981	2	*	*	*	*	99.6	110694	*
D	6982	2	*	*	*	*	92.8	110591	*
D	7013	2	*	*	*	*	98.0	108433	*
D	7056	2	*	*	*	*	96.0	106723	*
D	7065	2	*	*	*	*	91.2	106270	*
D	7110	2	*	*	*	*	98.8	104129	*
D	7240	2	*	*	*	*	99.2	91892	*
D	7311	2	*	*	*	*	94.0	82490	*
D	7334	2	*	*	*	*	98.4	80229	*
D	7432	2	*	*	*	*	94.4	70091	*
D	7442	2	*	*	*	*	96.4	67654	*
D	7453	2	*	*	*	*	91.2	65468	*
D	7467	2	*	*	*	*	98.8	62983	*
D	7491	2	*	*	*	*	90.8	58647	*
D	7526	2	*	*	*	*	95.6	51657	*
D	7547	2	*	*	*	*	98.4	48640	*
D	7585	2	*	*	*	*	100.0	39523	*
D	7619	2	*	*	*	*	92.0	34323	*
D	7626	2	*	*	*	*	92.0	33404	*
D	7630	2	*	*	*	*	95.6	32247	*
D	7654	2	*	*	*	*	95.2	28386	*
D	7658	3	*	*	*	*	93.4	27938	*
D	7666	2	*	*	*	*	94.0	26799	*
D	7754	2	*	*	*	*	97.6	15785	*
D	7780	2	*	*	*	*	92.8	15059	*
D	7832	2	*	*	*	*	93.2	14131	*
D	7876	5	*	*	*	*	97.1	12980	*
D	7922	2	*	*	*	*	97.6	12136	*
D	7956	2	*	*	*	*	100.0	11759	*
D	7971	2	*	*	*	*	96.0	10940	*
D	7974	2	*	*	*	*	90.0	10829	*
D	7981	2	*	*	*	*	100.0	10629	*
D	8017	2	*	*	*	*	99.6	9514	*
D	8033	2	*	*	*	*	92.4	9140	*
D	8077	2	*	*	*	*	92.8	8086	*
D	8092	3	*	*	*	*	95.4	7556	*
D	8118	2	*	*	*	*	97.2	6591	*
D	8138	2	*	*	*	*	95.2	5518	*
D	8198	2	*	*	*	*	97.2	3064	*
D	8209	2	*	*	*	*	94.8	2421	*
D	8211	2	*	*	*	*	94.8	2419	*
D	8254	2	*	*	*	*	99.6	1137708	*
D	8349	2	*	*	*	*	98.0	1145943	*
D	8361	2	*	*	*	*	94.8	948029	*
D	8489	2	*	*	*	*	100.0	1132903	*
D	8507	2	*	*	*	*	94.8	1143460	*
D	8560	2	*	*	*	*	99.6	1771843	*
D	8610	2	*	*	*	*	97.6	1801172	*
D	8624	2	*	*	*	*	99.6	1129461	*
D	8636	2	*	*	*	*	96.4	1819091	*
D	8735	3	*	*	*	*	99.8	1913096	*
D	8737	2	*	*	*	*	100.0	1913619	*
D	8738	2	*	*	*	*	98.0	809102	*
D	8761	2	*	*	*	*	95.6	1125489	*
D	8764	2	*	*	*	*	90.4	1142320	*
D	8790	3	*	*	*	*	94.0	1122887	*
D	8795	2	*	*	*	*	98.0	698294	*
D	8869	2	*	*	*	*	95.6	2027409	*
D	8871	3	*	*	*	*	97.6	2028641	*
D	8926	2	*	*	*	*	100.0	2072489	*
D	8954	3	*	*	*	*	93.4	2094423	*
D	8978	2	*	*	*	*	98.8	200836	*
D	8985	2	*	*	*	*	95.6	2111163	*
D	9051	2	*	*	*	*	97.6	2160270	*
D	9068	2	*	*	*	*	99.2	1124221	*
D	9089	3	*	*	*	*	96.2	1144109	*
D	9121	2	*	*	*	*	100.0	758064	*
D	9160	2	*	*	*	*	94.4	2248535	*
D	9185	2	*	*	*	*	93.6	2270059	*
D	9220	2	*	*	*	*	100.0	1126607	*
D	9256	2	*	*	*	*	92.8	1115155	*
D	9270	3	*	*	*	*	97.6	2332707	*
D	9280	2	*	*	*	*	96.8	2343601	*
D	9312	4	*	*	*	*	99.5	2369177	*
D	9342	3	*	*	*	*	95.4	2397567	*
D	9366	2	*	*	*	*	98.0	1138255	*
D	9376	2	*	*	*	*	97.2	2426771	*
D	9377	3	*	*	*	*	98.4	2428473	*
D	9419	2	*	*	*	*	99.6	2465170	*
D	9425	2	*	*	*	*	90.0	2471826	*
D	9439	2	*	*	*	*	99.2	851932	*
D	9473	2	*	*	*	*	92.0	2503593	*
D	9498	2	*	*	*	*	91.2	1144022	*
D	9560	2	*	*	*	*	90.8	1131995	*
D	9562	3	*	*	*	*	97.4	2572567	*
D	9572	2	*	*	*	*	96.4	809850	*
D	9632	3	*	*	*	*	99.8	2638784	*
D	9672	2	*	*	*	*	98.4	2682867	*
D	9747	2	*	*	*	*	99.6	2749362	*
D	9748	2	*	*	*	*	91.6	1130616	*
D	9760	2	*	*	*	*	90.4	2755928	*
D	9767	2	*	*	*	*	98.8	919466	*
D	9806	2	*	*	*	*	99.6	821931	*
D	9884	2	*	*	*	*	96.8	1136534	*
D	9905	2	*	*	*	*	96.4	707310	*
D	9936	2	*	*	*	*	94.4	2918986	*
D	9964	2	*	*	*	*	97.2	1128972	*
D	9986	2	*	*	*	*	92.8	1145398	*
D	10026	2	*	*	*	*	97.6	1028576	*
D	10047	2	*	*	*	*	94.4	3028373	*
D	10061	3	*	*	*	*	91.8	1124398	*
D	10104	3	*	*	*	*	98.4	1134316	*
D	10215	2	*	*	*	*	96.8	1136763	*
D	10223	4	*	*	*	*	96.1	726766	*
D	10283	2	*	*	*	*	92.4	1132384	*
D	10312	2	*	*	*	*	95.2	1139791	*
D	10395	2	*	*	*	*	99.6	1143570	*
D	10462	2	*	*	*	*	96.8	647165	*
D	10479	7	*	*	*	*	99.6	3368019	*
D	10493	2	*	*	*	*	98.4	607515	*
D	10545	2	*	*	*	*	98.0	1140356	*
D	10565	2	*	*	*	*	94.0	1139975	*
D	10629	2	*	*	*	*	98.8	1134770	*
D	10639	2	*	*	*	*	90.4	821517	*
D	10649	4	*	*	*	*	97.2	3509168	*
D	10653	2	*	*	*	*	97.2	3510792	*
D	10668	2	*	*	*	*	91.6	3526876	*
D	10715	2	*	*	*	*	97.6	3568708	*
D	10726	4	*	*	*	*	93.6	1143368	*
D	10743	2	*	*	*	*	91.2	1130297	*
D	10751	2	*	*	*	*	98.4	1129599	*
D	10767	2	*	*	*	*	98.8	3606810	*
D	10774	3	*	*	*	*	100.0	1084531	*
D	10789	3	*	*	*	*	99.2	1130073	*
D	10958	2	*	*	*	*	95.2	3755054	*
D	10984	2	*	*	*	*	98.4	3772086	*
D	11037	2	*	*	*	*	96.0	1133367	*
D	11089	2	*	*	*	*	92.4	1129515	*
D	11163	2	*	*	*	*	99.2	3942007	*
D	11193	3	*	*	*	*	97.8	612512	*
D	11198	2	*	*	*	*	99.2	1104486	*
D	11251	2	*	*	*	*	100.0	4011753	*
D	11279	2	*	*	*	*	92.0	4028751	*
D	11353	2	*	*	*	*	98.8	1122955	*
D	11363	2	*	*	*	*	96.8	1135374	*
D	11383	2	*	*	*	*	97.2	4108889	*
D	11403	3	*	*	*	*	95.0	1136009	*
D	11524	2	*	*	*	*	96.0	4233669	*
D	11552	2	*	*	*	*	97.6	4251078	*
D	11942	2	*	*	*	*	100.0	4316241	*
D	11953	2	*	*	*	*	97.6	4317058	*
D	12142	3	*	*	*	*	98.4	4328084	*
D	12220	2	*	*	*	*	94.0	4332864	*
D	12228	2	*	*	*	*	98.4	4334113	*
D	12347	2	*	*	*	*	98.8	4341986	*
D	12364	2	*	*	*	*	98.0	4343296	*
D	12375	2	*	*	*	*	95.6	4343683	*
D	12376	2	*	*	*	*	98.8	4343701	*
D	12389	2	*	*	*	*	94.0	4344419	*
D	12493	2	*	*	*	*	97.2	4350881	*
D	12509	3	*	*	*	*	95.4	4352219	*
D	12545	2	*	*	*	*	97.2	4354692	*
D	12574	2	*	*	*	*	99.2	4356825	*
D	12581	5	*	*	*	*	96.6	4357166	*
D	12588	2	*	*	*	*	97.2	4357503	*
D	12635	4	*	*	*	*	96.4	4360273	*
D	12643	2	*	*	*	*	97.2	4360539	*
D	12662	2	*	*	*	*	92.8	4361597	*
D	12684	2	*	*	*	*	94.4	4363899	*
D	12697	2	*	*	*	*	96.0	4365006	*
D	12699	3	*	*	*	*	100.0	4365042	*
D	12743	2	*	*	*	*	96.8	4367676	*
D	12747	2	*	*	*	*	100.0	4367987	*
D	12751	2	*	*	*	*	99.6	4368044	*
D	12770	3	*	*	*	*	98.6	4369445	*
D	12788	2	*	*	*	*	92.8	4370479	*
D	12825	2	*	*	*	*	92.8	4372223	*
D	12861	2	*	*	*	*	94.0	4374945	*
D	12864	4	*	*	*	*	93.2	4375255	*
D	12949	2	*	*	*	*	94.4	4380180	*
D	13083	2	*	*	*	*	99.2	4388300	*
D	13098	2	*	*	*	*	96.4	4389141	*
D	13099	2	*	*	*	*	97.6	4389144	*
D	13106	2	*	*	*	*	98.4	4389452	*
D	13112	3	*	*	*	*	94.6	4390091	*
D	13164	2	*	*	*	*	92.0	4393950	*
D	13174	3	*	*	*	*	94.6	4394897	*
D	13211	2	*	*	*	*	98.0	4396918	*
D	13214	2	*	*	*	*	92.4	4397087	*
D	13284	2	*	*	*	*	90.4	4403441	*
D	13379	4	*	*	*	*	98.1	4410246	*
D	13416	2	*	*	*	*	99.2	4413100	*
D	13480	2	*	*	*	*	94.0	4416544	*
D	13481	2	*	*	*	*	93.6	4416713	*
D	13506	2	*	*	*	*	98.0	4418842	*
D	13567	2	*	*	*	*	94.0	4423978	*
D	13574	2	*	*	*	*	97.6	4424414	*
D	13575	2	*	*	*	*	97.6	4424642	*
D	13613	2	*	*	*	*	93.2	4427433	*
D	13618	2	*	*	*	*	100.0	4427644	*
D	13632	2	*	*	*	*	96.4	4428440	*
D	13673	2	*	*	*	*	97.2	4431590	*
D	13732	2	*	*	*	*	100.0	4435408	*
D	13788	2	*	*	*	*	98.4	4439070	*
D	13841	2	*	*	*	*	96.8	4442440	*
D	13918	2	*	*	*	*	95.2	4447123	*
D	13936	3	*	*	*	*	98.8	4448503	*
D	13984	2	*	*	*	*	96.0	4452718	*
D	13992	3	*	*	*	*	95.6	4453271	*
D	13993	7	*	*	*	*	99.8	4453316	*
D	14269	2	*	*	*	*	93.2	4469387	*
D	14273	2	*	*	*	*	98.0	4469673	*
D	14315	2	*	*	*	*	92.8	4472101	*
D	14437	3	*	*	*	*	97.6	4479549	*
D	14490	2	*	*	*	*	94.4	4482366	*
D	14505	2	*	*	*	*	94.0	4482948	*
D	14592	3	*	*	*	*	95.4	186470	*
D	14595	2	*	*	*	*	94.8	155684	*
D	14615	2	*	*	*	*	91.6	106645	*
D	14616	2	*	*	*	*	92.8	106491	*
D	14627	2	*	*	*	*	93.6	94242	*
D	14649	2	*	*	*	*	93.6	19329	*
D	14674	2	*	*	*	*	91.6	665283	*
D	14678	2	*	*	*	*	99.2	1879068	*
D	14693	2	*	*	*	*	94.0	753747	*
D	14696	3	*	*	*	*	95.4	2153390	*
D	14764	2	*	*	*	*	95.2	4404469	*
D	14771	2	*	*	*	*	95.6	4437047	*
D	14773	2	*	*	*	*	96.0	4445049	*
D	14774	2	*	*	*	*	94.0	4448464	*
D	14779	2	*	*	*	*	94.4	4463497	*
