UclustConsensusTaxonAssigner parameters:
id_to_taxonomy_filepath:/Users/nbokulich/Desktop/projects/short-read-tax-assignment/data/simulated-community/F1-REF-iter2/ref_taxa.tsv
id_to_taxonomy_fp:/Users/nbokulich/Desktop/projects/short-read-tax-assignment/data/simulated-community/F1-REF-iter2/ref_taxa.tsv
max_accepts:3
min_consensus_fraction:1.0
reference_sequences_fp:/Users/nbokulich/Desktop/projects/short-read-tax-assignment/data/simulated-community/F1-REF-iter2/ref_seqs.fasta
similarity:0.9
unassignable_label:Unassigned
Result path: /var/folders/0t/l1dz88p50y91vx_22fx5w3780000gn/T/assign-taxqiIwk0

.uc file contents:

# uclust --input /Users/nbokulich/Desktop/projects/short-read-tax-assignment/data/simulated-community/F1-REF-iter2/query.fasta --id 0.9 --rev --maxaccepts 3 --allhits --libonly --lib /Users/nbokulich/Desktop/projects/short-read-tax-assignment/data/simulated-community/F1-REF-iter2/ref_seqs.fasta --uc /var/folders/0t/l1dz88p50y91vx_22fx5w3780000gn/T/UclustConsensusTaxonAssigner_I7mwob.uc
# version=1.2.22
# Tab-separated fields:
# 1=Type, 2=ClusterNr, 3=SeqLength or ClusterSize, 4=PctId, 5=Strand, 6=QueryStart, 7=SeedStart, 8=Alignment, 9=QueryLabel, 10=TargetLabel
# Record types (field 1): L=LibSeed, S=NewSeed, H=Hit, R=Reject, D=LibCluster, C=NewCluster, N=NoHit
# For C and D types, PctId is average id with seed.
# QueryStart and SeedStart are zero-based relative to start of sequence.
# If minus strand, SeedStart is relative to reverse-complemented seed.
N	*	250	*	*	*	*	*	SH076689.07FU_HQ604259_reps	*
L	38	250	*	*	*	*	*	SH076801.07FU_AY534593_reps	*
H	38	250	96.0	+	0	0	49MD82MD14M2D101M4I	SH076802.07FU_DQ185925_reps	SH076801.07FU_AY534593_reps
L	36	250	*	*	*	*	*	SH076804.07FU_UDB019721_reps	*
H	36	250	97.2	+	0	0	35M2I146MI66M3D	SH076802.07FU_DQ185925_reps	SH076804.07FU_UDB019721_reps
L	35	250	*	*	*	*	*	SH076803.07FU_JF430072_reps	*
H	35	250	96.8	+	0	0	D34M2I146MI67M2D	SH076802.07FU_DQ185925_reps	SH076803.07FU_JF430072_reps
L	71	250	*	*	*	*	*	SH077030.07FU_EF460356_reps	*
H	71	250	98.0	+	0	0	I249MD	SH077059.07FU_EF460372_reps	SH077030.07FU_EF460356_reps
L	90	250	*	*	*	*	*	SH077060.07FU_EF460357_reps	*
H	90	250	97.2	+	0	0	I123MD126M	SH077059.07FU_EF460372_reps	SH077060.07FU_EF460357_reps
L	96	250	*	*	*	*	*	SH077070.07FU_JN043309_reps	*
H	96	250	95.6	+	0	0	5D45M2I200M3I	SH077059.07FU_EF460372_reps	SH077070.07FU_JN043309_reps
L	129	156	*	*	*	*	*	SH077363.07FU_AY877417_reps	*
H	129	157	98.7	+	0	0	93MD63M	SH077357.07FU_DQ640065_refs	SH077363.07FU_AY877417_reps
L	8249	250	*	*	*	*	*	SH077354.07FU_JN000071_refs	*
H	8249	157	98.1	+	0	0	157M93I	SH077357.07FU_DQ640065_refs	SH077354.07FU_JN000071_refs
L	128	157	*	*	*	*	*	SH077362.07FU_DQ366852_reps	*
H	128	157	96.8	+	0	0	157M	SH077357.07FU_DQ640065_refs	SH077362.07FU_DQ366852_reps
N	*	250	*	*	*	*	*	SH077503.07FU_KC222806_reps	*
L	179	250	*	*	*	*	*	SH077608.07FU_JX429213_reps	*
H	179	250	97.2	+	0	0	2D129M4I24M3D92MI	SH077603.07FU_JN616420_reps	SH077608.07FU_JX429213_reps
L	175	250	*	*	*	*	*	SH077600.07FU_JN616477_reps	*
H	175	250	94.4	+	0	0	130M7I25M3D88M4D	SH077603.07FU_JN616420_reps	SH077600.07FU_JN616477_reps
L	8069	250	*	*	*	*	*	SH129754.07FU_JF908349_reps	*
H	8069	157	93.0	+	0	0	3I157M90I	SH077605.07FU_JX429125_reps	SH129754.07FU_JF908349_reps
L	173	250	*	*	*	*	*	SH077595.07FU_JX429224_refs	*
H	173	157	91.1	+	0	0	3I157M90I	SH077605.07FU_JX429125_reps	SH077595.07FU_JX429224_refs
L	177	250	*	*	*	*	*	SH077604.07FU_UDB018240_reps	*
H	177	157	93.0	+	0	0	3I128MI6M3I13M4I10M82I	SH077605.07FU_JX429125_reps	SH077604.07FU_UDB018240_reps
L	195	250	*	*	*	*	*	SH077686.07FU_JN159527_reps	*
H	195	250	95.2	+	0	0	250M	SH077696.07FU_JN159524_reps	SH077686.07FU_JN159527_reps
L	8108	250	*	*	*	*	*	SH132909.07FU_JN159525_reps	*
H	8108	250	95.2	+	0	0	250M	SH077696.07FU_JN159524_reps	SH132909.07FU_JN159525_reps
L	5839	250	*	*	*	*	*	SH132839.07FU_JN159512_reps	*
H	5839	250	93.2	+	0	0	28MI48MI172M2D	SH077696.07FU_JN159524_reps	SH132839.07FU_JN159512_reps
L	4050	250	*	*	*	*	*	SH113272.07FU_HE817874_reps	*
H	4050	250	98.0	+	0	0	250M	SH078075.07FU_FM865598_refs	SH113272.07FU_HE817874_reps
L	245	250	*	*	*	*	*	SH078077.07FU_HE817872_reps	*
H	245	250	98.0	+	0	0	250M	SH078075.07FU_FM865598_refs	SH078077.07FU_HE817872_reps
L	260	250	*	*	*	*	*	SH078158.07FU_FM865562_reps	*
H	260	250	98.0	+	0	0	250M	SH078075.07FU_FM865598_refs	SH078158.07FU_FM865562_reps
L	294	250	*	*	*	*	*	SH078781.07FU_JF439098_reps	*
H	294	250	97.6	+	0	0	83M2I17MI147M3D	SH078756.07FU_JF439105_reps	SH078781.07FU_JF439098_reps
L	7504	250	*	*	*	*	*	SH078850.07FU_JF439153_reps	*
H	7504	250	97.2	+	0	0	85MD34MI130M	SH078756.07FU_JF439105_reps	SH078850.07FU_JF439153_reps
L	6690	250	*	*	*	*	*	SH539161.07FU_KR105643_reps	*
H	6690	250	91.2	+	0	0	41MI36M2I13M4D156MI	SH078756.07FU_JF439105_reps	SH539161.07FU_KR105643_reps
L	352	250	*	*	*	*	*	SH079342.07FU_UDB007450_reps	*
H	352	250	94.8	+	0	0	2D150MD97M3I	SH079332.07FU_UDB011221_reps	SH079342.07FU_UDB007450_reps
L	348	250	*	*	*	*	*	SH079331.07FU_UDB025154_reps	*
H	348	250	94.8	+	0	0	2D150MD97M3I	SH079332.07FU_UDB011221_reps	SH079331.07FU_UDB025154_reps
L	2396	250	*	*	*	*	*	SH096544.07FU_GU998595_reps	*
H	2396	250	96.0	+	0	0	2I7M2I239M4D	SH079332.07FU_UDB011221_reps	SH096544.07FU_GU998595_reps
L	343	250	*	*	*	*	*	SH079335.07FU_UDB016002_refs	*
H	343	250	96.4	+	0	0	2D55MI31M3I160M2D	SH079336.07FU_AF335442_reps	SH079335.07FU_UDB016002_refs
L	5709	250	*	*	*	*	*	SH132206.07FU_UDB016087_reps	*
H	5709	250	91.6	+	0	0	55MD74M2D55M7D56M10I	SH079336.07FU_AF335442_reps	SH132206.07FU_UDB016087_reps
L	349	250	*	*	*	*	*	SH079333.07FU_AY061665_reps	*
H	349	250	90.8	+	0	0	55MD74M2D51M3D64M6I	SH079336.07FU_AF335442_reps	SH079333.07FU_AY061665_reps
L	5725	250	*	*	*	*	*	SH132235.07FU_UDB011362_reps	*
H	5725	250	90.4	+	0	0	3I93M2D31MI20MD24M4D75M3I	SH079346.07FU_EU598157_reps	SH132235.07FU_UDB011362_reps
L	384	250	*	*	*	*	*	SH079527.07FU_EU543198_refs	*
H	384	250	92.8	+	0	0	222M10I18M10D	SH079529.07FU_AJ893242_reps	SH079527.07FU_EU543198_refs
L	383	250	*	*	*	*	*	SH079524.07FU_EU543196_refs	*
H	383	250	93.2	+	0	0	219M7I24M7D	SH079529.07FU_AJ893242_reps	SH079524.07FU_EU543196_refs
L	2757	250	*	*	*	*	*	SH100260.07FU_EU543194_reps	*
H	2757	250	94.0	+	0	0	179M2D23M2D16M5I27MD	SH079529.07FU_AJ893242_reps	SH100260.07FU_EU543194_reps
L	392	219	*	*	*	*	*	SH079578.07FU_L54099_refs	*
H	392	221	96.3	+	0	0	118M2D101M	SH079566.07FU_UDB000656_reps	SH079578.07FU_L54099_refs
L	394	221	*	*	*	*	*	SH079570.07FU_UDB015555_reps	*
H	394	221	94.6	+	0	0	221M	SH079566.07FU_UDB000656_reps	SH079570.07FU_UDB015555_reps
L	389	221	*	*	*	*	*	SH079554.07FU_UDB018839_refs	*
H	389	221	94.6	+	0	0	221M	SH079566.07FU_UDB000656_reps	SH079554.07FU_UDB018839_refs
H	392	224	91.3	+	0	0	33MD85M4D101M	SH079580.07FU_JN201972_reps	SH079578.07FU_L54099_refs
H	389	224	90.5	+	0	0	33MD89M2D99M	SH079580.07FU_JN201972_reps	SH079554.07FU_UDB018839_refs
H	394	224	90.5	+	0	0	33MD89M2D99M	SH079580.07FU_JN201972_reps	SH079570.07FU_UDB015555_reps
L	465	176	*	*	*	*	*	SH079989.07FU_JQ723145_reps	*
H	465	176	100.0	+	0	0	176M	SH079988.07FU_JQ723140_reps	SH079989.07FU_JQ723145_reps
L	464	176	*	*	*	*	*	SH079987.07FU_JQ723141_reps	*
H	464	176	99.4	+	0	0	176M	SH079988.07FU_JQ723140_reps	SH079987.07FU_JQ723141_reps
N	*	250	*	*	*	*	*	SH079996.07FU_HQ604178_reps	*
L	469	250	*	*	*	*	*	SH080053.07FU_EF175552_refs	*
H	469	224	99.6	+	0	0	224M26I	SH080036.07FU_EF175546_reps	SH080053.07FU_EF175552_refs
L	6386	225	*	*	*	*	*	SH136342.07FU_GU910546_reps	*
H	6386	224	98.7	+	0	0	196MI28M	SH080036.07FU_EF175546_reps	SH136342.07FU_GU910546_reps
L	7516	225	*	*	*	*	*	SH080059.07FU_KF668292_reps	*
H	7516	224	97.3	+	0	0	195MI29M	SH080036.07FU_EF175546_reps	SH080059.07FU_KF668292_reps
L	472	250	*	*	*	*	*	SH080112.07FU_UDB011417_refs	*
H	472	250	92.4	+	0	0	2D6MD13MD71MD53MI102M4I	SH080114.07FU_HM562216_refs	SH080112.07FU_UDB011417_refs
L	496	123	*	*	*	*	*	SH080236.07FU_UDB012199_reps	*
H	496	126	98.4	+	0	0	4D70MI52M	SH080232.07FU_UDB015971_reps	SH080236.07FU_UDB012199_reps
L	494	250	*	*	*	*	*	SH080231.07FU_KF617832_reps	*
H	494	126	97.6	+	0	0	2I126M122I	SH080232.07FU_UDB015971_reps	SH080231.07FU_KF617832_reps
L	495	230	*	*	*	*	*	SH080233.07FU_KF002767_reps	*
H	495	126	96.0	+	0	0	2I7M2D71M2I46M102I	SH080232.07FU_UDB015971_reps	SH080233.07FU_KF002767_reps
H	494	250	99.2	+	0	0	250M	SH080241.07FU_EU292641_reps	SH080231.07FU_KF617832_reps
H	495	250	96.5	+	0	0	9M2D71M2I148M20D	SH080241.07FU_EU292641_reps	SH080233.07FU_KF002767_reps
L	498	222	*	*	*	*	*	SH080247.07FU_GU371293_reps	*
H	498	250	95.5	+	0	0	7D113MD109M20D	SH080241.07FU_EU292641_reps	SH080247.07FU_GU371293_reps
L	512	134	*	*	*	*	*	SH080423.07FU_UDB015324_reps	*
H	512	170	91.8	+	0	0	I133M37D	SH080424.07FU_FJ596817_reps	SH080423.07FU_UDB015324_reps
L	4327	250	*	*	*	*	*	SH116144.07FU_HM123294_refs	*
H	4327	88	90.9	+	0	0	33M3I10MI45M158I	SH080455.07FU_DQ322164_reps	SH116144.07FU_HM123294_refs
L	7523	250	*	*	*	*	*	SH080573.07FU_UDB004967_reps	*
H	7523	250	92.0	+	0	0	191MD54MI4M	SH080569.07FU_UDB014035_reps	SH080573.07FU_UDB004967_reps
L	540	250	*	*	*	*	*	SH080582.07FU_EF621921_reps	*
H	540	250	94.0	+	0	0	10I240M10D	SH080581.07FU_EF621918_reps	SH080582.07FU_EF621921_reps
L	544	240	*	*	*	*	*	SH080696.07FU_EU330945_refs	*
H	544	249	94.6	+	0	0	I71M4D70M2D21M4D77M	SH080703.07FU_HM466665_refs	SH080696.07FU_EU330945_refs
L	8313	236	*	*	*	*	*	SH103655.07FU_KC171335_refs	*
H	8313	249	93.2	+	0	0	2D31MD37M4D56MD16MD22M5D8MI65M	SH080703.07FU_HM466665_refs	SH103655.07FU_KC171335_refs
L	564	237	*	*	*	*	*	SH080744.07FU_HM466664_refs	*
H	564	249	92.4	+	0	0	71M4D55M2D16MD22M5D73M	SH080703.07FU_HM466665_refs	SH080744.07FU_HM466664_refs
L	5570	247	*	*	*	*	*	SH129700.07FU_AF275322_reps	*
H	5570	249	95.1	+	0	0	39MD88M2D13M2D29MI75M2I	SH080738.07FU_AY737776_refs	SH129700.07FU_AF275322_reps
L	2099	250	*	*	*	*	*	SH093386.07FU_AY737769_refs	*
H	2099	249	94.0	+	0	0	127MI42M2I78M2D	SH080738.07FU_AY737776_refs	SH093386.07FU_AY737769_refs
L	2098	242	*	*	*	*	*	SH093385.07FU_AY737768_refs	*
H	2098	249	94.6	+	0	0	2D37MD88M3D12M2D40MD63M2I	SH080738.07FU_AY737776_refs	SH093385.07FU_AY737768_refs
L	559	250	*	*	*	*	*	SH080723.07FU_HE608903_reps	*
H	559	237	97.9	+	0	0	6I163M6I20M2I53MD	SH080739.07FU_HQ022430_reps	SH080723.07FU_HE608903_reps
L	2498	238	*	*	*	*	*	SH097205.07FU_JQ436562_reps	*
H	2498	237	97.0	+	0	0	6I159M5D73M	SH080739.07FU_HQ022430_reps	SH097205.07FU_JQ436562_reps
H	8313	237	93.6	+	0	0	2D125MI110M	SH080739.07FU_HQ022430_reps	SH103655.07FU_KC171335_refs
L	1562	250	*	*	*	*	*	SH089300.07FU_KC966108_reps	*
H	1562	250	93.2	+	0	0	7I243M7D	SH080822.07FU_JF304367_reps	SH089300.07FU_KC966108_reps
L	708	235	*	*	*	*	*	SH081819.07FU_UDB014116_reps	*
H	708	250	93.2	+	0	0	I234M16D	SH080822.07FU_JF304367_reps	SH081819.07FU_UDB014116_reps
L	1541	235	*	*	*	*	*	SH089227.07FU_UDB013713_reps	*
H	1541	250	96.2	+	0	0	I234M16D	SH080822.07FU_JF304367_reps	SH089227.07FU_UDB013713_reps
L	671	134	*	*	*	*	*	SH081533.07FU_JF908414_reps	*
H	671	135	94.8	+	0	0	D25MI101MD7M	SH081527.07FU_UDB016257_refs	SH081533.07FU_JF908414_reps
L	670	250	*	*	*	*	*	SH081526.07FU_JF908382_reps	*
H	670	250	96.8	+	0	0	3D5MI42M4I198M2D	SH081530.07FU_UDB016633_reps	SH081526.07FU_JF908382_reps
N	*	250	*	*	*	*	*	SH081602.07FU_JX998021_reps	*
L	699	250	*	*	*	*	*	SH081708.07FU_U85326_reps	*
H	699	250	92.4	+	0	0	139M16I95M16D	SH081706.07FU_UDB015536_reps	SH081708.07FU_U85326_reps
L	702	250	*	*	*	*	*	SH081715.07FU_HQ020414_reps	*
H	702	114	92.1	+	0	0	53M26I40M6I4MI17M103I	SH081714.07FU_HQ020410_reps	SH081715.07FU_HQ020414_reps
H	699	114	90.4	+	0	0	66I50M26I8M6I35M6I21M32I	SH081714.07FU_HQ020410_reps	SH081708.07FU_U85326_reps
N	*	250	*	*	*	*	*	SH081857.07FU_UDB000627_refs	*
L	716	250	*	*	*	*	*	SH081921.07FU_KF468706_reps	*
H	716	250	97.6	+	0	0	84M2D57M3D104M5I	SH081920.07FU_KF468712_refs	SH081921.07FU_KF468706_reps
L	717	250	*	*	*	*	*	SH081922.07FU_KF468704_reps	*
H	717	250	97.6	+	0	0	84M2D57M3D104M5I	SH081920.07FU_KF468712_refs	SH081922.07FU_KF468704_reps
L	718	250	*	*	*	*	*	SH081923.07FU_KF477303_refs	*
H	718	250	91.6	+	0	0	4I24M2D52M3D53MI14M3D14M2I13M2I71MD	SH081920.07FU_KF468712_refs	SH081923.07FU_KF477303_refs
L	733	250	*	*	*	*	*	SH082030.07FU_AF501562_reps	*
H	733	250	91.2	+	0	0	74MD76M2D46MD20MI30M3I	SH082029.07FU_AF501548_reps	SH082030.07FU_AF501562_reps
L	3740	250	*	*	*	*	*	SH110113.07FU_AY280976_reps	*
H	3740	250	90.0	+	0	0	3I38MD36MD73MI50MD21MI27M2D	SH082029.07FU_AF501548_reps	SH110113.07FU_AY280976_reps
L	743	250	*	*	*	*	*	SH082105.07FU_AF250929_reps	*
H	743	250	94.8	+	0	0	7D10MI10MI223M5I	SH082113.07FU_AM269805_reps	SH082105.07FU_AF250929_reps
L	744	149	*	*	*	*	*	SH082103.07FU_JQ828917_reps	*
H	744	250	95.3	+	0	0	57D149M44D	SH082113.07FU_AM269805_reps	SH082103.07FU_JQ828917_reps
L	742	83	*	*	*	*	*	SH082101.07FU_AY340069_reps	*
H	742	250	91.6	+	0	0	7D10MI72M161D	SH082113.07FU_AM269805_reps	SH082101.07FU_AY340069_reps
L	749	250	*	*	*	*	*	SH082114.07FU_JQ828906_reps	*
H	749	250	98.8	+	0	0	250M	SH082104.07FU_JQ828885_reps	SH082114.07FU_JQ828906_reps
L	746	250	*	*	*	*	*	SH082099.07FU_JQ828916_reps	*
H	746	250	98.0	+	0	0	250M	SH082104.07FU_JQ828885_reps	SH082099.07FU_JQ828916_reps
L	750	250	*	*	*	*	*	SH082111.07FU_JQ828882_reps	*
H	750	250	93.2	+	0	0	74M6D27MI143M5I	SH082104.07FU_JQ828885_reps	SH082111.07FU_JQ828882_reps
L	752	250	*	*	*	*	*	SH082130.07FU_JQ991801_reps	*
H	752	250	96.4	+	0	0	8D116M2I126M6I	SH082129.07FU_UDB000307_reps	SH082130.07FU_JQ991801_reps
L	755	250	*	*	*	*	*	SH082133.07FU_JF834346_reps	*
H	755	250	91.6	+	0	0	8D69M2I57MI116M5I	SH082129.07FU_UDB000307_reps	SH082133.07FU_JF834346_reps
L	753	250	*	*	*	*	*	SH082131.07FU_EU598176_reps	*
H	753	250	90.8	+	0	0	6D133MI111M5I	SH082129.07FU_UDB000307_reps	SH082131.07FU_EU598176_reps
L	775	250	*	*	*	*	*	SH082234.07FU_KJ780669_reps	*
H	775	250	90.4	+	0	0	56MI50MI61MD25MI19MI35M3D	SH082232.07FU_KJ780612_reps	SH082234.07FU_KJ780669_reps
L	780	250	*	*	*	*	*	SH082304.07FU_AB080784_reps	*
H	780	250	90.8	+	0	0	8I35M2I23M3I20M2I118M2I37M17D	SH082307.07FU_GQ250406_reps	SH082304.07FU_AB080784_reps
L	785	250	*	*	*	*	*	SH082312.07FU_AY656924_reps	*
H	785	250	90.0	+	0	0	7I36M2I18M3I27M3I8MD87MI58M15D	SH082307.07FU_GQ250406_reps	SH082312.07FU_AY656924_reps
L	777	250	*	*	*	*	*	SH082297.07FU_UDB015859_refs	*
H	777	250	90.4	+	0	0	8I16M2D71MD41MI71MI41M7D	SH082307.07FU_GQ250406_reps	SH082297.07FU_UDB015859_refs
L	7713	250	*	*	*	*	*	SH095292.07FU_UDB002462_reps	*
H	7713	250	95.6	+	0	0	250M	SH095289.07FU_UDB011364_reps	SH095292.07FU_UDB002462_reps
L	832	250	*	*	*	*	*	SH082646.07FU_AY579447_reps	*
H	832	250	100.0	+	0	0	250M	SH082676.07FU_EU788027_refs	SH082646.07FU_AY579447_reps
L	8264	250	*	*	*	*	*	SH082705.07FU_AY579456_refs	*
H	8264	250	99.6	+	0	0	250M	SH082676.07FU_EU788027_refs	SH082705.07FU_AY579456_refs
L	851	250	*	*	*	*	*	SH082763.07FU_EU788036_reps	*
H	851	250	99.6	+	0	0	250M	SH082676.07FU_EU788027_refs	SH082763.07FU_EU788036_reps
L	7548	229	*	*	*	*	*	SH082796.07FU_KJ406280_reps	*
H	7548	250	96.5	+	0	0	8MD72MI25MI122M22D	SH082714.07FU_JN086295_refs	SH082796.07FU_KJ406280_reps
L	830	250	*	*	*	*	*	SH082652.07FU_JN086326_refs	*
H	830	250	93.2	+	0	0	200MI49MD	SH082714.07FU_JN086295_refs	SH082652.07FU_JN086326_refs
L	847	226	*	*	*	*	*	SH082745.07FU_KJ406283_reps	*
H	847	250	93.8	+	0	0	2D6MD145MI74M22D	SH082714.07FU_JN086295_refs	SH082745.07FU_KJ406283_reps
N	*	219	*	*	*	*	*	SH082982.07FU_UDB018160_refs	*
N	*	250	*	*	*	*	*	SH083009.07FU_KC016116_reps	*
N	*	250	*	*	*	*	*	SH083013.07FU_KC699769_reps	*
L	886	250	*	*	*	*	*	SH083127.07FU_HF970229_reps	*
H	886	250	100.0	+	0	0	250M	SH083126.07FU_AJ319789_reps	SH083127.07FU_HF970229_reps
L	891	250	*	*	*	*	*	SH083148.07FU_JN685258_reps	*
H	891	250	94.8	+	0	0	23MD75M4D147M5I	SH083126.07FU_AJ319789_reps	SH083148.07FU_JN685258_reps
L	888	250	*	*	*	*	*	SH083131.07FU_FN547477_reps	*
H	888	250	94.0	+	0	0	90M3D157M3I	SH083126.07FU_AJ319789_reps	SH083131.07FU_FN547477_reps
L	7535	250	*	*	*	*	*	SH082094.07FU_AF345251_reps	*
H	7535	112	100.0	+	0	0	112M138I	SH083240.07FU_KC598297_reps	SH082094.07FU_AF345251_reps
L	8016	250	*	*	*	*	*	SH124614.07FU_JN168740_reps	*
H	8016	112	100.0	+	0	0	77I112M61I	SH083240.07FU_KC598297_reps	SH124614.07FU_JN168740_reps
L	7347	162	*	*	*	*	*	SH132251.07FU_UDB000303_refs	*
H	7347	112	100.0	+	0	0	112M50I	SH083240.07FU_KC598297_reps	SH132251.07FU_UDB000303_refs
N	*	250	*	*	*	*	*	SH083422.07FU_FN550895_refs	*
L	927	250	*	*	*	*	*	SH083445.07FU_FJ475686_refs	*
H	927	250	100.0	+	0	0	250M	SH083444.07FU_FJ475769_refs	SH083445.07FU_FJ475686_refs
L	4978	164	*	*	*	*	*	SH123274.07FU_UDB004180_reps	*
H	4978	250	95.1	+	0	0	164M86D	SH083745.07FU_EU686862_reps	SH123274.07FU_UDB004180_reps
L	1020	112	*	*	*	*	*	SH084398.07FU_KJ407012_reps	*
H	1020	167	100.0	+	0	0	55D112M	SH084383.07FU_GU827614_reps	SH084398.07FU_KJ407012_reps
L	3626	112	*	*	*	*	*	SH109156.07FU_HQ914830_reps	*
H	3626	167	99.1	+	0	0	55D112M	SH084383.07FU_GU827614_reps	SH109156.07FU_HQ914830_reps
L	4522	112	*	*	*	*	*	SH123992.07FU_KF015668_refs	*
H	4522	167	99.1	+	0	0	55D112M	SH084383.07FU_GU827614_reps	SH123992.07FU_KF015668_refs
L	4827	210	*	*	*	*	*	SH121386.07FU_JQ814333_reps	*
H	4827	207	98.1	+	0	0	D59MI27M3I120M	SH084705.07FU_HQ117860_reps	SH121386.07FU_JQ814333_reps
L	7632	218	*	*	*	*	*	SH090615.07FU_JQ754023_reps	*
H	7632	207	98.6	+	0	0	7I75MI14M2I58MI60M	SH084705.07FU_HQ117860_reps	SH090615.07FU_JQ754023_reps
L	1049	209	*	*	*	*	*	SH084689.07FU_JF431295_refs	*
H	1049	207	97.6	+	0	0	D88M2I58MI60M	SH084705.07FU_HQ117860_reps	SH084689.07FU_JF431295_refs
N	*	250	*	*	*	*	*	SH084761.07FU_GU373512_reps	*
N	*	250	*	*	*	*	*	SH084838.07FU_UDB016848_refs	*
L	1092	250	*	*	*	*	*	SH085123.07FU_JQ838021_reps	*
H	1092	217	97.2	+	0	0	132MD84M34I	SH085120.07FU_JQ838020_reps	SH085123.07FU_JQ838021_reps
N	*	250	*	*	*	*	*	SH085176.07FU_AF377097_reps	*
L	6629	225	*	*	*	*	*	SH538496.07FU_KP109821_reps	*
H	6629	110	98.2	+	0	0	117I108M2D	SH085196.07FU_AF149872_reps	SH538496.07FU_KP109821_reps
L	1101	107	*	*	*	*	*	SH085191.07FU_DQ677655_refs	*
H	1101	110	100.0	+	0	0	49MD58M2D	SH085196.07FU_AF149872_reps	SH085191.07FU_DQ677655_refs
L	2104	107	*	*	*	*	*	SH093390.07FU_DQ323417_reps	*
H	2104	110	98.1	+	0	0	69MD38M2D	SH085196.07FU_AF149872_reps	SH093390.07FU_DQ323417_reps
L	1111	250	*	*	*	*	*	SH085281.07FU_JF433037_refs	*
H	1111	250	99.2	+	0	0	250M	SH085279.07FU_JF433053_reps	SH085281.07FU_JF433037_refs
L	4170	246	*	*	*	*	*	SH114601.07FU_AF150470_reps	*
H	4170	250	99.6	+	0	0	198MD48M3D	SH085279.07FU_JF433053_reps	SH114601.07FU_AF150470_reps
L	7913	250	*	*	*	*	*	SH114680.07FU_KC691583_reps	*
H	7913	250	98.0	+	0	0	196MD53MI	SH085279.07FU_JF433053_reps	SH114680.07FU_KC691583_reps
L	2576	218	*	*	*	*	*	SH097863.07FU_KJ471519_reps	*
H	2576	208	92.8	+	0	0	8I82M2I126M	SH085404.07FU_HQ657313_reps	SH097863.07FU_KJ471519_reps
L	2578	143	*	*	*	*	*	SH097868.07FU_KC457127_reps	*
H	2578	208	91.6	+	0	0	69D11M2D17MI13MI29M3I28MI39M	SH085404.07FU_HQ657313_reps	SH097868.07FU_KC457127_reps
H	1020	112	99.1	+	0	0	112M	SH085420.07FU_KF675281_reps	SH084398.07FU_KJ407012_reps
H	3626	112	98.2	+	0	0	112M	SH085420.07FU_KF675281_reps	SH109156.07FU_HQ914830_reps
H	4522	112	98.2	+	0	0	112M	SH085420.07FU_KF675281_reps	SH123992.07FU_KF015668_refs
L	7584	199	*	*	*	*	*	SH085519.07FU_AB846972_reps	*
H	7584	214	93.0	+	0	0	6D94M9D105M	SH085509.07FU_EF029220_reps	SH085519.07FU_AB846972_reps
L	7587	250	*	*	*	*	*	SH085951.07FU_FM865540_reps	*
H	7587	250	97.2	+	0	0	40M2I66M3D141MI	SH085940.07FU_FM865536_reps	SH085951.07FU_FM865540_reps
L	248	250	*	*	*	*	*	SH078092.07FU_FR750194_reps	*
H	248	250	91.6	+	0	0	23MI17M3D49M3I6MD22MD128MI	SH085940.07FU_FM865536_reps	SH078092.07FU_FR750194_reps
L	249	250	*	*	*	*	*	SH078096.07FU_FM992378_reps	*
H	249	250	91.2	+	0	0	41M3D20M2I13MD43MD128M3I	SH085940.07FU_FM865536_reps	SH078096.07FU_FM992378_reps
L	1169	214	*	*	*	*	*	SH086267.07FU_GQ165648_reps	*
H	1169	226	99.1	+	0	0	157MD57M11D	SH086268.07FU_JN102531_reps	SH086267.07FU_GQ165648_reps
L	1166	208	*	*	*	*	*	SH086269.07FU_GQ165675_reps	*
H	1166	226	92.8	+	0	0	157M7D51M11D	SH086268.07FU_JN102531_reps	SH086269.07FU_GQ165675_reps
L	1165	224	*	*	*	*	*	SH086260.07FU_EU669353_reps	*
H	1165	226	90.6	+	0	0	158M4I44M5I13M11D	SH086268.07FU_JN102531_reps	SH086260.07FU_EU669353_reps
L	7240	250	*	*	*	*	*	SH553234.07FU_KF804001_reps	*
H	7240	250	93.6	+	0	0	160MI9M5D43M2I33M2I	SH086367.07FU_AY969525_refs	SH553234.07FU_KF804001_reps
L	1282	250	*	*	*	*	*	SH086847.07FU_AJ555514_reps	*
H	1282	140	90.7	+	0	0	12MI36MD33MD57M111I	SH086853.07FU_EF411129_reps	SH086847.07FU_AJ555514_reps
N	*	250	*	*	*	*	*	SH087008.07FU_JX093794_reps	*
L	1337	91	*	*	*	*	*	SH087262.07FU_JQ757879_reps	*
H	1337	94	95.6	+	0	0	35MD17M2D39M	SH087179.07FU_DQ092527_reps	SH087262.07FU_JQ757879_reps
L	4316	231	*	*	*	*	*	SH118604.07FU_EU852369_reps	*
H	4316	94	90.4	+	0	0	140I33MD23M2D35M	SH087179.07FU_DQ092527_reps	SH118604.07FU_EU852369_reps
L	1340	91	*	*	*	*	*	SH087273.07FU_JQ758123_reps	*
H	1340	94	93.4	+	0	0	33MD19M2D39M	SH087179.07FU_DQ092527_reps	SH087273.07FU_JQ758123_reps
L	1325	167	*	*	*	*	*	SH087217.07FU_UDB003124_refs	*
H	1325	167	100.0	+	0	0	167M	SH087223.07FU_UDB003122_refs	SH087217.07FU_UDB003124_refs
L	1326	167	*	*	*	*	*	SH087214.07FU_UDB003120_refs	*
H	1326	167	100.0	+	0	0	167M	SH087223.07FU_UDB003122_refs	SH087214.07FU_UDB003120_refs
L	1327	167	*	*	*	*	*	SH087219.07FU_UDB003146_refs	*
H	1327	167	100.0	+	0	0	167M	SH087223.07FU_UDB003122_refs	SH087219.07FU_UDB003146_refs
L	1354	250	*	*	*	*	*	SH087521.07FU_JX271818_refs	*
H	1354	250	93.2	+	0	0	6MI44M3D197M2I	SH087522.07FU_UDB016767_refs	SH087521.07FU_JX271818_refs
L	1353	250	*	*	*	*	*	SH087520.07FU_UDB003210_refs	*
H	1353	250	91.6	+	0	0	10MD24MI19M5I21MI107MI61M7D	SH087522.07FU_UDB016767_refs	SH087520.07FU_UDB003210_refs
N	*	250	*	*	*	*	*	SH087764.07FU_FJ860053_reps	*
L	1385	92	*	*	*	*	*	SH087854.07FU_JX669817_refs	*
H	1385	249	90.2	+	0	0	157D92M	SH087849.07FU_AY465513_reps	SH087854.07FU_JX669817_refs
L	1413	250	*	*	*	*	*	SH087958.07FU_KJ706694_reps	*
H	1413	250	96.8	+	0	0	250M	SH087947.07FU_EF568083_refs	SH087958.07FU_KJ706694_reps
L	1409	214	*	*	*	*	*	SH087950.07FU_AY046186_refs	*
H	1409	213	97.7	+	0	0	65MI148M	SH087953.07FU_AY046188_refs	SH087950.07FU_AY046186_refs
L	1410	250	*	*	*	*	*	SH087955.07FU_AJ229066_reps	*
H	1410	213	97.2	+	0	0	213M37I	SH087953.07FU_AY046188_refs	SH087955.07FU_AJ229066_reps
L	1412	250	*	*	*	*	*	SH087957.07FU_KJ706695_reps	*
H	1412	213	94.8	+	0	0	65MI148M36I	SH087953.07FU_AY046188_refs	SH087957.07FU_KJ706695_reps
L	1419	159	*	*	*	*	*	SH087973.07FU_AY340016_reps	*
H	1419	159	98.7	+	0	0	159M	SH087979.07FU_AY340015_reps	SH087973.07FU_AY340016_reps
L	1423	162	*	*	*	*	*	SH087984.07FU_JQ673200_reps	*
H	1423	159	92.5	+	0	0	8I139M5D15M	SH087979.07FU_AY340015_reps	SH087984.07FU_JQ673200_reps
L	1420	159	*	*	*	*	*	SH087982.07FU_AY340014_reps	*
H	1420	159	95.6	+	0	0	159M	SH087979.07FU_AY340015_reps	SH087982.07FU_AY340014_reps
L	8277	165	*	*	*	*	*	SH087977.07FU_GU478341_refs	*
H	8277	149	94.6	+	0	0	8I10M10I30M3D80M2I25MD	SH087981.07FU_GU136219_reps	SH087977.07FU_GU478341_refs
L	1418	169	*	*	*	*	*	SH087972.07FU_AY340003_reps	*
H	1418	149	94.6	+	0	0	10M10I28M12I84MD25MD	SH087981.07FU_GU136219_reps	SH087972.07FU_AY340003_reps
L	1421	176	*	*	*	*	*	SH087974.07FU_FJ613646_reps	*
H	1421	149	95.3	+	0	0	8I10M10I29M8I84M2I25MD	SH087981.07FU_GU136219_reps	SH087974.07FU_FJ613646_reps
N	*	250	*	*	*	*	*	SH088124.07FU_AJ390409_refs	*
L	7221	242	*	*	*	*	*	SH551692.07FU_KU934875_reps	*
H	7221	242	95.9	+	0	0	110MI103MD28M	SH088202.07FU_HM577230_reps	SH551692.07FU_KU934875_reps
L	7112	244	*	*	*	*	*	SH547723.07FU_KU934873_reps	*
H	7112	242	92.6	+	0	0	82MI28MI132M	SH088202.07FU_HM577230_reps	SH547723.07FU_KU934873_reps
L	1448	250	*	*	*	*	*	SH088244.07FU_AJ515411_reps	*
H	1448	250	96.0	+	0	0	84M6D119M5I41MI	SH088241.07FU_AF062939_refs	SH088244.07FU_AJ515411_reps
L	1445	250	*	*	*	*	*	SH088245.07FU_JN704817_reps	*
H	1445	250	95.6	+	0	0	84M6D16MI103M5I41M	SH088241.07FU_AF062939_refs	SH088245.07FU_JN704817_reps
H	1448	250	93.6	+	0	0	63M4D19MI13M4D107M5I19MD20M3I	SH088242.07FU_AY880943_refs	SH088244.07FU_AJ515411_reps
H	1445	250	93.2	+	0	0	63M4D19MI17M3D104M5I19MD20M2I	SH088242.07FU_AY880943_refs	SH088245.07FU_JN704817_reps
L	1452	235	*	*	*	*	*	SH088268.07FU_DQ449996_refs	*
H	1452	235	98.7	+	0	0	235M	SH088274.07FU_DQ450000_refs	SH088268.07FU_DQ449996_refs
L	1455	235	*	*	*	*	*	SH088271.07FU_JN247553_refs	*
H	1455	235	99.1	+	0	0	235M	SH088274.07FU_DQ450000_refs	SH088271.07FU_JN247553_refs
L	1453	235	*	*	*	*	*	SH088269.07FU_AY256694_refs	*
H	1453	235	98.7	+	0	0	235M	SH088274.07FU_DQ450000_refs	SH088269.07FU_AY256694_refs
L	1466	250	*	*	*	*	*	SH088340.07FU_AY582126_refs	*
H	1466	250	94.0	+	0	0	47MD202MI	SH088338.07FU_JQ993388_reps	SH088340.07FU_AY582126_refs
N	*	211	*	*	*	*	*	SH088430.07FU_AJ271030_refs	*
L	658	250	*	*	*	*	*	SH081045.07FU_KC965380_reps	*
H	658	250	96.0	+	0	0	250M	SH089238.07FU_KC966111_reps	SH081045.07FU_KC965380_reps
H	1541	250	97.4	+	0	0	6D235M9D	SH089238.07FU_KC966111_reps	SH089227.07FU_UDB013713_reps
L	575	250	*	*	*	*	*	SH080831.07FU_JN197731_reps	*
H	575	250	92.0	+	0	0	6D244M6I	SH089238.07FU_KC966111_reps	SH080831.07FU_JN197731_reps
N	*	236	*	*	*	*	*	SH108637.07FU_JQ991644_reps	*
L	7623	250	*	*	*	*	*	SH089663.07FU_UDB017160_reps	*
H	7623	250	97.2	+	0	0	166MI83MD	SH089631.07FU_UDB000191_refs	SH089663.07FU_UDB017160_reps
L	1590	250	*	*	*	*	*	SH089643.07FU_UDB000179_refs	*
H	1590	250	95.6	+	0	0	166MI83MD	SH089631.07FU_UDB000191_refs	SH089643.07FU_UDB000179_refs
L	1589	250	*	*	*	*	*	SH089642.07FU_UDB018368_refs	*
H	1589	250	90.8	+	0	0	174MD24M2I9M8D14MI20M6I	SH089631.07FU_UDB000191_refs	SH089642.07FU_UDB018368_refs
N	*	121	*	*	*	*	*	SH089705.07FU_EU142935_reps	*
L	2773	250	*	*	*	*	*	SH100421.07FU_HM583818_refs	*
H	2773	172	94.2	+	0	0	32I172M46I	SH104858.07FU_JN645061_reps	SH100421.07FU_HM583818_refs
L	3052	215	*	*	*	*	*	SH105194.07FU_JQ780411_reps	*
H	3052	172	95.3	+	0	0	158MD13M44I	SH104858.07FU_JN645061_reps	SH105194.07FU_JQ780411_reps
L	1722	250	*	*	*	*	*	SH104862.07FU_AY049109_reps	*
H	1722	172	97.7	+	0	0	172M78I	SH104858.07FU_JN645061_reps	SH104862.07FU_AY049109_reps
L	2244	144	*	*	*	*	*	SH095041.07FU_KJ780654_reps	*
H	2244	139	92.1	+	0	0	38MD38MD61M7I	SH090336.07FU_KJ780585_reps	SH095041.07FU_KJ780654_reps
L	1663	144	*	*	*	*	*	SH090329.07FU_KJ780430_reps	*
H	1663	139	92.8	+	0	0	38MD38MD61M7I	SH090336.07FU_KJ780585_reps	SH090329.07FU_KJ780430_reps
L	1667	145	*	*	*	*	*	SH090343.07FU_KJ780429_reps	*
H	1667	139	92.1	+	0	0	37MD39MD26MI35M7I	SH090336.07FU_KJ780585_reps	SH090343.07FU_KJ780429_reps
L	1717	250	*	*	*	*	*	SH091022.07FU_AY513228_reps	*
H	1717	250	90.4	+	0	0	52M3D92M4I102MD	SH091023.07FU_AY513225_reps	SH091022.07FU_AY513228_reps
L	2657	250	*	*	*	*	*	SH098766.07FU_AY513227_reps	*
H	2657	250	92.4	+	0	0	51M4D195M4I	SH091023.07FU_AY513225_reps	SH098766.07FU_AY513227_reps
L	1716	250	*	*	*	*	*	SH091021.07FU_AY513231_refs	*
H	1716	250	92.8	+	0	0	21MI30M6D107M2I41MD44M4I	SH091023.07FU_AY513225_reps	SH091021.07FU_AY513231_refs
L	1735	217	*	*	*	*	*	SH091127.07FU_EU913701_reps	*
H	1735	228	98.6	+	0	0	I9MD80M11D127M	SH091123.07FU_EU913704_reps	SH091127.07FU_EU913701_reps
L	1733	250	*	*	*	*	*	SH091121.07FU_DQ268609_reps	*
H	1733	228	94.7	+	0	0	5I110M13I89MD28M5I	SH091123.07FU_EU913704_reps	SH091121.07FU_DQ268609_reps
L	1732	220	*	*	*	*	*	SH091125.07FU_EU913713_refs	*
H	1732	228	91.4	+	0	0	5D75MI14M4D32MI71MD26M	SH091123.07FU_EU913704_reps	SH091125.07FU_EU913713_refs
L	5610	210	*	*	*	*	*	SH131281.07FU_FN252445_refs	*
H	5610	213	95.7	+	0	0	183M4D26MI	SH091221.07FU_AB440115_reps	SH131281.07FU_FN252445_refs
L	4650	213	*	*	*	*	*	SH124419.07FU_DQ631938_refs	*
H	4650	213	92.5	+	0	0	189MD23MI	SH091221.07FU_AB440115_reps	SH124419.07FU_DQ631938_refs
L	2971	207	*	*	*	*	*	SH102406.07FU_FJ449993_reps	*
H	2971	213	93.7	+	0	0	180M7D26MI	SH091221.07FU_AB440115_reps	SH102406.07FU_FJ449993_reps
N	*	82	*	*	*	*	*	SH091302.07FU_AY189700_reps	*
L	1761	250	*	*	*	*	*	SH091334.07FU_DQ355449_reps	*
H	1761	250	90.8	+	0	0	62M5D76M2I30M2I62MI15M	SH091331.07FU_DQ414724_reps	SH091334.07FU_DQ355449_reps
L	3155	250	*	*	*	*	*	SH103798.07FU_JX047484_refs	*
H	3155	250	96.0	+	0	0	174MD63MD11M2I	SH091333.07FU_DQ417407_reps	SH103798.07FU_JX047484_refs
L	2133	250	*	*	*	*	*	SH093701.07FU_JX424514_reps	*
H	2133	250	92.0	+	0	0	207M2I41M2D	SH091333.07FU_DQ417407_reps	SH093701.07FU_JX424514_reps
L	2132	250	*	*	*	*	*	SH093702.07FU_HM131358_refs	*
H	2132	250	91.6	+	0	0	204M2I44M2D	SH091333.07FU_DQ417407_reps	SH093702.07FU_HM131358_refs
L	1765	250	*	*	*	*	*	SH091357.07FU_AJ535305_refs	*
H	1765	250	96.8	+	0	0	19M2D27M2D17MD182M5I	SH091363.07FU_AJ547885_refs	SH091357.07FU_AJ535305_refs
L	1764	250	*	*	*	*	*	SH091356.07FU_AJ547874_refs	*
H	1764	250	95.6	+	0	0	19M2D27M2D18MD181M5I	SH091363.07FU_AJ547885_refs	SH091356.07FU_AJ547874_refs
L	1766	250	*	*	*	*	*	SH091358.07FU_UDB012029_refs	*
H	1766	250	95.2	+	0	0	48M2D25M2I175M	SH091363.07FU_AJ547885_refs	SH091358.07FU_UDB012029_refs
N	*	250	*	*	*	*	*	SH091384.07FU_AY699647_reps	*
L	1781	250	*	*	*	*	*	SH091416.07FU_GQ221653_reps	*
H	1781	250	96.8	+	0	0	2I6MD43MD199M	SH091403.07FU_UDB015984_refs	SH091416.07FU_GQ221653_reps
L	7638	250	*	*	*	*	*	SH091434.07FU_FJ196956_reps	*
H	7638	250	93.2	+	0	0	8D42MD199M9I	SH091403.07FU_UDB015984_refs	SH091434.07FU_FJ196956_reps
L	5280	250	*	*	*	*	*	SH130463.07FU_EU248591_reps	*
H	5280	250	90.4	+	0	0	6D48MD38MD90M3D63M11I	SH091403.07FU_UDB015984_refs	SH130463.07FU_EU248591_reps
H	1781	250	96.4	+	0	0	2I6MD242MD	SH091409.07FU_UDB016032_refs	SH091416.07FU_GQ221653_reps
H	7638	250	93.2	+	0	0	8D242M8I	SH091409.07FU_UDB016032_refs	SH091434.07FU_FJ196956_reps
L	7144	250	*	*	*	*	*	SH549301.07FU_KJ769297_reps	*
H	7144	250	93.2	+	0	0	2I68MI24MD90M3D64MI	SH091409.07FU_UDB016032_refs	SH549301.07FU_KJ769297_reps
L	1774	250	*	*	*	*	*	SH091406.07FU_UDB016001_refs	*
H	1774	250	93.6	+	0	0	2D22MD31MI23MD37MI20MI113MI	SH091415.07FU_HQ604839_reps	SH091406.07FU_UDB016001_refs
L	6739	250	*	*	*	*	*	SH539660.07FU_KJ668591_reps	*
H	6739	250	95.2	+	0	0	56MI23MD170M	SH091415.07FU_HQ604839_reps	SH539660.07FU_KJ668591_reps
H	7144	250	92.4	+	0	0	52MI17MI10M2D17M2I85MI64M3D	SH091415.07FU_HQ604839_reps	SH549301.07FU_KJ769297_reps
L	1789	250	*	*	*	*	*	SH091467.07FU_EU166349_reps	*
H	1789	250	97.2	+	0	0	250M	SH091466.07FU_EU166350_reps	SH091467.07FU_EU166349_reps
L	1820	250	*	*	*	*	*	SH091589.07FU_FN394552_reps	*
H	1820	250	98.8	+	0	0	164MD85MI	SH091583.07FU_FN394547_reps	SH091589.07FU_FN394552_reps
L	7643	250	*	*	*	*	*	SH091607.07FU_FN394561_reps	*
H	7643	250	98.0	+	0	0	164M2D84M2I	SH091583.07FU_FN394547_reps	SH091607.07FU_FN394561_reps
L	1822	250	*	*	*	*	*	SH091591.07FU_FN394617_reps	*
H	1822	250	96.0	+	0	0	152MI17M5I39MD36M5D	SH091583.07FU_FN394547_reps	SH091591.07FU_FN394617_reps
L	1898	250	*	*	*	*	*	SH094442.07FU_EF644124_reps	*
H	1898	249	93.6	+	0	0	152M4I10MD40M3I41M5D	SH094286.07FU_FN428988_refs	SH094442.07FU_EF644124_reps
L	1890	250	*	*	*	*	*	SH094416.07FU_FN428986_reps	*
H	1890	249	92.8	+	0	0	152M4I31MI24MD38M3D	SH094286.07FU_FN428988_refs	SH094416.07FU_FN428986_reps
L	1871	250	*	*	*	*	*	SH094346.07FU_KC842393_reps	*
H	1871	249	94.0	+	0	0	151MI11M3I39MI44M4D	SH094286.07FU_FN428988_refs	SH094346.07FU_KC842393_reps
L	7456	250	*	*	*	*	*	SH546860.07FU_KP165557_refs	*
H	7456	250	92.8	+	0	0	116M8D21M2D103M10I	SH094348.07FU_FJ039708_reps	SH546860.07FU_KP165557_refs
L	1874	250	*	*	*	*	*	SH094362.07FU_KF617576_reps	*
H	1874	250	92.8	+	0	0	116M8D21M2D103M10I	SH094348.07FU_FJ039708_reps	SH094362.07FU_KF617576_reps
L	1868	250	*	*	*	*	*	SH094317.07FU_KF617653_reps	*
H	1868	250	94.0	+	0	0	116M7D30MD96M8I	SH094348.07FU_FJ039708_reps	SH094317.07FU_KF617653_reps
L	1872	250	*	*	*	*	*	SH094352.07FU_AY669657_reps	*
H	1872	250	94.4	+	0	0	118MD46MD8MD75M3I	SH094401.07FU_KC608586_refs	SH094352.07FU_AY669657_reps
L	7700	250	*	*	*	*	*	SH094599.07FU_KP165574_refs	*
H	7700	250	92.0	+	0	0	118MD17M2D27MD8MD75M5I	SH094401.07FU_KC608586_refs	SH094599.07FU_KP165574_refs
L	1860	250	*	*	*	*	*	SH094302.07FU_JX630619_reps	*
H	1860	250	90.8	+	0	0	136M2D112M2I	SH094401.07FU_KC608586_refs	SH094302.07FU_JX630619_reps
H	1890	250	99.2	+	0	0	192MI57MD	SH094409.07FU_FN428984_reps	SH094416.07FU_FN428986_reps
L	1899	250	*	*	*	*	*	SH094447.07FU_UDB016052_reps	*
H	1899	250	98.0	+	0	0	161MD36MI52M	SH094409.07FU_FN428984_reps	SH094447.07FU_UDB016052_reps
H	1898	250	94.4	+	0	0	161MD38M4I47M3D	SH094409.07FU_FN428984_reps	SH094442.07FU_EF644124_reps
L	1966	250	*	*	*	*	*	SH092547.07FU_KC581320_reps	*
H	1966	109	98.2	+	0	0	22MI87M140I	SH092552.07FU_HQ201339_refs	SH092547.07FU_KC581320_reps
L	1991	250	*	*	*	*	*	SH092646.07FU_EU880225_reps	*
H	1991	250	98.8	+	0	0	43MD206MI	SH092641.07FU_HQ445036_reps	SH092646.07FU_EU880225_reps
L	2401	250	*	*	*	*	*	SH096557.07FU_EU711825_reps	*
H	2401	250	92.0	+	0	0	41M4D205M4I	SH092641.07FU_HQ445036_reps	SH096557.07FU_EU711825_reps
L	283	250	*	*	*	*	*	SH078654.07FU_KF412209_reps	*
H	283	250	91.6	+	0	0	12MI8MI23M3D204MI	SH092641.07FU_HQ445036_reps	SH078654.07FU_KF412209_reps
L	2007	246	*	*	*	*	*	SH092721.07FU_JX310817_reps	*
H	2007	243	98.8	+	0	0	127MI13MD64M3I38M	SH092706.07FU_JX310822_reps	SH092721.07FU_JX310817_reps
L	2012	237	*	*	*	*	*	SH092717.07FU_HM053440_reps	*
H	2012	243	97.5	+	0	0	7M3D107M2D21MD102M	SH092706.07FU_JX310822_reps	SH092717.07FU_HM053440_reps
L	1994	240	*	*	*	*	*	SH092689.07FU_JQ781858_refs	*
H	1994	243	93.8	+	0	0	I121M3D16MD102M	SH092706.07FU_JX310822_reps	SH092689.07FU_JQ781858_refs
L	2048	250	*	*	*	*	*	SH092985.07FU_AB271785_refs	*
H	2048	244	95.1	+	0	0	3D122MD77MI41M9I	SH092961.07FU_AJ417498_refs	SH092985.07FU_AB271785_refs
L	7664	244	*	*	*	*	*	SH092996.07FU_AF011302_reps	*
H	7664	244	96.3	+	0	0	2D158MI24MI60M	SH092961.07FU_AJ417498_refs	SH092996.07FU_AF011302_reps
L	2040	244	*	*	*	*	*	SH092967.07FU_FJ378871_refs	*
H	2040	244	95.1	+	0	0	125MD34MI84M	SH092961.07FU_AJ417498_refs	SH092967.07FU_FJ378871_refs
N	*	250	*	*	*	*	*	SH093323.07FU_EF434018_reps	*
L	6564	250	*	*	*	*	*	SH537547.07FU_KP401769_reps	*
H	6564	250	98.8	+	0	0	2D6MD241M3I	SH093667.07FU_HQ604796_reps	SH537547.07FU_KP401769_reps
L	2129	250	*	*	*	*	*	SH093672.07FU_UDB016383_refs	*
H	2129	250	94.8	+	0	0	250M	SH093667.07FU_HQ604796_reps	SH093672.07FU_UDB016383_refs
L	7683	250	*	*	*	*	*	SH093682.07FU_UDB016388_reps	*
H	7683	250	94.4	+	0	0	250M	SH093667.07FU_HQ604796_reps	SH093682.07FU_UDB016388_reps
N	*	208	*	*	*	*	*	SH093863.07FU_HQ022070_reps	*
N	*	250	*	*	*	*	*	SH094112.07FU_DQ925521_reps	*
L	2212	250	*	*	*	*	*	SH094755.07FU_UDB020314_refs	*
H	2212	250	92.4	+	0	0	77MI62MD110M	SH094756.07FU_JN710603_reps	SH094755.07FU_UDB020314_refs
L	7707	250	*	*	*	*	*	SH094897.07FU_KC585362_reps	*
H	7707	250	97.2	+	0	0	D52M3D47MI74MI73M2I	SH094888.07FU_JQ673066_reps	SH094897.07FU_KC585362_reps
L	2233	250	*	*	*	*	*	SH094890.07FU_KC585365_reps	*
H	2233	250	97.2	+	0	0	26MI24M2D33MI165M	SH094888.07FU_JQ673066_reps	SH094890.07FU_KC585365_reps
L	2232	250	*	*	*	*	*	SH094889.07FU_JX109849_reps	*
H	2232	250	94.0	+	0	0	8MD43M2D196M3I	SH094888.07FU_JQ673066_reps	SH094889.07FU_JX109849_reps
N	*	87	*	*	*	*	*	SH094916.07FU_KJ831890_reps	*
H	2757	220	90.0	+	0	0	176M6D26M2D10M38I	SH094986.07FU_JN102402_reps	SH100260.07FU_EU543194_reps
H	384	220	90.0	+	0	0	174M4D42M34I	SH094986.07FU_JN102402_reps	SH079527.07FU_EU543198_refs
L	6797	235	*	*	*	*	*	SH540807.07FU_KU171103_reps	*
H	6797	220	90.9	+	0	0	168M2I14M14I20MD17M	SH094986.07FU_JN102402_reps	SH540807.07FU_KU171103_reps
L	2262	250	*	*	*	*	*	SH095067.07FU_DQ396958_reps	*
H	2262	250	99.2	+	0	0	250M	SH095052.07FU_DQ396894_reps	SH095067.07FU_DQ396958_reps
L	2256	250	*	*	*	*	*	SH095061.07FU_DQ396960_reps	*
H	2256	250	99.2	+	0	0	250M	SH095052.07FU_DQ396894_reps	SH095061.07FU_DQ396960_reps
L	2250	250	*	*	*	*	*	SH095057.07FU_DQ396934_reps	*
H	2250	250	98.8	+	0	0	250M	SH095052.07FU_DQ396894_reps	SH095057.07FU_DQ396934_reps
L	2272	250	*	*	*	*	*	SH095144.07FU_AY187090_reps	*
H	2272	250	96.0	+	0	0	58M2I106MD51M3I30M4D	SH095140.07FU_JX402206_reps	SH095144.07FU_AY187090_reps
L	2274	250	*	*	*	*	*	SH095146.07FU_AY302495_reps	*
H	2274	250	93.2	+	0	0	67M6D105M3D69M9I	SH095140.07FU_JX402206_reps	SH095146.07FU_AY302495_reps
N	*	109	*	*	*	*	*	SH095295.07FU_KJ677115_reps	*
L	7714	162	*	*	*	*	*	SH095304.07FU_UDB018388_reps	*
H	7714	157	94.9	+	0	0	3I15MI96MI46M	SH095299.07FU_AB432935_reps	SH095304.07FU_UDB018388_reps
L	2324	239	*	*	*	*	*	SH095419.07FU_UDB005173_reps	*
H	2324	250	97.1	+	0	0	3D130MI108M9D	SH095374.07FU_UDB016193_refs	SH095419.07FU_UDB005173_reps
L	2348	250	*	*	*	*	*	SH095907.07FU_KJ028057_refs	*
H	2348	250	99.6	+	0	0	172MD77MI	SH095909.07FU_KJ028049_refs	SH095907.07FU_KJ028057_refs
L	2350	250	*	*	*	*	*	SH095923.07FU_AJ970150_reps	*
H	2350	250	96.0	+	0	0	6D244M6I	SH095915.07FU_JX101934_refs	SH095923.07FU_AJ970150_reps
L	2353	250	*	*	*	*	*	SH095935.07FU_AF374652_reps	*
H	2353	250	98.4	+	0	0	250M	SH095933.07FU_AF270786_refs	SH095935.07FU_AF374652_reps
L	2354	250	*	*	*	*	*	SH095936.07FU_AF374672_reps	*
H	2354	250	97.6	+	0	0	250M	SH095933.07FU_AF270786_refs	SH095936.07FU_AF374672_reps
L	6742	204	*	*	*	*	*	SH539693.07FU_LN997672_reps	*
H	6742	250	90.7	+	0	0	70MD75MD13M18D28M5D18M21D	SH096081.07FU_GU225941_refs	SH539693.07FU_LN997672_reps
L	2366	250	*	*	*	*	*	SH096147.07FU_AB439546_reps	*
H	2366	250	99.6	+	0	0	59MI88MD102M	SH096151.07FU_AB439549_reps	SH096147.07FU_AB439546_reps
L	2369	250	*	*	*	*	*	SH096152.07FU_AB439550_refs	*
H	2369	250	96.4	+	0	0	93MD59MD45M2D49M4I	SH096151.07FU_AB439549_reps	SH096152.07FU_AB439550_refs
L	2368	250	*	*	*	*	*	SH096149.07FU_AB439548_reps	*
H	2368	250	99.2	+	0	0	59MI88MD102M	SH096151.07FU_AB439549_reps	SH096149.07FU_AB439548_reps
N	*	168	*	*	*	*	*	SH096374.07FU_EF362475_reps	*
L	2387	250	*	*	*	*	*	SH096478.07FU_KC176279_reps	*
H	2387	250	98.4	+	0	0	250M	SH096486.07FU_KC176282_reps	SH096478.07FU_KC176279_reps
L	2389	250	*	*	*	*	*	SH096491.07FU_EU489989_reps	*
H	2389	250	92.8	+	0	0	212MD37MI	SH096486.07FU_KC176282_reps	SH096491.07FU_EU489989_reps
L	2386	250	*	*	*	*	*	SH096485.07FU_UDB011816_refs	*
H	2386	250	90.8	+	0	0	2D6MD241M3I	SH096486.07FU_KC176282_reps	SH096485.07FU_UDB011816_refs
N	*	250	*	*	*	*	*	SH096488.07FU_KC176287_reps	*
L	2426	208	*	*	*	*	*	SH099380.07FU_AB709851_reps	*
H	2426	207	98.6	+	0	0	142MI65M	SH099375.07FU_AB709837_reps	SH099380.07FU_AB709851_reps
N	*	250	*	*	*	*	*	SH097061.07FU_AB973729_reps	*
L	7762	121	*	*	*	*	*	SH099557.07FU_FJ475672_reps	*
H	7762	250	99.2	+	0	0	121M129D	SH099545.07FU_KF617911_reps	SH099557.07FU_FJ475672_reps
L	2505	244	*	*	*	*	*	SH104880.07FU_FJ372686_reps	*
H	2505	250	92.2	+	0	0	2D72MD63MD23MD8MD6M4D68M4I	SH104879.07FU_FJ234198_reps	SH104880.07FU_FJ372686_reps
L	6961	250	*	*	*	*	*	SH543614.07FU_UDB024122_reps	*
H	6961	205	95.6	+	0	0	7I129M2D13MI25MI36M38I	SH108666.07FU_KC152229_reps	SH543614.07FU_UDB024122_reps
N	*	250	*	*	*	*	*	SH108671.07FU_AM882963_refs	*
N	*	250	*	*	*	*	*	SH097655.07FU_AB015681_reps	*
L	2567	250	*	*	*	*	*	SH097774.07FU_EU598199_reps	*
H	2567	250	90.8	+	0	0	4I79MD44M5D27M2I94M	SH097771.07FU_KF361779_reps	SH097774.07FU_EU598199_reps
H	2567	250	93.2	+	0	0	4I119M3I28M4D96M3D	SH097772.07FU_KF361763_reps	SH097774.07FU_EU598199_reps
L	2569	250	*	*	*	*	*	SH097776.07FU_GU907783_reps	*
H	2569	250	92.0	+	0	0	5I119M5I28M4D93M6D	SH097772.07FU_KF361763_reps	SH097776.07FU_GU907783_reps
N	*	137	*	*	*	*	*	SH098522.07FU_AF491571_reps	*
L	2654	250	*	*	*	*	*	SH098757.07FU_KF306329_reps	*
H	2654	250	94.4	+	0	0	2I6MI135M2I93MI10M6D	SH098755.07FU_UDB011783_refs	SH098757.07FU_KF306329_reps
L	2656	250	*	*	*	*	*	SH098756.07FU_JF926989_reps	*
H	2656	250	94.0	+	0	0	2I6MI65MI56MD12MD93MI13M3D	SH098755.07FU_UDB011783_refs	SH098756.07FU_JF926989_reps
L	2655	144	*	*	*	*	*	SH098758.07FU_JF908059_reps	*
H	2655	250	95.1	+	0	0	2I6MI135M109D	SH098755.07FU_UDB011783_refs	SH098758.07FU_JF908059_reps
N	*	250	*	*	*	*	*	SH098955.07FU_KJ140621_reps	*
L	2687	250	*	*	*	*	*	SH099057.07FU_KJ706675_reps	*
H	2687	250	97.6	+	0	0	250M	SH099055.07FU_AF444583_refs	SH099057.07FU_KJ706675_reps
L	2688	250	*	*	*	*	*	SH099058.07FU_KJ706682_reps	*
H	2688	250	93.2	+	0	0	25MD63MI34MD126MI	SH099055.07FU_AF444583_refs	SH099058.07FU_KJ706682_reps
N	*	250	*	*	*	*	*	SH099819.07FU_KF061290_refs	*
N	*	209	*	*	*	*	*	SH100032.07FU_JX982417_reps	*
L	2762	135	*	*	*	*	*	SH100293.07FU_AB308154_reps	*
H	2762	135	100.0	+	0	0	135M	SH100287.07FU_AB308158_refs	SH100293.07FU_AB308154_reps
L	2761	140	*	*	*	*	*	SH100299.07FU_KJ480733_refs	*
H	2761	135	97.8	+	0	0	40M4I62MI33M	SH100287.07FU_AB308158_refs	SH100299.07FU_KJ480733_refs
L	2763	153	*	*	*	*	*	SH100295.07FU_AB472595_refs	*
H	2763	135	95.6	+	0	0	135M18I	SH100287.07FU_AB308158_refs	SH100295.07FU_AB472595_refs
L	2760	250	*	*	*	*	*	SH100285.07FU_UDB015612_refs	*
H	2760	250	92.8	+	0	0	4I28MD39M6I79MI10MD83M9D	SH100290.07FU_FJ596806_refs	SH100285.07FU_UDB015612_refs
L	8306	250	*	*	*	*	*	SH100292.07FU_AM269786_refs	*
H	8306	250	90.4	+	0	0	4I28MD21M2I18M6I51MI119M12D	SH100290.07FU_FJ596806_refs	SH100292.07FU_AM269786_refs
L	7769	227	*	*	*	*	*	SH100426.07FU_HQ153414_reps	*
H	7769	250	99.1	+	0	0	D7MI40MI178M24D	SH100420.07FU_UDB016449_refs	SH100426.07FU_HQ153414_reps
L	2772	221	*	*	*	*	*	SH100417.07FU_HQ153422_refs	*
H	2772	250	90.0	+	0	0	3D5MI38MI24MD35MD39M3D33MI44M24D	SH100420.07FU_UDB016449_refs	SH100417.07FU_HQ153422_refs
L	2771	223	*	*	*	*	*	SH100413.07FU_HQ153420_refs	*
H	2771	250	90.6	+	0	0	D7MI41MI21MD35MD39M3D33MI44M24D	SH100420.07FU_UDB016449_refs	SH100413.07FU_HQ153420_refs
L	2785	250	*	*	*	*	*	SH100599.07FU_KJ706664_reps	*
H	2785	250	98.0	+	0	0	250M	SH100598.07FU_JN882334_refs	SH100599.07FU_KJ706664_reps
N	*	250	*	*	*	*	*	SH100672.07FU_HM014182_reps	*
L	2809	250	*	*	*	*	*	SH100728.07FU_KJ706685_reps	*
H	2809	250	98.8	+	0	0	250M	SH100727.07FU_AF444543_refs	SH100728.07FU_KJ706685_reps
L	5583	226	*	*	*	*	*	SH131139.07FU_FJ197220_reps	*
H	5583	217	94.0	+	0	0	8I27MI190M	SH101339.07FU_JX091472_reps	SH131139.07FU_FJ197220_reps
L	6996	217	*	*	*	*	*	SH544575.07FU_KJ775719_reps	*
H	6996	217	93.1	+	0	0	217M	SH101339.07FU_JX091472_reps	SH544575.07FU_KJ775719_reps
L	2900	250	*	*	*	*	*	SH101831.07FU_EF669595_refs	*
H	2900	250	98.0	+	0	0	184MI65MD	SH101836.07FU_EF669578_refs	SH101831.07FU_EF669595_refs
L	2904	250	*	*	*	*	*	SH101838.07FU_EF669582_refs	*
H	2904	250	98.4	+	0	0	250M	SH101836.07FU_EF669578_refs	SH101838.07FU_EF669582_refs
L	4113	250	*	*	*	*	*	SH114575.07FU_EU427299_reps	*
H	4113	250	95.2	+	0	0	175M7D68M7I	SH101836.07FU_EF669578_refs	SH114575.07FU_EU427299_reps
L	4753	191	*	*	*	*	*	SH124712.07FU_HQ023190_reps	*
H	4753	191	99.5	+	0	0	191M	SH113648.07FU_EU727455_reps	SH124712.07FU_HQ023190_reps
L	5688	196	*	*	*	*	*	SH131985.07FU_AY189739_reps	*
H	5688	191	91.1	+	0	0	56MI68M4I67M	SH113648.07FU_EU727455_reps	SH131985.07FU_AY189739_reps
L	5676	250	*	*	*	*	*	SH131851.07FU_JN616277_reps	*
H	5676	191	92.1	+	0	0	55MI77MD58M59I	SH113648.07FU_EU727455_reps	SH131851.07FU_JN616277_reps
L	6663	250	*	*	*	*	*	SH538871.07FU_LN810998_reps	*
H	6663	250	95.2	+	0	0	46MD16M2I186MD	SH101876.07FU_HE603642_reps	SH538871.07FU_LN810998_reps
L	2910	250	*	*	*	*	*	SH101870.07FU_KF206464_reps	*
H	2910	250	90.8	+	0	0	23M2I22MD33MD170M	SH101876.07FU_HE603642_reps	SH101870.07FU_KF206464_reps
L	2913	250	*	*	*	*	*	SH101878.07FU_KF206463_reps	*
H	2913	250	90.4	+	0	0	23M2I22MD33MD170M	SH101876.07FU_HE603642_reps	SH101878.07FU_KF206463_reps
L	2922	174	*	*	*	*	*	SH102041.07FU_AB078483_reps	*
H	2922	175	98.3	+	0	0	2D83MI90M	SH102037.07FU_AF444292_refs	SH102041.07FU_AB078483_reps
L	4412	250	*	*	*	*	*	SH116921.07FU_FN868153_reps	*
H	4412	175	96.0	+	0	0	27MI62M2I86M72I	SH102037.07FU_AF444292_refs	SH116921.07FU_FN868153_reps
L	2923	167	*	*	*	*	*	SH102052.07FU_KJ706660_reps	*
H	2923	175	96.4	+	0	0	8D167M	SH102037.07FU_AF444292_refs	SH102052.07FU_KJ706660_reps
L	2924	250	*	*	*	*	*	SH102049.07FU_EF505783_reps	*
H	2924	171	95.3	+	0	0	7I56MD33MD17MI63M73I	SH102043.07FU_AB921282_reps	SH102049.07FU_EF505783_reps
L	7795	250	*	*	*	*	*	SH102069.07FU_KC698874_reps	*
H	7795	171	95.3	+	0	0	8I53MD117M72I	SH102043.07FU_AB921282_reps	SH102069.07FU_KC698874_reps
L	7794	171	*	*	*	*	*	SH102061.07FU_AB702968_reps	*
H	7794	171	92.4	+	0	0	19MD25MD38MI7MI25MD24MI30M	SH102043.07FU_AB921282_reps	SH102061.07FU_AB702968_reps
L	2939	198	*	*	*	*	*	SH102264.07FU_EU553300_reps	*
H	2939	250	96.5	+	0	0	5D160MD38M46D	SH102263.07FU_UDB016399_reps	SH102264.07FU_EU553300_reps
L	2947	250	*	*	*	*	*	SH102344.07FU_FJ613089_reps	*
H	2947	250	96.0	+	0	0	250M	SH102313.07FU_JQ761304_reps	SH102344.07FU_FJ613089_reps
L	2970	250	*	*	*	*	*	SH102405.07FU_GU322456_reps	*
H	2970	250	93.6	+	0	0	10I27M2I211M12D	SH102313.07FU_JQ761304_reps	SH102405.07FU_GU322456_reps
L	2955	250	*	*	*	*	*	SH102362.07FU_AY315405_reps	*
H	2955	250	94.4	+	0	0	5I245M5D	SH102313.07FU_JQ761304_reps	SH102362.07FU_AY315405_reps
L	3478	250	*	*	*	*	*	SH107263.07FU_JN182892_reps	*
H	3478	250	98.4	+	0	0	48MI189MI11M2D	SH102337.07FU_JQ862664_reps	SH107263.07FU_JN182892_reps
L	7781	250	*	*	*	*	*	SH100996.07FU_JN977612_reps	*
H	7781	250	94.4	+	0	0	D16MI13MI16M2D190MI12M	SH102337.07FU_JQ862664_reps	SH100996.07FU_JN977612_reps
L	2958	250	*	*	*	*	*	SH102379.07FU_EU686920_reps	*
H	2958	250	93.2	+	0	0	D45MD7MD182MI13M2I	SH102337.07FU_JQ862664_reps	SH102379.07FU_EU686920_reps
L	2989	250	*	*	*	*	*	SH102856.07FU_KF617815_reps	*
H	2989	250	90.4	+	0	0	2I6MI241M3D	SH102848.07FU_UDB015400_refs	SH102856.07FU_KF617815_reps
L	3529	250	*	*	*	*	*	SH107746.07FU_KF773775_refs	*
H	3529	170	97.1	+	0	0	170M80I	SH104992.07FU_JQ665513_reps	SH107746.07FU_KF773775_refs
L	7819	170	*	*	*	*	*	SH105083.07FU_JN652976_reps	*
H	7819	170	98.2	+	0	0	170M	SH104992.07FU_JQ665513_reps	SH105083.07FU_JN652976_reps
L	5152	169	*	*	*	*	*	SH125945.07FU_UDB000973_refs	*
H	5152	170	97.6	+	0	0	161MD8M	SH104992.07FU_JQ665513_reps	SH125945.07FU_UDB000973_refs
L	3038	250	*	*	*	*	*	SH105131.07FU_KF618032_reps	*
H	3038	250	96.4	+	0	0	250M	SH105129.07FU_HQ604804_refs	SH105131.07FU_KF618032_reps
L	3039	250	*	*	*	*	*	SH105132.07FU_HQ604808_reps	*
H	3039	250	90.8	+	0	0	50M2I116M7D15M2I38M3D21M6I	SH105129.07FU_HQ604804_refs	SH105132.07FU_HQ604808_reps
L	3040	250	*	*	*	*	*	SH105133.07FU_AM882713_reps	*
H	3040	250	94.4	+	0	0	8MD45MI113M6D77M6I	SH105129.07FU_HQ604804_refs	SH105133.07FU_AM882713_reps
L	3121	250	*	*	*	*	*	SH103483.07FU_UDB018002_reps	*
H	3121	250	98.8	+	0	0	66MD18MI165M	SH103484.07FU_EU784346_refs	SH103483.07FU_UDB018002_reps
L	3131	223	*	*	*	*	*	SH103512.07FU_AJ302436_reps	*
H	3131	225	100.0	+	0	0	2D223M	SH103493.07FU_DQ006950_reps	SH103512.07FU_AJ302436_reps
L	3126	223	*	*	*	*	*	SH103501.07FU_AJ302423_reps	*
H	3126	225	99.1	+	0	0	2D24MD136MI62M	SH103493.07FU_DQ006950_reps	SH103501.07FU_AJ302423_reps
L	3132	223	*	*	*	*	*	SH103513.07FU_AJ302435_reps	*
H	3132	225	98.2	+	0	0	2D223M	SH103493.07FU_DQ006950_reps	SH103513.07FU_AJ302435_reps
L	3128	222	*	*	*	*	*	SH103509.07FU_AJ302429_reps	*
H	3128	223	99.1	+	0	0	161MD61M	SH103508.07FU_AJ302426_reps	SH103509.07FU_AJ302429_reps
L	5565	223	*	*	*	*	*	SH129674.07FU_AJ302417_reps	*
H	5565	223	96.0	+	0	0	223M	SH103508.07FU_AJ302426_reps	SH129674.07FU_AJ302417_reps
L	5563	223	*	*	*	*	*	SH129669.07FU_DQ006925_reps	*
H	5563	223	96.9	+	0	0	2I24MD132MD65M	SH103508.07FU_AJ302426_reps	SH129669.07FU_DQ006925_reps
N	*	250	*	*	*	*	*	SH103534.07FU_EU687035_reps	*
N	*	250	*	*	*	*	*	SH103541.07FU_HM595541_reps	*
L	3164	148	*	*	*	*	*	SH103857.07FU_FM163209_reps	*
H	3164	148	93.2	+	0	0	26MI19MD102M	SH103849.07FU_FM163189_reps	SH103857.07FU_FM163209_reps
L	3162	148	*	*	*	*	*	SH103853.07FU_FM163199_reps	*
H	3162	148	91.9	+	0	0	25M2I20MD54MD47M	SH103849.07FU_FM163189_reps	SH103853.07FU_FM163199_reps
L	3161	84	*	*	*	*	*	SH103851.07FU_FM163207_reps	*
H	3161	148	98.8	+	0	0	45MD39M63D	SH103849.07FU_FM163189_reps	SH103851.07FU_FM163207_reps
L	3165	86	*	*	*	*	*	SH103858.07FU_FM163196_reps	*
H	3165	86	95.3	+	0	0	86M	SH103852.07FU_FM163197_reps	SH103858.07FU_FM163196_reps
H	3162	86	93.0	+	0	0	86M62I	SH103852.07FU_FM163197_reps	SH103853.07FU_FM163199_reps
L	6735	89	*	*	*	*	*	SH539588.07FU_KP886464_reps	*
H	6735	86	94.2	+	0	0	29MI35M2I22M	SH103852.07FU_FM163197_reps	SH539588.07FU_KP886464_reps
L	3160	86	*	*	*	*	*	SH103850.07FU_FM163187_reps	*
H	3160	86	93.0	+	0	0	86M	SH103856.07FU_FM163204_reps	SH103850.07FU_FM163187_reps
H	3161	86	92.9	+	0	0	22M2D62M	SH103856.07FU_FM163204_reps	SH103851.07FU_FM163207_reps
L	3163	250	*	*	*	*	*	SH103854.07FU_UDB015867_reps	*
H	3163	86	90.7	+	0	0	139I22M2D38MI24M26I	SH103856.07FU_FM163204_reps	SH103854.07FU_UDB015867_reps
L	3176	104	*	*	*	*	*	SH104017.07FU_KF170084_reps	*
H	3176	102	97.1	+	0	0	69M2I33M	SH104012.07FU_KF170090_reps	SH104017.07FU_KF170084_reps
L	3178	177	*	*	*	*	*	SH104027.07FU_GQ120623_reps	*
H	3178	177	97.7	+	0	0	177M	SH104025.07FU_AY652949_reps	SH104027.07FU_GQ120623_reps
L	7803	177	*	*	*	*	*	SH104031.07FU_AB646768_reps	*
H	7803	177	96.6	+	0	0	177M	SH104025.07FU_AY652949_reps	SH104031.07FU_AB646768_reps
L	3173	178	*	*	*	*	*	SH104024.07FU_FJ386431_refs	*
H	3173	177	96.6	+	0	0	114MI63M	SH104025.07FU_AY652949_reps	SH104024.07FU_FJ386431_refs
L	3187	250	*	*	*	*	*	SH104089.07FU_FJ380938_reps	*
H	3187	250	90.0	+	0	0	35MI37MD89MD87MI	SH104088.07FU_U51948_refs	SH104089.07FU_FJ380938_reps
L	7432	250	*	*	*	*	*	SH135217.07FU_KF732397_refs	*
H	7432	250	91.6	+	0	0	159M10I12MD13M3I9M2D44M10D	SH104147.07FU_GQ159868_reps	SH135217.07FU_KF732397_refs
L	6331	250	*	*	*	*	*	SH135622.07FU_JX679128_reps	*
H	6331	250	92.4	+	0	0	160M10I11MD14M4I12MI38M14D	SH104147.07FU_GQ159868_reps	SH135622.07FU_JX679128_reps
L	4937	250	*	*	*	*	*	SH122845.07FU_JX679104_reps	*
H	4937	250	91.2	+	0	0	158M10I13MD13M4I13M2I37M15D	SH104147.07FU_GQ159868_reps	SH122845.07FU_JX679104_reps
N	*	250	*	*	*	*	*	SH104316.07FU_JQ975969_reps	*
L	8314	202	*	*	*	*	*	SH104437.07FU_UDB001733_refs	*
H	8314	250	97.5	+	0	0	118MD65MD19M46D	SH104445.07FU_UDB001744_refs	SH104437.07FU_UDB001733_refs
L	7812	198	*	*	*	*	*	SH104452.07FU_AM161525_reps	*
H	7812	250	97.5	+	0	0	123MD58MD17M50D	SH104445.07FU_UDB001744_refs	SH104452.07FU_AM161525_reps
L	3214	191	*	*	*	*	*	SH104444.07FU_FN669237_reps	*
H	3214	250	97.4	+	0	0	6D16MD95MD65MD15M50D	SH104445.07FU_UDB001744_refs	SH104444.07FU_FN669237_reps
L	3228	250	*	*	*	*	*	SH104564.07FU_AM882759_reps	*
H	3228	250	93.6	+	0	0	6I124MI45MI73M8D	SH104563.07FU_JN197973_reps	SH104564.07FU_AM882759_reps
N	*	250	*	*	*	*	*	SH105561.07FU_KJ706585_reps	*
L	3297	250	*	*	*	*	*	SH105732.07FU_FJ152494_reps	*
H	3297	250	95.2	+	0	0	8MD25MI42MD65MI59MI48MD	SH105730.07FU_EU292422_reps	SH105732.07FU_FJ152494_reps
L	3315	176	*	*	*	*	*	SH108824.07FU_EF484923_reps	*
H	3315	175	98.3	+	0	0	116M2I18MD40M	SH108821.07FU_EF484924_reps	SH108824.07FU_EF484923_reps
L	3338	250	*	*	*	*	*	SH105938.07FU_EF433987_reps	*
H	3338	250	99.2	+	0	0	250M	SH105942.07FU_JN943910_reps	SH105938.07FU_EF433987_reps
L	3340	250	*	*	*	*	*	SH105943.07FU_EU292238_reps	*
H	3340	250	98.4	+	0	0	176MI73MD	SH105942.07FU_JN943910_reps	SH105943.07FU_EU292238_reps
L	3339	250	*	*	*	*	*	SH105945.07FU_JN943895_reps	*
H	3339	250	96.8	+	0	0	61MD188MI	SH105942.07FU_JN943910_reps	SH105945.07FU_JN943895_reps
N	*	250	*	*	*	*	*	SH106351.07FU_UDB017862_reps	*
L	3397	100	*	*	*	*	*	SH106478.07FU_FJ005103_reps	*
H	3397	100	99.0	+	0	0	100M	SH106457.07FU_FJ005096_reps	SH106478.07FU_FJ005103_reps
L	3396	204	*	*	*	*	*	SH106474.07FU_KJ528993_reps	*
H	3396	100	97.0	+	0	0	103I28MI72M	SH106457.07FU_FJ005096_reps	SH106474.07FU_KJ528993_reps
L	7833	192	*	*	*	*	*	SH106505.07FU_FJ005108_reps	*
H	7833	100	95.0	+	0	0	92I100M	SH106457.07FU_FJ005096_reps	SH106505.07FU_FJ005108_reps
L	3417	250	*	*	*	*	*	SH106734.07FU_AF038331_reps	*
H	3417	250	92.4	+	0	0	30M2I12MI82M2D31MI33MI57M3D	SH106728.07FU_AF038334_refs	SH106734.07FU_AF038331_reps
L	8321	250	*	*	*	*	*	SH106732.07FU_EF592154_refs	*
H	8321	250	90.8	+	0	0	2D28MI12M3I82MD32MI91M2D	SH106728.07FU_AF038334_refs	SH106732.07FU_EF592154_refs
L	3418	250	*	*	*	*	*	SH106735.07FU_EF592152_refs	*
H	3418	250	90.0	+	0	0	2D159MI28MI61M	SH106728.07FU_AF038334_refs	SH106735.07FU_EF592152_refs
H	3417	250	94.0	+	0	0	41M2D85MD50MD70M4I	SH106733.07FU_AF038323_reps	SH106734.07FU_AF038331_reps
H	8321	250	94.0	+	0	0	2D36MD138MD27MD44M5I	SH106733.07FU_AF038323_reps	SH106732.07FU_EF592154_refs
L	3419	174	*	*	*	*	*	SH106736.07FU_AF038322_reps	*
H	3419	250	90.2	+	0	0	37M5D85MI35MD16M71D	SH106733.07FU_AF038323_reps	SH106736.07FU_AF038322_reps
L	3437	232	*	*	*	*	*	SH106869.07FU_EU681351_reps	*
H	3437	233	95.7	+	0	0	62MI67M2D102M	SH106867.07FU_EU681348_reps	SH106869.07FU_EU681351_reps
L	3485	224	*	*	*	*	*	SH107437.07FU_HG796965_reps	*
H	3485	246	90.6	+	0	0	46MD47MD46MD11M9D22M7D13M3D39M	SH107436.07FU_EU523559_reps	SH107437.07FU_HG796965_reps
N	*	250	*	*	*	*	*	SH107449.07FU_EU020045_reps	*
L	3492	167	*	*	*	*	*	SH107477.07FU_EU139139_reps	*
H	3492	175	93.4	+	0	0	2D112M5D44MD11M	SH107473.07FU_FJ265768_reps	SH107477.07FU_EU139139_reps
L	3495	162	*	*	*	*	*	SH107481.07FU_FJ265766_reps	*
H	3495	175	95.1	+	0	0	8D108M4D43MD11M	SH107473.07FU_FJ265768_reps	SH107481.07FU_FJ265766_reps
L	3493	250	*	*	*	*	*	SH107478.07FU_KC965137_reps	*
H	3493	175	90.9	+	0	0	109MD8M4D41MD11M81I	SH107473.07FU_FJ265768_reps	SH107478.07FU_KC965137_reps
L	3522	250	*	*	*	*	*	SH107708.07FU_JN133297_refs	*
H	3522	250	97.6	+	0	0	226MD23MI	SH107707.07FU_GQ250400_refs	SH107708.07FU_JN133297_refs
L	3537	219	*	*	*	*	*	SH107819.07FU_HE963789_reps	*
H	3537	218	97.7	+	0	0	I51M2I8MD26MD131M	SH107818.07FU_HE963782_reps	SH107819.07FU_HE963789_reps
L	3556	250	*	*	*	*	*	SH107976.07FU_HQ168369_reps	*
H	3556	250	98.8	+	0	0	250M	SH107978.07FU_HQ168368_reps	SH107976.07FU_HQ168369_reps
N	*	250	*	*	*	*	*	SH108121.07FU_AM882906_refs	*
L	1950	195	*	*	*	*	*	SH092368.07FU_KJ767101_reps	*
H	1950	208	91.8	+	0	0	16D14M2I10M2I29MD138M	SH109157.07FU_DQ092505_reps	SH092368.07FU_KJ767101_reps
L	4484	112	*	*	*	*	*	SH117621.07FU_JN846715_refs	*
H	4484	208	98.2	+	0	0	96D112M	SH109157.07FU_DQ092505_reps	SH117621.07FU_JN846715_refs
H	4522	208	100.0	+	0	0	96D112M	SH109157.07FU_DQ092505_reps	SH123992.07FU_KF015668_refs
L	3642	113	*	*	*	*	*	SH109355.07FU_JF906008_reps	*
H	3642	227	97.3	+	0	0	115D18MI94M	SH109352.07FU_DQ996040_refs	SH109355.07FU_JF906008_reps
L	6956	221	*	*	*	*	*	SH543536.07FU_KJ834629_reps	*
H	6956	224	97.7	+	0	0	157M2D19MD45M	SH110086.07FU_AF230895_reps	SH543536.07FU_KJ834629_reps
L	5922	221	*	*	*	*	*	SH133399.07FU_AY702797_reps	*
H	5922	224	97.7	+	0	0	157M2D19MD45M	SH110086.07FU_AF230895_reps	SH133399.07FU_AY702797_reps
L	5936	221	*	*	*	*	*	SH133413.07FU_AY969536_reps	*
H	5936	224	97.3	+	0	0	157M2D19MD45M	SH110086.07FU_AF230895_reps	SH133413.07FU_AY969536_reps
N	*	250	*	*	*	*	*	SH110673.07FU_HM152006_reps	*
L	3810	209	*	*	*	*	*	SH110927.07FU_AY338968_reps	*
H	3810	208	99.0	+	0	0	49MI159M	SH110925.07FU_AY046213_refs	SH110927.07FU_AY338968_reps
L	111	250	*	*	*	*	*	SH077301.07FU_EF568057_refs	*
H	111	208	94.7	+	0	0	162MI46M41I	SH110925.07FU_AY046213_refs	SH077301.07FU_EF568057_refs
L	110	210	*	*	*	*	*	SH077302.07FU_AB011514_refs	*
H	110	208	95.2	+	0	0	49MI113MI46M	SH110925.07FU_AY046213_refs	SH077302.07FU_AB011514_refs
L	6484	250	*	*	*	*	*	SH536433.07FU_KP276652_reps	*
H	6484	174	93.1	+	0	0	63I29M2D42MI42MD58M15I	SH111020.07FU_EU149921_reps	SH536433.07FU_KP276652_reps
N	*	228	*	*	*	*	*	SH111202.07FU_AY513132_reps	*
L	3831	213	*	*	*	*	*	SH111230.07FU_HM195254_reps	*
H	3831	206	99.0	+	0	0	7I206M	SH111229.07FU_AF071325_refs	SH111230.07FU_HM195254_reps
L	7137	217	*	*	*	*	*	SH548774.07FU_KJ476183_reps	*
H	7137	206	98.5	+	0	0	8I17MI20MI126MI43M	SH111229.07FU_AF071325_refs	SH548774.07FU_KJ476183_reps
L	2069	212	*	*	*	*	*	SH093171.07FU_AF071332_refs	*
H	2069	206	98.5	+	0	0	16MI45MI78M4I67M	SH111229.07FU_AF071325_refs	SH093171.07FU_AF071332_refs
L	3869	196	*	*	*	*	*	SH111445.07FU_AB271231_reps	*
H	3869	196	98.5	+	0	0	196M	SH111443.07FU_AB353740_reps	SH111445.07FU_AB271231_reps
L	3882	203	*	*	*	*	*	SH111606.07FU_JN033420_reps	*
H	3882	250	96.1	+	0	0	D203M46D	SH111579.07FU_KC966138_reps	SH111606.07FU_JN033420_reps
N	*	155	*	*	*	*	*	SH111693.07FU_KC978010_reps	*
L	3888	215	*	*	*	*	*	SH111762.07FU_GQ344609_reps	*
H	3888	208	98.1	+	0	0	6I100MI108M	SH111764.07FU_GQ344605_reps	SH111762.07FU_GQ344609_reps
L	3890	218	*	*	*	*	*	SH111765.07FU_GQ344613_reps	*
H	3890	208	93.3	+	0	0	8I99MI73MI36M	SH111764.07FU_GQ344605_reps	SH111765.07FU_GQ344613_reps
L	3889	216	*	*	*	*	*	SH111763.07FU_GQ344618_reps	*
H	3889	208	92.8	+	0	0	8I31MD67MI109M	SH111764.07FU_GQ344605_reps	SH111763.07FU_GQ344618_reps
L	3916	250	*	*	*	*	*	SH111972.07FU_KF206495_reps	*
H	3916	250	98.0	+	0	0	92M2D156M2I	SH111973.07FU_AF133770_reps	SH111972.07FU_KF206495_reps
L	7890	250	*	*	*	*	*	SH112001.07FU_FM876784_reps	*
H	7890	250	96.8	+	0	0	55M3D33M3D156M6I	SH111973.07FU_AF133770_reps	SH112001.07FU_FM876784_reps
L	3919	250	*	*	*	*	*	SH111978.07FU_FM876782_reps	*
H	3919	250	97.6	+	0	0	99M2D149M2I	SH111973.07FU_AF133770_reps	SH111978.07FU_FM876782_reps
L	3921	250	*	*	*	*	*	SH112043.07FU_FN825910_refs	*
H	3921	250	97.6	+	0	0	94M3D153M3I	SH112042.07FU_FR681933_reps	SH112043.07FU_FN825910_refs
L	3923	250	*	*	*	*	*	SH112045.07FU_FN825903_reps	*
H	3923	250	96.8	+	0	0	63MI32MD6M3D145M3I	SH112042.07FU_FR681933_reps	SH112045.07FU_FN825903_reps
L	3778	250	*	*	*	*	*	SH110627.07FU_KF206449_reps	*
H	3778	250	91.6	+	0	0	24MD17M3D13MI29M3I163M	SH112042.07FU_FR681933_reps	SH110627.07FU_KF206449_reps
N	*	250	*	*	*	*	*	SH112195.07FU_JQ759907_reps	*
L	3930	139	*	*	*	*	*	SH117968.07FU_DQ993628_reps	*
H	3930	140	94.2	+	0	0	25MD114M	SH117969.07FU_JN253519_reps	SH117968.07FU_DQ993628_reps
L	7940	139	*	*	*	*	*	SH117974.07FU_KC427080_reps	*
H	7940	140	94.2	+	0	0	25MD114M	SH117969.07FU_JN253519_reps	SH117974.07FU_KC427080_reps
L	4847	134	*	*	*	*	*	SH121751.07FU_AF210668_reps	*
H	4847	140	90.3	+	0	0	23M6D111M	SH117969.07FU_JN253519_reps	SH121751.07FU_AF210668_reps
L	6051	195	*	*	*	*	*	SH134224.07FU_KC732757_reps	*
H	6051	195	98.5	+	0	0	195M	SH112610.07FU_KC732732_reps	SH134224.07FU_KC732757_reps
L	3989	195	*	*	*	*	*	SH112653.07FU_KC732466_reps	*
H	3989	195	95.4	+	0	0	195M	SH112610.07FU_KC732732_reps	SH112653.07FU_KC732466_reps
L	3969	194	*	*	*	*	*	SH112635.07FU_KC732456_reps	*
H	3969	195	91.8	+	0	0	23MD171M	SH112610.07FU_KC732732_reps	SH112635.07FU_KC732456_reps
L	3986	193	*	*	*	*	*	SH112649.07FU_KC732551_reps	*
H	3986	194	92.2	+	0	0	2I6MD23M2I31MD17MD81M2D31M	SH112626.07FU_AY173387_reps	SH112649.07FU_KC732551_reps
L	3964	193	*	*	*	*	*	SH112624.07FU_KC732743_reps	*
H	3964	194	90.2	+	0	0	2I6MD22MI9MI41MD35MD45M2D31M	SH112626.07FU_AY173387_reps	SH112624.07FU_KC732743_reps
L	3990	191	*	*	*	*	*	SH112654.07FU_KC732647_reps	*
H	3990	194	92.1	+	0	0	2I6MD22MI32MD17MD37MD43M2D31M	SH112626.07FU_AY173387_reps	SH112654.07FU_KC732647_reps
L	3997	250	*	*	*	*	*	SH112742.07FU_FN252451_reps	*
H	3997	250	96.8	+	0	0	63MI186MD	SH112743.07FU_DQ223762_refs	SH112742.07FU_FN252451_reps
L	4043	131	*	*	*	*	*	SH113193.07FU_DQ104718_reps	*
H	4043	250	96.2	+	0	0	91M2I38M121D	SH113195.07FU_DQ104714_refs	SH113193.07FU_DQ104718_reps
L	6497	132	*	*	*	*	*	SH536589.07FU_KU232314_reps	*
H	6497	250	96.2	+	0	0	D26MI67M3I35M121D	SH113195.07FU_DQ104714_refs	SH536589.07FU_KU232314_reps
L	3993	250	*	*	*	*	*	SH112701.07FU_KF618060_reps	*
H	3993	104	98.1	+	0	0	96I104M50I	SH114302.07FU_AJ430223_refs	SH112701.07FU_KF618060_reps
L	6039	104	*	*	*	*	*	SH134176.07FU_HQ713750_reps	*
H	6039	104	97.1	+	0	0	104M	SH114302.07FU_AJ430223_refs	SH134176.07FU_HQ713750_reps
L	7910	250	*	*	*	*	*	SH114332.07FU_HQ260954_reps	*
H	7910	104	93.3	+	0	0	9M6I95M140I	SH114302.07FU_AJ430223_refs	SH114332.07FU_HQ260954_reps
L	835	250	*	*	*	*	*	SH082653.07FU_JX975805_reps	*
H	835	250	96.4	+	0	0	236M2I12M2D	SH118089.07FU_GU992335_reps	SH082653.07FU_JX975805_reps
L	834	250	*	*	*	*	*	SH082654.07FU_DQ087976_reps	*
H	834	250	96.0	+	0	0	236M2I12M2D	SH118089.07FU_GU992335_reps	SH082654.07FU_DQ087976_reps
L	7773	250	*	*	*	*	*	SH100687.07FU_AY586568_reps	*
H	7773	250	94.4	+	0	0	180MI56M2I11M3D	SH118089.07FU_GU992335_reps	SH100687.07FU_AY586568_reps
H	4170	247	99.6	+	0	0	198MD48M	SH114597.07FU_JX500728_reps	SH114601.07FU_AF150470_reps
H	1111	247	99.2	+	0	0	247M3I	SH114597.07FU_JX500728_reps	SH085281.07FU_JF433037_refs
H	7913	247	98.0	+	0	0	196MD50M4I	SH114597.07FU_JX500728_reps	SH114680.07FU_KC691583_reps
L	4195	213	*	*	*	*	*	SH114994.07FU_HM030612_reps	*
H	4195	218	94.4	+	0	0	5D70MD84MI58M	SH114995.07FU_KF435360_reps	SH114994.07FU_HM030612_reps
L	7841	250	*	*	*	*	*	SH107270.07FU_AF163027_reps	*
H	7841	218	92.7	+	0	0	5I72MI33MI21MI34MD14MI43M24I	SH114995.07FU_KF435360_reps	SH107270.07FU_AF163027_reps
L	4211	250	*	*	*	*	*	SH118352.07FU_FJ552710_reps	*
H	4211	250	91.2	+	0	0	10I12MI114M3I110M14D	SH118354.07FU_FM208886_refs	SH118352.07FU_FJ552710_reps
L	8337	250	*	*	*	*	*	SH115295.07FU_AM882929_refs	*
H	8337	250	92.0	+	0	0	40MD12M3I10MI16M2I52MI24M2I5M5I77M13D	SH115294.07FU_HQ604530_reps	SH115295.07FU_AM882929_refs
L	4380	185	*	*	*	*	*	SH116540.07FU_KF251433_reps	*
H	4380	181	90.6	+	0	0	4I181M	SH115531.07FU_DQ303085_reps	SH116540.07FU_KF251433_reps
L	4394	185	*	*	*	*	*	SH116568.07FU_KF251355_reps	*
H	4394	181	90.6	+	0	0	4I181M	SH115531.07FU_DQ303085_reps	SH116568.07FU_KF251355_reps
L	4379	189	*	*	*	*	*	SH116538.07FU_GU269703_reps	*
H	4379	181	90.1	+	0	0	8I181M	SH115531.07FU_DQ303085_reps	SH116538.07FU_GU269703_reps
N	*	103	*	*	*	*	*	SH115526.07FU_DQ019346_reps	*
N	*	190	*	*	*	*	*	SH115619.07FU_HQ022506_reps	*
N	*	250	*	*	*	*	*	SH115620.07FU_EF524326_reps	*
L	4277	237	*	*	*	*	*	SH115766.07FU_JN641783_reps	*
H	4277	240	93.7	+	0	0	136M2D31MD70M	SH115732.07FU_KJ816758_reps	SH115766.07FU_JN641783_reps
L	4270	242	*	*	*	*	*	SH115739.07FU_JQ301659_reps	*
H	4270	240	90.8	+	0	0	23M3I146MD70M	SH115732.07FU_KJ816758_reps	SH115739.07FU_JQ301659_reps
L	4272	238	*	*	*	*	*	SH115748.07FU_GU723408_reps	*
H	4272	240	91.6	+	0	0	43MD80MD44MD35MI35M	SH115732.07FU_KJ816758_reps	SH115748.07FU_GU723408_reps
L	4273	233	*	*	*	*	*	SH115752.07FU_KJ021245_reps	*
H	4273	234	96.1	+	0	0	167MD66M	SH115751.07FU_KJ021242_reps	SH115752.07FU_KJ021245_reps
N	*	250	*	*	*	*	*	SH118464.07FU_KJ702354_reps	*
L	4443	88	*	*	*	*	*	SH117368.07FU_AY616696_refs	*
H	4443	88	98.9	+	0	0	88M	SH117367.07FU_AJ390405_refs	SH117368.07FU_AY616696_refs
L	3225	250	*	*	*	*	*	SH104529.07FU_DQ201121_refs	*
H	3225	88	96.6	+	0	0	28M4I10MI20MI30M156I	SH117367.07FU_AJ390405_refs	SH104529.07FU_DQ201121_refs
L	3226	250	*	*	*	*	*	SH104530.07FU_KF983521_refs	*
H	3226	88	94.3	+	0	0	28M4I10MI50M157I	SH117367.07FU_AJ390405_refs	SH104530.07FU_KF983521_refs
N	*	250	*	*	*	*	*	SH117490.07FU_AY493435_refs	*
L	4463	250	*	*	*	*	*	SH123864.07FU_KF060312_reps	*
H	4463	250	99.2	+	0	0	115MI134MD	SH123865.07FU_KF060300_reps	SH123864.07FU_KF060312_reps
L	4475	250	*	*	*	*	*	SH123875.07FU_KF154763_reps	*
H	4475	250	95.2	+	0	0	84M4I21MI140M5D	SH123865.07FU_KF060300_reps	SH123875.07FU_KF154763_reps
L	4461	250	*	*	*	*	*	SH123861.07FU_KF060322_reps	*
H	4461	250	94.8	+	0	0	23MI32MD22M3I128MD41M2D	SH123865.07FU_KF060300_reps	SH123861.07FU_KF060322_reps
N	*	250	*	*	*	*	*	SH117752.07FU_JX316287_reps	*
L	4496	196	*	*	*	*	*	SH118853.07FU_KJ706899_reps	*
H	4496	196	98.5	+	0	0	196M	SH118850.07FU_KJ706263_reps	SH118853.07FU_KJ706899_reps
L	4495	196	*	*	*	*	*	SH118852.07FU_KJ707216_reps	*
H	4495	196	96.9	+	0	0	196M	SH118850.07FU_KJ706263_reps	SH118852.07FU_KJ707216_reps
L	4549	250	*	*	*	*	*	SH119133.07FU_FN547634_reps	*
H	4549	250	100.0	+	0	0	250M	SH119122.07FU_FN547623_refs	SH119133.07FU_FN547634_reps
L	4539	250	*	*	*	*	*	SH119126.07FU_JF439127_reps	*
H	4539	250	96.4	+	0	0	36M3D73M3D18MI117M5I	SH119122.07FU_FN547623_refs	SH119126.07FU_JF439127_reps
L	6827	250	*	*	*	*	*	SH541347.07FU_KP191481_reps	*
H	6827	250	91.2	+	0	0	27M3D30M2I48MD21M2D118M4I	SH119122.07FU_FN547623_refs	SH541347.07FU_KP191481_reps
N	*	250	*	*	*	*	*	SH119379.07FU_UDB011434_refs	*
L	4583	220	*	*	*	*	*	SH119603.07FU_JX012227_reps	*
H	4583	224	98.2	+	0	0	2D6MD183MD31M	SH119591.07FU_FJ037732_reps	SH119603.07FU_JX012227_reps
L	6108	216	*	*	*	*	*	SH134563.07FU_AY753348_refs	*
H	6108	224	90.3	+	0	0	6D60MD115MD41M	SH119591.07FU_FJ037732_reps	SH134563.07FU_AY753348_refs
L	4596	250	*	*	*	*	*	SH119797.07FU_GU980615_refs	*
H	4596	128	94.5	+	0	0	128M122I	SH119810.07FU_JX436907_reps	SH119797.07FU_GU980615_refs
L	4597	250	*	*	*	*	*	SH119803.07FU_GU980630_refs	*
H	4597	128	95.3	+	0	0	128M122I	SH119810.07FU_JX436907_reps	SH119803.07FU_GU980630_refs
L	4604	250	*	*	*	*	*	SH119817.07FU_JX436908_reps	*
H	4604	128	94.5	+	0	0	61M2I67M120I	SH119810.07FU_JX436907_reps	SH119817.07FU_JX436908_reps
L	4606	250	*	*	*	*	*	SH119857.07FU_AF193355_reps	*
H	4606	250	90.4	+	0	0	55MD89M5I24M8I69M12D	SH119855.07FU_AF193369_reps	SH119857.07FU_AF193355_reps
L	7969	250	*	*	*	*	*	SH119907.07FU_KT271749_refs	*
H	7969	250	92.8	+	0	0	7I23MD96MI123M7D	SH119891.07FU_UDB001403_refs	SH119907.07FU_KT271749_refs
L	4618	220	*	*	*	*	*	SH119899.07FU_AY372286_reps	*
H	4618	220	99.5	+	0	0	220M	SH119894.07FU_AY372283_refs	SH119899.07FU_AY372286_reps
N	*	250	*	*	*	*	*	SH119901.07FU_AY372284_reps	*
L	4652	152	*	*	*	*	*	SH124459.07FU_KC333169_reps	*
H	4652	153	95.4	+	0	0	12MD140M	SH124462.07FU_KJ706658_reps	SH124459.07FU_KC333169_reps
L	4657	250	*	*	*	*	*	SH124517.07FU_GQ203814_reps	*
H	4657	250	90.8	+	0	0	141M3I106M3D	SH124515.07FU_GQ203808_refs	SH124517.07FU_GQ203814_reps
L	4653	250	*	*	*	*	*	SH124512.07FU_UDB015783_refs	*
H	4653	250	91.2	+	0	0	2D6MD132M3I109M	SH124515.07FU_GQ203808_refs	SH124512.07FU_UDB015783_refs
L	4661	250	*	*	*	*	*	SH124519.07FU_AY176466_reps	*
H	4661	250	90.4	+	0	0	122MI106MD21M	SH124515.07FU_GQ203808_refs	SH124519.07FU_AY176466_reps
L	4679	107	*	*	*	*	*	SH120194.07FU_AB302839_reps	*
H	4679	107	99.1	+	0	0	107M	SH120195.07FU_KC881076_reps	SH120194.07FU_AB302839_reps
L	4680	109	*	*	*	*	*	SH120196.07FU_AB565769_reps	*
H	4680	107	98.1	+	0	0	67M2I40M	SH120195.07FU_KC881076_reps	SH120196.07FU_AB565769_reps
L	4950	250	*	*	*	*	*	SH123004.07FU_GU207247_reps	*
H	4950	250	90.0	+	0	0	215M2D33M2I	SH120387.07FU_KF297084_reps	SH123004.07FU_GU207247_reps
N	*	250	*	*	*	*	*	SH120515.07FU_JX905555_reps	*
L	4735	250	*	*	*	*	*	SH120756.07FU_AB544478_reps	*
H	4735	250	100.0	+	0	0	250M	SH120757.07FU_AB544476_reps	SH120756.07FU_AB544478_reps
N	*	250	*	*	*	*	*	SH120780.07FU_HQ680352_refs	*
L	4770	250	*	*	*	*	*	SH124777.07FU_FM206404_reps	*
H	4770	111	95.5	+	0	0	141I29MD80MD	SH124767.07FU_JX625265_reps	SH124777.07FU_FM206404_reps
L	4769	250	*	*	*	*	*	SH124771.07FU_FM206411_reps	*
H	4769	111	94.6	+	0	0	142I29MD79M2D	SH124767.07FU_JX625265_reps	SH124771.07FU_FM206411_reps
L	4765	250	*	*	*	*	*	SH124770.07FU_GU990352_reps	*
H	4765	111	91.0	+	0	0	146I29MD75M6D	SH124767.07FU_JX625265_reps	SH124770.07FU_GU990352_reps
H	4770	246	90.7	+	0	0	121M2I12MI10M3I71MD30MD	SH124766.07FU_FM206421_reps	SH124777.07FU_FM206404_reps
L	4766	246	*	*	*	*	*	SH124773.07FU_FM206420_refs	*
H	4766	246	92.3	+	0	0	108MI106MD31M	SH124766.07FU_FM206421_reps	SH124773.07FU_FM206420_refs
L	4773	250	*	*	*	*	*	SH124788.07FU_UDB007967_reps	*
H	4773	246	91.1	+	0	0	114M2I66MI34MD31M2I	SH124766.07FU_FM206421_reps	SH124788.07FU_UDB007967_reps
L	7991	250	*	*	*	*	*	SH121533.07FU_UDB000552_reps	*
H	7991	250	98.0	+	0	0	48M2D91MD44MD63M4I	SH121528.07FU_UDB000582_refs	SH121533.07FU_UDB000552_reps
L	7990	250	*	*	*	*	*	SH121532.07FU_HQ204670_reps	*
H	7990	250	98.4	+	0	0	48M2D200M2I	SH121528.07FU_UDB000582_refs	SH121532.07FU_HQ204670_reps
N	*	250	*	*	*	*	*	SH121733.07FU_KF435924_reps	*
L	4844	210	*	*	*	*	*	SH121740.07FU_GU234163_reps	*
H	4844	207	99.5	+	0	0	2I6MI141MD8MI51M	SH121739.07FU_UDB011606_refs	SH121740.07FU_GU234163_reps
L	7992	250	*	*	*	*	*	SH121743.07FU_U66438_reps	*
H	7992	207	97.6	+	0	0	2I6MI135M2D64M42I	SH121739.07FU_UDB011606_refs	SH121743.07FU_U66438_reps
N	*	250	*	*	*	*	*	SH122066.07FU_KC582017_reps	*
N	*	222	*	*	*	*	*	SH122162.07FU_AM292857_reps	*
L	7433	250	*	*	*	*	*	SH135223.07FU_JX045669_refs	*
H	7433	250	100.0	+	0	0	250M	SH122847.07FU_JQ791127_reps	SH135223.07FU_JX045669_refs
L	4932	250	*	*	*	*	*	SH122841.07FU_JX045672_refs	*
H	4932	250	98.8	+	0	0	190MI26MI32M2D	SH122847.07FU_JQ791127_reps	SH122841.07FU_JX045672_refs
L	7035	250	*	*	*	*	*	SH545759.07FU_KM594845_reps	*
H	7035	250	98.0	+	0	0	199M2I49M2D	SH122847.07FU_JQ791127_reps	SH545759.07FU_KM594845_reps
L	4702	250	*	*	*	*	*	SH120359.07FU_FM205749_reps	*
H	4702	250	90.0	+	0	0	92MI157MD	SH122975.07FU_EU034663_reps	SH120359.07FU_FM205749_reps
L	7469	250	*	*	*	*	*	SH122980.07FU_JF288795_refs	*
H	7469	250	90.0	+	0	0	42MI139MI29MD14MD24M	SH122975.07FU_EU034663_reps	SH122980.07FU_JF288795_refs
L	8003	103	*	*	*	*	*	SH123062.07FU_AF455203_reps	*
H	8003	95	97.9	+	0	0	41M2I26M6I28M	SH123034.07FU_JF288802_reps	SH123062.07FU_AF455203_reps
L	4949	103	*	*	*	*	*	SH123007.07FU_KF525265_reps	*
H	4949	95	96.8	+	0	0	43M2I23M6I29M	SH123034.07FU_JF288802_reps	SH123007.07FU_KF525265_reps
L	4948	103	*	*	*	*	*	SH122990.07FU_DQ530206_reps	*
H	4948	95	97.9	+	0	0	43M2I24M6I28M	SH123034.07FU_JF288802_reps	SH122990.07FU_DQ530206_reps
L	8006	135	*	*	*	*	*	SH123331.07FU_EF512977_reps	*
H	8006	135	100.0	+	0	0	135M	SH123227.07FU_KC633233_reps	SH123331.07FU_EF512977_reps
L	4969	135	*	*	*	*	*	SH123258.07FU_EF512998_reps	*
H	4969	135	98.5	+	0	0	135M	SH123227.07FU_KC633233_reps	SH123258.07FU_EF512998_reps
L	4968	135	*	*	*	*	*	SH123237.07FU_AJ292385_refs	*
H	4968	135	97.8	+	0	0	135M	SH123227.07FU_KC633233_reps	SH123237.07FU_AJ292385_refs
L	5019	250	*	*	*	*	*	SH124903.07FU_FN547530_refs	*
H	5019	250	94.4	+	0	0	136M4D110M4I	SH124907.07FU_FN547524_reps	SH124903.07FU_FN547530_refs
L	5018	250	*	*	*	*	*	SH124908.07FU_FN547531_reps	*
H	5018	250	93.6	+	0	0	136MD113MI	SH124907.07FU_FN547524_reps	SH124908.07FU_FN547531_reps
L	5025	250	*	*	*	*	*	SH125015.07FU_FN549912_reps	*
H	5025	250	98.8	+	0	0	250M	SH125014.07FU_FN549910_refs	SH125015.07FU_FN549912_reps
N	*	250	*	*	*	*	*	SH130011.07FU_FR852093_reps	*
L	5099	204	*	*	*	*	*	SH125541.07FU_DQ497954_reps	*
H	5099	197	96.4	+	0	0	7I197M	SH125510.07FU_AB089664_reps	SH125541.07FU_DQ497954_reps
N	*	225	*	*	*	*	*	SH125742.07FU_UDB016258_reps	*
N	*	202	*	*	*	*	*	SH126389.07FU_UDB004184_reps	*
N	*	234	*	*	*	*	*	SH126446.07FU_AF394010_reps	*
L	5283	250	*	*	*	*	*	SH130470.07FU_HQ604846_reps	*
H	5283	236	98.7	+	0	0	236M14I	SH130450.07FU_UDB000300_refs	SH130470.07FU_HQ604846_reps
L	5282	250	*	*	*	*	*	SH130461.07FU_EF411086_reps	*
H	5282	236	92.8	+	0	0	10D42M5I184M19I	SH130450.07FU_UDB000300_refs	SH130461.07FU_EF411086_reps
L	7304	250	*	*	*	*	*	SH130462.07FU_UDB000112_refs	*
H	7304	236	97.0	+	0	0	138MI48MI50M12I	SH130450.07FU_UDB000300_refs	SH130462.07FU_UDB000112_refs
L	8044	250	*	*	*	*	*	SH127047.07FU_FN397288_reps	*
H	8044	250	91.2	+	0	0	8M2D8MD106M5I123M2D	SH127039.07FU_EU520627_reps	SH127047.07FU_FN397288_reps
L	5301	250	*	*	*	*	*	SH127121.07FU_HQ384308_reps	*
H	5301	217	98.2	+	0	0	165MD51M34I	SH127117.07FU_HM437169_reps	SH127121.07FU_HQ384308_reps
L	5300	218	*	*	*	*	*	SH127120.07FU_AY904341_reps	*
H	5300	217	97.7	+	0	0	55MI162M	SH127117.07FU_HM437169_reps	SH127120.07FU_AY904341_reps
L	5353	172	*	*	*	*	*	SH130778.07FU_JX162013_reps	*
H	5353	172	99.4	+	0	0	172M	SH130763.07FU_AM697938_reps	SH130778.07FU_JX162013_reps
L	5340	171	*	*	*	*	*	SH130754.07FU_AB000019_reps	*
H	5340	172	99.4	+	0	0	158MD13M	SH130763.07FU_AM697938_reps	SH130754.07FU_AB000019_reps
L	5327	171	*	*	*	*	*	SH130727.07FU_KF686795_reps	*
H	5327	172	99.4	+	0	0	158MD13M	SH130763.07FU_AM697938_reps	SH130727.07FU_KF686795_reps
N	*	152	*	*	*	*	*	SH127397.07FU_EU623742_reps	*
L	5371	250	*	*	*	*	*	SH127443.07FU_UDB015444_reps	*
H	5371	250	90.8	+	0	0	114MD24MI28MD34MD47M2I	SH127442.07FU_UDB015803_reps	SH127443.07FU_UDB015444_reps
N	*	194	*	*	*	*	*	SH127735.07FU_FR852328_reps	*
L	6834	250	*	*	*	*	*	SH541402.07FU_LC035347_reps	*
H	6834	250	93.6	+	0	0	76MI173MD	SH127999.07FU_HM485386_reps	SH541402.07FU_LC035347_reps
L	2226	250	*	*	*	*	*	SH094780.07FU_AB553466_reps	*
H	2226	250	93.6	+	0	0	76MI173MD	SH127999.07FU_HM485386_reps	SH094780.07FU_AB553466_reps
L	2224	250	*	*	*	*	*	SH094786.07FU_FJ008031_reps	*
H	2224	250	90.8	+	0	0	45M2I31MI171M3D	SH127999.07FU_HM485386_reps	SH094786.07FU_FJ008031_reps
L	5441	250	*	*	*	*	*	SH128240.07FU_DQ401101_reps	*
H	5441	250	98.0	+	0	0	41MD185MI23M	SH128251.07FU_KC209155_reps	SH128240.07FU_DQ401101_reps
L	5450	250	*	*	*	*	*	SH128259.07FU_EF619545_reps	*
H	5450	250	94.0	+	0	0	46MD88MI68MI17M2I27M3D	SH128251.07FU_KC209155_reps	SH128259.07FU_EF619545_reps
L	5449	250	*	*	*	*	*	SH128256.07FU_JQ070298_reps	*
H	5449	250	92.4	+	0	0	135MI68MI17MI27M3D	SH128251.07FU_KC209155_reps	SH128256.07FU_JQ070298_reps
N	*	250	*	*	*	*	*	SH128655.07FU_UDB001578_refs	*
L	7800	227	*	*	*	*	*	SH103515.07FU_FJ228189_reps	*
H	7800	222	99.1	+	0	0	6I156MD65M	SH129662.07FU_HQ692610_reps	SH103515.07FU_FJ228189_reps
H	5563	222	99.1	+	0	0	2I156MD65M	SH129662.07FU_HQ692610_reps	SH129669.07FU_DQ006925_reps
L	5561	222	*	*	*	*	*	SH129676.07FU_AJ302455_reps	*
H	5561	222	99.1	+	0	0	222M	SH129662.07FU_HQ692610_reps	SH129676.07FU_AJ302455_reps
H	5570	185	96.8	+	0	0	66I60M4D121M	SH129699.07FU_EU360912_reps	SH129700.07FU_AF275322_reps
L	7282	185	*	*	*	*	*	SH129696.07FU_KJ174231_refs	*
H	7282	185	97.8	+	0	0	68MD12MI104M	SH129699.07FU_EU360912_reps	SH129696.07FU_KJ174231_refs
H	2099	185	95.7	+	0	0	67I81MI21MI79M4D	SH129699.07FU_EU360912_reps	SH093386.07FU_AY737769_refs
N	*	187	*	*	*	*	*	SH131145.07FU_EU784287_reps	*
L	5597	153	*	*	*	*	*	SH131168.07FU_JX118717_reps	*
H	5597	159	96.1	+	0	0	30M6D123M	SH131171.07FU_JX118711_reps	SH131168.07FU_JX118717_reps
L	5595	159	*	*	*	*	*	SH131179.07FU_HQ847021_refs	*
H	5595	159	90.6	+	0	0	159M	SH131171.07FU_JX118711_reps	SH131179.07FU_HQ847021_refs
L	5592	159	*	*	*	*	*	SH131165.07FU_JX118731_refs	*
H	5592	159	91.8	+	0	0	159M	SH131171.07FU_JX118711_reps	SH131165.07FU_JX118731_refs
L	5665	250	*	*	*	*	*	SH131611.07FU_KC840611_reps	*
H	5665	250	96.0	+	0	0	211M5D34M5I	SH131562.07FU_UDB011660_refs	SH131611.07FU_KC840611_reps
L	5653	250	*	*	*	*	*	SH131584.07FU_LT000182_reps	*
H	5653	250	96.0	+	0	0	190MI16M5D39M4I	SH131562.07FU_UDB011660_refs	SH131584.07FU_LT000182_reps
L	7337	250	*	*	*	*	*	SH131595.07FU_HM240543_refs	*
H	7337	250	94.8	+	0	0	165MI46M5D34M4I	SH131562.07FU_UDB011660_refs	SH131595.07FU_HM240543_refs
L	7335	250	*	*	*	*	*	SH131587.07FU_JF908731_refs	*
H	7335	250	96.8	+	0	0	188MI61MD	SH131565.07FU_GU060266_refs	SH131587.07FU_JF908731_refs
H	5665	250	97.2	+	0	0	250M	SH131565.07FU_GU060266_refs	SH131611.07FU_KC840611_reps
H	5653	250	98.0	+	0	0	190MI59MD	SH131565.07FU_GU060266_refs	SH131584.07FU_LT000182_reps
L	7329	250	*	*	*	*	*	SH131567.07FU_UDB011561_refs	*
H	7329	250	94.8	+	0	0	78MI116M2D25MD28M2I	SH131589.07FU_UDB015393_refs	SH131567.07FU_UDB011561_refs
L	5647	250	*	*	*	*	*	SH131578.07FU_UDB011626_refs	*
H	5647	250	92.4	+	0	0	151MD42M2D25MD28M4I	SH131589.07FU_UDB015393_refs	SH131578.07FU_UDB011626_refs
L	5655	250	*	*	*	*	*	SH131588.07FU_JX316306_reps	*
H	5655	250	92.0	+	0	0	3D73MI115M2I59M	SH131589.07FU_UDB015393_refs	SH131588.07FU_JX316306_reps
L	8088	100	*	*	*	*	*	SH131682.07FU_JQ724360_reps	*
H	8088	98	96.9	+	0	0	2I98M	SH131681.07FU_HM245782_reps	SH131682.07FU_JQ724360_reps
L	7515	93	*	*	*	*	*	SH079969.07FU_JQ283967_reps	*
H	7515	98	93.5	+	0	0	D21MD29M2D23MD20M	SH131681.07FU_HM245782_reps	SH079969.07FU_JQ283967_reps
L	5721	226	*	*	*	*	*	SH132224.07FU_KF850402_reps	*
H	5721	163	98.2	+	0	0	163M63I	SH132213.07FU_FJ789624_reps	SH132224.07FU_KF850402_reps
H	7347	163	98.1	+	0	0	162MD	SH132213.07FU_FJ789624_reps	SH132251.07FU_UDB000303_refs
L	1650	250	*	*	*	*	*	SH090226.07FU_EU569271_reps	*
H	1650	163	97.5	+	0	0	89I161M2D	SH132213.07FU_FJ789624_reps	SH090226.07FU_EU569271_reps
L	5747	250	*	*	*	*	*	SH132346.07FU_KJ706639_reps	*
H	5747	250	97.2	+	0	0	250M	SH132345.07FU_AF444633_refs	SH132346.07FU_KJ706639_reps
L	5760	207	*	*	*	*	*	SH132496.07FU_DQ474548_reps	*
H	5760	208	98.1	+	0	0	68MD139M	SH132529.07FU_UDB000368_refs	SH132496.07FU_DQ474548_reps
L	332	207	*	*	*	*	*	SH079191.07FU_UDB000371_reps	*
H	332	208	97.1	+	0	0	68MD139M	SH132529.07FU_UDB000368_refs	SH079191.07FU_UDB000371_reps
L	322	206	*	*	*	*	*	SH079178.07FU_UDB019741_reps	*
H	322	208	94.7	+	0	0	68MD138MD	SH132529.07FU_UDB000368_refs	SH079178.07FU_UDB019741_reps
L	5792	204	*	*	*	*	*	SH132647.07FU_GQ985413_reps	*
H	5792	203	98.5	+	0	0	7MI196M	SH132640.07FU_JX625257_reps	SH132647.07FU_GQ985413_reps
L	8113	250	*	*	*	*	*	SH133059.07FU_KF432954_reps	*
H	8113	250	93.6	+	0	0	6I50MD68MD19MI30MI33MD42M5D	SH133008.07FU_UDB013562_reps	SH133059.07FU_KF432954_reps
L	5857	250	*	*	*	*	*	SH133014.07FU_UDB016008_reps	*
H	5857	250	92.0	+	0	0	4I119M3D15M2D30M9I33MD40M7D	SH133008.07FU_UDB013562_reps	SH133014.07FU_UDB016008_reps
L	5860	250	*	*	*	*	*	SH133017.07FU_JF834359_reps	*
H	5860	250	92.0	+	0	0	2D117M3D15M2D30M10I33MD45M2D	SH133008.07FU_UDB013562_reps	SH133017.07FU_JF834359_reps
L	7374	241	*	*	*	*	*	SH133260.07FU_UDB011702_refs	*
H	7374	237	95.8	+	0	0	4I18MD108MI110M	SH133262.07FU_FJ596764_reps	SH133260.07FU_UDB011702_refs
L	2488	190	*	*	*	*	*	SH097188.07FU_AB512343_reps	*
H	2488	237	91.1	+	0	0	I118M2I9MI59M51D	SH133262.07FU_FJ596764_reps	SH097188.07FU_AB512343_reps
L	5913	223	*	*	*	*	*	SH133381.07FU_KF245486_reps	*
H	5913	222	98.2	+	0	0	208MI14M	SH133395.07FU_JX625303_reps	SH133381.07FU_KF245486_reps
L	6490	250	*	*	*	*	*	SH536479.07FU_KF318052_reps	*
H	6490	222	97.3	+	0	0	208MI14M27I	SH133395.07FU_JX625303_reps	SH536479.07FU_KF318052_reps
L	5919	250	*	*	*	*	*	SH133388.07FU_JQ622339_reps	*
H	5919	222	97.3	+	0	0	208MI14M27I	SH133395.07FU_JX625303_reps	SH133388.07FU_JQ622339_reps
L	5971	250	*	*	*	*	*	SH133632.07FU_GQ250403_reps	*
H	5971	250	94.0	+	0	0	7D7MI156MD79M7I	SH133627.07FU_UDB015544_refs	SH133632.07FU_GQ250403_reps
L	6504	250	*	*	*	*	*	SH536697.07FU_KP711835_reps	*
H	6504	250	91.6	+	0	0	7D7MI133M6I23MD79MI	SH133627.07FU_UDB015544_refs	SH536697.07FU_KP711835_reps
L	6550	250	*	*	*	*	*	SH537336.07FU_KR919760_reps	*
H	6550	250	92.0	+	0	0	2D12MI140MI17MD37MD40M2I	SH133627.07FU_UDB015544_refs	SH537336.07FU_KR919760_reps
N	*	250	*	*	*	*	*	SH133641.07FU_KF803246_reps	*
L	7388	204	*	*	*	*	*	SH133717.07FU_AJ810047_refs	*
H	7388	204	97.5	+	0	0	204M	SH133721.07FU_AJ810058_reps	SH133717.07FU_AJ810047_refs
L	8132	235	*	*	*	*	*	SH133741.07FU_AF266710_reps	*
H	8132	204	95.1	+	0	0	31I204M	SH133721.07FU_AJ810058_reps	SH133741.07FU_AF266710_reps
L	8133	235	*	*	*	*	*	SH133744.07FU_GU969254_refs	*
H	8133	204	94.6	+	0	0	28I100M2I53MI51M	SH133721.07FU_AJ810058_reps	SH133744.07FU_GU969254_refs
L	6004	250	*	*	*	*	*	SH133903.07FU_AY549456_reps	*
H	6004	250	95.6	+	0	0	72M2D84M3D57M3I32M2I	SH133905.07FU_EF441996_reps	SH133903.07FU_AY549456_reps
L	6016	250	*	*	*	*	*	SH133984.07FU_EF669994_refs	*
H	6016	250	95.6	+	0	0	86M2D18MI144MI	SH133987.07FU_EF669997_refs	SH133984.07FU_EF669994_refs
L	7401	250	*	*	*	*	*	SH133985.07FU_EF669934_refs	*
H	7401	250	95.6	+	0	0	86M2D18MI144MI	SH133987.07FU_EF669997_refs	SH133985.07FU_EF669934_refs
L	6015	250	*	*	*	*	*	SH133983.07FU_EF669946_refs	*
H	6015	250	94.4	+	0	0	86M2D90MD71M3I	SH133987.07FU_EF669997_refs	SH133983.07FU_EF669946_refs
L	6062	134	*	*	*	*	*	SH134288.07FU_KC305473_reps	*
H	6062	128	96.1	+	0	0	58M6I70M	SH134285.07FU_KC305465_reps	SH134288.07FU_KC305473_reps
L	6061	134	*	*	*	*	*	SH134286.07FU_KC305479_reps	*
H	6061	128	94.5	+	0	0	58M6I70M	SH134285.07FU_KC305465_reps	SH134286.07FU_KC305479_reps
L	7805	207	*	*	*	*	*	SH104092.07FU_GQ121416_reps	*
H	7805	219	96.6	+	0	0	152MI7MD28M12D19M	SH134535.07FU_FJ557237_reps	SH104092.07FU_GQ121416_reps
L	3065	209	*	*	*	*	*	SH103087.07FU_DQ999830_reps	*
H	3065	219	91.4	+	0	0	154MD34M9D21M	SH134535.07FU_FJ557237_reps	SH103087.07FU_DQ999830_reps
L	3739	112	*	*	*	*	*	SH110119.07FU_HG969656_reps	*
H	3739	112	100.0	+	0	0	112M	SH134671.07FU_DQ444306_refs	SH110119.07FU_HG969656_reps
L	2342	114	*	*	*	*	*	SH095519.07FU_JX548253_reps	*
H	2342	112	100.0	+	0	0	112M2I	SH134671.07FU_DQ444306_refs	SH095519.07FU_JX548253_reps
L	1171	250	*	*	*	*	*	SH086303.07FU_FJ167659_refs	*
H	1171	112	100.0	+	0	0	112M138I	SH134671.07FU_DQ444306_refs	SH086303.07FU_FJ167659_refs
N	*	250	*	*	*	*	*	SH134732.07FU_KC257438_reps	*
L	6162	250	*	*	*	*	*	SH134897.07FU_AB760299_reps	*
H	6162	250	98.8	+	0	0	108MI141MD	SH134892.07FU_AB614130_refs	SH134897.07FU_AB760299_reps
L	6163	250	*	*	*	*	*	SH134899.07FU_KJ920139_reps	*
H	6163	250	98.8	+	0	0	108MI141MD	SH134892.07FU_AB614130_refs	SH134899.07FU_KJ920139_reps
L	6161	250	*	*	*	*	*	SH134891.07FU_AB760311_reps	*
H	6161	250	98.4	+	0	0	250M	SH134892.07FU_AB614130_refs	SH134891.07FU_AB760311_reps
H	7433	250	98.4	+	0	0	250M	SH135301.07FU_UDB015884_reps	SH135223.07FU_JX045669_refs
L	4935	250	*	*	*	*	*	SH122829.07FU_JX045690_refs	*
H	4935	250	98.0	+	0	0	165MD84MI	SH135301.07FU_UDB015884_reps	SH122829.07FU_JX045690_refs
L	7443	250	*	*	*	*	*	SH135339.07FU_JN114098_refs	*
H	7443	250	97.2	+	0	0	250M	SH135301.07FU_UDB015884_reps	SH135339.07FU_JN114098_refs
L	6333	244	*	*	*	*	*	SH135624.07FU_JQ287679_reps	*
H	6333	250	94.7	+	0	0	133M2D36MI74M5D	SH135384.07FU_UDB020286_reps	SH135624.07FU_JQ287679_reps
L	8181	250	*	*	*	*	*	SH136045.07FU_AY669516_reps	*
H	8181	250	93.2	+	0	0	22MI106M5D31MD28MD41MD14M7I	SH135384.07FU_UDB020286_reps	SH136045.07FU_AY669516_reps
L	5274	250	*	*	*	*	*	SH130430.07FU_AY669624_refs	*
H	5274	250	90.8	+	0	0	132M6D24M2D86M8I	SH135384.07FU_UDB020286_reps	SH130430.07FU_AY669624_refs
L	6318	250	*	*	*	*	*	SH135587.07FU_KC842416_reps	*
H	6318	250	100.0	+	0	0	250M	SH135574.07FU_JF907874_reps	SH135587.07FU_KC842416_reps
L	6246	250	*	*	*	*	*	SH135366.07FU_JX045675_refs	*
H	6246	250	98.0	+	0	0	165MI52MI31M2D	SH135574.07FU_JF907874_reps	SH135366.07FU_JX045675_refs
H	7433	250	98.0	+	0	0	250M	SH135574.07FU_JF907874_reps	SH135223.07FU_JX045669_refs
L	6368	250	*	*	*	*	*	SH136217.07FU_JQ397203_reps	*
H	6368	250	97.6	+	0	0	9MI240MD	SH136203.07FU_JQ397108_reps	SH136217.07FU_JQ397203_reps
L	6366	250	*	*	*	*	*	SH136214.07FU_JQ397038_reps	*
H	6366	250	94.8	+	0	0	2I248M2D	SH136203.07FU_JQ397108_reps	SH136214.07FU_JQ397038_reps
L	6376	250	*	*	*	*	*	SH136236.07FU_JQ397036_reps	*
H	6376	250	93.2	+	0	0	3I247M3D	SH136203.07FU_JQ397108_reps	SH136236.07FU_JQ397036_reps
L	6424	250	*	*	*	*	*	SH126500.07FU_FM992402_refs	*
H	6424	250	96.8	+	0	0	42MD18MD33MD154M3I	SH126499.07FU_FM992398_refs	SH126500.07FU_FM992402_refs
H	248	250	92.8	+	0	0	23MI23M3D44M3D8M2I14MI132M2I	SH126499.07FU_FM992398_refs	SH078092.07FU_FR750194_reps
L	250	250	*	*	*	*	*	SH078107.07FU_FM992379_reps	*
H	250	250	90.0	+	0	0	41M3D21MI28M3D13MD140M6I	SH126499.07FU_FM992398_refs	SH078107.07FU_FM992379_reps
L	6746	250	*	*	*	*	*	SH539743.07FU_KJ938861_reps	*
H	6746	250	98.4	+	0	0	156MI93MD	SH536983.07FU_KJ938856_reps	SH539743.07FU_KJ938861_reps
L	6661	250	*	*	*	*	*	SH538873.07FU_JX462593_refs	*
H	6661	250	98.0	+	0	0	185MD64MI	SH537361.07FU_KR493469_reps	SH538873.07FU_JX462593_refs
L	8049	250	*	*	*	*	*	SH127289.07FU_KF800233_reps	*
H	8049	250	92.4	+	0	0	64M2D96M3I87MD	SH537498.07FU_JX386455_reps	SH127289.07FU_KF800233_reps
H	3537	112	100.0	+	0	0	107I112M	SH537731.07FU_KP814362_reps	SH107819.07FU_HE963789_reps
L	7653	112	*	*	*	*	*	SH092528.07FU_HE963777_reps	*
H	7653	112	100.0	+	0	0	112M	SH537731.07FU_KP814362_reps	SH092528.07FU_HE963777_reps
L	4307	250	*	*	*	*	*	SH118547.07FU_UDB004008_reps	*
H	4307	112	99.1	+	0	0	109I112M29I	SH537731.07FU_KP814362_reps	SH118547.07FU_UDB004008_reps
N	*	194	*	*	*	*	*	SH539154.07FU_KR704334_reps	*
L	2036	250	*	*	*	*	*	SH092903.07FU_FJ664824_reps	*
H	2036	250	98.0	+	0	0	147M2I101M2D	SH539217.07FU_KM243196_reps	SH092903.07FU_FJ664824_reps
L	2037	250	*	*	*	*	*	SH092908.07FU_FJ664825_reps	*
H	2037	250	97.6	+	0	0	147M2I101M2D	SH539217.07FU_KM243196_reps	SH092908.07FU_FJ664825_reps
L	7662	250	*	*	*	*	*	SH092946.07FU_FJ664854_reps	*
H	7662	250	94.8	+	0	0	151MI37MI60M2D	SH539217.07FU_KM243196_reps	SH092946.07FU_FJ664854_reps
N	*	250	*	*	*	*	*	SH539473.07FU_KP012986_reps	*
L	7136	250	*	*	*	*	*	SH548730.07FU_KP191917_reps	*
H	7136	250	98.8	+	0	0	217MI32MD	SH539685.07FU_KP191919_reps	SH548730.07FU_KP191917_reps
L	6658	250	*	*	*	*	*	SH538830.07FU_LN850590_reps	*
H	6658	250	93.2	+	0	0	170MI49M2I28M3D	SH539685.07FU_KP191919_reps	SH538830.07FU_LN850590_reps
L	8157	250	*	*	*	*	*	SH134763.07FU_KC257436_reps	*
H	8157	250	92.4	+	0	0	164MD52M2D24MI7M2I	SH539685.07FU_KP191919_reps	SH134763.07FU_KC257436_reps
N	*	225	*	*	*	*	*	SH542864.07FU_LN850758_reps	*
N	*	159	*	*	*	*	*	SH542878.07FU_KU844709_reps	*
L	7750	250	*	*	*	*	*	SH098491.07FU_AY219352_reps	*
H	7750	250	96.4	+	0	0	43MI37MD45M2I122M2D	SH545749.07FU_KP814189_reps	SH098491.07FU_AY219352_reps
L	3663	228	*	*	*	*	*	SH109686.07FU_AY219381_reps	*
H	3663	250	90.4	+	0	0	39M7D27MD6MD26MD26M13D26M6D44MD26M8I	SH545749.07FU_KP814189_reps	SH109686.07FU_AY219381_reps
N	*	133	*	*	*	*	*	SH545753.07FU_KP814325_reps	*
N	*	250	*	*	*	*	*	SH547042.07FU_KC154117_reps	*
L	8228	250	*	*	*	*	*	SH480403.07FU_KJ670296_reps	*
H	8228	250	99.2	+	0	0	250M	SH547078.07FU_KM851315_reps	SH480403.07FU_KJ670296_reps
L	7163	250	*	*	*	*	*	SH549518.07FU_KT792794_reps	*
H	7163	250	98.8	+	0	0	250M	SH547095.07FU_KT792797_reps	SH549518.07FU_KT792794_reps
L	7977	250	*	*	*	*	*	SH120406.07FU_DQ534459_reps	*
H	7977	250	94.4	+	0	0	177MI72MD	SH547095.07FU_KT792797_reps	SH120406.07FU_DQ534459_reps
L	7976	250	*	*	*	*	*	SH120403.07FU_FN868596_reps	*
H	7976	250	90.0	+	0	0	68MD30MI122M2D27M2I	SH547095.07FU_KT792797_reps	SH120403.07FU_FN868596_reps
L	7928	232	*	*	*	*	*	SH116375.07FU_JF320818_reps	*
H	7928	117	93.2	+	0	0	114I26MI91M	SH550163.07FU_KT000164_reps	SH116375.07FU_JF320818_reps
L	7856	234	*	*	*	*	*	SH108557.07FU_AF377282_refs	*
H	7856	117	94.9	+	0	0	118I10MD106M	SH550163.07FU_KT000164_reps	SH108557.07FU_AF377282_refs
L	3604	250	*	*	*	*	*	SH108540.07FU_EU715654_reps	*
H	3604	117	94.9	+	0	0	113I117M20I	SH550163.07FU_KT000164_reps	SH108540.07FU_EU715654_reps
L	8027	192	*	*	*	*	*	SH125821.07FU_JQ991752_reps	*
H	8027	199	94.3	+	0	0	5D10MD40MI29M2D112M	SH132506.07FU_UDB011494_refs	SH125821.07FU_JQ991752_reps
L	1200	196	*	*	*	*	*	SH086466.07FU_UDB000861_refs	*
H	1200	199	90.8	+	0	0	2I6MI52MI87M6D7MD40M	SH132506.07FU_UDB011494_refs	SH086466.07FU_UDB000861_refs
N	*	250	*	*	*	*	*	SH135238.07FU_AY669579_refs	*
L	647	250	*	*	*	*	*	SH081011.07FU_JX625353_reps	*
H	647	250	97.2	+	0	0	159MI90MD	SH081054.07FU_UDB016705_refs	SH081011.07FU_JX625353_reps
L	660	250	*	*	*	*	*	SH081060.07FU_EF611127_reps	*
H	660	250	97.2	+	0	0	160MI89MD	SH081054.07FU_UDB016705_refs	SH081060.07FU_EF611127_reps
L	2346	250	*	*	*	*	*	SH095583.07FU_UDB000269_reps	*
H	2346	250	97.6	+	0	0	165MI84MD	SH081054.07FU_UDB016705_refs	SH095583.07FU_UDB000269_reps
L	7564	250	*	*	*	*	*	SH083868.07FU_EU598194_reps	*
H	7564	250	91.6	+	0	0	4I31MD13MD20MD106M2D75MI	SH083865.07FU_FJ196950_reps	SH083868.07FU_EU598194_reps
N	*	165	*	*	*	*	*	SH099922.07FU_KC222129_reps	*
N	*	250	*	*	*	*	*	SH118788.07FU_KC429050_reps	*
N	*	250	*	*	*	*	*	SH133662.07FU_JQ991631_reps	*
D	36	2	*	*	*	*	97.2	SH076804.07FU_UDB019721_reps	*
D	71	2	*	*	*	*	98.0	SH077030.07FU_EF460356_reps	*
D	129	2	*	*	*	*	98.7	SH077363.07FU_AY877417_reps	*
D	177	2	*	*	*	*	93.0	SH077604.07FU_UDB018240_reps	*
D	179	2	*	*	*	*	97.2	SH077608.07FU_JX429213_reps	*
D	260	2	*	*	*	*	98.0	SH078158.07FU_FM865562_reps	*
D	294	2	*	*	*	*	97.6	SH078781.07FU_JF439098_reps	*
D	343	2	*	*	*	*	96.4	SH079335.07FU_UDB016002_refs	*
D	392	3	*	*	*	*	93.8	SH079578.07FU_L54099_refs	*
D	465	2	*	*	*	*	100.0	SH079989.07FU_JQ723145_reps	*
D	469	2	*	*	*	*	99.6	SH080053.07FU_EF175552_refs	*
D	472	2	*	*	*	*	92.4	SH080112.07FU_UDB011417_refs	*
D	494	2	*	*	*	*	99.2	SH080231.07FU_KF617832_reps	*
D	496	2	*	*	*	*	98.4	SH080236.07FU_UDB012199_reps	*
D	512	2	*	*	*	*	91.8	SH080423.07FU_UDB015324_reps	*
D	540	2	*	*	*	*	94.0	SH080582.07FU_EF621921_reps	*
D	544	2	*	*	*	*	94.6	SH080696.07FU_EU330945_refs	*
D	559	2	*	*	*	*	97.9	SH080723.07FU_HE608903_reps	*
D	670	2	*	*	*	*	96.8	SH081526.07FU_JF908382_reps	*
D	671	2	*	*	*	*	94.8	SH081533.07FU_JF908414_reps	*
D	699	2	*	*	*	*	92.4	SH081708.07FU_U85326_reps	*
D	702	2	*	*	*	*	92.1	SH081715.07FU_HQ020414_reps	*
D	717	2	*	*	*	*	97.6	SH081922.07FU_KF468704_reps	*
D	733	2	*	*	*	*	91.2	SH082030.07FU_AF501562_reps	*
D	744	2	*	*	*	*	95.3	SH082103.07FU_JQ828917_reps	*
D	749	2	*	*	*	*	98.8	SH082114.07FU_JQ828906_reps	*
D	752	2	*	*	*	*	96.4	SH082130.07FU_JQ991801_reps	*
D	775	2	*	*	*	*	90.4	SH082234.07FU_KJ780669_reps	*
D	780	2	*	*	*	*	90.8	SH082304.07FU_AB080784_reps	*
D	832	2	*	*	*	*	100.0	SH082646.07FU_AY579447_reps	*
D	835	2	*	*	*	*	96.4	SH082653.07FU_JX975805_reps	*
D	886	2	*	*	*	*	100.0	SH083127.07FU_HF970229_reps	*
D	927	2	*	*	*	*	100.0	SH083445.07FU_FJ475686_refs	*
D	1020	3	*	*	*	*	99.6	SH084398.07FU_KJ407012_reps	*
D	1092	2	*	*	*	*	97.2	SH085123.07FU_JQ838021_reps	*
D	1101	2	*	*	*	*	100.0	SH085191.07FU_DQ677655_refs	*
D	1169	2	*	*	*	*	99.1	SH086267.07FU_GQ165648_reps	*
D	1171	2	*	*	*	*	100.0	SH086303.07FU_FJ167659_refs	*
D	1282	2	*	*	*	*	90.7	SH086847.07FU_AJ555514_reps	*
D	1327	2	*	*	*	*	100.0	SH087219.07FU_UDB003146_refs	*
D	1337	2	*	*	*	*	95.6	SH087262.07FU_JQ757879_reps	*
D	1354	2	*	*	*	*	93.2	SH087521.07FU_JX271818_refs	*
D	1385	2	*	*	*	*	90.2	SH087854.07FU_JX669817_refs	*
D	1409	2	*	*	*	*	97.7	SH087950.07FU_AY046186_refs	*
D	1413	2	*	*	*	*	96.8	SH087958.07FU_KJ706694_reps	*
D	1419	2	*	*	*	*	98.7	SH087973.07FU_AY340016_reps	*
D	1421	2	*	*	*	*	95.3	SH087974.07FU_FJ613646_reps	*
D	1448	3	*	*	*	*	94.8	SH088244.07FU_AJ515411_reps	*
D	1455	2	*	*	*	*	99.1	SH088271.07FU_JN247553_refs	*
D	1466	2	*	*	*	*	94.0	SH088340.07FU_AY582126_refs	*
D	1541	3	*	*	*	*	96.8	SH089227.07FU_UDB013713_reps	*
D	1663	2	*	*	*	*	92.8	SH090329.07FU_KJ780430_reps	*
D	1716	2	*	*	*	*	92.8	SH091021.07FU_AY513231_refs	*
D	1722	2	*	*	*	*	97.7	SH104862.07FU_AY049109_reps	*
D	1735	2	*	*	*	*	98.6	SH091127.07FU_EU913701_reps	*
D	1761	2	*	*	*	*	90.8	SH091334.07FU_DQ355449_reps	*
D	1765	2	*	*	*	*	96.8	SH091357.07FU_AJ535305_refs	*
D	1781	3	*	*	*	*	96.6	SH091416.07FU_GQ221653_reps	*
D	1789	2	*	*	*	*	97.2	SH091467.07FU_EU166349_reps	*
D	1820	2	*	*	*	*	98.8	SH091589.07FU_FN394552_reps	*
D	1868	2	*	*	*	*	94.0	SH094317.07FU_KF617653_reps	*
D	1871	2	*	*	*	*	94.0	SH094346.07FU_KC842393_reps	*
D	1872	2	*	*	*	*	94.4	SH094352.07FU_AY669657_reps	*
D	1890	2	*	*	*	*	99.2	SH094416.07FU_FN428986_reps	*
D	1966	2	*	*	*	*	98.2	SH092547.07FU_KC581320_reps	*
D	1991	2	*	*	*	*	98.8	SH092646.07FU_EU880225_reps	*
D	2007	2	*	*	*	*	98.8	SH092721.07FU_JX310817_reps	*
D	2036	2	*	*	*	*	98.0	SH092903.07FU_FJ664824_reps	*
D	2212	2	*	*	*	*	92.4	SH094755.07FU_UDB020314_refs	*
D	2226	2	*	*	*	*	93.6	SH094780.07FU_AB553466_reps	*
D	2233	2	*	*	*	*	97.2	SH094890.07FU_KC585365_reps	*
D	2256	2	*	*	*	*	99.2	SH095061.07FU_DQ396960_reps	*
D	2272	2	*	*	*	*	96.0	SH095144.07FU_AY187090_reps	*
D	2324	2	*	*	*	*	97.1	SH095419.07FU_UDB005173_reps	*
D	2346	2	*	*	*	*	97.6	SH095583.07FU_UDB000269_reps	*
D	2348	2	*	*	*	*	99.6	SH095907.07FU_KJ028057_refs	*
D	2350	2	*	*	*	*	96.0	SH095923.07FU_AJ970150_reps	*
D	2353	2	*	*	*	*	98.4	SH095935.07FU_AF374652_reps	*
D	2366	2	*	*	*	*	99.6	SH096147.07FU_AB439546_reps	*
D	2387	2	*	*	*	*	98.4	SH096478.07FU_KC176279_reps	*
D	2396	2	*	*	*	*	96.0	SH096544.07FU_GU998595_reps	*
D	2426	2	*	*	*	*	98.6	SH099380.07FU_AB709851_reps	*
D	2505	2	*	*	*	*	92.2	SH104880.07FU_FJ372686_reps	*
D	2567	3	*	*	*	*	92.0	SH097774.07FU_EU598199_reps	*
D	2576	2	*	*	*	*	92.8	SH097863.07FU_KJ471519_reps	*
D	2655	2	*	*	*	*	95.1	SH098758.07FU_JF908059_reps	*
D	2687	2	*	*	*	*	97.6	SH099057.07FU_KJ706675_reps	*
D	2757	2	*	*	*	*	94.0	SH100260.07FU_EU543194_reps	*
D	2760	2	*	*	*	*	92.8	SH100285.07FU_UDB015612_refs	*
D	2762	2	*	*	*	*	100.0	SH100293.07FU_AB308154_reps	*
D	2785	2	*	*	*	*	98.0	SH100599.07FU_KJ706664_reps	*
D	2809	2	*	*	*	*	98.8	SH100728.07FU_KJ706685_reps	*
D	2904	2	*	*	*	*	98.4	SH101838.07FU_EF669582_refs	*
D	2922	2	*	*	*	*	98.3	SH102041.07FU_AB078483_reps	*
D	2939	2	*	*	*	*	96.5	SH102264.07FU_EU553300_reps	*
D	2947	2	*	*	*	*	96.0	SH102344.07FU_FJ613089_reps	*
D	2989	2	*	*	*	*	90.4	SH102856.07FU_KF617815_reps	*
D	3038	2	*	*	*	*	96.4	SH105131.07FU_KF618032_reps	*
D	3121	2	*	*	*	*	98.8	SH103483.07FU_UDB018002_reps	*
D	3128	2	*	*	*	*	99.1	SH103509.07FU_AJ302429_reps	*
D	3131	2	*	*	*	*	100.0	SH103512.07FU_AJ302436_reps	*
D	3155	2	*	*	*	*	96.0	SH103798.07FU_JX047484_refs	*
D	3160	2	*	*	*	*	93.0	SH103850.07FU_FM163187_reps	*
D	3161	2	*	*	*	*	98.8	SH103851.07FU_FM163207_reps	*
D	3165	2	*	*	*	*	95.3	SH103858.07FU_FM163196_reps	*
D	3176	2	*	*	*	*	97.1	SH104017.07FU_KF170084_reps	*
D	3178	2	*	*	*	*	97.7	SH104027.07FU_GQ120623_reps	*
D	3187	2	*	*	*	*	90.0	SH104089.07FU_FJ380938_reps	*
D	3228	2	*	*	*	*	93.6	SH104564.07FU_AM882759_reps	*
D	3297	2	*	*	*	*	95.2	SH105732.07FU_FJ152494_reps	*
D	3315	2	*	*	*	*	98.3	SH108824.07FU_EF484923_reps	*
D	3338	2	*	*	*	*	99.2	SH105938.07FU_EF433987_reps	*
D	3397	2	*	*	*	*	99.0	SH106478.07FU_FJ005103_reps	*
D	3417	2	*	*	*	*	92.4	SH106734.07FU_AF038331_reps	*
D	3437	2	*	*	*	*	95.7	SH106869.07FU_EU681351_reps	*
D	3478	2	*	*	*	*	98.4	SH107263.07FU_JN182892_reps	*
D	3485	2	*	*	*	*	90.6	SH107437.07FU_HG796965_reps	*
D	3495	2	*	*	*	*	95.1	SH107481.07FU_FJ265766_reps	*
D	3522	2	*	*	*	*	97.6	SH107708.07FU_JN133297_refs	*
D	3537	2	*	*	*	*	97.7	SH107819.07FU_HE963789_reps	*
D	3556	2	*	*	*	*	98.8	SH107976.07FU_HQ168369_reps	*
D	3604	2	*	*	*	*	94.9	SH108540.07FU_EU715654_reps	*
D	3642	2	*	*	*	*	97.3	SH109355.07FU_JF906008_reps	*
D	3810	2	*	*	*	*	99.0	SH110927.07FU_AY338968_reps	*
D	3831	2	*	*	*	*	99.0	SH111230.07FU_HM195254_reps	*
D	3869	2	*	*	*	*	98.5	SH111445.07FU_AB271231_reps	*
D	3882	2	*	*	*	*	96.1	SH111606.07FU_JN033420_reps	*
D	3888	2	*	*	*	*	98.1	SH111762.07FU_GQ344609_reps	*
D	3916	2	*	*	*	*	98.0	SH111972.07FU_KF206495_reps	*
D	3921	2	*	*	*	*	97.6	SH112043.07FU_FN825910_refs	*
D	3986	2	*	*	*	*	92.2	SH112649.07FU_KC732551_reps	*
D	3993	2	*	*	*	*	98.1	SH112701.07FU_KF618060_reps	*
D	3997	2	*	*	*	*	96.8	SH112742.07FU_FN252451_reps	*
D	4170	3	*	*	*	*	99.6	SH114601.07FU_AF150470_reps	*
D	4195	2	*	*	*	*	94.4	SH114994.07FU_HM030612_reps	*
D	4211	2	*	*	*	*	91.2	SH118352.07FU_FJ552710_reps	*
D	4273	2	*	*	*	*	96.1	SH115752.07FU_KJ021245_reps	*
D	4277	2	*	*	*	*	93.7	SH115766.07FU_JN641783_reps	*
D	4327	2	*	*	*	*	90.9	SH116144.07FU_HM123294_refs	*
D	4394	2	*	*	*	*	90.6	SH116568.07FU_KF251355_reps	*
D	4443	2	*	*	*	*	98.9	SH117368.07FU_AY616696_refs	*
D	4463	2	*	*	*	*	99.2	SH123864.07FU_KF060312_reps	*
D	4496	2	*	*	*	*	98.5	SH118853.07FU_KJ706899_reps	*
D	4522	2	*	*	*	*	100.0	SH123992.07FU_KF015668_refs	*
D	4549	2	*	*	*	*	100.0	SH119133.07FU_FN547634_reps	*
D	4583	2	*	*	*	*	98.2	SH119603.07FU_JX012227_reps	*
D	4597	2	*	*	*	*	95.3	SH119803.07FU_GU980630_refs	*
D	4606	2	*	*	*	*	90.4	SH119857.07FU_AF193355_reps	*
D	4618	2	*	*	*	*	99.5	SH119899.07FU_AY372286_reps	*
D	4652	2	*	*	*	*	95.4	SH124459.07FU_KC333169_reps	*
D	4653	2	*	*	*	*	91.2	SH124512.07FU_UDB015783_refs	*
D	4679	2	*	*	*	*	99.1	SH120194.07FU_AB302839_reps	*
D	4735	2	*	*	*	*	100.0	SH120756.07FU_AB544478_reps	*
D	4753	2	*	*	*	*	99.5	SH124712.07FU_HQ023190_reps	*
D	4766	2	*	*	*	*	92.3	SH124773.07FU_FM206420_refs	*
D	4770	2	*	*	*	*	95.5	SH124777.07FU_FM206404_reps	*
D	4844	2	*	*	*	*	99.5	SH121740.07FU_GU234163_reps	*
D	4948	2	*	*	*	*	97.9	SH122990.07FU_DQ530206_reps	*
D	4950	2	*	*	*	*	90.0	SH123004.07FU_GU207247_reps	*
D	4978	2	*	*	*	*	95.1	SH123274.07FU_UDB004180_reps	*
D	5019	2	*	*	*	*	94.4	SH124903.07FU_FN547530_refs	*
D	5025	2	*	*	*	*	98.8	SH125015.07FU_FN549912_reps	*
D	5099	2	*	*	*	*	96.4	SH125541.07FU_DQ497954_reps	*
D	5283	2	*	*	*	*	98.7	SH130470.07FU_HQ604846_reps	*
D	5301	2	*	*	*	*	98.2	SH127121.07FU_HQ384308_reps	*
D	5353	2	*	*	*	*	99.4	SH130778.07FU_JX162013_reps	*
D	5371	2	*	*	*	*	90.8	SH127443.07FU_UDB015444_reps	*
D	5441	2	*	*	*	*	98.0	SH128240.07FU_DQ401101_reps	*
D	5561	2	*	*	*	*	99.1	SH129676.07FU_AJ302455_reps	*
D	5570	2	*	*	*	*	95.1	SH129700.07FU_AF275322_reps	*
D	5583	2	*	*	*	*	94.0	SH131139.07FU_FJ197220_reps	*
D	5597	2	*	*	*	*	96.1	SH131168.07FU_JX118717_reps	*
D	5610	2	*	*	*	*	95.7	SH131281.07FU_FN252445_refs	*
D	5653	3	*	*	*	*	97.0	SH131584.07FU_LT000182_reps	*
D	5721	2	*	*	*	*	98.2	SH132224.07FU_KF850402_reps	*
D	5725	2	*	*	*	*	90.4	SH132235.07FU_UDB011362_reps	*
D	5747	2	*	*	*	*	97.2	SH132346.07FU_KJ706639_reps	*
D	5760	2	*	*	*	*	98.1	SH132496.07FU_DQ474548_reps	*
D	5792	2	*	*	*	*	98.5	SH132647.07FU_GQ985413_reps	*
D	5913	2	*	*	*	*	98.2	SH133381.07FU_KF245486_reps	*
D	5922	2	*	*	*	*	97.7	SH133399.07FU_AY702797_reps	*
D	5971	2	*	*	*	*	94.0	SH133632.07FU_GQ250403_reps	*
D	6004	2	*	*	*	*	95.6	SH133903.07FU_AY549456_reps	*
D	6051	2	*	*	*	*	98.5	SH134224.07FU_KC732757_reps	*
D	6062	2	*	*	*	*	96.1	SH134288.07FU_KC305473_reps	*
D	6163	2	*	*	*	*	98.8	SH134899.07FU_KJ920139_reps	*
D	6318	2	*	*	*	*	100.0	SH135587.07FU_KC842416_reps	*
D	6331	2	*	*	*	*	92.4	SH135622.07FU_JX679128_reps	*
D	6333	2	*	*	*	*	94.7	SH135624.07FU_JQ287679_reps	*
D	6368	2	*	*	*	*	97.6	SH136217.07FU_JQ397203_reps	*
D	6424	2	*	*	*	*	96.8	SH126500.07FU_FM992402_refs	*
D	6484	2	*	*	*	*	93.1	SH536433.07FU_KP276652_reps	*
D	6497	2	*	*	*	*	96.2	SH536589.07FU_KU232314_reps	*
D	6564	2	*	*	*	*	98.8	SH537547.07FU_KP401769_reps	*
D	6661	2	*	*	*	*	98.0	SH538873.07FU_JX462593_refs	*
D	6663	2	*	*	*	*	95.2	SH538871.07FU_LN810998_reps	*
D	6739	2	*	*	*	*	95.2	SH539660.07FU_KJ668591_reps	*
D	6742	2	*	*	*	*	90.7	SH539693.07FU_LN997672_reps	*
D	6746	2	*	*	*	*	98.4	SH539743.07FU_KJ938861_reps	*
D	6797	2	*	*	*	*	90.9	SH540807.07FU_KU171103_reps	*
D	6961	2	*	*	*	*	95.6	SH543614.07FU_UDB024122_reps	*
D	7136	2	*	*	*	*	98.8	SH548730.07FU_KP191917_reps	*
D	7163	2	*	*	*	*	98.8	SH549518.07FU_KT792794_reps	*
D	7221	2	*	*	*	*	95.9	SH551692.07FU_KU934875_reps	*
D	7240	2	*	*	*	*	93.6	SH553234.07FU_KF804001_reps	*
D	7282	2	*	*	*	*	97.8	SH129696.07FU_KJ174231_refs	*
D	7329	2	*	*	*	*	94.8	SH131567.07FU_UDB011561_refs	*
D	7347	2	*	*	*	*	100.0	SH132251.07FU_UDB000303_refs	*
D	7374	2	*	*	*	*	95.8	SH133260.07FU_UDB011702_refs	*
D	7388	2	*	*	*	*	97.5	SH133717.07FU_AJ810047_refs	*
D	7401	2	*	*	*	*	95.6	SH133985.07FU_EF669934_refs	*
D	7433	3	*	*	*	*	99.2	SH135223.07FU_JX045669_refs	*
D	7469	2	*	*	*	*	90.0	SH122980.07FU_JF288795_refs	*
D	7523	2	*	*	*	*	92.0	SH080573.07FU_UDB004967_reps	*
D	7548	2	*	*	*	*	96.5	SH082796.07FU_KJ406280_reps	*
D	7564	2	*	*	*	*	91.6	SH083868.07FU_EU598194_reps	*
D	7584	2	*	*	*	*	93.0	SH085519.07FU_AB846972_reps	*
D	7587	2	*	*	*	*	97.2	SH085951.07FU_FM865540_reps	*
D	7623	2	*	*	*	*	97.2	SH089663.07FU_UDB017160_reps	*
D	7632	2	*	*	*	*	98.6	SH090615.07FU_JQ754023_reps	*
D	7653	2	*	*	*	*	100.0	SH092528.07FU_HE963777_reps	*
D	7664	2	*	*	*	*	96.3	SH092996.07FU_AF011302_reps	*
D	7713	2	*	*	*	*	95.6	SH095292.07FU_UDB002462_reps	*
D	7714	2	*	*	*	*	94.9	SH095304.07FU_UDB018388_reps	*
D	7750	2	*	*	*	*	96.4	SH098491.07FU_AY219352_reps	*
D	7762	2	*	*	*	*	99.2	SH099557.07FU_FJ475672_reps	*
D	7769	2	*	*	*	*	99.1	SH100426.07FU_HQ153414_reps	*
D	7795	2	*	*	*	*	95.3	SH102069.07FU_KC698874_reps	*
D	7805	2	*	*	*	*	96.6	SH104092.07FU_GQ121416_reps	*
D	7819	2	*	*	*	*	98.2	SH105083.07FU_JN652976_reps	*
D	7940	2	*	*	*	*	94.2	SH117974.07FU_KC427080_reps	*
D	7969	2	*	*	*	*	92.8	SH119907.07FU_KT271749_refs	*
D	7990	2	*	*	*	*	98.4	SH121532.07FU_HQ204670_reps	*
D	8006	2	*	*	*	*	100.0	SH123331.07FU_EF512977_reps	*
D	8027	2	*	*	*	*	94.3	SH125821.07FU_JQ991752_reps	*
D	8044	2	*	*	*	*	91.2	SH127047.07FU_FN397288_reps	*
D	8049	2	*	*	*	*	92.4	SH127289.07FU_KF800233_reps	*
D	8088	2	*	*	*	*	96.9	SH131682.07FU_JQ724360_reps	*
D	8108	2	*	*	*	*	95.2	SH132909.07FU_JN159525_reps	*
D	8113	2	*	*	*	*	93.6	SH133059.07FU_KF432954_reps	*
D	8228	2	*	*	*	*	99.2	SH480403.07FU_KJ670296_reps	*
D	8314	2	*	*	*	*	97.5	SH104437.07FU_UDB001733_refs	*
D	8321	2	*	*	*	*	94.0	SH106732.07FU_EF592154_refs	*
D	8337	2	*	*	*	*	92.0	SH115295.07FU_AM882929_refs	*
