UclustConsensusTaxonAssigner parameters:
id_to_taxonomy_filepath:/Users/nbokulich/Desktop/ref_dbs/gg_13_8_otus/taxonomy/99_otu_taxonomy.txt
id_to_taxonomy_fp:/Users/nbokulich/Desktop/ref_dbs/gg_13_8_otus/taxonomy/99_otu_taxonomy.txt
max_accepts:1
min_consensus_fraction:0.51
reference_sequences_fp:/Users/nbokulich/Desktop/ref_dbs/gg_13_8_otus/rep_set/99_otus/dna-sequences.fasta
similarity:0.99
unassignable_label:Unassigned
Result path: /var/folders/0t/l1dz88p50y91vx_22fx5w3780000gn/T/assign-taxF01git

.uc file contents:

# uclust --input /Users/nbokulich/Desktop/projects/short-read-tax-assignment/data/mock-community/mock-1/rep_seqs.fna --id 0.99 --rev --maxaccepts 1 --allhits --libonly --lib /Users/nbokulich/Desktop/ref_dbs/gg_13_8_otus/rep_set/99_otus/dna-sequences.fasta --uc /var/folders/0t/l1dz88p50y91vx_22fx5w3780000gn/T/UclustConsensusTaxonAssigner__f9o67.uc
# version=1.2.22
# Tab-separated fields:
# 1=Type, 2=ClusterNr, 3=SeqLength or ClusterSize, 4=PctId, 5=Strand, 6=QueryStart, 7=SeedStart, 8=Alignment, 9=QueryLabel, 10=TargetLabel
# Record types (field 1): L=LibSeed, S=NewSeed, H=Hit, R=Reject, D=LibCluster, C=NewCluster, N=NoHit
# For C and D types, PctId is average id with seed.
# QueryStart and SeedStart are zero-based relative to start of sequence.
# If minus strand, SeedStart is relative to reverse-complemented seed.
L	177728	250	*	*	*	*	*	4381859	*
H	177728	100	99.0	+	0	0	D99M151I	ae3fd1a9083ed263b3d55bf6c6572a66	4381859
L	10172	250	*	*	*	*	*	817146	*
H	10172	100	99.0	+	0	0	D99M151I	cf1b2275183b5e241f602660c32084a0	817146
L	88885	250	*	*	*	*	*	174509	*
H	88885	100	99.0	+	0	0	D99M151I	e3338a6d212a227ebed5fef419540db4	174509
L	19782	250	*	*	*	*	*	584375	*
H	19782	100	99.0	+	0	0	D99M151I	3a4ad16e672a171006b1d474099b55af	584375
L	81658	250	*	*	*	*	*	196286	*
H	81658	100	99.0	+	0	0	D99M151I	9380cc18a1a5bc2912b765c5d9217228	196286
L	143253	250	*	*	*	*	*	829253	*
H	143253	100	99.0	+	0	0	D99M151I	eb8cc7bdabeb5e7dd1ed8af57f5b0daf	829253
L	88555	250	*	*	*	*	*	175485	*
H	88555	100	99.0	+	0	0	D99M151I	f402191c9af7a947b43e1b00c61020bf	175485
L	151774	250	*	*	*	*	*	3799784	*
H	151774	100	100.0	+	0	0	100M150I	94ae91ae3283572954655746fb032acf	3799784
L	77802	250	*	*	*	*	*	216933	*
H	77802	100	99.0	+	0	0	D99M151I	e982d34d5ab0e281529b2e6c3cc05a9a	216933
L	11986	250	*	*	*	*	*	788593	*
H	11986	100	99.0	+	0	0	D99M151I	c555555429c1755561922342687d5c38	788593
L	49991	250	*	*	*	*	*	332732	*
H	49991	100	99.0	+	0	0	D99M151I	a00b9c018f69cc6cd04f5cefe2fd597f	332732
L	60831	250	*	*	*	*	*	290360	*
H	60831	100	99.0	+	0	0	D99M151I	764da292321733abac7b8cb8a3edbf9d	290360
L	26065	250	*	*	*	*	*	559416	*
H	26065	100	99.0	+	0	0	D99M151I	401393ccc59ff136f641aa1446a546c1	559416
L	41330	250	*	*	*	*	*	373559	*
H	41330	100	99.0	+	0	0	D99M151I	d576931ccf5a703f450ace9f143ee8b4	373559
L	92124	250	*	*	*	*	*	159299	*
H	92124	100	99.0	+	0	0	D99M151I	e20a0f57b52073ee1b6521dba38cefdc	159299
L	150272	250	*	*	*	*	*	3713346	*
H	150272	100	100.0	+	0	0	100M150I	9fb362cee1a00312771d8e424f194e84	3713346
N	*	100	*	*	*	*	*	df5654cd5f1d6c8a8cb0fcea7633f1dc	*
N	*	100	*	*	*	*	*	d4150f79c5a50bf146ec8e92b2847e29	*
L	42543	250	*	*	*	*	*	364792	*
H	42543	100	99.0	+	0	0	D99M151I	71e83b88aa4df1b015781696b2dd31ce	364792
L	134168	250	*	*	*	*	*	2747606	*
H	134168	100	99.0	+	0	0	D99M151I	a9a1c30204696db9c655c27f3f38eaf8	2747606
L	172059	250	*	*	*	*	*	4352808	*
H	172059	100	100.0	+	0	0	9MI30MI61M148I	f20fb2f66a531022cb4081008570e517	4352808
L	118951	250	*	*	*	*	*	1867213	*
H	118951	100	99.0	+	0	0	D99M151I	c21b2df50ac1a409561531a73d61bb28	1867213
L	70699	250	*	*	*	*	*	250201	*
H	70699	100	99.0	+	0	0	D99M151I	47fd2931d25caf868858c1499f8cb590	250201
L	42461	250	*	*	*	*	*	365194	*
H	42461	100	99.0	+	0	0	D99M151I	672d66003027cc8866b20555b9a9bc08	365194
L	146814	250	*	*	*	*	*	851804	*
H	146814	100	99.0	+	0	0	D99M151I	33cb5642b8acbab338bad1511d361531	851804
L	135604	250	*	*	*	*	*	2834986	*
H	135604	100	99.0	+	0	0	D99M151I	fbbc2e6803c8d581b22c44868563cd3e	2834986
L	88413	250	*	*	*	*	*	175950	*
H	88413	100	99.0	+	0	0	D99M151I	f63549d0f538e5099f5751042f11ee59	175950
L	85603	250	*	*	*	*	*	184570	*
H	85603	100	99.0	+	0	0	D99M151I	3db5bd5d40f91507d4ac0ec5af0aeedd	184570
L	156986	250	*	*	*	*	*	4104532	*
H	156986	100	99.0	+	0	0	33MI6MI38MI23M147I	8d256a3f0213cdd567c7a44e149bddd3	4104532
L	170693	250	*	*	*	*	*	4345464	*
H	170693	100	99.0	+	0	0	D99M151I	1ac3a5250619587bf49aa4c9ec992982	4345464
L	85291	250	*	*	*	*	*	185603	*
H	85291	100	99.0	+	0	0	D99M151I	eb407ae7857218ca60b7dcbaedda798b	185603
L	38844	250	*	*	*	*	*	469852	*
H	38844	100	99.0	+	0	0	D99M151I	8d7906aaedba210b3557e46178edf7b6	469852
L	139092	250	*	*	*	*	*	1127578	*
H	139092	100	100.0	+	0	0	9I100M141I	17f6385198e1538440b2a7fa0958b634	1127578
L	158213	250	*	*	*	*	*	784256	*
H	158213	100	99.0	+	0	0	D99M151I	d8a04aca35be0550519f39d294a0cdd8	784256
N	*	100	*	*	*	*	*	aa31d21b81190b84a66ad5932eaa4a7f	*
L	171311	250	*	*	*	*	*	4348872	*
H	171311	100	99.0	+	0	0	D99M151I	6f9a9f1f27d3c30308561e7a660dcb3a	4348872
L	56355	250	*	*	*	*	*	306582	*
H	56355	100	100.0	+	0	0	100M150I	d58a391c4e4ac94d240def236096bd84	306582
L	183584	250	*	*	*	*	*	4411924	*
H	183584	100	99.0	+	0	0	D99M151I	30e570d4cfd1ff589e3013b60a2ad35a	4411924
L	177200	250	*	*	*	*	*	4379363	*
H	177200	100	99.0	+	0	0	D5MI33MI38MI23M148I	1d283e3dc7097f1a592fd8dabb780465	4379363
N	*	100	*	*	*	*	*	b14250b2bbb639ed0b6e0b390f7a88e1	*
L	176947	250	*	*	*	*	*	4378081	*
H	176947	100	99.0	+	0	0	D99M151I	31f836306dcdc796651d1da148f32114	4378081
L	53883	250	*	*	*	*	*	316761	*
H	53883	100	99.0	+	0	0	D99M151I	0dba84d8f8e46d4836265d85320c2804	316761
L	169112	250	*	*	*	*	*	4337546	*
H	169112	100	99.0	+	0	0	D99M151I	f7a26c1dd9c8372f6b82b00611d085b8	4337546
L	66431	250	*	*	*	*	*	266210	*
H	66431	100	99.0	+	0	0	D99M151I	acde4cd386fe3243b74078f76c0538ba	266210
L	123679	250	*	*	*	*	*	2136916	*
H	123679	100	99.0	+	0	0	D99M151I	79116b416c8dc7bdc72c68ae05a06b0b	2136916
L	104563	250	*	*	*	*	*	88514	*
H	104563	100	99.0	+	0	0	D18M3I81M148I	99feb49cf28693fe421407313356b628	88514
L	79324	250	*	*	*	*	*	207487	*
H	79324	100	99.0	+	0	0	D99M151I	6c469cae2fc79fc2152d4091a9724849	207487
L	167960	250	*	*	*	*	*	4331760	*
H	167960	100	99.0	+	0	0	D99M151I	ccab85ff5cd8c004b61dd0700ffae1c5	4331760
L	87694	250	*	*	*	*	*	178213	*
H	87694	100	99.0	+	0	0	D99M151I	3f3bff5295b6bb9f06c10b47eac13335	178213
L	43799	250	*	*	*	*	*	358415	*
H	43799	100	99.0	+	0	0	D99M151I	ded73d99a8ef24dadc2e2ef82c6e41a9	358415
L	111324	250	*	*	*	*	*	8344	*
H	111324	100	99.0	+	0	0	D99M151I	5e6588f4e24d999e71ba87a60183ce62	8344
L	55034	250	*	*	*	*	*	311961	*
H	55034	100	99.0	+	0	0	D99M151I	a0d14fe04e3334b38f983e8c330d7e9e	311961
L	81906	250	*	*	*	*	*	195572	*
H	81906	100	99.0	+	0	0	D99M151I	1d111d0630895431a16f05812883224f	195572
L	123379	250	*	*	*	*	*	2119414	*
H	123379	100	99.0	+	0	0	D99M151I	6b8891d5cff668485421026b6fa4bf7b	2119414
L	153179	250	*	*	*	*	*	1065870	*
H	153179	100	99.0	+	0	0	D99M151I	0ba7a8ff8e358537bf15c5633d3f48d9	1065870
L	78293	250	*	*	*	*	*	213810	*
H	78293	100	99.0	+	0	0	D99M151I	0784f8383a88372c6c496ab5dc554064	213810
L	41742	250	*	*	*	*	*	368769	*
H	41742	100	99.0	+	0	0	D99M151I	e1422f9cbb27723f9b51e306eea4fa80	368769
L	58388	250	*	*	*	*	*	298916	*
H	58388	100	99.0	+	0	0	D99M151I	7180d5481f0c1705a082248593f8cff2	298916
L	82403	250	*	*	*	*	*	194156	*
H	82403	100	99.0	+	0	0	D99M151I	9d36bf52fd89c2ea09c7f8ad79c868ae	194156
L	195608	250	*	*	*	*	*	4472262	*
H	195608	100	99.0	+	0	0	D99M151I	c2df82b0dda444f77639a81c5adde8aa	4472262
D	10172	2	*	*	*	*	99.0	817146	*
D	11986	2	*	*	*	*	99.0	788593	*
D	19782	2	*	*	*	*	99.0	584375	*
D	26065	2	*	*	*	*	99.0	559416	*
D	38844	2	*	*	*	*	99.0	469852	*
D	41330	2	*	*	*	*	99.0	373559	*
D	41742	2	*	*	*	*	99.0	368769	*
D	42461	2	*	*	*	*	99.0	365194	*
D	42543	2	*	*	*	*	99.0	364792	*
D	43799	2	*	*	*	*	99.0	358415	*
D	49991	2	*	*	*	*	99.0	332732	*
D	53883	2	*	*	*	*	99.0	316761	*
D	55034	2	*	*	*	*	99.0	311961	*
D	56355	2	*	*	*	*	100.0	306582	*
D	58388	2	*	*	*	*	99.0	298916	*
D	60831	2	*	*	*	*	99.0	290360	*
D	66431	2	*	*	*	*	99.0	266210	*
D	70699	2	*	*	*	*	99.0	250201	*
D	77802	2	*	*	*	*	99.0	216933	*
D	78293	2	*	*	*	*	99.0	213810	*
D	79324	2	*	*	*	*	99.0	207487	*
D	81658	2	*	*	*	*	99.0	196286	*
D	81906	2	*	*	*	*	99.0	195572	*
D	82403	2	*	*	*	*	99.0	194156	*
D	85291	2	*	*	*	*	99.0	185603	*
D	85603	2	*	*	*	*	99.0	184570	*
D	87694	2	*	*	*	*	99.0	178213	*
D	88413	2	*	*	*	*	99.0	175950	*
D	88555	2	*	*	*	*	99.0	175485	*
D	88885	2	*	*	*	*	99.0	174509	*
D	92124	2	*	*	*	*	99.0	159299	*
D	104563	2	*	*	*	*	99.0	88514	*
D	111324	2	*	*	*	*	99.0	8344	*
D	118951	2	*	*	*	*	99.0	1867213	*
D	123379	2	*	*	*	*	99.0	2119414	*
D	123679	2	*	*	*	*	99.0	2136916	*
D	134168	2	*	*	*	*	99.0	2747606	*
D	135604	2	*	*	*	*	99.0	2834986	*
D	139092	2	*	*	*	*	100.0	1127578	*
D	143253	2	*	*	*	*	99.0	829253	*
D	146814	2	*	*	*	*	99.0	851804	*
D	150272	2	*	*	*	*	100.0	3713346	*
D	151774	2	*	*	*	*	100.0	3799784	*
D	153179	2	*	*	*	*	99.0	1065870	*
D	156986	2	*	*	*	*	99.0	4104532	*
D	158213	2	*	*	*	*	99.0	784256	*
D	167960	2	*	*	*	*	99.0	4331760	*
D	169112	2	*	*	*	*	99.0	4337546	*
D	170693	2	*	*	*	*	99.0	4345464	*
D	171311	2	*	*	*	*	99.0	4348872	*
D	172059	2	*	*	*	*	100.0	4352808	*
D	176947	2	*	*	*	*	99.0	4378081	*
D	177200	2	*	*	*	*	99.0	4379363	*
D	177728	2	*	*	*	*	99.0	4381859	*
D	183584	2	*	*	*	*	99.0	4411924	*
D	195608	2	*	*	*	*	99.0	4472262	*
