UclustConsensusTaxonAssigner parameters:
id_to_taxonomy_filepath:/Users/nbokulich/Desktop/projects/short-read-tax-assignment/data/novel-taxa-simulations/F1-REF-L4-iter1/ref_taxa.tsv
id_to_taxonomy_fp:/Users/nbokulich/Desktop/projects/short-read-tax-assignment/data/novel-taxa-simulations/F1-REF-L4-iter1/ref_taxa.tsv
max_accepts:5
min_consensus_fraction:0.51
reference_sequences_fp:/Users/nbokulich/Desktop/projects/short-read-tax-assignment/data/novel-taxa-simulations/F1-REF-L4-iter1/ref_seqs.fasta
similarity:0.9
unassignable_label:Unassigned
Result path: /var/folders/0t/l1dz88p50y91vx_22fx5w3780000gn/T/assign-taxLmrOln

.uc file contents:

# uclust --input /Users/nbokulich/Desktop/projects/short-read-tax-assignment/data/novel-taxa-simulations/F1-REF-L4-iter1/query.fasta --id 0.9 --rev --maxaccepts 5 --allhits --libonly --lib /Users/nbokulich/Desktop/projects/short-read-tax-assignment/data/novel-taxa-simulations/F1-REF-L4-iter1/ref_seqs.fasta --uc /var/folders/0t/l1dz88p50y91vx_22fx5w3780000gn/T/UclustConsensusTaxonAssigner_PJtThu.uc
# version=1.2.22
# Tab-separated fields:
# 1=Type, 2=ClusterNr, 3=SeqLength or ClusterSize, 4=PctId, 5=Strand, 6=QueryStart, 7=SeedStart, 8=Alignment, 9=QueryLabel, 10=TargetLabel
# Record types (field 1): L=LibSeed, S=NewSeed, H=Hit, R=Reject, D=LibCluster, C=NewCluster, N=NoHit
# For C and D types, PctId is average id with seed.
# QueryStart and SeedStart are zero-based relative to start of sequence.
# If minus strand, SeedStart is relative to reverse-complemented seed.
N	*	141	*	*	*	*	*	SH076456.07FU_GQ927301_reps	*
N	*	250	*	*	*	*	*	SH076464.07FU_AM882971_refs	*
L	5623	250	*	*	*	*	*	SH112033.07FU_JQ796851_reps	*
H	5623	203	90.6	+	0	0	181MI22M46I	SH076683.07FU_FR799221_reps	SH112033.07FU_JQ796851_reps
N	*	250	*	*	*	*	*	SH076743.07FU_FJ861983_reps	*
N	*	250	*	*	*	*	*	SH076802.07FU_DQ185925_reps	*
N	*	250	*	*	*	*	*	SH076832.07FU_GQ852772_refs	*
N	*	250	*	*	*	*	*	SH076979.07FU_AY016443_refs	*
N	*	250	*	*	*	*	*	SH077015.07FU_EU258674_refs	*
N	*	132	*	*	*	*	*	SH077252.07FU_HM071900_refs	*
N	*	250	*	*	*	*	*	SH077499.07FU_HQ599386_refs	*
N	*	250	*	*	*	*	*	SH077637.07FU_KJ410695_reps	*
N	*	250	*	*	*	*	*	SH077673.07FU_AF046223_reps	*
N	*	230	*	*	*	*	*	SH077679.07FU_KC681817_reps	*
N	*	250	*	*	*	*	*	SH078065.07FU_JN417525_reps	*
N	*	250	*	*	*	*	*	SH078657.07FU_AB440280_refs	*
L	133	250	*	*	*	*	*	SH078691.07FU_KJ486537_reps	*
H	133	96	90.6	+	0	0	78M3D15M157I	SH078685.07FU_JN943192_reps	SH078691.07FU_KJ486537_reps
N	*	250	*	*	*	*	*	SH079367.07FU_KF477224_refs	*
N	*	250	*	*	*	*	*	SH079524.07FU_EU543196_refs	*
N	*	223	*	*	*	*	*	SH079550.07FU_UDB017900_refs	*
N	*	212	*	*	*	*	*	SH079645.07FU_AJ271591_reps	*
L	4370	250	*	*	*	*	*	SH134920.07FU_JQ306672_reps	*
H	4370	215	92.1	+	0	0	171M5I23MI21M29I	SH079765.07FU_AJ585437_refs	SH134920.07FU_JQ306672_reps
L	4365	250	*	*	*	*	*	SH134916.07FU_JQ306540_reps	*
H	4365	215	92.1	+	0	0	171M5I23MD20M31I	SH079765.07FU_AJ585437_refs	SH134916.07FU_JQ306540_reps
L	5216	222	*	*	*	*	*	SH130964.07FU_HQ714761_refs	*
H	5216	215	95.3	+	0	0	195M3I20M4I	SH079765.07FU_AJ585437_refs	SH130964.07FU_HQ714761_refs
L	4802	250	*	*	*	*	*	SH539685.07FU_KP191919_reps	*
H	4802	215	92.1	+	0	0	169M5I8MD15M2D20M33I	SH079765.07FU_AJ585437_refs	SH539685.07FU_KP191919_reps
L	5512	250	*	*	*	*	*	SH097477.07FU_KC581311_reps	*
H	5512	215	91.6	+	0	0	169M2I25M2D19M35I	SH079765.07FU_AJ585437_refs	SH097477.07FU_KC581311_reps
N	*	250	*	*	*	*	*	SH079862.07FU_JQ915097_reps	*
N	*	190	*	*	*	*	*	SH080082.07FU_KF533019_reps	*
N	*	250	*	*	*	*	*	SH080206.07FU_EF652088_refs	*
N	*	222	*	*	*	*	*	SH080495.07FU_HQ605944_reps	*
N	*	250	*	*	*	*	*	SH080499.07FU_DQ836183_reps	*
N	*	250	*	*	*	*	*	SH080568.07FU_UDB016092_refs	*
L	2753	208	*	*	*	*	*	SH114092.07FU_UDB000585_refs	*
H	2753	249	90.9	+	0	0	173M3D19M26D16M12D	SH081655.07FU_JX968264_refs	SH114092.07FU_UDB000585_refs
N	*	207	*	*	*	*	*	SH081768.07FU_UDB014381_reps	*
L	3843	177	*	*	*	*	*	SH129414.07FU_AY394705_reps	*
H	3843	184	91.0	+	0	0	152M2D25M5D	SH081804.07FU_EU543434_reps	SH129414.07FU_AY394705_reps
N	*	250	*	*	*	*	*	SH082018.07FU_GU991575_reps	*
N	*	241	*	*	*	*	*	SH082452.07FU_FJ596786_reps	*
N	*	215	*	*	*	*	*	SH082527.07FU_DQ361048_reps	*
N	*	250	*	*	*	*	*	SH082551.07FU_GU222278_reps	*
N	*	208	*	*	*	*	*	SH082580.07FU_JX504136_reps	*
N	*	250	*	*	*	*	*	SH083280.07FU_EU118607_refs	*
N	*	112	*	*	*	*	*	SH084429.07FU_EF221824_reps	*
N	*	199	*	*	*	*	*	SH084453.07FU_GQ370379_reps	*
N	*	250	*	*	*	*	*	SH084499.07FU_FR750018_refs	*
N	*	209	*	*	*	*	*	SH084689.07FU_JF431295_refs	*
N	*	219	*	*	*	*	*	SH086524.07FU_JX646791_refs	*
N	*	194	*	*	*	*	*	SH088074.07FU_UDB004132_reps	*
N	*	250	*	*	*	*	*	SH088247.07FU_AF062933_refs	*
N	*	172	*	*	*	*	*	SH088416.07FU_GU327433_reps	*
N	*	250	*	*	*	*	*	SH088667.07FU_EU040222_reps	*
N	*	153	*	*	*	*	*	SH089210.07FU_JX110844_refs	*
N	*	250	*	*	*	*	*	SH089964.07FU_EF434000_reps	*
N	*	229	*	*	*	*	*	SH092670.07FU_EU069498_reps	*
N	*	176	*	*	*	*	*	SH094108.07FU_GQ241738_reps	*
N	*	250	*	*	*	*	*	SH095993.07FU_EU014071_reps	*
N	*	237	*	*	*	*	*	SH096290.07FU_AB054021_refs	*
N	*	250	*	*	*	*	*	SH104887.07FU_KF061284_refs	*
N	*	173	*	*	*	*	*	SH097944.07FU_KF640684_reps	*
N	*	250	*	*	*	*	*	SH099055.07FU_AF444583_refs	*
N	*	211	*	*	*	*	*	SH101074.07FU_AF486124_refs	*
N	*	205	*	*	*	*	*	SH101560.07FU_AY789345_reps	*
N	*	250	*	*	*	*	*	SH102168.07FU_JN857253_reps	*
N	*	188	*	*	*	*	*	SH102183.07FU_KC683427_reps	*
N	*	108	*	*	*	*	*	SH102992.07FU_JN115301_reps	*
N	*	178	*	*	*	*	*	SH104024.07FU_FJ386431_refs	*
N	*	250	*	*	*	*	*	SH105561.07FU_KJ706585_reps	*
N	*	250	*	*	*	*	*	SH105839.07FU_GU225947_refs	*
N	*	231	*	*	*	*	*	SH106444.07FU_EU339123_reps	*
N	*	250	*	*	*	*	*	SH106728.07FU_AF038334_refs	*
L	1855	206	*	*	*	*	*	SH101044.07FU_FN435792_reps	*
H	1855	250	93.2	+	0	0	159M3I15M28D29M19D	SH108546.07FU_EU687114_reps	SH101044.07FU_FN435792_reps
L	1971	206	*	*	*	*	*	SH102376.07FU_AY063303_reps	*
H	1971	250	92.2	+	0	0	159M4I21M29D22M19D	SH108546.07FU_EU687114_reps	SH102376.07FU_AY063303_reps
L	5546	206	*	*	*	*	*	SH101523.07FU_JQ862668_reps	*
H	5546	250	93.2	+	0	0	159M4I21M18D5M11D17M19D	SH108546.07FU_EU687114_reps	SH101523.07FU_JQ862668_reps
L	1885	210	*	*	*	*	*	SH101516.07FU_FJ175180_reps	*
H	1885	250	91.4	+	0	0	159M3I21M24D27M19D	SH108546.07FU_EU687114_reps	SH101516.07FU_FJ175180_reps
L	1978	206	*	*	*	*	*	SH102399.07FU_FJ175169_reps	*
H	1978	250	92.7	+	0	0	159M4I23M29D20M19D	SH108546.07FU_EU687114_reps	SH102399.07FU_FJ175169_reps
N	*	250	*	*	*	*	*	SH110201.07FU_DQ493559_reps	*
N	*	87	*	*	*	*	*	SH113775.07FU_UDB016315_refs	*
N	*	250	*	*	*	*	*	SH112306.07FU_DQ400300_reps	*
N	*	250	*	*	*	*	*	SH113643.07FU_FM876831_refs	*
N	*	250	*	*	*	*	*	SH114497.07FU_UDB016323_refs	*
L	3579	250	*	*	*	*	*	SH126596.07FU_JQ813309_reps	*
H	3579	250	94.4	+	0	0	237MD12MI	SH115101.07FU_AM292701_reps	SH126596.07FU_JQ813309_reps
L	446	250	*	*	*	*	*	SH082665.07FU_AY611079_reps	*
H	446	250	95.2	+	0	0	237MD12MI	SH115101.07FU_AM292701_reps	SH082665.07FU_AY611079_reps
L	2791	250	*	*	*	*	*	SH118089.07FU_GU992335_reps	*
H	2791	250	94.0	+	0	0	241MD8MI	SH115101.07FU_AM292701_reps	SH118089.07FU_GU992335_reps
L	442	250	*	*	*	*	*	SH082644.07FU_JQ813743_reps	*
H	442	250	94.4	+	0	0	237MD12MI	SH115101.07FU_AM292701_reps	SH082644.07FU_JQ813743_reps
L	463	250	*	*	*	*	*	SH082766.07FU_DQ235503_reps	*
H	463	250	95.2	+	0	0	175MD74MI	SH115101.07FU_AM292701_reps	SH082766.07FU_DQ235503_reps
N	*	165	*	*	*	*	*	SH115988.07FU_AF332126_reps	*
N	*	237	*	*	*	*	*	SH116856.07FU_UDB019856_reps	*
N	*	250	*	*	*	*	*	SH117409.07FU_AF485079_refs	*
N	*	198	*	*	*	*	*	SH117460.07FU_EF585633_reps	*
L	1227	195	*	*	*	*	*	SH092368.07FU_KJ767101_reps	*
H	1227	112	100.0	+	0	0	83I112M	SH123992.07FU_KF015668_refs	SH092368.07FU_KJ767101_reps
L	2422	112	*	*	*	*	*	SH109156.07FU_HQ914830_reps	*
H	2422	112	100.0	+	0	0	112M	SH123992.07FU_KF015668_refs	SH109156.07FU_HQ914830_reps
L	578	167	*	*	*	*	*	SH084383.07FU_GU827614_reps	*
H	578	112	99.1	+	0	0	55I112M	SH123992.07FU_KF015668_refs	SH084383.07FU_GU827614_reps
L	584	112	*	*	*	*	*	SH084398.07FU_KJ407012_reps	*
H	584	112	99.1	+	0	0	112M	SH123992.07FU_KF015668_refs	SH084398.07FU_KJ407012_reps
L	3079	112	*	*	*	*	*	SH117621.07FU_JN846715_refs	*
H	3079	112	98.2	+	0	0	112M	SH123992.07FU_KF015668_refs	SH117621.07FU_JN846715_refs
N	*	91	*	*	*	*	*	SH120246.07FU_EU075563_reps	*
N	*	198	*	*	*	*	*	SH121429.07FU_KJ474834_reps	*
N	*	103	*	*	*	*	*	SH121464.07FU_HE599388_reps	*
N	*	242	*	*	*	*	*	SH124953.07FU_KF264623_reps	*
N	*	250	*	*	*	*	*	SH127468.07FU_AY230866_refs	*
N	*	250	*	*	*	*	*	SH134569.07FU_AJ586572_reps	*
N	*	144	*	*	*	*	*	SH134969.07FU_AF042424_reps	*
N	*	250	*	*	*	*	*	SH136487.07FU_JX905552_reps	*
N	*	250	*	*	*	*	*	SH536392.07FU_KJ862385_reps	*
N	*	250	*	*	*	*	*	SH539005.07FU_KM220949_reps	*
N	*	250	*	*	*	*	*	SH540027.07FU_KM887884_reps	*
N	*	229	*	*	*	*	*	SH545107.07FU_LC014580_reps	*
N	*	250	*	*	*	*	*	SH549560.07FU_KP036617_reps	*
N	*	189	*	*	*	*	*	SH081573.07FU_HM480490_reps	*
N	*	250	*	*	*	*	*	SH098371.07FU_KC170320_reps	*
N	*	221	*	*	*	*	*	SH099870.07FU_GQ169328_reps	*
N	*	223	*	*	*	*	*	SH116028.07FU_AF027764_reps	*
N	*	250	*	*	*	*	*	SH478121.07FU_KJ490642_refs	*
N	*	134	*	*	*	*	*	SH076701.07FU_AF546077_refs	*
N	*	146	*	*	*	*	*	SH091189.07FU_UDB016348_refs	*
D	133	2	*	*	*	*	90.6	SH078691.07FU_KJ486537_reps	*
D	463	2	*	*	*	*	95.2	SH082766.07FU_DQ235503_reps	*
D	2422	2	*	*	*	*	100.0	SH109156.07FU_HQ914830_reps	*
D	2753	2	*	*	*	*	90.9	SH114092.07FU_UDB000585_refs	*
D	3843	2	*	*	*	*	91.0	SH129414.07FU_AY394705_reps	*
D	5216	2	*	*	*	*	95.3	SH130964.07FU_HQ714761_refs	*
D	5546	2	*	*	*	*	93.2	SH101523.07FU_JQ862668_reps	*
D	5623	2	*	*	*	*	90.6	SH112033.07FU_JQ796851_reps	*
