UclustConsensusTaxonAssigner parameters:
id_to_taxonomy_filepath:/home/nbokulic/ref_seq_dbs/its_12_11_otus/taxonomy/97_otu_taxonomy.txt
id_to_taxonomy_fp:/home/nbokulic/ref_seq_dbs/its_12_11_otus/taxonomy/97_otu_taxonomy.txt
max_accepts:1
min_consensus_fraction:0.5
reference_sequences_fp:/home/nbokulic/ref_seq_dbs/its_12_11_otus/rep_set/97_otus.fasta
similarity:0.7
unassignable_label:Unassigned
Result path: "/scratch/assign-taxOCTgbuUR4n0Ae0v2SprS.txt"

.uc file contents:

# uclust --input /home/nbokulic/bewolf/psrotot/SAG/rep_set.fna --id 0.7 --rev --maxaccepts 1 --allhits --libonly --lib /home/nbokulic/ref_seq_dbs/its_12_11_otus/rep_set/97_otus.fasta --uc /scratch/UclustConsensusTaxonAssigner_pmw_Pp.uc
# version=1.2.22
# Tab-separated fields:
# 1=Type, 2=ClusterNr, 3=SeqLength or ClusterSize, 4=PctId, 5=Strand, 6=QueryStart, 7=SeedStart, 8=Alignment, 9=QueryLabel, 10=TargetLabel
# Record types (field 1): L=LibSeed, S=NewSeed, H=Hit, R=Reject, D=LibCluster, C=NewCluster, N=NoHit
# For C and D types, PctId is average id with seed.
# QueryStart and SeedStart are zero-based relative to start of sequence.
# If minus strand, SeedStart is relative to reverse-complemented seed.
L	9213	476	*	*	*	*	*	DQ683006	*
H	9213	101	100.0	+	0	0	11I101M364I	AB236002 Mock.3_69	DQ683006
L	45601	530	*	*	*	*	*	AF157596	*
H	45601	101	97.0	+	0	0	118I101M311I	AF157596 Mock.3_11595	AF157596
L	43002	589	*	*	*	*	*	FJ582636	*
H	43002	86	100.0	+	0	0	10I86M493I	AM410602 Mock.3_1088	FJ582636
L	12256	619	*	*	*	*	*	HQ832818	*
H	12256	85	100.0	+	0	0	9I85M525I	DQ267827 Mock.3_15114	HQ832818
L	29538	603	*	*	*	*	*	DQ674351	*
H	29538	101	99.0	+	0	0	94I6M7I95M401I	DQ674351 Mock.2_37777	DQ674351
L	48205	549	*	*	*	*	*	JQ665427	*
H	48205	91	96.7	+	0	0	D90M459I	DQ681373 Mock.3_77472	JQ665427
L	10962	677	*	*	*	*	*	DQ683114	*
H	10962	101	97.0	+	0	0	314I101M262I	DQ683114 Mock.2_49	DQ683114
L	20892	462	*	*	*	*	*	FN562058	*
H	20892	101	100.0	+	0	0	146I101M215I	DQ980578 Mock.3_103337	FN562058
L	50376	435	*	*	*	*	*	EF199746	*
H	50376	101	99.0	+	0	0	12I101M322I	EF199746 Mock.3_6	EF199746
L	50082	267	*	*	*	*	*	JN905480	*
H	50082	101	99.0	+	0	0	22I101M144I	EU490021 Mock.1_17056	JN905480
L	23096	573	*	*	*	*	*	EU551202	*
H	23096	94	100.0	+	0	0	9I94M470I	EU551202 Mock.3_1364	EU551202
L	2548	579	*	*	*	*	*	HQ608125	*
H	2548	82	96.3	+	0	0	8I56MI26M488I	FJ196614 Mock.1_25367	HQ608125
L	1914	2305	*	*	*	*	*	FJ430772	*
H	1914	101	99.0	+	0	0	1762I101M442I	FJ430772 Mock.1_20387	FJ430772
L	16561	1547	*	*	*	*	*	HM534894	*
H	16561	82	100.0	+	0	0	109I82M1356I	FJ466715 Mock.2_4938	HM534894
L	31481	617	*	*	*	*	*	DQ132818	*
H	31481	101	97.0	+	0	0	61I101M455I	FJ552897 Mock.3_14077	DQ132818
L	26077	2279	*	*	*	*	*	FJ439575	*
H	26077	79	100.0	+	0	0	1712I68MI11M487I	FJ553653 Mock.3_79206	FJ439575
L	6254	583	*	*	*	*	*	GU721833	*
H	6254	85	97.6	+	0	0	22I85M476I	FJ760777 Mock.3_148090	GU721833
L	8263	566	*	*	*	*	*	JF432968	*
H	8263	89	96.6	+	0	0	89M477I	FJ760911 Mock.3_25039	JF432968
L	19843	705	*	*	*	*	*	AM410602	*
H	19843	83	100.0	+	0	0	137I69MI14M484I	FJ777353 Mock.1_1325	AM410602
L	34171	700	*	*	*	*	*	FM177661	*
H	34171	101	100.0	+	0	0	176I101M423I	FM177661 Mock.1_3223	FM177661
L	28830	297	*	*	*	*	*	FN562059	*
H	28830	101	100.0	+	0	0	21I101M175I	FN562059 Mock.3_65061	FN562059
L	17521	716	*	*	*	*	*	FN548146	*
H	17521	101	98.0	+	0	0	111I87MI14M503I	FR799498 Mock.1_11398	FN548146
L	37641	626	*	*	*	*	*	JF439501	*
H	37641	86	98.8	+	0	0	22I86M518I	FR799499 Mock.1_101835	JF439501
L	37038	914	*	*	*	*	*	GQ229082	*
H	37038	101	100.0	+	0	0	133I101M680I	GQ229082 Mock.2_477	GQ229082
L	20885	743	*	*	*	*	*	GQ376077	*
H	20885	101	100.0	+	0	0	8I101M634I	GQ376077 Mock.3_9	GQ376077
L	19840	584	*	*	*	*	*	GU721258	*
H	19840	86	97.7	+	0	0	22I86M476I	GQ379907 Mock.1_15015	GU721258
L	36633	987	*	*	*	*	*	FR799498	*
H	36633	80	100.0	+	0	0	23I80M884I	GQ458026 Mock.2_14347	FR799498
L	20142	822	*	*	*	*	*	JQ247368	*
H	20142	81	98.8	+	0	0	87I81M654I	GQ851780 Mock.2_10125	JQ247368
H	31481	101	98.0	+	0	0	61I101M455I	GQ999201 Mock.2_21	DQ132818
L	14278	632	*	*	*	*	*	GU054037	*
H	14278	101	99.0	+	0	0	5I101M526I	GU054037 Mock.3_56	GU054037
L	54504	1158	*	*	*	*	*	JF449870	*
H	54504	79	93.7	+	0	0	51M2D8MI18M1080I	GU187850 Mock.3_31596	JF449870
L	37414	682	*	*	*	*	*	JF735259	*
H	37414	80	98.8	+	0	0	103I80M499I	GU187857 Mock.1_120194	JF735259
L	33450	602	*	*	*	*	*	GU187864	*
H	33450	101	97.0	+	0	0	101M501I	GU187864 Mock.3_107013	GU187864
L	47647	604	*	*	*	*	*	GU370744	*
H	47647	101	98.0	+	0	0	24I101M479I	GU370744 Mock.3_25	GU370744
L	21708	537	*	*	*	*	*	GQ999151	*
H	21708	101	97.0	+	0	0	5I87MI14M430I	GU565140 Mock.1_89680	GQ999151
H	23096	96	99.0	+	0	0	9I96M468I	GU566244 Mock.2_51949	EU551202
L	25941	620	*	*	*	*	*	HQ630976	*
H	25941	85	98.8	+	0	0	57I85M478I	GU721258 Mock.3_1197	HQ630976
H	31481	96	99.0	+	0	0	61I96M460I	GU934594 Mock.3_463	DQ132818
L	44023	453	*	*	*	*	*	HM037662	*
H	44023	101	100.0	+	0	0	22I101M330I	HM037662 Mock.3_0	HM037662
L	32278	637	*	*	*	*	*	AB236001	*
H	32278	101	95.0	+	0	0	111I83M2D16M427I	HM069364 Mock.1_3563	AB236001
L	37948	699	*	*	*	*	*	HM069350	*
H	37948	101	99.0	+	0	0	115I90MI11M482I	HM069479 Mock.2_29206	HM069350
L	47945	395	*	*	*	*	*	HQ115737	*
H	47945	101	100.0	+	0	0	15I101M279I	HQ115737 Mock.1_42	HQ115737
H	31481	101	96.0	+	0	0	61I101M455I	HQ124706 Mock.3_16003	DQ132818
L	46672	1150	*	*	*	*	*	HQ589260	*
H	46672	101	98.0	+	0	0	250I101M799I	HQ589260 Mock.3_336	HQ589260
L	26990	2917	*	*	*	*	*	GQ458026	*
H	26990	101	98.0	+	0	0	1716I88MI13M1099I	HQ827787 Mock.3_25286	GQ458026
H	19843	101	99.0	+	0	0	137I101M467I	JF262912 Mock.3_93865	AM410602
L	36632	583	*	*	*	*	*	FR799499	*
H	36632	87	100.0	+	0	0	24I87M472I	JF439501 Mock.1_19099	FR799499
L	52265	1629	*	*	*	*	*	EU490021	*
H	52265	84	100.0	+	0	0	127I84M1418I	JF449887 Mock.2_32544	EU490021
L	45309	674	*	*	*	*	*	JF715197	*
H	45309	101	99.0	+	0	0	189I101M384I	JF715197 Mock.3_4	JF715197
L	26992	2991	*	*	*	*	*	GQ458025	*
H	26992	101	100.0	+	0	0	1736I101M1154I	JF720033 Mock.1_3	GQ458025
L	50326	586	*	*	*	*	*	DQ680681	*
H	50326	101	95.0	+	0	0	227I101M258I	JF907594 Mock.3_41	DQ680681
L	30008	852	*	*	*	*	*	FJ553819	*
H	30008	85	96.5	+	0	0	313I85M454I	JF933755 Mock.3_4506	FJ553819
H	50082	101	100.0	+	0	0	22I101M144I	JN905480 Mock.1_57	JN905480
H	19840	77	100.0	+	0	0	22I77M485I	JN905595 Mock.3_33141	GU721258
L	27640	272	*	*	*	*	*	GQ524284	*
H	27640	83	100.0	+	0	0	22I83M167I	JQ912669 Mock.2_20239	GQ524284
L	20345	721	*	*	*	*	*	AM279465	*
H	20345	101	84.2	+	0	0	16D85M636I	New.ReferenceOTU0 Mock.2_38342	AM279465
L	52507	605	*	*	*	*	*	DQ683112	*
H	52507	101	94.1	+	0	0	245I101M259I	New.ReferenceOTU1 Mock.1_4514	DQ683112
H	52507	101	93.1	+	0	0	245I101M259I	New.ReferenceOTU2 Mock.1_17201	DQ683112
H	10962	101	95.0	+	0	0	314I101M262I	New.ReferenceOTU3 Mock.3_140076	DQ683114
H	50326	96	93.8	+	0	0	227I96M263I	New.ReferenceOTU4 Mock.2_21889	DQ680681
H	10962	101	96.0	+	0	0	314I101M262I	New.ReferenceOTU5 Mock.3_13474	DQ683114
L	10493	368	*	*	*	*	*	DQ667968	*
H	10493	101	88.1	+	0	0	5I101M262I	New.CleanUp.ReferenceOTU1 Mock.3_31273	DQ667968
H	47647	101	95.0	+	0	0	24I101M479I	New.CleanUp.ReferenceOTU10 Mock.2_23568	GU370744
H	50326	88	89.8	+	0	0	227I88M271I	New.CleanUp.ReferenceOTU102 Mock.1_20160	DQ680681
H	29538	101	91.1	+	0	0	101I101M401I	New.CleanUp.ReferenceOTU109 Mock.2_103418	DQ674351
H	46672	85	92.9	+	0	0	386I85M679I	New.CleanUp.ReferenceOTU116 Mock.3_149153	HQ589260
H	46672	101	95.0	+	0	0	250I101M799I	New.CleanUp.ReferenceOTU118 Mock.2_14440	HQ589260
H	47647	101	95.0	+	0	0	24I101M479I	New.CleanUp.ReferenceOTU132 Mock.1_37935	GU370744
H	10962	97	95.9	+	0	0	314I97M266I	New.CleanUp.ReferenceOTU136 Mock.1_37244	DQ683114
H	10962	101	95.0	+	0	0	314I101M262I	New.CleanUp.ReferenceOTU140 Mock.1_148727	DQ683114
H	52507	101	90.1	+	0	0	245I101M259I	New.CleanUp.ReferenceOTU142 Mock.3_149543	DQ683112
H	50376	96	95.8	+	0	0	12I96M327I	New.CleanUp.ReferenceOTU145 Mock.2_16180	EF199746
H	44023	97	94.8	+	0	0	22I97M334I	New.CleanUp.ReferenceOTU154 Mock.3_62959	HM037662
H	10962	101	92.1	+	0	0	314I101M262I	New.CleanUp.ReferenceOTU157 Mock.3_24621	DQ683114
H	52507	90	93.3	+	0	0	245I90M270I	New.CleanUp.ReferenceOTU160 Mock.3_80051	DQ683112
H	45309	93	96.8	+	0	0	189I93M392I	New.CleanUp.ReferenceOTU165 Mock.1_23154	JF715197
H	32278	101	94.1	+	0	0	111I83M2D16M427I	New.CleanUp.ReferenceOTU167 Mock.2_314	AB236001
H	44023	97	93.8	+	0	0	22I97M334I	New.CleanUp.ReferenceOTU174 Mock.1_141388	HM037662
H	10962	101	96.0	+	0	0	314I101M262I	New.CleanUp.ReferenceOTU178 Mock.2_150196	DQ683114
H	45309	94	96.8	+	0	0	190I94M390I	New.CleanUp.ReferenceOTU179 Mock.1_150760	JF715197
L	53696	577	*	*	*	*	*	HQ850354	*
H	53696	101	95.0	+	0	0	10I101M466I	New.CleanUp.ReferenceOTU180 Mock.1_78557	HQ850354
H	45601	92	93.5	+	0	0	118I92M320I	New.CleanUp.ReferenceOTU196 Mock.3_50457	AF157596
H	45309	93	96.8	+	0	0	189I93M392I	New.CleanUp.ReferenceOTU199 Mock.1_50570	JF715197
H	46672	93	96.8	+	0	0	250I93M807I	New.CleanUp.ReferenceOTU201 Mock.3_139183	HQ589260
H	50376	90	96.7	+	0	0	12I90M333I	New.CleanUp.ReferenceOTU202 Mock.2_124679	EF199746
H	14278	94	95.7	+	0	0	5I94M533I	New.CleanUp.ReferenceOTU204 Mock.2_149378	GU054037
H	10962	101	94.1	+	0	0	314I101M262I	New.CleanUp.ReferenceOTU205 Mock.3_26145	DQ683114
H	46672	96	96.9	+	0	0	250I96M804I	New.CleanUp.ReferenceOTU206 Mock.2_32253	HQ589260
H	50326	101	93.1	+	0	0	227I101M258I	New.CleanUp.ReferenceOTU209 Mock.3_29050	DQ680681
H	47647	91	96.7	+	0	0	24I91M489I	New.CleanUp.ReferenceOTU210 Mock.3_66685	GU370744
H	50326	101	92.1	+	0	0	227I101M258I	New.CleanUp.ReferenceOTU215 Mock.3_47471	DQ680681
H	47647	101	96.0	+	0	0	24I101M479I	New.CleanUp.ReferenceOTU229 Mock.2_23991	GU370744
H	52507	101	90.1	+	0	0	245I101M259I	New.CleanUp.ReferenceOTU231 Mock.1_27133	DQ683112
H	44023	101	96.0	+	0	0	22I101M330I	New.CleanUp.ReferenceOTU232 Mock.1_123965	HM037662
H	50376	77	96.1	+	0	0	12I77M346I	New.CleanUp.ReferenceOTU236 Mock.2_126285	EF199746
H	45309	96	95.8	+	0	0	189I96M389I	New.CleanUp.ReferenceOTU237 Mock.2_146273	JF715197
H	31481	101	95.0	+	0	0	61I101M455I	New.CleanUp.ReferenceOTU245 Mock.1_20956	DQ132818
H	45309	101	96.0	+	0	0	189I101M384I	New.CleanUp.ReferenceOTU246 Mock.2_80422	JF715197
H	45309	89	96.6	+	0	0	189I89M396I	New.CleanUp.ReferenceOTU249 Mock.2_48073	JF715197
H	50376	97	96.9	+	0	0	12I97M326I	New.CleanUp.ReferenceOTU250 Mock.2_87488	EF199746
H	45309	89	96.6	+	0	0	189I89M396I	New.CleanUp.ReferenceOTU253 Mock.2_150387	JF715197
L	4354	2864	*	*	*	*	*	GQ458034	*
H	4354	97	83.5	+	0	0	12D61MI24M2778I	New.CleanUp.ReferenceOTU257 Mock.3_65298	GQ458034
H	45309	101	96.0	+	0	0	189I101M384I	New.CleanUp.ReferenceOTU266 Mock.1_75156	JF715197
H	23096	101	96.0	+	0	0	9I101M463I	New.CleanUp.ReferenceOTU270 Mock.2_127141	EU551202
H	23096	97	96.9	+	0	0	9I97M467I	New.CleanUp.ReferenceOTU282 Mock.1_1366	EU551202
H	45309	101	96.0	+	0	0	189I101M384I	New.CleanUp.ReferenceOTU308 Mock.1_1802	JF715197
H	44023	101	96.0	+	0	0	22I101M330I	New.CleanUp.ReferenceOTU309 Mock.1_32579	HM037662
H	14278	85	96.5	+	0	0	5I85M542I	New.CleanUp.ReferenceOTU310 Mock.3_65215	GU054037
H	47945	97	96.9	+	0	0	15I97M283I	New.CleanUp.ReferenceOTU322 Mock.3_23665	HQ115737
H	50082	91	96.7	+	0	0	22I91M154I	New.CleanUp.ReferenceOTU323 Mock.1_119625	JN905480
H	50326	101	92.1	+	0	0	227I101M258I	New.CleanUp.ReferenceOTU326 Mock.3_144997	DQ680681
H	47647	101	96.0	+	0	0	24I101M479I	New.CleanUp.ReferenceOTU327 Mock.3_99092	GU370744
H	14278	82	96.3	+	0	0	5I82M545I	New.CleanUp.ReferenceOTU336 Mock.3_79410	GU054037
H	26992	101	96.0	+	0	0	1736I101M1154I	New.CleanUp.ReferenceOTU337 Mock.3_145052	GQ458025
H	46672	96	96.9	+	0	0	250I96M804I	New.CleanUp.ReferenceOTU340 Mock.3_90462	HQ589260
H	10493	97	91.8	+	0	0	5I97M266I	New.CleanUp.ReferenceOTU354 Mock.2_65750	DQ667968
L	26121	642	*	*	*	*	*	GQ851780	*
H	26121	84	96.4	+	0	0	5I84M553I	New.CleanUp.ReferenceOTU36 Mock.1_109502	GQ851780
H	46672	89	95.5	+	0	0	250I89M811I	New.CleanUp.ReferenceOTU363 Mock.3_19916	HQ589260
H	14278	101	95.0	+	0	0	5I101M526I	New.CleanUp.ReferenceOTU371 Mock.1_33365	GU054037
H	46672	101	95.0	+	0	0	250I101M799I	New.CleanUp.ReferenceOTU373 Mock.3_76319	HQ589260
H	50326	101	92.1	+	0	0	227I101M258I	New.CleanUp.ReferenceOTU376 Mock.3_35061	DQ680681
H	47647	96	95.8	+	0	0	24I96M484I	New.CleanUp.ReferenceOTU379 Mock.1_24344	GU370744
L	2667	1083	*	*	*	*	*	AY271809	*
H	2667	89	93.3	+	0	0	247I89M747I	New.CleanUp.ReferenceOTU38 Mock.2_73658	AY271809
H	46672	101	96.0	+	0	0	250I101M799I	New.CleanUp.ReferenceOTU380 Mock.3_42725	HQ589260
L	20346	690	*	*	*	*	*	AM279464	*
H	20346	101	84.2	+	0	0	16D85M605I	New.CleanUp.ReferenceOTU395 Mock.1_74	AM279464
H	14278	101	96.0	+	0	0	5I101M526I	New.CleanUp.ReferenceOTU40 Mock.2_112899	GU054037
H	45309	90	96.7	+	0	0	189I90M395I	New.CleanUp.ReferenceOTU413 Mock.2_371	JF715197
H	46672	101	91.1	+	0	0	386I101M663I	New.CleanUp.ReferenceOTU42 Mock.3_36198	HQ589260
H	47647	101	96.0	+	0	0	24I101M479I	New.CleanUp.ReferenceOTU424 Mock.3_102064	GU370744
H	47647	101	94.1	+	0	0	24I101M479I	New.CleanUp.ReferenceOTU425 Mock.1_151312	GU370744
H	47647	101	96.0	+	0	0	24I101M479I	New.CleanUp.ReferenceOTU426 Mock.1_53460	GU370744
H	14278	101	95.0	+	0	0	5I101M526I	New.CleanUp.ReferenceOTU43 Mock.1_23081	GU054037
L	51900	616	*	*	*	*	*	HQ832978	*
H	51900	91	93.4	+	0	0	10I91M515I	New.CleanUp.ReferenceOTU438 Mock.1_23990	HQ832978
H	19843	79	96.2	+	0	0	137I79M489I	New.CleanUp.ReferenceOTU443 Mock.2_73927	AM410602
H	46672	96	96.9	+	0	0	250I96M804I	New.CleanUp.ReferenceOTU47 Mock.3_147010	HQ589260
H	31481	97	95.9	+	0	0	61I97M459I	New.CleanUp.ReferenceOTU49 Mock.3_52885	DQ132818
H	19843	89	96.6	+	0	0	137I89M479I	New.CleanUp.ReferenceOTU6 Mock.2_150072	AM410602
H	14278	89	96.6	+	0	0	5I89M538I	New.CleanUp.ReferenceOTU61 Mock.3_147233	GU054037
H	45309	101	96.0	+	0	0	189I101M384I	New.CleanUp.ReferenceOTU63 Mock.1_4705	JF715197
H	46672	92	96.7	+	0	0	250I92M808I	New.CleanUp.ReferenceOTU64 Mock.2_151030	HQ589260
H	29538	96	95.8	+	0	0	101I96M406I	New.CleanUp.ReferenceOTU71 Mock.3_151410	DQ674351
H	44023	92	96.7	+	0	0	22I92M339I	New.CleanUp.ReferenceOTU79 Mock.3_72672	HM037662
H	44023	101	94.1	+	0	0	22I101M330I	New.CleanUp.ReferenceOTU89 Mock.1_76828	HM037662
H	31481	101	95.0	+	0	0	61I101M455I	New.CleanUp.ReferenceOTU9 Mock.3_68650	DQ132818
H	50326	101	95.0	+	0	0	227I101M258I	New.CleanUp.ReferenceOTU97 Mock.1_146439	DQ680681
D	1914	2	*	*	*	*	99.0	FJ430772	*
D	2548	2	*	*	*	*	96.3	HQ608125	*
D	2667	2	*	*	*	*	93.3	AY271809	*
D	4354	2	*	*	*	*	83.5	GQ458034	*
D	6254	2	*	*	*	*	97.6	GU721833	*
D	8263	2	*	*	*	*	96.6	JF432968	*
D	9213	2	*	*	*	*	100.0	DQ683006	*
D	10493	3	*	*	*	*	89.9	DQ667968	*
D	10962	9	*	*	*	*	95.2	DQ683114	*
D	12256	2	*	*	*	*	100.0	HQ832818	*
D	14278	9	*	*	*	*	96.3	GU054037	*
D	16561	2	*	*	*	*	100.0	HM534894	*
D	17521	2	*	*	*	*	98.0	FN548146	*
D	19840	3	*	*	*	*	98.8	GU721258	*
D	19843	5	*	*	*	*	98.0	AM410602	*
D	20142	2	*	*	*	*	98.8	JQ247368	*
D	20345	2	*	*	*	*	84.2	AM279465	*
D	20346	2	*	*	*	*	84.2	AM279464	*
D	20885	2	*	*	*	*	100.0	GQ376077	*
D	20892	2	*	*	*	*	100.0	FN562058	*
D	21708	2	*	*	*	*	97.0	GQ999151	*
D	23096	5	*	*	*	*	98.0	EU551202	*
D	25941	2	*	*	*	*	98.8	HQ630976	*
D	26077	2	*	*	*	*	100.0	FJ439575	*
D	26121	2	*	*	*	*	96.4	GQ851780	*
D	26990	2	*	*	*	*	98.0	GQ458026	*
D	26992	3	*	*	*	*	98.0	GQ458025	*
D	27640	2	*	*	*	*	100.0	GQ524284	*
D	28830	2	*	*	*	*	100.0	FN562059	*
D	29538	4	*	*	*	*	95.3	DQ674351	*
D	30008	2	*	*	*	*	96.5	FJ553819	*
D	31481	8	*	*	*	*	96.6	DQ132818	*
D	32278	3	*	*	*	*	94.6	AB236001	*
D	33450	2	*	*	*	*	97.0	GU187864	*
D	34171	2	*	*	*	*	100.0	FM177661	*
D	36632	2	*	*	*	*	100.0	FR799499	*
D	36633	2	*	*	*	*	100.0	FR799498	*
D	37038	2	*	*	*	*	100.0	GQ229082	*
D	37414	2	*	*	*	*	98.8	JF735259	*
D	37641	2	*	*	*	*	98.8	JF439501	*
D	37948	2	*	*	*	*	99.0	HM069350	*
D	43002	2	*	*	*	*	100.0	FJ582636	*
D	44023	8	*	*	*	*	95.9	HM037662	*
D	45309	13	*	*	*	*	96.6	JF715197	*
D	45601	3	*	*	*	*	95.3	AF157596	*
D	46672	13	*	*	*	*	95.7	HQ589260	*
D	47647	11	*	*	*	*	95.9	GU370744	*
D	47945	3	*	*	*	*	98.5	HQ115737	*
D	48205	2	*	*	*	*	96.7	JQ665427	*
D	50082	4	*	*	*	*	98.6	JN905480	*
D	50326	9	*	*	*	*	92.9	DQ680681	*
D	50376	6	*	*	*	*	96.9	EF199746	*
D	51900	2	*	*	*	*	93.4	HQ832978	*
D	52265	2	*	*	*	*	100.0	EU490021	*
D	52507	6	*	*	*	*	92.1	DQ683112	*
D	53696	2	*	*	*	*	95.0	HQ850354	*
D	54504	2	*	*	*	*	93.7	JF449870	*
