UclustConsensusTaxonAssigner parameters:
id_to_taxonomy_filepath:/Users/nbokulich/Desktop/projects/short-read-tax-assignment/data/novel-taxa-simulations/F1-REF-L2-iter1/ref_taxa.tsv
id_to_taxonomy_fp:/Users/nbokulich/Desktop/projects/short-read-tax-assignment/data/novel-taxa-simulations/F1-REF-L2-iter1/ref_taxa.tsv
max_accepts:3
min_consensus_fraction:0.76
reference_sequences_fp:/Users/nbokulich/Desktop/projects/short-read-tax-assignment/data/novel-taxa-simulations/F1-REF-L2-iter1/ref_seqs.fasta
similarity:0.9
unassignable_label:Unassigned
Result path: /var/folders/0t/l1dz88p50y91vx_22fx5w3780000gn/T/assign-taxCMPDbb

.uc file contents:

# uclust --input /Users/nbokulich/Desktop/projects/short-read-tax-assignment/data/novel-taxa-simulations/F1-REF-L2-iter1/query.fasta --id 0.9 --rev --maxaccepts 3 --allhits --libonly --lib /Users/nbokulich/Desktop/projects/short-read-tax-assignment/data/novel-taxa-simulations/F1-REF-L2-iter1/ref_seqs.fasta --uc /var/folders/0t/l1dz88p50y91vx_22fx5w3780000gn/T/UclustConsensusTaxonAssigner_xKoPwP.uc
# version=1.2.22
# Tab-separated fields:
# 1=Type, 2=ClusterNr, 3=SeqLength or ClusterSize, 4=PctId, 5=Strand, 6=QueryStart, 7=SeedStart, 8=Alignment, 9=QueryLabel, 10=TargetLabel
# Record types (field 1): L=LibSeed, S=NewSeed, H=Hit, R=Reject, D=LibCluster, C=NewCluster, N=NoHit
# For C and D types, PctId is average id with seed.
# QueryStart and SeedStart are zero-based relative to start of sequence.
# If minus strand, SeedStart is relative to reverse-complemented seed.
N	*	179	*	*	*	*	*	DQ530224	*
N	*	144	*	*	*	*	*	DQ521585	*
N	*	222	*	*	*	*	*	AF116177	*
N	*	250	*	*	*	*	*	DQ536501	*
N	*	250	*	*	*	*	*	AB054041	*
N	*	205	*	*	*	*	*	AF444634	*
N	*	227	*	*	*	*	*	EF445991	*
L	6961	150	*	*	*	*	*	EU573353	*
H	6961	148	93.9	+	0	0	4I9M2D27MI19MD90M	AB054050	EU573353
L	6760	250	*	*	*	*	*	EU118643	*
H	6760	250	100.0	+	0	0	250M	AF506435	EU118643
L	3155	250	*	*	*	*	*	AF506433	*
H	3155	250	100.0	+	0	0	250M	AF506435	AF506433
L	4620	250	*	*	*	*	*	DQ389662	*
H	4620	250	99.6	+	0	0	250M	AF506435	DQ389662
N	*	172	*	*	*	*	*	AF444643	*
D	3155	2	*	*	*	*	100.0	AF506433	*
D	6961	2	*	*	*	*	93.9	EU573353	*
