UclustConsensusTaxonAssigner parameters:
id_to_taxonomy_filepath:/Users/nbokulich/Desktop/ref_dbs/gg_13_8_otus/taxonomy/99_otu_taxonomy.txt
id_to_taxonomy_fp:/Users/nbokulich/Desktop/ref_dbs/gg_13_8_otus/taxonomy/99_otu_taxonomy.txt
max_accepts:3
min_consensus_fraction:1.0
reference_sequences_fp:/Users/nbokulich/Desktop/ref_dbs/gg_13_8_otus/rep_set/99_otus/dna-sequences.fasta
similarity:0.9
unassignable_label:Unassigned
Result path: /var/folders/0t/l1dz88p50y91vx_22fx5w3780000gn/T/assign-taxfYJVa3

.uc file contents:

# uclust --input /Users/nbokulich/Desktop/projects/short-read-tax-assignment/data/mock-community/mock-16/rep_seqs.fna --id 0.9 --rev --maxaccepts 3 --allhits --libonly --lib /Users/nbokulich/Desktop/ref_dbs/gg_13_8_otus/rep_set/99_otus/dna-sequences.fasta --uc /var/folders/0t/l1dz88p50y91vx_22fx5w3780000gn/T/UclustConsensusTaxonAssigner_sstx55.uc
# version=1.2.22
# Tab-separated fields:
# 1=Type, 2=ClusterNr, 3=SeqLength or ClusterSize, 4=PctId, 5=Strand, 6=QueryStart, 7=SeedStart, 8=Alignment, 9=QueryLabel, 10=TargetLabel
# Record types (field 1): L=LibSeed, S=NewSeed, H=Hit, R=Reject, D=LibCluster, C=NewCluster, N=NoHit
# For C and D types, PctId is average id with seed.
# QueryStart and SeedStart are zero-based relative to start of sequence.
# If minus strand, SeedStart is relative to reverse-complemented seed.
L	112783	250	*	*	*	*	*	748654	*
H	112783	212	100.0	+	0	0	212M38I	93fd39c3299afa32c82e79f82f07e59e	748654
L	113026	250	*	*	*	*	*	1524986	*
H	113026	212	100.0	+	0	0	212M38I	93fd39c3299afa32c82e79f82f07e59e	1524986
L	113129	250	*	*	*	*	*	1531100	*
H	113129	212	100.0	+	0	0	212M38I	93fd39c3299afa32c82e79f82f07e59e	1531100
L	144238	250	*	*	*	*	*	3341679	*
H	144238	212	100.0	+	0	0	212M38I	03207fe732020d4668a9dce2b822c692	3341679
L	4179	250	*	*	*	*	*	985663	*
H	4179	212	99.5	+	0	0	212M38I	03207fe732020d4668a9dce2b822c692	985663
L	21334	250	*	*	*	*	*	578951	*
H	21334	212	99.5	+	0	0	212M38I	03207fe732020d4668a9dce2b822c692	578951
L	69046	250	*	*	*	*	*	257042	*
H	69046	212	100.0	+	0	0	212M38I	e9acf1ed99dfc02086b17c31d3263a35	257042
L	98088	250	*	*	*	*	*	135925	*
H	98088	212	100.0	+	0	0	212M38I	e9acf1ed99dfc02086b17c31d3263a35	135925
L	90949	250	*	*	*	*	*	164464	*
H	90949	212	100.0	+	0	0	212M38I	e9acf1ed99dfc02086b17c31d3263a35	164464
L	104389	250	*	*	*	*	*	90335	*
H	104389	212	100.0	+	0	0	212M38I	17df3c0f14ccd9567caf88e930457354	90335
L	158385	250	*	*	*	*	*	4192711	*
H	158385	212	100.0	+	0	0	212M38I	17df3c0f14ccd9567caf88e930457354	4192711
L	104449	250	*	*	*	*	*	89681	*
H	104449	212	100.0	+	0	0	212M38I	17df3c0f14ccd9567caf88e930457354	89681
L	141786	250	*	*	*	*	*	1115193	*
H	141786	212	100.0	+	0	0	212M38I	431569cf382e0e62c8d193ab05b7938e	1115193
L	190028	250	*	*	*	*	*	4443812	*
H	190028	212	98.6	+	0	0	212M38I	431569cf382e0e62c8d193ab05b7938e	4443812
L	24117	250	*	*	*	*	*	567421	*
H	24117	212	100.0	+	0	0	212M38I	431569cf382e0e62c8d193ab05b7938e	567421
L	200675	250	*	*	*	*	*	755	*
H	200675	212	100.0	+	0	0	212M38I	29437f8cdf42cbfcaf329d281b085353	755
L	198475	250	*	*	*	*	*	577361	*
H	198475	212	98.6	+	0	0	212M38I	29437f8cdf42cbfcaf329d281b085353	577361
L	199269	250	*	*	*	*	*	279120	*
H	199269	212	96.7	+	0	0	212M38I	29437f8cdf42cbfcaf329d281b085353	279120
L	62891	250	*	*	*	*	*	277903	*
H	62891	212	100.0	+	0	0	212M38I	0fc72dc59e18739acf7501e563e1fb29	277903
L	167792	250	*	*	*	*	*	4331023	*
H	167792	212	100.0	+	0	0	212M38I	0fc72dc59e18739acf7501e563e1fb29	4331023
L	23678	250	*	*	*	*	*	569286	*
H	23678	212	100.0	+	0	0	212M38I	0fc72dc59e18739acf7501e563e1fb29	569286
L	199544	250	*	*	*	*	*	222407	*
H	199544	212	99.5	+	0	0	212M38I	55caf08648248d6474dc75c2d53cea3e	222407
L	200865	250	*	*	*	*	*	1706861	*
H	200865	212	99.1	+	0	0	212M38I	55caf08648248d6474dc75c2d53cea3e	1706861
L	199566	250	*	*	*	*	*	213180	*
H	199566	212	95.8	+	0	0	212M38I	55caf08648248d6474dc75c2d53cea3e	213180
L	201954	250	*	*	*	*	*	1141344	*
H	201954	212	100.0	+	0	0	212M38I	38384d796792d09002128af8013ec211	1141344
L	201350	250	*	*	*	*	*	688488	*
H	201350	212	99.5	+	0	0	212M38I	38384d796792d09002128af8013ec211	688488
L	199786	250	*	*	*	*	*	178974	*
H	199786	212	99.1	+	0	0	212M38I	38384d796792d09002128af8013ec211	178974
L	108794	250	*	*	*	*	*	29654	*
H	108794	212	100.0	+	0	0	212M38I	938bbf5a8d1a8811fb4f2faff887bb23	29654
L	152377	250	*	*	*	*	*	3835597	*
H	152377	212	100.0	+	0	0	212M38I	938bbf5a8d1a8811fb4f2faff887bb23	3835597
L	106175	250	*	*	*	*	*	70561	*
H	106175	212	100.0	+	0	0	212M38I	938bbf5a8d1a8811fb4f2faff887bb23	70561
L	21862	250	*	*	*	*	*	576765	*
H	21862	212	100.0	+	0	0	212M38I	8f203baca6baf4be086f301a8b1433f2	576765
L	116272	250	*	*	*	*	*	1117018	*
H	116272	212	100.0	+	0	0	212M38I	8f203baca6baf4be086f301a8b1433f2	1117018
L	12719	250	*	*	*	*	*	760349	*
H	12719	212	100.0	+	0	0	212M38I	8f203baca6baf4be086f301a8b1433f2	760349
L	133521	250	*	*	*	*	*	1121701	*
H	133521	212	100.0	+	0	0	212M38I	b3669d2447b6fbe549d6169475cd50bf	1121701
L	93713	250	*	*	*	*	*	152825	*
H	93713	212	100.0	+	0	0	212M38I	b3669d2447b6fbe549d6169475cd50bf	152825
L	75572	250	*	*	*	*	*	227324	*
H	75572	212	100.0	+	0	0	212M38I	b3669d2447b6fbe549d6169475cd50bf	227324
L	202461	250	*	*	*	*	*	4375425	*
H	202461	212	100.0	+	0	0	212M38I	b990a4119681b986ebe28def295cc6b2	4375425
L	200673	250	*	*	*	*	*	766	*
H	200673	212	100.0	+	0	0	212M38I	b990a4119681b986ebe28def295cc6b2	766
L	198081	250	*	*	*	*	*	915156	*
H	198081	212	100.0	+	0	0	212M38I	b990a4119681b986ebe28def295cc6b2	915156
N	*	212	*	*	*	*	*	c8b323be53b4437054b5989696240e73	*
H	201954	212	99.5	+	0	0	212M38I	858869d428292c5365024e663d735ef4	1141344
H	201350	212	99.5	+	0	0	212M38I	858869d428292c5365024e663d735ef4	688488
H	199786	212	99.5	+	0	0	212M38I	858869d428292c5365024e663d735ef4	178974
L	163683	250	*	*	*	*	*	4310838	*
H	163683	212	100.0	+	0	0	212M38I	bdacad880b5edae6c8a86e20ddccfbff	4310838
L	15781	250	*	*	*	*	*	650021	*
H	15781	212	100.0	+	0	0	212M38I	bdacad880b5edae6c8a86e20ddccfbff	650021
L	190129	250	*	*	*	*	*	4444348	*
H	190129	212	100.0	+	0	0	212M38I	bdacad880b5edae6c8a86e20ddccfbff	4444348
L	117748	250	*	*	*	*	*	1796774	*
H	117748	212	100.0	+	0	0	212M38I	73d63c2a39a1bda29e0fb871777b1305	1796774
L	46237	250	*	*	*	*	*	347944	*
H	46237	212	99.1	+	0	0	212M38I	73d63c2a39a1bda29e0fb871777b1305	347944
L	70976	250	*	*	*	*	*	249129	*
H	70976	212	99.1	+	0	0	212M38I	73d63c2a39a1bda29e0fb871777b1305	249129
L	125544	250	*	*	*	*	*	851783	*
H	125544	212	100.0	+	0	0	212M38I	36fc3ee38cf8f6337d1ce27b22df0c09	851783
L	112061	250	*	*	*	*	*	3940	*
H	112061	212	99.5	+	0	0	212M38I	36fc3ee38cf8f6337d1ce27b22df0c09	3940
L	161779	250	*	*	*	*	*	4302067	*
H	161779	212	99.5	+	0	0	212M38I	36fc3ee38cf8f6337d1ce27b22df0c09	4302067
L	100522	250	*	*	*	*	*	111553	*
H	100522	212	100.0	+	0	0	212M38I	139ab7dbf8bec4010a477fe09abc8033	111553
L	106681	250	*	*	*	*	*	62972	*
H	106681	212	100.0	+	0	0	212M38I	139ab7dbf8bec4010a477fe09abc8033	62972
L	163332	250	*	*	*	*	*	4309118	*
H	163332	212	100.0	+	0	0	212M38I	139ab7dbf8bec4010a477fe09abc8033	4309118
L	75019	250	*	*	*	*	*	231127	*
H	75019	212	100.0	+	0	0	212M38I	e26a82762a9e05b3e9738d621011bdf9	231127
L	169091	250	*	*	*	*	*	4337455	*
H	169091	212	100.0	+	0	0	212M38I	e26a82762a9e05b3e9738d621011bdf9	4337455
L	98937	250	*	*	*	*	*	129026	*
H	98937	212	100.0	+	0	0	212M38I	e26a82762a9e05b3e9738d621011bdf9	129026
L	71994	250	*	*	*	*	*	244957	*
H	71994	212	100.0	+	0	0	212M38I	c352d70fb42511e60bb8844f0985d76b	244957
L	167299	250	*	*	*	*	*	4328306	*
H	167299	212	99.5	+	0	0	212M38I	c352d70fb42511e60bb8844f0985d76b	4328306
L	136	250	*	*	*	*	*	1110974	*
H	136	212	99.1	+	0	0	212M38I	c352d70fb42511e60bb8844f0985d76b	1110974
L	95847	250	*	*	*	*	*	143806	*
H	95847	212	100.0	+	0	0	212M38I	a670085bad8e93f47a624fc49913e0c7	143806
L	98706	250	*	*	*	*	*	131048	*
H	98706	212	100.0	+	0	0	212M38I	a670085bad8e93f47a624fc49913e0c7	131048
L	112284	250	*	*	*	*	*	2695	*
H	112284	212	100.0	+	0	0	212M38I	a670085bad8e93f47a624fc49913e0c7	2695
L	78194	250	*	*	*	*	*	214423	*
H	78194	212	100.0	+	0	0	212M38I	fd29a73e778c6182e01ef9547c93594c	214423
L	171036	250	*	*	*	*	*	4347534	*
H	171036	212	100.0	+	0	0	212M38I	fd29a73e778c6182e01ef9547c93594c	4347534
L	127341	250	*	*	*	*	*	1107215	*
H	127341	212	100.0	+	0	0	212M38I	fd29a73e778c6182e01ef9547c93594c	1107215
L	171809	250	*	*	*	*	*	4351303	*
H	171809	212	100.0	+	0	0	212M38I	9ebe22ad291364c6746ab84baf6848a7	4351303
L	164398	250	*	*	*	*	*	4314362	*
H	164398	212	100.0	+	0	0	212M38I	9ebe22ad291364c6746ab84baf6848a7	4314362
L	195795	250	*	*	*	*	*	4473295	*
H	195795	212	100.0	+	0	0	212M38I	9ebe22ad291364c6746ab84baf6848a7	4473295
L	130632	250	*	*	*	*	*	2549269	*
H	130632	212	100.0	+	0	0	212M38I	3bea61c3c02bd6b4321c108629016ae9	2549269
L	128620	250	*	*	*	*	*	2424578	*
H	128620	212	100.0	+	0	0	212M38I	3bea61c3c02bd6b4321c108629016ae9	2424578
L	125789	250	*	*	*	*	*	2255936	*
H	125789	212	100.0	+	0	0	212M38I	3bea61c3c02bd6b4321c108629016ae9	2255936
L	177276	250	*	*	*	*	*	4379793	*
H	177276	212	100.0	+	0	0	212M38I	33a6416a4c92c7768147b97d7bf73f1e	4379793
L	126374	250	*	*	*	*	*	753892	*
H	126374	212	100.0	+	0	0	212M38I	33a6416a4c92c7768147b97d7bf73f1e	753892
L	89994	250	*	*	*	*	*	169356	*
H	89994	212	100.0	+	0	0	212M38I	33a6416a4c92c7768147b97d7bf73f1e	169356
L	156873	250	*	*	*	*	*	1122504	*
H	156873	212	100.0	+	0	0	212M38I	0e30dfa1a2a7a52861f19289aada7940	1122504
L	174161	250	*	*	*	*	*	4363831	*
H	174161	212	97.6	+	0	0	32MI89MD90M38I	0e30dfa1a2a7a52861f19289aada7940	4363831
L	4939	250	*	*	*	*	*	958140	*
H	4939	212	91.5	+	0	0	212M38I	0e30dfa1a2a7a52861f19289aada7940	958140
L	123375	250	*	*	*	*	*	2118963	*
H	123375	212	100.0	+	0	0	212M38I	a75469000b685732e36dab747a2cb7be	2118963
L	91062	250	*	*	*	*	*	163985	*
H	91062	212	100.0	+	0	0	212M38I	a75469000b685732e36dab747a2cb7be	163985
L	90854	250	*	*	*	*	*	164903	*
H	90854	212	100.0	+	0	0	212M38I	a75469000b685732e36dab747a2cb7be	164903
L	29535	250	*	*	*	*	*	544910	*
H	29535	212	100.0	+	0	0	212M38I	60cd0ac314698dd12c78938964db9606	544910
L	42174	250	*	*	*	*	*	366664	*
H	42174	212	100.0	+	0	0	212M38I	60cd0ac314698dd12c78938964db9606	366664
L	42924	250	*	*	*	*	*	362851	*
H	42924	212	100.0	+	0	0	212M38I	60cd0ac314698dd12c78938964db9606	362851
L	48172	250	*	*	*	*	*	340077	*
H	48172	212	100.0	+	0	0	212M38I	327c0c9e60dbf45cfe12ee9632c90a10	340077
L	4440	250	*	*	*	*	*	976630	*
H	4440	212	100.0	+	0	0	212M38I	327c0c9e60dbf45cfe12ee9632c90a10	976630
L	120173	250	*	*	*	*	*	1128009	*
H	120173	212	100.0	+	0	0	212M38I	327c0c9e60dbf45cfe12ee9632c90a10	1128009
L	144198	250	*	*	*	*	*	729112	*
H	144198	212	100.0	+	0	0	212M38I	382e91e2557a2b1398becbba79a9e40a	729112
L	108133	250	*	*	*	*	*	39861	*
H	108133	212	100.0	+	0	0	212M38I	382e91e2557a2b1398becbba79a9e40a	39861
L	129567	250	*	*	*	*	*	2481947	*
H	129567	212	100.0	+	0	0	212M38I	382e91e2557a2b1398becbba79a9e40a	2481947
L	131756	250	*	*	*	*	*	2613485	*
H	131756	212	99.5	+	0	0	212M38I	fe4a35fb1847b115c86dc1c234e1ef07	2613485
L	113040	250	*	*	*	*	*	1526277	*
H	113040	212	99.5	+	0	0	212M38I	fe4a35fb1847b115c86dc1c234e1ef07	1526277
L	114375	250	*	*	*	*	*	1606937	*
H	114375	212	99.5	+	0	0	212M38I	fe4a35fb1847b115c86dc1c234e1ef07	1606937
L	171765	250	*	*	*	*	*	4351033	*
H	171765	212	100.0	+	0	0	212M38I	f34972cfe8d67441e5a8ebd6ca1334c1	4351033
L	112204	250	*	*	*	*	*	3095	*
H	112204	212	100.0	+	0	0	212M38I	f34972cfe8d67441e5a8ebd6ca1334c1	3095
L	97057	250	*	*	*	*	*	139853	*
H	97057	212	100.0	+	0	0	212M38I	f34972cfe8d67441e5a8ebd6ca1334c1	139853
L	91306	250	*	*	*	*	*	162705	*
H	91306	212	100.0	+	0	0	212M38I	541a78bbd9b2feca494957a3d99c90ed	162705
L	25345	250	*	*	*	*	*	562206	*
H	25345	212	99.5	+	0	0	212M38I	541a78bbd9b2feca494957a3d99c90ed	562206
L	116419	250	*	*	*	*	*	1720567	*
H	116419	212	100.0	+	0	0	212M38I	9588050e0c61dad9196b2ad6aeb8fcad	1720567
L	10908	250	*	*	*	*	*	810598	*
H	10908	212	99.1	+	0	0	212M38I	9588050e0c61dad9196b2ad6aeb8fcad	810598
L	108455	250	*	*	*	*	*	34844	*
H	108455	212	97.2	+	0	0	212M38I	9588050e0c61dad9196b2ad6aeb8fcad	34844
L	98339	250	*	*	*	*	*	133739	*
H	98339	212	100.0	+	0	0	212M38I	0534757f38449f6cf980b2eb1bcde6b6	133739
L	98760	250	*	*	*	*	*	130684	*
H	98760	212	98.1	+	0	0	212M38I	0534757f38449f6cf980b2eb1bcde6b6	130684
L	84125	250	*	*	*	*	*	189071	*
H	84125	212	98.6	+	0	0	212M38I	0534757f38449f6cf980b2eb1bcde6b6	189071
H	200865	212	100.0	+	0	0	212M38I	8968cf8f1b99d58366ee3b5ac0d66c5d	1706861
H	199544	212	98.6	+	0	0	212M38I	8968cf8f1b99d58366ee3b5ac0d66c5d	222407
L	202449	250	*	*	*	*	*	4372917	*
H	202449	212	97.2	+	0	0	212M38I	8968cf8f1b99d58366ee3b5ac0d66c5d	4372917
L	149835	250	*	*	*	*	*	3690024	*
H	149835	212	100.0	+	0	0	212M38I	1fb8ba60faab2e44c8636f0f5910eec9	3690024
L	170337	250	*	*	*	*	*	4343741	*
H	170337	212	99.5	+	0	0	212M38I	1fb8ba60faab2e44c8636f0f5910eec9	4343741
L	195608	250	*	*	*	*	*	4472262	*
H	195608	212	100.0	+	0	0	212M38I	1fb8ba60faab2e44c8636f0f5910eec9	4472262
L	98951	250	*	*	*	*	*	128604	*
H	98951	212	100.0	+	0	0	212M38I	0b9e34ac9948cd012cf35dedab715c35	128604
L	89857	250	*	*	*	*	*	170011	*
H	89857	212	97.6	+	0	0	212M38I	0b9e34ac9948cd012cf35dedab715c35	170011
L	26723	250	*	*	*	*	*	556641	*
H	26723	212	94.8	+	0	0	212M38I	0b9e34ac9948cd012cf35dedab715c35	556641
L	200210	250	*	*	*	*	*	125020	*
H	200210	212	100.0	+	0	0	212M38I	d767b91077a182e12d425de96bc9f400	125020
L	99595	250	*	*	*	*	*	114572	*
H	99595	212	100.0	+	0	0	212M38I	40d0e544aca1f7000da9d2e1b8d0b728	114572
L	128468	250	*	*	*	*	*	1071450	*
H	128468	212	100.0	+	0	0	212M38I	40d0e544aca1f7000da9d2e1b8d0b728	1071450
L	172728	250	*	*	*	*	*	4356464	*
H	172728	212	100.0	+	0	0	212M38I	40d0e544aca1f7000da9d2e1b8d0b728	4356464
L	108935	250	*	*	*	*	*	27647	*
H	108935	212	100.0	+	0	0	212M38I	aadbac24cfeef6bb5bf7e3f0620b758b	27647
L	124870	250	*	*	*	*	*	1142113	*
H	124870	212	100.0	+	0	0	212M38I	aadbac24cfeef6bb5bf7e3f0620b758b	1142113
L	99543	250	*	*	*	*	*	114723	*
H	99543	212	99.5	+	0	0	212M38I	aadbac24cfeef6bb5bf7e3f0620b758b	114723
L	199471	250	*	*	*	*	*	241978	*
H	199471	212	100.0	+	0	0	212M38I	d821cc8854024b09ad7183d30d2e0b60	241978
L	200524	250	*	*	*	*	*	46167	*
H	200524	212	100.0	+	0	0	212M38I	d821cc8854024b09ad7183d30d2e0b60	46167
L	201034	250	*	*	*	*	*	1132808	*
H	201034	212	99.5	+	0	0	212M38I	d821cc8854024b09ad7183d30d2e0b60	1132808
L	65181	250	*	*	*	*	*	270408	*
H	65181	212	98.6	+	0	0	212M38I	10fe1e4c748fee16a9deae553cdb8961	270408
L	96621	250	*	*	*	*	*	141564	*
H	96621	212	100.0	+	0	0	212M38I	10fe1e4c748fee16a9deae553cdb8961	141564
L	91978	250	*	*	*	*	*	159861	*
H	91978	212	100.0	+	0	0	212M38I	10fe1e4c748fee16a9deae553cdb8961	159861
L	42028	250	*	*	*	*	*	367376	*
H	42028	212	100.0	+	0	0	212M38I	d39fd2ae486b7cf75c61fd36de983610	367376
L	114434	250	*	*	*	*	*	1611605	*
H	114434	212	100.0	+	0	0	212M38I	d39fd2ae486b7cf75c61fd36de983610	1611605
L	109707	250	*	*	*	*	*	16103	*
H	109707	212	100.0	+	0	0	212M38I	d39fd2ae486b7cf75c61fd36de983610	16103
L	96094	250	*	*	*	*	*	143100	*
H	96094	212	100.0	+	0	0	212M38I	58b1cfa725589a284fdf75901ae9bee3	143100
L	197867	250	*	*	*	*	*	4483458	*
H	197867	212	99.5	+	0	0	212M38I	58b1cfa725589a284fdf75901ae9bee3	4483458
L	76655	250	*	*	*	*	*	222254	*
H	76655	212	99.5	+	0	0	212M38I	58b1cfa725589a284fdf75901ae9bee3	222254
L	157421	250	*	*	*	*	*	770082	*
H	157421	212	98.6	+	0	0	212M38I	cd350ec5de0315f2c6e770b53ca5a086	770082
L	157047	250	*	*	*	*	*	4108091	*
H	157047	212	98.6	+	0	0	212M38I	cd350ec5de0315f2c6e770b53ca5a086	4108091
L	139517	250	*	*	*	*	*	3061927	*
H	139517	212	98.6	+	0	0	212M38I	cd350ec5de0315f2c6e770b53ca5a086	3061927
L	69885	250	*	*	*	*	*	253494	*
H	69885	212	100.0	+	0	0	212M38I	fdc1678af5e8187e08ca4c231f174a06	253494
L	160734	250	*	*	*	*	*	4297096	*
H	160734	212	100.0	+	0	0	212M38I	fdc1678af5e8187e08ca4c231f174a06	4297096
L	73556	250	*	*	*	*	*	238752	*
H	73556	212	100.0	+	0	0	212M38I	fdc1678af5e8187e08ca4c231f174a06	238752
L	35690	250	*	*	*	*	*	519090	*
H	35690	212	100.0	+	0	0	212M38I	2e6d0ad7b575245f0b521fc54e8220c0	519090
L	70581	250	*	*	*	*	*	250643	*
H	70581	212	100.0	+	0	0	212M38I	2e6d0ad7b575245f0b521fc54e8220c0	250643
L	69286	250	*	*	*	*	*	256100	*
H	69286	212	100.0	+	0	0	212M38I	2e6d0ad7b575245f0b521fc54e8220c0	256100
L	15973	250	*	*	*	*	*	643248	*
H	15973	212	100.0	+	0	0	212M38I	40d9e96132028e33db3380e56754e864	643248
L	160266	250	*	*	*	*	*	4295025	*
H	160266	212	100.0	+	0	0	212M38I	40d9e96132028e33db3380e56754e864	4295025
L	187853	250	*	*	*	*	*	4433065	*
H	187853	212	100.0	+	0	0	212M38I	40d9e96132028e33db3380e56754e864	4433065
L	39608	250	*	*	*	*	*	440135	*
H	39608	212	99.5	+	0	0	212M38I	4d52db9f3cd83c983b1fdbd9eb9445b5	440135
H	42174	212	99.5	+	0	0	212M38I	4d52db9f3cd83c983b1fdbd9eb9445b5	366664
L	1360	250	*	*	*	*	*	1092867	*
H	1360	212	99.5	+	0	0	212M38I	4d52db9f3cd83c983b1fdbd9eb9445b5	1092867
L	136506	250	*	*	*	*	*	2882517	*
H	136506	212	100.0	+	0	0	212M38I	2b8d090d9b6530a9d4fa2392436fcdd9	2882517
L	136568	250	*	*	*	*	*	2887211	*
H	136568	212	100.0	+	0	0	212M38I	2b8d090d9b6530a9d4fa2392436fcdd9	2887211
L	86363	250	*	*	*	*	*	182255	*
H	86363	212	100.0	+	0	0	212M38I	2b8d090d9b6530a9d4fa2392436fcdd9	182255
L	32231	250	*	*	*	*	*	533839	*
H	32231	212	100.0	+	0	0	212M38I	58d17e30409dacae29f6e7df0e74c16a	533839
L	74240	250	*	*	*	*	*	236081	*
H	74240	212	100.0	+	0	0	212M38I	58d17e30409dacae29f6e7df0e74c16a	236081
L	135050	250	*	*	*	*	*	682976	*
H	135050	212	100.0	+	0	0	212M38I	58d17e30409dacae29f6e7df0e74c16a	682976
L	179640	250	*	*	*	*	*	4391343	*
H	179640	212	100.0	+	0	0	212M38I	83200b3d61a95f0106a8efe9e923e383	4391343
L	150313	250	*	*	*	*	*	3715617	*
H	150313	212	100.0	+	0	0	212M38I	83200b3d61a95f0106a8efe9e923e383	3715617
L	7835	250	*	*	*	*	*	848236	*
H	7835	212	100.0	+	0	0	212M38I	83200b3d61a95f0106a8efe9e923e383	848236
L	148885	250	*	*	*	*	*	3623950	*
H	148885	212	100.0	+	0	0	212M38I	3333b0876ecec670fa2281305ce310e1	3623950
L	57027	250	*	*	*	*	*	303702	*
H	57027	212	98.1	+	0	0	212M38I	3333b0876ecec670fa2281305ce310e1	303702
L	62212	250	*	*	*	*	*	279629	*
H	62212	212	98.1	+	0	0	212M38I	3333b0876ecec670fa2281305ce310e1	279629
L	91971	250	*	*	*	*	*	159887	*
H	91971	212	100.0	+	0	0	212M38I	3d8e0a42a89a407ed80f705a8600aa85	159887
L	109591	250	*	*	*	*	*	17081	*
H	109591	212	100.0	+	0	0	212M38I	3d8e0a42a89a407ed80f705a8600aa85	17081
L	3492	250	*	*	*	*	*	1011502	*
H	3492	212	98.6	+	0	0	212M38I	3d8e0a42a89a407ed80f705a8600aa85	1011502
L	12150	250	*	*	*	*	*	782106	*
H	12150	212	100.0	+	0	0	212M38I	0e42350decb6db7ff28c15436f01afe0	782106
L	12388	250	*	*	*	*	*	773284	*
H	12388	212	100.0	+	0	0	212M38I	0e42350decb6db7ff28c15436f01afe0	773284
L	197065	250	*	*	*	*	*	4479549	*
H	197065	212	100.0	+	0	0	212M38I	0e42350decb6db7ff28c15436f01afe0	4479549
L	66789	250	*	*	*	*	*	264838	*
H	66789	212	100.0	+	0	0	212M38I	e984e5d194908c248ca08e2884f60c0b	264838
L	136371	250	*	*	*	*	*	2875740	*
H	136371	212	100.0	+	0	0	212M38I	e984e5d194908c248ca08e2884f60c0b	2875740
L	159173	250	*	*	*	*	*	4240137	*
H	159173	212	99.5	+	0	0	212M38I	e984e5d194908c248ca08e2884f60c0b	4240137
L	160373	250	*	*	*	*	*	4295564	*
H	160373	212	100.0	+	0	0	212M38I	b213c63542d173ea4ee4620979598bd8	4295564
L	123590	250	*	*	*	*	*	2130193	*
H	123590	212	100.0	+	0	0	212M38I	b213c63542d173ea4ee4620979598bd8	2130193
L	72247	250	*	*	*	*	*	243944	*
H	72247	212	99.5	+	0	0	212M38I	b213c63542d173ea4ee4620979598bd8	243944
L	172931	250	*	*	*	*	*	4357500	*
H	172931	212	100.0	+	0	0	212M38I	b5233e48b77042a2697f76013d63b3ed	4357500
L	13476	250	*	*	*	*	*	732780	*
H	13476	212	99.5	+	0	0	212M38I	b5233e48b77042a2697f76013d63b3ed	732780
L	95959	250	*	*	*	*	*	143487	*
H	95959	212	98.6	+	0	0	212M38I	b5233e48b77042a2697f76013d63b3ed	143487
L	12117	250	*	*	*	*	*	783511	*
H	12117	212	100.0	+	0	0	212M38I	9fe1a95916406d360c9e94b1e4cec226	783511
L	103598	250	*	*	*	*	*	99127	*
H	103598	212	100.0	+	0	0	212M38I	9fe1a95916406d360c9e94b1e4cec226	99127
L	92556	250	*	*	*	*	*	157448	*
H	92556	212	100.0	+	0	0	212M38I	9fe1a95916406d360c9e94b1e4cec226	157448
L	161305	250	*	*	*	*	*	4299663	*
H	161305	212	100.0	+	0	0	212M38I	f1011db6cf6e03dcc5f3fdc083cfd845	4299663
L	169665	250	*	*	*	*	*	4340454	*
H	169665	212	100.0	+	0	0	212M38I	f1011db6cf6e03dcc5f3fdc083cfd845	4340454
L	151055	250	*	*	*	*	*	880816	*
H	151055	212	100.0	+	0	0	212M38I	f1011db6cf6e03dcc5f3fdc083cfd845	880816
L	89112	250	*	*	*	*	*	173827	*
H	89112	212	100.0	+	0	0	212M38I	71377a659973f8108dec7aadcaed7c4e	173827
L	131299	250	*	*	*	*	*	1137749	*
H	131299	212	99.1	+	0	0	212M38I	71377a659973f8108dec7aadcaed7c4e	1137749
L	40134	250	*	*	*	*	*	419248	*
H	40134	212	99.1	+	0	0	212M38I	71377a659973f8108dec7aadcaed7c4e	419248
L	39022	250	*	*	*	*	*	462224	*
H	39022	212	99.5	+	0	0	212M38I	0767f946608b3f8d40b1b593f3cb2a97	462224
L	38482	250	*	*	*	*	*	503315	*
H	38482	212	99.5	+	0	0	212M38I	0767f946608b3f8d40b1b593f3cb2a97	503315
L	38446	250	*	*	*	*	*	505587	*
H	38446	212	99.5	+	0	0	212M38I	0767f946608b3f8d40b1b593f3cb2a97	505587
L	50042	250	*	*	*	*	*	332523	*
H	50042	212	100.0	+	0	0	212M38I	8e8009be4a28b1b4de9a3a520f87a897	332523
L	109709	250	*	*	*	*	*	16099	*
H	109709	212	100.0	+	0	0	212M38I	8e8009be4a28b1b4de9a3a520f87a897	16099
L	95550	250	*	*	*	*	*	144686	*
H	95550	212	100.0	+	0	0	212M38I	8e8009be4a28b1b4de9a3a520f87a897	144686
L	111343	250	*	*	*	*	*	8251	*
H	111343	212	100.0	+	0	0	212M38I	11dde65fd99e96c4b45dc14e445cfe27	8251
L	14220	250	*	*	*	*	*	705735	*
H	14220	212	100.0	+	0	0	212M38I	11dde65fd99e96c4b45dc14e445cfe27	705735
L	38792	250	*	*	*	*	*	484436	*
H	38792	212	100.0	+	0	0	212M38I	11dde65fd99e96c4b45dc14e445cfe27	484436
H	108935	212	99.5	+	0	0	212M38I	f4414c70c7079f52a52db4997d33faa8	27647
H	124870	212	99.5	+	0	0	212M38I	f4414c70c7079f52a52db4997d33faa8	1142113
H	99543	212	99.1	+	0	0	212M38I	f4414c70c7079f52a52db4997d33faa8	114723
L	157085	250	*	*	*	*	*	4110850	*
H	157085	212	100.0	+	0	0	212M38I	f3ed2d35deef46c78e4c688d034cfc72	4110850
L	157455	250	*	*	*	*	*	1055231	*
H	157455	212	100.0	+	0	0	212M38I	f3ed2d35deef46c78e4c688d034cfc72	1055231
L	96480	250	*	*	*	*	*	141979	*
H	96480	212	100.0	+	0	0	212M38I	f3ed2d35deef46c78e4c688d034cfc72	141979
L	126295	250	*	*	*	*	*	2285105	*
H	126295	212	100.0	+	0	0	212M38I	6cf7835ac77f1051cfee13956a9c2568	2285105
L	58991	250	*	*	*	*	*	296668	*
H	58991	212	100.0	+	0	0	212M38I	6cf7835ac77f1051cfee13956a9c2568	296668
L	49248	250	*	*	*	*	*	335863	*
H	49248	212	100.0	+	0	0	212M38I	6cf7835ac77f1051cfee13956a9c2568	335863
L	178163	250	*	*	*	*	*	4384160	*
H	178163	212	100.0	+	0	0	6MI206M37I	5b5cb6f23e21b5c32932dd36c6c9f461	4384160
L	182790	250	*	*	*	*	*	4407969	*
H	182790	212	98.6	+	0	0	212M38I	5b5cb6f23e21b5c32932dd36c6c9f461	4407969
L	62710	250	*	*	*	*	*	278399	*
H	62710	212	98.6	+	0	0	212M38I	5b5cb6f23e21b5c32932dd36c6c9f461	278399
L	191913	250	*	*	*	*	*	4453773	*
H	191913	212	100.0	+	0	0	212M38I	0bdbc6ccbf3773bdd041c7f685248aa5	4453773
L	79854	250	*	*	*	*	*	204318	*
H	79854	212	99.5	+	0	0	212M38I	0bdbc6ccbf3773bdd041c7f685248aa5	204318
L	41528	250	*	*	*	*	*	369861	*
H	41528	212	99.5	+	0	0	212M38I	0bdbc6ccbf3773bdd041c7f685248aa5	369861
L	38805	250	*	*	*	*	*	471224	*
H	38805	212	100.0	+	0	0	212M38I	d49e9535a3b2d04b36cf5554322c6823	471224
L	178759	250	*	*	*	*	*	4387155	*
H	178759	212	99.1	+	0	0	212M38I	d49e9535a3b2d04b36cf5554322c6823	4387155
L	947	250	*	*	*	*	*	1105318	*
H	947	212	99.1	+	0	0	212M38I	d49e9535a3b2d04b36cf5554322c6823	1105318
L	70007	250	*	*	*	*	*	253004	*
H	70007	212	100.0	+	0	0	212M38I	e825d7cb170763985e5be12fbb66eeb2	253004
L	31568	250	*	*	*	*	*	536557	*
H	31568	212	99.5	+	0	0	212M38I	e825d7cb170763985e5be12fbb66eeb2	536557
L	69735	250	*	*	*	*	*	254183	*
H	69735	212	98.6	+	0	0	212M38I	e825d7cb170763985e5be12fbb66eeb2	254183
L	200462	250	*	*	*	*	*	70924	*
H	200462	212	100.0	+	0	0	212M38I	60dcd82e3b3eb598f1a1df4a1d5ded9a	70924
L	199779	250	*	*	*	*	*	179917	*
H	199779	212	100.0	+	0	0	212M38I	60dcd82e3b3eb598f1a1df4a1d5ded9a	179917
L	200964	250	*	*	*	*	*	1885221	*
H	200964	212	99.5	+	0	0	212M38I	60dcd82e3b3eb598f1a1df4a1d5ded9a	1885221
L	89628	250	*	*	*	*	*	171289	*
H	89628	212	100.0	+	0	0	212M38I	710f9206159c2bbb9d9932862c338ac3	171289
L	184999	250	*	*	*	*	*	4418881	*
H	184999	212	100.0	+	0	0	212M38I	710f9206159c2bbb9d9932862c338ac3	4418881
L	112291	250	*	*	*	*	*	2669	*
H	112291	212	100.0	+	0	0	212M38I	710f9206159c2bbb9d9932862c338ac3	2669
L	88486	250	*	*	*	*	*	175696	*
H	88486	212	100.0	+	0	0	212M38I	238417be42b85853bf347af91b94a844	175696
L	88396	250	*	*	*	*	*	176005	*
H	88396	212	100.0	+	0	0	212M38I	238417be42b85853bf347af91b94a844	176005
L	83605	250	*	*	*	*	*	190584	*
H	83605	212	100.0	+	0	0	212M38I	238417be42b85853bf347af91b94a844	190584
L	113364	250	*	*	*	*	*	1546665	*
H	113364	212	100.0	+	0	0	212M38I	32fa30ad35b6cfcc1eecdc2824ba45d6	1546665
L	36691	250	*	*	*	*	*	514699	*
H	36691	212	100.0	+	0	0	212M38I	32fa30ad35b6cfcc1eecdc2824ba45d6	514699
L	142718	250	*	*	*	*	*	1135616	*
H	142718	212	100.0	+	0	0	212M38I	32fa30ad35b6cfcc1eecdc2824ba45d6	1135616
L	166315	250	*	*	*	*	*	4323491	*
H	166315	212	99.5	+	0	0	212M38I	3befb3e069f2369ad507223dc795a663	4323491
L	166194	250	*	*	*	*	*	4322998	*
H	166194	212	99.5	+	0	0	212M38I	3befb3e069f2369ad507223dc795a663	4322998
L	180247	250	*	*	*	*	*	4394699	*
H	180247	212	99.5	+	0	0	212M38I	3befb3e069f2369ad507223dc795a663	4394699
L	174824	250	*	*	*	*	*	4367007	*
H	174824	212	100.0	+	0	0	212M38I	7f6ac91c8af71843ac5eed18d05c0056	4367007
L	27832	250	*	*	*	*	*	552023	*
H	27832	212	100.0	+	0	0	212M38I	7f6ac91c8af71843ac5eed18d05c0056	552023
L	174587	250	*	*	*	*	*	4365882	*
H	174587	212	100.0	+	0	0	212M38I	7f6ac91c8af71843ac5eed18d05c0056	4365882
L	110293	250	*	*	*	*	*	13537	*
H	110293	212	100.0	+	0	0	212M38I	a9d54490f30296ac0c4c80c0fe9efbf8	13537
L	98583	250	*	*	*	*	*	131968	*
H	98583	212	100.0	+	0	0	212M38I	a9d54490f30296ac0c4c80c0fe9efbf8	131968
L	98519	250	*	*	*	*	*	132456	*
H	98519	212	100.0	+	0	0	212M38I	a9d54490f30296ac0c4c80c0fe9efbf8	132456
L	16735	250	*	*	*	*	*	615514	*
H	16735	212	100.0	+	0	0	212M38I	a37e354bb9b8967a6191e2a65ca59441	615514
L	55013	250	*	*	*	*	*	312016	*
H	55013	212	100.0	+	0	0	212M38I	a37e354bb9b8967a6191e2a65ca59441	312016
L	6878	250	*	*	*	*	*	883716	*
H	6878	212	100.0	+	0	0	212M38I	a37e354bb9b8967a6191e2a65ca59441	883716
L	13144	250	*	*	*	*	*	746357	*
H	13144	212	100.0	+	0	0	212M38I	abfa8e33d6ca88bdf4dad2131517b507	746357
L	93130	250	*	*	*	*	*	155255	*
H	93130	212	100.0	+	0	0	212M38I	abfa8e33d6ca88bdf4dad2131517b507	155255
L	125671	250	*	*	*	*	*	976588	*
H	125671	212	99.5	+	0	0	212M38I	abfa8e33d6ca88bdf4dad2131517b507	976588
L	166732	250	*	*	*	*	*	4325521	*
H	166732	212	100.0	+	0	0	212M38I	5f5c4a189427d74f500f495c0ee45079	4325521
L	141203	250	*	*	*	*	*	3163061	*
H	141203	212	97.6	+	0	0	212M38I	5f5c4a189427d74f500f495c0ee45079	3163061
L	146157	250	*	*	*	*	*	3460758	*
H	146157	212	97.6	+	0	0	212M38I	5f5c4a189427d74f500f495c0ee45079	3460758
L	38731	250	*	*	*	*	*	491691	*
H	38731	212	100.0	+	0	0	212M38I	5c1e46913a173a43885e4739b1d46aae	491691
L	109936	250	*	*	*	*	*	14836	*
H	109936	212	100.0	+	0	0	212M38I	5c1e46913a173a43885e4739b1d46aae	14836
L	38631	250	*	*	*	*	*	496787	*
H	38631	212	100.0	+	0	0	212M38I	5c1e46913a173a43885e4739b1d46aae	496787
L	23560	250	*	*	*	*	*	569797	*
H	23560	212	100.0	+	0	0	212M38I	c0cefdb70314726040ebe836f7190c8e	569797
L	37014	250	*	*	*	*	*	513500	*
H	37014	212	100.0	+	0	0	212M38I	c0cefdb70314726040ebe836f7190c8e	513500
L	22616	250	*	*	*	*	*	573754	*
H	22616	212	100.0	+	0	0	212M38I	c0cefdb70314726040ebe836f7190c8e	573754
L	183188	250	*	*	*	*	*	4409881	*
H	183188	212	100.0	+	0	0	212M38I	76b2a5bf63330a41f5d64674a7e9f38e	4409881
L	153235	250	*	*	*	*	*	866026	*
H	153235	212	99.1	+	0	0	212M38I	76b2a5bf63330a41f5d64674a7e9f38e	866026
L	112265	250	*	*	*	*	*	2767	*
H	112265	212	99.5	+	0	0	212M38I	76b2a5bf63330a41f5d64674a7e9f38e	2767
L	78867	250	*	*	*	*	*	210301	*
H	78867	212	100.0	+	0	0	212M38I	812089bfd95c5451e06def2cdd31c1d6	210301
L	88730	250	*	*	*	*	*	174942	*
H	88730	212	99.1	+	0	0	212M38I	812089bfd95c5451e06def2cdd31c1d6	174942
L	129624	250	*	*	*	*	*	1129309	*
H	129624	212	100.0	+	0	0	212M38I	812089bfd95c5451e06def2cdd31c1d6	1129309
L	173272	250	*	*	*	*	*	4359133	*
H	173272	212	100.0	+	0	0	212M38I	7109305bef509e27e5598a09b5dc2343	4359133
L	165395	250	*	*	*	*	*	4319095	*
H	165395	212	100.0	+	0	0	212M38I	7109305bef509e27e5598a09b5dc2343	4319095
L	40076	250	*	*	*	*	*	421277	*
H	40076	212	100.0	+	0	0	212M38I	7109305bef509e27e5598a09b5dc2343	421277
H	98760	212	100.0	+	0	0	212M38I	d2cf9cf1ba83006b18aeea07cce6ab6e	130684
H	98339	212	98.1	+	0	0	212M38I	d2cf9cf1ba83006b18aeea07cce6ab6e	133739
L	150881	250	*	*	*	*	*	3748718	*
H	150881	212	99.1	+	0	0	212M38I	d2cf9cf1ba83006b18aeea07cce6ab6e	3748718
L	41914	250	*	*	*	*	*	367932	*
H	41914	212	100.0	+	0	0	212M38I	d4f15d8c75005a7fa318eea2e477f18e	367932
L	11485	250	*	*	*	*	*	805326	*
H	11485	212	100.0	+	0	0	212M38I	d4f15d8c75005a7fa318eea2e477f18e	805326
L	111878	250	*	*	*	*	*	5118	*
H	111878	212	100.0	+	0	0	212M38I	d4f15d8c75005a7fa318eea2e477f18e	5118
L	72552	250	*	*	*	*	*	242647	*
H	72552	212	100.0	+	0	0	212M38I	bf2f720ce7b8f06786e85e38e7fc2dbb	242647
L	38806	250	*	*	*	*	*	471184	*
H	38806	212	100.0	+	0	0	212M38I	bf2f720ce7b8f06786e85e38e7fc2dbb	471184
L	108153	250	*	*	*	*	*	39523	*
H	108153	212	100.0	+	0	0	212M38I	bf2f720ce7b8f06786e85e38e7fc2dbb	39523
L	4515	250	*	*	*	*	*	973921	*
H	4515	212	100.0	+	0	0	212M38I	d1323d6260f8bd1b91fecbcb7243c8b3	973921
L	190275	250	*	*	*	*	*	4445096	*
H	190275	212	100.0	+	0	0	212M38I	d1323d6260f8bd1b91fecbcb7243c8b3	4445096
L	3906	250	*	*	*	*	*	995083	*
H	3906	212	100.0	+	0	0	212M38I	d1323d6260f8bd1b91fecbcb7243c8b3	995083
L	199374	250	*	*	*	*	*	252944	*
H	199374	212	100.0	+	0	0	212M38I	00ef0d71a92f79e7da8c19eed8914133	252944
L	202636	250	*	*	*	*	*	4410174	*
H	202636	212	94.3	+	0	0	212M38I	00ef0d71a92f79e7da8c19eed8914133	4410174
L	200600	250	*	*	*	*	*	16514	*
H	200600	212	95.3	+	0	0	212M38I	00ef0d71a92f79e7da8c19eed8914133	16514
D	1360	2	*	*	*	*	99.5	1092867	*
D	3906	2	*	*	*	*	100.0	995083	*
D	6878	2	*	*	*	*	100.0	883716	*
D	7835	2	*	*	*	*	100.0	848236	*
D	12719	2	*	*	*	*	100.0	760349	*
D	22616	2	*	*	*	*	100.0	573754	*
D	23678	2	*	*	*	*	100.0	569286	*
D	24117	2	*	*	*	*	100.0	567421	*
D	38446	2	*	*	*	*	99.5	505587	*
D	38631	2	*	*	*	*	100.0	496787	*
D	38792	2	*	*	*	*	100.0	484436	*
D	38805	2	*	*	*	*	100.0	471224	*
D	40076	2	*	*	*	*	100.0	421277	*
D	42924	2	*	*	*	*	100.0	362851	*
D	49248	2	*	*	*	*	100.0	335863	*
D	69286	2	*	*	*	*	100.0	256100	*
D	70007	2	*	*	*	*	100.0	253004	*
D	71994	2	*	*	*	*	100.0	244957	*
D	73556	2	*	*	*	*	100.0	238752	*
D	75572	2	*	*	*	*	100.0	227324	*
D	83605	2	*	*	*	*	100.0	190584	*
D	86363	2	*	*	*	*	100.0	182255	*
D	89112	2	*	*	*	*	100.0	173827	*
D	89994	2	*	*	*	*	100.0	169356	*
D	90854	2	*	*	*	*	100.0	164903	*
D	90949	2	*	*	*	*	100.0	164464	*
D	91306	2	*	*	*	*	100.0	162705	*
D	91978	2	*	*	*	*	100.0	159861	*
D	92556	2	*	*	*	*	100.0	157448	*
D	93130	2	*	*	*	*	100.0	155255	*
D	95550	2	*	*	*	*	100.0	144686	*
D	96094	2	*	*	*	*	100.0	143100	*
D	96480	2	*	*	*	*	100.0	141979	*
D	97057	2	*	*	*	*	100.0	139853	*
D	98339	2	*	*	*	*	100.0	133739	*
D	98519	2	*	*	*	*	100.0	132456	*
D	98760	2	*	*	*	*	100.0	130684	*
D	98937	2	*	*	*	*	100.0	129026	*
D	98951	2	*	*	*	*	100.0	128604	*
D	104449	2	*	*	*	*	100.0	89681	*
D	106175	2	*	*	*	*	100.0	70561	*
D	108153	2	*	*	*	*	100.0	39523	*
D	109591	2	*	*	*	*	100.0	17081	*
D	109707	2	*	*	*	*	100.0	16103	*
D	111878	2	*	*	*	*	100.0	5118	*
D	112284	2	*	*	*	*	100.0	2695	*
D	112291	2	*	*	*	*	100.0	2669	*
D	113129	2	*	*	*	*	100.0	1531100	*
D	114375	2	*	*	*	*	99.5	1606937	*
D	116419	2	*	*	*	*	100.0	1720567	*
D	117748	2	*	*	*	*	100.0	1796774	*
D	120173	2	*	*	*	*	100.0	1128009	*
D	123590	2	*	*	*	*	100.0	2130193	*
D	124870	3	*	*	*	*	99.8	1142113	*
D	125544	2	*	*	*	*	100.0	851783	*
D	125789	2	*	*	*	*	100.0	2255936	*
D	127341	2	*	*	*	*	100.0	1107215	*
D	129567	2	*	*	*	*	100.0	2481947	*
D	129624	2	*	*	*	*	100.0	1129309	*
D	135050	2	*	*	*	*	100.0	682976	*
D	136371	2	*	*	*	*	100.0	2875740	*
D	139517	2	*	*	*	*	98.6	3061927	*
D	142718	2	*	*	*	*	100.0	1135616	*
D	144238	2	*	*	*	*	100.0	3341679	*
D	148885	2	*	*	*	*	100.0	3623950	*
D	151055	2	*	*	*	*	100.0	880816	*
D	156873	2	*	*	*	*	100.0	1122504	*
D	163332	2	*	*	*	*	100.0	4309118	*
D	166732	2	*	*	*	*	100.0	4325521	*
D	172728	2	*	*	*	*	100.0	4356464	*
D	172931	2	*	*	*	*	100.0	4357500	*
D	174587	2	*	*	*	*	100.0	4365882	*
D	178163	2	*	*	*	*	100.0	4384160	*
D	180247	2	*	*	*	*	99.5	4394699	*
D	183188	2	*	*	*	*	100.0	4409881	*
D	187853	2	*	*	*	*	100.0	4433065	*
D	190129	2	*	*	*	*	100.0	4444348	*
D	191913	2	*	*	*	*	100.0	4453773	*
D	195608	2	*	*	*	*	100.0	4472262	*
D	195795	2	*	*	*	*	100.0	4473295	*
D	197065	2	*	*	*	*	100.0	4479549	*
D	198081	2	*	*	*	*	100.0	915156	*
D	199374	2	*	*	*	*	100.0	252944	*
D	199544	2	*	*	*	*	99.5	222407	*
D	199779	2	*	*	*	*	100.0	179917	*
D	199786	2	*	*	*	*	99.5	178974	*
D	200210	2	*	*	*	*	100.0	125020	*
D	200524	2	*	*	*	*	100.0	46167	*
D	200675	2	*	*	*	*	100.0	755	*
D	200865	2	*	*	*	*	100.0	1706861	*
D	201954	2	*	*	*	*	100.0	1141344	*
