UclustConsensusTaxonAssigner parameters:
id_to_taxonomy_filepath:/Users/nbokulich/Desktop/ref_dbs/gg_13_8_otus/taxonomy/99_otu_taxonomy.txt
id_to_taxonomy_fp:/Users/nbokulich/Desktop/ref_dbs/gg_13_8_otus/taxonomy/99_otu_taxonomy.txt
max_accepts:5
min_consensus_fraction:0.76
reference_sequences_fp:/Users/nbokulich/Desktop/ref_dbs/gg_13_8_otus/rep_set/99_otus/dna-sequences.fasta
similarity:0.97
unassignable_label:Unassigned
Result path: /var/folders/0t/l1dz88p50y91vx_22fx5w3780000gn/T/assign-taxy1OoGx

.uc file contents:

# uclust --input /Users/nbokulich/Desktop/projects/short-read-tax-assignment/data/mock-community/mock-16/rep_seqs.fna --id 0.97 --rev --maxaccepts 5 --allhits --libonly --lib /Users/nbokulich/Desktop/ref_dbs/gg_13_8_otus/rep_set/99_otus/dna-sequences.fasta --uc /var/folders/0t/l1dz88p50y91vx_22fx5w3780000gn/T/UclustConsensusTaxonAssigner_mgfvij.uc
# version=1.2.22
# Tab-separated fields:
# 1=Type, 2=ClusterNr, 3=SeqLength or ClusterSize, 4=PctId, 5=Strand, 6=QueryStart, 7=SeedStart, 8=Alignment, 9=QueryLabel, 10=TargetLabel
# Record types (field 1): L=LibSeed, S=NewSeed, H=Hit, R=Reject, D=LibCluster, C=NewCluster, N=NoHit
# For C and D types, PctId is average id with seed.
# QueryStart and SeedStart are zero-based relative to start of sequence.
# If minus strand, SeedStart is relative to reverse-complemented seed.
L	4688	250	*	*	*	*	*	967275	*
H	4688	212	100.0	+	0	0	212M38I	93fd39c3299afa32c82e79f82f07e59e	967275
L	121938	250	*	*	*	*	*	764687	*
H	121938	212	100.0	+	0	0	212M38I	93fd39c3299afa32c82e79f82f07e59e	764687
L	141371	250	*	*	*	*	*	798275	*
H	141371	212	99.5	+	0	0	212M38I	93fd39c3299afa32c82e79f82f07e59e	798275
L	111454	250	*	*	*	*	*	7818	*
H	111454	212	100.0	+	0	0	212M38I	93fd39c3299afa32c82e79f82f07e59e	7818
L	162711	250	*	*	*	*	*	4306404	*
H	162711	212	99.5	+	0	0	212M38I	93fd39c3299afa32c82e79f82f07e59e	4306404
L	21334	250	*	*	*	*	*	578951	*
H	21334	212	99.5	+	0	0	212M38I	03207fe732020d4668a9dce2b822c692	578951
L	4179	250	*	*	*	*	*	985663	*
H	4179	212	99.5	+	0	0	212M38I	03207fe732020d4668a9dce2b822c692	985663
L	2716	250	*	*	*	*	*	1042509	*
H	2716	212	99.1	+	0	0	212M38I	03207fe732020d4668a9dce2b822c692	1042509
L	133020	250	*	*	*	*	*	2685753	*
H	133020	212	99.5	+	0	0	212M38I	03207fe732020d4668a9dce2b822c692	2685753
L	144238	250	*	*	*	*	*	3341679	*
H	144238	212	100.0	+	0	0	212M38I	03207fe732020d4668a9dce2b822c692	3341679
L	98088	250	*	*	*	*	*	135925	*
H	98088	212	100.0	+	0	0	212M38I	e9acf1ed99dfc02086b17c31d3263a35	135925
L	69046	250	*	*	*	*	*	257042	*
H	69046	212	100.0	+	0	0	212M38I	e9acf1ed99dfc02086b17c31d3263a35	257042
L	90949	250	*	*	*	*	*	164464	*
H	90949	212	100.0	+	0	0	212M38I	e9acf1ed99dfc02086b17c31d3263a35	164464
L	126851	250	*	*	*	*	*	985114	*
H	126851	212	97.6	+	0	0	212M38I	e9acf1ed99dfc02086b17c31d3263a35	985114
L	108693	250	*	*	*	*	*	31369	*
H	108693	212	97.2	+	0	0	212M38I	e9acf1ed99dfc02086b17c31d3263a35	31369
L	111714	250	*	*	*	*	*	6244	*
H	111714	212	99.1	+	0	0	212M38I	17df3c0f14ccd9567caf88e930457354	6244
L	4742	250	*	*	*	*	*	965129	*
H	4742	212	98.6	+	0	0	212M38I	17df3c0f14ccd9567caf88e930457354	965129
L	165624	250	*	*	*	*	*	4320063	*
H	165624	212	99.5	+	0	0	212M38I	17df3c0f14ccd9567caf88e930457354	4320063
L	165072	250	*	*	*	*	*	4317400	*
H	165072	212	98.6	+	0	0	212M38I	17df3c0f14ccd9567caf88e930457354	4317400
L	4924	250	*	*	*	*	*	958813	*
H	4924	212	97.2	+	0	0	212M38I	17df3c0f14ccd9567caf88e930457354	958813
L	164014	250	*	*	*	*	*	4312443	*
H	164014	212	97.2	+	0	0	212M38I	431569cf382e0e62c8d193ab05b7938e	4312443
L	141181	250	*	*	*	*	*	1123233	*
H	141181	212	99.1	+	0	0	212M38I	431569cf382e0e62c8d193ab05b7938e	1123233
L	48383	249	*	*	*	*	*	339185	*
H	48383	212	99.1	+	0	0	212M37I	431569cf382e0e62c8d193ab05b7938e	339185
L	190028	250	*	*	*	*	*	4443812	*
H	190028	212	98.6	+	0	0	212M38I	431569cf382e0e62c8d193ab05b7938e	4443812
L	140999	250	*	*	*	*	*	717940	*
H	140999	212	99.1	+	0	0	212M38I	431569cf382e0e62c8d193ab05b7938e	717940
L	200675	250	*	*	*	*	*	755	*
H	200675	212	100.0	+	0	0	212M38I	29437f8cdf42cbfcaf329d281b085353	755
L	198475	250	*	*	*	*	*	577361	*
H	198475	212	98.6	+	0	0	212M38I	29437f8cdf42cbfcaf329d281b085353	577361
L	200679	250	*	*	*	*	*	751	*
H	200679	212	97.2	+	0	0	212M38I	29437f8cdf42cbfcaf329d281b085353	751
L	199174	250	*	*	*	*	*	310630	*
H	199174	212	97.2	+	0	0	212M38I	29437f8cdf42cbfcaf329d281b085353	310630
L	201602	250	*	*	*	*	*	3171334	*
H	201602	212	98.1	+	0	0	212M38I	29437f8cdf42cbfcaf329d281b085353	3171334
L	23678	250	*	*	*	*	*	569286	*
H	23678	212	100.0	+	0	0	212M38I	0fc72dc59e18739acf7501e563e1fb29	569286
L	111812	250	*	*	*	*	*	5639	*
H	111812	212	99.5	+	0	0	212M38I	0fc72dc59e18739acf7501e563e1fb29	5639
L	12412	250	*	*	*	*	*	772363	*
H	12412	212	99.1	+	0	0	212M38I	0fc72dc59e18739acf7501e563e1fb29	772363
L	62891	250	*	*	*	*	*	277903	*
H	62891	212	100.0	+	0	0	212M38I	0fc72dc59e18739acf7501e563e1fb29	277903
L	167792	250	*	*	*	*	*	4331023	*
H	167792	212	100.0	+	0	0	212M38I	0fc72dc59e18739acf7501e563e1fb29	4331023
L	199544	250	*	*	*	*	*	222407	*
H	199544	212	99.5	+	0	0	212M38I	55caf08648248d6474dc75c2d53cea3e	222407
L	200865	250	*	*	*	*	*	1706861	*
H	200865	212	99.1	+	0	0	212M38I	55caf08648248d6474dc75c2d53cea3e	1706861
L	199786	250	*	*	*	*	*	178974	*
H	199786	212	99.1	+	0	0	212M38I	38384d796792d09002128af8013ec211	178974
L	201954	250	*	*	*	*	*	1141344	*
H	201954	212	100.0	+	0	0	212M38I	38384d796792d09002128af8013ec211	1141344
L	201350	250	*	*	*	*	*	688488	*
H	201350	212	99.5	+	0	0	212M38I	38384d796792d09002128af8013ec211	688488
L	199821	250	*	*	*	*	*	170987	*
H	199821	212	98.1	+	0	0	212M38I	38384d796792d09002128af8013ec211	170987
L	202789	250	*	*	*	*	*	4439778	*
H	202789	212	98.6	+	0	0	212M38I	38384d796792d09002128af8013ec211	4439778
L	108794	250	*	*	*	*	*	29654	*
H	108794	212	100.0	+	0	0	212M38I	938bbf5a8d1a8811fb4f2faff887bb23	29654
L	106175	250	*	*	*	*	*	70561	*
H	106175	212	100.0	+	0	0	212M38I	938bbf5a8d1a8811fb4f2faff887bb23	70561
L	152377	250	*	*	*	*	*	3835597	*
H	152377	212	100.0	+	0	0	212M38I	938bbf5a8d1a8811fb4f2faff887bb23	3835597
L	108597	250	*	*	*	*	*	32720	*
H	108597	212	98.1	+	0	0	212M38I	938bbf5a8d1a8811fb4f2faff887bb23	32720
L	12021	250	*	*	*	*	*	787697	*
H	12021	212	97.2	+	0	0	212M38I	938bbf5a8d1a8811fb4f2faff887bb23	787697
L	149195	250	*	*	*	*	*	3645268	*
H	149195	212	99.5	+	0	0	212M38I	8f203baca6baf4be086f301a8b1433f2	3645268
L	116272	250	*	*	*	*	*	1117018	*
H	116272	212	100.0	+	0	0	212M38I	8f203baca6baf4be086f301a8b1433f2	1117018
L	12719	250	*	*	*	*	*	760349	*
H	12719	212	100.0	+	0	0	212M38I	8f203baca6baf4be086f301a8b1433f2	760349
L	52095	250	*	*	*	*	*	324273	*
H	52095	212	99.5	+	0	0	212M38I	8f203baca6baf4be086f301a8b1433f2	324273
L	93426	250	*	*	*	*	*	154043	*
H	93426	212	100.0	+	0	0	212M38I	8f203baca6baf4be086f301a8b1433f2	154043
L	109477	250	*	*	*	*	*	19059	*
H	109477	212	98.6	+	0	0	212M38I	b3669d2447b6fbe549d6169475cd50bf	19059
L	66809	250	*	*	*	*	*	264792	*
H	66809	212	99.5	+	0	0	68MI9MI135M36I	b3669d2447b6fbe549d6169475cd50bf	264792
L	111287	250	*	*	*	*	*	8732	*
H	111287	212	97.2	+	0	0	212M38I	b3669d2447b6fbe549d6169475cd50bf	8732
L	111288	250	*	*	*	*	*	8729	*
H	111288	212	98.1	+	0	0	212M38I	b3669d2447b6fbe549d6169475cd50bf	8729
L	111290	250	*	*	*	*	*	8706	*
H	111290	212	98.1	+	0	0	212M38I	b3669d2447b6fbe549d6169475cd50bf	8706
L	200251	250	*	*	*	*	*	111955	*
H	200251	212	100.0	+	0	0	212M38I	b990a4119681b986ebe28def295cc6b2	111955
L	200672	250	*	*	*	*	*	768	*
H	200672	212	100.0	+	0	0	212M38I	b990a4119681b986ebe28def295cc6b2	768
L	200673	250	*	*	*	*	*	766	*
H	200673	212	100.0	+	0	0	212M38I	b990a4119681b986ebe28def295cc6b2	766
L	202461	250	*	*	*	*	*	4375425	*
H	202461	212	100.0	+	0	0	212M38I	b990a4119681b986ebe28def295cc6b2	4375425
L	198081	250	*	*	*	*	*	915156	*
H	198081	212	100.0	+	0	0	212M38I	b990a4119681b986ebe28def295cc6b2	915156
N	*	212	*	*	*	*	*	c8b323be53b4437054b5989696240e73	*
H	199786	212	99.5	+	0	0	212M38I	858869d428292c5365024e663d735ef4	178974
H	201954	212	99.5	+	0	0	212M38I	858869d428292c5365024e663d735ef4	1141344
H	201350	212	99.5	+	0	0	212M38I	858869d428292c5365024e663d735ef4	688488
H	199821	212	98.1	+	0	0	212M38I	858869d428292c5365024e663d735ef4	170987
H	202789	212	99.1	+	0	0	212M38I	858869d428292c5365024e663d735ef4	4439778
L	115822	250	*	*	*	*	*	1687825	*
H	115822	212	100.0	+	0	0	212M38I	bdacad880b5edae6c8a86e20ddccfbff	1687825
L	115823	250	*	*	*	*	*	1687827	*
H	115823	212	100.0	+	0	0	212M38I	bdacad880b5edae6c8a86e20ddccfbff	1687827
L	26946	250	*	*	*	*	*	555725	*
H	26946	212	100.0	+	0	0	41MI25MI97MI49M35I	bdacad880b5edae6c8a86e20ddccfbff	555725
L	144196	250	*	*	*	*	*	627513	*
H	144196	212	99.5	+	0	0	212M38I	bdacad880b5edae6c8a86e20ddccfbff	627513
L	90409	250	*	*	*	*	*	167165	*
H	90409	212	98.6	+	0	0	212M38I	bdacad880b5edae6c8a86e20ddccfbff	167165
L	117748	250	*	*	*	*	*	1796774	*
H	117748	212	100.0	+	0	0	212M38I	73d63c2a39a1bda29e0fb871777b1305	1796774
L	120665	250	*	*	*	*	*	652820	*
H	120665	212	99.1	+	0	0	212M38I	73d63c2a39a1bda29e0fb871777b1305	652820
L	70976	250	*	*	*	*	*	249129	*
H	70976	212	99.1	+	0	0	212M38I	73d63c2a39a1bda29e0fb871777b1305	249129
L	46237	250	*	*	*	*	*	347944	*
H	46237	212	99.1	+	0	0	212M38I	73d63c2a39a1bda29e0fb871777b1305	347944
L	138032	250	*	*	*	*	*	2971192	*
H	138032	212	98.6	+	0	0	212M38I	73d63c2a39a1bda29e0fb871777b1305	2971192
L	185851	250	*	*	*	*	*	4423052	*
H	185851	212	98.6	+	0	0	212M38I	36fc3ee38cf8f6337d1ce27b22df0c09	4423052
L	160344	250	*	*	*	*	*	4295418	*
H	160344	212	98.1	+	0	0	212M38I	36fc3ee38cf8f6337d1ce27b22df0c09	4295418
L	106555	250	*	*	*	*	*	64386	*
H	106555	212	98.6	+	0	0	212M38I	36fc3ee38cf8f6337d1ce27b22df0c09	64386
L	162902	250	*	*	*	*	*	4307228	*
H	162902	212	99.5	+	0	0	212M38I	36fc3ee38cf8f6337d1ce27b22df0c09	4307228
L	106105	250	*	*	*	*	*	71034	*
H	106105	212	99.1	+	0	0	212M38I	36fc3ee38cf8f6337d1ce27b22df0c09	71034
L	72213	250	*	*	*	*	*	244067	*
H	72213	212	100.0	+	0	0	212M38I	139ab7dbf8bec4010a477fe09abc8033	244067
L	4887	250	*	*	*	*	*	959918	*
H	4887	212	97.6	+	0	0	212M38I	139ab7dbf8bec4010a477fe09abc8033	959918
L	4766	250	*	*	*	*	*	963863	*
H	4766	212	99.5	+	0	0	212M38I	139ab7dbf8bec4010a477fe09abc8033	963863
L	19451	250	*	*	*	*	*	585622	*
H	19451	212	98.1	+	0	0	212M38I	139ab7dbf8bec4010a477fe09abc8033	585622
L	111893	250	*	*	*	*	*	4878	*
H	111893	212	98.6	+	0	0	212M38I	139ab7dbf8bec4010a477fe09abc8033	4878
L	191965	250	*	*	*	*	*	4453984	*
H	191965	212	99.5	+	0	0	212M38I	e26a82762a9e05b3e9738d621011bdf9	4453984
L	75484	250	*	*	*	*	*	227856	*
H	75484	212	97.6	+	0	0	212M38I	e26a82762a9e05b3e9738d621011bdf9	227856
L	64521	250	*	*	*	*	*	272692	*
H	64521	212	97.2	+	0	0	212M38I	e26a82762a9e05b3e9738d621011bdf9	272692
L	178717	250	*	*	*	*	*	4386966	*
H	178717	212	97.2	+	0	0	212M38I	e26a82762a9e05b3e9738d621011bdf9	4386966
L	55531	250	*	*	*	*	*	310072	*
H	55531	212	99.1	+	0	0	212M38I	e26a82762a9e05b3e9738d621011bdf9	310072
L	186410	250	*	*	*	*	*	4425651	*
H	186410	212	98.1	+	0	0	212M38I	c352d70fb42511e60bb8844f0985d76b	4425651
L	167299	250	*	*	*	*	*	4328306	*
H	167299	212	99.5	+	0	0	212M38I	c352d70fb42511e60bb8844f0985d76b	4328306
L	71994	250	*	*	*	*	*	244957	*
H	71994	212	100.0	+	0	0	212M38I	c352d70fb42511e60bb8844f0985d76b	244957
L	129525	250	*	*	*	*	*	1112231	*
H	129525	212	99.1	+	0	0	212M38I	c352d70fb42511e60bb8844f0985d76b	1112231
L	513	250	*	*	*	*	*	1108092	*
H	513	212	99.1	+	0	0	212M38I	c352d70fb42511e60bb8844f0985d76b	1108092
L	95847	250	*	*	*	*	*	143806	*
H	95847	212	100.0	+	0	0	212M38I	a670085bad8e93f47a624fc49913e0c7	143806
L	136436	250	*	*	*	*	*	2879596	*
H	136436	212	98.1	+	0	0	212M38I	a670085bad8e93f47a624fc49913e0c7	2879596
L	84125	250	*	*	*	*	*	189071	*
H	84125	212	98.6	+	0	0	212M38I	a670085bad8e93f47a624fc49913e0c7	189071
L	150881	250	*	*	*	*	*	3748718	*
H	150881	212	99.1	+	0	0	212M38I	a670085bad8e93f47a624fc49913e0c7	3748718
L	37433	250	*	*	*	*	*	512061	*
H	37433	212	99.1	+	0	0	212M38I	a670085bad8e93f47a624fc49913e0c7	512061
L	39367	250	*	*	*	*	*	449806	*
H	39367	212	100.0	+	0	0	198MI14M37I	fd29a73e778c6182e01ef9547c93594c	449806
L	16970	250	*	*	*	*	*	607103	*
H	16970	212	99.1	+	0	0	212M38I	fd29a73e778c6182e01ef9547c93594c	607103
L	78194	250	*	*	*	*	*	214423	*
H	78194	212	100.0	+	0	0	212M38I	fd29a73e778c6182e01ef9547c93594c	214423
L	171036	250	*	*	*	*	*	4347534	*
H	171036	212	100.0	+	0	0	212M38I	fd29a73e778c6182e01ef9547c93594c	4347534
L	158322	250	*	*	*	*	*	4190059	*
H	158322	212	99.5	+	0	0	212M38I	fd29a73e778c6182e01ef9547c93594c	4190059
L	165739	250	*	*	*	*	*	4320621	*
H	165739	212	98.6	+	0	0	212M38I	9ebe22ad291364c6746ab84baf6848a7	4320621
L	165704	250	*	*	*	*	*	4320461	*
H	165704	212	99.5	+	0	0	212M38I	9ebe22ad291364c6746ab84baf6848a7	4320461
L	165591	250	*	*	*	*	*	4319899	*
H	165591	212	99.1	+	0	0	212M38I	9ebe22ad291364c6746ab84baf6848a7	4319899
L	165566	250	*	*	*	*	*	4319743	*
H	165566	212	98.6	+	0	0	212M38I	9ebe22ad291364c6746ab84baf6848a7	4319743
L	165545	250	*	*	*	*	*	4319640	*
H	165545	212	98.6	+	0	0	212M38I	9ebe22ad291364c6746ab84baf6848a7	4319640
L	154817	250	*	*	*	*	*	3982530	*
H	154817	212	100.0	+	0	0	212M38I	3bea61c3c02bd6b4321c108629016ae9	3982530
L	24703	250	*	*	*	*	*	564914	*
H	24703	212	100.0	+	0	0	212M38I	3bea61c3c02bd6b4321c108629016ae9	564914
L	121380	250	*	*	*	*	*	2006240	*
H	121380	212	99.5	+	0	0	127MI55MI30M36I	3bea61c3c02bd6b4321c108629016ae9	2006240
L	171069	250	*	*	*	*	*	4347663	*
H	171069	212	100.0	+	0	0	212M38I	3bea61c3c02bd6b4321c108629016ae9	4347663
L	100928	250	*	*	*	*	*	109958	*
H	100928	212	97.6	+	0	0	212M38I	3bea61c3c02bd6b4321c108629016ae9	109958
L	89994	250	*	*	*	*	*	169356	*
H	89994	212	100.0	+	0	0	212M38I	33a6416a4c92c7768147b97d7bf73f1e	169356
L	101160	250	*	*	*	*	*	108977	*
H	101160	212	100.0	+	0	0	212M38I	33a6416a4c92c7768147b97d7bf73f1e	108977
L	182393	250	*	*	*	*	*	4405852	*
H	182393	212	100.0	+	0	0	212M38I	33a6416a4c92c7768147b97d7bf73f1e	4405852
L	177276	250	*	*	*	*	*	4379793	*
H	177276	212	100.0	+	0	0	212M38I	33a6416a4c92c7768147b97d7bf73f1e	4379793
L	126374	250	*	*	*	*	*	753892	*
H	126374	212	100.0	+	0	0	212M38I	33a6416a4c92c7768147b97d7bf73f1e	753892
L	156873	250	*	*	*	*	*	1122504	*
H	156873	212	100.0	+	0	0	212M38I	0e30dfa1a2a7a52861f19289aada7940	1122504
L	51291	250	*	*	*	*	*	327334	*
H	51291	212	99.5	+	0	0	212M38I	a75469000b685732e36dab747a2cb7be	327334
L	91062	250	*	*	*	*	*	163985	*
H	91062	212	100.0	+	0	0	212M38I	a75469000b685732e36dab747a2cb7be	163985
L	90555	250	*	*	*	*	*	166483	*
H	90555	212	100.0	+	0	0	212M38I	a75469000b685732e36dab747a2cb7be	166483
L	10895	250	*	*	*	*	*	810699	*
H	10895	212	99.5	+	0	0	212M38I	a75469000b685732e36dab747a2cb7be	810699
L	74042	250	*	*	*	*	*	236881	*
H	74042	212	100.0	+	0	0	212M38I	a75469000b685732e36dab747a2cb7be	236881
L	40668	250	*	*	*	*	*	398787	*
H	40668	212	99.1	+	0	0	212M38I	60cd0ac314698dd12c78938964db9606	398787
L	61870	250	*	*	*	*	*	284446	*
H	61870	212	97.6	+	0	0	212M38I	60cd0ac314698dd12c78938964db9606	284446
L	38875	250	*	*	*	*	*	467818	*
H	38875	212	100.0	+	0	0	212M38I	60cd0ac314698dd12c78938964db9606	467818
L	77365	250	*	*	*	*	*	219026	*
H	77365	212	97.6	+	0	0	212M38I	60cd0ac314698dd12c78938964db9606	219026
L	39508	250	*	*	*	*	*	444282	*
H	39508	212	99.5	+	0	0	212M38I	60cd0ac314698dd12c78938964db9606	444282
L	133541	250	*	*	*	*	*	1131267	*
H	133541	212	100.0	+	0	0	212M38I	327c0c9e60dbf45cfe12ee9632c90a10	1131267
L	120173	250	*	*	*	*	*	1128009	*
H	120173	212	100.0	+	0	0	212M38I	327c0c9e60dbf45cfe12ee9632c90a10	1128009
L	24869	250	*	*	*	*	*	564175	*
H	24869	212	99.5	+	0	0	212M38I	327c0c9e60dbf45cfe12ee9632c90a10	564175
L	14689	250	*	*	*	*	*	689528	*
H	14689	212	99.5	+	0	0	212M38I	327c0c9e60dbf45cfe12ee9632c90a10	689528
L	187815	250	*	*	*	*	*	4432889	*
H	187815	212	99.5	+	0	0	212M38I	327c0c9e60dbf45cfe12ee9632c90a10	4432889
L	108133	250	*	*	*	*	*	39861	*
H	108133	212	100.0	+	0	0	212M38I	382e91e2557a2b1398becbba79a9e40a	39861
L	129567	250	*	*	*	*	*	2481947	*
H	129567	212	100.0	+	0	0	212M38I	382e91e2557a2b1398becbba79a9e40a	2481947
L	144200	250	*	*	*	*	*	765279	*
H	144200	212	99.5	+	0	0	212M38I	382e91e2557a2b1398becbba79a9e40a	765279
L	144198	250	*	*	*	*	*	729112	*
H	144198	212	100.0	+	0	0	212M38I	382e91e2557a2b1398becbba79a9e40a	729112
L	144619	250	*	*	*	*	*	834310	*
H	144619	212	99.1	+	0	0	212M38I	382e91e2557a2b1398becbba79a9e40a	834310
L	170611	250	*	*	*	*	*	4345103	*
H	170611	212	99.5	+	0	0	212M38I	fe4a35fb1847b115c86dc1c234e1ef07	4345103
L	106022	250	*	*	*	*	*	71638	*
H	106022	212	99.1	+	0	0	212M38I	fe4a35fb1847b115c86dc1c234e1ef07	71638
L	131756	250	*	*	*	*	*	2613485	*
H	131756	212	99.5	+	0	0	212M38I	fe4a35fb1847b115c86dc1c234e1ef07	2613485
L	113040	250	*	*	*	*	*	1526277	*
H	113040	212	99.5	+	0	0	212M38I	fe4a35fb1847b115c86dc1c234e1ef07	1526277
L	113092	250	*	*	*	*	*	693282	*
H	113092	212	98.6	+	0	0	212M38I	fe4a35fb1847b115c86dc1c234e1ef07	693282
L	171765	250	*	*	*	*	*	4351033	*
H	171765	212	100.0	+	0	0	212M38I	f34972cfe8d67441e5a8ebd6ca1334c1	4351033
L	112204	250	*	*	*	*	*	3095	*
H	112204	212	100.0	+	0	0	212M38I	f34972cfe8d67441e5a8ebd6ca1334c1	3095
L	97057	250	*	*	*	*	*	139853	*
H	97057	212	100.0	+	0	0	212M38I	f34972cfe8d67441e5a8ebd6ca1334c1	139853
L	101355	250	*	*	*	*	*	108008	*
H	101355	212	97.6	+	0	0	212M38I	f34972cfe8d67441e5a8ebd6ca1334c1	108008
L	91306	250	*	*	*	*	*	162705	*
H	91306	212	100.0	+	0	0	212M38I	541a78bbd9b2feca494957a3d99c90ed	162705
L	25345	250	*	*	*	*	*	562206	*
H	25345	212	99.5	+	0	0	212M38I	541a78bbd9b2feca494957a3d99c90ed	562206
L	116419	250	*	*	*	*	*	1720567	*
H	116419	212	100.0	+	0	0	212M38I	9588050e0c61dad9196b2ad6aeb8fcad	1720567
L	10908	250	*	*	*	*	*	810598	*
H	10908	212	99.1	+	0	0	212M38I	9588050e0c61dad9196b2ad6aeb8fcad	810598
L	108455	250	*	*	*	*	*	34844	*
H	108455	212	97.2	+	0	0	212M38I	9588050e0c61dad9196b2ad6aeb8fcad	34844
H	95847	212	97.2	+	0	0	212M38I	0534757f38449f6cf980b2eb1bcde6b6	143806
H	136436	212	97.2	+	0	0	212M38I	0534757f38449f6cf980b2eb1bcde6b6	2879596
L	191767	250	*	*	*	*	*	4453020	*
H	191767	212	97.2	+	0	0	212M38I	0534757f38449f6cf980b2eb1bcde6b6	4453020
H	84125	212	98.6	+	0	0	212M38I	0534757f38449f6cf980b2eb1bcde6b6	189071
H	150881	212	98.1	+	0	0	212M38I	0534757f38449f6cf980b2eb1bcde6b6	3748718
H	200865	212	100.0	+	0	0	212M38I	8968cf8f1b99d58366ee3b5ac0d66c5d	1706861
L	202449	250	*	*	*	*	*	4372917	*
H	202449	212	97.2	+	0	0	212M38I	8968cf8f1b99d58366ee3b5ac0d66c5d	4372917
H	199544	212	98.6	+	0	0	212M38I	8968cf8f1b99d58366ee3b5ac0d66c5d	222407
L	120128	250	*	*	*	*	*	1932901	*
H	120128	212	99.5	+	0	0	212M38I	1fb8ba60faab2e44c8636f0f5910eec9	1932901
L	120177	250	*	*	*	*	*	1935192	*
H	120177	212	99.5	+	0	0	212M38I	1fb8ba60faab2e44c8636f0f5910eec9	1935192
L	120423	250	*	*	*	*	*	1944498	*
H	120423	212	98.6	+	0	0	212M38I	1fb8ba60faab2e44c8636f0f5910eec9	1944498
L	82595	250	*	*	*	*	*	193591	*
H	82595	212	99.5	+	0	0	212M38I	1fb8ba60faab2e44c8636f0f5910eec9	193591
L	120475	250	*	*	*	*	*	1948116	*
H	120475	212	99.5	+	0	0	212M38I	1fb8ba60faab2e44c8636f0f5910eec9	1948116
L	98951	250	*	*	*	*	*	128604	*
H	98951	212	100.0	+	0	0	212M38I	0b9e34ac9948cd012cf35dedab715c35	128604
L	89857	250	*	*	*	*	*	170011	*
H	89857	212	97.6	+	0	0	212M38I	0b9e34ac9948cd012cf35dedab715c35	170011
L	112571	250	*	*	*	*	*	1418	*
H	112571	212	97.6	+	0	0	212M38I	0b9e34ac9948cd012cf35dedab715c35	1418
L	200210	250	*	*	*	*	*	125020	*
H	200210	212	100.0	+	0	0	212M38I	d767b91077a182e12d425de96bc9f400	125020
L	55537	250	*	*	*	*	*	310046	*
H	55537	212	100.0	+	0	0	212M38I	40d0e544aca1f7000da9d2e1b8d0b728	310046
L	157376	250	*	*	*	*	*	4128270	*
H	157376	212	100.0	+	0	0	135MI77M37I	40d0e544aca1f7000da9d2e1b8d0b728	4128270
L	5643	250	*	*	*	*	*	930834	*
H	5643	212	98.1	+	0	0	212M38I	40d0e544aca1f7000da9d2e1b8d0b728	930834
L	15219	250	*	*	*	*	*	670210	*
H	15219	212	100.0	+	0	0	212M38I	40d0e544aca1f7000da9d2e1b8d0b728	670210
L	55165	250	*	*	*	*	*	311522	*
H	55165	212	100.0	+	0	0	212M38I	40d0e544aca1f7000da9d2e1b8d0b728	311522
L	62732	250	*	*	*	*	*	278335	*
H	62732	212	98.1	+	0	0	212M38I	aadbac24cfeef6bb5bf7e3f0620b758b	278335
L	99543	250	*	*	*	*	*	114723	*
H	99543	212	99.5	+	0	0	212M38I	aadbac24cfeef6bb5bf7e3f0620b758b	114723
L	151197	250	*	*	*	*	*	3767467	*
H	151197	212	99.1	+	0	0	212M38I	aadbac24cfeef6bb5bf7e3f0620b758b	3767467
L	136799	250	*	*	*	*	*	1105494	*
H	136799	212	99.1	+	0	0	32MD179M39I	aadbac24cfeef6bb5bf7e3f0620b758b	1105494
L	108935	250	*	*	*	*	*	27647	*
H	108935	212	100.0	+	0	0	212M38I	aadbac24cfeef6bb5bf7e3f0620b758b	27647
L	200524	250	*	*	*	*	*	46167	*
H	200524	212	100.0	+	0	0	212M38I	d821cc8854024b09ad7183d30d2e0b60	46167
L	201034	250	*	*	*	*	*	1132808	*
H	201034	212	99.5	+	0	0	212M38I	d821cc8854024b09ad7183d30d2e0b60	1132808
L	199471	250	*	*	*	*	*	241978	*
H	199471	212	100.0	+	0	0	212M38I	d821cc8854024b09ad7183d30d2e0b60	241978
L	198239	250	*	*	*	*	*	750307	*
H	198239	212	98.6	+	0	0	20MI71MI121M36I	d821cc8854024b09ad7183d30d2e0b60	750307
L	198830	250	*	*	*	*	*	512716	*
H	198830	212	98.6	+	0	0	212M38I	d821cc8854024b09ad7183d30d2e0b60	512716
H	109477	212	97.6	+	0	0	212M38I	10fe1e4c748fee16a9deae553cdb8961	19059
H	66809	212	97.6	+	0	0	66MI11MI135M36I	10fe1e4c748fee16a9deae553cdb8961	264792
H	111287	212	98.6	+	0	0	212M38I	10fe1e4c748fee16a9deae553cdb8961	8732
H	111288	212	99.5	+	0	0	212M38I	10fe1e4c748fee16a9deae553cdb8961	8729
H	111290	212	100.0	+	0	0	212M38I	10fe1e4c748fee16a9deae553cdb8961	8706
L	109707	250	*	*	*	*	*	16103	*
H	109707	212	100.0	+	0	0	212M38I	d39fd2ae486b7cf75c61fd36de983610	16103
L	114434	250	*	*	*	*	*	1611605	*
H	114434	212	100.0	+	0	0	212M38I	d39fd2ae486b7cf75c61fd36de983610	1611605
L	117859	250	*	*	*	*	*	1803423	*
H	117859	212	100.0	+	0	0	212M38I	d39fd2ae486b7cf75c61fd36de983610	1803423
L	42028	250	*	*	*	*	*	367376	*
H	42028	212	100.0	+	0	0	212M38I	d39fd2ae486b7cf75c61fd36de983610	367376
L	192230	250	*	*	*	*	*	4455451	*
H	192230	212	98.6	+	0	0	212M38I	d39fd2ae486b7cf75c61fd36de983610	4455451
L	99560	250	*	*	*	*	*	114664	*
H	99560	212	99.5	+	0	0	212M38I	58b1cfa725589a284fdf75901ae9bee3	114664
L	96094	250	*	*	*	*	*	143100	*
H	96094	212	100.0	+	0	0	212M38I	58b1cfa725589a284fdf75901ae9bee3	143100
L	112285	250	*	*	*	*	*	2692	*
H	112285	212	98.6	+	0	0	212M38I	58b1cfa725589a284fdf75901ae9bee3	2692
L	112286	250	*	*	*	*	*	2690	*
H	112286	212	99.5	+	0	0	212M38I	58b1cfa725589a284fdf75901ae9bee3	2690
L	112287	250	*	*	*	*	*	2689	*
H	112287	212	99.5	+	0	0	212M38I	58b1cfa725589a284fdf75901ae9bee3	2689
H	101160	212	97.2	+	0	0	212M38I	cd350ec5de0315f2c6e770b53ca5a086	108977
L	101331	250	*	*	*	*	*	108146	*
H	101331	212	98.1	+	0	0	212M38I	cd350ec5de0315f2c6e770b53ca5a086	108146
L	128213	250	*	*	*	*	*	2402434	*
H	128213	212	98.6	+	0	0	72MI140M37I	cd350ec5de0315f2c6e770b53ca5a086	2402434
H	182393	212	97.2	+	0	0	212M38I	cd350ec5de0315f2c6e770b53ca5a086	4405852
L	155463	250	*	*	*	*	*	4014987	*
H	155463	212	97.6	+	0	0	212M38I	cd350ec5de0315f2c6e770b53ca5a086	4014987
L	41466	250	*	*	*	*	*	370119	*
H	41466	212	98.6	+	0	0	212M38I	fdc1678af5e8187e08ca4c231f174a06	370119
L	52283	250	*	*	*	*	*	323458	*
H	52283	212	99.5	+	0	0	212M38I	fdc1678af5e8187e08ca4c231f174a06	323458
L	48738	250	*	*	*	*	*	337898	*
H	48738	212	97.2	+	0	0	212M38I	fdc1678af5e8187e08ca4c231f174a06	337898
L	112918	250	*	*	*	*	*	1108904	*
H	112918	212	100.0	+	0	0	212M38I	fdc1678af5e8187e08ca4c231f174a06	1108904
L	48659	250	*	*	*	*	*	338142	*
H	48659	212	99.1	+	0	0	212M38I	fdc1678af5e8187e08ca4c231f174a06	338142
L	102376	250	*	*	*	*	*	103895	*
H	102376	212	100.0	+	0	0	188MI24M37I	2e6d0ad7b575245f0b521fc54e8220c0	103895
L	37493	250	*	*	*	*	*	511878	*
H	37493	212	97.6	+	0	0	212M38I	2e6d0ad7b575245f0b521fc54e8220c0	511878
L	5530	250	*	*	*	*	*	935044	*
H	5530	212	100.0	+	0	0	212M38I	2e6d0ad7b575245f0b521fc54e8220c0	935044
L	37790	250	*	*	*	*	*	510898	*
H	37790	212	98.6	+	0	0	212M38I	2e6d0ad7b575245f0b521fc54e8220c0	510898
L	38487	250	*	*	*	*	*	503261	*
H	38487	212	100.0	+	0	0	212M38I	2e6d0ad7b575245f0b521fc54e8220c0	503261
L	172572	250	*	*	*	*	*	4355582	*
H	172572	212	100.0	+	0	0	27MI185M37I	40d9e96132028e33db3380e56754e864	4355582
L	169911	250	*	*	*	*	*	4341492	*
H	169911	212	99.5	+	0	0	212M38I	40d9e96132028e33db3380e56754e864	4341492
L	169433	250	*	*	*	*	*	4339149	*
H	169433	212	99.5	+	0	0	212M38I	40d9e96132028e33db3380e56754e864	4339149
L	168921	250	*	*	*	*	*	4336595	*
H	168921	212	100.0	+	0	0	212M38I	40d9e96132028e33db3380e56754e864	4336595
L	167454	250	*	*	*	*	*	4329229	*
H	167454	212	100.0	+	0	0	212M38I	40d9e96132028e33db3380e56754e864	4329229
L	39443	250	*	*	*	*	*	446937	*
H	39443	212	97.6	+	0	0	212M38I	4d52db9f3cd83c983b1fdbd9eb9445b5	446937
L	39090	250	*	*	*	*	*	459777	*
H	39090	212	99.1	+	0	0	212M38I	4d52db9f3cd83c983b1fdbd9eb9445b5	459777
L	110314	250	*	*	*	*	*	13451	*
H	110314	212	97.6	+	0	0	14MD17MD45MD133M41I	4d52db9f3cd83c983b1fdbd9eb9445b5	13451
L	41134	250	*	*	*	*	*	380264	*
H	41134	212	99.1	+	0	0	212M38I	4d52db9f3cd83c983b1fdbd9eb9445b5	380264
L	39172	250	*	*	*	*	*	456164	*
H	39172	212	97.2	+	0	0	212M38I	4d52db9f3cd83c983b1fdbd9eb9445b5	456164
H	120128	212	100.0	+	0	0	212M38I	2b8d090d9b6530a9d4fa2392436fcdd9	1932901
H	120177	212	100.0	+	0	0	212M38I	2b8d090d9b6530a9d4fa2392436fcdd9	1935192
H	120423	212	99.1	+	0	0	212M38I	2b8d090d9b6530a9d4fa2392436fcdd9	1944498
H	82595	212	100.0	+	0	0	212M38I	2b8d090d9b6530a9d4fa2392436fcdd9	193591
H	120475	212	100.0	+	0	0	212M38I	2b8d090d9b6530a9d4fa2392436fcdd9	1948116
L	177041	250	*	*	*	*	*	4378477	*
H	177041	212	97.6	+	0	0	212M38I	58d17e30409dacae29f6e7df0e74c16a	4378477
L	114657	250	*	*	*	*	*	814252	*
H	114657	212	98.1	+	0	0	212M38I	58d17e30409dacae29f6e7df0e74c16a	814252
L	91588	250	*	*	*	*	*	161312	*
H	91588	212	100.0	+	0	0	212M38I	58d17e30409dacae29f6e7df0e74c16a	161312
L	62555	250	*	*	*	*	*	278789	*
H	62555	212	97.2	+	0	0	212M38I	58d17e30409dacae29f6e7df0e74c16a	278789
L	189787	250	*	*	*	*	*	4442628	*
H	189787	212	99.1	+	0	0	212M38I	58d17e30409dacae29f6e7df0e74c16a	4442628
L	73259	250	*	*	*	*	*	239872	*
H	73259	212	100.0	+	0	0	212M38I	83200b3d61a95f0106a8efe9e923e383	239872
L	180217	250	*	*	*	*	*	4394509	*
H	180217	212	100.0	+	0	0	212M38I	83200b3d61a95f0106a8efe9e923e383	4394509
L	191620	250	*	*	*	*	*	4452365	*
H	191620	212	99.5	+	0	0	212M38I	83200b3d61a95f0106a8efe9e923e383	4452365
L	184977	250	*	*	*	*	*	4418786	*
H	184977	212	100.0	+	0	0	212M38I	83200b3d61a95f0106a8efe9e923e383	4418786
L	149284	250	*	*	*	*	*	3650222	*
H	149284	212	99.1	+	0	0	159M2I11MI42M35I	83200b3d61a95f0106a8efe9e923e383	3650222
L	148885	250	*	*	*	*	*	3623950	*
H	148885	212	100.0	+	0	0	212M38I	3333b0876ecec670fa2281305ce310e1	3623950
L	62212	250	*	*	*	*	*	279629	*
H	62212	212	98.1	+	0	0	212M38I	3333b0876ecec670fa2281305ce310e1	279629
L	142456	250	*	*	*	*	*	752973	*
H	142456	212	97.6	+	0	0	212M38I	3333b0876ecec670fa2281305ce310e1	752973
L	57027	250	*	*	*	*	*	303702	*
H	57027	212	98.1	+	0	0	212M38I	3333b0876ecec670fa2281305ce310e1	303702
L	15202	250	*	*	*	*	*	670606	*
H	15202	212	97.6	+	0	0	212M38I	3333b0876ecec670fa2281305ce310e1	670606
L	109591	250	*	*	*	*	*	17081	*
H	109591	212	100.0	+	0	0	212M38I	3d8e0a42a89a407ed80f705a8600aa85	17081
L	112197	250	*	*	*	*	*	3125	*
H	112197	212	98.1	+	0	0	177MD34M39I	3d8e0a42a89a407ed80f705a8600aa85	3125
L	91971	250	*	*	*	*	*	159887	*
H	91971	212	100.0	+	0	0	212M38I	3d8e0a42a89a407ed80f705a8600aa85	159887
L	3492	250	*	*	*	*	*	1011502	*
H	3492	212	98.6	+	0	0	212M38I	3d8e0a42a89a407ed80f705a8600aa85	1011502
L	32020	250	*	*	*	*	*	534758	*
H	32020	212	97.6	+	0	0	212M38I	3d8e0a42a89a407ed80f705a8600aa85	534758
L	123497	250	*	*	*	*	*	2125506	*
H	123497	212	100.0	+	0	0	212M38I	0e42350decb6db7ff28c15436f01afe0	2125506
L	123580	250	*	*	*	*	*	1128905	*
H	123580	212	99.5	+	0	0	212M38I	0e42350decb6db7ff28c15436f01afe0	1128905
L	72846	250	*	*	*	*	*	241441	*
H	72846	212	100.0	+	0	0	212M38I	0e42350decb6db7ff28c15436f01afe0	241441
L	182246	250	*	*	*	*	*	4405114	*
H	182246	212	100.0	+	0	0	32MI35MI145M36I	0e42350decb6db7ff28c15436f01afe0	4405114
L	111844	250	*	*	*	*	*	5441	*
H	111844	212	98.6	+	0	0	212M38I	0e42350decb6db7ff28c15436f01afe0	5441
H	120128	212	99.5	+	0	0	212M38I	e984e5d194908c248ca08e2884f60c0b	1932901
H	120177	212	99.5	+	0	0	212M38I	e984e5d194908c248ca08e2884f60c0b	1935192
H	120423	212	98.6	+	0	0	212M38I	e984e5d194908c248ca08e2884f60c0b	1944498
H	82595	212	99.5	+	0	0	212M38I	e984e5d194908c248ca08e2884f60c0b	193591
H	120475	212	99.5	+	0	0	212M38I	e984e5d194908c248ca08e2884f60c0b	1948116
L	44730	250	*	*	*	*	*	354116	*
H	44730	212	98.1	+	0	0	212M38I	b213c63542d173ea4ee4620979598bd8	354116
L	136594	250	*	*	*	*	*	1128104	*
H	136594	212	99.5	+	0	0	212M38I	b213c63542d173ea4ee4620979598bd8	1128104
L	54721	250	*	*	*	*	*	313176	*
H	54721	212	98.1	+	0	0	212M38I	b213c63542d173ea4ee4620979598bd8	313176
L	112580	250	*	*	*	*	*	1317	*
H	112580	212	97.6	+	0	0	212M38I	b213c63542d173ea4ee4620979598bd8	1317
L	72247	250	*	*	*	*	*	243944	*
H	72247	212	99.5	+	0	0	212M38I	b213c63542d173ea4ee4620979598bd8	243944
H	164014	212	97.2	+	0	0	212M38I	b5233e48b77042a2697f76013d63b3ed	4312443
H	141181	212	97.2	+	0	0	212M38I	b5233e48b77042a2697f76013d63b3ed	1123233
H	48383	212	97.2	+	0	0	212M37I	b5233e48b77042a2697f76013d63b3ed	339185
H	140999	212	97.2	+	0	0	212M38I	b5233e48b77042a2697f76013d63b3ed	717940
L	140882	250	*	*	*	*	*	3146787	*
H	140882	212	97.2	+	0	0	212M38I	b5233e48b77042a2697f76013d63b3ed	3146787
L	55476	250	*	*	*	*	*	310308	*
H	55476	212	100.0	+	0	0	212M38I	9fe1a95916406d360c9e94b1e4cec226	310308
L	171011	250	*	*	*	*	*	4347381	*
H	171011	212	100.0	+	0	0	212M38I	9fe1a95916406d360c9e94b1e4cec226	4347381
L	161409	250	*	*	*	*	*	4300206	*
H	161409	212	100.0	+	0	0	212M38I	9fe1a95916406d360c9e94b1e4cec226	4300206
L	103598	250	*	*	*	*	*	99127	*
H	103598	212	100.0	+	0	0	212M38I	9fe1a95916406d360c9e94b1e4cec226	99127
L	101380	250	*	*	*	*	*	107850	*
H	101380	212	100.0	+	0	0	212M38I	9fe1a95916406d360c9e94b1e4cec226	107850
L	28439	250	*	*	*	*	*	549585	*
H	28439	212	100.0	+	0	0	212M38I	f1011db6cf6e03dcc5f3fdc083cfd845	549585
L	169665	250	*	*	*	*	*	4340454	*
H	169665	212	100.0	+	0	0	212M38I	f1011db6cf6e03dcc5f3fdc083cfd845	4340454
L	161305	250	*	*	*	*	*	4299663	*
H	161305	212	100.0	+	0	0	212M38I	f1011db6cf6e03dcc5f3fdc083cfd845	4299663
L	151055	250	*	*	*	*	*	880816	*
H	151055	212	100.0	+	0	0	212M38I	f1011db6cf6e03dcc5f3fdc083cfd845	880816
L	103954	250	*	*	*	*	*	94550	*
H	103954	212	99.5	+	0	0	212M38I	f1011db6cf6e03dcc5f3fdc083cfd845	94550
L	170004	250	*	*	*	*	*	4341986	*
H	170004	212	98.1	+	0	0	212M38I	71377a659973f8108dec7aadcaed7c4e	4341986
L	40134	250	*	*	*	*	*	419248	*
H	40134	212	99.1	+	0	0	212M38I	71377a659973f8108dec7aadcaed7c4e	419248
L	44576	250	*	*	*	*	*	354765	*
H	44576	212	99.1	+	0	0	212M38I	71377a659973f8108dec7aadcaed7c4e	354765
L	170003	250	*	*	*	*	*	4341985	*
H	170003	212	98.1	+	0	0	212M38I	71377a659973f8108dec7aadcaed7c4e	4341985
L	71668	250	*	*	*	*	*	246282	*
H	71668	212	99.1	+	0	0	212M38I	71377a659973f8108dec7aadcaed7c4e	246282
L	142608	250	*	*	*	*	*	1082462	*
H	142608	212	99.5	+	0	0	212M38I	0767f946608b3f8d40b1b593f3cb2a97	1082462
L	7116	250	*	*	*	*	*	873559	*
H	7116	212	99.1	+	0	0	10MI26MI22MD153M37I	0767f946608b3f8d40b1b593f3cb2a97	873559
L	185584	250	*	*	*	*	*	936080	*
H	185584	212	99.5	+	0	0	212M38I	0767f946608b3f8d40b1b593f3cb2a97	936080
L	142963	250	*	*	*	*	*	1006821	*
H	142963	212	99.1	+	0	0	212M38I	0767f946608b3f8d40b1b593f3cb2a97	1006821
L	144407	250	*	*	*	*	*	987002	*
H	144407	212	99.1	+	0	0	212M38I	0767f946608b3f8d40b1b593f3cb2a97	987002
L	50042	250	*	*	*	*	*	332523	*
H	50042	212	100.0	+	0	0	212M38I	8e8009be4a28b1b4de9a3a520f87a897	332523
L	109709	250	*	*	*	*	*	16099	*
H	109709	212	100.0	+	0	0	212M38I	8e8009be4a28b1b4de9a3a520f87a897	16099
L	95550	250	*	*	*	*	*	144686	*
H	95550	212	100.0	+	0	0	212M38I	8e8009be4a28b1b4de9a3a520f87a897	144686
L	109714	250	*	*	*	*	*	16091	*
H	109714	212	99.1	+	0	0	212M38I	8e8009be4a28b1b4de9a3a520f87a897	16091
L	180716	250	*	*	*	*	*	4396929	*
H	180716	212	99.5	+	0	0	212M38I	8e8009be4a28b1b4de9a3a520f87a897	4396929
L	101906	250	*	*	*	*	*	105674	*
H	101906	212	100.0	+	0	0	212M38I	11dde65fd99e96c4b45dc14e445cfe27	105674
L	67680	250	*	*	*	*	*	261896	*
H	67680	212	99.5	+	0	0	212M38I	11dde65fd99e96c4b45dc14e445cfe27	261896
L	114331	250	*	*	*	*	*	606835	*
H	114331	212	100.0	+	0	0	212M38I	11dde65fd99e96c4b45dc14e445cfe27	606835
L	7610	250	*	*	*	*	*	854946	*
H	7610	212	99.5	+	0	0	212M38I	11dde65fd99e96c4b45dc14e445cfe27	854946
L	148036	250	*	*	*	*	*	823916	*
H	148036	212	100.0	+	0	0	212M38I	11dde65fd99e96c4b45dc14e445cfe27	823916
H	62732	212	97.6	+	0	0	212M38I	f4414c70c7079f52a52db4997d33faa8	278335
H	99543	212	99.1	+	0	0	212M38I	f4414c70c7079f52a52db4997d33faa8	114723
H	151197	212	98.6	+	0	0	212M38I	f4414c70c7079f52a52db4997d33faa8	3767467
H	136799	212	98.6	+	0	0	32MD179M39I	f4414c70c7079f52a52db4997d33faa8	1105494
H	108935	212	99.5	+	0	0	212M38I	f4414c70c7079f52a52db4997d33faa8	27647
L	108789	250	*	*	*	*	*	29704	*
H	108789	212	99.5	+	0	0	212M38I	f3ed2d35deef46c78e4c688d034cfc72	29704
L	10474	250	*	*	*	*	*	814411	*
H	10474	212	99.5	+	0	0	212M38I	f3ed2d35deef46c78e4c688d034cfc72	814411
L	179806	250	*	*	*	*	*	4392311	*
H	179806	212	98.6	+	0	0	212M38I	f3ed2d35deef46c78e4c688d034cfc72	4392311
L	73243	250	*	*	*	*	*	239943	*
H	73243	212	98.6	+	0	0	212M38I	f3ed2d35deef46c78e4c688d034cfc72	239943
L	192369	250	*	*	*	*	*	4456068	*
H	192369	212	99.5	+	0	0	212M38I	f3ed2d35deef46c78e4c688d034cfc72	4456068
L	60567	250	*	*	*	*	*	291230	*
H	60567	212	100.0	+	0	0	212M38I	6cf7835ac77f1051cfee13956a9c2568	291230
L	90567	250	*	*	*	*	*	166427	*
H	90567	212	100.0	+	0	0	212M38I	6cf7835ac77f1051cfee13956a9c2568	166427
L	60455	250	*	*	*	*	*	291615	*
H	60455	212	100.0	+	0	0	212M38I	6cf7835ac77f1051cfee13956a9c2568	291615
L	60453	250	*	*	*	*	*	291617	*
H	60453	212	100.0	+	0	0	212M38I	6cf7835ac77f1051cfee13956a9c2568	291617
L	90635	250	*	*	*	*	*	166022	*
H	90635	212	99.5	+	0	0	212M38I	6cf7835ac77f1051cfee13956a9c2568	166022
L	178163	250	*	*	*	*	*	4384160	*
H	178163	212	100.0	+	0	0	6MI206M37I	5b5cb6f23e21b5c32932dd36c6c9f461	4384160
L	182790	250	*	*	*	*	*	4407969	*
H	182790	212	98.6	+	0	0	212M38I	5b5cb6f23e21b5c32932dd36c6c9f461	4407969
L	16274	250	*	*	*	*	*	632387	*
H	16274	212	97.6	+	0	0	212M38I	5b5cb6f23e21b5c32932dd36c6c9f461	632387
L	22221	250	*	*	*	*	*	575419	*
H	22221	212	97.2	+	0	0	212M38I	5b5cb6f23e21b5c32932dd36c6c9f461	575419
L	190863	250	*	*	*	*	*	4448219	*
H	190863	212	97.2	+	0	0	212M38I	5b5cb6f23e21b5c32932dd36c6c9f461	4448219
L	42986	250	*	*	*	*	*	362556	*
H	42986	212	98.6	+	0	0	212M38I	0bdbc6ccbf3773bdd041c7f685248aa5	362556
L	186851	250	*	*	*	*	*	4427907	*
H	186851	212	97.6	+	0	0	212M38I	0bdbc6ccbf3773bdd041c7f685248aa5	4427907
L	99963	250	*	*	*	*	*	113542	*
H	99963	212	97.6	+	0	0	212M38I	0bdbc6ccbf3773bdd041c7f685248aa5	113542
L	108735	250	*	*	*	*	*	30569	*
H	108735	212	97.6	+	0	0	212M38I	0bdbc6ccbf3773bdd041c7f685248aa5	30569
L	43955	250	*	*	*	*	*	357584	*
H	43955	212	99.1	+	0	0	212M38I	0bdbc6ccbf3773bdd041c7f685248aa5	357584
L	178759	250	*	*	*	*	*	4387155	*
H	178759	212	99.1	+	0	0	212M38I	d49e9535a3b2d04b36cf5554322c6823	4387155
L	155935	250	*	*	*	*	*	1112821	*
H	155935	212	98.6	+	0	0	212M38I	d49e9535a3b2d04b36cf5554322c6823	1112821
L	138466	250	*	*	*	*	*	1108426	*
H	138466	212	97.6	+	0	0	212M38I	d49e9535a3b2d04b36cf5554322c6823	1108426
L	947	250	*	*	*	*	*	1105318	*
H	947	212	99.1	+	0	0	212M38I	d49e9535a3b2d04b36cf5554322c6823	1105318
L	38805	250	*	*	*	*	*	471224	*
H	38805	212	100.0	+	0	0	212M38I	d49e9535a3b2d04b36cf5554322c6823	471224
L	70007	250	*	*	*	*	*	253004	*
H	70007	212	100.0	+	0	0	212M38I	e825d7cb170763985e5be12fbb66eeb2	253004
L	69735	250	*	*	*	*	*	254183	*
H	69735	212	98.6	+	0	0	212M38I	e825d7cb170763985e5be12fbb66eeb2	254183
L	83385	250	*	*	*	*	*	191225	*
H	83385	212	99.1	+	0	0	212M38I	e825d7cb170763985e5be12fbb66eeb2	191225
L	81447	250	*	*	*	*	*	196961	*
H	81447	212	99.1	+	0	0	212M38I	e825d7cb170763985e5be12fbb66eeb2	196961
L	63637	250	*	*	*	*	*	275529	*
H	63637	212	98.6	+	0	0	212M38I	e825d7cb170763985e5be12fbb66eeb2	275529
L	200964	250	*	*	*	*	*	1885221	*
H	200964	212	99.5	+	0	0	212M38I	60dcd82e3b3eb598f1a1df4a1d5ded9a	1885221
L	199779	250	*	*	*	*	*	179917	*
H	199779	212	100.0	+	0	0	212M38I	60dcd82e3b3eb598f1a1df4a1d5ded9a	179917
L	200462	250	*	*	*	*	*	70924	*
H	200462	212	100.0	+	0	0	212M38I	60dcd82e3b3eb598f1a1df4a1d5ded9a	70924
L	199892	250	*	*	*	*	*	157349	*
H	199892	212	98.6	+	0	0	134MI78M37I	60dcd82e3b3eb598f1a1df4a1d5ded9a	157349
L	201947	250	*	*	*	*	*	3906081	*
H	201947	212	98.6	+	0	0	212M38I	60dcd82e3b3eb598f1a1df4a1d5ded9a	3906081
L	135406	250	*	*	*	*	*	2825277	*
H	135406	212	99.5	+	0	0	212M38I	710f9206159c2bbb9d9932862c338ac3	2825277
H	136436	212	98.1	+	0	0	212M38I	710f9206159c2bbb9d9932862c338ac3	2879596
L	89628	250	*	*	*	*	*	171289	*
H	89628	212	100.0	+	0	0	212M38I	710f9206159c2bbb9d9932862c338ac3	171289
L	84260	250	*	*	*	*	*	188667	*
H	84260	212	98.1	+	0	0	212M38I	710f9206159c2bbb9d9932862c338ac3	188667
H	84125	212	97.2	+	0	0	212M38I	710f9206159c2bbb9d9932862c338ac3	189071
L	57295	250	*	*	*	*	*	302650	*
H	57295	212	100.0	+	0	0	212M38I	238417be42b85853bf347af91b94a844	302650
L	58046	250	*	*	*	*	*	300180	*
H	58046	212	99.5	+	0	0	212M38I	238417be42b85853bf347af91b94a844	300180
L	58218	250	*	*	*	*	*	299518	*
H	58218	212	100.0	+	0	0	212M38I	238417be42b85853bf347af91b94a844	299518
L	59009	250	*	*	*	*	*	296604	*
H	59009	212	100.0	+	0	0	212M38I	238417be42b85853bf347af91b94a844	296604
L	89053	250	*	*	*	*	*	174005	*
H	89053	212	100.0	+	0	0	73MI139M37I	238417be42b85853bf347af91b94a844	174005
L	106731	250	*	*	*	*	*	62639	*
H	106731	212	100.0	+	0	0	212M38I	32fa30ad35b6cfcc1eecdc2824ba45d6	62639
L	153647	250	*	*	*	*	*	1033413	*
H	153647	212	100.0	+	0	0	212M38I	32fa30ad35b6cfcc1eecdc2824ba45d6	1033413
L	17594	250	*	*	*	*	*	592437	*
H	17594	212	100.0	+	0	0	212M38I	32fa30ad35b6cfcc1eecdc2824ba45d6	592437
L	107521	250	*	*	*	*	*	48898	*
H	107521	212	99.5	+	0	0	212M38I	32fa30ad35b6cfcc1eecdc2824ba45d6	48898
L	107762	250	*	*	*	*	*	45325	*
H	107762	212	99.5	+	0	0	212M38I	32fa30ad35b6cfcc1eecdc2824ba45d6	45325
L	165928	250	*	*	*	*	*	4321544	*
H	165928	212	98.6	+	0	0	212M38I	3befb3e069f2369ad507223dc795a663	4321544
L	162593	250	*	*	*	*	*	4305932	*
H	162593	212	99.1	+	0	0	212M38I	3befb3e069f2369ad507223dc795a663	4305932
H	165739	212	98.6	+	0	0	212M38I	3befb3e069f2369ad507223dc795a663	4320621
H	165704	212	99.5	+	0	0	212M38I	3befb3e069f2369ad507223dc795a663	4320461
H	165591	212	98.1	+	0	0	212M38I	3befb3e069f2369ad507223dc795a663	4319899
L	20815	250	*	*	*	*	*	580833	*
H	20815	212	100.0	+	0	0	212M38I	7f6ac91c8af71843ac5eed18d05c0056	580833
L	20934	250	*	*	*	*	*	580312	*
H	20934	212	100.0	+	0	0	212M38I	7f6ac91c8af71843ac5eed18d05c0056	580312
L	21345	250	*	*	*	*	*	578909	*
H	21345	212	100.0	+	0	0	212M38I	7f6ac91c8af71843ac5eed18d05c0056	578909
L	21494	250	*	*	*	*	*	578416	*
H	21494	212	100.0	+	0	0	212M38I	7f6ac91c8af71843ac5eed18d05c0056	578416
L	54056	250	*	*	*	*	*	316110	*
H	54056	212	100.0	+	0	0	212M38I	7f6ac91c8af71843ac5eed18d05c0056	316110
L	97265	250	*	*	*	*	*	138846	*
H	97265	212	99.1	+	0	0	69MD58MI84M38I	a9d54490f30296ac0c4c80c0fe9efbf8	138846
L	101675	250	*	*	*	*	*	106570	*
H	101675	212	100.0	+	0	0	212M38I	a9d54490f30296ac0c4c80c0fe9efbf8	106570
L	97848	250	*	*	*	*	*	136635	*
H	97848	212	100.0	+	0	0	212M38I	a9d54490f30296ac0c4c80c0fe9efbf8	136635
L	97878	250	*	*	*	*	*	136561	*
H	97878	212	100.0	+	0	0	212M38I	a9d54490f30296ac0c4c80c0fe9efbf8	136561
L	168508	250	*	*	*	*	*	4334666	*
H	168508	212	100.0	+	0	0	212M38I	a9d54490f30296ac0c4c80c0fe9efbf8	4334666
L	178148	250	*	*	*	*	*	4384076	*
H	178148	212	99.5	+	0	0	212M38I	a37e354bb9b8967a6191e2a65ca59441	4384076
L	73928	250	*	*	*	*	*	237302	*
H	73928	212	99.5	+	0	0	212M38I	a37e354bb9b8967a6191e2a65ca59441	237302
L	1572	250	*	*	*	*	*	1084950	*
H	1572	212	99.5	+	0	0	212M38I	a37e354bb9b8967a6191e2a65ca59441	1084950
L	115437	250	*	*	*	*	*	698344	*
H	115437	212	99.1	+	0	0	212M38I	a37e354bb9b8967a6191e2a65ca59441	698344
L	125764	250	*	*	*	*	*	2254348	*
H	125764	212	98.6	+	0	0	41MI12MI159M36I	a37e354bb9b8967a6191e2a65ca59441	2254348
L	93130	250	*	*	*	*	*	155255	*
H	93130	212	100.0	+	0	0	212M38I	abfa8e33d6ca88bdf4dad2131517b507	155255
L	13144	250	*	*	*	*	*	746357	*
H	13144	212	100.0	+	0	0	212M38I	abfa8e33d6ca88bdf4dad2131517b507	746357
L	125671	250	*	*	*	*	*	976588	*
H	125671	212	99.5	+	0	0	212M38I	abfa8e33d6ca88bdf4dad2131517b507	976588
L	6089	250	*	*	*	*	*	913279	*
H	6089	212	99.1	+	0	0	212M38I	abfa8e33d6ca88bdf4dad2131517b507	913279
L	100845	250	*	*	*	*	*	110300	*
H	100845	212	97.2	+	0	0	6MD205M39I	abfa8e33d6ca88bdf4dad2131517b507	110300
L	166732	250	*	*	*	*	*	4325521	*
H	166732	212	100.0	+	0	0	212M38I	5f5c4a189427d74f500f495c0ee45079	4325521
L	131063	250	*	*	*	*	*	710623	*
H	131063	212	100.0	+	0	0	212M38I	5c1e46913a173a43885e4739b1d46aae	710623
L	2931	250	*	*	*	*	*	1033671	*
H	2931	212	99.5	+	0	0	212M38I	5c1e46913a173a43885e4739b1d46aae	1033671
L	105935	250	*	*	*	*	*	72351	*
H	105935	212	98.6	+	0	0	212M38I	5c1e46913a173a43885e4739b1d46aae	72351
L	186689	250	*	*	*	*	*	4427114	*
H	186689	212	98.6	+	0	0	212M38I	5c1e46913a173a43885e4739b1d46aae	4427114
L	98443	250	*	*	*	*	*	132953	*
H	98443	212	100.0	+	0	0	212M38I	5c1e46913a173a43885e4739b1d46aae	132953
L	117163	250	*	*	*	*	*	1764715	*
H	117163	212	98.6	+	0	0	212M38I	c0cefdb70314726040ebe836f7190c8e	1764715
L	165180	250	*	*	*	*	*	4317939	*
H	165180	212	100.0	+	0	0	212M38I	c0cefdb70314726040ebe836f7190c8e	4317939
L	20267	250	*	*	*	*	*	582722	*
H	20267	212	100.0	+	0	0	212M38I	c0cefdb70314726040ebe836f7190c8e	582722
L	2843	250	*	*	*	*	*	1037380	*
H	2843	212	99.1	+	0	0	75MD136M39I	c0cefdb70314726040ebe836f7190c8e	1037380
L	121678	250	*	*	*	*	*	2026147	*
H	121678	212	99.5	+	0	0	212M38I	c0cefdb70314726040ebe836f7190c8e	2026147
L	112262	250	*	*	*	*	*	2776	*
H	112262	212	99.5	+	0	0	212M38I	76b2a5bf63330a41f5d64674a7e9f38e	2776
L	153235	250	*	*	*	*	*	866026	*
H	153235	212	99.1	+	0	0	212M38I	76b2a5bf63330a41f5d64674a7e9f38e	866026
L	156211	250	*	*	*	*	*	1014853	*
H	156211	212	98.6	+	0	0	212M38I	76b2a5bf63330a41f5d64674a7e9f38e	1014853
L	39400	250	*	*	*	*	*	448778	*
H	39400	212	98.6	+	0	0	212M38I	76b2a5bf63330a41f5d64674a7e9f38e	448778
L	183188	250	*	*	*	*	*	4409881	*
H	183188	212	100.0	+	0	0	212M38I	76b2a5bf63330a41f5d64674a7e9f38e	4409881
L	20717	250	*	*	*	*	*	581174	*
H	20717	212	100.0	+	0	0	212M38I	812089bfd95c5451e06def2cdd31c1d6	581174
L	140974	250	*	*	*	*	*	1139776	*
H	140974	212	99.5	+	0	0	212M38I	812089bfd95c5451e06def2cdd31c1d6	1139776
L	164346	250	*	*	*	*	*	4314102	*
H	164346	212	100.0	+	0	0	212M38I	812089bfd95c5451e06def2cdd31c1d6	4314102
L	176193	250	*	*	*	*	*	4374124	*
H	176193	212	99.5	+	0	0	198MI14M37I	812089bfd95c5451e06def2cdd31c1d6	4374124
L	194776	250	*	*	*	*	*	4468166	*
H	194776	212	100.0	+	0	0	212M38I	812089bfd95c5451e06def2cdd31c1d6	4468166
L	165395	250	*	*	*	*	*	4319095	*
H	165395	212	100.0	+	0	0	212M38I	7109305bef509e27e5598a09b5dc2343	4319095
L	40076	250	*	*	*	*	*	421277	*
H	40076	212	100.0	+	0	0	212M38I	7109305bef509e27e5598a09b5dc2343	421277
L	173272	250	*	*	*	*	*	4359133	*
H	173272	212	100.0	+	0	0	212M38I	7109305bef509e27e5598a09b5dc2343	4359133
L	9322	250	*	*	*	*	*	825031	*
H	9322	212	99.1	+	0	0	212M38I	7109305bef509e27e5598a09b5dc2343	825031
L	162058	250	*	*	*	*	*	4303249	*
H	162058	212	99.5	+	0	0	212M38I	7109305bef509e27e5598a09b5dc2343	4303249
H	135406	212	97.6	+	0	0	212M38I	d2cf9cf1ba83006b18aeea07cce6ab6e	2825277
H	95847	212	98.1	+	0	0	212M38I	d2cf9cf1ba83006b18aeea07cce6ab6e	143806
H	136436	212	98.1	+	0	0	212M38I	d2cf9cf1ba83006b18aeea07cce6ab6e	2879596
H	89628	212	97.2	+	0	0	212M38I	d2cf9cf1ba83006b18aeea07cce6ab6e	171289
H	84260	212	97.6	+	0	0	212M38I	d2cf9cf1ba83006b18aeea07cce6ab6e	188667
L	140651	250	*	*	*	*	*	1116720	*
H	140651	212	100.0	+	0	0	212M38I	d4f15d8c75005a7fa318eea2e477f18e	1116720
L	11266	250	*	*	*	*	*	807366	*
H	11266	212	99.5	+	0	0	212M38I	d4f15d8c75005a7fa318eea2e477f18e	807366
L	46876	250	*	*	*	*	*	345333	*
H	46876	212	100.0	+	0	0	212M38I	d4f15d8c75005a7fa318eea2e477f18e	345333
L	148418	250	*	*	*	*	*	824071	*
H	148418	212	100.0	+	0	0	212M38I	d4f15d8c75005a7fa318eea2e477f18e	824071
L	109163	250	*	*	*	*	*	24063	*
H	109163	212	100.0	+	0	0	212M38I	d4f15d8c75005a7fa318eea2e477f18e	24063
H	12021	212	98.1	+	0	0	212M38I	bf2f720ce7b8f06786e85e38e7fc2dbb	787697
L	108153	250	*	*	*	*	*	39523	*
H	108153	212	100.0	+	0	0	212M38I	bf2f720ce7b8f06786e85e38e7fc2dbb	39523
L	72552	250	*	*	*	*	*	242647	*
H	72552	212	100.0	+	0	0	212M38I	bf2f720ce7b8f06786e85e38e7fc2dbb	242647
L	195844	250	*	*	*	*	*	4473481	*
H	195844	212	100.0	+	0	0	212M38I	bf2f720ce7b8f06786e85e38e7fc2dbb	4473481
L	117141	250	*	*	*	*	*	655566	*
H	117141	212	97.6	+	0	0	212M38I	bf2f720ce7b8f06786e85e38e7fc2dbb	655566
L	141899	250	*	*	*	*	*	841400	*
H	141899	212	100.0	+	0	0	212M38I	d1323d6260f8bd1b91fecbcb7243c8b3	841400
L	97043	250	*	*	*	*	*	139962	*
H	97043	212	100.0	+	0	0	212M38I	d1323d6260f8bd1b91fecbcb7243c8b3	139962
L	46310	250	*	*	*	*	*	347649	*
H	46310	212	98.6	+	0	0	132MI80M37I	d1323d6260f8bd1b91fecbcb7243c8b3	347649
L	13106	250	*	*	*	*	*	747942	*
H	13106	212	99.1	+	0	0	212M38I	d1323d6260f8bd1b91fecbcb7243c8b3	747942
L	48213	250	*	*	*	*	*	339893	*
H	48213	212	98.6	+	0	0	212M38I	d1323d6260f8bd1b91fecbcb7243c8b3	339893
L	199374	250	*	*	*	*	*	252944	*
H	199374	212	100.0	+	0	0	212M38I	00ef0d71a92f79e7da8c19eed8914133	252944
D	1572	2	*	*	*	*	99.5	1084950	*
D	13144	2	*	*	*	*	100.0	746357	*
D	17594	2	*	*	*	*	100.0	592437	*
D	20267	2	*	*	*	*	100.0	582722	*
D	26946	2	*	*	*	*	100.0	555725	*
D	38487	2	*	*	*	*	100.0	503261	*
D	38805	2	*	*	*	*	100.0	471224	*
D	38875	2	*	*	*	*	100.0	467818	*
D	41134	2	*	*	*	*	99.1	380264	*
D	42028	2	*	*	*	*	100.0	367376	*
D	43955	2	*	*	*	*	99.1	357584	*
D	54056	2	*	*	*	*	100.0	316110	*
D	55165	2	*	*	*	*	100.0	311522	*
D	60453	2	*	*	*	*	100.0	291617	*
D	66809	2	*	*	*	*	99.5	264792	*
D	70007	2	*	*	*	*	100.0	253004	*
D	71668	2	*	*	*	*	99.1	246282	*
D	71994	2	*	*	*	*	100.0	244957	*
D	72213	2	*	*	*	*	100.0	244067	*
D	72247	2	*	*	*	*	99.5	243944	*
D	74042	2	*	*	*	*	100.0	236881	*
D	84125	2	*	*	*	*	98.6	189071	*
D	89053	2	*	*	*	*	100.0	174005	*
D	89628	2	*	*	*	*	100.0	171289	*
D	90949	2	*	*	*	*	100.0	164464	*
D	91306	2	*	*	*	*	100.0	162705	*
D	91588	2	*	*	*	*	100.0	161312	*
D	91971	2	*	*	*	*	100.0	159887	*
D	93426	2	*	*	*	*	100.0	154043	*
D	95550	2	*	*	*	*	100.0	144686	*
D	95847	2	*	*	*	*	100.0	143806	*
D	96094	2	*	*	*	*	100.0	143100	*
D	97043	2	*	*	*	*	100.0	139962	*
D	97057	2	*	*	*	*	100.0	139853	*
D	98443	2	*	*	*	*	100.0	132953	*
D	98951	2	*	*	*	*	100.0	128604	*
D	101380	2	*	*	*	*	100.0	107850	*
D	108935	3	*	*	*	*	99.8	27647	*
D	109163	2	*	*	*	*	100.0	24063	*
D	111290	2	*	*	*	*	100.0	8706	*
D	111454	2	*	*	*	*	100.0	7818	*
D	112918	2	*	*	*	*	100.0	1108904	*
D	113040	2	*	*	*	*	99.5	1526277	*
D	116419	2	*	*	*	*	100.0	1720567	*
D	117748	2	*	*	*	*	100.0	1796774	*
D	120173	2	*	*	*	*	100.0	1128009	*
D	120475	4	*	*	*	*	99.7	1948116	*
D	126374	2	*	*	*	*	100.0	753892	*
D	128213	2	*	*	*	*	98.6	2402434	*
D	136436	2	*	*	*	*	98.1	2879596	*
D	140882	2	*	*	*	*	97.2	3146787	*
D	140999	2	*	*	*	*	99.1	717940	*
D	144198	2	*	*	*	*	100.0	729112	*
D	144238	2	*	*	*	*	100.0	3341679	*
D	148036	2	*	*	*	*	100.0	823916	*
D	148885	2	*	*	*	*	100.0	3623950	*
D	151055	2	*	*	*	*	100.0	880816	*
D	152377	2	*	*	*	*	100.0	3835597	*
D	156873	2	*	*	*	*	100.0	1122504	*
D	162902	2	*	*	*	*	99.5	4307228	*
D	165624	2	*	*	*	*	99.5	4320063	*
D	165704	3	*	*	*	*	99.5	4320461	*
D	166732	2	*	*	*	*	100.0	4325521	*
D	167454	2	*	*	*	*	100.0	4329229	*
D	167792	2	*	*	*	*	100.0	4331023	*
D	168508	2	*	*	*	*	100.0	4334666	*
D	171036	2	*	*	*	*	100.0	4347534	*
D	171069	2	*	*	*	*	100.0	4347663	*
D	173272	2	*	*	*	*	100.0	4359133	*
D	178163	2	*	*	*	*	100.0	4384160	*
D	182246	2	*	*	*	*	100.0	4405114	*
D	183188	2	*	*	*	*	100.0	4409881	*
D	184977	2	*	*	*	*	100.0	4418786	*
D	185584	2	*	*	*	*	99.5	936080	*
D	191965	2	*	*	*	*	99.5	4453984	*
D	192369	2	*	*	*	*	99.5	4456068	*
D	194776	2	*	*	*	*	100.0	4468166	*
D	195844	2	*	*	*	*	100.0	4473481	*
D	198081	2	*	*	*	*	100.0	915156	*
D	199374	2	*	*	*	*	100.0	252944	*
D	199471	2	*	*	*	*	100.0	241978	*
D	199544	2	*	*	*	*	99.5	222407	*
D	200210	2	*	*	*	*	100.0	125020	*
D	200462	2	*	*	*	*	100.0	70924	*
D	200675	2	*	*	*	*	100.0	755	*
D	200865	2	*	*	*	*	100.0	1706861	*
D	201350	2	*	*	*	*	99.5	688488	*
D	201954	2	*	*	*	*	100.0	1141344	*
