UclustConsensusTaxonAssigner parameters:
id_to_taxonomy_filepath:/Users/nbokulich/Desktop/ref_dbs/gg_13_8_otus/taxonomy/99_otu_taxonomy.txt
id_to_taxonomy_fp:/Users/nbokulich/Desktop/ref_dbs/gg_13_8_otus/taxonomy/99_otu_taxonomy.txt
max_accepts:1
min_consensus_fraction:1.0
reference_sequences_fp:/Users/nbokulich/Desktop/ref_dbs/gg_13_8_otus/rep_set/99_otus/dna-sequences.fasta
similarity:0.9
unassignable_label:Unassigned
Result path: /var/folders/0t/l1dz88p50y91vx_22fx5w3780000gn/T/assign-taxZk7VGw

.uc file contents:

# uclust --input /Users/nbokulich/Desktop/projects/short-read-tax-assignment/data/mock-community/mock-18/rep_seqs.fna --id 0.9 --rev --maxaccepts 1 --allhits --libonly --lib /Users/nbokulich/Desktop/ref_dbs/gg_13_8_otus/rep_set/99_otus/dna-sequences.fasta --uc /var/folders/0t/l1dz88p50y91vx_22fx5w3780000gn/T/UclustConsensusTaxonAssigner_D17JSq.uc
# version=1.2.22
# Tab-separated fields:
# 1=Type, 2=ClusterNr, 3=SeqLength or ClusterSize, 4=PctId, 5=Strand, 6=QueryStart, 7=SeedStart, 8=Alignment, 9=QueryLabel, 10=TargetLabel
# Record types (field 1): L=LibSeed, S=NewSeed, H=Hit, R=Reject, D=LibCluster, C=NewCluster, N=NoHit
# For C and D types, PctId is average id with seed.
# QueryStart and SeedStart are zero-based relative to start of sequence.
# If minus strand, SeedStart is relative to reverse-complemented seed.
N	*	250	*	*	*	*	*	2047bc8b43fb4b412ffb83234f326fa9	*
L	91526	250	*	*	*	*	*	161579	*
H	91526	250	100.0	+	0	0	250M	dec4f574cdeb5d3c5638adb9c876a22a	161579
L	132334	250	*	*	*	*	*	696013	*
H	132334	250	100.0	+	0	0	250M	1b158b8b2922d4fcad5d9cea607cbb7d	696013
N	*	250	*	*	*	*	*	5826f6bd485381c0ba2f0cd08501a931	*
N	*	250	*	*	*	*	*	87487c968633558a98435ceb0e4d3d73	*
N	*	250	*	*	*	*	*	99c0b1c3dcc59fed839d68952f9e4a57	*
N	*	250	*	*	*	*	*	887ebdda26f18198378fa9a8f78a15c3	*
N	*	250	*	*	*	*	*	9deae3dce0d5ebad38349c5b4ae581cd	*
N	*	250	*	*	*	*	*	274b0ad331ea0c67fc5db4e9b77e7c18	*
L	182859	250	*	*	*	*	*	4408281	*
H	182859	250	100.0	+	0	0	250M	d65886bee0f292fbbf5fc64ff1bc0b24	4408281
N	*	250	*	*	*	*	*	79420c98f368be110dc07f233dff9075	*
N	*	250	*	*	*	*	*	cc1e427b91cf1d82cc74738924f57c87	*
N	*	250	*	*	*	*	*	1e35379d88089e27e07899b9df535e35	*
N	*	250	*	*	*	*	*	6a51a452d1a83fb05e2555a8aad21f69	*
L	123060	250	*	*	*	*	*	826738	*
H	123060	250	99.6	+	0	0	250M	0a1ecb6089d61b94f4d5627348bc349f	826738
L	116419	250	*	*	*	*	*	1720567	*
H	116419	250	99.6	+	0	0	250M	4d39e3fe1dc93133c1d17bf0c1fd8128	1720567
N	*	250	*	*	*	*	*	8d983bcb1195622b3bfb72f69d6d09a9	*
L	107645	250	*	*	*	*	*	46897	*
H	107645	250	100.0	+	0	0	250M	fe91de7cd0ac12581a8ad44bf81938b3	46897
N	*	250	*	*	*	*	*	f4a5bb35817150d51dfc9c328e23241b	*
N	*	250	*	*	*	*	*	657f9d6dd4404bd02c410df1f08eb9ef	*
N	*	250	*	*	*	*	*	cbfe405d76a8856bbd63a95c1ce934e2	*
N	*	250	*	*	*	*	*	e392356ed7ecaed507f51e6bf0ed5d78	*
N	*	250	*	*	*	*	*	3f5fc7486b02e2781b060204e6a03f80	*
N	*	250	*	*	*	*	*	2af11fac70f189643dfa7ed013359b29	*
N	*	250	*	*	*	*	*	1375e036d4bf6693e3d396afb96109f4	*
L	71994	250	*	*	*	*	*	244957	*
H	71994	250	100.0	+	0	0	250M	8b057a5364e57c0605a3ab444601d2fc	244957
N	*	250	*	*	*	*	*	1a7027993c37e1d023d3c01d16039178	*
L	97305	250	*	*	*	*	*	138650	*
H	97305	250	99.6	+	0	0	250M	14a2cd516d5bc0912630be6aeea6acfd	138650
N	*	250	*	*	*	*	*	7410570dffc21b8fd0c685074c61fd30	*
L	99738	250	*	*	*	*	*	114174	*
H	99738	250	100.0	+	0	0	250M	fdb690a39d34d55bf1aa55d52d3fcc41	114174
N	*	250	*	*	*	*	*	31e45add357068a08f98169312ea8f8e	*
L	144238	250	*	*	*	*	*	3341679	*
H	144238	250	99.6	+	0	0	250M	521080de462dfc157bdb3ec392a6c487	3341679
L	137749	250	*	*	*	*	*	982021	*
H	137749	250	98.8	+	0	0	242MD7MI	0f06e0a1fa729308fa8836fb4511de8c	982021
N	*	250	*	*	*	*	*	076a1b773bbbc7416cea1940b08de121	*
L	115366	250	*	*	*	*	*	1105502	*
H	115366	250	100.0	+	0	0	250M	094226930fb6d71f02c7b6124105e94b	1105502
L	158218	250	*	*	*	*	*	4183921	*
H	158218	250	99.6	+	0	0	250M	8826128724233ed3f97fec6429b3b5ef	4183921
L	181979	250	*	*	*	*	*	4403622	*
H	181979	250	100.0	+	0	0	250M	e5269e32edd47bb63709e25e22a6f0ae	4403622
N	*	250	*	*	*	*	*	2dd1dbc7bbcea120be366bf58ad9420c	*
N	*	250	*	*	*	*	*	cbe02502935a5dee81d1b0b4c11ec0a7	*
D	71994	2	*	*	*	*	100.0	244957	*
D	91526	2	*	*	*	*	100.0	161579	*
D	97305	2	*	*	*	*	99.6	138650	*
D	99738	2	*	*	*	*	100.0	114174	*
D	107645	2	*	*	*	*	100.0	46897	*
D	115366	2	*	*	*	*	100.0	1105502	*
D	116419	2	*	*	*	*	99.6	1720567	*
D	123060	2	*	*	*	*	99.6	826738	*
D	132334	2	*	*	*	*	100.0	696013	*
D	137749	2	*	*	*	*	98.8	982021	*
D	144238	2	*	*	*	*	99.6	3341679	*
D	158218	2	*	*	*	*	99.6	4183921	*
D	181979	2	*	*	*	*	100.0	4403622	*
D	182859	2	*	*	*	*	100.0	4408281	*
