UclustConsensusTaxonAssigner parameters:
id_to_taxonomy_filepath:/home/nbokulic/ref_seq_dbs/its_12_11_otus/taxonomy/97_otu_taxonomy.txt
id_to_taxonomy_fp:/home/nbokulic/ref_seq_dbs/its_12_11_otus/taxonomy/97_otu_taxonomy.txt
max_accepts:10
min_consensus_fraction:0.51
reference_sequences_fp:/home/nbokulic/ref_seq_dbs/its_12_11_otus/rep_set/97_otus.fasta
similarity:0.99
unassignable_label:Unassigned
Result path: "/scratch/assign-taxZYTOaLbGzIGEpFG0GH5k.txt"

.uc file contents:

# uclust --input /home/nbokulic/bewolf/psrotot/RDBW/rep_set.fna --id 0.99 --rev --maxaccepts 10 --allhits --libonly --lib /home/nbokulic/ref_seq_dbs/its_12_11_otus/rep_set/97_otus.fasta --uc /scratch/UclustConsensusTaxonAssigner_xGLGS9.uc
# version=1.2.22
# Tab-separated fields:
# 1=Type, 2=ClusterNr, 3=SeqLength or ClusterSize, 4=PctId, 5=Strand, 6=QueryStart, 7=SeedStart, 8=Alignment, 9=QueryLabel, 10=TargetLabel
# Record types (field 1): L=LibSeed, S=NewSeed, H=Hit, R=Reject, D=LibCluster, C=NewCluster, N=NoHit
# For C and D types, PctId is average id with seed.
# QueryStart and SeedStart are zero-based relative to start of sequence.
# If minus strand, SeedStart is relative to reverse-complemented seed.
L	9213	476	*	*	*	*	*	DQ683006	*
H	9213	101	100.0	+	0	0	11I101M364I	AB236002 Mock.2_4	DQ683006
L	51504	539	*	*	*	*	*	AB236002	*
H	51504	101	100.0	+	0	0	111I101M327I	AB236002 Mock.2_4	AB236002
L	23062	631	*	*	*	*	*	FJ820809	*
H	23062	85	100.0	+	0	0	5I85M541I	AM410602 Mock.1_7548	FJ820809
L	19840	584	*	*	*	*	*	GU721258	*
H	19840	85	100.0	+	0	0	22I85M477I	AM410602 Mock.1_7548	GU721258
N	*	92	*	*	*	*	*	DQ681335 Mock.1_1328	*
N	*	101	*	*	*	*	*	DQ683114 Mock.1_531	*
L	50376	435	*	*	*	*	*	EF199746	*
H	50376	101	99.0	+	0	0	12I101M322I	EF199746 Mock.1_0	EF199746
N	*	101	*	*	*	*	*	EF397557 Mock.2_15624	*
L	209	270	*	*	*	*	*	FJ759854	*
H	209	101	99.0	+	0	0	21I85MD15M149I	EU490021 Mock.1_1838	FJ759854
L	33479	583	*	*	*	*	*	GU721685	*
H	33479	101	99.0	+	0	0	22I85MD15M461I	EU490021 Mock.1_1838	GU721685
L	33480	594	*	*	*	*	*	GU721684	*
H	33480	101	99.0	+	0	0	22I85MD15M472I	EU490021 Mock.1_1838	GU721684
L	33482	589	*	*	*	*	*	GU721683	*
H	33482	101	99.0	+	0	0	22I85MD15M467I	EU490021 Mock.1_1838	GU721683
L	50769	1991	*	*	*	*	*	EF397557	*
H	50769	101	99.0	+	0	0	1744I85MD15M147I	EU490021 Mock.1_1838	EF397557
L	25941	620	*	*	*	*	*	HQ630976	*
H	25941	101	99.0	+	0	0	57I85MD15M463I	EU490021 Mock.1_1838	HQ630976
L	52265	1629	*	*	*	*	*	EU490021	*
H	52265	101	99.0	+	0	0	127I85MD15M1402I	EU490021 Mock.1_1838	EU490021
L	19843	705	*	*	*	*	*	AM410602	*
H	19843	101	99.0	+	0	0	137I101M467I	EU490021 Mock.1_1838	AM410602
H	19840	101	99.0	+	0	0	22I85MD15M462I	EU490021 Mock.1_1838	GU721258
L	13383	270	*	*	*	*	*	JF933755	*
H	13383	101	99.0	+	0	0	25I85MD15M145I	EU490021 Mock.1_1838	JF933755
L	23096	573	*	*	*	*	*	EU551202	*
H	23096	94	100.0	+	0	0	9I94M470I	EU551202 Mock.2_9983	EU551202
L	9493	284	*	*	*	*	*	JN905279	*
H	9493	83	100.0	+	0	0	23I65MI18M177I	FJ196614 Mock.2_39189	JN905279
L	35437	578	*	*	*	*	*	FJ196614	*
H	35437	83	100.0	+	0	0	9I65MI18M485I	FJ196614 Mock.2_39189	FJ196614
L	1822	1460	*	*	*	*	*	AF310977	*
H	1822	81	100.0	+	0	0	315I81M1064I	FJ466715 Mock.1_840	AF310977
L	40144	278	*	*	*	*	*	FJ760911	*
H	40144	81	100.0	+	0	0	24I71M2I10M171I	FJ466715 Mock.1_840	FJ760911
L	42081	288	*	*	*	*	*	FN562064	*
H	42081	81	100.0	+	0	0	21I81M186I	FJ466715 Mock.1_840	FN562064
H	23062	81	100.0	+	0	0	5I81M545I	FJ466715 Mock.1_840	FJ820809
H	19840	81	100.0	+	0	0	22I81M481I	FJ466715 Mock.1_840	GU721258
L	40107	585	*	*	*	*	*	GQ921725	*
H	40107	81	100.0	+	0	0	81M504I	FJ466715 Mock.1_840	GQ921725
L	29319	603	*	*	*	*	*	HM162054	*
H	29319	81	100.0	+	0	0	22I81M500I	FJ466715 Mock.1_840	HM162054
L	10216	1011	*	*	*	*	*	JQ912669	*
H	10216	81	100.0	+	0	0	231I81M699I	FJ466715 Mock.1_840	JQ912669
L	54115	1517	*	*	*	*	*	HM534901	*
H	54115	81	100.0	+	0	0	104I81M1332I	FJ466715 Mock.1_840	HM534901
L	26656	1459	*	*	*	*	*	AF310980	*
H	26656	81	100.0	+	0	0	315I81M1063I	FJ466715 Mock.1_840	AF310980
N	*	84	*	*	*	*	*	FJ777353 Mock.2_15608	*
L	34170	704	*	*	*	*	*	FM177662	*
H	34170	101	100.0	+	0	0	177I101M426I	FM177661 Mock.1_1051	FM177662
L	34171	700	*	*	*	*	*	FM177661	*
H	34171	101	100.0	+	0	0	176I101M423I	FM177661 Mock.1_1051	FM177661
L	45309	674	*	*	*	*	*	JF715197	*
H	45309	101	99.0	+	0	0	189I101M384I	FM177661 Mock.1_1051	JF715197
N	*	77	*	*	*	*	*	FM875842 Mock.1_15760	*
N	*	101	*	*	*	*	*	FR799498 Mock.1_17762	*
L	37038	914	*	*	*	*	*	GQ229082	*
H	37038	101	100.0	+	0	0	133I101M680I	GQ229082 Mock.3_2031	GQ229082
L	41107	552	*	*	*	*	*	HQ649866	*
H	41107	101	99.0	+	0	0	101M451I	GQ229082 Mock.3_2031	HQ649866
L	20885	743	*	*	*	*	*	GQ376077	*
H	20885	101	100.0	+	0	0	8I101M634I	GQ376077 Mock.2_8	GQ376077
L	15005	573	*	*	*	*	*	FJ528716	*
H	15005	80	100.0	+	0	0	80M493I	GQ458026 Mock.1_12861	FJ528716
L	20716	608	*	*	*	*	*	GU733341	*
H	20716	80	100.0	+	0	0	10I80M518I	GQ458026 Mock.1_12861	GU733341
L	17721	586	*	*	*	*	*	JQ889710	*
H	17721	80	100.0	+	0	0	9I80M497I	GQ458026 Mock.1_12861	JQ889710
L	3131	805	*	*	*	*	*	JN617685	*
H	3131	80	100.0	+	0	0	50I80M675I	GQ458026 Mock.1_12861	JN617685
L	17521	716	*	*	*	*	*	FN548146	*
H	17521	80	100.0	+	0	0	111I80M525I	GQ458026 Mock.1_12861	FN548146
L	25972	575	*	*	*	*	*	GU565140	*
H	25972	80	100.0	+	0	0	9I80M486I	GQ458026 Mock.1_12861	GU565140
L	32225	622	*	*	*	*	*	GU566244	*
H	32225	80	100.0	+	0	0	22I80M520I	GQ458026 Mock.1_12861	GU566244
L	16219	572	*	*	*	*	*	GU934594	*
H	16219	80	100.0	+	0	0	22I80M470I	GQ458026 Mock.1_12861	GU934594
H	23096	80	100.0	+	0	0	9I80M484I	GQ458026 Mock.1_12861	EU551202
L	12256	619	*	*	*	*	*	HQ832818	*
H	12256	80	100.0	+	0	0	9I80M530I	GQ458026 Mock.1_12861	HQ832818
H	17521	101	99.0	+	0	0	111I91MI10M503I	GQ999201 Mock.3_2	FN548146
H	23096	101	99.0	+	0	0	9I101M463I	GQ999201 Mock.3_2	EU551202
L	14063	632	*	*	*	*	*	DQ249212	*
H	14063	101	99.0	+	0	0	26I91MI10M504I	GQ999201 Mock.3_2	DQ249212
L	20142	822	*	*	*	*	*	JQ247368	*
H	20142	101	99.0	+	0	0	87I91MI10M633I	GQ999201 Mock.3_2	JQ247368
L	21708	537	*	*	*	*	*	GQ999151	*
H	21708	101	99.0	+	0	0	5I91MI10M430I	GQ999201 Mock.3_2	GQ999151
L	22440	631	*	*	*	*	*	GQ120969	*
H	22440	101	99.0	+	0	0	24I91MI10M505I	GQ999201 Mock.3_2	GQ120969
L	26990	2917	*	*	*	*	*	GQ458026	*
H	26990	101	99.0	+	0	0	1716I91MI10M1099I	GQ999201 Mock.3_2	GQ458026
L	47460	633	*	*	*	*	*	GQ999201	*
H	47460	101	99.0	+	0	0	5I91MI10M526I	GQ999201 Mock.3_2	GQ999201
L	36633	987	*	*	*	*	*	FR799498	*
H	36633	101	99.0	+	0	0	23I91MI10M862I	GQ999201 Mock.3_2	FR799498
L	36632	583	*	*	*	*	*	FR799499	*
H	36632	101	99.0	+	0	0	24I91MI10M457I	GQ999201 Mock.3_2	FR799499
L	14278	632	*	*	*	*	*	GU054037	*
H	14278	101	99.0	+	0	0	5I101M526I	GU054037 Mock.1_128	GU054037
N	*	101	*	*	*	*	*	GU370744 Mock.1_97	*
L	4784	757	*	*	*	*	*	AM901881	*
H	4784	101	100.0	+	0	0	177I101M479I	GU566244 Mock.2_2258	AM901881
H	32225	101	100.0	+	0	0	22I101M499I	GU566244 Mock.2_2258	GU566244
H	15005	101	99.0	+	0	0	101M472I	GU566244 Mock.2_2258	FJ528716
L	24247	571	*	*	*	*	*	GU187837	*
H	24247	101	99.0	+	0	0	101M470I	GU566244 Mock.2_2258	GU187837
N	*	97	*	*	*	*	*	GU934594 Mock.2_4233	*
L	44023	453	*	*	*	*	*	HM037662	*
H	44023	101	100.0	+	0	0	22I101M330I	HM037662 Mock.1_7	HM037662
N	*	101	*	*	*	*	*	HM069364 Mock.3_83	*
L	47945	395	*	*	*	*	*	HQ115737	*
H	47945	101	100.0	+	0	0	15I101M279I	HQ115737 Mock.2_65	HQ115737
N	*	101	*	*	*	*	*	HQ589260 Mock.2_9798	*
H	20142	89	100.0	+	0	0	87I89M646I	HQ827787 Mock.1_18213	JQ247368
L	28913	2976	*	*	*	*	*	FJ430766	*
H	28913	89	100.0	+	0	0	1774I89M1113I	HQ827787 Mock.1_18213	FJ430766
L	39862	1019	*	*	*	*	*	HQ827787	*
H	39862	89	100.0	+	0	0	202I89M728I	HQ827787 Mock.1_18213	HQ827787
L	10418	2713	*	*	*	*	*	AB293968	*
H	10418	89	100.0	+	0	0	1539I89M1085I	HQ827787 Mock.1_18213	AB293968
H	23096	89	100.0	+	0	0	9I89M475I	HQ827787 Mock.1_18213	EU551202
L	23841	629	*	*	*	*	*	HQ631040	*
H	23841	89	100.0	+	0	0	23I89M517I	HQ827787 Mock.1_18213	HQ631040
H	26990	89	100.0	+	0	0	1716I89M1112I	HQ827787 Mock.1_18213	GQ458026
H	36632	89	100.0	+	0	0	24I89M470I	HQ827787 Mock.1_18213	FR799499
H	36633	89	100.0	+	0	0	23I89M875I	HQ827787 Mock.1_18213	FR799498
L	44502	618	*	*	*	*	*	HM069479	*
H	44502	89	100.0	+	0	0	178I89M351I	HQ827787 Mock.1_18213	HM069479
H	22440	88	100.0	+	0	0	24I88M519I	JF439501 Mock.1_13559	GQ120969
H	26990	88	100.0	+	0	0	1716I88M1113I	JF439501 Mock.1_13559	GQ458026
L	37641	626	*	*	*	*	*	JF439501	*
H	37641	88	100.0	+	0	0	22I88M516I	JF439501 Mock.1_13559	JF439501
H	16219	88	100.0	+	0	0	22I88M462I	JF439501 Mock.1_13559	GU934594
H	47460	88	100.0	+	0	0	5I88M540I	JF439501 Mock.1_13559	GQ999201
H	23841	88	100.0	+	0	0	23I88M518I	JF439501 Mock.1_13559	HQ631040
H	39862	88	100.0	+	0	0	202I88M729I	JF439501 Mock.1_13559	HQ827787
H	44502	88	100.0	+	0	0	178I88M352I	JF439501 Mock.1_13559	HM069479
L	37948	699	*	*	*	*	*	HM069350	*
H	37948	88	100.0	+	0	0	115I88M496I	JF439501 Mock.1_13559	HM069350
H	10418	88	100.0	+	0	0	1539I88M1086I	JF439501 Mock.1_13559	AB293968
H	23062	84	100.0	+	0	0	5I84M542I	JF449887 Mock.1_8251	FJ820809
H	19840	84	100.0	+	0	0	22I84M478I	JF449887 Mock.1_8251	GU721258
H	45309	101	99.0	+	0	0	189I101M384I	JF715197 Mock.3_44	JF715197
L	26992	2991	*	*	*	*	*	GQ458025	*
H	26992	101	100.0	+	0	0	1736I101M1154I	JF720033 Mock.2_30	GQ458025
L	49327	673	*	*	*	*	*	JF720033	*
H	49327	101	100.0	+	0	0	22I101M550I	JF720033 Mock.2_30	JF720033
L	49213	673	*	*	*	*	*	HQ719236	*
H	49213	101	99.0	+	0	0	22I101M550I	JF720033 Mock.2_30	HQ719236
N	*	101	*	*	*	*	*	JF907594 Mock.1_40	*
H	209	101	99.0	+	0	0	21I86MD14M149I	JN905480 Mock.2_11	FJ759854
H	33479	101	99.0	+	0	0	22I86MD14M461I	JN905480 Mock.2_11	GU721685
H	33480	101	99.0	+	0	0	22I86MD14M472I	JN905480 Mock.2_11	GU721684
H	33482	101	99.0	+	0	0	22I86MD14M467I	JN905480 Mock.2_11	GU721683
H	50769	101	99.0	+	0	0	1744I86MD14M147I	JN905480 Mock.2_11	EF397557
H	25941	101	99.0	+	0	0	57I86MD14M463I	JN905480 Mock.2_11	HQ630976
H	52265	101	99.0	+	0	0	127I86MD14M1402I	JN905480 Mock.2_11	EU490021
H	19843	101	100.0	+	0	0	137I101M467I	JN905480 Mock.2_11	AM410602
H	19840	101	99.0	+	0	0	22I86MD14M462I	JN905480 Mock.2_11	GU721258
H	13383	101	99.0	+	0	0	25I86MD14M145I	JN905480 Mock.2_11	JF933755
L	28303	554	*	*	*	*	*	JF461115	*
H	28303	78	100.0	+	0	0	78M476I	JN905595 Mock.3_8139	JF461115
L	51505	529	*	*	*	*	*	FN562035	*
H	51505	78	100.0	+	0	0	20I78M431I	JN905595 Mock.3_8139	FN562035
L	44018	234	*	*	*	*	*	JF946076	*
H	44018	78	100.0	+	0	0	78M156I	JN905595 Mock.3_8139	JF946076
H	29319	78	100.0	+	0	0	22I78M503I	JN905595 Mock.3_8139	HM162054
L	4134	667	*	*	*	*	*	JN859417	*
H	4134	78	100.0	+	0	0	104I78M485I	JN905595 Mock.3_8139	JN859417
L	4131	680	*	*	*	*	*	JN859419	*
H	4131	78	100.0	+	0	0	118I78M484I	JN905595 Mock.3_8139	JN859419
L	42773	345	*	*	*	*	*	DQ980578	*
H	42773	78	100.0	+	0	0	101I78M166I	JN905595 Mock.3_8139	DQ980578
L	39096	580	*	*	*	*	*	EU016677	*
H	39096	78	100.0	+	0	0	9I78M493I	JN905595 Mock.3_8139	EU016677
L	34191	258	*	*	*	*	*	JN904602	*
H	34191	78	100.0	+	0	0	33I78M147I	JN905595 Mock.3_8139	JN904602
L	28340	567	*	*	*	*	*	EU561615	*
H	28340	78	100.0	+	0	0	9I78M480I	JN905595 Mock.3_8139	EU561615
N	*	101	*	*	*	*	*	New.ReferenceOTU1 Mock.1_44196	*
N	*	101	*	*	*	*	*	New.ReferenceOTU2 Mock.1_66982	*
N	*	101	*	*	*	*	*	New.ReferenceOTU3 Mock.1_7791	*
N	*	101	*	*	*	*	*	New.ReferenceOTU4 Mock.3_2154	*
N	*	101	*	*	*	*	*	New.ReferenceOTU5 Mock.2_15259	*
N	*	101	*	*	*	*	*	New.ReferenceOTU6 Mock.1_2681	*
N	*	101	*	*	*	*	*	New.ReferenceOTU7 Mock.2_65545	*
N	*	101	*	*	*	*	*	New.CleanUp.ReferenceOTU104 Mock.2_1714	*
N	*	92	*	*	*	*	*	New.CleanUp.ReferenceOTU105 Mock.1_4452	*
N	*	101	*	*	*	*	*	New.CleanUp.ReferenceOTU106 Mock.2_73953	*
N	*	101	*	*	*	*	*	New.CleanUp.ReferenceOTU107 Mock.2_6026	*
N	*	101	*	*	*	*	*	New.CleanUp.ReferenceOTU109 Mock.3_64290	*
N	*	101	*	*	*	*	*	New.CleanUp.ReferenceOTU110 Mock.2_25781	*
N	*	78	*	*	*	*	*	New.CleanUp.ReferenceOTU111 Mock.2_53527	*
N	*	101	*	*	*	*	*	New.CleanUp.ReferenceOTU117 Mock.2_19449	*
N	*	101	*	*	*	*	*	New.CleanUp.ReferenceOTU123 Mock.1_21242	*
N	*	101	*	*	*	*	*	New.CleanUp.ReferenceOTU124 Mock.1_5337	*
N	*	101	*	*	*	*	*	New.CleanUp.ReferenceOTU136 Mock.1_54066	*
N	*	101	*	*	*	*	*	New.CleanUp.ReferenceOTU138 Mock.1_46401	*
N	*	91	*	*	*	*	*	New.CleanUp.ReferenceOTU142 Mock.2_31673	*
N	*	89	*	*	*	*	*	New.CleanUp.ReferenceOTU145 Mock.1_42547	*
N	*	101	*	*	*	*	*	New.CleanUp.ReferenceOTU15 Mock.2_13064	*
N	*	101	*	*	*	*	*	New.CleanUp.ReferenceOTU150 Mock.1_20046	*
N	*	101	*	*	*	*	*	New.CleanUp.ReferenceOTU16 Mock.2_5394	*
N	*	101	*	*	*	*	*	New.CleanUp.ReferenceOTU162 Mock.2_13237	*
N	*	101	*	*	*	*	*	New.CleanUp.ReferenceOTU169 Mock.2_58493	*
N	*	101	*	*	*	*	*	New.CleanUp.ReferenceOTU170 Mock.2_72741	*
N	*	101	*	*	*	*	*	New.CleanUp.ReferenceOTU174 Mock.1_67324	*
N	*	97	*	*	*	*	*	New.CleanUp.ReferenceOTU175 Mock.2_49488	*
N	*	101	*	*	*	*	*	New.CleanUp.ReferenceOTU176 Mock.2_44184	*
N	*	101	*	*	*	*	*	New.CleanUp.ReferenceOTU179 Mock.3_15573	*
N	*	101	*	*	*	*	*	New.CleanUp.ReferenceOTU180 Mock.1_39577	*
N	*	101	*	*	*	*	*	New.CleanUp.ReferenceOTU184 Mock.2_18978	*
N	*	101	*	*	*	*	*	New.CleanUp.ReferenceOTU185 Mock.3_9034	*
N	*	101	*	*	*	*	*	New.CleanUp.ReferenceOTU191 Mock.3_86	*
N	*	91	*	*	*	*	*	New.CleanUp.ReferenceOTU2 Mock.3_52699	*
N	*	93	*	*	*	*	*	New.CleanUp.ReferenceOTU25 Mock.2_38665	*
N	*	101	*	*	*	*	*	New.CleanUp.ReferenceOTU34 Mock.2_5485	*
N	*	101	*	*	*	*	*	New.CleanUp.ReferenceOTU40 Mock.1_52686	*
N	*	94	*	*	*	*	*	New.CleanUp.ReferenceOTU43 Mock.1_25228	*
N	*	101	*	*	*	*	*	New.CleanUp.ReferenceOTU44 Mock.1_6422	*
N	*	101	*	*	*	*	*	New.CleanUp.ReferenceOTU48 Mock.3_9150	*
N	*	101	*	*	*	*	*	New.CleanUp.ReferenceOTU5 Mock.2_8898	*
N	*	101	*	*	*	*	*	New.CleanUp.ReferenceOTU51 Mock.1_65676	*
N	*	101	*	*	*	*	*	New.CleanUp.ReferenceOTU54 Mock.2_50493	*
N	*	94	*	*	*	*	*	New.CleanUp.ReferenceOTU58 Mock.2_7816	*
N	*	83	*	*	*	*	*	New.CleanUp.ReferenceOTU6 Mock.1_46887	*
N	*	101	*	*	*	*	*	New.CleanUp.ReferenceOTU60 Mock.3_43979	*
N	*	95	*	*	*	*	*	New.CleanUp.ReferenceOTU61 Mock.1_44342	*
N	*	96	*	*	*	*	*	New.CleanUp.ReferenceOTU62 Mock.1_1896	*
N	*	101	*	*	*	*	*	New.CleanUp.ReferenceOTU71 Mock.1_1352	*
N	*	101	*	*	*	*	*	New.CleanUp.ReferenceOTU72 Mock.2_8064	*
N	*	92	*	*	*	*	*	New.CleanUp.ReferenceOTU78 Mock.1_53045	*
N	*	101	*	*	*	*	*	New.CleanUp.ReferenceOTU81 Mock.3_69820	*
N	*	101	*	*	*	*	*	New.CleanUp.ReferenceOTU82 Mock.1_50690	*
N	*	101	*	*	*	*	*	New.CleanUp.ReferenceOTU83 Mock.1_18246	*
N	*	101	*	*	*	*	*	New.CleanUp.ReferenceOTU9 Mock.2_3312	*
N	*	93	*	*	*	*	*	New.CleanUp.ReferenceOTU90 Mock.3_36762	*
N	*	101	*	*	*	*	*	New.CleanUp.ReferenceOTU94 Mock.3_65355	*
N	*	101	*	*	*	*	*	New.CleanUp.ReferenceOTU95 Mock.2_15039	*
D	10418	2	*	*	*	*	100.0	AB293968	*
D	12256	2	*	*	*	*	100.0	HQ832818	*
D	13383	2	*	*	*	*	99.0	JF933755	*
D	14278	2	*	*	*	*	99.0	GU054037	*
D	19840	3	*	*	*	*	100.0	GU721258	*
D	19843	2	*	*	*	*	100.0	AM410602	*
D	20885	2	*	*	*	*	100.0	GQ376077	*
D	23096	2	*	*	*	*	100.0	EU551202	*
D	26656	2	*	*	*	*	100.0	AF310980	*
D	28340	2	*	*	*	*	100.0	EU561615	*
D	32225	2	*	*	*	*	100.0	GU566244	*
D	34171	2	*	*	*	*	100.0	FM177661	*
D	35437	2	*	*	*	*	100.0	FJ196614	*
D	36632	2	*	*	*	*	99.0	FR799499	*
D	37038	2	*	*	*	*	100.0	GQ229082	*
D	44023	2	*	*	*	*	100.0	HM037662	*
D	44502	2	*	*	*	*	100.0	HM069479	*
D	45309	2	*	*	*	*	99.0	JF715197	*
D	47945	2	*	*	*	*	100.0	HQ115737	*
D	49327	2	*	*	*	*	100.0	JF720033	*
D	50376	2	*	*	*	*	99.0	EF199746	*
D	51504	2	*	*	*	*	100.0	AB236002	*
