UclustConsensusTaxonAssigner parameters:
id_to_taxonomy_filepath:/Users/nbokulich/Desktop/projects/short-read-tax-assignment/data/novel-taxa-simulations/B1-REF-L5-iter2/ref_taxa.tsv
id_to_taxonomy_fp:/Users/nbokulich/Desktop/projects/short-read-tax-assignment/data/novel-taxa-simulations/B1-REF-L5-iter2/ref_taxa.tsv
max_accepts:3
min_consensus_fraction:0.51
reference_sequences_fp:/Users/nbokulich/Desktop/projects/short-read-tax-assignment/data/novel-taxa-simulations/B1-REF-L5-iter2/ref_seqs.fasta
similarity:0.9
unassignable_label:Unassigned
Result path: /var/folders/0t/l1dz88p50y91vx_22fx5w3780000gn/T/assign-taxTT4FTM

.uc file contents:

# uclust --input /Users/nbokulich/Desktop/projects/short-read-tax-assignment/data/novel-taxa-simulations/B1-REF-L5-iter2/query.fasta --id 0.9 --rev --maxaccepts 3 --allhits --libonly --lib /Users/nbokulich/Desktop/projects/short-read-tax-assignment/data/novel-taxa-simulations/B1-REF-L5-iter2/ref_seqs.fasta --uc /var/folders/0t/l1dz88p50y91vx_22fx5w3780000gn/T/UclustConsensusTaxonAssigner_hZ74B2.uc
# version=1.2.22
# Tab-separated fields:
# 1=Type, 2=ClusterNr, 3=SeqLength or ClusterSize, 4=PctId, 5=Strand, 6=QueryStart, 7=SeedStart, 8=Alignment, 9=QueryLabel, 10=TargetLabel
# Record types (field 1): L=LibSeed, S=NewSeed, H=Hit, R=Reject, D=LibCluster, C=NewCluster, N=NoHit
# For C and D types, PctId is average id with seed.
# QueryStart and SeedStart are zero-based relative to start of sequence.
# If minus strand, SeedStart is relative to reverse-complemented seed.
L	11101	250	*	*	*	*	*	4301398	*
H	11101	250	93.6	+	0	0	250M	1110799	4301398
L	9825	250	*	*	*	*	*	1110646	*
H	9825	250	93.6	+	0	0	250M	1110799	1110646
L	7423	250	*	*	*	*	*	7509	*
H	7423	250	95.2	+	0	0	250M	1110799	7509
L	9960	250	*	*	*	*	*	3485581	*
H	9960	250	90.4	+	0	0	250M	1108035	3485581
L	9209	250	*	*	*	*	*	826144	*
H	9209	250	90.8	+	0	0	250M	1108035	826144
L	10365	250	*	*	*	*	*	944401	*
H	10365	250	90.8	+	0	0	250M	1108035	944401
L	13550	250	*	*	*	*	*	4466877	*
H	13550	250	96.4	+	0	0	250M	1082059	4466877
L	13549	250	*	*	*	*	*	4466876	*
H	13549	250	96.0	+	0	0	250M	1082059	4466876
L	12165	250	*	*	*	*	*	4368044	*
H	12165	250	96.4	+	0	0	250M	1082059	4368044
L	11871	250	*	*	*	*	*	4348634	*
H	11871	250	92.8	+	0	0	250M	1080702	4348634
L	8631	250	*	*	*	*	*	1126893	*
H	8631	250	92.4	+	0	0	250M	1080702	1126893
L	5621	250	*	*	*	*	*	168713	*
H	5621	250	92.0	+	0	0	250M	1080702	168713
L	9036	250	*	*	*	*	*	2704718	*
H	9036	250	96.0	+	0	0	250M	1021078	2704718
L	12511	250	*	*	*	*	*	4392251	*
H	12511	250	90.8	+	0	0	250M	1021078	4392251
L	11064	250	*	*	*	*	*	4299452	*
H	11064	250	98.8	+	0	0	250M	971907	4299452
L	11071	250	*	*	*	*	*	4300007	*
H	11071	250	98.8	+	0	0	250M	971907	4300007
L	11090	250	*	*	*	*	*	4300901	*
H	11090	250	98.8	+	0	0	250M	971907	4300901
L	998	250	*	*	*	*	*	821228	*
H	998	250	96.4	+	0	0	250M	955678	821228
L	10693	250	*	*	*	*	*	1106060	*
H	10693	250	96.0	+	0	0	250M	955678	1106060
L	2591	250	*	*	*	*	*	517381	*
H	2591	250	95.6	+	0	0	250M	955678	517381
L	12620	250	*	*	*	*	*	4400789	*
H	12620	250	93.2	+	0	0	72MI19MI12MI56MD88M2D	907419	4400789
L	5823	250	*	*	*	*	*	158554	*
H	5823	250	93.2	+	0	0	72MI19MI12MI56MD88M2D	907419	158554
L	13687	250	*	*	*	*	*	4475009	*
H	13687	250	93.2	+	0	0	72MI19MI12MI56MD88M2D	907419	4475009
L	5340	250	*	*	*	*	*	184790	*
H	5340	250	99.2	+	0	0	250M	880627	184790
L	13135	250	*	*	*	*	*	4439195	*
H	13135	250	99.2	+	0	0	250M	880627	4439195
L	6976	250	*	*	*	*	*	34894	*
H	6976	250	96.0	+	0	0	250M	880627	34894
L	13053	250	*	*	*	*	*	4433521	*
H	13053	250	99.6	+	0	0	250M	820546	4433521
L	13392	250	*	*	*	*	*	4456787	*
H	13392	250	96.0	+	0	0	231MD18MI	820546	4456787
L	12121	250	*	*	*	*	*	4365357	*
H	12121	250	97.6	+	0	0	250M	820546	4365357
L	6602	250	*	*	*	*	*	94847	*
H	6602	250	92.0	+	0	0	250M	809076	94847
L	11252	250	*	*	*	*	*	4309273	*
H	11252	250	91.6	+	0	0	250M	809076	4309273
L	12028	250	*	*	*	*	*	4359221	*
H	12028	250	91.2	+	0	0	250M	809076	4359221
L	13061	250	*	*	*	*	*	4434051	*
H	13061	250	96.8	+	0	0	250M	780816	4434051
L	7654	250	*	*	*	*	*	1128670	*
H	7654	250	95.6	+	0	0	250M	780816	1128670
L	7031	250	*	*	*	*	*	25325	*
H	7031	250	94.8	+	0	0	250M	780816	25325
L	1478	250	*	*	*	*	*	586521	*
H	1478	250	95.6	+	0	0	250M	746126	586521
L	8012	250	*	*	*	*	*	709363	*
H	8012	250	93.2	+	0	0	250M	746126	709363
L	6719	250	*	*	*	*	*	78432	*
H	6719	250	92.0	+	0	0	250M	746126	78432
L	12476	250	*	*	*	*	*	4389428	*
H	12476	250	97.6	+	0	0	167MD82MI	735185	4389428
L	5148	250	*	*	*	*	*	194356	*
H	5148	250	97.2	+	0	0	167MD82MI	735185	194356
L	5337	250	*	*	*	*	*	185052	*
H	5337	250	96.8	+	0	0	167MD82MI	735185	185052
L	8406	250	*	*	*	*	*	1143678	*
H	8406	250	99.2	+	0	0	250M	732609	1143678
L	12458	250	*	*	*	*	*	4388300	*
H	12458	250	99.2	+	0	0	250M	732609	4388300
L	12779	250	*	*	*	*	*	4412321	*
H	12779	250	98.4	+	0	0	250M	732609	4412321
L	2153	250	*	*	*	*	*	533516	*
H	2153	250	98.8	+	0	0	250M	731707	533516
L	5047	250	*	*	*	*	*	199635	*
H	5047	250	98.4	+	0	0	250M	731707	199635
L	7444	250	*	*	*	*	*	7052	*
H	7444	250	98.8	+	0	0	250M	731707	7052
L	1725	250	*	*	*	*	*	569055	*
H	1725	250	90.4	+	0	0	250M	730054	569055
L	1031	250	*	*	*	*	*	814347	*
H	1031	250	94.8	+	0	0	23MD226MI	728797	814347
L	8064	250	*	*	*	*	*	809102	*
H	8064	250	94.4	+	0	0	23MD226MI	728797	809102
L	9139	250	*	*	*	*	*	808919	*
H	9139	250	92.0	+	0	0	23MD226MI	728797	808919
L	6521	250	*	*	*	*	*	102566	*
H	6521	250	97.6	+	0	0	250M	706283	102566
L	11223	250	*	*	*	*	*	4307587	*
H	11223	250	97.6	+	0	0	250M	706283	4307587
L	5842	250	*	*	*	*	*	157497	*
H	5842	250	97.6	+	0	0	250M	706283	157497
L	6627	250	*	*	*	*	*	91372	*
H	6627	250	94.8	+	0	0	250M	698557	91372
L	7336	250	*	*	*	*	*	9961	*
H	7336	250	94.8	+	0	0	250M	698557	9961
L	7050	250	*	*	*	*	*	21535	*
H	7050	250	94.4	+	0	0	250M	698557	21535
L	8588	250	*	*	*	*	*	1119485	*
H	8588	250	96.0	+	0	0	250M	681954	1119485
L	2553	250	*	*	*	*	*	518801	*
H	2553	250	95.6	+	0	0	250M	681954	518801
L	1309	250	*	*	*	*	*	650021	*
H	1309	250	96.0	+	0	0	250M	681954	650021
L	6857	250	*	*	*	*	*	58411	*
H	6857	250	96.4	+	0	0	250M	665261	58411
L	5776	250	*	*	*	*	*	161177	*
H	5776	250	96.8	+	0	0	250M	665261	161177
H	5337	250	97.2	+	0	0	250M	665261	185052
L	5427	250	*	*	*	*	*	179639	*
H	5427	250	98.0	+	0	0	250M	655619	179639
L	1258	250	*	*	*	*	*	682752	*
H	1258	250	98.0	+	0	0	250M	655619	682752
L	1939	250	*	*	*	*	*	552208	*
H	1939	250	95.6	+	0	0	250M	655619	552208
L	11726	250	*	*	*	*	*	4337248	*
H	11726	250	94.0	+	0	0	250M	641748	4337248
L	13366	250	*	*	*	*	*	4455298	*
H	13366	250	91.2	+	0	0	250M	641748	4455298
L	5157	250	*	*	*	*	*	193970	*
H	5157	250	90.4	+	0	0	250M	641748	193970
N	*	250	*	*	*	*	*	591285	*
L	8315	250	*	*	*	*	*	2117818	*
H	8315	250	99.2	+	0	0	250M	586832	2117818
L	9735	250	*	*	*	*	*	1143570	*
H	9735	250	97.6	+	0	0	250M	586832	1143570
L	10489	250	*	*	*	*	*	616049	*
H	10489	250	93.6	+	0	0	250M	586832	616049
L	1378	250	*	*	*	*	*	605198	*
H	1378	250	100.0	+	0	0	250M	581352	605198
L	1969	250	*	*	*	*	*	549839	*
H	1969	250	100.0	+	0	0	250M	581352	549839
L	8415	250	*	*	*	*	*	2199910	*
H	8415	250	99.6	+	0	0	250M	581352	2199910
L	1377	250	*	*	*	*	*	605582	*
H	1377	250	94.8	+	0	0	250M	579101	605582
L	2266	250	*	*	*	*	*	528855	*
H	2266	250	96.0	+	0	0	195MI31MI22M2D	579101	528855
L	6207	250	*	*	*	*	*	136053	*
H	6207	250	94.8	+	0	0	250M	579101	136053
L	10930	250	*	*	*	*	*	4263820	*
H	10930	250	92.8	+	0	0	250M	570390	4263820
L	13191	250	*	*	*	*	*	4443004	*
H	13191	250	91.6	+	0	0	250M	570390	4443004
L	13361	250	*	*	*	*	*	4454715	*
H	13361	250	90.8	+	0	0	250M	570390	4454715
L	7467	250	*	*	*	*	*	5704	*
H	7467	250	98.0	+	0	0	250M	568416	5704
L	10142	250	*	*	*	*	*	1130073	*
H	10142	250	98.4	+	0	0	250M	568416	1130073
L	1862	250	*	*	*	*	*	557711	*
H	1862	250	97.6	+	0	0	250M	568416	557711
L	5783	250	*	*	*	*	*	160810	*
H	5783	250	96.4	+	0	0	250M	565863	160810
L	6291	250	*	*	*	*	*	119663	*
H	6291	250	95.6	+	0	0	250M	565863	119663
L	5016	250	*	*	*	*	*	204226	*
H	5016	250	96.0	+	0	0	250M	565863	204226
N	*	250	*	*	*	*	*	563323	*
L	5800	250	*	*	*	*	*	159833	*
H	5800	250	94.0	+	0	0	250M	562523	159833
L	11687	250	*	*	*	*	*	4334615	*
H	11687	250	94.8	+	0	0	250M	562523	4334615
L	12138	250	*	*	*	*	*	4366350	*
H	12138	250	94.8	+	0	0	250M	562523	4366350
H	5783	250	97.2	+	0	0	250M	562181	160810
H	5842	250	96.8	+	0	0	250M	562181	157497
L	6420	250	*	*	*	*	*	107760	*
H	6420	250	97.2	+	0	0	250M	562181	107760
L	6332	250	*	*	*	*	*	112939	*
H	6332	250	97.6	+	0	0	60M2I188M2D	561406	112939
L	13294	250	*	*	*	*	*	4450440	*
H	13294	250	98.4	+	0	0	250M	561406	4450440
L	4494	250	*	*	*	*	*	262021	*
H	4494	250	98.4	+	0	0	250M	561406	262021
H	9735	250	99.6	+	0	0	76MI173MD	560403	1143570
H	8315	250	98.8	+	0	0	77MI172MD	560403	2117818
L	12559	250	*	*	*	*	*	4395692	*
H	12559	250	94.8	+	0	0	74MI175MD	560403	4395692
L	1165	250	*	*	*	*	*	742264	*
H	1165	250	97.2	+	0	0	250M	560198	742264
L	4463	250	*	*	*	*	*	264071	*
H	4463	250	97.2	+	0	0	250M	560198	264071
L	9454	250	*	*	*	*	*	1140071	*
H	9454	250	97.2	+	0	0	250M	560198	1140071
L	8692	250	*	*	*	*	*	1138255	*
H	8692	250	98.0	+	0	0	250M	559649	1138255
L	10828	250	*	*	*	*	*	4172691	*
H	10828	250	97.6	+	0	0	250M	559649	4172691
L	6497	250	*	*	*	*	*	104045	*
H	6497	250	96.4	+	0	0	250M	559649	104045
L	2143	250	*	*	*	*	*	534397	*
H	2143	250	98.8	+	0	0	250M	555870	534397
L	6818	250	*	*	*	*	*	66723	*
H	6818	250	98.0	+	0	0	250M	555870	66723
L	1809	250	*	*	*	*	*	562424	*
H	1809	250	98.4	+	0	0	250M	555870	562424
L	10276	250	*	*	*	*	*	1127433	*
H	10276	250	90.8	+	0	0	25MD38MD185M2I	554299	1127433
L	7886	250	*	*	*	*	*	748985	*
H	7886	250	91.6	+	0	0	25MD35MD188M2I	554299	748985
L	2206	250	*	*	*	*	*	531096	*
H	2206	250	91.6	+	0	0	25MD35MD188M2I	554299	531096
L	5446	250	*	*	*	*	*	178891	*
H	5446	250	98.8	+	0	0	210MI39MD	552203	178891
L	11568	250	*	*	*	*	*	4326319	*
H	11568	250	95.2	+	0	0	250M	552203	4326319
L	4704	250	*	*	*	*	*	244757	*
H	4704	250	95.6	+	0	0	250M	552203	244757
L	7258	250	*	*	*	*	*	12146	*
H	7258	250	99.6	+	0	0	250M	552187	12146
L	7259	250	*	*	*	*	*	12144	*
H	7259	250	98.8	+	0	0	250M	552187	12144
L	3822	250	*	*	*	*	*	311586	*
H	3822	250	99.2	+	0	0	250M	552187	311586
L	12488	250	*	*	*	*	*	4390326	*
H	12488	250	93.6	+	0	0	142MD107MI	549374	4390326
L	12132	250	*	*	*	*	*	4365922	*
H	12132	250	94.4	+	0	0	142MD107MI	549374	4365922
L	7495	250	*	*	*	*	*	4470	*
H	7495	250	91.6	+	0	0	142MD107MI	549374	4470
L	4602	250	*	*	*	*	*	253986	*
H	4602	250	99.6	+	0	0	250M	549368	253986
L	6546	250	*	*	*	*	*	101121	*
H	6546	250	99.6	+	0	0	250M	549368	101121
L	4690	250	*	*	*	*	*	246186	*
H	4690	250	99.6	+	0	0	250M	549368	246186
L	3023	250	*	*	*	*	*	370030	*
H	3023	250	94.0	+	0	0	250M	548719	370030
L	3635	250	*	*	*	*	*	326518	*
H	3635	250	93.6	+	0	0	250M	548719	326518
L	293	250	*	*	*	*	*	1033284	*
H	293	250	93.6	+	0	0	250M	548719	1033284
L	1297	250	*	*	*	*	*	656502	*
H	1297	250	94.4	+	0	0	250M	544430	656502
L	3707	250	*	*	*	*	*	320922	*
H	3707	250	91.6	+	0	0	250M	544430	320922
L	8898	250	*	*	*	*	*	2574952	*
H	8898	250	91.2	+	0	0	250M	544430	2574952
L	1105	250	*	*	*	*	*	781257	*
H	1105	250	99.2	+	0	0	250M	538304	781257
L	4235	250	*	*	*	*	*	284672	*
H	4235	250	99.2	+	0	0	250M	538304	284672
L	9411	250	*	*	*	*	*	3028373	*
H	9411	250	99.2	+	0	0	250M	538304	3028373
L	13477	250	*	*	*	*	*	4462503	*
H	13477	250	100.0	+	0	0	250M	535678	4462503
L	10106	250	*	*	*	*	*	821185	*
H	10106	250	99.2	+	0	0	250M	535678	821185
L	4739	250	*	*	*	*	*	241638	*
H	4739	250	98.8	+	0	0	250M	535678	241638
L	1242	250	*	*	*	*	*	694777	*
H	1242	250	93.6	+	0	0	250M	531406	694777
L	12647	250	*	*	*	*	*	4403441	*
H	12647	250	93.2	+	0	0	250M	531406	4403441
L	5738	250	*	*	*	*	*	163171	*
H	5738	250	92.8	+	0	0	250M	531406	163171
L	13352	250	*	*	*	*	*	4454457	*
H	13352	250	96.4	+	0	0	250M	529459	4454457
L	9511	250	*	*	*	*	*	3119708	*
H	9511	250	96.0	+	0	0	250M	529459	3119708
L	7135	250	*	*	*	*	*	14912	*
H	7135	250	96.0	+	0	0	250M	529459	14912
N	*	250	*	*	*	*	*	527042	*
L	7315	250	*	*	*	*	*	10792	*
H	7315	250	90.8	+	0	0	250M	522244	10792
L	8086	250	*	*	*	*	*	1125489	*
H	8086	250	90.0	+	0	0	250M	522244	1125489
L	7935	250	*	*	*	*	*	1800506	*
H	7935	250	90.0	+	0	0	250M	522244	1800506
L	11432	250	*	*	*	*	*	4319468	*
H	11432	250	97.6	+	0	0	250M	521806	4319468
L	10474	250	*	*	*	*	*	1129515	*
H	10474	250	94.4	+	0	0	250M	521806	1129515
L	10245	250	*	*	*	*	*	636377	*
H	10245	250	94.8	+	0	0	250M	521806	636377
L	9260	250	*	*	*	*	*	2894263	*
H	9260	250	97.2	+	0	0	250M	518245	2894263
L	11134	250	*	*	*	*	*	4303353	*
H	11134	250	96.4	+	0	0	250M	518245	4303353
H	11223	250	96.8	+	0	0	250M	518245	4307587
N	*	250	*	*	*	*	*	484439	*
L	1210	250	*	*	*	*	*	712848	*
H	1210	250	99.6	+	0	0	250M	471106	712848
L	7954	250	*	*	*	*	*	1818342	*
H	7954	250	99.2	+	0	0	250M	422910	1818342
L	12302	250	*	*	*	*	*	4377694	*
H	12302	250	98.8	+	0	0	250M	422910	4377694
L	12477	250	*	*	*	*	*	4389452	*
H	12477	250	98.8	+	0	0	250M	422910	4389452
H	1210	250	93.2	+	0	0	250M	370253	712848
L	6329	250	*	*	*	*	*	113799	*
H	6329	250	97.6	+	0	0	250M	370251	113799
L	12888	250	*	*	*	*	*	4422484	*
H	12888	250	91.6	+	0	0	250M	370251	4422484
L	12900	250	*	*	*	*	*	4423231	*
H	12900	250	91.6	+	0	0	250M	370251	4423231
L	13682	250	*	*	*	*	*	4474516	*
H	13682	250	100.0	+	0	0	250M	362685	4474516
L	9695	250	*	*	*	*	*	782122	*
H	9695	250	100.0	+	0	0	250M	362685	782122
L	8888	250	*	*	*	*	*	1130706	*
H	8888	250	99.6	+	0	0	250M	362685	1130706
L	11050	250	*	*	*	*	*	4298885	*
H	11050	250	99.6	+	0	0	250M	354839	4298885
L	10968	250	*	*	*	*	*	4294481	*
H	10968	250	99.2	+	0	0	250M	354839	4294481
L	11232	250	*	*	*	*	*	4308022	*
H	11232	250	99.6	+	0	0	250M	354839	4308022
L	6236	250	*	*	*	*	*	132219	*
H	6236	250	96.8	+	0	0	250M	344813	132219
L	6224	250	*	*	*	*	*	133739	*
H	6224	250	97.2	+	0	0	250M	344813	133739
L	7526	250	*	*	*	*	*	2669	*
H	7526	250	96.8	+	0	0	250M	344813	2669
L	9091	250	*	*	*	*	*	2749362	*
H	9091	250	98.8	+	0	0	250M	343273	2749362
L	7119	250	*	*	*	*	*	15281	*
H	7119	250	98.4	+	0	0	250M	343273	15281
L	10741	250	*	*	*	*	*	4094808	*
H	10741	250	97.6	+	0	0	250M	343273	4094808
L	1398	250	*	*	*	*	*	593016	*
H	1398	250	90.4	+	0	0	116MD133MI	341031	593016
L	1868	250	*	*	*	*	*	557564	*
H	1868	250	99.2	+	0	0	250M	339813	557564
L	7222	250	*	*	*	*	*	12841	*
H	7222	250	99.2	+	0	0	250M	339813	12841
L	7211	250	*	*	*	*	*	12877	*
H	7211	250	99.2	+	0	0	250M	339813	12877
L	1384	250	*	*	*	*	*	593894	*
H	1384	250	92.4	+	0	0	250M	332510	593894
L	5803	250	*	*	*	*	*	159712	*
H	5803	250	92.4	+	0	0	250M	332510	159712
L	5763	250	*	*	*	*	*	161726	*
H	5763	250	92.0	+	0	0	250M	332510	161726
N	*	250	*	*	*	*	*	323045	*
L	1099	250	*	*	*	*	*	786884	*
H	1099	250	93.6	+	0	0	227MI22MD	311813	786884
L	31	250	*	*	*	*	*	1105942	*
H	31	250	92.0	+	0	0	227MI22MD	311813	1105942
L	12821	250	*	*	*	*	*	4415616	*
H	12821	250	91.6	+	0	0	227MI22MD	311813	4415616
N	*	250	*	*	*	*	*	299518	*
L	9570	250	*	*	*	*	*	1133202	*
H	9570	250	96.4	+	0	0	2I108MD140MD	289103	1133202
L	6537	250	*	*	*	*	*	4364282	*
H	6537	250	96.4	+	0	0	2I108MD140MD	289103	4364282
L	11408	250	*	*	*	*	*	4317943	*
H	11408	250	96.4	+	0	0	2I108MD140MD	289103	4317943
L	6941	250	*	*	*	*	*	41059	*
H	6941	250	94.0	+	0	0	250M	287305	41059
L	8279	250	*	*	*	*	*	838434	*
H	8279	250	93.2	+	0	0	250M	287305	838434
L	6520	250	*	*	*	*	*	102591	*
H	6520	250	93.2	+	0	0	250M	287305	102591
L	9389	250	*	*	*	*	*	1072784	*
H	9389	250	94.8	+	0	0	31M4D7MD5M4D8M2D188M11I	285219	1072784
L	6595	250	*	*	*	*	*	96585	*
H	6595	250	92.0	+	0	0	31M4D15M7D193M11I	285219	96585
L	5950	250	*	*	*	*	*	149340	*
H	5950	250	92.0	+	0	0	31M4D15M7D193M11I	285219	149340
L	5704	250	*	*	*	*	*	164660	*
H	5704	250	97.6	+	0	0	220MD29MI	284709	164660
L	12617	250	*	*	*	*	*	4400491	*
H	12617	250	96.0	+	0	0	220MD29MI	284709	4400491
L	6146	250	*	*	*	*	*	139087	*
H	6146	250	91.2	+	0	0	220MD29MI	284709	139087
L	4590	250	*	*	*	*	*	255153	*
H	4590	250	90.8	+	0	0	250M	280943	255153
L	12484	250	*	*	*	*	*	4390091	*
H	12484	250	90.8	+	0	0	250M	280943	4390091
L	7418	250	*	*	*	*	*	7556	*
H	7418	250	91.2	+	0	0	250M	280943	7556
L	10376	250	*	*	*	*	*	1128041	*
H	10376	250	98.4	+	0	0	250M	270202	1128041
L	4288	250	*	*	*	*	*	277651	*
H	4288	250	92.4	+	0	0	250M	270202	277651
L	6014	250	*	*	*	*	*	144735	*
H	6014	250	91.2	+	0	0	250M	270202	144735
L	10783	250	*	*	*	*	*	1136392	*
H	10783	250	96.8	+	0	0	250M	265971	1136392
L	7202	250	*	*	*	*	*	12993	*
H	7202	250	96.8	+	0	0	250M	265971	12993
L	3351	250	*	*	*	*	*	347584	*
H	3351	250	98.0	+	0	0	250M	265971	347584
L	10738	250	*	*	*	*	*	1122955	*
H	10738	250	98.8	+	0	0	250M	253214	1122955
L	1238	250	*	*	*	*	*	695731	*
H	1238	250	98.4	+	0	0	250M	253214	695731
L	12980	250	*	*	*	*	*	4428218	*
H	12980	250	94.4	+	0	0	250M	253214	4428218
L	8117	250	*	*	*	*	*	1954303	*
H	8117	250	93.2	+	0	0	250M	250201	1954303
L	12914	250	*	*	*	*	*	4423978	*
H	12914	250	94.0	+	0	0	250M	250201	4423978
L	900	250	*	*	*	*	*	851640	*
H	900	250	93.6	+	0	0	250M	250201	851640
L	2031	250	*	*	*	*	*	544425	*
H	2031	250	95.6	+	0	0	250M	249636	544425
L	5966	250	*	*	*	*	*	148326	*
H	5966	250	95.2	+	0	0	70MI179MD	249636	148326
L	13501	250	*	*	*	*	*	4463851	*
H	13501	250	93.2	+	0	0	13MI236MD	249636	4463851
L	13776	250	*	*	*	*	*	4480725	*
H	13776	250	94.4	+	0	0	250M	247460	4480725
H	1105	250	94.4	+	0	0	250M	247460	781257
H	4235	250	94.4	+	0	0	250M	247460	284672
H	7202	250	98.4	+	0	0	250M	246206	12993
H	3351	250	99.6	+	0	0	250M	246206	347584
L	12065	250	*	*	*	*	*	4361352	*
H	12065	250	98.4	+	0	0	250M	246206	4361352
H	13294	250	97.2	+	0	0	250M	238746	4450440
L	13003	250	*	*	*	*	*	4430011	*
H	13003	250	96.4	+	0	0	250M	238746	4430011
L	1917	250	*	*	*	*	*	553653	*
H	1917	250	96.4	+	0	0	250M	238746	553653
L	13074	250	*	*	*	*	*	4434972	*
H	13074	250	99.6	+	0	0	10MI239MD	237209	4434972
L	4908	250	*	*	*	*	*	220715	*
H	4908	250	95.2	+	0	0	6MI243MD	237209	220715
L	10337	250	*	*	*	*	*	1142562	*
H	10337	250	92.4	+	0	0	250M	237209	1142562
L	10119	250	*	*	*	*	*	3608204	*
H	10119	250	96.8	+	0	0	250M	233692	3608204
L	198	250	*	*	*	*	*	1057260	*
H	198	250	90.8	+	0	0	250M	233692	1057260
L	5974	250	*	*	*	*	*	148063	*
H	5974	250	90.0	+	0	0	250M	233692	148063
L	11987	250	*	*	*	*	*	4356822	*
H	11987	250	95.6	+	0	0	250M	229434	4356822
L	3518	250	*	*	*	*	*	336110	*
H	3518	250	94.8	+	0	0	250M	229434	336110
H	13549	250	95.6	+	0	0	250M	229434	4466876
L	9298	250	*	*	*	*	*	1140240	*
H	9298	250	95.6	+	0	0	250M	226929	1140240
L	11839	250	*	*	*	*	*	4346588	*
H	11839	250	95.6	+	0	0	250M	226929	4346588
L	12116	250	*	*	*	*	*	4365006	*
H	12116	250	95.2	+	0	0	250M	226929	4365006
L	7904	250	*	*	*	*	*	1134626	*
H	7904	250	92.8	+	0	0	250M	225045	1134626
L	9616	250	*	*	*	*	*	1139148	*
H	9616	250	93.2	+	0	0	250M	225045	1139148
L	1084	250	*	*	*	*	*	797038	*
H	1084	250	90.0	+	0	0	250M	225045	797038
L	11369	250	*	*	*	*	*	4316241	*
H	11369	250	100.0	+	0	0	250M	218910	4316241
L	3218	250	*	*	*	*	*	358229	*
H	3218	250	99.6	+	0	0	250M	218910	358229
L	12890	250	*	*	*	*	*	4422548	*
H	12890	250	99.6	+	0	0	250M	218910	4422548
L	4828	250	*	*	*	*	*	235385	*
H	4828	250	98.0	+	0	0	250M	212299	235385
L	6015	250	*	*	*	*	*	144720	*
H	6015	250	98.0	+	0	0	250M	212299	144720
L	8286	250	*	*	*	*	*	2105739	*
H	8286	250	98.0	+	0	0	250M	212299	2105739
L	10287	250	*	*	*	*	*	1127632	*
H	10287	250	96.0	+	0	0	226MD23MI	202684	1127632
L	8739	250	*	*	*	*	*	2461583	*
H	8739	250	97.2	+	0	0	226MD23MI	202684	2461583
L	6951	250	*	*	*	*	*	39523	*
H	6951	250	96.0	+	0	0	226MD23MI	202684	39523
L	12342	250	*	*	*	*	*	4380180	*
H	12342	250	94.4	+	0	0	74MI24MI150M2D	199880	4380180
L	11786	250	*	*	*	*	*	4341586	*
H	11786	250	92.4	+	0	0	74MI24MI150M2D	199880	4341586
L	5241	250	*	*	*	*	*	189244	*
H	5241	250	92.8	+	0	0	74MI24MI150M2D	199880	189244
L	13808	250	*	*	*	*	*	4482512	*
H	13808	250	98.0	+	0	0	250M	192482	4482512
N	*	250	*	*	*	*	*	192107	*
L	10345	250	*	*	*	*	*	3772085	*
H	10345	250	97.6	+	0	0	250M	190032	3772085
L	10348	250	*	*	*	*	*	3772088	*
H	10348	250	97.6	+	0	0	250M	190032	3772088
L	10698	250	*	*	*	*	*	1014853	*
H	10698	250	96.0	+	0	0	250M	190032	1014853
H	6976	250	93.6	+	0	0	250M	186253	34894
H	13135	250	90.8	+	0	0	250M	186253	4439195
H	5340	250	90.8	+	0	0	250M	186253	184790
L	8185	250	*	*	*	*	*	1116055	*
H	8185	250	99.2	+	0	0	250M	173827	1116055
L	9915	250	*	*	*	*	*	3448408	*
H	9915	250	99.2	+	0	0	250M	173827	3448408
L	4440	250	*	*	*	*	*	265823	*
H	4440	250	99.2	+	0	0	250M	173827	265823
L	12628	250	*	*	*	*	*	4401421	*
H	12628	250	94.8	+	0	0	250M	166639	4401421
L	5664	250	*	*	*	*	*	166493	*
H	5664	250	94.8	+	0	0	250M	166639	166493
L	13231	250	*	*	*	*	*	4446131	*
H	13231	250	94.4	+	0	0	250M	166639	4446131
L	12224	250	*	*	*	*	*	4372223	*
H	12224	250	98.0	+	0	0	250M	160938	4372223
L	7870	250	*	*	*	*	*	1759391	*
H	7870	250	97.6	+	0	0	250M	160938	1759391
L	8794	250	*	*	*	*	*	729981	*
H	8794	250	97.6	+	0	0	250M	160938	729981
L	10807	250	*	*	*	*	*	1123994	*
H	10807	250	93.2	+	0	0	250M	160903	1123994
L	1767	250	*	*	*	*	*	565851	*
H	1767	250	92.8	+	0	0	250M	160903	565851
L	10055	250	*	*	*	*	*	625186	*
H	10055	250	92.8	+	0	0	250M	160903	625186
L	12066	250	*	*	*	*	*	4361369	*
H	12066	250	94.8	+	0	0	250M	160627	4361369
L	11985	250	*	*	*	*	*	4356465	*
H	11985	250	94.8	+	0	0	250M	160627	4356465
L	788	250	*	*	*	*	*	881955	*
H	788	250	95.6	+	0	0	250M	160627	881955
L	6797	250	*	*	*	*	*	70424	*
H	6797	250	98.4	+	0	0	250M	160110	70424
L	7170	250	*	*	*	*	*	13973	*
H	7170	250	99.2	+	0	0	250M	160110	13973
L	7172	250	*	*	*	*	*	13964	*
H	7172	250	98.4	+	0	0	250M	160110	13964
L	5537	250	*	*	*	*	*	173412	*
H	5537	250	92.8	+	0	0	250M	158646	173412
L	5151	250	*	*	*	*	*	194286	*
H	5151	250	92.8	+	0	0	250M	158646	194286
L	1703	250	*	*	*	*	*	570230	*
H	1703	250	92.8	+	0	0	250M	158646	570230
L	1776	250	*	*	*	*	*	564904	*
H	1776	250	98.4	+	0	0	250M	157892	564904
L	1056	250	*	*	*	*	*	809629	*
H	1056	250	98.4	+	0	0	250M	157892	809629
L	9220	250	*	*	*	*	*	1136534	*
H	9220	250	98.0	+	0	0	250M	157892	1136534
L	11294	250	*	*	*	*	*	4311218	*
H	11294	250	99.2	+	0	0	250M	156705	4311218
L	10149	250	*	*	*	*	*	3630893	*
H	10149	250	99.2	+	0	0	250M	156705	3630893
L	8440	250	*	*	*	*	*	758064	*
H	8440	250	99.2	+	0	0	250M	156705	758064
L	3798	250	*	*	*	*	*	312765	*
H	3798	250	91.2	+	0	0	250M	156688	312765
L	1127	250	*	*	*	*	*	770262	*
H	1127	250	96.0	+	0	0	19MD6MD132M2I12MI78MD	155922	770262
L	7253	250	*	*	*	*	*	12187	*
H	7253	250	96.0	+	0	0	19MD6MD132M2I12MI78MD	155922	12187
L	11122	250	*	*	*	*	*	4302610	*
H	11122	250	95.6	+	0	0	19MD6MD132M2I12MI78MD	155922	4302610
L	166	250	*	*	*	*	*	1063810	*
H	166	250	95.2	+	0	0	250M	153061	1063810
H	5800	250	94.4	+	0	0	250M	153061	159833
H	13294	250	92.4	+	0	0	250M	153061	4450440
N	*	250	*	*	*	*	*	152262	*
N	*	250	*	*	*	*	*	150547	*
L	12581	250	*	*	*	*	*	4396988	*
H	12581	250	94.0	+	0	0	250M	149965	4396988
L	1090	250	*	*	*	*	*	792207	*
H	1090	250	93.2	+	0	0	250M	149965	792207
L	9425	250	*	*	*	*	*	1124398	*
H	9425	250	94.4	+	0	0	250M	149965	1124398
L	11471	250	*	*	*	*	*	4321055	*
H	11471	250	99.2	+	0	0	250M	149643	4321055
L	5142	250	*	*	*	*	*	194462	*
H	5142	250	99.2	+	0	0	250M	149643	194462
L	13244	250	*	*	*	*	*	4446764	*
H	13244	250	99.2	+	0	0	250M	149643	4446764
L	7475	250	*	*	*	*	*	5518	*
H	7475	250	96.8	+	0	0	250M	148528	5518
L	1732	250	*	*	*	*	*	568154	*
H	1732	250	96.8	+	0	0	250M	148528	568154
L	6510	250	*	*	*	*	*	103285	*
H	6510	250	94.4	+	0	0	250M	148528	103285
L	10528	250	*	*	*	*	*	3926523	*
H	10528	250	92.8	+	0	0	250M	147086	3926523
L	1974	250	*	*	*	*	*	549640	*
H	1974	250	93.2	+	0	0	250M	147086	549640
L	8150	250	*	*	*	*	*	1126194	*
H	8150	250	93.2	+	0	0	250M	147086	1126194
H	198	250	92.4	+	0	0	14MI189MD46M	140965	1057260
L	240	250	*	*	*	*	*	1047898	*
H	240	250	98.4	+	0	0	250M	139937	1047898
L	9820	250	*	*	*	*	*	704830	*
H	9820	250	98.4	+	0	0	250M	139937	704830
L	7298	250	*	*	*	*	*	11432	*
H	7298	250	98.0	+	0	0	250M	139937	11432
H	10142	250	98.4	+	0	0	250M	139367	1130073
L	11904	250	*	*	*	*	*	4350614	*
H	11904	250	97.6	+	0	0	250M	139367	4350614
L	6148	250	*	*	*	*	*	138930	*
H	6148	250	98.4	+	0	0	250M	139367	138930
L	12713	250	*	*	*	*	*	4407974	*
H	12713	250	93.2	+	0	0	250M	138582	4407974
L	8675	250	*	*	*	*	*	940401	*
H	8675	250	93.6	+	0	0	250M	138582	940401
L	8272	250	*	*	*	*	*	2094423	*
H	8272	250	93.2	+	0	0	250M	138582	2094423
L	4554	250	*	*	*	*	*	257496	*
H	4554	250	95.2	+	0	0	250M	136773	257496
L	10026	250	*	*	*	*	*	3541842	*
H	10026	250	92.8	+	0	0	250M	136773	3541842
L	10786	250	*	*	*	*	*	1121107	*
H	10786	250	92.4	+	0	0	250M	136773	1121107
L	5202	250	*	*	*	*	*	191402	*
H	5202	250	95.6	+	0	0	250M	132943	191402
L	7412	250	*	*	*	*	*	7897	*
H	7412	250	96.0	+	0	0	250M	132943	7897
L	8814	250	*	*	*	*	*	799124	*
H	8814	250	96.0	+	0	0	250M	132943	799124
L	13097	250	*	*	*	*	*	4435984	*
H	13097	250	96.8	+	0	0	250M	132913	4435984
L	12679	250	*	*	*	*	*	4405914	*
H	12679	250	96.8	+	0	0	250M	132913	4405914
L	6676	250	*	*	*	*	*	85556	*
H	6676	250	96.8	+	0	0	250M	132913	85556
H	10930	250	92.0	+	0	0	250M	130535	4263820
H	13191	250	92.8	+	0	0	250M	130535	4443004
H	13361	250	92.0	+	0	0	250M	130535	4454715
N	*	250	*	*	*	*	*	129337	*
H	6291	250	99.6	+	0	0	96MD153MI	121052	119663
L	6306	250	*	*	*	*	*	115829	*
H	6306	250	98.8	+	0	0	81MD14MD153M2I	121052	115829
L	6276	250	*	*	*	*	*	127563	*
H	6276	250	99.2	+	0	0	D95MD153M2I	121052	127563
N	*	250	*	*	*	*	*	115290	*
L	9804	250	*	*	*	*	*	620813	*
H	9804	250	97.6	+	0	0	250M	115286	620813
L	9805	250	*	*	*	*	*	647165	*
H	9805	250	96.4	+	0	0	250M	115286	647165
L	6450	250	*	*	*	*	*	106422	*
H	6450	250	95.6	+	0	0	250M	115286	106422
N	*	250	*	*	*	*	*	111022	*
L	8017	250	*	*	*	*	*	1866008	*
H	8017	250	100.0	+	0	0	250M	110694	1866008
L	9226	250	*	*	*	*	*	809283	*
H	9226	250	100.0	+	0	0	250M	110694	809283
L	13337	250	*	*	*	*	*	4453611	*
H	13337	250	100.0	+	0	0	250M	110694	4453611
N	*	250	*	*	*	*	*	107531	*
L	5977	250	*	*	*	*	*	147523	*
H	5977	250	92.8	+	0	0	250M	106754	147523
L	5957	250	*	*	*	*	*	149021	*
H	5957	250	91.2	+	0	0	250M	106754	149021
L	6609	250	*	*	*	*	*	93641	*
H	6609	250	91.2	+	0	0	250M	106754	93641
L	3660	250	*	*	*	*	*	324891	*
H	3660	250	91.6	+	0	0	250M	105998	324891
L	9648	250	*	*	*	*	*	836389	*
H	9648	250	91.6	+	0	0	250M	105998	836389
L	3433	250	*	*	*	*	*	342268	*
H	3433	250	91.2	+	0	0	250M	105998	342268
L	4531	250	*	*	*	*	*	259094	*
H	4531	250	97.2	+	0	0	250M	102993	259094
L	9927	250	*	*	*	*	*	1129537	*
H	9927	250	94.0	+	0	0	250M	102993	1129537
L	9587	250	*	*	*	*	*	3178296	*
H	9587	250	95.2	+	0	0	250M	102993	3178296
N	*	250	*	*	*	*	*	101495	*
L	7955	250	*	*	*	*	*	1819091	*
H	7955	250	96.4	+	0	0	72MD177MI	99193	1819091
L	6337	250	*	*	*	*	*	112402	*
H	6337	250	96.4	+	0	0	72MD177MI	99193	112402
H	10489	250	96.0	+	0	0	72MD177MI	99193	616049
N	*	250	*	*	*	*	*	98889	*
L	7522	250	*	*	*	*	*	2935	*
H	7522	250	91.6	+	0	0	250M	89521	2935
H	8898	250	92.4	+	0	0	250M	89521	2574952
L	1239	250	*	*	*	*	*	695185	*
H	1239	250	100.0	+	0	0	250M	89370	695185
L	13599	250	*	*	*	*	*	4469214	*
H	13599	250	100.0	+	0	0	250M	89370	4469214
L	11815	250	*	*	*	*	*	4343758	*
H	11815	250	100.0	+	0	0	250M	89370	4343758
L	13043	250	*	*	*	*	*	4432439	*
H	13043	250	92.8	+	0	0	250M	81749	4432439
L	12346	250	*	*	*	*	*	4380413	*
H	12346	250	92.8	+	0	0	250M	81749	4380413
L	11775	250	*	*	*	*	*	4340465	*
H	11775	250	92.8	+	0	0	250M	81749	4340465
L	1172	250	*	*	*	*	*	738267	*
H	1172	250	97.6	+	0	0	250M	68830	738267
L	1155	250	*	*	*	*	*	748921	*
H	1155	250	95.6	+	0	0	250M	68830	748921
L	12266	250	*	*	*	*	*	4375255	*
H	12266	250	93.6	+	0	0	250M	68830	4375255
N	*	250	*	*	*	*	*	63955	*
H	2206	250	91.2	+	0	0	250M	63607	531096
H	7886	250	91.2	+	0	0	250M	63607	748985
L	7490	250	*	*	*	*	*	4581	*
H	7490	250	91.2	+	0	0	250M	63607	4581
L	6708	250	*	*	*	*	*	80820	*
H	6708	250	92.4	+	0	0	250M	60827	80820
L	6367	250	*	*	*	*	*	110591	*
H	6367	250	92.8	+	0	0	250M	60827	110591
L	12468	250	*	*	*	*	*	4388793	*
H	12468	250	91.6	+	0	0	250M	60827	4388793
L	1913	250	*	*	*	*	*	4412575	*
H	1913	250	98.4	+	0	0	250M	53642	4412575
L	1326	250	*	*	*	*	*	636825	*
H	1326	250	93.6	+	0	0	250M	53642	636825
L	7102	250	*	*	*	*	*	16011	*
H	7102	250	90.4	+	0	0	250M	53642	16011
L	6219	250	*	*	*	*	*	134259	*
H	6219	250	100.0	+	0	0	250M	52818	134259
L	5859	250	*	*	*	*	*	155500	*
H	5859	250	100.0	+	0	0	250M	52818	155500
L	12882	250	*	*	*	*	*	4422114	*
H	12882	250	100.0	+	0	0	250M	52818	4422114
L	2818	250	*	*	*	*	*	470510	*
H	2818	250	96.0	+	0	0	250M	49918	470510
L	6388	250	*	*	*	*	*	109112	*
H	6388	250	94.4	+	0	0	250M	49918	109112
L	1330	250	*	*	*	*	*	632539	*
H	1330	250	95.2	+	0	0	250M	49918	632539
L	1214	250	*	*	*	*	*	709804	*
H	1214	250	97.2	+	0	0	250M	45962	709804
L	13504	250	*	*	*	*	*	4464003	*
H	13504	250	96.8	+	0	0	250M	45962	4464003
L	1961	250	*	*	*	*	*	550415	*
H	1961	250	96.8	+	0	0	250M	45962	550415
H	12138	250	98.0	+	0	0	250M	41281	4366350
L	8522	250	*	*	*	*	*	1145083	*
H	8522	250	96.8	+	0	0	250M	41281	1145083
H	5800	250	96.8	+	0	0	250M	41281	159833
N	*	250	*	*	*	*	*	41119	*
L	6743	250	*	*	*	*	*	74465	*
H	6743	250	97.2	+	0	0	250M	40556	74465
L	10102	250	*	*	*	*	*	3599275	*
H	10102	250	97.6	+	0	0	250M	40556	3599275
L	983	250	*	*	*	*	*	823745	*
H	983	250	97.2	+	0	0	250M	40556	823745
L	8799	250	*	*	*	*	*	743801	*
H	8799	250	94.8	+	0	0	250M	33768	743801
L	779	250	*	*	*	*	*	884690	*
H	779	250	97.2	+	0	0	250M	32352	884690
L	11523	250	*	*	*	*	*	4323402	*
H	11523	250	96.8	+	0	0	250M	32352	4323402
L	13104	250	*	*	*	*	*	4436739	*
H	13104	250	96.8	+	0	0	250M	32352	4436739
L	8585	250	*	*	*	*	*	1126669	*
H	8585	250	98.8	+	0	0	250M	30376	1126669
L	4365	250	*	*	*	*	*	272058	*
H	4365	250	98.8	+	0	0	250M	30376	272058
L	4356	250	*	*	*	*	*	272843	*
H	4356	250	98.8	+	0	0	250M	30376	272843
L	6355	250	*	*	*	*	*	111470	*
H	6355	250	94.0	+	0	0	250M	26799	111470
L	1248	250	*	*	*	*	*	690063	*
H	1248	250	91.2	+	0	0	215MD34MI	21822	690063
L	9942	250	*	*	*	*	*	714746	*
H	9942	250	90.0	+	0	0	86MI163MD	21822	714746
L	2080	250	*	*	*	*	*	539939	*
H	2080	250	90.8	+	0	0	250M	16026	539939
H	7119	250	98.0	+	0	0	72MD126MI16MI34MD	15261	15281
H	9091	250	98.4	+	0	0	72MD126MI16MI34MD	15261	2749362
L	13742	250	*	*	*	*	*	4478762	*
H	13742	250	98.0	+	0	0	72MD126MI16MI34MD	15261	4478762
L	12368	250	*	*	*	*	*	4382531	*
H	12368	250	98.8	+	0	0	123MD126MI	14615	4382531
L	13292	250	*	*	*	*	*	4450394	*
H	13292	250	98.8	+	0	0	123MD126MI	14615	4450394
L	7142	250	*	*	*	*	*	14614	*
H	7142	250	98.8	+	0	0	123MD126MI	14615	14614
L	10750	250	*	*	*	*	*	1135374	*
H	10750	250	96.8	+	0	0	250M	14492	1135374
L	5416	250	*	*	*	*	*	180513	*
H	5416	250	97.2	+	0	0	250M	14492	180513
L	5127	250	*	*	*	*	*	195317	*
H	5127	250	97.2	+	0	0	250M	14492	195317
L	13635	250	*	*	*	*	*	4472101	*
H	13635	250	92.8	+	0	0	12MD143MD93M2I	14302	4472101
L	7158	250	*	*	*	*	*	14295	*
H	7158	250	90.4	+	0	0	250M	14302	14295
L	1742	250	*	*	*	*	*	567510	*
H	1742	250	90.8	+	0	0	250M	14302	567510
N	*	250	*	*	*	*	*	13913	*
L	10375	250	*	*	*	*	*	1143338	*
H	10375	250	96.4	+	0	0	250M	13811	1143338
L	4775	250	*	*	*	*	*	239386	*
H	4775	250	96.0	+	0	0	250M	13811	239386
L	6587	250	*	*	*	*	*	99129	*
H	6587	250	96.0	+	0	0	250M	13811	99129
L	2949	250	*	*	*	*	*	404948	*
H	2949	250	99.2	+	0	0	250M	12837	404948
L	10223	250	*	*	*	*	*	1128237	*
H	10223	250	99.2	+	0	0	250M	12837	1128237
L	1748	250	*	*	*	*	*	567221	*
H	1748	250	99.2	+	0	0	250M	12837	567221
H	9915	250	98.0	+	0	0	250M	12828	3448408
L	4013	250	*	*	*	*	*	298873	*
H	4013	250	98.0	+	0	0	250M	12828	298873
L	1041	250	*	*	*	*	*	812766	*
H	1041	250	96.4	+	0	0	250M	12828	812766
H	7222	250	96.8	+	0	0	250M	12807	12841
L	7221	250	*	*	*	*	*	12842	*
H	7221	250	96.4	+	0	0	250M	12807	12842
H	8185	250	96.4	+	0	0	250M	12807	1116055
N	*	250	*	*	*	*	*	11226	*
N	*	250	*	*	*	*	*	11124	*
L	7891	250	*	*	*	*	*	1773389	*
H	7891	250	100.0	+	0	0	250M	10629	1773389
L	6439	250	*	*	*	*	*	106978	*
H	6439	250	100.0	+	0	0	250M	10629	106978
L	7323	250	*	*	*	*	*	10633	*
H	7323	250	100.0	+	0	0	250M	10629	10633
H	788	250	96.8	+	0	0	250M	9548	881955
L	6378	250	*	*	*	*	*	109647	*
H	6378	250	96.8	+	0	0	250M	9548	109647
L	8590	250	*	*	*	*	*	892412	*
H	8590	250	96.8	+	0	0	250M	9548	892412
L	2811	250	*	*	*	*	*	471412	*
H	2811	250	91.6	+	0	0	250M	9511	471412
L	4686	250	*	*	*	*	*	246662	*
H	4686	250	91.6	+	0	0	250M	9511	246662
L	10988	250	*	*	*	*	*	4295367	*
H	10988	250	91.2	+	0	0	250M	9511	4295367
N	*	250	*	*	*	*	*	9351	*
H	4602	250	99.6	+	0	0	250M	9252	253986
H	6546	250	99.6	+	0	0	250M	9252	101121
H	4690	250	99.6	+	0	0	250M	9252	246186
L	4703	250	*	*	*	*	*	244795	*
H	4703	250	92.4	+	0	0	250M	8173	244795
L	6957	250	*	*	*	*	*	38918	*
H	6957	250	92.8	+	0	0	250M	8173	38918
L	12576	250	*	*	*	*	*	4396529	*
H	12576	250	92.4	+	0	0	250M	8173	4396529
H	10055	250	91.6	+	0	0	81MD168MI	7538	625186
L	7032	250	*	*	*	*	*	25151	*
H	7032	250	91.6	+	0	0	75MD174MI	7538	25151
L	7419	250	*	*	*	*	*	7555	*
H	7419	250	91.6	+	0	0	75MD174MI	7538	7555
L	6134	250	*	*	*	*	*	4352580	*
H	6134	250	96.0	+	0	0	250M	7346	4352580
H	9220	250	96.8	+	0	0	250M	7346	1136534
L	1762	250	*	*	*	*	*	566047	*
H	1762	250	96.4	+	0	0	250M	7346	566047
L	13001	250	*	*	*	*	*	4429771	*
H	13001	250	99.6	+	0	0	250M	7126	4429771
L	1839	250	*	*	*	*	*	559745	*
H	1839	250	99.2	+	0	0	250M	7126	559745
L	8115	250	*	*	*	*	*	605409	*
H	8115	250	99.2	+	0	0	250M	7126	605409
L	8449	250	*	*	*	*	*	2228266	*
H	8449	250	94.8	+	0	0	250M	6368	2228266
L	9769	250	*	*	*	*	*	1131597	*
H	9769	250	94.0	+	0	0	250M	6368	1131597
L	12260	250	*	*	*	*	*	4374945	*
H	12260	250	91.2	+	0	0	250M	6368	4374945
L	11159	250	*	*	*	*	*	4304774	*
H	11159	250	93.2	+	0	0	250M	6367	4304774
L	12068	250	*	*	*	*	*	4361424	*
H	12068	250	92.0	+	0	0	250M	6367	4361424
L	7617	250	*	*	*	*	*	682821	*
H	7617	250	91.2	+	0	0	250M	6367	682821
L	2040	250	*	*	*	*	*	543619	*
H	2040	250	92.8	+	0	0	131MI118MD	6024	543619
L	6847	250	*	*	*	*	*	59553	*
H	6847	250	92.0	+	0	0	130MI119MD	6024	59553
L	4284	250	*	*	*	*	*	278455	*
H	4284	250	93.2	+	0	0	250M	6024	278455
L	4221	250	*	*	*	*	*	286855	*
H	4221	250	98.8	+	0	0	250M	5719	286855
L	6564	250	*	*	*	*	*	100203	*
H	6564	250	98.8	+	0	0	250M	5719	100203
L	4566	250	*	*	*	*	*	256685	*
H	4566	250	98.4	+	0	0	250M	5719	256685
L	4898	250	*	*	*	*	*	221841	*
H	4898	250	96.0	+	0	0	250M	5672	221841
L	9250	250	*	*	*	*	*	2885267	*
H	9250	250	95.2	+	0	0	250M	5672	2885267
L	4600	250	*	*	*	*	*	254355	*
H	4600	250	95.2	+	0	0	250M	5672	254355
L	3839	250	*	*	*	*	*	310532	*
H	3839	250	96.8	+	0	0	250M	5131	310532
L	10127	250	*	*	*	*	*	3614642	*
H	10127	250	96.4	+	0	0	250M	5131	3614642
L	4796	250	*	*	*	*	*	237931	*
H	4796	250	96.0	+	0	0	250M	5131	237931
H	5337	250	95.6	+	0	0	250M	4638	185052
H	5148	250	95.2	+	0	0	250M	4638	194356
L	8957	250	*	*	*	*	*	1115614	*
H	8957	250	95.2	+	0	0	250M	4638	1115614
N	*	250	*	*	*	*	*	4597	*
N	*	250	*	*	*	*	*	4509	*
H	13135	250	98.4	+	0	0	250M	3288	4439195
H	5340	250	98.4	+	0	0	250M	3288	184790
H	6976	250	96.8	+	0	0	250M	3288	34894
L	5797	250	*	*	*	*	*	159887	*
H	5797	250	98.4	+	0	0	196MI53MD	3125	159887
L	6563	250	*	*	*	*	*	100215	*
H	6563	250	91.6	+	0	0	193MI56MD	3125	100215
L	4501	250	*	*	*	*	*	261798	*
H	4501	250	92.4	+	0	0	193MI56MD	3125	261798
L	9536	250	*	*	*	*	*	1134212	*
H	9536	250	94.8	+	0	0	250M	2419	1134212
L	12447	250	*	*	*	*	*	4388002	*
H	12447	250	91.6	+	0	0	250M	2419	4388002
L	9109	250	*	*	*	*	*	1138276	*
H	9109	250	90.0	+	0	0	250M	2419	1138276
L	9283	250	*	*	*	*	*	2918986	*
H	9283	250	94.4	+	0	0	250M	1875	2918986
H	6510	250	98.4	+	0	0	250M	609314	103285
L	12703	250	*	*	*	*	*	4407376	*
H	12703	250	94.0	+	0	0	250M	609314	4407376
H	7475	250	95.2	+	0	0	250M	609314	5518
N	*	250	*	*	*	*	*	1548009	*
N	*	250	*	*	*	*	*	1550344	*
L	9803	250	*	*	*	*	*	3352220	*
H	9803	250	93.2	+	0	0	250M	1124812	3352220
L	12881	250	*	*	*	*	*	4421738	*
H	12881	250	92.8	+	0	0	250M	1124812	4421738
L	1371	250	*	*	*	*	*	609349	*
H	1371	250	93.2	+	0	0	250M	1124812	609349
L	628	250	*	*	*	*	*	927402	*
H	628	250	96.4	+	0	0	69MD22MD68MD88M3I	751671	927402
L	10918	250	*	*	*	*	*	976316	*
H	10918	250	95.2	+	0	0	69MD22MD68MD88M3I	751671	976316
L	9319	250	*	*	*	*	*	992242	*
H	9319	250	94.8	+	0	0	69MD22MD68MD88M3I	751671	992242
L	8608	250	*	*	*	*	*	2344267	*
H	8608	250	99.2	+	0	0	250M	1646255	2344267
L	10310	250	*	*	*	*	*	3746875	*
H	10310	250	98.8	+	0	0	250M	1646255	3746875
L	10118	250	*	*	*	*	*	3606810	*
H	10118	250	98.8	+	0	0	250M	1646255	3606810
N	*	250	*	*	*	*	*	1649618	*
H	10376	250	97.2	+	0	0	250M	1680562	1128041
H	4288	250	92.8	+	0	0	250M	1680562	277651
L	7694	250	*	*	*	*	*	948029	*
H	7694	250	90.8	+	0	0	250M	1680562	948029
N	*	250	*	*	*	*	*	1130618	*
L	4677	250	*	*	*	*	*	247111	*
H	4677	250	99.2	+	0	0	250M	1115140	247111
L	9247	250	*	*	*	*	*	2884179	*
H	9247	250	99.2	+	0	0	250M	1115140	2884179
L	1344	250	*	*	*	*	*	626867	*
H	1344	250	99.2	+	0	0	250M	1115140	626867
L	11031	250	*	*	*	*	*	4297876	*
H	11031	250	98.8	+	0	0	250M	1715972	4297876
L	9644	250	*	*	*	*	*	3225199	*
H	9644	250	99.2	+	0	0	250M	1715972	3225199
L	10065	250	*	*	*	*	*	3568708	*
H	10065	250	98.4	+	0	0	250M	1715972	3568708
L	1715	250	*	*	*	*	*	569678	*
H	1715	250	99.2	+	0	0	250M	656307	569678
L	11390	250	*	*	*	*	*	4317297	*
H	11390	250	92.8	+	0	0	250M	656307	4317297
L	10033	250	*	*	*	*	*	3548776	*
H	10033	250	92.8	+	0	0	250M	656307	3548776
H	1969	250	98.8	+	0	0	250M	1133935	549839
H	1378	250	98.8	+	0	0	250M	1133935	605198
L	9049	250	*	*	*	*	*	1131267	*
H	9049	250	98.4	+	0	0	250M	1133935	1131267
L	9340	250	*	*	*	*	*	1142618	*
H	9340	250	94.4	+	0	0	250M	638076	1142618
L	9092	250	*	*	*	*	*	1130616	*
H	9092	250	91.6	+	0	0	118MI131MD	638076	1130616
L	8299	250	*	*	*	*	*	1143228	*
H	8299	250	94.4	+	0	0	250M	638076	1143228
L	4929	250	*	*	*	*	*	218869	*
H	4929	250	100.0	+	0	0	250M	730249	218869
L	12356	250	*	*	*	*	*	4381230	*
H	12356	250	100.0	+	0	0	250M	730249	4381230
L	12372	250	*	*	*	*	*	4382944	*
H	12372	250	100.0	+	0	0	250M	730249	4382944
L	3544	250	*	*	*	*	*	333578	*
H	3544	250	94.4	+	0	0	250M	1801171	333578
L	12910	250	*	*	*	*	*	4423670	*
H	12910	250	95.2	+	0	0	250M	1801171	4423670
L	4416	250	*	*	*	*	*	267948	*
H	4416	250	95.2	+	0	0	250M	1801171	267948
L	7938	250	*	*	*	*	*	1803005	*
H	7938	250	98.4	+	0	0	250M	1803014	1803005
L	11997	250	*	*	*	*	*	4357166	*
H	11997	250	97.2	+	0	0	187MD62MI	1803014	4357166
L	8573	250	*	*	*	*	*	2318918	*
H	8573	250	96.0	+	0	0	250M	1803014	2318918
H	1090	250	95.2	+	0	0	55MD194MI	1137534	792207
L	5983	250	*	*	*	*	*	146917	*
H	5983	250	94.8	+	0	0	54MD195MI	1137534	146917
L	1359	250	*	*	*	*	*	615189	*
H	1359	250	94.4	+	0	0	54MD195MI	1137534	615189
L	2087	250	*	*	*	*	*	539319	*
H	2087	250	98.0	+	0	0	250M	1127696	539319
L	1808	250	*	*	*	*	*	562500	*
H	1808	250	97.2	+	0	0	250M	1127696	562500
L	6831	250	*	*	*	*	*	64196	*
H	6831	250	94.8	+	0	0	250M	1127696	64196
L	9336	250	*	*	*	*	*	1145398	*
H	9336	250	92.8	+	0	0	250M	1144850	1145398
L	8699	250	*	*	*	*	*	2421588	*
H	8699	250	91.2	+	0	0	250M	1144850	2421588
L	3325	250	*	*	*	*	*	349467	*
H	3325	250	91.2	+	0	0	250M	1144850	349467
L	4935	250	*	*	*	*	*	218406	*
H	4935	250	96.4	+	0	0	250M	1133306	218406
L	9734	250	*	*	*	*	*	1134595	*
H	9734	250	97.2	+	0	0	250M	1133306	1134595
L	12163	250	*	*	*	*	*	4368039	*
H	12163	250	95.2	+	0	0	250M	1133306	4368039
N	*	250	*	*	*	*	*	1837676	*
L	9440	250	*	*	*	*	*	3052746	*
H	9440	250	97.6	+	0	0	250M	614944	3052746
L	8338	250	*	*	*	*	*	2132253	*
H	8338	250	98.4	+	0	0	250M	614944	2132253
L	12136	250	*	*	*	*	*	4366299	*
H	12136	250	97.6	+	0	0	250M	614944	4366299
L	7447	250	*	*	*	*	*	6648	*
H	7447	250	90.4	+	0	0	2I77MD52MD107M2D10M2I	1883795	6648
L	9824	250	*	*	*	*	*	3368019	*
H	9824	250	98.0	+	0	0	250M	1886044	3368019
L	7741	250	*	*	*	*	*	1646259	*
H	7741	250	98.0	+	0	0	250M	1886044	1646259
L	9936	250	*	*	*	*	*	3464845	*
H	9936	250	98.0	+	0	0	250M	1886044	3464845
L	1000	250	*	*	*	*	*	819956	*
H	1000	250	96.4	+	0	0	250M	801271	819956
L	10311	250	*	*	*	*	*	3746876	*
H	10311	250	100.0	+	0	0	250M	1913623	3746876
L	9015	250	*	*	*	*	*	2682867	*
H	9015	250	100.0	+	0	0	250M	1913623	2682867
H	10065	250	99.6	+	0	0	250M	1913623	3568708
L	8087	250	*	*	*	*	*	1129499	*
H	8087	250	91.2	+	0	0	250M	1142320	1129499
L	8773	250	*	*	*	*	*	741587	*
H	8773	250	90.4	+	0	0	250M	1142320	741587
L	11026	250	*	*	*	*	*	4297519	*
H	11026	250	90.4	+	0	0	250M	786876	4297519
L	4445	250	*	*	*	*	*	265604	*
H	4445	250	93.6	+	0	0	250M	1125228	265604
L	7625	250	*	*	*	*	*	1144293	*
H	7625	250	93.6	+	0	0	250M	1125228	1144293
L	7149	250	*	*	*	*	*	14554	*
H	7149	250	91.6	+	0	0	250M	1125228	14554
L	4713	250	*	*	*	*	*	244196	*
H	4713	250	98.8	+	0	0	250M	1129081	244196
L	7228	250	*	*	*	*	*	12542	*
H	7228	250	96.8	+	0	0	250M	1129081	12542
L	1726	250	*	*	*	*	*	568991	*
H	1726	250	98.0	+	0	0	250M	1129081	568991
L	8963	250	*	*	*	*	*	2638784	*
H	8963	250	100.0	+	0	0	250M	2035238	2638784
H	7938	250	96.8	+	0	0	186MI63MD	2035238	1803005
H	11997	250	97.2	+	0	0	250M	2035238	4357166
L	4895	250	*	*	*	*	*	222253	*
H	4895	250	90.4	+	0	0	250M	2046080	222253
H	4501	250	91.2	+	0	0	250M	2046080	261798
L	11377	250	*	*	*	*	*	4316623	*
H	11377	250	90.4	+	0	0	250M	2046080	4316623
L	7841	250	*	*	*	*	*	1143460	*
H	7841	250	94.8	+	0	0	250M	1133602	1143460
L	13522	250	*	*	*	*	*	4465093	*
H	13522	250	96.0	+	0	0	250M	1133602	4465093
L	7534	250	*	*	*	*	*	2420	*
H	7534	250	94.0	+	0	0	250M	1133602	2420
H	10310	250	100.0	+	0	0	250M	2063499	3746875
H	10118	250	100.0	+	0	0	250M	2063499	3606810
L	8224	250	*	*	*	*	*	2057787	*
H	8224	250	100.0	+	0	0	250M	2063499	2057787
H	8608	250	98.8	+	0	0	250M	2063500	2344267
H	10310	250	98.4	+	0	0	250M	2063500	3746875
H	10118	250	98.4	+	0	0	250M	2063500	3606810
H	8608	250	98.4	+	0	0	250M	2063501	2344267
H	8224	250	98.0	+	0	0	250M	2063501	2057787
H	10118	250	98.0	+	0	0	250M	2063501	3606810
H	10311	250	100.0	+	0	0	250M	2072489	3746876
H	9015	250	100.0	+	0	0	250M	2072489	2682867
H	10065	250	99.6	+	0	0	250M	2072489	3568708
L	2098	250	*	*	*	*	*	538813	*
H	2098	250	97.6	+	0	0	250M	744642	538813
L	10110	250	*	*	*	*	*	765168	*
H	10110	250	94.0	+	0	0	250M	744642	765168
L	13633	250	*	*	*	*	*	4472012	*
H	13633	250	96.0	+	0	0	250M	816056	4472012
L	8900	250	*	*	*	*	*	809850	*
H	8900	250	96.4	+	0	0	250M	816056	809850
L	13286	250	*	*	*	*	*	4449855	*
H	13286	250	95.2	+	0	0	250M	816056	4449855
N	*	250	*	*	*	*	*	2107103	*
L	13530	250	*	*	*	*	*	4465533	*
H	13530	250	94.8	+	0	0	250M	706818	4465533
L	4768	250	*	*	*	*	*	239953	*
H	4768	250	94.8	+	0	0	250M	706818	239953
H	7419	250	94.8	+	0	0	250M	706818	7555
L	1930	250	*	*	*	*	*	552832	*
H	1930	250	99.2	+	0	0	250M	2160270	552832
H	4566	250	99.2	+	0	0	250M	2160270	256685
L	2793	250	*	*	*	*	*	508844	*
H	2793	250	99.2	+	0	0	250M	2160270	508844
L	3188	250	*	*	*	*	*	360328	*
H	3188	250	96.0	+	0	0	250M	728069	360328
L	3195	250	*	*	*	*	*	359930	*
H	3195	250	96.0	+	0	0	250M	728069	359930
L	3208	250	*	*	*	*	*	359053	*
H	3208	250	96.0	+	0	0	250M	728069	359053
L	8505	250	*	*	*	*	*	2270059	*
H	8505	250	93.6	+	0	0	218M2I30M2D	2170497	2270059
L	8107	250	*	*	*	*	*	1942913	*
H	8107	250	90.0	+	0	0	219M2I29M2D	2170497	1942913
N	*	250	*	*	*	*	*	2170973	*
H	6014	250	99.6	+	0	0	250M	1144109	144735
H	5157	250	94.8	+	0	0	250M	1144109	193970
H	10528	250	92.0	+	0	0	250M	1144109	3926523
H	7149	250	99.6	+	0	0	250M	719955	14554
H	13003	250	95.6	+	0	0	250M	719955	4430011
L	4325	250	*	*	*	*	*	274860	*
H	4325	250	95.6	+	0	0	250M	719955	274860
L	7740	250	*	*	*	*	*	739471	*
H	7740	250	91.6	+	0	0	250M	808541	739471
L	6070	250	*	*	*	*	*	142596	*
H	6070	250	92.0	+	0	0	250M	808541	142596
L	9586	250	*	*	*	*	*	1131768	*
H	9586	250	92.0	+	0	0	250M	808541	1131768
N	*	250	*	*	*	*	*	2313300	*
L	5314	250	*	*	*	*	*	185766	*
H	5314	250	95.6	+	0	0	250M	2318399	185766
L	1908	250	*	*	*	*	*	554499	*
H	1908	250	94.4	+	0	0	125MD124MI	2318399	554499
H	4416	250	91.6	+	0	0	250M	2318399	267948
L	8044	250	*	*	*	*	*	1892252	*
H	8044	250	97.2	+	0	0	222MD27MI	2331935	1892252
H	10311	250	96.8	+	0	0	221MD28MI	2331935	3746876
H	9015	250	96.8	+	0	0	221MD28MI	2331935	2682867
N	*	250	*	*	*	*	*	2343601	*
H	11432	250	94.8	+	0	0	250M	1135155	4319468
L	9995	250	*	*	*	*	*	3509162	*
H	9995	250	94.0	+	0	0	250M	1135155	3509162
L	7595	250	*	*	*	*	*	1131099	*
H	7595	250	90.0	+	0	0	250M	1135155	1131099
H	2153	250	98.8	+	0	0	250M	1140286	533516
H	5047	250	98.4	+	0	0	250M	1140286	199635
H	7444	250	98.8	+	0	0	250M	1140286	7052
H	9644	250	99.6	+	0	0	250M	2369177	3225199
H	11031	250	99.2	+	0	0	250M	2369177	4297876
H	10065	250	98.8	+	0	0	250M	2369177	3568708
N	*	250	*	*	*	*	*	2372909	*
L	12749	250	*	*	*	*	*	4410246	*
H	12749	250	96.8	+	0	0	250M	2397566	4410246
L	12397	250	*	*	*	*	*	4384897	*
H	12397	250	96.0	+	0	0	250M	2397566	4384897
L	8668	250	*	*	*	*	*	2397581	*
H	8668	250	96.4	+	0	0	250M	2397566	2397581
L	12218	250	*	*	*	*	*	4371951	*
H	12218	250	97.2	+	0	0	250M	1143023	4371951
L	7859	250	*	*	*	*	*	1144264	*
H	7859	250	97.2	+	0	0	250M	1143023	1144264
L	6709	250	*	*	*	*	*	80764	*
H	6709	250	96.8	+	0	0	250M	1143023	80764
N	*	250	*	*	*	*	*	2414618	*
L	8706	250	*	*	*	*	*	2426773	*
H	8706	250	98.0	+	0	0	208M4I38M4D	2426772	2426773
L	8667	250	*	*	*	*	*	2397567	*
H	8667	250	96.4	+	0	0	250M	2426772	2397567
L	9844	250	*	*	*	*	*	3386818	*
H	9844	250	94.0	+	0	0	250M	2426772	3386818
H	5977	250	95.6	+	0	0	250M	804160	147523
H	5957	250	94.0	+	0	0	250M	804160	149021
H	6609	250	92.8	+	0	0	250M	804160	93641
L	4438	250	*	*	*	*	*	265983	*
H	4438	250	100.0	+	0	0	250M	2472963	265983
L	2018	250	*	*	*	*	*	545968	*
H	2018	250	99.6	+	0	0	250M	2472963	545968
L	13602	250	*	*	*	*	*	4469495	*
H	13602	250	99.6	+	0	0	250M	2472963	4469495
H	7595	250	92.4	+	0	0	250M	2476144	1131099
L	5932	250	*	*	*	*	*	150813	*
H	5932	250	92.0	+	0	0	250M	2476144	150813
H	10245	250	92.0	+	0	0	250M	2476144	636377
L	7687	250	*	*	*	*	*	1145943	*
H	7687	250	98.0	+	0	0	250M	1144726	1145943
L	8848	250	*	*	*	*	*	1122547	*
H	8848	250	96.4	+	0	0	250M	1144726	1122547
L	7139	250	*	*	*	*	*	14658	*
H	7139	250	94.4	+	0	0	250M	1144726	14658
L	9711	250	*	*	*	*	*	1086010	*
H	9711	250	97.6	+	0	0	250M	2494659	1086010
L	13008	250	*	*	*	*	*	4430406	*
H	13008	250	97.6	+	0	0	250M	2494659	4430406
L	12077	250	*	*	*	*	*	4362037	*
H	12077	250	97.6	+	0	0	250M	2494659	4362037
H	1748	250	99.6	+	0	0	250M	1122559	567221
H	2949	250	99.6	+	0	0	250M	1122559	404948
H	10223	250	99.6	+	0	0	250M	1122559	1128237
H	7741	250	99.2	+	0	0	250M	2529960	1646259
L	12270	250	*	*	*	*	*	4375762	*
H	12270	250	99.2	+	0	0	250M	2529960	4375762
H	10065	250	99.2	+	0	0	250M	2529960	3568708
L	11729	250	*	*	*	*	*	4337455	*
H	11729	250	96.0	+	0	0	250M	2530340	4337455
L	6268	250	*	*	*	*	*	129026	*
H	6268	250	96.0	+	0	0	250M	2530340	129026
L	12539	250	*	*	*	*	*	4394104	*
H	12539	250	95.2	+	0	0	250M	2530340	4394104
H	13550	250	96.0	+	0	0	250M	1133255	4466877
L	2125	250	*	*	*	*	*	536261	*
H	2125	250	96.4	+	0	0	250M	1133255	536261
H	13549	250	96.4	+	0	0	250M	1133255	4466876
H	9805	250	90.4	+	0	0	42MD15MI192M	702853	647165
L	1870	250	*	*	*	*	*	557513	*
H	1870	250	90.4	+	0	0	42MD15MI192M	702853	557513
L	8642	250	*	*	*	*	*	821690	*
H	8642	250	92.4	+	0	0	42MD15MI192M	702853	821690
H	8963	250	99.6	+	0	0	250M	2542324	2638784
H	11997	250	96.8	+	0	0	250M	2542324	4357166
H	7938	250	96.4	+	0	0	186MI63MD	2542324	1803005
N	*	250	*	*	*	*	*	1141500	*
N	*	250	*	*	*	*	*	1128312	*
H	6602	250	94.4	+	0	0	250M	1131995	94847
L	8648	250	*	*	*	*	*	731367	*
H	8648	250	95.6	+	0	0	250M	1131995	731367
L	7749	250	*	*	*	*	*	1655542	*
H	7749	250	95.2	+	0	0	250M	1131995	1655542
L	13445	250	*	*	*	*	*	4459820	*
H	13445	250	98.0	+	0	0	235MD14MI	2572567	4459820
L	7680	250	*	*	*	*	*	1592799	*
H	7680	250	96.8	+	0	0	149M2D99M2I	2572567	1592799
H	7938	250	92.0	+	0	0	146M2D40MI48MD13M2I	2572567	1803005
H	10311	250	98.8	+	0	0	250M	2584976	3746876
H	12270	250	99.2	+	0	0	250M	2584976	4375762
H	10065	250	99.2	+	0	0	250M	2584976	3568708
L	5220	250	*	*	*	*	*	190237	*
H	5220	250	97.6	+	0	0	250M	1144223	190237
L	4402	250	*	*	*	*	*	268782	*
H	4402	250	97.6	+	0	0	250M	1144223	268782
H	3544	250	97.6	+	0	0	250M	1144223	333578
H	5148	250	99.2	+	0	0	250M	2648149	194356
H	8957	250	99.2	+	0	0	250M	2648149	1115614
H	5337	250	98.8	+	0	0	250M	2648149	185052
L	11788	250	*	*	*	*	*	4341712	*
H	11788	250	91.6	+	0	0	250M	1112584	4341712
L	1033	250	*	*	*	*	*	814161	*
H	1033	250	90.8	+	0	0	250M	1112584	814161
L	6912	250	*	*	*	*	*	47887	*
H	6912	250	90.4	+	0	0	250M	1112584	47887
H	4494	250	96.8	+	0	0	250M	2675217	262021
L	5851	250	*	*	*	*	*	156425	*
H	5851	250	96.8	+	0	0	250M	2675217	156425
H	13294	250	96.8	+	0	0	250M	2675217	4450440
N	*	250	*	*	*	*	*	2694703	*
N	*	250	*	*	*	*	*	2714175	*
L	2135	250	*	*	*	*	*	535280	*
H	2135	250	92.0	+	0	0	250M	1038018	535280
H	293	250	92.0	+	0	0	250M	1038018	1033284
L	3022	250	*	*	*	*	*	370056	*
H	3022	250	91.6	+	0	0	250M	1038018	370056
L	12419	250	*	*	*	*	*	4385903	*
H	12419	250	93.6	+	0	0	250M	1133162	4385903
L	7514	250	*	*	*	*	*	3497	*
H	7514	250	90.4	+	0	0	250M	2755928	3497
L	7344	250	*	*	*	*	*	9800	*
H	7344	250	100.0	+	0	0	250M	2760629	9800
L	6750	250	*	*	*	*	*	73843	*
H	6750	250	100.0	+	0	0	250M	2760629	73843
H	8588	250	100.0	+	0	0	250M	2760629	1119485
L	10407	250	*	*	*	*	*	1137944	*
H	10407	250	91.6	+	0	0	250M	1137665	1137944
L	5654	250	*	*	*	*	*	167131	*
H	5654	250	95.6	+	0	0	250M	1142772	167131
L	10241	250	*	*	*	*	*	1148060	*
H	10241	250	95.6	+	0	0	250M	1142772	1148060
L	6916	250	*	*	*	*	*	46716	*
H	6916	250	95.2	+	0	0	25MD224MI	1142772	46716
H	6941	250	94.4	+	0	0	250M	1140484	41059
L	7320	250	*	*	*	*	*	10662	*
H	7320	250	93.6	+	0	0	250M	1140484	10662
L	7319	250	*	*	*	*	*	10672	*
H	7319	250	94.0	+	0	0	110MD10MI129M	1140484	10672
L	4916	250	*	*	*	*	*	220173	*
H	4916	250	97.2	+	0	0	250M	1120577	220173
L	7483	250	*	*	*	*	*	5066	*
H	7483	250	97.2	+	0	0	250M	1120577	5066
L	5160	250	*	*	*	*	*	193675	*
H	5160	250	95.2	+	0	0	250M	1120577	193675
N	*	250	*	*	*	*	*	812557	*
L	8499	250	*	*	*	*	*	1141633	*
H	8499	250	95.2	+	0	0	250M	1128972	1141633
L	1106	250	*	*	*	*	*	781232	*
H	1106	250	97.2	+	0	0	250M	1128972	781232
L	4948	250	*	*	*	*	*	217386	*
H	4948	250	95.2	+	0	0	250M	1128972	217386
H	5337	250	97.2	+	0	0	250M	1084983	185052
H	5148	250	97.6	+	0	0	250M	1084983	194356
H	12476	250	97.2	+	0	0	250M	1084983	4389428
L	1266	250	*	*	*	*	*	680934	*
H	1266	250	98.0	+	0	0	250M	1126959	680934
L	8594	250	*	*	*	*	*	2332707	*
H	8594	250	98.0	+	0	0	250M	1126959	2332707
L	12864	250	*	*	*	*	*	4419624	*
H	12864	250	98.0	+	0	0	250M	1126959	4419624
H	1155	250	92.8	+	0	0	250M	2960735	748921
H	12266	250	94.4	+	0	0	250M	2960735	4375255
H	1172	250	92.0	+	0	0	250M	2960735	738267
N	*	250	*	*	*	*	*	2998997	*
L	2151	250	*	*	*	*	*	533624	*
H	2151	250	91.6	+	0	0	250M	3018527	533624
L	12059	250	*	*	*	*	*	4360942	*
H	12059	250	91.6	+	0	0	250M	3018527	4360942
L	2619	250	*	*	*	*	*	516319	*
H	2619	250	91.2	+	0	0	250M	3018527	516319
H	8064	250	98.0	+	0	0	250M	1125597	809102
H	1031	250	97.6	+	0	0	250M	1125597	814347
L	1023	250	*	*	*	*	*	815351	*
H	1023	250	96.4	+	0	0	215MI34MD	1125597	815351
H	12477	250	98.4	+	0	0	250M	1137566	4389452
L	6181	250	*	*	*	*	*	136963	*
H	6181	250	98.8	+	0	0	250M	1137566	136963
L	6508	250	*	*	*	*	*	103415	*
H	6508	250	98.8	+	0	0	250M	1137566	103415
H	12270	250	98.4	+	0	0	250M	3060301	4375762
H	10311	250	98.4	+	0	0	250M	3060301	3746876
H	10065	250	98.4	+	0	0	250M	3060301	3568708
H	5016	250	90.0	+	0	0	250M	1125946	204226
L	11608	250	*	*	*	*	*	4329120	*
H	11608	250	90.0	+	0	0	250M	1125946	4329120
L	8754	250	*	*	*	*	*	2471826	*
H	8754	250	90.0	+	0	0	250M	1125946	2471826
N	*	250	*	*	*	*	*	3064426	*
N	*	250	*	*	*	*	*	784608	*
L	12387	250	*	*	*	*	*	4384063	*
H	12387	250	97.6	+	0	0	250M	1131621	4384063
L	7824	250	*	*	*	*	*	1132903	*
H	7824	250	98.0	+	0	0	250M	1131621	1132903
L	10772	250	*	*	*	*	*	1132028	*
H	10772	250	94.8	+	0	0	250M	1131621	1132028
N	*	250	*	*	*	*	*	660055	*
L	9594	250	*	*	*	*	*	1140636	*
H	9594	250	90.8	+	0	0	250M	3127947	1140636
H	2098	250	98.0	+	0	0	250M	726766	538813
H	10110	250	93.2	+	0	0	250M	726766	765168
H	7741	250	98.8	+	0	0	250M	3194311	1646259
H	9015	250	98.8	+	0	0	250M	3194311	2682867
L	9295	250	*	*	*	*	*	2927689	*
H	9295	250	98.8	+	0	0	250M	3194311	2927689
N	*	250	*	*	*	*	*	3201462	*
L	5141	250	*	*	*	*	*	194489	*
H	5141	250	92.0	+	0	0	250M	1132384	194489
H	1384	250	91.6	+	0	0	250M	1132384	593894
L	10045	250	*	*	*	*	*	1136120	*
H	10045	250	92.4	+	0	0	250M	1132384	1136120
L	10414	250	*	*	*	*	*	1133367	*
H	10414	250	96.0	+	0	0	D110MD138M2I	3210709	1133367
L	7125	250	*	*	*	*	*	15059	*
H	7125	250	94.0	+	0	0	D110MD138M2I	3210709	15059
H	7119	250	94.0	+	0	0	D112MD136M2I	3210709	15281
N	*	250	*	*	*	*	*	3223797	*
L	7260	250	*	*	*	*	*	12136	*
H	7260	250	97.6	+	0	0	250M	782413	12136
L	11639	250	*	*	*	*	*	4330933	*
H	11639	250	97.6	+	0	0	250M	782413	4330933
H	3822	250	96.8	+	0	0	250M	782413	311586
H	10310	250	100.0	+	0	0	250M	3245667	3746875
H	10118	250	100.0	+	0	0	250M	3245667	3606810
H	8224	250	100.0	+	0	0	250M	3245667	2057787
H	7740	250	91.2	+	0	0	250M	1105625	739471
L	13181	250	*	*	*	*	*	4442407	*
H	13181	250	94.8	+	0	0	250M	1141411	4442407
H	3518	250	93.6	+	0	0	250M	1141411	336110
L	9954	250	*	*	*	*	*	1146228	*
H	9954	250	94.8	+	0	0	250M	1141411	1146228
N	*	250	*	*	*	*	*	3254563	*
H	1378	250	100.0	+	0	0	250M	3287613	605198
H	1969	250	100.0	+	0	0	250M	3287613	549839
H	8415	250	99.6	+	0	0	250M	3287613	2199910
H	13599	250	98.4	+	0	0	250M	3294958	4469214
L	13518	250	*	*	*	*	*	4464803	*
H	13518	250	98.4	+	0	0	250M	3294958	4464803
L	1652	250	*	*	*	*	*	574493	*
H	1652	250	98.4	+	0	0	250M	3294958	574493
L	6853	250	*	*	*	*	*	58647	*
H	6853	250	90.8	+	0	0	250M	1141031	58647
L	12688	250	*	*	*	*	*	4406407	*
H	12688	250	90.4	+	0	0	250M	1141031	4406407
L	1047	250	*	*	*	*	*	811108	*
H	1047	250	92.8	+	0	0	250M	1009036	811108
L	3207	250	*	*	*	*	*	359355	*
H	3207	250	92.4	+	0	0	250M	1009036	359355
L	896	250	*	*	*	*	*	851797	*
H	896	250	93.6	+	0	0	250M	1009036	851797
H	7824	250	100.0	+	0	0	250M	1128861	1132903
L	9317	250	*	*	*	*	*	1123147	*
H	9317	250	99.6	+	0	0	250M	1128861	1123147
L	11805	250	*	*	*	*	*	4343296	*
H	11805	250	99.6	+	0	0	250M	1128861	4343296
L	12690	250	*	*	*	*	*	4406595	*
H	12690	250	98.4	+	0	0	250M	607515	4406595
H	6750	250	95.2	+	0	0	250M	658160	73843
H	1309	250	95.2	+	0	0	250M	658160	650021
H	2553	250	94.8	+	0	0	250M	658160	518801
L	6325	250	*	*	*	*	*	114254	*
H	6325	250	98.0	+	0	0	250M	670523	114254
L	13270	250	*	*	*	*	*	4448503	*
H	13270	250	98.0	+	0	0	250M	670523	4448503
L	980	250	*	*	*	*	*	824571	*
H	980	250	97.2	+	0	0	2D41MI65MI142M	670523	824571
L	7927	250	*	*	*	*	*	891034	*
H	7927	250	98.0	+	0	0	250M	1140356	891034
L	12279	250	*	*	*	*	*	4376300	*
H	12279	250	95.6	+	0	0	250M	1140356	4376300
L	12278	250	*	*	*	*	*	4376298	*
H	12278	250	95.6	+	0	0	250M	1140356	4376298
H	11997	250	99.6	+	0	0	250M	3435717	4357166
H	7938	250	99.2	+	0	0	188MI61MD	3435717	1803005
H	8963	250	97.6	+	0	0	250M	3435717	2638784
L	1992	250	*	*	*	*	*	548469	*
H	1992	250	96.4	+	0	0	250M	748907	548469
L	1629	250	*	*	*	*	*	576097	*
H	1629	250	92.4	+	0	0	250M	748907	576097
H	9735	250	93.2	+	0	0	250M	748907	1143570
L	3815	250	*	*	*	*	*	311857	*
H	3815	250	99.2	+	0	0	250M	794069	311857
L	4760	250	*	*	*	*	*	240435	*
H	4760	250	98.8	+	0	0	250M	794069	240435
L	12521	250	*	*	*	*	*	4392742	*
H	12521	250	98.8	+	0	0	250M	794069	4392742
L	13805	250	*	*	*	*	*	4482366	*
H	13805	250	94.4	+	0	0	137MI112MD	818834	4482366
H	4463	250	99.2	+	0	0	250M	3509168	264071
H	9454	250	99.2	+	0	0	250M	3509168	1140071
H	1165	250	97.6	+	0	0	250M	3509168	742264
L	11656	250	*	*	*	*	*	4332215	*
H	11656	250	93.2	+	0	0	250M	779371	4332215
L	1747	250	*	*	*	*	*	567241	*
H	1747	250	91.6	+	0	0	250M	779371	567241
L	4708	250	*	*	*	*	*	244668	*
H	4708	250	95.2	+	0	0	209MI40MD	3562528	244668
H	2811	250	94.8	+	0	0	209MI40MD	3562528	471412
L	8527	250	*	*	*	*	*	823017	*
H	8527	250	94.8	+	0	0	209MI40MD	3562528	823017
L	9685	250	*	*	*	*	*	3254234	*
H	9685	250	98.4	+	0	0	250M	3568710	3254234
L	8707	250	*	*	*	*	*	2428473	*
H	8707	250	97.6	+	0	0	250M	3568710	2428473
H	8044	250	96.8	+	0	0	250M	3568710	1892252
H	12270	250	99.2	+	0	0	250M	3568713	4375762
H	9295	250	99.2	+	0	0	250M	3568713	2927689
H	9824	250	99.2	+	0	0	250M	3568713	3368019
L	9398	250	*	*	*	*	*	806451	*
H	9398	250	94.8	+	0	0	250M	1143368	806451
L	1680	250	*	*	*	*	*	571908	*
H	1680	250	95.6	+	0	0	250M	1143368	571908
L	10954	250	*	*	*	*	*	4282872	*
H	10954	250	95.6	+	0	0	129MI120MD	1143368	4282872
H	10310	250	100.0	+	0	0	250M	3606814	3746875
H	10118	250	100.0	+	0	0	250M	3606814	3606810
H	8224	250	100.0	+	0	0	250M	3606814	2057787
H	11985	250	94.8	+	0	0	250M	3725977	4356465
L	9115	250	*	*	*	*	*	796594	*
H	9115	250	94.8	+	0	0	250M	3725977	796594
L	13032	250	*	*	*	*	*	4431936	*
H	13032	250	94.8	+	0	0	250M	3725977	4431936
L	6411	250	*	*	*	*	*	108008	*
H	6411	250	91.2	+	0	0	250M	698296	108008
L	4539	250	*	*	*	*	*	258742	*
H	4539	250	90.8	+	0	0	250M	698296	258742
L	6574	250	*	*	*	*	*	99739	*
H	6574	250	90.4	+	0	0	250M	698296	99739
H	10310	250	100.0	+	0	0	250M	3746873	3746875
H	10118	250	100.0	+	0	0	250M	3746873	3606810
H	8224	250	100.0	+	0	0	250M	3746873	2057787
H	9425	250	97.6	+	0	0	250M	3755054	1124398
L	3873	250	*	*	*	*	*	307268	*
H	3873	250	92.8	+	0	0	250M	3755054	307268
L	10340	250	*	*	*	*	*	3768997	*
H	10340	250	92.8	+	0	0	250M	3755054	3768997
L	1110	250	*	*	*	*	*	780036	*
H	1110	250	95.2	+	0	0	250M	680394	780036
L	6734	250	*	*	*	*	*	76111	*
H	6734	250	95.2	+	0	0	250M	680394	76111
L	3403	250	*	*	*	*	*	344189	*
H	3403	250	95.6	+	0	0	250M	680394	344189
L	10248	250	*	*	*	*	*	1137684	*
H	10248	250	99.6	+	0	0	250M	1144051	1137684
L	9812	250	*	*	*	*	*	761592	*
H	9812	250	99.2	+	0	0	250M	1144051	761592
L	12020	250	*	*	*	*	*	4358686	*
H	12020	250	99.2	+	0	0	250M	1144051	4358686
L	7481	250	*	*	*	*	*	5217	*
H	7481	250	90.4	+	0	0	200MI49MD	1132790	5217
L	9007	250	*	*	*	*	*	2675752	*
H	9007	250	90.0	+	0	0	62MI138MI48M2D	1132790	2675752
L	9076	250	*	*	*	*	*	1132553	*
H	9076	250	90.0	+	0	0	200MI49MD	1132790	1132553
N	*	250	*	*	*	*	*	3899192	*
L	6886	250	*	*	*	*	*	51657	*
H	6886	250	95.6	+	0	0	250M	3909070	51657
H	8272	250	92.0	+	0	0	250M	3909070	2094423
H	12713	250	90.4	+	0	0	250M	3909070	4407974
H	4288	250	94.0	+	0	0	250M	1141545	277651
H	11726	250	90.0	+	0	0	250M	1141545	4337248
L	5271	250	*	*	*	*	*	187595	*
H	5271	250	98.0	+	0	0	250M	1135136	187595
L	4919	250	*	*	*	*	*	220064	*
H	4919	250	98.0	+	0	0	250M	1135136	220064
L	5674	250	*	*	*	*	*	165919	*
H	5674	250	98.0	+	0	0	250M	1135136	165919
H	9769	250	90.0	+	0	0	250M	1133391	1131597
H	12260	250	94.0	+	0	0	250M	1133391	4374945
H	4463	250	93.2	+	0	0	250M	1133391	264071
L	1727	250	*	*	*	*	*	568727	*
H	1727	250	92.4	+	0	0	250M	4154525	568727
L	1400	250	*	*	*	*	*	592957	*
H	1400	250	90.0	+	0	0	250M	4154525	592957
L	13336	250	*	*	*	*	*	4453607	*
H	13336	250	90.0	+	0	0	250M	4154525	4453607
N	*	250	*	*	*	*	*	4183921	*
L	4869	250	*	*	*	*	*	226386	*
H	4869	250	96.8	+	0	0	10MD26MD8MD7MD45MD34MD21MD92M7I	4193312	226386
L	12848	250	*	*	*	*	*	4418165	*
H	12848	250	96.8	+	0	0	10MD26MD8MD7MD45MD34MD21MD92M7I	4193312	4418165
L	12150	250	*	*	*	*	*	4367538	*
H	12150	250	96.8	+	0	0	10MD26MD8MD7MD45MD34MD21MD92M7I	4193312	4367538
L	8834	250	*	*	*	*	*	1144022	*
H	8834	250	91.2	+	0	0	250M	678402	1144022
L	11117	250	*	*	*	*	*	4302223	*
H	11117	250	91.2	+	0	0	250M	678402	4302223
L	1113	250	*	*	*	*	*	779295	*
H	1113	250	91.2	+	0	0	250M	678402	779295
N	*	250	*	*	*	*	*	800317	*
N	*	250	*	*	*	*	*	4213092	*
N	*	250	*	*	*	*	*	4225239	*
L	1005	250	*	*	*	*	*	819250	*
H	1005	250	96.0	+	0	0	250M	816189	819250
L	9953	250	*	*	*	*	*	3478427	*
H	9953	250	90.4	+	0	0	250M	816189	3478427
L	8199	250	*	*	*	*	*	1140861	*
H	8199	250	92.4	+	0	0	250M	816189	1140861
H	10310	250	100.0	+	0	0	250M	4251078	3746875
H	10118	250	100.0	+	0	0	250M	4251078	3606810
H	8224	250	100.0	+	0	0	250M	4251078	2057787
H	7741	250	97.6	+	0	0	250M	4251079	1646259
H	12270	250	97.6	+	0	0	250M	4251079	4375762
H	9295	250	97.6	+	0	0	250M	4251079	2927689
H	10930	250	90.0	+	0	0	250M	1145893	4263820
H	13191	250	91.2	+	0	0	250M	1145893	4443004
H	13361	250	90.0	+	0	0	250M	1145893	4454715
L	12968	250	*	*	*	*	*	4427644	*
H	12968	250	100.0	+	0	0	250M	4301769	4427644
L	8108	250	*	*	*	*	*	1122588	*
H	8108	250	98.0	+	0	0	250M	4301769	1122588
L	6908	250	*	*	*	*	*	48874	*
H	6908	250	97.2	+	0	0	250M	4301769	48874
H	1747	250	94.4	+	0	0	250M	4302951	567241
L	10722	250	*	*	*	*	*	1139732	*
H	10722	250	93.2	+	0	0	250M	4302951	1139732
H	13361	250	92.0	+	0	0	250M	4302951	4454715
H	3544	250	100.0	+	0	0	250M	4303511	333578
H	5220	250	99.2	+	0	0	250M	4303511	190237
H	4402	250	98.4	+	0	0	250M	4303511	268782
L	8790	250	*	*	*	*	*	749175	*
H	8790	250	90.8	+	0	0	43M3I204M3D	4310095	749175
L	8166	250	*	*	*	*	*	2003068	*
H	8166	250	90.4	+	0	0	43M3I204M3D	4310095	2003068
L	10822	250	*	*	*	*	*	4168553	*
H	10822	250	90.4	+	0	0	40M2I208M2D	4310095	4168553
H	6508	250	97.6	+	0	0	206MD43MI	4313865	103415
H	6181	250	97.6	+	0	0	206MD43MI	4313865	136963
L	6768	250	*	*	*	*	*	72406	*
H	6768	250	96.4	+	0	0	206MD43MI	4313865	72406
L	2085	250	*	*	*	*	*	539407	*
H	2085	250	95.2	+	0	0	250M	4318406	539407
H	12864	250	96.4	+	0	0	250M	4318406	4419624
L	5872	250	*	*	*	*	*	154751	*
H	5872	250	96.4	+	0	0	250M	4318406	154751
H	3839	250	98.0	+	0	0	250M	4321652	310532
L	7482	250	*	*	*	*	*	5113	*
H	7482	250	98.0	+	0	0	250M	4321652	5113
L	4702	250	*	*	*	*	*	244920	*
H	4702	250	94.4	+	0	0	250M	4321652	244920
L	13250	250	*	*	*	*	*	4446961	*
H	13250	250	94.8	+	0	0	250M	4325509	4446961
L	8612	250	*	*	*	*	*	635820	*
H	8612	250	94.8	+	0	0	250M	4325509	635820
L	11813	250	*	*	*	*	*	4343683	*
H	11813	250	95.2	+	0	0	250M	4325509	4343683
L	1331	250	*	*	*	*	*	632212	*
H	1331	250	92.4	+	0	0	250M	4327050	632212
L	6232	250	*	*	*	*	*	132687	*
H	6232	250	90.0	+	0	0	250M	4327050	132687
L	9642	250	*	*	*	*	*	1122668	*
H	9642	250	90.8	+	0	0	250M	4327050	1122668
H	5047	250	98.4	+	0	0	250M	4331236	199635
L	6740	250	*	*	*	*	*	74685	*
H	6740	250	97.6	+	0	0	250M	4331236	74685
H	2153	250	97.2	+	0	0	250M	4331236	533516
L	7171	250	*	*	*	*	*	13965	*
H	7171	250	90.0	+	0	0	95MD154MI	4332505	13965
H	7534	250	99.2	+	0	0	250M	4335683	2420
H	7841	250	96.4	+	0	0	250M	4335683	1143460
L	13078	250	*	*	*	*	*	4435279	*
H	13078	250	96.0	+	0	0	250M	4335683	4435279
L	13319	250	*	*	*	*	*	4452718	*
H	13319	250	96.0	+	0	0	250M	4338945	4452718
L	13320	250	*	*	*	*	*	4452719	*
H	13320	250	96.0	+	0	0	250M	4338945	4452719
L	7379	250	*	*	*	*	*	9017	*
H	7379	250	91.6	+	0	0	250M	4338945	9017
L	3254	250	*	*	*	*	*	354765	*
H	3254	250	99.2	+	0	0	250M	4341986	354765
H	8185	250	99.2	+	0	0	250M	4341986	1116055
H	9915	250	99.2	+	0	0	250M	4341986	3448408
H	3518	250	92.4	+	0	0	250M	4343297	336110
L	3703	250	*	*	*	*	*	321131	*
H	3703	250	92.0	+	0	0	250M	4343297	321131
H	13181	250	92.0	+	0	0	250M	4343297	4442407
H	12749	250	98.4	+	0	0	250M	4347196	4410246
L	10817	250	*	*	*	*	*	4165193	*
H	10817	250	98.0	+	0	0	170MI79MD	4347196	4165193
H	8668	250	96.4	+	0	0	250M	4347196	2397581
L	6441	250	*	*	*	*	*	106723	*
H	6441	250	96.0	+	0	0	250M	4347524	106723
L	13382	250	*	*	*	*	*	4456166	*
H	13382	250	95.2	+	0	0	250M	4347524	4456166
L	7563	250	*	*	*	*	*	1174	*
H	7563	250	94.0	+	0	0	250M	4347524	1174
H	12458	250	100.0	+	0	0	250M	4350881	4388300
H	8406	250	100.0	+	0	0	250M	4350881	1143678
H	12779	250	99.2	+	0	0	250M	4350881	4412321
N	*	250	*	*	*	*	*	4351400	*
L	10251	250	*	*	*	*	*	759349	*
H	10251	250	99.2	+	0	0	250M	4354311	759349
L	1356	250	*	*	*	*	*	619210	*
H	1356	250	99.2	+	0	0	250M	4354311	619210
L	13648	250	*	*	*	*	*	4472633	*
H	13648	250	98.8	+	0	0	78MI50MI120M2D	4354311	4472633
L	7025	250	*	*	*	*	*	25807	*
H	7025	250	100.0	+	0	0	250M	4357383	25807
L	4333	250	*	*	*	*	*	274158	*
H	4333	250	99.6	+	0	0	250M	4357383	274158
L	6348	250	*	*	*	*	*	111689	*
H	6348	250	99.2	+	0	0	250M	4357383	111689
L	9548	250	*	*	*	*	*	749036	*
H	9548	250	96.8	+	0	0	74MI175MD	4358096	749036
L	4567	250	*	*	*	*	*	256632	*
H	4567	250	96.8	+	0	0	74MI175MD	4358096	256632
L	5030	250	*	*	*	*	*	202605	*
H	5030	250	98.0	+	0	0	42MD31MI176M	4358096	202605
H	6291	250	95.6	+	0	0	250M	4359732	119663
H	5783	250	95.6	+	0	0	250M	4359732	160810
H	6276	250	95.2	+	0	0	D249MI	4359732	127563
L	7686	250	*	*	*	*	*	1127851	*
H	7686	250	90.8	+	0	0	250M	4360164	1127851
L	8934	250	*	*	*	*	*	2609596	*
H	8934	250	90.4	+	0	0	250M	4360164	2609596
L	7757	250	*	*	*	*	*	1144879	*
H	7757	250	90.4	+	0	0	250M	4360164	1144879
L	168	250	*	*	*	*	*	1063320	*
H	168	250	98.0	+	0	0	250M	4360168	1063320
H	1930	250	98.0	+	0	0	250M	4360168	552832
H	2793	250	98.0	+	0	0	250M	4360168	508844
L	6167	250	*	*	*	*	*	137759	*
H	6167	250	97.6	+	0	0	250M	4360170	137759
L	4282	250	*	*	*	*	*	278552	*
H	4282	250	96.0	+	0	0	250M	4360170	278552
H	1371	250	93.2	+	0	0	250M	4360170	609349
L	13551	250	*	*	*	*	*	4466884	*
H	13551	250	95.6	+	0	0	250M	4361533	4466884
L	13695	250	*	*	*	*	*	4475367	*
H	13695	250	95.6	+	0	0	250M	4361533	4475367
L	13552	250	*	*	*	*	*	4466885	*
H	13552	250	95.6	+	0	0	250M	4361533	4466885
L	8094	250	*	*	*	*	*	1125600	*
H	8094	250	96.4	+	0	0	250M	4364205	1125600
L	5902	250	*	*	*	*	*	152763	*
H	5902	250	97.2	+	0	0	250M	4364205	152763
L	11817	250	*	*	*	*	*	4343834	*
H	11817	250	96.0	+	0	0	109MD140MI	4364205	4343834
H	7025	250	99.2	+	0	0	250M	4365144	25807
H	4333	250	98.8	+	0	0	250M	4365144	274158
L	5880	250	*	*	*	*	*	154235	*
H	5880	250	98.4	+	0	0	250M	4365144	154235
L	7773	250	*	*	*	*	*	1129305	*
H	7773	250	90.4	+	0	0	250M	4365222	1129305
L	6453	250	*	*	*	*	*	106270	*
H	6453	250	91.2	+	0	0	250M	4365222	106270
L	10180	250	*	*	*	*	*	3652470	*
H	10180	250	91.2	+	0	0	250M	4365222	3652470
L	1938	250	*	*	*	*	*	552236	*
H	1938	250	96.0	+	0	0	250M	4366263	552236
L	7984	250	*	*	*	*	*	1143902	*
H	7984	250	96.8	+	0	0	250M	4366263	1143902
L	12003	250	*	*	*	*	*	4357503	*
H	12003	250	97.2	+	0	0	250M	4366263	4357503
H	3839	250	98.8	+	0	0	250M	4367676	310532
H	10738	250	94.4	+	0	0	250M	4367676	1122955
H	10127	250	96.8	+	0	0	250M	4367676	3614642
H	12218	250	97.2	+	0	0	250M	4367987	4371951
H	7859	250	97.2	+	0	0	250M	4367987	1144264
H	6709	250	96.8	+	0	0	250M	4367987	80764
L	7004	250	*	*	*	*	*	29533	*
H	7004	250	100.0	+	0	0	250M	4369445	29533
L	7900	250	*	*	*	*	*	24490	*
H	7900	250	96.8	+	0	0	250M	4369445	24490
H	8648	250	97.2	+	0	0	250M	4369445	731367
H	13135	250	96.8	+	0	0	250M	4370479	4439195
H	5340	250	96.8	+	0	0	250M	4370479	184790
H	6976	250	93.2	+	0	0	250M	4370479	34894
N	*	250	*	*	*	*	*	4370726	*
H	7025	250	100.0	+	0	0	250M	4372372	25807
H	4333	250	99.6	+	0	0	250M	4372372	274158
H	6348	250	99.2	+	0	0	250M	4372372	111689
L	1428	250	*	*	*	*	*	590458	*
H	1428	250	93.2	+	0	0	135MI114MD	4372396	590458
H	6627	250	92.0	+	0	0	250M	4372396	91372
H	13551	250	90.4	+	0	0	250M	4372396	4466884
L	1115	250	*	*	*	*	*	778480	*
H	1115	250	94.4	+	0	0	250M	4372695	778480
L	7033	250	*	*	*	*	*	24838	*
H	7033	250	92.4	+	0	0	250M	4372695	24838
L	10374	250	*	*	*	*	*	1134701	*
H	10374	250	90.0	+	0	0	149MD100MI	4372695	1134701
L	8793	250	*	*	*	*	*	2500552	*
H	8793	250	97.6	+	0	0	250M	4373091	2500552
L	1109	250	*	*	*	*	*	780282	*
H	1109	250	97.2	+	0	0	250M	4373091	780282
L	4524	250	*	*	*	*	*	259900	*
H	4524	250	94.4	+	0	0	250M	4373091	259900
L	8669	250	*	*	*	*	*	2397589	*
H	8669	250	99.2	+	0	0	102MI147MD	4374425	2397589
L	7887	250	*	*	*	*	*	1771843	*
H	7887	250	99.2	+	0	0	104MI145MD	4374425	1771843
L	12320	250	*	*	*	*	*	4378625	*
H	12320	250	93.6	+	0	0	101MI148MD	4374425	4378625
N	*	250	*	*	*	*	*	4377536	*
H	3839	250	96.8	+	0	0	250M	4378218	310532
L	4807	250	*	*	*	*	*	237440	*
H	4807	250	95.6	+	0	0	250M	4378218	237440
H	4796	250	95.6	+	0	0	250M	4378218	237931
L	11806	250	*	*	*	*	*	4343390	*
H	11806	250	93.2	+	0	0	250M	4378410	4343390
H	12447	250	92.4	+	0	0	250M	4378410	4388002
L	12518	250	*	*	*	*	*	4392630	*
H	12518	250	92.8	+	0	0	250M	4378410	4392630
H	7741	250	98.0	+	0	0	250M	4379084	1646259
H	9295	250	98.0	+	0	0	250M	4379084	2927689
H	10065	250	98.0	+	0	0	250M	4379084	3568708
H	6134	250	96.0	+	0	0	250M	4379571	4352580
L	2816	250	*	*	*	*	*	470759	*
H	2816	250	95.2	+	0	0	250M	4379571	470759
L	11743	250	*	*	*	*	*	4338024	*
H	11743	250	91.2	+	0	0	250M	4379571	4338024
L	7565	250	*	*	*	*	*	1503863	*
H	7565	250	91.6	+	0	0	250M	4384067	1503863
L	8653	250	*	*	*	*	*	848516	*
H	8653	250	91.2	+	0	0	250M	4384067	848516
L	7413	250	*	*	*	*	*	7773	*
H	7413	250	91.2	+	0	0	250M	4384067	7773
L	10518	250	*	*	*	*	*	1137224	*
H	10518	250	98.8	+	0	0	250M	4386127	1137224
H	12116	250	99.2	+	0	0	250M	4386127	4365006
H	11839	250	98.0	+	0	0	250M	4386127	4346588
L	9308	250	*	*	*	*	*	2938850	*
H	9308	250	91.6	+	0	0	250M	4388908	2938850
L	13731	250	*	*	*	*	*	4477989	*
H	13731	250	90.8	+	0	0	250M	4388908	4477989
H	11871	250	97.6	+	0	0	250M	4389144	4348634
L	11762	250	*	*	*	*	*	4339173	*
H	11762	250	94.4	+	0	0	250M	4389144	4339173
L	6988	250	*	*	*	*	*	32247	*
H	6988	250	95.2	+	0	0	250M	4389144	32247
N	*	250	*	*	*	*	*	4389145	*
H	7824	250	99.6	+	0	0	250M	4390322	1132903
L	4748	250	*	*	*	*	*	240979	*
H	4748	250	99.6	+	0	0	250M	4390322	240979
H	11805	250	99.2	+	0	0	250M	4390322	4343296
L	10552	250	*	*	*	*	*	3940564	*
H	10552	250	100.0	+	0	0	250M	4395332	3940564
L	7331	250	*	*	*	*	*	10309	*
H	7331	250	100.0	+	0	0	250M	4395332	10309
L	5914	250	*	*	*	*	*	152051	*
H	5914	250	100.0	+	0	0	250M	4395332	152051
N	*	250	*	*	*	*	*	4399498	*
N	*	250	*	*	*	*	*	4402797	*
L	12579	250	*	*	*	*	*	4396918	*
H	12579	250	98.0	+	0	0	250M	4403600	4396918
L	8931	250	*	*	*	*	*	2606464	*
H	8931	250	97.6	+	0	0	250M	4403600	2606464
L	2158	250	*	*	*	*	*	533169	*
H	2158	250	95.2	+	0	0	250M	4403600	533169
L	9806	250	*	*	*	*	*	746265	*
H	9806	250	99.6	+	0	0	250M	4404496	746265
L	2044	250	*	*	*	*	*	543364	*
H	2044	250	94.0	+	0	0	250M	4404496	543364
L	8549	250	*	*	*	*	*	1130583	*
H	8549	250	92.8	+	0	0	250M	4404496	1130583
H	12617	250	97.2	+	0	0	250M	4405546	4400491
L	11459	250	*	*	*	*	*	4320659	*
H	11459	250	94.8	+	0	0	250M	4405546	4320659
H	1056	250	95.6	+	0	0	250M	4405546	809629
L	6019	250	*	*	*	*	*	144473	*
H	6019	250	96.8	+	0	0	250M	4406382	144473
L	2877	250	*	*	*	*	*	439688	*
H	2877	250	96.8	+	0	0	250M	4406382	439688
H	13292	250	96.8	+	0	0	250M	4406382	4450394
N	*	250	*	*	*	*	*	4407066	*
L	8556	250	*	*	*	*	*	1007399	*
H	8556	250	94.0	+	0	0	250M	4407408	1007399
L	11114	250	*	*	*	*	*	4302062	*
H	11114	250	94.0	+	0	0	250M	4407408	4302062
L	10993	250	*	*	*	*	*	4295562	*
H	10993	250	94.0	+	0	0	250M	4407408	4295562
N	*	250	*	*	*	*	*	4408793	*
H	12749	250	98.0	+	0	0	250M	4410245	4410246
H	10817	250	96.8	+	0	0	170MI79MD	4410245	4165193
H	12397	250	96.4	+	0	0	250M	4410245	4384897
H	12132	250	97.2	+	0	0	250M	4411931	4365922
L	9693	250	*	*	*	*	*	3261476	*
H	9693	250	95.6	+	0	0	250M	4411931	3261476
L	8104	250	*	*	*	*	*	1940173	*
H	8104	250	95.6	+	0	0	250M	4411931	1940173
H	5340	250	90.4	+	0	0	250M	4412629	184790
H	13135	250	90.4	+	0	0	250M	4412629	4439195
L	7964	250	*	*	*	*	*	1099546	*
H	7964	250	90.4	+	0	0	250M	4412629	1099546
H	4288	250	93.2	+	0	0	250M	4413665	277651
H	11726	250	94.0	+	0	0	250M	4413665	4337248
H	1725	250	94.4	+	0	0	250M	4413665	569055
H	6325	250	99.6	+	0	0	250M	4414810	114254
H	13270	250	99.6	+	0	0	250M	4414810	4448503
L	5011	250	*	*	*	*	*	205772	*
H	5011	250	99.6	+	0	0	250M	4414810	205772
L	5933	250	*	*	*	*	*	150737	*
H	5933	250	95.6	+	0	0	250M	4416190	150737
L	9041	250	*	*	*	*	*	1117218	*
H	9041	250	96.4	+	0	0	250M	4416190	1117218
L	5461	250	*	*	*	*	*	177819	*
H	5461	250	96.0	+	0	0	250M	4416190	177819
H	9109	250	94.0	+	0	0	250M	4416544	1138276
L	10779	250	*	*	*	*	*	1136009	*
H	10779	250	96.4	+	0	0	250M	4416544	1136009
L	955	250	*	*	*	*	*	832772	*
H	955	250	94.0	+	0	0	250M	4416544	832772
H	6232	250	96.8	+	0	0	250M	4416658	132687
H	4768	250	96.0	+	0	0	250M	4416658	239953
H	6207	250	96.8	+	0	0	250M	4416658	136053
N	*	250	*	*	*	*	*	4419982	*
N	*	250	*	*	*	*	*	4423778	*
L	4650	250	*	*	*	*	*	249532	*
H	4650	250	94.0	+	0	0	250M	4427760	249532
H	10365	250	94.4	+	0	0	250M	4427760	944401
L	10175	250	*	*	*	*	*	1023953	*
H	10175	250	93.6	+	0	0	250M	4427760	1023953
L	3224	250	*	*	*	*	*	357791	*
H	3224	250	98.8	+	0	0	250M	4433321	357791
H	4702	250	95.2	+	0	0	250M	4433321	244920
L	7636	250	*	*	*	*	*	660959	*
H	7636	250	96.4	+	0	0	250M	4433321	660959
N	*	250	*	*	*	*	*	4434720	*
N	*	250	*	*	*	*	*	4438444	*
L	7486	250	*	*	*	*	*	4735	*
H	7486	250	93.6	+	0	0	250M	4439078	4735
L	4676	250	*	*	*	*	*	247213	*
H	4676	250	93.6	+	0	0	250M	4439078	247213
H	6831	250	93.6	+	0	0	250M	4439078	64196
L	8597	250	*	*	*	*	*	637350	*
H	8597	250	97.6	+	0	0	70MI179MD	4442798	637350
L	5980	250	*	*	*	*	*	147268	*
H	5980	250	95.2	+	0	0	56MD193MI	4442798	147268
H	12116	250	94.4	+	0	0	70MI179MD	4442798	4365006
N	*	250	*	*	*	*	*	4444173	*
L	11570	250	*	*	*	*	*	4326492	*
H	11570	250	96.4	+	0	0	250M	4446822	4326492
H	12163	250	97.6	+	0	0	250M	4446822	4368039
L	1897	250	*	*	*	*	*	555568	*
H	1897	250	96.4	+	0	0	250M	4446822	555568
H	4704	250	97.6	+	0	0	250M	4447123	244757
H	11568	250	96.0	+	0	0	250M	4447123	4326319
L	7752	250	*	*	*	*	*	1657383	*
H	7752	250	95.2	+	0	0	250M	4447123	1657383
L	12861	250	*	*	*	*	*	4419561	*
H	12861	250	98.4	+	0	0	250M	4447124	4419561
L	1837	250	*	*	*	*	*	560027	*
H	1837	250	98.0	+	0	0	250M	4447124	560027
L	3802	250	*	*	*	*	*	312446	*
H	3802	250	98.0	+	0	0	250M	4447124	312446
L	13119	250	*	*	*	*	*	4438027	*
H	13119	250	92.8	+	0	0	250M	4447129	4438027
L	5218	250	*	*	*	*	*	190536	*
H	5218	250	90.8	+	0	0	250M	4447129	190536
H	11806	250	91.6	+	0	0	250M	4447129	4343390
H	6348	250	100.0	+	0	0	250M	4448449	111689
L	4538	250	*	*	*	*	*	258745	*
H	4538	250	100.0	+	0	0	250M	4448449	258745
H	4333	250	99.6	+	0	0	250M	4448449	274158
H	12559	250	90.0	+	0	0	250M	4451543	4395692
L	4857	250	*	*	*	*	*	228156	*
H	4857	250	90.0	+	0	0	250M	4451543	228156
H	5148	250	91.6	+	0	0	250M	4451543	194356
H	10310	250	100.0	+	0	0	250M	4453316	3746875
H	10118	250	100.0	+	0	0	250M	4453316	3606810
H	8224	250	100.0	+	0	0	250M	4453316	2057787
L	9623	250	*	*	*	*	*	3208510	*
H	9623	250	97.2	+	0	0	250M	4454082	3208510
L	5702	250	*	*	*	*	*	164670	*
H	5702	250	97.2	+	0	0	250M	4454082	164670
L	2825	250	*	*	*	*	*	467549	*
H	2825	250	97.2	+	0	0	250M	4454082	467549
L	6910	250	*	*	*	*	*	48640	*
H	6910	250	98.4	+	0	0	250M	4454634	48640
H	6367	250	96.4	+	0	0	250M	4454634	110591
H	3544	250	96.8	+	0	0	250M	4454634	333578
H	8608	250	100.0	+	0	0	250M	4461327	2344267
H	10310	250	99.6	+	0	0	250M	4461327	3746875
H	10118	250	99.6	+	0	0	250M	4461327	3606810
L	8190	250	*	*	*	*	*	2028641	*
H	8190	250	98.0	+	0	0	250M	4464839	2028641
L	8766	250	*	*	*	*	*	2480449	*
H	8766	250	98.0	+	0	0	250M	4464839	2480449
L	1197	250	*	*	*	*	*	719343	*
H	1197	250	96.0	+	0	0	250M	4464839	719343
L	7587	250	*	*	*	*	*	1122195	*
H	7587	250	93.6	+	0	0	250M	4469778	1122195
L	5729	250	*	*	*	*	*	163538	*
H	5729	250	91.2	+	0	0	250M	4469778	163538
H	10127	250	91.6	+	0	0	250M	4469778	3614642
L	2822	250	*	*	*	*	*	470236	*
H	2822	250	91.2	+	0	0	250M	4471604	470236
L	11276	250	*	*	*	*	*	4310585	*
H	11276	250	91.6	+	0	0	250M	4474582	4310585
L	2109	250	*	*	*	*	*	537713	*
H	2109	250	92.4	+	0	0	250M	4474582	537713
H	1727	250	92.8	+	0	0	250M	4474582	568727
N	*	250	*	*	*	*	*	4482307	*
L	8332	250	*	*	*	*	*	1129723	*
H	8332	250	93.2	+	0	0	15M2D233M2I	4482948	1129723
L	10544	250	*	*	*	*	*	1133579	*
H	10544	250	94.0	+	0	0	250M	4482948	1133579
H	8044	250	98.4	+	0	0	169MD80MI	4484060	1892252
L	10147	250	*	*	*	*	*	3630089	*
H	10147	250	98.4	+	0	0	169MD80MI	4484060	3630089
H	10310	250	97.6	+	0	0	169MD80MI	4484060	3746875
L	8765	250	*	*	*	*	*	851932	*
H	8765	250	99.2	+	0	0	250M	4484389	851932
L	11730	250	*	*	*	*	*	4337487	*
H	11730	250	98.4	+	0	0	250M	4484389	4337487
L	11707	250	*	*	*	*	*	4335663	*
H	11707	250	98.4	+	0	0	250M	4484389	4335663
L	14009	250	*	*	*	*	*	665283	*
H	14009	250	90.8	+	0	0	250M	773133	665283
L	14093	250	*	*	*	*	*	4416518	*
H	14093	250	90.0	+	0	0	250M	773133	4416518
L	14104	250	*	*	*	*	*	4463497	*
H	14104	250	95.6	+	0	0	250M	714724	4463497
L	14101	250	*	*	*	*	*	4448464	*
H	14101	250	94.8	+	0	0	250M	714724	4448464
L	13958	250	*	*	*	*	*	103455	*
H	13958	250	95.2	+	0	0	250M	714724	103455
L	13846	250	*	*	*	*	*	798060	*
H	13846	250	95.2	+	0	0	250M	675853	798060
L	14092	250	*	*	*	*	*	4404469	*
H	14092	250	95.2	+	0	0	250M	675853	4404469
L	14070	250	*	*	*	*	*	4338133	*
H	14070	250	94.8	+	0	0	250M	675853	4338133
N	*	250	*	*	*	*	*	611626	*
L	13912	250	*	*	*	*	*	186470	*
H	13912	250	99.2	+	0	0	250M	570515	186470
L	14045	250	*	*	*	*	*	3630583	*
H	14045	250	96.0	+	0	0	250M	570515	3630583
L	14035	250	*	*	*	*	*	720463	*
H	14035	250	94.8	+	0	0	250M	570515	720463
L	13965	250	*	*	*	*	*	94242	*
H	13965	250	94.4	+	0	0	250M	565906	94242
L	13979	250	*	*	*	*	*	24414	*
H	13979	250	93.6	+	0	0	250M	565906	24414
L	13876	250	*	*	*	*	*	547463	*
H	13876	250	93.6	+	0	0	250M	565906	547463
H	13912	250	91.6	+	0	0	250M	179370	186470
H	14045	250	90.0	+	0	0	250M	179370	3630583
H	14035	250	90.0	+	0	0	250M	179370	720463
H	14101	250	90.0	+	0	0	69MI119MI14MI12MI32M4D	112074	4448464
H	13958	250	90.4	+	0	0	69MI119MI14MI12MI32M4D	112074	103455
L	14028	250	*	*	*	*	*	781489	*
H	14028	250	90.8	+	0	0	69MI119MI14MI12MI32M4D	112074	781489
L	14049	250	*	*	*	*	*	3862609	*
H	14049	250	91.2	+	0	0	250M	106491	3862609
L	13839	250	*	*	*	*	*	1106734	*
H	13839	250	92.0	+	0	0	250M	106491	1106734
H	14028	250	90.8	+	0	0	250M	106491	781489
L	14096	250	*	*	*	*	*	4418043	*
H	14096	250	99.2	+	0	0	250M	47968	4418043
L	14089	250	*	*	*	*	*	4403211	*
H	14089	250	96.8	+	0	0	250M	47968	4403211
L	14090	250	*	*	*	*	*	4403322	*
H	14090	250	95.6	+	0	0	250M	47968	4403322
N	*	250	*	*	*	*	*	46167	*
L	13936	250	*	*	*	*	*	108999	*
H	13936	250	94.8	+	0	0	250M	31020	108999
L	14048	250	*	*	*	*	*	862101	*
H	14048	250	94.0	+	0	0	250M	31020	862101
L	14043	250	*	*	*	*	*	1070934	*
H	14043	250	94.0	+	0	0	250M	31020	1070934
L	14057	250	*	*	*	*	*	4188623	*
H	14057	250	99.2	+	0	0	250M	776	4188623
L	14014	250	*	*	*	*	*	1879068	*
H	14014	250	99.2	+	0	0	250M	776	1879068
L	14034	250	*	*	*	*	*	2667143	*
H	14034	250	98.8	+	0	0	250M	776	2667143
H	14045	250	94.8	+	0	0	250M	1629246	3630583
L	14110	250	*	*	*	*	*	4478889	*
H	14110	250	94.8	+	0	0	250M	1629246	4478889
L	14078	250	*	*	*	*	*	4359816	*
H	14078	250	94.0	+	0	0	250M	1629246	4359816
L	14100	250	*	*	*	*	*	4445049	*
H	14100	250	96.0	+	0	0	250M	665536	4445049
L	13956	250	*	*	*	*	*	104684	*
H	13956	250	90.4	+	0	0	250M	665536	104684
L	14011	250	*	*	*	*	*	633056	*
H	14011	250	92.4	+	0	0	250M	813104	633056
L	14040	250	*	*	*	*	*	3022550	*
H	14040	250	92.0	+	0	0	250M	813104	3022550
L	14099	250	*	*	*	*	*	4437047	*
H	14099	250	94.0	+	0	0	250M	813104	4437047
L	14108	250	*	*	*	*	*	4475393	*
H	14108	250	92.8	+	0	0	250M	840654	4475393
L	14013	250	*	*	*	*	*	1128360	*
H	14013	250	90.4	+	0	0	250M	840654	1128360
L	14026	250	*	*	*	*	*	2153390	*
H	14026	250	93.6	+	0	0	250M	4032177	2153390
L	14039	250	*	*	*	*	*	2940299	*
H	14039	250	91.6	+	0	0	250M	4032177	2940299
L	13883	250	*	*	*	*	*	467541	*
H	13883	250	90.8	+	0	0	250M	4032177	467541
L	13906	250	*	*	*	*	*	219691	*
H	13906	250	95.2	+	0	0	250M	4444847	219691
N	*	250	*	*	*	*	*	4471291	*
D	166	2	*	*	*	*	95.2	1063810	*
D	198	2	*	*	*	*	92.4	1057260	*
D	293	2	*	*	*	*	92.0	1033284	*
D	628	2	*	*	*	*	96.4	927402	*
D	779	2	*	*	*	*	97.2	884690	*
D	788	2	*	*	*	*	95.6	881955	*
D	896	2	*	*	*	*	93.6	851797	*
D	998	2	*	*	*	*	96.4	821228	*
D	1000	2	*	*	*	*	96.4	819956	*
D	1005	2	*	*	*	*	96.0	819250	*
D	1031	2	*	*	*	*	94.8	814347	*
D	1056	2	*	*	*	*	98.4	809629	*
D	1090	2	*	*	*	*	95.2	792207	*
D	1099	2	*	*	*	*	93.6	786884	*
D	1106	2	*	*	*	*	97.2	781232	*
D	1113	2	*	*	*	*	91.2	779295	*
D	1115	2	*	*	*	*	94.4	778480	*
D	1172	2	*	*	*	*	97.6	738267	*
D	1210	3	*	*	*	*	96.4	712848	*
D	1214	2	*	*	*	*	97.2	709804	*
D	1242	2	*	*	*	*	93.6	694777	*
D	1248	2	*	*	*	*	91.2	690063	*
D	1258	2	*	*	*	*	98.0	682752	*
D	1297	2	*	*	*	*	94.4	656502	*
D	1309	3	*	*	*	*	95.6	650021	*
D	1331	2	*	*	*	*	92.4	632212	*
D	1344	2	*	*	*	*	99.2	626867	*
D	1356	2	*	*	*	*	99.2	619210	*
D	1371	2	*	*	*	*	93.2	609349	*
D	1378	2	*	*	*	*	98.8	605198	*
D	1398	2	*	*	*	*	90.4	593016	*
D	1428	2	*	*	*	*	93.2	590458	*
D	1478	2	*	*	*	*	95.6	586521	*
D	1652	2	*	*	*	*	98.4	574493	*
D	1703	2	*	*	*	*	92.8	570230	*
D	1715	2	*	*	*	*	99.2	569678	*
D	1725	3	*	*	*	*	92.4	569055	*
D	1727	3	*	*	*	*	92.6	568727	*
D	1732	2	*	*	*	*	96.8	568154	*
D	1747	2	*	*	*	*	94.4	567241	*
D	1748	2	*	*	*	*	99.2	567221	*
D	1913	2	*	*	*	*	98.4	4412575	*
D	1969	3	*	*	*	*	100.0	549839	*
D	1992	2	*	*	*	*	96.4	548469	*
D	2031	2	*	*	*	*	95.6	544425	*
D	2080	2	*	*	*	*	90.8	539939	*
D	2087	2	*	*	*	*	98.0	539319	*
D	2098	3	*	*	*	*	97.8	538813	*
D	2143	2	*	*	*	*	98.8	534397	*
D	2206	2	*	*	*	*	91.6	531096	*
D	2266	2	*	*	*	*	96.0	528855	*
D	2793	3	*	*	*	*	98.6	508844	*
D	2818	2	*	*	*	*	96.0	470510	*
D	2822	2	*	*	*	*	91.2	470236	*
D	2825	2	*	*	*	*	97.2	467549	*
D	3023	2	*	*	*	*	94.0	370030	*
D	3208	2	*	*	*	*	96.0	359053	*
D	3224	2	*	*	*	*	98.8	357791	*
D	3351	3	*	*	*	*	98.8	347584	*
D	3403	2	*	*	*	*	95.6	344189	*
D	3518	2	*	*	*	*	92.4	336110	*
D	3544	3	*	*	*	*	98.8	333578	*
D	3798	2	*	*	*	*	91.2	312765	*
D	3815	2	*	*	*	*	99.2	311857	*
D	3839	4	*	*	*	*	97.5	310532	*
D	4013	2	*	*	*	*	98.0	298873	*
D	4235	2	*	*	*	*	94.4	284672	*
D	4284	2	*	*	*	*	93.2	278455	*
D	4288	2	*	*	*	*	94.0	277651	*
D	4356	2	*	*	*	*	98.8	272843	*
D	4416	2	*	*	*	*	95.2	267948	*
D	4438	2	*	*	*	*	100.0	265983	*
D	4440	2	*	*	*	*	99.2	265823	*
D	4494	2	*	*	*	*	98.4	262021	*
D	4501	2	*	*	*	*	91.2	261798	*
D	4531	2	*	*	*	*	97.2	259094	*
D	4538	2	*	*	*	*	100.0	258745	*
D	4554	2	*	*	*	*	95.2	257496	*
D	4686	2	*	*	*	*	91.6	246662	*
D	4690	3	*	*	*	*	99.6	246186	*
D	4704	2	*	*	*	*	97.6	244757	*
D	4708	2	*	*	*	*	95.2	244668	*
D	4713	2	*	*	*	*	98.8	244196	*
D	4748	2	*	*	*	*	99.6	240979	*
D	4898	2	*	*	*	*	96.0	221841	*
D	5011	2	*	*	*	*	99.6	205772	*
D	5030	2	*	*	*	*	98.0	202605	*
D	5047	2	*	*	*	*	98.4	199635	*
D	5127	2	*	*	*	*	97.2	195317	*
D	5148	3	*	*	*	*	94.6	194356	*
D	5314	2	*	*	*	*	95.6	185766	*
D	5337	3	*	*	*	*	96.4	185052	*
D	5340	3	*	*	*	*	97.6	184790	*
D	5446	2	*	*	*	*	98.8	178891	*
D	5664	2	*	*	*	*	94.8	166493	*
D	5674	2	*	*	*	*	98.0	165919	*
D	5704	2	*	*	*	*	97.6	164660	*
D	5783	3	*	*	*	*	96.0	160810	*
D	5797	2	*	*	*	*	98.4	159887	*
D	5803	2	*	*	*	*	92.4	159712	*
D	5842	2	*	*	*	*	97.6	157497	*
D	5872	2	*	*	*	*	96.4	154751	*
D	5902	2	*	*	*	*	97.2	152763	*
D	5914	2	*	*	*	*	100.0	152051	*
D	5977	3	*	*	*	*	94.2	147523	*
D	6014	2	*	*	*	*	99.6	144735	*
D	6134	2	*	*	*	*	96.0	4352580	*
D	6148	2	*	*	*	*	98.4	138930	*
D	6167	2	*	*	*	*	97.6	137759	*
D	6181	2	*	*	*	*	97.6	136963	*
D	6207	2	*	*	*	*	96.8	136053	*
D	6224	2	*	*	*	*	97.2	133739	*
D	6268	2	*	*	*	*	96.0	129026	*
D	6291	2	*	*	*	*	99.6	119663	*
D	6329	2	*	*	*	*	97.6	113799	*
D	6337	2	*	*	*	*	96.4	112402	*
D	6355	2	*	*	*	*	94.0	111470	*
D	6367	2	*	*	*	*	92.8	110591	*
D	6411	2	*	*	*	*	91.2	108008	*
D	6420	2	*	*	*	*	97.2	107760	*
D	6441	2	*	*	*	*	96.0	106723	*
D	6508	2	*	*	*	*	98.8	103415	*
D	6510	2	*	*	*	*	98.4	103285	*
D	6564	2	*	*	*	*	98.8	100203	*
D	6602	2	*	*	*	*	92.0	94847	*
D	6676	2	*	*	*	*	96.8	85556	*
D	6831	2	*	*	*	*	93.6	64196	*
D	6853	2	*	*	*	*	90.8	58647	*
D	6886	2	*	*	*	*	95.6	51657	*
D	6910	2	*	*	*	*	98.4	48640	*
D	6941	3	*	*	*	*	94.2	41059	*
D	6957	2	*	*	*	*	92.8	38918	*
D	6976	2	*	*	*	*	93.6	34894	*
D	7004	2	*	*	*	*	100.0	29533	*
D	7025	4	*	*	*	*	99.7	25807	*
D	7142	2	*	*	*	*	98.8	14614	*
D	7149	2	*	*	*	*	99.6	14554	*
D	7170	2	*	*	*	*	99.2	13973	*
D	7171	2	*	*	*	*	90.0	13965	*
D	7211	2	*	*	*	*	99.2	12877	*
D	7222	2	*	*	*	*	96.8	12841	*
D	7253	2	*	*	*	*	96.0	12187	*
D	7258	2	*	*	*	*	99.6	12146	*
D	7315	2	*	*	*	*	90.8	10792	*
D	7323	2	*	*	*	*	100.0	10633	*
D	7336	2	*	*	*	*	94.8	9961	*
D	7418	2	*	*	*	*	91.2	7556	*
D	7419	3	*	*	*	*	93.2	7555	*
D	7423	2	*	*	*	*	95.2	7509	*
D	7444	3	*	*	*	*	98.8	7052	*
D	7447	2	*	*	*	*	90.4	6648	*
D	7481	2	*	*	*	*	90.4	5217	*
D	7482	2	*	*	*	*	98.0	5113	*
D	7483	2	*	*	*	*	97.2	5066	*
D	7490	2	*	*	*	*	91.2	4581	*
D	7514	2	*	*	*	*	90.4	3497	*
D	7534	2	*	*	*	*	99.2	2420	*
D	7565	2	*	*	*	*	91.6	1503863	*
D	7587	2	*	*	*	*	93.6	1122195	*
D	7595	2	*	*	*	*	92.4	1131099	*
D	7625	2	*	*	*	*	93.6	1144293	*
D	7686	2	*	*	*	*	90.8	1127851	*
D	7687	2	*	*	*	*	98.0	1145943	*
D	7740	2	*	*	*	*	91.2	739471	*
D	7824	3	*	*	*	*	99.0	1132903	*
D	7859	3	*	*	*	*	97.2	1144264	*
D	7887	2	*	*	*	*	99.2	1771843	*
D	7927	2	*	*	*	*	98.0	891034	*
D	7938	2	*	*	*	*	98.4	1803005	*
D	7954	2	*	*	*	*	99.2	1818342	*
D	7964	2	*	*	*	*	90.4	1099546	*
D	8044	2	*	*	*	*	97.2	1892252	*
D	8064	2	*	*	*	*	98.0	809102	*
D	8087	2	*	*	*	*	91.2	1129499	*
D	8150	2	*	*	*	*	93.2	1126194	*
D	8224	7	*	*	*	*	100.0	2057787	*
D	8286	2	*	*	*	*	98.0	2105739	*
D	8299	2	*	*	*	*	94.4	1143228	*
D	8315	2	*	*	*	*	99.2	2117818	*
D	8338	2	*	*	*	*	98.4	2132253	*
D	8406	2	*	*	*	*	100.0	1143678	*
D	8440	2	*	*	*	*	99.2	758064	*
D	8449	2	*	*	*	*	94.8	2228266	*
D	8505	2	*	*	*	*	93.6	2270059	*
D	8588	2	*	*	*	*	100.0	1119485	*
D	8590	2	*	*	*	*	96.8	892412	*
D	8597	2	*	*	*	*	97.6	637350	*
D	8608	5	*	*	*	*	99.1	2344267	*
D	8642	2	*	*	*	*	92.4	821690	*
D	8648	2	*	*	*	*	95.6	731367	*
D	8675	2	*	*	*	*	93.6	940401	*
D	8692	2	*	*	*	*	98.0	1138255	*
D	8706	2	*	*	*	*	98.0	2426773	*
D	8739	2	*	*	*	*	97.2	2461583	*
D	8754	2	*	*	*	*	90.0	2471826	*
D	8765	2	*	*	*	*	99.2	851932	*
D	8766	2	*	*	*	*	98.0	2480449	*
D	8790	2	*	*	*	*	90.8	749175	*
D	8793	2	*	*	*	*	97.6	2500552	*
D	8799	2	*	*	*	*	94.8	743801	*
D	8814	2	*	*	*	*	96.0	799124	*
D	8898	2	*	*	*	*	92.4	2574952	*
D	8900	2	*	*	*	*	96.4	809850	*
D	8957	2	*	*	*	*	99.2	1115614	*
D	8963	3	*	*	*	*	99.8	2638784	*
D	9015	3	*	*	*	*	100.0	2682867	*
D	9036	2	*	*	*	*	96.0	2704718	*
D	9041	2	*	*	*	*	96.4	1117218	*
D	9091	3	*	*	*	*	98.6	2749362	*
D	9220	2	*	*	*	*	96.8	1136534	*
D	9260	2	*	*	*	*	97.2	2894263	*
D	9283	2	*	*	*	*	94.4	2918986	*
D	9295	3	*	*	*	*	98.2	2927689	*
D	9308	2	*	*	*	*	91.6	2938850	*
D	9336	2	*	*	*	*	92.8	1145398	*
D	9389	2	*	*	*	*	94.8	1072784	*
D	9411	2	*	*	*	*	99.2	3028373	*
D	9425	3	*	*	*	*	96.0	1124398	*
D	9454	3	*	*	*	*	98.2	1140071	*
D	9536	2	*	*	*	*	94.8	1134212	*
D	9586	2	*	*	*	*	92.0	1131768	*
D	9594	2	*	*	*	*	90.8	1140636	*
D	9616	2	*	*	*	*	93.2	1139148	*
D	9644	3	*	*	*	*	99.4	3225199	*
D	9648	2	*	*	*	*	91.6	836389	*
D	9685	2	*	*	*	*	98.4	3254234	*
D	9695	2	*	*	*	*	100.0	782122	*
D	9734	2	*	*	*	*	97.2	1134595	*
D	9735	2	*	*	*	*	99.6	1143570	*
D	9804	2	*	*	*	*	97.6	620813	*
D	9806	2	*	*	*	*	99.6	746265	*
D	9820	2	*	*	*	*	98.4	704830	*
D	9824	2	*	*	*	*	99.2	3368019	*
D	9915	2	*	*	*	*	99.2	3448408	*
D	9936	2	*	*	*	*	98.0	3464845	*
D	9954	2	*	*	*	*	94.8	1146228	*
D	10045	2	*	*	*	*	92.4	1136120	*
D	10065	5	*	*	*	*	98.7	3568708	*
D	10102	2	*	*	*	*	97.6	3599275	*
D	10119	2	*	*	*	*	96.8	3608204	*
D	10142	2	*	*	*	*	98.4	1130073	*
D	10147	2	*	*	*	*	98.4	3630089	*
D	10180	2	*	*	*	*	91.2	3652470	*
D	10223	2	*	*	*	*	99.6	1128237	*
D	10241	2	*	*	*	*	95.6	1148060	*
D	10248	2	*	*	*	*	99.6	1137684	*
D	10348	2	*	*	*	*	97.6	3772088	*
D	10365	3	*	*	*	*	92.6	944401	*
D	10375	2	*	*	*	*	96.4	1143338	*
D	10376	3	*	*	*	*	97.8	1128041	*
D	10407	2	*	*	*	*	91.6	1137944	*
D	10414	2	*	*	*	*	96.0	1133367	*
D	10544	2	*	*	*	*	94.0	1133579	*
D	10738	2	*	*	*	*	98.8	1122955	*
D	10779	2	*	*	*	*	96.4	1136009	*
D	10807	2	*	*	*	*	93.2	1123994	*
D	10930	2	*	*	*	*	92.8	4263820	*
D	10954	2	*	*	*	*	95.6	4282872	*
D	10993	2	*	*	*	*	94.0	4295562	*
D	11026	2	*	*	*	*	90.4	4297519	*
D	11090	2	*	*	*	*	98.8	4300901	*
D	11159	2	*	*	*	*	93.2	4304774	*
D	11232	2	*	*	*	*	99.6	4308022	*
D	11369	2	*	*	*	*	100.0	4316241	*
D	11408	2	*	*	*	*	96.4	4317943	*
D	11432	3	*	*	*	*	96.2	4319468	*
D	11639	2	*	*	*	*	97.6	4330933	*
D	11656	2	*	*	*	*	93.2	4332215	*
D	11726	2	*	*	*	*	94.0	4337248	*
D	11775	2	*	*	*	*	92.8	4340465	*
D	11788	2	*	*	*	*	91.6	4341712	*
D	11806	2	*	*	*	*	93.2	4343390	*
D	11813	2	*	*	*	*	95.2	4343683	*
D	11815	2	*	*	*	*	100.0	4343758	*
D	11839	2	*	*	*	*	95.6	4346588	*
D	11871	3	*	*	*	*	95.2	4348634	*
D	11997	2	*	*	*	*	99.6	4357166	*
D	12003	2	*	*	*	*	97.2	4357503	*
D	12059	2	*	*	*	*	91.6	4360942	*
D	12077	2	*	*	*	*	97.6	4362037	*
D	12116	2	*	*	*	*	99.2	4365006	*
D	12132	3	*	*	*	*	95.8	4365922	*
D	12138	3	*	*	*	*	96.4	4366350	*
D	12150	2	*	*	*	*	96.8	4367538	*
D	12163	2	*	*	*	*	97.6	4368039	*
D	12165	2	*	*	*	*	96.4	4368044	*
D	12224	2	*	*	*	*	98.0	4372223	*
D	12260	2	*	*	*	*	94.0	4374945	*
D	12266	2	*	*	*	*	94.4	4375255	*
D	12342	2	*	*	*	*	94.4	4380180	*
D	12372	2	*	*	*	*	100.0	4382944	*
D	12419	2	*	*	*	*	93.6	4385903	*
D	12458	2	*	*	*	*	99.2	4388300	*
D	12476	2	*	*	*	*	97.6	4389428	*
D	12579	2	*	*	*	*	98.0	4396918	*
D	12617	2	*	*	*	*	97.2	4400491	*
D	12690	2	*	*	*	*	98.4	4406595	*
D	12749	4	*	*	*	*	97.7	4410246	*
D	12861	2	*	*	*	*	98.4	4419561	*
D	12864	2	*	*	*	*	98.0	4419624	*
D	12882	2	*	*	*	*	100.0	4422114	*
D	12914	2	*	*	*	*	94.0	4423978	*
D	12968	2	*	*	*	*	100.0	4427644	*
D	13001	2	*	*	*	*	99.6	4429771	*
D	13032	2	*	*	*	*	94.8	4431936	*
D	13053	2	*	*	*	*	99.6	4433521	*
D	13061	2	*	*	*	*	96.8	4434051	*
D	13074	2	*	*	*	*	99.6	4434972	*
D	13119	2	*	*	*	*	92.8	4438027	*
D	13135	2	*	*	*	*	99.2	4439195	*
D	13191	3	*	*	*	*	92.0	4443004	*
D	13244	2	*	*	*	*	99.2	4446764	*
D	13270	2	*	*	*	*	98.0	4448503	*
D	13292	2	*	*	*	*	96.8	4450394	*
D	13294	3	*	*	*	*	97.0	4450440	*
D	13320	2	*	*	*	*	96.0	4452719	*
D	13337	2	*	*	*	*	100.0	4453611	*
D	13352	2	*	*	*	*	96.4	4454457	*
D	13445	2	*	*	*	*	98.0	4459820	*
D	13477	2	*	*	*	*	100.0	4462503	*
D	13522	2	*	*	*	*	96.0	4465093	*
D	13549	3	*	*	*	*	96.0	4466876	*
D	13552	2	*	*	*	*	95.6	4466885	*
D	13635	2	*	*	*	*	92.8	4472101	*
D	13687	2	*	*	*	*	93.2	4475009	*
D	13805	2	*	*	*	*	94.4	4482366	*
D	13808	2	*	*	*	*	98.0	4482512	*
D	13839	2	*	*	*	*	92.0	1106734	*
D	13906	2	*	*	*	*	95.2	219691	*
D	13912	3	*	*	*	*	95.4	186470	*
D	13936	2	*	*	*	*	94.8	108999	*
D	13965	2	*	*	*	*	94.4	94242	*
D	14009	2	*	*	*	*	90.8	665283	*
D	14014	2	*	*	*	*	99.2	1879068	*
D	14026	2	*	*	*	*	93.6	2153390	*
D	14028	2	*	*	*	*	90.8	781489	*
D	14092	2	*	*	*	*	95.2	4404469	*
D	14096	2	*	*	*	*	99.2	4418043	*
D	14099	2	*	*	*	*	94.0	4437047	*
D	14100	2	*	*	*	*	96.0	4445049	*
D	14104	2	*	*	*	*	95.6	4463497	*
D	14108	2	*	*	*	*	92.8	4475393	*
D	14110	2	*	*	*	*	94.8	4478889	*
