UclustConsensusTaxonAssigner parameters:
id_to_taxonomy_filepath:/Users/nbokulich/Desktop/ref_dbs/gg_13_8_otus/taxonomy/99_otu_taxonomy.txt
id_to_taxonomy_fp:/Users/nbokulich/Desktop/ref_dbs/gg_13_8_otus/taxonomy/99_otu_taxonomy.txt
max_accepts:1
min_consensus_fraction:1.0
reference_sequences_fp:/Users/nbokulich/Desktop/ref_dbs/gg_13_8_otus/rep_set/99_otus/dna-sequences.fasta
similarity:0.99
unassignable_label:Unassigned
Result path: /var/folders/0t/l1dz88p50y91vx_22fx5w3780000gn/T/assign-taxCUNlmR

.uc file contents:

# uclust --input /Users/nbokulich/Desktop/projects/short-read-tax-assignment/data/mock-community/mock-7/rep_seqs.fna --id 0.99 --rev --maxaccepts 1 --allhits --libonly --lib /Users/nbokulich/Desktop/ref_dbs/gg_13_8_otus/rep_set/99_otus/dna-sequences.fasta --uc /var/folders/0t/l1dz88p50y91vx_22fx5w3780000gn/T/UclustConsensusTaxonAssigner_rRiXkF.uc
# version=1.2.22
# Tab-separated fields:
# 1=Type, 2=ClusterNr, 3=SeqLength or ClusterSize, 4=PctId, 5=Strand, 6=QueryStart, 7=SeedStart, 8=Alignment, 9=QueryLabel, 10=TargetLabel
# Record types (field 1): L=LibSeed, S=NewSeed, H=Hit, R=Reject, D=LibCluster, C=NewCluster, N=NoHit
# For C and D types, PctId is average id with seed.
# QueryStart and SeedStart are zero-based relative to start of sequence.
# If minus strand, SeedStart is relative to reverse-complemented seed.
L	42089	250	*	*	*	*	*	367091	*
H	42089	90	100.0	+	0	0	90M160I	0d9663954f9de19b601267102c3edaf6	367091
L	86084	250	*	*	*	*	*	183139	*
H	86084	90	100.0	+	0	0	90M160I	9c24c15f065e034aa3dfa819c53bb31f	183139
L	24929	250	*	*	*	*	*	563944	*
H	24929	90	100.0	+	0	0	38MI52M159I	1cf0c22af1c05c39442dfd5e4bc355bc	563944
L	152296	250	*	*	*	*	*	3830678	*
H	152296	90	100.0	+	0	0	90M160I	83a14d097b9af6b1daa5e9b934a69596	3830678
L	42740	250	*	*	*	*	*	363731	*
H	42740	90	100.0	+	0	0	90M160I	68c72ec9287edc152ba5ba5793a57404	363731
L	82445	250	*	*	*	*	*	194041	*
H	82445	90	100.0	+	0	0	90M160I	af05ef082d252b58eff8a73fea334359	194041
L	17677	250	*	*	*	*	*	592112	*
H	17677	90	100.0	+	0	0	90M160I	9e776521964339e46e1fa2afe47dab4c	592112
N	*	90	*	*	*	*	*	ed0eb8c99326e0ec472d19a1fea46d20	*
L	48436	250	*	*	*	*	*	339013	*
H	48436	90	100.0	+	0	0	90M160I	bb61e102b80728dc065059f3446fbd14	339013
L	89262	250	*	*	*	*	*	173147	*
H	89262	90	100.0	+	0	0	90M160I	6523268c74ed886fa23059a1157cb6f3	173147
L	126352	250	*	*	*	*	*	2288536	*
H	126352	90	100.0	+	0	0	90M160I	3e46d8f9b676e115585aecb00562f7b2	2288536
L	118256	250	*	*	*	*	*	1826303	*
H	118256	90	100.0	+	0	0	90M160I	5d32ba90d9aa72951f9055e4988ce428	1826303
L	123340	250	*	*	*	*	*	2116284	*
H	123340	90	100.0	+	0	0	90M160I	18bc76c2462dfa9b219cd400b3948212	2116284
L	123136	250	*	*	*	*	*	846127	*
H	123136	90	100.0	+	0	0	90M160I	5ae672a053581f596e9ecfb039bd798b	846127
L	181746	250	*	*	*	*	*	4402484	*
H	181746	90	100.0	+	0	0	90M160I	12f40711f68989deb0c04655f374a98e	4402484
L	50791	250	*	*	*	*	*	329414	*
H	50791	90	100.0	+	0	0	90M160I	4250e7b051847a13d608ef81be69999a	329414
L	54476	250	*	*	*	*	*	314226	*
H	54476	90	100.0	+	0	0	90M160I	f6e13f379ae8d56666d730b3954e251a	314226
L	25651	250	*	*	*	*	*	561020	*
H	25651	90	100.0	+	0	0	90M160I	148744b83b8ca9df502e6ddbb9adc745	561020
L	142512	250	*	*	*	*	*	809682	*
H	142512	90	100.0	+	0	0	90M160I	97e6ccfd8b780926ede87c1dbfffe04e	809682
L	38839	250	*	*	*	*	*	470117	*
H	38839	90	100.0	+	0	0	90M160I	31bdb8e50a8f08708ef058cd931db758	470117
L	99081	250	*	*	*	*	*	126376	*
H	99081	90	100.0	+	0	0	90M160I	5d3c9dd98dab0b3cf71b4045f3cbe225	126376
L	83552	250	*	*	*	*	*	190704	*
H	83552	90	100.0	+	0	0	90M160I	b27f3746dc96409f8cf7ccb7110c6669	190704
L	85291	250	*	*	*	*	*	185603	*
H	85291	90	100.0	+	0	0	90M160I	27d715e6eab18de8ccdf27dca6dffc83	185603
L	182690	250	*	*	*	*	*	4407388	*
H	182690	90	100.0	+	0	0	90M160I	ce68461b19365e899b736787ab1a20b4	4407388
L	16888	250	*	*	*	*	*	610462	*
H	16888	90	100.0	+	0	0	90M160I	9de41efaa6ba102a29e8b876a2ac7259	610462
L	52721	250	*	*	*	*	*	321560	*
H	52721	90	100.0	+	0	0	90M160I	7077386d4c1252ee121c220de47a3bdc	321560
L	42543	250	*	*	*	*	*	364792	*
H	42543	90	100.0	+	0	0	90M160I	7d06c91eee526da2845e19fc498ef62d	364792
L	99941	250	*	*	*	*	*	113601	*
H	99941	90	100.0	+	0	0	90M160I	73a76624439ae1b31e79ef2259247738	113601
L	142032	250	*	*	*	*	*	3211874	*
H	142032	90	100.0	+	0	0	38MI52M159I	aa64e6b8046cb8103645005b3838e5e6	3211874
L	34908	250	*	*	*	*	*	522595	*
H	34908	90	100.0	+	0	0	90M160I	53a5b78d6ed24ffa75d4460172e1fd87	522595
N	*	90	*	*	*	*	*	a42f49f7004e52db3274f5a30358f651	*
N	*	90	*	*	*	*	*	8c9f7d81df9a22351937685c4baddb7c	*
N	*	90	*	*	*	*	*	a26554922f7b7b436271b863b7ee7b73	*
L	80819	250	*	*	*	*	*	198937	*
H	80819	90	100.0	+	0	0	90M160I	32e259fc328091d5b8cf1cdb4e7915fe	198937
L	186447	250	*	*	*	*	*	4425877	*
H	186447	90	100.0	+	0	0	90M160I	df7f9cc54f6279ed5745804d0beb4626	4425877
L	30221	250	*	*	*	*	*	542096	*
H	30221	90	100.0	+	0	0	90M160I	ec7e55d24b191e0167c9b5d76be36b13	542096
L	85618	250	*	*	*	*	*	184526	*
H	85618	90	100.0	+	0	0	90M160I	8242b3afb352fa5f814e88934bc5505d	184526
L	56299	250	*	*	*	*	*	306829	*
H	56299	90	100.0	+	0	0	90M160I	1f2253720c1d7d139faabc0fee3a1709	306829
L	153859	250	*	*	*	*	*	851812	*
H	153859	90	100.0	+	0	0	90M160I	73d5503262052923010ad9cc335bc7bb	851812
L	86722	250	*	*	*	*	*	181193	*
H	86722	90	100.0	+	0	0	90M160I	1086711b50481e71f92ba0d973907842	181193
L	145414	250	*	*	*	*	*	3413561	*
H	145414	90	100.0	+	0	0	38MI52M159I	4cf4ac567d849ee3767b23d1e48d5866	3413561
L	176947	250	*	*	*	*	*	4378081	*
H	176947	90	100.0	+	0	0	90M160I	8e9c86e77bb2ff87ab49d7294bcb44ca	4378081
L	110009	250	*	*	*	*	*	14478	*
H	110009	90	100.0	+	0	0	90M160I	1b2bcb804a535a020a122fbdb58b96aa	14478
L	80691	250	*	*	*	*	*	199301	*
H	80691	90	100.0	+	0	0	90M160I	90b0d451662f7563443e0d008925a574	199301
L	38843	250	*	*	*	*	*	469871	*
H	38843	90	100.0	+	0	0	90M160I	138e5efefb28c54e724d270954529b47	469871
L	38844	250	*	*	*	*	*	469852	*
H	38844	90	100.0	+	0	0	90M160I	d01714857eb5e3401b03b81875fb52e1	469852
L	11986	250	*	*	*	*	*	788593	*
H	11986	90	100.0	+	0	0	90M160I	6a9f333e4ce9c312b9c9ca0b79efbb94	788593
L	57913	250	*	*	*	*	*	300610	*
H	57913	90	100.0	+	0	0	90M160I	ea492cebc636911899a5ddaccd19957e	300610
L	33480	250	*	*	*	*	*	528601	*
H	33480	90	100.0	+	0	0	90M160I	3d5b64619404a874482d91b78cb4ef80	528601
L	121066	250	*	*	*	*	*	1983368	*
H	121066	90	100.0	+	0	0	90M160I	4777ac6cedb9029c3066af6cf292c55e	1983368
L	159794	250	*	*	*	*	*	839888	*
H	159794	90	100.0	+	0	0	90M160I	a50bffc4c317a92d1144ffef1278cef7	839888
L	33569	250	*	*	*	*	*	528233	*
H	33569	90	100.0	+	0	0	90M160I	31fd647a82c7e89b6ee3e307deb0c399	528233
L	60248	250	*	*	*	*	*	292250	*
H	60248	90	100.0	+	0	0	90M160I	7559f811c80b3a16abf3a4c3d920c45c	292250
L	86349	250	*	*	*	*	*	182305	*
H	86349	90	100.0	+	0	0	90M160I	f3f7a4cdd595c890f68f9cd8d0191a7f	182305
L	142226	250	*	*	*	*	*	3222221	*
H	142226	90	100.0	+	0	0	90M160I	f427968e08770f63c0625b50dc8f4201	3222221
L	138805	250	*	*	*	*	*	3018527	*
H	138805	90	100.0	+	0	0	90M160I	5eb6a72f21c36ef1525a6e590fd31d14	3018527
L	41742	250	*	*	*	*	*	368769	*
H	41742	90	100.0	+	0	0	90M160I	301a96f42179496cdeb87910d1084d88	368769
L	43398	250	*	*	*	*	*	360620	*
H	43398	90	100.0	+	0	0	90M160I	97a67560c7dbd290bc4070bb73964615	360620
L	58672	250	*	*	*	*	*	297804	*
H	58672	90	100.0	+	0	0	90M160I	6333ec889a018e1421f0c466b6283c48	297804
L	42823	250	*	*	*	*	*	363389	*
H	42823	90	100.0	+	0	0	90M160I	eae4da0c4bf705d5bf2756e467507eab	363389
L	82868	250	*	*	*	*	*	192724	*
H	82868	90	100.0	+	0	0	90M160I	7eb19c293d609a0c3e6ce4c8937d7e19	192724
L	30250	250	*	*	*	*	*	541979	*
H	30250	90	100.0	+	0	0	90M160I	75b45d8129c2c8c7672f087cda7825fc	541979
L	126857	250	*	*	*	*	*	2320424	*
H	126857	90	100.0	+	0	0	90M160I	313200fa7b77b2e53cf2e22c67af2b6f	2320424
L	41564	250	*	*	*	*	*	369710	*
H	41564	90	100.0	+	0	0	90M160I	a3bbe696e0af0944230b745bf101ed1b	369710
L	74879	250	*	*	*	*	*	232254	*
H	74879	90	100.0	+	0	0	90M160I	6d08284a8675fae014c4753db3af92e9	232254
L	111009	250	*	*	*	*	*	10211	*
H	111009	90	100.0	+	0	0	90M160I	c110dc917e48de08978e6ca40711768e	10211
L	46548	250	*	*	*	*	*	346689	*
H	46548	90	100.0	+	0	0	90M160I	0eddc0b05602f08660776d811b4b898f	346689
D	11986	2	*	*	*	*	100.0	788593	*
D	16888	2	*	*	*	*	100.0	610462	*
D	17677	2	*	*	*	*	100.0	592112	*
D	24929	2	*	*	*	*	100.0	563944	*
D	25651	2	*	*	*	*	100.0	561020	*
D	30221	2	*	*	*	*	100.0	542096	*
D	30250	2	*	*	*	*	100.0	541979	*
D	33480	2	*	*	*	*	100.0	528601	*
D	33569	2	*	*	*	*	100.0	528233	*
D	34908	2	*	*	*	*	100.0	522595	*
D	38839	2	*	*	*	*	100.0	470117	*
D	38843	2	*	*	*	*	100.0	469871	*
D	38844	2	*	*	*	*	100.0	469852	*
D	41564	2	*	*	*	*	100.0	369710	*
D	41742	2	*	*	*	*	100.0	368769	*
D	42089	2	*	*	*	*	100.0	367091	*
D	42543	2	*	*	*	*	100.0	364792	*
D	42740	2	*	*	*	*	100.0	363731	*
D	42823	2	*	*	*	*	100.0	363389	*
D	43398	2	*	*	*	*	100.0	360620	*
D	46548	2	*	*	*	*	100.0	346689	*
D	48436	2	*	*	*	*	100.0	339013	*
D	50791	2	*	*	*	*	100.0	329414	*
D	52721	2	*	*	*	*	100.0	321560	*
D	54476	2	*	*	*	*	100.0	314226	*
D	56299	2	*	*	*	*	100.0	306829	*
D	57913	2	*	*	*	*	100.0	300610	*
D	58672	2	*	*	*	*	100.0	297804	*
D	60248	2	*	*	*	*	100.0	292250	*
D	74879	2	*	*	*	*	100.0	232254	*
D	80691	2	*	*	*	*	100.0	199301	*
D	80819	2	*	*	*	*	100.0	198937	*
D	82445	2	*	*	*	*	100.0	194041	*
D	82868	2	*	*	*	*	100.0	192724	*
D	83552	2	*	*	*	*	100.0	190704	*
D	85291	2	*	*	*	*	100.0	185603	*
D	85618	2	*	*	*	*	100.0	184526	*
D	86084	2	*	*	*	*	100.0	183139	*
D	86349	2	*	*	*	*	100.0	182305	*
D	86722	2	*	*	*	*	100.0	181193	*
D	89262	2	*	*	*	*	100.0	173147	*
D	99081	2	*	*	*	*	100.0	126376	*
D	99941	2	*	*	*	*	100.0	113601	*
D	110009	2	*	*	*	*	100.0	14478	*
D	111009	2	*	*	*	*	100.0	10211	*
D	118256	2	*	*	*	*	100.0	1826303	*
D	121066	2	*	*	*	*	100.0	1983368	*
D	123136	2	*	*	*	*	100.0	846127	*
D	123340	2	*	*	*	*	100.0	2116284	*
D	126352	2	*	*	*	*	100.0	2288536	*
D	126857	2	*	*	*	*	100.0	2320424	*
D	138805	2	*	*	*	*	100.0	3018527	*
D	142032	2	*	*	*	*	100.0	3211874	*
D	142226	2	*	*	*	*	100.0	3222221	*
D	142512	2	*	*	*	*	100.0	809682	*
D	145414	2	*	*	*	*	100.0	3413561	*
D	152296	2	*	*	*	*	100.0	3830678	*
D	153859	2	*	*	*	*	100.0	851812	*
D	159794	2	*	*	*	*	100.0	839888	*
D	176947	2	*	*	*	*	100.0	4378081	*
D	181746	2	*	*	*	*	100.0	4402484	*
D	182690	2	*	*	*	*	100.0	4407388	*
D	186447	2	*	*	*	*	100.0	4425877	*
