UclustConsensusTaxonAssigner parameters:
id_to_taxonomy_filepath:/Users/nbokulich/Desktop/projects/short-read-tax-assignment/data/simulated-community/B1-REF-iter1/ref_taxa.tsv
id_to_taxonomy_fp:/Users/nbokulich/Desktop/projects/short-read-tax-assignment/data/simulated-community/B1-REF-iter1/ref_taxa.tsv
max_accepts:3
min_consensus_fraction:0.76
reference_sequences_fp:/Users/nbokulich/Desktop/projects/short-read-tax-assignment/data/simulated-community/B1-REF-iter1/ref_seqs.fasta
similarity:0.8
unassignable_label:Unassigned
Result path: /var/folders/0t/l1dz88p50y91vx_22fx5w3780000gn/T/assign-tax56IAK4

.uc file contents:

# uclust --input /Users/nbokulich/Desktop/projects/short-read-tax-assignment/data/simulated-community/B1-REF-iter1/query.fasta --id 0.8 --rev --maxaccepts 3 --allhits --libonly --lib /Users/nbokulich/Desktop/projects/short-read-tax-assignment/data/simulated-community/B1-REF-iter1/ref_seqs.fasta --uc /var/folders/0t/l1dz88p50y91vx_22fx5w3780000gn/T/UclustConsensusTaxonAssigner_4Fv257.uc
# version=1.2.22
# Tab-separated fields:
# 1=Type, 2=ClusterNr, 3=SeqLength or ClusterSize, 4=PctId, 5=Strand, 6=QueryStart, 7=SeedStart, 8=Alignment, 9=QueryLabel, 10=TargetLabel
# Record types (field 1): L=LibSeed, S=NewSeed, H=Hit, R=Reject, D=LibCluster, C=NewCluster, N=NoHit
# For C and D types, PctId is average id with seed.
# QueryStart and SeedStart are zero-based relative to start of sequence.
# If minus strand, SeedStart is relative to reverse-complemented seed.
L	14087	250	*	*	*	*	*	1127850	*
H	14087	250	100.0	+	0	0	250M	1108035	1127850
L	12036	250	*	*	*	*	*	2097809	*
H	12036	250	100.0	+	0	0	250M	1108035	2097809
L	2769	250	*	*	*	*	*	537775	*
H	2769	250	100.0	+	0	0	250M	1108035	537775
L	18609	250	*	*	*	*	*	4422718	*
H	18609	250	99.2	+	0	0	104MD145MI	1088241	4422718
L	16709	250	*	*	*	*	*	4329655	*
H	16709	250	98.8	+	0	0	104MD145MI	1088241	4329655
L	3972	250	*	*	*	*	*	402730	*
H	3972	250	98.8	+	0	0	92MD20MI137M	1088241	402730
L	6401	250	*	*	*	*	*	256685	*
H	6401	250	100.0	+	0	0	250M	1063320	256685
L	3689	250	*	*	*	*	*	508844	*
H	3689	250	100.0	+	0	0	250M	1063320	508844
L	2528	250	*	*	*	*	*	552832	*
H	2528	250	100.0	+	0	0	250M	1063320	552832
L	19516	250	*	*	*	*	*	4465561	*
H	19516	250	100.0	+	0	0	250M	1042479	4465561
L	19204	250	*	*	*	*	*	4451252	*
H	19204	250	100.0	+	0	0	250M	1042479	4451252
L	6825	250	*	*	*	*	*	226417	*
H	6825	250	100.0	+	0	0	250M	1042479	226417
L	12173	250	*	*	*	*	*	1044594	*
H	12173	250	97.6	+	0	0	70M2D178M2I	1037199	1044594
L	12083	250	*	*	*	*	*	1072707	*
H	12083	250	97.6	+	0	0	70M2D178M2I	1037199	1072707
L	138	250	*	*	*	*	*	1086359	*
H	138	250	97.6	+	0	0	74MD175MI	1037199	1086359
L	1843	250	*	*	*	*	*	590403	*
H	1843	250	99.2	+	0	0	250M	1021000	590403
L	2153	250	*	*	*	*	*	574325	*
H	2153	250	92.4	+	0	0	133MI116MD	1021000	574325
L	1957	250	*	*	*	*	*	584360	*
H	1957	250	91.2	+	0	0	250M	1021000	584360
L	9784	250	*	*	*	*	*	73433	*
H	9784	250	98.4	+	0	0	250M	1015017	73433
L	10566	250	*	*	*	*	*	10792	*
H	10566	250	84.0	+	0	0	250M	1015017	10792
L	11750	250	*	*	*	*	*	1125489	*
H	11750	250	82.8	+	0	0	250M	1015017	1125489
L	15059	250	*	*	*	*	*	971934	*
H	15059	250	97.2	+	0	0	250M	981957	971934
L	16236	250	*	*	*	*	*	4308782	*
H	16236	250	96.8	+	0	0	57MI192MD	981957	4308782
L	3492	250	*	*	*	*	*	515769	*
H	3492	250	96.8	+	0	0	57MI192MD	981957	515769
L	15961	250	*	*	*	*	*	4297032	*
H	15961	250	98.8	+	0	0	250M	971907	4297032
L	15953	250	*	*	*	*	*	4296419	*
H	15953	250	98.8	+	0	0	250M	971907	4296419
L	15951	250	*	*	*	*	*	4296273	*
H	15951	250	98.8	+	0	0	250M	971907	4296273
L	3832	250	*	*	*	*	*	444228	*
H	3832	250	98.0	+	0	0	78MI171MD	957557	444228
L	943	250	*	*	*	*	*	896004	*
H	943	250	98.0	+	0	0	78MI171MD	957557	896004
L	498	250	*	*	*	*	*	1006843	*
H	498	250	97.6	+	0	0	78MI171MD	957557	1006843
L	12318	250	*	*	*	*	*	2243354	*
H	12318	250	97.2	+	0	0	250M	955905	2243354
L	16785	250	*	*	*	*	*	4333493	*
H	16785	250	96.4	+	0	0	250M	955905	4333493
L	17385	250	*	*	*	*	*	4362320	*
H	17385	250	97.2	+	0	0	250M	955905	4362320
L	10114	250	*	*	*	*	*	33892	*
H	10114	250	99.6	+	0	0	250M	955678	33892
L	13061	250	*	*	*	*	*	2655364	*
H	13061	250	99.6	+	0	0	250M	955678	2655364
L	1117	250	*	*	*	*	*	855346	*
H	1117	250	99.2	+	0	0	250M	955678	855346
L	7814	250	*	*	*	*	*	181589	*
H	7814	250	95.6	+	0	0	250M	908900	181589
L	8173	250	*	*	*	*	*	171577	*
H	8173	250	95.6	+	0	0	250M	908900	171577
L	5951	250	*	*	*	*	*	276567	*
H	5951	250	94.4	+	0	0	22M2D20MD205M3I	908900	276567
L	8545	250	*	*	*	*	*	157163	*
H	8545	250	100.0	+	0	0	250M	905674	157163
L	18443	250	*	*	*	*	*	4414015	*
H	18443	250	100.0	+	0	0	250M	905674	4414015
L	12418	250	*	*	*	*	*	1138108	*
H	12418	250	100.0	+	0	0	250M	905674	1138108
L	3951	250	*	*	*	*	*	407441	*
H	3951	250	97.2	+	0	0	108MD141MI	887059	407441
L	555	250	*	*	*	*	*	990864	*
H	555	250	96.0	+	0	0	108MD141MI	887059	990864
L	14255	250	*	*	*	*	*	945953	*
H	14255	250	95.6	+	0	0	250M	887059	945953
L	14010	250	*	*	*	*	*	815182	*
H	14010	250	100.0	+	0	0	250M	859279	815182
L	4075	250	*	*	*	*	*	372473	*
H	4075	250	100.0	+	0	0	250M	859279	372473
L	15975	250	*	*	*	*	*	4297918	*
H	15975	250	100.0	+	0	0	250M	859279	4297918
L	17064	250	*	*	*	*	*	4347830	*
H	17064	250	98.4	+	0	0	250M	845765	4347830
L	14492	250	*	*	*	*	*	1137029	*
H	14492	250	97.2	+	0	0	250M	845765	1137029
L	14493	250	*	*	*	*	*	1123794	*
H	14493	250	96.0	+	0	0	151MD98MI	845765	1123794
L	9727	250	*	*	*	*	*	78075	*
H	9727	250	96.0	+	0	0	250M	823665	78075
L	15192	250	*	*	*	*	*	3899442	*
H	15192	250	96.0	+	0	0	250M	823665	3899442
L	10884	250	*	*	*	*	*	4009	*
H	10884	250	96.0	+	0	0	250M	823665	4009
L	16762	250	*	*	*	*	*	4331976	*
H	16762	250	100.0	+	0	0	250M	820831	4331976
L	13218	250	*	*	*	*	*	1137560	*
H	13218	250	98.4	+	0	0	250M	820831	1137560
L	12067	250	*	*	*	*	*	200836	*
H	12067	250	98.4	+	0	0	250M	820831	200836
L	3836	250	*	*	*	*	*	441768	*
H	3836	250	100.0	+	0	0	250M	812450	441768
L	19609	250	*	*	*	*	*	4469481	*
H	19609	250	100.0	+	0	0	250M	812450	4469481
L	14470	250	*	*	*	*	*	1069463	*
H	14470	250	100.0	+	0	0	250M	812450	1069463
L	11492	250	*	*	*	*	*	970742	*
H	11492	250	97.2	+	0	0	162MD87MI	809285	970742
L	17427	250	*	*	*	*	*	4364830	*
H	17427	250	97.2	+	0	0	162MD87MI	809285	4364830
L	8450	250	*	*	*	*	*	160438	*
H	8450	250	97.2	+	0	0	162MD87MI	809285	160438
L	15048	250	*	*	*	*	*	725444	*
H	15048	250	100.0	+	0	0	250M	757185	725444
L	11592	250	*	*	*	*	*	1125844	*
H	11592	250	97.2	+	0	0	250M	757185	1125844
L	2356	250	*	*	*	*	*	562500	*
H	2356	250	97.2	+	0	0	250M	757185	562500
L	8281	250	*	*	*	*	*	166704	*
H	8281	250	99.6	+	0	0	23MD226MI	728797	166704
L	1478	250	*	*	*	*	*	750320	*
H	1478	250	99.6	+	0	0	23MD226MI	728797	750320
L	9659	250	*	*	*	*	*	86196	*
H	9659	250	99.6	+	0	0	23MD226MI	728797	86196
L	2704	250	*	*	*	*	*	542079	*
H	2704	250	100.0	+	0	0	250M	684187	542079
L	19498	250	*	*	*	*	*	4464968	*
H	19498	250	99.2	+	0	0	250M	684187	4464968
L	1456	250	*	*	*	*	*	764650	*
H	1456	250	99.2	+	0	0	250M	684187	764650
L	15803	250	*	*	*	*	*	809998	*
H	15803	250	96.8	+	0	0	250M	671280	809998
L	12709	250	*	*	*	*	*	2461583	*
H	12709	250	98.8	+	0	0	250M	671280	2461583
L	1406	250	*	*	*	*	*	787697	*
H	1406	250	97.6	+	0	0	250M	671280	787697
L	14002	250	*	*	*	*	*	621303	*
H	14002	250	98.0	+	0	0	130MI119MD	665261	621303
L	2535	250	*	*	*	*	*	552487	*
H	2535	250	98.0	+	0	0	90MI159MD	665261	552487
L	13047	250	*	*	*	*	*	2648149	*
H	13047	250	98.0	+	0	0	250M	665261	2648149
L	1427	250	*	*	*	*	*	779482	*
H	1427	250	98.8	+	0	0	250M	615682	779482
L	9098	250	*	*	*	*	*	129288	*
H	9098	250	98.8	+	0	0	250M	615682	129288
L	2785	250	*	*	*	*	*	536778	*
H	2785	250	89.6	+	0	0	250M	615682	536778
L	10975	250	*	*	*	*	*	1127290	*
H	10975	250	100.0	+	0	0	250M	610455	1127290
L	18746	250	*	*	*	*	*	4429102	*
H	18746	250	100.0	+	0	0	250M	610455	4429102
L	2549	250	*	*	*	*	*	551777	*
H	2549	250	100.0	+	0	0	250M	610455	551777
L	2379	250	*	*	*	*	*	561242	*
H	2379	250	100.0	+	0	0	250M	584440	561242
L	2692	250	*	*	*	*	*	542882	*
H	2692	250	100.0	+	0	0	250M	584440	542882
L	2583	250	*	*	*	*	*	549862	*
H	2583	250	100.0	+	0	0	250M	584440	549862
L	6030	250	*	*	*	*	*	273031	*
H	6030	250	96.8	+	0	0	250M	583989	273031
L	1157	250	*	*	*	*	*	849283	*
H	1157	250	89.6	+	0	0	250M	583989	849283
L	15672	250	*	*	*	*	*	4170478	*
H	15672	250	89.6	+	0	0	250M	583989	4170478
L	10977	250	*	*	*	*	*	1508343	*
H	10977	250	100.0	+	0	0	250M	583935	1508343
L	14233	250	*	*	*	*	*	3349816	*
H	14233	250	100.0	+	0	0	250M	583935	3349816
L	17690	250	*	*	*	*	*	4376843	*
H	17690	250	100.0	+	0	0	250M	583935	4376843
L	6729	250	*	*	*	*	*	236697	*
H	6729	250	94.8	+	0	0	160MI89MD	581339	236697
L	2177	250	*	*	*	*	*	572117	*
H	2177	250	96.0	+	0	0	160MI32MI56M2D	581339	572117
L	1501	250	*	*	*	*	*	740629	*
H	1501	250	95.6	+	0	0	145MI104MD	581339	740629
L	9863	250	*	*	*	*	*	67654	*
H	9863	250	100.0	+	0	0	250M	579101	67654
L	8439	250	*	*	*	*	*	160903	*
H	8439	250	96.4	+	0	0	250M	579101	160903
L	2986	250	*	*	*	*	*	528855	*
H	2986	250	96.0	+	0	0	195MI31MI22M2D	579101	528855
L	16598	250	*	*	*	*	*	4324410	*
H	16598	250	98.4	+	0	0	250M	578401	4324410
L	2812	250	*	*	*	*	*	534869	*
H	2812	250	98.4	+	0	0	250M	578401	534869
L	1649	250	*	*	*	*	*	667570	*
H	1649	250	98.4	+	0	0	250M	578401	667570
L	11978	250	*	*	*	*	*	1137089	*
H	11978	250	91.6	+	0	0	250M	575979	1137089
L	13142	250	*	*	*	*	*	1117218	*
H	13142	250	91.6	+	0	0	250M	575979	1117218
L	14889	250	*	*	*	*	*	1124552	*
H	14889	250	91.6	+	0	0	250M	575979	1124552
L	2224	250	*	*	*	*	*	569607	*
H	2224	250	100.0	+	0	0	250M	574989	569607
L	1791	250	*	*	*	*	*	593219	*
H	1791	250	100.0	+	0	0	250M	574989	593219
L	2607	250	*	*	*	*	*	548833	*
H	2607	250	100.0	+	0	0	250M	574989	548833
L	8655	250	*	*	*	*	*	151083	*
H	8655	250	100.0	+	0	0	250M	570906	151083
L	7129	250	*	*	*	*	*	198485	*
H	7129	250	100.0	+	0	0	250M	570906	198485
L	17821	250	*	*	*	*	*	4382697	*
H	17821	250	100.0	+	0	0	250M	570906	4382697
L	7285	250	*	*	*	*	*	194286	*
H	7285	250	100.0	+	0	0	250M	570230	194286
L	7972	250	*	*	*	*	*	177297	*
H	7972	250	99.6	+	0	0	250M	570230	177297
L	8668	250	*	*	*	*	*	150412	*
H	8668	250	99.2	+	0	0	250M	570230	150412
L	7029	250	*	*	*	*	*	206056	*
H	7029	250	94.8	+	0	0	173MI11MI25MI19MI18M4D	569436	206056
L	13851	250	*	*	*	*	*	933356	*
H	13851	250	94.8	+	0	0	173MI11MI25MI19MI18M4D	569436	933356
L	14294	250	*	*	*	*	*	810299	*
H	14294	250	94.8	+	0	0	173MI11MI25MI19MI18M4D	569436	810299
L	6592	250	*	*	*	*	*	244196	*
H	6592	250	99.2	+	0	0	250M	568991	244196
L	11844	250	*	*	*	*	*	1129081	*
H	11844	250	98.0	+	0	0	250M	568991	1129081
L	15461	250	*	*	*	*	*	4047452	*
H	15461	250	94.8	+	0	0	250M	568991	4047452
L	16150	250	*	*	*	*	*	4305519	*
H	16150	250	100.0	+	0	0	250M	568332	4305519
L	11021	250	*	*	*	*	*	1128654	*
H	11021	250	100.0	+	0	0	250M	568332	1128654
L	6737	250	*	*	*	*	*	236017	*
H	6737	250	100.0	+	0	0	250M	568332	236017
L	2181	250	*	*	*	*	*	571908	*
H	2181	250	100.0	+	0	0	250M	567867	571908
L	15871	250	*	*	*	*	*	4282872	*
H	15871	250	97.6	+	0	0	134MI115MD	567867	4282872
L	13636	250	*	*	*	*	*	806451	*
H	13636	250	96.8	+	0	0	250M	567867	806451
L	6301	250	*	*	*	*	*	261023	*
H	6301	250	100.0	+	0	0	250M	566588	261023
L	5949	250	*	*	*	*	*	276678	*
H	5949	250	100.0	+	0	0	250M	566588	276678
L	14392	250	*	*	*	*	*	1134509	*
H	14392	250	100.0	+	0	0	250M	566588	1134509
L	2297	250	*	*	*	*	*	565712	*
H	2297	250	99.6	+	0	0	250M	564448	565712
L	12648	250	*	*	*	*	*	2421587	*
H	12648	250	99.6	+	0	0	250M	564448	2421587
L	4557	250	*	*	*	*	*	4459730	*
H	4557	250	99.6	+	0	0	250M	564448	4459730
L	18075	250	*	*	*	*	*	4394897	*
H	18075	250	98.8	+	0	0	250M	560943	4394897
L	17337	250	*	*	*	*	*	4360273	*
H	17337	250	98.0	+	0	0	250M	560943	4360273
L	13502	250	*	*	*	*	*	1140240	*
H	13502	250	98.4	+	0	0	250M	560943	1140240
L	10754	250	*	*	*	*	*	7521	*
H	10754	250	100.0	+	0	0	250M	559119	7521
L	30	250	*	*	*	*	*	1107772	*
H	30	250	96.8	+	0	0	124MD100MI25M	559119	1107772
L	12150	250	*	*	*	*	*	706818	*
H	12150	250	94.0	+	0	0	250M	559119	706818
L	8595	250	*	*	*	*	*	154176	*
H	8595	250	100.0	+	0	0	250M	559105	154176
L	10414	250	*	*	*	*	*	13688	*
H	10414	250	99.2	+	0	0	250M	559105	13688
L	18466	250	*	*	*	*	*	690594	*
H	18466	250	89.2	+	0	0	250M	559105	690594
L	18739	250	*	*	*	*	*	4428745	*
H	18739	250	98.4	+	0	0	250M	558287	4428745
L	3963	250	*	*	*	*	*	404763	*
H	3963	250	98.4	+	0	0	250M	558287	404763
L	14346	250	*	*	*	*	*	1125647	*
H	14346	250	98.4	+	0	0	250M	558287	1125647
L	8502	250	*	*	*	*	*	158284	*
H	8502	250	98.4	+	0	0	197MD18MD11MD21M3I	557633	158284
L	6428	250	*	*	*	*	*	255237	*
H	6428	250	98.0	+	0	0	197MD18MD11MD21M3I	557633	255237
L	2794	250	*	*	*	*	*	535932	*
H	2794	250	98.4	+	0	0	231MD18MI	557633	535932
L	13817	250	*	*	*	*	*	1129006	*
H	13817	250	99.6	+	0	0	250M	554012	1129006
L	18821	250	*	*	*	*	*	4432439	*
H	18821	250	96.0	+	0	0	250M	554012	4432439
L	17776	250	*	*	*	*	*	4380413	*
H	17776	250	96.0	+	0	0	250M	554012	4380413
L	1982	250	*	*	*	*	*	582872	*
H	1982	250	100.0	+	0	0	250M	550712	582872
L	2753	250	*	*	*	*	*	538954	*
H	2753	250	100.0	+	0	0	250M	550712	538954
L	2148	250	*	*	*	*	*	574504	*
H	2148	250	99.6	+	0	0	250M	550712	574504
L	9917	250	*	*	*	*	*	59553	*
H	9917	250	98.4	+	0	0	250M	543619	59553
L	5924	250	*	*	*	*	*	278455	*
H	5924	250	98.0	+	0	0	131MD118MI	543619	278455
L	10808	250	*	*	*	*	*	6024	*
H	10808	250	92.8	+	0	0	131MD118MI	543619	6024
L	9309	250	*	*	*	*	*	107650	*
H	9309	250	99.6	+	0	0	250M	541884	107650
L	14192	250	*	*	*	*	*	1131597	*
H	14192	250	98.0	+	0	0	250M	541884	1131597
L	10793	250	*	*	*	*	*	6368	*
H	10793	250	93.6	+	0	0	250M	541884	6368
L	18559	250	*	*	*	*	*	4419624	*
H	18559	250	97.6	+	0	0	250M	539407	4419624
L	13098	250	*	*	*	*	*	694346	*
H	13098	250	97.6	+	0	0	250M	539407	694346
L	10814	250	*	*	*	*	*	5696	*
H	10814	250	98.4	+	0	0	250M	539407	5696
L	8476	250	*	*	*	*	*	159036	*
H	8476	250	100.0	+	0	0	250M	536739	159036
L	1506	250	*	*	*	*	*	737888	*
H	1506	250	100.0	+	0	0	250M	536739	737888
L	15198	250	*	*	*	*	*	830475	*
H	15198	250	100.0	+	0	0	250M	536739	830475
L	15593	250	*	*	*	*	*	1131221	*
H	15593	250	100.0	+	0	0	250M	536238	1131221
L	8652	250	*	*	*	*	*	151294	*
H	8652	250	99.6	+	0	0	250M	536238	151294
L	6464	250	*	*	*	*	*	252239	*
H	6464	250	99.6	+	0	0	250M	536238	252239
L	382	250	*	*	*	*	*	1033284	*
H	382	250	100.0	+	0	0	250M	535280	1033284
L	19330	250	*	*	*	*	*	4457129	*
H	19330	250	99.6	+	0	0	250M	535280	4457129
L	4095	250	*	*	*	*	*	370056	*
H	4095	250	99.6	+	0	0	250M	535280	370056
H	14010	250	100.0	+	0	0	250M	534898	815182
H	4075	250	100.0	+	0	0	250M	534898	372473
H	15975	250	100.0	+	0	0	250M	534898	4297918
L	10810	250	*	*	*	*	*	5796	*
H	10810	250	100.0	+	0	0	250M	532163	5796
L	6467	250	*	*	*	*	*	252206	*
H	6467	250	100.0	+	0	0	250M	532163	252206
L	11866	250	*	*	*	*	*	2000709	*
H	11866	250	99.2	+	0	0	250M	532163	2000709
L	2640	250	*	*	*	*	*	546946	*
H	2640	250	100.0	+	0	0	250M	529445	546946
L	11981	250	*	*	*	*	*	832316	*
H	11981	250	99.2	+	0	0	250M	529445	832316
L	18174	250	*	*	*	*	*	4400244	*
H	18174	250	97.2	+	0	0	250M	529445	4400244
L	15562	250	*	*	*	*	*	851667	*
H	15562	250	94.0	+	0	0	250M	527042	851667
L	6476	250	*	*	*	*	*	251702	*
H	6476	250	93.6	+	0	0	250M	527042	251702
L	3184	250	*	*	*	*	*	523889	*
H	3184	250	88.0	+	0	0	250M	527042	523889
L	10565	250	*	*	*	*	*	10829	*
H	10565	250	100.0	+	0	0	250M	522244	10829
L	1380	250	*	*	*	*	*	802727	*
H	1380	250	97.2	+	0	0	250M	522244	802727
L	9649	250	*	*	*	*	*	87670	*
H	9649	250	96.0	+	0	0	250M	522244	87670
L	5442	250	*	*	*	*	*	302604	*
H	5442	250	98.0	+	0	0	94MI117MI37M2D	519416	302604
L	6726	250	*	*	*	*	*	236967	*
H	6726	250	98.0	+	0	0	94MI117MI37M2D	519416	236967
L	5604	250	*	*	*	*	*	296176	*
H	5604	250	98.0	+	0	0	94MI117MI37M2D	519416	296176
L	7064	250	*	*	*	*	*	202365	*
H	7064	250	98.0	+	0	0	250M	517456	202365
L	7074	250	*	*	*	*	*	200550	*
H	7074	250	97.6	+	0	0	250M	517456	200550
L	12495	250	*	*	*	*	*	1148212	*
H	12495	250	97.6	+	0	0	250M	517456	1148212
L	2826	250	*	*	*	*	*	533624	*
H	2826	250	99.6	+	0	0	250M	516319	533624
L	17354	250	*	*	*	*	*	4360942	*
H	17354	250	99.6	+	0	0	250M	516319	4360942
L	4861	250	*	*	*	*	*	338705	*
H	4861	250	99.2	+	0	0	98MI151MD	516319	338705
L	7466	250	*	*	*	*	*	189772	*
H	7466	250	97.6	+	0	0	250M	516103	189772
L	9967	250	*	*	*	*	*	52107	*
H	9967	250	97.6	+	0	0	250M	516103	52107
L	7853	250	*	*	*	*	*	180513	*
H	7853	250	97.6	+	0	0	250M	516103	180513
L	2104	250	*	*	*	*	*	576862	*
H	2104	250	98.8	+	0	0	250M	513513	576862
L	4547	250	*	*	*	*	*	355885	*
H	4547	250	96.8	+	0	0	28MI43MI15MI68MI92M4D	513513	355885
L	8360	250	*	*	*	*	*	164006	*
H	8360	250	94.4	+	0	0	250M	513513	164006
L	17832	250	*	*	*	*	*	4383129	*
H	17832	250	100.0	+	0	0	250M	512232	4383129
L	15443	250	*	*	*	*	*	4041567	*
H	15443	250	100.0	+	0	0	250M	512232	4041567
L	17731	250	*	*	*	*	*	4378331	*
H	17731	250	100.0	+	0	0	250M	512232	4378331
L	4412	250	*	*	*	*	*	360508	*
H	4412	250	99.6	+	0	0	250M	470759	360508
L	3733	250	*	*	*	*	*	470760	*
H	3733	250	99.6	+	0	0	250M	470759	470760
L	10766	250	*	*	*	*	*	7366	*
H	10766	250	99.2	+	0	0	250M	470759	7366
L	5290	250	*	*	*	*	*	311173	*
H	5290	250	100.0	+	0	0	250M	470505	311173
L	13352	250	*	*	*	*	*	1133229	*
H	13352	250	99.2	+	0	0	250M	470505	1133229
L	3737	250	*	*	*	*	*	470487	*
H	3737	250	98.8	+	0	0	250M	470505	470487
L	1145	250	*	*	*	*	*	851594	*
H	1145	250	98.0	+	0	0	250M	469663	851594
L	14961	250	*	*	*	*	*	3756908	*
H	14961	250	94.0	+	0	0	250M	469663	3756908
L	2939	250	*	*	*	*	*	530138	*
H	2939	250	92.8	+	0	0	250M	469663	530138
L	959	250	*	*	*	*	*	893253	*
H	959	250	99.2	+	0	0	250M	442251	893253
L	9015	250	*	*	*	*	*	136200	*
H	9015	250	99.2	+	0	0	250M	442251	136200
L	17000	250	*	*	*	*	*	4344241	*
H	17000	250	96.8	+	0	0	250M	442251	4344241
L	9425	250	*	*	*	*	*	103489	*
H	9425	250	100.0	+	0	0	250M	436523	103489
L	2160	250	*	*	*	*	*	573590	*
H	2160	250	100.0	+	0	0	250M	436523	573590
L	10386	250	*	*	*	*	*	13964	*
H	10386	250	98.8	+	0	0	250M	436523	13964
L	17253	250	*	*	*	*	*	4356719	*
H	17253	250	99.6	+	0	0	250M	422910	4356719
L	11552	250	*	*	*	*	*	1818342	*
H	11552	250	99.2	+	0	0	250M	422910	1818342
L	6083	250	*	*	*	*	*	270402	*
H	6083	250	99.2	+	0	0	250M	422910	270402
L	3876	250	*	*	*	*	*	430191	*
H	3876	250	97.2	+	0	0	87MI109MI12MI39M3D	416537	430191
L	10546	250	*	*	*	*	*	11254	*
H	10546	250	94.0	+	0	0	250M	416537	11254
L	9821	250	*	*	*	*	*	71368	*
H	9821	250	95.2	+	0	0	250M	416537	71368
L	136	250	*	*	*	*	*	1086845	*
H	136	250	99.2	+	0	0	250M	412726	1086845
L	809	250	*	*	*	*	*	926796	*
H	809	250	99.2	+	0	0	250M	412726	926796
L	4007	250	*	*	*	*	*	392028	*
H	4007	250	99.2	+	0	0	250M	412726	392028
L	4448	250	*	*	*	*	*	359579	*
H	4448	250	99.6	+	0	0	250M	368139	359579
L	10272	250	*	*	*	*	*	16076	*
H	10272	250	99.6	+	0	0	250M	368139	16076
L	4514	250	*	*	*	*	*	357724	*
H	4514	250	99.6	+	0	0	250M	368139	357724
L	9801	250	*	*	*	*	*	72211	*
H	9801	250	100.0	+	0	0	250M	367564	72211
L	16825	250	*	*	*	*	*	4335448	*
H	16825	250	100.0	+	0	0	250M	367564	4335448
L	9836	250	*	*	*	*	*	70580	*
H	9836	250	100.0	+	0	0	250M	367564	70580
L	2319	250	*	*	*	*	*	564329	*
H	2319	250	99.6	+	0	0	250M	367548	564329
L	2579	250	*	*	*	*	*	550175	*
H	2579	250	99.6	+	0	0	250M	367548	550175
L	2202	250	*	*	*	*	*	570500	*
H	2202	250	99.6	+	0	0	250M	367548	570500
L	3742	250	*	*	*	*	*	469852	*
H	3742	250	100.0	+	0	0	250M	365385	469852
L	10040	250	*	*	*	*	*	42998	*
H	10040	250	98.0	+	0	0	250M	365385	42998
L	15380	250	*	*	*	*	*	701877	*
H	15380	250	98.0	+	0	0	250M	365385	701877
L	15976	250	*	*	*	*	*	4297960	*
H	15976	250	100.0	+	0	0	250M	361337	4297960
L	13463	250	*	*	*	*	*	2904798	*
H	13463	250	99.2	+	0	0	250M	361337	2904798
L	768	250	*	*	*	*	*	936008	*
H	768	250	99.2	+	0	0	250M	361337	936008
L	1252	250	*	*	*	*	*	823360	*
H	1252	250	99.2	+	0	0	250M	356049	823360
L	10243	250	*	*	*	*	*	17513	*
H	10243	250	98.0	+	0	0	250M	356049	17513
L	9796	250	*	*	*	*	*	72465	*
H	9796	250	96.4	+	0	0	250M	356049	72465
L	5761	250	*	*	*	*	*	289954	*
H	5761	250	98.4	+	0	0	43MI25MI21MI158M3D	353078	289954
L	5610	250	*	*	*	*	*	295973	*
H	5610	250	98.4	+	0	0	43MI25MI21MI158M3D	353078	295973
L	12200	250	*	*	*	*	*	2176008	*
H	12200	250	98.0	+	0	0	43MI25MI21MI158M3D	353078	2176008
L	15255	250	*	*	*	*	*	1126009	*
H	15255	250	100.0	+	0	0	250M	352468	1126009
L	1143	250	*	*	*	*	*	851640	*
H	1143	250	98.4	+	0	0	250M	352468	851640
L	17581	250	*	*	*	*	*	4371644	*
H	17581	250	98.4	+	0	0	250M	352468	4371644
L	6043	250	*	*	*	*	*	272155	*
H	6043	250	100.0	+	0	0	250M	345899	272155
L	16479	250	*	*	*	*	*	4319784	*
H	16479	250	100.0	+	0	0	250M	345899	4319784
L	18374	250	*	*	*	*	*	4410567	*
H	18374	250	100.0	+	0	0	250M	345899	4410567
L	9906	250	*	*	*	*	*	61968	*
H	9906	250	100.0	+	0	0	250M	343270	61968
L	9692	250	*	*	*	*	*	82233	*
H	9692	250	99.6	+	0	0	250M	343270	82233
L	9280	250	*	*	*	*	*	108598	*
H	9280	250	98.8	+	0	0	250M	343270	108598
L	10704	250	*	*	*	*	*	8131	*
H	10704	250	98.8	+	0	0	250M	339609	8131
L	9995	250	*	*	*	*	*	49544	*
H	9995	250	98.8	+	0	0	250M	339609	49544
L	2659	250	*	*	*	*	*	544868	*
H	2659	250	98.8	+	0	0	250M	339609	544868
L	2108	250	*	*	*	*	*	576765	*
H	2108	250	100.0	+	0	0	250M	336616	576765
L	9252	250	*	*	*	*	*	109696	*
H	9252	250	99.2	+	0	0	250M	336616	109696
L	18309	250	*	*	*	*	*	4407376	*
H	18309	250	99.2	+	0	0	250M	336616	4407376
L	516	250	*	*	*	*	*	1000444	*
H	516	250	99.2	+	0	0	50MD199MI	321301	1000444
L	5363	250	*	*	*	*	*	307237	*
H	5363	250	98.0	+	0	0	50MD199MI	321301	307237
L	18873	250	*	*	*	*	*	4435130	*
H	18873	250	98.0	+	0	0	50MD199MI	321301	4435130
L	4878	250	*	*	*	*	*	337555	*
H	4878	250	96.8	+	0	0	250M	318473	337555
L	8546	250	*	*	*	*	*	157072	*
H	8546	250	96.8	+	0	0	250M	318473	157072
L	15495	250	*	*	*	*	*	4068655	*
H	15495	250	95.6	+	0	0	216MI33MD	318473	4068655
L	15216	250	*	*	*	*	*	804710	*
H	15216	250	99.6	+	0	0	250M	314128	804710
L	17642	250	*	*	*	*	*	4374291	*
H	17642	250	99.6	+	0	0	250M	314128	4374291
L	904	250	*	*	*	*	*	903886	*
H	904	250	99.2	+	0	0	250M	314128	903886
L	4843	250	*	*	*	*	*	339236	*
H	4843	250	100.0	+	0	0	250M	312133	339236
L	4841	250	*	*	*	*	*	339350	*
H	4841	250	100.0	+	0	0	250M	312133	339350
L	4625	250	*	*	*	*	*	351084	*
H	4625	250	100.0	+	0	0	250M	312133	351084
L	7296	250	*	*	*	*	*	194142	*
H	7296	250	100.0	+	0	0	250M	299518	194142
L	7294	250	*	*	*	*	*	194159	*
H	7294	250	100.0	+	0	0	250M	299518	194159
L	4390	250	*	*	*	*	*	361159	*
H	4390	250	100.0	+	0	0	250M	299518	361159
L	6363	250	*	*	*	*	*	258553	*
H	6363	250	98.0	+	0	0	250M	295454	258553
L	11000	250	*	*	*	*	*	1521670	*
H	11000	250	98.0	+	0	0	250M	295454	1521670
L	10561	250	*	*	*	*	*	10865	*
H	10561	250	80.0	+	0	0	250M	295454	10865
L	14448	250	*	*	*	*	*	714746	*
H	14448	250	99.6	+	0	0	250M	287811	714746
L	5455	250	*	*	*	*	*	302064	*
H	5455	250	98.4	+	0	0	119MI130MD	287811	302064
L	5561	250	*	*	*	*	*	297923	*
H	5561	250	98.8	+	0	0	112MI137MD	287811	297923
L	5892	250	*	*	*	*	*	282074	*
H	5892	250	98.8	+	0	0	250M	280943	282074
L	6429	250	*	*	*	*	*	255153	*
H	6429	250	90.8	+	0	0	250M	280943	255153
L	7368	250	*	*	*	*	*	192082	*
H	7368	250	89.6	+	0	0	250M	280943	192082
L	4687	250	*	*	*	*	*	347584	*
H	4687	250	100.0	+	0	0	250M	275689	347584
L	6051	250	*	*	*	*	*	271782	*
H	6051	250	99.6	+	0	0	250M	275689	271782
L	2744	250	*	*	*	*	*	539230	*
H	2744	250	99.6	+	0	0	250M	275689	539230
L	4157	250	*	*	*	*	*	368056	*
H	4157	250	100.0	+	0	0	250M	273630	368056
L	7043	250	*	*	*	*	*	204086	*
H	7043	250	100.0	+	0	0	250M	273630	204086
L	2805	250	*	*	*	*	*	535332	*
H	2805	250	100.0	+	0	0	250M	273630	535332
L	2621	250	*	*	*	*	*	548297	*
H	2621	250	100.0	+	0	0	250M	272058	548297
L	17937	250	*	*	*	*	*	4388029	*
H	17937	250	100.0	+	0	0	250M	272058	4388029
L	14423	250	*	*	*	*	*	1127998	*
H	14423	250	100.0	+	0	0	250M	272058	1127998
L	12675	250	*	*	*	*	*	1139233	*
H	12675	250	99.6	+	0	0	250M	271660	1139233
L	9402	250	*	*	*	*	*	104459	*
H	9402	250	99.6	+	0	0	250M	271660	104459
L	10531	250	*	*	*	*	*	11813	*
H	10531	250	98.0	+	0	0	250M	271660	11813
L	6113	250	*	*	*	*	*	268868	*
H	6113	250	98.4	+	0	0	250M	268463	268868
L	18730	250	*	*	*	*	*	4428218	*
H	18730	250	98.0	+	0	0	250M	268463	4428218
L	7479	250	*	*	*	*	*	189350	*
H	7479	250	97.2	+	0	0	250M	268463	189350
L	6355	250	*	*	*	*	*	258821	*
H	6355	250	100.0	+	0	0	250M	264416	258821
L	6070	250	*	*	*	*	*	270928	*
H	6070	250	100.0	+	0	0	250M	264416	270928
L	6120	250	*	*	*	*	*	268628	*
H	6120	250	100.0	+	0	0	250M	264416	268628
L	15003	250	*	*	*	*	*	721199	*
H	15003	250	99.2	+	0	0	250M	261920	721199
L	6966	250	*	*	*	*	*	212383	*
H	6966	250	99.2	+	0	0	250M	261920	212383
L	10129	250	*	*	*	*	*	31455	*
H	10129	250	98.8	+	0	0	250M	261920	31455
L	19411	250	*	*	*	*	*	4460985	*
H	19411	250	99.6	+	0	0	250M	260618	4460985
L	15978	250	*	*	*	*	*	4298110	*
H	15978	250	99.6	+	0	0	250M	260618	4298110
L	18243	250	*	*	*	*	*	4404057	*
H	18243	250	99.6	+	0	0	250M	260618	4404057
L	9526	250	*	*	*	*	*	99739	*
H	9526	250	99.2	+	0	0	250M	258742	99739
L	9535	250	*	*	*	*	*	99430	*
H	9535	250	99.2	+	0	0	250M	258742	99430
L	6306	250	*	*	*	*	*	260856	*
H	6306	250	98.8	+	0	0	250M	258742	260856
L	2675	250	*	*	*	*	*	543841	*
H	2675	250	100.0	+	0	0	250M	257746	543841
L	12687	250	*	*	*	*	*	1132216	*
H	12687	250	100.0	+	0	0	250M	257746	1132216
L	16061	250	*	*	*	*	*	4301769	*
H	16061	250	100.0	+	0	0	250M	257746	4301769
L	18052	250	*	*	*	*	*	4393352	*
H	18052	250	99.6	+	0	0	250M	257615	4393352
L	15850	250	*	*	*	*	*	4270835	*
H	15850	250	99.2	+	0	0	250M	257615	4270835
L	13848	250	*	*	*	*	*	3141608	*
H	13848	250	98.4	+	0	0	250M	257615	3141608
L	18869	250	*	*	*	*	*	4434920	*
H	18869	250	98.0	+	0	0	250M	255639	4434920
L	17160	250	*	*	*	*	*	4352139	*
H	17160	250	97.6	+	0	0	250M	255639	4352139
L	7927	250	*	*	*	*	*	178521	*
H	7927	250	97.2	+	0	0	250M	255639	178521
L	9075	250	*	*	*	*	*	130864	*
H	9075	250	100.0	+	0	0	250M	253954	130864
L	13815	250	*	*	*	*	*	851925	*
H	13815	250	100.0	+	0	0	250M	253954	851925
L	9043	250	*	*	*	*	*	134019	*
H	9043	250	100.0	+	0	0	250M	253954	134019
L	16638	250	*	*	*	*	*	4326488	*
H	16638	250	100.0	+	0	0	250M	250201	4326488
L	6555	250	*	*	*	*	*	246692	*
H	6555	250	100.0	+	0	0	250M	250201	246692
L	11045	250	*	*	*	*	*	1546669	*
H	11045	250	100.0	+	0	0	250M	250201	1546669
L	6117	250	*	*	*	*	*	268667	*
H	6117	250	100.0	+	0	0	250M	250136	268667
L	10812	250	*	*	*	*	*	5704	*
H	10812	250	99.2	+	0	0	250M	250136	5704
L	4436	250	*	*	*	*	*	359953	*
H	4436	250	99.2	+	0	0	250M	250136	359953
L	6629	250	*	*	*	*	*	241638	*
H	6629	250	100.0	+	0	0	250M	248847	241638
L	16316	250	*	*	*	*	*	4312433	*
H	16316	250	100.0	+	0	0	250M	248847	4312433
L	1508	250	*	*	*	*	*	737001	*
H	1508	250	100.0	+	0	0	250M	248847	737001
L	6549	250	*	*	*	*	*	246912	*
H	6549	250	99.6	+	0	0	250M	248740	246912
L	9557	250	*	*	*	*	*	97778	*
H	9557	250	99.6	+	0	0	250M	248740	97778
L	16188	250	*	*	*	*	*	4306829	*
H	16188	250	98.8	+	0	0	250M	248740	4306829
L	5859	250	*	*	*	*	*	284672	*
H	5859	250	94.4	+	0	0	250M	247460	284672
L	19325	250	*	*	*	*	*	4456892	*
H	19325	250	94.4	+	0	0	250M	247460	4456892
L	13657	250	*	*	*	*	*	3028373	*
H	13657	250	94.4	+	0	0	250M	247460	3028373
H	2744	250	100.0	+	0	0	250M	246206	539230
H	4687	250	99.6	+	0	0	250M	246206	347584
L	16396	250	*	*	*	*	*	4316452	*
H	16396	250	99.2	+	0	0	250M	246206	4316452
L	8469	250	*	*	*	*	*	159712	*
H	8469	250	99.6	+	0	0	250M	244795	159712
L	4571	250	*	*	*	*	*	354303	*
H	4571	250	99.6	+	0	0	250M	244795	354303
L	10082	250	*	*	*	*	*	38918	*
H	10082	250	99.6	+	0	0	250M	244795	38918
L	12	250	*	*	*	*	*	1110871	*
H	12	250	99.6	+	0	0	250M	240999	1110871
L	2516	250	*	*	*	*	*	553257	*
H	2516	250	99.6	+	0	0	250M	240999	553257
L	1813	250	*	*	*	*	*	592414	*
H	1813	250	99.6	+	0	0	250M	240999	592414
L	19832	250	*	*	*	*	*	4479549	*
H	19832	250	99.6	+	0	0	250M	240253	4479549
L	18597	250	*	*	*	*	*	4422394	*
H	18597	250	99.2	+	0	0	250M	240253	4422394
L	2591	250	*	*	*	*	*	549645	*
H	2591	250	99.2	+	0	0	250M	240253	549645
L	8869	250	*	*	*	*	*	141824	*
H	8869	250	96.8	+	0	0	205M2I19MD9MI8MD6MD	238730	141824
L	10806	250	*	*	*	*	*	6204	*
H	10806	250	96.4	+	0	0	205M2I19MD9MI8MD6MD	238730	6204
L	14439	250	*	*	*	*	*	774213	*
H	14439	250	96.4	+	0	0	205M2I19MD9MI8MD6MD	238730	774213
L	12497	250	*	*	*	*	*	2332707	*
H	12497	250	98.8	+	0	0	250M	222720	2332707
L	1628	250	*	*	*	*	*	680934	*
H	1628	250	98.8	+	0	0	250M	222720	680934
L	8373	250	*	*	*	*	*	163538	*
H	8373	250	98.0	+	0	0	250M	222720	163538
L	10902	250	*	*	*	*	*	3306	*
H	10902	250	100.0	+	0	0	250M	219119	3306
L	8836	250	*	*	*	*	*	142996	*
H	8836	250	85.6	+	0	0	250M	219119	142996
L	10903	250	*	*	*	*	*	3288	*
H	10903	250	88.0	+	0	0	250M	219119	3288
L	9617	250	*	*	*	*	*	90431	*
H	9617	250	100.0	+	0	0	250M	205916	90431
L	12336	250	*	*	*	*	*	2250345	*
H	12336	250	100.0	+	0	0	250M	205916	2250345
L	9347	250	*	*	*	*	*	106574	*
H	9347	250	99.2	+	0	0	250M	205916	106574
L	7906	250	*	*	*	*	*	179099	*
H	7906	250	100.0	+	0	0	250M	204130	179099
L	7101	250	*	*	*	*	*	199229	*
H	7101	250	100.0	+	0	0	250M	204130	199229
L	18674	250	*	*	*	*	*	4425789	*
H	18674	250	100.0	+	0	0	250M	204130	4425789
L	11743	250	*	*	*	*	*	1925093	*
H	11743	250	100.0	+	0	0	250M	200634	1925093
L	12356	250	*	*	*	*	*	1015210	*
H	12356	250	98.4	+	0	0	113MI136MD	200634	1015210
L	1074	250	*	*	*	*	*	866280	*
H	1074	250	98.4	+	0	0	113MI136MD	200634	866280
L	4663	250	*	*	*	*	*	348797	*
H	4663	250	98.8	+	0	0	54MI18MI27MI148M3D	199880	348797
L	11470	250	*	*	*	*	*	1002608	*
H	11470	250	98.8	+	0	0	54MI18MI27MI117M3D31M	199880	1002608
L	2018	250	*	*	*	*	*	581361	*
H	2018	250	96.4	+	0	0	72MI26MI150M2D	199880	581361
L	14227	250	*	*	*	*	*	830603	*
H	14227	250	99.2	+	0	0	I68MD181M	199726	830603
L	14691	250	*	*	*	*	*	3607912	*
H	14691	250	99.2	+	0	0	I68MD181M	199726	3607912
L	5090	250	*	*	*	*	*	323545	*
H	5090	250	98.8	+	0	0	I68MD181M	199726	323545
L	4694	250	*	*	*	*	*	347453	*
H	4694	250	100.0	+	0	0	250M	196781	347453
L	7662	250	*	*	*	*	*	185242	*
H	7662	250	100.0	+	0	0	250M	196781	185242
L	7365	250	*	*	*	*	*	192111	*
H	7365	250	100.0	+	0	0	250M	196781	192111
L	14883	250	*	*	*	*	*	1121530	*
H	14883	250	100.0	+	0	0	250M	192680	1121530
L	7938	250	*	*	*	*	*	178213	*
H	7938	250	100.0	+	0	0	250M	192680	178213
L	19453	250	*	*	*	*	*	4463108	*
H	19453	250	100.0	+	0	0	250M	192680	4463108
L	19523	250	*	*	*	*	*	4466132	*
H	19523	250	100.0	+	0	0	250M	190753	4466132
L	9578	250	*	*	*	*	*	93822	*
H	9578	250	100.0	+	0	0	250M	190753	93822
L	5038	250	*	*	*	*	*	326700	*
H	5038	250	99.6	+	0	0	169MI80MD	190753	326700
L	9503	250	*	*	*	*	*	100727	*
H	9503	250	99.2	+	0	0	250M	186184	100727
L	7111	250	*	*	*	*	*	198870	*
H	7111	250	99.2	+	0	0	250M	186184	198870
L	8584	250	*	*	*	*	*	154756	*
H	8584	250	99.2	+	0	0	250M	186184	154756
L	18647	250	*	*	*	*	*	4424397	*
H	18647	250	97.2	+	0	0	250M	177599	4424397
L	7607	250	*	*	*	*	*	186275	*
H	7607	250	97.2	+	0	0	250M	177599	186275
L	10278	250	*	*	*	*	*	16049	*
H	10278	250	96.8	+	0	0	76MD173MI	177599	16049
H	2675	250	98.8	+	0	0	36MD48MD145MD18M3I	174666	543841
L	16340	250	*	*	*	*	*	4313683	*
H	16340	250	98.8	+	0	0	36MD48MD145MD18M3I	174666	4313683
L	6390	250	*	*	*	*	*	257051	*
H	6390	250	98.8	+	0	0	36MD48MD145MD18M3I	174666	257051
L	10017	250	*	*	*	*	*	46716	*
H	10017	250	99.6	+	0	0	25MD224MI	167131	46716
L	10379	250	*	*	*	*	*	14202	*
H	10379	250	99.6	+	0	0	218MD31MI	167131	14202
L	10378	250	*	*	*	*	*	14205	*
H	10378	250	99.2	+	0	0	250M	167131	14205
H	8545	250	100.0	+	0	0	250M	166493	157163
H	18443	250	100.0	+	0	0	250M	166493	4414015
H	12418	250	100.0	+	0	0	250M	166493	1138108
L	8629	250	*	*	*	*	*	152491	*
H	8629	250	98.8	+	0	0	250M	165131	152491
L	8201	250	*	*	*	*	*	170244	*
H	8201	250	98.8	+	0	0	250M	165131	170244
L	9287	250	*	*	*	*	*	108384	*
H	9287	250	98.8	+	0	0	250M	165131	108384
L	10701	250	*	*	*	*	*	8185	*
H	10701	250	100.0	+	0	0	250M	164443	8185
L	1934	250	*	*	*	*	*	585495	*
H	1934	250	99.6	+	0	0	250M	164443	585495
L	15642	250	*	*	*	*	*	4154525	*
H	15642	250	99.2	+	0	0	250M	164443	4154525
L	8385	250	*	*	*	*	*	163130	*
H	8385	250	98.8	+	0	0	162MD17MD69M2I	162067	163130
L	17759	250	*	*	*	*	*	4379524	*
H	17759	250	97.2	+	0	0	85MI44MI12MI106M3D	162067	4379524
L	15097	250	*	*	*	*	*	3840972	*
H	15097	250	96.8	+	0	0	160MD19MD69M2I	162067	3840972
L	2106	250	*	*	*	*	*	576819	*
H	2106	250	100.0	+	0	0	250M	160627	576819
L	10620	250	*	*	*	*	*	9563	*
H	10620	250	99.6	+	0	0	250M	160627	9563
L	9673	250	*	*	*	*	*	84636	*
H	9673	250	99.6	+	0	0	229MD20MI	160627	84636
L	4960	250	*	*	*	*	*	331789	*
H	4960	250	100.0	+	0	0	250M	159299	331789
L	14328	250	*	*	*	*	*	664205	*
H	14328	250	100.0	+	0	0	250M	159299	664205
L	10334	250	*	*	*	*	*	14601	*
H	10334	250	100.0	+	0	0	250M	159299	14601
L	17428	250	*	*	*	*	*	4364883	*
H	17428	250	98.4	+	0	0	250M	156459	4364883
L	17973	250	*	*	*	*	*	4389347	*
H	17973	250	98.4	+	0	0	250M	156459	4389347
L	2651	250	*	*	*	*	*	545850	*
H	2651	250	98.4	+	0	0	250M	156459	545850
L	15267	250	*	*	*	*	*	3942007	*
H	15267	250	99.2	+	0	0	118MD131MI	149022	3942007
L	1486	250	*	*	*	*	*	747680	*
H	1486	250	99.2	+	0	0	118MD131MI	149022	747680
L	6738	250	*	*	*	*	*	235891	*
H	6738	250	98.8	+	0	0	118MD131MI	149022	235891
L	8473	250	*	*	*	*	*	159600	*
H	8473	250	99.6	+	0	0	219MI30MD	148835	159600
L	8474	250	*	*	*	*	*	159547	*
H	8474	250	99.6	+	0	0	219MI30MD	148835	159547
L	14174	250	*	*	*	*	*	3314057	*
H	14174	250	99.6	+	0	0	219MI30MD	148835	3314057
L	8596	250	*	*	*	*	*	154174	*
H	8596	250	100.0	+	0	0	250M	148528	154174
L	2559	250	*	*	*	*	*	551182	*
H	2559	250	100.0	+	0	0	250M	148528	551182
L	18475	250	*	*	*	*	*	4415058	*
H	18475	250	100.0	+	0	0	250M	148528	4415058
L	8019	250	*	*	*	*	*	175954	*
H	8019	250	100.0	+	0	0	250M	145056	175954
L	14278	250	*	*	*	*	*	1115352	*
H	14278	250	99.6	+	0	0	250M	145056	1115352
L	13926	250	*	*	*	*	*	1123142	*
H	13926	250	99.2	+	0	0	250M	145056	1123142
L	8894	250	*	*	*	*	*	141175	*
H	8894	250	99.6	+	0	0	250M	144207	141175
L	8846	250	*	*	*	*	*	142624	*
H	8846	250	99.6	+	0	0	250M	144207	142624
L	11014	250	*	*	*	*	*	1526802	*
H	11014	250	99.6	+	0	0	250M	144207	1526802
L	14287	250	*	*	*	*	*	3377974	*
H	14287	250	96.4	+	0	0	14MI189MD46M	140965	3377974
L	11709	250	*	*	*	*	*	1910632	*
H	11709	250	96.4	+	0	0	14MI189MD46M	140965	1910632
L	6612	250	*	*	*	*	*	242978	*
H	6612	250	96.4	+	0	0	14MI189MD46M	140965	242978
L	1885	250	*	*	*	*	*	588030	*
H	1885	250	100.0	+	0	0	250M	140042	588030
L	13625	250	*	*	*	*	*	1072784	*
H	13625	250	99.6	+	0	0	250M	140042	1072784
L	10485	250	*	*	*	*	*	12269	*
H	10485	250	99.6	+	0	0	250M	140042	12269
L	10907	250	*	*	*	*	*	3095	*
H	10907	250	100.0	+	0	0	250M	139853	3095
L	17141	250	*	*	*	*	*	4351033	*
H	17141	250	100.0	+	0	0	250M	139853	4351033
L	2721	250	*	*	*	*	*	540733	*
H	2721	250	98.8	+	0	0	250M	139853	540733
H	2018	250	100.0	+	0	0	250M	136508	581361
H	4663	250	96.4	+	0	0	54MI195MD	136508	348797
H	11470	250	95.6	+	0	0	54MI161M3D32M2I	136508	1002608
L	9065	250	*	*	*	*	*	132022	*
H	9065	250	100.0	+	0	0	250M	134259	132022
L	11873	250	*	*	*	*	*	1137294	*
H	11873	250	100.0	+	0	0	250M	134259	1137294
L	17875	250	*	*	*	*	*	4385528	*
H	17875	250	100.0	+	0	0	250M	134259	4385528
L	1413	250	*	*	*	*	*	783511	*
H	1413	250	99.2	+	0	0	250M	131660	783511
L	7541	250	*	*	*	*	*	187708	*
H	7541	250	99.2	+	0	0	250M	131660	187708
L	17052	250	*	*	*	*	*	4347381	*
H	17052	250	99.2	+	0	0	250M	131660	4347381
L	9351	250	*	*	*	*	*	106422	*
H	9351	250	97.6	+	0	0	250M	131456	106422
L	2444	250	*	*	*	*	*	557513	*
H	2444	250	98.0	+	0	0	250M	131456	557513
L	14244	250	*	*	*	*	*	647165	*
H	14244	250	98.0	+	0	0	250M	131456	647165
L	14965	250	*	*	*	*	*	1142026	*
H	14965	250	99.2	+	0	0	250M	130529	1142026
L	9067	250	*	*	*	*	*	131883	*
H	9067	250	97.6	+	0	0	250M	130529	131883
L	9913	250	*	*	*	*	*	60017	*
H	9913	250	97.2	+	0	0	136MI113MD	130529	60017
L	10785	250	*	*	*	*	*	6864	*
H	10785	250	100.0	+	0	0	250M	119663	6864
L	14742	250	*	*	*	*	*	3634180	*
H	14742	250	100.0	+	0	0	250M	119663	3634180
L	11580	250	*	*	*	*	*	1047812	*
H	11580	250	100.0	+	0	0	250M	119663	1047812
L	9942	250	*	*	*	*	*	57551	*
H	9942	250	98.4	+	0	0	174MD75MI	111022	57551
L	9230	250	*	*	*	*	*	110923	*
H	9230	250	97.2	+	0	0	32MI78MI64MD32MI41M2D	111022	110923
L	13783	250	*	*	*	*	*	660055	*
H	13783	250	86.4	+	0	0	174MD75MI	111022	660055
L	16267	250	*	*	*	*	*	4310109	*
H	16267	250	97.2	+	0	0	250M	109112	4310109
L	10557	250	*	*	*	*	*	10952	*
H	10557	250	97.2	+	0	0	250M	109112	10952
L	9575	250	*	*	*	*	*	94130	*
H	9575	250	97.2	+	0	0	250M	109112	94130
L	12476	250	*	*	*	*	*	2323585	*
H	12476	250	98.0	+	0	0	250M	105998	2323585
L	10374	250	*	*	*	*	*	14228	*
H	10374	250	97.6	+	0	0	250M	105998	14228
L	6603	250	*	*	*	*	*	243476	*
H	6603	250	97.6	+	0	0	250M	105998	243476
L	8105	250	*	*	*	*	*	173845	*
H	8105	250	98.8	+	0	0	250M	105927	173845
L	1639	250	*	*	*	*	*	672906	*
H	1639	250	98.8	+	0	0	250M	105927	672906
L	12594	250	*	*	*	*	*	2394321	*
H	12594	250	98.8	+	0	0	250M	105927	2394321
L	1377	250	*	*	*	*	*	804867	*
H	1377	250	98.8	+	0	0	250M	105653	804867
L	11515	250	*	*	*	*	*	1801172	*
H	11515	250	97.6	+	0	0	250M	105653	1801172
L	9295	250	*	*	*	*	*	108008	*
H	9295	250	96.0	+	0	0	250M	105653	108008
L	9463	250	*	*	*	*	*	102149	*
H	9463	250	100.0	+	0	0	250M	102001	102149
L	1999	250	*	*	*	*	*	582314	*
H	1999	250	100.0	+	0	0	250M	102001	582314
L	5185	250	*	*	*	*	*	317124	*
H	5185	250	97.6	+	0	0	250M	102001	317124
L	9353	250	*	*	*	*	*	106358	*
H	9353	250	90.0	+	0	0	106MI40MI10MI7MI12MI70M5D	101495	106358
L	9361	250	*	*	*	*	*	106044	*
H	9361	250	84.0	+	0	0	163M8I32MD47M7D	101495	106044
H	2356	250	88.0	+	0	0	106MI40MI10MI7MI12MI35MI34M6D	101495	562500
L	9380	250	*	*	*	*	*	105508	*
H	9380	250	98.4	+	0	0	250M	101068	105508
L	9500	250	*	*	*	*	*	100775	*
H	9500	250	97.2	+	0	0	250M	101068	100775
L	9356	250	*	*	*	*	*	106270	*
H	9356	250	97.6	+	0	0	250M	101068	106270
H	14010	250	100.0	+	0	0	250M	100650	815182
H	4075	250	100.0	+	0	0	250M	100650	372473
H	15975	250	100.0	+	0	0	250M	100650	4297918
L	7534	250	*	*	*	*	*	187997	*
H	7534	250	99.2	+	0	0	250M	97840	187997
L	9993	250	*	*	*	*	*	49604	*
H	9993	250	86.4	+	0	0	167MI82MD	97840	49604
L	15028	250	*	*	*	*	*	1134701	*
H	15028	250	88.4	+	0	0	149MD100MI	97840	1134701
L	10553	250	*	*	*	*	*	11120	*
H	10553	250	99.2	+	0	0	250M	94941	11120
L	10552	250	*	*	*	*	*	11121	*
H	10552	250	97.2	+	0	0	250M	94941	11121
L	9573	250	*	*	*	*	*	94413	*
H	9573	250	96.8	+	0	0	250M	94941	94413
L	9188	250	*	*	*	*	*	112989	*
H	9188	250	99.6	+	0	0	250M	92479	112989
L	1647	250	*	*	*	*	*	668105	*
H	1647	250	97.6	+	0	0	250M	92479	668105
L	6949	250	*	*	*	*	*	214827	*
H	6949	250	97.6	+	0	0	250M	92479	214827
L	10645	250	*	*	*	*	*	9458	*
H	10645	250	99.6	+	0	0	250M	91205	9458
L	2658	250	*	*	*	*	*	544881	*
H	2658	250	100.0	+	0	0	250M	91205	544881
L	9357	250	*	*	*	*	*	106188	*
H	9357	250	100.0	+	0	0	250M	91205	106188
L	14939	250	*	*	*	*	*	727220	*
H	14939	250	100.0	+	0	0	250M	89370	727220
L	6855	250	*	*	*	*	*	223469	*
H	6855	250	100.0	+	0	0	250M	89370	223469
L	16444	250	*	*	*	*	*	4318644	*
H	16444	250	100.0	+	0	0	250M	89370	4318644
L	15401	250	*	*	*	*	*	4020387	*
H	15401	250	98.4	+	0	0	250M	89356	4020387
L	6534	250	*	*	*	*	*	247626	*
H	6534	250	96.4	+	0	0	202M3D45M3I	89356	247626
L	9368	250	*	*	*	*	*	105762	*
H	9368	250	96.4	+	0	0	250M	87995	105762
L	9475	250	*	*	*	*	*	101788	*
H	9475	250	96.4	+	0	0	250M	87995	101788
L	11594	250	*	*	*	*	*	1835919	*
H	11594	250	96.0	+	0	0	250M	87995	1835919
L	1559	250	*	*	*	*	*	709971	*
H	1559	250	100.0	+	0	0	250M	87984	709971
L	14983	250	*	*	*	*	*	1144357	*
H	14983	250	100.0	+	0	0	250M	87984	1144357
L	19055	250	*	*	*	*	*	4443912	*
H	19055	250	99.6	+	0	0	250M	87984	4443912
L	4762	250	*	*	*	*	*	343239	*
H	4762	250	100.0	+	0	0	250M	84438	343239
L	2151	250	*	*	*	*	*	574463	*
H	2151	250	100.0	+	0	0	250M	84438	574463
L	1345	250	*	*	*	*	*	810448	*
H	1345	250	100.0	+	0	0	250M	84438	810448
L	2096	250	*	*	*	*	*	577151	*
H	2096	250	94.0	+	0	0	95MI100MI26MI9MI16M4D	81160	577151
L	2100	250	*	*	*	*	*	576975	*
H	2100	250	94.0	+	0	0	95MI100MI26MI9MI16M4D	81160	576975
L	12791	250	*	*	*	*	*	2500063	*
H	12791	250	94.0	+	0	0	95MI100MI26MI9MI16M4D	81160	2500063
L	9706	250	*	*	*	*	*	81422	*
H	9706	250	99.6	+	0	0	250M	81099	81422
L	9707	250	*	*	*	*	*	81397	*
H	9707	250	99.6	+	0	0	250M	81099	81397
L	17964	250	*	*	*	*	*	4388952	*
H	17964	250	99.6	+	0	0	250M	81099	4388952
L	9045	250	*	*	*	*	*	133795	*
H	9045	250	97.6	+	0	0	61M2I187M2D	81060	133795
L	10533	250	*	*	*	*	*	11801	*
H	10533	250	97.6	+	0	0	61M2I187M2D	81060	11801
H	11873	250	97.6	+	0	0	61M2I187M2D	81060	1137294
L	7396	250	*	*	*	*	*	191359	*
H	7396	250	99.6	+	0	0	126MI123MD	79015	191359
L	9256	250	*	*	*	*	*	109588	*
H	9256	250	99.6	+	0	0	250M	79015	109588
L	8364	250	*	*	*	*	*	163834	*
H	8364	250	99.6	+	0	0	250M	79015	163834
L	17314	250	*	*	*	*	*	4359296	*
H	17314	250	100.0	+	0	0	250M	77501	4359296
L	11746	250	*	*	*	*	*	1144734	*
H	11746	250	100.0	+	0	0	250M	77501	1144734
L	2407	250	*	*	*	*	*	559607	*
H	2407	250	100.0	+	0	0	250M	77501	559607
L	1249	250	*	*	*	*	*	823745	*
H	1249	250	99.2	+	0	0	250M	74465	823745
L	10631	250	*	*	*	*	*	9516	*
H	10631	250	98.4	+	0	0	250M	74465	9516
L	14110	250	*	*	*	*	*	1086010	*
H	14110	250	98.8	+	0	0	250M	74465	1086010
L	10471	250	*	*	*	*	*	12491	*
H	10471	250	100.0	+	0	0	250M	72222	12491
L	19163	250	*	*	*	*	*	4449279	*
H	19163	250	99.6	+	0	0	250M	72222	4449279
L	13884	250	*	*	*	*	*	1124745	*
H	13884	250	99.6	+	0	0	250M	72222	1124745
L	3898	250	*	*	*	*	*	422136	*
H	3898	250	99.2	+	0	0	250M	72112	422136
L	10936	250	*	*	*	*	*	2218	*
H	10936	250	99.2	+	0	0	250M	72112	2218
L	17414	250	*	*	*	*	*	4364049	*
H	17414	250	99.2	+	0	0	250M	72112	4364049
L	11335	250	*	*	*	*	*	1136234	*
H	11335	250	99.2	+	0	0	250M	67341	1136234
L	12184	250	*	*	*	*	*	2169746	*
H	12184	250	98.4	+	0	0	250M	67341	2169746
L	13847	250	*	*	*	*	*	805823	*
H	13847	250	98.4	+	0	0	250M	67341	805823
L	1793	250	*	*	*	*	*	593171	*
H	1793	250	99.2	+	0	0	250M	66229	593171
L	12490	250	*	*	*	*	*	1138442	*
H	12490	250	99.2	+	0	0	250M	66229	1138442
L	9376	250	*	*	*	*	*	105690	*
H	9376	250	98.8	+	0	0	250M	66229	105690
L	3549	250	*	*	*	*	*	514200	*
H	3549	250	99.6	+	0	0	250M	62513	514200
L	5970	250	*	*	*	*	*	275687	*
H	5970	250	93.2	+	0	0	250M	62513	275687
L	8049	250	*	*	*	*	*	175159	*
H	8049	250	93.2	+	0	0	250M	62513	175159
L	18283	250	*	*	*	*	*	4406407	*
H	18283	250	94.0	+	0	0	250M	58647	4406407
L	9928	250	*	*	*	*	*	58617	*
H	9928	250	92.0	+	0	0	250M	58647	58617
L	14158	250	*	*	*	*	*	1141031	*
H	14158	250	90.8	+	0	0	250M	58647	1141031
H	9065	250	100.0	+	0	0	250M	52818	132022
H	11873	250	100.0	+	0	0	250M	52818	1137294
H	17875	250	100.0	+	0	0	250M	52818	4385528
L	10011	250	*	*	*	*	*	47556	*
H	10011	250	96.8	+	0	0	250M	49918	47556
L	3736	250	*	*	*	*	*	470510	*
H	3736	250	96.0	+	0	0	250M	49918	470510
H	5290	250	95.2	+	0	0	250M	49918	311173
L	10234	250	*	*	*	*	*	19369	*
H	10234	250	100.0	+	0	0	250M	45962	19369
L	1976	250	*	*	*	*	*	583187	*
H	1976	250	99.6	+	0	0	250M	45962	583187
L	1560	250	*	*	*	*	*	709804	*
H	1560	250	97.2	+	0	0	250M	45962	709804
L	16118	250	*	*	*	*	*	4304334	*
H	16118	250	100.0	+	0	0	250M	42664	4304334
L	10034	250	*	*	*	*	*	43696	*
H	10034	250	99.6	+	0	0	250M	42664	43696
L	16173	250	*	*	*	*	*	4306207	*
H	16173	250	99.6	+	0	0	250M	42664	4306207
L	10680	250	*	*	*	*	*	8842	*
H	10680	250	99.6	+	0	0	10MD239MI	36120	8842
L	9037	250	*	*	*	*	*	134370	*
H	9037	250	99.6	+	0	0	10MD239MI	36120	134370
L	13113	250	*	*	*	*	*	807615	*
H	13113	250	99.2	+	0	0	10MD239MI	36120	807615
L	7494	250	*	*	*	*	*	189028	*
H	7494	250	97.6	+	0	0	250M	34894	189028
H	10903	250	96.8	+	0	0	250M	34894	3288
L	1004	250	*	*	*	*	*	880627	*
H	1004	250	96.0	+	0	0	250M	34894	880627
L	3569	250	*	*	*	*	*	513653	*
H	3569	250	99.6	+	0	0	108MD141MI	33905	513653
L	159	250	*	*	*	*	*	1082059	*
H	159	250	99.6	+	0	0	108MD141MI	33905	1082059
L	2498	250	*	*	*	*	*	554364	*
H	2498	250	99.6	+	0	0	108MD141MI	33905	554364
L	13008	250	*	*	*	*	*	1129821	*
H	13008	250	100.0	+	0	0	250M	30376	1129821
L	10432	250	*	*	*	*	*	12966	*
H	10432	250	100.0	+	0	0	250M	30376	12966
L	6259	250	*	*	*	*	*	262578	*
H	6259	250	100.0	+	0	0	250M	30376	262578
L	14696	250	*	*	*	*	*	826666	*
H	14696	250	99.2	+	0	0	10MI157M2D81MI	29133	826666
L	17538	250	*	*	*	*	*	4369464	*
H	17538	250	99.2	+	0	0	11MI156M2D81MI	29133	4369464
L	6909	250	*	*	*	*	*	218446	*
H	6909	250	99.2	+	0	0	10MI157M2D81MI	29133	218446
L	9757	250	*	*	*	*	*	74862	*
H	9757	250	98.8	+	0	0	250M	21822	74862
L	7968	250	*	*	*	*	*	177504	*
H	7968	250	97.6	+	0	0	250M	21822	177504
L	793	250	*	*	*	*	*	929836	*
H	793	250	96.8	+	0	0	67MI182MD	21822	929836
L	9587	250	*	*	*	*	*	93306	*
H	9587	250	99.6	+	0	0	250M	18681	93306
L	8330	250	*	*	*	*	*	164881	*
H	8330	250	99.6	+	0	0	250M	18681	164881
L	10199	250	*	*	*	*	*	24089	*
H	10199	250	99.6	+	0	0	250M	18681	24089
L	4786	250	*	*	*	*	*	342373	*
H	4786	250	100.0	+	0	0	250M	17434	342373
L	1576	250	*	*	*	*	*	701593	*
H	1576	250	100.0	+	0	0	250M	17434	701593
L	6759	250	*	*	*	*	*	234292	*
H	6759	250	100.0	+	0	0	250M	17434	234292
L	10284	250	*	*	*	*	*	16012	*
H	10284	250	100.0	+	0	0	250M	16013	16012
L	10285	250	*	*	*	*	*	16011	*
H	10285	250	98.4	+	0	0	250M	16013	16011
L	6465	250	*	*	*	*	*	252234	*
H	6465	250	92.4	+	0	0	250M	16013	252234
L	2033	250	*	*	*	*	*	580117	*
H	2033	250	94.4	+	0	0	10MD56MI112MD30MD39M2I	15878	580117
L	4886	250	*	*	*	*	*	336960	*
H	4886	250	82.4	+	0	0	10MD53MI113MD29M2D41M3I	15878	336960
L	9864	250	*	*	*	*	*	67615	*
H	9864	250	82.0	+	0	0	10MD53MI113MD29M2D41M3I	15878	67615
L	12038	250	*	*	*	*	*	851661	*
H	12038	250	99.6	+	0	0	250M	15712	851661
L	17755	250	*	*	*	*	*	4379449	*
H	17755	250	98.8	+	0	0	250M	15712	4379449
L	10026	250	*	*	*	*	*	45363	*
H	10026	250	98.4	+	0	0	250M	15712	45363
H	17755	250	99.6	+	0	0	250M	15711	4379449
H	10026	250	99.2	+	0	0	250M	15711	45363
H	12038	250	98.8	+	0	0	250M	15711	851661
L	10291	250	*	*	*	*	*	15691	*
H	10291	250	99.6	+	0	0	250M	15692	15691
L	15411	250	*	*	*	*	*	605209	*
H	15411	250	97.6	+	0	0	250M	15692	605209
L	9286	250	*	*	*	*	*	108386	*
H	9286	250	98.0	+	0	0	250M	15692	108386
L	17849	250	*	*	*	*	*	4383957	*
H	17849	250	99.2	+	0	0	72MD127MI13MI36MD	15261	4383957
L	2279	250	*	*	*	*	*	566585	*
H	2279	250	99.2	+	0	0	72MD127MI15MI34MD	15261	566585
L	6718	250	*	*	*	*	*	237354	*
H	6718	250	99.2	+	0	0	72MD127MI15MI34MD	15261	237354
L	10320	250	*	*	*	*	*	14982	*
H	10320	250	99.2	+	0	0	250M	14976	14982
L	10322	250	*	*	*	*	*	14977	*
H	10322	250	99.2	+	0	0	250M	14976	14977
L	4862	250	*	*	*	*	*	338669	*
H	4862	250	97.6	+	0	0	53M2I41MI153M3D	14976	338669
L	2001	250	*	*	*	*	*	582194	*
H	2001	250	100.0	+	0	0	250M	14614	582194
L	19187	250	*	*	*	*	*	4450394	*
H	19187	250	100.0	+	0	0	250M	14614	4450394
L	8786	250	*	*	*	*	*	144473	*
H	8786	250	100.0	+	0	0	250M	14614	144473
L	12604	250	*	*	*	*	*	2398623	*
H	12604	250	99.6	+	0	0	250M	14175	2398623
L	2346	250	*	*	*	*	*	562956	*
H	2346	250	94.0	+	0	0	250M	14175	562956
L	9911	250	*	*	*	*	*	60608	*
H	9911	250	94.0	+	0	0	250M	14175	60608
L	9405	250	*	*	*	*	*	104370	*
H	9405	250	100.0	+	0	0	250M	13913	104370
L	9398	250	*	*	*	*	*	104523	*
H	9398	250	99.2	+	0	0	250M	13913	104523
L	10401	250	*	*	*	*	*	13832	*
H	10401	250	85.6	+	0	0	123MD126MI	13913	13832
L	2483	250	*	*	*	*	*	555210	*
H	2483	250	100.0	+	0	0	250M	13581	555210
L	9156	250	*	*	*	*	*	115367	*
H	9156	250	100.0	+	0	0	250M	13581	115367
L	15848	250	*	*	*	*	*	824234	*
H	15848	250	100.0	+	0	0	250M	13581	824234
L	9229	250	*	*	*	*	*	110960	*
H	9229	250	100.0	+	0	0	250M	13485	110960
L	11191	250	*	*	*	*	*	999098	*
H	11191	250	100.0	+	0	0	250M	13485	999098
L	432	250	*	*	*	*	*	1019894	*
H	432	250	100.0	+	0	0	250M	13485	1019894
L	3567	250	*	*	*	*	*	513678	*
H	3567	250	98.8	+	0	0	250M	13103	513678
L	2180	250	*	*	*	*	*	571970	*
H	2180	250	98.8	+	0	0	250M	13103	571970
L	3563	250	*	*	*	*	*	513773	*
H	3563	250	98.4	+	0	0	250M	13103	513773
L	12779	250	*	*	*	*	*	1122559	*
H	12779	250	99.6	+	0	0	250M	12837	1122559
L	3961	250	*	*	*	*	*	404948	*
H	3961	250	99.2	+	0	0	250M	12837	404948
L	2272	250	*	*	*	*	*	567221	*
H	2272	250	99.2	+	0	0	250M	12837	567221
L	9800	250	*	*	*	*	*	72263	*
H	9800	250	98.8	+	0	0	250M	12807	72263
L	10454	250	*	*	*	*	*	12808	*
H	10454	250	98.8	+	0	0	250M	12807	12808
L	8106	250	*	*	*	*	*	173827	*
H	8106	250	97.2	+	0	0	250M	12807	173827
L	1589	250	*	*	*	*	*	697027	*
H	1589	250	99.6	+	0	0	250M	12136	697027
L	5279	250	*	*	*	*	*	311586	*
H	5279	250	98.4	+	0	0	250M	12136	311586
L	10502	250	*	*	*	*	*	12139	*
H	10502	250	97.6	+	0	0	250M	12136	12139
L	10503	250	*	*	*	*	*	12133	*
H	10503	250	100.0	+	0	0	250M	12134	12133
L	19174	250	*	*	*	*	*	4449665	*
H	19174	250	99.6	+	0	0	250M	12134	4449665
L	11488	250	*	*	*	*	*	805980	*
H	11488	250	98.8	+	0	0	250M	12134	805980
L	2825	250	*	*	*	*	*	533769	*
H	2825	250	100.0	+	0	0	250M	12124	533769
H	9796	250	100.0	+	0	0	250M	12124	72465
L	10058	250	*	*	*	*	*	40820	*
H	10058	250	100.0	+	0	0	250M	12124	40820
L	12716	250	*	*	*	*	*	2465170	*
H	12716	250	99.6	+	0	0	250M	11439	2465170
L	10539	250	*	*	*	*	*	11440	*
H	10539	250	99.6	+	0	0	250M	11439	11440
L	2138	250	*	*	*	*	*	575032	*
H	2138	250	98.4	+	0	0	250M	11439	575032
L	13123	250	*	*	*	*	*	832724	*
H	13123	250	100.0	+	0	0	250M	10937	832724
L	18735	250	*	*	*	*	*	4428358	*
H	18735	250	95.2	+	0	0	250M	10937	4428358
L	19532	250	*	*	*	*	*	4466596	*
H	19532	250	94.4	+	0	0	250M	10937	4466596
L	9334	250	*	*	*	*	*	106978	*
H	9334	250	100.0	+	0	0	250M	10629	106978
L	10576	250	*	*	*	*	*	10626	*
H	10576	250	100.0	+	0	0	250M	10629	10626
L	11444	250	*	*	*	*	*	1773389	*
H	11444	250	100.0	+	0	0	250M	10629	1773389
L	10176	250	*	*	*	*	*	26629	*
H	10176	250	96.0	+	0	0	2I248M2D	10480	26629
L	9454	250	*	*	*	*	*	102495	*
H	9454	250	95.6	+	0	0	2I136MI111M3D	10480	102495
L	17222	250	*	*	*	*	*	4354843	*
H	17222	250	95.2	+	0	0	2I136MI111M3D	10480	4354843
L	10591	250	*	*	*	*	*	10309	*
H	10591	250	99.2	+	0	0	250M	10323	10309
L	4499	250	*	*	*	*	*	358229	*
H	4499	250	99.2	+	0	0	250M	10323	358229
L	2032	250	*	*	*	*	*	580156	*
H	2032	250	99.2	+	0	0	250M	10323	580156
L	17169	250	*	*	*	*	*	4352471	*
H	17169	250	98.8	+	0	0	44MD12MD192M2I	10305	4352471
L	2472	250	*	*	*	*	*	555870	*
H	2472	250	98.0	+	0	0	250M	10305	555870
L	18692	250	*	*	*	*	*	4426497	*
H	18692	250	98.0	+	0	0	250M	10305	4426497
L	10607	250	*	*	*	*	*	9812	*
H	10607	250	100.0	+	0	0	250M	9819	9812
L	14921	250	*	*	*	*	*	1118720	*
H	14921	250	100.0	+	0	0	250M	9819	1118720
L	10608	250	*	*	*	*	*	9807	*
H	10608	250	100.0	+	0	0	250M	9819	9807
H	7129	250	99.6	+	0	0	250M	9360	198485
H	11492	250	99.6	+	0	0	250M	9360	970742
L	16577	250	*	*	*	*	*	4323512	*
H	16577	250	99.6	+	0	0	250M	9360	4323512
L	10714	250	*	*	*	*	*	8035	*
H	10714	250	96.0	+	0	0	250M	8036	8035
L	9103	250	*	*	*	*	*	128429	*
H	9103	250	97.2	+	0	0	250M	8036	128429
L	11082	250	*	*	*	*	*	1128670	*
H	11082	250	91.6	+	0	0	250M	8036	1128670
L	10790	250	*	*	*	*	*	6517	*
H	10790	250	98.0	+	0	0	250M	6503	6517
L	8867	250	*	*	*	*	*	141903	*
H	8867	250	97.2	+	0	0	250M	6503	141903
L	10789	250	*	*	*	*	*	6591	*
H	10789	250	97.2	+	0	0	250M	6503	6591
L	9239	250	*	*	*	*	*	110507	*
H	9239	250	100.0	+	0	0	250M	6367	110507
L	16128	250	*	*	*	*	*	4304774	*
H	16128	250	93.2	+	0	0	250M	6367	4304774
L	1565	250	*	*	*	*	*	706283	*
H	1565	250	91.6	+	0	0	250M	6367	706283
L	19843	250	*	*	*	*	*	4480060	*
H	19843	250	99.6	+	0	0	250M	6279	4480060
H	1647	250	99.6	+	0	0	250M	6279	668105
H	6949	250	99.6	+	0	0	250M	6279	214827
L	15847	250	*	*	*	*	*	816306	*
H	15847	250	99.2	+	0	0	250M	5620	816306
L	1275	250	*	*	*	*	*	820871	*
H	1275	250	97.2	+	0	0	250M	5620	820871
L	19776	250	*	*	*	*	*	4476662	*
H	19776	250	96.0	+	0	0	250M	5620	4476662
L	9073	250	*	*	*	*	*	131048	*
H	9073	250	99.2	+	0	0	250M	2700	131048
L	10911	250	*	*	*	*	*	2695	*
H	10911	250	99.2	+	0	0	250M	2700	2695
L	8806	250	*	*	*	*	*	143806	*
H	8806	250	99.2	+	0	0	250M	2700	143806
L	9714	250	*	*	*	*	*	80764	*
H	9714	250	90.8	+	0	0	250M	2403	80764
L	4578	250	*	*	*	*	*	353881	*
H	4578	250	90.4	+	0	0	250M	2403	353881
L	1624	250	*	*	*	*	*	681846	*
H	1624	250	90.0	+	0	0	250M	2403	681846
L	12005	250	*	*	*	*	*	2084902	*
H	12005	250	96.8	+	0	0	250M	1443	2084902
L	12677	250	*	*	*	*	*	821395	*
H	12677	250	89.6	+	0	0	250M	1443	821395
L	8686	250	*	*	*	*	*	149661	*
H	8686	250	100.0	+	0	0	250M	1531100	149661
L	6414	250	*	*	*	*	*	256155	*
H	6414	250	100.0	+	0	0	250M	1531100	256155
L	11929	250	*	*	*	*	*	764687	*
H	11929	250	100.0	+	0	0	250M	1531100	764687
L	11024	250	*	*	*	*	*	1114941	*
H	11024	250	100.0	+	0	0	250M	1119481	1114941
L	10384	250	*	*	*	*	*	13973	*
H	10384	250	100.0	+	0	0	250M	1119481	13973
L	2264	250	*	*	*	*	*	567505	*
H	2264	250	100.0	+	0	0	250M	1119481	567505
L	16550	250	*	*	*	*	*	4322574	*
H	16550	250	98.4	+	0	0	250M	1551390	4322574
L	10782	250	*	*	*	*	*	7052	*
H	10782	250	98.4	+	0	0	250M	1551390	7052
L	10780	250	*	*	*	*	*	7098	*
H	10780	250	98.4	+	0	0	250M	1551390	7098
L	10821	250	*	*	*	*	*	5631	*
H	10821	250	95.2	+	0	0	250M	1598513	5631
L	6927	250	*	*	*	*	*	217386	*
H	6927	250	94.8	+	0	0	250M	1598513	217386
L	11990	250	*	*	*	*	*	1144686	*
H	11990	250	94.8	+	0	0	250M	1598513	1144686
L	1083	250	*	*	*	*	*	863441	*
H	1083	250	99.6	+	0	0	163MD86MI	751671	863441
L	15696	250	*	*	*	*	*	4186243	*
H	15696	250	99.6	+	0	0	163MD86MI	751671	4186243
L	3349	250	*	*	*	*	*	519594	*
H	3349	250	99.6	+	0	0	163MD86MI	751671	519594
L	18628	250	*	*	*	*	*	4423600	*
H	18628	250	95.6	+	0	0	6D37M2I26MI181M3I	1106472	4423600
L	6961	250	*	*	*	*	*	212584	*
H	6961	250	96.4	+	0	0	43M2I26MI178M3D	1106472	212584
L	19035	250	*	*	*	*	*	4442913	*
H	19035	250	96.4	+	0	0	43M2I26MI178M3D	1106472	4442913
L	15098	250	*	*	*	*	*	1127185	*
H	15098	250	98.8	+	0	0	39MD210MI	813080	1127185
L	15514	250	*	*	*	*	*	836917	*
H	15514	250	91.2	+	0	0	40MD209MI	813080	836917
L	18320	250	*	*	*	*	*	4407974	*
H	18320	250	90.0	+	0	0	40MD209MI	813080	4407974
L	348	250	*	*	*	*	*	1042986	*
H	348	250	96.0	+	0	0	17MI31MD12MD188MI	857794	1042986
L	12909	250	*	*	*	*	*	939327	*
H	12909	250	96.0	+	0	0	16MI34MD10MD188MI	857794	939327
L	651	250	*	*	*	*	*	968709	*
H	651	250	95.2	+	0	0	D15MI34MD10MD188M2I	857794	968709
L	14001	250	*	*	*	*	*	3217951	*
H	14001	250	100.0	+	0	0	250M	684637	3217951
L	15492	250	*	*	*	*	*	4064689	*
H	15492	250	98.8	+	0	0	250M	684637	4064689
H	8655	250	100.0	+	0	0	250M	1124808	151083
H	7129	250	100.0	+	0	0	250M	1124808	198485
H	17821	250	100.0	+	0	0	250M	1124808	4382697
L	11533	250	*	*	*	*	*	1127696	*
H	11533	250	100.0	+	0	0	250M	1121839	1127696
L	1230	250	*	*	*	*	*	827639	*
H	1230	250	100.0	+	0	0	250M	1121839	827639
L	2742	250	*	*	*	*	*	539319	*
H	2742	250	98.0	+	0	0	250M	1121839	539319
L	1270	250	*	*	*	*	*	821464	*
H	1270	250	96.0	+	0	0	2I248M2D	1883795	821464
L	10247	250	*	*	*	*	*	16711	*
H	10247	250	93.2	+	0	0	2I77MD51MD108M2D10M2I	1883795	16711
L	15229	250	*	*	*	*	*	3924583	*
H	15229	250	91.2	+	0	0	2I77MD51MD108M2D10M2I	1883795	3924583
L	1494	250	*	*	*	*	*	744767	*
H	1494	250	98.8	+	0	0	250M	1140810	744767
L	9560	250	*	*	*	*	*	97245	*
H	9560	250	98.8	+	0	0	250M	1140810	97245
L	1668	250	*	*	*	*	*	656570	*
H	1668	250	98.8	+	0	0	250M	1140810	656570
L	6650	250	*	*	*	*	*	240661	*
H	6650	250	98.4	+	0	0	65MD9MD19MD104MD49M4I	1116825	240661
L	2500	250	*	*	*	*	*	554326	*
H	2500	250	98.4	+	0	0	65MD9MD19MD104MD49M4I	1116825	554326
L	18416	250	*	*	*	*	*	4412978	*
H	18416	250	98.0	+	0	0	65MD9MD17MD106MD49M4I	1116825	4412978
L	13909	250	*	*	*	*	*	3172850	*
H	13909	250	99.2	+	0	0	250M	2041722	3172850
L	14171	250	*	*	*	*	*	3312521	*
H	14171	250	99.2	+	0	0	250M	2041722	3312521
L	12478	250	*	*	*	*	*	2325277	*
H	12478	250	98.8	+	0	0	250M	2041722	2325277
L	11502	250	*	*	*	*	*	1138690	*
H	11502	250	99.6	+	0	0	250M	772508	1138690
H	6390	250	99.6	+	0	0	250M	772508	257051
L	1296	250	*	*	*	*	*	817792	*
H	1296	250	99.6	+	0	0	250M	772508	817792
L	19876	250	*	*	*	*	*	4481550	*
H	19876	250	99.2	+	0	0	250M	2116286	4481550
L	6687	250	*	*	*	*	*	238663	*
H	6687	250	98.4	+	0	0	192MD48MD8M2I	2116286	238663
H	12418	250	98.4	+	0	0	192MD48MD8M2I	2116286	1138108
L	8661	250	*	*	*	*	*	150813	*
H	8661	250	90.4	+	0	0	I36M2I49MI161M4D	2132220	150813
L	14023	250	*	*	*	*	*	3228260	*
H	14023	250	90.4	+	0	0	I36M2I49MI161M4D	2132220	3228260
L	5033	250	*	*	*	*	*	327281	*
H	5033	250	90.0	+	0	0	I36M2I49MI161M4D	2132220	327281
L	19273	250	*	*	*	*	*	4454599	*
H	19273	250	100.0	+	0	0	250M	2169466	4454599
L	2735	250	*	*	*	*	*	539888	*
H	2735	250	100.0	+	0	0	250M	2169466	539888
L	11112	250	*	*	*	*	*	1587366	*
H	11112	250	100.0	+	0	0	250M	2169466	1587366
L	12188	250	*	*	*	*	*	1141123	*
H	12188	250	100.0	+	0	0	250M	1124221	1141123
L	8163	250	*	*	*	*	*	171957	*
H	8163	250	100.0	+	0	0	250M	1124221	171957
L	17015	250	*	*	*	*	*	4344960	*
H	17015	250	99.6	+	0	0	250M	1124221	4344960
L	11679	250	*	*	*	*	*	1889556	*
H	11679	250	100.0	+	0	0	250M	2172721	1889556
L	11802	250	*	*	*	*	*	1958806	*
H	11802	250	100.0	+	0	0	250M	2172721	1958806
L	4528	250	*	*	*	*	*	357241	*
H	4528	250	100.0	+	0	0	250M	2172721	357241
L	18843	250	*	*	*	*	*	4433752	*
H	18843	250	100.0	+	0	0	250M	2228265	4433752
L	11201	250	*	*	*	*	*	1120871	*
H	11201	250	100.0	+	0	0	250M	2228265	1120871
L	1269	250	*	*	*	*	*	821617	*
H	1269	250	99.6	+	0	0	42MI207MD	2228265	821617
L	10340	250	*	*	*	*	*	14554	*
H	10340	250	99.6	+	0	0	250M	719955	14554
L	15361	250	*	*	*	*	*	3997536	*
H	15361	250	95.6	+	0	0	250M	719955	3997536
L	9481	250	*	*	*	*	*	101466	*
H	9481	250	95.6	+	0	0	250M	719955	101466
H	18466	250	100.0	+	0	0	250M	808541	690594
L	13363	250	*	*	*	*	*	699686	*
H	13363	250	99.2	+	0	0	250M	808541	699686
L	13362	250	*	*	*	*	*	681783	*
H	13362	250	99.2	+	0	0	250M	808541	681783
L	11517	250	*	*	*	*	*	1803005	*
H	11517	250	96.4	+	0	0	250M	2318918	1803005
L	17266	250	*	*	*	*	*	4357166	*
H	17266	250	96.0	+	0	0	188MD61MI	2318918	4357166
L	11518	250	*	*	*	*	*	1803014	*
H	11518	250	96.0	+	0	0	250M	2318918	1803014
L	6550	250	*	*	*	*	*	246889	*
H	6550	250	100.0	+	0	0	250M	1138066	246889
L	2696	250	*	*	*	*	*	542475	*
H	2696	250	100.0	+	0	0	250M	1138066	542475
L	5398	250	*	*	*	*	*	304523	*
H	5398	250	100.0	+	0	0	250M	1138066	304523
L	17504	250	*	*	*	*	*	4367987	*
H	17504	250	100.0	+	0	0	250M	1143023	4367987
L	9506	250	*	*	*	*	*	100578	*
H	9506	250	99.6	+	0	0	250M	1143023	100578
L	17596	250	*	*	*	*	*	4371951	*
H	17596	250	97.2	+	0	0	250M	1143023	4371951
L	19772	250	*	*	*	*	*	4476600	*
H	19772	250	100.0	+	0	0	250M	1134555	4476600
L	17817	250	*	*	*	*	*	4382414	*
H	17817	250	100.0	+	0	0	250M	1134555	4382414
L	12014	250	*	*	*	*	*	1127062	*
H	12014	250	100.0	+	0	0	250M	1134555	1127062
L	17840	250	*	*	*	*	*	4383599	*
H	17840	250	98.8	+	0	0	250M	2472370	4383599
L	14717	250	*	*	*	*	*	189634	*
H	14717	250	98.4	+	0	0	250M	2472370	189634
L	9338	250	*	*	*	*	*	106790	*
H	9338	250	98.4	+	0	0	250M	2472370	106790
L	17753	250	*	*	*	*	*	4379447	*
H	17753	250	100.0	+	0	0	250M	1127237	4379447
L	12871	250	*	*	*	*	*	637253	*
H	12871	250	100.0	+	0	0	250M	1127237	637253
L	16084	250	*	*	*	*	*	4302911	*
H	16084	250	100.0	+	0	0	250M	1127237	4302911
H	2297	250	94.4	+	0	0	108MI141MD	1125936	565712
H	12648	250	94.4	+	0	0	108MI141MD	1125936	2421587
L	19019	250	*	*	*	*	*	4442258	*
H	19019	250	94.4	+	0	0	108MI141MD	1125936	4442258
L	2237	250	*	*	*	*	*	568880	*
H	2237	250	100.0	+	0	0	250M	694179	568880
L	2305	250	*	*	*	*	*	565157	*
H	2305	250	100.0	+	0	0	250M	694179	565157
L	1736	250	*	*	*	*	*	623331	*
H	1736	250	100.0	+	0	0	250M	694179	623331
L	5231	250	*	*	*	*	*	313830	*
H	5231	250	96.8	+	0	0	42MD15MI192M	702853	313830
L	2222	250	*	*	*	*	*	569707	*
H	2222	250	96.8	+	0	0	42MD15MI192M	702853	569707
L	10137	250	*	*	*	*	*	30439	*
H	10137	250	96.8	+	0	0	42MD15MI192M	702853	30439
L	18081	250	*	*	*	*	*	4395206	*
H	18081	250	81.6	+	0	0	206MI43MD	1078830	4395206
L	12290	250	*	*	*	*	*	2228266	*
H	12290	250	80.0	+	0	0	87MD27MI91MI43MD	1078830	2228266
H	5231	250	82.4	+	0	0	85MD29MI91MI43MD	1078830	313830
L	10956	250	*	*	*	*	*	1208	*
H	10956	250	99.6	+	0	0	250M	2551318	1208
L	10957	250	*	*	*	*	*	1199	*
H	10957	250	99.6	+	0	0	250M	2551318	1199
L	2702	250	*	*	*	*	*	542175	*
H	2702	250	96.4	+	0	0	250M	2551318	542175
L	9522	250	*	*	*	*	*	99951	*
H	9522	250	100.0	+	0	0	250M	810000	99951
L	19849	250	*	*	*	*	*	4480210	*
H	19849	250	99.6	+	0	0	74MI175MD	810000	4480210
L	10347	250	*	*	*	*	*	14503	*
H	10347	250	98.4	+	0	0	250M	810000	14503
L	6364	250	*	*	*	*	*	258517	*
H	6364	250	99.6	+	0	0	209MI40MD	844329	258517
L	9482	250	*	*	*	*	*	101458	*
H	9482	250	99.6	+	0	0	250M	844329	101458
L	9219	250	*	*	*	*	*	111289	*
H	9219	250	99.2	+	0	0	62MD29MI48MI109MD	844329	111289
L	11708	250	*	*	*	*	*	1133244	*
H	11708	250	100.0	+	0	0	250M	1126112	1133244
L	9965	250	*	*	*	*	*	52561	*
H	9965	250	100.0	+	0	0	250M	1126112	52561
L	6017	250	*	*	*	*	*	273417	*
H	6017	250	100.0	+	0	0	250M	1126112	273417
L	15547	250	*	*	*	*	*	4097931	*
H	15547	250	97.2	+	0	0	175MD74MI	1105627	4097931
L	11684	250	*	*	*	*	*	1891556	*
H	11684	250	97.2	+	0	0	175MD74MI	1105627	1891556
L	1808	250	*	*	*	*	*	592770	*
H	1808	250	97.2	+	0	0	175MD74MI	1105627	592770
L	10833	250	*	*	*	*	*	5217	*
H	10833	250	99.6	+	0	0	61MD188MI	2675752	5217
L	7314	250	*	*	*	*	*	193675	*
H	7314	250	99.6	+	0	0	61MD188MI	2675752	193675
L	14173	250	*	*	*	*	*	1122049	*
H	14173	250	99.2	+	0	0	61MD188MI	2675752	1122049
L	9505	250	*	*	*	*	*	100589	*
H	9505	250	100.0	+	0	0	250M	650615	100589
L	2905	250	*	*	*	*	*	530875	*
H	2905	250	99.6	+	0	0	250M	650615	530875
L	13162	250	*	*	*	*	*	1025853	*
H	13162	250	99.6	+	0	0	250M	650615	1025853
L	12116	250	*	*	*	*	*	851885	*
H	12116	250	100.0	+	0	0	250M	2730944	851885
L	19044	250	*	*	*	*	*	4443171	*
H	19044	250	100.0	+	0	0	250M	2730944	4443171
L	8484	250	*	*	*	*	*	158822	*
H	8484	250	100.0	+	0	0	250M	2730944	158822
L	16240	250	*	*	*	*	*	4309008	*
H	16240	250	97.6	+	0	0	250M	1038018	4309008
L	13191	250	*	*	*	*	*	885628	*
H	13191	250	97.6	+	0	0	250M	1038018	885628
L	12103	250	*	*	*	*	*	945333	*
H	12103	250	97.6	+	0	0	250M	1038018	945333
H	2825	250	99.6	+	0	0	250M	1134429	533769
H	9796	250	99.6	+	0	0	250M	1134429	72465
H	10058	250	99.6	+	0	0	250M	1134429	40820
L	18786	250	*	*	*	*	*	4431101	*
H	18786	250	100.0	+	0	0	250M	1115973	4431101
L	12543	250	*	*	*	*	*	1114482	*
H	12543	250	99.2	+	0	0	250M	1115973	1114482
L	8568	250	*	*	*	*	*	155500	*
H	8568	250	99.6	+	0	0	250M	1115973	155500
L	12489	250	*	*	*	*	*	1119485	*
H	12489	250	100.0	+	0	0	250M	2760629	1119485
L	1683	250	*	*	*	*	*	650021	*
H	1683	250	100.0	+	0	0	250M	2760629	650021
L	19738	250	*	*	*	*	*	4475144	*
H	19738	250	100.0	+	0	0	250M	2760629	4475144
L	9477	250	*	*	*	*	*	101611	*
H	9477	250	99.6	+	0	0	250M	1142772	101611
L	8010	250	*	*	*	*	*	176156	*
H	8010	250	98.0	+	0	0	250M	1142772	176156
L	16148	250	*	*	*	*	*	4305451	*
H	16148	250	98.0	+	0	0	250M	1142772	4305451
H	19772	250	100.0	+	0	0	250M	669613	4476600
H	17817	250	100.0	+	0	0	250M	669613	4382414
H	12014	250	100.0	+	0	0	250M	669613	1127062
L	9665	250	*	*	*	*	*	85860	*
H	9665	250	100.0	+	0	0	250M	1137273	85860
L	9681	250	*	*	*	*	*	83013	*
H	9681	250	98.8	+	0	0	223MD26MI	1137273	83013
L	14342	250	*	*	*	*	*	857156	*
H	14342	250	96.0	+	0	0	250M	1137273	857156
L	4244	250	*	*	*	*	*	365181	*
H	4244	250	96.4	+	0	0	10MD22MD10MD11MD30MD35MD126M6I	2919166	365181
L	7642	250	*	*	*	*	*	185565	*
H	7642	250	96.0	+	0	0	10MD22MD10MD11MD30MD35MD126M6I	2919166	185565
L	4497	250	*	*	*	*	*	358251	*
H	4497	250	96.0	+	0	0	10MD22MD10MD11MD30MD35MD126M6I	2919166	358251
L	9991	250	*	*	*	*	*	50006	*
H	9991	250	100.0	+	0	0	250M	1113023	50006
L	12723	250	*	*	*	*	*	2467298	*
H	12723	250	100.0	+	0	0	250M	1113023	2467298
L	12667	250	*	*	*	*	*	1126164	*
H	12667	250	100.0	+	0	0	250M	1113023	1126164
L	760	250	*	*	*	*	*	938795	*
H	760	250	99.2	+	0	0	250M	1084983	938795
L	18683	250	*	*	*	*	*	4426296	*
H	18683	250	98.8	+	0	0	96MI153MD	1084983	4426296
L	1511	250	*	*	*	*	*	735185	*
H	1511	250	98.8	+	0	0	168MI81MD	1084983	735185
L	10418	250	*	*	*	*	*	13413	*
H	10418	250	99.6	+	0	0	250M	2960026	13413
L	10419	250	*	*	*	*	*	13401	*
H	10419	250	99.6	+	0	0	250M	2960026	13401
H	432	250	98.0	+	0	0	250M	2960026	1019894
L	17375	250	*	*	*	*	*	4361600	*
H	17375	250	100.0	+	0	0	250M	2973848	4361600
L	14579	250	*	*	*	*	*	3549545	*
H	14579	250	98.4	+	0	0	250M	2973848	3549545
L	9717	250	*	*	*	*	*	80229	*
H	9717	250	98.4	+	0	0	250M	2973848	80229
L	10316	250	*	*	*	*	*	15033	*
H	10316	250	96.4	+	0	0	250M	1128555	15033
L	16949	250	*	*	*	*	*	4341595	*
H	16949	250	95.2	+	0	0	250M	1128555	4341595
L	18512	250	*	*	*	*	*	4416988	*
H	18512	250	95.2	+	0	0	250M	1128555	4416988
L	8734	250	*	*	*	*	*	147051	*
H	8734	250	99.6	+	0	0	250M	3076015	147051
L	8603	250	*	*	*	*	*	153805	*
H	8603	250	99.6	+	0	0	250M	3076015	153805
L	15719	250	*	*	*	*	*	1138243	*
H	15719	250	99.6	+	0	0	250M	3076015	1138243
L	1829	250	*	*	*	*	*	591329	*
H	1829	250	100.0	+	0	0	250M	824872	591329
L	12732	250	*	*	*	*	*	809635	*
H	12732	250	98.8	+	0	0	250M	824872	809635
L	16997	250	*	*	*	*	*	4344014	*
H	16997	250	96.4	+	0	0	250M	824872	4344014
L	6403	250	*	*	*	*	*	256632	*
H	6403	250	100.0	+	0	0	250M	749036	256632
L	5974	250	*	*	*	*	*	275614	*
H	5974	250	100.0	+	0	0	250M	749036	275614
L	12221	250	*	*	*	*	*	615094	*
H	12221	250	100.0	+	0	0	250M	749036	615094
L	17505	250	*	*	*	*	*	4367988	*
H	17505	250	98.0	+	0	0	250M	3153795	4367988
L	8834	250	*	*	*	*	*	143045	*
H	8834	250	98.0	+	0	0	250M	3153795	143045
L	14456	250	*	*	*	*	*	3476289	*
H	14456	250	98.0	+	0	0	250M	3153795	3476289
H	2272	250	98.4	+	0	0	202MD47MI	722963	567221
L	10438	250	*	*	*	*	*	12878	*
H	10438	250	98.4	+	0	0	202MD47MI	722963	12878
L	14838	250	*	*	*	*	*	1128237	*
H	14838	250	98.4	+	0	0	202MD47MI	722963	1128237
L	10315	250	*	*	*	*	*	15041	*
H	10315	250	97.6	+	0	0	250M	851811	15041
L	15630	250	*	*	*	*	*	676511	*
H	15630	250	97.6	+	0	0	139MD110MI	851811	676511
L	18093	250	*	*	*	*	*	4395540	*
H	18093	250	97.6	+	0	0	139MD110MI	851811	4395540
L	3065	250	*	*	*	*	*	526753	*
H	3065	250	97.6	+	0	0	250M	1127353	526753
L	3444	250	*	*	*	*	*	516968	*
H	3444	250	96.8	+	0	0	250M	1127353	516968
H	8668	250	88.4	+	0	0	250M	1127353	150412
L	7585	250	*	*	*	*	*	186744	*
H	7585	250	94.0	+	0	0	250M	1122668	186744
L	18061	250	*	*	*	*	*	4393950	*
H	18061	250	92.0	+	0	0	250M	1122668	4393950
L	2514	250	*	*	*	*	*	553455	*
H	2514	250	90.8	+	0	0	250M	1122668	553455
L	10179	250	*	*	*	*	*	26225	*
H	10179	250	100.0	+	0	0	250M	1126064	26225
L	10091	250	*	*	*	*	*	38048	*
H	10091	250	99.2	+	0	0	250M	1126064	38048
L	6886	250	*	*	*	*	*	220201	*
H	6886	250	98.8	+	0	0	250M	1126064	220201
L	11336	250	*	*	*	*	*	1132903	*
H	11336	250	100.0	+	0	0	250M	1128861	1132903
L	8751	250	*	*	*	*	*	146037	*
H	8751	250	99.6	+	0	0	250M	1128861	146037
L	13533	250	*	*	*	*	*	1123147	*
H	13533	250	99.6	+	0	0	250M	1128861	1123147
L	11048	250	*	*	*	*	*	635635	*
H	11048	250	100.0	+	0	0	250M	3424623	635635
L	1490	250	*	*	*	*	*	744919	*
H	1490	250	99.6	+	0	0	250M	3424623	744919
L	5027	250	*	*	*	*	*	327793	*
H	5027	250	98.8	+	0	0	179MI70MD	3424623	327793
L	11894	250	*	*	*	*	*	1116055	*
H	11894	250	100.0	+	0	0	250M	3448408	1116055
L	6183	250	*	*	*	*	*	265823	*
H	6183	250	100.0	+	0	0	250M	3448408	265823
L	5547	250	*	*	*	*	*	298873	*
H	5547	250	100.0	+	0	0	250M	3448408	298873
L	12276	250	*	*	*	*	*	2221242	*
H	12276	250	99.6	+	0	0	250M	1127789	2221242
L	6337	250	*	*	*	*	*	259432	*
H	6337	250	99.2	+	0	0	250M	1127789	259432
L	18505	250	*	*	*	*	*	4416658	*
H	18505	250	97.6	+	0	0	250M	1127789	4416658
L	10588	250	*	*	*	*	*	10400	*
H	10588	250	96.8	+	0	0	250M	3526876	10400
L	6566	250	*	*	*	*	*	245878	*
H	6566	250	91.6	+	0	0	250M	3526876	245878
L	11129	250	*	*	*	*	*	1127851	*
H	11129	250	92.0	+	0	0	250M	3526876	1127851
L	9664	250	*	*	*	*	*	85993	*
H	9664	250	99.2	+	0	0	250M	628484	85993
L	9077	250	*	*	*	*	*	130834	*
H	9077	250	99.2	+	0	0	250M	628484	130834
L	4446	250	*	*	*	*	*	359629	*
H	4446	250	99.2	+	0	0	250M	628484	359629
L	16164	250	*	*	*	*	*	4306173	*
H	16164	250	98.4	+	0	0	250M	3550619	4306173
L	18711	250	*	*	*	*	*	4427542	*
H	18711	250	98.4	+	0	0	250M	3550619	4427542
L	8945	250	*	*	*	*	*	139410	*
H	8945	250	98.4	+	0	0	250M	3550619	139410
L	12069	250	*	*	*	*	*	2108713	*
H	12069	250	99.6	+	0	0	250M	692654	2108713
L	1609	250	*	*	*	*	*	689814	*
H	1609	250	99.6	+	0	0	250M	692654	689814
L	10504	250	*	*	*	*	*	12128	*
H	10504	250	94.0	+	0	0	250M	692654	12128
L	9761	250	*	*	*	*	*	74541	*
H	9761	250	98.0	+	0	0	250M	3571256	74541
L	10542	250	*	*	*	*	*	11427	*
H	10542	250	98.0	+	0	0	250M	3571256	11427
L	13396	250	*	*	*	*	*	2855261	*
H	13396	250	98.0	+	0	0	250M	3571256	2855261
L	17925	250	*	*	*	*	*	4387313	*
H	17925	250	100.0	+	0	0	250M	3594659	4387313
L	12506	250	*	*	*	*	*	1143602	*
H	12506	250	99.6	+	0	0	250M	3594659	1143602
L	1913	250	*	*	*	*	*	586655	*
H	1913	250	98.8	+	0	0	250M	3594659	586655
L	17882	250	*	*	*	*	*	4385591	*
H	17882	250	94.0	+	0	0	31MD38M2D6MD21M2D148M6I	792218	4385591
L	19699	250	*	*	*	*	*	4473410	*
H	19699	250	94.4	+	0	0	33MD23M3D18MD21M2D148M7I	792218	4473410
L	5261	250	*	*	*	*	*	312339	*
H	5261	250	94.4	+	0	0	33MD23M3D18MD21M2D113MD34M8I	792218	312339
H	10017	250	99.6	+	0	0	25MD224MI	1148060	46716
H	10379	250	99.6	+	0	0	218MD31MI	1148060	14202
H	10378	250	99.2	+	0	0	250M	1148060	14205
L	16699	250	*	*	*	*	*	4329120	*
H	16699	250	97.6	+	0	0	250M	1138350	4329120
L	8443	250	*	*	*	*	*	160810	*
H	8443	250	96.8	+	0	0	250M	1138350	160810
H	14742	250	96.0	+	0	0	250M	1138350	3634180
L	705	250	*	*	*	*	*	953256	*
H	705	250	100.0	+	0	0	250M	1105450	953256
L	303	250	*	*	*	*	*	1050705	*
H	303	250	100.0	+	0	0	250M	1105450	1050705
L	8205	250	*	*	*	*	*	170046	*
H	8205	250	99.6	+	0	0	250M	1105450	170046
L	1707	250	*	*	*	*	*	633100	*
H	1707	250	100.0	+	0	0	250M	1117026	633100
L	1387	250	*	*	*	*	*	801166	*
H	1387	250	100.0	+	0	0	250M	1117026	801166
L	2067	250	*	*	*	*	*	578837	*
H	2067	250	99.6	+	0	0	250M	1117026	578837
L	6713	250	*	*	*	*	*	237515	*
H	6713	250	100.0	+	0	0	250M	825999	237515
L	15128	250	*	*	*	*	*	1111703	*
H	15128	250	100.0	+	0	0	250M	825999	1111703
L	2193	250	*	*	*	*	*	571184	*
H	2193	250	100.0	+	0	0	250M	825999	571184
L	6552	250	*	*	*	*	*	246824	*
H	6552	250	100.0	+	0	0	250M	616049	246824
L	9194	250	*	*	*	*	*	112402	*
H	9194	250	99.6	+	0	0	250M	616049	112402
L	11553	250	*	*	*	*	*	1819091	*
H	11553	250	99.6	+	0	0	250M	616049	1819091
L	1600	250	*	*	*	*	*	693272	*
H	1600	250	99.6	+	0	0	250M	790223	693272
L	8715	250	*	*	*	*	*	148303	*
H	8715	250	91.6	+	0	0	215MD34MI	790223	148303
L	10036	250	*	*	*	*	*	43628	*
H	10036	250	90.0	+	0	0	116MI133MD	790223	43628
L	1612	250	*	*	*	*	*	687940	*
H	1612	250	100.0	+	0	0	250M	856414	687940
L	19449	250	*	*	*	*	*	4462906	*
H	19449	250	100.0	+	0	0	250M	856414	4462906
L	1212	250	*	*	*	*	*	833731	*
H	1212	250	99.2	+	0	0	250M	856414	833731
L	14083	250	*	*	*	*	*	3260676	*
H	14083	250	99.6	+	0	0	250M	954970	3260676
L	11954	250	*	*	*	*	*	2051193	*
H	11954	250	99.6	+	0	0	250M	954970	2051193
L	10422	250	*	*	*	*	*	13105	*
H	10422	250	99.2	+	0	0	250M	954970	13105
L	2647	250	*	*	*	*	*	546410	*
H	2647	250	100.0	+	0	0	250M	1089374	546410
L	2416	250	*	*	*	*	*	559216	*
H	2416	250	98.4	+	0	0	250M	1089374	559216
L	2615	250	*	*	*	*	*	548478	*
H	2615	250	98.4	+	0	0	250M	1089374	548478
L	12110	250	*	*	*	*	*	1129978	*
H	12110	250	99.6	+	0	0	250M	3988508	1129978
L	10599	250	*	*	*	*	*	10095	*
H	10599	250	99.6	+	0	0	250M	3988508	10095
L	9359	250	*	*	*	*	*	106098	*
H	9359	250	99.6	+	0	0	250M	3988508	106098
L	12570	250	*	*	*	*	*	949332	*
H	12570	250	100.0	+	0	0	250M	4030834	949332
L	2632	250	*	*	*	*	*	547361	*
H	2632	250	100.0	+	0	0	250M	4030834	547361
L	5923	250	*	*	*	*	*	278497	*
H	5923	250	100.0	+	0	0	250M	4030834	278497
L	2458	250	*	*	*	*	*	556428	*
H	2458	250	99.2	+	0	0	250M	4031104	556428
L	4016	250	*	*	*	*	*	389615	*
H	4016	250	99.2	+	0	0	250M	4031104	389615
L	8983	250	*	*	*	*	*	137406	*
H	8983	250	98.8	+	0	0	202MI47MD	4031104	137406
L	13469	250	*	*	*	*	*	2907882	*
H	13469	250	100.0	+	0	0	250M	1134405	2907882
L	2757	250	*	*	*	*	*	538564	*
H	2757	250	100.0	+	0	0	250M	1134405	538564
L	5292	250	*	*	*	*	*	311039	*
H	5292	250	100.0	+	0	0	250M	1134405	311039
L	10357	250	*	*	*	*	*	14449	*
H	10357	250	100.0	+	0	0	250M	4100336	14449
L	6440	250	*	*	*	*	*	254340	*
H	6440	250	100.0	+	0	0	250M	4100336	254340
L	14150	250	*	*	*	*	*	727134	*
H	14150	250	100.0	+	0	0	250M	4100336	727134
L	8441	250	*	*	*	*	*	160873	*
H	8441	250	100.0	+	0	0	250M	4127893	160873
L	9648	250	*	*	*	*	*	87839	*
H	9648	250	99.6	+	0	0	250M	4127893	87839
L	8742	250	*	*	*	*	*	146743	*
H	8742	250	98.8	+	0	0	250M	4127893	146743
L	10820	250	*	*	*	*	*	5639	*
H	10820	250	97.6	+	0	0	250M	4165505	5639
L	15662	250	*	*	*	*	*	4165504	*
H	15662	250	97.6	+	0	0	250M	4165505	4165504
L	19477	250	*	*	*	*	*	4464025	*
H	19477	250	93.6	+	0	0	250M	4165505	4464025
L	1414	250	*	*	*	*	*	783268	*
H	1414	250	99.6	+	0	0	250M	4165717	783268
L	19747	250	*	*	*	*	*	4475461	*
H	19747	250	99.2	+	0	0	250M	4165717	4475461
L	10924	250	*	*	*	*	*	2404	*
H	10924	250	97.6	+	0	0	250M	4165717	2404
L	16749	250	*	*	*	*	*	4331429	*
H	16749	250	94.0	+	0	0	250M	678402	4331429
L	16748	250	*	*	*	*	*	4331428	*
H	16748	250	93.2	+	0	0	250M	678402	4331428
L	1855	250	*	*	*	*	*	589503	*
H	1855	250	93.2	+	0	0	250M	678402	589503
L	12714	250	*	*	*	*	*	758055	*
H	12714	250	98.0	+	0	0	213MD36MI	4199309	758055
L	6936	250	*	*	*	*	*	216519	*
H	6936	250	98.0	+	0	0	213MD36MI	4199309	216519
L	1774	250	*	*	*	*	*	594044	*
H	1774	250	98.0	+	0	0	213MD36MI	4199309	594044
H	1157	250	98.0	+	0	0	157MD92MI	4225239	849283
H	15672	250	98.0	+	0	0	157MD92MI	4225239	4170478
L	11837	250	*	*	*	*	*	962681	*
H	11837	250	97.6	+	0	0	250M	4225239	962681
L	6039	250	*	*	*	*	*	272583	*
H	6039	250	99.6	+	0	0	250M	4227110	272583
L	12283	250	*	*	*	*	*	819797	*
H	12283	250	99.6	+	0	0	250M	4227110	819797
L	16525	250	*	*	*	*	*	4321459	*
H	16525	250	99.6	+	0	0	250M	4227110	4321459
L	6992	250	*	*	*	*	*	210245	*
H	6992	250	99.6	+	0	0	250M	4294859	210245
L	9305	250	*	*	*	*	*	107690	*
H	9305	250	98.8	+	0	0	250M	4294859	107690
L	13235	250	*	*	*	*	*	919466	*
H	13235	250	98.8	+	0	0	250M	4294859	919466
L	16430	250	*	*	*	*	*	4317820	*
H	16430	250	96.4	+	0	0	108MD141MI	4295165	4317820
L	16126	250	*	*	*	*	*	4304654	*
H	16126	250	96.4	+	0	0	108MD141MI	4295165	4304654
L	18942	250	*	*	*	*	*	4438390	*
H	18942	250	96.4	+	0	0	108MD141MI	4295165	4438390
L	18997	250	*	*	*	*	*	4441138	*
H	18997	250	100.0	+	0	0	250M	4304126	4441138
L	18672	250	*	*	*	*	*	4425750	*
H	18672	250	100.0	+	0	0	250M	4304126	4425750
L	19384	250	*	*	*	*	*	4459414	*
H	19384	250	100.0	+	0	0	250M	4304126	4459414
L	10864	250	*	*	*	*	*	4384	*
H	10864	250	100.0	+	0	0	250M	4308306	4384
L	10869	250	*	*	*	*	*	4373	*
H	10869	250	100.0	+	0	0	250M	4308306	4373
L	10865	250	*	*	*	*	*	4383	*
H	10865	250	100.0	+	0	0	250M	4308306	4383
L	19165	250	*	*	*	*	*	4449415	*
H	19165	250	98.4	+	0	0	41M2I207M2D	4310095	4449415
L	10355	250	*	*	*	*	*	14455	*
H	10355	250	95.6	+	0	0	43M3I204M3D	4310095	14455
L	19166	250	*	*	*	*	*	4449419	*
H	19166	250	97.6	+	0	0	54MD172MD22M2I	4310095	4449419
L	14455	250	*	*	*	*	*	828524	*
H	14455	250	99.2	+	0	0	250M	4310692	828524
L	16362	250	*	*	*	*	*	4314728	*
H	16362	250	99.2	+	0	0	250M	4310692	4314728
L	1347	250	*	*	*	*	*	810238	*
H	1347	250	98.8	+	0	0	250M	4310692	810238
L	10172	250	*	*	*	*	*	26928	*
H	10172	250	100.0	+	0	0	250M	4314051	26928
L	7448	250	*	*	*	*	*	190161	*
H	7448	250	100.0	+	0	0	250M	4314051	190161
L	5218	250	*	*	*	*	*	314702	*
H	5218	250	100.0	+	0	0	250M	4314051	314702
L	8807	250	*	*	*	*	*	143784	*
H	8807	250	100.0	+	0	0	250M	4316623	143784
L	8856	250	*	*	*	*	*	142304	*
H	8856	250	99.6	+	0	0	250M	4316623	142304
L	4911	250	*	*	*	*	*	335039	*
H	4911	250	99.2	+	0	0	250M	4316623	335039
L	14224	250	*	*	*	*	*	976815	*
H	14224	250	94.0	+	0	0	I249MD	4321924	976815
L	19799	250	*	*	*	*	*	4477704	*
H	19799	250	94.0	+	0	0	I249MD	4321924	4477704
L	12367	250	*	*	*	*	*	871565	*
H	12367	250	95.2	+	0	0	I59MD190M	4321924	871565
L	12689	250	*	*	*	*	*	2444840	*
H	12689	250	99.2	+	0	0	133MI116MD	4322704	2444840
L	5069	250	*	*	*	*	*	325272	*
H	5069	250	99.2	+	0	0	133MI116MD	4322704	325272
L	16473	250	*	*	*	*	*	4319638	*
H	16473	250	99.2	+	0	0	133MI116MD	4322704	4319638
H	19019	250	100.0	+	0	0	250M	4323942	4442258
L	7989	250	*	*	*	*	*	176827	*
H	7989	250	100.0	+	0	0	250M	4323942	176827
H	12648	250	100.0	+	0	0	250M	4323942	2421587
L	16047	250	*	*	*	*	*	4301018	*
H	16047	250	100.0	+	0	0	250M	4325515	4301018
L	15769	250	*	*	*	*	*	654764	*
H	15769	250	100.0	+	0	0	250M	4325515	654764
L	19491	250	*	*	*	*	*	4464601	*
H	19491	250	100.0	+	0	0	250M	4325515	4464601
H	1589	250	99.6	+	0	0	250M	4330933	697027
H	5279	250	98.4	+	0	0	250M	4330933	311586
H	10502	250	97.6	+	0	0	250M	4330933	12139
L	5842	250	*	*	*	*	*	286034	*
H	5842	250	99.2	+	0	0	250M	4331236	286034
L	9689	250	*	*	*	*	*	82437	*
H	9689	250	99.2	+	0	0	250M	4331236	82437
L	5344	250	*	*	*	*	*	308105	*
H	5344	250	99.2	+	0	0	250M	4331236	308105
H	8836	250	99.2	+	0	0	250M	4338444	142996
L	18196	250	*	*	*	*	*	4401355	*
H	18196	250	89.6	+	0	0	250M	4338444	4401355
L	7582	250	*	*	*	*	*	186795	*
H	7582	250	89.2	+	0	0	250M	4338444	186795
L	10651	250	*	*	*	*	*	9254	*
H	10651	250	99.2	+	0	0	250M	4342529	9254
L	10652	250	*	*	*	*	*	9252	*
H	10652	250	99.6	+	0	0	250M	4342529	9252
L	11852	250	*	*	*	*	*	1986992	*
H	11852	250	99.6	+	0	0	250M	4342529	1986992
H	10957	250	100.0	+	0	0	250M	4347524	1199
H	10956	250	99.2	+	0	0	250M	4347524	1208
H	2702	250	96.8	+	0	0	250M	4347524	542175
L	14490	250	*	*	*	*	*	1137866	*
H	14490	250	100.0	+	0	0	250M	4358054	1137866
L	13479	250	*	*	*	*	*	1124888	*
H	13479	250	99.6	+	0	0	250M	4358054	1124888
L	19794	250	*	*	*	*	*	4477388	*
H	19794	250	99.2	+	0	0	250M	4358054	4477388
L	11610	250	*	*	*	*	*	723998	*
H	11610	250	98.0	+	0	0	161MD88MI	4359936	723998
L	2276	250	*	*	*	*	*	566839	*
H	2276	250	97.6	+	0	0	I161MD88M	4359936	566839
L	19341	250	*	*	*	*	*	4457730	*
H	19341	250	97.6	+	0	0	I161MD88M	4359936	4457730
L	9006	250	*	*	*	*	*	136551	*
H	9006	250	98.4	+	0	0	105MD42MD101M2I	4363350	136551
H	19187	250	98.4	+	0	0	105MD42MD101M2I	4363350	4450394
L	17819	250	*	*	*	*	*	4382531	*
H	17819	250	98.4	+	0	0	105MD42MD101M2I	4363350	4382531
L	18162	250	*	*	*	*	*	4399637	*
H	18162	250	94.0	+	0	0	D50MD134MD63M3I	4367474	4399637
L	13584	250	*	*	*	*	*	2981626	*
H	13584	250	94.0	+	0	0	51MD134MD36MI12MI15M	4367474	2981626
L	19115	250	*	*	*	*	*	4446804	*
H	19115	250	94.0	+	0	0	51MD134MD63M2I	4367474	4446804
L	9696	250	*	*	*	*	*	82008	*
H	9696	250	94.4	+	0	0	16M4D230M4I	4367623	82008
L	4501	250	*	*	*	*	*	358170	*
H	4501	250	94.0	+	0	0	16M4D230M4I	4367623	358170
L	5871	250	*	*	*	*	*	283969	*
H	5871	250	93.6	+	0	0	16M4D230M4I	4367623	283969
L	8278	250	*	*	*	*	*	166874	*
H	8278	250	99.2	+	0	0	240MD9MI	4376803	166874
L	16973	250	*	*	*	*	*	4342987	*
H	16973	250	99.2	+	0	0	240MD9MI	4376803	4342987
L	8402	250	*	*	*	*	*	162185	*
H	8402	250	99.2	+	0	0	240MD9MI	4376803	162185
L	16294	250	*	*	*	*	*	4311226	*
H	16294	250	100.0	+	0	0	250M	4377254	4311226
L	2349	250	*	*	*	*	*	562815	*
H	2349	250	100.0	+	0	0	250M	4377254	562815
L	12686	250	*	*	*	*	*	916393	*
H	12686	250	100.0	+	0	0	250M	4377254	916393
L	13400	250	*	*	*	*	*	1123864	*
H	13400	250	99.6	+	0	0	25MD224MI	4379160	1123864
L	12191	250	*	*	*	*	*	1121406	*
H	12191	250	99.2	+	0	0	25MD224MI	4379160	1121406
L	11786	250	*	*	*	*	*	1139061	*
H	11786	250	98.8	+	0	0	25MD224MI	4379160	1139061
L	16431	250	*	*	*	*	*	4317840	*
H	16431	250	98.4	+	0	0	250M	4383407	4317840
L	2817	250	*	*	*	*	*	534193	*
H	2817	250	98.4	+	0	0	250M	4383407	534193
L	11677	250	*	*	*	*	*	1888677	*
H	11677	250	98.4	+	0	0	250M	4383407	1888677
H	17832	250	100.0	+	0	0	250M	4388302	4383129
H	15443	250	100.0	+	0	0	250M	4388302	4041567
H	17731	250	100.0	+	0	0	250M	4388302	4378331
L	8759	250	*	*	*	*	*	145526	*
H	8759	250	100.0	+	0	0	250M	4389423	145526
L	18391	250	*	*	*	*	*	4411367	*
H	18391	250	98.8	+	0	0	250M	4389423	4411367
L	14262	250	*	*	*	*	*	3363021	*
H	14262	250	98.8	+	0	0	250M	4389423	3363021
L	5602	250	*	*	*	*	*	296268	*
H	5602	250	99.6	+	0	0	111MI138MD	4391752	296268
L	11432	250	*	*	*	*	*	1768418	*
H	11432	250	99.6	+	0	0	111MI138MD	4391752	1768418
L	18181	250	*	*	*	*	*	4400482	*
H	18181	250	99.6	+	0	0	111MI138MD	4391752	4400482
H	16294	250	100.0	+	0	0	250M	4399636	4311226
H	2349	250	100.0	+	0	0	250M	4399636	562815
H	12686	250	100.0	+	0	0	250M	4399636	916393
L	13294	250	*	*	*	*	*	2806523	*
H	13294	250	97.2	+	0	0	250M	4406926	2806523
L	11110	250	*	*	*	*	*	1585210	*
H	11110	250	97.2	+	0	0	250M	4406926	1585210
H	14456	250	96.0	+	0	0	250M	4406926	3476289
L	19134	250	*	*	*	*	*	4447379	*
H	19134	250	98.8	+	0	0	250M	4407408	4447379
L	16777	250	*	*	*	*	*	4332864	*
H	16777	250	94.0	+	0	0	250M	4407408	4332864
L	16627	250	*	*	*	*	*	4325676	*
H	16627	250	93.6	+	0	0	250M	4407408	4325676
L	4408	250	*	*	*	*	*	360646	*
H	4408	250	99.6	+	0	0	250M	4409351	360646
L	18586	250	*	*	*	*	*	4421200	*
H	18586	250	99.6	+	0	0	250M	4409351	4421200
L	14534	250	*	*	*	*	*	3515488	*
H	14534	250	99.6	+	0	0	250M	4409351	3515488
L	13395	250	*	*	*	*	*	2855258	*
H	13395	250	97.2	+	0	0	2I137MI33MI14MI23MI30MI6M7D	4410155	2855258
H	13396	250	97.2	+	0	0	2I137MI33MI14MI23MI30MI6M7D	4410155	2855261
H	10542	250	97.2	+	0	0	2I137MI33MI14MI23MI30MI6M7D	4410155	11427
L	12739	250	*	*	*	*	*	2476146	*
H	12739	250	98.0	+	0	0	250M	4417604	2476146
L	11366	250	*	*	*	*	*	1122031	*
H	11366	250	96.4	+	0	0	224M2D9MD14M3I	4417604	1122031
L	1272	250	*	*	*	*	*	821327	*
H	1272	250	96.8	+	0	0	250M	4417604	821327
L	5927	250	*	*	*	*	*	277801	*
H	5927	250	100.0	+	0	0	250M	4422396	277801
L	1568	250	*	*	*	*	*	702854	*
H	1568	250	99.2	+	0	0	250M	4422396	702854
L	19851	250	*	*	*	*	*	4480304	*
H	19851	250	99.2	+	0	0	250M	4422396	4480304
H	4157	250	100.0	+	0	0	250M	4426107	368056
H	7043	250	100.0	+	0	0	250M	4426107	204086
H	2805	250	100.0	+	0	0	250M	4426107	535332
H	5761	250	100.0	+	0	0	250M	4426298	289954
H	5610	250	100.0	+	0	0	250M	4426298	295973
H	12200	250	99.6	+	0	0	250M	4426298	2176008
L	9749	250	*	*	*	*	*	76334	*
H	9749	250	98.8	+	0	0	250M	4439243	76334
L	6193	250	*	*	*	*	*	265137	*
H	6193	250	98.0	+	0	0	250M	4439243	265137
L	9753	250	*	*	*	*	*	75850	*
H	9753	250	97.2	+	0	0	250M	4439243	75850
L	4556	250	*	*	*	*	*	355066	*
H	4556	250	100.0	+	0	0	250M	4440566	355066
L	16933	250	*	*	*	*	*	4340647	*
H	16933	250	100.0	+	0	0	250M	4440566	4340647
L	16904	250	*	*	*	*	*	4338983	*
H	16904	250	100.0	+	0	0	250M	4440566	4338983
L	15372	250	*	*	*	*	*	966166	*
H	15372	250	99.2	+	0	0	250M	4443102	966166
L	8832	250	*	*	*	*	*	143057	*
H	8832	250	98.8	+	0	0	250M	4443102	143057
L	8787	250	*	*	*	*	*	144416	*
H	8787	250	98.4	+	0	0	219MD30MI	4443102	144416
L	12913	250	*	*	*	*	*	2559579	*
H	12913	250	99.6	+	0	0	250M	4459961	2559579
L	17794	250	*	*	*	*	*	4381303	*
H	17794	250	99.6	+	0	0	250M	4459961	4381303
L	1139	250	*	*	*	*	*	851797	*
H	1139	250	99.6	+	0	0	250M	4459961	851797
L	10018	250	*	*	*	*	*	46257	*
H	10018	250	98.8	+	0	0	250M	4462058	46257
L	10107	250	*	*	*	*	*	35231	*
H	10107	250	98.0	+	0	0	250M	4462058	35231
H	10247	250	94.4	+	0	0	250M	4462058	16711
L	13550	250	*	*	*	*	*	2956782	*
H	13550	250	100.0	+	0	0	250M	4470015	2956782
L	19311	250	*	*	*	*	*	4456186	*
H	19311	250	100.0	+	0	0	250M	4470015	4456186
L	8004	250	*	*	*	*	*	176405	*
H	8004	250	100.0	+	0	0	250M	4470015	176405
L	2225	250	*	*	*	*	*	569580	*
H	2225	250	99.2	+	0	0	108MD141MI	4478424	569580
L	8637	250	*	*	*	*	*	152216	*
H	8637	250	99.2	+	0	0	108MD141MI	4478424	152216
L	18140	250	*	*	*	*	*	4398113	*
H	18140	250	99.2	+	0	0	108MD141MI	4478424	4398113
L	4775	250	*	*	*	*	*	342749	*
H	4775	250	98.8	+	0	0	250M	4480819	342749
L	1468	250	*	*	*	*	*	756406	*
H	1468	250	97.2	+	0	0	250M	4480819	756406
L	10799	250	*	*	*	*	*	6241	*
H	10799	250	97.2	+	0	0	250M	4480819	6241
H	8545	250	100.0	+	0	0	250M	4482071	157163
H	18443	250	100.0	+	0	0	250M	4482071	4414015
H	12418	250	100.0	+	0	0	250M	4482071	1138108
L	20063	250	*	*	*	*	*	140505	*
H	20063	250	99.2	+	0	0	250M	753223	140505
L	20064	250	*	*	*	*	*	139743	*
H	20064	250	99.2	+	0	0	250M	753223	139743
L	20048	250	*	*	*	*	*	160478	*
H	20048	250	99.2	+	0	0	250M	753223	160478
L	20101	250	*	*	*	*	*	101553	*
H	20101	250	99.6	+	0	0	250M	565906	101553
L	20258	250	*	*	*	*	*	4355302	*
H	20258	250	96.0	+	0	0	250M	565906	4355302
L	20065	250	*	*	*	*	*	139554	*
H	20065	250	96.0	+	0	0	250M	565906	139554
L	20297	250	*	*	*	*	*	4464004	*
H	20297	250	97.2	+	0	0	198MI51MD	562255	4464004
L	20145	250	*	*	*	*	*	945	*
H	20145	250	95.6	+	0	0	250M	562255	945
L	19996	250	*	*	*	*	*	555048	*
H	19996	250	88.4	+	0	0	250M	562255	555048
L	20021	250	*	*	*	*	*	336600	*
H	20021	250	98.8	+	0	0	250M	347913	336600
L	20017	250	*	*	*	*	*	348569	*
H	20017	250	96.4	+	0	0	250M	347913	348569
L	20199	250	*	*	*	*	*	1074804	*
H	20199	250	96.0	+	0	0	250M	347913	1074804
L	20119	250	*	*	*	*	*	47411	*
H	20119	250	100.0	+	0	0	250M	106491	47411
L	20184	250	*	*	*	*	*	2076642	*
H	20184	250	96.8	+	0	0	250M	106491	2076642
L	19960	250	*	*	*	*	*	823196	*
H	19960	250	93.2	+	0	0	250M	106491	823196
L	20298	250	*	*	*	*	*	4466258	*
H	20298	250	98.0	+	0	0	250M	31020	4466258
L	20054	250	*	*	*	*	*	153762	*
H	20054	250	98.4	+	0	0	250M	31020	153762
L	20177	250	*	*	*	*	*	1138988	*
H	20177	250	97.2	+	0	0	250M	31020	1138988
L	20246	250	*	*	*	*	*	4308349	*
H	20246	250	99.2	+	0	0	250M	21979	4308349
L	20167	250	*	*	*	*	*	620097	*
H	20167	250	98.0	+	0	0	250M	21979	620097
L	20115	250	*	*	*	*	*	58361	*
H	20115	250	94.8	+	0	0	250M	21979	58361
L	20010	250	*	*	*	*	*	467541	*
H	20010	250	99.6	+	0	0	250M	439	467541
L	20011	250	*	*	*	*	*	451189	*
H	20011	250	99.6	+	0	0	250M	439	451189
L	20095	250	*	*	*	*	*	104887	*
H	20095	250	99.6	+	0	0	250M	439	104887
L	20190	250	*	*	*	*	*	2147799	*
H	20190	250	99.2	+	0	0	250M	779391	2147799
L	19983	250	*	*	*	*	*	591811	*
H	19983	250	98.4	+	0	0	157MD92MI	779391	591811
L	20253	250	*	*	*	*	*	4338135	*
H	20253	250	95.6	+	0	0	250M	779391	4338135
H	20119	250	92.8	+	0	0	250M	813104	47411
L	20287	250	*	*	*	*	*	4437047	*
H	20287	250	94.0	+	0	0	250M	813104	4437047
L	20210	250	*	*	*	*	*	3022550	*
H	20210	250	92.0	+	0	0	250M	813104	3022550
H	20253	250	98.4	+	0	0	250M	788391	4338135
H	19983	250	97.6	+	0	0	155MD94MI	788391	591811
H	20190	250	94.8	+	0	0	250M	788391	2147799
L	20189	250	*	*	*	*	*	639719	*
H	20189	250	99.6	+	0	0	250M	840654	639719
L	20201	250	*	*	*	*	*	1137022	*
H	20201	250	99.6	+	0	0	250M	840654	1137022
L	20212	250	*	*	*	*	*	841520	*
H	20212	250	99.6	+	0	0	250M	840654	841520
D	138	2	*	*	*	*	97.6	1086359	*
D	303	2	*	*	*	*	100.0	1050705	*
D	382	2	*	*	*	*	100.0	1033284	*
D	432	2	*	*	*	*	100.0	1019894	*
D	516	2	*	*	*	*	99.2	1000444	*
D	760	2	*	*	*	*	99.2	938795	*
D	943	2	*	*	*	*	98.0	896004	*
D	1139	2	*	*	*	*	99.6	851797	*
D	1145	2	*	*	*	*	98.0	851594	*
D	1230	2	*	*	*	*	100.0	827639	*
D	1249	2	*	*	*	*	99.2	823745	*
D	1252	2	*	*	*	*	99.2	823360	*
D	1270	2	*	*	*	*	96.0	821464	*
D	1296	2	*	*	*	*	99.6	817792	*
D	1345	2	*	*	*	*	100.0	810448	*
D	1377	2	*	*	*	*	98.8	804867	*
D	1387	2	*	*	*	*	100.0	801166	*
D	1414	2	*	*	*	*	99.6	783268	*
D	1486	2	*	*	*	*	99.2	747680	*
D	1508	2	*	*	*	*	100.0	737001	*
D	1589	3	*	*	*	*	99.6	697027	*
D	1600	2	*	*	*	*	99.6	693272	*
D	1609	2	*	*	*	*	99.6	689814	*
D	1628	2	*	*	*	*	98.8	680934	*
D	1649	2	*	*	*	*	98.4	667570	*
D	1668	2	*	*	*	*	98.8	656570	*
D	1736	2	*	*	*	*	100.0	623331	*
D	1774	2	*	*	*	*	98.0	594044	*
D	1808	2	*	*	*	*	97.2	592770	*
D	1813	2	*	*	*	*	99.6	592414	*
D	1829	2	*	*	*	*	100.0	591329	*
D	1843	2	*	*	*	*	99.2	590403	*
D	1885	2	*	*	*	*	100.0	588030	*
D	1999	2	*	*	*	*	100.0	582314	*
D	2018	2	*	*	*	*	100.0	581361	*
D	2032	2	*	*	*	*	99.2	580156	*
D	2033	2	*	*	*	*	94.4	580117	*
D	2104	2	*	*	*	*	98.8	576862	*
D	2106	2	*	*	*	*	100.0	576819	*
D	2108	2	*	*	*	*	100.0	576765	*
D	2160	2	*	*	*	*	100.0	573590	*
D	2177	2	*	*	*	*	96.0	572117	*
D	2180	2	*	*	*	*	98.8	571970	*
D	2181	2	*	*	*	*	100.0	571908	*
D	2193	2	*	*	*	*	100.0	571184	*
D	2202	2	*	*	*	*	99.6	570500	*
D	2264	2	*	*	*	*	100.0	567505	*
D	2407	2	*	*	*	*	100.0	559607	*
D	2498	2	*	*	*	*	99.6	554364	*
D	2500	2	*	*	*	*	98.4	554326	*
D	2528	2	*	*	*	*	100.0	552832	*
D	2549	2	*	*	*	*	100.0	551777	*
D	2583	2	*	*	*	*	100.0	549862	*
D	2607	2	*	*	*	*	100.0	548833	*
D	2640	2	*	*	*	*	100.0	546946	*
D	2647	2	*	*	*	*	100.0	546410	*
D	2651	2	*	*	*	*	98.4	545850	*
D	2659	2	*	*	*	*	98.8	544868	*
D	2704	2	*	*	*	*	100.0	542079	*
D	2744	2	*	*	*	*	100.0	539230	*
D	2753	2	*	*	*	*	100.0	538954	*
D	2769	2	*	*	*	*	100.0	537775	*
D	2794	2	*	*	*	*	98.4	535932	*
D	2805	3	*	*	*	*	100.0	535332	*
D	3065	2	*	*	*	*	97.6	526753	*
D	3349	2	*	*	*	*	99.6	519594	*
D	3549	2	*	*	*	*	99.6	514200	*
D	3733	2	*	*	*	*	99.6	470760	*
D	3742	2	*	*	*	*	100.0	469852	*
D	3876	2	*	*	*	*	97.2	430191	*
D	3951	2	*	*	*	*	97.2	407441	*
D	4007	2	*	*	*	*	99.2	392028	*
D	4016	2	*	*	*	*	99.2	389615	*
D	4244	2	*	*	*	*	96.4	365181	*
D	4390	2	*	*	*	*	100.0	361159	*
D	4446	2	*	*	*	*	99.2	359629	*
D	4514	2	*	*	*	*	99.6	357724	*
D	4528	2	*	*	*	*	100.0	357241	*
D	4557	2	*	*	*	*	99.6	4459730	*
D	4625	2	*	*	*	*	100.0	351084	*
D	4687	2	*	*	*	*	100.0	347584	*
D	4775	2	*	*	*	*	98.8	342749	*
D	5218	2	*	*	*	*	100.0	314702	*
D	5231	2	*	*	*	*	82.4	313830	*
D	5261	2	*	*	*	*	94.4	312339	*
D	5290	2	*	*	*	*	100.0	311173	*
D	5292	2	*	*	*	*	100.0	311039	*
D	5344	2	*	*	*	*	99.2	308105	*
D	5398	2	*	*	*	*	100.0	304523	*
D	5547	2	*	*	*	*	100.0	298873	*
D	5604	2	*	*	*	*	98.0	296176	*
D	5610	3	*	*	*	*	99.2	295973	*
D	5892	2	*	*	*	*	98.8	282074	*
D	5923	2	*	*	*	*	100.0	278497	*
D	5927	2	*	*	*	*	100.0	277801	*
D	6017	2	*	*	*	*	100.0	273417	*
D	6030	2	*	*	*	*	96.8	273031	*
D	6113	2	*	*	*	*	98.4	268868	*
D	6117	2	*	*	*	*	100.0	268667	*
D	6120	2	*	*	*	*	100.0	268628	*
D	6259	2	*	*	*	*	100.0	262578	*
D	6390	2	*	*	*	*	98.8	257051	*
D	6467	2	*	*	*	*	100.0	252206	*
D	6552	2	*	*	*	*	100.0	246824	*
D	6592	2	*	*	*	*	99.2	244196	*
D	6612	2	*	*	*	*	96.4	242978	*
D	6718	2	*	*	*	*	99.2	237354	*
D	6737	2	*	*	*	*	100.0	236017	*
D	6759	2	*	*	*	*	100.0	234292	*
D	6825	2	*	*	*	*	100.0	226417	*
D	6909	2	*	*	*	*	99.2	218446	*
D	6949	2	*	*	*	*	99.6	214827	*
D	6966	2	*	*	*	*	99.2	212383	*
D	6992	2	*	*	*	*	99.6	210245	*
D	7064	2	*	*	*	*	98.0	202365	*
D	7285	2	*	*	*	*	100.0	194286	*
D	7314	2	*	*	*	*	99.6	193675	*
D	7365	2	*	*	*	*	100.0	192111	*
D	7494	2	*	*	*	*	97.6	189028	*
D	7534	2	*	*	*	*	99.2	187997	*
D	7585	2	*	*	*	*	94.0	186744	*
D	7607	2	*	*	*	*	97.2	186275	*
D	7853	2	*	*	*	*	97.6	180513	*
D	8004	2	*	*	*	*	100.0	176405	*
D	8019	2	*	*	*	*	100.0	175954	*
D	8163	2	*	*	*	*	100.0	171957	*
D	8173	2	*	*	*	*	95.6	171577	*
D	8364	2	*	*	*	*	99.6	163834	*
D	8385	2	*	*	*	*	98.8	163130	*
D	8402	2	*	*	*	*	99.2	162185	*
D	8441	2	*	*	*	*	100.0	160873	*
D	8450	2	*	*	*	*	97.2	160438	*
D	8484	2	*	*	*	*	100.0	158822	*
D	8546	2	*	*	*	*	96.8	157072	*
D	8584	2	*	*	*	*	99.2	154756	*
D	8595	2	*	*	*	*	100.0	154176	*
D	8759	2	*	*	*	*	100.0	145526	*
D	8786	2	*	*	*	*	100.0	144473	*
D	8806	2	*	*	*	*	99.2	143806	*
D	8807	2	*	*	*	*	100.0	143784	*
D	8836	2	*	*	*	*	99.2	142996	*
D	8869	2	*	*	*	*	96.8	141824	*
D	8945	2	*	*	*	*	98.4	139410	*
D	9015	2	*	*	*	*	99.2	136200	*
D	9037	2	*	*	*	*	99.6	134370	*
D	9043	2	*	*	*	*	100.0	134019	*
D	9098	2	*	*	*	*	98.8	129288	*
D	9103	2	*	*	*	*	97.2	128429	*
D	9188	2	*	*	*	*	99.6	112989	*
D	9239	2	*	*	*	*	100.0	110507	*
D	9287	2	*	*	*	*	98.8	108384	*
D	9309	2	*	*	*	*	99.6	107650	*
D	9353	2	*	*	*	*	90.0	106358	*
D	9357	2	*	*	*	*	100.0	106188	*
D	9359	2	*	*	*	*	99.6	106098	*
D	9380	2	*	*	*	*	98.4	105508	*
D	9402	2	*	*	*	*	99.6	104459	*
D	9405	2	*	*	*	*	100.0	104370	*
D	9475	2	*	*	*	*	96.4	101788	*
D	9477	2	*	*	*	*	99.6	101611	*
D	9482	2	*	*	*	*	99.6	101458	*
D	9505	2	*	*	*	*	100.0	100589	*
D	9522	2	*	*	*	*	100.0	99951	*
D	9535	2	*	*	*	*	99.2	99430	*
D	9557	2	*	*	*	*	99.6	97778	*
D	9575	2	*	*	*	*	97.2	94130	*
D	9578	2	*	*	*	*	100.0	93822	*
D	9659	2	*	*	*	*	99.6	86196	*
D	9665	2	*	*	*	*	100.0	85860	*
D	9696	2	*	*	*	*	94.4	82008	*
D	9714	2	*	*	*	*	90.8	80764	*
D	9749	2	*	*	*	*	98.8	76334	*
D	9757	2	*	*	*	*	98.8	74862	*
D	9784	2	*	*	*	*	98.4	73433	*
D	9836	2	*	*	*	*	100.0	70580	*
D	9863	2	*	*	*	*	100.0	67654	*
D	9906	2	*	*	*	*	100.0	61968	*
D	9917	2	*	*	*	*	98.4	59553	*
D	9942	2	*	*	*	*	98.4	57551	*
D	10011	2	*	*	*	*	96.8	47556	*
D	10018	2	*	*	*	*	98.8	46257	*
D	10058	3	*	*	*	*	99.8	40820	*
D	10082	2	*	*	*	*	99.6	38918	*
D	10137	2	*	*	*	*	96.8	30439	*
D	10176	2	*	*	*	*	96.0	26629	*
D	10179	2	*	*	*	*	100.0	26225	*
D	10199	2	*	*	*	*	99.6	24089	*
D	10234	2	*	*	*	*	100.0	19369	*
D	10284	2	*	*	*	*	100.0	16012	*
D	10291	2	*	*	*	*	99.6	15691	*
D	10316	2	*	*	*	*	96.4	15033	*
D	10322	2	*	*	*	*	99.2	14977	*
D	10334	2	*	*	*	*	100.0	14601	*
D	10340	2	*	*	*	*	99.6	14554	*
D	10379	3	*	*	*	*	99.6	14202	*
D	10419	2	*	*	*	*	99.6	13401	*
D	10454	2	*	*	*	*	98.8	12808	*
D	10471	2	*	*	*	*	100.0	12491	*
D	10503	2	*	*	*	*	100.0	12133	*
D	10539	2	*	*	*	*	99.6	11440	*
D	10542	2	*	*	*	*	97.2	11427	*
D	10553	2	*	*	*	*	99.2	11120	*
D	10565	2	*	*	*	*	100.0	10829	*
D	10588	2	*	*	*	*	96.8	10400	*
D	10608	2	*	*	*	*	100.0	9807	*
D	10701	2	*	*	*	*	100.0	8185	*
D	10754	2	*	*	*	*	100.0	7521	*
D	10780	2	*	*	*	*	98.4	7098	*
D	10790	2	*	*	*	*	98.0	6517	*
D	10814	2	*	*	*	*	98.4	5696	*
D	10821	2	*	*	*	*	95.2	5631	*
D	10865	2	*	*	*	*	100.0	4383	*
D	10884	2	*	*	*	*	96.0	4009	*
D	10902	2	*	*	*	*	100.0	3306	*
D	10957	3	*	*	*	*	99.8	1199	*
D	11000	2	*	*	*	*	98.0	1521670	*
D	11014	2	*	*	*	*	99.6	1526802	*
D	11045	2	*	*	*	*	100.0	1546669	*
D	11048	2	*	*	*	*	100.0	635635	*
D	11110	2	*	*	*	*	97.2	1585210	*
D	11112	2	*	*	*	*	100.0	1587366	*
D	11201	2	*	*	*	*	100.0	1120871	*
D	11335	2	*	*	*	*	99.2	1136234	*
D	11336	2	*	*	*	*	100.0	1132903	*
D	11444	2	*	*	*	*	100.0	1773389	*
D	11470	2	*	*	*	*	98.8	1002608	*
D	11517	2	*	*	*	*	96.4	1803005	*
D	11580	2	*	*	*	*	100.0	1047812	*
D	11610	2	*	*	*	*	98.0	723998	*
D	11677	2	*	*	*	*	98.4	1888677	*
D	11743	2	*	*	*	*	100.0	1925093	*
D	11852	2	*	*	*	*	99.6	1986992	*
D	11873	2	*	*	*	*	97.6	1137294	*
D	11929	2	*	*	*	*	100.0	764687	*
D	11954	2	*	*	*	*	99.6	2051193	*
D	12005	2	*	*	*	*	96.8	2084902	*
D	12014	3	*	*	*	*	100.0	1127062	*
D	12038	2	*	*	*	*	99.6	851661	*
D	12103	2	*	*	*	*	97.6	945333	*
D	12221	2	*	*	*	*	100.0	615094	*
D	12276	2	*	*	*	*	99.6	2221242	*
D	12336	2	*	*	*	*	100.0	2250345	*
D	12367	2	*	*	*	*	95.2	871565	*
D	12418	4	*	*	*	*	100.0	1138108	*
D	12476	2	*	*	*	*	98.0	2323585	*
D	12490	2	*	*	*	*	99.2	1138442	*
D	12594	2	*	*	*	*	98.8	2394321	*
D	12604	2	*	*	*	*	99.6	2398623	*
D	12648	2	*	*	*	*	100.0	2421587	*
D	12667	2	*	*	*	*	100.0	1126164	*
D	12686	3	*	*	*	*	100.0	916393	*
D	12709	2	*	*	*	*	98.8	2461583	*
D	12739	2	*	*	*	*	98.0	2476146	*
D	12779	2	*	*	*	*	99.6	1122559	*
D	12791	2	*	*	*	*	94.0	2500063	*
D	12909	2	*	*	*	*	96.0	939327	*
D	13047	2	*	*	*	*	98.0	2648149	*
D	13061	2	*	*	*	*	99.6	2655364	*
D	13123	2	*	*	*	*	100.0	832724	*
D	13396	2	*	*	*	*	98.0	2855261	*
D	13400	2	*	*	*	*	99.6	1123864	*
D	13657	2	*	*	*	*	94.4	3028373	*
D	13817	2	*	*	*	*	99.6	1129006	*
D	14001	2	*	*	*	*	100.0	3217951	*
D	14023	2	*	*	*	*	90.4	3228260	*
D	14150	2	*	*	*	*	100.0	727134	*
D	14171	2	*	*	*	*	99.2	3312521	*
D	14174	2	*	*	*	*	99.6	3314057	*
D	14244	2	*	*	*	*	98.0	647165	*
D	14294	2	*	*	*	*	94.8	810299	*
D	14346	2	*	*	*	*	98.4	1125647	*
D	14392	2	*	*	*	*	100.0	1134509	*
D	14423	2	*	*	*	*	100.0	1127998	*
D	14448	2	*	*	*	*	99.6	714746	*
D	14456	2	*	*	*	*	98.0	3476289	*
D	14470	2	*	*	*	*	100.0	1069463	*
D	14490	2	*	*	*	*	100.0	1137866	*
D	14534	2	*	*	*	*	99.6	3515488	*
D	14691	2	*	*	*	*	99.2	3607912	*
D	14838	2	*	*	*	*	98.4	1128237	*
D	14889	2	*	*	*	*	91.6	1124552	*
D	14965	2	*	*	*	*	99.2	1142026	*
D	14983	2	*	*	*	*	100.0	1144357	*
D	15048	2	*	*	*	*	100.0	725444	*
D	15059	2	*	*	*	*	97.2	971934	*
D	15098	2	*	*	*	*	98.8	1127185	*
D	15198	2	*	*	*	*	100.0	830475	*
D	15255	2	*	*	*	*	100.0	1126009	*
D	15372	2	*	*	*	*	99.2	966166	*
D	15401	2	*	*	*	*	98.4	4020387	*
D	15562	2	*	*	*	*	94.0	851667	*
D	15593	2	*	*	*	*	100.0	1131221	*
D	15662	2	*	*	*	*	97.6	4165504	*
D	15672	2	*	*	*	*	98.0	4170478	*
D	15719	2	*	*	*	*	99.6	1138243	*
D	15847	2	*	*	*	*	99.2	816306	*
D	15848	2	*	*	*	*	100.0	824234	*
D	15951	2	*	*	*	*	98.8	4296273	*
D	15975	4	*	*	*	*	100.0	4297918	*
D	15976	2	*	*	*	*	100.0	4297960	*
D	16061	2	*	*	*	*	100.0	4301769	*
D	16084	2	*	*	*	*	100.0	4302911	*
D	16118	2	*	*	*	*	100.0	4304334	*
D	16362	2	*	*	*	*	99.2	4314728	*
D	16444	2	*	*	*	*	100.0	4318644	*
D	16473	2	*	*	*	*	99.2	4319638	*
D	16525	2	*	*	*	*	99.6	4321459	*
D	16577	2	*	*	*	*	99.6	4323512	*
D	16699	2	*	*	*	*	97.6	4329120	*
D	16749	2	*	*	*	*	94.0	4331429	*
D	16762	2	*	*	*	*	100.0	4331976	*
D	16904	2	*	*	*	*	100.0	4338983	*
D	17052	2	*	*	*	*	99.2	4347381	*
D	17064	2	*	*	*	*	98.4	4347830	*
D	17141	2	*	*	*	*	100.0	4351033	*
D	17169	2	*	*	*	*	98.8	4352471	*
D	17253	2	*	*	*	*	99.6	4356719	*
D	17354	2	*	*	*	*	99.6	4360942	*
D	17375	2	*	*	*	*	100.0	4361600	*
D	17385	2	*	*	*	*	97.2	4362320	*
D	17414	2	*	*	*	*	99.2	4364049	*
D	17504	2	*	*	*	*	100.0	4367987	*
D	17642	2	*	*	*	*	99.6	4374291	*
D	17690	2	*	*	*	*	100.0	4376843	*
D	17731	3	*	*	*	*	100.0	4378331	*
D	17755	2	*	*	*	*	99.6	4379449	*
D	17819	2	*	*	*	*	98.4	4382531	*
D	17821	3	*	*	*	*	100.0	4382697	*
D	17840	2	*	*	*	*	98.8	4383599	*
D	17875	3	*	*	*	*	100.0	4385528	*
D	17925	2	*	*	*	*	100.0	4387313	*
D	17964	2	*	*	*	*	99.6	4388952	*
D	18052	2	*	*	*	*	99.6	4393352	*
D	18075	2	*	*	*	*	98.8	4394897	*
D	18093	2	*	*	*	*	97.6	4395540	*
D	18140	2	*	*	*	*	99.2	4398113	*
D	18181	2	*	*	*	*	99.6	4400482	*
D	18243	2	*	*	*	*	99.6	4404057	*
D	18283	2	*	*	*	*	94.0	4406407	*
D	18374	2	*	*	*	*	100.0	4410567	*
D	18466	2	*	*	*	*	100.0	690594	*
D	18475	2	*	*	*	*	100.0	4415058	*
D	18609	2	*	*	*	*	99.2	4422718	*
D	18674	2	*	*	*	*	100.0	4425789	*
D	18786	2	*	*	*	*	100.0	4431101	*
D	18869	2	*	*	*	*	98.0	4434920	*
D	18942	2	*	*	*	*	96.4	4438390	*
D	19019	2	*	*	*	*	94.4	4442258	*
D	19035	2	*	*	*	*	96.4	4442913	*
D	19115	2	*	*	*	*	94.0	4446804	*
D	19134	2	*	*	*	*	98.8	4447379	*
D	19165	2	*	*	*	*	98.4	4449415	*
D	19384	2	*	*	*	*	100.0	4459414	*
D	19449	2	*	*	*	*	100.0	4462906	*
D	19453	2	*	*	*	*	100.0	4463108	*
D	19491	2	*	*	*	*	100.0	4464601	*
D	19738	2	*	*	*	*	100.0	4475144	*
D	19832	2	*	*	*	*	99.6	4479549	*
D	19876	2	*	*	*	*	99.2	4481550	*
D	20021	2	*	*	*	*	98.8	336600	*
D	20048	2	*	*	*	*	99.2	160478	*
D	20054	2	*	*	*	*	98.4	153762	*
D	20095	2	*	*	*	*	99.6	104887	*
D	20101	2	*	*	*	*	99.6	101553	*
D	20119	2	*	*	*	*	100.0	47411	*
D	20190	2	*	*	*	*	99.2	2147799	*
D	20212	2	*	*	*	*	99.6	841520	*
D	20246	2	*	*	*	*	99.2	4308349	*
D	20253	2	*	*	*	*	98.4	4338135	*
D	20287	2	*	*	*	*	94.0	4437047	*
D	20297	2	*	*	*	*	97.2	4464004	*
