UclustConsensusTaxonAssigner parameters:
id_to_taxonomy_filepath:/Users/nbokulich/Desktop/projects/short-read-tax-assignment/data/novel-taxa-simulations/B1-REF-L2-iter0/ref_taxa.tsv
id_to_taxonomy_fp:/Users/nbokulich/Desktop/projects/short-read-tax-assignment/data/novel-taxa-simulations/B1-REF-L2-iter0/ref_taxa.tsv
max_accepts:5
min_consensus_fraction:0.51
reference_sequences_fp:/Users/nbokulich/Desktop/projects/short-read-tax-assignment/data/novel-taxa-simulations/B1-REF-L2-iter0/ref_seqs.fasta
similarity:0.9
unassignable_label:Unassigned
Result path: /var/folders/0t/l1dz88p50y91vx_22fx5w3780000gn/T/assign-taxV8aF6F

.uc file contents:

# uclust --input /Users/nbokulich/Desktop/projects/short-read-tax-assignment/data/novel-taxa-simulations/B1-REF-L2-iter0/query.fasta --id 0.9 --rev --maxaccepts 5 --allhits --libonly --lib /Users/nbokulich/Desktop/projects/short-read-tax-assignment/data/novel-taxa-simulations/B1-REF-L2-iter0/ref_seqs.fasta --uc /var/folders/0t/l1dz88p50y91vx_22fx5w3780000gn/T/UclustConsensusTaxonAssigner_9UhifS.uc
# version=1.2.22
# Tab-separated fields:
# 1=Type, 2=ClusterNr, 3=SeqLength or ClusterSize, 4=PctId, 5=Strand, 6=QueryStart, 7=SeedStart, 8=Alignment, 9=QueryLabel, 10=TargetLabel
# Record types (field 1): L=LibSeed, S=NewSeed, H=Hit, R=Reject, D=LibCluster, C=NewCluster, N=NoHit
# For C and D types, PctId is average id with seed.
# QueryStart and SeedStart are zero-based relative to start of sequence.
# If minus strand, SeedStart is relative to reverse-complemented seed.
N	*	250	*	*	*	*	*	814161	*
N	*	250	*	*	*	*	*	583935	*
N	*	250	*	*	*	*	*	370251	*
N	*	250	*	*	*	*	*	263575	*
N	*	250	*	*	*	*	*	198054	*
N	*	250	*	*	*	*	*	97840	*
N	*	250	*	*	*	*	*	12524	*
N	*	250	*	*	*	*	*	2834269	*
N	*	250	*	*	*	*	*	2884179	*
N	*	250	*	*	*	*	*	1105271	*
N	*	250	*	*	*	*	*	672322	*
N	*	250	*	*	*	*	*	4348445	*
N	*	250	*	*	*	*	*	4436985	*
N	*	250	*	*	*	*	*	4476741	*
N	*	250	*	*	*	*	*	773133	*
N	*	250	*	*	*	*	*	565906	*
N	*	250	*	*	*	*	*	219691	*
N	*	250	*	*	*	*	*	46167	*
