UclustConsensusTaxonAssigner parameters:
id_to_taxonomy_filepath:/Users/nbokulich/Desktop/ref_dbs/gg_13_8_otus/taxonomy/99_otu_taxonomy.txt
id_to_taxonomy_fp:/Users/nbokulich/Desktop/ref_dbs/gg_13_8_otus/taxonomy/99_otu_taxonomy.txt
max_accepts:3
min_consensus_fraction:1.0
reference_sequences_fp:/Users/nbokulich/Desktop/ref_dbs/gg_13_8_otus/rep_set/99_otus/dna-sequences.fasta
similarity:0.97
unassignable_label:Unassigned
Result path: /var/folders/0t/l1dz88p50y91vx_22fx5w3780000gn/T/assign-tax6vzcYO

.uc file contents:

# uclust --input /Users/nbokulich/Desktop/projects/short-read-tax-assignment/data/mock-community/mock-5/rep_seqs.fna --id 0.97 --rev --maxaccepts 3 --allhits --libonly --lib /Users/nbokulich/Desktop/ref_dbs/gg_13_8_otus/rep_set/99_otus/dna-sequences.fasta --uc /var/folders/0t/l1dz88p50y91vx_22fx5w3780000gn/T/UclustConsensusTaxonAssigner_B1bnZc.uc
# version=1.2.22
# Tab-separated fields:
# 1=Type, 2=ClusterNr, 3=SeqLength or ClusterSize, 4=PctId, 5=Strand, 6=QueryStart, 7=SeedStart, 8=Alignment, 9=QueryLabel, 10=TargetLabel
# Record types (field 1): L=LibSeed, S=NewSeed, H=Hit, R=Reject, D=LibCluster, C=NewCluster, N=NoHit
# For C and D types, PctId is average id with seed.
# QueryStart and SeedStart are zero-based relative to start of sequence.
# If minus strand, SeedStart is relative to reverse-complemented seed.
L	120846	250	*	*	*	*	*	1969269	*
H	120846	200	100.0	+	0	0	200M50I	7a8603388f24ceb73a765c63fbd45827	1969269
L	183458	250	*	*	*	*	*	4411236	*
H	183458	200	99.5	+	0	0	200M50I	7a8603388f24ceb73a765c63fbd45827	4411236
L	172775	250	*	*	*	*	*	4356764	*
H	172775	200	100.0	+	0	0	200M50I	7a8603388f24ceb73a765c63fbd45827	4356764
L	40478	250	*	*	*	*	*	405957	*
H	40478	200	100.0	+	0	0	200M50I	5897f46dcef1a15d235484364e583e10	405957
L	2031	250	*	*	*	*	*	1067574	*
H	2031	200	100.0	+	0	0	200M50I	5897f46dcef1a15d235484364e583e10	1067574
L	150192	250	*	*	*	*	*	870406	*
H	150192	200	100.0	+	0	0	200M50I	5897f46dcef1a15d235484364e583e10	870406
L	198123	250	*	*	*	*	*	840006	*
H	198123	200	99.5	+	0	0	200M50I	a76470d977238e2fd7c516b9b72b9bd5	840006
L	198854	250	*	*	*	*	*	470690	*
H	198854	200	99.5	+	0	0	200M50I	a76470d977238e2fd7c516b9b72b9bd5	470690
L	200736	250	*	*	*	*	*	130	*
H	200736	200	98.0	+	0	0	200M50I	a76470d977238e2fd7c516b9b72b9bd5	130
L	122434	250	*	*	*	*	*	1131255	*
H	122434	200	98.0	+	0	0	200M50I	c832523bd1068cf62c214e20f4e8b876	1131255
L	130459	250	*	*	*	*	*	746873	*
H	130459	200	98.5	+	0	0	200M50I	c832523bd1068cf62c214e20f4e8b876	746873
L	10023	250	*	*	*	*	*	818484	*
H	10023	200	97.5	+	0	0	200M50I	c832523bd1068cf62c214e20f4e8b876	818484
H	198123	200	99.5	+	0	0	200M50I	f6854c6fc09597e75bc9509ed63db599	840006
H	198854	200	99.5	+	0	0	200M50I	f6854c6fc09597e75bc9509ed63db599	470690
H	200736	200	98.0	+	0	0	200M50I	f6854c6fc09597e75bc9509ed63db599	130
L	162600	250	*	*	*	*	*	4305995	*
H	162600	200	100.0	+	0	0	200M50I	e4a79f5dc9f061687202ec45363540aa	4305995
L	112784	250	*	*	*	*	*	745368	*
H	112784	200	99.5	+	0	0	200M50I	e4a79f5dc9f061687202ec45363540aa	745368
L	146345	250	*	*	*	*	*	855943	*
H	146345	200	99.5	+	0	0	200M50I	e4a79f5dc9f061687202ec45363540aa	855943
L	166988	250	*	*	*	*	*	4326794	*
H	166988	200	100.0	+	0	0	200M50I	2784700fd508030b7df08c276cd2cd3e	4326794
L	15307	250	*	*	*	*	*	666832	*
H	15307	200	99.5	+	0	0	200M50I	2784700fd508030b7df08c276cd2cd3e	666832
L	105651	250	*	*	*	*	*	75279	*
H	105651	200	97.0	+	0	0	200M50I	2784700fd508030b7df08c276cd2cd3e	75279
L	150924	250	*	*	*	*	*	1012358	*
H	150924	200	99.0	+	0	0	200M50I	f077e8929e3596b83d3530c237ae9a13	1012358
L	131824	250	*	*	*	*	*	984766	*
H	131824	200	100.0	+	0	0	200M50I	f077e8929e3596b83d3530c237ae9a13	984766
L	7503	250	*	*	*	*	*	859232	*
H	7503	200	99.5	+	0	0	200M50I	f077e8929e3596b83d3530c237ae9a13	859232
L	32614	250	*	*	*	*	*	532163	*
H	32614	200	99.5	+	0	0	200M50I	09c8b892b0706508c7464817c754cd56	532163
L	111783	250	*	*	*	*	*	5796	*
H	111783	200	99.5	+	0	0	200M50I	09c8b892b0706508c7464817c754cd56	5796
L	70196	250	*	*	*	*	*	252206	*
H	70196	200	99.5	+	0	0	200M50I	09c8b892b0706508c7464817c754cd56	252206
L	188509	250	*	*	*	*	*	4436370	*
H	188509	200	99.5	+	0	0	200M50I	57228ea8e79d75f4fe69ef08aeba0162	4436370
L	5034	250	*	*	*	*	*	954657	*
H	5034	200	99.5	+	0	0	200M50I	57228ea8e79d75f4fe69ef08aeba0162	954657
L	44086	250	*	*	*	*	*	356733	*
H	44086	200	99.5	+	0	0	200M50I	57228ea8e79d75f4fe69ef08aeba0162	356733
H	120846	200	99.5	+	0	0	200M50I	e05e9ce9b60bdf7edca2d3c1a1957983	1969269
H	183458	200	99.0	+	0	0	200M50I	e05e9ce9b60bdf7edca2d3c1a1957983	4411236
H	172775	200	99.5	+	0	0	200M50I	e05e9ce9b60bdf7edca2d3c1a1957983	4356764
H	198123	200	99.5	+	0	0	200M50I	c30ad1a085db503885dce59f24e13fa0	840006
H	198854	200	99.5	+	0	0	200M50I	c30ad1a085db503885dce59f24e13fa0	470690
H	200736	200	98.0	+	0	0	200M50I	c30ad1a085db503885dce59f24e13fa0	130
H	198123	200	99.5	+	0	0	200M50I	826518ad653f15f10dc4cade723a6189	840006
H	198854	200	99.5	+	0	0	200M50I	826518ad653f15f10dc4cade723a6189	470690
H	200736	200	98.0	+	0	0	200M50I	826518ad653f15f10dc4cade723a6189	130
L	150816	250	*	*	*	*	*	727390	*
H	150816	200	100.0	+	0	0	200M50I	bc85ec734c89c314b52c6cad794ae7c4	727390
L	102423	250	*	*	*	*	*	103724	*
H	102423	200	98.0	+	0	0	200M50I	bc85ec734c89c314b52c6cad794ae7c4	103724
L	49412	250	*	*	*	*	*	335118	*
H	49412	200	98.0	+	0	0	200M50I	bc85ec734c89c314b52c6cad794ae7c4	335118
L	134182	250	*	*	*	*	*	965500	*
H	134182	200	100.0	+	0	0	200M50I	42ff26b01276bc2fbb354686862ee8a0	965500
L	127283	250	*	*	*	*	*	974513	*
H	127283	200	100.0	+	0	0	200M50I	42ff26b01276bc2fbb354686862ee8a0	974513
L	6507	250	*	*	*	*	*	898172	*
H	6507	200	100.0	+	0	0	200M50I	42ff26b01276bc2fbb354686862ee8a0	898172
H	198123	200	99.5	+	0	0	200M50I	926205faea49d5a875c6f91eb9e8f208	840006
H	198854	200	99.5	+	0	0	200M50I	926205faea49d5a875c6f91eb9e8f208	470690
H	200736	200	98.0	+	0	0	200M50I	926205faea49d5a875c6f91eb9e8f208	130
H	198123	200	99.5	+	0	0	200M50I	b9ac642f3379c8af07285e9eabf1f0e9	840006
H	200736	200	98.0	+	0	0	200M50I	b9ac642f3379c8af07285e9eabf1f0e9	130
H	198854	200	99.5	+	0	0	200M50I	b9ac642f3379c8af07285e9eabf1f0e9	470690
L	137082	250	*	*	*	*	*	2917953	*
H	137082	200	99.5	+	0	0	200M50I	cfbbef90c136a681b68047afb1d30da5	2917953
L	193633	250	*	*	*	*	*	4462436	*
H	193633	200	98.0	+	0	0	200M50I	cfbbef90c136a681b68047afb1d30da5	4462436
L	149835	250	*	*	*	*	*	3690024	*
H	149835	200	100.0	+	0	0	200M50I	cfbbef90c136a681b68047afb1d30da5	3690024
L	166410	250	*	*	*	*	*	4323871	*
H	166410	200	98.5	+	0	0	200M50I	0e117d6e31003cdbf2c152684f633451	4323871
L	88420	250	*	*	*	*	*	175931	*
H	88420	200	100.0	+	0	0	200M50I	0e117d6e31003cdbf2c152684f633451	175931
L	33556	250	*	*	*	*	*	528281	*
H	33556	200	98.5	+	0	0	200M50I	0e117d6e31003cdbf2c152684f633451	528281
N	*	200	*	*	*	*	*	5a658f6e58d28c6b579d01675662015a	*
H	198854	200	99.5	+	0	0	200M50I	080bbcde4f003285dcda9eeeaa3a0111	470690
L	198115	250	*	*	*	*	*	842598	*
H	198115	200	97.5	+	0	0	103MD96M51I	080bbcde4f003285dcda9eeeaa3a0111	842598
H	198123	200	99.5	+	0	0	200M50I	080bbcde4f003285dcda9eeeaa3a0111	840006
H	188509	200	99.5	+	0	0	200M50I	131b92d6eaea53fa125993149cada791	4436370
H	5034	200	99.5	+	0	0	200M50I	131b92d6eaea53fa125993149cada791	954657
H	44086	200	99.5	+	0	0	200M50I	131b92d6eaea53fa125993149cada791	356733
L	162743	250	*	*	*	*	*	4306540	*
H	162743	200	99.5	+	0	0	200M50I	ce1c683af8d902515a588c3e903407d7	4306540
L	16999	250	*	*	*	*	*	606204	*
H	16999	200	99.5	+	0	0	200M50I	ce1c683af8d902515a588c3e903407d7	606204
L	77203	250	*	*	*	*	*	219826	*
H	77203	200	99.5	+	0	0	200M50I	ce1c683af8d902515a588c3e903407d7	219826
H	198123	200	99.5	+	0	0	200M50I	04c9c56ad65bbb13ef560df31366d080	840006
H	200736	200	98.0	+	0	0	200M50I	04c9c56ad65bbb13ef560df31366d080	130
H	198854	200	99.5	+	0	0	200M50I	04c9c56ad65bbb13ef560df31366d080	470690
L	186689	250	*	*	*	*	*	4427114	*
H	186689	200	99.5	+	0	0	200M50I	7ac9c29b4ec5b90f230e4669f8728028	4427114
L	92403	250	*	*	*	*	*	158047	*
H	92403	200	99.0	+	0	0	200M50I	7ac9c29b4ec5b90f230e4669f8728028	158047
L	41936	250	*	*	*	*	*	367843	*
H	41936	200	99.0	+	0	0	200M50I	7ac9c29b4ec5b90f230e4669f8728028	367843
H	198123	200	99.5	+	0	0	200M50I	b558c4375eff1fb0f5b4f8786dc5e322	840006
H	198854	200	99.5	+	0	0	200M50I	b558c4375eff1fb0f5b4f8786dc5e322	470690
H	200736	200	98.0	+	0	0	200M50I	b558c4375eff1fb0f5b4f8786dc5e322	130
L	89226	250	*	*	*	*	*	173278	*
H	89226	200	98.5	+	0	0	200M50I	273b674ae4f6e98a59b4ad0f8668c47c	173278
L	180774	250	*	*	*	*	*	4397155	*
H	180774	200	98.5	+	0	0	200M50I	273b674ae4f6e98a59b4ad0f8668c47c	4397155
L	151870	250	*	*	*	*	*	3804871	*
H	151870	200	98.5	+	0	0	200M50I	273b674ae4f6e98a59b4ad0f8668c47c	3804871
H	198123	200	99.5	+	0	0	200M50I	4f3a253503f2131bbe6e51d2889b18af	840006
H	200736	200	98.0	+	0	0	200M50I	4f3a253503f2131bbe6e51d2889b18af	130
H	198854	200	99.5	+	0	0	200M50I	4f3a253503f2131bbe6e51d2889b18af	470690
H	198123	200	99.5	+	0	0	200M50I	9cea452c7c0c101da36425ae3bdbda08	840006
H	198854	200	99.5	+	0	0	200M50I	9cea452c7c0c101da36425ae3bdbda08	470690
H	200736	200	98.0	+	0	0	200M50I	9cea452c7c0c101da36425ae3bdbda08	130
L	202788	250	*	*	*	*	*	4438983	*
H	202788	200	97.5	+	0	0	200M50I	6e14e3f76d786a865b878b2eab836692	4438983
H	198123	200	99.5	+	0	0	200M50I	6e14e3f76d786a865b878b2eab836692	840006
H	200736	200	98.0	+	0	0	200M50I	6e14e3f76d786a865b878b2eab836692	130
H	198123	200	99.5	+	0	0	200M50I	39d8989f48dc6a3f3fdc4e3e7c99f8e2	840006
H	198854	200	99.5	+	0	0	200M50I	39d8989f48dc6a3f3fdc4e3e7c99f8e2	470690
H	200736	200	98.0	+	0	0	200M50I	39d8989f48dc6a3f3fdc4e3e7c99f8e2	130
H	198123	200	99.5	+	0	0	200M50I	09d35fccf39bae17946ac4ca3c87e14d	840006
H	200736	200	98.0	+	0	0	200M50I	09d35fccf39bae17946ac4ca3c87e14d	130
H	198854	200	99.5	+	0	0	200M50I	09d35fccf39bae17946ac4ca3c87e14d	470690
H	198123	200	99.5	+	0	0	200M50I	d7a1bfe90ebd7b8864e886596076c9e6	840006
H	198854	200	99.5	+	0	0	200M50I	d7a1bfe90ebd7b8864e886596076c9e6	470690
H	200736	200	98.0	+	0	0	200M50I	d7a1bfe90ebd7b8864e886596076c9e6	130
H	188509	200	99.5	+	0	0	200M50I	52437216aa4e0e30bbe5f69bac13a845	4436370
H	5034	200	99.5	+	0	0	200M50I	52437216aa4e0e30bbe5f69bac13a845	954657
H	44086	200	99.5	+	0	0	200M50I	52437216aa4e0e30bbe5f69bac13a845	356733
L	16936	250	*	*	*	*	*	609022	*
H	16936	200	100.0	+	0	0	200M50I	80798a9d6fb3b315296aa8455c5a5f0b	609022
L	163538	250	*	*	*	*	*	4310109	*
H	163538	200	100.0	+	0	0	200M50I	80798a9d6fb3b315296aa8455c5a5f0b	4310109
L	104078	250	*	*	*	*	*	93356	*
H	104078	200	100.0	+	0	0	145MI55M49I	80798a9d6fb3b315296aa8455c5a5f0b	93356
L	200573	250	*	*	*	*	*	29783	*
H	200573	200	97.5	+	0	0	200M50I	10ea568600200699ad4e327b31b8486c	29783
H	198123	200	98.5	+	0	0	200M50I	10ea568600200699ad4e327b31b8486c	840006
H	198854	200	98.5	+	0	0	200M50I	10ea568600200699ad4e327b31b8486c	470690
H	89226	200	100.0	+	0	0	200M50I	6bf1a63f1d1b1de9479fb487edb3c077	173278
H	180774	200	100.0	+	0	0	200M50I	6bf1a63f1d1b1de9479fb487edb3c077	4397155
H	151870	200	100.0	+	0	0	200M50I	6bf1a63f1d1b1de9479fb487edb3c077	3804871
H	198123	200	99.5	+	0	0	200M50I	fc45e3a27a02849d999da4538436a744	840006
H	198854	200	99.5	+	0	0	200M50I	fc45e3a27a02849d999da4538436a744	470690
H	200736	200	98.0	+	0	0	200M50I	fc45e3a27a02849d999da4538436a744	130
H	198123	200	99.5	+	0	0	200M50I	204d5b30fa33500919c90222a869f20a	840006
H	198854	200	99.5	+	0	0	200M50I	204d5b30fa33500919c90222a869f20a	470690
H	200736	200	98.0	+	0	0	200M50I	204d5b30fa33500919c90222a869f20a	130
H	202788	200	97.5	+	0	0	200M50I	a6c9b4cf381dda2b6fb8a4a52c9a4aae	4438983
H	198123	200	99.5	+	0	0	200M50I	a6c9b4cf381dda2b6fb8a4a52c9a4aae	840006
H	200736	200	98.0	+	0	0	200M50I	a6c9b4cf381dda2b6fb8a4a52c9a4aae	130
H	198123	200	99.5	+	0	0	200M50I	47e2230ee4637bef56a178189d416f35	840006
H	198854	200	99.5	+	0	0	200M50I	47e2230ee4637bef56a178189d416f35	470690
H	200736	200	98.0	+	0	0	200M50I	47e2230ee4637bef56a178189d416f35	130
H	202788	200	97.5	+	0	0	200M50I	ec352f2697164798bc79bb84466c1ac9	4438983
H	198123	200	99.5	+	0	0	200M50I	ec352f2697164798bc79bb84466c1ac9	840006
H	200736	200	98.0	+	0	0	200M50I	ec352f2697164798bc79bb84466c1ac9	130
H	198123	200	99.5	+	0	0	200M50I	aec05409310f258714e2f066d0cdb818	840006
H	198854	200	99.5	+	0	0	200M50I	aec05409310f258714e2f066d0cdb818	470690
H	200736	200	98.0	+	0	0	200M50I	aec05409310f258714e2f066d0cdb818	130
L	38730	250	*	*	*	*	*	491927	*
H	38730	200	100.0	+	0	0	200M50I	9e414c6586c71306d3f35f4c4b5eb3c3	491927
L	118613	250	*	*	*	*	*	920356	*
H	118613	200	99.0	+	0	0	200M50I	9e414c6586c71306d3f35f4c4b5eb3c3	920356
L	118647	250	*	*	*	*	*	941702	*
H	118647	200	99.5	+	0	0	200M50I	9e414c6586c71306d3f35f4c4b5eb3c3	941702
L	84889	250	*	*	*	*	*	186812	*
H	84889	200	99.5	+	0	0	200M50I	19ce25a25fa93dc019885b7a9e34ebf1	186812
L	87614	250	*	*	*	*	*	178458	*
H	87614	200	99.5	+	0	0	200M50I	19ce25a25fa93dc019885b7a9e34ebf1	178458
L	64533	250	*	*	*	*	*	272644	*
H	64533	200	99.5	+	0	0	200M50I	19ce25a25fa93dc019885b7a9e34ebf1	272644
L	195377	250	*	*	*	*	*	4471122	*
H	195377	200	98.5	+	0	0	159MI41M49I	52ddaee354c4371766c9900f3475da24	4471122
L	184603	250	*	*	*	*	*	4416988	*
H	184603	200	100.0	+	0	0	200M50I	52ddaee354c4371766c9900f3475da24	4416988
L	170245	250	*	*	*	*	*	4343213	*
H	170245	200	97.5	+	0	0	200M50I	52ddaee354c4371766c9900f3475da24	4343213
L	77676	250	*	*	*	*	*	217482	*
H	77676	200	100.0	+	0	0	200M50I	ad8c0eeb73171da6fef5756e4e52b65e	217482
L	72444	250	*	*	*	*	*	243121	*
H	72444	200	100.0	+	0	0	200M50I	ad8c0eeb73171da6fef5756e4e52b65e	243121
L	192077	250	*	*	*	*	*	4454529	*
H	192077	200	100.0	+	0	0	200M50I	ad8c0eeb73171da6fef5756e4e52b65e	4454529
H	202788	200	97.5	+	0	0	200M50I	8ce01fd030fffbc52bc64a2a73110618	4438983
H	198123	200	99.5	+	0	0	200M50I	8ce01fd030fffbc52bc64a2a73110618	840006
H	200736	200	98.0	+	0	0	200M50I	8ce01fd030fffbc52bc64a2a73110618	130
H	198123	200	99.5	+	0	0	200M50I	682058951264b66b3c3614316d5b62e0	840006
H	198854	200	99.5	+	0	0	200M50I	682058951264b66b3c3614316d5b62e0	470690
H	200736	200	98.0	+	0	0	200M50I	682058951264b66b3c3614316d5b62e0	130
H	198123	200	99.5	+	0	0	200M50I	cca2a7077ca805a5c451e72564668581	840006
H	198854	200	99.5	+	0	0	200M50I	cca2a7077ca805a5c451e72564668581	470690
H	200736	200	98.0	+	0	0	200M50I	cca2a7077ca805a5c451e72564668581	130
H	198123	200	99.5	+	0	0	200M50I	aa5eccda26a9ec6f3fa8fb270e858e11	840006
H	198854	200	99.5	+	0	0	200M50I	aa5eccda26a9ec6f3fa8fb270e858e11	470690
H	200736	200	98.0	+	0	0	200M50I	aa5eccda26a9ec6f3fa8fb270e858e11	130
L	188812	250	*	*	*	*	*	4437750	*
H	188812	200	99.0	+	0	0	200M50I	a1a555220a2201e8d3a99023fc46da92	4437750
L	83485	250	*	*	*	*	*	190939	*
H	83485	200	99.5	+	0	0	200M50I	a1a555220a2201e8d3a99023fc46da92	190939
L	83743	250	*	*	*	*	*	190183	*
H	83743	200	99.5	+	0	0	200M50I	a1a555220a2201e8d3a99023fc46da92	190183
H	198123	200	99.5	+	0	0	200M50I	9de62566d17070f4f6a509631f9fa51f	840006
H	198854	200	99.5	+	0	0	200M50I	9de62566d17070f4f6a509631f9fa51f	470690
H	200736	200	98.0	+	0	0	200M50I	9de62566d17070f4f6a509631f9fa51f	130
L	164764	250	*	*	*	*	*	4315958	*
H	164764	200	100.0	+	0	0	200M50I	0337e287722678a44580ef108ce9d92b	4315958
L	160758	250	*	*	*	*	*	4297223	*
H	160758	200	100.0	+	0	0	136MI38MI26M48I	0337e287722678a44580ef108ce9d92b	4297223
L	89405	250	*	*	*	*	*	172359	*
H	89405	200	100.0	+	0	0	200M50I	0337e287722678a44580ef108ce9d92b	172359
H	198123	200	100.0	+	0	0	200M50I	5c2656c44767c951640ecbbdc478eff0	840006
H	198854	200	100.0	+	0	0	200M50I	5c2656c44767c951640ecbbdc478eff0	470690
H	200736	200	98.5	+	0	0	200M50I	5c2656c44767c951640ecbbdc478eff0	130
H	198123	200	99.5	+	0	0	200M50I	90d39178224b609092bb8a8403839e87	840006
H	200736	200	98.0	+	0	0	200M50I	90d39178224b609092bb8a8403839e87	130
H	198854	200	99.5	+	0	0	200M50I	90d39178224b609092bb8a8403839e87	470690
L	36203	250	*	*	*	*	*	516753	*
H	36203	200	100.0	+	0	0	200M50I	2d9b81071b845329ee1989404aa27bc0	516753
L	172224	250	*	*	*	*	*	4353774	*
H	172224	200	97.5	+	0	0	200M50I	2d9b81071b845329ee1989404aa27bc0	4353774
L	1486	250	*	*	*	*	*	1087878	*
H	1486	200	100.0	+	0	0	200M50I	2d9b81071b845329ee1989404aa27bc0	1087878
L	13310	250	*	*	*	*	*	739890	*
H	13310	200	99.5	+	0	0	200M50I	5713d88cb92260a7480acfbea5202608	739890
L	45381	250	*	*	*	*	*	351367	*
H	45381	200	99.5	+	0	0	200M50I	5713d88cb92260a7480acfbea5202608	351367
L	76672	250	*	*	*	*	*	222180	*
H	76672	200	99.5	+	0	0	200M50I	5713d88cb92260a7480acfbea5202608	222180
H	198123	200	99.0	+	0	0	200M50I	a2ee63a1c557c10298c3a0d454cb430a	840006
H	198854	200	99.0	+	0	0	200M50I	a2ee63a1c557c10298c3a0d454cb430a	470690
H	200736	200	97.5	+	0	0	200M50I	a2ee63a1c557c10298c3a0d454cb430a	130
H	202788	200	97.5	+	0	0	200M50I	f8a6cee8e9f45fce0696a280d0d01241	4438983
H	198123	200	99.5	+	0	0	200M50I	f8a6cee8e9f45fce0696a280d0d01241	840006
H	200736	200	98.0	+	0	0	200M50I	f8a6cee8e9f45fce0696a280d0d01241	130
H	188509	200	100.0	+	0	0	200M50I	4a93a83d1cfff363ca16a6fe13780c61	4436370
H	5034	200	100.0	+	0	0	200M50I	4a93a83d1cfff363ca16a6fe13780c61	954657
H	44086	200	100.0	+	0	0	200M50I	4a93a83d1cfff363ca16a6fe13780c61	356733
L	178961	250	*	*	*	*	*	4388227	*
H	178961	200	99.0	+	0	0	200M50I	a3c26865aea937faf16e0a5d453f5a7f	4388227
L	69577	250	*	*	*	*	*	254828	*
H	69577	200	99.5	+	0	0	200M50I	a3c26865aea937faf16e0a5d453f5a7f	254828
L	187424	250	*	*	*	*	*	4430952	*
H	187424	200	99.5	+	0	0	200M50I	a3c26865aea937faf16e0a5d453f5a7f	4430952
H	198123	200	99.5	+	0	0	200M50I	9a27cf65f8bf3cc14793cab47568ebda	840006
H	198854	200	99.5	+	0	0	200M50I	9a27cf65f8bf3cc14793cab47568ebda	470690
H	200736	200	98.0	+	0	0	200M50I	9a27cf65f8bf3cc14793cab47568ebda	130
L	98583	250	*	*	*	*	*	131968	*
H	98583	200	99.5	+	0	0	200M50I	6632624af0bd785488f1e6b26e216f1a	131968
L	98722	250	*	*	*	*	*	130922	*
H	98722	200	99.5	+	0	0	200M50I	6632624af0bd785488f1e6b26e216f1a	130922
L	98781	250	*	*	*	*	*	130455	*
H	98781	200	98.0	+	0	0	200M50I	6632624af0bd785488f1e6b26e216f1a	130455
H	198123	200	99.5	+	0	0	200M50I	6820b3bbebdfd33e78819f31937d3938	840006
H	198854	200	99.5	+	0	0	200M50I	6820b3bbebdfd33e78819f31937d3938	470690
H	200736	200	98.0	+	0	0	200M50I	6820b3bbebdfd33e78819f31937d3938	130
L	98951	250	*	*	*	*	*	128604	*
H	98951	200	100.0	+	0	0	200M50I	6531a213fdeceb253a86a43b772dda54	128604
L	121444	250	*	*	*	*	*	2008908	*
H	121444	200	97.5	+	0	0	200M50I	6531a213fdeceb253a86a43b772dda54	2008908
L	112571	250	*	*	*	*	*	1418	*
H	112571	200	97.5	+	0	0	200M50I	6531a213fdeceb253a86a43b772dda54	1418
H	198854	200	99.5	+	0	0	200M50I	15b7598bf8d5c1e512cbae31605c321b	470690
H	198123	200	99.5	+	0	0	200M50I	15b7598bf8d5c1e512cbae31605c321b	840006
H	200736	200	98.0	+	0	0	200M50I	15b7598bf8d5c1e512cbae31605c321b	130
L	23698	250	*	*	*	*	*	569194	*
H	23698	200	100.0	+	0	0	200M50I	7ed68def890504f665618e2aa8f8a955	569194
L	58813	250	*	*	*	*	*	297313	*
H	58813	200	100.0	+	0	0	200M50I	7ed68def890504f665618e2aa8f8a955	297313
L	99878	250	*	*	*	*	*	113773	*
H	99878	200	100.0	+	0	0	200M50I	7ed68def890504f665618e2aa8f8a955	113773
L	141532	250	*	*	*	*	*	1059977	*
H	141532	200	99.5	+	0	0	200M50I	75069e2b154ce016a287ec1fefe49eed	1059977
L	161380	250	*	*	*	*	*	4300042	*
H	161380	200	100.0	+	0	0	200M50I	75069e2b154ce016a287ec1fefe49eed	4300042
L	1786	250	*	*	*	*	*	1076969	*
H	1786	200	99.5	+	0	0	200M50I	75069e2b154ce016a287ec1fefe49eed	1076969
L	39527	250	*	*	*	*	*	443505	*
H	39527	200	100.0	+	0	0	200M50I	9d73df644ff01f45832ecde0436f923f	443505
L	68487	250	*	*	*	*	*	259187	*
H	68487	200	99.5	+	0	0	25MI175M49I	9d73df644ff01f45832ecde0436f923f	259187
L	152766	250	*	*	*	*	*	1075250	*
H	152766	200	99.5	+	0	0	200M50I	9d73df644ff01f45832ecde0436f923f	1075250
H	111783	200	99.5	+	0	0	200M50I	ed49599ea7432e51beaedcf683bc6bbf	5796
H	70196	200	99.5	+	0	0	200M50I	ed49599ea7432e51beaedcf683bc6bbf	252206
H	32614	200	99.5	+	0	0	200M50I	ed49599ea7432e51beaedcf683bc6bbf	532163
L	142572	250	*	*	*	*	*	923954	*
H	142572	200	99.0	+	0	0	200M50I	ee1b612bdfeeba0d53109b502aebe259	923954
L	5829	250	*	*	*	*	*	924143	*
H	5829	200	99.5	+	0	0	200M50I	ee1b612bdfeeba0d53109b502aebe259	924143
L	39430	250	*	*	*	*	*	447502	*
H	39430	200	99.5	+	0	0	200M50I	ee1b612bdfeeba0d53109b502aebe259	447502
H	198123	200	99.5	+	0	0	200M50I	dbc1e368fb312e200abcb961160457fb	840006
H	198854	200	99.5	+	0	0	200M50I	dbc1e368fb312e200abcb961160457fb	470690
H	200736	200	98.0	+	0	0	200M50I	dbc1e368fb312e200abcb961160457fb	130
L	103899	250	*	*	*	*	*	95320	*
H	103899	200	99.5	+	0	0	200M50I	440ca38763a8d05b98c373d87c7778e2	95320
L	75972	250	*	*	*	*	*	225542	*
H	75972	200	99.0	+	0	0	200M50I	440ca38763a8d05b98c373d87c7778e2	225542
L	59642	250	*	*	*	*	*	294424	*
H	59642	200	99.0	+	0	0	200M50I	440ca38763a8d05b98c373d87c7778e2	294424
H	198123	200	99.5	+	0	0	200M50I	73b14e728dbe1f25e6ce1fb8a307256c	840006
H	198854	200	99.5	+	0	0	200M50I	73b14e728dbe1f25e6ce1fb8a307256c	470690
H	200736	200	98.0	+	0	0	200M50I	73b14e728dbe1f25e6ce1fb8a307256c	130
H	13310	200	100.0	+	0	0	200M50I	d29fdf4e0e4c3ba1e3c7c0218770007b	739890
H	45381	200	100.0	+	0	0	200M50I	d29fdf4e0e4c3ba1e3c7c0218770007b	351367
H	76672	200	100.0	+	0	0	200M50I	d29fdf4e0e4c3ba1e3c7c0218770007b	222180
L	133136	250	*	*	*	*	*	2692803	*
H	133136	200	100.0	+	0	0	200M50I	906161c29e457f2d46d326f8a8c50a01	2692803
L	56209	250	*	*	*	*	*	307193	*
H	56209	200	99.5	+	0	0	200M50I	906161c29e457f2d46d326f8a8c50a01	307193
L	56243	250	*	*	*	*	*	307087	*
H	56243	200	100.0	+	0	0	200M50I	906161c29e457f2d46d326f8a8c50a01	307087
H	198123	200	99.5	+	0	0	200M50I	9413cf8b859637415b1f9bd9afcc72cf	840006
H	198854	200	99.5	+	0	0	200M50I	9413cf8b859637415b1f9bd9afcc72cf	470690
H	200736	200	98.0	+	0	0	200M50I	9413cf8b859637415b1f9bd9afcc72cf	130
L	115172	250	*	*	*	*	*	928690	*
H	115172	200	99.5	+	0	0	200M50I	05ac3d84c6f5ad6c7f9db40f6cd462a4	928690
L	4875	250	*	*	*	*	*	960200	*
H	4875	200	99.0	+	0	0	200M50I	05ac3d84c6f5ad6c7f9db40f6cd462a4	960200
L	128929	250	*	*	*	*	*	981537	*
H	128929	200	99.0	+	0	0	200M50I	05ac3d84c6f5ad6c7f9db40f6cd462a4	981537
L	84900	250	*	*	*	*	*	186780	*
H	84900	200	100.0	+	0	0	200M50I	20b571afe9d15baa7f53c7f5a319a0f5	186780
L	141900	250	*	*	*	*	*	3203522	*
H	141900	200	99.5	+	0	0	200M50I	20b571afe9d15baa7f53c7f5a319a0f5	3203522
L	168893	250	*	*	*	*	*	4336503	*
H	168893	200	100.0	+	0	0	200M50I	20b571afe9d15baa7f53c7f5a319a0f5	4336503
L	136406	250	*	*	*	*	*	2877483	*
H	136406	200	99.5	+	0	0	200M50I	1ba91261271047f24cd5541fedb36a9a	2877483
L	186668	250	*	*	*	*	*	4427030	*
H	186668	200	100.0	+	0	0	200M50I	1ba91261271047f24cd5541fedb36a9a	4427030
L	186705	250	*	*	*	*	*	4427254	*
H	186705	200	100.0	+	0	0	200M50I	1ba91261271047f24cd5541fedb36a9a	4427254
L	50070	250	*	*	*	*	*	332408	*
H	50070	200	98.5	+	0	0	200M50I	e920f6ca6e2b3e171334a3f1bbbc9bae	332408
L	50111	247	*	*	*	*	*	332240	*
H	50111	200	98.5	+	0	0	200M47I	e920f6ca6e2b3e171334a3f1bbbc9bae	332240
L	50433	250	*	*	*	*	*	330951	*
H	50433	200	100.0	+	0	0	200M50I	e920f6ca6e2b3e171334a3f1bbbc9bae	330951
H	202788	200	97.5	+	0	0	200M50I	c8951adf2a3cecb3ae81f7198aa6738d	4438983
H	198123	200	99.5	+	0	0	200M50I	c8951adf2a3cecb3ae81f7198aa6738d	840006
H	200736	200	98.0	+	0	0	200M50I	c8951adf2a3cecb3ae81f7198aa6738d	130
L	133711	250	*	*	*	*	*	2724742	*
H	133711	200	100.0	+	0	0	200M50I	b5f15b0f2655d53de7477b4941d95cc2	2724742
L	27450	250	*	*	*	*	*	553595	*
H	27450	200	99.5	+	0	0	200M50I	b5f15b0f2655d53de7477b4941d95cc2	553595
L	71072	250	*	*	*	*	*	248736	*
H	71072	200	100.0	+	0	0	200M50I	b5f15b0f2655d53de7477b4941d95cc2	248736
H	198123	200	99.5	+	0	0	200M50I	56928b4c225554deba0cc264d90a1d7e	840006
H	200736	200	98.0	+	0	0	200M50I	56928b4c225554deba0cc264d90a1d7e	130
H	198854	200	99.5	+	0	0	200M50I	56928b4c225554deba0cc264d90a1d7e	470690
H	32614	200	100.0	+	0	0	200M50I	85782c6cfb3c78f9ae8ba4c2248bc04a	532163
H	111783	200	100.0	+	0	0	200M50I	85782c6cfb3c78f9ae8ba4c2248bc04a	5796
H	70196	200	100.0	+	0	0	200M50I	85782c6cfb3c78f9ae8ba4c2248bc04a	252206
D	1486	2	*	*	*	*	100.0	1087878	*
D	6507	2	*	*	*	*	100.0	898172	*
D	32614	2	*	*	*	*	99.5	532163	*
D	38730	2	*	*	*	*	100.0	491927	*
D	39430	2	*	*	*	*	99.5	447502	*
D	39527	2	*	*	*	*	100.0	443505	*
D	44086	5	*	*	*	*	99.6	356733	*
D	50433	2	*	*	*	*	100.0	330951	*
D	56243	2	*	*	*	*	100.0	307087	*
D	64533	2	*	*	*	*	99.5	272644	*
D	70196	3	*	*	*	*	99.8	252206	*
D	71072	2	*	*	*	*	100.0	248736	*
D	76672	3	*	*	*	*	99.8	222180	*
D	77203	2	*	*	*	*	99.5	219826	*
D	83743	2	*	*	*	*	99.5	190183	*
D	88420	2	*	*	*	*	100.0	175931	*
D	89405	2	*	*	*	*	100.0	172359	*
D	98722	2	*	*	*	*	99.5	130922	*
D	98951	2	*	*	*	*	100.0	128604	*
D	99878	2	*	*	*	*	100.0	113773	*
D	103899	2	*	*	*	*	99.5	95320	*
D	104078	2	*	*	*	*	100.0	93356	*
D	115172	2	*	*	*	*	99.5	928690	*
D	130459	2	*	*	*	*	98.5	746873	*
D	131824	2	*	*	*	*	100.0	984766	*
D	149835	2	*	*	*	*	100.0	3690024	*
D	150192	2	*	*	*	*	100.0	870406	*
D	150816	2	*	*	*	*	100.0	727390	*
D	151870	3	*	*	*	*	99.3	3804871	*
D	161380	2	*	*	*	*	100.0	4300042	*
D	162600	2	*	*	*	*	100.0	4305995	*
D	166988	2	*	*	*	*	100.0	4326794	*
D	168893	2	*	*	*	*	100.0	4336503	*
D	172775	3	*	*	*	*	99.8	4356764	*
D	184603	2	*	*	*	*	100.0	4416988	*
D	186689	2	*	*	*	*	99.5	4427114	*
D	186705	2	*	*	*	*	100.0	4427254	*
D	187424	2	*	*	*	*	99.5	4430952	*
D	192077	2	*	*	*	*	100.0	4454529	*
D	198123	9	*	*	*	*	99.5	840006	*
D	198854	32	*	*	*	*	99.5	470690	*
