UclustConsensusTaxonAssigner parameters:
id_to_taxonomy_filepath:/Users/nbokulich/Desktop/projects/short-read-tax-assignment/data/novel-taxa-simulations/B1-REF-L6-iter1/ref_taxa.tsv
id_to_taxonomy_fp:/Users/nbokulich/Desktop/projects/short-read-tax-assignment/data/novel-taxa-simulations/B1-REF-L6-iter1/ref_taxa.tsv
max_accepts:1
min_consensus_fraction:0.76
reference_sequences_fp:/Users/nbokulich/Desktop/projects/short-read-tax-assignment/data/novel-taxa-simulations/B1-REF-L6-iter1/ref_seqs.fasta
similarity:0.9
unassignable_label:Unassigned
Result path: /var/folders/0t/l1dz88p50y91vx_22fx5w3780000gn/T/assign-taxKw34yu

.uc file contents:

# uclust --input /Users/nbokulich/Desktop/projects/short-read-tax-assignment/data/novel-taxa-simulations/B1-REF-L6-iter1/query.fasta --id 0.9 --rev --maxaccepts 1 --allhits --libonly --lib /Users/nbokulich/Desktop/projects/short-read-tax-assignment/data/novel-taxa-simulations/B1-REF-L6-iter1/ref_seqs.fasta --uc /var/folders/0t/l1dz88p50y91vx_22fx5w3780000gn/T/UclustConsensusTaxonAssigner_7DPY7B.uc
# version=1.2.22
# Tab-separated fields:
# 1=Type, 2=ClusterNr, 3=SeqLength or ClusterSize, 4=PctId, 5=Strand, 6=QueryStart, 7=SeedStart, 8=Alignment, 9=QueryLabel, 10=TargetLabel
# Record types (field 1): L=LibSeed, S=NewSeed, H=Hit, R=Reject, D=LibCluster, C=NewCluster, N=NoHit
# For C and D types, PctId is average id with seed.
# QueryStart and SeedStart are zero-based relative to start of sequence.
# If minus strand, SeedStart is relative to reverse-complemented seed.
L	1276	250	*	*	*	*	*	283765	*
H	1276	250	94.4	+	0	0	250M	1083016	283765
L	3995	250	*	*	*	*	*	4312974	*
H	3995	250	98.0	+	0	0	250M	1073436	4312974
L	1273	250	*	*	*	*	*	284672	*
H	1273	250	98.8	+	0	0	250M	835880	284672
L	533	250	*	*	*	*	*	4412575	*
H	533	250	94.8	+	0	0	250M	826749	4412575
L	2406	250	*	*	*	*	*	40104	*
H	2406	250	92.8	+	0	0	79MD52MD107M2D8M4I	821464	40104
L	3562	250	*	*	*	*	*	802792	*
H	3562	250	97.2	+	0	0	250M	781232	802792
L	2196	250	*	*	*	*	*	110879	*
H	2196	250	97.6	+	0	0	250M	719343	110879
L	452	250	*	*	*	*	*	570232	*
H	452	250	92.4	+	0	0	250M	694975	570232
L	3640	250	*	*	*	*	*	1136710	*
H	3640	250	99.2	+	0	0	250M	692823	1136710
L	4163	250	*	*	*	*	*	4351033	*
H	4163	250	96.8	+	0	0	10MD11M2D59MD86MD79M5I	663545	4351033
L	306	250	*	*	*	*	*	697027	*
H	306	250	98.4	+	0	0	250M	662645	697027
L	2461	250	*	*	*	*	*	15740	*
H	2461	250	96.4	+	0	0	250M	625629	15740
L	961	250	*	*	*	*	*	342268	*
H	961	250	96.0	+	0	0	250M	606927	342268
N	*	250	*	*	*	*	*	583989	*
L	319	250	*	*	*	*	*	667570	*
H	319	250	98.4	+	0	0	250M	578401	667570
L	2855	250	*	*	*	*	*	681590	*
H	2855	250	96.8	+	0	0	250M	575576	681590
L	3511	250	*	*	*	*	*	790610	*
H	3511	250	99.2	+	0	0	250M	570500	790610
L	4132	250	*	*	*	*	*	4345313	*
H	4132	250	95.2	+	0	0	250M	569939	4345313
L	1506	250	*	*	*	*	*	238051	*
H	1506	250	99.6	+	0	0	250M	567725	238051
L	3222	250	*	*	*	*	*	1141541	*
H	3222	250	94.4	+	0	0	250M	566189	1141541
L	3845	250	*	*	*	*	*	1123994	*
H	3845	250	99.6	+	0	0	250M	565851	1123994
L	120	250	*	*	*	*	*	961922	*
H	120	250	99.6	+	0	0	250M	564081	961922
L	2674	250	*	*	*	*	*	1128670	*
H	2674	250	95.2	+	0	0	250M	563741	1128670
L	4549	250	*	*	*	*	*	4431959	*
H	4549	250	100.0	+	0	0	250M	560064	4431959
L	445	250	*	*	*	*	*	571645	*
H	445	250	93.2	+	0	0	250M	558567	571645
L	3341	250	*	*	*	*	*	1072784	*
H	3341	250	97.2	+	0	0	197MD18MD11MD21M3I	557633	1072784
L	2013	250	*	*	*	*	*	158785	*
H	2013	250	95.6	+	0	0	127MI122MD	554499	158785
N	*	250	*	*	*	*	*	553810	*
L	1391	250	*	*	*	*	*	262377	*
H	1391	250	99.2	+	0	0	250M	553653	262377
L	2183	250	*	*	*	*	*	113265	*
H	2183	250	98.0	+	0	0	250M	553111	113265
L	1553	250	*	*	*	*	*	221379	*
H	1553	250	98.0	+	0	0	I249MD	550712	221379
L	3488	250	*	*	*	*	*	758642	*
H	3488	250	95.2	+	0	0	65MD154MI30M	549754	758642
L	1359	250	*	*	*	*	*	267698	*
H	1359	250	99.6	+	0	0	250M	547806	267698
L	2545	250	*	*	*	*	*	9511	*
H	2545	250	99.6	+	0	0	250M	547396	9511
L	482	250	*	*	*	*	*	564045	*
H	482	250	96.4	+	0	0	250M	543364	564045
L	3803	250	*	*	*	*	*	1109067	*
H	3803	250	97.6	+	0	0	250M	542475	1109067
L	668	250	*	*	*	*	*	523589	*
H	668	250	96.8	+	0	0	250M	541328	523589
N	*	250	*	*	*	*	*	539567	*
L	2555	250	*	*	*	*	*	9134	*
H	2555	250	97.2	+	0	0	198MD51MI	536986	9134
L	4411	250	*	*	*	*	*	4402960	*
H	4411	250	93.2	+	0	0	250M	522595	4402960
L	3792	250	*	*	*	*	*	1106060	*
H	3792	250	96.4	+	0	0	250M	517381	1106060
L	2499	250	*	*	*	*	*	13226	*
H	2499	250	96.4	+	0	0	250M	513773	13226
L	1653	250	*	*	*	*	*	195871	*
H	1653	250	94.4	+	0	0	250M	513513	195871
L	2213	250	*	*	*	*	*	107854	*
H	2213	250	95.2	+	0	0	250M	484444	107854
L	2546	250	*	*	*	*	*	9510	*
H	2546	250	96.8	+	0	0	250M	471412	9510
N	*	250	*	*	*	*	*	455130	*
L	3731	250	*	*	*	*	*	830475	*
H	3731	250	97.2	+	0	0	188MD12MD21MD26M3I	419765	830475
L	1289	250	*	*	*	*	*	276678	*
H	1289	250	98.8	+	0	0	250M	419448	276678
H	2183	250	90.4	+	0	0	163MD86MI	387778	113265
L	820	250	*	*	*	*	*	369563	*
H	820	250	94.8	+	0	0	250M	366419	369563
L	1454	250	*	*	*	*	*	250136	*
H	1454	250	99.2	+	0	0	250M	359953	250136
L	598	250	*	*	*	*	*	536754	*
H	598	250	98.8	+	0	0	165MD84MI	354913	536754
L	2352	250	*	*	*	*	*	64384	*
H	2352	250	97.6	+	0	0	243MI6MD	352468	64384
L	1886	250	*	*	*	*	*	178763	*
H	1886	250	92.4	+	0	0	135MD114MI	344827	178763
L	2988	250	*	*	*	*	*	1121753	*
H	2988	250	98.0	+	0	0	250M	344394	1121753
L	4047	250	*	*	*	*	*	4324649	*
H	4047	250	97.6	+	0	0	250M	342971	4324649
L	1031	250	*	*	*	*	*	326054	*
H	1031	250	97.6	+	0	0	250M	342749	326054
L	3554	250	*	*	*	*	*	1146228	*
H	3554	250	95.2	+	0	0	250M	336110	1146228
N	*	250	*	*	*	*	*	329820	*
L	1997	250	*	*	*	*	*	161677	*
H	1997	250	97.6	+	0	0	250M	328708	161677
L	2182	250	*	*	*	*	*	113289	*
H	2182	250	92.0	+	0	0	162MI87MD	327271	113289
L	1098	250	*	*	*	*	*	310532	*
H	1098	250	92.4	+	0	0	20M4D25M3D198M7I	323164	310532
H	4411	250	92.8	+	0	0	250M	311950	4402960
L	3288	250	*	*	*	*	*	826144	*
H	3288	250	98.0	+	0	0	250M	305278	826144
N	*	250	*	*	*	*	*	304382	*
L	4307	250	*	*	*	*	*	4379731	*
H	4307	250	98.8	+	0	0	250M	268040	4379731
L	3210	250	*	*	*	*	*	1110313	*
H	3210	250	97.6	+	0	0	250M	266579	1110313
H	4307	250	94.0	+	0	0	202MI37MI9M2D	264465	4379731
L	3941	250	*	*	*	*	*	4300883	*
H	3941	250	95.2	+	0	0	217MI32MD	262857	4300883
L	2118	250	*	*	*	*	*	138840	*
H	2118	250	96.4	+	0	0	83MD166MI	260790	138840
L	2127	250	*	*	*	*	*	136773	*
H	2127	250	95.2	+	0	0	250M	257496	136773
L	3479	250	*	*	*	*	*	911243	*
H	3479	250	92.0	+	0	0	106MI52MI19MI20MI15M3I8M2I11MI9M10D	257195	911243
H	445	250	91.6	+	0	0	250M	253241	571645
L	2152	250	*	*	*	*	*	132602	*
H	2152	250	99.2	+	0	0	42MD207MI	247332	132602
L	2908	250	*	*	*	*	*	1136639	*
H	2908	250	92.8	+	0	0	250M	237287	1136639
L	3549	250	*	*	*	*	*	806221	*
H	3549	250	95.6	+	0	0	250M	236913	806221
L	2331	250	*	*	*	*	*	72820	*
H	2331	250	99.6	+	0	0	250M	235262	72820
L	4647	250	*	*	*	*	*	4455242	*
H	4647	250	92.8	+	0	0	148M4D55MD8MD7MD25M7I	234088	4455242
L	2947	250	*	*	*	*	*	2106896	*
H	2947	250	96.8	+	0	0	250M	230360	2106896
N	*	250	*	*	*	*	*	201666	*
L	3105	250	*	*	*	*	*	804160	*
H	3105	250	90.4	+	0	0	250M	199630	804160
L	234	250	*	*	*	*	*	824723	*
H	234	250	94.4	+	0	0	I53MI15MI42MD43MD11MD83M	195834	824723
L	1736	250	*	*	*	*	*	189244	*
H	1736	250	98.4	+	0	0	250M	194772	189244
L	3156	250	*	*	*	*	*	2545906	*
H	3156	250	91.2	+	0	0	250M	194286	2545906
L	1449	250	*	*	*	*	*	251456	*
H	1449	250	94.0	+	0	0	250M	186563	251456
L	1120	250	*	*	*	*	*	306728	*
H	1120	250	96.8	+	0	0	250M	186275	306728
L	1361	250	*	*	*	*	*	267323	*
H	1361	250	99.2	+	0	0	42MI207MD	181436	267323
L	744	250	*	*	*	*	*	510204	*
H	744	250	99.2	+	0	0	59M2I189M2D	177045	510204
L	566	250	*	*	*	*	*	544824	*
H	566	250	98.0	+	0	0	114MD8MD29MD38MD57M4I	176468	544824
H	2152	250	99.2	+	0	0	250M	175108	132602
L	2463	250	*	*	*	*	*	15458	*
H	2463	250	96.0	+	0	0	250M	172804	15458
L	4117	250	*	*	*	*	*	4342039	*
H	4117	250	98.4	+	0	0	250M	168194	4342039
L	4551	250	*	*	*	*	*	4432439	*
H	4551	250	96.8	+	0	0	250M	163227	4432439
H	3995	250	96.4	+	0	0	209MD40MI	162595	4312974
L	3785	250	*	*	*	*	*	4041568	*
H	3785	250	99.2	+	0	0	250M	161199	4041568
L	3832	250	*	*	*	*	*	1136392	*
H	3832	250	96.4	+	0	0	250M	158859	1136392
H	4411	250	92.8	+	0	0	250M	157201	4402960
L	3826	250	*	*	*	*	*	1105883	*
H	3826	250	98.4	+	0	0	250M	156459	1105883
L	2040	250	*	*	*	*	*	156357	*
H	2040	250	96.4	+	0	0	250M	155362	156357
L	4215	250	*	*	*	*	*	4361351	*
H	4215	250	93.2	+	0	0	250M	151684	4361351
L	2881	250	*	*	*	*	*	1126194	*
H	2881	250	94.0	+	0	0	250M	150229	1126194
L	3682	250	*	*	*	*	*	3755054	*
H	3682	250	95.2	+	0	0	250M	149965	3755054
L	340	250	*	*	*	*	*	623204	*
H	340	250	96.0	+	0	0	26MD223MI	144299	623204
L	1280	250	*	*	*	*	*	280968	*
H	1280	250	92.4	+	0	0	250M	144239	280968
L	364	250	*	*	*	*	*	590426	*
H	364	250	91.2	+	0	0	250M	143101	590426
L	2145	250	*	*	*	*	*	133739	*
H	2145	250	95.6	+	0	0	250M	141021	133739
L	4702	250	*	*	*	*	*	4465296	*
H	4702	250	95.2	+	0	0	250M	140901	4465296
L	3035	250	*	*	*	*	*	2291414	*
H	3035	250	98.0	+	0	0	250M	111313	2291414
L	1095	250	*	*	*	*	*	311173	*
H	1095	250	96.4	+	0	0	250M	109111	311173
L	1600	250	*	*	*	*	*	200455	*
H	1600	250	91.6	+	0	0	250M	107665	200455
L	2600	250	*	*	*	*	*	5441	*
H	2600	250	95.2	+	0	0	166MI47M2I24MI9M4D	107348	5441
L	3118	250	*	*	*	*	*	851932	*
H	3118	250	98.8	+	0	0	250M	105593	851932
L	3089	250	*	*	*	*	*	1138255	*
H	3089	250	98.4	+	0	0	250M	104045	1138255
L	2810	250	*	*	*	*	*	1136078	*
H	2810	250	90.4	+	0	0	250M	102653	1136078
H	3640	250	96.0	+	0	0	79MI21MD88MD60MI	102064	1136710
L	4268	250	*	*	*	*	*	4371951	*
H	4268	250	96.8	+	0	0	250M	100578	4371951
L	2840	250	*	*	*	*	*	1138883	*
H	2840	250	95.6	+	0	0	131MI118MD	99527	1138883
L	1708	250	*	*	*	*	*	191570	*
H	1708	250	93.2	+	0	0	131MI118MD	99452	191570
L	2864	250	*	*	*	*	*	810888	*
H	2864	250	94.4	+	0	0	55MD16MD177M2I	99387	810888
N	*	250	*	*	*	*	*	94941	*
L	2777	250	*	*	*	*	*	891034	*
H	2777	250	97.6	+	0	0	250M	92231	891034
L	2676	250	*	*	*	*	*	961678	*
H	2676	250	98.4	+	0	0	250M	84396	961678
L	1316	250	*	*	*	*	*	272031	*
H	1316	250	92.0	+	0	0	250M	82303	272031
L	2819	250	*	*	*	*	*	709363	*
H	2819	250	96.4	+	0	0	250M	78432	709363
L	322	250	*	*	*	*	*	662808	*
H	322	250	95.6	+	0	0	250M	77692	662808
L	4299	250	*	*	*	*	*	4377697	*
H	4299	250	99.2	+	0	0	250M	74685	4377697
L	2551	250	*	*	*	*	*	9252	*
H	2551	250	97.6	+	0	0	250M	74170	9252
L	2351	250	*	*	*	*	*	65400	*
H	2351	250	96.8	+	0	0	250M	71894	65400
L	4365	250	*	*	*	*	*	4391641	*
H	4365	250	94.0	+	0	0	250M	70689	4391641
L	3290	250	*	*	*	*	*	2862781	*
H	3290	250	98.8	+	0	0	250M	70580	2862781
N	*	250	*	*	*	*	*	67615	*
H	445	250	91.6	+	0	0	250M	63190	571645
L	435	250	*	*	*	*	*	573413	*
H	435	250	97.2	+	0	0	250M	58866	573413
H	533	250	98.4	+	0	0	250M	53642	4412575
L	2416	250	*	*	*	*	*	33768	*
H	2416	250	98.4	+	0	0	250M	51778	33768
L	3669	250	*	*	*	*	*	1111998	*
H	3669	250	95.6	+	0	0	250M	49602	1111998
H	3669	250	97.6	+	0	0	250M	49524	1111998
L	1711	250	*	*	*	*	*	191359	*
H	1711	250	98.4	+	0	0	123MI126MD	48874	191359
L	4306	250	*	*	*	*	*	4379449	*
H	4306	250	98.8	+	0	0	250M	45363	4379449
L	473	250	*	*	*	*	*	566216	*
H	473	250	97.6	+	0	0	250M	27938	566216
L	251	250	*	*	*	*	*	812921	*
H	251	250	96.4	+	0	0	250M	27188	812921
L	1545	250	*	*	*	*	*	223583	*
H	1545	250	96.4	+	0	0	250M	26897	223583
L	3055	250	*	*	*	*	*	1129898	*
H	3055	250	96.0	+	0	0	250M	23566	1129898
H	2406	250	93.6	+	0	0	250M	19636	40104
H	533	250	90.4	+	0	0	250M	16013	4412575
L	4074	250	*	*	*	*	*	4331684	*
H	4074	250	98.4	+	0	0	127MI122MD	15851	4331684
H	452	250	99.6	+	0	0	250M	15850	570232
N	*	250	*	*	*	*	*	15593	*
L	4225	250	*	*	*	*	*	4364892	*
H	4225	250	100.0	+	0	0	250M	15025	4364892
H	1506	250	98.8	+	0	0	250M	14583	238051
L	2478	250	*	*	*	*	*	14302	*
H	2478	250	96.4	+	0	0	250M	14304	14302
L	2258	250	*	*	*	*	*	101611	*
H	2258	250	95.6	+	0	0	250M	14205	101611
L	1578	250	*	*	*	*	*	210652	*
H	1578	250	94.4	+	0	0	250M	14131	210652
L	4191	250	*	*	*	*	*	4355718	*
H	4191	250	94.0	+	0	0	250M	12562	4355718
H	3341	250	98.8	+	0	0	250M	12290	1072784
L	2776	250	*	*	*	*	*	805980	*
H	2776	250	98.8	+	0	0	250M	12133	805980
L	1251	250	*	*	*	*	*	289174	*
H	1251	250	98.8	+	0	0	250M	10196	289174
L	2264	250	*	*	*	*	*	100650	*
H	2264	250	98.8	+	0	0	250M	9870	100650
L	4428	250	*	*	*	*	*	4406393	*
H	4428	250	97.6	+	0	0	250M	9504	4406393
L	2208	250	*	*	*	*	*	108433	*
H	2208	250	97.6	+	0	0	250M	8127	108433
L	2563	250	*	*	*	*	*	8107	*
H	2563	250	96.0	+	0	0	234MI15MD	8106	8107
H	2563	250	96.8	+	0	0	250M	8105	8107
H	2674	250	92.8	+	0	0	250M	8035	1128670
L	2567	250	*	*	*	*	*	8010	*
H	2567	250	95.2	+	0	0	250M	8002	8010
H	2855	250	96.4	+	0	0	250M	7978	681590
H	3549	250	97.2	+	0	0	250M	7976	806221
H	3549	250	95.6	+	0	0	250M	7972	806221
L	2228	250	*	*	*	*	*	106310	*
H	2228	250	98.8	+	0	0	250M	7347	106310
L	4752	250	*	*	*	*	*	4473175	*
H	4752	250	98.0	+	0	0	54MI30MI164M2D	7214	4473175
L	33	250	*	*	*	*	*	1082059	*
H	33	250	95.2	+	0	0	250M	6357	1082059
L	278	250	*	*	*	*	*	749696	*
H	278	250	98.0	+	0	0	250M	6303	749696
N	*	250	*	*	*	*	*	4115	*
L	4218	250	*	*	*	*	*	4362465	*
H	4218	250	93.2	+	0	0	250M	3804	4362465
N	*	250	*	*	*	*	*	2813	*
N	*	250	*	*	*	*	*	2611	*
L	169	250	*	*	*	*	*	903886	*
H	169	250	93.2	+	0	0	250M	2380	903886
L	4654	250	*	*	*	*	*	4456166	*
H	4654	250	97.2	+	0	0	250M	1174	4456166
L	3326	250	*	*	*	*	*	1131355	*
H	3326	250	96.0	+	0	0	250M	1125402	1131355
L	4331	250	*	*	*	*	*	4385067	*
H	4331	250	98.8	+	0	0	128MI76MI44M2D	1532107	4385067
L	1967	250	*	*	*	*	*	168260	*
H	1967	250	95.2	+	0	0	250M	1145098	168260
L	1564	250	*	*	*	*	*	217386	*
H	1564	250	94.8	+	0	0	250M	1598513	217386
L	3972	250	*	*	*	*	*	4307258	*
H	3972	250	98.4	+	0	0	250M	623190	4307258
L	2154	250	*	*	*	*	*	131660	*
H	2154	250	92.4	+	0	0	17MD37MD69MD37MD24MD11MD14MD34M7I	1668820	131660
L	2718	250	*	*	*	*	*	1129305	*
H	2718	250	96.0	+	0	0	250M	1137409	1129305
L	3838	250	*	*	*	*	*	676511	*
H	3838	250	94.0	+	0	0	250M	1676137	676511
L	3809	250	*	*	*	*	*	836917	*
H	3809	250	91.2	+	0	0	40MD209MI	813080	836917
L	3287	250	*	*	*	*	*	812557	*
H	3287	250	90.8	+	0	0	250M	1720567	812557
L	3697	250	*	*	*	*	*	944401	*
H	3697	250	92.0	+	0	0	224M3I23M3D	1122031	944401
L	3259	250	*	*	*	*	*	919466	*
H	3259	250	98.0	+	0	0	42MD207MI	1136950	919466
L	2422	250	*	*	*	*	*	29533	*
H	2422	250	96.8	+	0	0	250M	24490	29533
H	2546	250	97.2	+	0	0	250M	1137471	9510
H	445	250	96.8	+	0	0	250M	1122363	571645
H	4307	250	99.2	+	0	0	250M	1797336	4379731
L	258	250	*	*	*	*	*	804867	*
H	258	250	98.0	+	0	0	250M	1801172	804867
L	1892	250	*	*	*	*	*	178213	*
H	1892	250	95.6	+	0	0	250M	1021172	178213
L	784	250	*	*	*	*	*	423025	*
H	784	250	94.4	+	0	0	250M	1126421	423025
L	779	250	*	*	*	*	*	430191	*
H	779	250	92.8	+	0	0	86MI108MI14MI39M3D	1922365	430191
H	1289	250	98.8	+	0	0	250M	605409	276678
L	524	250	*	*	*	*	*	555568	*
H	524	250	96.8	+	0	0	250M	698294	555568
L	1629	250	*	*	*	*	*	197631	*
H	1629	250	96.8	+	0	0	250M	1954303	197631
L	3195	250	*	*	*	*	*	1138056	*
H	3195	250	95.2	+	0	0	250M	2000709	1138056
L	4731	250	*	*	*	*	*	4469481	*
H	4731	250	95.6	+	0	0	250M	1142215	4469481
L	3842	250	*	*	*	*	*	4151783	*
H	3842	250	97.2	+	0	0	250M	2041715	4151783
L	3683	250	*	*	*	*	*	1142026	*
H	3683	250	92.4	+	0	0	250M	811996	1142026
L	1471	250	*	*	*	*	*	246846	*
H	1471	250	98.4	+	0	0	250M	1135231	246846
L	1241	250	*	*	*	*	*	290241	*
H	1241	250	92.4	+	0	0	250M	2234838	290241
L	2083	250	*	*	*	*	*	146037	*
H	2083	250	92.0	+	0	0	250M	2265859	146037
L	4570	250	*	*	*	*	*	4435984	*
H	4570	250	94.4	+	0	0	250M	829038	4435984
N	*	250	*	*	*	*	*	2313300	*
L	2080	250	*	*	*	*	*	146743	*
H	2080	250	96.4	+	0	0	151M3D17M3D76M6I	2342005	146743
L	2671	250	*	*	*	*	*	1136676	*
H	2671	250	98.8	+	0	0	250M	648540	1136676
N	*	250	*	*	*	*	*	2372909	*
H	234	250	98.4	+	0	0	I249MD	2421587	824723
H	4307	250	98.4	+	0	0	250M	1139233	4379731
L	2597	250	*	*	*	*	*	5583	*
H	2597	250	95.2	+	0	0	2I248M2D	2440299	5583
H	3288	250	96.4	+	0	0	250M	2476146	826144
L	582	250	*	*	*	*	*	540423	*
H	582	250	98.8	+	0	0	250M	1144726	540423
L	2345	250	*	*	*	*	*	68753	*
H	2345	250	98.4	+	0	0	250M	749175	68753
L	2766	250	*	*	*	*	*	648692	*
H	2766	250	96.0	+	0	0	I220MI28M2D	823319	648692
L	2082	250	*	*	*	*	*	146193	*
H	2082	250	94.4	+	0	0	250M	1125725	146193
L	289	250	*	*	*	*	*	731707	*
H	289	250	97.2	+	0	0	250M	1139563	731707
L	2158	250	*	*	*	*	*	130219	*
H	2158	250	91.2	+	0	0	72M2D139MD36M3I	1121558	130219
L	2269	250	*	*	*	*	*	99951	*
H	2269	250	98.4	+	0	0	250M	1130616	99951
L	2861	250	*	*	*	*	*	791732	*
H	2861	250	96.0	+	0	0	250M	2755928	791732
H	1708	250	94.0	+	0	0	131MI118MD	7971	191570
N	*	250	*	*	*	*	*	369386	*
L	3339	250	*	*	*	*	*	811179	*
H	3339	250	98.8	+	0	0	250M	1128359	811179
H	120	250	95.6	+	0	0	250M	1122081	961922
L	1300	250	*	*	*	*	*	274900	*
H	1300	250	99.6	+	0	0	250M	1136256	274900
H	3210	250	95.2	+	0	0	250M	326714	1110313
L	2682	250	*	*	*	*	*	1144371	*
H	2682	250	92.8	+	0	0	250M	2874058	1144371
L	4209	250	*	*	*	*	*	4360273	*
H	4209	250	99.6	+	0	0	250M	1140240	4360273
L	1803	250	*	*	*	*	*	184745	*
H	1803	250	94.0	+	0	0	133MI116MD	2990918	184745
L	3343	250	*	*	*	*	*	3015662	*
H	3343	250	92.0	+	0	0	45MD6MD55M2D10MD37MD14M2D52M2D21M10I	3015665	3015662
L	478	250	*	*	*	*	*	565130	*
H	478	250	99.2	+	0	0	250M	1132232	565130
L	3114	250	*	*	*	*	*	2471826	*
H	3114	250	90.0	+	0	0	250M	1125946	2471826
L	4380	250	*	*	*	*	*	4394966	*
H	4380	250	95.2	+	0	0	250M	1136795	4394966
L	3408	250	*	*	*	*	*	1129841	*
H	3408	250	98.8	+	0	0	250M	933356	1129841
L	332	250	*	*	*	*	*	644016	*
H	332	250	98.0	+	0	0	250M	1136763	644016
L	2493	250	*	*	*	*	*	13728	*
H	2493	250	98.8	+	0	0	250M	1131768	13728
H	3838	250	97.6	+	0	0	139MD110MI	851811	676511
H	445	250	92.0	+	0	0	250M	1127853	571645
L	273	250	*	*	*	*	*	768898	*
H	273	250	100.0	+	0	0	250M	761592	768898
L	2685	250	*	*	*	*	*	1145943	*
H	2685	250	97.6	+	0	0	250M	664205	1145943
H	2947	250	99.6	+	0	0	250M	1135372	2106896
H	2988	250	94.8	+	0	0	250M	837640	1121753
L	2869	250	*	*	*	*	*	1125228	*
H	2869	250	96.4	+	0	0	250M	3509164	1125228
L	2706	250	*	*	*	*	*	643716	*
H	2706	250	96.0	+	0	0	250M	3549545	643716
H	278	250	98.8	+	0	0	250M	1129599	749696
N	*	250	*	*	*	*	*	3602952	*
N	*	250	*	*	*	*	*	1061071	*
L	1105	250	*	*	*	*	*	308598	*
H	1105	250	96.8	+	0	0	250M	3649785	308598
L	3674	250	*	*	*	*	*	1125006	*
H	3674	250	94.8	+	0	0	250M	1105450	1125006
L	2529	250	*	*	*	*	*	10660	*
H	2529	250	97.2	+	0	0	250M	1122480	10660
L	4529	250	*	*	*	*	*	4427434	*
H	4529	250	96.4	+	0	0	250M	3792581	4427434
L	1165	250	*	*	*	*	*	299576	*
H	1165	250	98.8	+	0	0	133MI116MD	912997	299576
L	1332	250	*	*	*	*	*	270229	*
H	1332	250	99.2	+	0	0	250M	1124784	270229
L	3652	250	*	*	*	*	*	1126217	*
H	3652	250	98.0	+	0	0	250M	1133367	1126217
L	3844	250	*	*	*	*	*	4154525	*
H	3844	250	99.2	+	0	0	250M	1137136	4154525
L	3985	250	*	*	*	*	*	4310208	*
H	3985	250	99.2	+	0	0	250M	3889756	4310208
L	1575	250	*	*	*	*	*	211593	*
H	1575	250	94.0	+	0	0	41MD46MD13M3D59M2D20MD14MD48M9I	3908645	211593
L	549	250	*	*	*	*	*	550415	*
H	549	250	97.6	+	0	0	250M	1117631	550415
H	2352	250	97.6	+	0	0	243MI6MD	1126009	64384
L	2304	250	*	*	*	*	*	86772	*
H	2304	250	96.8	+	0	0	215MD10MD23M2I	776873	86772
L	4349	250	*	*	*	*	*	4388908	*
H	4349	250	94.8	+	0	0	250M	4028751	4388908
H	3785	250	99.2	+	0	0	250M	4041571	4041568
L	4596	250	*	*	*	*	*	4443004	*
H	4596	250	96.8	+	0	0	250M	1139732	4443004
L	2472	250	*	*	*	*	*	14500	*
H	2472	250	99.2	+	0	0	250M	4098279	14500
L	3400	250	*	*	*	*	*	3172850	*
H	3400	250	97.2	+	0	0	250M	4104788	3172850
L	3802	250	*	*	*	*	*	660708	*
H	3802	250	97.2	+	0	0	250M	1146685	660708
L	2856	250	*	*	*	*	*	1130328	*
H	2856	250	93.6	+	0	0	250M	4183921	1130328
L	3692	250	*	*	*	*	*	721199	*
H	3692	250	98.0	+	0	0	250M	836450	721199
L	3841	250	*	*	*	*	*	4151747	*
H	3841	250	93.2	+	0	0	231MI18MD	4238525	4151747
L	4010	250	*	*	*	*	*	4317520	*
H	4010	250	96.0	+	0	0	250M	4256926	4317520
L	2538	250	*	*	*	*	*	9961	*
H	2538	250	92.8	+	0	0	250M	4270977	9961
L	3602	250	*	*	*	*	*	1143368	*
H	3602	250	95.6	+	0	0	129MD120MI	4282872	1143368
L	26	250	*	*	*	*	*	1092725	*
H	26	250	99.2	+	0	0	92MD157MI	4297838	1092725
L	2065	250	*	*	*	*	*	149895	*
H	2065	250	98.4	+	0	0	250M	4302913	149895
L	2468	250	*	*	*	*	*	14615	*
H	2468	250	96.8	+	0	0	123MI126MD	4304862	14615
L	1507	250	*	*	*	*	*	237745	*
H	1507	250	98.8	+	0	0	250M	4305519	237745
L	4379	250	*	*	*	*	*	4394897	*
H	4379	250	97.2	+	0	0	250M	4305580	4394897
L	2420	250	*	*	*	*	*	31319	*
H	2420	250	95.2	+	0	0	250M	4306829	31319
L	4422	250	*	*	*	*	*	4404224	*
H	4422	250	98.0	+	0	0	2D248M2I	4308270	4404224
L	1187	250	*	*	*	*	*	295974	*
H	1187	250	99.6	+	0	0	250M	4315688	295974
L	3610	250	*	*	*	*	*	821185	*
H	3610	250	97.6	+	0	0	250M	4323731	821185
H	2352	250	96.4	+	0	0	243MI6MD	4326573	64384
L	2888	250	*	*	*	*	*	1108706	*
H	2888	250	98.4	+	0	0	250M	4327628	1108706
H	2551	250	97.6	+	0	0	106M4I10MD16MD114M2D	4328035	9252
L	4042	250	*	*	*	*	*	4323871	*
H	4042	250	98.8	+	0	0	250M	4328432	4323871
N	*	250	*	*	*	*	*	4331760	*
H	120	250	98.4	+	0	0	250M	4331976	961922
L	3234	250	*	*	*	*	*	1142756	*
H	3234	250	97.6	+	0	0	250M	4339173	1142756
L	3749	250	*	*	*	*	*	1135136	*
H	3749	250	96.8	+	0	0	10MD13MD15MD209M3I	4339214	1135136
L	3808	250	*	*	*	*	*	1143479	*
H	3808	250	97.6	+	0	0	250M	4339627	1143479
H	2947	250	98.0	+	0	0	250M	4347599	2106896
H	744	250	100.0	+	0	0	250M	4348253	510204
L	3357	250	*	*	*	*	*	1137185	*
H	3357	250	96.0	+	0	0	74MI175MD	4358096	1137185
L	3139	250	*	*	*	*	*	816529	*
H	3139	250	98.8	+	0	0	250M	725990	816529
L	1563	250	*	*	*	*	*	217734	*
H	1563	250	95.6	+	0	0	250M	4359317	217734
N	*	250	*	*	*	*	*	4360483	*
L	4801	250	*	*	*	*	*	4482862	*
H	4801	250	94.0	+	0	0	250M	4361455	4482862
L	4224	250	*	*	*	*	*	4364469	*
H	4224	250	98.4	+	0	0	250M	4361518	4364469
H	2468	250	90.8	+	0	0	125MI54MD70M	4362269	14615
L	2311	250	*	*	*	*	*	81554	*
H	2311	250	96.0	+	0	0	142MI107MD	4362383	81554
L	1950	250	*	*	*	*	*	173486	*
H	1950	250	98.0	+	0	0	250M	4362470	173486
H	2351	250	98.0	+	0	0	250M	4364813	65400
L	2476	250	*	*	*	*	*	14348	*
H	2476	250	92.8	+	0	0	210MD39MI	4365806	14348
L	3453	250	*	*	*	*	*	3271868	*
H	3453	250	98.4	+	0	0	250M	4367988	3271868
L	1024	250	*	*	*	*	*	327895	*
H	1024	250	98.0	+	0	0	250M	4369819	327895
L	75	250	*	*	*	*	*	1021078	*
H	75	250	90.0	+	0	0	250M	4372408	1021078
L	4615	250	*	*	*	*	*	4449456	*
H	4615	250	96.8	+	0	0	202MD47MI	4374322	4449456
L	2364	250	*	*	*	*	*	58618	*
H	2364	250	96.4	+	0	0	250M	4378410	58618
L	3019	250	*	*	*	*	*	1124905	*
H	3019	250	96.8	+	0	0	250M	4383165	1124905
N	*	250	*	*	*	*	*	4384427	*
L	3470	250	*	*	*	*	*	1122610	*
H	3470	250	99.6	+	0	0	250M	4389142	1122610
L	1776	250	*	*	*	*	*	185891	*
H	1776	250	91.2	+	0	0	250M	4390966	185891
H	4647	250	100.0	+	0	0	250M	4393354	4455242
L	4786	250	*	*	*	*	*	4479467	*
H	4786	250	92.0	+	0	0	130MI59M3I28M2I27M6D	4401405	4479467
L	537	250	*	*	*	*	*	553146	*
H	537	250	99.6	+	0	0	250M	4408009	553146
L	4407	250	*	*	*	*	*	4401868	*
H	4407	250	96.4	+	0	0	113M2I31MD104MD	4410244	4401868
L	2087	250	*	*	*	*	*	144720	*
H	2087	250	90.4	+	0	0	250M	4410896	144720
L	2384	250	*	*	*	*	*	49604	*
H	2384	250	91.6	+	0	0	164MI85MD	4412629	49604
L	4060	250	*	*	*	*	*	4327604	*
H	4060	250	93.2	+	0	0	250M	690594	4327604
L	4245	250	*	*	*	*	*	4367385	*
H	4245	250	99.6	+	0	0	250M	4414785	4367385
L	3882	250	*	*	*	*	*	1141542	*
H	3882	250	99.2	+	0	0	250M	4419624	1141542
L	2712	250	*	*	*	*	*	1139097	*
H	2712	250	96.4	+	0	0	2I248M2D	4419806	1139097
L	3209	250	*	*	*	*	*	1115889	*
H	3209	250	100.0	+	0	0	250M	4422114	1115889
H	2352	250	98.8	+	0	0	243MI6MD	4423978	64384
H	1708	250	92.4	+	0	0	137MI112MD	4431167	191570
L	1490	250	*	*	*	*	*	240661	*
H	1490	250	95.6	+	0	0	250M	4431592	240661
H	2947	250	99.6	+	0	0	250M	4433053	2106896
L	2565	250	*	*	*	*	*	8091	*
H	2565	250	97.6	+	0	0	250M	4434051	8091
L	2744	250	*	*	*	*	*	1143460	*
H	2744	250	99.6	+	0	0	250M	4435279	1143460
L	4565	250	*	*	*	*	*	4435422	*
H	4565	250	98.0	+	0	0	250M	4435425	4435422
H	3118	250	96.0	+	0	0	250M	4437422	851932
N	*	250	*	*	*	*	*	4444173	*
N	*	250	*	*	*	*	*	4449321	*
H	1241	250	94.4	+	0	0	250M	4457669	290241
L	4509	250	*	*	*	*	*	4423885	*
H	4509	250	94.4	+	0	0	222MD27MI	4466720	4423885
L	2813	250	*	*	*	*	*	1842075	*
H	2813	250	95.6	+	0	0	250M	4467983	1842075
L	3311	250	*	*	*	*	*	2922812	*
H	3311	250	98.0	+	0	0	250M	4474582	2922812
H	4224	250	99.2	+	0	0	250M	4475144	4364469
H	3842	250	90.0	+	0	0	250M	4479774	4151783
L	4081	250	*	*	*	*	*	4333556	*
H	4081	250	98.0	+	0	0	250M	4480185	4333556
N	*	250	*	*	*	*	*	4482227	*
N	*	250	*	*	*	*	*	4483775	*
L	4952	250	*	*	*	*	*	4463497	*
H	4952	250	94.4	+	0	0	250M	1106734	4463497
L	4933	250	*	*	*	*	*	4338137	*
H	4933	250	90.4	+	0	0	250M	978530	4338137
L	4927	250	*	*	*	*	*	4307029	*
H	4927	250	96.4	+	0	0	250M	845599	4307029
L	4932	250	*	*	*	*	*	4338133	*
H	4932	250	99.6	+	0	0	250M	798060	4338133
L	4868	250	*	*	*	*	*	43283	*
H	4868	250	98.0	+	0	0	250M	686537	43283
L	4907	250	*	*	*	*	*	813104	*
H	4907	250	90.0	+	0	0	226MD23MI	666521	813104
L	4892	250	*	*	*	*	*	1132808	*
H	4892	250	99.6	+	0	0	250M	241978	1132808
L	4913	250	*	*	*	*	*	1136152	*
H	4913	250	96.4	+	0	0	250M	142373	1136152
L	4829	250	*	*	*	*	*	548723	*
H	4829	250	96.4	+	0	0	250M	109519	548723
N	*	250	*	*	*	*	*	33887	*
L	4896	250	*	*	*	*	*	1135040	*
H	4896	250	96.8	+	0	0	250M	790	1135040
L	4888	250	*	*	*	*	*	1128360	*
H	4888	250	95.2	+	0	0	250M	329	1128360
L	4860	250	*	*	*	*	*	101553	*
H	4860	250	96.0	+	0	0	250M	177	101553
H	4933	250	92.8	+	0	0	250M	2076641	4338137
L	4947	250	*	*	*	*	*	4437047	*
H	4947	250	94.4	+	0	0	250M	3022550	4437047
L	4953	250	*	*	*	*	*	4463937	*
H	4953	250	90.4	+	0	0	250M	1114397	4463937
H	4896	250	97.6	+	0	0	250M	4344999	1135040
L	4894	250	*	*	*	*	*	692586	*
H	4894	250	91.2	+	0	0	250M	4358883	692586
D	26	2	*	*	*	*	99.2	1092725	*
D	33	2	*	*	*	*	95.2	1082059	*
D	75	2	*	*	*	*	90.0	1021078	*
D	120	4	*	*	*	*	97.9	961922	*
D	169	2	*	*	*	*	93.2	903886	*
D	234	3	*	*	*	*	96.4	824723	*
D	251	2	*	*	*	*	96.4	812921	*
D	258	2	*	*	*	*	98.0	804867	*
D	273	2	*	*	*	*	100.0	768898	*
D	278	3	*	*	*	*	98.4	749696	*
D	289	2	*	*	*	*	97.2	731707	*
D	306	2	*	*	*	*	98.4	697027	*
D	319	2	*	*	*	*	98.4	667570	*
D	322	2	*	*	*	*	95.6	662808	*
D	332	2	*	*	*	*	98.0	644016	*
D	340	2	*	*	*	*	96.0	623204	*
D	364	2	*	*	*	*	91.2	590426	*
D	435	2	*	*	*	*	97.2	573413	*
D	445	6	*	*	*	*	93.0	571645	*
D	452	3	*	*	*	*	96.0	570232	*
D	473	2	*	*	*	*	97.6	566216	*
D	478	2	*	*	*	*	99.2	565130	*
D	482	2	*	*	*	*	96.4	564045	*
D	524	2	*	*	*	*	96.8	555568	*
D	533	4	*	*	*	*	94.5	4412575	*
D	537	2	*	*	*	*	99.6	553146	*
D	549	2	*	*	*	*	97.6	550415	*
D	566	2	*	*	*	*	98.0	544824	*
D	582	2	*	*	*	*	98.8	540423	*
D	598	2	*	*	*	*	98.8	536754	*
D	668	2	*	*	*	*	96.8	523589	*
D	744	3	*	*	*	*	99.6	510204	*
D	779	2	*	*	*	*	92.8	430191	*
D	784	2	*	*	*	*	94.4	423025	*
D	820	2	*	*	*	*	94.8	369563	*
D	961	2	*	*	*	*	96.0	342268	*
D	1024	2	*	*	*	*	98.0	327895	*
D	1031	2	*	*	*	*	97.6	326054	*
D	1095	2	*	*	*	*	96.4	311173	*
D	1098	2	*	*	*	*	92.4	310532	*
D	1105	2	*	*	*	*	96.8	308598	*
D	1120	2	*	*	*	*	96.8	306728	*
D	1165	2	*	*	*	*	98.8	299576	*
D	1187	2	*	*	*	*	99.6	295974	*
D	1241	3	*	*	*	*	93.4	290241	*
D	1251	2	*	*	*	*	98.8	289174	*
D	1273	2	*	*	*	*	98.8	284672	*
D	1276	2	*	*	*	*	94.4	283765	*
D	1280	2	*	*	*	*	92.4	280968	*
D	1289	3	*	*	*	*	98.8	276678	*
D	1300	2	*	*	*	*	99.6	274900	*
D	1316	2	*	*	*	*	92.0	272031	*
D	1332	2	*	*	*	*	99.2	270229	*
D	1359	2	*	*	*	*	99.6	267698	*
D	1361	2	*	*	*	*	99.2	267323	*
D	1391	2	*	*	*	*	99.2	262377	*
D	1449	2	*	*	*	*	94.0	251456	*
D	1454	2	*	*	*	*	99.2	250136	*
D	1471	2	*	*	*	*	98.4	246846	*
D	1490	2	*	*	*	*	95.6	240661	*
D	1506	3	*	*	*	*	99.2	238051	*
D	1507	2	*	*	*	*	98.8	237745	*
D	1545	2	*	*	*	*	96.4	223583	*
D	1553	2	*	*	*	*	98.0	221379	*
D	1563	2	*	*	*	*	95.6	217734	*
D	1564	2	*	*	*	*	94.8	217386	*
D	1575	2	*	*	*	*	94.0	211593	*
D	1578	2	*	*	*	*	94.4	210652	*
D	1600	2	*	*	*	*	91.6	200455	*
D	1629	2	*	*	*	*	96.8	197631	*
D	1653	2	*	*	*	*	94.4	195871	*
D	1708	4	*	*	*	*	93.2	191570	*
D	1711	2	*	*	*	*	98.4	191359	*
D	1736	2	*	*	*	*	98.4	189244	*
D	1776	2	*	*	*	*	91.2	185891	*
D	1803	2	*	*	*	*	94.0	184745	*
D	1886	2	*	*	*	*	92.4	178763	*
D	1892	2	*	*	*	*	95.6	178213	*
D	1950	2	*	*	*	*	98.0	173486	*
D	1967	2	*	*	*	*	95.2	168260	*
D	1997	2	*	*	*	*	97.6	161677	*
D	2013	2	*	*	*	*	95.6	158785	*
D	2040	2	*	*	*	*	96.4	156357	*
D	2065	2	*	*	*	*	98.4	149895	*
D	2080	2	*	*	*	*	96.4	146743	*
D	2082	2	*	*	*	*	94.4	146193	*
D	2083	2	*	*	*	*	92.0	146037	*
D	2087	2	*	*	*	*	90.4	144720	*
D	2118	2	*	*	*	*	96.4	138840	*
D	2127	2	*	*	*	*	95.2	136773	*
D	2145	2	*	*	*	*	95.6	133739	*
D	2152	3	*	*	*	*	99.2	132602	*
D	2154	2	*	*	*	*	92.4	131660	*
D	2158	2	*	*	*	*	91.2	130219	*
D	2182	2	*	*	*	*	92.0	113289	*
D	2183	3	*	*	*	*	94.2	113265	*
D	2196	2	*	*	*	*	97.6	110879	*
D	2208	2	*	*	*	*	97.6	108433	*
D	2213	2	*	*	*	*	95.2	107854	*
D	2228	2	*	*	*	*	98.8	106310	*
D	2258	2	*	*	*	*	95.6	101611	*
D	2264	2	*	*	*	*	98.8	100650	*
D	2269	2	*	*	*	*	98.4	99951	*
D	2304	2	*	*	*	*	96.8	86772	*
D	2311	2	*	*	*	*	96.0	81554	*
D	2331	2	*	*	*	*	99.6	72820	*
D	2345	2	*	*	*	*	98.4	68753	*
D	2351	3	*	*	*	*	97.4	65400	*
D	2352	5	*	*	*	*	97.6	64384	*
D	2364	2	*	*	*	*	96.4	58618	*
D	2384	2	*	*	*	*	91.6	49604	*
D	2406	3	*	*	*	*	93.2	40104	*
D	2416	2	*	*	*	*	98.4	33768	*
D	2420	2	*	*	*	*	95.2	31319	*
D	2422	2	*	*	*	*	96.8	29533	*
D	2461	2	*	*	*	*	96.4	15740	*
D	2463	2	*	*	*	*	96.0	15458	*
D	2468	3	*	*	*	*	93.8	14615	*
D	2472	2	*	*	*	*	99.2	14500	*
D	2476	2	*	*	*	*	92.8	14348	*
D	2478	2	*	*	*	*	96.4	14302	*
D	2493	2	*	*	*	*	98.8	13728	*
D	2499	2	*	*	*	*	96.4	13226	*
D	2529	2	*	*	*	*	97.2	10660	*
D	2538	2	*	*	*	*	92.8	9961	*
D	2545	2	*	*	*	*	99.6	9511	*
D	2546	3	*	*	*	*	97.0	9510	*
D	2551	3	*	*	*	*	97.6	9252	*
D	2555	2	*	*	*	*	97.2	9134	*
D	2563	3	*	*	*	*	96.4	8107	*
D	2565	2	*	*	*	*	97.6	8091	*
D	2567	2	*	*	*	*	95.2	8010	*
D	2597	2	*	*	*	*	95.2	5583	*
D	2600	2	*	*	*	*	95.2	5441	*
D	2671	2	*	*	*	*	98.8	1136676	*
D	2674	3	*	*	*	*	94.0	1128670	*
D	2676	2	*	*	*	*	98.4	961678	*
D	2682	2	*	*	*	*	92.8	1144371	*
D	2685	2	*	*	*	*	97.6	1145943	*
D	2706	2	*	*	*	*	96.0	643716	*
D	2712	2	*	*	*	*	96.4	1139097	*
D	2718	2	*	*	*	*	96.0	1129305	*
D	2744	2	*	*	*	*	99.6	1143460	*
D	2766	2	*	*	*	*	96.0	648692	*
D	2776	2	*	*	*	*	98.8	805980	*
D	2777	2	*	*	*	*	97.6	891034	*
D	2810	2	*	*	*	*	90.4	1136078	*
D	2813	2	*	*	*	*	95.6	1842075	*
D	2819	2	*	*	*	*	96.4	709363	*
D	2840	2	*	*	*	*	95.6	1138883	*
D	2855	3	*	*	*	*	96.6	681590	*
D	2856	2	*	*	*	*	93.6	1130328	*
D	2861	2	*	*	*	*	96.0	791732	*
D	2864	2	*	*	*	*	94.4	810888	*
D	2869	2	*	*	*	*	96.4	1125228	*
D	2881	2	*	*	*	*	94.0	1126194	*
D	2888	2	*	*	*	*	98.4	1108706	*
D	2908	2	*	*	*	*	92.8	1136639	*
D	2947	5	*	*	*	*	98.5	2106896	*
D	2988	3	*	*	*	*	96.4	1121753	*
D	3019	2	*	*	*	*	96.8	1124905	*
D	3035	2	*	*	*	*	98.0	2291414	*
D	3055	2	*	*	*	*	96.0	1129898	*
D	3089	2	*	*	*	*	98.4	1138255	*
D	3105	2	*	*	*	*	90.4	804160	*
D	3114	2	*	*	*	*	90.0	2471826	*
D	3118	3	*	*	*	*	97.4	851932	*
D	3139	2	*	*	*	*	98.8	816529	*
D	3156	2	*	*	*	*	91.2	2545906	*
D	3195	2	*	*	*	*	95.2	1138056	*
D	3209	2	*	*	*	*	100.0	1115889	*
D	3210	3	*	*	*	*	96.4	1110313	*
D	3222	2	*	*	*	*	94.4	1141541	*
D	3234	2	*	*	*	*	97.6	1142756	*
D	3259	2	*	*	*	*	98.0	919466	*
D	3287	2	*	*	*	*	90.8	812557	*
D	3288	3	*	*	*	*	97.2	826144	*
D	3290	2	*	*	*	*	98.8	2862781	*
D	3311	2	*	*	*	*	98.0	2922812	*
D	3326	2	*	*	*	*	96.0	1131355	*
D	3339	2	*	*	*	*	98.8	811179	*
D	3341	3	*	*	*	*	98.0	1072784	*
D	3343	2	*	*	*	*	92.0	3015662	*
D	3357	2	*	*	*	*	96.0	1137185	*
D	3400	2	*	*	*	*	97.2	3172850	*
D	3408	2	*	*	*	*	98.8	1129841	*
D	3453	2	*	*	*	*	98.4	3271868	*
D	3470	2	*	*	*	*	99.6	1122610	*
D	3479	2	*	*	*	*	92.0	911243	*
D	3488	2	*	*	*	*	95.2	758642	*
D	3511	2	*	*	*	*	99.2	790610	*
D	3549	4	*	*	*	*	96.1	806221	*
D	3554	2	*	*	*	*	95.2	1146228	*
D	3562	2	*	*	*	*	97.2	802792	*
D	3602	2	*	*	*	*	95.6	1143368	*
D	3610	2	*	*	*	*	97.6	821185	*
D	3640	3	*	*	*	*	97.6	1136710	*
D	3652	2	*	*	*	*	98.0	1126217	*
D	3669	3	*	*	*	*	96.6	1111998	*
D	3674	2	*	*	*	*	94.8	1125006	*
D	3682	2	*	*	*	*	95.2	3755054	*
D	3683	2	*	*	*	*	92.4	1142026	*
D	3692	2	*	*	*	*	98.0	721199	*
D	3697	2	*	*	*	*	92.0	944401	*
D	3731	2	*	*	*	*	97.2	830475	*
D	3749	2	*	*	*	*	96.8	1135136	*
D	3785	3	*	*	*	*	99.2	4041568	*
D	3792	2	*	*	*	*	96.4	1106060	*
D	3802	2	*	*	*	*	97.2	660708	*
D	3803	2	*	*	*	*	97.6	1109067	*
D	3808	2	*	*	*	*	97.6	1143479	*
D	3809	2	*	*	*	*	91.2	836917	*
D	3826	2	*	*	*	*	98.4	1105883	*
D	3832	2	*	*	*	*	96.4	1136392	*
D	3838	3	*	*	*	*	95.8	676511	*
D	3841	2	*	*	*	*	93.2	4151747	*
D	3842	3	*	*	*	*	93.6	4151783	*
D	3844	2	*	*	*	*	99.2	4154525	*
D	3845	2	*	*	*	*	99.6	1123994	*
D	3882	2	*	*	*	*	99.2	1141542	*
D	3941	2	*	*	*	*	95.2	4300883	*
D	3972	2	*	*	*	*	98.4	4307258	*
D	3985	2	*	*	*	*	99.2	4310208	*
D	3995	3	*	*	*	*	97.2	4312974	*
D	4010	2	*	*	*	*	96.0	4317520	*
D	4042	2	*	*	*	*	98.8	4323871	*
D	4047	2	*	*	*	*	97.6	4324649	*
D	4060	2	*	*	*	*	93.2	4327604	*
D	4074	2	*	*	*	*	98.4	4331684	*
D	4081	2	*	*	*	*	98.0	4333556	*
D	4117	2	*	*	*	*	98.4	4342039	*
D	4132	2	*	*	*	*	95.2	4345313	*
D	4163	2	*	*	*	*	96.8	4351033	*
D	4191	2	*	*	*	*	94.0	4355718	*
D	4209	2	*	*	*	*	99.6	4360273	*
D	4215	2	*	*	*	*	93.2	4361351	*
D	4218	2	*	*	*	*	93.2	4362465	*
D	4224	3	*	*	*	*	98.8	4364469	*
D	4225	2	*	*	*	*	100.0	4364892	*
D	4245	2	*	*	*	*	99.6	4367385	*
D	4268	2	*	*	*	*	96.8	4371951	*
D	4299	2	*	*	*	*	99.2	4377697	*
D	4306	2	*	*	*	*	98.8	4379449	*
D	4307	5	*	*	*	*	97.6	4379731	*
D	4331	2	*	*	*	*	98.8	4385067	*
D	4349	2	*	*	*	*	94.8	4388908	*
D	4365	2	*	*	*	*	94.0	4391641	*
D	4379	2	*	*	*	*	97.2	4394897	*
D	4380	2	*	*	*	*	95.2	4394966	*
D	4407	2	*	*	*	*	96.4	4401868	*
D	4411	4	*	*	*	*	92.9	4402960	*
D	4422	2	*	*	*	*	98.0	4404224	*
D	4428	2	*	*	*	*	97.6	4406393	*
D	4509	2	*	*	*	*	94.4	4423885	*
D	4529	2	*	*	*	*	96.4	4427434	*
D	4549	2	*	*	*	*	100.0	4431959	*
D	4551	2	*	*	*	*	96.8	4432439	*
D	4565	2	*	*	*	*	98.0	4435422	*
D	4570	2	*	*	*	*	94.4	4435984	*
D	4596	2	*	*	*	*	96.8	4443004	*
D	4615	2	*	*	*	*	96.8	4449456	*
D	4647	3	*	*	*	*	96.4	4455242	*
D	4654	2	*	*	*	*	97.2	4456166	*
D	4702	2	*	*	*	*	95.2	4465296	*
D	4731	2	*	*	*	*	95.6	4469481	*
D	4752	2	*	*	*	*	98.0	4473175	*
D	4786	2	*	*	*	*	92.0	4479467	*
D	4801	2	*	*	*	*	94.0	4482862	*
D	4829	2	*	*	*	*	96.4	548723	*
D	4860	2	*	*	*	*	96.0	101553	*
D	4868	2	*	*	*	*	98.0	43283	*
D	4888	2	*	*	*	*	95.2	1128360	*
D	4892	2	*	*	*	*	99.6	1132808	*
D	4894	2	*	*	*	*	91.2	692586	*
D	4896	3	*	*	*	*	97.2	1135040	*
D	4907	2	*	*	*	*	90.0	813104	*
D	4913	2	*	*	*	*	96.4	1136152	*
D	4927	2	*	*	*	*	96.4	4307029	*
D	4932	2	*	*	*	*	99.6	4338133	*
D	4933	3	*	*	*	*	91.6	4338137	*
D	4947	2	*	*	*	*	94.4	4437047	*
D	4952	2	*	*	*	*	94.4	4463497	*
D	4953	2	*	*	*	*	90.4	4463937	*
