UclustConsensusTaxonAssigner parameters:
id_to_taxonomy_filepath:/Users/nbokulich/Desktop/projects/short-read-tax-assignment/data/ref_dbs/gg_13_8_otus/99_otu_taxonomy_clean.tsv
id_to_taxonomy_fp:/Users/nbokulich/Desktop/projects/short-read-tax-assignment/data/ref_dbs/gg_13_8_otus/99_otu_taxonomy_clean.tsv
max_accepts:1
min_consensus_fraction:0.76
reference_sequences_fp:/Users/nbokulich/Desktop/projects/short-read-tax-assignment/data/ref_dbs/gg_13_8_otus/99_otus_clean_515f-806r_trim250.fasta
similarity:0.8
unassignable_label:Unassigned
Result path: /var/folders/0t/l1dz88p50y91vx_22fx5w3780000gn/T/assign-taxQaDCax

.uc file contents:

# uclust --input /Users/nbokulich/Desktop/projects/short-read-tax-assignment/data/mock-community/mock-12/rep_seqs.fna --id 0.8 --rev --maxaccepts 1 --allhits --libonly --lib /Users/nbokulich/Desktop/projects/short-read-tax-assignment/data/ref_dbs/gg_13_8_otus/99_otus_clean_515f-806r_trim250.fasta --uc /var/folders/0t/l1dz88p50y91vx_22fx5w3780000gn/T/UclustConsensusTaxonAssigner__cNz8Z.uc
# version=1.2.22
# Tab-separated fields:
# 1=Type, 2=ClusterNr, 3=SeqLength or ClusterSize, 4=PctId, 5=Strand, 6=QueryStart, 7=SeedStart, 8=Alignment, 9=QueryLabel, 10=TargetLabel
# Record types (field 1): L=LibSeed, S=NewSeed, H=Hit, R=Reject, D=LibCluster, C=NewCluster, N=NoHit
# For C and D types, PctId is average id with seed.
# QueryStart and SeedStart are zero-based relative to start of sequence.
# If minus strand, SeedStart is relative to reverse-complemented seed.
L	10021	250	*	*	*	*	*	70424	*
H	10021	230	93.5	+	0	0	19I230MI	a6d1860b6bf5615fc613634b63ab3791	70424
L	12816	250	*	*	*	*	*	2369177	*
H	12816	230	100.0	+	0	0	19I230MI	cfcb8284d80dd023c6fd9d61312af1d8	2369177
N	*	230	*	*	*	*	*	c1870701bcef25871d6699598a49159c	*
L	10094	250	*	*	*	*	*	60608	*
H	10094	230	86.1	+	0	0	19I97MD132M2I	f0a1772c40f8a64264b56b88d829f934	60608
L	13498	250	*	*	*	*	*	851782	*
H	13498	230	88.3	+	0	0	19I230MI	f9174a9d882c310dc594ec0f5cb166f0	851782
L	6263	250	*	*	*	*	*	266948	*
H	6263	230	95.2	+	0	0	19I186MD43M2I	303617ac1bc78d19251577344c18892f	266948
L	16664	250	*	*	*	*	*	4313041	*
H	16664	230	84.3	+	0	0	19I89MI141M	22571139b35b5642337c7d3f31b20af4	4313041
N	*	230	*	*	*	*	*	0f34f99802425f80a3e7fde752e84238	*
L	13680	250	*	*	*	*	*	1136534	*
H	13680	230	93.0	+	0	0	19I230MI	e654beaa33ec864ca7aec57dd842a14e	1136534
L	5271	250	*	*	*	*	*	317337	*
H	5271	230	100.0	+	0	0	19I230MI	bc138f458e9c90a6a8487dba7d9ede14	317337
L	13113	250	*	*	*	*	*	2532173	*
H	13113	230	99.1	+	0	0	19I230MI	ecfe45379005a07b2ad9a87cddd291b9	2532173
N	*	230	*	*	*	*	*	a062f07ad89e80f4f9a1ee0c81a8334c	*
L	18579	250	*	*	*	*	*	4402960	*
H	18579	230	100.0	+	0	0	19I230MI	5ab60e73094bd711e41cd958b157c7b3	4402960
L	15560	250	*	*	*	*	*	824624	*
H	15560	230	91.3	+	0	0	19I230MI	84696c92befed33e46fcc9e4160354ac	824624
N	*	230	*	*	*	*	*	8e8427589ef2c911a1c89270a150333e	*
L	7968	250	*	*	*	*	*	180845	*
H	7968	230	95.7	+	0	0	19I230MI	bbefdacc1a80d109e0c0b727ca4775cb	180845
L	4287	250	*	*	*	*	*	366398	*
H	4287	230	100.0	+	0	0	19I230MI	1ac885d2bb1d47dc5c88ff3c128f0ce4	366398
L	2496	250	*	*	*	*	*	557398	*
H	2496	230	100.0	+	0	0	19I230MI	3f693a4611b53005eb100e1d9f7d9ee1	557398
L	5412	250	*	*	*	*	*	309236	*
H	5412	230	94.8	+	0	0	19I230MI	fe5ce675ecaf8987b7478869bc2ddc22	309236
L	12392	250	*	*	*	*	*	841350	*
H	12392	230	100.0	+	0	0	19I230MI	82fc1bb08f127463f429ad78a824b9d7	841350
L	9584	250	*	*	*	*	*	103489	*
H	9584	230	96.1	+	0	0	19I230MI	7e3791f09abc425670b6880f0997ee03	103489
L	2607	250	*	*	*	*	*	551213	*
H	2607	230	100.0	+	0	0	19I230MI	046eda50a35026405dbc524a8deb4d5c	551213
L	17039	250	*	*	*	*	*	4329133	*
H	17039	230	83.0	+	0	0	19I230MI	f977ecaa1c3da8ac1edd50d598eb2bd7	4329133
L	17906	250	*	*	*	*	*	4370420	*
H	17906	230	100.0	+	0	0	19I230MI	756c0110efd5a41f61b55ef28b369c2a	4370420
N	*	230	*	*	*	*	*	cf132490c314d6926b4b84814ffc0866	*
L	2368	250	*	*	*	*	*	564101	*
H	2368	230	100.0	+	0	0	19I230MI	52e6a0dd436c14c3322767dc57d7ac5a	564101
N	*	230	*	*	*	*	*	ef0fb046dc33825cfb63c7d0aa6d2615	*
H	16664	230	83.9	+	0	0	19I89MI141M	41d80ebc7eb28d4c44517ceb40384b38	4313041
L	19360	250	*	*	*	*	*	4440566	*
H	19360	230	100.0	+	0	0	19I230MI	a1cbe24209a517f3891b7b6d1dacd623	4440566
L	8253	250	*	*	*	*	*	173412	*
H	8253	230	96.1	+	0	0	19I230MI	341ed9a218147a2296fce71fb47bf336	173412
L	2806	250	*	*	*	*	*	538986	*
H	2806	230	93.9	+	0	0	19I230MI	5ab36b91383217550cadbed97134f934	538986
L	12428	250	*	*	*	*	*	728069	*
H	12428	230	87.8	+	0	0	19I230MI	38ef9d2cc4a1d593f6559d2ec3ff974c	728069
N	*	230	*	*	*	*	*	e1ba8e0b88a8feab180ffbe4aa8d2369	*
N	*	230	*	*	*	*	*	fbac9057e8ebfd4d6bceaa009640cf08	*
N	*	230	*	*	*	*	*	0943c39857d8a44162fc70064f39be71	*
N	*	230	*	*	*	*	*	72b1cd594f204e3f151d99aec46d5b6d	*
L	2787	250	*	*	*	*	*	539939	*
H	2787	230	93.0	+	0	0	19I230MI	6c3ce04098719f17c16e4a75fc544253	539939
L	1797	250	*	*	*	*	*	594381	*
H	1797	230	93.9	+	0	0	17I230M3I	4eb5755da0fe3e996a6dd2832227f7fc	594381
L	12096	250	*	*	*	*	*	1132942	*
H	12096	230	88.7	+	0	0	19I230MI	c97c5b544559b09fcf47226bb5d1de4c	1132942
L	16472	250	*	*	*	*	*	4305271	*
H	16472	230	100.0	+	0	0	19I230MI	d7c31b5cc0b7832b92c61274a0bac949	4305271
L	19764	250	*	*	*	*	*	4459960	*
H	19764	230	94.8	+	0	0	19I230MI	d5527857cf2798a1b5afaf8f55f096d9	4459960
N	*	230	*	*	*	*	*	5b4a618e5c1c893d4d942e31b98dc880	*
N	*	230	*	*	*	*	*	2927b4a21a76bbc587ccc631d8516b18	*
L	4175	250	*	*	*	*	*	370002	*
H	4175	230	99.1	+	0	0	19I230MI	de5d57d2d7056c3f76772d2b65c5c3b4	370002
L	5194	250	*	*	*	*	*	322658	*
H	5194	230	94.8	+	0	0	19I230MI	ab2c540a4a57e0c6d883d8a09cca5936	322658
L	18940	250	*	*	*	*	*	4420639	*
H	18940	230	100.0	+	0	0	19I230MI	5d7bbc31e92b1edc2fef0d5805ec9577	4420639
H	2787	230	88.7	+	0	0	19I230MI	2e8a461857ec59b2793b104611e34e35	539939
N	*	230	*	*	*	*	*	8cade31847b2654c79898e92be8982bd	*
L	14101	250	*	*	*	*	*	851925	*
H	14101	230	96.1	+	0	0	19I230MI	9eeddade664ad8c36aefda83e3242a80	851925
L	8626	250	*	*	*	*	*	158738	*
H	8626	230	100.0	+	0	0	19I230MI	8d397d8f69a3c2b0428cef4df39b9393	158738
L	5810	250	*	*	*	*	*	291654	*
H	5810	230	95.7	+	0	0	19I230MI	fe01cf4b76e155432c3886313a2cca75	291654
L	10213	250	*	*	*	*	*	45363	*
H	10213	230	99.6	+	0	0	19I230MI	a7971bfec5d5e0bad28ba1dc46542270	45363
H	18579	230	99.6	+	0	0	19I230MI	9d9809ba40b5222f3f83d52fce13636a	4402960
L	5702	250	*	*	*	*	*	295974	*
H	5702	230	100.0	+	0	0	19I230MI	88a38befddba3aa2a3dc1f24b466ebc6	295974
L	13614	250	*	*	*	*	*	845252	*
H	13614	230	99.6	+	0	0	19I230MI	046977e760ad1f9d187dac03a44350ca	845252
L	2247	250	*	*	*	*	*	570230	*
H	2247	230	95.2	+	0	0	19I230MI	157b3b6396be7e365c19cdd004a3420b	570230
H	5194	230	97.4	+	0	0	19I230MI	47c354758b3992c2763c692080a36d12	322658
N	*	230	*	*	*	*	*	5b67f48d83ec499d96f97ca0728c16be	*
N	*	230	*	*	*	*	*	5c7f198e49fbbe00d68b129e69ecd718	*
L	10212	250	*	*	*	*	*	45531	*
H	10212	230	85.2	+	0	0	19I107MI123M	68b9afb39c3764e38c5574f427de8c1e	45531
L	12835	250	*	*	*	*	*	1124170	*
H	12835	230	100.0	+	0	0	19I230MI	55678a199dd19cdc93fd7150fb4553c7	1124170
L	3993	250	*	*	*	*	*	416537	*
H	3993	230	98.7	+	0	0	19I230MI	5d1ec5a2e9b4786dae9b963d3a27e6b7	416537
L	17519	250	*	*	*	*	*	4352747	*
H	17519	230	100.0	+	0	0	19I230MI	8be3f70c35fe55141ee806d3f28b6971	4352747
N	*	230	*	*	*	*	*	3b652b730a1104c2df5293a959820618	*
L	6053	250	*	*	*	*	*	276260	*
H	6053	230	95.7	+	0	0	19I230MI	d50a600138dada5647d2fa5c90734408	276260
H	10213	230	100.0	+	0	0	19I230MI	e9d43770dfa14a6d4cd0f932e56010aa	45363
L	9961	250	*	*	*	*	*	73484	*
H	9961	230	100.0	+	0	0	19I230MI	b1c2c90bab524b14280e60cbf5b5adbd	73484
L	7105	250	*	*	*	*	*	210652	*
H	7105	230	82.2	+	0	0	19I102MD127M2I	7e454d37f292ad151e91a692cf881f8a	210652
L	5477	250	*	*	*	*	*	305267	*
H	5477	230	97.4	+	0	0	19I230MI	355f61355dc398a1b19d5875dc10148a	305267
L	4764	250	*	*	*	*	*	348006	*
H	4764	230	96.1	+	0	0	19I230MI	97f55ea52a9d1fc04c5278190a286d1b	348006
L	9555	250	*	*	*	*	*	104613	*
H	9555	230	82.2	+	0	0	19I92MI138M	1d474c5dad0311d0c0d4004fd66ee40b	104613
L	1210	250	*	*	*	*	*	839512	*
H	1210	230	100.0	+	0	0	19I230MI	857ac6bbd1984468e629ae03aab15277	839512
H	16664	230	100.0	+	0	0	19I230MI	1704f7a2b353ead90cc706964b1e19c0	4313041
N	*	230	*	*	*	*	*	0a17a9d1febc9cefdd987a94bcc7880b	*
N	*	230	*	*	*	*	*	2b4a0f403d00067ac9e10c3d0f49ab59	*
L	5638	250	*	*	*	*	*	299070	*
H	5638	230	94.8	+	0	0	19I230MI	8d2faa510138f5c5abe335c5d0bf5bee	299070
H	9555	230	81.3	+	0	0	19I92MI138M	c6fc1334b016a8ae39e8ba2a60e40dda	104613
L	7717	250	*	*	*	*	*	186652	*
H	7717	230	93.0	+	0	0	19I230MI	ceb8a4604dd8cd75df7bf45aaf069672	186652
H	16664	230	85.2	+	0	0	19I94MI136M	2af471e7f8ff7af2d93a602d2bf95b91	4313041
N	*	230	*	*	*	*	*	86437caf55f1a6ef89518bd0958501f8	*
L	2196	250	*	*	*	*	*	573590	*
H	2196	230	96.5	+	0	0	19I230MI	44190b2886ccca6c279b2fcc40c003af	573590
L	4189	250	*	*	*	*	*	369699	*
H	4189	230	93.5	+	0	0	19I230MI	ddd27106eb90945e8276ca2f1ef3e2bb	369699
N	*	230	*	*	*	*	*	cb642890d82b3db61e34fe07d51db002	*
L	10431	250	*	*	*	*	*	19113	*
H	10431	230	92.2	+	0	0	19I230MI	81a622b3d0dbe80bf64f3014dbbad0c0	19113
N	*	230	*	*	*	*	*	9e95a9d794f5d56d65968df24cb0a924	*
L	2529	250	*	*	*	*	*	555445	*
H	2529	230	94.3	+	0	0	19I230MI	3775075b95cf61a21f4923a20a15059d	555445
L	7641	250	*	*	*	*	*	188570	*
H	7641	230	100.0	+	0	0	19I230MI	772ad87ca9bb3c2819df902cb88563e3	188570
L	17792	250	*	*	*	*	*	4365565	*
H	17792	230	100.0	+	0	0	19I230MI	8ff8c98a114b0dda101d4249d0c22f7e	4365565
L	8684	250	*	*	*	*	*	157163	*
H	8684	230	100.0	+	0	0	19I230MI	5e61976be7857d74a154bf38524c825c	157163
H	18579	230	99.6	+	0	0	19I230MI	cdafaee56de9bd8db4a90167990c8102	4402960
N	*	230	*	*	*	*	*	6d33677221abde596c2fcb87bfed7709	*
H	16664	230	85.2	+	0	0	19I94MI136M	5295ee1b9bcb69844d4c1de37f98b136	4313041
N	*	230	*	*	*	*	*	a455e384cc6de4371226a132299f659f	*
L	1730	250	*	*	*	*	*	636825	*
H	1730	230	88.7	+	0	0	19I230MI	cc87f239394ef8de0383b6de2172451f	636825
H	19764	230	97.4	+	0	0	19I230MI	66190f1cecbb6469c396a2296d88ef19	4459960
N	*	230	*	*	*	*	*	57e03ada544127242adcb5e9be083af4	*
D	1210	2	*	*	*	*	100.0	839512	*
D	1730	2	*	*	*	*	88.7	636825	*
D	1797	2	*	*	*	*	93.9	594381	*
D	2196	2	*	*	*	*	96.5	573590	*
D	2247	2	*	*	*	*	95.2	570230	*
D	2368	2	*	*	*	*	100.0	564101	*
D	2496	2	*	*	*	*	100.0	557398	*
D	2529	2	*	*	*	*	94.3	555445	*
D	2607	2	*	*	*	*	100.0	551213	*
D	2787	3	*	*	*	*	90.9	539939	*
D	2806	2	*	*	*	*	93.9	538986	*
D	3993	2	*	*	*	*	98.7	416537	*
D	4175	2	*	*	*	*	99.1	370002	*
D	4189	2	*	*	*	*	93.5	369699	*
D	4287	2	*	*	*	*	100.0	366398	*
D	4764	2	*	*	*	*	96.1	348006	*
D	5194	3	*	*	*	*	96.1	322658	*
D	5271	2	*	*	*	*	100.0	317337	*
D	5412	2	*	*	*	*	94.8	309236	*
D	5477	2	*	*	*	*	97.4	305267	*
D	5638	2	*	*	*	*	94.8	299070	*
D	5702	2	*	*	*	*	100.0	295974	*
D	5810	2	*	*	*	*	95.7	291654	*
D	6053	2	*	*	*	*	95.7	276260	*
D	6263	2	*	*	*	*	95.2	266948	*
D	7105	2	*	*	*	*	82.2	210652	*
D	7641	2	*	*	*	*	100.0	188570	*
D	7717	2	*	*	*	*	93.0	186652	*
D	7968	2	*	*	*	*	95.7	180845	*
D	8253	2	*	*	*	*	96.1	173412	*
D	8626	2	*	*	*	*	100.0	158738	*
D	8684	2	*	*	*	*	100.0	157163	*
D	9555	3	*	*	*	*	81.7	104613	*
D	9584	2	*	*	*	*	96.1	103489	*
D	9961	2	*	*	*	*	100.0	73484	*
D	10021	2	*	*	*	*	93.5	70424	*
D	10094	2	*	*	*	*	86.1	60608	*
D	10212	2	*	*	*	*	85.2	45531	*
D	10213	3	*	*	*	*	99.8	45363	*
D	10431	2	*	*	*	*	92.2	19113	*
D	12096	2	*	*	*	*	88.7	1132942	*
D	12392	2	*	*	*	*	100.0	841350	*
D	12428	2	*	*	*	*	87.8	728069	*
D	12816	2	*	*	*	*	100.0	2369177	*
D	12835	2	*	*	*	*	100.0	1124170	*
D	13113	2	*	*	*	*	99.1	2532173	*
D	13498	2	*	*	*	*	88.3	851782	*
D	13614	2	*	*	*	*	99.6	845252	*
D	13680	2	*	*	*	*	93.0	1136534	*
D	14101	2	*	*	*	*	96.1	851925	*
D	15560	2	*	*	*	*	91.3	824624	*
D	16472	2	*	*	*	*	100.0	4305271	*
D	16664	6	*	*	*	*	87.7	4313041	*
D	17039	2	*	*	*	*	83.0	4329133	*
D	17519	2	*	*	*	*	100.0	4352747	*
D	17792	2	*	*	*	*	100.0	4365565	*
D	17906	2	*	*	*	*	100.0	4370420	*
D	18579	4	*	*	*	*	99.7	4402960	*
D	18940	2	*	*	*	*	100.0	4420639	*
D	19360	2	*	*	*	*	100.0	4440566	*
D	19764	3	*	*	*	*	96.1	4459960	*
