UclustConsensusTaxonAssigner parameters:
id_to_taxonomy_filepath:/Users/nbokulich/Desktop/ref_dbs/gg_13_8_otus/taxonomy/99_otu_taxonomy.txt
id_to_taxonomy_fp:/Users/nbokulich/Desktop/ref_dbs/gg_13_8_otus/taxonomy/99_otu_taxonomy.txt
max_accepts:1
min_consensus_fraction:1.0
reference_sequences_fp:/Users/nbokulich/Desktop/ref_dbs/gg_13_8_otus/rep_set/99_otus.fasta
similarity:0.9
unassignable_label:Unassigned
Result path: /var/folders/0t/l1dz88p50y91vx_22fx5w3780000gn/T/assign-taxjA62fe

.uc file contents:

# uclust --input /Users/nbokulich/Desktop/projects/short-read-tax-assignment/data/mock-community/mock-14/rep_seqs.fna --id 0.9 --rev --maxaccepts 1 --allhits --libonly --lib /Users/nbokulich/Desktop/ref_dbs/gg_13_8_otus/rep_set/99_otus.fasta --uc /var/folders/0t/l1dz88p50y91vx_22fx5w3780000gn/T/UclustConsensusTaxonAssigner_5zQaME.uc
# version=1.2.22
# Tab-separated fields:
# 1=Type, 2=ClusterNr, 3=SeqLength or ClusterSize, 4=PctId, 5=Strand, 6=QueryStart, 7=SeedStart, 8=Alignment, 9=QueryLabel, 10=TargetLabel
# Record types (field 1): L=LibSeed, S=NewSeed, H=Hit, R=Reject, D=LibCluster, C=NewCluster, N=NoHit
# For C and D types, PctId is average id with seed.
# QueryStart and SeedStart are zero-based relative to start of sequence.
# If minus strand, SeedStart is relative to reverse-complemented seed.
L	79308	1386	*	*	*	*	*	208595	*
H	79308	250	99.2	+	0	0	518I250M618I	b8e67580fefa62bfff456d6df97b8dba	208595
L	99154	1505	*	*	*	*	*	128604	*
H	99154	250	100.0	+	0	0	339I250M916I	91d3c789db08bd00d9ec073530f6cba7	128604
L	43966	1375	*	*	*	*	*	358078	*
H	43966	250	100.0	+	0	0	498I250M627I	26f6853f46b06854fe5418317a261fb8	358078
L	40035	1359	*	*	*	*	*	427028	*
H	40035	250	96.8	+	0	0	502I250M607I	9cab4304cc937409489930abf89abd34	427028
L	61750	1398	*	*	*	*	*	287510	*
H	61750	250	100.0	+	0	0	532I250M616I	b953ac3c6973b5a557774d4b2d005d48	287510
L	35956	1432	*	*	*	*	*	518302	*
H	35956	250	98.8	+	0	0	469I250M713I	51f6369ef0f8498eade7893d04a645ac	518302
L	90495	1486	*	*	*	*	*	167734	*
H	90495	250	99.6	+	0	0	528I250M708I	dc1311d27a21d1c04c819cdad3022b63	167734
L	48267	1357	*	*	*	*	*	340146	*
H	48267	250	100.0	+	0	0	504I250M603I	e47a63686b619f67783f9b9aa52b86bf	340146
L	46723	1505	*	*	*	*	*	346462	*
H	46723	250	100.0	+	0	0	495I250M760I	e9a0665339f0d06028e22f02a00c78b5	346462
L	193467	1391	*	*	*	*	*	4459028	*
H	193467	250	100.0	+	0	0	517I250M624I	608e6548b1b4cbb6176c8fce090991a5	4459028
L	163923	1508	*	*	*	*	*	4310109	*
H	163923	250	100.0	+	0	0	496I250M762I	70c9bfbb24364a1049dc8f2807fbf39e	4310109
L	42987	1359	*	*	*	*	*	363017	*
H	42987	250	100.0	+	0	0	496I250M613I	c4995645e0c1545b0e1620144d03772b	363017
L	115908	1439	*	*	*	*	*	1680440	*
H	115908	250	100.0	+	0	0	506I250M683I	e1542be91e8b87cd22ecad8e8494b222	1680440
L	149700	1444	*	*	*	*	*	1144682	*
H	149700	250	99.6	+	0	0	499I97MI39MI114M693I	a470484154b7f6649b849841bd60e77c	1144682
L	127890	1510	*	*	*	*	*	2364498	*
H	127890	250	100.0	+	0	0	500I250M760I	5ebd3cee772abecca4d399e926842a2c	2364498
L	5686	1357	*	*	*	*	*	930055	*
H	5686	250	100.0	+	0	0	500I250M607I	7c280f2a3d2c507d0cd3a95a1428e022	930055
L	156315	1375	*	*	*	*	*	774334	*
H	156315	250	100.0	+	0	0	506I250M619I	20b686910cf9db4b08f7b7c220800316	774334
L	5862	1366	*	*	*	*	*	923760	*
H	5862	250	100.0	+	0	0	509I250M607I	06f249e121d0aa52f0a23d83a77224e5	923760
L	1579	1371	*	*	*	*	*	1084865	*
H	1579	250	100.0	+	0	0	513I250M608I	d23fbef2f31d48eda40876cdbc49933a	1084865
L	135947	1432	*	*	*	*	*	2836658	*
H	135947	250	100.0	+	0	0	477I250M705I	e59405a47acbc248ce61395366159d8d	2836658
L	176678	1517	*	*	*	*	*	4374414	*
H	176678	250	100.0	+	0	0	538I250M729I	f294808897e3aec1a2a58756bf1b9c01	4374414
L	46954	1369	*	*	*	*	*	345473	*
H	46954	250	100.0	+	0	0	515I250M604I	9f8668eb1c5f9d9a992dd49245db090e	345473
L	113616	1412	*	*	*	*	*	1546872	*
H	113616	250	100.0	+	0	0	404I250M758I	ebfbe1c75e6b8104f536906cd6f18878	1546872
L	151068	1359	*	*	*	*	*	889549	*
H	151068	250	99.2	+	0	0	502I250M607I	7ffc8f8789347e3b691997c0095198c0	889549
L	30760	1394	*	*	*	*	*	540225	*
H	30760	250	100.0	+	0	0	528I250M616I	a7a8051e5422b6105e89ef56ed879506	540225
L	175545	1427	*	*	*	*	*	4368673	*
H	175545	250	100.0	+	0	0	487I250M690I	e17d964cd0fd8c2ddbd1dacfa8b536e3	4368673
L	163526	1511	*	*	*	*	*	4308305	*
H	163526	250	100.0	+	0	0	535I250M726I	c9cd47494e1b0ebbc45baec8eda8914d	4308305
L	138601	1373	*	*	*	*	*	877033	*
H	138601	250	100.0	+	0	0	337I250M786I	f6eebeb9deeea15b3b3829cfacc24ba0	877033
L	76632	1476	*	*	*	*	*	223104	*
H	76632	250	100.0	+	0	0	515I250M711I	00056c4c5a30dbbfa64dfa34fe792941	223104
L	42118	1362	*	*	*	*	*	367409	*
H	42118	250	100.0	+	0	0	497I250M615I	6a6fcf8f9b8bb1ab9e5f8456ee7fb109	367409
L	149748	1450	*	*	*	*	*	3658131	*
H	149748	250	100.0	+	0	0	471I250M729I	f65ef8a64333fc9aa05887b2aa16f257	3658131
L	44057	1395	*	*	*	*	*	357584	*
H	44057	250	100.0	+	0	0	532I250M613I	dfd770d48651635c39bdafe13f62e75a	357584
L	54236	1370	*	*	*	*	*	315846	*
H	54236	250	99.6	+	0	0	508I250M612I	3a84afa81c51c0521d05ae1ded8b7385	315846
L	182414	1423	*	*	*	*	*	4403622	*
H	182414	250	100.0	+	0	0	506I250M667I	e5269e32edd47bb63709e25e22a6f0ae	4403622
L	76282	1418	*	*	*	*	*	224813	*
H	76282	250	99.6	+	0	0	371I250M797I	beff5b6c75e094b52085b0a02cb07848	224813
L	88908	1403	*	*	*	*	*	174978	*
H	88908	250	100.0	+	0	0	531I250M622I	b65eb19257f7a2bedb5a1c4b42aeb396	174978
L	41534	1337	*	*	*	*	*	370290	*
H	41534	250	100.0	+	0	0	482I250M605I	c3bdda568b2c1580d5cce7407ef43909	370290
L	27658	1531	*	*	*	*	*	553068	*
H	27658	250	100.0	+	0	0	541I250M740I	b4deca667b3f393a6f6fadb3af23fb7b	553068
L	124935	1515	*	*	*	*	*	1106498	*
H	124935	250	100.0	+	0	0	532I148MI102M732I	70ed89ba1d212f9631759ae1b70608ba	1106498
L	25888	1394	*	*	*	*	*	560336	*
H	25888	250	100.0	+	0	0	527I250M617I	668fdb718997fc1589c7817655d4bb5f	560336
L	41872	1353	*	*	*	*	*	368587	*
H	41872	250	100.0	+	0	0	497I250M606I	262ba8fff46ca0c6fee6af217feea7df	368587
L	42878	1366	*	*	*	*	*	363525	*
H	42878	250	100.0	+	0	0	505I250M611I	492f380604907b04349e50a01a091656	363525
L	113617	1447	*	*	*	*	*	1546873	*
H	113617	250	100.0	+	0	0	453I250M744I	0cfc571a924f5fa5de7af0126e4f155e	1546873
L	4138	1344	*	*	*	*	*	987499	*
H	4138	250	100.0	+	0	0	484I250M610I	bb03e6ea99adcfcf8083ec2c9af114fb	987499
L	153581	1454	*	*	*	*	*	3884703	*
H	153581	250	100.0	+	0	0	333I250M871I	d94ae22030b5e5c7843ee824dc0c20bf	3884703
L	143217	1493	*	*	*	*	*	1044319	*
H	143217	250	97.6	+	0	0	525I250M718I	071c14e7e0dccde79045411782401179	1044319
L	85950	1392	*	*	*	*	*	184037	*
H	85950	250	100.0	+	0	0	515I250M627I	c9ea71f39bda8752713c8e90dff2b875	184037
L	100447	1398	*	*	*	*	*	112801	*
H	100447	250	98.8	+	0	0	524I250M624I	a721865248e35432e9d56886727f979f	112801
L	29093	1441	*	*	*	*	*	547191	*
H	29093	250	100.0	+	0	0	476I250M715I	060fdbbfa61cbfb4d47350dc2a2019cd	547191
L	110139	1487	*	*	*	*	*	15033	*
H	110139	250	99.6	+	0	0	357I250M880I	4d105eeb4d32edd3e88c72965ea7dc81	15033
L	86733	1389	*	*	*	*	*	181744	*
H	86733	250	100.0	+	0	0	515I250M624I	0e1dcba2a26611bacba2adfc23ac6418	181744
L	143477	1493	*	*	*	*	*	815158	*
H	143477	250	100.0	+	0	0	516I250M727I	0d6bce2909152ecd402d6905c94ac4e9	815158
L	128145	1503	*	*	*	*	*	824293	*
H	128145	250	100.0	+	0	0	522I9MI241M730I	e98349f8b3c7732e4c4148cab1686545	824293
L	191472	1450	*	*	*	*	*	4449054	*
H	191472	250	100.0	+	0	0	502I250M698I	ec4075339e16f5cd45fd5a7955596899	4449054
L	7345	1308	*	*	*	*	*	866269	*
H	7345	250	100.0	+	0	0	449I250M609I	8126bb4ee9f7473f7967f8b2d1719c8e	866269
L	160263	1443	*	*	*	*	*	4278430	*
H	160263	250	99.6	+	0	0	431I250M762I	e66d54650f75b7072f56a59c2a7d25ca	4278430
L	41882	1407	*	*	*	*	*	368531	*
H	41882	250	100.0	+	0	0	543I250M614I	e5413f67faa6b8c0c3e63e48836c0b42	368531
L	117307	1514	*	*	*	*	*	1757047	*
H	117307	250	100.0	+	0	0	531I250M733I	2b3f30843cfe8995c581c23a2149a7e4	1757047
L	77364	1420	*	*	*	*	*	219804	*
H	77364	250	100.0	+	0	0	348I250M822I	d9e9c9377516e5021c9e908453d1023f	219804
L	92782	1451	*	*	*	*	*	157327	*
H	92782	250	99.6	+	0	0	335I250M866I	257989dc361d0b6fb2566234ccc4f1c2	157327
L	107116	1551	*	*	*	*	*	60573	*
H	107116	250	96.0	+	0	0	536I250M765I	ce624d1b419b7962669113abbe54862b	60573
L	70031	1522	*	*	*	*	*	253486	*
H	70031	250	100.0	+	0	0	521I250M751I	187d45a4e8aea6b2b81e4a1c2c7daa10	253486
L	60875	1370	*	*	*	*	*	290630	*
H	60875	250	100.0	+	0	0	502I250M618I	9afa8a886ce58d005817de2ccf965cab	290630
L	201084	1402	*	*	*	*	*	1142	*
H	201084	250	100.0	+	0	0	447I250M705I	985186d08524adfa1dd0a5508be9fd5c	1142
N	*	250	*	*	*	*	*	3f7d6918cf9e0708c4bb030a81273cc1	*
L	16989	1509	*	*	*	*	*	609022	*
H	16989	250	100.0	+	0	0	346I250M913I	0e0ba4df909bd88a35adabc54e86299c	609022
L	140049	1507	*	*	*	*	*	3076313	*
H	140049	250	99.2	+	0	0	536I250M721I	bdc1edf81e57a386eaeeabf885333c86	3076313
L	124973	1485	*	*	*	*	*	1120116	*
H	124973	250	100.0	+	0	0	522I250M713I	f4ab08967f420d77c4df2ec76139d969	1120116
L	86449	1375	*	*	*	*	*	182588	*
H	86449	250	99.6	+	0	0	500I250M625I	5f2d589aeca05cfa41265dd5e23603b4	182588
L	41558	1387	*	*	*	*	*	370134	*
H	41558	250	100.0	+	0	0	524I250M613I	c1dc9ad5116d96b8ed863458fc0d0aec	370134
L	165670	1546	*	*	*	*	*	4318438	*
H	165670	250	100.0	+	0	0	535I250M761I	1b158b8b2922d4fcad5d9cea607cbb7d	4318438
L	185045	1514	*	*	*	*	*	4416988	*
H	185045	250	100.0	+	0	0	534I250M730I	e336f37a27cbd76db5b0040a8c078e20	4416988
L	189609	1415	*	*	*	*	*	4439457	*
H	189609	250	98.4	+	0	0	352I250M813I	aa95dca0c5dc48963cd4d424f02f31b6	4439457
L	78890	1481	*	*	*	*	*	211025	*
H	78890	250	100.0	+	0	0	503I250M728I	51dd453b71a4aba20d9f349601ea5203	211025
L	136409	1342	*	*	*	*	*	810371	*
H	136409	250	98.4	+	0	0	464I250M628I	68b03ad10b10d53379e590feaeb6dc6f	810371
L	84468	1389	*	*	*	*	*	188591	*
H	84468	250	100.0	+	0	0	514I250M625I	a0b7d83fb64749f9a4b15b3728425b97	188591
L	139115	1448	*	*	*	*	*	3017350	*
H	139115	250	100.0	+	0	0	492I250M706I	51e441cbdcc80da0656e82293ae160b5	3017350
L	119832	1375	*	*	*	*	*	847427	*
H	119832	250	100.0	+	0	0	511I250M614I	09f9dca1c8b5b542ba000dc812e6bef8	847427
L	90932	1474	*	*	*	*	*	165489	*
H	90932	250	100.0	+	0	0	350I250M874I	3b1e57d59969c0e4e22215de18ae8549	165489
L	192984	1505	*	*	*	*	*	4456710	*
H	192984	250	100.0	+	0	0	526I250M729I	97469448a11d554c7fd7e8f532cd9d05	4456710
L	53381	1513	*	*	*	*	*	319428	*
H	53381	250	100.0	+	0	0	530I250M733I	270c5e079a423832004deecd2e6186fa	319428
L	1565	1342	*	*	*	*	*	1085110	*
H	1565	250	100.0	+	0	0	324I250M768I	4a0995a82d96f424a4af7f074ee45faa	1085110
L	169233	1475	*	*	*	*	*	4336217	*
H	169233	250	99.6	+	0	0	519I250M706I	ef4a72e37eb19e280bb4ca06d49ef67c	4336217
L	165153	1413	*	*	*	*	*	4315958	*
H	165153	250	100.0	+	0	0	540I250M623I	0a4009eb300a0f2671383587d6d8401e	4315958
L	42196	1348	*	*	*	*	*	367039	*
H	42196	250	100.0	+	0	0	484I250M614I	dc2721103659fe9f1d3ead56a11df243	367039
L	154817	1509	*	*	*	*	*	3956479	*
H	154817	250	99.6	+	0	0	528I250M731I	f642430f53fe26890fe7fb4587ce4e0e	3956479
L	119212	1474	*	*	*	*	*	1112001	*
H	119212	250	98.4	+	0	0	517I250M707I	24aa511e07dcd75479f64bbf0f76b5f4	1112001
L	109883	1491	*	*	*	*	*	16271	*
H	109883	250	100.0	+	0	0	492I250M749I	3dcf95f04c5e5084618a820fded0a048	16271
L	78475	1493	*	*	*	*	*	213631	*
H	78475	250	100.0	+	0	0	519I250M724I	877cbd485e8e00858a551153bb630d8e	213631
L	173278	1441	*	*	*	*	*	4357221	*
H	173278	250	100.0	+	0	0	489I250M702I	d32f24bb89dd024a38ac0a7a5962c771	4357221
L	100427	1370	*	*	*	*	*	112846	*
H	100427	250	97.6	+	0	0	498I250M622I	f780feeae534d441aae565c71b6e88fb	112846
H	99154	250	100.0	+	0	0	502I250M753I	dd9c965e5c7fda83513c06726b00417c	128604
L	148866	1373	*	*	*	*	*	849881	*
H	148866	250	100.0	+	0	0	502I250M621I	90a05d597112b554e4480a8eaae4e0aa	849881
L	179759	1507	*	*	*	*	*	4389974	*
H	179759	250	100.0	+	0	0	528I250M729I	0d62ecacc573722eacace2377ae4a16c	4389974
L	5070	1358	*	*	*	*	*	953855	*
H	5070	250	99.6	+	0	0	505I250M603I	a231814083060142816974207844eff2	953855
L	44953	1373	*	*	*	*	*	353596	*
H	44953	250	100.0	+	0	0	501I250M622I	bd3c45d86ab338880235c8db92437c9e	353596
L	137849	1440	*	*	*	*	*	1125837	*
H	137849	250	99.6	+	0	0	431I250M759I	a85d1e5bab29e2ed9ff5f9cc341a79cf	1125837
L	50212	1511	*	*	*	*	*	332316	*
H	50212	250	99.6	+	0	0	499I250M762I	113aea2acd261087889f44fef115ac0f	332316
L	148461	1441	*	*	*	*	*	3577135	*
H	148461	250	99.6	+	0	0	503I250M688I	ec77e3de9951e4b4183a0afd548a0d47	3577135
L	152931	1461	*	*	*	*	*	742896	*
H	152931	250	100.0	+	0	0	488I250M723I	0d87b112bc336b97248bf4757a668689	742896
L	35796	1344	*	*	*	*	*	518998	*
H	35796	250	99.6	+	0	0	467I250M627I	ca4d0ff3a24db40e2671bc953dbf7c75	518998
L	171013	1448	*	*	*	*	*	4345103	*
H	171013	250	99.6	+	0	0	502I250M696I	f65c9baa481c7ba05ae78b3ef4797218	4345103
L	99285	1444	*	*	*	*	*	126371	*
H	99285	250	100.0	+	0	0	499I250M695I	4453cb651a8781e047b99c045d35d6cf	126371
L	6423	1341	*	*	*	*	*	902248	*
H	6423	250	99.6	+	0	0	483I250M608I	ce5eea8e7eb39c9ec26edd8cb297bdbf	902248
L	54866	1401	*	*	*	*	*	313121	*
H	54866	250	100.0	+	0	0	528I250M623I	4bf3198c78397be5af0b7325d20558de	313121
L	167379	1545	*	*	*	*	*	4326794	*
H	167379	250	100.0	+	0	0	535I250M760I	6c687828e2fdce22a50b09ae7e9e6a1c	4326794
L	18211	1514	*	*	*	*	*	590356	*
H	18211	250	96.0	+	0	0	531I250M733I	4bcfaf7e1d5a83ad3059eca58cd1ab17	590356
L	77349	1420	*	*	*	*	*	219900	*
H	77349	250	100.0	+	0	0	520I250M650I	0dc8e0e89e89cf4f0c71808666f6c6e7	219900
L	43423	1365	*	*	*	*	*	360946	*
H	43423	250	100.0	+	0	0	500I250M615I	87368903a585e254843c93dbbe0b59de	360946
L	75330	1396	*	*	*	*	*	229992	*
H	75330	250	99.2	+	0	0	529I250M617I	f2e38c0ba837fa1f9d84b1b8f4837850	229992
L	112022	1471	*	*	*	*	*	5796	*
H	112022	250	100.0	+	0	0	478I250M743I	51393137c0bd87733bef92c0d82ad05f	5796
H	167379	250	100.0	+	0	0	359I250M936I	9b51f226658b851b49c475d32b20f39c	4326794
L	76827	1395	*	*	*	*	*	222180	*
H	76827	250	100.0	+	0	0	501I250M644I	4a765a31e0cf23936b0d98af5f0b7b81	222180
L	10263	1556	*	*	*	*	*	816641	*
H	10263	250	100.0	+	0	0	537I250M769I	4db99f03423c6fcb8b145f60ef5522cd	816641
L	142290	1425	*	*	*	*	*	3206647	*
H	142290	250	100.0	+	0	0	492I250M683I	f0111bac5234f907953885881c7e241c	3206647
L	44195	1516	*	*	*	*	*	356701	*
H	44195	250	99.6	+	0	0	507I250M759I	7d28a9e5ac8c019cc2652582737fbcd3	356701
L	201414	1437	*	*	*	*	*	1107760	*
H	201414	250	99.6	+	0	0	463I250M724I	9f145259b53c1d776f1c5aaf2dd03079	1107760
L	930	1482	*	*	*	*	*	1105405	*
H	930	250	99.6	+	0	0	497I250M735I	0b95b1e7575022ecb05cc4dda5583380	1105405
L	40585	1339	*	*	*	*	*	405590	*
H	40585	250	100.0	+	0	0	479I250M610I	156572b928592204f50650c986dd8a9c	405590
L	135765	1499	*	*	*	*	*	2827696	*
H	135765	250	100.0	+	0	0	515I250M734I	05ec396e3f7397a7f12d307934347d02	2827696
L	78459	1344	*	*	*	*	*	213762	*
H	78459	250	99.6	+	0	0	489I250M605I	0c2a6f208b20f66c65bd7fe0ed503c25	213762
L	202876	1306	*	*	*	*	*	4362617	*
H	202876	250	100.0	+	0	0	442I250M614I	0f5f7693288de84f4ade2e6abaa2440f	4362617
L	77491	1401	*	*	*	*	*	219151	*
H	77491	250	100.0	+	0	0	331I250M820I	6042fc1dc64cc610f5e026bb2c69bb79	219151
L	78059	1394	*	*	*	*	*	216330	*
H	78059	250	100.0	+	0	0	528I250M616I	f317a3bc28231cd055d5749b5886ab2d	216330
L	47623	1493	*	*	*	*	*	342754	*
H	47623	250	100.0	+	0	0	484I250M759I	aad12d128d47b829c381e6e205b93ad5	342754
L	42606	1377	*	*	*	*	*	364967	*
H	42606	250	100.0	+	0	0	517I250M610I	a67cb378efc39872e25df8467bd8616e	364967
L	81376	1380	*	*	*	*	*	197769	*
H	81376	250	100.0	+	0	0	505I250M625I	c3c8d537f5afdd76af1dd96e7e974368	197769
L	45024	1349	*	*	*	*	*	353292	*
H	45024	250	100.0	+	0	0	485I250M614I	470dd02996e31255357eeeaa3672b469	353292
L	189515	1453	*	*	*	*	*	4439083	*
H	189515	250	100.0	+	0	0	500I250M703I	c68c29d09b76c6738c7e138485cb0638	4439083
L	161763	1553	*	*	*	*	*	4300042	*
H	161763	250	99.2	+	0	0	365I250M938I	afef89bb5a2a9dbc94621a735c3b6008	4300042
L	99931	1346	*	*	*	*	*	114201	*
H	99931	250	100.0	+	0	0	474I250M622I	f936559afb889160ca5126f163dc33f1	114201
L	135379	1367	*	*	*	*	*	925027	*
H	135379	250	99.2	+	0	0	508I250M609I	787d4279d8c568c65b5b24569a0e4b53	925027
L	194828	1367	*	*	*	*	*	1059655	*
H	194828	250	100.0	+	0	0	511I250M606I	ade3784d6dfd298c1bf09140aaa941fb	1059655
L	138318	1367	*	*	*	*	*	1052601	*
H	138318	250	100.0	+	0	0	508I250M609I	ee3a8078e2cf6f918a9c22180f8dea9d	1052601
L	83874	1390	*	*	*	*	*	190325	*
H	83874	250	100.0	+	0	0	515I250M625I	d5c7d97e6f4f5789d574d321dcca0992	190325
L	82946	1374	*	*	*	*	*	193053	*
H	82946	250	100.0	+	0	0	502I250M622I	aed3f59201e3b9d21858f36557f42a80	193053
L	95904	1521	*	*	*	*	*	144217	*
H	95904	250	100.0	+	0	0	361I212MI38M909I	0049dbe7419dc72d8daa299990ef3453	144217
L	27123	1375	*	*	*	*	*	555237	*
H	27123	250	100.0	+	0	0	457I250M668I	a0f7e5d96fea8258195ee9e9b6aa42ac	555237
L	73220	1487	*	*	*	*	*	240591	*
H	73220	250	100.0	+	0	0	478I250M759I	08b7d1ec9b601f4166aed8bef8598c81	240591
L	189889	1487	*	*	*	*	*	4440675	*
H	189889	250	99.6	+	0	0	504I250M733I	57d3c3d41e7015354474404c39be1ded	4440675
L	31851	1482	*	*	*	*	*	535721	*
H	31851	250	100.0	+	0	0	501I250M731I	583acbe1c0cc2d0689b2e71515733934	535721
L	135907	1456	*	*	*	*	*	1087958	*
H	135907	250	99.2	+	0	0	474I250M732I	d019ae11b20bff9d7cb0aa2a604c15c4	1087958
L	190602	1453	*	*	*	*	*	4444493	*
H	190602	250	100.0	+	0	0	497I250M706I	25d727166a36df8d2f6a915a945bf5ac	4444493
L	71538	1341	*	*	*	*	*	247487	*
H	71538	250	98.4	+	0	0	468I250M623I	a19b28c6512075202832d9a289eae054	247487
L	18094	1363	*	*	*	*	*	590790	*
H	18094	250	100.0	+	0	0	489I250M624I	a1a3200b76bcd6000a0914892d370b6e	590790
L	125004	1440	*	*	*	*	*	2196986	*
H	125004	250	100.0	+	0	0	481I250M709I	e0a25143b7f2e59d7266ee802d1aeb61	2196986
L	20619	1485	*	*	*	*	*	581739	*
H	20619	250	98.4	+	0	0	503I250M732I	9742fcd0aa1872784d8b5bb217dad6e0	581739
H	161763	250	100.0	+	0	0	542I250M761I	d63133c757e4c822d016db63aaa83f83	4300042
L	13246	1504	*	*	*	*	*	744242	*
H	13246	250	100.0	+	0	0	491I250M763I	0222d3a73fafa53c994878a023dc1efc	744242
L	38304	1359	*	*	*	*	*	509452	*
H	38304	250	100.0	+	0	0	491I250M618I	54f3fa8080e96ee8c48b77627ac0ae3a	509452
D	930	2	*	*	*	*	99.6	1105405	*
D	1565	2	*	*	*	*	100.0	1085110	*
D	1579	2	*	*	*	*	100.0	1084865	*
D	4138	2	*	*	*	*	100.0	987499	*
D	5070	2	*	*	*	*	99.6	953855	*
D	5686	2	*	*	*	*	100.0	930055	*
D	5862	2	*	*	*	*	100.0	923760	*
D	6423	2	*	*	*	*	99.6	902248	*
D	7345	2	*	*	*	*	100.0	866269	*
D	10263	2	*	*	*	*	100.0	816641	*
D	13246	2	*	*	*	*	100.0	744242	*
D	16989	2	*	*	*	*	100.0	609022	*
D	18094	2	*	*	*	*	100.0	590790	*
D	18211	2	*	*	*	*	96.0	590356	*
D	20619	2	*	*	*	*	98.4	581739	*
D	25888	2	*	*	*	*	100.0	560336	*
D	27123	2	*	*	*	*	100.0	555237	*
D	27658	2	*	*	*	*	100.0	553068	*
D	29093	2	*	*	*	*	100.0	547191	*
D	30760	2	*	*	*	*	100.0	540225	*
D	31851	2	*	*	*	*	100.0	535721	*
D	35796	2	*	*	*	*	99.6	518998	*
D	35956	2	*	*	*	*	98.8	518302	*
D	38304	2	*	*	*	*	100.0	509452	*
D	40035	2	*	*	*	*	96.8	427028	*
D	40585	2	*	*	*	*	100.0	405590	*
D	41534	2	*	*	*	*	100.0	370290	*
D	41558	2	*	*	*	*	100.0	370134	*
D	41872	2	*	*	*	*	100.0	368587	*
D	41882	2	*	*	*	*	100.0	368531	*
D	42118	2	*	*	*	*	100.0	367409	*
D	42196	2	*	*	*	*	100.0	367039	*
D	42606	2	*	*	*	*	100.0	364967	*
D	42878	2	*	*	*	*	100.0	363525	*
D	42987	2	*	*	*	*	100.0	363017	*
D	43423	2	*	*	*	*	100.0	360946	*
D	43966	2	*	*	*	*	100.0	358078	*
D	44057	2	*	*	*	*	100.0	357584	*
D	44195	2	*	*	*	*	99.6	356701	*
D	44953	2	*	*	*	*	100.0	353596	*
D	45024	2	*	*	*	*	100.0	353292	*
D	46723	2	*	*	*	*	100.0	346462	*
D	46954	2	*	*	*	*	100.0	345473	*
D	47623	2	*	*	*	*	100.0	342754	*
D	48267	2	*	*	*	*	100.0	340146	*
D	50212	2	*	*	*	*	99.6	332316	*
D	53381	2	*	*	*	*	100.0	319428	*
D	54236	2	*	*	*	*	99.6	315846	*
D	54866	2	*	*	*	*	100.0	313121	*
D	60875	2	*	*	*	*	100.0	290630	*
D	61750	2	*	*	*	*	100.0	287510	*
D	70031	2	*	*	*	*	100.0	253486	*
D	71538	2	*	*	*	*	98.4	247487	*
D	73220	2	*	*	*	*	100.0	240591	*
D	75330	2	*	*	*	*	99.2	229992	*
D	76282	2	*	*	*	*	99.6	224813	*
D	76632	2	*	*	*	*	100.0	223104	*
D	76827	2	*	*	*	*	100.0	222180	*
D	77349	2	*	*	*	*	100.0	219900	*
D	77364	2	*	*	*	*	100.0	219804	*
D	77491	2	*	*	*	*	100.0	219151	*
D	78059	2	*	*	*	*	100.0	216330	*
D	78459	2	*	*	*	*	99.6	213762	*
D	78475	2	*	*	*	*	100.0	213631	*
D	78890	2	*	*	*	*	100.0	211025	*
D	79308	2	*	*	*	*	99.2	208595	*
D	81376	2	*	*	*	*	100.0	197769	*
D	82946	2	*	*	*	*	100.0	193053	*
D	83874	2	*	*	*	*	100.0	190325	*
D	84468	2	*	*	*	*	100.0	188591	*
D	85950	2	*	*	*	*	100.0	184037	*
D	86449	2	*	*	*	*	99.6	182588	*
D	86733	2	*	*	*	*	100.0	181744	*
D	88908	2	*	*	*	*	100.0	174978	*
D	90495	2	*	*	*	*	99.6	167734	*
D	90932	2	*	*	*	*	100.0	165489	*
D	92782	2	*	*	*	*	99.6	157327	*
D	95904	2	*	*	*	*	100.0	144217	*
D	99154	3	*	*	*	*	100.0	128604	*
D	99285	2	*	*	*	*	100.0	126371	*
D	99931	2	*	*	*	*	100.0	114201	*
D	100427	2	*	*	*	*	97.6	112846	*
D	100447	2	*	*	*	*	98.8	112801	*
D	107116	2	*	*	*	*	96.0	60573	*
D	109883	2	*	*	*	*	100.0	16271	*
D	110139	2	*	*	*	*	99.6	15033	*
D	112022	2	*	*	*	*	100.0	5796	*
D	113616	2	*	*	*	*	100.0	1546872	*
D	113617	2	*	*	*	*	100.0	1546873	*
D	115908	2	*	*	*	*	100.0	1680440	*
D	117307	2	*	*	*	*	100.0	1757047	*
D	119212	2	*	*	*	*	98.4	1112001	*
D	119832	2	*	*	*	*	100.0	847427	*
D	124935	2	*	*	*	*	100.0	1106498	*
D	124973	2	*	*	*	*	100.0	1120116	*
D	125004	2	*	*	*	*	100.0	2196986	*
D	127890	2	*	*	*	*	100.0	2364498	*
D	128145	2	*	*	*	*	100.0	824293	*
D	135379	2	*	*	*	*	99.2	925027	*
D	135765	2	*	*	*	*	100.0	2827696	*
D	135907	2	*	*	*	*	99.2	1087958	*
D	135947	2	*	*	*	*	100.0	2836658	*
D	136409	2	*	*	*	*	98.4	810371	*
D	137849	2	*	*	*	*	99.6	1125837	*
D	138318	2	*	*	*	*	100.0	1052601	*
D	138601	2	*	*	*	*	100.0	877033	*
D	139115	2	*	*	*	*	100.0	3017350	*
D	140049	2	*	*	*	*	99.2	3076313	*
D	142290	2	*	*	*	*	100.0	3206647	*
D	143217	2	*	*	*	*	97.6	1044319	*
D	143477	2	*	*	*	*	100.0	815158	*
D	148461	2	*	*	*	*	99.6	3577135	*
D	148866	2	*	*	*	*	100.0	849881	*
D	149700	2	*	*	*	*	99.6	1144682	*
D	149748	2	*	*	*	*	100.0	3658131	*
D	151068	2	*	*	*	*	99.2	889549	*
D	152931	2	*	*	*	*	100.0	742896	*
D	153581	2	*	*	*	*	100.0	3884703	*
D	154817	2	*	*	*	*	99.6	3956479	*
D	156315	2	*	*	*	*	100.0	774334	*
D	160263	2	*	*	*	*	99.6	4278430	*
D	161763	3	*	*	*	*	99.6	4300042	*
D	163526	2	*	*	*	*	100.0	4308305	*
D	163923	2	*	*	*	*	100.0	4310109	*
D	165153	2	*	*	*	*	100.0	4315958	*
D	165670	2	*	*	*	*	100.0	4318438	*
D	167379	3	*	*	*	*	100.0	4326794	*
D	169233	2	*	*	*	*	99.6	4336217	*
D	171013	2	*	*	*	*	99.6	4345103	*
D	173278	2	*	*	*	*	100.0	4357221	*
D	175545	2	*	*	*	*	100.0	4368673	*
D	176678	2	*	*	*	*	100.0	4374414	*
D	179759	2	*	*	*	*	100.0	4389974	*
D	182414	2	*	*	*	*	100.0	4403622	*
D	185045	2	*	*	*	*	100.0	4416988	*
D	189515	2	*	*	*	*	100.0	4439083	*
D	189609	2	*	*	*	*	98.4	4439457	*
D	189889	2	*	*	*	*	99.6	4440675	*
D	190602	2	*	*	*	*	100.0	4444493	*
D	191472	2	*	*	*	*	100.0	4449054	*
D	192984	2	*	*	*	*	100.0	4456710	*
D	193467	2	*	*	*	*	100.0	4459028	*
D	194828	2	*	*	*	*	100.0	1059655	*
D	201084	2	*	*	*	*	100.0	1142	*
D	201414	2	*	*	*	*	99.6	1107760	*
D	202876	2	*	*	*	*	100.0	4362617	*
