UclustConsensusTaxonAssigner parameters:
id_to_taxonomy_filepath:/Users/nbokulich/Desktop/ref_dbs/gg_13_8_otus/taxonomy/99_otu_taxonomy.txt
id_to_taxonomy_fp:/Users/nbokulich/Desktop/ref_dbs/gg_13_8_otus/taxonomy/99_otu_taxonomy.txt
max_accepts:1
min_consensus_fraction:1.0
reference_sequences_fp:/Users/nbokulich/Desktop/ref_dbs/gg_13_8_otus/rep_set/99_otus.fasta
similarity:0.97
unassignable_label:Unassigned
Result path: /var/folders/0t/l1dz88p50y91vx_22fx5w3780000gn/T/assign-taxtrbJg3

.uc file contents:

# uclust --input /Users/nbokulich/Desktop/projects/short-read-tax-assignment/data/mock-community/mock-13/rep_seqs.fna --id 0.97 --rev --maxaccepts 1 --allhits --libonly --lib /Users/nbokulich/Desktop/ref_dbs/gg_13_8_otus/rep_set/99_otus.fasta --uc /var/folders/0t/l1dz88p50y91vx_22fx5w3780000gn/T/UclustConsensusTaxonAssigner_ZTHb3h.uc
# version=1.2.22
# Tab-separated fields:
# 1=Type, 2=ClusterNr, 3=SeqLength or ClusterSize, 4=PctId, 5=Strand, 6=QueryStart, 7=SeedStart, 8=Alignment, 9=QueryLabel, 10=TargetLabel
# Record types (field 1): L=LibSeed, S=NewSeed, H=Hit, R=Reject, D=LibCluster, C=NewCluster, N=NoHit
# For C and D types, PctId is average id with seed.
# QueryStart and SeedStart are zero-based relative to start of sequence.
# If minus strand, SeedStart is relative to reverse-complemented seed.
N	*	250	*	*	*	*	*	757b40173842aca2b61558c668612e06	*
L	99154	1505	*	*	*	*	*	128604	*
H	99154	250	100.0	+	0	0	339I250M916I	91d3c789db08bd00d9ec073530f6cba7	128604
L	55524	1340	*	*	*	*	*	310574	*
H	55524	250	99.6	+	0	0	484I250M606I	34d04c8f5c571f0b64dff75aad20ca78	310574
L	160554	1354	*	*	*	*	*	4294512	*
H	160554	250	100.0	+	0	0	507I250M597I	b953ac3c6973b5a557774d4b2d005d48	4294512
L	15422	1479	*	*	*	*	*	664216	*
H	15422	250	98.0	+	0	0	512I250M717I	cf618e778acb6262af3b898d787581e0	664216
L	15779	1470	*	*	*	*	*	651779	*
H	15779	250	100.0	+	0	0	512I250M708I	383850e7eca1ee8339048d81cd952b81	651779
L	142257	1432	*	*	*	*	*	3204422	*
H	142257	250	100.0	+	0	0	500I250M682I	e47a63686b619f67783f9b9aa52b86bf	3204422
L	112	1513	*	*	*	*	*	1111117	*
H	112	250	100.0	+	0	0	533I250M730I	e9a0665339f0d06028e22f02a00c78b5	1111117
L	108026	1433	*	*	*	*	*	44463	*
H	108026	250	98.8	+	0	0	509I250M674I	608e6548b1b4cbb6176c8fce090991a5	44463
L	104265	1464	*	*	*	*	*	93553	*
H	104265	250	100.0	+	0	0	476I250M738I	70c9bfbb24364a1049dc8f2807fbf39e	93553
L	119832	1375	*	*	*	*	*	847427	*
H	119832	250	100.0	+	0	0	511I250M614I	09f9dca1c8b5b542ba000dc812e6bef8	847427
L	116702	1442	*	*	*	*	*	1722468	*
H	116702	250	98.0	+	0	0	330I250M862I	a2b3c6d81a8416505db7eb10a3dc9a2c	1722468
L	115178	1401	*	*	*	*	*	705844	*
H	115178	250	97.6	+	0	0	460I250M691I	bfb22c984c60527a5a831a95b8aef849	705844
L	82854	1368	*	*	*	*	*	193336	*
H	82854	250	100.0	+	0	0	500I250M618I	5f2d589aeca05cfa41265dd5e23603b4	193336
L	127890	1510	*	*	*	*	*	2364498	*
H	127890	250	100.0	+	0	0	500I250M760I	5ebd3cee772abecca4d399e926842a2c	2364498
L	100124	1385	*	*	*	*	*	113674	*
H	100124	250	100.0	+	0	0	515I250M620I	12bf4a039996b350926402008de7147b	113674
L	134372	1472	*	*	*	*	*	798646	*
H	134372	250	99.2	+	0	0	512I250M710I	20b686910cf9db4b08f7b7c220800316	798646
L	170483	1484	*	*	*	*	*	4342317	*
H	170483	250	98.0	+	0	0	520I250M714I	d1177512386a3e43bf8190834adc59d0	4342317
L	3378	1373	*	*	*	*	*	1015766	*
H	3378	250	100.0	+	0	0	513I243MI7M609I	d23fbef2f31d48eda40876cdbc49933a	1015766
N	*	250	*	*	*	*	*	57a2225ef15e6a44fc7ff0ba6c715dc5	*
L	30760	1394	*	*	*	*	*	540225	*
H	30760	250	100.0	+	0	0	528I250M616I	a7a8051e5422b6105e89ef56ed879506	540225
L	121671	1448	*	*	*	*	*	2006719	*
H	121671	250	100.0	+	0	0	498I250M700I	e17d964cd0fd8c2ddbd1dacfa8b536e3	2006719
L	122203	1372	*	*	*	*	*	863832	*
H	122203	250	100.0	+	0	0	337I250M785I	f6eebeb9deeea15b3b3829cfacc24ba0	863832
L	181883	1481	*	*	*	*	*	4400903	*
H	181883	250	97.6	+	0	0	519I250M712I	00056c4c5a30dbbfa64dfa34fe792941	4400903
L	155904	1340	*	*	*	*	*	4017973	*
H	155904	250	99.6	+	0	0	479I250M611I	b63152bb304b894cecca173030267a5a	4017973
L	95970	1490	*	*	*	*	*	144000	*
H	95970	250	99.6	+	0	0	536I250M704I	9f6d0ba5232b535de37fc3bf70d85d83	144000
L	8188	1385	*	*	*	*	*	839667	*
H	8188	250	98.4	+	0	0	518I132MD117M618I	3a84afa81c51c0521d05ae1ded8b7385	839667
L	192382	1440	*	*	*	*	*	4453790	*
H	192382	250	99.6	+	0	0	491I250M699I	e5269e32edd47bb63709e25e22a6f0ae	4453790
L	86656	1422	*	*	*	*	*	181975	*
H	86656	250	99.6	+	0	0	368I250M804I	beff5b6c75e094b52085b0a02cb07848	181975
L	85475	1393	*	*	*	*	*	185604	*
H	85475	250	100.0	+	0	0	521I250M622I	b65eb19257f7a2bedb5a1c4b42aeb396	185604
L	84620	1372	*	*	*	*	*	188096	*
H	84620	250	99.2	+	0	0	502I241MD8M621I	c3bdda568b2c1580d5cce7407ef43909	188096
L	72301	1388	*	*	*	*	*	244255	*
H	72301	250	100.0	+	0	0	518I250M620I	b4deca667b3f393a6f6fadb3af23fb7b	244255
H	192382	250	100.0	+	0	0	491I250M699I	668fdb718997fc1589c7817655d4bb5f	4453790
L	7295	1342	*	*	*	*	*	868257	*
H	7295	250	100.0	+	0	0	484I250M608I	bb03e6ea99adcfcf8083ec2c9af114fb	868257
L	93158	1370	*	*	*	*	*	155939	*
H	93158	250	98.4	+	0	0	499I250M621I	a5f1f78ac4fcc69140c9c547943d2d3e	155939
L	44057	1395	*	*	*	*	*	357584	*
H	44057	250	100.0	+	0	0	532I250M613I	dfd770d48651635c39bdafe13f62e75a	357584
L	87076	1392	*	*	*	*	*	180654	*
H	87076	250	100.0	+	0	0	517I250M625I	2d34c22edce4b1f2d8a5228ad78f8ea8	180654
L	66783	1378	*	*	*	*	*	265375	*
H	66783	250	99.2	+	0	0	507I250M621I	dc1311d27a21d1c04c819cdad3022b63	265375
L	177385	1455	*	*	*	*	*	4378176	*
H	177385	250	98.0	+	0	0	486I250M719I	8e200bf21884bda63c42e6df95e39e8f	4378176
L	5888	1382	*	*	*	*	*	922780	*
H	5888	250	100.0	+	0	0	521I250M611I	f712394f5f917047add1f7bf8e1cdfe9	922780
L	170333	1554	*	*	*	*	*	4341595	*
H	170333	250	100.0	+	0	0	367I250M937I	4d105eeb4d32edd3e88c72965ea7dc81	4341595
L	88261	1390	*	*	*	*	*	177042	*
H	88261	250	100.0	+	0	0	515I250M625I	0e1dcba2a26611bacba2adfc23ac6418	177042
L	43857	1480	*	*	*	*	*	358664	*
H	43857	250	98.4	+	0	0	526I250M704I	c24f0b31ce00e61ac82f10ef468a8cc3	358664
L	100420	1334	*	*	*	*	*	112867	*
H	100420	250	97.6	+	0	0	472I250M612I	060fdbbfa61cbfb4d47350dc2a2019cd	112867
L	85110	1397	*	*	*	*	*	186713	*
H	85110	250	99.6	+	0	0	527I250M620I	ec4075339e16f5cd45fd5a7955596899	186713
L	163135	1436	*	*	*	*	*	4306599	*
H	163135	250	98.8	+	0	0	456I250M730I	eee5899df6ec4339f210367517aa4d8f	4306599
L	33521	1399	*	*	*	*	*	528753	*
H	33521	250	98.4	+	0	0	538I250M611I	e5413f67faa6b8c0c3e63e48836c0b42	528753
L	36	1444	*	*	*	*	*	1111634	*
H	36	250	97.2	+	0	0	499I250M695I	a949dc7572ead5cd617d8b398c32abdf	1111634
L	158796	1409	*	*	*	*	*	826113	*
H	158796	250	100.0	+	0	0	289I250M870I	d9e9c9377516e5021c9e908453d1023f	826113
N	*	250	*	*	*	*	*	17ede94dae2083d858631088502ecf17	*
L	44891	1441	*	*	*	*	*	353828	*
H	44891	250	98.4	+	0	0	429I250M762I	87edf2cd89b497eae2b5c0f0cac77913	353828
L	155671	1393	*	*	*	*	*	707870	*
H	155671	250	97.6	+	0	0	520I250M623I	588be0dfc6b6ca93dafa43f39907fe8f	707870
L	201084	1402	*	*	*	*	*	1142	*
H	201084	250	100.0	+	0	0	447I250M705I	985186d08524adfa1dd0a5508be9fd5c	1142
L	54688	1389	*	*	*	*	*	313835	*
H	54688	250	97.6	+	0	0	431I250M708I	c8d0fc260798ab91ac26b30fe4ec6ae2	313835
L	99895	1365	*	*	*	*	*	114298	*
H	99895	250	99.6	+	0	0	486I250M629I	1aa65748c88c1ace9538d63278dd9070	114298
L	172512	1524	*	*	*	*	*	4353063	*
H	172512	250	98.4	+	0	0	541I250M733I	aa130a3e0f8cf5bd4bd8ee84eca894d9	4353063
L	53573	1356	*	*	*	*	*	318597	*
H	53573	250	100.0	+	0	0	498I250M608I	6013b9e15b35c4e724eb0c323c05f9d3	318597
L	18245	1531	*	*	*	*	*	590252	*
H	18245	250	97.2	+	0	0	541I120MI26MI104M738I	1c5842d3e810b4d2ab7debcd8cce02eb	590252
L	172112	1561	*	*	*	*	*	4350748	*
H	172112	250	99.2	+	0	0	373I250M938I	2f2dd0739c68227ea0ddd8c05a62371c	4350748
L	25798	1445	*	*	*	*	*	560744	*
H	25798	250	98.8	+	0	0	482I250M713I	aad12d128d47b829c381e6e205b93ad5	560744
L	90370	1482	*	*	*	*	*	168337	*
H	90370	250	99.6	+	0	0	520I250M712I	1b158b8b2922d4fcad5d9cea607cbb7d	168337
L	142835	1308	*	*	*	*	*	882139	*
H	142835	250	99.6	+	0	0	449I250M609I	1b8c587ade117b2745461e92e508101f	882139
L	162461	1345	*	*	*	*	*	4303364	*
H	162461	250	100.0	+	0	0	479I250M616I	0152c7b6c862b5ce0d4420eeb2813b20	4303364
L	196328	1523	*	*	*	*	*	4473587	*
H	196328	250	98.4	+	0	0	543I250M730I	ef7c1a5269fd9613377cd28580399a5f	4473587
L	7941	1375	*	*	*	*	*	846317	*
H	7941	250	100.0	+	0	0	510I250M615I	f4f297232da0f8d7dae7f9c432501e22	846317
L	162959	1402	*	*	*	*	*	4305861	*
H	162959	250	100.0	+	0	0	291I250M861I	3b1e57d59969c0e4e22215de18ae8549	4305861
L	182414	1423	*	*	*	*	*	4403622	*
H	182414	250	99.6	+	0	0	335I250M838I	cbe04f9b6374014ed94fd900da1f5eec	4403622
L	113106	1436	*	*	*	*	*	1515145	*
H	113106	250	100.0	+	0	0	317I250M869I	4a0995a82d96f424a4af7f074ee45faa	1515145
H	172112	250	100.0	+	0	0	550I250M761I	0a4009eb300a0f2671383587d6d8401e	4350748
L	44195	1516	*	*	*	*	*	356701	*
H	44195	250	100.0	+	0	0	507I250M759I	3dcf95f04c5e5084618a820fded0a048	356701
L	145238	1444	*	*	*	*	*	3383663	*
H	145238	250	100.0	+	0	0	488I250M706I	04a802674683d317a8c7484ce2407ce0	3383663
L	121833	1517	*	*	*	*	*	2017428	*
H	121833	250	99.6	+	0	0	537I250M730I	39c427be6b871226380a22285e0eab07	2017428
L	161763	1553	*	*	*	*	*	4300042	*
H	161763	250	99.6	+	0	0	365I250M938I	0275851fbc894e4e11521b975ee679f4	4300042
H	99154	250	100.0	+	0	0	502I250M753I	dd9c965e5c7fda83513c06726b00417c	128604
L	85927	1380	*	*	*	*	*	184120	*
H	85927	250	100.0	+	0	0	502I250M628I	90a05d597112b554e4480a8eaae4e0aa	184120
L	167963	1386	*	*	*	*	*	4329822	*
H	167963	250	99.6	+	0	0	523I250M613I	f4ab08967f420d77c4df2ec76139d969	4329822
N	*	250	*	*	*	*	*	f110f4545700032b78deef15ef5dea32	*
L	60498	1373	*	*	*	*	*	291906	*
H	60498	250	98.8	+	0	0	501I250M622I	bd3c45d86ab338880235c8db92437c9e	291906
L	3761	1333	*	*	*	*	*	1000782	*
H	3761	250	97.2	+	0	0	468I250M615I	7b82c179bf0b668853166bf7ba878062	1000782
H	192382	250	99.6	+	0	0	491I250M699I	ec77e3de9951e4b4183a0afd548a0d47	4453790
L	148580	1553	*	*	*	*	*	662294	*
H	148580	250	97.6	+	0	0	544I192MI34MD23M759I	0d87b112bc336b97248bf4757a668689	662294
L	175305	1491	*	*	*	*	*	4367399	*
H	175305	250	98.0	+	0	0	481I250M760I	a417a5a7190a34b6621068caeeb098c9	4367399
L	171034	1477	*	*	*	*	*	4345225	*
H	171034	250	98.8	+	0	0	482I250M745I	7fd3c21116a04e4d959aff701d70b489	4345225
L	114621	1440	*	*	*	*	*	1606937	*
H	114621	250	99.2	+	0	0	488I250M702I	f65c9baa481c7ba05ae78b3ef4797218	1606937
N	*	250	*	*	*	*	*	36a9178704fd85b35519ec2d6fca2a56	*
L	99285	1444	*	*	*	*	*	126371	*
H	99285	250	100.0	+	0	0	499I250M695I	4453cb651a8781e047b99c045d35d6cf	126371
L	56346	1378	*	*	*	*	*	307154	*
H	56346	250	99.2	+	0	0	528I250M600I	4bf3198c78397be5af0b7325d20558de	307154
L	2793	1363	*	*	*	*	*	1039956	*
H	2793	250	100.0	+	0	0	506I250M607I	d326bbb64c756840cdf8e484f2ea7652	1039956
L	167379	1545	*	*	*	*	*	4326794	*
H	167379	250	100.0	+	0	0	535I250M760I	6c687828e2fdce22a50b09ae7e9e6a1c	4326794
N	*	250	*	*	*	*	*	4bcfaf7e1d5a83ad3059eca58cd1ab17	*
L	156069	1498	*	*	*	*	*	4028110	*
H	156069	250	97.2	+	0	0	519I250M729I	0dc8e0e89e89cf4f0c71808666f6c6e7	4028110
L	88936	1386	*	*	*	*	*	174900	*
H	88936	250	100.0	+	0	0	511I250M625I	c1dc9ad5116d96b8ed863458fc0d0aec	174900
L	150576	1437	*	*	*	*	*	3709560	*
H	150576	250	100.0	+	0	0	484I250M703I	a4e94137d3eea12b54dec05caedafe47	3709560
L	195845	1402	*	*	*	*	*	4471122	*
H	195845	250	98.8	+	0	0	412I159MI91M739I	e336f37a27cbd76db5b0040a8c078e20	4471122
L	28492	1322	*	*	*	*	*	549666	*
H	28492	250	98.4	+	0	0	469I250M603I	51393137c0bd87733bef92c0d82ad05f	549666
L	183972	1463	*	*	*	*	*	4411670	*
H	183972	250	99.6	+	0	0	487I250M726I	46903042c50c72eaa1d9b03f71b257c4	4411670
L	195747	1371	*	*	*	*	*	4470588	*
H	195747	250	98.4	+	0	0	393I250M728I	4a765a31e0cf23936b0d98af5f0b7b81	4470588
L	2170	1382	*	*	*	*	*	1062101	*
H	2170	250	99.6	+	0	0	517I250M615I	a5c20b7f147f4f52dbcf7c2670074bbf	1062101
L	178687	1459	*	*	*	*	*	4384606	*
H	178687	250	99.6	+	0	0	329I250M880I	d94ae22030b5e5c7843ee824dc0c20bf	4384606
H	44195	250	99.6	+	0	0	507I250M759I	7d28a9e5ac8c019cc2652582737fbcd3	356701
L	152061	1421	*	*	*	*	*	3795375	*
H	152061	250	98.8	+	0	0	490I250M681I	5fdacbfd74abb06f94f87f7c539c6246	3795375
L	153377	1452	*	*	*	*	*	775646	*
H	153377	250	100.0	+	0	0	457I250M745I	8126bb4ee9f7473f7967f8b2d1719c8e	775646
L	90272	1466	*	*	*	*	*	168879	*
H	90272	250	98.0	+	0	0	492I250M724I	e0a25143b7f2e59d7266ee802d1aeb61	168879
L	54330	1433	*	*	*	*	*	315419	*
H	54330	250	99.6	+	0	0	555I250M628I	54f3fa8080e96ee8c48b77627ac0ae3a	315419
L	151260	1366	*	*	*	*	*	951990	*
H	151260	250	100.0	+	0	0	509I250M607I	f317a3bc28231cd055d5749b5886ab2d	951990
L	43193	1366	*	*	*	*	*	362089	*
H	43193	250	100.0	+	0	0	508I250M608I	a67cb378efc39872e25df8467bd8616e	362089
L	55395	1341	*	*	*	*	*	311114	*
H	55395	250	100.0	+	0	0	485I250M606I	c3c8d537f5afdd76af1dd96e7e974368	311114
L	53215	1499	*	*	*	*	*	320093	*
H	53215	250	100.0	+	0	0	522I250M727I	531153edee0adba240b5e3a522c3f131	320093
L	41872	1353	*	*	*	*	*	368587	*
H	41872	250	100.0	+	0	0	497I250M606I	262ba8fff46ca0c6fee6af217feea7df	368587
L	148808	1367	*	*	*	*	*	893420	*
H	148808	250	99.6	+	0	0	511I250M606I	ade3784d6dfd298c1bf09140aaa941fb	893420
L	138318	1367	*	*	*	*	*	1052601	*
H	138318	250	100.0	+	0	0	508I250M609I	ee3a8078e2cf6f918a9c22180f8dea9d	1052601
L	99829	1528	*	*	*	*	*	114472	*
H	99829	250	100.0	+	0	0	520I250M758I	8460d749c54a4dd2cde6dd7c7388d686	114472
L	42655	1357	*	*	*	*	*	364717	*
H	42655	250	100.0	+	0	0	488I250M619I	aed3f59201e3b9d21858f36557f42a80	364717
L	143668	1483	*	*	*	*	*	807842	*
H	143668	250	97.6	+	0	0	503I250M730I	a6772a164790bcd0a40146aa2e4950ed	807842
L	176492	1507	*	*	*	*	*	4373464	*
H	176492	250	99.6	+	0	0	528I250M729I	65036964b209c8fb8e92a0bcaccc309f	4373464
L	114260	1475	*	*	*	*	*	1583989	*
H	114260	250	100.0	+	0	0	338I250M887I	7d7d82e4f2db114097a929864000a073	1583989
L	195301	1432	*	*	*	*	*	4468477	*
H	195301	250	100.0	+	0	0	505I250M677I	25d727166a36df8d2f6a915a945bf5ac	4468477
L	86431	1401	*	*	*	*	*	182637	*
H	86431	250	100.0	+	0	0	529I250M622I	87368903a585e254843c93dbbe0b59de	182637
L	157182	1539	*	*	*	*	*	4094808	*
H	157182	250	99.6	+	0	0	547I250M742I	a1a3200b76bcd6000a0914892d370b6e	4094808
L	134228	1508	*	*	*	*	*	2733663	*
H	134228	250	100.0	+	0	0	529I250M729I	35b68da71701471e2732fca02ced7b78	2733663
L	134191	1356	*	*	*	*	*	1126851	*
H	134191	250	99.2	+	0	0	460I250M646I	d63133c757e4c822d016db63aaa83f83	1126851
L	166735	1511	*	*	*	*	*	4323569	*
H	166735	250	100.0	+	0	0	529I250M732I	0222d3a73fafa53c994878a023dc1efc	4323569
L	190426	1505	*	*	*	*	*	4443381	*
H	190426	250	100.0	+	0	0	526I250M729I	1f6720450a1dc9d37c5dadc071c4c07f	4443381
L	76669	1463	*	*	*	*	*	222902	*
H	76669	250	100.0	+	0	0	325I250M888I	6042fc1dc64cc610f5e026bb2c69bb79	222902
D	36	2	*	*	*	*	97.2	1111634	*
D	112	2	*	*	*	*	100.0	1111117	*
D	2170	2	*	*	*	*	99.6	1062101	*
D	2793	2	*	*	*	*	100.0	1039956	*
D	3378	2	*	*	*	*	100.0	1015766	*
D	3761	2	*	*	*	*	97.2	1000782	*
D	5888	2	*	*	*	*	100.0	922780	*
D	7295	2	*	*	*	*	100.0	868257	*
D	7941	2	*	*	*	*	100.0	846317	*
D	8188	2	*	*	*	*	98.4	839667	*
D	15422	2	*	*	*	*	98.0	664216	*
D	15779	2	*	*	*	*	100.0	651779	*
D	18245	2	*	*	*	*	97.2	590252	*
D	25798	2	*	*	*	*	98.8	560744	*
D	28492	2	*	*	*	*	98.4	549666	*
D	30760	2	*	*	*	*	100.0	540225	*
D	33521	2	*	*	*	*	98.4	528753	*
D	41872	2	*	*	*	*	100.0	368587	*
D	42655	2	*	*	*	*	100.0	364717	*
D	43193	2	*	*	*	*	100.0	362089	*
D	43857	2	*	*	*	*	98.4	358664	*
D	44057	2	*	*	*	*	100.0	357584	*
D	44195	3	*	*	*	*	99.8	356701	*
D	44891	2	*	*	*	*	98.4	353828	*
D	53215	2	*	*	*	*	100.0	320093	*
D	53573	2	*	*	*	*	100.0	318597	*
D	54330	2	*	*	*	*	99.6	315419	*
D	54688	2	*	*	*	*	97.6	313835	*
D	55395	2	*	*	*	*	100.0	311114	*
D	55524	2	*	*	*	*	99.6	310574	*
D	56346	2	*	*	*	*	99.2	307154	*
D	60498	2	*	*	*	*	98.8	291906	*
D	66783	2	*	*	*	*	99.2	265375	*
D	72301	2	*	*	*	*	100.0	244255	*
D	76669	2	*	*	*	*	100.0	222902	*
D	82854	2	*	*	*	*	100.0	193336	*
D	84620	2	*	*	*	*	99.2	188096	*
D	85110	2	*	*	*	*	99.6	186713	*
D	85475	2	*	*	*	*	100.0	185604	*
D	85927	2	*	*	*	*	100.0	184120	*
D	86431	2	*	*	*	*	100.0	182637	*
D	86656	2	*	*	*	*	99.6	181975	*
D	87076	2	*	*	*	*	100.0	180654	*
D	88261	2	*	*	*	*	100.0	177042	*
D	88936	2	*	*	*	*	100.0	174900	*
D	90272	2	*	*	*	*	98.0	168879	*
D	90370	2	*	*	*	*	99.6	168337	*
D	93158	2	*	*	*	*	98.4	155939	*
D	95970	2	*	*	*	*	99.6	144000	*
D	99154	3	*	*	*	*	100.0	128604	*
D	99285	2	*	*	*	*	100.0	126371	*
D	99829	2	*	*	*	*	100.0	114472	*
D	99895	2	*	*	*	*	99.6	114298	*
D	100124	2	*	*	*	*	100.0	113674	*
D	100420	2	*	*	*	*	97.6	112867	*
D	104265	2	*	*	*	*	100.0	93553	*
D	108026	2	*	*	*	*	98.8	44463	*
D	113106	2	*	*	*	*	100.0	1515145	*
D	114260	2	*	*	*	*	100.0	1583989	*
D	114621	2	*	*	*	*	99.2	1606937	*
D	115178	2	*	*	*	*	97.6	705844	*
D	116702	2	*	*	*	*	98.0	1722468	*
D	119832	2	*	*	*	*	100.0	847427	*
D	121671	2	*	*	*	*	100.0	2006719	*
D	121833	2	*	*	*	*	99.6	2017428	*
D	122203	2	*	*	*	*	100.0	863832	*
D	127890	2	*	*	*	*	100.0	2364498	*
D	134191	2	*	*	*	*	99.2	1126851	*
D	134228	2	*	*	*	*	100.0	2733663	*
D	134372	2	*	*	*	*	99.2	798646	*
D	138318	2	*	*	*	*	100.0	1052601	*
D	142257	2	*	*	*	*	100.0	3204422	*
D	142835	2	*	*	*	*	99.6	882139	*
D	143668	2	*	*	*	*	97.6	807842	*
D	145238	2	*	*	*	*	100.0	3383663	*
D	148580	2	*	*	*	*	97.6	662294	*
D	148808	2	*	*	*	*	99.6	893420	*
D	150576	2	*	*	*	*	100.0	3709560	*
D	151260	2	*	*	*	*	100.0	951990	*
D	152061	2	*	*	*	*	98.8	3795375	*
D	153377	2	*	*	*	*	100.0	775646	*
D	155671	2	*	*	*	*	97.6	707870	*
D	155904	2	*	*	*	*	99.6	4017973	*
D	156069	2	*	*	*	*	97.2	4028110	*
D	157182	2	*	*	*	*	99.6	4094808	*
D	158796	2	*	*	*	*	100.0	826113	*
D	160554	2	*	*	*	*	100.0	4294512	*
D	161763	2	*	*	*	*	99.6	4300042	*
D	162461	2	*	*	*	*	100.0	4303364	*
D	162959	2	*	*	*	*	100.0	4305861	*
D	163135	2	*	*	*	*	98.8	4306599	*
D	166735	2	*	*	*	*	100.0	4323569	*
D	167379	2	*	*	*	*	100.0	4326794	*
D	167963	2	*	*	*	*	99.6	4329822	*
D	170333	2	*	*	*	*	100.0	4341595	*
D	170483	2	*	*	*	*	98.0	4342317	*
D	171034	2	*	*	*	*	98.8	4345225	*
D	172112	3	*	*	*	*	99.6	4350748	*
D	172512	2	*	*	*	*	98.4	4353063	*
D	175305	2	*	*	*	*	98.0	4367399	*
D	176492	2	*	*	*	*	99.6	4373464	*
D	177385	2	*	*	*	*	98.0	4378176	*
D	178687	2	*	*	*	*	99.6	4384606	*
D	181883	2	*	*	*	*	97.6	4400903	*
D	182414	2	*	*	*	*	99.6	4403622	*
D	183972	2	*	*	*	*	99.6	4411670	*
D	190426	2	*	*	*	*	100.0	4443381	*
D	192382	4	*	*	*	*	99.7	4453790	*
D	195301	2	*	*	*	*	100.0	4468477	*
D	195747	2	*	*	*	*	98.4	4470588	*
D	195845	2	*	*	*	*	98.8	4471122	*
D	196328	2	*	*	*	*	98.4	4473587	*
D	201084	2	*	*	*	*	100.0	1142	*
