UclustConsensusTaxonAssigner parameters:
id_to_taxonomy_filepath:/Users/nbokulich/Desktop/projects/short-read-tax-assignment/data/novel-taxa-simulations/F1-REF-L5-iter1/ref_taxa.tsv
id_to_taxonomy_fp:/Users/nbokulich/Desktop/projects/short-read-tax-assignment/data/novel-taxa-simulations/F1-REF-L5-iter1/ref_taxa.tsv
max_accepts:1
min_consensus_fraction:0.51
reference_sequences_fp:/Users/nbokulich/Desktop/projects/short-read-tax-assignment/data/novel-taxa-simulations/F1-REF-L5-iter1/ref_seqs.fasta
similarity:0.8
unassignable_label:Unassigned
Result path: /var/folders/0t/l1dz88p50y91vx_22fx5w3780000gn/T/assign-taxyj6GRu

.uc file contents:

# uclust --input /Users/nbokulich/Desktop/projects/short-read-tax-assignment/data/novel-taxa-simulations/F1-REF-L5-iter1/query.fasta --id 0.8 --rev --maxaccepts 1 --allhits --libonly --lib /Users/nbokulich/Desktop/projects/short-read-tax-assignment/data/novel-taxa-simulations/F1-REF-L5-iter1/ref_seqs.fasta --uc /var/folders/0t/l1dz88p50y91vx_22fx5w3780000gn/T/UclustConsensusTaxonAssigner_KEA2s5.uc
# version=1.2.22
# Tab-separated fields:
# 1=Type, 2=ClusterNr, 3=SeqLength or ClusterSize, 4=PctId, 5=Strand, 6=QueryStart, 7=SeedStart, 8=Alignment, 9=QueryLabel, 10=TargetLabel
# Record types (field 1): L=LibSeed, S=NewSeed, H=Hit, R=Reject, D=LibCluster, C=NewCluster, N=NoHit
# For C and D types, PctId is average id with seed.
# QueryStart and SeedStart are zero-based relative to start of sequence.
# If minus strand, SeedStart is relative to reverse-complemented seed.
L	0	182	*	*	*	*	*	SH076387.07FU_KC871049_reps	*
H	0	185	90.1	+	0	0	51MD36MD57MD38M	SH076392.07FU_EU636699_reps	SH076387.07FU_KC871049_reps
N	*	250	*	*	*	*	*	SH076524.07FU_KF879505_reps	*
L	6685	192	*	*	*	*	*	SH106505.07FU_FJ005108_reps	*
H	6685	196	90.1	+	0	0	51M3D73MD68M	SH076634.07FU_AB476496_reps	SH106505.07FU_FJ005108_reps
N	*	250	*	*	*	*	*	SH076704.07FU_GU292819_reps	*
L	2975	250	*	*	*	*	*	SH106391.07FU_GU258282_refs	*
H	2975	250	82.4	+	0	0	2I26MI6MI23M2D14MI16MI10MD73M3D9MI66MD	SH076706.07FU_UDB015985_reps	SH106391.07FU_GU258282_refs
L	3174	250	*	*	*	*	*	SH108955.07FU_DQ923528_refs	*
H	3174	250	88.0	+	0	0	37M3D54M2D154M5I	SH076832.07FU_GQ852772_refs	SH108955.07FU_DQ923528_refs
L	5146	169	*	*	*	*	*	SH133537.07FU_EU669314_reps	*
H	5146	166	94.6	+	0	0	166M3I	SH076944.07FU_UDB000569_refs	SH133537.07FU_EU669314_reps
N	*	161	*	*	*	*	*	SH076993.07FU_FM205629_refs	*
L	4668	203	*	*	*	*	*	SH130684.07FU_FR667232_refs	*
H	4668	177	85.3	+	0	0	7I19MI34MI38M15I18MI9MI59M	SH077257.07FU_AY268190_refs	SH130684.07FU_FR667232_refs
N	*	164	*	*	*	*	*	SH077292.07FU_JQ256426_refs	*
L	3584	102	*	*	*	*	*	SH113487.07FU_AY755351_refs	*
H	3584	80	85.0	+	0	0	17I21M4I24MI35M	SH077295.07FU_KC595259_reps	SH113487.07FU_AY755351_refs
N	*	250	*	*	*	*	*	SH077313.07FU_JN113589_reps	*
N	*	250	*	*	*	*	*	SH077322.07FU_AB011807_refs	*
N	*	250	*	*	*	*	*	SH077332.07FU_DQ367893_reps	*
N	*	250	*	*	*	*	*	SH077399.07FU_KJ439036_reps	*
N	*	250	*	*	*	*	*	SH077446.07FU_AY176463_refs	*
L	145	250	*	*	*	*	*	SH077561.07FU_JQ279529_refs	*
H	145	250	95.2	+	0	0	160MD89MI	SH077565.07FU_JQ279518_refs	SH077561.07FU_JQ279529_refs
L	3130	250	*	*	*	*	*	SH107970.07FU_JQ868748_reps	*
H	3130	117	93.2	+	0	0	29MI88M132I	SH077629.07FU_AM988623_reps	SH107970.07FU_JQ868748_reps
L	5071	250	*	*	*	*	*	SH132842.07FU_DQ389715_refs	*
H	5071	250	88.4	+	0	0	28M2I46MI52MI63M2I55M6D	SH077686.07FU_JN159527_reps	SH132842.07FU_DQ389715_refs
L	4861	250	*	*	*	*	*	SH129481.07FU_JN104518_reps	*
H	4861	250	90.4	+	0	0	181M4I52MD13M3D	SH077769.07FU_HE614865_reps	SH129481.07FU_JN104518_reps
L	192	250	*	*	*	*	*	SH077760.07FU_AB586997_refs	*
H	192	141	87.2	+	0	0	21M7D48MI65M115I	SH077770.07FU_HE584871_reps	SH077760.07FU_AB586997_refs
L	3415	192	*	*	*	*	*	SH111965.07FU_KC411914_reps	*
H	3415	199	83.9	+	0	0	10M9D118MI19MI43M	SH077784.07FU_JQ946642_reps	SH111965.07FU_KC411914_reps
L	219	151	*	*	*	*	*	SH078002.07FU_AF079742_reps	*
H	219	250	82.8	+	0	0	6MI17M4I83MD9MD25M2D6M100D	SH077975.07FU_UDB015508_refs	SH078002.07FU_AF079742_reps
L	253	250	*	*	*	*	*	SH078549.07FU_KF668313_reps	*
H	253	186	93.0	+	0	0	2I6MI110M2I22M8I48M51I	SH078534.07FU_EU833649_refs	SH078549.07FU_KF668313_reps
L	344	250	*	*	*	*	*	SH079638.07FU_KC920645_reps	*
H	344	250	90.0	+	0	0	194MI24MI30M2D	SH078521.07FU_KF995349_reps	SH079638.07FU_KC920645_reps
N	*	250	*	*	*	*	*	SH078657.07FU_AB440280_refs	*
L	258	96	*	*	*	*	*	SH078685.07FU_JN943192_reps	*
H	258	250	90.6	+	0	0	78M3I15M157D	SH078691.07FU_KJ486537_reps	SH078685.07FU_JN943192_reps
N	*	250	*	*	*	*	*	SH078722.07FU_JN649363_reps	*
L	5780	250	*	*	*	*	*	SH539161.07FU_KR105643_reps	*
H	5780	250	91.2	+	0	0	41MI36M2I13M4D156MI	SH078756.07FU_JF439105_reps	SH539161.07FU_KR105643_reps
N	*	250	*	*	*	*	*	SH079114.07FU_AF444401_reps	*
N	*	250	*	*	*	*	*	SH079368.07FU_JN205828_refs	*
N	*	192	*	*	*	*	*	SH079374.07FU_GU973799_reps	*
N	*	250	*	*	*	*	*	SH079420.07FU_FJ904686_reps	*
L	341	250	*	*	*	*	*	SH079633.07FU_AF482853_refs	*
H	341	250	92.4	+	0	0	209M2I39M2D	SH079712.07FU_HM436610_reps	SH079633.07FU_AF482853_refs
N	*	227	*	*	*	*	*	SH079886.07FU_UDB011418_refs	*
N	*	250	*	*	*	*	*	SH079994.07FU_AY997039_reps	*
N	*	250	*	*	*	*	*	SH079998.07FU_UDB013647_reps	*
L	2062	189	*	*	*	*	*	SH096090.07FU_HQ630277_refs	*
H	2062	83	85.5	+	0	0	21MI9MD42M5I10M101I	SH083638.07FU_HQ630308_refs	SH096090.07FU_HQ630277_refs
L	5807	250	*	*	*	*	*	SH539481.07FU_KP012833_reps	*
H	5807	250	83.6	+	0	0	4I9MD20MD13MI111MI59MI31M5D	SH080047.07FU_FJ596841_reps	SH539481.07FU_KP012833_reps
L	6135	182	*	*	*	*	*	SH549032.07FU_KT462570_reps	*
H	6135	190	94.5	+	0	0	8D182M	SH080082.07FU_KF533019_reps	SH549032.07FU_KT462570_reps
N	*	102	*	*	*	*	*	SH080156.07FU_JN206224_reps	*
N	*	184	*	*	*	*	*	SH080163.07FU_JQ889699_reps	*
L	6447	211	*	*	*	*	*	SH080325.07FU_KF588371_reps	*
H	6447	212	91.0	+	0	0	93MD118M	SH080298.07FU_KF588368_reps	SH080325.07FU_KF588371_reps
L	427	85	*	*	*	*	*	SH080295.07FU_Z80888_reps	*
H	427	85	100.0	+	0	0	85M	SH080305.07FU_Z80877_reps	SH080295.07FU_Z80888_reps
N	*	250	*	*	*	*	*	SH080412.07FU_EU517063_refs	*
N	*	134	*	*	*	*	*	SH080423.07FU_UDB015324_reps	*
N	*	250	*	*	*	*	*	SH080427.07FU_EU139156_reps	*
N	*	137	*	*	*	*	*	SH080447.07FU_JF417485_reps	*
L	4971	250	*	*	*	*	*	SH131851.07FU_JN616277_reps	*
H	4971	250	81.6	+	0	0	4I25MD13MD12M4D14M10I19M2D20MI9M4D14MD10M4D97M2I	SH080499.07FU_DQ836183_reps	SH131851.07FU_JN616277_reps
L	445	250	*	*	*	*	*	SH083615.07FU_AF139956_reps	*
H	445	250	97.2	+	0	0	250M	SH083621.07FU_EF409726_reps	SH083615.07FU_AF139956_reps
N	*	250	*	*	*	*	*	SH080680.07FU_EU486433_reps	*
L	2022	250	*	*	*	*	*	SH095454.07FU_UDB016783_reps	*
H	2022	232	90.5	+	0	0	4D45MI183M21I	SH080957.07FU_UDB016804_refs	SH095454.07FU_UDB016783_reps
N	*	250	*	*	*	*	*	SH081590.07FU_UDB015396_refs	*
L	1869	250	*	*	*	*	*	SH093828.07FU_KJ146724_reps	*
H	1869	249	82.7	+	0	0	155M4D30M4D56M9I	SH081655.07FU_JX968264_refs	SH093828.07FU_KJ146724_reps
N	*	154	*	*	*	*	*	SH081902.07FU_UDB011744_refs	*
N	*	180	*	*	*	*	*	SH081948.07FU_AY961408_reps	*
L	2181	250	*	*	*	*	*	SH097372.07FU_AY572018_reps	*
H	2181	250	86.4	+	0	0	6D75M4D17M3D16M2I129M11I	SH082003.07FU_JQ647444_reps	SH097372.07FU_AY572018_reps
N	*	250	*	*	*	*	*	SH082065.07FU_GQ927267_reps	*
N	*	83	*	*	*	*	*	SH082101.07FU_AY340069_reps	*
L	3701	250	*	*	*	*	*	SH114959.07FU_HE814066_reps	*
H	3701	250	88.4	+	0	0	168M9I14M2D59M7D	SH082128.07FU_JF908792_reps	SH114959.07FU_HE814066_reps
N	*	250	*	*	*	*	*	SH082177.07FU_JQ700272_refs	*
L	666	250	*	*	*	*	*	SH082168.07FU_JQ700281_refs	*
H	666	250	85.6	+	0	0	48M9D8M3D28M2D152M14I	SH082164.07FU_KC595915_reps	SH082168.07FU_JQ700281_refs
N	*	200	*	*	*	*	*	SH082217.07FU_UDB016335_refs	*
L	1453	139	*	*	*	*	*	SH090336.07FU_KJ780585_reps	*
H	1453	250	87.8	+	0	0	37MI41MI59M113D	SH082232.07FU_KJ780612_reps	SH090336.07FU_KJ780585_reps
L	209	250	*	*	*	*	*	SH077928.07FU_KF227895_reps	*
H	209	245	92.2	+	0	0	2I6MI126MD13M2D97M5I	SH082567.07FU_UDB015170_refs	SH077928.07FU_KF227895_reps
L	3640	250	*	*	*	*	*	SH118065.07FU_FJ914786_reps	*
H	3640	250	84.4	+	0	0	173MI18MD58M	SH082652.07FU_JN086326_refs	SH118065.07FU_FJ914786_reps
L	3671	250	*	*	*	*	*	SH118164.07FU_JQ361047_reps	*
H	3671	250	93.6	+	0	0	174M2D74M2I	SH082647.07FU_AY611118_reps	SH118164.07FU_JQ361047_reps
L	3347	250	*	*	*	*	*	SH111157.07FU_FJ161378_reps	*
H	3347	250	97.2	+	0	0	250M	SH082654.07FU_DQ087976_reps	SH111157.07FU_FJ161378_reps
H	3640	250	85.2	+	0	0	172MD21MD55M2I	SH082701.07FU_HQ680615_reps	SH118065.07FU_FJ914786_reps
L	4867	228	*	*	*	*	*	SH129563.07FU_AF451746_reps	*
H	4867	239	83.8	+	0	0	38MD50MD16MD31MD22M3D31M4D40M	SH082749.07FU_DQ394387_reps	SH129563.07FU_AF451746_reps
L	5746	250	*	*	*	*	*	SH538692.07FU_KF018119_reps	*
H	5746	230	82.2	+	0	0	2D135MD14MD77M24I	SH083102.07FU_JN048775_reps	SH538692.07FU_KF018119_reps
L	1740	241	*	*	*	*	*	SH092703.07FU_JN643731_reps	*
H	1740	241	81.7	+	0	0	4I6MD22MD25MD57M3D19MD16M2I22M2I25MD41M	SH083105.07FU_EU030179_reps	SH092703.07FU_JN643731_reps
N	*	250	*	*	*	*	*	SH083229.07FU_HQ667593_reps	*
L	673	250	*	*	*	*	*	SH082207.07FU_UDB015516_reps	*
H	673	250	85.2	+	0	0	105MD12MI28M3D101M3I	SH083297.07FU_UDB015076_refs	SH082207.07FU_UDB015516_reps
L	4683	250	*	*	*	*	*	SH130746.07FU_KC590536_reps	*
H	4683	113	82.3	+	0	0	75I18M11I11M7I9M2I12MI14MI49M40I	SH083464.07FU_AF503964_reps	SH130746.07FU_KC590536_reps
N	*	250	*	*	*	*	*	SH083493.07FU_AB669679_reps	*
N	*	250	*	*	*	*	*	SH083783.07FU_AY513145_refs	*
N	*	85	*	*	*	*	*	SH083914.07FU_UDB016466_refs	*
N	*	100	*	*	*	*	*	SH083916.07FU_FJ235152_reps	*
N	*	183	*	*	*	*	*	SH083958.07FU_FJ160953_reps	*
L	2472	250	*	*	*	*	*	SH101059.07FU_EU035420_reps	*
H	2472	196	91.3	+	0	0	10I29M2D56M2D23M2I84M46I	SH084084.07FU_HQ709322_refs	SH101059.07FU_EU035420_reps
H	3347	250	93.6	+	0	0	250M	SH084197.07FU_AF282071_reps	SH111157.07FU_FJ161378_reps
L	867	80	*	*	*	*	*	SH084391.07FU_JN942966_reps	*
H	867	85	90.0	+	0	0	25M5D55M	SH084392.07FU_JN942965_reps	SH084391.07FU_JN942966_reps
L	878	250	*	*	*	*	*	SH084497.07FU_HE962444_reps	*
H	878	250	96.8	+	0	0	82M2I166M2D	SH084499.07FU_FR750018_refs	SH084497.07FU_HE962444_reps
N	*	145	*	*	*	*	*	SH084635.07FU_DQ104734_refs	*
L	902	163	*	*	*	*	*	SH084746.07FU_AB196222_reps	*
H	902	89	88.8	+	0	0	73I10MI79M	SH084747.07FU_AB568364_reps	SH084746.07FU_AB196222_reps
N	*	250	*	*	*	*	*	SH084817.07FU_UDB020356_refs	*
N	*	250	*	*	*	*	*	SH084869.07FU_HQ211612_reps	*
N	*	217	*	*	*	*	*	SH085120.07FU_JQ838020_reps	*
N	*	176	*	*	*	*	*	SH085167.07FU_AY646400_reps	*
N	*	250	*	*	*	*	*	SH087707.07FU_AB520501_reps	*
L	2238	210	*	*	*	*	*	SH097871.07FU_GQ154540_refs	*
H	2238	168	85.1	+	0	0	40I42M2I11MI80MD34M	SH085399.07FU_HQ445028_reps	SH097871.07FU_GQ154540_refs
L	1699	250	*	*	*	*	*	SH092383.07FU_AB472195_reps	*
H	1699	216	98.6	+	0	0	189MI27M33I	SH085535.07FU_KF827448_reps	SH092383.07FU_AB472195_reps
L	3330	219	*	*	*	*	*	SH110876.07FU_JN211109_reps	*
H	3330	208	83.2	+	0	0	26MI46MI38M3I98M6I	SH085701.07FU_FJ497044_reps	SH110876.07FU_JN211109_reps
L	29	250	*	*	*	*	*	SH076750.07FU_JF439096_reps	*
H	29	250	88.4	+	0	0	28M4I25M2D13MD26MD18MD135MI	SH086107.07FU_HG518629_refs	SH076750.07FU_JF439096_reps
L	1001	250	*	*	*	*	*	SH086228.07FU_JQ693548_reps	*
H	1001	250	89.6	+	0	0	9M2D239M2I	SH086227.07FU_JQ693541_reps	SH086228.07FU_JQ693548_reps
L	5890	218	*	*	*	*	*	SH541168.07FU_UDB024930_reps	*
H	5890	218	82.1	+	0	0	172M13D33M13I	SH086257.07FU_KF219570_refs	SH541168.07FU_UDB024930_reps
N	*	250	*	*	*	*	*	SH086356.07FU_JQ991919_reps	*
N	*	250	*	*	*	*	*	SH086393.07FU_AY740160_reps	*
L	1042	215	*	*	*	*	*	SH086526.07FU_EF585540_refs	*
H	1042	219	94.4	+	0	0	3D106MD109M	SH086524.07FU_JX646791_refs	SH086526.07FU_EF585540_refs
N	*	250	*	*	*	*	*	SH086560.07FU_EU515871_refs	*
N	*	250	*	*	*	*	*	SH086587.07FU_JN206282_refs	*
L	1057	250	*	*	*	*	*	SH086607.07FU_GU092950_refs	*
H	1057	250	90.0	+	0	0	82M2D17MD47MD25M2D73M6I	SH086670.07FU_AF454080_reps	SH086607.07FU_GU092950_refs
L	1117	138	*	*	*	*	*	SH086883.07FU_AF210682_refs	*
H	1117	139	91.3	+	0	0	60MD78M	SH086885.07FU_AF358253_reps	SH086883.07FU_AF210682_refs
L	1126	250	*	*	*	*	*	SH086958.07FU_FJ480442_reps	*
H	1126	250	80.8	+	0	0	10D16M11I28M3I19M12I73MD62MI25M16D	SH086953.07FU_EU837224_refs	SH086958.07FU_FJ480442_reps
L	6727	250	*	*	*	*	*	SH111944.07FU_EF495233_reps	*
H	6727	180	82.2	+	0	0	I112MD67M70I	SH087033.07FU_JQ666043_refs	SH111944.07FU_EF495233_reps
L	1159	250	*	*	*	*	*	SH087571.07FU_L54114_reps	*
H	1159	250	83.2	+	0	0	64MI8MI101M6D32MD38M5I	SH087114.07FU_EU697239_reps	SH087571.07FU_L54114_reps
L	6516	234	*	*	*	*	*	SH087357.07FU_U04234_reps	*
H	6516	91	94.5	+	0	0	142I55MI36M	SH087262.07FU_JQ757879_reps	SH087357.07FU_U04234_reps
N	*	250	*	*	*	*	*	SH087316.07FU_JX875929_reps	*
L	699	183	*	*	*	*	*	SH082416.07FU_DQ408771_reps	*
H	699	250	81.4	+	0	0	2I9M2I12M2D11MD20M3D22MD11M3D49M3D45M58D	SH087520.07FU_UDB003210_refs	SH082416.07FU_DQ408771_reps
N	*	117	*	*	*	*	*	SH087552.07FU_AM269783_reps	*
L	1172	196	*	*	*	*	*	SH087754.07FU_HM005161_refs	*
H	1172	99	86.9	+	0	0	D69M2I29M96I	SH087755.07FU_UDB015616_refs	SH087754.07FU_HM005161_refs
N	*	250	*	*	*	*	*	SH087816.07FU_UDB019676_reps	*
N	*	250	*	*	*	*	*	SH088054.07FU_JN642572_reps	*
L	4289	196	*	*	*	*	*	SH121545.07FU_AB546939_reps	*
H	4289	194	83.5	+	0	0	3I58MD135M	SH088074.07FU_UDB004132_reps	SH121545.07FU_AB546939_reps
H	1172	187	84.5	+	0	0	D31M4I36M3I8M6I65M2D25MD18M	SH088228.07FU_UDB011779_refs	SH087754.07FU_HM005161_refs
N	*	250	*	*	*	*	*	SH088286.07FU_JQ928605_refs	*
N	*	102	*	*	*	*	*	SH088356.07FU_AB520470_reps	*
L	5127	151	*	*	*	*	*	SH133289.07FU_KF692075_reps	*
H	5127	250	85.4	+	0	0	124M6D27M93D	SH088443.07FU_KF746992_reps	SH133289.07FU_KF692075_reps
L	983	250	*	*	*	*	*	SH085614.07FU_HM123082_reps	*
H	983	250	87.6	+	0	0	10D99MI30MD20MI90M9I	SH088667.07FU_EU040222_reps	SH085614.07FU_HM123082_reps
L	3506	250	*	*	*	*	*	SH112689.07FU_JQ247716_reps	*
H	3506	250	86.0	+	0	0	185M6I20M3D39M3D	SH088712.07FU_DQ249196_refs	SH112689.07FU_JQ247716_reps
L	1344	193	*	*	*	*	*	SH089128.07FU_GQ411266_refs	*
H	1344	194	95.9	+	0	0	126MD67M	SH089112.07FU_JX089467_refs	SH089128.07FU_GQ411266_refs
L	1346	198	*	*	*	*	*	SH089131.07FU_KC834056_refs	*
H	1346	195	96.9	+	0	0	5I125M2D68M	SH089117.07FU_JX089541_reps	SH089131.07FU_KC834056_refs
L	6523	174	*	*	*	*	*	SH089217.07FU_JN592510_reps	*
H	6523	153	85.0	+	0	0	23I56M2D33MD41MD19M2I	SH089210.07FU_JX110844_refs	SH089217.07FU_JN592510_reps
L	6059	225	*	*	*	*	*	SH546035.07FU_LM652491_refs	*
H	6059	198	85.4	+	0	0	6D25MI11MI16M2I14MI21M27I35M3I25M2D43M	SH102096.07FU_LM652379_refs	SH546035.07FU_LM652491_refs
H	6059	216	84.3	+	0	0	8D19MI5MI11MI16M2I14MI12M4I23M4I38M4I28MD41M	SH102095.07FU_HQ115692_reps	SH546035.07FU_LM652491_refs
L	1401	250	*	*	*	*	*	SH089668.07FU_UDB005357_reps	*
H	1401	250	86.8	+	0	0	6D45M3D23M10I27M7I138M8D	SH089673.07FU_AB506106_reps	SH089668.07FU_UDB005357_reps
N	*	250	*	*	*	*	*	SH089846.07FU_UDB016368_refs	*
L	1422	183	*	*	*	*	*	SH091892.07FU_KF734672_reps	*
H	1422	183	95.1	+	0	0	183M	SH091902.07FU_FJ037752_reps	SH091892.07FU_KF734672_reps
H	5146	179	93.5	+	0	0	169M10D	SH090038.07FU_KJ831846_reps	SH133537.07FU_EU669314_reps
L	1673	250	*	*	*	*	*	SH092052.07FU_JX559259_reps	*
H	1673	250	89.6	+	0	0	168MI7MI31M9D35M7I	SH090087.07FU_KC572006_reps	SH092052.07FU_JX559259_reps
N	*	184	*	*	*	*	*	SH090088.07FU_UDB015689_refs	*
L	7074	250	*	*	*	*	*	SH109869.07FU_UDB015458_refs	*
H	7074	250	80.4	+	0	0	119M2D18M5D10MD26MI42MI27M6I	SH090105.07FU_UDB015498_refs	SH109869.07FU_UDB015458_refs
L	1455	250	*	*	*	*	*	SH090423.07FU_AF230751_refs	*
H	1455	250	95.2	+	0	0	180M3I67M3D	SH090489.07FU_FR748048_refs	SH090423.07FU_AF230751_refs
N	*	250	*	*	*	*	*	SH090795.07FU_UDB016334_refs	*
L	1474	170	*	*	*	*	*	SH090838.07FU_EF635906_refs	*
H	1474	173	94.1	+	0	0	38MI27M4D104M	SH090837.07FU_JN114421_reps	SH090838.07FU_EF635906_refs
N	*	250	*	*	*	*	*	SH091031.07FU_UDB003281_refs	*
L	2859	250	*	*	*	*	*	SH104595.07FU_AJ557347_reps	*
H	2859	166	96.4	+	0	0	166M84I	SH091142.07FU_AM747520_refs	SH104595.07FU_AJ557347_reps
L	1532	182	*	*	*	*	*	SH091250.07FU_KC430743_reps	*
H	1532	250	90.7	+	0	0	3I62MD88M8D29M62D	SH091247.07FU_AB115726_reps	SH091250.07FU_KC430743_reps
L	1480	250	*	*	*	*	*	SH090862.07FU_JN205898_refs	*
H	1480	171	92.4	+	0	0	48M2D12MD18M2D58MD29M85I	SH091809.07FU_JN206021_refs	SH090862.07FU_JN205898_refs
L	656	250	*	*	*	*	*	SH082030.07FU_AF501562_reps	*
H	656	250	83.6	+	0	0	3D32MI80M2I32M3D50M2I15MD34M2I	SH091849.07FU_UDB015549_reps	SH082030.07FU_AF501562_reps
N	*	209	*	*	*	*	*	SH092115.07FU_HM071902_refs	*
L	1678	127	*	*	*	*	*	SH092169.07FU_GQ411306_refs	*
H	1678	134	92.9	+	0	0	7D127M	SH092156.07FU_HQ533816_refs	SH092169.07FU_GQ411306_refs
H	1678	98	80.6	+	0	0	31I33M2D63M	SH092170.07FU_HF674744_reps	SH092169.07FU_GQ411306_refs
N	*	127	*	*	*	*	*	SH092532.07FU_EU043229_refs	*
L	659	112	*	*	*	*	*	SH082045.07FU_KC867343_reps	*
H	659	112	98.2	+	0	0	112M	SH092540.07FU_JX242863_refs	SH082045.07FU_KC867343_reps
L	4628	250	*	*	*	*	*	SH130353.07FU_UDB015790_refs	*
H	4628	250	82.8	+	0	0	71M2D71M3I12M5I30MD35MD6M2D17M2D	SH092560.07FU_UDB015647_refs	SH130353.07FU_UDB015790_refs
N	*	199	*	*	*	*	*	SH092575.07FU_KC011063_refs	*
N	*	250	*	*	*	*	*	SH092628.07FU_UDB016421_refs	*
L	3103	142	*	*	*	*	*	SH107692.07FU_JN392146_reps	*
H	3103	93	92.5	+	0	0	50I58MD34M	SH102110.07FU_FR694202_reps	SH107692.07FU_JN392146_reps
L	5789	250	*	*	*	*	*	SH539217.07FU_KM243196_reps	*
H	5789	250	87.6	+	0	0	180MD69MI	SH092902.07FU_FJ479631_reps	SH539217.07FU_KM243196_reps
L	1799	202	*	*	*	*	*	SH093173.07FU_EF175941_reps	*
H	1799	212	90.1	+	0	0	3I16M2D13M7D24MD70M5D45M2I29M	SH093171.07FU_AF071332_refs	SH093173.07FU_EF175941_reps
L	1841	250	*	*	*	*	*	SH093666.07FU_UDB016317_refs	*
H	1841	250	84.4	+	0	0	86MD46M2I33MD41MI41MD	SH093672.07FU_UDB016383_refs	SH093666.07FU_UDB016317_refs
N	*	250	*	*	*	*	*	SH093723.07FU_HQ168397_refs	*
N	*	244	*	*	*	*	*	SH093758.07FU_JN049841_reps	*
L	3954	135	*	*	*	*	*	SH117506.07FU_KF466246_reps	*
H	3954	144	88.9	+	0	0	24MD38M6D41M2D32M	SH093781.07FU_AY554209_reps	SH117506.07FU_KF466246_reps
L	6575	250	*	*	*	*	*	SH093952.07FU_HQ914861_reps	*
H	6575	250	95.6	+	0	0	250M	SH093926.07FU_JX915748_reps	SH093952.07FU_HQ914861_reps
L	1883	250	*	*	*	*	*	SH093938.07FU_EU707865_refs	*
H	1883	206	80.1	+	0	0	49MD15MI41MI100M43I	SH093937.07FU_AJ972850_reps	SH093938.07FU_EU707865_refs
N	*	250	*	*	*	*	*	SH094094.07FU_KC966345_reps	*
N	*	250	*	*	*	*	*	SH094133.07FU_AJ634028_reps	*
L	2416	162	*	*	*	*	*	SH100265.07FU_JN102404_reps	*
H	2416	250	87.7	+	0	0	162M88D	SH094282.07FU_JQ759050_reps	SH100265.07FU_JN102404_reps
N	*	108	*	*	*	*	*	SH094726.07FU_JX033592_reps	*
L	1931	250	*	*	*	*	*	SH094756.07FU_JN710603_reps	*
H	1931	250	83.6	+	0	0	I9MD36MD39MD28MD15M8I64MD50M4D	SH094758.07FU_JX109853_reps	SH094756.07FU_JN710603_reps
L	1969	250	*	*	*	*	*	SH095188.07FU_KC595955_reps	*
H	1969	250	86.4	+	0	0	30MD19M4D39MD29M2I13MI12MD28MI73M3I	SH094888.07FU_JQ673066_reps	SH095188.07FU_KC595955_reps
L	1937	137	*	*	*	*	*	SH094918.07FU_FR837930_reps	*
H	1937	140	89.1	+	0	0	3D137M	SH094899.07FU_EF672294_reps	SH094918.07FU_FR837930_reps
L	2809	250	*	*	*	*	*	SH104068.07FU_UDB011527_refs	*
H	2809	250	83.6	+	0	0	16MD82M5I33MD114M3D	SH094980.07FU_UDB011538_refs	SH104068.07FU_UDB011527_refs
L	2414	250	*	*	*	*	*	SH100260.07FU_EU543194_reps	*
H	2414	220	90.0	+	0	0	176M6D26M2D10M38I	SH094986.07FU_JN102402_reps	SH100260.07FU_EU543194_reps
N	*	181	*	*	*	*	*	SH095117.07FU_AJ390421_reps	*
L	2042	250	*	*	*	*	*	SH095917.07FU_AJ000615_refs	*
H	2042	250	85.2	+	0	0	5D20MD8M2I88MI128M3I	SH095915.07FU_JX101934_refs	SH095917.07FU_AJ000615_refs
N	*	250	*	*	*	*	*	SH096150.07FU_AB439558_refs	*
N	*	250	*	*	*	*	*	SH096204.07FU_HQ604758_reps	*
L	2077	201	*	*	*	*	*	SH096261.07FU_JN942657_refs	*
H	2077	236	92.0	+	0	0	3I106MD12MD16M4I14MI45M41D	SH096267.07FU_AB054103_refs	SH096261.07FU_JN942657_refs
L	2079	199	*	*	*	*	*	SH096270.07FU_FM178306_refs	*
H	2079	193	92.7	+	0	0	32MI33MI73M2I10M2I45M	SH096268.07FU_EU343807_refs	SH096270.07FU_FM178306_refs
N	*	114	*	*	*	*	*	SH096394.07FU_UDB011478_refs	*
L	1413	211	*	*	*	*	*	SH089755.07FU_Z54112_reps	*
H	1413	129	92.2	+	0	0	77I10MI56M4I63M	SH099370.07FU_AJ292410_refs	SH089755.07FU_Z54112_reps
N	*	235	*	*	*	*	*	SH099479.07FU_KJ133475_reps	*
N	*	250	*	*	*	*	*	SH099502.07FU_JF506849_reps	*
N	*	250	*	*	*	*	*	SH096738.07FU_JX109857_reps	*
L	2164	192	*	*	*	*	*	SH099517.07FU_GQ922535_reps	*
H	2164	92	80.4	+	0	0	104I11M2D77M2D	SH096828.07FU_JN890448_reps	SH099517.07FU_GQ922535_reps
N	*	173	*	*	*	*	*	SH096911.07FU_KC197021_refs	*
N	*	250	*	*	*	*	*	SH096987.07FU_HG329747_reps	*
N	*	91	*	*	*	*	*	SH096988.07FU_JX104677_reps	*
N	*	250	*	*	*	*	*	SH097100.07FU_EU707897_refs	*
N	*	250	*	*	*	*	*	SH097158.07FU_FJ493191_refs	*
H	2164	130	90.8	+	0	0	46MD38MI45M62I	SH099519.07FU_GQ922521_reps	SH099517.07FU_GQ922535_reps
N	*	250	*	*	*	*	*	SH099529.07FU_AB670716_reps	*
L	1106	232	*	*	*	*	*	SH089937.07FU_JQ806418_reps	*
H	1106	250	81.9	+	0	0	2I27MD48MD27MD17M7D8M8D14MD16M5D69M4I	SH104879.07FU_FJ234198_reps	SH089937.07FU_JQ806418_reps
N	*	249	*	*	*	*	*	SH097364.07FU_EU623685_refs	*
L	2187	250	*	*	*	*	*	SH097413.07FU_JN887638_reps	*
H	2187	136	82.4	+	0	0	3I25M4D86M2D19M117I	SH097410.07FU_JX017310_refs	SH097413.07FU_JN887638_reps
L	1409	250	*	*	*	*	*	SH089734.07FU_KF747249_reps	*
H	1409	250	80.8	+	0	0	168M4I24M5D53MI	SH097669.07FU_DQ268590_reps	SH089734.07FU_KF747249_reps
L	213	250	*	*	*	*	*	SH077937.07FU_KP192562_reps	*
H	213	250	89.6	+	0	0	71MI40MD28M3D58M2I39MD9M2I	SH097744.07FU_UDB019687_refs	SH077937.07FU_KP192562_reps
L	4311	145	*	*	*	*	*	SH121797.07FU_AM262364_reps	*
H	4311	227	100.0	+	0	0	82D145M	SH097794.07FU_AF388928_refs	SH121797.07FU_AM262364_reps
L	2253	203	*	*	*	*	*	SH098140.07FU_EF535217_reps	*
H	2253	201	96.5	+	0	0	180M2I21M	SH098138.07FU_EF535175_reps	SH098140.07FU_EF535217_reps
L	6509	250	*	*	*	*	*	SH086866.07FU_HQ204691_reps	*
H	6509	152	80.3	+	0	0	6I16MI21MI18M2D17MD10MD30MD35M95I	SH098429.07FU_JN198071_reps	SH086866.07FU_HQ204691_reps
L	2739	223	*	*	*	*	*	SH103501.07FU_AJ302423_reps	*
H	2739	204	82.4	+	0	0	20M8D74M25I35M2I67M	SH098450.07FU_HQ692575_reps	SH103501.07FU_AJ302423_reps
L	6690	250	*	*	*	*	*	SH106942.07FU_AY219391_reps	*
H	6690	241	81.7	+	0	0	22MD27M4I32MI114MI6MI39M3I	SH098479.07FU_KF638534_reps	SH106942.07FU_AY219391_reps
N	*	250	*	*	*	*	*	SH098661.07FU_KF291084_refs	*
L	2313	225	*	*	*	*	*	SH098807.07FU_M96663_reps	*
H	2313	225	86.2	+	0	0	I21MD203M	SH098798.07FU_FJ025340_reps	SH098807.07FU_M96663_reps
L	3597	90	*	*	*	*	*	SH114061.07FU_HM439521_reps	*
H	3597	90	98.9	+	0	0	90M	SH098802.07FU_JF740213_reps	SH114061.07FU_HM439521_reps
N	*	107	*	*	*	*	*	SH099214.07FU_DQ911445_refs	*
L	4420	197	*	*	*	*	*	SH123217.07FU_AF347612_refs	*
H	4420	190	87.4	+	0	0	4I127M2D19M5I42M	SH099607.07FU_Z54109_reps	SH123217.07FU_AF347612_refs
N	*	250	*	*	*	*	*	SH099721.07FU_DQ923525_refs	*
N	*	250	*	*	*	*	*	SH099818.07FU_KF061285_refs	*
N	*	238	*	*	*	*	*	SH099855.07FU_FJ917557_reps	*
N	*	151	*	*	*	*	*	SH100043.07FU_JX306741_refs	*
L	2683	210	*	*	*	*	*	SH103155.07FU_GU227806_refs	*
H	2683	86	97.7	+	0	0	125I8MD77M	SH100057.07FU_DQ195717_refs	SH103155.07FU_GU227806_refs
N	*	135	*	*	*	*	*	SH100287.07FU_AB308158_refs	*
L	6659	250	*	*	*	*	*	SH102841.07FU_HF558296_reps	*
H	6659	250	88.8	+	0	0	I46MI23MD41MD138M	SH100334.07FU_KJ508258_reps	SH102841.07FU_HF558296_reps
L	974	197	*	*	*	*	*	SH085483.07FU_FJ480136_reps	*
H	974	192	90.6	+	0	0	2I16MI30M2I146M	SH100464.07FU_KF730830_reps	SH085483.07FU_FJ480136_reps
L	2428	132	*	*	*	*	*	SH100534.07FU_AF176265_refs	*
H	2428	131	95.4	+	0	0	38MI93M	SH100531.07FU_AF385206_refs	SH100534.07FU_AF176265_refs
N	*	250	*	*	*	*	*	SH100716.07FU_JN088481_reps	*
L	3779	240	*	*	*	*	*	SH115732.07FU_KJ816758_reps	*
H	3779	84	88.1	+	0	0	5I16MI11MI17MD39M150I	SH100845.07FU_EU681285_reps	SH115732.07FU_KJ816758_reps
H	2472	211	89.1	+	0	0	34M3D62M2D9M4D17M3I68MD11M46I	SH101074.07FU_AF486124_refs	SH101059.07FU_EU035420_reps
N	*	202	*	*	*	*	*	SH101261.07FU_AF073904_reps	*
N	*	250	*	*	*	*	*	SH101320.07FU_JF947185_reps	*
L	2483	230	*	*	*	*	*	SH101323.07FU_EU039982_refs	*
H	2483	226	81.0	+	0	0	14M4I24MI26MD161M	SH101324.07FU_JX517288_reps	SH101323.07FU_EU039982_refs
L	2596	250	*	*	*	*	*	SH102380.07FU_GQ352489_reps	*
H	2596	88	88.6	+	0	0	26MI50M5I12M156I	SH101402.07FU_GQ303270_reps	SH102380.07FU_GQ352489_reps
N	*	240	*	*	*	*	*	SH101503.07FU_JF263469_refs	*
N	*	203	*	*	*	*	*	SH101782.07FU_JX065161_refs	*
N	*	218	*	*	*	*	*	SH101855.07FU_FR837913_reps	*
L	3897	250	*	*	*	*	*	SH116921.07FU_FN868153_reps	*
H	3897	136	83.1	+	0	0	55MD31MD17M5D26M121I	SH101995.07FU_AB030352_refs	SH116921.07FU_FN868153_reps
L	3663	230	*	*	*	*	*	SH118126.07FU_AF451786_reps	*
H	3663	246	82.6	+	0	0	51MD27MD50M13D33M2D46MI22M	SH102007.07FU_HQ287871_refs	SH118126.07FU_AF451786_reps
H	3897	171	90.6	+	0	0	8I53MD62MD24MI30M72I	SH102043.07FU_AB921282_reps	SH116921.07FU_FN868153_reps
L	2569	250	*	*	*	*	*	SH102259.07FU_AF054854_refs	*
H	2569	250	96.8	+	0	0	148MI101MD	SH102256.07FU_AF054847_refs	SH102259.07FU_AF054854_refs
N	*	193	*	*	*	*	*	SH102306.07FU_KF689798_reps	*
L	2576	250	*	*	*	*	*	SH102328.07FU_JN418792_reps	*
H	2576	250	92.4	+	0	0	108MD58M2D10MD70M4I	SH102410.07FU_EF026148_reps	SH102328.07FU_JN418792_reps
L	2614	214	*	*	*	*	*	SH102682.07FU_JX536279_reps	*
H	2614	205	92.7	+	0	0	37MI24MI20MI29M4I32MI22MI41M	SH102666.07FU_AB625592_refs	SH102682.07FU_JX536279_reps
L	2623	250	*	*	*	*	*	SH102856.07FU_KF617815_reps	*
H	2623	176	92.0	+	0	0	110MI66M73I	SH102851.07FU_KC833140_reps	SH102856.07FU_KF617815_reps
N	*	250	*	*	*	*	*	SH105090.07FU_AF444558_refs	*
L	2823	250	*	*	*	*	*	SH104341.07FU_UDB015152_refs	*
H	2823	220	85.5	+	0	0	47M4I20M2I13MI35M7D23M3I13MI35M3I27M23I	SH105174.07FU_UDB011753_refs	SH104341.07FU_UDB015152_refs
H	2823	250	80.0	+	0	0	2D6MD19MD22M4I20M2I13MI32M12D34M5I12MD26M5I49M	SH105179.07FU_EU118619_refs	SH104341.07FU_UDB015152_refs
L	4709	232	*	*	*	*	*	SH127408.07FU_GU994562_reps	*
H	4709	108	84.3	+	0	0	121I6M2I61MI41M	SH102992.07FU_JN115301_reps	SH127408.07FU_GU994562_reps
L	2694	177	*	*	*	*	*	SH105258.07FU_EU784356_reps	*
H	2694	179	97.2	+	0	0	D87MD90M	SH105260.07FU_KF291072_reps	SH105258.07FU_EU784356_reps
H	666	250	80.0	+	0	0	48M4D27M2I49MI16MI26M2D20MI58MI	SH105275.07FU_UDB003344_refs	SH082168.07FU_JQ700281_refs
L	3871	186	*	*	*	*	*	SH116564.07FU_KF251427_reps	*
H	3871	184	80.4	+	0	0	4I85MI38M3D58M	SH103403.07FU_DQ303026_reps	SH116564.07FU_KF251427_reps
L	1717	250	*	*	*	*	*	SH092616.07FU_KC968933_refs	*
H	1717	250	80.4	+	0	0	D6M7D22MD22M8D32M5I151M12I	SH103534.07FU_EU687035_reps	SH092616.07FU_KC968933_refs
N	*	229	*	*	*	*	*	SH103564.07FU_EF029199_reps	*
N	*	178	*	*	*	*	*	SH103609.07FU_AB719944_reps	*
L	2524	250	*	*	*	*	*	SH101783.07FU_UDB019548_reps	*
H	2524	81	80.2	+	0	0	34M3D44M172I	SH103677.07FU_JX044148_refs	SH101783.07FU_UDB019548_reps
N	*	250	*	*	*	*	*	SH104088.07FU_U51948_refs	*
L	6671	250	*	*	*	*	*	SH104391.07FU_AB180201_reps	*
H	6671	250	96.8	+	0	0	195MD43MI11M	SH104371.07FU_AB086382_refs	SH104391.07FU_AB180201_reps
L	2893	237	*	*	*	*	*	SH104750.07FU_AB566285_reps	*
H	2893	225	86.2	+	0	0	117M6I68MD39M7I	SH104751.07FU_AB566289_reps	SH104750.07FU_AB566285_reps
N	*	250	*	*	*	*	*	SH105462.07FU_JX474876_reps	*
L	3858	187	*	*	*	*	*	SH116502.07FU_KC870049_reps	*
H	3858	197	93.0	+	0	0	2D89M7D58MD40M	SH108792.07FU_HQ874466_reps	SH116502.07FU_KC870049_reps
L	2948	250	*	*	*	*	*	SH105943.07FU_EU292238_reps	*
H	2948	250	81.2	+	0	0	22MD29M4I22MD53M3D30M7D26M8D48M16I	SH105730.07FU_EU292422_reps	SH105943.07FU_EU292238_reps
N	*	221	*	*	*	*	*	SH108801.07FU_UDB016465_refs	*
L	4924	213	*	*	*	*	*	SH131288.07FU_AF394030_reps	*
H	4924	123	80.5	+	0	0	27MI47MI30M2D17M90I	SH106062.07FU_AF394037_reps	SH131288.07FU_AF394030_reps
N	*	192	*	*	*	*	*	SH106318.07FU_DQ365831_reps	*
L	3001	131	*	*	*	*	*	SH106655.07FU_JX444634_reps	*
H	3001	144	87.8	+	0	0	12D36MD95M	SH106345.07FU_GU134163_reps	SH106655.07FU_JX444634_reps
N	*	250	*	*	*	*	*	SH106351.07FU_UDB017862_reps	*
N	*	114	*	*	*	*	*	SH106362.07FU_UDB011617_refs	*
N	*	250	*	*	*	*	*	SH106360.07FU_UDB008977_reps	*
N	*	117	*	*	*	*	*	SH106363.07FU_FJ627246_reps	*
L	2984	100	*	*	*	*	*	SH106457.07FU_FJ005096_reps	*
H	2984	100	99.0	+	0	0	100M	SH106478.07FU_FJ005103_reps	SH106457.07FU_FJ005096_reps
L	3005	250	*	*	*	*	*	SH106734.07FU_AF038331_reps	*
H	3005	250	94.0	+	0	0	41M2D85MD50MD70M4I	SH106733.07FU_AF038323_reps	SH106734.07FU_AF038331_reps
H	3005	250	90.4	+	0	0	2I39M3D38MD48M2D119M4I	SH106730.07FU_EF592160_reps	SH106734.07FU_AF038331_reps
N	*	250	*	*	*	*	*	SH106784.07FU_AY354268_reps	*
L	3025	250	*	*	*	*	*	SH106917.07FU_AM943894_reps	*
H	3025	214	94.4	-	0	0	46I204M10D	SH106916.07FU_AB242825_reps	SH106917.07FU_AM943894_reps
L	5622	250	*	*	*	*	*	SH536636.07FU_KR605808_reps	*
H	5622	250	86.0	+	0	0	180M5I17MI23MI23M7D	SH106931.07FU_AM084460_refs	SH536636.07FU_KR605808_reps
L	3054	250	*	*	*	*	*	SH107263.07FU_JN182892_reps	*
H	3054	250	91.2	+	0	0	15M5D15M2D29MD183M8I	SH106973.07FU_JQ762008_reps	SH107263.07FU_JN182892_reps
L	431	202	*	*	*	*	*	SH080321.07FU_KJ663836_refs	*
H	431	112	100.0	+	0	0	112M90I	SH107014.07FU_U92295_reps	SH080321.07FU_KJ663836_refs
L	175	229	*	*	*	*	*	SH077641.07FU_JF706327_reps	*
H	175	233	92.1	+	0	0	2D7M2D222M	SH107214.07FU_FJ411085_refs	SH077641.07FU_JF706327_reps
L	1747	237	*	*	*	*	*	SH092717.07FU_HM053440_reps	*
H	1747	237	82.7	+	0	0	68MD56M2I22MD89M	SH107212.07FU_JQ845095_reps	SH092717.07FU_HM053440_reps
N	*	157	*	*	*	*	*	SH107296.07FU_KP184002_refs	*
L	3855	189	*	*	*	*	*	SH116471.07FU_KF251234_refs	*
H	3855	190	84.1	+	0	0	62MD31MI61MD34M	SH107339.07FU_AY626979_reps	SH116471.07FU_KF251234_refs
L	1806	250	*	*	*	*	*	SH093342.07FU_JX124705_reps	*
H	1806	127	80.3	+	0	0	2I10M2I31MI86M118I	SH107523.07FU_KC456255_reps	SH093342.07FU_JX124705_reps
L	3166	233	*	*	*	*	*	SH108404.07FU_GU207251_reps	*
H	3166	224	87.5	+	0	0	4I98M5I45M2D15M2I64M	SH108170.07FU_JF894109_reps	SH108404.07FU_GU207251_reps
L	7068	206	*	*	*	*	*	SH106237.07FU_DQ278919_refs	*
H	7068	178	89.9	+	0	0	3D55MI13M30I107M	SH108541.07FU_HM771005_reps	SH106237.07FU_DQ278919_refs
L	2470	206	*	*	*	*	*	SH101044.07FU_FN435792_reps	*
H	2470	250	93.2	+	0	0	159M3I15M28D29M19D	SH108546.07FU_EU687114_reps	SH101044.07FU_FN435792_reps
L	4007	114	*	*	*	*	*	SH119030.07FU_AY347342_reps	*
H	4007	148	84.2	+	0	0	37D16MI51M2I44M	SH109358.07FU_AY347361_refs	SH119030.07FU_AY347342_reps
N	*	250	*	*	*	*	*	SH109452.07FU_U66443_reps	*
N	*	250	*	*	*	*	*	SH109644.07FU_KC965874_reps	*
L	6709	250	*	*	*	*	*	SH109766.07FU_AB520299_reps	*
H	6709	226	83.6	+	0	0	86M2D17M7D38MD75M34I	SH109748.07FU_AY515358_reps	SH109766.07FU_AB520299_reps
N	*	250	*	*	*	*	*	SH109830.07FU_AB973745_reps	*
N	*	104	*	*	*	*	*	SH110009.07FU_EU837203_reps	*
L	4907	159	*	*	*	*	*	SH131179.07FU_HQ847021_refs	*
H	4907	148	80.4	+	0	0	I28M8I47M2I19MI25MD28M	SH110222.07FU_HQ222012_refs	SH131179.07FU_HQ847021_refs
L	2813	200	*	*	*	*	*	SH104178.07FU_AB508107_reps	*
H	2813	204	89.5	+	0	0	5D53MI45MI27MD73M	SH110250.07FU_U59145_refs	SH104178.07FU_AB508107_reps
L	3299	209	*	*	*	*	*	SH110267.07FU_KF376108_refs	*
H	3299	209	97.1	+	0	0	209M	SH110233.07FU_AF149074_refs	SH110267.07FU_KF376108_refs
L	4316	217	*	*	*	*	*	SH121951.07FU_FJ362268_reps	*
H	4316	195	85.1	+	0	0	63MI5MI32M4D12M2I30MI34MI15M20I	SH110252.07FU_HM036638_reps	SH121951.07FU_FJ362268_reps
L	3738	227	*	*	*	*	*	SH115236.07FU_HQ611282_reps	*
H	3738	201	91.5	+	0	0	54MI9MI23M9I115M15I	SH110315.07FU_KF251206_reps	SH115236.07FU_HQ611282_reps
L	3321	217	*	*	*	*	*	SH113924.07FU_FR799443_reps	*
H	3321	229	88.5	+	0	0	8D68MD60M3D89M	SH113927.07FU_AB712266_refs	SH113924.07FU_FR799443_reps
L	5836	199	*	*	*	*	*	SH540048.07FU_KP747674_reps	*
H	5836	110	80.0	+	0	0	79I20M11I14MD18MI22MD34M	SH110872.07FU_GU247154_reps	SH540048.07FU_KP747674_reps
N	*	250	*	*	*	*	*	SH110936.07FU_DQ463348_refs	*
N	*	203	*	*	*	*	*	SH111049.07FU_GQ981489_reps	*
N	*	250	*	*	*	*	*	SH111097.07FU_FJ549442_reps	*
L	3635	250	*	*	*	*	*	SH118052.07FU_KF129455_reps	*
H	3635	250	89.2	+	0	0	5MD110M3I46MI85M3D	SH111159.07FU_GU994540_reps	SH118052.07FU_KF129455_reps
N	*	215	*	*	*	*	*	SH111762.07FU_GQ344609_reps	*
L	3399	203	*	*	*	*	*	SH111835.07FU_KC834047_refs	*
H	3399	174	84.5	+	0	0	30I15MD158M	SH111834.07FU_DQ202516_reps	SH111835.07FU_KC834047_refs
L	5774	172	*	*	*	*	*	SH539163.07FU_KP456017_reps	*
H	5774	176	86.6	+	0	0	3I42MD24MD8M3D34M2D61M	SH111904.07FU_JX089475_reps	SH539163.07FU_KP456017_reps
N	*	122	*	*	*	*	*	SH111922.07FU_KC292864_reps	*
L	3508	250	*	*	*	*	*	SH112712.07FU_KF673555_reps	*
H	3508	250	84.0	+	0	0	I166M2I81M3D	SH112195.07FU_JQ759907_reps	SH112712.07FU_KF673555_reps
N	*	250	*	*	*	*	*	SH117938.07FU_AF223966_reps	*
L	3516	250	*	*	*	*	*	SH112774.07FU_AB524816_reps	*
H	3516	250	90.4	+	0	0	148M2D100M2I	SH112773.07FU_AB524792_refs	SH112774.07FU_AB524816_reps
H	3516	250	91.6	+	0	0	34MD19MI196M	SH112771.07FU_AB524800_refs	SH112774.07FU_AB524816_reps
L	3622	250	*	*	*	*	*	SH114395.07FU_AB110693_reps	*
H	3622	250	88.8	+	0	0	173M2I22MD7M2I44M3D	SH113230.07FU_AB035046_refs	SH114395.07FU_AB110693_reps
L	1681	250	*	*	*	*	*	SH092164.07FU_JF449498_reps	*
H	1681	199	80.4	+	0	0	8D13MD15M9I12M5I39M2D19MI23MI6MI61M45I	SH113335.07FU_AY789285_reps	SH092164.07FU_JF449498_reps
L	1811	250	*	*	*	*	*	SH093355.07FU_FJ596861_reps	*
H	1811	203	81.8	+	0	0	6I44M2I13MD42M27I49M4D50M17I	SH113585.07FU_AY945303_refs	SH093355.07FU_FJ596861_reps
L	3859	180	*	*	*	*	*	SH116503.07FU_EF535661_reps	*
H	3859	189	92.2	+	0	0	8D23M2I29MI32MD37M2D15MD41M	SH114268.07FU_KF251229_reps	SH116503.07FU_EF535661_reps
L	3621	250	*	*	*	*	*	SH114389.07FU_FN428944_reps	*
H	3621	145	87.6	+	0	0	5I41MI21MI15M8I39MI29M89I	SH114398.07FU_JN790616_refs	SH114389.07FU_FN428944_reps
H	3621	250	94.0	+	0	0	27MD65M2D155M3I	SH114396.07FU_EF504358_reps	SH114389.07FU_FN428944_reps
L	6128	250	*	*	*	*	*	SH548580.07FU_KF257984_reps	*
H	6128	250	96.8	+	0	0	250M	SH118055.07FU_FR799280_reps	SH548580.07FU_KF257984_reps
L	3662	250	*	*	*	*	*	SH118124.07FU_AF451792_reps	*
H	3662	250	99.2	+	0	0	250M	SH118060.07FU_AF451789_reps	SH118124.07FU_AF451792_reps
L	6759	250	*	*	*	*	*	SH115409.07FU_EU401763_reps	*
H	6759	250	91.2	+	0	0	123MD75M4I48M3D	SH118128.07FU_GU994558_reps	SH115409.07FU_EU401763_reps
L	3591	250	*	*	*	*	*	SH113633.07FU_JQ761296_reps	*
H	3591	250	83.2	+	0	0	5M2D39M5D199M7I	SH114716.07FU_JN859325_reps	SH113633.07FU_JQ761296_reps
N	*	184	*	*	*	*	*	SH114813.07FU_AJ313138_refs	*
L	3455	136	*	*	*	*	*	SH112516.07FU_JF832628_reps	*
H	3455	135	81.5	+	0	0	24M2D57M2I22MI30M	SH114876.07FU_EF619702_reps	SH112516.07FU_JF832628_reps
L	5000	250	*	*	*	*	*	SH132398.07FU_UDB004047_reps	*
H	5000	183	85.8	+	0	0	6D131M4I22M6I24M63I	SH118366.07FU_DQ328177_reps	SH132398.07FU_UDB004047_reps
N	*	212	*	*	*	*	*	SH115054.07FU_KF020558_reps	*
N	*	153	*	*	*	*	*	SH115077.07FU_DQ420927_reps	*
L	4312	250	*	*	*	*	*	SH121810.07FU_AJ247568_reps	*
H	4312	250	84.8	+	0	0	2I7M2D13MD135MI34MI57MD	SH115099.07FU_AJ247560_reps	SH121810.07FU_AJ247568_reps
L	3664	250	*	*	*	*	*	SH118129.07FU_AF072224_reps	*
H	3664	223	84.8	+	0	0	26MI90M8I34MD28M2D42M21I	SH115399.07FU_DQ001302_reps	SH118129.07FU_AF072224_reps
L	3756	250	*	*	*	*	*	SH115465.07FU_AY364836_refs	*
H	3756	250	88.8	+	0	0	55MD11M2I20MI64M2D97M	SH115471.07FU_AB263119_reps	SH115465.07FU_AY364836_refs
L	3866	185	*	*	*	*	*	SH116540.07FU_KF251433_reps	*
H	3866	181	90.6	+	0	0	4I181M	SH115531.07FU_DQ303085_reps	SH116540.07FU_KF251433_reps
L	2638	112	*	*	*	*	*	SH104955.07FU_DQ411526_refs	*
H	2638	112	100.0	+	0	0	112M	SH115640.07FU_JQ794486_refs	SH104955.07FU_DQ411526_refs
L	3788	237	*	*	*	*	*	SH115766.07FU_JN641783_reps	*
H	3788	239	87.3	+	0	0	32MI18MI76MD46M2D29MD34M	SH115730.07FU_AF098405_reps	SH115766.07FU_JN641783_reps
L	6765	223	*	*	*	*	*	SH116028.07FU_AF027764_reps	*
H	6765	250	89.7	+	0	0	6D23M5I195M26D	SH116006.07FU_EF419968_reps	SH116028.07FU_AF027764_reps
L	2716	250	*	*	*	*	*	SH103324.07FU_FN665415_reps	*
H	2716	250	86.8	+	0	0	31MD87M2I22MI17M4I18MI67M7D	SH116016.07FU_GQ153117_reps	SH103324.07FU_FN665415_reps
N	*	250	*	*	*	*	*	SH118495.07FU_EF137934_refs	*
N	*	194	*	*	*	*	*	SH118636.07FU_UDB016274_refs	*
L	7090	233	*	*	*	*	*	SH118871.07FU_EU367444_refs	*
H	7090	202	83.2	+	0	0	43MI27M10I17M14I36M4I10MI36MI33M	SH116071.07FU_EU367446_refs	SH118871.07FU_EU367444_refs
N	*	250	*	*	*	*	*	SH116192.07FU_AF145322_refs	*
H	3663	212	81.1	+	0	0	21I47MD86MD46MD30M	SH116432.07FU_DQ980019_reps	SH118126.07FU_AF451786_reps
L	32	181	*	*	*	*	*	SH076782.07FU_EF600956_reps	*
H	32	181	96.1	+	0	0	181M	SH116520.07FU_EF535676_reps	SH076782.07FU_EF600956_reps
L	3860	185	*	*	*	*	*	SH116534.07FU_KF251407_reps	*
H	3860	188	94.1	+	0	0	92M2D61MD32M	SH116530.07FU_KF251286_reps	SH116534.07FU_KF251407_reps
L	3876	181	*	*	*	*	*	SH116575.07FU_EF535686_reps	*
H	3876	188	91.2	+	0	0	5D21M2D160M	SH116527.07FU_HQ231216_reps	SH116575.07FU_EF535686_reps
L	2346	250	*	*	*	*	*	SH099200.07FU_EU118656_reps	*
H	2346	250	80.8	+	0	0	24MD22M3D29MD41M3I20MI24MI25M2I58M2D	SH123805.07FU_EU118665_refs	SH099200.07FU_EU118656_reps
N	*	250	*	*	*	*	*	SH117071.07FU_UDB015413_refs	*
L	3946	250	*	*	*	*	*	SH117423.07FU_AY607022_reps	*
H	3946	114	98.2	+	0	0	11MD72MD29M138I	SH117099.07FU_FM180054_reps	SH117423.07FU_AY607022_reps
L	3936	104	*	*	*	*	*	SH117309.07FU_EU254999_reps	*
H	3936	130	90.4	+	0	0	27D62MI41M	SH117270.07FU_EU199187_reps	SH117309.07FU_EU254999_reps
N	*	203	*	*	*	*	*	SH117553.07FU_KF432943_reps	*
L	2561	241	*	*	*	*	*	SH102215.07FU_HM209239_reps	*
H	2561	141	81.6	+	0	0	98I86M2I55M	SH117626.07FU_EU558655_reps	SH102215.07FU_HM209239_reps
L	3392	250	*	*	*	*	*	SH111726.07FU_KF819518_reps	*
H	3392	214	85.0	+	0	0	4I86MD57MD33MD35M35I	SH117718.07FU_GU181261_reps	SH111726.07FU_KF819518_reps
L	2082	196	*	*	*	*	*	SH096271.07FU_AY821840_refs	*
H	2082	196	90.8	+	0	0	133MI19MD43M	SH118850.07FU_KJ706263_reps	SH096271.07FU_AY821840_refs
L	4002	116	*	*	*	*	*	SH118957.07FU_JX272968_refs	*
H	4002	158	91.4	+	0	0	36M3I26MD24M44D27M	SH118965.07FU_GU366670_reps	SH118957.07FU_JX272968_refs
L	2486	250	*	*	*	*	*	SH101480.07FU_EF029193_reps	*
H	2486	198	81.3	+	0	0	2D22M2I15M2D11MD29MD39MD12MD62M58I	SH119068.07FU_GQ924018_reps	SH101480.07FU_EF029193_reps
N	*	250	*	*	*	*	*	SH119083.07FU_DQ280265_reps	*
L	2738	222	*	*	*	*	*	SH103500.07FU_AJ302440_reps	*
H	2738	185	90.3	+	0	0	101MI25MI59M35I	SH124155.07FU_HQ692539_reps	SH103500.07FU_AJ302440_reps
L	1417	250	*	*	*	*	*	SH089774.07FU_KF747247_reps	*
H	1417	112	81.2	+	0	0	26I48M2I20MD43M111I	SH119223.07FU_EF568081_refs	SH089774.07FU_KF747247_reps
N	*	250	*	*	*	*	*	SH119314.07FU_HM488755_refs	*
N	*	134	*	*	*	*	*	SH119381.07FU_AY313295_refs	*
N	*	250	*	*	*	*	*	SH124400.07FU_KJ162268_reps	*
N	*	250	*	*	*	*	*	SH120542.07FU_EF421106_reps	*
L	7096	250	*	*	*	*	*	SH120708.07FU_GQ390282_refs	*
H	7096	250	98.0	+	0	0	70MD179MI	SH120706.07FU_GQ390288_reps	SH120708.07FU_GQ390282_refs
N	*	250	*	*	*	*	*	SH124697.07FU_AB819619_reps	*
L	4271	127	*	*	*	*	*	SH121280.07FU_KC618700_reps	*
H	4271	99	81.8	+	0	0	28I14M2I11M3D15MI56M	SH121277.07FU_KF704255_reps	SH121280.07FU_KC618700_reps
L	4177	229	*	*	*	*	*	SH120283.07FU_AJ247551_reps	*
H	4177	83	89.2	+	0	0	10I83M136I	SH124836.07FU_KF024735_reps	SH120283.07FU_AJ247551_reps
N	*	103	*	*	*	*	*	SH121464.07FU_HE599388_reps	*
N	*	240	*	*	*	*	*	SH121783.07FU_FJ839628_refs	*
L	3734	250	*	*	*	*	*	SH115213.07FU_AY425632_reps	*
H	3734	250	82.4	+	0	0	64MI20MD82MI18MD64M	SH121811.07FU_HQ650645_reps	SH115213.07FU_AY425632_reps
N	*	187	*	*	*	*	*	SH121933.07FU_AB570313_reps	*
L	4141	225	*	*	*	*	*	SH119980.07FU_KF436104_reps	*
H	4141	188	93.1	+	0	0	37I188M	SH122106.07FU_JQ758955_reps	SH119980.07FU_KF436104_reps
L	4340	242	*	*	*	*	*	SH122163.07FU_HQ699627_reps	*
H	4340	250	94.2	+	0	0	175MI8M2I56M11D	SH122147.07FU_KC179142_refs	SH122163.07FU_HQ699627_reps
N	*	250	*	*	*	*	*	SH122344.07FU_JQ318971_reps	*
N	*	159	*	*	*	*	*	SH122373.07FU_JX961613_reps	*
L	4375	174	*	*	*	*	*	SH122652.07FU_FJ919663_refs	*
H	4375	202	93.7	+	0	0	9D28MD50M18D96M	SH122671.07FU_EU520165_reps	SH122652.07FU_FJ919663_refs
N	*	196	*	*	*	*	*	SH122954.07FU_DQ195778_reps	*
H	3321	217	88.5	+	0	0	16M2D20MI31MD72MI15MI60M	SH123224.07FU_AY624186_refs	SH113924.07FU_FR799443_reps
N	*	197	*	*	*	*	*	SH123415.07FU_AF117355_reps	*
L	1176	250	*	*	*	*	*	SH087796.07FU_EF057431_reps	*
H	1176	250	80.8	+	0	0	D10M4D198M5I37M	SH123487.07FU_AY969385_reps	SH087796.07FU_EF057431_reps
N	*	179	*	*	*	*	*	SH123519.07FU_DQ137886_refs	*
N	*	163	*	*	*	*	*	SH123566.07FU_AB714546_reps	*
L	1758	250	*	*	*	*	*	SH092903.07FU_FJ664824_reps	*
H	1758	250	80.8	+	0	0	35M2D76MD66M2D68M5I	SH123621.07FU_JN638252_refs	SH092903.07FU_FJ664824_reps
L	2632	214	*	*	*	*	*	SH102910.07FU_DQ093196_refs	*
H	2632	222	86.9	+	0	0	4D20M3D87M2D67MI39M	SH124872.07FU_FJ888459_refs	SH102910.07FU_DQ093196_refs
N	*	250	*	*	*	*	*	SH125302.07FU_AY621767_reps	*
L	370	250	*	*	*	*	*	SH079770.07FU_UDB015177_reps	*
H	370	250	82.0	+	0	0	7I43M2D19MI44M2I39M4I22MI47MD21M12D	SH131023.07FU_EU668916_reps	SH079770.07FU_UDB015177_reps
L	3195	250	*	*	*	*	*	SH109186.07FU_AF309604_refs	*
H	3195	196	88.3	+	0	0	20MD10M3D11MD15M2I38MD25MD42MI28M58I	SH125369.07FU_FJ415477_refs	SH109186.07FU_AF309604_refs
L	6724	203	*	*	*	*	*	SH111336.07FU_JN033381_reps	*
H	6724	197	81.2	+	0	0	4I9M3I126MD61M	SH125510.07FU_AB089664_reps	SH111336.07FU_JN033381_reps
N	*	250	*	*	*	*	*	SH125639.07FU_AY627798_reps	*
N	*	250	*	*	*	*	*	SH125638.07FU_AY650244_reps	*
N	*	101	*	*	*	*	*	SH125703.07FU_KF477228_reps	*
L	1180	250	*	*	*	*	*	SH087847.07FU_KJ508330_reps	*
H	1180	250	91.6	+	0	0	D31MI18MD199MI	SH125712.07FU_JQ761310_reps	SH087847.07FU_KJ508330_reps
L	4094	175	*	*	*	*	*	SH119854.07FU_AB127949_reps	*
H	4094	250	89.1	+	0	0	162M4D13M71D	SH125813.07FU_HQ022170_reps	SH119854.07FU_AB127949_reps
L	6958	250	*	*	*	*	*	SH136478.07FU_UDB026084_reps	*
H	6958	250	85.2	+	0	0	3D89MD70M4D33MD27M2I22M7I	SH127151.07FU_UDB016202_refs	SH136478.07FU_UDB026084_reps
N	*	250	*	*	*	*	*	SH127483.07FU_JX254654_refs	*
L	2944	250	*	*	*	*	*	SH105941.07FU_JN943914_reps	*
H	2944	117	81.2	+	0	0	6I76MI5MI36M125I	SH127730.07FU_UDB014125_refs	SH105941.07FU_JN943914_reps
N	*	250	*	*	*	*	*	SH128771.07FU_EU517507_reps	*
N	*	250	*	*	*	*	*	SH128906.07FU_EU327191_reps	*
N	*	250	*	*	*	*	*	SH128987.07FU_DQ491503_reps	*
N	*	126	*	*	*	*	*	SH129088.07FU_AY906946_reps	*
H	3330	218	81.2	+	0	0	13MI31MI20MD33M3D13M3D101M6I	SH129154.07FU_EU670221_reps	SH110876.07FU_JN211109_reps
N	*	212	*	*	*	*	*	SH129471.07FU_JX996122_reps	*
L	4866	135	*	*	*	*	*	SH129527.07FU_JF832620_reps	*
H	4866	138	93.3	+	0	0	74M3D61M	SH129525.07FU_JF832605_refs	SH129527.07FU_JF832620_reps
L	4975	196	*	*	*	*	*	SH131985.07FU_AY189739_reps	*
H	4975	201	80.1	+	0	0	55MD32M3I47M7D59M	SH129532.07FU_AB855781_reps	SH131985.07FU_AY189739_reps
N	*	205	*	*	*	*	*	SH129724.07FU_AM711503_reps	*
N	*	250	*	*	*	*	*	SH129762.07FU_HM488760_refs	*
L	6009	161	*	*	*	*	*	SH544376.07FU_KR781016_reps	*
H	6009	250	81.4	+	0	0	97M6I23MI22MD12M95D	SH131436.07FU_JQ246339_refs	SH544376.07FU_KR781016_reps
L	2180	235	*	*	*	*	*	SH097371.07FU_AB425974_refs	*
H	2180	233	99.1	+	0	0	161MI57MI15M	SH131819.07FU_KJ752757_reps	SH097371.07FU_AB425974_refs
N	*	124	*	*	*	*	*	SH131873.07FU_HQ434389_reps	*
L	6925	250	*	*	*	*	*	SH134576.07FU_EU715651_reps	*
H	6925	250	91.2	+	0	0	28M2I220M2D	SH132386.07FU_HG934110_reps	SH134576.07FU_EU715651_reps
L	3793	196	*	*	*	*	*	SH115980.07FU_UDB015517_refs	*
H	3793	250	82.1	+	0	0	3I23MI45M2I46MD27M3D49M56D	SH133271.07FU_EU517512_refs	SH115980.07FU_UDB015517_refs
N	*	250	*	*	*	*	*	SH133905.07FU_EF441996_reps	*
N	*	99	*	*	*	*	*	SH133968.07FU_UDB011742_refs	*
N	*	250	*	*	*	*	*	SH134034.07FU_FM957565_refs	*
H	3591	189	88.9	+	0	0	71I179M10D	SH134101.07FU_KF646816_reps	SH113633.07FU_JQ761296_reps
N	*	98	*	*	*	*	*	SH134121.07FU_KF036027_reps	*
L	5258	216	*	*	*	*	*	SH134563.07FU_AY753348_refs	*
H	5258	250	95.8	+	0	0	6D216M28D	SH134564.07FU_FJ430751_reps	SH134563.07FU_AY753348_refs
N	*	169	*	*	*	*	*	SH134973.07FU_DQ822806_reps	*
N	*	250	*	*	*	*	*	SH135106.07FU_JN205845_reps	*
N	*	250	*	*	*	*	*	SH135185.07FU_UDB015567_refs	*
L	404	224	*	*	*	*	*	SH080036.07FU_EF175546_reps	*
H	404	225	98.7	+	0	0	196MD28M	SH136342.07FU_GU910546_reps	SH080036.07FU_EF175546_reps
N	*	250	*	*	*	*	*	SH136363.07FU_AY046204_refs	*
L	1123	250	*	*	*	*	*	SH086952.07FU_JF907784_refs	*
H	1123	241	80.1	+	0	0	27M7I19MI25MI21MI23M4I84MI12MI23M7D	SH136384.07FU_UDB000433_refs	SH086952.07FU_JF907784_refs
N	*	161	*	*	*	*	*	SH136471.07FU_UDB016461_refs	*
N	*	193	*	*	*	*	*	SH136520.07FU_KF704277_reps	*
N	*	165	*	*	*	*	*	SH536284.07FU_KM024611_reps	*
L	3048	250	*	*	*	*	*	SH129933.07FU_EF601044_refs	*
H	3048	145	82.8	+	0	0	28MD35M16I19M2D60M92I	SH536297.07FU_KT792876_reps	SH129933.07FU_EF601044_refs
N	*	250	*	*	*	*	*	SH536333.07FU_KM409627_reps	*
N	*	151	*	*	*	*	*	SH536340.07FU_KT186481_reps	*
H	2486	186	83.9	+	0	0	25M3I28MI24M2I6MI34MD8MD19MI40M58I	SH536394.07FU_AB934084_reps	SH101480.07FU_EF029193_reps
N	*	168	*	*	*	*	*	SH536427.07FU_KP242221_reps	*
N	*	250	*	*	*	*	*	SH536711.07FU_KM217351_reps	*
N	*	250	*	*	*	*	*	SH536796.07FU_AB989017_reps	*
N	*	208	*	*	*	*	*	SH537296.07FU_KP026241_reps	*
H	3516	250	87.6	+	0	0	28M2D85M2D28M3D102M7I	SH537498.07FU_JX386455_reps	SH112774.07FU_AB524816_reps
N	*	250	*	*	*	*	*	SH537641.07FU_KP687863_reps	*
L	5799	188	*	*	*	*	*	SH539363.07FU_KM186811_reps	*
H	5799	191	91.0	+	0	0	2D27MD69MI20MD71M	SH537770.07FU_KP903330_reps	SH539363.07FU_KM186811_reps
N	*	83	*	*	*	*	*	SH537973.07FU_KR017057_reps	*
L	6534	250	*	*	*	*	*	SH089950.07FU_JN164979_reps	*
H	6534	227	88.1	+	0	0	8I98MD18M3D16M4D12MD10MI64M23I	SH538028.07FU_KT156703_reps	SH089950.07FU_JN164979_reps
H	1758	209	88.0	+	0	0	8I18MD114MI34MD41M34I	SH538225.07FU_KT983416_reps	SH092903.07FU_FJ664824_reps
L	6145	250	*	*	*	*	*	SH549479.07FU_KJ462321_reps	*
H	6145	250	83.2	+	0	0	8MI11MI4MI26M2I44MD60MD33MD59M2D	SH538397.07FU_KJ462272_reps	SH549479.07FU_KJ462321_reps
L	4578	250	*	*	*	*	*	SH126620.07FU_FR750036_reps	*
H	4578	250	86.8	+	0	0	37M2I27MD9M8D22MD13MI132M7I	SH538790.07FU_HG977198_reps	SH126620.07FU_FR750036_reps
L	5869	188	*	*	*	*	*	SH540776.07FU_KP881712_reps	*
H	5869	212	85.1	+	0	0	15M3I51M2D34M8D16MD15M5D17M11D37M	SH538842.07FU_KP881704_reps	SH540776.07FU_KP881712_reps
L	3519	184	*	*	*	*	*	SH112783.07FU_JQ683772_reps	*
H	3519	212	83.2	+	0	0	4D22M3D9MI61M24D34MI17MI38M	SH538901.07FU_KT377038_reps	SH112783.07FU_JQ683772_reps
L	1276	250	*	*	*	*	*	SH088361.07FU_EU489981_reps	*
H	1276	250	82.8	+	0	0	97M4I31MI28MI24M2I62M8D	SH539137.07FU_KF499362_reps	SH088361.07FU_EU489981_reps
N	*	250	*	*	*	*	*	SH539175.07FU_UDB027383_reps	*
N	*	250	*	*	*	*	*	SH539473.07FU_KP012986_reps	*
N	*	250	*	*	*	*	*	SH539569.07FU_LC053662_reps	*
L	3815	250	*	*	*	*	*	SH118546.07FU_UDB018394_reps	*
H	3815	250	80.0	+	0	0	D113MI40MD18M2D38M14D23M17I	SH540010.07FU_KJ639057_reps	SH118546.07FU_UDB018394_reps
H	2738	225	85.6	+	0	0	9D33MD86M8I39MD56M	SH540448.07FU_KJ888853_reps	SH103500.07FU_AJ302440_reps
N	*	250	*	*	*	*	*	SH540843.07FU_KR612234_reps	*
N	*	250	*	*	*	*	*	SH541037.07FU_KJ417267_reps	*
N	*	153	*	*	*	*	*	SH541196.07FU_UDB025629_reps	*
L	1430	236	*	*	*	*	*	SH090032.07FU_JX623898_refs	*
H	1430	142	83.1	+	0	0	20MD89M4I32M91I	SH541424.07FU_KC570331_reps	SH090032.07FU_JX623898_refs
H	5774	202	84.9	+	0	0	3I42MD21MI12M34D56MI36M	SH542064.07FU_KR605486_reps	SH539163.07FU_KP456017_reps
L	6022	225	*	*	*	*	*	SH544565.07FU_AB809633_reps	*
H	6022	207	82.6	+	0	0	41M17I47M2D40MD33M4I43M	SH542072.07FU_LC014600_reps	SH544565.07FU_AB809633_reps
L	5686	250	*	*	*	*	*	SH537763.07FU_LN810791_reps	*
H	5686	250	91.2	+	0	0	89MD46MI48MD65MI	SH542497.07FU_LN810857_reps	SH537763.07FU_LN810791_reps
N	*	124	*	*	*	*	*	SH542548.07FU_KP638737_reps	*
L	20	250	*	*	*	*	*	SH076669.07FU_JN890364_reps	*
H	20	250	86.0	+	0	0	152M5D15M2D26MD49M8I	SH542613.07FU_KR673459_reps	SH076669.07FU_JN890364_reps
L	1150	233	*	*	*	*	*	SH087270.07FU_KF385324_reps	*
H	1150	225	93.8	+	0	0	8I87MD101MI36M	SH544157.07FU_KT383834_reps	SH087270.07FU_KF385324_reps
N	*	195	*	*	*	*	*	SH544591.07FU_KT695373_reps	*
N	*	250	*	*	*	*	*	SH545382.07FU_KR081249_reps	*
N	*	250	*	*	*	*	*	SH545876.07FU_KT201645_reps	*
N	*	89	*	*	*	*	*	SH546027.07FU_KM492887_refs	*
H	3946	114	98.2	+	0	0	114M136I	SH547446.07FU_KP637164_reps	SH117423.07FU_AY607022_reps
N	*	250	*	*	*	*	*	SH128379.07FU_GU590875_refs	*
L	1672	250	*	*	*	*	*	SH092050.07FU_KJ140555_refs	*
H	1672	131	81.7	+	0	0	39M2I10M6I17MD37M8I12M4I15M100I	SH549489.07FU_KM521269_reps	SH092050.07FU_KJ140555_refs
L	4649	204	*	*	*	*	*	SH127064.07FU_HM992500_reps	*
H	4649	186	86.0	+	0	0	4D18M2I14MI21M2I20M11I10M3I8MI12MI42MI37M	SH549491.07FU_AB934072_reps	SH127064.07FU_HM992500_reps
N	*	250	*	*	*	*	*	SH549539.07FU_JX876863_reps	*
N	*	250	*	*	*	*	*	SH549639.07FU_KP942882_reps	*
N	*	250	*	*	*	*	*	SH551307.07FU_UDB025254_reps	*
N	*	216	*	*	*	*	*	SH551666.07FU_KM657274_reps	*
N	*	250	*	*	*	*	*	SH551680.07FU_UDB028279_reps	*
L	7008	250	*	*	*	*	*	SH077690.07FU_KC992946_refs	*
H	7008	250	83.6	+	0	0	80M2D49M4D21M8D50MD35M15I	SH129326.07FU_DQ389694_refs	SH077690.07FU_KC992946_refs
L	5689	198	*	*	*	*	*	SH537787.07FU_KT695372_reps	*
H	5689	195	87.7	+	0	0	2I46MI28MI52MD68M	SH130685.07FU_KC412005_refs	SH537787.07FU_KT695372_reps
N	*	250	*	*	*	*	*	SH133935.07FU_HE649956_refs	*
N	*	232	*	*	*	*	*	SH134446.07FU_UDB011219_refs	*
L	6105	230	*	*	*	*	*	SH547091.07FU_LM652432_reps	*
H	6105	139	90.6	+	0	0	80I7M10I17M2I78MD36M	SH548719.07FU_LM652410_refs	SH547091.07FU_LM652432_reps
N	*	167	*	*	*	*	*	SH118527.07FU_KC594286_refs	*
N	*	192	*	*	*	*	*	SH076981.07FU_JN128869_reps	*
N	*	250	*	*	*	*	*	SH082292.07FU_DQ494696_reps	*
H	3701	174	93.7	+	0	0	174M76I	SH091736.07FU_KF668326_reps	SH114959.07FU_HE814066_reps
L	6528	114	*	*	*	*	*	SH089491.07FU_UDB018397_reps	*
H	6528	112	100.0	+	0	0	112M2I	SH093475.07FU_AY781254_reps	SH089491.07FU_UDB018397_reps
N	*	165	*	*	*	*	*	SH099922.07FU_KC222129_reps	*
L	2787	250	*	*	*	*	*	SH103894.07FU_UDB004123_reps	*
H	2787	250	85.2	+	0	0	2I25MD27MD28M11I55MD18M2D84M8D	SH113520.07FU_GQ411300_reps	SH103894.07FU_UDB004123_reps
H	3640	250	91.6	+	0	0	126MI123MD	SH118300.07FU_DQ394386_reps	SH118065.07FU_FJ914786_reps
L	4024	184	*	*	*	*	*	SH119107.07FU_KF220648_reps	*
H	4024	180	97.8	+	0	0	144M2I10M2I26M	SH119115.07FU_KF582611_reps	SH119107.07FU_KF220648_reps
N	*	124	*	*	*	*	*	SH122913.07FU_KC618739_reps	*
L	4837	211	*	*	*	*	*	SH129219.07FU_KF264624_reps	*
H	4837	223	84.4	+	0	0	5D45MD66M2D10M3D16M2D14MI59M	SH129223.07FU_HQ234607_reps	SH129219.07FU_KF264624_reps
N	*	250	*	*	*	*	*	SH455924.07FU_AB712476_reps	*
N	*	243	*	*	*	*	*	SH471443.07FU_AY046166_refs	*
L	1224	112	*	*	*	*	*	SH088004.07FU_AF321472_reps	*
H	1224	112	100.0	+	0	0	112M	SH087861.07FU_JX870651_refs	SH088004.07FU_AF321472_reps
N	*	217	*	*	*	*	*	SH111827.07FU_HQ696660_refs	*
D	0	2	*	*	*	*	90.1	SH076387.07FU_KC871049_reps	*
D	20	2	*	*	*	*	86.0	SH076669.07FU_JN890364_reps	*
D	29	2	*	*	*	*	88.4	SH076750.07FU_JF439096_reps	*
D	32	2	*	*	*	*	96.1	SH076782.07FU_EF600956_reps	*
D	145	2	*	*	*	*	95.2	SH077561.07FU_JQ279529_refs	*
D	175	2	*	*	*	*	92.1	SH077641.07FU_JF706327_reps	*
D	192	2	*	*	*	*	87.2	SH077760.07FU_AB586997_refs	*
D	209	2	*	*	*	*	92.2	SH077928.07FU_KF227895_reps	*
D	213	2	*	*	*	*	89.6	SH077937.07FU_KP192562_reps	*
D	219	2	*	*	*	*	82.8	SH078002.07FU_AF079742_reps	*
D	253	2	*	*	*	*	93.0	SH078549.07FU_KF668313_reps	*
D	258	2	*	*	*	*	90.6	SH078685.07FU_JN943192_reps	*
D	341	2	*	*	*	*	92.4	SH079633.07FU_AF482853_refs	*
D	344	2	*	*	*	*	90.0	SH079638.07FU_KC920645_reps	*
D	370	2	*	*	*	*	82.0	SH079770.07FU_UDB015177_reps	*
D	404	2	*	*	*	*	98.7	SH080036.07FU_EF175546_reps	*
D	427	2	*	*	*	*	100.0	SH080295.07FU_Z80888_reps	*
D	431	2	*	*	*	*	100.0	SH080321.07FU_KJ663836_refs	*
D	445	2	*	*	*	*	97.2	SH083615.07FU_AF139956_reps	*
D	656	2	*	*	*	*	83.6	SH082030.07FU_AF501562_reps	*
D	659	2	*	*	*	*	98.2	SH082045.07FU_KC867343_reps	*
D	666	3	*	*	*	*	82.8	SH082168.07FU_JQ700281_refs	*
D	673	2	*	*	*	*	85.2	SH082207.07FU_UDB015516_reps	*
D	699	2	*	*	*	*	81.4	SH082416.07FU_DQ408771_reps	*
D	867	2	*	*	*	*	90.0	SH084391.07FU_JN942966_reps	*
D	878	2	*	*	*	*	96.8	SH084497.07FU_HE962444_reps	*
D	902	2	*	*	*	*	88.8	SH084746.07FU_AB196222_reps	*
D	974	2	*	*	*	*	90.6	SH085483.07FU_FJ480136_reps	*
D	983	2	*	*	*	*	87.6	SH085614.07FU_HM123082_reps	*
D	1001	2	*	*	*	*	89.6	SH086228.07FU_JQ693548_reps	*
D	1042	2	*	*	*	*	94.4	SH086526.07FU_EF585540_refs	*
D	1057	2	*	*	*	*	90.0	SH086607.07FU_GU092950_refs	*
D	1106	2	*	*	*	*	81.9	SH089937.07FU_JQ806418_reps	*
D	1117	2	*	*	*	*	91.3	SH086883.07FU_AF210682_refs	*
D	1123	2	*	*	*	*	80.1	SH086952.07FU_JF907784_refs	*
D	1126	2	*	*	*	*	80.8	SH086958.07FU_FJ480442_reps	*
D	1150	2	*	*	*	*	93.8	SH087270.07FU_KF385324_reps	*
D	1159	2	*	*	*	*	83.2	SH087571.07FU_L54114_reps	*
D	1172	3	*	*	*	*	85.7	SH087754.07FU_HM005161_refs	*
D	1176	2	*	*	*	*	80.8	SH087796.07FU_EF057431_reps	*
D	1180	2	*	*	*	*	91.6	SH087847.07FU_KJ508330_reps	*
D	1224	2	*	*	*	*	100.0	SH088004.07FU_AF321472_reps	*
D	1276	2	*	*	*	*	82.8	SH088361.07FU_EU489981_reps	*
D	1344	2	*	*	*	*	95.9	SH089128.07FU_GQ411266_refs	*
D	1346	2	*	*	*	*	96.9	SH089131.07FU_KC834056_refs	*
D	1401	2	*	*	*	*	86.8	SH089668.07FU_UDB005357_reps	*
D	1409	2	*	*	*	*	80.8	SH089734.07FU_KF747249_reps	*
D	1413	2	*	*	*	*	92.2	SH089755.07FU_Z54112_reps	*
D	1417	2	*	*	*	*	81.2	SH089774.07FU_KF747247_reps	*
D	1422	2	*	*	*	*	95.1	SH091892.07FU_KF734672_reps	*
D	1430	2	*	*	*	*	83.1	SH090032.07FU_JX623898_refs	*
D	1453	2	*	*	*	*	87.8	SH090336.07FU_KJ780585_reps	*
D	1455	2	*	*	*	*	95.2	SH090423.07FU_AF230751_refs	*
D	1474	2	*	*	*	*	94.1	SH090838.07FU_EF635906_refs	*
D	1480	2	*	*	*	*	92.4	SH090862.07FU_JN205898_refs	*
D	1532	2	*	*	*	*	90.7	SH091250.07FU_KC430743_reps	*
D	1672	2	*	*	*	*	81.7	SH092050.07FU_KJ140555_refs	*
D	1673	2	*	*	*	*	89.6	SH092052.07FU_JX559259_reps	*
D	1678	3	*	*	*	*	86.8	SH092169.07FU_GQ411306_refs	*
D	1681	2	*	*	*	*	80.4	SH092164.07FU_JF449498_reps	*
D	1699	2	*	*	*	*	98.6	SH092383.07FU_AB472195_reps	*
D	1717	2	*	*	*	*	80.4	SH092616.07FU_KC968933_refs	*
D	1740	2	*	*	*	*	81.7	SH092703.07FU_JN643731_reps	*
D	1747	2	*	*	*	*	82.7	SH092717.07FU_HM053440_reps	*
D	1758	3	*	*	*	*	84.4	SH092903.07FU_FJ664824_reps	*
D	1799	2	*	*	*	*	90.1	SH093173.07FU_EF175941_reps	*
D	1806	2	*	*	*	*	80.3	SH093342.07FU_JX124705_reps	*
D	1811	2	*	*	*	*	81.8	SH093355.07FU_FJ596861_reps	*
D	1841	2	*	*	*	*	84.4	SH093666.07FU_UDB016317_refs	*
D	1869	2	*	*	*	*	82.7	SH093828.07FU_KJ146724_reps	*
D	1883	2	*	*	*	*	80.1	SH093938.07FU_EU707865_refs	*
D	1931	2	*	*	*	*	83.6	SH094756.07FU_JN710603_reps	*
D	1937	2	*	*	*	*	89.1	SH094918.07FU_FR837930_reps	*
D	1969	2	*	*	*	*	86.4	SH095188.07FU_KC595955_reps	*
D	2022	2	*	*	*	*	90.5	SH095454.07FU_UDB016783_reps	*
D	2042	2	*	*	*	*	85.2	SH095917.07FU_AJ000615_refs	*
D	2062	2	*	*	*	*	85.5	SH096090.07FU_HQ630277_refs	*
D	2077	2	*	*	*	*	92.0	SH096261.07FU_JN942657_refs	*
D	2079	2	*	*	*	*	92.7	SH096270.07FU_FM178306_refs	*
D	2082	2	*	*	*	*	90.8	SH096271.07FU_AY821840_refs	*
D	2164	3	*	*	*	*	85.6	SH099517.07FU_GQ922535_reps	*
D	2180	2	*	*	*	*	99.1	SH097371.07FU_AB425974_refs	*
D	2181	2	*	*	*	*	86.4	SH097372.07FU_AY572018_reps	*
D	2187	2	*	*	*	*	82.4	SH097413.07FU_JN887638_reps	*
D	2238	2	*	*	*	*	85.1	SH097871.07FU_GQ154540_refs	*
D	2253	2	*	*	*	*	96.5	SH098140.07FU_EF535217_reps	*
D	2313	2	*	*	*	*	86.2	SH098807.07FU_M96663_reps	*
D	2346	2	*	*	*	*	80.8	SH099200.07FU_EU118656_reps	*
D	2414	2	*	*	*	*	90.0	SH100260.07FU_EU543194_reps	*
D	2416	2	*	*	*	*	87.7	SH100265.07FU_JN102404_reps	*
D	2428	2	*	*	*	*	95.4	SH100534.07FU_AF176265_refs	*
D	2470	2	*	*	*	*	93.2	SH101044.07FU_FN435792_reps	*
D	2472	3	*	*	*	*	90.2	SH101059.07FU_EU035420_reps	*
D	2483	2	*	*	*	*	81.0	SH101323.07FU_EU039982_refs	*
D	2486	3	*	*	*	*	82.6	SH101480.07FU_EF029193_reps	*
D	2524	2	*	*	*	*	80.2	SH101783.07FU_UDB019548_reps	*
D	2561	2	*	*	*	*	81.6	SH102215.07FU_HM209239_reps	*
D	2569	2	*	*	*	*	96.8	SH102259.07FU_AF054854_refs	*
D	2576	2	*	*	*	*	92.4	SH102328.07FU_JN418792_reps	*
D	2596	2	*	*	*	*	88.6	SH102380.07FU_GQ352489_reps	*
D	2614	2	*	*	*	*	92.7	SH102682.07FU_JX536279_reps	*
D	2623	2	*	*	*	*	92.0	SH102856.07FU_KF617815_reps	*
D	2632	2	*	*	*	*	86.9	SH102910.07FU_DQ093196_refs	*
D	2638	2	*	*	*	*	100.0	SH104955.07FU_DQ411526_refs	*
D	2683	2	*	*	*	*	97.7	SH103155.07FU_GU227806_refs	*
D	2694	2	*	*	*	*	97.2	SH105258.07FU_EU784356_reps	*
D	2716	2	*	*	*	*	86.8	SH103324.07FU_FN665415_reps	*
D	2738	3	*	*	*	*	87.9	SH103500.07FU_AJ302440_reps	*
D	2739	2	*	*	*	*	82.4	SH103501.07FU_AJ302423_reps	*
D	2787	2	*	*	*	*	85.2	SH103894.07FU_UDB004123_reps	*
D	2809	2	*	*	*	*	83.6	SH104068.07FU_UDB011527_refs	*
D	2813	2	*	*	*	*	89.5	SH104178.07FU_AB508107_reps	*
D	2823	3	*	*	*	*	82.7	SH104341.07FU_UDB015152_refs	*
D	2859	2	*	*	*	*	96.4	SH104595.07FU_AJ557347_reps	*
D	2893	2	*	*	*	*	86.2	SH104750.07FU_AB566285_reps	*
D	2944	2	*	*	*	*	81.2	SH105941.07FU_JN943914_reps	*
D	2948	2	*	*	*	*	81.2	SH105943.07FU_EU292238_reps	*
D	2975	2	*	*	*	*	82.4	SH106391.07FU_GU258282_refs	*
D	2984	2	*	*	*	*	99.0	SH106457.07FU_FJ005096_reps	*
D	3001	2	*	*	*	*	87.8	SH106655.07FU_JX444634_reps	*
D	3005	3	*	*	*	*	92.2	SH106734.07FU_AF038331_reps	*
D	3025	2	*	*	*	*	94.4	SH106917.07FU_AM943894_reps	*
D	3048	2	*	*	*	*	82.8	SH129933.07FU_EF601044_refs	*
D	3054	2	*	*	*	*	91.2	SH107263.07FU_JN182892_reps	*
D	3103	2	*	*	*	*	92.5	SH107692.07FU_JN392146_reps	*
D	3130	2	*	*	*	*	93.2	SH107970.07FU_JQ868748_reps	*
D	3166	2	*	*	*	*	87.5	SH108404.07FU_GU207251_reps	*
D	3174	2	*	*	*	*	88.0	SH108955.07FU_DQ923528_refs	*
D	3195	2	*	*	*	*	88.3	SH109186.07FU_AF309604_refs	*
D	3299	2	*	*	*	*	97.1	SH110267.07FU_KF376108_refs	*
D	3321	3	*	*	*	*	88.5	SH113924.07FU_FR799443_reps	*
D	3330	3	*	*	*	*	82.2	SH110876.07FU_JN211109_reps	*
D	3347	3	*	*	*	*	95.4	SH111157.07FU_FJ161378_reps	*
D	3392	2	*	*	*	*	85.0	SH111726.07FU_KF819518_reps	*
D	3399	2	*	*	*	*	84.5	SH111835.07FU_KC834047_refs	*
D	3415	2	*	*	*	*	83.9	SH111965.07FU_KC411914_reps	*
D	3455	2	*	*	*	*	81.5	SH112516.07FU_JF832628_reps	*
D	3506	2	*	*	*	*	86.0	SH112689.07FU_JQ247716_reps	*
D	3508	2	*	*	*	*	84.0	SH112712.07FU_KF673555_reps	*
D	3516	4	*	*	*	*	89.9	SH112774.07FU_AB524816_reps	*
D	3519	2	*	*	*	*	83.2	SH112783.07FU_JQ683772_reps	*
D	3584	2	*	*	*	*	85.0	SH113487.07FU_AY755351_refs	*
D	3591	3	*	*	*	*	86.0	SH113633.07FU_JQ761296_reps	*
D	3597	2	*	*	*	*	98.9	SH114061.07FU_HM439521_reps	*
D	3621	3	*	*	*	*	90.8	SH114389.07FU_FN428944_reps	*
D	3622	2	*	*	*	*	88.8	SH114395.07FU_AB110693_reps	*
D	3635	2	*	*	*	*	89.2	SH118052.07FU_KF129455_reps	*
D	3640	4	*	*	*	*	87.1	SH118065.07FU_FJ914786_reps	*
D	3662	2	*	*	*	*	99.2	SH118124.07FU_AF451792_reps	*
D	3663	3	*	*	*	*	81.9	SH118126.07FU_AF451786_reps	*
D	3664	2	*	*	*	*	84.8	SH118129.07FU_AF072224_reps	*
D	3671	2	*	*	*	*	93.6	SH118164.07FU_JQ361047_reps	*
D	3701	3	*	*	*	*	91.0	SH114959.07FU_HE814066_reps	*
D	3734	2	*	*	*	*	82.4	SH115213.07FU_AY425632_reps	*
D	3738	2	*	*	*	*	91.5	SH115236.07FU_HQ611282_reps	*
D	3756	2	*	*	*	*	88.8	SH115465.07FU_AY364836_refs	*
D	3779	2	*	*	*	*	88.1	SH115732.07FU_KJ816758_reps	*
D	3788	2	*	*	*	*	87.3	SH115766.07FU_JN641783_reps	*
D	3793	2	*	*	*	*	82.1	SH115980.07FU_UDB015517_refs	*
D	3815	2	*	*	*	*	80.0	SH118546.07FU_UDB018394_reps	*
D	3855	2	*	*	*	*	84.1	SH116471.07FU_KF251234_refs	*
D	3858	2	*	*	*	*	93.0	SH116502.07FU_KC870049_reps	*
D	3859	2	*	*	*	*	92.2	SH116503.07FU_EF535661_reps	*
D	3860	2	*	*	*	*	94.1	SH116534.07FU_KF251407_reps	*
D	3866	2	*	*	*	*	90.6	SH116540.07FU_KF251433_reps	*
D	3871	2	*	*	*	*	80.4	SH116564.07FU_KF251427_reps	*
D	3876	2	*	*	*	*	91.2	SH116575.07FU_EF535686_reps	*
D	3897	3	*	*	*	*	86.9	SH116921.07FU_FN868153_reps	*
D	3936	2	*	*	*	*	90.4	SH117309.07FU_EU254999_reps	*
D	3946	3	*	*	*	*	98.2	SH117423.07FU_AY607022_reps	*
D	3954	2	*	*	*	*	88.9	SH117506.07FU_KF466246_reps	*
D	4002	2	*	*	*	*	91.4	SH118957.07FU_JX272968_refs	*
D	4007	2	*	*	*	*	84.2	SH119030.07FU_AY347342_reps	*
D	4024	2	*	*	*	*	97.8	SH119107.07FU_KF220648_reps	*
D	4094	2	*	*	*	*	89.1	SH119854.07FU_AB127949_reps	*
D	4141	2	*	*	*	*	93.1	SH119980.07FU_KF436104_reps	*
D	4177	2	*	*	*	*	89.2	SH120283.07FU_AJ247551_reps	*
D	4271	2	*	*	*	*	81.8	SH121280.07FU_KC618700_reps	*
D	4289	2	*	*	*	*	83.5	SH121545.07FU_AB546939_reps	*
D	4311	2	*	*	*	*	100.0	SH121797.07FU_AM262364_reps	*
D	4312	2	*	*	*	*	84.8	SH121810.07FU_AJ247568_reps	*
D	4316	2	*	*	*	*	85.1	SH121951.07FU_FJ362268_reps	*
D	4340	2	*	*	*	*	94.2	SH122163.07FU_HQ699627_reps	*
D	4375	2	*	*	*	*	93.7	SH122652.07FU_FJ919663_refs	*
D	4420	2	*	*	*	*	87.4	SH123217.07FU_AF347612_refs	*
D	4578	2	*	*	*	*	86.8	SH126620.07FU_FR750036_reps	*
D	4628	2	*	*	*	*	82.8	SH130353.07FU_UDB015790_refs	*
D	4649	2	*	*	*	*	86.0	SH127064.07FU_HM992500_reps	*
D	4668	2	*	*	*	*	85.3	SH130684.07FU_FR667232_refs	*
D	4683	2	*	*	*	*	82.3	SH130746.07FU_KC590536_reps	*
D	4709	2	*	*	*	*	84.3	SH127408.07FU_GU994562_reps	*
D	4837	2	*	*	*	*	84.4	SH129219.07FU_KF264624_reps	*
D	4861	2	*	*	*	*	90.4	SH129481.07FU_JN104518_reps	*
D	4866	2	*	*	*	*	93.3	SH129527.07FU_JF832620_reps	*
D	4867	2	*	*	*	*	83.8	SH129563.07FU_AF451746_reps	*
D	4907	2	*	*	*	*	80.4	SH131179.07FU_HQ847021_refs	*
D	4924	2	*	*	*	*	80.5	SH131288.07FU_AF394030_reps	*
D	4971	2	*	*	*	*	81.6	SH131851.07FU_JN616277_reps	*
D	4975	2	*	*	*	*	80.1	SH131985.07FU_AY189739_reps	*
D	5000	2	*	*	*	*	85.8	SH132398.07FU_UDB004047_reps	*
D	5071	2	*	*	*	*	88.4	SH132842.07FU_DQ389715_refs	*
D	5127	2	*	*	*	*	85.4	SH133289.07FU_KF692075_reps	*
D	5146	3	*	*	*	*	94.0	SH133537.07FU_EU669314_reps	*
D	5258	2	*	*	*	*	95.8	SH134563.07FU_AY753348_refs	*
D	5622	2	*	*	*	*	86.0	SH536636.07FU_KR605808_reps	*
D	5686	2	*	*	*	*	91.2	SH537763.07FU_LN810791_reps	*
D	5689	2	*	*	*	*	87.7	SH537787.07FU_KT695372_reps	*
D	5746	2	*	*	*	*	82.2	SH538692.07FU_KF018119_reps	*
D	5774	3	*	*	*	*	85.8	SH539163.07FU_KP456017_reps	*
D	5780	2	*	*	*	*	91.2	SH539161.07FU_KR105643_reps	*
D	5789	2	*	*	*	*	87.6	SH539217.07FU_KM243196_reps	*
D	5799	2	*	*	*	*	91.0	SH539363.07FU_KM186811_reps	*
D	5807	2	*	*	*	*	83.6	SH539481.07FU_KP012833_reps	*
D	5836	2	*	*	*	*	80.0	SH540048.07FU_KP747674_reps	*
D	5869	2	*	*	*	*	85.1	SH540776.07FU_KP881712_reps	*
D	5890	2	*	*	*	*	82.1	SH541168.07FU_UDB024930_reps	*
D	6009	2	*	*	*	*	81.4	SH544376.07FU_KR781016_reps	*
D	6022	2	*	*	*	*	82.6	SH544565.07FU_AB809633_reps	*
D	6059	3	*	*	*	*	84.8	SH546035.07FU_LM652491_refs	*
D	6105	2	*	*	*	*	90.6	SH547091.07FU_LM652432_reps	*
D	6128	2	*	*	*	*	96.8	SH548580.07FU_KF257984_reps	*
D	6135	2	*	*	*	*	94.5	SH549032.07FU_KT462570_reps	*
D	6145	2	*	*	*	*	83.2	SH549479.07FU_KJ462321_reps	*
D	6447	2	*	*	*	*	91.0	SH080325.07FU_KF588371_reps	*
D	6509	2	*	*	*	*	80.3	SH086866.07FU_HQ204691_reps	*
D	6516	2	*	*	*	*	94.5	SH087357.07FU_U04234_reps	*
D	6523	2	*	*	*	*	85.0	SH089217.07FU_JN592510_reps	*
D	6528	2	*	*	*	*	100.0	SH089491.07FU_UDB018397_reps	*
D	6534	2	*	*	*	*	88.1	SH089950.07FU_JN164979_reps	*
D	6575	2	*	*	*	*	95.6	SH093952.07FU_HQ914861_reps	*
D	6659	2	*	*	*	*	88.8	SH102841.07FU_HF558296_reps	*
D	6671	2	*	*	*	*	96.8	SH104391.07FU_AB180201_reps	*
D	6685	2	*	*	*	*	90.1	SH106505.07FU_FJ005108_reps	*
D	6690	2	*	*	*	*	81.7	SH106942.07FU_AY219391_reps	*
D	6709	2	*	*	*	*	83.6	SH109766.07FU_AB520299_reps	*
D	6724	2	*	*	*	*	81.2	SH111336.07FU_JN033381_reps	*
D	6727	2	*	*	*	*	82.2	SH111944.07FU_EF495233_reps	*
D	6759	2	*	*	*	*	91.2	SH115409.07FU_EU401763_reps	*
D	6765	2	*	*	*	*	89.7	SH116028.07FU_AF027764_reps	*
D	6925	2	*	*	*	*	91.2	SH134576.07FU_EU715651_reps	*
D	6958	2	*	*	*	*	85.2	SH136478.07FU_UDB026084_reps	*
D	7008	2	*	*	*	*	83.6	SH077690.07FU_KC992946_refs	*
D	7068	2	*	*	*	*	89.9	SH106237.07FU_DQ278919_refs	*
D	7074	2	*	*	*	*	80.4	SH109869.07FU_UDB015458_refs	*
D	7090	2	*	*	*	*	83.2	SH118871.07FU_EU367444_refs	*
D	7096	2	*	*	*	*	98.0	SH120708.07FU_GQ390282_refs	*
