UclustConsensusTaxonAssigner parameters:
id_to_taxonomy_filepath:/home/nbokulic/ref_seq_dbs/UNITE/unite_rep_set_97-rdp-taxonomy.txt
id_to_taxonomy_fp:/home/nbokulic/ref_seq_dbs/UNITE/unite_rep_set_97-rdp-taxonomy.txt
max_accepts:5
min_consensus_fraction:1.0
reference_sequences_fp:/home/nbokulic/ref_seq_dbs/UNITE/align/rep_set_uclust_ref_97.fasta
similarity:0.93
unassignable_label:Unassigned
Result path: "/scratch/assign-taxpTVuw5CxIEYsHhafyRUX.txt"

.uc file contents:

# uclust --input /home/nbokulic/bewolf/psrotot/RDBW_unite/rep_set.fna --id 0.93 --rev --maxaccepts 5 --allhits --libonly --lib /home/nbokulic/ref_seq_dbs/UNITE/align/rep_set_uclust_ref_97.fasta --uc /scratch/UclustConsensusTaxonAssigner_QXajSG.uc
# version=1.2.22
# Tab-separated fields:
# 1=Type, 2=ClusterNr, 3=SeqLength or ClusterSize, 4=PctId, 5=Strand, 6=QueryStart, 7=SeedStart, 8=Alignment, 9=QueryLabel, 10=TargetLabel
# Record types (field 1): L=LibSeed, S=NewSeed, H=Hit, R=Reject, D=LibCluster, C=NewCluster, N=NoHit
# For C and D types, PctId is average id with seed.
# QueryStart and SeedStart are zero-based relative to start of sequence.
# If minus strand, SeedStart is relative to reverse-complemented seed.
L	27106	558	*	*	*	*	*	HQ897787	*
H	27106	101	94.1	+	0	0	5D96M462I	AB250409 Mock.1_5	HQ897787
L	6721	555	*	*	*	*	*	HM216212	*
H	6721	101	97.0	+	0	0	7I82M2D17M449I	AB250409 Mock.1_5	HM216212
L	22236	1144	*	*	*	*	*	EU926284	*
H	22236	101	93.1	+	0	0	5D96M1048I	AB250409 Mock.1_5	EU926284
L	8179	588	*	*	*	*	*	HQ608055	*
H	8179	101	95.0	+	0	0	8I85M2D14M481I	AB250409 Mock.1_5	HQ608055
L	3232	542	*	*	*	*	*	EF687948	*
H	3232	101	96.0	+	0	0	10I85M2D14M433I	AB250409 Mock.1_5	EF687948
H	6721	101	98.0	+	0	0	7I82M2D17M449I	AF281178 Mock.2_19155	HM216212
L	24378	237	*	*	*	*	*	JF779674	*
H	24378	101	95.0	+	0	0	22I85M2D14M116I	AF281178 Mock.2_19155	JF779674
L	22967	561	*	*	*	*	*	FJ624262	*
H	22967	101	96.0	+	0	0	23I87MD13M438I	AF281178 Mock.2_19155	FJ624262
L	22489	452	*	*	*	*	*	FJ210631	*
H	22489	101	94.1	+	0	0	16I82M2D17M337I	AF281178 Mock.2_19155	FJ210631
L	22488	539	*	*	*	*	*	FJ210600	*
H	22488	101	96.0	+	0	0	21I82MD18M418I	AF281178 Mock.2_19155	FJ210600
L	14432	528	*	*	*	*	*	GU062251	*
H	14432	91	96.7	+	0	0	23I85M2D4M416I	AJ309341 Mock.1_29083	GU062251
L	27143	1559	*	*	*	*	*	JF440985	*
H	27143	91	93.4	+	0	0	123I91M1345I	AJ309341 Mock.1_29083	JF440985
L	13617	484	*	*	*	*	*	FJ903339	*
H	13617	91	95.6	+	0	0	23I91M370I	AJ309341 Mock.1_29083	FJ903339
L	22486	514	*	*	*	*	*	FJ210562	*
H	22486	91	94.5	+	0	0	26I82M2D7M399I	AJ309341 Mock.1_29083	FJ210562
L	22231	589	*	*	*	*	*	FJ582636	*
H	22231	91	95.6	+	0	0	10I91M488I	AJ309341 Mock.1_29083	FJ582636
L	21482	573	*	*	*	*	*	EU551202	*
H	21482	97	99.0	+	0	0	9I97M467I	AM901674 Mock.2_4233	EU551202
L	4539	617	*	*	*	*	*	DQ132818	*
H	4539	97	97.9	+	0	0	61I97M459I	AM901674 Mock.2_4233	DQ132818
L	9286	626	*	*	*	*	*	JF439501	*
H	9286	97	97.9	+	0	0	22I90M2I7M505I	AM901674 Mock.2_4233	JF439501
L	25514	738	*	*	*	*	*	AM901674	*
H	25514	97	99.0	+	0	0	167I90MI7M473I	AM901674 Mock.2_4233	AM901674
L	7271	631	*	*	*	*	*	GQ120993	*
H	7271	97	95.9	+	0	0	24I97M510I	AM901674 Mock.2_4233	GQ120993
L	2663	412	*	*	*	*	*	DQ286062	*
H	2663	101	100.0	+	0	0	24I101M287I	DQ286062 Mock.1_7	DQ286062
H	21482	92	96.7	+	0	0	9I92M472I	DQ681335 Mock.1_1328	EU551202
L	24337	608	*	*	*	*	*	DQ681321	*
H	24337	92	96.7	+	0	0	10I92M506I	DQ681335 Mock.1_1328	DQ681321
H	7271	92	97.8	+	0	0	24I92M515I	DQ681335 Mock.1_1328	GQ120993
L	26872	567	*	*	*	*	*	GU212865	*
H	26872	92	95.7	+	0	0	10I92M465I	DQ681335 Mock.1_1328	GU212865
H	25514	92	96.7	+	0	0	167I92M479I	DQ681335 Mock.1_1328	AM901674
H	21482	94	100.0	+	0	0	9I94M470I	EU551202 Mock.2_9983	EU551202
H	4539	94	98.9	+	0	0	61I94M462I	EU551202 Mock.2_9983	DQ132818
H	9286	94	98.9	+	0	0	22I90M2I4M508I	EU551202 Mock.2_9983	JF439501
H	25514	94	96.8	+	0	0	167I94M477I	EU551202 Mock.2_9983	AM901674
H	7271	94	97.9	+	0	0	24I94M513I	EU551202 Mock.2_9983	GQ120993
L	3195	472	*	*	*	*	*	EU714323	*
H	3195	101	100.0	+	0	0	8I101M363I	EU714323 Mock.2_4	EU714323
L	2507	617	*	*	*	*	*	EU821474	*
H	2507	101	98.0	+	0	0	11I101M505I	EU821474 Mock.1_128	EU821474
H	21482	101	99.0	+	0	0	9I101M463I	EU833211 Mock.3_2	EU551202
H	4539	101	98.0	+	0	0	61I101M455I	EU833211 Mock.3_2	DQ132818
L	22593	716	*	*	*	*	*	FN548146	*
H	22593	101	99.0	+	0	0	111I91MI10M503I	EU833211 Mock.3_2	FN548146
L	19237	631	*	*	*	*	*	GQ120969	*
H	19237	101	99.0	+	0	0	24I91MI10M505I	EU833211 Mock.3_2	GQ120969
H	26872	101	98.0	+	0	0	10I89MI12M455I	EU833211 Mock.3_2	GU212865
L	3590	578	*	*	*	*	*	FJ196614	*
H	3590	83	100.0	+	0	0	9I65MI18M485I	FJ196614 Mock.2_39189	FJ196614
H	22489	83	96.4	+	0	0	16I83M353I	FJ196614 Mock.2_39189	FJ210631
L	21249	556	*	*	*	*	*	EU219559	*
H	21249	83	97.6	+	0	0	24I83M449I	FJ196614 Mock.2_39189	EU219559
L	540	562	*	*	*	*	*	DQ885387	*
H	540	83	98.8	+	0	0	9I83M470I	FJ196614 Mock.2_39189	DQ885387
L	541	586	*	*	*	*	*	DQ885388	*
H	541	83	98.8	+	0	0	10I83M493I	FJ196614 Mock.2_39189	DQ885388
H	22489	77	97.4	+	0	0	16I77M359I	FJ210573 Mock.1_15840	FJ210631
L	20446	1991	*	*	*	*	*	EF397557	*
H	20446	77	98.7	+	0	0	1744I77M170I	FJ210573 Mock.1_15840	EF397557
H	22488	77	98.7	+	0	0	21I77M441I	FJ210573 Mock.1_15840	FJ210600
L	20469	609	*	*	*	*	*	EU272516	*
H	20469	77	98.7	+	0	0	10I77M522I	FJ210573 Mock.1_15840	EU272516
L	22487	519	*	*	*	*	*	FJ210586	*
H	22487	77	98.7	+	0	0	17I77M425I	FJ210573 Mock.1_15840	FJ210586
L	5596	504	*	*	*	*	*	GU062249	*
H	5596	84	97.6	+	0	0	22I84M398I	FJ582636 Mock.2_15608	GU062249
L	3349	603	*	*	*	*	*	FN868469	*
H	3349	84	98.8	+	0	0	22I84M497I	FJ582636 Mock.2_15608	FN868469
L	14114	565	*	*	*	*	*	GU132456	*
H	14114	84	96.4	+	0	0	13I84M468I	FJ582636 Mock.2_15608	GU132456
H	8179	84	96.4	+	0	0	8I84M496I	FJ582636 Mock.2_15608	HQ608055
L	12492	546	*	*	*	*	*	FJ210573	*
H	12492	84	97.6	+	0	0	19I84M443I	FJ582636 Mock.2_15608	FJ210573
L	14672	2196	*	*	*	*	*	AB245442	*
H	14672	87	98.9	+	0	0	1706I87M403I	FJ624262 Mock.3_1560	AB245442
L	19274	510	*	*	*	*	*	DQ247776	*
H	19274	87	97.7	+	0	0	17I87M406I	FJ624262 Mock.3_1560	DQ247776
H	6721	87	96.6	+	0	0	7I87M461I	FJ624262 Mock.3_1560	HM216212
H	14432	87	97.7	+	0	0	23I87M418I	FJ624262 Mock.3_1560	GU062251
H	3232	87	97.7	+	0	0	10I87M445I	FJ624262 Mock.3_1560	EF687948
L	25840	593	*	*	*	*	*	FJ878626	*
H	25840	101	100.0	+	0	0	8I101M484I	FJ878626 Mock.3_2031	FJ878626
L	1907	567	*	*	*	*	*	FJ556909	*
H	1907	101	99.0	+	0	0	18I101M448I	FJ878626 Mock.3_2031	FJ556909
L	23951	578	*	*	*	*	*	FR799494	*
H	23951	101	98.0	+	0	0	24I101M453I	FJ878626 Mock.3_2031	FR799494
L	28127	593	*	*	*	*	*	FJ878644	*
H	28127	101	98.0	+	0	0	8I101M484I	FJ878626 Mock.3_2031	FJ878644
L	17171	592	*	*	*	*	*	FJ878648	*
H	17171	101	98.0	+	0	0	8I101M483I	FJ878626 Mock.3_2031	FJ878648
H	14114	83	98.8	+	0	0	13I83M469I	FJ903339 Mock.3_15095	GU132456
H	13617	83	100.0	+	0	0	23I83M378I	FJ903339 Mock.3_15095	FJ903339
H	6721	83	100.0	+	0	0	7I83M465I	FJ903339 Mock.3_15095	HM216212
H	22489	83	97.6	+	0	0	16I83M353I	FJ903339 Mock.3_15095	FJ210631
H	27143	83	100.0	+	0	0	123I83M1353I	FJ903339 Mock.3_15095	JF440985
H	6721	101	98.0	+	0	0	7I84M2D15M449I	FJ904916 Mock.2_11	HM216212
H	27106	101	95.0	+	0	0	5D96M462I	FJ904916 Mock.2_11	HQ897787
H	541	101	97.0	+	0	0	10I83MD17M476I	FJ904916 Mock.2_11	DQ885388
H	540	101	97.0	+	0	0	9I83MD17M453I	FJ904916 Mock.2_11	DQ885387
H	20446	101	99.0	+	0	0	1744I86MD14M147I	FJ904916 Mock.2_11	EF397557
H	7271	101	99.0	+	0	0	24I101M506I	FN548146 Mock.2_10300	GQ120993
L	1982	610	*	*	*	*	*	EU833211	*
H	1982	101	99.0	+	0	0	8I32MI69M500I	FN548146 Mock.2_10300	EU833211
H	19237	101	99.0	+	0	0	24I101M506I	FN548146 Mock.2_10300	GQ120969
H	22593	101	99.0	+	0	0	111I101M504I	FN548146 Mock.2_10300	FN548146
L	7153	530	*	*	*	*	*	HM103378	*
H	7153	101	94.1	+	0	0	4D97M433I	FN548146 Mock.2_10300	HM103378
L	18019	743	*	*	*	*	*	GQ376079	*
H	18019	101	100.0	+	0	0	8I101M634I	GQ376079 Mock.2_8	GQ376079
L	669	416	*	*	*	*	*	EF197948	*
H	669	101	97.0	+	0	0	3D98M318I	GQ376083 Mock.1_0	EF197948
L	24610	424	*	*	*	*	*	GQ376083	*
H	24610	101	100.0	+	0	0	4I43MI58M318I	GQ376083 Mock.1_0	GQ376083
L	26107	396	*	*	*	*	*	GQ376093	*
H	26107	101	97.0	+	0	0	8I101M287I	GQ376093 Mock.1_40	GQ376093
L	165	586	*	*	*	*	*	DQ680681	*
H	165	101	95.0	+	0	0	227I101M258I	GQ376093 Mock.1_40	DQ680681
L	7516	387	*	*	*	*	*	AF015250	*
H	7516	101	93.1	+	0	0	11I77MI12MD11M275I	GQ376093 Mock.1_40	AF015250
L	25215	460	*	*	*	*	*	FJ861384	*
H	25215	101	100.0	+	0	0	18I101M341I	GQ458041 Mock.2_30	FJ861384
L	28129	2961	*	*	*	*	*	GQ458041	*
H	28129	101	100.0	+	0	0	1712I101M1148I	GQ458041 Mock.2_30	GQ458041
L	160	660	*	*	*	*	*	EF192226	*
H	160	101	96.0	+	0	0	15I101M544I	GQ458041 Mock.2_30	EF192226
L	22480	624	*	*	*	*	*	FJ210528	*
H	22480	101	94.1	+	0	0	16I58MD22MD19M509I	GQ458041 Mock.2_30	FJ210528
L	14428	653	*	*	*	*	*	AB513338	*
H	14428	101	99.0	+	0	0	9I101M543I	GQ458041 Mock.2_30	AB513338
H	22967	92	95.7	+	0	0	23I92M446I	GU062214 Mock.1_841	FJ624262
L	22965	561	*	*	*	*	*	FJ624268	*
H	22965	92	97.8	+	0	0	25I85M2D5M446I	GU062214 Mock.1_841	FJ624268
H	13617	92	96.7	+	0	0	23I92M369I	GU062214 Mock.1_841	FJ903339
H	14432	92	97.8	+	0	0	23I85M2D5M415I	GU062214 Mock.1_841	GU062251
H	22488	92	93.5	+	0	0	21I92M426I	GU062214 Mock.1_841	FJ210600
L	8751	1585	*	*	*	*	*	HM534896	*
H	8751	83	98.8	+	0	0	123I83M1379I	GU062251 Mock.1_28622	HM534896
L	8753	1531	*	*	*	*	*	HM534893	*
H	8753	83	98.8	+	0	0	105I83M1343I	GU062251 Mock.1_28622	HM534893
H	27143	83	98.8	+	0	0	123I83M1353I	GU062251 Mock.1_28622	JF440985
H	22231	83	98.8	+	0	0	10I83M496I	GU062251 Mock.1_28622	FJ582636
L	3212	548	*	*	*	*	*	FJ210605	*
H	3212	83	97.6	+	0	0	22I83M443I	GU062251 Mock.1_28622	FJ210605
H	14114	84	97.6	+	0	0	13I84M468I	GU062255 Mock.1_8251	GU132456
H	13617	84	98.8	+	0	0	23I84M377I	GU062255 Mock.1_8251	FJ903339
H	6721	84	100.0	+	0	0	7I84M464I	GU062255 Mock.1_8251	HM216212
H	22489	84	96.4	+	0	0	16I84M352I	GU062255 Mock.1_8251	FJ210631
H	27143	84	98.8	+	0	0	123I84M1352I	GU062255 Mock.1_8251	JF440985
H	14114	82	100.0	+	0	0	13I82M470I	GU132456 Mock.2_32520	GU132456
H	13617	82	100.0	+	0	0	23I82M379I	GU132456 Mock.2_32520	FJ903339
H	6721	82	100.0	+	0	0	7I82M466I	GU132456 Mock.2_32520	HM216212
H	22489	82	98.8	+	0	0	16I82M354I	GU132456 Mock.2_32520	FJ210631
H	27143	82	100.0	+	0	0	123I82M1354I	GU132456 Mock.2_32520	JF440985
H	22967	91	96.7	+	0	0	23I91M447I	JN019381 Mock.1_3366	FJ624262
H	22965	91	97.8	+	0	0	25I85M2D4M447I	JN019381 Mock.1_3366	FJ624268
H	13617	91	96.7	+	0	0	23I91M370I	JN019381 Mock.1_3366	FJ903339
H	14432	91	97.8	+	0	0	23I85M2D4M416I	JN019381 Mock.1_3366	GU062251
H	22488	91	94.5	+	0	0	21I91M427I	JN019381 Mock.1_3366	FJ210600
N	*	101	*	*	*	*	*	New.ReferenceOTU0 Mock.2_7524	*
H	26107	101	94.1	+	0	0	8I101M287I	New.ReferenceOTU1 Mock.1_27540	GQ376093
N	*	101	*	*	*	*	*	New.ReferenceOTU2 Mock.1_9147	*
L	19864	605	*	*	*	*	*	DQ683112	*
H	19864	101	93.1	+	0	0	245I101M259I	New.ReferenceOTU3 Mock.3_6461	DQ683112
H	26107	101	94.1	+	0	0	8I101M287I	New.ReferenceOTU3 Mock.3_6461	GQ376093
H	19864	101	94.1	+	0	0	245I101M259I	New.ReferenceOTU4 Mock.2_1308	DQ683112
L	261	517	*	*	*	*	*	DQ871598	*
H	261	101	94.1	+	0	0	3D98M419I	New.ReferenceOTU5 Mock.1_6335	DQ871598
N	*	94	*	*	*	*	*	New.ReferenceOTU6 Mock.2_55739	*
H	26107	101	96.0	+	0	0	8I101M287I	New.ReferenceOTU7 Mock.3_19464	GQ376093
L	25126	583	*	*	*	*	*	FJ904916	*
H	25126	91	94.5	+	0	0	22I91M470I	New.CleanUp.ReferenceOTU1 Mock.3_52699	FJ904916
H	22967	91	95.6	+	0	0	23I91M447I	New.CleanUp.ReferenceOTU1 Mock.3_52699	FJ624262
H	540	91	93.4	+	0	0	9I91M462I	New.CleanUp.ReferenceOTU1 Mock.3_52699	DQ885387
H	541	91	93.4	+	0	0	10I91M485I	New.CleanUp.ReferenceOTU1 Mock.3_52699	DQ885388
H	22488	91	93.4	+	0	0	21I91M427I	New.CleanUp.ReferenceOTU1 Mock.3_52699	FJ210600
H	2507	86	96.5	+	0	0	11I86M520I	New.CleanUp.ReferenceOTU10 Mock.2_55974	EU821474
H	24610	101	96.0	+	0	0	4I44MI57M318I	New.CleanUp.ReferenceOTU105 Mock.1_21242	GQ376083
H	669	101	93.1	+	0	0	3D98M318I	New.CleanUp.ReferenceOTU105 Mock.1_21242	EF197948
N	*	101	*	*	*	*	*	New.CleanUp.ReferenceOTU106 Mock.1_5337	*
H	6721	96	95.8	+	0	0	7I82M2D12M454I	New.CleanUp.ReferenceOTU107 Mock.2_69443	HM216212
H	541	96	94.8	+	0	0	10I83MD12M481I	New.CleanUp.ReferenceOTU107 Mock.2_69443	DQ885388
H	14432	96	95.8	+	0	0	23I85M2D9M411I	New.CleanUp.ReferenceOTU107 Mock.2_69443	GU062251
H	22488	96	94.8	+	0	0	21I83MD12M423I	New.CleanUp.ReferenceOTU107 Mock.2_69443	FJ210600
H	22487	96	93.8	+	0	0	17I85M2D9M408I	New.CleanUp.ReferenceOTU107 Mock.2_69443	FJ210586
N	*	101	*	*	*	*	*	New.CleanUp.ReferenceOTU11 Mock.2_5394	*
H	25126	91	95.6	+	0	0	22I91M470I	New.CleanUp.ReferenceOTU115 Mock.2_64627	FJ904916
H	540	91	94.5	+	0	0	9I91M462I	New.CleanUp.ReferenceOTU115 Mock.2_64627	DQ885387
H	541	91	94.5	+	0	0	10I91M485I	New.CleanUp.ReferenceOTU115 Mock.2_64627	DQ885388
H	19274	91	93.4	+	0	0	17I91M402I	New.CleanUp.ReferenceOTU115 Mock.2_64627	DQ247776
H	14672	91	95.6	+	0	0	1706I91M399I	New.CleanUp.ReferenceOTU115 Mock.2_64627	AB245442
N	*	101	*	*	*	*	*	New.CleanUp.ReferenceOTU118 Mock.1_724	*
N	*	101	*	*	*	*	*	New.CleanUp.ReferenceOTU120 Mock.1_54066	*
H	26107	91	93.4	+	0	0	8I91M297I	New.CleanUp.ReferenceOTU125 Mock.2_31673	GQ376093
H	26107	89	94.4	+	0	0	8I89M299I	New.CleanUp.ReferenceOTU128 Mock.1_42547	GQ376093
N	*	101	*	*	*	*	*	New.CleanUp.ReferenceOTU129 Mock.2_70021	*
N	*	101	*	*	*	*	*	New.CleanUp.ReferenceOTU133 Mock.1_20046	*
H	26107	101	94.1	+	0	0	8I101M287I	New.CleanUp.ReferenceOTU136 Mock.2_13064	GQ376093
N	*	101	*	*	*	*	*	New.CleanUp.ReferenceOTU142 Mock.2_13237	*
H	14672	91	94.5	+	0	0	1706I91M399I	New.CleanUp.ReferenceOTU144 Mock.1_12567	AB245442
H	27143	91	93.4	+	0	0	123I91M1345I	New.CleanUp.ReferenceOTU144 Mock.1_12567	JF440985
H	540	91	93.4	+	0	0	9I91M462I	New.CleanUp.ReferenceOTU144 Mock.1_12567	DQ885387
H	541	91	93.4	+	0	0	10I91M485I	New.CleanUp.ReferenceOTU144 Mock.1_12567	DQ885388
H	27106	91	93.4	+	0	0	5D86M472I	New.CleanUp.ReferenceOTU144 Mock.1_12567	HQ897787
L	4558	473	*	*	*	*	*	FJ210606	*
H	4558	101	93.1	+	0	0	17I85M2D14M357I	New.CleanUp.ReferenceOTU147 Mock.2_64849	FJ210606
L	4606	704	*	*	*	*	*	JF735273	*
H	4606	101	94.1	+	0	0	143I82MD18M461I	New.CleanUp.ReferenceOTU147 Mock.2_64849	JF735273
H	22488	101	94.1	+	0	0	21I83MD17M418I	New.CleanUp.ReferenceOTU147 Mock.2_64849	FJ210600
H	22487	101	93.1	+	0	0	17I85M2D14M403I	New.CleanUp.ReferenceOTU147 Mock.2_64849	FJ210586
H	22486	101	93.1	+	0	0	26I82M2D17M389I	New.CleanUp.ReferenceOTU147 Mock.2_64849	FJ210562
H	2663	101	96.0	+	0	0	24I101M287I	New.CleanUp.ReferenceOTU149 Mock.2_58493	DQ286062
N	*	101	*	*	*	*	*	New.CleanUp.ReferenceOTU150 Mock.2_72741	*
N	*	94	*	*	*	*	*	New.CleanUp.ReferenceOTU153 Mock.3_16011	*
N	*	101	*	*	*	*	*	New.CleanUp.ReferenceOTU157 Mock.2_44184	*
H	26107	101	94.1	+	0	0	8I101M287I	New.CleanUp.ReferenceOTU161 Mock.1_39577	GQ376093
N	*	101	*	*	*	*	*	New.CleanUp.ReferenceOTU166 Mock.3_9034	*
N	*	101	*	*	*	*	*	New.CleanUp.ReferenceOTU167 Mock.2_132	*
H	6721	101	95.0	+	0	0	7I84M2D15M449I	New.CleanUp.ReferenceOTU171 Mock.3_83	HM216212
H	26107	101	96.0	+	0	0	8I101M287I	New.CleanUp.ReferenceOTU173 Mock.3_86	GQ376093
N	*	101	*	*	*	*	*	New.CleanUp.ReferenceOTU30 Mock.2_5485	*
N	*	101	*	*	*	*	*	New.CleanUp.ReferenceOTU39 Mock.1_6422	*
N	*	97	*	*	*	*	*	New.CleanUp.ReferenceOTU46 Mock.2_69723	*
N	*	101	*	*	*	*	*	New.CleanUp.ReferenceOTU48 Mock.2_50493	*
N	*	101	*	*	*	*	*	New.CleanUp.ReferenceOTU5 Mock.2_3312	*
H	26107	101	96.0	+	0	0	8I101M287I	New.CleanUp.ReferenceOTU53 Mock.1_63364	GQ376093
N	*	95	*	*	*	*	*	New.CleanUp.ReferenceOTU54 Mock.1_44342	*
N	*	101	*	*	*	*	*	New.CleanUp.ReferenceOTU6 Mock.3_13680	*
N	*	101	*	*	*	*	*	New.CleanUp.ReferenceOTU61 Mock.2_8064	*
H	2663	92	93.5	+	0	0	24I92M296I	New.CleanUp.ReferenceOTU67 Mock.1_53045	DQ286062
H	2507	95	94.7	+	0	0	11I95M511I	New.CleanUp.ReferenceOTU68 Mock.1_5491	EU821474
N	*	101	*	*	*	*	*	New.CleanUp.ReferenceOTU71 Mock.3_69820	*
H	669	101	93.1	+	0	0	3D98M318I	New.CleanUp.ReferenceOTU72 Mock.2_29742	EF197948
H	24610	101	96.0	+	0	0	4I43MI58M318I	New.CleanUp.ReferenceOTU72 Mock.2_29742	GQ376083
N	*	101	*	*	*	*	*	New.CleanUp.ReferenceOTU82 Mock.3_65355	*
H	24610	101	96.0	+	0	0	4I43MI58M318I	New.CleanUp.ReferenceOTU89 Mock.3_43979	GQ376083
H	669	101	93.1	+	0	0	3D98M318I	New.CleanUp.ReferenceOTU89 Mock.3_43979	EF197948
H	2663	101	96.0	+	0	0	24I101M287I	New.CleanUp.ReferenceOTU90 Mock.2_73953	DQ286062
N	*	101	*	*	*	*	*	New.CleanUp.ReferenceOTU91 Mock.3_54068	*
H	25215	101	96.0	+	0	0	18I101M341I	New.CleanUp.ReferenceOTU97 Mock.2_25781	FJ861384
H	28129	101	96.0	+	0	0	1712I101M1148I	New.CleanUp.ReferenceOTU97 Mock.2_25781	GQ458041
H	14428	101	95.0	+	0	0	9I101M543I	New.CleanUp.ReferenceOTU97 Mock.2_25781	AB513338
L	3592	589	*	*	*	*	*	FJ196619	*
H	3592	101	94.1	+	0	0	9I55MD25MD19M481I	New.CleanUp.ReferenceOTU97 Mock.2_25781	FJ196619
L	17493	600	*	*	*	*	*	FJ210531	*
H	17493	101	94.1	+	0	0	25I55MD25MD19M476I	New.CleanUp.ReferenceOTU97 Mock.2_25781	FJ210531
D	261	2	*	*	*	*	94.1	DQ871598	*
D	2507	4	*	*	*	*	96.4	EU821474	*
D	2663	5	*	*	*	*	96.4	DQ286062	*
D	3195	2	*	*	*	*	100.0	EU714323	*
D	3349	2	*	*	*	*	98.8	FN868469	*
D	3590	2	*	*	*	*	100.0	FJ196614	*
D	6721	5	*	*	*	*	97.5	HM216212	*
D	7271	2	*	*	*	*	97.8	GQ120993	*
D	14432	5	*	*	*	*	97.0	GU062251	*
D	14672	4	*	*	*	*	96.3	AB245442	*
D	18019	2	*	*	*	*	100.0	GQ376079	*
D	19237	2	*	*	*	*	99.0	GQ120969	*
D	19864	2	*	*	*	*	94.1	DQ683112	*
D	20446	2	*	*	*	*	99.0	EF397557	*
D	21482	2	*	*	*	*	100.0	EU551202	*
D	22231	2	*	*	*	*	98.8	FJ582636	*
D	22487	2	*	*	*	*	98.7	FJ210586	*
D	22488	2	*	*	*	*	94.1	FJ210600	*
D	22593	2	*	*	*	*	99.0	FN548146	*
D	22967	2	*	*	*	*	95.6	FJ624262	*
D	24610	5	*	*	*	*	97.0	GQ376083	*
D	25514	2	*	*	*	*	99.0	AM901674	*
D	25840	2	*	*	*	*	100.0	FJ878626	*
D	26107	11	*	*	*	*	94.9	GQ376093	*
D	27143	3	*	*	*	*	100.0	JF440985	*
D	28129	3	*	*	*	*	98.0	GQ458041	*
