UclustConsensusTaxonAssigner parameters:
id_to_taxonomy_filepath:/Users/nbokulich/Desktop/projects/short-read-tax-assignment/data/novel-taxa-simulations/B1-REF-L6-iter2/ref_taxa.tsv
id_to_taxonomy_fp:/Users/nbokulich/Desktop/projects/short-read-tax-assignment/data/novel-taxa-simulations/B1-REF-L6-iter2/ref_taxa.tsv
max_accepts:1
min_consensus_fraction:0.51
reference_sequences_fp:/Users/nbokulich/Desktop/projects/short-read-tax-assignment/data/novel-taxa-simulations/B1-REF-L6-iter2/ref_seqs.fasta
similarity:0.9
unassignable_label:Unassigned
Result path: /var/folders/0t/l1dz88p50y91vx_22fx5w3780000gn/T/assign-tax5Kp7rd

.uc file contents:

# uclust --input /Users/nbokulich/Desktop/projects/short-read-tax-assignment/data/novel-taxa-simulations/B1-REF-L6-iter2/query.fasta --id 0.9 --rev --maxaccepts 1 --allhits --libonly --lib /Users/nbokulich/Desktop/projects/short-read-tax-assignment/data/novel-taxa-simulations/B1-REF-L6-iter2/ref_seqs.fasta --uc /var/folders/0t/l1dz88p50y91vx_22fx5w3780000gn/T/UclustConsensusTaxonAssigner_VlcRGp.uc
# version=1.2.22
# Tab-separated fields:
# 1=Type, 2=ClusterNr, 3=SeqLength or ClusterSize, 4=PctId, 5=Strand, 6=QueryStart, 7=SeedStart, 8=Alignment, 9=QueryLabel, 10=TargetLabel
# Record types (field 1): L=LibSeed, S=NewSeed, H=Hit, R=Reject, D=LibCluster, C=NewCluster, N=NoHit
# For C and D types, PctId is average id with seed.
# QueryStart and SeedStart are zero-based relative to start of sequence.
# If minus strand, SeedStart is relative to reverse-complemented seed.
L	4336	250	*	*	*	*	*	4400789	*
H	4336	250	94.0	+	0	0	250M	1083016	4400789
L	3706	250	*	*	*	*	*	776873	*
H	3706	250	98.0	+	0	0	250M	1028133	776873
L	3612	250	*	*	*	*	*	3761170	*
H	3612	250	99.6	+	0	0	24MI225MD	920852	3761170
L	2979	250	*	*	*	*	*	1007399	*
H	2979	250	94.8	+	0	0	25MI20MI203M2D	853416	1007399
N	*	250	*	*	*	*	*	851936	*
L	2313	250	*	*	*	*	*	53642	*
H	2313	250	95.6	+	0	0	250M	826749	53642
L	3692	250	*	*	*	*	*	784643	*
H	3692	250	97.2	+	0	0	D249MI	824723	784643
L	2540	250	*	*	*	*	*	7316	*
H	2540	250	100.0	+	0	0	250M	822776	7316
L	576	250	*	*	*	*	*	540623	*
H	576	250	93.6	+	0	0	250M	814853	540623
L	3051	250	*	*	*	*	*	2461583	*
H	3051	250	97.2	+	0	0	250M	787697	2461583
L	3438	250	*	*	*	*	*	761592	*
H	3438	250	100.0	+	0	0	250M	768898	761592
L	4448	250	*	*	*	*	*	4426296	*
H	4448	250	99.6	+	0	0	99MI68MD82M	735185	4426296
L	4539	250	*	*	*	*	*	4447124	*
H	4539	250	94.4	+	0	0	250M	719400	4447124
L	2417	250	*	*	*	*	*	14500	*
H	2417	250	98.4	+	0	0	250M	714339	14500
L	4722	250	*	*	*	*	*	4480189	*
H	4722	250	99.2	+	0	0	250M	692823	4480189
L	890	250	*	*	*	*	*	354256	*
H	890	250	93.6	+	0	0	250M	685156	354256
L	2520	250	*	*	*	*	*	8001	*
H	2520	250	94.4	+	0	0	D16MD90M2D13MD21MD8MD95M7I	660688	8001
L	2508	250	*	*	*	*	*	8849	*
H	2508	250	98.0	+	0	0	124MD125MI	644016	8849
L	2683	250	*	*	*	*	*	1115140	*
H	2683	250	99.2	+	0	0	250M	626867	1115140
L	2400	250	*	*	*	*	*	15740	*
H	2400	250	96.4	+	0	0	250M	625629	15740
L	1468	250	*	*	*	*	*	236778	*
H	1468	250	99.2	+	0	0	250M	610455	236778
L	3746	250	*	*	*	*	*	1131221	*
H	3746	250	93.2	+	0	0	I53MD11MD184MI	606989	1131221
L	4609	250	*	*	*	*	*	4460024	*
H	4609	250	98.0	+	0	0	250M	589597	4460024
N	*	250	*	*	*	*	*	583989	*
L	4029	250	*	*	*	*	*	4339348	*
H	4029	250	94.4	+	0	0	250M	582379	4339348
L	3543	250	*	*	*	*	*	1129599	*
H	3543	250	96.4	+	0	0	250M	580916	1129599
L	1109	250	*	*	*	*	*	304724	*
H	1109	250	90.4	+	0	0	198MD51MI	579148	304724
L	315	250	*	*	*	*	*	667570	*
H	315	250	98.4	+	0	0	250M	578401	667570
L	502	250	*	*	*	*	*	558567	*
H	502	250	93.2	+	0	0	250M	571645	558567
L	1445	250	*	*	*	*	*	240661	*
H	1445	250	97.2	+	0	0	234MI15MD	567491	240661
L	3160	250	*	*	*	*	*	1141541	*
H	3160	250	94.4	+	0	0	250M	566189	1141541
L	3762	250	*	*	*	*	*	1123994	*
H	3762	250	99.6	+	0	0	250M	565851	1123994
L	2639	250	*	*	*	*	*	1145943	*
H	2639	250	97.2	+	0	0	250M	565472	1145943
L	117	250	*	*	*	*	*	961922	*
H	117	250	99.6	+	0	0	250M	564081	961922
L	2365	250	*	*	*	*	*	26799	*
H	2365	250	96.8	+	0	0	250M	558128	26799
L	2734	250	*	*	*	*	*	1801170	*
H	2734	250	90.4	+	0	0	250M	555696	1801170
L	4589	250	*	*	*	*	*	4456892	*
H	4589	250	98.4	+	0	0	203MD46MI	555692	4456892
L	4152	250	*	*	*	*	*	4364813	*
H	4152	250	90.4	+	0	0	32MI5M2I17MI20MI171M5D	553810	4364813
L	1342	250	*	*	*	*	*	262377	*
H	1342	250	99.2	+	0	0	250M	553653	262377
L	3752	250	*	*	*	*	*	1121107	*
H	3752	250	97.6	+	0	0	250M	544630	1121107
N	*	250	*	*	*	*	*	542536	*
L	3722	250	*	*	*	*	*	1109067	*
H	3722	250	97.6	+	0	0	250M	542475	1109067
L	3419	250	*	*	*	*	*	1131597	*
H	3419	250	98.0	+	0	0	250M	541884	1131597
L	1227	250	*	*	*	*	*	282549	*
H	1227	250	91.6	+	0	0	250M	541328	282549
N	*	250	*	*	*	*	*	539567	*
L	2187	250	*	*	*	*	*	100650	*
H	2187	250	99.6	+	0	0	250M	537871	100650
H	890	250	100.0	+	0	0	250M	536754	354256
L	1634	250	*	*	*	*	*	192795	*
H	1634	250	94.4	+	0	0	160MI89MD	530416	192795
L	1528	250	*	*	*	*	*	210269	*
H	1528	250	96.0	+	0	0	250M	514015	210269
L	773	250	*	*	*	*	*	411486	*
H	773	250	94.0	+	0	0	250M	484444	411486
L	1714	250	*	*	*	*	*	186275	*
H	1714	250	92.8	+	0	0	250M	470117	186275
L	4057	250	*	*	*	*	*	4347159	*
H	4057	250	97.6	+	0	0	250M	365385	4347159
L	1406	250	*	*	*	*	*	250136	*
H	1406	250	99.2	+	0	0	250M	359953	250136
L	504	250	*	*	*	*	*	557875	*
H	504	250	95.2	+	0	0	250M	347570	557875
L	2928	250	*	*	*	*	*	1121753	*
H	2928	250	96.8	+	0	0	250M	347553	1121753
H	2928	250	98.0	+	0	0	250M	344394	1121753
L	4725	250	*	*	*	*	*	4480970	*
H	4725	250	94.4	+	0	0	250M	344154	4480970
L	3964	250	*	*	*	*	*	4324649	*
H	3964	250	97.6	+	0	0	250M	342971	4324649
L	608	250	*	*	*	*	*	533511	*
H	608	250	97.6	+	0	0	250M	342749	533511
L	341	250	*	*	*	*	*	606927	*
H	341	250	96.0	+	0	0	250M	342268	606927
L	2997	250	*	*	*	*	*	1114718	*
H	2997	250	95.6	+	0	0	250M	336110	1114718
L	4314	250	*	*	*	*	*	4395096	*
H	4314	250	99.6	+	0	0	250M	321972	4395096
N	*	250	*	*	*	*	*	313305	*
L	3444	250	*	*	*	*	*	1135946	*
H	3444	250	98.4	+	0	0	250M	311173	1135946
L	1015	250	*	*	*	*	*	328035	*
H	1015	250	98.8	+	0	0	250M	299770	328035
L	141	250	*	*	*	*	*	929836	*
H	141	250	90.8	+	0	0	67MI19MD163M	287811	929836
L	947	250	*	*	*	*	*	343239	*
H	947	250	99.6	+	0	0	250M	276678	343239
L	2249	250	*	*	*	*	*	79540	*
H	2249	250	96.8	+	0	0	17MD54MD29MD147M3I	276106	79540
L	3449	250	*	*	*	*	*	790610	*
H	3449	250	97.6	+	0	0	2I248M2D	270818	790610
L	556	250	*	*	*	*	*	547806	*
H	556	250	99.6	+	0	0	250M	267698	547806
L	4233	250	*	*	*	*	*	4379731	*
H	4233	250	94.0	+	0	0	202MI37MI9M2D	264465	4379731
L	3856	250	*	*	*	*	*	4300883	*
H	3856	250	95.2	+	0	0	217MI32MD	262857	4300883
L	2448	250	*	*	*	*	*	12702	*
H	2448	250	98.0	+	0	0	250M	261255	12702
L	3879	250	*	*	*	*	*	4305519	*
H	3879	250	96.4	+	0	0	250M	255639	4305519
L	743	250	*	*	*	*	*	469663	*
H	743	250	92.8	+	0	0	250M	251702	469663
L	2395	250	*	*	*	*	*	16054	*
H	2395	250	98.4	+	0	0	250M	251456	16054
L	2289	250	*	*	*	*	*	67228	*
H	2289	250	98.4	+	0	0	42MD207MI	247332	67228
L	2216	250	*	*	*	*	*	92231	*
H	2216	250	98.8	+	0	0	250M	240755	92231
L	455	250	*	*	*	*	*	567725	*
H	455	250	99.6	+	0	0	250M	238051	567725
L	4717	250	*	*	*	*	*	4479467	*
H	4717	250	91.2	+	0	0	54MD23MD37MD24MD29M2D19MD26MD30M8I	231154	4479467
N	*	250	*	*	*	*	*	229009	*
L	542	250	*	*	*	*	*	550712	*
H	542	250	98.0	+	0	0	D249MI	221379	550712
L	2054	250	*	*	*	*	*	138056	*
H	2054	250	94.8	+	0	0	54MD195MI	203115	138056
L	2235	250	*	*	*	*	*	84396	*
H	2235	250	94.4	+	0	0	250M	202971	84396
L	2819	250	*	*	*	*	*	952003	*
H	2819	250	97.6	+	0	0	113MI136MD	200634	952003
L	3045	250	*	*	*	*	*	804160	*
H	3045	250	90.4	+	0	0	250M	199630	804160
L	3546	250	*	*	*	*	*	821185	*
H	3546	250	99.2	+	0	0	250M	199229	821185
L	2818	250	*	*	*	*	*	1954303	*
H	2818	250	96.8	+	0	0	250M	197631	1954303
H	3692	250	94.4	+	0	0	53MI15MI39MD46MD11MD83MI	195834	784643
L	4616	250	*	*	*	*	*	4461879	*
H	4616	250	97.6	+	0	0	96MI153MD	187297	4461879
L	2182	250	*	*	*	*	*	101860	*
H	2182	250	90.8	+	0	0	63MI186MD	181744	101860
L	3358	250	*	*	*	*	*	3200278	*
H	3358	250	98.8	+	0	0	250M	178213	3200278
L	4068	250	*	*	*	*	*	4348253	*
H	4068	250	99.2	+	0	0	59M2I189M2D	177045	4348253
L	453	250	*	*	*	*	*	567972	*
H	453	250	94.4	+	0	0	250M	172804	567972
L	2098	250	*	*	*	*	*	125947	*
H	2098	250	95.2	+	0	0	250M	172207	125947
L	4385	250	*	*	*	*	*	4411367	*
H	4385	250	96.4	+	0	0	250M	163538	4411367
L	594	250	*	*	*	*	*	535932	*
H	594	250	97.2	+	0	0	166MD9MD43MI30MI	163249	535932
L	4237	250	*	*	*	*	*	4380413	*
H	4237	250	96.8	+	0	0	250M	163227	4380413
L	1988	250	*	*	*	*	*	152001	*
H	1988	250	96.8	+	0	0	209MD13MD26M2I	162595	152001
L	3709	250	*	*	*	*	*	4041568	*
H	3709	250	99.2	+	0	0	250M	161199	4041568
L	2290	250	*	*	*	*	*	66026	*
H	2290	250	98.0	+	0	0	250M	160928	66026
L	249	250	*	*	*	*	*	804867	*
H	249	250	92.4	+	0	0	250M	158785	804867
L	3177	250	*	*	*	*	*	2730944	*
H	3177	250	92.4	+	0	0	250M	157201	2730944
L	3745	250	*	*	*	*	*	1105883	*
H	3745	250	98.4	+	0	0	250M	156459	1105883
N	*	250	*	*	*	*	*	155622	*
L	1975	250	*	*	*	*	*	156357	*
H	1975	250	96.4	+	0	0	250M	155362	156357
L	2829	250	*	*	*	*	*	1126194	*
H	2829	250	94.0	+	0	0	250M	150229	1126194
L	56	250	*	*	*	*	*	1049387	*
H	56	250	98.8	+	0	0	232MD17MI	146193	1049387
L	1867	250	*	*	*	*	*	175108	*
H	1867	250	99.2	+	0	0	250M	132602	175108
L	3188	250	*	*	*	*	*	625693	*
H	3188	250	92.8	+	0	0	250M	130864	625693
L	3171	250	*	*	*	*	*	1121558	*
H	3171	250	91.2	+	0	0	72M2I139MI36M3D	130219	1121558
L	2516	250	*	*	*	*	*	8035	*
H	2516	250	93.2	+	0	0	250M	128429	8035
H	1528	250	100.0	+	0	0	250M	119010	210269
L	1781	250	*	*	*	*	*	181641	*
H	1781	250	90.8	+	0	0	164MD85MI	114930	181641
L	4500	250	*	*	*	*	*	4435982	*
H	4500	250	96.8	+	0	0	250M	114572	4435982
L	1235	250	*	*	*	*	*	277682	*
H	1235	250	98.4	+	0	0	181MD68MI	111659	277682
L	3465	250	*	*	*	*	*	1140356	*
H	3465	250	98.4	+	0	0	250M	111313	1140356
H	4717	250	97.6	+	0	0	62MI29MD48MD109MI	111289	4479467
L	291	250	*	*	*	*	*	719343	*
H	291	250	97.6	+	0	0	250M	110879	719343
L	3492	250	*	*	*	*	*	3485581	*
H	3492	250	90.4	+	0	0	250M	109364	3485581
H	504	250	96.0	+	0	0	250M	108433	557875
L	2022	250	*	*	*	*	*	143784	*
H	2022	250	94.0	+	0	0	250M	108003	143784
L	2861	250	*	*	*	*	*	2046080	*
H	2861	250	92.4	+	0	0	250M	107506	2046080
L	2558	250	*	*	*	*	*	5441	*
H	2558	250	95.2	+	0	0	166MI47M2I24MI9M4D	107348	5441
H	608	250	98.0	+	0	0	250M	102915	533511
L	3222	250	*	*	*	*	*	1122081	*
H	3222	250	97.6	+	0	0	250M	102689	1122081
L	1866	250	*	*	*	*	*	175290	*
H	1866	250	90.4	+	0	0	250M	102653	175290
L	1542	250	*	*	*	*	*	203166	*
H	1542	250	94.8	+	0	0	250M	100775	203166
L	237	250	*	*	*	*	*	817013	*
H	237	250	96.0	+	0	0	250M	100757	817013
L	2769	250	*	*	*	*	*	709363	*
H	2769	250	96.4	+	0	0	250M	78432	709363
L	2675	250	*	*	*	*	*	1679577	*
H	2675	250	92.0	+	0	0	87MI162MD	77778	1679577
L	4283	250	*	*	*	*	*	4389142	*
H	4283	250	96.0	+	0	0	250M	77692	4389142
L	2500	250	*	*	*	*	*	9252	*
H	2500	250	97.6	+	0	0	250M	74170	9252
L	4664	250	*	*	*	*	*	4469781	*
H	4664	250	92.8	+	0	0	250M	73954	4469781
L	217	250	*	*	*	*	*	828483	*
H	217	250	95.2	+	0	0	250M	73000	828483
L	3230	250	*	*	*	*	*	2862781	*
H	3230	250	98.8	+	0	0	250M	70580	2862781
L	3681	250	*	*	*	*	*	1126009	*
H	3681	250	97.6	+	0	0	243MD6MI	64384	1126009
L	2560	250	*	*	*	*	*	5066	*
H	2560	250	95.2	+	0	0	250M	59721	5066
L	4227	250	*	*	*	*	*	4378410	*
H	4227	250	96.4	+	0	0	250M	58618	4378410
L	1993	250	*	*	*	*	*	151117	*
H	1993	250	93.2	+	0	0	250M	57758	151117
L	4199	250	*	*	*	*	*	4372695	*
H	4199	250	92.0	+	0	0	164MD85MI	49604	4372695
L	2324	250	*	*	*	*	*	49524	*
H	2324	250	96.4	+	0	0	250M	49602	49524
L	240	250	*	*	*	*	*	814161	*
H	240	250	90.8	+	0	0	250M	47887	814161
L	4143	250	*	*	*	*	*	4361518	*
H	4143	250	98.0	+	0	0	250M	46931	4361518
L	2544	250	*	*	*	*	*	6648	*
H	2544	250	92.8	+	0	0	250M	46257	6648
L	545	250	*	*	*	*	*	550415	*
H	545	250	96.8	+	0	0	250M	45962	550415
L	2992	250	*	*	*	*	*	1143602	*
H	2992	250	96.4	+	0	0	250M	41059	1143602
L	2474	250	*	*	*	*	*	10945	*
H	2474	250	97.6	+	0	0	250M	34757	10945
L	2316	250	*	*	*	*	*	51778	*
H	2316	250	98.4	+	0	0	250M	33768	51778
L	4415	250	*	*	*	*	*	4418394	*
H	4415	250	96.4	+	0	0	231MD18MI	33272	4418394
L	4179	250	*	*	*	*	*	4369634	*
H	4179	250	94.4	+	0	0	250M	32859	4369634
L	3549	250	*	*	*	*	*	826666	*
H	3549	250	94.4	+	0	0	124MD27MI12MI17MI13M2I52M4D	17261	826666
H	2313	250	91.2	+	0	0	250M	16013	53642
L	440	250	*	*	*	*	*	570232	*
H	440	250	98.0	+	0	0	250M	15851	570232
L	2422	250	*	*	*	*	*	14302	*
H	2422	250	96.4	+	0	0	250M	14304	14302
L	2080	250	*	*	*	*	*	132913	*
H	2080	250	95.2	+	0	0	250M	13568	132913
L	4243	250	*	*	*	*	*	4381192	*
H	4243	250	98.4	+	0	0	250M	13485	4381192
L	1136	250	*	*	*	*	*	299576	*
H	1136	250	97.2	+	0	0	250M	13467	299576
L	2476	250	*	*	*	*	*	10898	*
H	2476	250	93.6	+	0	0	250M	10865	10898
L	2482	250	*	*	*	*	*	10486	*
H	2482	250	92.0	+	0	0	138MI111MD	10485	10486
N	*	250	*	*	*	*	*	10430	*
L	600	250	*	*	*	*	*	534898	*
H	600	250	98.8	+	0	0	250M	9870	534898
L	2486	250	*	*	*	*	*	10180	*
H	2486	250	99.6	+	0	0	250M	9819	10180
L	2496	250	*	*	*	*	*	9504	*
H	2496	250	95.2	+	0	0	250M	9505	9504
L	2183	250	*	*	*	*	*	101788	*
H	2183	250	96.4	+	0	0	250M	9036	101788
L	2513	250	*	*	*	*	*	8105	*
H	2513	250	96.8	+	0	0	250M	8107	8105
H	2513	250	95.6	+	0	0	229MI20MD	8106	8105
L	2195	250	*	*	*	*	*	99452	*
H	2195	250	93.2	+	0	0	86MI53MI109M2D	7973	99452
L	2153	250	*	*	*	*	*	106310	*
H	2153	250	98.8	+	0	0	250M	7347	106310
L	32	250	*	*	*	*	*	1082059	*
H	32	250	95.2	+	0	0	250M	6357	1082059
L	272	250	*	*	*	*	*	749696	*
H	272	250	98.0	+	0	0	250M	6303	749696
L	1321	250	*	*	*	*	*	264269	*
H	1321	250	95.6	+	0	0	83MI35M2I129M3D	5583	264269
L	2585	250	*	*	*	*	*	3307	*
H	2585	250	92.8	+	0	0	175MI74MD	3308	3307
N	*	250	*	*	*	*	*	2599	*
L	162	250	*	*	*	*	*	903886	*
H	162	250	93.2	+	0	0	250M	2380	903886
L	2768	250	*	*	*	*	*	811912	*
H	2768	250	96.0	+	0	0	206MI43MD	1125402	811912
L	1020	250	*	*	*	*	*	326054	*
H	1020	250	98.0	+	0	0	250M	1553204	326054
L	3832	250	*	*	*	*	*	4295725	*
H	3832	250	98.8	+	0	0	250M	1136676	4295725
L	2514	250	*	*	*	*	*	8104	*
H	2514	250	96.8	+	0	0	250M	1128670	8104
L	3640	250	*	*	*	*	*	1137136	*
H	3640	250	98.8	+	0	0	250M	1137869	1137136
L	574	250	*	*	*	*	*	541894	*
H	574	250	98.8	+	0	0	250M	1139097	541894
L	2670	250	*	*	*	*	*	1137409	*
H	2670	250	96.0	+	0	0	250M	1129305	1137409
L	2744	250	*	*	*	*	*	1129461	*
H	2744	250	94.4	+	0	0	250M	1676137	1129461
L	3344	250	*	*	*	*	*	1131768	*
H	3344	250	98.0	+	0	0	250M	1123543	1131768
L	1286	250	*	*	*	*	*	269890	*
H	1286	250	90.0	+	0	0	250M	1720567	269890
L	4495	250	*	*	*	*	*	4435279	*
H	4495	250	99.6	+	0	0	250M	1143460	4435279
L	1415	250	*	*	*	*	*	247727	*
H	1415	250	95.2	+	0	0	176MI38MI34M2D	638076	247727
L	562	250	*	*	*	*	*	544868	*
H	562	250	98.8	+	0	0	250M	648692	544868
L	537	250	*	*	*	*	*	552143	*
H	537	250	98.0	+	0	0	42MD129MI78M	1136950	552143
L	2355	250	*	*	*	*	*	29533	*
H	2355	250	96.8	+	0	0	250M	24490	29533
L	742	250	*	*	*	*	*	471412	*
H	742	250	99.6	+	0	0	250M	1137471	471412
H	502	250	96.4	+	0	0	250M	1122363	558567
L	2460	250	*	*	*	*	*	12133	*
H	2460	250	98.8	+	0	0	250M	805980	12133
H	249	250	98.0	+	0	0	250M	1801172	804867
L	767	250	*	*	*	*	*	423025	*
H	767	250	100.0	+	0	0	250M	1124808	423025
L	4656	250	*	*	*	*	*	4467983	*
H	4656	250	95.6	+	0	0	250M	1842075	4467983
L	774	250	*	*	*	*	*	410549	*
H	774	250	100.0	+	0	0	250M	1138883	410549
H	3358	250	96.0	+	0	0	250M	1021172	3200278
H	767	250	94.4	+	0	0	250M	1126421	423025
L	763	250	*	*	*	*	*	430191	*
H	763	250	92.8	+	0	0	86MI108MI14MI39M3D	1922365	430191
L	4421	250	*	*	*	*	*	4419624	*
H	4421	250	98.4	+	0	0	250M	698294	4419624
L	2362	250	*	*	*	*	*	27188	*
H	2362	250	97.2	+	0	0	250M	2000709	27188
N	*	250	*	*	*	*	*	2000753	*
L	1974	250	*	*	*	*	*	156452	*
H	1974	250	95.6	+	0	0	250M	1142215	156452
L	2314	250	*	*	*	*	*	53467	*
H	2314	250	98.4	+	0	0	250M	1117497	53467
H	2819	250	98.0	+	0	0	94MI155MD	886264	952003
H	4725	250	95.6	+	0	0	171MI78MD	2085032	4480970
L	2428	250	*	*	*	*	*	14131	*
H	2428	250	91.6	+	0	0	250M	838196	14131
H	4233	250	99.6	+	0	0	250M	1119783	4379731
L	424	250	*	*	*	*	*	573179	*
H	424	250	98.0	+	0	0	250M	2106896	573179
L	3558	250	*	*	*	*	*	705241	*
H	3558	250	96.0	+	0	0	250M	611110	705241
L	714	250	*	*	*	*	*	513513	*
H	714	250	92.8	+	0	0	250M	721930	513513
L	3279	250	*	*	*	*	*	1072784	*
H	3279	250	97.2	+	0	0	250M	654051	1072784
N	*	250	*	*	*	*	*	2142514	*
L	3409	250	*	*	*	*	*	813469	*
H	3409	250	95.6	+	0	0	250M	1135553	813469
L	3611	250	*	*	*	*	*	1142026	*
H	3611	250	92.4	+	0	0	250M	811996	1142026
L	1194	250	*	*	*	*	*	290241	*
H	1194	250	92.4	+	0	0	250M	2234838	290241
L	1513	250	*	*	*	*	*	217386	*
H	1513	250	100.0	+	0	0	250M	1141633	217386
L	2014	250	*	*	*	*	*	146037	*
H	2014	250	92.0	+	0	0	250M	2265859	146037
L	3618	250	*	*	*	*	*	721199	*
H	3618	250	99.2	+	0	0	250M	1108701	721199
L	2169	250	*	*	*	*	*	104045	*
H	2169	250	98.4	+	0	0	250M	1138255	104045
H	3692	250	98.8	+	0	0	250M	2421587	784643
L	2157	250	*	*	*	*	*	105593	*
H	2157	250	98.8	+	0	0	250M	851932	105593
H	2022	250	97.2	+	0	0	250M	1131423	143784
L	2507	250	*	*	*	*	*	8898	*
H	2507	250	94.8	+	0	0	13MD236MI	1144898	8898
H	3558	250	95.2	+	0	0	250M	2635230	705241
L	3229	250	*	*	*	*	*	326714	*
H	3229	250	95.2	+	0	0	250M	1110313	326714
L	2814	250	*	*	*	*	*	1122588	*
H	2814	250	97.6	+	0	0	250M	711733	1122588
L	4384	250	*	*	*	*	*	4411366	*
H	4384	250	95.2	+	0	0	D249MI	1122362	4411366
L	2193	250	*	*	*	*	*	99951	*
H	2193	250	98.4	+	0	0	250M	1130616	99951
L	2101	250	*	*	*	*	*	119659	*
H	2101	250	98.8	+	0	0	250M	1128359	119659
L	1104	250	*	*	*	*	*	305278	*
H	1104	250	98.0	+	0	0	250M	826144	305278
L	1249	250	*	*	*	*	*	274900	*
H	1249	250	99.6	+	0	0	250M	1136256	274900
L	4105	250	*	*	*	*	*	4354266	*
H	4105	250	93.6	+	0	0	178MD71MI	2903258	4354266
L	4132	250	*	*	*	*	*	4360273	*
H	4132	250	99.6	+	0	0	250M	1140240	4360273
L	2935	250	*	*	*	*	*	2199910	*
H	2935	250	92.4	+	0	0	250M	1128226	2199910
L	4251	250	*	*	*	*	*	4383165	*
H	4251	250	94.8	+	0	0	250M	1126182	4383165
L	1647	250	*	*	*	*	*	191595	*
H	1647	250	94.0	+	0	0	133MI116MD	2990918	191595
N	*	250	*	*	*	*	*	3002161	*
L	466	250	*	*	*	*	*	565130	*
H	466	250	99.2	+	0	0	250M	1132232	565130
H	117	250	98.0	+	0	0	250M	1134316	961922
L	4312	250	*	*	*	*	*	4394966	*
H	4312	250	95.2	+	0	0	250M	1136795	4394966
L	3330	250	*	*	*	*	*	933356	*
H	3330	250	98.8	+	0	0	250M	1129841	933356
L	2724	250	*	*	*	*	*	1134626	*
H	2724	250	97.6	+	0	0	250M	1139148	1134626
L	2244	250	*	*	*	*	*	81397	*
H	2244	250	96.8	+	0	0	250M	1139304	81397
L	3861	250	*	*	*	*	*	4302223	*
H	3861	250	96.8	+	0	0	250M	758642	4302223
H	502	250	96.8	+	0	0	250M	1127853	558567
L	2413	250	*	*	*	*	*	14592	*
H	2413	250	98.0	+	0	0	250M	664205	14592
H	3879	250	98.4	+	0	0	250M	1135372	4305519
L	3303	250	*	*	*	*	*	3055791	*
H	3303	250	96.8	+	0	0	250M	790312	3055791
L	2816	250	*	*	*	*	*	1125228	*
H	2816	250	96.4	+	0	0	250M	3509164	1125228
L	2278	250	*	*	*	*	*	70057	*
H	2278	250	98.8	+	0	0	250M	1115975	70057
L	2659	250	*	*	*	*	*	643716	*
H	2659	250	96.0	+	0	0	250M	3549545	643716
N	*	250	*	*	*	*	*	1061071	*
L	2176	250	*	*	*	*	*	102222	*
H	2176	250	98.8	+	0	0	250M	1136710	102222
N	*	250	*	*	*	*	*	659124	*
L	2481	250	*	*	*	*	*	10660	*
H	2481	250	97.2	+	0	0	250M	1122480	10660
L	3147	250	*	*	*	*	*	1115889	*
H	3147	250	98.0	+	0	0	215MD34MI	1134462	1115889
L	1664	250	*	*	*	*	*	190032	*
H	1664	250	97.6	+	0	0	250M	3772088	190032
L	4459	250	*	*	*	*	*	4427434	*
H	4459	250	96.4	+	0	0	250M	3792581	4427434
L	1280	250	*	*	*	*	*	270229	*
H	1280	250	99.2	+	0	0	250M	1124784	270229
H	562	250	98.8	+	0	0	250M	1129883	544868
L	4153	250	*	*	*	*	*	4365006	*
H	4153	250	98.8	+	0	0	250M	1137224	4365006
L	2973	250	*	*	*	*	*	2291414	*
H	2973	250	98.8	+	0	0	250M	612512	2291414
L	2375	250	*	*	*	*	*	23566	*
H	2375	250	95.6	+	0	0	250M	821812	23566
L	2353	250	*	*	*	*	*	31319	*
H	2353	250	97.6	+	0	0	250M	1136972	31319
L	3373	250	*	*	*	*	*	3225199	*
H	3373	250	93.6	+	0	0	80M9D161M9I	4033821	3225199
H	3709	250	99.2	+	0	0	250M	4041571	4041568
L	4713	250	*	*	*	*	*	4478591	*
H	4713	250	93.2	+	0	0	123MD126MI	4042859	4478591
L	4201	250	*	*	*	*	*	4373910	*
H	4201	250	98.0	+	0	0	250M	1106060	4373910
L	4530	250	*	*	*	*	*	4443004	*
H	4530	250	96.8	+	0	0	250M	1139732	4443004
L	4366	250	*	*	*	*	*	4407974	*
H	4366	250	92.0	+	0	0	250M	836917	4407974
L	3798	250	*	*	*	*	*	1141542	*
H	3798	250	98.4	+	0	0	250M	1146685	1141542
H	453	250	95.2	+	0	0	250M	4143457	567972
H	2014	250	98.4	+	0	0	243MD6MI	4153526	146037
H	3640	250	99.2	+	0	0	250M	4154525	1137136
L	2702	250	*	*	*	*	*	1730876	*
H	2702	250	91.6	+	0	0	250M	1134116	1730876
H	3745	250	98.8	+	0	0	250M	836450	1105883
L	3342	250	*	*	*	*	*	3172850	*
H	3342	250	93.2	+	0	0	231MI18MD	4238525	3172850
L	3727	250	*	*	*	*	*	1143479	*
H	3727	250	97.2	+	0	0	250M	1145893	1143479
L	2487	250	*	*	*	*	*	9961	*
H	2487	250	92.8	+	0	0	250M	4270977	9961
L	3537	250	*	*	*	*	*	1143368	*
H	3537	250	95.6	+	0	0	129MD120MI	4282872	1143368
L	4311	250	*	*	*	*	*	4394897	*
H	4311	250	97.2	+	0	0	250M	4305580	4394897
L	1782	250	*	*	*	*	*	181589	*
H	1782	250	99.2	+	0	0	250M	4306201	181589
L	474	250	*	*	*	*	*	563536	*
H	474	250	95.2	+	0	0	8MD13M2D75MD150M4I	4306202	563536
L	4593	250	*	*	*	*	*	4457669	*
H	4593	250	94.8	+	0	0	250M	4306829	4457669
L	2658	250	*	*	*	*	*	623190	*
H	2658	250	98.4	+	0	0	250M	4307258	623190
H	453	250	96.4	+	0	0	250M	4307897	567972
L	1934	250	*	*	*	*	*	162604	*
H	1934	250	97.6	+	0	0	195MI54MD	4327628	162604
L	3960	250	*	*	*	*	*	4323871	*
H	3960	250	98.8	+	0	0	250M	4328432	4323871
H	440	250	98.0	+	0	0	124MD125MI	4331684	570232
H	117	250	98.4	+	0	0	250M	4331976	961922
L	1450	250	*	*	*	*	*	239924	*
H	1450	250	98.8	+	0	0	10MD13MD15MD209M3I	4339214	239924
L	4170	250	*	*	*	*	*	4367260	*
H	4170	250	92.4	+	0	0	250M	4339256	4367260
H	3727	250	97.6	+	0	0	250M	4339627	1143479
L	1912	250	*	*	*	*	*	168194	*
H	1912	250	98.4	+	0	0	250M	4342039	168194
L	2017	250	*	*	*	*	*	144720	*
H	2017	250	93.6	+	0	0	250M	4344241	144720
L	3408	250	*	*	*	*	*	1122610	*
H	3408	250	95.6	+	0	0	250M	4355275	1122610
L	2045	250	*	*	*	*	*	139504	*
H	2045	250	94.0	+	0	0	250M	4355718	139504
L	3081	250	*	*	*	*	*	816529	*
H	3081	250	98.8	+	0	0	250M	725990	816529
L	2137	250	*	*	*	*	*	107976	*
H	2137	250	96.4	+	0	0	250M	4362383	107976
L	1890	250	*	*	*	*	*	173486	*
H	1890	250	98.0	+	0	0	250M	4362470	173486
L	2411	250	*	*	*	*	*	14615	*
H	2411	250	97.6	+	0	0	123MI126MD	4363413	14615
L	1519	250	*	*	*	*	*	212584	*
H	1519	250	100.0	+	0	0	250M	4364892	212584
L	2420	250	*	*	*	*	*	14348	*
H	2420	250	92.8	+	0	0	210MD39MI	4365806	14348
H	117	250	97.2	+	0	0	250M	4367385	961922
L	1850	250	*	*	*	*	*	176156	*
H	1850	250	93.6	+	0	0	42MD30MD176M2I	4368040	176156
L	1016	250	*	*	*	*	*	327895	*
H	1016	250	98.0	+	0	0	250M	4369819	327895
L	1509	250	*	*	*	*	*	218254	*
H	1509	250	99.2	+	0	0	128MD76MD44M2I	4385067	218254
L	3233	250	*	*	*	*	*	2874742	*
H	3233	250	98.4	+	0	0	14MD15MD28MD107MD82M4I	4386115	2874742
L	3708	250	*	*	*	*	*	4028751	*
H	3708	250	94.8	+	0	0	250M	4388908	4028751
L	1074	250	*	*	*	*	*	311564	*
H	1074	250	91.2	+	0	0	250M	4390966	311564
L	3817	250	*	*	*	*	*	4270835	*
H	3817	250	99.6	+	0	0	250M	4393352	4270835
L	4020	250	*	*	*	*	*	4337455	*
H	4020	250	98.4	+	0	0	250M	4394104	4337455
H	1104	250	95.6	+	0	0	250M	4397087	305278
H	1528	250	100.0	+	0	0	250M	4403542	210269
L	683	250	*	*	*	*	*	518743	*
H	683	250	98.4	+	0	0	250M	4403854	518743
H	237	250	94.8	+	0	0	250M	4404095	817013
L	4339	250	*	*	*	*	*	4401868	*
H	4339	250	96.4	+	0	0	113M2I31MD104MD	4410244	4401868
H	4725	250	94.4	+	0	0	250M	4414420	4480970
H	117	250	97.2	+	0	0	250M	4414785	961922
H	2413	250	96.4	+	0	0	250M	4415616	14592
L	3490	250	*	*	*	*	*	1127789	*
H	3490	250	97.6	+	0	0	250M	4416658	1127789
L	1669	250	*	*	*	*	*	189772	*
H	1669	250	97.2	+	0	0	250M	4416988	189772
L	564	250	*	*	*	*	*	544824	*
H	564	250	100.0	+	0	0	250M	4418165	544824
L	214	250	*	*	*	*	*	832772	*
H	214	250	97.6	+	0	0	250M	4419566	832772
L	4646	250	*	*	*	*	*	4466720	*
H	4646	250	94.4	+	0	0	222MI27MD	4423885	4466720
L	898	250	*	*	*	*	*	352468	*
H	898	250	97.2	+	0	0	250M	4423978	352468
L	3455	250	*	*	*	*	*	681370	*
H	3455	250	98.0	+	0	0	111MI138MD	4426298	681370
L	3931	250	*	*	*	*	*	4318406	*
H	3931	250	96.4	+	0	0	250M	4431461	4318406
L	3959	250	*	*	*	*	*	4323865	*
H	3959	250	96.8	+	0	0	250M	4431592	4323865
H	453	250	94.0	+	0	0	27MD53MD168M2I	4431828	567972
L	489	250	*	*	*	*	*	560064	*
H	489	250	100.0	+	0	0	250M	4431959	560064
H	424	250	97.6	+	0	0	250M	4433053	573179
L	2776	250	*	*	*	*	*	794652	*
H	2776	250	94.4	+	0	0	250M	4433760	794652
L	2515	250	*	*	*	*	*	8091	*
H	2515	250	97.6	+	0	0	250M	4434051	8091
L	4497	250	*	*	*	*	*	4435425	*
H	4497	250	98.0	+	0	0	250M	4435422	4435425
H	2997	250	96.4	+	0	0	250M	4442407	1114718
N	*	250	*	*	*	*	*	4447514	*
N	*	250	*	*	*	*	*	4454839	*
H	2278	250	100.0	+	0	0	250M	4455242	70057
L	4019	250	*	*	*	*	*	4337248	*
H	4019	250	95.6	+	0	0	250M	4455298	4337248
L	2603	250	*	*	*	*	*	1174	*
H	2603	250	97.2	+	0	0	250M	4456166	1174
L	4158	250	*	*	*	*	*	4365357	*
H	4158	250	95.6	+	0	0	231MI18MD	4456787	4365357
H	562	250	98.0	+	0	0	250M	4458861	544868
H	1342	250	98.8	+	0	0	25M2I9MI213M3D	4467430	262377
L	805	250	*	*	*	*	*	372473	*
H	805	250	97.6	+	0	0	250M	4468024	372473
L	3604	250	*	*	*	*	*	727220	*
H	3604	250	100.0	+	0	0	250M	4469214	727220
L	2900	250	*	*	*	*	*	1134197	*
H	2900	250	97.2	+	0	0	30MI127MI91M2D	4473250	1134197
H	453	250	96.4	+	0	0	250M	4473883	567972
L	3250	250	*	*	*	*	*	2922812	*
H	3250	250	98.0	+	0	0	250M	4474582	2922812
H	4143	250	99.2	+	0	0	250M	4475144	4361518
L	3254	250	*	*	*	*	*	2938850	*
H	3254	250	94.0	+	0	0	250M	4477989	2938850
L	4064	250	*	*	*	*	*	4347834	*
H	4064	250	99.6	+	0	0	250M	4482362	4347834
L	4853	250	*	*	*	*	*	4176865	*
H	4853	250	92.0	+	0	0	250M	1107197	4176865
L	4767	250	*	*	*	*	*	548723	*
H	4767	250	95.6	+	0	0	250M	714724	548723
L	4765	250	*	*	*	*	*	551722	*
H	4765	250	95.2	+	0	0	250M	679966	551722
L	4874	250	*	*	*	*	*	4437047	*
H	4874	250	90.8	+	0	0	250M	629776	4437047
N	*	250	*	*	*	*	*	557548	*
L	4826	250	*	*	*	*	*	1132808	*
H	4826	250	99.6	+	0	0	250M	241978	1132808
L	4844	250	*	*	*	*	*	1136152	*
H	4844	250	96.4	+	0	0	250M	142373	1136152
N	*	250	*	*	*	*	*	33887	*
L	4830	250	*	*	*	*	*	1135040	*
H	4830	250	96.8	+	0	0	250M	790	1135040
L	4822	250	*	*	*	*	*	1128360	*
H	4822	250	95.2	+	0	0	250M	329	1128360
L	4797	250	*	*	*	*	*	101553	*
H	4797	250	96.0	+	0	0	250M	177	101553
L	4801	250	*	*	*	*	*	47968	*
H	4801	250	94.8	+	0	0	250M	692586	47968
L	4820	250	*	*	*	*	*	633056	*
H	4820	250	92.4	+	0	0	250M	813104	633056
H	4801	250	91.6	+	0	0	250M	812297	47968
H	4874	250	95.6	+	0	0	250M	3862609	4437047
L	4845	250	*	*	*	*	*	643724	*
H	4845	250	96.4	+	0	0	250M	544733	643724
L	4756	250	*	*	*	*	*	686537	*
H	4756	250	94.0	+	0	0	250M	4308349	686537
L	4769	250	*	*	*	*	*	542454	*
H	4769	250	94.4	+	0	0	250M	4315401	542454
L	4751	250	*	*	*	*	*	798060	*
H	4751	250	99.6	+	0	0	250M	4338133	798060
H	4830	250	97.6	+	0	0	250M	4344999	1135040
L	4860	250	*	*	*	*	*	4338137	*
H	4860	250	90.4	+	0	0	250M	4404369	4338137
L	4746	250	*	*	*	*	*	1106734	*
H	4746	250	94.4	+	0	0	250M	4463497	1106734
L	4847	250	*	*	*	*	*	1114397	*
H	4847	250	90.4	+	0	0	250M	4463937	1114397
H	4765	250	92.4	+	0	0	250M	4474546	551722
D	32	2	*	*	*	*	95.2	1082059	*
D	56	2	*	*	*	*	98.8	1049387	*
D	117	6	*	*	*	*	98.1	961922	*
D	141	2	*	*	*	*	90.8	929836	*
D	162	2	*	*	*	*	93.2	903886	*
D	214	2	*	*	*	*	97.6	832772	*
D	217	2	*	*	*	*	95.2	828483	*
D	237	3	*	*	*	*	95.4	817013	*
D	240	2	*	*	*	*	90.8	814161	*
D	249	3	*	*	*	*	95.2	804867	*
D	272	2	*	*	*	*	98.0	749696	*
D	291	2	*	*	*	*	97.6	719343	*
D	315	2	*	*	*	*	98.4	667570	*
D	341	2	*	*	*	*	96.0	606927	*
D	424	3	*	*	*	*	97.8	573179	*
D	440	3	*	*	*	*	98.0	570232	*
D	453	6	*	*	*	*	95.3	567972	*
D	455	2	*	*	*	*	99.6	567725	*
D	466	2	*	*	*	*	99.2	565130	*
D	474	2	*	*	*	*	95.2	563536	*
D	489	2	*	*	*	*	100.0	560064	*
D	502	4	*	*	*	*	95.5	558567	*
D	504	3	*	*	*	*	95.6	557875	*
D	537	2	*	*	*	*	98.0	552143	*
D	542	2	*	*	*	*	98.0	550712	*
D	545	2	*	*	*	*	96.8	550415	*
D	556	2	*	*	*	*	99.6	547806	*
D	562	4	*	*	*	*	98.5	544868	*
D	564	2	*	*	*	*	100.0	544824	*
D	574	2	*	*	*	*	98.8	541894	*
D	576	2	*	*	*	*	93.6	540623	*
D	594	2	*	*	*	*	97.2	535932	*
D	600	2	*	*	*	*	98.8	534898	*
D	608	3	*	*	*	*	97.8	533511	*
D	683	2	*	*	*	*	98.4	518743	*
D	714	2	*	*	*	*	92.8	513513	*
D	742	2	*	*	*	*	99.6	471412	*
D	743	2	*	*	*	*	92.8	469663	*
D	763	2	*	*	*	*	92.8	430191	*
D	767	3	*	*	*	*	97.2	423025	*
D	773	2	*	*	*	*	94.0	411486	*
D	774	2	*	*	*	*	100.0	410549	*
D	805	2	*	*	*	*	97.6	372473	*
D	890	3	*	*	*	*	96.8	354256	*
D	898	2	*	*	*	*	97.2	352468	*
D	947	2	*	*	*	*	99.6	343239	*
D	1015	2	*	*	*	*	98.8	328035	*
D	1016	2	*	*	*	*	98.0	327895	*
D	1020	2	*	*	*	*	98.0	326054	*
D	1074	2	*	*	*	*	91.2	311564	*
D	1104	3	*	*	*	*	96.8	305278	*
D	1109	2	*	*	*	*	90.4	304724	*
D	1136	2	*	*	*	*	97.2	299576	*
D	1194	2	*	*	*	*	92.4	290241	*
D	1227	2	*	*	*	*	91.6	282549	*
D	1235	2	*	*	*	*	98.4	277682	*
D	1249	2	*	*	*	*	99.6	274900	*
D	1280	2	*	*	*	*	99.2	270229	*
D	1286	2	*	*	*	*	90.0	269890	*
D	1321	2	*	*	*	*	95.6	264269	*
D	1342	3	*	*	*	*	99.0	262377	*
D	1406	2	*	*	*	*	99.2	250136	*
D	1415	2	*	*	*	*	95.2	247727	*
D	1445	2	*	*	*	*	97.2	240661	*
D	1450	2	*	*	*	*	98.8	239924	*
D	1468	2	*	*	*	*	99.2	236778	*
D	1509	2	*	*	*	*	99.2	218254	*
D	1513	2	*	*	*	*	100.0	217386	*
D	1519	2	*	*	*	*	100.0	212584	*
D	1528	4	*	*	*	*	98.7	210269	*
D	1542	2	*	*	*	*	94.8	203166	*
D	1634	2	*	*	*	*	94.4	192795	*
D	1647	2	*	*	*	*	94.0	191595	*
D	1664	2	*	*	*	*	97.6	190032	*
D	1669	2	*	*	*	*	97.2	189772	*
D	1714	2	*	*	*	*	92.8	186275	*
D	1781	2	*	*	*	*	90.8	181641	*
D	1782	2	*	*	*	*	99.2	181589	*
D	1850	2	*	*	*	*	93.6	176156	*
D	1866	2	*	*	*	*	90.4	175290	*
D	1867	2	*	*	*	*	99.2	175108	*
D	1890	2	*	*	*	*	98.0	173486	*
D	1912	2	*	*	*	*	98.4	168194	*
D	1934	2	*	*	*	*	97.6	162604	*
D	1974	2	*	*	*	*	95.6	156452	*
D	1975	2	*	*	*	*	96.4	156357	*
D	1988	2	*	*	*	*	96.8	152001	*
D	1993	2	*	*	*	*	93.2	151117	*
D	2014	3	*	*	*	*	95.2	146037	*
D	2017	2	*	*	*	*	93.6	144720	*
D	2022	3	*	*	*	*	95.6	143784	*
D	2045	2	*	*	*	*	94.0	139504	*
D	2054	2	*	*	*	*	94.8	138056	*
D	2080	2	*	*	*	*	95.2	132913	*
D	2098	2	*	*	*	*	95.2	125947	*
D	2101	2	*	*	*	*	98.8	119659	*
D	2137	2	*	*	*	*	96.4	107976	*
D	2153	2	*	*	*	*	98.8	106310	*
D	2157	2	*	*	*	*	98.8	105593	*
D	2169	2	*	*	*	*	98.4	104045	*
D	2176	2	*	*	*	*	98.8	102222	*
D	2182	2	*	*	*	*	90.8	101860	*
D	2183	2	*	*	*	*	96.4	101788	*
D	2187	2	*	*	*	*	99.6	100650	*
D	2193	2	*	*	*	*	98.4	99951	*
D	2195	2	*	*	*	*	93.2	99452	*
D	2216	2	*	*	*	*	98.8	92231	*
D	2235	2	*	*	*	*	94.4	84396	*
D	2244	2	*	*	*	*	96.8	81397	*
D	2249	2	*	*	*	*	96.8	79540	*
D	2278	3	*	*	*	*	99.4	70057	*
D	2289	2	*	*	*	*	98.4	67228	*
D	2290	2	*	*	*	*	98.0	66026	*
D	2313	3	*	*	*	*	93.4	53642	*
D	2314	2	*	*	*	*	98.4	53467	*
D	2316	2	*	*	*	*	98.4	51778	*
D	2324	2	*	*	*	*	96.4	49524	*
D	2353	2	*	*	*	*	97.6	31319	*
D	2355	2	*	*	*	*	96.8	29533	*
D	2362	2	*	*	*	*	97.2	27188	*
D	2365	2	*	*	*	*	96.8	26799	*
D	2375	2	*	*	*	*	95.6	23566	*
D	2395	2	*	*	*	*	98.4	16054	*
D	2400	2	*	*	*	*	96.4	15740	*
D	2411	2	*	*	*	*	97.6	14615	*
D	2413	3	*	*	*	*	97.2	14592	*
D	2417	2	*	*	*	*	98.4	14500	*
D	2420	2	*	*	*	*	92.8	14348	*
D	2422	2	*	*	*	*	96.4	14302	*
D	2428	2	*	*	*	*	91.6	14131	*
D	2448	2	*	*	*	*	98.0	12702	*
D	2460	2	*	*	*	*	98.8	12133	*
D	2474	2	*	*	*	*	97.6	10945	*
D	2476	2	*	*	*	*	93.6	10898	*
D	2481	2	*	*	*	*	97.2	10660	*
D	2482	2	*	*	*	*	92.0	10486	*
D	2486	2	*	*	*	*	99.6	10180	*
D	2487	2	*	*	*	*	92.8	9961	*
D	2496	2	*	*	*	*	95.2	9504	*
D	2500	2	*	*	*	*	97.6	9252	*
D	2507	2	*	*	*	*	94.8	8898	*
D	2508	2	*	*	*	*	98.0	8849	*
D	2513	3	*	*	*	*	96.2	8105	*
D	2514	2	*	*	*	*	96.8	8104	*
D	2515	2	*	*	*	*	97.6	8091	*
D	2516	2	*	*	*	*	93.2	8035	*
D	2520	2	*	*	*	*	94.4	8001	*
D	2540	2	*	*	*	*	100.0	7316	*
D	2544	2	*	*	*	*	92.8	6648	*
D	2558	2	*	*	*	*	95.2	5441	*
D	2560	2	*	*	*	*	95.2	5066	*
D	2585	2	*	*	*	*	92.8	3307	*
D	2603	2	*	*	*	*	97.2	1174	*
D	2639	2	*	*	*	*	97.2	1145943	*
D	2658	2	*	*	*	*	98.4	623190	*
D	2659	2	*	*	*	*	96.0	643716	*
D	2670	2	*	*	*	*	96.0	1137409	*
D	2675	2	*	*	*	*	92.0	1679577	*
D	2683	2	*	*	*	*	99.2	1115140	*
D	2702	2	*	*	*	*	91.6	1730876	*
D	2724	2	*	*	*	*	97.6	1134626	*
D	2734	2	*	*	*	*	90.4	1801170	*
D	2744	2	*	*	*	*	94.4	1129461	*
D	2768	2	*	*	*	*	96.0	811912	*
D	2769	2	*	*	*	*	96.4	709363	*
D	2776	2	*	*	*	*	94.4	794652	*
D	2814	2	*	*	*	*	97.6	1122588	*
D	2816	2	*	*	*	*	96.4	1125228	*
D	2818	2	*	*	*	*	96.8	1954303	*
D	2819	3	*	*	*	*	97.8	952003	*
D	2829	2	*	*	*	*	94.0	1126194	*
D	2861	2	*	*	*	*	92.4	2046080	*
D	2900	2	*	*	*	*	97.2	1134197	*
D	2928	3	*	*	*	*	97.4	1121753	*
D	2935	2	*	*	*	*	92.4	2199910	*
D	2973	2	*	*	*	*	98.8	2291414	*
D	2979	2	*	*	*	*	94.8	1007399	*
D	2992	2	*	*	*	*	96.4	1143602	*
D	2997	3	*	*	*	*	96.0	1114718	*
D	3045	2	*	*	*	*	90.4	804160	*
D	3051	2	*	*	*	*	97.2	2461583	*
D	3081	2	*	*	*	*	98.8	816529	*
D	3147	2	*	*	*	*	98.0	1115889	*
D	3160	2	*	*	*	*	94.4	1141541	*
D	3171	2	*	*	*	*	91.2	1121558	*
D	3177	2	*	*	*	*	92.4	2730944	*
D	3188	2	*	*	*	*	92.8	625693	*
D	3222	2	*	*	*	*	97.6	1122081	*
D	3229	2	*	*	*	*	95.2	326714	*
D	3230	2	*	*	*	*	98.8	2862781	*
D	3233	2	*	*	*	*	98.4	2874742	*
D	3250	2	*	*	*	*	98.0	2922812	*
D	3254	2	*	*	*	*	94.0	2938850	*
D	3279	2	*	*	*	*	97.2	1072784	*
D	3303	2	*	*	*	*	96.8	3055791	*
D	3330	2	*	*	*	*	98.8	933356	*
D	3342	2	*	*	*	*	93.2	3172850	*
D	3344	2	*	*	*	*	98.0	1131768	*
D	3358	3	*	*	*	*	97.4	3200278	*
D	3373	2	*	*	*	*	93.6	3225199	*
D	3408	2	*	*	*	*	95.6	1122610	*
D	3409	2	*	*	*	*	95.6	813469	*
D	3419	2	*	*	*	*	98.0	1131597	*
D	3438	2	*	*	*	*	100.0	761592	*
D	3444	2	*	*	*	*	98.4	1135946	*
D	3449	2	*	*	*	*	97.6	790610	*
D	3455	2	*	*	*	*	98.0	681370	*
D	3465	2	*	*	*	*	98.4	1140356	*
D	3490	2	*	*	*	*	97.6	1127789	*
D	3492	2	*	*	*	*	90.4	3485581	*
D	3537	2	*	*	*	*	95.6	1143368	*
D	3543	2	*	*	*	*	96.4	1129599	*
D	3546	2	*	*	*	*	99.2	821185	*
D	3549	2	*	*	*	*	94.4	826666	*
D	3558	3	*	*	*	*	95.6	705241	*
D	3604	2	*	*	*	*	100.0	727220	*
D	3611	2	*	*	*	*	92.4	1142026	*
D	3612	2	*	*	*	*	99.6	3761170	*
D	3618	2	*	*	*	*	99.2	721199	*
D	3640	3	*	*	*	*	99.0	1137136	*
D	3681	2	*	*	*	*	97.6	1126009	*
D	3692	4	*	*	*	*	96.8	784643	*
D	3706	2	*	*	*	*	98.0	776873	*
D	3708	2	*	*	*	*	94.8	4028751	*
D	3709	3	*	*	*	*	99.2	4041568	*
D	3722	2	*	*	*	*	97.6	1109067	*
D	3727	3	*	*	*	*	97.4	1143479	*
D	3745	3	*	*	*	*	98.6	1105883	*
D	3746	2	*	*	*	*	93.2	1131221	*
D	3752	2	*	*	*	*	97.6	1121107	*
D	3762	2	*	*	*	*	99.6	1123994	*
D	3798	2	*	*	*	*	98.4	1141542	*
D	3817	2	*	*	*	*	99.6	4270835	*
D	3832	2	*	*	*	*	98.8	4295725	*
D	3856	2	*	*	*	*	95.2	4300883	*
D	3861	2	*	*	*	*	96.8	4302223	*
D	3879	3	*	*	*	*	97.4	4305519	*
D	3931	2	*	*	*	*	96.4	4318406	*
D	3959	2	*	*	*	*	96.8	4323865	*
D	3960	2	*	*	*	*	98.8	4323871	*
D	3964	2	*	*	*	*	97.6	4324649	*
D	4019	2	*	*	*	*	95.6	4337248	*
D	4020	2	*	*	*	*	98.4	4337455	*
D	4029	2	*	*	*	*	94.4	4339348	*
D	4057	2	*	*	*	*	97.6	4347159	*
D	4064	2	*	*	*	*	99.6	4347834	*
D	4068	2	*	*	*	*	99.2	4348253	*
D	4105	2	*	*	*	*	93.6	4354266	*
D	4132	2	*	*	*	*	99.6	4360273	*
D	4143	3	*	*	*	*	98.6	4361518	*
D	4152	2	*	*	*	*	90.4	4364813	*
D	4153	2	*	*	*	*	98.8	4365006	*
D	4158	2	*	*	*	*	95.6	4365357	*
D	4170	2	*	*	*	*	92.4	4367260	*
D	4179	2	*	*	*	*	94.4	4369634	*
D	4199	2	*	*	*	*	92.0	4372695	*
D	4201	2	*	*	*	*	98.0	4373910	*
D	4227	2	*	*	*	*	96.4	4378410	*
D	4233	3	*	*	*	*	96.8	4379731	*
D	4237	2	*	*	*	*	96.8	4380413	*
D	4243	2	*	*	*	*	98.4	4381192	*
D	4251	2	*	*	*	*	94.8	4383165	*
D	4283	2	*	*	*	*	96.0	4389142	*
D	4311	2	*	*	*	*	97.2	4394897	*
D	4312	2	*	*	*	*	95.2	4394966	*
D	4314	2	*	*	*	*	99.6	4395096	*
D	4336	2	*	*	*	*	94.0	4400789	*
D	4339	2	*	*	*	*	96.4	4401868	*
D	4366	2	*	*	*	*	92.0	4407974	*
D	4384	2	*	*	*	*	95.2	4411366	*
D	4385	2	*	*	*	*	96.4	4411367	*
D	4415	2	*	*	*	*	96.4	4418394	*
D	4421	2	*	*	*	*	98.4	4419624	*
D	4448	2	*	*	*	*	99.6	4426296	*
D	4459	2	*	*	*	*	96.4	4427434	*
D	4495	2	*	*	*	*	99.6	4435279	*
D	4497	2	*	*	*	*	98.0	4435425	*
D	4500	2	*	*	*	*	96.8	4435982	*
D	4530	2	*	*	*	*	96.8	4443004	*
D	4539	2	*	*	*	*	94.4	4447124	*
D	4589	2	*	*	*	*	98.4	4456892	*
D	4593	2	*	*	*	*	94.8	4457669	*
D	4609	2	*	*	*	*	98.0	4460024	*
D	4616	2	*	*	*	*	97.6	4461879	*
D	4646	2	*	*	*	*	94.4	4466720	*
D	4656	2	*	*	*	*	95.6	4467983	*
D	4664	2	*	*	*	*	92.8	4469781	*
D	4713	2	*	*	*	*	93.2	4478591	*
D	4717	3	*	*	*	*	94.4	4479467	*
D	4722	2	*	*	*	*	99.2	4480189	*
D	4725	4	*	*	*	*	94.8	4480970	*
D	4746	2	*	*	*	*	94.4	1106734	*
D	4751	2	*	*	*	*	99.6	798060	*
D	4756	2	*	*	*	*	94.0	686537	*
D	4765	3	*	*	*	*	93.8	551722	*
D	4767	2	*	*	*	*	95.6	548723	*
D	4769	2	*	*	*	*	94.4	542454	*
D	4797	2	*	*	*	*	96.0	101553	*
D	4801	3	*	*	*	*	93.2	47968	*
D	4820	2	*	*	*	*	92.4	633056	*
D	4822	2	*	*	*	*	95.2	1128360	*
D	4826	2	*	*	*	*	99.6	1132808	*
D	4830	3	*	*	*	*	97.2	1135040	*
D	4844	2	*	*	*	*	96.4	1136152	*
D	4845	2	*	*	*	*	96.4	643724	*
D	4847	2	*	*	*	*	90.4	1114397	*
D	4853	2	*	*	*	*	92.0	4176865	*
D	4860	2	*	*	*	*	90.4	4338137	*
D	4874	3	*	*	*	*	93.2	4437047	*
