UclustConsensusTaxonAssigner parameters:
id_to_taxonomy_filepath:/Users/nbokulich/Desktop/projects/short-read-tax-assignment/data/simulated-community/B1-REF-iter2/ref_taxa.tsv
id_to_taxonomy_fp:/Users/nbokulich/Desktop/projects/short-read-tax-assignment/data/simulated-community/B1-REF-iter2/ref_taxa.tsv
max_accepts:5
min_consensus_fraction:0.76
reference_sequences_fp:/Users/nbokulich/Desktop/projects/short-read-tax-assignment/data/simulated-community/B1-REF-iter2/ref_seqs.fasta
similarity:0.9
unassignable_label:Unassigned
Result path: /var/folders/0t/l1dz88p50y91vx_22fx5w3780000gn/T/assign-taxAUf5c9

.uc file contents:

# uclust --input /Users/nbokulich/Desktop/projects/short-read-tax-assignment/data/simulated-community/B1-REF-iter2/query.fasta --id 0.9 --rev --maxaccepts 5 --allhits --libonly --lib /Users/nbokulich/Desktop/projects/short-read-tax-assignment/data/simulated-community/B1-REF-iter2/ref_seqs.fasta --uc /var/folders/0t/l1dz88p50y91vx_22fx5w3780000gn/T/UclustConsensusTaxonAssigner_3wfquB.uc
# version=1.2.22
# Tab-separated fields:
# 1=Type, 2=ClusterNr, 3=SeqLength or ClusterSize, 4=PctId, 5=Strand, 6=QueryStart, 7=SeedStart, 8=Alignment, 9=QueryLabel, 10=TargetLabel
# Record types (field 1): L=LibSeed, S=NewSeed, H=Hit, R=Reject, D=LibCluster, C=NewCluster, N=NoHit
# For C and D types, PctId is average id with seed.
# QueryStart and SeedStart are zero-based relative to start of sequence.
# If minus strand, SeedStart is relative to reverse-complemented seed.
L	3932	250	*	*	*	*	*	1086672	*
H	3932	250	100.0	+	0	0	250M	1110799	1086672
L	3767	250	*	*	*	*	*	2579939	*
H	3767	250	99.2	+	0	0	250M	1110799	2579939
L	4152	250	*	*	*	*	*	1110646	*
H	4152	250	93.6	+	0	0	250M	1110799	1110646
L	3071	250	*	*	*	*	*	7509	*
H	3071	250	95.2	+	0	0	250M	1110799	7509
L	102	250	*	*	*	*	*	1000444	*
H	102	250	95.2	+	0	0	250M	1110799	1000444
L	1826	250	*	*	*	*	*	222818	*
H	1826	250	96.8	+	0	0	2D15MI233MI	1102814	222818
L	961	250	*	*	*	*	*	386088	*
H	961	250	97.6	+	0	0	250M	1102814	386088
L	4031	250	*	*	*	*	*	925397	*
H	4031	250	95.6	+	0	0	250M	1102814	925397
L	5066	250	*	*	*	*	*	4369372	*
H	5066	250	94.4	+	0	0	141MI108MD	1102814	4369372
L	107	250	*	*	*	*	*	992354	*
H	107	250	95.2	+	0	0	250M	1102814	992354
L	281	250	*	*	*	*	*	812790	*
H	281	250	94.8	+	0	0	250M	1083016	812790
L	3893	250	*	*	*	*	*	1139117	*
H	3893	250	95.2	+	0	0	250M	1083016	1139117
L	2351	250	*	*	*	*	*	160203	*
H	2351	250	92.0	+	0	0	9D23MI40MI20MI158M6I	1083016	160203
L	545	250	*	*	*	*	*	567669	*
H	545	250	94.8	+	0	0	250M	1083016	567669
L	4371	250	*	*	*	*	*	676509	*
H	4371	250	94.4	+	0	0	14MI235MD	1083016	676509
L	4741	250	*	*	*	*	*	4312974	*
H	4741	250	98.0	+	0	0	250M	1073436	4312974
L	1067	250	*	*	*	*	*	354839	*
H	1067	250	97.6	+	0	0	250M	1073436	354839
L	2158	250	*	*	*	*	*	181589	*
H	2158	250	97.6	+	0	0	250M	1073436	181589
L	18	250	*	*	*	*	*	1103964	*
H	18	250	97.6	+	0	0	250M	1073436	1103964
L	4704	250	*	*	*	*	*	4306201	*
H	4704	250	97.6	+	0	0	250M	1073436	4306201
L	4494	250	*	*	*	*	*	902903	*
H	4494	250	99.2	+	0	0	250M	1043951	902903
L	3264	250	*	*	*	*	*	1042485	*
H	3264	250	98.8	+	0	0	250M	1043951	1042485
L	3567	250	*	*	*	*	*	918139	*
H	3567	250	98.8	+	0	0	250M	1043951	918139
L	4556	250	*	*	*	*	*	861595	*
H	4556	250	98.8	+	0	0	250M	1043951	861595
L	4053	250	*	*	*	*	*	992022	*
H	4053	250	98.0	+	0	0	250M	1043951	992022
L	2975	250	*	*	*	*	*	12520	*
H	2975	250	98.0	+	0	0	250M	1028133	12520
L	5590	250	*	*	*	*	*	4456894	*
H	5590	250	98.0	+	0	0	250M	1028133	4456894
L	4481	250	*	*	*	*	*	776873	*
H	4481	250	98.0	+	0	0	250M	1028133	776873
L	5521	250	*	*	*	*	*	4446686	*
H	5521	250	97.2	+	0	0	250M	1028133	4446686
L	3257	250	*	*	*	*	*	276481	*
H	3257	250	97.6	+	0	0	197MI18MD34M	1028133	276481
L	4731	250	*	*	*	*	*	4310398	*
H	4731	250	99.2	+	0	0	250M	999477	4310398
L	3692	250	*	*	*	*	*	898309	*
H	3692	250	99.2	+	0	0	250M	999477	898309
L	91	250	*	*	*	*	*	1012376	*
H	91	250	96.0	+	0	0	49MD200MI	999477	1012376
L	4134	250	*	*	*	*	*	1086036	*
H	4134	250	94.4	+	0	0	95MD154MI	999477	1086036
L	61	250	*	*	*	*	*	1052181	*
H	61	250	92.8	+	0	0	78MD171MI	999477	1052181
L	3674	250	*	*	*	*	*	2421587	*
H	3674	250	98.4	+	0	0	D249MI	824723	2421587
L	4465	250	*	*	*	*	*	784643	*
H	4465	250	97.2	+	0	0	D249MI	824723	784643
L	5268	250	*	*	*	*	*	4400789	*
H	5268	250	96.4	+	0	0	D249MI	824723	4400789
L	2977	250	*	*	*	*	*	12399	*
H	2977	250	94.8	+	0	0	D249MI	824723	12399
L	3331	250	*	*	*	*	*	735945	*
H	3331	250	96.4	+	0	0	D20MI229M	824723	735945
L	2908	250	*	*	*	*	*	16103	*
H	2908	250	99.6	+	0	0	250M	776622	16103
L	2909	250	*	*	*	*	*	16101	*
H	2909	250	98.0	+	0	0	250M	776622	16101
L	2912	250	*	*	*	*	*	16091	*
H	2912	250	92.0	+	0	0	250M	776622	16091
L	2911	250	*	*	*	*	*	16092	*
H	2911	250	93.6	+	0	0	250M	776622	16092
L	1209	250	*	*	*	*	*	332523	*
H	1209	250	91.2	+	0	0	250M	776622	332523
L	3665	250	*	*	*	*	*	1130952	*
H	3665	250	98.8	+	0	0	250M	742260	1130952
L	3511	250	*	*	*	*	*	816056	*
H	3511	250	98.8	+	0	0	250M	742260	816056
L	1768	250	*	*	*	*	*	239649	*
H	1768	250	95.2	+	0	0	10MI239MD	742260	239649
L	3938	250	*	*	*	*	*	842453	*
H	3938	250	94.4	+	0	0	250M	742260	842453
L	3798	250	*	*	*	*	*	630172	*
H	3798	250	94.0	+	0	0	250M	742260	630172
L	5747	250	*	*	*	*	*	4480189	*
H	5747	250	99.2	+	0	0	250M	692823	4480189
L	4312	250	*	*	*	*	*	1136710	*
H	4312	250	99.2	+	0	0	250M	692823	1136710
L	5083	250	*	*	*	*	*	4371645	*
H	5083	250	99.2	+	0	0	250M	692823	4371645
L	2742	250	*	*	*	*	*	73609	*
H	2742	250	98.8	+	0	0	250M	692823	73609
L	1424	250	*	*	*	*	*	294550	*
H	1424	250	99.2	+	0	0	250M	692823	294550
L	1184	250	*	*	*	*	*	338757	*
H	1184	250	96.8	+	0	0	250M	685156	338757
L	1208	250	*	*	*	*	*	332720	*
H	1208	250	93.6	+	0	0	250M	685156	332720
L	1183	250	*	*	*	*	*	338852	*
H	1183	250	93.6	+	0	0	250M	685156	338852
L	1141	250	*	*	*	*	*	343431	*
H	1141	250	93.6	+	0	0	250M	685156	343431
L	1121	250	*	*	*	*	*	347063	*
H	1121	250	93.6	+	0	0	250M	685156	347063
L	1879	250	*	*	*	*	*	203093	*
H	1879	250	99.2	+	0	0	250M	589792	203093
L	555	250	*	*	*	*	*	566216	*
H	555	250	99.2	+	0	0	250M	589792	566216
L	3183	250	*	*	*	*	*	1136676	*
H	3183	250	98.0	+	0	0	250M	589792	1136676
L	4644	250	*	*	*	*	*	4295725	*
H	4644	250	97.6	+	0	0	250M	589792	4295725
L	3646	250	*	*	*	*	*	648540	*
H	3646	250	97.6	+	0	0	250M	589792	648540
L	4293	250	*	*	*	*	*	3643491	*
H	4293	250	99.6	+	0	0	5MI244MD	589597	3643491
L	1604	250	*	*	*	*	*	265715	*
H	1604	250	99.6	+	0	0	250M	589597	265715
L	2544	250	*	*	*	*	*	130002	*
H	2544	250	99.6	+	0	0	250M	589597	130002
L	5455	250	*	*	*	*	*	4432796	*
H	5455	250	99.6	+	0	0	250M	589597	4432796
L	2685	250	*	*	*	*	*	91834	*
H	2685	250	98.8	+	0	0	250M	589597	91834
L	2660	250	*	*	*	*	*	100203	*
H	2660	250	99.2	+	0	0	250M	587602	100203
L	1682	250	*	*	*	*	*	256685	*
H	1682	250	98.8	+	0	0	250M	587602	256685
L	2730	250	*	*	*	*	*	75890	*
H	2730	250	98.4	+	0	0	250M	587602	75890
L	2732	250	*	*	*	*	*	75332	*
H	2732	250	98.4	+	0	0	250M	587602	75332
L	4595	250	*	*	*	*	*	1141542	*
H	4595	250	96.8	+	0	0	250M	587602	1141542
L	1148	250	*	*	*	*	*	342928	*
H	1148	250	98.4	+	0	0	250M	569939	342928
L	3281	250	*	*	*	*	*	831729	*
H	3281	250	97.6	+	0	0	96MI153MD	569939	831729
L	3066	250	*	*	*	*	*	7821	*
H	3066	250	98.0	+	0	0	250M	569939	7821
L	3067	250	*	*	*	*	*	7801	*
H	3067	250	96.4	+	0	0	250M	569939	7801
L	4915	250	*	*	*	*	*	4345313	*
H	4915	250	95.2	+	0	0	250M	569939	4345313
L	1143	250	*	*	*	*	*	343273	*
H	1143	250	100.0	+	0	0	250M	568228	343273
L	3849	250	*	*	*	*	*	2749362	*
H	3849	250	98.8	+	0	0	250M	568228	2749362
L	5737	250	*	*	*	*	*	4478762	*
H	5737	250	98.4	+	0	0	250M	568228	4478762
L	2929	250	*	*	*	*	*	15059	*
H	2929	250	98.0	+	0	0	250M	568228	15059
L	3332	250	*	*	*	*	*	1129461	*
H	3332	250	97.6	+	0	0	250M	568228	1129461
L	1713	250	*	*	*	*	*	250063	*
H	1713	250	98.0	+	0	0	234MI15MD	567491	250063
L	1570	250	*	*	*	*	*	269962	*
H	1570	250	96.8	+	0	0	234MI15MD	567491	269962
L	1761	250	*	*	*	*	*	240661	*
H	1761	250	97.2	+	0	0	234MI15MD	567491	240661
L	5446	250	*	*	*	*	*	4431592	*
H	5446	250	95.2	+	0	0	234MI15MD	567491	4431592
L	3413	250	*	*	*	*	*	810888	*
H	3413	250	96.0	+	0	0	234MI15MD	567491	810888
L	4637	250	*	*	*	*	*	4295230	*
H	4637	250	98.0	+	0	0	119MD130MI	556300	4295230
L	3409	250	*	*	*	*	*	786876	*
H	3409	250	97.6	+	0	0	119MD130MI	556300	786876
L	2652	250	*	*	*	*	*	101466	*
H	2652	250	100.0	+	0	0	250M	553653	101466
L	691	250	*	*	*	*	*	540478	*
H	691	250	100.0	+	0	0	250M	553653	540478
L	3233	250	*	*	*	*	*	652802	*
H	3233	250	100.0	+	0	0	250M	553653	652802
L	4673	250	*	*	*	*	*	4301491	*
H	4673	250	100.0	+	0	0	250M	553653	4301491
L	1637	250	*	*	*	*	*	262377	*
H	1637	250	99.2	+	0	0	250M	553653	262377
L	2990	250	*	*	*	*	*	12056	*
H	2990	250	98.8	+	0	0	65MD154MI30M	549754	12056
L	2991	250	*	*	*	*	*	12048	*
H	2991	250	98.8	+	0	0	65MD154MI30M	549754	12048
L	1684	250	*	*	*	*	*	256507	*
H	1684	250	96.8	+	0	0	65MD89M5I65MI25M5D	549754	256507
L	3359	250	*	*	*	*	*	811912	*
H	3359	250	98.4	+	0	0	65MD141MI12MI30MD	549754	811912
L	4677	250	*	*	*	*	*	4302223	*
H	4677	250	98.4	+	0	0	65MD154MI30M	549754	4302223
L	971	250	*	*	*	*	*	372473	*
H	971	250	99.6	+	0	0	218MD31MI	539107	372473
L	718	250	*	*	*	*	*	534898	*
H	718	250	99.6	+	0	0	218MD31MI	539107	534898
L	2293	250	*	*	*	*	*	169538	*
H	2293	250	99.6	+	0	0	218MD31MI	539107	169538
L	4658	250	*	*	*	*	*	4297918	*
H	4658	250	99.6	+	0	0	218MD31MI	539107	4297918
L	2657	250	*	*	*	*	*	100650	*
H	2657	250	99.6	+	0	0	218MD31MI	539107	100650
L	3036	250	*	*	*	*	*	9134	*
H	3036	250	97.2	+	0	0	198MD51MI	536986	9134
L	3035	250	*	*	*	*	*	9138	*
H	3035	250	97.2	+	0	0	198MD51MI	536986	9138
L	2349	250	*	*	*	*	*	160832	*
H	2349	250	97.2	+	0	0	198MD51MI	536986	160832
L	3527	250	*	*	*	*	*	1139392	*
H	3527	250	96.8	+	0	0	198MD51MI	536986	1139392
L	2130	250	*	*	*	*	*	183456	*
H	2130	250	96.8	+	0	0	198MD51MI	536986	183456
H	1208	250	100.0	+	0	0	250M	536754	332720
H	1183	250	100.0	+	0	0	250M	536754	338852
H	1141	250	100.0	+	0	0	250M	536754	343431
H	1121	250	100.0	+	0	0	250M	536754	347063
L	1072	250	*	*	*	*	*	354256	*
H	1072	250	100.0	+	0	0	250M	536754	354256
L	1756	250	*	*	*	*	*	241289	*
H	1756	250	97.6	+	0	0	250M	533999	241289
L	1708	250	*	*	*	*	*	250626	*
H	1708	250	97.6	+	0	0	250M	533999	250626
L	3356	250	*	*	*	*	*	614944	*
H	3356	250	97.2	+	0	0	250M	533999	614944
L	2775	250	*	*	*	*	*	67341	*
H	2775	250	94.4	+	0	0	250M	533999	67341
L	4360	250	*	*	*	*	*	3755054	*
H	4360	250	92.8	+	0	0	250M	533999	3755054
L	1984	250	*	*	*	*	*	193209	*
H	1984	250	93.6	+	0	0	250M	524219	193209
L	2103	250	*	*	*	*	*	185148	*
H	2103	250	93.2	+	0	0	250M	524219	185148
L	2152	250	*	*	*	*	*	181791	*
H	2152	250	93.6	+	0	0	250M	524219	181791
L	858	250	*	*	*	*	*	514086	*
H	858	250	91.6	+	0	0	250M	524219	514086
L	2302	250	*	*	*	*	*	168260	*
H	2302	250	93.6	+	0	0	250M	524219	168260
L	4166	250	*	*	*	*	*	681370	*
H	4166	250	98.8	+	0	0	112MI137MD	519290	681370
L	2746	250	*	*	*	*	*	72820	*
H	2746	250	98.8	+	0	0	250M	519290	72820
L	4922	250	*	*	*	*	*	4347159	*
H	4922	250	98.4	+	0	0	250M	519290	4347159
L	978	250	*	*	*	*	*	370225	*
H	978	250	98.4	+	0	0	250M	519290	370225
L	450	250	*	*	*	*	*	584375	*
H	450	250	97.2	+	0	0	250M	519290	584375
L	3304	250	*	*	*	*	*	1137471	*
H	3304	250	99.6	+	0	0	250M	471412	1137471
L	3024	250	*	*	*	*	*	9518	*
H	3024	250	99.2	+	0	0	250M	471412	9518
L	2759	250	*	*	*	*	*	70580	*
H	2759	250	98.0	+	0	0	250M	471412	70580
L	2760	250	*	*	*	*	*	70512	*
H	2760	250	98.0	+	0	0	250M	471412	70512
L	3026	250	*	*	*	*	*	9510	*
H	3026	250	96.8	+	0	0	250M	471412	9510
L	665	250	*	*	*	*	*	546546	*
H	665	250	100.0	+	0	0	250M	423025	546546
L	3349	250	*	*	*	*	*	1124808	*
H	3349	250	100.0	+	0	0	250M	423025	1124808
L	3554	250	*	*	*	*	*	838147	*
H	3554	250	98.8	+	0	0	250M	423025	838147
L	4666	250	*	*	*	*	*	4299696	*
H	4666	250	99.6	+	0	0	19MI11MD219M	423025	4299696
L	1860	250	*	*	*	*	*	211593	*
H	1860	250	94.8	+	0	0	250M	423025	211593
L	5741	250	*	*	*	*	*	4479467	*
H	5741	250	100.0	+	0	0	250M	391286	4479467
L	914	250	*	*	*	*	*	449595	*
H	914	250	99.2	+	0	0	134MI115MD	391286	449595
L	927	250	*	*	*	*	*	429048	*
H	927	250	98.0	+	0	0	17MI44MI16MI52MI8MI108M5D	391286	429048
L	2063	250	*	*	*	*	*	187297	*
H	2063	250	96.8	+	0	0	96MD153MI	391286	187297
L	3986	250	*	*	*	*	*	3055791	*
H	3986	250	96.4	+	0	0	250M	391286	3055791
L	5511	250	*	*	*	*	*	4442407	*
H	5511	250	95.2	+	0	0	250M	336110	4442407
L	4211	250	*	*	*	*	*	1146228	*
H	4211	250	95.2	+	0	0	250M	336110	1146228
L	3636	250	*	*	*	*	*	1114718	*
H	3636	250	95.6	+	0	0	250M	336110	1114718
L	1810	250	*	*	*	*	*	229434	*
H	1810	250	94.8	+	0	0	250M	336110	229434
L	4383	250	*	*	*	*	*	1115684	*
H	4383	250	95.2	+	0	0	250M	336110	1115684
L	2841	250	*	*	*	*	*	42931	*
H	2841	250	99.6	+	0	0	250M	335256	42931
L	1357	250	*	*	*	*	*	303204	*
H	1357	250	99.2	+	0	0	250M	335256	303204
L	4333	250	*	*	*	*	*	759349	*
H	4333	250	92.4	+	0	0	118MI131MD	335256	759349
L	2763	250	*	*	*	*	*	70091	*
H	2763	250	94.0	+	0	0	250M	335256	70091
L	909	250	*	*	*	*	*	455671	*
H	909	250	96.4	+	0	0	95MI32MI36MI84M3D	335256	455671
L	1979	250	*	*	*	*	*	193710	*
H	1979	250	99.6	+	0	0	250M	329820	193710
L	2026	250	*	*	*	*	*	189812	*
H	2026	250	98.8	+	0	0	250M	329820	189812
L	4643	250	*	*	*	*	*	4295707	*
H	4643	250	99.2	+	0	0	79MI170MD	329820	4295707
L	2196	250	*	*	*	*	*	179018	*
H	2196	250	99.2	+	0	0	32MI217MD	329820	179018
L	1398	250	*	*	*	*	*	297635	*
H	1398	250	99.2	+	0	0	250M	329820	297635
L	1150	250	*	*	*	*	*	342801	*
H	1150	250	99.6	+	0	0	250M	316438	342801
L	1062	250	*	*	*	*	*	356089	*
H	1062	250	99.6	+	0	0	250M	316438	356089
L	2505	250	*	*	*	*	*	137026	*
H	2505	250	99.2	+	0	0	14MI235MD	316438	137026
L	1207	250	*	*	*	*	*	332919	*
H	1207	250	99.2	+	0	0	250M	316438	332919
L	1249	250	*	*	*	*	*	322737	*
H	1249	250	99.2	+	0	0	250M	316438	322737
L	1305	250	*	*	*	*	*	311765	*
H	1305	250	98.8	+	0	0	250M	313305	311765
L	1122	250	*	*	*	*	*	347059	*
H	1122	250	98.4	+	0	0	250M	313305	347059
L	2444	250	*	*	*	*	*	146603	*
H	2444	250	98.4	+	0	0	250M	313305	146603
L	2478	250	*	*	*	*	*	141020	*
H	2478	250	96.8	+	0	0	250M	313305	141020
L	2377	250	*	*	*	*	*	157503	*
H	2377	250	98.0	+	0	0	250M	313305	157503
L	3250	250	*	*	*	*	*	1684221	*
H	3250	250	92.0	+	0	0	250M	304382	1684221
L	3502	250	*	*	*	*	*	745650	*
H	3502	250	98.4	+	0	0	250M	288677	745650
L	2443	250	*	*	*	*	*	146665	*
H	2443	250	91.2	+	0	0	250M	288677	146665
L	523	250	*	*	*	*	*	571406	*
H	523	250	93.6	+	0	0	250M	288677	571406
L	2839	250	*	*	*	*	*	43628	*
H	2839	250	92.4	+	0	0	117MI132MD	288677	43628
L	1801	250	*	*	*	*	*	233573	*
H	1801	250	93.6	+	0	0	250M	288677	233573
L	4202	250	*	*	*	*	*	714746	*
H	4202	250	99.6	+	0	0	250M	287811	714746
L	1470	250	*	*	*	*	*	289911	*
H	1470	250	97.2	+	0	0	250M	287811	289911
L	158	250	*	*	*	*	*	929836	*
H	158	250	90.8	+	0	0	67MI19MD163M	287811	929836
L	531	250	*	*	*	*	*	569952	*
H	531	250	100.0	+	0	0	250M	286874	569952
L	5266	250	*	*	*	*	*	4400476	*
H	5266	250	99.2	+	0	0	179MI70MD	286874	4400476
L	5436	250	*	*	*	*	*	4429771	*
H	5436	250	98.4	+	0	0	250M	286874	4429771
L	64	250	*	*	*	*	*	1048878	*
H	64	250	98.4	+	0	0	250M	286874	1048878
L	5582	250	*	*	*	*	*	4456068	*
H	5582	250	98.4	+	0	0	250M	286874	4456068
L	247	250	*	*	*	*	*	832674	*
H	247	250	100.0	+	0	0	250M	285908	832674
L	263	250	*	*	*	*	*	822337	*
H	263	250	100.0	+	0	0	250M	285908	822337
L	2521	250	*	*	*	*	*	134201	*
H	2521	250	100.0	+	0	0	250M	285908	134201
L	3598	250	*	*	*	*	*	2279387	*
H	3598	250	100.0	+	0	0	250M	285908	2279387
L	1075	250	*	*	*	*	*	353532	*
H	1075	250	100.0	+	0	0	250M	285908	353532
H	2158	250	97.6	+	0	0	26M2I16MI205M3D	276567	181589
L	5572	250	*	*	*	*	*	4454736	*
H	5572	250	96.8	+	0	0	26M2I16MI63MI141M4D	276567	4454736
H	4741	250	97.2	+	0	0	26M2I16MI205M3D	276567	4312974
H	1067	250	96.8	+	0	0	26M2I16MI205M3D	276567	354839
H	4704	250	96.8	+	0	0	26M2I16MI205M3D	276567	4306201
L	1560	250	*	*	*	*	*	270928	*
H	1560	250	99.6	+	0	0	50MD199MI	268935	270928
L	1611	250	*	*	*	*	*	264416	*
H	1611	250	99.6	+	0	0	50MD199MI	268935	264416
L	1556	250	*	*	*	*	*	271234	*
H	1556	250	98.8	+	0	0	50MD175MI24M	268935	271234
L	147	250	*	*	*	*	*	940737	*
H	147	250	98.0	+	0	0	51MD198MI	268935	940737
L	2850	250	*	*	*	*	*	40546	*
H	2850	250	95.6	+	0	0	51MD198MI	268935	40546
L	3568	250	*	*	*	*	*	2211108	*
H	3568	250	97.6	+	0	0	250M	268353	2211108
L	3439	250	*	*	*	*	*	850108	*
H	3439	250	97.6	+	0	0	250M	268353	850108
L	1127	250	*	*	*	*	*	346085	*
H	1127	250	97.6	+	0	0	250M	268353	346085
L	2634	250	*	*	*	*	*	103285	*
H	2634	250	97.6	+	0	0	250M	268353	103285
L	1659	250	*	*	*	*	*	259732	*
H	1659	250	97.6	+	0	0	250M	268353	259732
L	4373	250	*	*	*	*	*	721199	*
H	4373	250	99.2	+	0	0	250M	261920	721199
L	4533	250	*	*	*	*	*	1105883	*
H	4533	250	98.0	+	0	0	250M	261920	1105883
L	5439	250	*	*	*	*	*	4430475	*
H	5439	250	98.0	+	0	0	250M	261920	4430475
L	728	250	*	*	*	*	*	532994	*
H	728	250	98.0	+	0	0	250M	261920	532994
L	3041	250	*	*	*	*	*	8966	*
H	3041	250	97.6	+	0	0	250M	261920	8966
L	2533	250	*	*	*	*	*	131902	*
H	2533	250	97.6	+	0	0	I51MD198M	255365	131902
L	5372	250	*	*	*	*	*	4418394	*
H	5372	250	97.2	+	0	0	I51MD198M	255365	4418394
L	944	250	*	*	*	*	*	404209	*
H	944	250	96.0	+	0	0	I51MD198M	255365	404209
L	3609	250	*	*	*	*	*	2297613	*
H	3609	250	97.2	+	0	0	I51MD198M	255365	2297613
L	2981	250	*	*	*	*	*	12257	*
H	2981	250	96.8	+	0	0	I51MD198M	255365	12257
L	4572	250	*	*	*	*	*	4189551	*
H	4572	250	95.6	+	0	0	250M	248219	4189551
L	84	250	*	*	*	*	*	1019904	*
H	84	250	95.6	+	0	0	250M	248219	1019904
L	581	250	*	*	*	*	*	561099	*
H	581	250	94.8	+	0	0	250M	248219	561099
L	468	250	*	*	*	*	*	579933	*
H	468	250	93.6	+	0	0	221MI28MD	248219	579933
L	4448	250	*	*	*	*	*	1131906	*
H	4448	250	93.2	+	0	0	239MI10MD	248219	1131906
L	2497	250	*	*	*	*	*	138840	*
H	2497	250	99.2	+	0	0	250M	246575	138840
L	1516	250	*	*	*	*	*	276867	*
H	1516	250	97.6	+	0	0	250M	246575	276867
L	5738	250	*	*	*	*	*	4478861	*
H	5738	250	97.6	+	0	0	250M	246575	4478861
L	3773	250	*	*	*	*	*	2589305	*
H	3773	250	97.2	+	0	0	250M	246575	2589305
L	5479	250	*	*	*	*	*	4435982	*
H	5479	250	97.6	+	0	0	250M	246575	4435982
L	543	250	*	*	*	*	*	567840	*
H	543	250	98.4	+	0	0	158MD12MD39MD9MD28M4I	239139	567840
L	2574	250	*	*	*	*	*	111553	*
H	2574	250	96.8	+	0	0	158MD12MD39MD9MD28M4I	239139	111553
L	2787	250	*	*	*	*	*	62406	*
H	2787	250	96.8	+	0	0	158MD12MD39MD9MD28M4I	239139	62406
L	5469	250	*	*	*	*	*	4434444	*
H	5469	250	96.0	+	0	0	158MD12MD39MD9MD28M4I	239139	4434444
L	1737	250	*	*	*	*	*	245601	*
H	1737	250	96.4	+	0	0	158MD12MD39MD9MD28M4I	239139	245601
H	4922	250	100.0	+	0	0	250M	235262	4347159
H	978	250	100.0	+	0	0	250M	235262	370225
H	2746	250	99.6	+	0	0	250M	235262	72820
H	450	250	98.8	+	0	0	250M	235262	584375
L	591	250	*	*	*	*	*	559527	*
H	591	250	99.2	+	0	0	250M	235262	559527
H	2130	250	96.8	+	0	0	129MD19MD41MD7MD42MD7M5I	227662	183456
L	5639	250	*	*	*	*	*	4465295	*
H	5639	250	96.8	+	0	0	129MD19MD41MD7MD42MD7M5I	227662	4465295
L	3693	250	*	*	*	*	*	2448302	*
H	3693	250	96.4	+	0	0	38MD90MD19MD41MD7MD42MD7M6I	227662	2448302
H	3036	250	94.4	+	0	0	129MD19MD41MD7MD42MD7M5I	227662	9134
H	2349	250	94.4	+	0	0	129MD19MD41MD7MD42MD7M5I	227662	160832
L	671	250	*	*	*	*	*	544824	*
H	671	250	98.4	+	0	0	188MI61MD	205417	544824
L	5371	250	*	*	*	*	*	4418165	*
H	5371	250	98.4	+	0	0	188MI61MD	205417	4418165
L	2726	250	*	*	*	*	*	77675	*
H	2726	250	98.0	+	0	0	188MI61MD	205417	77675
L	1865	250	*	*	*	*	*	210269	*
H	1865	250	97.2	+	0	0	188MI61MD	205417	210269
L	3521	250	*	*	*	*	*	2119418	*
H	3521	250	97.2	+	0	0	188MI61MD	205417	2119418
L	2288	250	*	*	*	*	*	170244	*
H	2288	250	98.8	+	0	0	54MD195MI	203115	170244
L	2501	250	*	*	*	*	*	138056	*
H	2501	250	94.8	+	0	0	54MD195MI	203115	138056
L	2867	250	*	*	*	*	*	31319	*
H	2867	250	92.0	+	0	0	55MD194MI	203115	31319
L	1382	250	*	*	*	*	*	300045	*
H	1382	250	94.0	+	0	0	54MD195MI	203115	300045
L	4475	250	*	*	*	*	*	1136972	*
H	4475	250	92.0	+	0	0	55MD194MI	203115	1136972
L	480	250	*	*	*	*	*	578837	*
H	480	250	96.0	+	0	0	195MI13MI40M2D	201537	578837
H	1424	250	95.6	+	0	0	196MI12MI40M2D	201537	294550
L	385	250	*	*	*	*	*	633100	*
H	385	250	95.6	+	0	0	195MI13MI40M2D	201537	633100
L	5447	250	*	*	*	*	*	4431608	*
H	5447	250	96.0	+	0	0	195MI13MI40M2D	201537	4431608
H	5083	250	95.6	+	0	0	196MI12MI40M2D	201537	4371645
L	3307	250	*	*	*	*	*	1002608	*
H	3307	250	98.8	+	0	0	54MI18MI27MI117M3D31M	199880	1002608
L	459	250	*	*	*	*	*	581361	*
H	459	250	96.4	+	0	0	72MI26MI150M2D	199880	581361
L	2508	250	*	*	*	*	*	136508	*
H	2508	250	96.4	+	0	0	72MI26MI150M2D	199880	136508
L	5138	250	*	*	*	*	*	4380180	*
H	5138	250	94.4	+	0	0	74MI24MI150M2D	199880	4380180
L	4895	250	*	*	*	*	*	4341586	*
H	4895	250	92.4	+	0	0	74MI24MI150M2D	199880	4341586
L	4066	250	*	*	*	*	*	812476	*
H	4066	250	100.0	+	0	0	250M	199630	812476
L	2869	250	*	*	*	*	*	29805	*
H	2869	250	96.4	+	0	0	250M	199630	29805
L	3791	250	*	*	*	*	*	1119342	*
H	3791	250	94.0	+	0	0	250M	199630	1119342
L	3691	250	*	*	*	*	*	804160	*
H	3691	250	90.4	+	0	0	250M	199630	804160
L	4167	250	*	*	*	*	*	1118989	*
H	4167	250	90.4	+	0	0	250M	199630	1118989
L	2550	250	*	*	*	*	*	125947	*
H	2550	250	98.4	+	0	0	250M	196652	125947
L	2493	250	*	*	*	*	*	139410	*
H	2493	250	98.4	+	0	0	250M	196652	139410
L	4733	250	*	*	*	*	*	4311005	*
H	4733	250	98.4	+	0	0	225MI24MD	196652	4311005
L	5070	250	*	*	*	*	*	4369927	*
H	5070	250	98.0	+	0	0	250M	196652	4369927
L	606	250	*	*	*	*	*	557513	*
H	606	250	95.2	+	0	0	250M	196652	557513
L	2253	250	*	*	*	*	*	174654	*
H	2253	250	100.0	+	0	0	250M	192515	174654
L	1056	250	*	*	*	*	*	357724	*
H	1056	250	100.0	+	0	0	250M	192515	357724
L	998	250	*	*	*	*	*	366195	*
H	998	250	100.0	+	0	0	250M	192515	366195
L	3556	250	*	*	*	*	*	798581	*
H	3556	250	100.0	+	0	0	250M	192515	798581
L	982	250	*	*	*	*	*	369602	*
H	982	250	99.2	+	0	0	250M	192515	369602
L	2827	250	*	*	*	*	*	48874	*
H	2827	250	98.4	+	0	0	123MD126MI	191359	48874
L	2750	250	*	*	*	*	*	72155	*
H	2750	250	96.4	+	0	0	123MD126MI	191359	72155
L	2976	250	*	*	*	*	*	12464	*
H	2976	250	97.6	+	0	0	123MD126MI	191359	12464
L	282	250	*	*	*	*	*	811272	*
H	282	250	96.8	+	0	0	123MD126MI	191359	811272
L	3417	250	*	*	*	*	*	1122588	*
H	3417	250	96.8	+	0	0	126MD123MI	191359	1122588
L	4337	250	*	*	*	*	*	1121530	*
H	4337	250	100.0	+	0	0	250M	178213	1121530
L	5626	250	*	*	*	*	*	4463108	*
H	5626	250	100.0	+	0	0	250M	178213	4463108
L	4052	250	*	*	*	*	*	3200278	*
H	4052	250	98.8	+	0	0	250M	178213	3200278
H	1249	250	98.4	+	0	0	250M	178213	322737
H	1150	250	97.6	+	0	0	250M	178213	342801
L	4155	250	*	*	*	*	*	1115352	*
H	4155	250	99.6	+	0	0	250M	175954	1115352
L	2970	250	*	*	*	*	*	12980	*
H	2970	250	96.4	+	0	0	134MD115MI	175954	12980
L	2358	250	*	*	*	*	*	158859	*
H	2358	250	96.0	+	0	0	134MD115MI	175954	158859
L	662	250	*	*	*	*	*	547806	*
H	662	250	96.8	+	0	0	134MD115MI	175954	547806
L	5015	250	*	*	*	*	*	4361351	*
H	5015	250	94.8	+	0	0	134MD115MI	175954	4361351
L	2532	250	*	*	*	*	*	132602	*
H	2532	250	99.2	+	0	0	250M	175108	132602
L	1566	250	*	*	*	*	*	270229	*
H	1566	250	98.4	+	0	0	250M	175108	270229
L	2776	250	*	*	*	*	*	67228	*
H	2776	250	98.4	+	0	0	250M	175108	67228
L	1729	250	*	*	*	*	*	247332	*
H	1729	250	98.4	+	0	0	44MI205MD	175108	247332
L	2810	250	*	*	*	*	*	53467	*
H	2810	250	98.0	+	0	0	250M	175108	53467
L	2297	250	*	*	*	*	*	168583	*
H	2297	250	99.2	+	0	0	250M	172804	168583
L	2927	250	*	*	*	*	*	15458	*
H	2927	250	96.0	+	0	0	250M	172804	15458
L	1482	250	*	*	*	*	*	288235	*
H	1482	250	96.4	+	0	0	250M	172804	288235
L	1442	250	*	*	*	*	*	292424	*
H	1442	250	96.4	+	0	0	250M	172804	292424
L	4717	250	*	*	*	*	*	4307897	*
H	4717	250	96.4	+	0	0	250M	172804	4307897
L	2316	250	*	*	*	*	*	165882	*
H	2316	250	99.2	+	0	0	250M	166268	165882
L	2277	250	*	*	*	*	*	173030	*
H	2277	250	98.8	+	0	0	250M	166268	173030
L	4191	250	*	*	*	*	*	836308	*
H	4191	250	98.8	+	0	0	250M	166268	836308
L	1479	250	*	*	*	*	*	289174	*
H	1479	250	98.8	+	0	0	250M	166268	289174
L	2309	250	*	*	*	*	*	167440	*
H	2309	250	98.8	+	0	0	250M	166268	167440
L	2271	250	*	*	*	*	*	173333	*
H	2271	250	97.6	+	0	0	209MD40MI	162595	173333
L	2301	250	*	*	*	*	*	168326	*
H	2301	250	97.6	+	0	0	209MD40MI	162595	168326
L	2319	250	*	*	*	*	*	165383	*
H	2319	250	97.6	+	0	0	209MD40MI	162595	165383
L	2556	250	*	*	*	*	*	115186	*
H	2556	250	97.6	+	0	0	209MD40MI	162595	115186
L	2322	250	*	*	*	*	*	164718	*
H	2322	250	97.6	+	0	0	209MD40MI	162595	164718
L	2345	250	*	*	*	*	*	161024	*
H	2345	250	98.4	+	0	0	250M	160928	161024
L	3034	250	*	*	*	*	*	9155	*
H	3034	250	98.0	+	0	0	250M	160928	9155
L	2777	250	*	*	*	*	*	66026	*
H	2777	250	98.0	+	0	0	250M	160928	66026
L	4239	250	*	*	*	*	*	1115975	*
H	4239	250	97.6	+	0	0	250M	160928	1115975
L	5575	250	*	*	*	*	*	4455242	*
H	5575	250	98.0	+	0	0	250M	160928	4455242
L	2392	250	*	*	*	*	*	155997	*
H	2392	250	99.2	+	0	0	250M	151023	155997
L	5220	250	*	*	*	*	*	4391672	*
H	5220	250	99.2	+	0	0	250M	151023	4391672
L	2661	250	*	*	*	*	*	100100	*
H	2661	250	99.2	+	0	0	250M	151023	100100
L	2740	250	*	*	*	*	*	73951	*
H	2740	250	99.2	+	0	0	250M	151023	73951
L	4139	250	*	*	*	*	*	3350673	*
H	4139	250	98.8	+	0	0	250M	151023	3350673
L	2439	250	*	*	*	*	*	147086	*
H	2439	250	97.6	+	0	0	250M	150229	147086
L	1299	250	*	*	*	*	*	312446	*
H	1299	250	94.0	+	0	0	250M	150229	312446
L	3437	250	*	*	*	*	*	1126194	*
H	3437	250	94.0	+	0	0	250M	150229	1126194
L	653	250	*	*	*	*	*	549640	*
H	653	250	94.0	+	0	0	250M	150229	549640
L	2563	250	*	*	*	*	*	114234	*
H	2563	250	94.0	+	0	0	250M	150229	114234
H	5372	250	94.8	+	0	0	60MD32MD156M2I	142011	4418394
L	1609	250	*	*	*	*	*	264482	*
H	1609	250	95.2	+	0	0	60MD32MD156M2I	142011	264482
L	4829	250	*	*	*	*	*	4328665	*
H	4829	250	94.4	+	0	0	57MD35MD156M2I	142011	4328665
L	778	250	*	*	*	*	*	525029	*
H	778	250	95.2	+	0	0	60MD32MD156M2I	142011	525029
H	3609	250	95.2	+	0	0	60MD32MD156M2I	142011	2297613
L	2510	250	*	*	*	*	*	136328	*
H	2510	250	94.4	+	0	0	250M	136092	136328
L	4302	250	*	*	*	*	*	3651487	*
H	4302	250	90.4	+	0	0	250M	136092	3651487
L	2519	250	*	*	*	*	*	135411	*
H	2519	250	90.0	+	0	0	250M	136092	135411
L	2517	250	*	*	*	*	*	135960	*
H	2517	250	90.0	+	0	0	250M	136092	135960
L	584	250	*	*	*	*	*	560804	*
H	584	250	98.4	+	0	0	250M	129337	560804
N	*	250	*	*	*	*	*	119349	*
L	3111	250	*	*	*	*	*	4562	*
H	3111	250	98.8	+	0	0	167MD82MI	114930	4562
L	3109	250	*	*	*	*	*	4566	*
H	3109	250	98.4	+	0	0	167MD82MI	114930	4566
L	3110	250	*	*	*	*	*	4563	*
H	3110	250	97.6	+	0	0	167MD82MI	114930	4563
L	2402	250	*	*	*	*	*	153419	*
H	2402	250	92.0	+	0	0	25MD36MD25M2D45MD20M2D92M7I	114930	153419
L	629	250	*	*	*	*	*	554299	*
H	629	250	91.6	+	0	0	25MI35MI104MD84MD	114930	554299
L	3887	250	*	*	*	*	*	752554	*
H	3887	250	98.8	+	0	0	250M	113265	752554
L	1387	250	*	*	*	*	*	299576	*
H	1387	250	98.8	+	0	0	250M	113265	299576
L	796	250	*	*	*	*	*	522984	*
H	796	250	98.8	+	0	0	250M	113265	522984
L	4386	250	*	*	*	*	*	912997	*
H	4386	250	98.4	+	0	0	133MD116MI	113265	912997
L	2570	250	*	*	*	*	*	112313	*
H	2570	250	98.4	+	0	0	250M	113265	112313
L	705	250	*	*	*	*	*	537775	*
H	705	250	100.0	+	0	0	250M	109364	537775
L	712	250	*	*	*	*	*	535824	*
H	712	250	100.0	+	0	0	250M	109364	535824
L	4213	250	*	*	*	*	*	3485581	*
H	4213	250	90.4	+	0	0	250M	109364	3485581
L	4301	250	*	*	*	*	*	1023953	*
H	4301	250	90.0	+	0	0	250M	109364	1023953
L	4379	250	*	*	*	*	*	944401	*
H	4379	250	90.8	+	0	0	250M	109364	944401
L	2737	250	*	*	*	*	*	74262	*
H	2737	250	93.6	+	0	0	215M2I33M2D	107348	74262
L	3099	250	*	*	*	*	*	5441	*
H	3099	250	95.2	+	0	0	166MI47M2I24MI9M4D	107348	5441
L	3100	250	*	*	*	*	*	5263	*
H	3100	250	95.6	+	0	0	166MI47M2I24MI9M4D	107348	5263
L	964	250	*	*	*	*	*	383023	*
H	964	250	94.8	+	0	0	98MI68MI47M2I24MI8M5D	107348	383023
L	2826	250	*	*	*	*	*	49093	*
H	2826	250	90.0	+	0	0	84MI131M3I31M4D	107348	49093
H	4915	250	99.2	+	0	0	250M	104477	4345313
L	5438	250	*	*	*	*	*	4430393	*
H	5438	250	97.6	+	0	0	224MI25MD	104477	4430393
H	1148	250	94.8	+	0	0	250M	104477	342928
L	622	250	*	*	*	*	*	555240	*
H	622	250	95.6	+	0	0	250M	104477	555240
H	3281	250	93.2	+	0	0	99MI150MD	104477	831729
L	3157	250	*	*	*	*	*	1503863	*
H	3157	250	98.4	+	0	0	250M	104155	1503863
L	2778	250	*	*	*	*	*	65456	*
H	2778	250	97.6	+	0	0	106MI143MD	104155	65456
L	5166	250	*	*	*	*	*	4384067	*
H	5166	250	90.8	+	0	0	250M	104155	4384067
L	2623	250	*	*	*	*	*	105508	*
H	2623	250	96.4	+	0	0	250M	100775	105508
L	1878	250	*	*	*	*	*	203166	*
H	1878	250	94.8	+	0	0	250M	100775	203166
H	4658	250	100.0	+	0	0	250M	100027	4297918
H	2657	250	100.0	+	0	0	250M	100027	100650
H	971	250	100.0	+	0	0	250M	100027	372473
H	2293	250	100.0	+	0	0	250M	100027	169538
H	718	250	100.0	+	0	0	250M	100027	534898
L	3196	250	*	*	*	*	*	1144371	*
H	3196	250	100.0	+	0	0	250M	99373	1144371
L	2411	250	*	*	*	*	*	151968	*
H	2411	250	96.4	+	0	0	34M9I10MD197M8D	99373	151968
L	3438	250	*	*	*	*	*	663477	*
H	3438	250	97.6	+	0	0	25MI19MI168MD19MD17M	99373	663477
L	391	250	*	*	*	*	*	623331	*
H	391	250	95.2	+	0	0	250M	99373	623331
L	2520	250	*	*	*	*	*	134228	*
H	2520	250	94.8	+	0	0	161MI88MD	99373	134228
L	2609	250	*	*	*	*	*	106952	*
H	2609	250	97.2	+	0	0	250M	98889	106952
L	2669	250	*	*	*	*	*	99356	*
H	2669	250	97.2	+	0	0	250M	98889	99356
L	2888	250	*	*	*	*	*	25150	*
H	2888	250	95.2	+	0	0	178MD71MI	98889	25150
L	2672	250	*	*	*	*	*	99204	*
H	2672	250	96.4	+	0	0	250M	98889	99204
L	2636	250	*	*	*	*	*	102973	*
H	2636	250	93.6	+	0	0	250M	98889	102973
L	2719	250	*	*	*	*	*	80086	*
H	2719	250	97.2	+	0	0	250M	82303	80086
L	1301	250	*	*	*	*	*	311934	*
H	1301	250	95.6	+	0	0	250M	82303	311934
L	1549	250	*	*	*	*	*	272031	*
H	1549	250	92.0	+	0	0	250M	82303	272031
L	3778	250	*	*	*	*	*	1144898	*
H	3778	250	92.0	+	0	0	250M	82303	1144898
L	5199	250	*	*	*	*	*	4388952	*
H	5199	250	100.0	+	0	0	250M	81397	4388952
L	180	250	*	*	*	*	*	907828	*
H	180	250	98.8	+	0	0	250M	81397	907828
L	4097	250	*	*	*	*	*	1139304	*
H	4097	250	96.8	+	0	0	250M	81397	1139304
L	3143	250	*	*	*	*	*	2358	*
H	3143	250	95.2	+	0	0	250M	81397	2358
L	3471	250	*	*	*	*	*	1136639	*
H	3471	250	93.6	+	0	0	250M	81397	1136639
L	2781	250	*	*	*	*	*	64294	*
H	2781	250	98.0	+	0	0	228MD21MI	70689	64294
L	5219	250	*	*	*	*	*	4391641	*
H	5219	250	94.0	+	0	0	250M	70689	4391641
L	372	250	*	*	*	*	*	656310	*
H	372	250	98.0	+	0	0	117MI132MD	70689	656310
L	5384	250	*	*	*	*	*	4420474	*
H	5384	250	93.6	+	0	0	250M	70689	4420474
L	4647	250	*	*	*	*	*	4296080	*
H	4647	250	93.6	+	0	0	250M	70689	4296080
L	2802	250	*	*	*	*	*	57759	*
H	2802	250	100.0	+	0	0	250M	57758	57759
L	3377	250	*	*	*	*	*	1889810	*
H	3377	250	99.2	+	0	0	250M	57758	1889810
L	164	250	*	*	*	*	*	923789	*
H	164	250	98.8	+	0	0	250M	57758	923789
L	3144	250	*	*	*	*	*	2325	*
H	3144	250	98.8	+	0	0	250M	57758	2325
L	3145	250	*	*	*	*	*	2310	*
H	3145	250	98.4	+	0	0	250M	57758	2310
H	531	250	98.0	+	0	0	186MD41MI22M	37911	569952
H	5266	250	95.6	+	0	0	227MI22MD	37911	4400476
H	64	250	96.4	+	0	0	186MD41MI22M	37911	1048878
H	5436	250	96.4	+	0	0	187MD40MI22M	37911	4429771
L	3420	250	*	*	*	*	*	605409	*
H	3420	250	96.0	+	0	0	187MD40MI22M	37911	605409
L	2605	250	*	*	*	*	*	107235	*
H	2605	250	97.2	+	0	0	199MI50MD	21464	107235
L	2845	250	*	*	*	*	*	41119	*
H	2845	250	97.6	+	0	0	250M	21464	41119
L	1410	250	*	*	*	*	*	295974	*
H	1410	250	97.2	+	0	0	250M	16144	295974
L	1472	250	*	*	*	*	*	289622	*
H	1472	250	97.2	+	0	0	250M	16144	289622
L	1348	250	*	*	*	*	*	304779	*
H	1348	250	96.8	+	0	0	250M	16144	304779
L	4753	250	*	*	*	*	*	4315688	*
H	4753	250	96.8	+	0	0	250M	16144	4315688
L	5623	250	*	*	*	*	*	4462446	*
H	5623	250	98.0	+	0	0	250M	16144	4462446
L	5032	250	*	*	*	*	*	4364892	*
H	5032	250	100.0	+	0	0	250M	15025	4364892
L	1856	250	*	*	*	*	*	212584	*
H	1856	250	100.0	+	0	0	250M	15025	212584
L	5020	250	*	*	*	*	*	4361784	*
H	5020	250	98.4	+	0	0	250M	15025	4361784
L	5395	250	*	*	*	*	*	4423600	*
H	5395	250	97.6	+	0	0	6D244M6I	15025	4423600
L	4728	250	*	*	*	*	*	4309708	*
H	4728	250	99.2	+	0	0	250M	15025	4309708
L	1341	250	*	*	*	*	*	306124	*
H	1341	250	98.8	+	0	0	14MI235MD	13811	306124
L	2666	250	*	*	*	*	*	99436	*
H	2666	250	96.0	+	0	0	250M	13811	99436
L	2204	250	*	*	*	*	*	178224	*
H	2204	250	96.0	+	0	0	250M	13811	178224
L	1770	250	*	*	*	*	*	239386	*
H	1770	250	96.0	+	0	0	250M	13811	239386
L	2957	250	*	*	*	*	*	13813	*
H	2957	250	96.0	+	0	0	250M	13811	13813
L	5147	250	*	*	*	*	*	4381192	*
H	5147	250	98.4	+	0	0	250M	13485	4381192
L	637	250	*	*	*	*	*	553111	*
H	637	250	96.8	+	0	0	250M	13485	553111
L	5718	250	*	*	*	*	*	964220	*
H	5718	250	97.6	+	0	0	250M	13485	964220
L	5406	250	*	*	*	*	*	4425024	*
H	5406	250	97.6	+	0	0	250M	13485	4425024
L	5244	250	*	*	*	*	*	4395346	*
H	5244	250	97.6	+	0	0	250M	13485	4395346
L	2492	250	*	*	*	*	*	139504	*
H	2492	250	100.0	+	0	0	250M	12562	139504
L	4983	250	*	*	*	*	*	4355718	*
H	4983	250	94.0	+	0	0	250M	12562	4355718
L	3284	250	*	*	*	*	*	736437	*
H	3284	250	92.8	+	0	0	250M	12562	736437
L	4305	250	*	*	*	*	*	1127215	*
H	4305	250	92.0	+	0	0	250M	12562	1127215
L	1693	250	*	*	*	*	*	253403	*
H	1693	250	92.0	+	0	0	250M	12562	253403
H	2293	250	98.8	+	0	0	250M	9870	169538
H	4658	250	98.8	+	0	0	250M	9870	4297918
H	718	250	98.8	+	0	0	250M	9870	534898
H	971	250	98.8	+	0	0	250M	9870	372473
H	2657	250	98.8	+	0	0	250M	9870	100650
L	3023	250	*	*	*	*	*	9546	*
H	3023	250	99.6	+	0	0	250M	9548	9546
H	2759	250	96.8	+	0	0	250M	9548	70580
H	2760	250	96.8	+	0	0	250M	9548	70512
L	4495	250	*	*	*	*	*	956702	*
H	4495	250	96.8	+	0	0	250M	9548	956702
L	5296	250	*	*	*	*	*	4406393	*
H	5296	250	97.2	+	0	0	250M	9548	4406393
L	598	250	*	*	*	*	*	558833	*
H	598	250	98.4	+	0	0	250M	7214	558833
L	5699	250	*	*	*	*	*	4473175	*
H	5699	250	98.0	+	0	0	54MI30MI164M2D	7214	4473175
L	2090	250	*	*	*	*	*	185636	*
H	2090	250	98.4	+	0	0	250M	7214	185636
L	5700	250	*	*	*	*	*	4473178	*
H	5700	250	98.0	+	0	0	250M	7214	4473178
L	302	250	*	*	*	*	*	784415	*
H	302	250	98.0	+	0	0	95MI69MI84M2D	7214	784415
L	3102	250	*	*	*	*	*	4737	*
H	3102	250	98.4	+	0	0	96MD122MD30M2I	4735	4737
L	3351	250	*	*	*	*	*	1125844	*
H	3351	250	95.6	+	0	0	250M	4735	1125844
L	4387	250	*	*	*	*	*	725444	*
H	4387	250	94.4	+	0	0	250M	4735	725444
L	5495	250	*	*	*	*	*	4439078	*
H	5495	250	93.6	+	0	0	250M	4735	4439078
L	4064	250	*	*	*	*	*	621303	*
H	4064	250	94.4	+	0	0	130MI119MD	4735	621303
L	3122	250	*	*	*	*	*	4043	*
H	3122	250	94.0	+	0	0	250M	4115	4043
L	3119	250	*	*	*	*	*	4082	*
H	3119	250	93.6	+	0	0	250M	4115	4082
L	2711	250	*	*	*	*	*	83445	*
H	2711	250	90.4	+	0	0	250M	4115	83445
L	2710	250	*	*	*	*	*	83652	*
H	2710	250	92.4	+	0	0	26MD223MI	4115	83652
L	3120	250	*	*	*	*	*	4081	*
H	3120	250	92.0	+	0	0	250M	4115	4081
L	4638	250	*	*	*	*	*	4295289	*
H	4638	250	98.8	+	0	0	250M	2380	4295289
L	4639	250	*	*	*	*	*	4295417	*
H	4639	250	98.4	+	0	0	250M	2380	4295417
L	5678	250	*	*	*	*	*	4469811	*
H	5678	250	98.0	+	0	0	250M	2380	4469811
L	5514	250	*	*	*	*	*	4443200	*
H	5514	250	98.0	+	0	0	250M	2380	4443200
L	111	250	*	*	*	*	*	987790	*
H	111	250	98.0	+	0	0	250M	2380	987790
L	415	250	*	*	*	*	*	591907	*
H	415	250	99.6	+	0	0	250M	1532107	591907
L	508	250	*	*	*	*	*	573338	*
H	508	250	99.2	+	0	0	42MI207MD	1532107	573338
L	4851	250	*	*	*	*	*	4333556	*
H	4851	250	99.6	+	0	0	250M	1532107	4333556
L	1460	250	*	*	*	*	*	290799	*
H	1460	250	99.6	+	0	0	250M	1532107	290799
L	1842	250	*	*	*	*	*	218254	*
H	1842	250	99.6	+	0	0	250M	1532107	218254
L	451	250	*	*	*	*	*	584241	*
H	451	250	94.8	+	0	0	250M	1676137	584241
H	4333	250	94.8	+	0	0	250M	1676137	759349
L	4546	250	*	*	*	*	*	676511	*
H	4546	250	94.0	+	0	0	250M	1676137	676511
H	3332	250	94.4	+	0	0	250M	1676137	1129461
L	4976	250	*	*	*	*	*	4354311	*
H	4976	250	94.0	+	0	0	250M	1676137	4354311
H	2775	250	99.2	+	0	0	250M	1136234	67341
H	1708	250	95.6	+	0	0	250M	1136234	250626
H	1756	250	95.6	+	0	0	250M	1136234	241289
H	3356	250	94.4	+	0	0	250M	1136234	614944
L	3293	250	*	*	*	*	*	815884	*
H	3293	250	90.0	+	0	0	56MI193MD	1136234	815884
L	5488	250	*	*	*	*	*	4437907	*
H	5488	250	98.0	+	0	0	14MI235MD	1730876	4437907
L	600	250	*	*	*	*	*	558567	*
H	600	250	93.2	+	0	0	250M	1730876	558567
L	5045	250	*	*	*	*	*	4365806	*
H	5045	250	91.2	+	0	0	250M	1730876	4365806
L	4562	250	*	*	*	*	*	1134116	*
H	4562	250	91.6	+	0	0	250M	1730876	1134116
L	3310	250	*	*	*	*	*	1122363	*
H	3310	250	94.8	+	0	0	250M	1730876	1122363
H	1693	250	100.0	+	0	0	250M	646494	253403
H	4305	250	100.0	+	0	0	250M	646494	1127215
L	3682	250	*	*	*	*	*	812850	*
H	3682	250	99.6	+	0	0	250M	646494	812850
L	2973	250	*	*	*	*	*	12702	*
H	2973	250	96.8	+	0	0	250M	646494	12702
L	2968	250	*	*	*	*	*	12993	*
H	2968	250	96.0	+	0	0	250M	646494	12993
H	3099	250	96.4	+	0	0	200MI49MD	653302	5441
L	4742	250	*	*	*	*	*	4312977	*
H	4742	250	97.2	+	0	0	200MI49MD	653302	4312977
L	3098	250	*	*	*	*	*	5442	*
H	3098	250	95.6	+	0	0	200MI49MD	653302	5442
H	3100	250	95.2	+	0	0	200MI49MD	653302	5263
L	1859	250	*	*	*	*	*	212299	*
H	1859	250	93.6	+	0	0	200MI49MD	653302	212299
H	3349	250	94.4	+	0	0	250M	1126421	1124808
H	665	250	94.4	+	0	0	250M	1126421	546546
H	3554	250	93.2	+	0	0	250M	1126421	838147
H	4666	250	94.0	+	0	0	19MI11MD219M	1126421	4299696
L	4724	250	*	*	*	*	*	4309033	*
H	4724	250	91.6	+	0	0	250M	1126421	4309033
L	1519	250	*	*	*	*	*	276605	*
H	1519	250	100.0	+	0	0	250M	1117497	276605
H	2532	250	98.8	+	0	0	250M	1117497	132602
H	1566	250	98.0	+	0	0	250M	1117497	270229
H	1729	250	98.0	+	0	0	44MI205MD	1117497	247332
H	2810	250	98.4	+	0	0	250M	1117497	53467
L	4440	250	*	*	*	*	*	3929758	*
H	4440	250	96.4	+	0	0	171MI78MD	2085032	3929758
L	1982	250	*	*	*	*	*	193528	*
H	1982	250	96.4	+	0	0	171MI78MD	2085032	193528
L	3387	250	*	*	*	*	*	1906635	*
H	3387	250	96.4	+	0	0	171MI78MD	2085032	1906635
L	5171	250	*	*	*	*	*	4385318	*
H	5171	250	96.4	+	0	0	171MI78MD	2085032	4385318
L	2062	250	*	*	*	*	*	187324	*
H	2062	250	96.4	+	0	0	171MI78MD	2085032	187324
L	5287	250	*	*	*	*	*	4404220	*
H	5287	250	98.4	+	0	0	22MD35MI50MD141MI	893979	4404220
L	5351	250	*	*	*	*	*	4414783	*
H	5351	250	94.8	+	0	0	22MD40MI187M	893979	4414783
H	4647	250	97.6	+	0	0	22MD35MI50MD141MI	893979	4296080
L	4684	250	*	*	*	*	*	4303114	*
H	4684	250	97.6	+	0	0	22MD35MI50MD141MI	893979	4303114
L	4646	250	*	*	*	*	*	4295763	*
H	4646	250	97.6	+	0	0	22MD35MI50MD141MI	893979	4295763
L	5456	250	*	*	*	*	*	4432889	*
H	5456	250	96.4	+	0	0	250M	1145384	4432889
L	3563	250	*	*	*	*	*	2199910	*
H	3563	250	96.0	+	0	0	250M	1145384	2199910
L	4136	250	*	*	*	*	*	832652	*
H	4136	250	96.0	+	0	0	250M	1145384	832652
L	1173	250	*	*	*	*	*	340077	*
H	1173	250	95.2	+	0	0	250M	1145384	340077
L	1765	250	*	*	*	*	*	239951	*
H	1765	250	96.8	+	0	0	250M	1145384	239951
L	10	250	*	*	*	*	*	1108244	*
H	10	250	100.0	+	0	0	250M	14437	1108244
L	330	250	*	*	*	*	*	724271	*
H	330	250	92.4	+	0	0	118MI131MD	14437	724271
L	4982	250	*	*	*	*	*	4355275	*
H	4982	250	93.2	+	0	0	250M	14437	4355275
L	1342	250	*	*	*	*	*	306069	*
H	1342	250	94.8	+	0	0	129MI120MD	14437	306069
L	1751	250	*	*	*	*	*	242098	*
H	1751	250	94.8	+	0	0	250M	14437	242098
L	5617	250	*	*	*	*	*	4460853	*
H	5617	250	99.2	+	0	0	250M	829038	4460853
L	354	250	*	*	*	*	*	689950	*
H	354	250	99.2	+	0	0	250M	829038	689950
L	860	250	*	*	*	*	*	513855	*
H	860	250	99.2	+	0	0	250M	829038	513855
L	5480	250	*	*	*	*	*	4435984	*
H	5480	250	94.4	+	0	0	250M	829038	4435984
L	502	250	*	*	*	*	*	575299	*
H	502	250	94.4	+	0	0	250M	829038	575299
H	4533	250	99.6	+	0	0	250M	1108701	1105883
H	4373	250	99.2	+	0	0	250M	1108701	721199
H	5439	250	99.6	+	0	0	250M	1108701	4430475
H	728	250	99.6	+	0	0	250M	1108701	532994
H	3041	250	99.2	+	0	0	250M	1108701	8966
L	5234	250	*	*	*	*	*	4393532	*
H	5234	250	96.8	+	0	0	250M	849361	4393532
L	358	250	*	*	*	*	*	682726	*
H	358	250	96.8	+	0	0	250M	849361	682726
L	4870	250	*	*	*	*	*	4336546	*
H	4870	250	96.4	+	0	0	250M	849361	4336546
L	2819	250	*	*	*	*	*	51091	*
H	2819	250	90.0	+	0	0	250M	849361	51091
L	3744	250	*	*	*	*	*	864496	*
H	3744	250	97.2	+	0	0	250M	972165	864496
L	3745	250	*	*	*	*	*	1033991	*
H	3745	250	94.4	+	0	0	250M	972165	1033991
L	3743	250	*	*	*	*	*	1033873	*
H	3743	250	94.0	+	0	0	250M	972165	1033873
L	3350	250	*	*	*	*	*	1136078	*
H	3350	250	100.0	+	0	0	250M	2609596	1136078
L	3198	250	*	*	*	*	*	1127851	*
H	3198	250	90.4	+	0	0	250M	2609596	1127851
L	5345	250	*	*	*	*	*	4414306	*
H	5345	250	90.8	+	0	0	250M	2609596	4414306
L	5006	250	*	*	*	*	*	4360164	*
H	5006	250	90.4	+	0	0	250M	2609596	4360164
L	2641	250	*	*	*	*	*	102653	*
H	2641	250	90.4	+	0	0	250M	2609596	102653
L	483	250	*	*	*	*	*	578257	*
H	483	250	98.4	+	0	0	26MD199MD23M2I	2611121	578257
L	1329	250	*	*	*	*	*	308095	*
H	1329	250	98.4	+	0	0	26MD199MD23M2I	2611121	308095
L	3318	250	*	*	*	*	*	781407	*
H	3318	250	98.4	+	0	0	26MD199MD23M2I	2611121	781407
L	5588	250	*	*	*	*	*	4456886	*
H	5588	250	98.4	+	0	0	26MD199MD23M2I	2611121	4456886
L	908	250	*	*	*	*	*	457044	*
H	908	250	98.0	+	0	0	26MD198MD24M2I	2611121	457044
L	5650	250	*	*	*	*	*	4466203	*
H	5650	250	99.6	+	0	0	250M	2635230	4466203
L	4846	250	*	*	*	*	*	4332410	*
H	4846	250	99.6	+	0	0	250M	2635230	4332410
L	3561	250	*	*	*	*	*	2199223	*
H	3561	250	99.2	+	0	0	250M	2635230	2199223
L	3147	250	*	*	*	*	*	2195	*
H	3147	250	99.2	+	0	0	250M	2635230	2195
L	3784	250	*	*	*	*	*	747980	*
H	3784	250	98.0	+	0	0	29MI11MI24MI151MI31M4D	2635230	747980
L	4290	250	*	*	*	*	*	3633321	*
H	4290	250	99.2	+	0	0	250M	913867	3633321
L	3383	250	*	*	*	*	*	1896186	*
H	3383	250	99.2	+	0	0	250M	913867	1896186
L	4853	250	*	*	*	*	*	4333705	*
H	4853	250	99.2	+	0	0	250M	913867	4333705
L	2339	250	*	*	*	*	*	161677	*
H	2339	250	99.6	+	0	0	250M	913867	161677
L	5759	250	*	*	*	*	*	4482374	*
H	5759	250	99.2	+	0	0	250M	913867	4482374
H	2976	250	99.2	+	0	0	250M	711733	12464
H	3417	250	97.6	+	0	0	250M	711733	1122588
L	2409	250	*	*	*	*	*	152004	*
H	2409	250	96.4	+	0	0	149MD64MD18MD16M3I	711733	152004
L	207	250	*	*	*	*	*	874754	*
H	207	250	96.8	+	0	0	32MI217MD	711733	874754
L	1848	250	*	*	*	*	*	217383	*
H	1848	250	97.6	+	0	0	250M	711733	217383
L	2964	250	*	*	*	*	*	13469	*
H	2964	250	98.0	+	0	0	250M	650615	13469
H	2570	250	98.4	+	0	0	250M	650615	112313
L	2569	250	*	*	*	*	*	112329	*
H	2569	250	98.0	+	0	0	250M	650615	112329
L	2965	250	*	*	*	*	*	13467	*
H	2965	250	97.6	+	0	0	250M	650615	13467
H	1387	250	98.0	+	0	0	250M	650615	299576
L	1276	250	*	*	*	*	*	317200	*
H	1276	250	99.6	+	0	0	216MD14MI19M	669038	317200
L	525	250	*	*	*	*	*	570500	*
H	525	250	98.0	+	0	0	231MI18MD	669038	570500
L	4158	250	*	*	*	*	*	790610	*
H	4158	250	98.0	+	0	0	231MI18MD	669038	790610
L	1561	250	*	*	*	*	*	270818	*
H	1561	250	96.8	+	0	0	2D229MI19MI	669038	270818
L	5185	250	*	*	*	*	*	4386973	*
H	5185	250	96.4	+	0	0	232MI17MD	669038	4386973
L	72	250	*	*	*	*	*	1039477	*
H	72	250	90.0	+	0	0	250M	1097955	1039477
L	52	250	*	*	*	*	*	1057402	*
H	52	250	90.0	+	0	0	250M	1097955	1057402
L	215	250	*	*	*	*	*	868615	*
H	215	250	90.0	+	0	0	250M	1097955	868615
L	3553	250	*	*	*	*	*	989990	*
H	3553	250	90.0	+	0	0	250M	1097955	989990
L	3441	250	*	*	*	*	*	1995363	*
H	3441	250	90.0	+	0	0	250M	1097955	1995363
L	3959	250	*	*	*	*	*	811179	*
H	3959	250	98.8	+	0	0	250M	1128359	811179
L	2553	250	*	*	*	*	*	119659	*
H	2553	250	98.8	+	0	0	250M	1128359	119659
H	4728	250	98.8	+	0	0	250M	1128359	4309708
L	1333	250	*	*	*	*	*	307666	*
H	1333	250	98.8	+	0	0	250M	1128359	307666
L	392	250	*	*	*	*	*	623204	*
H	392	250	98.0	+	0	0	250M	1128359	623204
H	4379	250	99.6	+	0	0	250M	826144	944401
L	2851	250	*	*	*	*	*	40435	*
H	2851	250	97.2	+	0	0	50M2I165MI32M3D	826144	40435
H	4301	250	98.8	+	0	0	250M	826144	1023953
L	1344	250	*	*	*	*	*	305278	*
H	1344	250	98.0	+	0	0	250M	826144	305278
L	3703	250	*	*	*	*	*	2476146	*
H	3703	250	96.4	+	0	0	250M	826144	2476146
L	1225	250	*	*	*	*	*	329688	*
H	1225	250	99.6	+	0	0	250M	2990918	329688
L	1428	250	*	*	*	*	*	294210	*
H	1428	250	99.6	+	0	0	250M	2990918	294210
L	1453	250	*	*	*	*	*	291811	*
H	1453	250	99.6	+	0	0	250M	2990918	291811
L	1485	250	*	*	*	*	*	288004	*
H	1485	250	99.6	+	0	0	250M	2990918	288004
L	2892	250	*	*	*	*	*	23706	*
H	2892	250	97.2	+	0	0	214M2D34M2I	2990918	23706
L	2993	250	*	*	*	*	*	11428	*
H	2993	250	99.2	+	0	0	250M	704830	11428
L	2994	250	*	*	*	*	*	11427	*
H	2994	250	95.6	+	0	0	250M	704830	11427
L	2992	250	*	*	*	*	*	11439	*
H	2992	250	94.0	+	0	0	250M	704830	11439
L	2635	250	*	*	*	*	*	102993	*
H	2635	250	91.2	+	0	0	250M	704830	102993
L	1666	250	*	*	*	*	*	259094	*
H	1666	250	92.4	+	0	0	250M	704830	259094
L	3477	250	*	*	*	*	*	658717	*
H	3477	250	100.0	+	0	0	250M	767448	658717
H	4495	250	97.6	+	0	0	250M	767448	956702
H	5384	250	96.4	+	0	0	250M	767448	4420474
H	5296	250	97.2	+	0	0	250M	767448	4406393
L	5164	250	*	*	*	*	*	4383918	*
H	5164	250	96.4	+	0	0	250M	767448	4383918
L	2803	250	*	*	*	*	*	56680	*
H	2803	250	97.2	+	0	0	250M	3557576	56680
L	3133	250	*	*	*	*	*	3232	*
H	3133	250	92.4	+	0	0	250M	3557576	3232
N	*	250	*	*	*	*	*	3602952	*
L	4726	250	*	*	*	*	*	4309323	*
H	4726	250	92.8	+	0	0	250M	3641998	4309323
L	5421	250	*	*	*	*	*	4427030	*
H	5421	250	92.8	+	0	0	250M	3641998	4427030
L	4701	250	*	*	*	*	*	4306157	*
H	4701	250	92.8	+	0	0	250M	3641998	4306157
H	4684	250	92.8	+	0	0	250M	3641998	4303114
H	5384	250	92.8	+	0	0	250M	3641998	4420474
L	3031	250	*	*	*	*	*	9402	*
H	3031	250	96.0	+	0	0	30MD219MI	3664773	9402
L	3898	250	*	*	*	*	*	1136256	*
H	3898	250	94.8	+	0	0	30MD219MI	3664773	1136256
L	5749	250	*	*	*	*	*	4480392	*
H	5749	250	94.8	+	0	0	30MD219MI	3664773	4480392
L	1529	250	*	*	*	*	*	274900	*
H	1529	250	94.4	+	0	0	30MD219MI	3664773	274900
L	2650	250	*	*	*	*	*	101788	*
H	2650	250	92.0	+	0	0	30MD219MI	3664773	101788
L	5599	250	*	*	*	*	*	610967	*
H	5599	250	92.4	+	0	0	117MD13M2D30MD14MI19MD33MI19M3I	659124	610967
L	2378	250	*	*	*	*	*	157497	*
H	2378	250	90.8	+	0	0	I11MI9M5I107MD105MD11M5D	763971	157497
L	825	250	*	*	*	*	*	518743	*
H	825	250	99.2	+	0	0	250M	3889756	518743
L	2558	250	*	*	*	*	*	114821	*
H	2558	250	99.2	+	0	0	250M	3889756	114821
L	4730	250	*	*	*	*	*	4310208	*
H	4730	250	99.2	+	0	0	250M	3889756	4310208
L	5386	250	*	*	*	*	*	4422456	*
H	5386	250	98.8	+	0	0	250M	3889756	4422456
L	4384	250	*	*	*	*	*	3801267	*
H	4384	250	98.8	+	0	0	250M	3889756	3801267
L	3731	250	*	*	*	*	*	2529285	*
H	3731	250	95.6	+	0	0	128MD47MD29MD43M3I	3908648	2529285
H	3521	250	96.4	+	0	0	128MD47MD29MD34MD8M4I	3908648	2119418
L	4426	250	*	*	*	*	*	3908638	*
H	4426	250	96.0	+	0	0	41MI75MI9MD52MD27MD15MD18MD8M3I	3908648	3908638
H	1860	250	96.4	+	0	0	128MD47MD29MD34MD8M4I	3908648	211593
H	1865	250	96.4	+	0	0	128MD47MD29MD34MD8M4I	3908648	210269
L	2757	250	*	*	*	*	*	70728	*
H	2757	250	99.6	+	0	0	250M	612512	70728
L	2812	250	*	*	*	*	*	53170	*
H	2812	250	98.8	+	0	0	250M	612512	53170
L	3607	250	*	*	*	*	*	2291414	*
H	3607	250	98.8	+	0	0	250M	612512	2291414
L	1759	250	*	*	*	*	*	240755	*
H	1759	250	98.0	+	0	0	250M	612512	240755
L	972	250	*	*	*	*	*	370964	*
H	972	250	98.4	+	0	0	250M	612512	370964
L	4414	250	*	*	*	*	*	1129515	*
H	4414	250	95.2	+	0	0	250M	990997	1129515
L	4773	250	*	*	*	*	*	4319468	*
H	4773	250	92.4	+	0	0	250M	990997	4319468
L	3170	250	*	*	*	*	*	1131099	*
H	3170	250	90.0	+	0	0	250M	990997	1131099
L	2721	250	*	*	*	*	*	79540	*
H	2721	250	99.2	+	0	0	250M	708264	79540
L	1795	250	*	*	*	*	*	235003	*
H	1795	250	98.4	+	0	0	250M	708264	235003
L	3992	250	*	*	*	*	*	3076015	*
H	3992	250	98.8	+	0	0	250M	708264	3076015
L	589	250	*	*	*	*	*	559996	*
H	589	250	97.2	+	0	0	104MD145MI	708264	559996
L	3461	250	*	*	*	*	*	901633	*
H	3461	250	97.2	+	0	0	250M	708264	901633
L	1499	250	*	*	*	*	*	284241	*
H	1499	250	100.0	+	0	0	250M	1142257	284241
L	3402	250	*	*	*	*	*	1134145	*
H	3402	250	99.2	+	0	0	51MI198MD	1142257	1134145
L	1890	250	*	*	*	*	*	200217	*
H	1890	250	99.2	+	0	0	116MI133MD	1142257	200217
L	4089	250	*	*	*	*	*	998869	*
H	4089	250	98.8	+	0	0	250M	1142257	998869
L	1875	250	*	*	*	*	*	205772	*
H	1875	250	98.8	+	0	0	250M	1142257	205772
H	4533	250	98.8	+	0	0	250M	836450	1105883
H	728	250	98.8	+	0	0	250M	836450	532994
H	5439	250	98.8	+	0	0	250M	836450	4430475
H	4373	250	98.0	+	0	0	250M	836450	721199
L	2388	250	*	*	*	*	*	156459	*
H	2388	250	98.0	+	0	0	250M	836450	156459
L	5638	250	*	*	*	*	*	4465276	*
H	5638	250	99.6	+	0	0	250M	4300564	4465276
L	4992	250	*	*	*	*	*	4357324	*
H	4992	250	99.2	+	0	0	250M	4300564	4357324
L	3697	250	*	*	*	*	*	1105085	*
H	3697	250	98.8	+	0	0	250M	4300564	1105085
L	2397	250	*	*	*	*	*	154174	*
H	2397	250	90.0	+	0	0	250M	4300564	154174
L	3096	250	*	*	*	*	*	5583	*
H	3096	250	90.4	+	0	0	250M	4300564	5583
H	2810	250	99.6	+	0	0	250M	4323731	53467
L	4276	250	*	*	*	*	*	821185	*
H	4276	250	97.6	+	0	0	250M	4323731	821185
H	2532	250	98.4	+	0	0	250M	4323731	132602
H	2776	250	98.4	+	0	0	250M	4323731	67228
H	1566	250	98.4	+	0	0	250M	4323731	270229
L	4826	250	*	*	*	*	*	4328432	*
H	4826	250	98.8	+	0	0	250M	4323871	4328432
L	1510	250	*	*	*	*	*	278680	*
H	1510	250	98.4	+	0	0	250M	4323871	278680
L	681	250	*	*	*	*	*	542475	*
H	681	250	98.4	+	0	0	250M	4323871	542475
L	4507	250	*	*	*	*	*	1109067	*
H	4507	250	96.8	+	0	0	250M	4323871	1109067
L	417	250	*	*	*	*	*	591699	*
H	417	250	96.0	+	0	0	250M	4323871	591699
L	3550	250	*	*	*	*	*	1141123	*
H	3550	250	99.6	+	0	0	250M	4344960	1141123
L	644	250	*	*	*	*	*	551931	*
H	644	250	99.6	+	0	0	250M	4344960	551931
L	3015	250	*	*	*	*	*	10298	*
H	3015	250	99.2	+	0	0	250M	4344960	10298
L	359	250	*	*	*	*	*	681954	*
H	359	250	98.8	+	0	0	250M	4344960	681954
L	1733	250	*	*	*	*	*	246846	*
H	1733	250	98.8	+	0	0	250M	4344960	246846
L	602	250	*	*	*	*	*	557957	*
H	602	250	99.6	+	0	0	250M	4347599	557957
L	3512	250	*	*	*	*	*	2106896	*
H	3512	250	98.0	+	0	0	250M	4347599	2106896
H	5575	250	98.8	+	0	0	250M	4347599	4455242
H	4239	250	98.4	+	0	0	250M	4347599	1115975
L	2765	250	*	*	*	*	*	70057	*
H	2765	250	98.8	+	0	0	250M	4347599	70057
L	2716	250	*	*	*	*	*	81554	*
H	2716	250	96.0	+	0	0	142MI107MD	4362383	81554
L	2597	250	*	*	*	*	*	108008	*
H	2597	250	95.2	+	0	0	250M	4362383	108008
L	4958	250	*	*	*	*	*	4352076	*
H	4958	250	96.0	+	0	0	250M	4362383	4352076
L	4952	250	*	*	*	*	*	4351033	*
H	4952	250	95.2	+	0	0	250M	4362383	4351033
L	2599	250	*	*	*	*	*	107976	*
H	2599	250	96.4	+	0	0	250M	4362383	107976
L	3571	250	*	*	*	*	*	1118561	*
H	3571	250	100.0	+	0	0	250M	4364813	1118561
L	2753	250	*	*	*	*	*	71894	*
H	2753	250	98.8	+	0	0	250M	4364813	71894
L	1624	250	*	*	*	*	*	263193	*
H	1624	250	98.8	+	0	0	250M	4364813	263193
L	5486	250	*	*	*	*	*	4437436	*
H	5486	250	99.2	+	0	0	250M	4364813	4437436
L	2779	250	*	*	*	*	*	65400	*
H	2779	250	98.0	+	0	0	250M	4364813	65400
H	4851	250	99.2	+	0	0	128MD76MD44M2I	4385067	4333556
H	415	250	99.2	+	0	0	128MD76MD44M2I	4385067	591907
L	4372	250	*	*	*	*	*	3773438	*
H	4372	250	99.2	+	0	0	128MD76MD44M2I	4385067	3773438
H	508	250	99.2	+	0	0	42MI86MD76MD44MI	4385067	573338
L	3380	250	*	*	*	*	*	1891556	*
H	3380	250	99.2	+	0	0	128MD76MD44M2I	4385067	1891556
L	5029	250	*	*	*	*	*	4364464	*
H	5029	250	98.4	+	0	0	250M	4390966	4364464
L	4889	250	*	*	*	*	*	4340036	*
H	4889	250	98.4	+	0	0	250M	4390966	4340036
L	4150	250	*	*	*	*	*	3366133	*
H	4150	250	98.4	+	0	0	250M	4390966	3366133
L	2430	250	*	*	*	*	*	148987	*
H	2430	250	98.4	+	0	0	250M	4390966	148987
L	2242	250	*	*	*	*	*	175474	*
H	2242	250	98.4	+	0	0	250M	4390966	175474
L	2458	250	*	*	*	*	*	143401	*
H	2458	250	100.0	+	0	0	250M	4408009	143401
L	425	250	*	*	*	*	*	589864	*
H	425	250	100.0	+	0	0	250M	4408009	589864
L	3922	250	*	*	*	*	*	642788	*
H	3922	250	99.6	+	0	0	46MI203MD	4408009	642788
L	295	250	*	*	*	*	*	793461	*
H	295	250	99.6	+	0	0	110MI139MD	4408009	793461
L	636	250	*	*	*	*	*	553146	*
H	636	250	99.6	+	0	0	250M	4408009	553146
L	4278	250	*	*	*	*	*	826666	*
H	4278	250	95.2	+	0	0	250M	4410896	826666
L	16	250	*	*	*	*	*	1104627	*
H	16	250	95.2	+	0	0	21MI228MD	4410896	1104627
L	1843	250	*	*	*	*	*	218095	*
H	1843	250	95.2	+	0	0	250M	4410896	218095
L	5255	250	*	*	*	*	*	4396481	*
H	5255	250	95.2	+	0	0	250M	4410896	4396481
L	1841	250	*	*	*	*	*	218446	*
H	1841	250	95.2	+	0	0	250M	4410896	218446
L	3804	250	*	*	*	*	*	1115889	*
H	3804	250	100.0	+	0	0	250M	4422114	1115889
L	3855	250	*	*	*	*	*	1115973	*
H	3855	250	99.6	+	0	0	250M	4422114	1115973
L	4405	250	*	*	*	*	*	1141671	*
H	4405	250	99.6	+	0	0	250M	4422114	1141671
L	3856	250	*	*	*	*	*	1114321	*
H	3856	250	99.2	+	0	0	250M	4422114	1114321
H	2776	250	98.4	+	0	0	250M	4422114	67228
L	1847	250	*	*	*	*	*	217386	*
H	1847	250	95.2	+	0	0	250M	4426339	217386
L	3591	250	*	*	*	*	*	1141633	*
H	3591	250	95.2	+	0	0	250M	4426339	1141633
L	5415	250	*	*	*	*	*	4426338	*
H	5415	250	94.4	+	0	0	250M	4426339	4426338
L	4541	250	*	*	*	*	*	1146685	*
H	4541	250	94.4	+	0	0	250M	4426339	1146685
L	3095	250	*	*	*	*	*	5652	*
H	3095	250	94.0	+	0	0	250M	4426339	5652
L	4020	250	*	*	*	*	*	799884	*
H	4020	250	96.8	+	0	0	27MD50MD171M2I	4431828	799884
L	3375	250	*	*	*	*	*	1888677	*
H	3375	250	96.8	+	0	0	27MD50MD171M2I	4431828	1888677
L	4908	250	*	*	*	*	*	4344207	*
H	4908	250	96.8	+	0	0	27MD50MD171M2I	4431828	4344207
L	1846	250	*	*	*	*	*	217734	*
H	1846	250	96.4	+	0	0	27MD50MD171M2I	4431828	217734
L	4325	250	*	*	*	*	*	936798	*
H	4325	250	96.0	+	0	0	27MD50MD171M2I	4431828	936798
L	4858	250	*	*	*	*	*	4334651	*
H	4858	250	99.2	+	0	0	250M	4438147	4334651
L	5451	250	*	*	*	*	*	4432430	*
H	5451	250	98.8	+	0	0	250M	4438147	4432430
L	4981	250	*	*	*	*	*	4354885	*
H	4981	250	98.8	+	0	0	250M	4438147	4354885
L	5637	250	*	*	*	*	*	4465204	*
H	5637	250	98.0	+	0	0	250M	4438147	4465204
L	3828	250	*	*	*	*	*	2714267	*
H	3828	250	98.0	+	0	0	250M	4438147	2714267
L	980	250	*	*	*	*	*	370056	*
H	980	250	100.0	+	0	0	250M	4457129	370056
L	5013	250	*	*	*	*	*	4360539	*
H	5013	250	96.8	+	0	0	164MI85MD	4457129	4360539
H	4976	250	96.4	+	0	0	250M	4457129	4354311
H	2929	250	95.6	+	0	0	250M	4457129	15059
H	5737	250	96.0	+	0	0	250M	4457129	4478762
L	2940	250	*	*	*	*	*	14457	*
H	2940	250	97.6	+	0	0	30MI128MI90M2D	4473250	14457
L	3522	250	*	*	*	*	*	1134197	*
H	3522	250	97.2	+	0	0	30MI127MI91M2D	4473250	1134197
L	5537	250	*	*	*	*	*	4449419	*
H	5537	250	92.4	+	0	0	44M2D10MD100MI71MD21M3I	4473250	4449419
L	1605	250	*	*	*	*	*	265604	*
H	1605	250	94.8	+	0	0	27MI129MI92M2D	4473250	265604
L	2937	250	*	*	*	*	*	14535	*
H	2937	250	92.8	+	0	0	30MI127MI91M2D	4473250	14535
L	1621	250	*	*	*	*	*	263449	*
H	1621	250	99.6	+	0	0	250M	4475144	263449
L	5019	250	*	*	*	*	*	4361518	*
H	5019	250	99.2	+	0	0	250M	4475144	4361518
L	5030	250	*	*	*	*	*	4364469	*
H	5030	250	99.2	+	0	0	250M	4475144	4364469
L	2832	250	*	*	*	*	*	46931	*
H	2832	250	98.0	+	0	0	250M	4475144	46931
L	3020	250	*	*	*	*	*	9819	*
H	3020	250	97.2	+	0	0	250M	4475144	9819
L	886	250	*	*	*	*	*	508943	*
H	886	250	91.6	+	0	0	I249MD	4475936	508943
H	1860	250	92.4	+	0	0	I249MD	4475936	211593
H	1865	250	92.4	+	0	0	I249MD	4475936	210269
H	3521	250	92.4	+	0	0	I249MD	4475936	2119418
L	4950	250	*	*	*	*	*	4350788	*
H	4950	250	92.0	+	0	0	I249MD	4475936	4350788
L	1785	250	*	*	*	*	*	237081	*
H	1785	250	94.0	+	0	0	57MI44MI147M2D	4482227	237081
L	1706	250	*	*	*	*	*	251243	*
H	1706	250	94.0	+	0	0	57MI44MI52MI94M3D	4482227	251243
L	5143	250	*	*	*	*	*	4380803	*
H	5143	250	92.8	+	0	0	57MI90MI69MI6M2I23M5D	4482227	4380803
L	1699	250	*	*	*	*	*	252339	*
H	1699	250	91.2	+	0	0	57MI43MI31MI68MD13M3D15MD18M2I	4482227	252339
L	5884	250	*	*	*	*	*	1074804	*
H	5884	250	96.0	+	0	0	250M	347913	1074804
L	5897	250	*	*	*	*	*	862101	*
H	5897	250	94.8	+	0	0	250M	347913	862101
L	5830	250	*	*	*	*	*	108965	*
H	5830	250	95.2	+	0	0	250M	347913	108965
L	5831	250	*	*	*	*	*	108964	*
H	5831	250	94.8	+	0	0	250M	347913	108964
L	5809	250	*	*	*	*	*	324034	*
H	5809	250	94.8	+	0	0	250M	347913	324034
L	5822	250	*	*	*	*	*	150607	*
H	5822	250	97.2	+	0	0	9MI73MI137MI28M3D	47778	150607
L	5838	250	*	*	*	*	*	100780	*
H	5838	250	97.2	+	0	0	9MI73MI137MI28M3D	47778	100780
L	5895	250	*	*	*	*	*	1136152	*
H	5895	250	97.6	+	0	0	9MI240MD	47778	1136152
L	5848	250	*	*	*	*	*	25116	*
H	5848	250	98.0	+	0	0	9MI240MD	47778	25116
L	5786	250	*	*	*	*	*	704748	*
H	5786	250	97.6	+	0	0	9MI203MI36M2D	47778	704748
L	5782	250	*	*	*	*	*	756973	*
H	5782	250	99.6	+	0	0	218MI31MD	1126596	756973
L	5834	250	*	*	*	*	*	107234	*
H	5834	250	99.2	+	0	0	250M	1126596	107234
L	5921	250	*	*	*	*	*	4362614	*
H	5921	250	98.0	+	0	0	250M	1126596	4362614
H	5848	250	95.6	+	0	0	250M	1126596	25116
L	5922	250	*	*	*	*	*	4362616	*
H	5922	250	95.6	+	0	0	250M	1126596	4362616
L	5913	250	*	*	*	*	*	4338018	*
H	5913	250	97.2	+	0	0	250M	673916	4338018
L	5787	250	*	*	*	*	*	686537	*
H	5787	250	93.2	+	0	0	250M	673916	686537
L	5844	250	*	*	*	*	*	43283	*
H	5844	250	92.8	+	0	0	250M	673916	43283
L	5909	250	*	*	*	*	*	4307029	*
H	5909	250	92.0	+	0	0	250M	673916	4307029
L	5896	250	*	*	*	*	*	643724	*
H	5896	250	90.0	+	0	0	250M	673916	643724
L	5885	250	*	*	*	*	*	1137781	*
H	5885	250	100.0	+	0	0	250M	4369721	1137781
L	5794	250	*	*	*	*	*	611626	*
H	5794	250	98.8	+	0	0	243MD6MI	4369721	611626
L	5879	250	*	*	*	*	*	1145507	*
H	5879	250	98.8	+	0	0	250M	4385066	1145507
L	5925	250	*	*	*	*	*	4416518	*
H	5925	250	90.4	+	0	0	250M	4385066	4416518
L	5888	250	*	*	*	*	*	813104	*
H	5888	250	90.0	+	0	0	250M	4385066	813104
L	5898	250	*	*	*	*	*	1114397	*
H	5898	250	90.0	+	0	0	250M	4385066	1114397
H	5787	250	90.0	+	0	0	250M	4385066	686537
L	5781	250	*	*	*	*	*	777733	*
H	5781	250	94.0	+	0	0	250M	4404369	777733
L	5915	250	*	*	*	*	*	4338137	*
H	5915	250	90.4	+	0	0	250M	4404369	4338137
D	10	2	*	*	*	*	100.0	1108244	*
D	84	2	*	*	*	*	95.6	1019904	*
D	358	2	*	*	*	*	96.8	682726	*
D	372	2	*	*	*	*	98.0	656310	*
D	425	2	*	*	*	*	100.0	589864	*
D	531	3	*	*	*	*	99.0	569952	*
D	543	2	*	*	*	*	98.4	567840	*
D	555	2	*	*	*	*	99.2	566216	*
D	584	2	*	*	*	*	98.4	560804	*
D	602	2	*	*	*	*	99.6	557957	*
D	644	2	*	*	*	*	99.6	551931	*
D	665	2	*	*	*	*	94.4	546546	*
D	712	2	*	*	*	*	100.0	535824	*
D	718	2	*	*	*	*	100.0	534898	*
D	728	2	*	*	*	*	99.6	532994	*
D	796	2	*	*	*	*	98.8	522984	*
D	860	2	*	*	*	*	99.2	513855	*
D	961	2	*	*	*	*	97.6	386088	*
D	978	2	*	*	*	*	100.0	370225	*
D	980	2	*	*	*	*	100.0	370056	*
D	1062	2	*	*	*	*	99.6	356089	*
D	1072	2	*	*	*	*	100.0	354256	*
D	1075	2	*	*	*	*	100.0	353532	*
D	1143	2	*	*	*	*	100.0	343273	*
D	1148	2	*	*	*	*	98.4	342928	*
D	1184	2	*	*	*	*	96.8	338757	*
D	1276	2	*	*	*	*	99.6	317200	*
D	1305	2	*	*	*	*	98.8	311765	*
D	1333	2	*	*	*	*	98.8	307666	*
D	1341	2	*	*	*	*	98.8	306124	*
D	1424	2	*	*	*	*	99.2	294550	*
D	1485	2	*	*	*	*	99.6	288004	*
D	1499	2	*	*	*	*	100.0	284241	*
D	1519	2	*	*	*	*	100.0	276605	*
D	1611	2	*	*	*	*	99.6	264416	*
D	1621	2	*	*	*	*	99.6	263449	*
D	1659	2	*	*	*	*	97.6	259732	*
D	1706	2	*	*	*	*	94.0	251243	*
D	1708	2	*	*	*	*	97.6	250626	*
D	1713	2	*	*	*	*	98.0	250063	*
D	1765	2	*	*	*	*	96.8	239951	*
D	1841	2	*	*	*	*	95.2	218446	*
D	1842	2	*	*	*	*	99.6	218254	*
D	1856	2	*	*	*	*	100.0	212584	*
D	1865	2	*	*	*	*	96.4	210269	*
D	1979	2	*	*	*	*	99.6	193710	*
D	2062	2	*	*	*	*	96.4	187324	*
D	2090	2	*	*	*	*	98.4	185636	*
D	2158	2	*	*	*	*	97.6	181589	*
D	2242	2	*	*	*	*	98.4	175474	*
D	2288	2	*	*	*	*	98.8	170244	*
D	2297	2	*	*	*	*	99.2	168583	*
D	2302	2	*	*	*	*	93.6	168260	*
D	2316	2	*	*	*	*	99.2	165882	*
D	2322	2	*	*	*	*	97.6	164718	*
D	2339	2	*	*	*	*	99.6	161677	*
D	2345	2	*	*	*	*	98.4	161024	*
D	2349	2	*	*	*	*	97.2	160832	*
D	2378	2	*	*	*	*	90.8	157497	*
D	2439	2	*	*	*	*	97.6	147086	*
D	2492	2	*	*	*	*	100.0	139504	*
D	2497	2	*	*	*	*	99.2	138840	*
D	2510	2	*	*	*	*	94.4	136328	*
D	2532	2	*	*	*	*	99.2	132602	*
D	2533	2	*	*	*	*	97.6	131902	*
D	2570	2	*	*	*	*	98.4	112313	*
D	2599	2	*	*	*	*	96.4	107976	*
D	2623	2	*	*	*	*	96.4	105508	*
D	2657	3	*	*	*	*	99.2	100650	*
D	2660	2	*	*	*	*	99.2	100203	*
D	2669	2	*	*	*	*	97.2	99356	*
D	2719	2	*	*	*	*	97.2	80086	*
D	2721	2	*	*	*	*	99.2	79540	*
D	2740	2	*	*	*	*	99.2	73951	*
D	2746	2	*	*	*	*	98.8	72820	*
D	2757	2	*	*	*	*	99.6	70728	*
D	2775	2	*	*	*	*	99.2	67341	*
D	2802	2	*	*	*	*	100.0	57759	*
D	2803	2	*	*	*	*	97.2	56680	*
D	2810	2	*	*	*	*	99.6	53467	*
D	2827	2	*	*	*	*	98.4	48874	*
D	2841	2	*	*	*	*	99.6	42931	*
D	2845	2	*	*	*	*	97.6	41119	*
D	2908	2	*	*	*	*	99.6	16103	*
D	2940	2	*	*	*	*	97.6	14457	*
D	2976	2	*	*	*	*	99.2	12464	*
D	2991	2	*	*	*	*	98.8	12048	*
D	2993	2	*	*	*	*	99.2	11428	*
D	3023	2	*	*	*	*	99.6	9546	*
D	3031	2	*	*	*	*	96.0	9402	*
D	3100	2	*	*	*	*	95.6	5263	*
D	3102	2	*	*	*	*	98.4	4737	*
D	3111	2	*	*	*	*	98.8	4562	*
D	3122	2	*	*	*	*	94.0	4043	*
D	3157	2	*	*	*	*	98.4	1503863	*
D	3196	2	*	*	*	*	100.0	1144371	*
D	3250	2	*	*	*	*	92.0	1684221	*
D	3304	2	*	*	*	*	99.6	1137471	*
D	3307	2	*	*	*	*	98.8	1002608	*
D	3349	2	*	*	*	*	100.0	1124808	*
D	3350	2	*	*	*	*	100.0	1136078	*
D	3380	2	*	*	*	*	99.2	1891556	*
D	3441	2	*	*	*	*	90.0	1995363	*
D	3477	2	*	*	*	*	100.0	658717	*
D	3502	2	*	*	*	*	98.4	745650	*
D	3511	2	*	*	*	*	98.8	816056	*
D	3521	2	*	*	*	*	92.4	2119418	*
D	3556	2	*	*	*	*	100.0	798581	*
D	3571	2	*	*	*	*	100.0	1118561	*
D	3591	2	*	*	*	*	95.2	1141633	*
D	3609	2	*	*	*	*	95.2	2297613	*
D	3636	2	*	*	*	*	95.6	1114718	*
D	3674	2	*	*	*	*	98.4	2421587	*
D	3692	2	*	*	*	*	99.2	898309	*
D	3744	2	*	*	*	*	97.2	864496	*
D	3804	2	*	*	*	*	100.0	1115889	*
D	3893	2	*	*	*	*	95.2	1139117	*
D	3932	2	*	*	*	*	100.0	1086672	*
D	4066	2	*	*	*	*	100.0	812476	*
D	4155	2	*	*	*	*	99.6	1115352	*
D	4202	2	*	*	*	*	99.6	714746	*
D	4305	2	*	*	*	*	100.0	1127215	*
D	4333	2	*	*	*	*	94.8	759349	*
D	4373	2	*	*	*	*	99.2	721199	*
D	4379	2	*	*	*	*	99.6	944401	*
D	4414	2	*	*	*	*	95.2	1129515	*
D	4481	2	*	*	*	*	98.0	776873	*
D	4494	2	*	*	*	*	99.2	902903	*
D	4637	2	*	*	*	*	98.0	4295230	*
D	4638	2	*	*	*	*	98.8	4295289	*
D	4673	2	*	*	*	*	100.0	4301491	*
D	4730	2	*	*	*	*	99.2	4310208	*
D	4733	2	*	*	*	*	98.4	4311005	*
D	4741	2	*	*	*	*	98.0	4312974	*
D	4742	2	*	*	*	*	97.2	4312977	*
D	4826	2	*	*	*	*	98.8	4328432	*
D	4846	2	*	*	*	*	99.6	4332410	*
D	4858	2	*	*	*	*	99.2	4334651	*
D	4908	2	*	*	*	*	96.8	4344207	*
D	4915	2	*	*	*	*	99.2	4345313	*
D	5147	2	*	*	*	*	98.4	4381192	*
D	5199	2	*	*	*	*	100.0	4388952	*
D	5287	2	*	*	*	*	98.4	4404220	*
D	5371	2	*	*	*	*	98.4	4418165	*
D	5384	2	*	*	*	*	92.8	4420474	*
D	5439	2	*	*	*	*	98.8	4430475	*
D	5447	2	*	*	*	*	96.0	4431608	*
D	5455	2	*	*	*	*	99.6	4432796	*
D	5488	2	*	*	*	*	98.0	4437907	*
D	5588	2	*	*	*	*	98.4	4456886	*
D	5599	2	*	*	*	*	92.4	610967	*
D	5623	2	*	*	*	*	98.0	4462446	*
D	5626	2	*	*	*	*	100.0	4463108	*
D	5638	2	*	*	*	*	99.6	4465276	*
D	5639	2	*	*	*	*	96.8	4465295	*
D	5741	2	*	*	*	*	100.0	4479467	*
D	5781	2	*	*	*	*	94.0	777733	*
D	5782	2	*	*	*	*	99.6	756973	*
D	5848	2	*	*	*	*	98.0	25116	*
D	5879	2	*	*	*	*	98.8	1145507	*
D	5884	2	*	*	*	*	96.0	1074804	*
D	5885	2	*	*	*	*	100.0	1137781	*
D	5913	2	*	*	*	*	97.2	4338018	*
