UclustConsensusTaxonAssigner parameters:
id_to_taxonomy_filepath:/home/ubuntu/data/unite-14.11/97_otu_taxonomy.txt
id_to_taxonomy_fp:/home/ubuntu/data/unite-14.11/97_otu_taxonomy.txt
max_accepts:1
min_consensus_fraction:0.76
reference_sequences_fp:/home/ubuntu/data/unite-14.11/97_otus.fasta
similarity:0.9
unassignable_label:Unassigned
Result path: /tmp/assign-tax4pwBFt

.uc file contents:

# uclust --input /home/ubuntu/data/short-read-tax-assignment/data/mock-community/F2/rep_set.fna --id 0.9 --rev --maxaccepts 1 --allhits --libonly --lib /home/ubuntu/data/unite-14.11/97_otus.fasta --uc /home/ubuntu/temp/UclustConsensusTaxonAssigner_mCnDRY.uc
# version=1.2.22
# Tab-separated fields:
# 1=Type, 2=ClusterNr, 3=SeqLength or ClusterSize, 4=PctId, 5=Strand, 6=QueryStart, 7=SeedStart, 8=Alignment, 9=QueryLabel, 10=TargetLabel
# Record types (field 1): L=LibSeed, S=NewSeed, H=Hit, R=Reject, D=LibCluster, C=NewCluster, N=NoHit
# For C and D types, PctId is average id with seed.
# QueryStart and SeedStart are zero-based relative to start of sequence.
# If minus strand, SeedStart is relative to reverse-complemented seed.
L	3195	472	*	*	*	*	*	EU714323	*
H	3195	101	100.0	+	0	0	8I101M363I	AB236002 Mock.3_69	EU714323
L	19864	605	*	*	*	*	*	DQ683112	*
H	19864	101	92.1	+	0	0	245I101M259I	AF157596 Mock.3_11595	DQ683112
L	20446	1991	*	*	*	*	*	EF397557	*
H	20446	86	100.0	+	0	0	1744I86M161I	AM410602 Mock.3_1088	EF397557
L	7271	631	*	*	*	*	*	GQ120993	*
H	7271	85	100.0	+	0	0	24I85M522I	DQ267827 Mock.3_15114	GQ120993
L	261	517	*	*	*	*	*	DQ871598	*
H	261	101	93.1	+	0	0	3D98M419I	DQ674351 Mock.2_37777	DQ871598
L	25215	460	*	*	*	*	*	FJ861384	*
H	25215	91	97.8	+	0	0	18I91M351I	DQ681373 Mock.3_77472	FJ861384
L	26107	396	*	*	*	*	*	GQ376093	*
H	26107	101	95.0	+	0	0	8I101M287I	DQ683114 Mock.2_49	GQ376093
L	22236	1144	*	*	*	*	*	EU926284	*
H	22236	101	95.0	+	0	0	5D96M1048I	DQ980578 Mock.3_103337	EU926284
L	669	416	*	*	*	*	*	EF197948	*
H	669	101	97.0	+	0	0	3D98M318I	EF199746 Mock.3_6	EF197948
L	25126	583	*	*	*	*	*	FJ904916	*
H	25126	101	99.0	+	0	0	22I85MD15M461I	EU490021 Mock.1_17056	FJ904916
L	4539	617	*	*	*	*	*	DQ132818	*
H	4539	94	98.9	+	0	0	61I94M462I	EU551202 Mock.3_1364	DQ132818
L	3590	578	*	*	*	*	*	FJ196614	*
H	3590	82	97.6	+	0	0	9I63MI19M486I	FJ196614 Mock.1_25367	FJ196614
H	4539	101	97.0	+	0	0	61I101M455I	FJ430772 Mock.1_20387	DQ132818
L	8751	1585	*	*	*	*	*	HM534896	*
H	8751	82	100.0	+	0	0	123I82M1380I	FJ466715 Mock.2_4938	HM534896
H	4539	101	97.0	+	0	0	61I101M455I	FJ552897 Mock.3_14077	DQ132818
L	15479	1510	*	*	*	*	*	AF081478	*
H	15479	79	100.0	+	0	0	315I68M2I11M1114I	FJ553653 Mock.3_79206	AF081478
H	25126	85	97.6	+	0	0	22I85M476I	FJ760777 Mock.3_148090	FJ904916
L	1821	529	*	*	*	*	*	GU062298	*
H	1821	89	95.5	+	0	0	11I89M429I	FJ760911 Mock.3_25039	GU062298
L	2386	997	*	*	*	*	*	FJ892747	*
H	2386	83	98.8	+	0	0	259I69MI14M654I	FJ777353 Mock.1_1325	FJ892747
L	1914	488	*	*	*	*	*	AF455401	*
H	1914	101	90.1	+	0	0	10D91M397I	FM177661 Mock.1_3223	AF455401
L	12667	564	*	*	*	*	*	AY729076	*
H	12667	101	99.0	+	0	0	86MD14M464I	FN562059 Mock.3_65061	AY729076
L	21482	573	*	*	*	*	*	EU551202	*
H	21482	101	98.0	+	0	0	9I101M463I	FR799498 Mock.1_11398	EU551202
H	21482	86	98.8	+	0	0	9I86M478I	FR799499 Mock.1_101835	EU551202
L	25840	593	*	*	*	*	*	FJ878626	*
H	25840	101	100.0	+	0	0	8I101M484I	GQ229082 Mock.2_477	FJ878626
L	18019	743	*	*	*	*	*	GQ376079	*
H	18019	101	100.0	+	0	0	8I101M634I	GQ376077 Mock.3_9	GQ376079
H	20446	86	97.7	+	0	0	1744I86M161I	GQ379907 Mock.1_15015	EF397557
H	7271	80	100.0	+	0	0	24I80M527I	GQ458026 Mock.2_14347	GQ120993
L	9286	626	*	*	*	*	*	JF439501	*
H	9286	81	98.8	+	0	0	22I81M523I	GQ851780 Mock.2_10125	JF439501
H	4539	101	98.0	+	0	0	61I101M455I	GQ999201 Mock.2_21	DQ132818
L	2507	617	*	*	*	*	*	EU821474	*
H	2507	101	98.0	+	0	0	11I101M505I	GU054037 Mock.3_56	EU821474
H	15479	79	96.2	+	0	0	315I66M2I13M1114I	GU187850 Mock.3_31596	AF081478
L	11135	526	*	*	*	*	*	EF601622	*
H	11135	80	98.8	+	0	0	10I80M436I	GU187857 Mock.1_120194	EF601622
L	1982	610	*	*	*	*	*	EU833211	*
H	1982	101	96.0	+	0	0	8I33MI68M500I	GU187864 Mock.3_107013	EU833211
N	*	101	*	*	*	*	*	GU370744 Mock.3_25	*
H	21482	101	97.0	+	0	0	9I101M463I	GU565140 Mock.1_89680	EU551202
H	4539	96	97.9	+	0	0	61I96M460I	GU566244 Mock.2_51949	DQ132818
L	22486	514	*	*	*	*	*	FJ210562	*
H	22486	85	96.5	+	0	0	26I85M403I	GU721258 Mock.3_1197	FJ210562
H	21482	96	100.0	+	0	0	9I96M468I	GU934594 Mock.3_463	EU551202
L	2663	412	*	*	*	*	*	DQ286062	*
H	2663	101	100.0	+	0	0	24I101M287I	HM037662 Mock.3_0	DQ286062
N	*	101	*	*	*	*	*	HM069364 Mock.1_3563	*
L	26872	567	*	*	*	*	*	GU212865	*
H	26872	101	99.0	+	0	0	10I90MI11M455I	HM069479 Mock.2_29206	GU212865
N	*	101	*	*	*	*	*	HQ115737 Mock.1_42	*
H	21482	101	97.0	+	0	0	9I101M463I	HQ124706 Mock.3_16003	EU551202
H	261	101	93.1	+	0	0	3D98M419I	HQ589260 Mock.3_336	DQ871598
H	21482	101	98.0	+	0	0	9I101M463I	HQ827787 Mock.3_25286	EU551202
H	20446	101	98.0	+	0	0	1744I86MD14M147I	JF262912 Mock.3_93865	EF397557
L	22593	716	*	*	*	*	*	FN548146	*
H	22593	87	100.0	+	0	0	111I87M518I	JF439501 Mock.1_19099	FN548146
L	4606	704	*	*	*	*	*	JF735273	*
H	4606	84	97.6	+	0	0	143I84M477I	JF449887 Mock.2_32544	JF735273
H	261	101	94.1	+	0	0	3D98M419I	JF715197 Mock.3_4	DQ871598
L	28129	2961	*	*	*	*	*	GQ458041	*
H	28129	101	100.0	+	0	0	1712I101M1148I	JF720033 Mock.1_3	GQ458041
L	165	586	*	*	*	*	*	DQ680681	*
H	165	101	95.0	+	0	0	227I101M258I	JF907594 Mock.3_41	DQ680681
H	8751	85	97.6	+	0	0	123I85M1377I	JF933755 Mock.3_4506	HM534896
L	27106	558	*	*	*	*	*	HQ897787	*
H	27106	101	95.0	+	0	0	5D96M462I	JN905480 Mock.1_57	HQ897787
L	28128	584	*	*	*	*	*	JN681281	*
H	28128	77	100.0	+	0	0	25I77M482I	JN905595 Mock.3_33141	JN681281
H	4606	83	100.0	+	0	0	143I83M478I	JQ912669 Mock.2_20239	JF735273
N	*	101	*	*	*	*	*	New.ReferenceOTU0 Mock.2_38342	*
H	19864	101	94.1	+	0	0	245I101M259I	New.ReferenceOTU1 Mock.1_4514	DQ683112
H	19864	101	93.1	+	0	0	245I101M259I	New.ReferenceOTU2 Mock.1_17201	DQ683112
H	26107	101	93.1	+	0	0	8I101M287I	New.ReferenceOTU3 Mock.3_140076	GQ376093
H	165	96	93.8	+	0	0	227I96M263I	New.ReferenceOTU4 Mock.2_21889	DQ680681
H	26107	101	96.0	+	0	0	8I101M287I	New.ReferenceOTU5 Mock.3_13474	GQ376093
H	26107	101	92.1	+	0	0	8I101M287I	New.CleanUp.ReferenceOTU1 Mock.3_31273	GQ376093
N	*	101	*	*	*	*	*	New.CleanUp.ReferenceOTU10 Mock.2_23568	*
H	26107	88	92.0	+	0	0	8I88M300I	New.CleanUp.ReferenceOTU102 Mock.1_20160	GQ376093
H	261	101	91.1	+	0	0	3D98M419I	New.CleanUp.ReferenceOTU109 Mock.2_103418	DQ871598
H	26107	85	96.5	+	0	0	8I85M303I	New.CleanUp.ReferenceOTU116 Mock.3_149153	GQ376093
N	*	101	*	*	*	*	*	New.CleanUp.ReferenceOTU118 Mock.2_14440	*
N	*	101	*	*	*	*	*	New.CleanUp.ReferenceOTU132 Mock.1_37935	*
H	26107	97	93.8	+	0	0	8I97M291I	New.CleanUp.ReferenceOTU136 Mock.1_37244	GQ376093
H	26107	101	93.1	+	0	0	8I101M287I	New.CleanUp.ReferenceOTU140 Mock.1_148727	GQ376093
H	19864	101	90.1	+	0	0	245I101M259I	New.CleanUp.ReferenceOTU142 Mock.3_149543	DQ683112
H	669	96	93.8	+	0	0	3D93M323I	New.CleanUp.ReferenceOTU145 Mock.2_16180	EF197948
H	2663	97	94.8	+	0	0	24I97M291I	New.CleanUp.ReferenceOTU154 Mock.3_62959	DQ286062
H	26107	101	92.1	+	0	0	8I101M287I	New.CleanUp.ReferenceOTU157 Mock.3_24621	GQ376093
H	19864	90	93.3	+	0	0	245I90M270I	New.CleanUp.ReferenceOTU160 Mock.3_80051	DQ683112
H	261	93	91.4	+	0	0	3D90M427I	New.CleanUp.ReferenceOTU165 Mock.1_23154	DQ871598
L	14672	2196	*	*	*	*	*	AB245442	*
H	14672	101	95.0	+	0	0	1706I86MD14M390I	New.CleanUp.ReferenceOTU167 Mock.2_314	AB245442
H	2663	97	93.8	+	0	0	24I97M291I	New.CleanUp.ReferenceOTU174 Mock.1_141388	DQ286062
H	26107	101	93.1	+	0	0	8I101M287I	New.CleanUp.ReferenceOTU178 Mock.2_150196	GQ376093
H	261	94	92.6	+	0	0	2D92M425I	New.CleanUp.ReferenceOTU179 Mock.1_150760	DQ871598
H	21482	101	96.0	+	0	0	9I101M463I	New.CleanUp.ReferenceOTU180 Mock.1_78557	EU551202
H	165	92	91.3	+	0	0	227I92M267I	New.CleanUp.ReferenceOTU196 Mock.3_50457	DQ680681
H	261	93	91.4	+	0	0	3D90M427I	New.CleanUp.ReferenceOTU199 Mock.1_50570	DQ871598
H	261	93	92.5	+	0	0	3D90M427I	New.CleanUp.ReferenceOTU201 Mock.3_139183	DQ871598
L	24610	424	*	*	*	*	*	GQ376083	*
H	24610	90	97.8	+	0	0	4I43MI47M329I	New.CleanUp.ReferenceOTU202 Mock.2_124679	GQ376083
H	2507	94	94.7	+	0	0	11I94M512I	New.CleanUp.ReferenceOTU204 Mock.2_149378	EU821474
H	26107	101	92.1	+	0	0	8I101M287I	New.CleanUp.ReferenceOTU205 Mock.3_26145	GQ376093
H	261	96	91.7	+	0	0	3D93M424I	New.CleanUp.ReferenceOTU206 Mock.2_32253	DQ871598
H	165	101	93.1	+	0	0	227I101M258I	New.CleanUp.ReferenceOTU209 Mock.3_29050	DQ680681
N	*	91	*	*	*	*	*	New.CleanUp.ReferenceOTU210 Mock.3_66685	*
H	165	101	92.1	+	0	0	227I101M258I	New.CleanUp.ReferenceOTU215 Mock.3_47471	DQ680681
N	*	101	*	*	*	*	*	New.CleanUp.ReferenceOTU229 Mock.2_23991	*
H	19864	101	90.1	+	0	0	245I101M259I	New.CleanUp.ReferenceOTU231 Mock.1_27133	DQ683112
H	2663	101	96.0	+	0	0	24I101M287I	New.CleanUp.ReferenceOTU232 Mock.1_123965	DQ286062
H	669	77	94.8	+	0	0	3D74M342I	New.CleanUp.ReferenceOTU236 Mock.2_126285	EF197948
H	261	96	91.7	+	0	0	3D93M424I	New.CleanUp.ReferenceOTU237 Mock.2_146273	DQ871598
H	4539	101	95.0	+	0	0	61I101M455I	New.CleanUp.ReferenceOTU245 Mock.1_20956	DQ132818
H	261	101	91.1	+	0	0	3D98M419I	New.CleanUp.ReferenceOTU246 Mock.2_80422	DQ871598
H	261	89	91.0	+	0	0	3D86M431I	New.CleanUp.ReferenceOTU249 Mock.2_48073	DQ871598
H	669	97	94.8	+	0	0	3D94M322I	New.CleanUp.ReferenceOTU250 Mock.2_87488	EF197948
H	261	89	91.0	+	0	0	3D86M431I	New.CleanUp.ReferenceOTU253 Mock.2_150387	DQ871598
H	2663	97	92.8	+	0	0	24I97M291I	New.CleanUp.ReferenceOTU257 Mock.3_65298	DQ286062
H	261	101	91.1	+	0	0	3D98M419I	New.CleanUp.ReferenceOTU266 Mock.1_75156	DQ871598
H	4539	101	95.0	+	0	0	61I101M455I	New.CleanUp.ReferenceOTU270 Mock.2_127141	DQ132818
H	21482	97	96.9	+	0	0	9I97M467I	New.CleanUp.ReferenceOTU282 Mock.1_1366	EU551202
H	261	101	91.1	+	0	0	3D98M419I	New.CleanUp.ReferenceOTU308 Mock.1_1802	DQ871598
H	2663	101	96.0	+	0	0	24I101M287I	New.CleanUp.ReferenceOTU309 Mock.1_32579	DQ286062
H	2507	85	95.3	+	0	0	11I85M521I	New.CleanUp.ReferenceOTU310 Mock.3_65215	EU821474
H	2663	97	92.8	+	0	0	24I97M291I	New.CleanUp.ReferenceOTU322 Mock.3_23665	DQ286062
L	541	586	*	*	*	*	*	DQ885388	*
H	541	91	91.2	+	0	0	10I91M485I	New.CleanUp.ReferenceOTU323 Mock.1_119625	DQ885388
H	165	101	92.1	+	0	0	227I101M258I	New.CleanUp.ReferenceOTU326 Mock.3_144997	DQ680681
N	*	101	*	*	*	*	*	New.CleanUp.ReferenceOTU327 Mock.3_99092	*
H	2507	82	96.3	+	0	0	11I82M524I	New.CleanUp.ReferenceOTU336 Mock.3_79410	EU821474
H	28129	101	96.0	+	0	0	1712I101M1148I	New.CleanUp.ReferenceOTU337 Mock.3_145052	GQ458041
H	261	96	91.7	+	0	0	3D93M424I	New.CleanUp.ReferenceOTU340 Mock.3_90462	DQ871598
H	26107	97	92.8	+	0	0	8I97M291I	New.CleanUp.ReferenceOTU354 Mock.2_65750	GQ376093
H	21482	84	96.4	+	0	0	9I84M480I	New.CleanUp.ReferenceOTU36 Mock.1_109502	EU551202
N	*	89	*	*	*	*	*	New.CleanUp.ReferenceOTU363 Mock.3_19916	*
H	2507	101	94.1	+	0	0	11I101M505I	New.CleanUp.ReferenceOTU371 Mock.1_33365	EU821474
H	261	101	92.1	+	0	0	3D98M419I	New.CleanUp.ReferenceOTU373 Mock.3_76319	DQ871598
H	165	101	92.1	+	0	0	227I101M258I	New.CleanUp.ReferenceOTU376 Mock.3_35061	DQ680681
N	*	96	*	*	*	*	*	New.CleanUp.ReferenceOTU379 Mock.1_24344	*
L	9679	1083	*	*	*	*	*	AY271809	*
H	9679	89	93.3	+	0	0	247I89M747I	New.CleanUp.ReferenceOTU38 Mock.2_73658	AY271809
H	261	101	91.1	+	0	0	3D98M419I	New.CleanUp.ReferenceOTU380 Mock.3_42725	DQ871598
N	*	101	*	*	*	*	*	New.CleanUp.ReferenceOTU395 Mock.1_74	*
H	2507	101	95.0	+	0	0	11I101M505I	New.CleanUp.ReferenceOTU40 Mock.2_112899	EU821474
H	261	90	91.1	+	0	0	3D87M430I	New.CleanUp.ReferenceOTU413 Mock.2_371	DQ871598
H	26107	101	94.1	+	0	0	8I101M287I	New.CleanUp.ReferenceOTU42 Mock.3_36198	GQ376093
N	*	101	*	*	*	*	*	New.CleanUp.ReferenceOTU424 Mock.3_102064	*
N	*	101	*	*	*	*	*	New.CleanUp.ReferenceOTU425 Mock.1_151312	*
N	*	101	*	*	*	*	*	New.CleanUp.ReferenceOTU426 Mock.1_53460	*
H	2507	101	95.0	+	0	0	11I101M505I	New.CleanUp.ReferenceOTU43 Mock.1_23081	EU821474
L	14335	614	*	*	*	*	*	FJ810138	*
H	14335	91	95.6	+	0	0	8I70M2I15M2D4M515I	New.CleanUp.ReferenceOTU438 Mock.1_23990	FJ810138
H	2386	79	96.2	+	0	0	259I79M659I	New.CleanUp.ReferenceOTU443 Mock.2_73927	FJ892747
H	261	96	92.7	+	0	0	3D93M424I	New.CleanUp.ReferenceOTU47 Mock.3_147010	DQ871598
H	21482	97	96.9	+	0	0	9I97M467I	New.CleanUp.ReferenceOTU49 Mock.3_52885	EU551202
H	25126	89	93.3	+	0	0	22I89M472I	New.CleanUp.ReferenceOTU6 Mock.2_150072	FJ904916
H	2507	89	95.5	+	0	0	11I89M517I	New.CleanUp.ReferenceOTU61 Mock.3_147233	EU821474
H	261	101	91.1	+	0	0	3D98M419I	New.CleanUp.ReferenceOTU63 Mock.1_4705	DQ871598
H	261	92	91.3	+	0	0	3D89M428I	New.CleanUp.ReferenceOTU64 Mock.2_151030	DQ871598
H	261	96	92.7	+	0	0	3D93M424I	New.CleanUp.ReferenceOTU71 Mock.3_151410	DQ871598
H	2663	92	96.7	+	0	0	24I92M296I	New.CleanUp.ReferenceOTU79 Mock.3_72672	DQ286062
H	2663	101	94.1	+	0	0	24I101M287I	New.CleanUp.ReferenceOTU89 Mock.1_76828	DQ286062
H	4539	101	95.0	+	0	0	61I101M455I	New.CleanUp.ReferenceOTU9 Mock.3_68650	DQ132818
H	165	101	95.0	+	0	0	227I101M258I	New.CleanUp.ReferenceOTU97 Mock.1_146439	DQ680681
D	165	9	*	*	*	*	93.1	DQ680681	*
D	261	24	*	*	*	*	91.8	DQ871598	*
D	541	2	*	*	*	*	91.2	DQ885388	*
D	669	5	*	*	*	*	95.1	EF197948	*
D	1821	2	*	*	*	*	95.5	GU062298	*
D	1914	2	*	*	*	*	90.1	AF455401	*
D	1982	2	*	*	*	*	96.0	EU833211	*
D	2386	3	*	*	*	*	97.5	FJ892747	*
D	2507	9	*	*	*	*	95.5	EU821474	*
D	2663	10	*	*	*	*	95.2	DQ286062	*
D	3195	2	*	*	*	*	100.0	EU714323	*
D	3590	2	*	*	*	*	97.6	FJ196614	*
D	4539	9	*	*	*	*	96.8	DQ132818	*
D	4606	3	*	*	*	*	98.8	JF735273	*
D	7271	3	*	*	*	*	100.0	GQ120993	*
D	8751	3	*	*	*	*	98.8	HM534896	*
D	9286	2	*	*	*	*	98.8	JF439501	*
D	9679	2	*	*	*	*	93.3	AY271809	*
D	11135	2	*	*	*	*	98.8	EF601622	*
D	12667	2	*	*	*	*	99.0	AY729076	*
D	14335	2	*	*	*	*	95.6	FJ810138	*
D	14672	2	*	*	*	*	95.0	AB245442	*
D	15479	3	*	*	*	*	98.1	AF081478	*
D	18019	2	*	*	*	*	100.0	GQ376079	*
D	19864	7	*	*	*	*	92.1	DQ683112	*
D	20446	4	*	*	*	*	98.6	EF397557	*
D	21482	11	*	*	*	*	97.5	EU551202	*
D	22236	2	*	*	*	*	95.0	EU926284	*
D	22486	2	*	*	*	*	96.5	FJ210562	*
D	22593	2	*	*	*	*	100.0	FN548146	*
D	24610	2	*	*	*	*	97.8	GQ376083	*
D	25126	4	*	*	*	*	96.6	FJ904916	*
D	25215	2	*	*	*	*	97.8	FJ861384	*
D	25840	2	*	*	*	*	100.0	FJ878626	*
D	26107	14	*	*	*	*	93.5	GQ376093	*
D	26872	2	*	*	*	*	99.0	GU212865	*
D	27106	2	*	*	*	*	95.0	HQ897787	*
D	28128	2	*	*	*	*	100.0	JN681281	*
D	28129	3	*	*	*	*	98.0	GQ458041	*
