UclustConsensusTaxonAssigner parameters:
id_to_taxonomy_filepath:/Users/nbokulich/Desktop/projects/short-read-tax-assignment/data/novel-taxa-simulations/B1-REF-L5-iter1/ref_taxa.tsv
id_to_taxonomy_fp:/Users/nbokulich/Desktop/projects/short-read-tax-assignment/data/novel-taxa-simulations/B1-REF-L5-iter1/ref_taxa.tsv
max_accepts:1
min_consensus_fraction:0.51
reference_sequences_fp:/Users/nbokulich/Desktop/projects/short-read-tax-assignment/data/novel-taxa-simulations/B1-REF-L5-iter1/ref_seqs.fasta
similarity:0.9
unassignable_label:Unassigned
Result path: /var/folders/0t/l1dz88p50y91vx_22fx5w3780000gn/T/assign-tax6ipDBY

.uc file contents:

# uclust --input /Users/nbokulich/Desktop/projects/short-read-tax-assignment/data/novel-taxa-simulations/B1-REF-L5-iter1/query.fasta --id 0.9 --rev --maxaccepts 1 --allhits --libonly --lib /Users/nbokulich/Desktop/projects/short-read-tax-assignment/data/novel-taxa-simulations/B1-REF-L5-iter1/ref_seqs.fasta --uc /var/folders/0t/l1dz88p50y91vx_22fx5w3780000gn/T/UclustConsensusTaxonAssigner_WZayrH.uc
# version=1.2.22
# Tab-separated fields:
# 1=Type, 2=ClusterNr, 3=SeqLength or ClusterSize, 4=PctId, 5=Strand, 6=QueryStart, 7=SeedStart, 8=Alignment, 9=QueryLabel, 10=TargetLabel
# Record types (field 1): L=LibSeed, S=NewSeed, H=Hit, R=Reject, D=LibCluster, C=NewCluster, N=NoHit
# For C and D types, PctId is average id with seed.
# QueryStart and SeedStart are zero-based relative to start of sequence.
# If minus strand, SeedStart is relative to reverse-complemented seed.
L	11317	250	*	*	*	*	*	4348634	*
H	11317	250	92.8	+	0	0	250M	1080702	4348634
L	12045	250	*	*	*	*	*	4402516	*
H	12045	250	98.0	+	0	0	250M	1063320	4402516
L	8697	250	*	*	*	*	*	2704718	*
H	8697	250	96.0	+	0	0	250M	1021078	2704718
L	8427	250	*	*	*	*	*	851932	*
H	8427	250	94.4	+	0	0	57MI192MD	981957	851932
L	922	250	*	*	*	*	*	821228	*
H	922	250	96.4	+	0	0	250M	955678	821228
N	*	250	*	*	*	*	*	851937	*
L	12081	250	*	*	*	*	*	4405914	*
H	12081	250	94.4	+	0	0	250M	851793	4405914
L	9541	250	*	*	*	*	*	794069	*
H	9541	250	96.8	+	0	0	14MI21MI39MI20MI152M4D	814889	794069
L	11246	250	*	*	*	*	*	4341712	*
H	11246	250	93.6	+	0	0	250M	814161	4341712
L	11500	250	*	*	*	*	*	4361591	*
H	11500	250	99.6	+	0	0	250M	814142	4361591
L	3772	250	*	*	*	*	*	298873	*
H	3772	250	98.0	+	0	0	250M	812766	298873
L	8572	250	*	*	*	*	*	621766	*
H	8572	250	96.0	+	0	0	250M	812450	621766
L	11796	250	*	*	*	*	*	4384063	*
H	11796	250	90.4	+	0	0	250M	808897	4384063
L	9975	250	*	*	*	*	*	1124343	*
H	9975	250	98.8	+	0	0	250M	792531	1124343
L	3608	250	*	*	*	*	*	311813	*
H	3608	250	93.6	+	0	0	227MD22MI	786884	311813
L	7346	250	*	*	*	*	*	1128670	*
H	7346	250	95.6	+	0	0	250M	780816	1128670
L	3750	250	*	*	*	*	*	300156	*
H	3750	250	94.8	+	0	0	41MI208MD	780288	300156
L	7666	250	*	*	*	*	*	1125844	*
H	7666	250	97.2	+	0	0	250M	757185	1125844
L	9379	250	*	*	*	*	*	1122610	*
H	9379	250	92.4	+	0	0	87MD162MI	746730	1122610
L	7701	250	*	*	*	*	*	709363	*
H	7701	250	93.2	+	0	0	250M	746126	709363
L	11063	250	*	*	*	*	*	4327628	*
H	11063	250	98.0	+	0	0	250M	744029	4327628
L	11885	250	*	*	*	*	*	4389428	*
H	11885	250	97.6	+	0	0	167MD82MI	735185	4389428
L	1611	250	*	*	*	*	*	569055	*
H	1611	250	90.4	+	0	0	250M	730054	569055
L	2072	250	*	*	*	*	*	533516	*
H	2072	250	97.2	+	0	0	250M	723021	533516
L	8710	250	*	*	*	*	*	1127838	*
H	8710	250	95.2	+	0	0	134MI115MD	708412	1127838
N	*	250	*	*	*	*	*	698557	*
L	3900	250	*	*	*	*	*	289911	*
H	3900	250	90.8	+	0	0	86MI128MI34M2D	690063	289911
L	1950	250	*	*	*	*	*	544430	*
H	1950	250	94.4	+	0	0	250M	656502	544430
L	5126	250	*	*	*	*	*	179639	*
H	5126	250	98.0	+	0	0	250M	655619	179639
L	9927	250	*	*	*	*	*	3768997	*
H	9927	250	96.8	+	0	0	250M	645407	3768997
L	11190	250	*	*	*	*	*	4337248	*
H	11190	250	94.0	+	0	0	250M	641748	4337248
L	7478	250	*	*	*	*	*	790750	*
H	7478	250	99.2	+	0	0	250M	624438	790750
L	9671	250	*	*	*	*	*	986748	*
H	9671	250	99.2	+	0	0	250M	622460	986748
L	12749	250	*	*	*	*	*	4454082	*
H	12749	250	97.2	+	0	0	250M	607959	4454082
L	1620	250	*	*	*	*	*	568247	*
H	1620	250	100.0	+	0	0	250M	587036	568247
H	7701	250	96.4	+	0	0	250M	586521	709363
L	1271	250	*	*	*	*	*	605198	*
H	1271	250	100.0	+	0	0	250M	581352	605198
N	*	250	*	*	*	*	*	581342	*
L	1947	250	*	*	*	*	*	544630	*
H	1947	250	90.0	+	0	0	250M	579858	544630
L	5487	250	*	*	*	*	*	160903	*
H	5487	250	96.4	+	0	0	250M	579101	160903
L	10472	250	*	*	*	*	*	4263820	*
H	10472	250	92.8	+	0	0	250M	570390	4263820
L	7976	250	*	*	*	*	*	2105739	*
H	7976	250	90.4	+	0	0	173MI11MI25MI19MI18M4D	569436	2105739
L	6835	250	*	*	*	*	*	14302	*
H	6835	250	90.8	+	0	0	250M	567510	14302
N	*	250	*	*	*	*	*	563323	*
L	7529	250	*	*	*	*	*	1120166	*
H	7529	250	99.6	+	0	0	250M	561204	1120166
L	8178	250	*	*	*	*	*	2266188	*
H	8178	250	99.2	+	0	0	250M	560465	2266188
L	12191	250	*	*	*	*	*	4413221	*
H	12191	250	99.6	+	0	0	250M	557564	4413221
L	4364	250	*	*	*	*	*	248577	*
H	4364	250	98.8	+	0	0	250M	555568	248577
L	9637	250	*	*	*	*	*	3528451	*
H	9637	250	96.4	+	0	0	250M	552246	3528451
L	10929	250	*	*	*	*	*	4319594	*
H	10929	250	96.8	+	0	0	250M	552236	4319594
L	7065	250	*	*	*	*	*	9252	*
H	7065	250	100.0	+	0	0	250M	549368	9252
L	10773	250	*	*	*	*	*	4309033	*
H	10773	250	98.8	+	0	0	250M	549232	4309033
L	4612	250	*	*	*	*	*	220715	*
H	4612	250	94.0	+	0	0	6MI243MD	548469	220715
L	4153	250	*	*	*	*	*	265983	*
H	4153	250	99.6	+	0	0	250M	545968	265983
L	5675	250	*	*	*	*	*	148326	*
H	5675	250	94.4	+	0	0	70MI179MD	544425	148326
L	7167	250	*	*	*	*	*	6024	*
H	7167	250	92.8	+	0	0	131MD118MI	543619	6024
L	2041	250	*	*	*	*	*	536261	*
H	2041	250	99.6	+	0	0	250M	541199	536261
L	822	250	*	*	*	*	*	851797	*
H	822	250	94.4	+	0	0	250M	538986	851797
L	12874	250	*	*	*	*	*	4462503	*
H	12874	250	100.0	+	0	0	250M	535678	4462503
L	4546	250	*	*	*	*	*	233692	*
H	4546	250	91.2	+	0	0	250M	535071	233692
L	8876	250	*	*	*	*	*	326714	*
H	8876	250	90.4	+	0	0	250M	531406	326714
L	12016	250	*	*	*	*	*	4400244	*
H	12016	250	97.2	+	0	0	250M	529445	4400244
L	5581	250	*	*	*	*	*	154763	*
H	5581	250	94.4	+	0	0	250M	521806	154763
L	11400	250	*	*	*	*	*	4354692	*
H	11400	250	97.6	+	0	0	250M	492873	4354692
N	*	250	*	*	*	*	*	484439	*
L	1126	250	*	*	*	*	*	712848	*
H	1126	250	99.6	+	0	0	250M	471106	712848
L	8874	250	*	*	*	*	*	1136534	*
H	8874	250	98.4	+	0	0	250M	470759	1136534
L	6336	250	*	*	*	*	*	84438	*
H	6336	250	98.0	+	0	0	250M	422910	84438
H	1126	250	93.2	+	0	0	250M	370253	712848
L	9324	250	*	*	*	*	*	782122	*
H	9324	250	100.0	+	0	0	250M	362685	782122
L	1915	250	*	*	*	*	*	548599	*
H	1915	250	99.2	+	0	0	250M	361038	548599
L	7667	250	*	*	*	*	*	1143902	*
H	7667	250	99.2	+	0	0	250M	359367	1143902
L	12464	250	*	*	*	*	*	4433321	*
H	12464	250	98.8	+	0	0	250M	357791	4433321
L	6784	250	*	*	*	*	*	15281	*
H	6784	250	98.4	+	0	0	250M	343273	15281
L	981	250	*	*	*	*	*	809076	*
H	981	250	90.0	+	0	0	114MD135MI	341031	809076
L	6901	250	*	*	*	*	*	12865	*
H	6901	250	99.2	+	0	0	250M	339813	12865
L	12342	250	*	*	*	*	*	4424719	*
H	12342	250	95.2	+	0	0	250M	332919	4424719
L	8131	250	*	*	*	*	*	2228267	*
H	8131	250	94.8	+	0	0	250M	328755	2228267
N	*	250	*	*	*	*	*	323045	*
L	10	250	*	*	*	*	*	1110799	*
H	10	250	94.4	+	0	0	50MD199MI	321301	1110799
N	*	250	*	*	*	*	*	300711	*
N	*	250	*	*	*	*	*	299514	*
L	9199	250	*	*	*	*	*	1133202	*
H	9199	250	96.4	+	0	0	2I108MD140MD	289103	1133202
L	12078	250	*	*	*	*	*	4405546	*
H	12078	250	98.0	+	0	0	225MD24MI	284709	4405546
L	5823	250	*	*	*	*	*	139367	*
H	5823	250	96.4	+	0	0	250M	282575	139367
L	2008	250	*	*	*	*	*	539230	*
H	2008	250	99.6	+	0	0	250M	275689	539230
L	1016	250	*	*	*	*	*	792207	*
H	1016	250	98.0	+	0	0	250M	275651	792207
L	7123	250	*	*	*	*	*	7572	*
H	7123	250	96.8	+	0	0	250M	274061	7572
L	6610	250	*	*	*	*	*	40721	*
H	6610	250	94.4	+	0	0	250M	273661	40721
H	2008	250	99.2	+	0	0	250M	271782	539230
L	9957	250	*	*	*	*	*	1128041	*
H	9957	250	98.4	+	0	0	250M	270202	1128041
H	2008	250	98.4	+	0	0	250M	265971	539230
L	6302	250	*	*	*	*	*	89985	*
H	6302	250	97.6	+	0	0	250M	265604	89985
L	994	250	*	*	*	*	*	806916	*
H	994	250	94.0	+	0	0	250M	263857	806916
N	*	250	*	*	*	*	*	263575	*
L	5267	250	*	*	*	*	*	172289	*
H	5267	250	98.0	+	0	0	250M	262857	172289
L	6926	250	*	*	*	*	*	12491	*
H	6926	250	94.8	+	0	0	250M	259900	12491
L	8082	250	*	*	*	*	*	615094	*
H	8082	250	100.0	+	0	0	250M	256632	615094
L	12200	250	*	*	*	*	*	4413665	*
H	12200	250	94.0	+	0	0	250M	249383	4413665
L	4503	250	*	*	*	*	*	237931	*
H	4503	250	95.6	+	0	0	250M	247484	237931
L	12207	250	*	*	*	*	*	4413957	*
H	12207	250	96.4	+	0	0	250M	244920	4413957
L	10079	250	*	*	*	*	*	1137224	*
H	10079	250	97.6	+	0	0	250M	244757	1137224
L	1690	250	*	*	*	*	*	563741	*
H	1690	250	90.0	+	0	0	250M	240999	563741
L	8337	250	*	*	*	*	*	1130952	*
H	8337	250	95.2	+	0	0	10MD239MI	239649	1130952
L	11194	250	*	*	*	*	*	4337459	*
H	11194	250	98.8	+	0	0	250M	230108	4337459
L	8849	250	*	*	*	*	*	768483	*
H	8849	250	100.0	+	0	0	250M	230076	768483
L	7578	250	*	*	*	*	*	1134626	*
H	7578	250	92.8	+	0	0	250M	225045	1134626
N	*	250	*	*	*	*	*	219119	*
L	10053	250	*	*	*	*	*	781533	*
H	10053	250	96.0	+	0	0	250M	218406	781533
L	5717	250	*	*	*	*	*	144720	*
H	5717	250	98.0	+	0	0	250M	212299	144720
L	13034	250	*	*	*	*	*	4473481	*
H	13034	250	96.0	+	0	0	226MD23MI	202684	4473481
L	9983	250	*	*	*	*	*	995416	*
H	9983	250	94.8	+	0	0	152MD97MI	202391	995416
L	4467	250	*	*	*	*	*	240308	*
H	4467	250	91.2	+	0	0	204MI45MD	197631	240308
N	*	250	*	*	*	*	*	192107	*
L	9931	250	*	*	*	*	*	3772085	*
H	9931	250	97.6	+	0	0	250M	190032	3772085
L	4501	250	*	*	*	*	*	238208	*
H	4501	250	99.2	+	0	0	250M	183736	238208
H	8710	250	96.4	+	0	0	250M	160938	1127838
L	12399	250	*	*	*	*	*	4428224	*
H	12399	250	94.8	+	0	0	250M	160627	4428224
L	1635	250	*	*	*	*	*	567505	*
H	1635	250	99.2	+	0	0	250M	160110	567505
L	5526	250	*	*	*	*	*	158554	*
H	5526	250	91.6	+	0	0	250M	159978	158554
L	7231	250	*	*	*	*	*	3125	*
H	7231	250	98.4	+	0	0	196MD53MI	159887	3125
L	11571	250	*	*	*	*	*	4366350	*
H	11571	250	98.0	+	0	0	250M	159833	4366350
L	1000	250	*	*	*	*	*	804867	*
H	1000	250	92.4	+	0	0	250M	158785	804867
L	9760	250	*	*	*	*	*	3630893	*
H	9760	250	99.2	+	0	0	250M	156705	3630893
L	3595	250	*	*	*	*	*	312765	*
H	3595	250	91.2	+	0	0	250M	156688	312765
H	1950	250	90.8	+	0	0	250M	152262	544430
L	8225	250	*	*	*	*	*	1128097	*
H	8225	250	99.6	+	0	0	250M	149643	1128097
L	5668	250	*	*	*	*	*	149021	*
H	5668	250	94.0	+	0	0	250M	147523	149021
L	10089	250	*	*	*	*	*	3926523	*
H	10089	250	92.8	+	0	0	250M	147086	3926523
L	6804	250	*	*	*	*	*	14615	*
H	6804	250	98.4	+	0	0	123MI126MD	144943	14615
L	7520	250	*	*	*	*	*	1128272	*
H	7520	250	98.0	+	0	0	250M	144207	1128272
L	10887	250	*	*	*	*	*	4316623	*
H	10887	250	100.0	+	0	0	250M	143784	4316623
L	4846	250	*	*	*	*	*	194393	*
H	4846	250	100.0	+	0	0	250M	139597	194393
H	8876	250	100.0	+	0	0	250M	138132	326714
L	4254	250	*	*	*	*	*	257496	*
H	4254	250	95.2	+	0	0	250M	136773	257496
L	7236	250	*	*	*	*	*	2669	*
H	7236	250	96.4	+	0	0	250M	133739	2669
L	7122	250	*	*	*	*	*	7897	*
H	7122	250	96.0	+	0	0	250M	132943	7897
L	7275	250	*	*	*	*	*	1127290	*
H	7275	250	95.2	+	0	0	250M	132913	1127290
H	10472	250	92.0	+	0	0	250M	130535	4263820
L	7656	250	*	*	*	*	*	1047812	*
H	7656	250	99.6	+	0	0	96MD153MI	121052	1047812
L	8537	250	*	*	*	*	*	778200	*
H	8537	250	98.0	+	0	0	250M	115461	778200
L	9431	250	*	*	*	*	*	620813	*
H	9431	250	97.6	+	0	0	250M	115286	620813
N	*	250	*	*	*	*	*	111022	*
N	*	250	*	*	*	*	*	107531	*
L	1974	250	*	*	*	*	*	542175	*
H	1974	250	98.8	+	0	0	250M	106723	542175
N	*	250	*	*	*	*	*	104613	*
L	9666	250	*	*	*	*	*	1144548	*
H	9666	250	97.6	+	0	0	250M	104526	1144548
L	8352	250	*	*	*	*	*	1138255	*
H	8352	250	96.8	+	0	0	51MD198MI	99267	1138255
H	981	250	92.0	+	0	0	250M	94847	809076
L	12613	250	*	*	*	*	*	4443436	*
H	12613	250	93.6	+	0	0	250M	91372	4443436
L	1551	250	*	*	*	*	*	574493	*
H	1551	250	100.0	+	0	0	250M	89370	574493
L	8751	250	*	*	*	*	*	1137560	*
H	8751	250	98.8	+	0	0	250M	87957	1137560
L	2002	250	*	*	*	*	*	539854	*
H	2002	250	95.2	+	0	0	80MD16MD61MD7MD57MD24M5I	85254	539854
L	7052	250	*	*	*	*	*	9510	*
H	7052	250	95.6	+	0	0	223MI26MD	83013	9510
L	12457	250	*	*	*	*	*	4432439	*
H	12457	250	92.8	+	0	0	250M	81749	4432439
L	7890	250	*	*	*	*	*	1136639	*
H	7890	250	93.2	+	0	0	250M	81099	1136639
N	*	250	*	*	*	*	*	71348	*
N	*	250	*	*	*	*	*	66229	*
L	10744	250	*	*	*	*	*	4307587	*
H	10744	250	98.8	+	0	0	250M	65391	4307587
L	9821	250	*	*	*	*	*	1146150	*
H	9821	250	98.0	+	0	0	250M	58614	1146150
L	1129	250	*	*	*	*	*	709804	*
H	1129	250	97.2	+	0	0	250M	45962	709804
H	13034	250	100.0	+	0	0	250M	39523	4473481
N	*	250	*	*	*	*	*	33780	*
L	6949	250	*	*	*	*	*	12144	*
H	6949	250	99.6	+	0	0	250M	30485	12144
L	11358	250	*	*	*	*	*	4352076	*
H	11358	250	95.6	+	0	0	250M	28828	4352076
L	6011	250	*	*	*	*	*	111470	*
H	6011	250	94.0	+	0	0	250M	26799	111470
L	2000	250	*	*	*	*	*	539939	*
H	2000	250	90.8	+	0	0	250M	16026	539939
L	10279	250	*	*	*	*	*	4094808	*
H	10279	250	98.0	+	0	0	250M	15059	4094808
L	9956	250	*	*	*	*	*	1143338	*
H	9956	250	96.4	+	0	0	250M	13811	1143338
L	9547	250	*	*	*	*	*	1127998	*
H	9547	250	98.8	+	0	0	250M	12980	1127998
L	1030	250	*	*	*	*	*	780282	*
H	1030	250	95.2	+	0	0	250M	12703	780282
L	7555	250	*	*	*	*	*	1133608	*
H	7555	250	97.2	+	0	0	250M	12542	1133608
L	12689	250	*	*	*	*	*	4449665	*
H	12689	250	98.4	+	0	0	250M	12136	4449665
L	6650	250	*	*	*	*	*	32859	*
H	6650	250	97.2	+	0	0	33MI216MD	12045	32859
L	7006	250	*	*	*	*	*	10839	*
H	7006	250	92.4	+	0	0	250M	10792	10839
L	7469	250	*	*	*	*	*	1130618	*
H	7469	250	92.0	+	0	0	250M	10762	1130618
L	5618	250	*	*	*	*	*	152460	*
H	5618	250	95.2	+	0	0	250M	10662	152460
L	5386	250	*	*	*	*	*	165576	*
H	5386	250	98.8	+	0	0	250M	10323	165576
L	1194	250	*	*	*	*	*	667570	*
H	1194	250	99.2	+	0	0	250M	10180	667570
L	725	250	*	*	*	*	*	881955	*
H	725	250	96.8	+	0	0	250M	9548	881955
L	7087	250	*	*	*	*	*	8898	*
H	7087	250	94.0	+	0	0	13MD236MI	8895	8898
L	10098	250	*	*	*	*	*	1135136	*
H	10098	250	94.0	+	0	0	250M	8173	1135136
L	10118	250	*	*	*	*	*	3949114	*
H	10118	250	94.4	+	0	0	250M	8127	3949114
L	11797	250	*	*	*	*	*	4384067	*
H	11797	250	91.2	+	0	0	250M	7773	4384067
H	5487	250	94.8	+	0	0	74MD175MI	7538	160903
L	4417	250	*	*	*	*	*	244222	*
H	4417	250	90.0	+	0	0	250M	7260	244222
L	12419	250	*	*	*	*	*	4429771	*
H	12419	250	99.6	+	0	0	250M	7126	4429771
L	3624	250	*	*	*	*	*	310532	*
H	3624	250	96.8	+	0	0	250M	5131	310532
L	1830	250	*	*	*	*	*	554299	*
H	1830	250	91.6	+	0	0	25MI35MI188M2D	4581	554299
N	*	250	*	*	*	*	*	3308	*
L	4358	250	*	*	*	*	*	249532	*
H	4358	250	96.0	+	0	0	250M	2486	249532
H	7890	250	93.2	+	0	0	250M	2358	1136639
N	*	250	*	*	*	*	*	1596	*
L	12979	250	*	*	*	*	*	4469778	*
H	12979	250	93.6	+	0	0	250M	1122195	4469778
N	*	250	*	*	*	*	*	1550344	*
L	4454	250	*	*	*	*	*	240979	*
H	4454	250	98.8	+	0	0	250M	660959	240979
L	9430	250	*	*	*	*	*	3352220	*
H	9430	250	93.2	+	0	0	250M	1124812	3352220
L	6808	250	*	*	*	*	*	14592	*
H	6808	250	98.0	+	0	0	250M	1145943	14592
L	13023	250	*	*	*	*	*	4472978	*
H	13023	250	94.0	+	0	0	250M	1598513	4472978
N	*	250	*	*	*	*	*	1604187	*
L	8760	250	*	*	*	*	*	1138276	*
H	8760	250	93.2	+	0	0	250M	948029	1138276
L	579	250	*	*	*	*	*	927402	*
H	579	250	96.4	+	0	0	69MD22MD68MD88M3I	751671	927402
L	8449	250	*	*	*	*	*	2494386	*
H	8449	250	92.0	+	0	0	250M	739471	2494386
L	12857	250	*	*	*	*	*	4461327	*
H	12857	250	99.2	+	0	0	250M	1646255	4461327
L	9786	250	*	*	*	*	*	3652470	*
H	9786	250	91.6	+	0	0	250M	1129305	3652470
H	5386	250	99.6	+	0	0	250M	724802	165576
L	9458	250	*	*	*	*	*	1128861	*
H	9458	250	100.0	+	0	0	250M	1132903	1128861
H	2008	250	96.0	+	0	0	250M	646494	539230
H	8710	250	97.2	+	0	0	250M	1759391	1127838
L	8329	250	*	*	*	*	*	2397589	*
H	8329	250	99.6	+	0	0	250M	1771843	2397589
L	6086	250	*	*	*	*	*	106978	*
H	6086	250	100.0	+	0	0	250M	1773389	106978
N	*	250	*	*	*	*	*	1842075	*
L	5881	250	*	*	*	*	*	136101	*
H	5881	250	97.6	+	0	0	250M	614944	136101
L	7148	250	*	*	*	*	*	6648	*
H	7148	250	90.4	+	0	0	2I77MD52MD107M2D10M2I	1883795	6648
L	8951	250	*	*	*	*	*	1127719	*
H	8951	250	91.6	+	0	0	250M	1884554	1127719
L	8498	250	*	*	*	*	*	2529960	*
H	8498	250	98.8	+	0	0	250M	1886044	2529960
L	7753	250	*	*	*	*	*	1913623	*
H	7753	250	99.6	+	0	0	250M	1918929	1913623
H	7006	250	95.6	+	0	0	250M	1125489	10839
L	7776	250	*	*	*	*	*	1142320	*
H	7776	250	91.2	+	0	0	250M	1129499	1142320
L	10569	250	*	*	*	*	*	4297519	*
H	10569	250	90.4	+	0	0	250M	786876	4297519
L	3261	250	*	*	*	*	*	342971	*
H	3261	250	99.2	+	0	0	250M	1940173	342971
L	8587	250	*	*	*	*	*	2603271	*
H	8587	250	99.6	+	0	0	250M	1942913	2603271
L	11221	250	*	*	*	*	*	4339256	*
H	11221	250	92.0	+	0	0	250M	1134860	4339256
L	4418	250	*	*	*	*	*	244196	*
H	4418	250	98.8	+	0	0	250M	1129081	244196
N	*	250	*	*	*	*	*	2033050	*
L	9881	250	*	*	*	*	*	698296	*
H	9881	250	95.6	+	0	0	250M	2046080	698296
L	9899	250	*	*	*	*	*	3746875	*
H	9899	250	100.0	+	0	0	250M	2063499	3746875
H	7753	250	100.0	+	0	0	250M	2072489	1913623
L	8334	250	*	*	*	*	*	940401	*
H	8334	250	94.4	+	0	0	250M	2094423	940401
L	7011	250	*	*	*	*	*	10658	*
H	7011	250	99.2	+	0	0	250M	838434	10658
N	*	250	*	*	*	*	*	2107103	*
L	13151	250	*	*	*	*	*	4481550	*
H	13151	250	99.2	+	0	0	250M	2116286	4481550
L	10101	250	*	*	*	*	*	1133579	*
H	10101	250	93.6	+	0	0	15M2I233M2D	1129723	1133579
L	9378	250	*	*	*	*	*	679077	*
H	9378	250	94.8	+	0	0	250M	706818	679077
L	8970	250	*	*	*	*	*	1126959	*
H	8970	250	98.4	+	0	0	250M	2160270	1126959
N	*	250	*	*	*	*	*	2170973	*
L	5716	250	*	*	*	*	*	144735	*
H	5716	250	99.6	+	0	0	250M	1144109	144735
H	8449	250	96.8	+	0	0	250M	808541	2494386
L	2059	250	*	*	*	*	*	534898	*
H	2059	250	98.0	+	0	0	250M	820145	534898
N	*	250	*	*	*	*	*	2313300	*
L	7618	250	*	*	*	*	*	1803005	*
H	7618	250	96.4	+	0	0	250M	2318918	1803005
H	12857	250	100.0	+	0	0	250M	2344267	4461327
L	7292	250	*	*	*	*	*	1131099	*
H	7292	250	90.0	+	0	0	250M	1135155	1131099
L	9272	250	*	*	*	*	*	3225199	*
H	9272	250	99.6	+	0	0	250M	2369177	3225199
L	1776	250	*	*	*	*	*	557875	*
H	1776	250	94.4	+	0	0	250M	1123638	557875
L	12152	250	*	*	*	*	*	4410245	*
H	12152	250	96.4	+	0	0	250M	2397566	4410245
L	8366	250	*	*	*	*	*	2426772	*
H	8366	250	96.4	+	0	0	250M	2397567	2426772
L	11325	250	*	*	*	*	*	4349225	*
H	11325	250	97.6	+	0	0	103MD146MI	2397581	4349225
L	12105	250	*	*	*	*	*	4407205	*
H	12105	250	99.2	+	0	0	250M	2402563	4407205
H	10079	250	98.4	+	0	0	250M	2410835	1137224
L	11678	250	*	*	*	*	*	4374426	*
H	11678	250	97.2	+	0	0	104MD145MI	2426771	4374426
L	6342	250	*	*	*	*	*	82490	*
H	6342	250	94.0	+	0	0	250M	2499164	82490
L	6543	250	*	*	*	*	*	51778	*
H	6543	250	95.2	+	0	0	250M	743801	51778
L	7586	250	*	*	*	*	*	804849	*
H	7586	250	98.4	+	0	0	250M	1126882	804849
L	9432	250	*	*	*	*	*	647165	*
H	9432	250	90.4	+	0	0	42MD15MI192M	702853	647165
L	5740	250	*	*	*	*	*	143476	*
H	5740	250	91.2	+	0	0	110MD139MI	864496	143476
N	*	250	*	*	*	*	*	1128312	*
H	981	250	94.4	+	0	0	250M	1131995	809076
L	12839	250	*	*	*	*	*	4459820	*
H	12839	250	98.0	+	0	0	235MD14MI	2572567	4459820
L	6306	250	*	*	*	*	*	89521	*
H	6306	250	92.4	+	0	0	250M	2574952	89521
L	9557	250	*	*	*	*	*	3464845	*
H	9557	250	99.2	+	0	0	250M	2584976	3464845
N	*	250	*	*	*	*	*	2621281	*
L	3681	250	*	*	*	*	*	304780	*
H	3681	250	100.0	+	0	0	250M	694346	304780
H	7753	250	100.0	+	0	0	250M	2682867	1913623
L	2056	250	*	*	*	*	*	535280	*
H	2056	250	92.0	+	0	0	250M	1038018	535280
L	6583	250	*	*	*	*	*	45637	*
H	6583	250	99.6	+	0	0	250M	2760629	45637
L	9064	250	*	*	*	*	*	1138936	*
H	9064	250	96.8	+	0	0	250M	808919	1138936
L	4864	250	*	*	*	*	*	193675	*
H	4864	250	95.2	+	0	0	250M	1120577	193675
L	7197	250	*	*	*	*	*	4638	*
H	7197	250	92.4	+	0	0	250M	827215	4638
L	7485	250	*	*	*	*	*	1115140	*
H	7485	250	99.2	+	0	0	250M	2884179	1115140
L	10651	250	*	*	*	*	*	4302603	*
H	10651	250	92.0	+	0	0	250M	761476	4302603
N	*	250	*	*	*	*	*	2919166	*
L	4848	250	*	*	*	*	*	194356	*
H	4848	250	97.6	+	0	0	250M	1084983	194356
L	1075	250	*	*	*	*	*	748921	*
H	1075	250	92.8	+	0	0	250M	2960735	748921
L	6995	250	*	*	*	*	*	11124	*
H	6995	250	91.6	+	0	0	10MD239MI	2998997	11124
L	6809	250	*	*	*	*	*	14583	*
H	6809	250	96.4	+	0	0	250M	1121955	14583
L	3493	250	*	*	*	*	*	322549	*
H	3493	250	91.6	+	0	0	250M	1144180	322549
L	12303	250	*	*	*	*	*	4422396	*
H	12303	250	95.6	+	0	0	250M	1122523	4422396
L	9907	250	*	*	*	*	*	3755054	*
H	9907	250	97.6	+	0	0	250M	1124398	3755054
N	*	250	*	*	*	*	*	3064426	*
L	1913	250	*	*	*	*	*	548719	*
H	1913	250	91.2	+	0	0	250M	784608	548719
H	11796	250	97.6	+	0	0	250M	1131621	4384063
L	10777	250	*	*	*	*	*	4309273	*
H	10777	250	90.0	+	0	0	122MD127MI	3107842	4309273
L	8161	250	*	*	*	*	*	2250345	*
H	8161	250	92.4	+	0	0	250M	3142482	2250345
L	9161	250	*	*	*	*	*	3127947	*
H	9161	250	90.8	+	0	0	250M	1140636	3127947
H	9557	250	98.8	+	0	0	250M	3194311	3464845
L	1281	250	*	*	*	*	*	593894	*
H	1281	250	91.6	+	0	0	250M	1132384	593894
L	11508	250	*	*	*	*	*	4362160	*
H	11508	250	90.4	+	0	0	250M	1145607	4362160
N	*	250	*	*	*	*	*	3223797	*
L	5376	250	*	*	*	*	*	166040	*
H	5376	250	90.8	+	0	0	250M	1140341	166040
L	11342	250	*	*	*	*	*	4350610	*
H	11342	250	97.2	+	0	0	250M	1127860	4350610
H	11500	250	94.0	+	0	0	250M	1125353	4361591
L	8276	250	*	*	*	*	*	1114718	*
H	8276	250	96.0	+	0	0	250M	1141411	1114718
L	1743	250	*	*	*	*	*	560403	*
H	1743	250	99.6	+	0	0	76MD173MI	1143570	560403
L	11884	250	*	*	*	*	*	4389423	*
H	11884	250	98.8	+	0	0	250M	3363021	4389423
N	*	250	*	*	*	*	*	3366304	*
L	7427	250	*	*	*	*	*	1646259	*
H	7427	250	100.0	+	0	0	250M	3368019	1646259
L	8963	250	*	*	*	*	*	1086672	*
H	8963	250	93.6	+	0	0	250M	1110646	1086672
N	*	250	*	*	*	*	*	3383796	*
H	9557	250	99.6	+	0	0	250M	3386818	3464845
L	10124	250	*	*	*	*	*	220541	*
H	10124	250	98.0	+	0	0	250M	658160	220541
L	7600	250	*	*	*	*	*	891034	*
H	7600	250	98.0	+	0	0	250M	1140356	891034
L	12336	250	*	*	*	*	*	4424463	*
H	12336	250	94.0	+	0	0	250M	1139975	4424463
L	41	250	*	*	*	*	*	1104048	*
H	41	250	97.2	+	0	0	250M	1123287	1104048
L	12055	250	*	*	*	*	*	4403464	*
H	12055	250	90.0	+	0	0	250M	3509162	4403464
L	9098	250	*	*	*	*	*	1140071	*
H	9098	250	99.2	+	0	0	250M	3509168	1140071
N	*	250	*	*	*	*	*	3521835	*
L	4399	250	*	*	*	*	*	245878	*
H	4399	250	91.6	+	0	0	250M	3526876	245878
H	5376	250	93.6	+	0	0	250M	628484	166040
L	6215	250	*	*	*	*	*	100757	*
H	6215	250	90.0	+	0	0	250M	692654	100757
H	7427	250	100.0	+	0	0	250M	3568708	1646259
L	6987	250	*	*	*	*	*	11432	*
H	6987	250	95.2	+	0	0	250M	3571256	11432
N	*	250	*	*	*	*	*	3594973	*
H	9899	250	100.0	+	0	0	250M	3606810	3746875
H	3624	250	98.0	+	0	0	250M	3614642	310532
L	5827	250	*	*	*	*	*	138930	*
H	5827	250	100.0	+	0	0	250M	1130073	138930
L	8873	250	*	*	*	*	*	1136256	*
H	8873	250	94.8	+	0	0	30MD219MI	3664773	1136256
L	9111	250	*	*	*	*	*	841393	*
H	9111	250	97.6	+	0	0	250M	808058	841393
H	8876	250	91.2	+	0	0	250M	1127433	326714
L	827	250	*	*	*	*	*	851594	*
H	827	250	95.2	+	0	0	250M	3756908	851594
L	12570	250	*	*	*	*	*	4440894	*
H	12570	250	99.2	+	0	0	250M	3764940	4440894
L	8298	250	*	*	*	*	*	1126893	*
H	8298	250	97.6	+	0	0	250M	3789443	1126893
L	3245	250	*	*	*	*	*	344189	*
H	3245	250	95.6	+	0	0	250M	680394	344189
L	6561	250	*	*	*	*	*	49604	*
H	6561	250	91.6	+	0	0	149MI14MI85M2D	1134701	49604
L	8732	250	*	*	*	*	*	1132553	*
H	8732	250	90.0	+	0	0	200MI49MD	1132790	1132553
L	6000	250	*	*	*	*	*	111946	*
H	6000	250	97.2	+	0	0	250M	616049	111946
H	5386	250	99.6	+	0	0	250M	3940564	165576
L	1076	250	*	*	*	*	*	747680	*
H	1076	250	100.0	+	0	0	250M	3942007	747680
N	*	250	*	*	*	*	*	851870	*
H	1947	250	90.0	+	0	0	250M	793520	544630
N	*	250	*	*	*	*	*	4015030	*
N	*	250	*	*	*	*	*	631036	*
N	*	250	*	*	*	*	*	4097804	*
L	7613	250	*	*	*	*	*	839270	*
H	7613	250	98.8	+	0	0	250M	4190059	839270
L	7507	250	*	*	*	*	*	1715972	*
H	7507	250	98.4	+	0	0	250M	4191587	1715972
L	12264	250	*	*	*	*	*	4418165	*
H	12264	250	96.8	+	0	0	10MD26MD8MD7MD45MD34MD21MD92M7I	4193312	4418165
N	*	250	*	*	*	*	*	4213092	*
H	9899	250	100.0	+	0	0	250M	4251078	3746875
H	10472	250	90.0	+	0	0	250M	1145893	4263820
L	3377	250	*	*	*	*	*	333578	*
H	3377	250	100.0	+	0	0	250M	4303511	333578
L	7725	250	*	*	*	*	*	654461	*
H	7725	250	90.0	+	0	0	43M3I204M3D	4310095	654461
L	6158	250	*	*	*	*	*	103415	*
H	6158	250	97.6	+	0	0	206MD43MI	4313865	103415
L	4395	250	*	*	*	*	*	246206	*
H	4395	250	99.2	+	0	0	250M	4316452	246206
H	5581	250	94.4	+	0	0	250M	4319468	154763
L	8889	250	*	*	*	*	*	869738	*
H	8889	250	98.8	+	0	0	250M	4323428	869738
L	11558	250	*	*	*	*	*	4365922	*
H	11558	250	98.8	+	0	0	250M	4324649	4365922
L	11541	250	*	*	*	*	*	4365006	*
H	11541	250	96.8	+	0	0	250M	4326319	4365006
L	9271	250	*	*	*	*	*	1122668	*
H	9271	250	90.8	+	0	0	250M	4327050	1122668
L	9477	250	*	*	*	*	*	637528	*
H	9477	250	99.6	+	0	0	250M	4328084	637528
L	2066	250	*	*	*	*	*	533999	*
H	2066	250	99.2	+	0	0	250M	4332796	533999
H	10773	250	99.2	+	0	0	250M	4334113	4309033
H	11571	250	96.8	+	0	0	250M	4334615	4366350
L	6177	250	*	*	*	*	*	102566	*
H	6177	250	97.2	+	0	0	250M	4338024	102566
L	10525	250	*	*	*	*	*	4295249	*
H	10525	250	90.0	+	0	0	250M	4338444	4295249
L	9537	250	*	*	*	*	*	3448408	*
H	9537	250	99.2	+	0	0	250M	4341986	3448408
L	3353	250	*	*	*	*	*	336110	*
H	3353	250	92.4	+	0	0	250M	4343297	336110
L	9171	250	*	*	*	*	*	1134212	*
H	9171	250	93.6	+	0	0	250M	4343390	1134212
L	11029	250	*	*	*	*	*	4324773	*
H	11029	250	99.2	+	0	0	250M	4350787	4324773
L	11864	250	*	*	*	*	*	4388300	*
H	11864	250	99.2	+	0	0	250M	4350882	4388300
H	7087	250	99.2	+	0	0	13MD236MI	4356825	8898
L	6695	250	*	*	*	*	*	25807	*
H	6695	250	100.0	+	0	0	250M	4357383	25807
L	1928	250	*	*	*	*	*	547252	*
H	1928	250	100.0	+	0	0	250M	4359240	547252
L	7169	250	*	*	*	*	*	5719	*
H	7169	250	98.0	+	0	0	250M	4360168	5719
L	5848	250	*	*	*	*	*	137759	*
H	5848	250	97.6	+	0	0	250M	4360170	137759
L	4300	250	*	*	*	*	*	254355	*
H	4300	250	99.6	+	0	0	250M	4361454	254355
L	7269	250	*	*	*	*	*	1503856	*
H	7269	250	94.0	+	0	0	250M	4361533	1503856
L	2014	250	*	*	*	*	*	538695	*
H	2014	250	91.2	+	0	0	250M	4366349	538695
H	3624	250	98.8	+	0	0	250M	4367676	310532
L	6837	250	*	*	*	*	*	14227	*
H	6837	250	90.0	+	0	0	250M	4368038	14227
L	6686	250	*	*	*	*	*	27188	*
H	6686	250	98.0	+	0	0	250M	4368039	27188
L	6669	250	*	*	*	*	*	29533	*
H	6669	250	100.0	+	0	0	250M	4369445	29533
H	6695	250	100.0	+	0	0	250M	4372372	25807
L	1327	250	*	*	*	*	*	590458	*
H	1327	250	93.2	+	0	0	135MI114MD	4372396	590458
H	3624	250	96.8	+	0	0	250M	4378218	310532
L	7732	250	*	*	*	*	*	1892252	*
H	7732	250	96.4	+	0	0	250M	4378624	1892252
L	11941	250	*	*	*	*	*	4393739	*
H	11941	250	95.6	+	0	0	250M	4379450	4393739
L	7135	250	*	*	*	*	*	7346	*
H	7135	250	95.2	+	0	0	250M	4379571	7346
L	4745	250	*	*	*	*	*	199880	*
H	4745	250	94.4	+	0	0	74MD24MD150M2I	4380180	199880
H	12152	250	96.4	+	0	0	250M	4384897	4410245
L	8746	250	*	*	*	*	*	1133162	*
H	8746	250	93.6	+	0	0	250M	4385903	1133162
L	6969	250	*	*	*	*	*	11982	*
H	6969	250	97.2	+	0	0	250M	4386973	11982
L	8960	250	*	*	*	*	*	2938850	*
H	8960	250	91.6	+	0	0	250M	4388908	2938850
H	11317	250	97.6	+	0	0	250M	4389144	4348634
L	11658	250	*	*	*	*	*	4372695	*
H	11658	250	90.8	+	0	0	250M	4392252	4372695
H	5386	250	99.6	+	0	0	250M	4395332	165576
L	8590	250	*	*	*	*	*	2606464	*
H	8590	250	98.0	+	0	0	250M	4396918	2606464
N	*	250	*	*	*	*	*	4402981	*
N	*	250	*	*	*	*	*	4405531	*
L	6037	250	*	*	*	*	*	109696	*
H	6037	250	100.0	+	0	0	250M	4407376	109696
H	12152	250	98.0	+	0	0	250M	4410246	4410245
H	11884	250	98.8	+	0	0	250M	4411367	4389423
H	9899	250	100.0	+	0	0	250M	4413100	3746875
H	8760	250	94.0	+	0	0	250M	4416544	1138276
N	*	250	*	*	*	*	*	4423885	*
H	7732	250	96.0	+	0	0	250M	4427435	1892252
L	7683	250	*	*	*	*	*	1123487	*
H	7683	250	100.0	+	0	0	250M	4427644	1123487
H	4358	250	94.0	+	0	0	250M	4427760	249532
L	1931	250	*	*	*	*	*	547150	*
H	1931	250	99.6	+	0	0	250M	4431590	547150
L	4519	250	*	*	*	*	*	237209	*
H	4519	250	99.6	+	0	0	10MD239MI	4434972	237209
L	7194	250	*	*	*	*	*	4735	*
H	7194	250	93.6	+	0	0	250M	4439078	4735
L	9921	250	*	*	*	*	*	1144357	*
H	9921	250	99.6	+	0	0	250M	4443912	1144357
L	7439	250	*	*	*	*	*	1657383	*
H	7439	250	95.2	+	0	0	250M	4447123	1657383
L	6005	250	*	*	*	*	*	111689	*
H	6005	250	100.0	+	0	0	250M	4448449	111689
N	*	250	*	*	*	*	*	4451561	*
L	6617	250	*	*	*	*	*	39706	*
H	6617	250	97.6	+	0	0	250M	4453271	39706
H	9899	250	100.0	+	0	0	250M	4453316	3746875
H	7427	250	98.8	+	0	0	250M	4453318	1646259
L	6150	250	*	*	*	*	*	103906	*
H	6150	250	98.4	+	0	0	250M	4465296	103906
L	7038	250	*	*	*	*	*	9946	*
H	7038	250	92.4	+	0	0	250M	4466885	9946
N	*	250	*	*	*	*	*	4467220	*
L	7907	250	*	*	*	*	*	2057787	*
H	7907	250	98.4	+	0	0	250M	4468965	2057787
L	2713	250	*	*	*	*	*	470236	*
H	2713	250	91.2	+	0	0	250M	4471604	470236
N	*	250	*	*	*	*	*	4482307	*
L	13172	250	*	*	*	*	*	4482363	*
H	13172	250	97.2	+	0	0	250M	4482366	4482363
L	4888	250	*	*	*	*	*	192482	*
H	4888	250	98.0	+	0	0	250M	4482512	192482
L	12111	250	*	*	*	*	*	4407476	*
H	12111	250	94.0	+	0	0	113MD136MI	4482804	4407476
H	7732	250	98.4	+	0	0	169MD80MI	4484060	1892252
L	8418	250	*	*	*	*	*	2472963	*
H	8418	250	95.2	+	0	0	97MD152MI	4484180	2472963
L	13319	250	*	*	*	*	*	94242	*
H	13319	250	94.4	+	0	0	250M	565906	94242
L	13267	250	*	*	*	*	*	186470	*
H	13267	250	94.4	+	0	0	250M	559851	186470
L	13219	250	*	*	*	*	*	679966	*
H	13219	250	95.2	+	0	0	250M	551722	679966
L	13447	250	*	*	*	*	*	4444847	*
H	13447	250	95.2	+	0	0	250M	219691	4444847
L	13339	250	*	*	*	*	*	18525	*
H	13339	250	92.4	+	0	0	10D11MD33MD29MD164M13I	197313	18525
L	13216	250	*	*	*	*	*	714724	*
H	13216	250	93.2	+	0	0	69MI119MI14MI12MI32M4D	112074	714724
N	*	250	*	*	*	*	*	46167	*
L	13290	250	*	*	*	*	*	108999	*
H	13290	250	94.8	+	0	0	250M	31020	108999
L	13325	250	*	*	*	*	*	58361	*
H	13325	250	95.2	+	0	0	250M	657	58361
L	13400	250	*	*	*	*	*	2940299	*
H	13400	250	94.0	+	0	0	250M	439	2940299
L	13443	250	*	*	*	*	*	4410174	*
H	13443	250	97.6	+	0	0	250M	3630583	4410174
H	13339	250	93.2	+	0	0	10D240M10I	643724	18525
L	13370	250	*	*	*	*	*	633056	*
H	13370	250	95.2	+	0	0	250M	3862609	633056
L	13453	250	*	*	*	*	*	4475393	*
H	13453	250	92.8	+	0	0	250M	840654	4475393
H	13339	250	93.6	+	0	0	10D240M10I	4176865	18525
L	13438	250	*	*	*	*	*	4370431	*
H	13438	250	90.8	+	0	0	250M	4217330	4370431
L	13241	250	*	*	*	*	*	542973	*
H	13241	250	92.4	+	0	0	250M	4307029	542973
L	13398	250	*	*	*	*	*	748703	*
H	13398	250	97.2	+	0	0	250M	4375425	748703
L	13386	250	*	*	*	*	*	665536	*
H	13386	250	96.0	+	0	0	250M	4445049	665536
D	10	2	*	*	*	*	94.4	1110799	*
D	41	2	*	*	*	*	97.2	1104048	*
D	579	2	*	*	*	*	96.4	927402	*
D	725	2	*	*	*	*	96.8	881955	*
D	822	2	*	*	*	*	94.4	851797	*
D	827	2	*	*	*	*	95.2	851594	*
D	922	2	*	*	*	*	96.4	821228	*
D	981	4	*	*	*	*	92.1	809076	*
D	994	2	*	*	*	*	94.0	806916	*
D	1000	2	*	*	*	*	92.4	804867	*
D	1016	2	*	*	*	*	98.0	792207	*
D	1030	2	*	*	*	*	95.2	780282	*
D	1075	2	*	*	*	*	92.8	748921	*
D	1076	2	*	*	*	*	100.0	747680	*
D	1126	3	*	*	*	*	96.4	712848	*
D	1129	2	*	*	*	*	97.2	709804	*
D	1194	2	*	*	*	*	99.2	667570	*
D	1271	2	*	*	*	*	100.0	605198	*
D	1281	2	*	*	*	*	91.6	593894	*
D	1327	2	*	*	*	*	93.2	590458	*
D	1551	2	*	*	*	*	100.0	574493	*
D	1611	2	*	*	*	*	90.4	569055	*
D	1620	2	*	*	*	*	100.0	568247	*
D	1635	2	*	*	*	*	99.2	567505	*
D	1690	2	*	*	*	*	90.0	563741	*
D	1743	2	*	*	*	*	99.6	560403	*
D	1776	2	*	*	*	*	94.4	557875	*
D	1830	2	*	*	*	*	91.6	554299	*
D	1913	2	*	*	*	*	91.2	548719	*
D	1915	2	*	*	*	*	99.2	548599	*
D	1928	2	*	*	*	*	100.0	547252	*
D	1931	2	*	*	*	*	99.6	547150	*
D	1947	3	*	*	*	*	90.0	544630	*
D	1950	3	*	*	*	*	92.6	544430	*
D	1974	2	*	*	*	*	98.8	542175	*
D	2000	2	*	*	*	*	90.8	539939	*
D	2002	2	*	*	*	*	95.2	539854	*
D	2008	5	*	*	*	*	98.3	539230	*
D	2014	2	*	*	*	*	91.2	538695	*
D	2041	2	*	*	*	*	99.6	536261	*
D	2056	2	*	*	*	*	92.0	535280	*
D	2059	2	*	*	*	*	98.0	534898	*
D	2066	2	*	*	*	*	99.2	533999	*
D	2072	2	*	*	*	*	97.2	533516	*
D	2713	2	*	*	*	*	91.2	470236	*
D	3245	2	*	*	*	*	95.6	344189	*
D	3261	2	*	*	*	*	99.2	342971	*
D	3353	2	*	*	*	*	92.4	336110	*
D	3377	2	*	*	*	*	100.0	333578	*
D	3493	2	*	*	*	*	91.6	322549	*
D	3595	2	*	*	*	*	91.2	312765	*
D	3608	2	*	*	*	*	93.6	311813	*
D	3624	5	*	*	*	*	97.6	310532	*
D	3681	2	*	*	*	*	100.0	304780	*
D	3750	2	*	*	*	*	94.8	300156	*
D	3772	2	*	*	*	*	98.0	298873	*
D	3900	2	*	*	*	*	90.8	289911	*
D	4153	2	*	*	*	*	99.6	265983	*
D	4254	2	*	*	*	*	95.2	257496	*
D	4300	2	*	*	*	*	99.6	254355	*
D	4358	3	*	*	*	*	95.0	249532	*
D	4364	2	*	*	*	*	98.8	248577	*
D	4395	2	*	*	*	*	99.2	246206	*
D	4399	2	*	*	*	*	91.6	245878	*
D	4417	2	*	*	*	*	90.0	244222	*
D	4418	2	*	*	*	*	98.8	244196	*
D	4454	2	*	*	*	*	98.8	240979	*
D	4467	2	*	*	*	*	91.2	240308	*
D	4501	2	*	*	*	*	99.2	238208	*
D	4503	2	*	*	*	*	95.6	237931	*
D	4519	2	*	*	*	*	99.6	237209	*
D	4546	2	*	*	*	*	91.2	233692	*
D	4612	2	*	*	*	*	94.0	220715	*
D	4745	2	*	*	*	*	94.4	199880	*
D	4846	2	*	*	*	*	100.0	194393	*
D	4848	2	*	*	*	*	97.6	194356	*
D	4864	2	*	*	*	*	95.2	193675	*
D	4888	2	*	*	*	*	98.0	192482	*
D	5126	2	*	*	*	*	98.0	179639	*
D	5267	2	*	*	*	*	98.0	172289	*
D	5376	3	*	*	*	*	92.2	166040	*
D	5386	5	*	*	*	*	99.4	165576	*
D	5487	3	*	*	*	*	95.6	160903	*
D	5526	2	*	*	*	*	91.6	158554	*
D	5581	3	*	*	*	*	94.4	154763	*
D	5618	2	*	*	*	*	95.2	152460	*
D	5668	2	*	*	*	*	94.0	149021	*
D	5675	2	*	*	*	*	94.4	148326	*
D	5716	2	*	*	*	*	99.6	144735	*
D	5717	2	*	*	*	*	98.0	144720	*
D	5740	2	*	*	*	*	91.2	143476	*
D	5823	2	*	*	*	*	96.4	139367	*
D	5827	2	*	*	*	*	100.0	138930	*
D	5848	2	*	*	*	*	97.6	137759	*
D	5881	2	*	*	*	*	97.6	136101	*
D	6000	2	*	*	*	*	97.2	111946	*
D	6005	2	*	*	*	*	100.0	111689	*
D	6011	2	*	*	*	*	94.0	111470	*
D	6037	2	*	*	*	*	100.0	109696	*
D	6086	2	*	*	*	*	100.0	106978	*
D	6150	2	*	*	*	*	98.4	103906	*
D	6158	2	*	*	*	*	97.6	103415	*
D	6177	2	*	*	*	*	97.2	102566	*
D	6215	2	*	*	*	*	90.0	100757	*
D	6302	2	*	*	*	*	97.6	89985	*
D	6306	2	*	*	*	*	92.4	89521	*
D	6336	2	*	*	*	*	98.0	84438	*
D	6342	2	*	*	*	*	94.0	82490	*
D	6543	2	*	*	*	*	95.2	51778	*
D	6561	2	*	*	*	*	91.6	49604	*
D	6583	2	*	*	*	*	99.6	45637	*
D	6610	2	*	*	*	*	94.4	40721	*
D	6617	2	*	*	*	*	97.6	39706	*
D	6650	2	*	*	*	*	97.2	32859	*
D	6669	2	*	*	*	*	100.0	29533	*
D	6686	2	*	*	*	*	98.0	27188	*
D	6695	3	*	*	*	*	100.0	25807	*
D	6784	2	*	*	*	*	98.4	15281	*
D	6804	2	*	*	*	*	98.4	14615	*
D	6808	2	*	*	*	*	98.0	14592	*
D	6809	2	*	*	*	*	96.4	14583	*
D	6835	2	*	*	*	*	90.8	14302	*
D	6837	2	*	*	*	*	90.0	14227	*
D	6901	2	*	*	*	*	99.2	12865	*
D	6926	2	*	*	*	*	94.8	12491	*
D	6949	2	*	*	*	*	99.6	12144	*
D	6969	2	*	*	*	*	97.2	11982	*
D	6987	2	*	*	*	*	95.2	11432	*
D	6995	2	*	*	*	*	91.6	11124	*
D	7006	3	*	*	*	*	94.0	10839	*
D	7011	2	*	*	*	*	99.2	10658	*
D	7038	2	*	*	*	*	92.4	9946	*
D	7052	2	*	*	*	*	95.6	9510	*
D	7065	2	*	*	*	*	100.0	9252	*
D	7087	3	*	*	*	*	96.6	8898	*
D	7122	2	*	*	*	*	96.0	7897	*
D	7123	2	*	*	*	*	96.8	7572	*
D	7135	2	*	*	*	*	95.2	7346	*
D	7148	2	*	*	*	*	90.4	6648	*
D	7167	2	*	*	*	*	92.8	6024	*
D	7169	2	*	*	*	*	98.0	5719	*
D	7194	2	*	*	*	*	93.6	4735	*
D	7197	2	*	*	*	*	92.4	4638	*
D	7231	2	*	*	*	*	98.4	3125	*
D	7236	2	*	*	*	*	96.4	2669	*
D	7269	2	*	*	*	*	94.0	1503856	*
D	7275	2	*	*	*	*	95.2	1127290	*
D	7292	2	*	*	*	*	90.0	1131099	*
D	7346	2	*	*	*	*	95.6	1128670	*
D	7427	4	*	*	*	*	99.6	1646259	*
D	7439	2	*	*	*	*	95.2	1657383	*
D	7469	2	*	*	*	*	92.0	1130618	*
D	7478	2	*	*	*	*	99.2	790750	*
D	7485	2	*	*	*	*	99.2	1115140	*
D	7507	2	*	*	*	*	98.4	1715972	*
D	7520	2	*	*	*	*	98.0	1128272	*
D	7529	2	*	*	*	*	99.6	1120166	*
D	7555	2	*	*	*	*	97.2	1133608	*
D	7578	2	*	*	*	*	92.8	1134626	*
D	7586	2	*	*	*	*	98.4	804849	*
D	7600	2	*	*	*	*	98.0	891034	*
D	7613	2	*	*	*	*	98.8	839270	*
D	7618	2	*	*	*	*	96.4	1803005	*
D	7656	2	*	*	*	*	99.6	1047812	*
D	7666	2	*	*	*	*	97.2	1125844	*
D	7667	2	*	*	*	*	99.2	1143902	*
D	7683	2	*	*	*	*	100.0	1123487	*
D	7701	3	*	*	*	*	94.8	709363	*
D	7725	2	*	*	*	*	90.0	654461	*
D	7732	4	*	*	*	*	96.9	1892252	*
D	7753	4	*	*	*	*	99.9	1913623	*
D	7776	2	*	*	*	*	91.2	1142320	*
D	7890	3	*	*	*	*	93.2	1136639	*
D	7907	2	*	*	*	*	98.4	2057787	*
D	7976	2	*	*	*	*	90.4	2105739	*
D	8082	2	*	*	*	*	100.0	615094	*
D	8131	2	*	*	*	*	94.8	2228267	*
D	8161	2	*	*	*	*	92.4	2250345	*
D	8178	2	*	*	*	*	99.2	2266188	*
D	8225	2	*	*	*	*	99.6	1128097	*
D	8276	2	*	*	*	*	96.0	1114718	*
D	8298	2	*	*	*	*	97.6	1126893	*
D	8329	2	*	*	*	*	99.6	2397589	*
D	8334	2	*	*	*	*	94.4	940401	*
D	8337	2	*	*	*	*	95.2	1130952	*
D	8352	2	*	*	*	*	96.8	1138255	*
D	8366	2	*	*	*	*	96.4	2426772	*
D	8418	2	*	*	*	*	95.2	2472963	*
D	8427	2	*	*	*	*	94.4	851932	*
D	8449	3	*	*	*	*	94.4	2494386	*
D	8498	2	*	*	*	*	98.8	2529960	*
D	8537	2	*	*	*	*	98.0	778200	*
D	8572	2	*	*	*	*	96.0	621766	*
D	8587	2	*	*	*	*	99.6	2603271	*
D	8590	2	*	*	*	*	98.0	2606464	*
D	8697	2	*	*	*	*	96.0	2704718	*
D	8710	4	*	*	*	*	96.3	1127838	*
D	8732	2	*	*	*	*	90.0	1132553	*
D	8746	2	*	*	*	*	93.6	1133162	*
D	8751	2	*	*	*	*	98.8	1137560	*
D	8760	3	*	*	*	*	93.6	1138276	*
D	8849	2	*	*	*	*	100.0	768483	*
D	8873	2	*	*	*	*	94.8	1136256	*
D	8874	2	*	*	*	*	98.4	1136534	*
D	8876	4	*	*	*	*	93.9	326714	*
D	8889	2	*	*	*	*	98.8	869738	*
D	8951	2	*	*	*	*	91.6	1127719	*
D	8960	2	*	*	*	*	91.6	2938850	*
D	8963	2	*	*	*	*	93.6	1086672	*
D	8970	2	*	*	*	*	98.4	1126959	*
D	9064	2	*	*	*	*	96.8	1138936	*
D	9098	2	*	*	*	*	99.2	1140071	*
D	9111	2	*	*	*	*	97.6	841393	*
D	9161	2	*	*	*	*	90.8	3127947	*
D	9171	2	*	*	*	*	93.6	1134212	*
D	9199	2	*	*	*	*	96.4	1133202	*
D	9271	2	*	*	*	*	90.8	1122668	*
D	9272	2	*	*	*	*	99.6	3225199	*
D	9324	2	*	*	*	*	100.0	782122	*
D	9378	2	*	*	*	*	94.8	679077	*
D	9379	2	*	*	*	*	92.4	1122610	*
D	9430	2	*	*	*	*	93.2	3352220	*
D	9431	2	*	*	*	*	97.6	620813	*
D	9432	2	*	*	*	*	90.4	647165	*
D	9458	2	*	*	*	*	100.0	1128861	*
D	9477	2	*	*	*	*	99.6	637528	*
D	9537	2	*	*	*	*	99.2	3448408	*
D	9541	2	*	*	*	*	96.8	794069	*
D	9547	2	*	*	*	*	98.8	1127998	*
D	9557	4	*	*	*	*	99.2	3464845	*
D	9637	2	*	*	*	*	96.4	3528451	*
D	9666	2	*	*	*	*	97.6	1144548	*
D	9671	2	*	*	*	*	99.2	986748	*
D	9760	2	*	*	*	*	99.2	3630893	*
D	9786	2	*	*	*	*	91.6	3652470	*
D	9821	2	*	*	*	*	98.0	1146150	*
D	9881	2	*	*	*	*	95.6	698296	*
D	9899	6	*	*	*	*	100.0	3746875	*
D	9907	2	*	*	*	*	97.6	3755054	*
D	9921	2	*	*	*	*	99.6	1144357	*
D	9927	2	*	*	*	*	96.8	3768997	*
D	9931	2	*	*	*	*	97.6	3772085	*
D	9956	2	*	*	*	*	96.4	1143338	*
D	9957	2	*	*	*	*	98.4	1128041	*
D	9975	2	*	*	*	*	98.8	1124343	*
D	9983	2	*	*	*	*	94.8	995416	*
D	10053	2	*	*	*	*	96.0	781533	*
D	10079	3	*	*	*	*	98.0	1137224	*
D	10089	2	*	*	*	*	92.8	3926523	*
D	10098	2	*	*	*	*	94.0	1135136	*
D	10101	2	*	*	*	*	93.6	1133579	*
D	10118	2	*	*	*	*	94.4	3949114	*
D	10124	2	*	*	*	*	98.0	220541	*
D	10279	2	*	*	*	*	98.0	4094808	*
D	10472	4	*	*	*	*	91.6	4263820	*
D	10525	2	*	*	*	*	90.0	4295249	*
D	10569	2	*	*	*	*	90.4	4297519	*
D	10651	2	*	*	*	*	92.0	4302603	*
D	10744	2	*	*	*	*	98.8	4307587	*
D	10773	3	*	*	*	*	99.0	4309033	*
D	10777	2	*	*	*	*	90.0	4309273	*
D	10887	2	*	*	*	*	100.0	4316623	*
D	10929	2	*	*	*	*	96.8	4319594	*
D	11029	2	*	*	*	*	99.2	4324773	*
D	11063	2	*	*	*	*	98.0	4327628	*
D	11190	2	*	*	*	*	94.0	4337248	*
D	11194	2	*	*	*	*	98.8	4337459	*
D	11221	2	*	*	*	*	92.0	4339256	*
D	11246	2	*	*	*	*	93.6	4341712	*
D	11317	3	*	*	*	*	95.2	4348634	*
D	11325	2	*	*	*	*	97.6	4349225	*
D	11342	2	*	*	*	*	97.2	4350610	*
D	11358	2	*	*	*	*	95.6	4352076	*
D	11400	2	*	*	*	*	97.6	4354692	*
D	11500	3	*	*	*	*	96.8	4361591	*
D	11508	2	*	*	*	*	90.4	4362160	*
D	11541	2	*	*	*	*	96.8	4365006	*
D	11558	2	*	*	*	*	98.8	4365922	*
D	11571	3	*	*	*	*	97.4	4366350	*
D	11658	2	*	*	*	*	90.8	4372695	*
D	11678	2	*	*	*	*	97.2	4374426	*
D	11796	3	*	*	*	*	94.0	4384063	*
D	11797	2	*	*	*	*	91.2	4384067	*
D	11864	2	*	*	*	*	99.2	4388300	*
D	11884	3	*	*	*	*	98.8	4389423	*
D	11885	2	*	*	*	*	97.6	4389428	*
D	11941	2	*	*	*	*	95.6	4393739	*
D	12016	2	*	*	*	*	97.2	4400244	*
D	12045	2	*	*	*	*	98.0	4402516	*
D	12055	2	*	*	*	*	90.0	4403464	*
D	12078	2	*	*	*	*	98.0	4405546	*
D	12081	2	*	*	*	*	94.4	4405914	*
D	12105	2	*	*	*	*	99.2	4407205	*
D	12111	2	*	*	*	*	94.0	4407476	*
D	12152	4	*	*	*	*	96.9	4410245	*
D	12191	2	*	*	*	*	99.6	4413221	*
D	12200	2	*	*	*	*	94.0	4413665	*
D	12207	2	*	*	*	*	96.4	4413957	*
D	12264	2	*	*	*	*	96.8	4418165	*
D	12303	2	*	*	*	*	95.6	4422396	*
D	12336	2	*	*	*	*	94.0	4424463	*
D	12342	2	*	*	*	*	95.2	4424719	*
D	12399	2	*	*	*	*	94.8	4428224	*
D	12419	2	*	*	*	*	99.6	4429771	*
D	12457	2	*	*	*	*	92.8	4432439	*
D	12464	2	*	*	*	*	98.8	4433321	*
D	12570	2	*	*	*	*	99.2	4440894	*
D	12613	2	*	*	*	*	93.6	4443436	*
D	12689	2	*	*	*	*	98.4	4449665	*
D	12749	2	*	*	*	*	97.2	4454082	*
D	12839	2	*	*	*	*	98.0	4459820	*
D	12857	3	*	*	*	*	99.6	4461327	*
D	12874	2	*	*	*	*	100.0	4462503	*
D	12979	2	*	*	*	*	93.6	4469778	*
D	13023	2	*	*	*	*	94.0	4472978	*
D	13034	3	*	*	*	*	98.0	4473481	*
D	13151	2	*	*	*	*	99.2	4481550	*
D	13172	2	*	*	*	*	97.2	4482363	*
D	13216	2	*	*	*	*	93.2	714724	*
D	13219	2	*	*	*	*	95.2	679966	*
D	13241	2	*	*	*	*	92.4	542973	*
D	13267	2	*	*	*	*	94.4	186470	*
D	13290	2	*	*	*	*	94.8	108999	*
D	13319	2	*	*	*	*	94.4	94242	*
D	13325	2	*	*	*	*	95.2	58361	*
D	13339	4	*	*	*	*	93.1	18525	*
D	13370	2	*	*	*	*	95.2	633056	*
D	13386	2	*	*	*	*	96.0	665536	*
D	13398	2	*	*	*	*	97.2	748703	*
D	13400	2	*	*	*	*	94.0	2940299	*
D	13438	2	*	*	*	*	90.8	4370431	*
D	13443	2	*	*	*	*	97.6	4410174	*
D	13447	2	*	*	*	*	95.2	4444847	*
D	13453	2	*	*	*	*	92.8	4475393	*
