UclustConsensusTaxonAssigner parameters:
id_to_taxonomy_filepath:/Users/nbokulich/Desktop/ref_dbs/gg_13_8_otus/taxonomy/99_otu_taxonomy.txt
id_to_taxonomy_fp:/Users/nbokulich/Desktop/ref_dbs/gg_13_8_otus/taxonomy/99_otu_taxonomy.txt
max_accepts:1
min_consensus_fraction:0.51
reference_sequences_fp:/Users/nbokulich/Desktop/ref_dbs/gg_13_8_otus/rep_set/99_otus/dna-sequences.fasta
similarity:0.9
unassignable_label:Unassigned
Result path: /var/folders/0t/l1dz88p50y91vx_22fx5w3780000gn/T/assign-taxGDvcvA

.uc file contents:

# uclust --input /Users/nbokulich/Desktop/projects/short-read-tax-assignment/data/mock-community/mock-23/rep_seqs.fna --id 0.9 --rev --maxaccepts 1 --allhits --libonly --lib /Users/nbokulich/Desktop/ref_dbs/gg_13_8_otus/rep_set/99_otus/dna-sequences.fasta --uc /var/folders/0t/l1dz88p50y91vx_22fx5w3780000gn/T/UclustConsensusTaxonAssigner_KF6dcf.uc
# version=1.2.22
# Tab-separated fields:
# 1=Type, 2=ClusterNr, 3=SeqLength or ClusterSize, 4=PctId, 5=Strand, 6=QueryStart, 7=SeedStart, 8=Alignment, 9=QueryLabel, 10=TargetLabel
# Record types (field 1): L=LibSeed, S=NewSeed, H=Hit, R=Reject, D=LibCluster, C=NewCluster, N=NoHit
# For C and D types, PctId is average id with seed.
# QueryStart and SeedStart are zero-based relative to start of sequence.
# If minus strand, SeedStart is relative to reverse-complemented seed.
N	*	290	*	*	*	*	*	23d9b8791582b3fc2fd4073d5af31da6	*
N	*	290	*	*	*	*	*	16310d066cf37d4658de3da0e4dbe523	*
L	1169	250	*	*	*	*	*	1099610	*
H	1169	290	100.0	+	0	0	19D250M21D	89124da817839901b34a2d42aee7a7b7	1099610
N	*	290	*	*	*	*	*	ff0906519f3acb8a70808aeb9523ba1a	*
L	141532	250	*	*	*	*	*	1059977	*
H	141532	290	99.6	+	0	0	19D250M21D	d1642204b0b8191c46b3d10d8dca0fef	1059977
N	*	290	*	*	*	*	*	2695533af08f78685473414fb6dfc6a4	*
L	130528	250	*	*	*	*	*	1039981	*
H	130528	290	100.0	+	0	0	19D250M21D	d1050590c3c1cff5952b7081dc745a2e	1039981
L	169931	250	*	*	*	*	*	4341595	*
H	169931	290	100.0	+	0	0	19D250M21D	6c88a939023551490b7523f876cb71fb	4341595
N	*	290	*	*	*	*	*	a1a96c61151b1f3e967ee90c33e63fd5	*
N	*	290	*	*	*	*	*	61e700120eac14bab142b14d9f2ffe47	*
L	7229	250	*	*	*	*	*	869385	*
H	7229	290	100.0	+	0	0	19D250M21D	2b164a3b5ace1f9dd01a1b241705a841	869385
L	144915	250	*	*	*	*	*	3385021	*
H	144915	290	95.6	+	0	0	19D250M21D	c9ca992eac6aa220ec146a96574c9173	3385021
N	*	290	*	*	*	*	*	ae1cbdf987d436e09ef2f6c4f41e060c	*
N	*	290	*	*	*	*	*	941dc37022d2497ab8e1e4c0e097539b	*
N	*	290	*	*	*	*	*	213cec0519f746ec8e4e7eaa1c35aea6	*
L	76514	250	*	*	*	*	*	222902	*
H	76514	290	100.0	+	0	0	19D250M21D	7c1a00b973d41b5e164e8298838b3bde	222902
L	134627	250	*	*	*	*	*	1004236	*
H	134627	290	100.0	+	0	0	19D250M21D	54d9517ac533f22f32c24f066eb30901	1004236
N	*	290	*	*	*	*	*	04ae71eb4c503b554e0cdfbb24cf7daf	*
N	*	290	*	*	*	*	*	3a6f15d58cfa31a8fef198de4c3c40b6	*
N	*	290	*	*	*	*	*	97bd8ce7cf37ea523a4e384ae887fd1c	*
N	*	290	*	*	*	*	*	006886bbce4916d4376bc70c57e0c4c2	*
N	*	290	*	*	*	*	*	e76a20c39e76afb1ab1c914986f25919	*
N	*	290	*	*	*	*	*	6b72523bdcbecdbd422adf0992a8b9e5	*
N	*	290	*	*	*	*	*	f4380cc39189a0cc36a78d4ebe27d22a	*
N	*	290	*	*	*	*	*	6a99c084b6ce4a2990ed26fa41ba375d	*
L	156267	250	*	*	*	*	*	4063709	*
H	156267	290	100.0	+	0	0	19D250M21D	e7b7f375639df72c95b6c6ed7d46491f	4063709
N	*	290	*	*	*	*	*	82e33fd66425e2cc3434c5c190a47aae	*
N	*	290	*	*	*	*	*	ba5759b226575ddb0441c02299d1276d	*
N	*	290	*	*	*	*	*	4eec96b7bad5c23c1f3ea4747adb65b1	*
N	*	290	*	*	*	*	*	09dedf4f75769258d0aa9d417d1dddcd	*
L	4469	250	*	*	*	*	*	975413	*
H	4469	290	100.0	+	0	0	19D250M21D	8fcc9ca331177f98c06b7ecf6341a328	975413
N	*	290	*	*	*	*	*	18c02fe30d0c4c564f8cf488a0b0fe1b	*
L	163538	250	*	*	*	*	*	4310109	*
H	163538	290	100.0	+	0	0	19D250M21D	3f8649234c52d143380e2d8afa8b80ad	4310109
N	*	290	*	*	*	*	*	fd5a0ef30bd51a621e7a98581301ff09	*
N	*	290	*	*	*	*	*	29615581423aa321be06c6c540342273	*
H	169931	290	100.0	+	0	0	19D250M21D	0e6340ee79abbeb8229e1a0d915e7b6b	4341595
N	*	290	*	*	*	*	*	d22243fce4bc8a0de71cd9d73371c3f4	*
N	*	290	*	*	*	*	*	317bb5142ee417f75b4d91a2ef7d3be5	*
L	144213	250	*	*	*	*	*	1137456	*
H	144213	290	100.0	+	0	0	19D250M21D	c38997e00f9a8a0bd27e8a29c4f267fa	1137456
L	40079	250	*	*	*	*	*	421164	*
H	40079	290	92.0	+	0	0	19D250M21D	7da0f10806b84a0f1f075b51bc7558fe	421164
L	156425	250	*	*	*	*	*	4073858	*
H	156425	290	100.0	+	0	0	19D250M21D	ab3f68b62227a2a12764081e869d4fb1	4073858
L	32614	250	*	*	*	*	*	532163	*
H	32614	290	100.0	+	0	0	19D250M21D	315a409b4bb5965d4f9c913cd3e31a52	532163
L	1486	250	*	*	*	*	*	1087878	*
H	1486	290	100.0	+	0	0	19D250M21D	4674a4aec1f2268d7a4a7e8a8d74b8db	1087878
L	55967	250	*	*	*	*	*	308167	*
H	55967	290	100.0	+	0	0	19D250M21D	6e6bee95e7e85086dc8f00ea86856791	308167
L	166988	250	*	*	*	*	*	4326794	*
H	166988	290	92.4	+	0	0	19D250M21D	961bab1c439894824faa29a3bf115c01	4326794
N	*	290	*	*	*	*	*	fd98ceb8b5882e0d851d3e22b770feba	*
N	*	290	*	*	*	*	*	8a727c6d4c5000d4fe9c22856fb58af4	*
N	*	290	*	*	*	*	*	ab1dfa17c26ceba613d095b043f89019	*
L	130311	250	*	*	*	*	*	846373	*
H	130311	290	100.0	+	0	0	19D250M21D	37cb53014ddb16f30d77c1430fde3e48	846373
L	140347	250	*	*	*	*	*	3115845	*
H	140347	290	100.0	+	0	0	19D250M21D	c51bd45ffcaf158ab2d3dcf0167d8441	3115845
L	171709	250	*	*	*	*	*	4350748	*
H	171709	290	100.0	+	0	0	19D250M21D	2c60d9fa61803b4db005315557e6d7e6	4350748
N	*	290	*	*	*	*	*	71d7adcc2b588d9ff0349d260a84945e	*
H	130528	290	100.0	+	0	0	19D250M21D	d1257b212e86bdd4460412667375d5f3	1039981
N	*	290	*	*	*	*	*	6976ccc99cba0fb35e92acc665ac20d7	*
L	191426	250	*	*	*	*	*	4451252	*
H	191426	290	100.0	+	0	0	19D250M21D	cd77cc56b44dee2d56267611251ee76b	4451252
N	*	290	*	*	*	*	*	07c877f61c8737aa7aa9cb224fef1790	*
N	*	290	*	*	*	*	*	cbf7034fd55a610824029244298dd7a7	*
H	1169	290	100.0	+	0	0	19D250M21D	a3ca97f2f68ccd954833e05d9d542a00	1099610
L	194818	250	*	*	*	*	*	4468411	*
H	194818	290	100.0	+	0	0	19D250M21D	242aed9a11820da685950073e31ea362	4468411
N	*	290	*	*	*	*	*	86f4d5e26468217f63d57fba202cb1cc	*
N	*	290	*	*	*	*	*	4248811719768c8b44e0975a1cfe877f	*
H	166988	290	100.0	+	0	0	19D250M21D	aaca58e163ccfb87f911018c703017e5	4326794
L	160798	250	*	*	*	*	*	4297400	*
H	160798	290	100.0	+	0	0	19D250M21D	da719796c586f4cb1bd3b2657ba23dc7	4297400
N	*	290	*	*	*	*	*	c0c25509ed9e26be37d1fdae01908885	*
N	*	290	*	*	*	*	*	f90ba566ddadf6477bd09b54ebaa3795	*
H	4469	290	100.0	+	0	0	19D250M21D	98f0735be78a7c8a0be7a2792d13fbf2	975413
N	*	290	*	*	*	*	*	5ab2239c69756cfddcd9e6dab5746c6d	*
N	*	290	*	*	*	*	*	6ea5cc7e8055f3299e346dfcc61a82a9	*
L	162600	250	*	*	*	*	*	4305995	*
H	162600	290	99.6	+	0	0	19D243MI6M22D	2d9ba59c32f772ca0ce90be150cfd8ff	4305995
L	98951	250	*	*	*	*	*	128604	*
H	98951	290	100.0	+	0	0	19D250M21D	c388e4dd78bf69c2b836c8030d02742c	128604
N	*	290	*	*	*	*	*	b84ba0d75ed0bfab6ea5e90ce5925178	*
H	130528	290	100.0	+	0	0	19D250M21D	dec6b426ede6c33b5b2f490a90444483	1039981
N	*	290	*	*	*	*	*	534414e10ee034ae398c581fecea445a	*
L	7953	250	*	*	*	*	*	845043	*
H	7953	290	100.0	+	0	0	19D250M21D	e043e5b49518ec80fc27c13b5101c573	845043
H	76514	290	100.0	+	0	0	19D250M21D	7cbbe580f662a284a48b8486fa8d9d1a	222902
D	1169	3	*	*	*	*	100.0	1099610	*
D	1486	2	*	*	*	*	100.0	1087878	*
D	4469	3	*	*	*	*	100.0	975413	*
D	7229	2	*	*	*	*	100.0	869385	*
D	7953	2	*	*	*	*	100.0	845043	*
D	32614	2	*	*	*	*	100.0	532163	*
D	40079	2	*	*	*	*	92.0	421164	*
D	55967	2	*	*	*	*	100.0	308167	*
D	76514	3	*	*	*	*	100.0	222902	*
D	98951	2	*	*	*	*	100.0	128604	*
D	130311	2	*	*	*	*	100.0	846373	*
D	130528	4	*	*	*	*	100.0	1039981	*
D	134627	2	*	*	*	*	100.0	1004236	*
D	140347	2	*	*	*	*	100.0	3115845	*
D	141532	2	*	*	*	*	99.6	1059977	*
D	144213	2	*	*	*	*	100.0	1137456	*
D	144915	2	*	*	*	*	95.6	3385021	*
D	156267	2	*	*	*	*	100.0	4063709	*
D	156425	2	*	*	*	*	100.0	4073858	*
D	160798	2	*	*	*	*	100.0	4297400	*
D	162600	2	*	*	*	*	99.6	4305995	*
D	163538	2	*	*	*	*	100.0	4310109	*
D	166988	3	*	*	*	*	96.2	4326794	*
D	169931	3	*	*	*	*	100.0	4341595	*
D	171709	2	*	*	*	*	100.0	4350748	*
D	191426	2	*	*	*	*	100.0	4451252	*
D	194818	2	*	*	*	*	100.0	4468411	*
