UclustConsensusTaxonAssigner parameters:
id_to_taxonomy_filepath:/home/nbokulic/ref_seq_dbs/UNITE/unite_rep_set_97-rdp-taxonomy.txt
id_to_taxonomy_fp:/home/nbokulic/ref_seq_dbs/UNITE/unite_rep_set_97-rdp-taxonomy.txt
max_accepts:10
min_consensus_fraction:1.0
reference_sequences_fp:/home/nbokulic/ref_seq_dbs/UNITE/align/rep_set_uclust_ref_97.fasta
similarity:0.8
unassignable_label:Unassigned
Result path: "/scratch/assign-tax7SOeG4qgu1p4iBVTfncg.txt"

.uc file contents:

# uclust --input /home/nbokulic/bewolf/psrotot/RDBW_unite/rep_set.fna --id 0.8 --rev --maxaccepts 10 --allhits --libonly --lib /home/nbokulic/ref_seq_dbs/UNITE/align/rep_set_uclust_ref_97.fasta --uc /scratch/UclustConsensusTaxonAssigner_HVu49r.uc
# version=1.2.22
# Tab-separated fields:
# 1=Type, 2=ClusterNr, 3=SeqLength or ClusterSize, 4=PctId, 5=Strand, 6=QueryStart, 7=SeedStart, 8=Alignment, 9=QueryLabel, 10=TargetLabel
# Record types (field 1): L=LibSeed, S=NewSeed, H=Hit, R=Reject, D=LibCluster, C=NewCluster, N=NoHit
# For C and D types, PctId is average id with seed.
# QueryStart and SeedStart are zero-based relative to start of sequence.
# If minus strand, SeedStart is relative to reverse-complemented seed.
L	6721	555	*	*	*	*	*	HM216212	*
H	6721	101	97.0	+	0	0	7I82M2D17M449I	AB250409 Mock.1_5	HM216212
L	27106	558	*	*	*	*	*	HQ897787	*
H	27106	101	94.1	+	0	0	5D96M462I	AB250409 Mock.1_5	HQ897787
L	20446	1991	*	*	*	*	*	EF397557	*
H	20446	101	98.0	+	0	0	1744I85MD15M147I	AB250409 Mock.1_5	EF397557
L	2386	997	*	*	*	*	*	FJ892747	*
H	2386	101	97.0	+	0	0	259I83MD17M638I	AB250409 Mock.1_5	FJ892747
L	25126	583	*	*	*	*	*	FJ904916	*
H	25126	101	98.0	+	0	0	22I85MD15M461I	AB250409 Mock.1_5	FJ904916
L	14672	2196	*	*	*	*	*	AB245442	*
H	14672	101	98.0	+	0	0	1706I85MD15M390I	AB250409 Mock.1_5	AB245442
L	10671	506	*	*	*	*	*	GU062255	*
H	10671	101	97.0	+	0	0	23I85M2D14M384I	AB250409 Mock.1_5	GU062255
L	22234	1138	*	*	*	*	*	EU926221	*
H	22234	101	92.1	+	0	0	7D94M1044I	AB250409 Mock.1_5	EU926221
L	8179	588	*	*	*	*	*	HQ608055	*
H	8179	101	95.0	+	0	0	8I85M2D14M481I	AB250409 Mock.1_5	HQ608055
L	19274	510	*	*	*	*	*	DQ247776	*
H	19274	101	97.0	+	0	0	17I85M2D14M394I	AB250409 Mock.1_5	DQ247776
H	6721	101	98.0	+	0	0	7I82M2D17M449I	AF281178 Mock.2_19155	HM216212
H	2386	101	97.0	+	0	0	259I82MD18M638I	AF281178 Mock.2_19155	FJ892747
H	20446	101	98.0	+	0	0	1744I85MD15M147I	AF281178 Mock.2_19155	EF397557
H	25126	101	98.0	+	0	0	22I85MD15M461I	AF281178 Mock.2_19155	FJ904916
H	14672	101	98.0	+	0	0	1706I85MD15M390I	AF281178 Mock.2_19155	AB245442
H	19274	101	97.0	+	0	0	17I82M2D17M394I	AF281178 Mock.2_19155	DQ247776
L	14432	528	*	*	*	*	*	GU062251	*
H	14432	101	97.0	+	0	0	23I82M2D17M406I	AF281178 Mock.2_19155	GU062251
H	10671	101	97.0	+	0	0	23I82M2D17M384I	AF281178 Mock.2_19155	GU062255
H	8179	101	96.0	+	0	0	8I85M2D14M481I	AF281178 Mock.2_19155	HQ608055
L	194	569	*	*	*	*	*	FJ478136	*
H	194	101	95.0	+	0	0	9I85M2D14M461I	AF281178 Mock.2_19155	FJ478136
L	22967	561	*	*	*	*	*	FJ624262	*
H	22967	91	95.6	+	0	0	23I91M447I	AJ309341 Mock.1_29083	FJ624262
L	22231	589	*	*	*	*	*	FJ582636	*
H	22231	91	95.6	+	0	0	10I91M488I	AJ309341 Mock.1_29083	FJ582636
H	20446	91	94.5	+	0	0	1744I91M156I	AJ309341 Mock.1_29083	EF397557
H	25126	91	94.5	+	0	0	22I91M470I	AJ309341 Mock.1_29083	FJ904916
H	14672	91	94.5	+	0	0	1706I91M399I	AJ309341 Mock.1_29083	AB245442
H	27106	91	93.4	+	0	0	5D86M472I	AJ309341 Mock.1_29083	HQ897787
L	22965	561	*	*	*	*	*	FJ624268	*
H	22965	91	96.7	+	0	0	25I85M2D4M447I	AJ309341 Mock.1_29083	FJ624268
L	3349	603	*	*	*	*	*	FN868469	*
H	3349	91	96.7	+	0	0	22I85M2D4M492I	AJ309341 Mock.1_29083	FN868469
L	3232	542	*	*	*	*	*	EF687948	*
H	3232	91	92.3	+	0	0	10I91M441I	AJ309341 Mock.1_29083	EF687948
H	19274	91	96.7	+	0	0	17I85M2D4M404I	AJ309341 Mock.1_29083	DQ247776
L	21482	573	*	*	*	*	*	EU551202	*
H	21482	97	99.0	+	0	0	9I97M467I	AM901674 Mock.2_4233	EU551202
L	4539	617	*	*	*	*	*	DQ132818	*
H	4539	97	97.9	+	0	0	61I97M459I	AM901674 Mock.2_4233	DQ132818
L	19237	631	*	*	*	*	*	GQ120969	*
H	19237	97	95.9	+	0	0	24I97M510I	AM901674 Mock.2_4233	GQ120969
L	7271	631	*	*	*	*	*	GQ120993	*
H	7271	97	95.9	+	0	0	24I97M510I	AM901674 Mock.2_4233	GQ120993
L	22593	716	*	*	*	*	*	FN548146	*
H	22593	97	95.9	+	0	0	111I97M508I	AM901674 Mock.2_4233	FN548146
L	25514	738	*	*	*	*	*	AM901674	*
H	25514	97	99.0	+	0	0	167I90MI7M473I	AM901674 Mock.2_4233	AM901674
L	26872	567	*	*	*	*	*	GU212865	*
H	26872	97	97.9	+	0	0	10I89MI8M459I	AM901674 Mock.2_4233	GU212865
L	9286	626	*	*	*	*	*	JF439501	*
H	9286	97	97.9	+	0	0	22I90M2I7M505I	AM901674 Mock.2_4233	JF439501
L	28006	556	*	*	*	*	*	GU565135	*
H	28006	97	95.9	+	0	0	2D87MI8M460I	AM901674 Mock.2_4233	GU565135
L	7153	530	*	*	*	*	*	HM103378	*
H	7153	97	90.7	+	0	0	4D93M437I	AM901674 Mock.2_4233	HM103378
L	2663	412	*	*	*	*	*	DQ286062	*
H	2663	101	100.0	+	0	0	24I101M287I	DQ286062 Mock.1_7	DQ286062
L	26107	396	*	*	*	*	*	GQ376093	*
H	26107	101	84.2	+	0	0	8I101M287I	DQ286062 Mock.1_7	GQ376093
H	22593	92	97.8	+	0	0	111I92M513I	DQ681335 Mock.1_1328	FN548146
H	19237	92	97.8	+	0	0	24I92M515I	DQ681335 Mock.1_1328	GQ120969
H	7271	92	97.8	+	0	0	24I92M515I	DQ681335 Mock.1_1328	GQ120993
H	4539	92	95.7	+	0	0	61I92M464I	DQ681335 Mock.1_1328	DQ132818
H	21482	92	96.7	+	0	0	9I92M472I	DQ681335 Mock.1_1328	EU551202
L	24337	608	*	*	*	*	*	DQ681321	*
H	24337	92	96.7	+	0	0	10I92M506I	DQ681335 Mock.1_1328	DQ681321
L	24332	538	*	*	*	*	*	JQ946395	*
H	24332	92	96.7	+	0	0	22I92M424I	DQ681335 Mock.1_1328	JQ946395
L	6439	550	*	*	*	*	*	JF819129	*
H	6439	92	96.7	+	0	0	12I92M446I	DQ681335 Mock.1_1328	JF819129
L	8020	538	*	*	*	*	*	GU062288	*
H	8020	92	96.7	+	0	0	12I92M434I	DQ681335 Mock.1_1328	GU062288
L	15655	631	*	*	*	*	*	EU301636	*
H	15655	92	96.7	+	0	0	26I92M513I	DQ681335 Mock.1_1328	EU301636
H	4539	94	98.9	+	0	0	61I94M462I	EU551202 Mock.2_9983	DQ132818
H	21482	94	100.0	+	0	0	9I94M470I	EU551202 Mock.2_9983	EU551202
H	7271	94	97.9	+	0	0	24I94M513I	EU551202 Mock.2_9983	GQ120993
H	22593	94	97.9	+	0	0	111I94M511I	EU551202 Mock.2_9983	FN548146
H	19237	94	97.9	+	0	0	24I94M513I	EU551202 Mock.2_9983	GQ120969
H	25514	94	96.8	+	0	0	167I94M477I	EU551202 Mock.2_9983	AM901674
H	26872	94	95.7	+	0	0	10I94M463I	EU551202 Mock.2_9983	GU212865
H	9286	94	98.9	+	0	0	22I90M2I4M508I	EU551202 Mock.2_9983	JF439501
H	28006	94	93.6	+	0	0	2D92M464I	EU551202 Mock.2_9983	GU565135
L	6174	569	*	*	*	*	*	GQ241286	*
H	6174	94	92.6	+	0	0	3D91M478I	EU551202 Mock.2_9983	GQ241286
L	3195	472	*	*	*	*	*	EU714323	*
H	3195	101	100.0	+	0	0	8I101M363I	EU714323 Mock.2_4	EU714323
L	4706	2050	*	*	*	*	*	U66436	*
H	4706	101	80.2	+	0	0	5I55M12I5M20I32M7I9M1905I	EU714323 Mock.2_4	U66436
L	5730	425	*	*	*	*	*	GU126456	*
H	5730	101	80.2	+	0	0	8I101M316I	EU714323 Mock.2_4	GU126456
L	2507	617	*	*	*	*	*	EU821474	*
H	2507	101	98.0	+	0	0	11I101M505I	EU821474 Mock.1_128	EU821474
L	15232	1202	*	*	*	*	*	AB627114	*
H	15232	101	85.1	+	0	0	14D81MI6M1114I	EU821474 Mock.1_128	AB627114
L	20373	677	*	*	*	*	*	EF190279	*
H	20373	101	84.2	+	0	0	25I50M3I33M7I18M541I	EU821474 Mock.1_128	EF190279
L	13030	598	*	*	*	*	*	EU551193	*
H	13030	101	86.1	+	0	0	10I49MD40M3D8M491I	EU821474 Mock.1_128	EU551193
L	17852	559	*	*	*	*	*	AB489089	*
H	17852	101	86.1	+	0	0	8I49MD40M3D8M454I	EU821474 Mock.1_128	AB489089
L	17851	697	*	*	*	*	*	AY228111	*
H	17851	101	86.1	+	0	0	128I49MD40M3D8M472I	EU821474 Mock.1_128	AY228111
L	7216	714	*	*	*	*	*	AY228112	*
H	7216	101	86.1	+	0	0	127I49MD33M5I18M482I	EU821474 Mock.1_128	AY228112
L	26582	614	*	*	*	*	*	HQ631011	*
H	26582	101	84.2	+	0	0	23I57M7I28M13I16M470I	EU821474 Mock.1_128	HQ631011
L	19365	1091	*	*	*	*	*	DQ318208	*
H	19365	101	93.1	+	0	0	271I89M2D10M721I	EU821474 Mock.1_128	DQ318208
L	15477	1485	*	*	*	*	*	AF081476	*
H	15477	101	83.2	+	0	0	315I56M2I27M6I18M1061I	EU821474 Mock.1_128	AF081476
H	4539	101	98.0	+	0	0	61I101M455I	EU833211 Mock.3_2	DQ132818
H	21482	101	99.0	+	0	0	9I101M463I	EU833211 Mock.3_2	EU551202
H	19237	101	99.0	+	0	0	24I91MI10M505I	EU833211 Mock.3_2	GQ120969
H	22593	101	99.0	+	0	0	111I91MI10M503I	EU833211 Mock.3_2	FN548146
H	7271	101	99.0	+	0	0	24I91MI10M505I	EU833211 Mock.3_2	GQ120993
H	25514	101	99.0	+	0	0	167I90MI11M469I	EU833211 Mock.3_2	AM901674
H	26872	101	98.0	+	0	0	10I89MI12M455I	EU833211 Mock.3_2	GU212865
H	9286	101	98.0	+	0	0	22I90M2I11M501I	EU833211 Mock.3_2	JF439501
H	28006	101	96.0	+	0	0	2D87MI12M456I	EU833211 Mock.3_2	GU565135
H	7153	101	94.1	+	0	0	4D87MI10M432I	EU833211 Mock.3_2	HM103378
L	3590	578	*	*	*	*	*	FJ196614	*
H	3590	83	100.0	+	0	0	9I65MI18M485I	FJ196614 Mock.2_39189	FJ196614
L	8751	1585	*	*	*	*	*	HM534896	*
H	8751	83	98.8	+	0	0	123I83M1379I	FJ196614 Mock.2_39189	HM534896
L	8753	1531	*	*	*	*	*	HM534893	*
H	8753	83	98.8	+	0	0	105I83M1343I	FJ196614 Mock.2_39189	HM534893
L	28128	584	*	*	*	*	*	JN681281	*
H	28128	83	97.6	+	0	0	25I83M476I	FJ196614 Mock.2_39189	JN681281
H	6721	83	98.8	+	0	0	7I83M465I	FJ196614 Mock.2_39189	HM216212
H	19274	83	98.8	+	0	0	17I83M410I	FJ196614 Mock.2_39189	DQ247776
H	14432	83	98.8	+	0	0	23I83M422I	FJ196614 Mock.2_39189	GU062251
H	22231	83	98.8	+	0	0	10I83M496I	FJ196614 Mock.2_39189	FJ582636
H	3232	83	98.8	+	0	0	10I83M449I	FJ196614 Mock.2_39189	EF687948
L	540	562	*	*	*	*	*	DQ885387	*
H	540	83	98.8	+	0	0	9I83M470I	FJ196614 Mock.2_39189	DQ885387
H	194	77	98.7	+	0	0	9I77M483I	FJ210573 Mock.1_15840	FJ478136
H	10671	77	98.7	+	0	0	23I77M406I	FJ210573 Mock.1_15840	GU062255
L	11018	326	*	*	*	*	*	JN019381	*
H	11018	77	98.7	+	0	0	10I51M2I26M237I	FJ210573 Mock.1_15840	JN019381
L	14114	565	*	*	*	*	*	GU132456	*
H	14114	77	98.7	+	0	0	13I77M475I	FJ210573 Mock.1_15840	GU132456
L	11135	526	*	*	*	*	*	EF601622	*
H	11135	77	98.7	+	0	0	10I77M439I	FJ210573 Mock.1_15840	EF601622
L	27143	1559	*	*	*	*	*	JF440985	*
H	27143	77	98.7	+	0	0	123I77M1359I	FJ210573 Mock.1_15840	JF440985
H	8179	77	98.7	+	0	0	8I77M503I	FJ210573 Mock.1_15840	HQ608055
H	8753	77	98.7	+	0	0	105I77M1349I	FJ210573 Mock.1_15840	HM534893
H	8751	77	98.7	+	0	0	123I77M1385I	FJ210573 Mock.1_15840	HM534896
H	22231	77	98.7	+	0	0	10I77M502I	FJ210573 Mock.1_15840	FJ582636
L	4557	468	*	*	*	*	*	FJ210632	*
H	4557	84	96.4	+	0	0	19I84M365I	FJ582636 Mock.2_15608	FJ210632
L	19102	567	*	*	*	*	*	FJ481036	*
H	19102	84	96.4	+	0	0	8I84M475I	FJ582636 Mock.2_15608	FJ481036
H	28128	84	97.6	+	0	0	25I84M475I	FJ582636 Mock.2_15608	JN681281
L	4558	473	*	*	*	*	*	FJ210606	*
H	4558	84	97.6	+	0	0	17I84M372I	FJ582636 Mock.2_15608	FJ210606
H	6721	84	98.8	+	0	0	7I84M464I	FJ582636 Mock.2_15608	HM216212
H	14432	84	98.8	+	0	0	23I84M421I	FJ582636 Mock.2_15608	GU062251
H	8751	84	97.6	+	0	0	123I84M1378I	FJ582636 Mock.2_15608	HM534896
L	3212	548	*	*	*	*	*	FJ210605	*
H	3212	84	97.6	+	0	0	22I84M442I	FJ582636 Mock.2_15608	FJ210605
L	22473	537	*	*	*	*	*	FJ205457	*
H	22473	84	96.4	+	0	0	22I84M431I	FJ582636 Mock.2_15608	FJ205457
H	8753	84	97.6	+	0	0	105I84M1342I	FJ582636 Mock.2_15608	HM534893
H	22231	87	100.0	+	0	0	10I87M492I	FJ624262 Mock.3_1560	FJ582636
H	22967	87	100.0	+	0	0	23I87M451I	FJ624262 Mock.3_1560	FJ624262
H	25126	87	98.9	+	0	0	22I87M474I	FJ624262 Mock.3_1560	FJ904916
H	20446	87	98.9	+	0	0	1744I87M160I	FJ624262 Mock.3_1560	EF397557
H	14672	87	98.9	+	0	0	1706I87M403I	FJ624262 Mock.3_1560	AB245442
H	3232	87	97.7	+	0	0	10I87M445I	FJ624262 Mock.3_1560	EF687948
H	14432	87	97.7	+	0	0	23I87M418I	FJ624262 Mock.3_1560	GU062251
H	22965	87	97.7	+	0	0	25I87M449I	FJ624262 Mock.3_1560	FJ624268
H	10671	87	97.7	+	0	0	23I87M396I	FJ624262 Mock.3_1560	GU062255
H	19274	87	97.7	+	0	0	17I87M406I	FJ624262 Mock.3_1560	DQ247776
L	25840	593	*	*	*	*	*	FJ878626	*
H	25840	101	100.0	+	0	0	8I101M484I	FJ878626 Mock.3_2031	FJ878626
L	1907	567	*	*	*	*	*	FJ556909	*
H	1907	101	99.0	+	0	0	18I101M448I	FJ878626 Mock.3_2031	FJ556909
L	8521	536	*	*	*	*	*	FJ537092	*
H	8521	101	95.0	+	0	0	2D15MI84M436I	FJ878626 Mock.3_2031	FJ537092
L	17171	592	*	*	*	*	*	FJ878648	*
H	17171	101	98.0	+	0	0	8I101M483I	FJ878626 Mock.3_2031	FJ878648
L	23951	578	*	*	*	*	*	FR799494	*
H	23951	101	98.0	+	0	0	24I101M453I	FJ878626 Mock.3_2031	FR799494
L	28127	593	*	*	*	*	*	FJ878644	*
H	28127	101	98.0	+	0	0	8I101M484I	FJ878626 Mock.3_2031	FJ878644
L	26912	563	*	*	*	*	*	FJ196620	*
H	26912	101	95.0	+	0	0	10I101M452I	FJ878626 Mock.3_2031	FJ196620
L	23173	556	*	*	*	*	*	FJ791144	*
H	23173	101	93.1	+	0	0	D100M456I	FJ878626 Mock.3_2031	FJ791144
L	14677	632	*	*	*	*	*	AB248964	*
H	14677	101	93.1	+	0	0	11I62M2I39M518I	FJ878626 Mock.3_2031	AB248964
L	17169	547	*	*	*	*	*	AJ874119	*
H	17169	101	92.1	+	0	0	I28MD23M2D10M2D35M450I	FJ878626 Mock.3_2031	AJ874119
H	22967	83	100.0	+	0	0	23I83M455I	FJ903339 Mock.3_15095	FJ624262
L	22488	539	*	*	*	*	*	FJ210600	*
H	22488	83	100.0	+	0	0	21I83M435I	FJ903339 Mock.3_15095	FJ210600
H	6721	83	100.0	+	0	0	7I83M465I	FJ903339 Mock.3_15095	HM216212
H	22965	83	100.0	+	0	0	25I83M453I	FJ903339 Mock.3_15095	FJ624268
L	22486	514	*	*	*	*	*	FJ210562	*
H	22486	83	100.0	+	0	0	26I83M405I	FJ903339 Mock.3_15095	FJ210562
H	3349	83	100.0	+	0	0	22I83M498I	FJ903339 Mock.3_15095	FN868469
H	540	83	100.0	+	0	0	9I83M470I	FJ903339 Mock.3_15095	DQ885387
L	541	586	*	*	*	*	*	DQ885388	*
H	541	83	100.0	+	0	0	10I83M493I	FJ903339 Mock.3_15095	DQ885388
H	19274	83	100.0	+	0	0	17I83M410I	FJ903339 Mock.3_15095	DQ247776
H	3232	83	100.0	+	0	0	10I83M449I	FJ903339 Mock.3_15095	EF687948
H	27106	101	95.0	+	0	0	5D96M462I	FJ904916 Mock.2_11	HQ897787
H	20446	101	99.0	+	0	0	1744I86MD14M147I	FJ904916 Mock.2_11	EF397557
H	14672	101	99.0	+	0	0	1706I86MD14M390I	FJ904916 Mock.2_11	AB245442
H	22234	101	93.1	+	0	0	7D94M1044I	FJ904916 Mock.2_11	EU926221
H	6721	101	98.0	+	0	0	7I84M2D15M449I	FJ904916 Mock.2_11	HM216212
H	25126	101	99.0	+	0	0	22I86MD14M461I	FJ904916 Mock.2_11	FJ904916
H	19274	101	98.0	+	0	0	17I85M2D14M394I	FJ904916 Mock.2_11	DQ247776
H	10671	101	98.0	+	0	0	23I85M2D14M384I	FJ904916 Mock.2_11	GU062255
H	14432	101	98.0	+	0	0	23I85M2D14M406I	FJ904916 Mock.2_11	GU062251
L	5665	1148	*	*	*	*	*	GQ505458	*
H	5665	101	96.0	+	0	0	3D83MD14M1051I	FJ904916 Mock.2_11	GQ505458
L	1982	610	*	*	*	*	*	EU833211	*
H	1982	101	99.0	+	0	0	8I32MI69M500I	FN548146 Mock.2_10300	EU833211
H	22593	101	99.0	+	0	0	111I101M504I	FN548146 Mock.2_10300	FN548146
H	19237	101	99.0	+	0	0	24I101M506I	FN548146 Mock.2_10300	GQ120969
H	7271	101	99.0	+	0	0	24I101M506I	FN548146 Mock.2_10300	GQ120993
H	21482	101	98.0	+	0	0	9I91MD9M464I	FN548146 Mock.2_10300	EU551202
H	4539	101	97.0	+	0	0	61I91MD9M456I	FN548146 Mock.2_10300	DQ132818
H	7153	101	94.1	+	0	0	4D97M433I	FN548146 Mock.2_10300	HM103378
H	25514	101	98.0	+	0	0	167I101M470I	FN548146 Mock.2_10300	AM901674
H	26872	101	97.0	+	0	0	10I101M456I	FN548146 Mock.2_10300	GU212865
H	9286	101	97.0	+	0	0	22I88MI13M502I	FN548146 Mock.2_10300	JF439501
L	18019	743	*	*	*	*	*	GQ376079	*
H	18019	101	100.0	+	0	0	8I101M634I	GQ376079 Mock.2_8	GQ376079
L	26606	440	*	*	*	*	*	AF422939	*
H	26606	101	86.1	+	0	0	14D87M353I	GQ376079 Mock.2_8	AF422939
L	8016	309	*	*	*	*	*	AY139785	*
H	8016	101	81.2	+	0	0	16D64MI21M223I	GQ376079 Mock.2_8	AY139785
L	9394	2455	*	*	*	*	*	AY325966	*
H	9394	101	82.2	+	0	0	1750I72M8I8M13I21M583I	GQ376079 Mock.2_8	AY325966
L	669	416	*	*	*	*	*	EF197948	*
H	669	101	97.0	+	0	0	3D98M318I	GQ376083 Mock.1_0	EF197948
L	24610	424	*	*	*	*	*	GQ376083	*
H	24610	101	100.0	+	0	0	4I43MI58M318I	GQ376083 Mock.1_0	GQ376083
L	165	586	*	*	*	*	*	DQ680681	*
H	165	101	95.0	+	0	0	227I101M258I	GQ376093 Mock.1_40	DQ680681
H	26107	101	97.0	+	0	0	8I101M287I	GQ376093 Mock.1_40	GQ376093
L	8643	232	*	*	*	*	*	FJ499461	*
H	8643	101	82.2	+	0	0	15D86M146I	GQ376093 Mock.1_40	FJ499461
L	19864	605	*	*	*	*	*	DQ683112	*
H	19864	101	90.1	+	0	0	245I101M259I	GQ376093 Mock.1_40	DQ683112
L	5443	2864	*	*	*	*	*	GQ458034	*
H	5443	101	80.2	+	0	0	12D56MI33M2774I	GQ376093 Mock.1_40	GQ458034
L	7516	387	*	*	*	*	*	AF015250	*
H	7516	101	93.1	+	0	0	11I77MI12MD11M275I	GQ376093 Mock.1_40	AF015250
L	12511	354	*	*	*	*	*	DQ681363	*
H	12511	101	81.2	+	0	0	14D87M267I	GQ376093 Mock.1_40	DQ681363
H	2663	101	83.2	+	0	0	24I101M287I	GQ376093 Mock.1_40	DQ286062
L	13416	529	*	*	*	*	*	FJ501265	*
H	13416	101	80.2	+	0	0	106I50M9I8M22I43M291I	GQ376093 Mock.1_40	FJ501265
L	28129	2961	*	*	*	*	*	GQ458041	*
H	28129	101	100.0	+	0	0	1712I101M1148I	GQ458041 Mock.2_30	GQ458041
L	25215	460	*	*	*	*	*	FJ861384	*
H	25215	101	100.0	+	0	0	18I101M341I	GQ458041 Mock.2_30	FJ861384
L	163	621	*	*	*	*	*	DQ667978	*
H	163	101	92.1	+	0	0	4D97M524I	GQ458041 Mock.2_30	DQ667978
L	160	660	*	*	*	*	*	EF192226	*
H	160	101	96.0	+	0	0	15I101M544I	GQ458041 Mock.2_30	EF192226
L	14428	653	*	*	*	*	*	AB513338	*
H	14428	101	99.0	+	0	0	9I101M543I	GQ458041 Mock.2_30	AB513338
L	22480	624	*	*	*	*	*	FJ210528	*
H	22480	101	94.1	+	0	0	16I58MD22MD19M509I	GQ458041 Mock.2_30	FJ210528
L	2479	634	*	*	*	*	*	EU343829	*
H	2479	101	90.1	+	0	0	9D92M542I	GQ458041 Mock.2_30	EU343829
L	17493	600	*	*	*	*	*	FJ210531	*
H	17493	101	97.0	+	0	0	25I58MD22MD19M476I	GQ458041 Mock.2_30	FJ210531
L	3592	589	*	*	*	*	*	FJ196619	*
H	3592	101	97.0	+	0	0	9I58MD22MD19M481I	GQ458041 Mock.2_30	FJ196619
L	23540	627	*	*	*	*	*	FM179646	*
H	23540	101	87.1	+	0	0	12D89M538I	GQ458041 Mock.2_30	FM179646
H	22967	92	95.7	+	0	0	23I92M446I	GU062214 Mock.1_841	FJ624262
H	27106	92	94.6	+	0	0	5D87M471I	GU062214 Mock.1_841	HQ897787
H	22231	92	95.7	+	0	0	10I92M487I	GU062214 Mock.1_841	FJ582636
H	25126	92	98.9	+	0	0	22I86MD5M470I	GU062214 Mock.1_841	FJ904916
H	14672	92	98.9	+	0	0	1706I86MD5M399I	GU062214 Mock.1_841	AB245442
H	20446	92	98.9	+	0	0	1744I86MD5M156I	GU062214 Mock.1_841	EF397557
H	22965	92	97.8	+	0	0	25I85M2D5M446I	GU062214 Mock.1_841	FJ624268
H	19274	92	97.8	+	0	0	17I85M2D5M403I	GU062214 Mock.1_841	DQ247776
H	22234	92	92.4	+	0	0	7D85M1053I	GU062214 Mock.1_841	EU926221
H	14432	92	97.8	+	0	0	23I85M2D5M415I	GU062214 Mock.1_841	GU062251
H	8753	83	98.8	+	0	0	105I83M1343I	GU062251 Mock.1_28622	HM534893
H	27143	83	98.8	+	0	0	123I83M1353I	GU062251 Mock.1_28622	JF440985
H	8751	83	98.8	+	0	0	123I83M1379I	GU062251 Mock.1_28622	HM534896
H	3232	83	98.8	+	0	0	10I83M449I	GU062251 Mock.1_28622	EF687948
H	25126	83	98.8	+	0	0	22I83M478I	GU062251 Mock.1_28622	FJ904916
H	20446	83	98.8	+	0	0	1744I83M164I	GU062251 Mock.1_28622	EF397557
H	2386	83	98.8	+	0	0	259I83M655I	GU062251 Mock.1_28622	FJ892747
H	19274	83	98.8	+	0	0	17I83M410I	GU062251 Mock.1_28622	DQ247776
H	22231	83	98.8	+	0	0	10I83M496I	GU062251 Mock.1_28622	FJ582636
L	13617	484	*	*	*	*	*	FJ903339	*
H	13617	83	98.8	+	0	0	23I83M378I	GU062251 Mock.1_28622	FJ903339
H	10671	84	100.0	+	0	0	23I84M399I	GU062255 Mock.1_8251	GU062255
H	22231	84	100.0	+	0	0	10I84M495I	GU062255 Mock.1_8251	FJ582636
H	14432	84	100.0	+	0	0	23I84M421I	GU062255 Mock.1_8251	GU062251
H	20446	84	100.0	+	0	0	1744I84M163I	GU062255 Mock.1_8251	EF397557
H	6721	84	100.0	+	0	0	7I84M464I	GU062255 Mock.1_8251	HM216212
H	14672	84	100.0	+	0	0	1706I84M406I	GU062255 Mock.1_8251	AB245442
H	25126	84	100.0	+	0	0	22I84M477I	GU062255 Mock.1_8251	FJ904916
H	19274	84	100.0	+	0	0	17I84M409I	GU062255 Mock.1_8251	DQ247776
H	3349	84	100.0	+	0	0	22I84M497I	GU062255 Mock.1_8251	FN868469
H	3232	84	100.0	+	0	0	10I84M448I	GU062255 Mock.1_8251	EF687948
L	12492	546	*	*	*	*	*	FJ210573	*
H	12492	82	100.0	+	0	0	19I82M445I	GU132456 Mock.2_32520	FJ210573
H	20446	82	100.0	+	0	0	1744I82M165I	GU132456 Mock.2_32520	EF397557
H	22231	82	100.0	+	0	0	10I82M497I	GU132456 Mock.2_32520	FJ582636
H	10671	82	100.0	+	0	0	23I82M401I	GU132456 Mock.2_32520	GU062255
L	5596	504	*	*	*	*	*	GU062249	*
H	5596	82	100.0	+	0	0	22I82M400I	GU132456 Mock.2_32520	GU062249
H	22473	82	100.0	+	0	0	22I82M433I	GU132456 Mock.2_32520	FJ205457
L	22485	514	*	*	*	*	*	FJ210559	*
H	22485	82	97.6	+	0	0	19I82M413I	GU132456 Mock.2_32520	FJ210559
H	22486	82	100.0	+	0	0	26I82M406I	GU132456 Mock.2_32520	FJ210562
L	22487	519	*	*	*	*	*	FJ210586	*
H	22487	82	100.0	+	0	0	17I82M420I	GU132456 Mock.2_32520	FJ210586
H	22488	82	100.0	+	0	0	21I82M436I	GU132456 Mock.2_32520	FJ210600
H	22967	91	96.7	+	0	0	23I91M447I	JN019381 Mock.1_3366	FJ624262
H	22231	91	96.7	+	0	0	10I91M488I	JN019381 Mock.1_3366	FJ582636
H	14672	91	95.6	+	0	0	1706I91M399I	JN019381 Mock.1_3366	AB245442
H	25126	91	95.6	+	0	0	22I91M470I	JN019381 Mock.1_3366	FJ904916
H	20446	91	95.6	+	0	0	1744I91M156I	JN019381 Mock.1_3366	EF397557
H	27106	91	94.5	+	0	0	5D86M472I	JN019381 Mock.1_3366	HQ897787
H	22965	91	97.8	+	0	0	25I85M2D4M447I	JN019381 Mock.1_3366	FJ624268
H	14432	91	97.8	+	0	0	23I85M2D4M416I	JN019381 Mock.1_3366	GU062251
H	3349	91	97.8	+	0	0	22I85M2D4M492I	JN019381 Mock.1_3366	FN868469
H	10671	91	97.8	+	0	0	23I85M2D4M394I	JN019381 Mock.1_3366	GU062255
N	*	101	*	*	*	*	*	New.ReferenceOTU0 Mock.2_7524	*
H	26107	101	94.1	+	0	0	8I101M287I	New.ReferenceOTU1 Mock.1_27540	GQ376093
H	165	101	90.1	+	0	0	227I101M258I	New.ReferenceOTU1 Mock.1_27540	DQ680681
L	22512	236	*	*	*	*	*	FJ227897	*
H	22512	101	82.2	+	0	0	8D93M143I	New.ReferenceOTU1 Mock.1_27540	FJ227897
H	5443	101	84.2	+	0	0	12D61MI28M2774I	New.ReferenceOTU1 Mock.1_27540	GQ458034
L	13572	304	*	*	*	*	*	FJ499435	*
H	13572	101	82.2	+	0	0	12D10MI79M214I	New.ReferenceOTU1 Mock.1_27540	FJ499435
L	25450	344	*	*	*	*	*	HM037986	*
H	25450	101	83.2	+	0	0	12D9MI80M254I	New.ReferenceOTU1 Mock.1_27540	HM037986
H	2663	101	86.1	+	0	0	24I101M287I	New.ReferenceOTU1 Mock.1_27540	DQ286062
H	2663	101	86.1	+	0	0	24I101M287I	New.ReferenceOTU2 Mock.1_9147	DQ286062
H	19864	101	88.1	+	0	0	245I101M259I	New.ReferenceOTU2 Mock.1_9147	DQ683112
H	19864	101	93.1	+	0	0	245I101M259I	New.ReferenceOTU3 Mock.3_6461	DQ683112
H	12511	101	84.2	+	0	0	14D87M267I	New.ReferenceOTU3 Mock.3_6461	DQ681363
H	26107	101	94.1	+	0	0	8I101M287I	New.ReferenceOTU3 Mock.3_6461	GQ376093
H	2663	101	85.1	+	0	0	24I101M287I	New.ReferenceOTU3 Mock.3_6461	DQ286062
H	165	101	90.1	+	0	0	227I101M258I	New.ReferenceOTU3 Mock.3_6461	DQ680681
L	14881	376	*	*	*	*	*	DQ907937	*
H	14881	101	81.2	+	0	0	14D8MI79M288I	New.ReferenceOTU3 Mock.3_6461	DQ907937
H	19864	101	94.1	+	0	0	245I101M259I	New.ReferenceOTU4 Mock.2_1308	DQ683112
H	12511	101	83.2	+	0	0	14D87M267I	New.ReferenceOTU4 Mock.2_1308	DQ681363
H	14881	101	82.2	+	0	0	14D8MI79M288I	New.ReferenceOTU4 Mock.2_1308	DQ907937
H	26107	101	90.1	+	0	0	8I101M287I	New.ReferenceOTU4 Mock.2_1308	GQ376093
H	2663	101	86.1	+	0	0	24I101M287I	New.ReferenceOTU4 Mock.2_1308	DQ286062
H	165	101	88.1	+	0	0	227I101M258I	New.ReferenceOTU4 Mock.2_1308	DQ680681
L	14810	510	*	*	*	*	*	FJ515204	*
H	14810	101	84.2	+	0	0	16D85M425I	New.ReferenceOTU5 Mock.1_6335	FJ515204
L	717	488	*	*	*	*	*	EF203939	*
H	717	101	81.2	+	0	0	12D89M399I	New.ReferenceOTU5 Mock.1_6335	EF203939
L	261	517	*	*	*	*	*	DQ871598	*
H	261	101	94.1	+	0	0	3D98M419I	New.ReferenceOTU5 Mock.1_6335	DQ871598
L	1914	488	*	*	*	*	*	AF455401	*
H	1914	101	88.1	+	0	0	10D91M397I	New.ReferenceOTU5 Mock.1_6335	AF455401
L	716	489	*	*	*	*	*	EF203938	*
H	716	101	81.2	+	0	0	11D90M399I	New.ReferenceOTU5 Mock.1_6335	EF203938
L	2058	517	*	*	*	*	*	FJ697171	*
H	2058	101	80.2	+	0	0	13D7M3I81M426I	New.ReferenceOTU5 Mock.1_6335	FJ697171
L	14038	668	*	*	*	*	*	AM233510	*
H	14038	101	87.1	+	0	0	176I18MI83M390I	New.ReferenceOTU5 Mock.1_6335	AM233510
L	14579	1057	*	*	*	*	*	AB182325	*
H	14579	101	82.2	-	0	0	16D85M972I	New.ReferenceOTU5 Mock.1_6335	AB182325
L	20410	490	*	*	*	*	*	EF203940	*
H	20410	101	80.2	+	0	0	9D17MD74M399I	New.ReferenceOTU5 Mock.1_6335	EF203940
L	17902	573	*	*	*	*	*	AY251639	*
H	17902	101	80.2	+	0	0	439I54M4I47M29I	New.ReferenceOTU5 Mock.1_6335	AY251639
L	23330	1158	*	*	*	*	*	FJ865435	*
H	23330	94	84.0	+	0	0	14D8MI72M1077I	New.ReferenceOTU6 Mock.2_55739	FJ865435
L	25001	564	*	*	*	*	*	EU568909	*
H	25001	94	80.9	+	0	0	16D78M486I	New.ReferenceOTU6 Mock.2_55739	EU568909
H	18019	94	89.4	+	0	0	8I55M33I9MI13M34I17M573I	New.ReferenceOTU6 Mock.2_55739	GQ376079
H	26107	101	96.0	+	0	0	8I101M287I	New.ReferenceOTU7 Mock.3_19464	GQ376093
H	165	101	90.1	+	0	0	227I101M258I	New.ReferenceOTU7 Mock.3_19464	DQ680681
H	8643	101	81.2	+	0	0	15D86M146I	New.ReferenceOTU7 Mock.3_19464	FJ499461
H	5443	101	82.2	+	0	0	12D60MI29M2774I	New.ReferenceOTU7 Mock.3_19464	GQ458034
H	7516	101	88.1	+	0	0	11I101M275I	New.ReferenceOTU7 Mock.3_19464	AF015250
H	22512	101	80.2	+	0	0	8D93M143I	New.ReferenceOTU7 Mock.3_19464	FJ227897
H	13572	101	80.2	+	0	0	12D10MI79M214I	New.ReferenceOTU7 Mock.3_19464	FJ499435
H	2663	101	87.1	+	0	0	24I101M287I	New.ReferenceOTU7 Mock.3_19464	DQ286062
H	22967	91	95.6	+	0	0	23I91M447I	New.CleanUp.ReferenceOTU1 Mock.3_52699	FJ624262
H	22231	91	95.6	+	0	0	10I91M488I	New.CleanUp.ReferenceOTU1 Mock.3_52699	FJ582636
H	14672	91	94.5	+	0	0	1706I91M399I	New.CleanUp.ReferenceOTU1 Mock.3_52699	AB245442
H	20446	91	94.5	+	0	0	1744I91M156I	New.CleanUp.ReferenceOTU1 Mock.3_52699	EF397557
H	25126	91	94.5	+	0	0	22I91M470I	New.CleanUp.ReferenceOTU1 Mock.3_52699	FJ904916
H	22965	91	92.3	+	0	0	25I91M445I	New.CleanUp.ReferenceOTU1 Mock.3_52699	FJ624268
H	3232	91	92.3	+	0	0	10I91M441I	New.CleanUp.ReferenceOTU1 Mock.3_52699	EF687948
H	3349	91	92.3	+	0	0	22I91M490I	New.CleanUp.ReferenceOTU1 Mock.3_52699	FN868469
H	14432	91	92.3	+	0	0	23I91M414I	New.CleanUp.ReferenceOTU1 Mock.3_52699	GU062251
H	10671	91	92.3	+	0	0	23I91M392I	New.CleanUp.ReferenceOTU1 Mock.3_52699	GU062255
H	2507	86	96.5	+	0	0	11I86M520I	New.CleanUp.ReferenceOTU10 Mock.2_55974	EU821474
H	15232	86	82.6	+	0	0	14D72M1130I	New.CleanUp.ReferenceOTU10 Mock.2_55974	AB627114
H	20373	86	87.2	+	0	0	25I50M3I36M563I	New.CleanUp.ReferenceOTU10 Mock.2_55974	EF190279
H	13030	86	90.7	+	0	0	10I49MD36M503I	New.CleanUp.ReferenceOTU10 Mock.2_55974	EU551193
H	7216	86	90.7	+	0	0	127I49MD36M502I	New.CleanUp.ReferenceOTU10 Mock.2_55974	AY228112
H	17852	86	90.7	+	0	0	8I49MD36M466I	New.CleanUp.ReferenceOTU10 Mock.2_55974	AB489089
H	17851	86	90.7	+	0	0	128I49MD36M484I	New.CleanUp.ReferenceOTU10 Mock.2_55974	AY228111
L	23215	628	*	*	*	*	*	FJ810168	*
H	23215	86	89.5	+	0	0	8I57M2I29M532I	New.CleanUp.ReferenceOTU10 Mock.2_55974	FJ810168
H	26582	86	84.9	+	0	0	23I57M7I29M498I	New.CleanUp.ReferenceOTU10 Mock.2_55974	HQ631011
L	20985	618	*	*	*	*	*	GU183172	*
H	20985	86	88.4	+	0	0	8I86M524I	New.CleanUp.ReferenceOTU10 Mock.2_55974	GU183172
H	669	101	93.1	+	0	0	3D98M318I	New.CleanUp.ReferenceOTU105 Mock.1_21242	EF197948
H	24610	101	96.0	+	0	0	4I44MI57M318I	New.CleanUp.ReferenceOTU105 Mock.1_21242	GQ376083
H	25001	101	83.2	+	0	0	16D85M479I	New.CleanUp.ReferenceOTU106 Mock.1_5337	EU568909
L	980	2371	*	*	*	*	*	U10409	*
H	980	101	80.2	+	0	0	1761I46M7I20MI11M5I24M496I	New.CleanUp.ReferenceOTU106 Mock.1_5337	U10409
H	6721	96	95.8	+	0	0	7I82M2D12M454I	New.CleanUp.ReferenceOTU107 Mock.2_69443	HM216212
H	27106	96	92.7	+	0	0	5D91M467I	New.CleanUp.ReferenceOTU107 Mock.2_69443	HQ897787
H	14672	96	96.9	+	0	0	1706I85MD10M395I	New.CleanUp.ReferenceOTU107 Mock.2_69443	AB245442
H	20446	96	96.9	+	0	0	1744I85MD10M152I	New.CleanUp.ReferenceOTU107 Mock.2_69443	EF397557
H	25126	96	96.9	+	0	0	22I85MD10M466I	New.CleanUp.ReferenceOTU107 Mock.2_69443	FJ904916
H	2386	96	95.8	+	0	0	259I83MD12M643I	New.CleanUp.ReferenceOTU107 Mock.2_69443	FJ892747
H	19274	96	95.8	+	0	0	17I85M2D9M399I	New.CleanUp.ReferenceOTU107 Mock.2_69443	DQ247776
H	8179	96	93.8	+	0	0	8I85M2D9M486I	New.CleanUp.ReferenceOTU107 Mock.2_69443	HQ608055
H	10671	96	95.8	+	0	0	23I85M2D9M389I	New.CleanUp.ReferenceOTU107 Mock.2_69443	GU062255
H	14432	96	95.8	+	0	0	23I85M2D9M411I	New.CleanUp.ReferenceOTU107 Mock.2_69443	GU062251
N	*	101	*	*	*	*	*	New.CleanUp.ReferenceOTU11 Mock.2_5394	*
H	22231	91	96.7	+	0	0	10I91M488I	New.CleanUp.ReferenceOTU115 Mock.2_64627	FJ582636
H	22967	91	96.7	+	0	0	23I91M447I	New.CleanUp.ReferenceOTU115 Mock.2_64627	FJ624262
H	14432	91	93.4	+	0	0	23I91M414I	New.CleanUp.ReferenceOTU115 Mock.2_64627	GU062251
H	3349	91	93.4	+	0	0	22I91M490I	New.CleanUp.ReferenceOTU115 Mock.2_64627	FN868469
H	14672	91	95.6	+	0	0	1706I91M399I	New.CleanUp.ReferenceOTU115 Mock.2_64627	AB245442
H	25126	91	95.6	+	0	0	22I91M470I	New.CleanUp.ReferenceOTU115 Mock.2_64627	FJ904916
H	19274	91	93.4	+	0	0	17I91M402I	New.CleanUp.ReferenceOTU115 Mock.2_64627	DQ247776
H	22965	91	93.4	+	0	0	25I91M445I	New.CleanUp.ReferenceOTU115 Mock.2_64627	FJ624268
H	20446	91	95.6	+	0	0	1744I91M156I	New.CleanUp.ReferenceOTU115 Mock.2_64627	EF397557
H	10671	91	93.4	+	0	0	23I91M392I	New.CleanUp.ReferenceOTU115 Mock.2_64627	GU062255
H	22512	101	84.2	+	0	0	8D93M143I	New.CleanUp.ReferenceOTU118 Mock.1_724	FJ227897
H	5443	101	86.1	+	0	0	12D61MI28M2774I	New.CleanUp.ReferenceOTU118 Mock.1_724	GQ458034
H	13572	101	84.2	+	0	0	12D10MI79M214I	New.CleanUp.ReferenceOTU118 Mock.1_724	FJ499435
H	25450	101	85.1	+	0	0	12D9MI80M254I	New.CleanUp.ReferenceOTU118 Mock.1_724	HM037986
H	26107	101	92.1	+	0	0	8I101M287I	New.CleanUp.ReferenceOTU118 Mock.1_724	GQ376093
H	2663	101	86.1	+	0	0	24I101M287I	New.CleanUp.ReferenceOTU118 Mock.1_724	DQ286062
H	165	101	88.1	+	0	0	227I101M258I	New.CleanUp.ReferenceOTU118 Mock.1_724	DQ680681
H	2663	101	81.2	+	0	0	24I101M287I	New.CleanUp.ReferenceOTU120 Mock.1_54066	DQ286062
H	19864	101	89.1	+	0	0	245I101M259I	New.CleanUp.ReferenceOTU120 Mock.1_54066	DQ683112
H	26107	101	90.1	+	0	0	8I101M287I	New.CleanUp.ReferenceOTU120 Mock.1_54066	GQ376093
H	12511	101	80.2	+	0	0	14D87M267I	New.CleanUp.ReferenceOTU120 Mock.1_54066	DQ681363
H	165	101	86.1	+	0	0	227I101M258I	New.CleanUp.ReferenceOTU120 Mock.1_54066	DQ680681
H	26107	91	93.4	+	0	0	8I91M297I	New.CleanUp.ReferenceOTU125 Mock.2_31673	GQ376093
H	165	91	86.8	+	0	0	227I91M268I	New.CleanUp.ReferenceOTU125 Mock.2_31673	DQ680681
H	7516	91	90.1	+	0	0	11I77MI14M284I	New.CleanUp.ReferenceOTU125 Mock.2_31673	AF015250
H	165	89	92.1	+	0	0	227I89M270I	New.CleanUp.ReferenceOTU128 Mock.1_42547	DQ680681
H	26107	89	94.4	+	0	0	8I89M299I	New.CleanUp.ReferenceOTU128 Mock.1_42547	GQ376093
N	*	101	*	*	*	*	*	New.CleanUp.ReferenceOTU129 Mock.2_70021	*
N	*	101	*	*	*	*	*	New.CleanUp.ReferenceOTU133 Mock.1_20046	*
H	165	101	92.1	+	0	0	227I101M258I	New.CleanUp.ReferenceOTU136 Mock.2_13064	DQ680681
H	26107	101	94.1	+	0	0	8I101M287I	New.CleanUp.ReferenceOTU136 Mock.2_13064	GQ376093
H	5443	101	80.2	+	0	0	12D56MI33M2774I	New.CleanUp.ReferenceOTU136 Mock.2_13064	GQ458034
H	2663	101	86.1	+	0	0	24I101M287I	New.CleanUp.ReferenceOTU136 Mock.2_13064	DQ286062
N	*	101	*	*	*	*	*	New.CleanUp.ReferenceOTU142 Mock.2_13237	*
H	22231	91	95.6	+	0	0	10I91M488I	New.CleanUp.ReferenceOTU144 Mock.1_12567	FJ582636
H	14672	91	94.5	+	0	0	1706I91M399I	New.CleanUp.ReferenceOTU144 Mock.1_12567	AB245442
H	22967	91	95.6	+	0	0	23I91M447I	New.CleanUp.ReferenceOTU144 Mock.1_12567	FJ624262
H	20446	91	94.5	+	0	0	1744I91M156I	New.CleanUp.ReferenceOTU144 Mock.1_12567	EF397557
L	15479	1510	*	*	*	*	*	AF081478	*
H	15479	91	93.4	+	0	0	315I68M2I23M1102I	New.CleanUp.ReferenceOTU144 Mock.1_12567	AF081478
L	10184	966	*	*	*	*	*	AF081479	*
H	10184	91	96.7	+	0	0	315I68MI23M559I	New.CleanUp.ReferenceOTU144 Mock.1_12567	AF081479
H	25126	91	94.5	+	0	0	22I91M470I	New.CleanUp.ReferenceOTU144 Mock.1_12567	FJ904916
H	27106	91	93.4	+	0	0	5D86M472I	New.CleanUp.ReferenceOTU144 Mock.1_12567	HQ897787
H	22965	91	96.7	+	0	0	25I85M2D4M447I	New.CleanUp.ReferenceOTU144 Mock.1_12567	FJ624268
H	10671	91	96.7	+	0	0	23I85M2D4M394I	New.CleanUp.ReferenceOTU144 Mock.1_12567	GU062255
H	194	101	92.1	+	0	0	9I85M2D14M461I	New.CleanUp.ReferenceOTU147 Mock.2_64849	FJ478136
H	14114	101	92.1	+	0	0	13I85M2D14M453I	New.CleanUp.ReferenceOTU147 Mock.2_64849	GU132456
H	2386	101	95.0	+	0	0	259I83MD17M638I	New.CleanUp.ReferenceOTU147 Mock.2_64849	FJ892747
H	25126	101	96.0	+	0	0	22I85MD15M461I	New.CleanUp.ReferenceOTU147 Mock.2_64849	FJ904916
H	20446	101	96.0	+	0	0	1744I85MD15M147I	New.CleanUp.ReferenceOTU147 Mock.2_64849	EF397557
H	28128	101	93.1	+	0	0	25I85M2D14M460I	New.CleanUp.ReferenceOTU147 Mock.2_64849	JN681281
L	26927	563	*	*	*	*	*	AY729073	*
H	26927	101	93.1	+	0	0	82MD18M463I	New.CleanUp.ReferenceOTU147 Mock.2_64849	AY729073
H	5596	101	93.1	+	0	0	22I85M2D14M383I	New.CleanUp.ReferenceOTU147 Mock.2_64849	GU062249
H	19274	101	95.0	+	0	0	17I85M2D14M394I	New.CleanUp.ReferenceOTU147 Mock.2_64849	DQ247776
H	3232	101	94.1	+	0	0	10I85M2D14M433I	New.CleanUp.ReferenceOTU147 Mock.2_64849	EF687948
H	2663	101	96.0	+	0	0	24I101M287I	New.CleanUp.ReferenceOTU149 Mock.2_58493	DQ286062
N	*	101	*	*	*	*	*	New.CleanUp.ReferenceOTU150 Mock.2_72741	*
N	*	94	*	*	*	*	*	New.CleanUp.ReferenceOTU153 Mock.3_16011	*
N	*	101	*	*	*	*	*	New.CleanUp.ReferenceOTU157 Mock.2_44184	*
H	165	101	92.1	+	0	0	227I101M258I	New.CleanUp.ReferenceOTU161 Mock.1_39577	DQ680681
H	26107	101	94.1	+	0	0	8I101M287I	New.CleanUp.ReferenceOTU161 Mock.1_39577	GQ376093
H	19864	101	91.1	+	0	0	245I101M259I	New.CleanUp.ReferenceOTU161 Mock.1_39577	DQ683112
H	12511	101	82.2	+	0	0	14D87M267I	New.CleanUp.ReferenceOTU161 Mock.1_39577	DQ681363
N	*	101	*	*	*	*	*	New.CleanUp.ReferenceOTU166 Mock.3_9034	*
L	17317	690	*	*	*	*	*	AM279464	*
H	17317	101	84.2	+	0	0	16D85M605I	New.CleanUp.ReferenceOTU167 Mock.2_132	AM279464
L	17320	736	*	*	*	*	*	AM279696	*
H	17320	101	84.2	+	0	0	16D65MI20M650I	New.CleanUp.ReferenceOTU167 Mock.2_132	AM279696
L	18812	2517	*	*	*	*	*	AY881650	*
H	18812	101	81.2	+	0	0	1738I63M7I38M671I	New.CleanUp.ReferenceOTU167 Mock.2_132	AY881650
H	9394	101	81.2	+	0	0	1750I50M26I51M578I	New.CleanUp.ReferenceOTU167 Mock.2_132	AY325966
L	17900	2062	*	*	*	*	*	AY251628	*
H	17900	101	81.2	+	0	0	1759I79M10I22M192I	New.CleanUp.ReferenceOTU167 Mock.2_132	AY251628
L	23981	546	*	*	*	*	*	FJ459981	*
H	23981	101	83.2	+	0	0	16D70MD14M462I	New.CleanUp.ReferenceOTU171 Mock.3_83	FJ459981
L	3860	566	*	*	*	*	*	FJ459982	*
H	3860	101	82.2	+	0	0	16D85M481I	New.CleanUp.ReferenceOTU171 Mock.3_83	FJ459982
L	11160	440	*	*	*	*	*	JN545777	*
H	11160	101	81.2	+	0	0	15D68M2D16M356I	New.CleanUp.ReferenceOTU171 Mock.3_83	JN545777
L	25482	232	*	*	*	*	*	GU253286	*
H	25482	101	82.2	+	0	0	15D68MD17M147I	New.CleanUp.ReferenceOTU171 Mock.3_83	GU253286
H	27106	101	92.1	+	0	0	5D96M462I	New.CleanUp.ReferenceOTU171 Mock.3_83	HQ897787
L	19099	562	*	*	*	*	*	EF495234	*
H	19099	101	81.2	+	0	0	16D67MD17M478I	New.CleanUp.ReferenceOTU171 Mock.3_83	EF495234
L	4150	522	*	*	*	*	*	FJ603009	*
H	4150	101	82.2	+	0	0	16D67MD17M438I	New.CleanUp.ReferenceOTU171 Mock.3_83	FJ603009
L	4148	521	*	*	*	*	*	FJ602999	*
H	4148	101	82.2	+	0	0	16D67MD17M437I	New.CleanUp.ReferenceOTU171 Mock.3_83	FJ602999
L	17810	557	*	*	*	*	*	AY225329	*
H	17810	101	81.2	+	0	0	16D67MD17M473I	New.CleanUp.ReferenceOTU171 Mock.3_83	AY225329
L	14183	545	*	*	*	*	*	FJ459932	*
H	14183	101	80.2	+	0	0	16D67M2D16M462I	New.CleanUp.ReferenceOTU171 Mock.3_83	FJ459932
H	165	101	94.1	+	0	0	227I101M258I	New.CleanUp.ReferenceOTU173 Mock.3_86	DQ680681
H	26107	101	96.0	+	0	0	8I101M287I	New.CleanUp.ReferenceOTU173 Mock.3_86	GQ376093
H	8643	101	81.2	+	0	0	15D86M146I	New.CleanUp.ReferenceOTU173 Mock.3_86	FJ499461
H	19864	101	89.1	+	0	0	245I101M259I	New.CleanUp.ReferenceOTU173 Mock.3_86	DQ683112
H	12511	101	80.2	+	0	0	14D87M267I	New.CleanUp.ReferenceOTU173 Mock.3_86	DQ681363
H	7516	101	92.1	+	0	0	11I77MI12MD11M275I	New.CleanUp.ReferenceOTU173 Mock.3_86	AF015250
N	*	101	*	*	*	*	*	New.CleanUp.ReferenceOTU30 Mock.2_5485	*
N	*	101	*	*	*	*	*	New.CleanUp.ReferenceOTU39 Mock.1_6422	*
H	22512	97	82.5	+	0	0	8D89M147I	New.CleanUp.ReferenceOTU46 Mock.2_69723	FJ227897
H	5443	97	84.5	+	0	0	12D61MI24M2778I	New.CleanUp.ReferenceOTU46 Mock.2_69723	GQ458034
H	26107	97	90.7	+	0	0	8I97M291I	New.CleanUp.ReferenceOTU46 Mock.2_69723	GQ376093
H	13572	97	82.5	+	0	0	12D10MI75M218I	New.CleanUp.ReferenceOTU46 Mock.2_69723	FJ499435
H	25450	97	83.5	+	0	0	12D9MI76M258I	New.CleanUp.ReferenceOTU46 Mock.2_69723	HM037986
L	4088	2934	*	*	*	*	*	AF350243	*
H	4088	97	80.4	+	0	0	1735I47M2I11M4I20M8I19M1088I	New.CleanUp.ReferenceOTU46 Mock.2_69723	AF350243
H	165	97	86.6	+	0	0	227I97M262I	New.CleanUp.ReferenceOTU46 Mock.2_69723	DQ680681
H	19864	97	85.6	+	0	0	245I97M263I	New.CleanUp.ReferenceOTU46 Mock.2_69723	DQ683112
H	165	101	89.1	+	0	0	227I101M258I	New.CleanUp.ReferenceOTU48 Mock.2_50493	DQ680681
H	26107	101	91.1	+	0	0	8I101M287I	New.CleanUp.ReferenceOTU48 Mock.2_50493	GQ376093
H	5443	101	81.2	+	0	0	12D59MI30M2774I	New.CleanUp.ReferenceOTU48 Mock.2_50493	GQ458034
H	2663	101	91.1	+	0	0	24I101M287I	New.CleanUp.ReferenceOTU48 Mock.2_50493	DQ286062
N	*	101	*	*	*	*	*	New.CleanUp.ReferenceOTU5 Mock.2_3312	*
H	26107	101	96.0	+	0	0	8I101M287I	New.CleanUp.ReferenceOTU53 Mock.1_63364	GQ376093
H	165	101	92.1	+	0	0	227I101M258I	New.CleanUp.ReferenceOTU53 Mock.1_63364	DQ680681
H	8643	101	81.2	+	0	0	15D86M146I	New.CleanUp.ReferenceOTU53 Mock.1_63364	FJ499461
H	22512	101	80.2	+	0	0	8D93M143I	New.CleanUp.ReferenceOTU53 Mock.1_63364	FJ227897
H	5443	101	82.2	+	0	0	12D61MI28M2774I	New.CleanUp.ReferenceOTU53 Mock.1_63364	GQ458034
H	13572	101	80.2	+	0	0	12D10MI79M214I	New.CleanUp.ReferenceOTU53 Mock.1_63364	FJ499435
H	19864	101	89.1	+	0	0	245I101M259I	New.CleanUp.ReferenceOTU53 Mock.1_63364	DQ683112
H	7516	101	92.1	+	0	0	11I77MI12MD11M275I	New.CleanUp.ReferenceOTU53 Mock.1_63364	AF015250
H	25450	101	81.2	+	0	0	12D9MI80M254I	New.CleanUp.ReferenceOTU53 Mock.1_63364	HM037986
H	2663	101	82.2	+	0	0	24I101M287I	New.CleanUp.ReferenceOTU53 Mock.1_63364	DQ286062
N	*	95	*	*	*	*	*	New.CleanUp.ReferenceOTU54 Mock.1_44342	*
N	*	101	*	*	*	*	*	New.CleanUp.ReferenceOTU6 Mock.3_13680	*
N	*	101	*	*	*	*	*	New.CleanUp.ReferenceOTU61 Mock.2_8064	*
H	19864	92	89.1	+	0	0	245I92M268I	New.CleanUp.ReferenceOTU67 Mock.1_53045	DQ683112
H	2663	92	93.5	+	0	0	24I92M296I	New.CleanUp.ReferenceOTU67 Mock.1_53045	DQ286062
H	2507	95	94.7	+	0	0	11I95M511I	New.CleanUp.ReferenceOTU68 Mock.1_5491	EU821474
H	20373	95	86.3	+	0	0	25I50M3I31M7I14M547I	New.CleanUp.ReferenceOTU68 Mock.1_5491	EF190279
H	17852	95	83.2	+	0	0	8I49MD45M457I	New.CleanUp.ReferenceOTU68 Mock.1_5491	AB489089
H	13030	95	83.2	+	0	0	10I49MD45M494I	New.CleanUp.ReferenceOTU68 Mock.1_5491	EU551193
H	7216	95	86.3	+	0	0	127I49MD34MI11M492I	New.CleanUp.ReferenceOTU68 Mock.1_5491	AY228112
H	17851	95	83.2	+	0	0	128I49MD45M475I	New.CleanUp.ReferenceOTU68 Mock.1_5491	AY228111
L	2835	636	*	*	*	*	*	EU660447	*
H	2835	95	84.2	+	0	0	4I80M18I15M519I	New.CleanUp.ReferenceOTU68 Mock.1_5491	EU660447
H	15232	95	80.0	+	0	0	14D81M1121I	New.CleanUp.ReferenceOTU68 Mock.1_5491	AB627114
L	28265	556	*	*	*	*	*	JN942168	*
H	28265	95	81.1	+	0	0	8I50M2I31M4I14M447I	New.CleanUp.ReferenceOTU68 Mock.1_5491	JN942168
L	21960	950	*	*	*	*	*	EU750696	*
H	21960	95	86.3	+	0	0	95I54M2I29M4I12M754I	New.CleanUp.ReferenceOTU68 Mock.1_5491	EU750696
N	*	101	*	*	*	*	*	New.CleanUp.ReferenceOTU71 Mock.3_69820	*
H	669	101	93.1	+	0	0	3D98M318I	New.CleanUp.ReferenceOTU72 Mock.2_29742	EF197948
H	24610	101	96.0	+	0	0	4I43MI58M318I	New.CleanUp.ReferenceOTU72 Mock.2_29742	GQ376083
N	*	101	*	*	*	*	*	New.CleanUp.ReferenceOTU82 Mock.3_65355	*
H	669	101	93.1	+	0	0	3D98M318I	New.CleanUp.ReferenceOTU89 Mock.3_43979	EF197948
H	24610	101	96.0	+	0	0	4I43MI58M318I	New.CleanUp.ReferenceOTU89 Mock.3_43979	GQ376083
L	9612	2896	*	*	*	*	*	EU267190	*
H	9612	101	80.2	+	0	0	1785I44M4I16M12I14M22I27M972I	New.CleanUp.ReferenceOTU89 Mock.3_43979	EU267190
H	2663	101	96.0	+	0	0	24I101M287I	New.CleanUp.ReferenceOTU90 Mock.2_73953	DQ286062
H	26107	101	88.1	+	0	0	8I101M287I	New.CleanUp.ReferenceOTU91 Mock.3_54068	GQ376093
H	22512	101	80.2	+	0	0	8D93M143I	New.CleanUp.ReferenceOTU91 Mock.3_54068	FJ227897
H	5443	101	82.2	+	0	0	12D61MI28M2774I	New.CleanUp.ReferenceOTU91 Mock.3_54068	GQ458034
H	2663	101	82.2	+	0	0	24I101M287I	New.CleanUp.ReferenceOTU91 Mock.3_54068	DQ286062
H	25215	101	96.0	+	0	0	18I101M341I	New.CleanUp.ReferenceOTU97 Mock.2_25781	FJ861384
H	28129	101	96.0	+	0	0	1712I101M1148I	New.CleanUp.ReferenceOTU97 Mock.2_25781	GQ458041
H	163	101	88.1	+	0	0	4D97M524I	New.CleanUp.ReferenceOTU97 Mock.2_25781	DQ667978
H	160	101	92.1	+	0	0	15I101M544I	New.CleanUp.ReferenceOTU97 Mock.2_25781	EF192226
H	22480	101	91.1	+	0	0	16I55MD25MD19M509I	New.CleanUp.ReferenceOTU97 Mock.2_25781	FJ210528
H	14428	101	95.0	+	0	0	9I101M543I	New.CleanUp.ReferenceOTU97 Mock.2_25781	AB513338
L	8303	445	*	*	*	*	*	HQ413281	*
H	8303	101	93.1	+	0	0	175I55MD45M170I	New.CleanUp.ReferenceOTU97 Mock.2_25781	HQ413281
L	5560	640	*	*	*	*	*	AB525239	*
H	5560	101	91.1	+	0	0	9I55MI26M3I20M526I	New.CleanUp.ReferenceOTU97 Mock.2_25781	AB525239
H	3592	101	94.1	+	0	0	9I55MD25MD19M481I	New.CleanUp.ReferenceOTU97 Mock.2_25781	FJ196619
H	17493	101	94.1	+	0	0	25I55MD25MD19M476I	New.CleanUp.ReferenceOTU97 Mock.2_25781	FJ210531
D	261	2	*	*	*	*	94.1	DQ871598	*
D	2507	4	*	*	*	*	96.4	EU821474	*
D	2663	6	*	*	*	*	95.3	DQ286062	*
D	3195	2	*	*	*	*	100.0	EU714323	*
D	3232	3	*	*	*	*	100.0	EF687948	*
D	3590	2	*	*	*	*	100.0	FJ196614	*
D	7271	3	*	*	*	*	98.4	GQ120993	*
D	10671	3	*	*	*	*	97.3	GU062255	*
D	13617	2	*	*	*	*	98.8	FJ903339	*
D	14432	2	*	*	*	*	98.8	GU062251	*
D	14672	3	*	*	*	*	98.0	AB245442	*
D	17320	2	*	*	*	*	84.2	AM279696	*
D	18019	3	*	*	*	*	94.7	GQ376079	*
D	19274	2	*	*	*	*	96.7	DQ247776	*
D	19864	3	*	*	*	*	91.1	DQ683112	*
D	20446	3	*	*	*	*	97.5	EF397557	*
D	21482	2	*	*	*	*	100.0	EU551202	*
D	22231	3	*	*	*	*	97.2	FJ582636	*
D	22488	2	*	*	*	*	100.0	FJ210600	*
D	22967	3	*	*	*	*	98.4	FJ624262	*
D	24610	5	*	*	*	*	97.0	GQ376083	*
D	25001	2	*	*	*	*	83.2	EU568909	*
D	25126	3	*	*	*	*	97.9	FJ904916	*
D	25215	2	*	*	*	*	100.0	FJ861384	*
D	25514	3	*	*	*	*	99.0	AM901674	*
D	25840	2	*	*	*	*	100.0	FJ878626	*
D	26107	15	*	*	*	*	93.6	GQ376093	*
D	27106	2	*	*	*	*	92.1	HQ897787	*
D	28129	2	*	*	*	*	96.0	GQ458041	*
