UclustConsensusTaxonAssigner parameters:
id_to_taxonomy_filepath:/Users/nbokulich/Desktop/projects/short-read-tax-assignment/data/ref_dbs/gg_13_8_otus/99_otu_taxonomy_clean.tsv
id_to_taxonomy_fp:/Users/nbokulich/Desktop/projects/short-read-tax-assignment/data/ref_dbs/gg_13_8_otus/99_otu_taxonomy_clean.tsv
max_accepts:1
min_consensus_fraction:1.0
reference_sequences_fp:/Users/nbokulich/Desktop/projects/short-read-tax-assignment/data/ref_dbs/gg_13_8_otus/99_otus_clean.fasta
similarity:0.97
unassignable_label:Unassigned
Result path: /var/folders/0t/l1dz88p50y91vx_22fx5w3780000gn/T/assign-taxxTvfta

.uc file contents:

# uclust --input /Users/nbokulich/Desktop/projects/short-read-tax-assignment/data/mock-community/mock-3/rep_seqs.fna --id 0.97 --rev --maxaccepts 1 --allhits --libonly --lib /Users/nbokulich/Desktop/projects/short-read-tax-assignment/data/ref_dbs/gg_13_8_otus/99_otus_clean.fasta --uc /var/folders/0t/l1dz88p50y91vx_22fx5w3780000gn/T/UclustConsensusTaxonAssigner_fWGSsg.uc
# version=1.2.22
# Tab-separated fields:
# 1=Type, 2=ClusterNr, 3=SeqLength or ClusterSize, 4=PctId, 5=Strand, 6=QueryStart, 7=SeedStart, 8=Alignment, 9=QueryLabel, 10=TargetLabel
# Record types (field 1): L=LibSeed, S=NewSeed, H=Hit, R=Reject, D=LibCluster, C=NewCluster, N=NoHit
# For C and D types, PctId is average id with seed.
# QueryStart and SeedStart are zero-based relative to start of sequence.
# If minus strand, SeedStart is relative to reverse-complemented seed.
L	17103	1393	*	*	*	*	*	4329899	*
H	17103	150	98.0	+	0	0	435I150M808I	bc23d2ee539bf2f52faf789289af7879	4329899
L	1684	1545	*	*	*	*	*	666832	*
H	1684	150	99.3	+	0	0	535I150M860I	dcb7b288381ec22163253cc31ca4bb57	666832
N	*	150	*	*	*	*	*	c4269a6e9bd66eca53e710c9f9d9ad4f	*
L	18629	1441	*	*	*	*	*	4402960	*
H	18629	150	98.7	+	0	0	510I150M781I	194be3a565245d51b6d1182d4d8c7e5b	4402960
L	9678	1468	*	*	*	*	*	101118	*
H	9678	150	100.0	+	0	0	482I150M836I	4e9b3c8dd9808d6a78936ceaf96dc0d5	101118
L	14256	1369	*	*	*	*	*	1059977	*
H	14256	150	100.0	+	0	0	513I150M706I	aebf2a74a3aa9e5876c479b1db88985f	1059977
N	*	150	*	*	*	*	*	d8505780c03879a277eb71fe2c852192	*
L	11279	1413	*	*	*	*	*	1532107	*
H	11279	150	100.0	+	0	0	489I150M774I	075614efc7d3dd61cd64a4e5f17078ae	1532107
L	777	1358	*	*	*	*	*	938794	*
H	777	150	97.3	+	0	0	501I150M707I	92e3a73c9006d7a85d3112558daf2576	938794
N	*	150	*	*	*	*	*	d9e724faff24eeeb7ac7fcc5cc7885b6	*
L	17915	1411	*	*	*	*	*	4368635	*
H	17915	150	98.0	+	0	0	471I150M790I	7a8d29c59b803baaed9cc1f04ce0dc33	4368635
N	*	150	*	*	*	*	*	b3fef1e26b7b6ac20847ede4da68547a	*
N	*	150	*	*	*	*	*	86adb6193435090318cf24df07770d07	*
L	10051	1508	*	*	*	*	*	70378	*
H	10051	150	100.0	+	0	0	537I150M821I	94b000e59b7ac160b0416c9ab45ff0bf	70378
L	17820	1344	*	*	*	*	*	4364745	*
H	17820	150	98.0	+	0	0	509I150M685I	74c5523929f4d53f7928f15bc7751994	4364745
N	*	150	*	*	*	*	*	b7269ca8dbd01fc77b163d64ff1caf90	*
L	2920	1433	*	*	*	*	*	532163	*
H	2920	150	100.0	+	0	0	471I150M812I	e25836661b81c9cc3aa99c8b2c7ca14d	532163
N	*	150	*	*	*	*	*	1c86153e1b13ab5322c96f2602b73513	*
L	367	1374	*	*	*	*	*	1039477	*
H	367	150	100.0	+	0	0	513I150M711I	47ad35356a9bfec68416d32e4f039021	1039477
L	13410	1427	*	*	*	*	*	668552	*
H	13410	150	99.3	+	0	0	488I150M789I	29f6e97a2ed3b8abe26bb45acba8451f	668552
L	3966	1440	*	*	*	*	*	429887	*
H	3966	150	100.0	+	0	0	493I150M797I	04195686f2b70585790ec75320de0d6f	429887
L	18925	1514	*	*	*	*	*	4416988	*
H	18925	150	100.0	+	0	0	534I150M830I	5642c43966bbd7f41c2f0cbe988205ff	4416988
L	17626	1498	*	*	*	*	*	4355718	*
H	17626	150	98.0	+	0	0	518I150M830I	9ac5fec396208e598ab2e2d26985d0df	4355718
L	14478	1342	*	*	*	*	*	861081	*
H	14478	150	100.0	+	0	0	484I150M708I	33b601a7a8295e7a6c8f413504129220	861081
H	18629	150	100.0	+	0	0	510I150M781I	ac5402de1ddf427ab8d2b0a8a0a44f19	4402960
D	367	2	*	*	*	*	100.0	1039477	*
D	777	2	*	*	*	*	97.3	938794	*
D	1684	2	*	*	*	*	99.3	666832	*
D	2920	2	*	*	*	*	100.0	532163	*
D	3966	2	*	*	*	*	100.0	429887	*
D	9678	2	*	*	*	*	100.0	101118	*
D	10051	2	*	*	*	*	100.0	70378	*
D	11279	2	*	*	*	*	100.0	1532107	*
D	13410	2	*	*	*	*	99.3	668552	*
D	14256	2	*	*	*	*	100.0	1059977	*
D	14478	2	*	*	*	*	100.0	861081	*
D	17103	2	*	*	*	*	98.0	4329899	*
D	17626	2	*	*	*	*	98.0	4355718	*
D	17820	2	*	*	*	*	98.0	4364745	*
D	17915	2	*	*	*	*	98.0	4368635	*
D	18629	3	*	*	*	*	99.3	4402960	*
D	18925	2	*	*	*	*	100.0	4416988	*
