 Sun Mar  1 23:08:19 2015

 Command: sortmerna --ref /home/ubuntu/data/short-read-tax-assignment/data/simulated-community/B2-iter1/ref.fna,/tmp/tmpPDyBl2/ref -e 1.0 --aligned /home/ubuntu/data/2015.02.25-tax-parameter-sweep-simulated/simulated-community/B2-iter1/gg_13_8_otus/sortmerna/0.76:0.8:5:0.8:1.0:partial-ref/sortmerna_map -a 1 --print_all_reads --log --blast 3 --reads /home/ubuntu/data/short-read-tax-assignment/data/simulated-community/B2-iter1/rep_set.fna -v --best 5 
 Process pid = 22113
 Parameters summary:
    Index: /tmp/tmpPDyBl2/ref
     Seed length = 18
     Pass 1 = 18, Pass 2 = 9, Pass 3 = 3
     Gumbel lambda = 0.600434
     Gumbel K = 0.328111
     Minimal SW score based on E-value = 51
    Number of seeds = 2
    Edges = 4 (as integer)
    SW match = 2
    SW mismatch = -3
    SW gap open penalty = 5
    SW gap extend penalty = 2
    SW ambiguous nucleotide = -3
    SQ tags are not output
    Number of threads = 1
    Reads file = /home/ubuntu/data/short-read-tax-assignment/data/simulated-community/B2-iter1/rep_set.fna

 Results:
    Total reads = 9849
    Total reads passing E-value threshold = 9846 (99.97%)
    Total reads failing E-value threshold = 3 (0.03%)
    Minimum read length = 1
    Maximum read length = 100
    Mean read length = 99
 By database:
    /home/ubuntu/data/short-read-tax-assignment/data/simulated-community/B2-iter1/ref.fna		99.97%
