 Fri Dec 16 11:57:01 2016

 Command: sortmerna --ref /Users/nbokulich/Desktop/projects/short-read-tax-assignment/data/ref_dbs/unite_20.11.2016/sh_refs_qiime_ver7_99_20.11.2016_dev_clean_BITSf-B58S3r_trim250.fasta,/var/folders/0t/l1dz88p50y91vx_22fx5w3780000gn/T/tmppAjzdF/sh_refs_qiime_ver7_99_20.11.2016_dev_clean_BITSf-B58S3r_trim250 -e 1.0 --aligned /Users/nbokulich/Desktop/projects/mock-community/mock-10/unite_20.11.2016/sortmerna/0.51:0.9:1:0.9:1.0/sortmerna_map -a 1 --print_all_reads --log --blast 3 --reads /Users/nbokulich/Desktop/projects/short-read-tax-assignment/data/mock-community/mock-10/rep_seqs.fna -v --best 1 
 Process pid = 28441
 Parameters summary:
    Index: /var/folders/0t/l1dz88p50y91vx_22fx5w3780000gn/T/tmppAjzdF/sh_refs_qiime_ver7_99_20.11.2016_dev_clean_BITSf-B58S3r_trim250
     Seed length = 18
     Pass 1 = 18, Pass 2 = 9, Pass 3 = 3
     Gumbel lambda = 0.614281
     Gumbel K = 0.337717
     Minimal SW score based on E-value = 34
    Number of seeds = 2
    Edges = 4 (as integer)
    SW match = 2
    SW mismatch = -3
    SW gap open penalty = 5
    SW gap extend penalty = 2
    SW ambiguous nucleotide = -3
    SQ tags are not output
    Number of threads = 1 (OpenMP is not supported with your current C++ compiler).
    Reads file = /Users/nbokulich/Desktop/projects/short-read-tax-assignment/data/mock-community/mock-10/rep_seqs.fna

 Results:
    Total reads = 22
    Total reads passing E-value threshold = 22 (100.00%)
    Total reads failing E-value threshold = 0 (0.00%)
    Minimum read length = 100
    Maximum read length = 100
    Mean read length = 100
 By database:
    /Users/nbokulich/Desktop/projects/short-read-tax-assignment/data/ref_dbs/unite_20.11.2016/sh_refs_qiime_ver7_99_20.11.2016_dev_clean_BITSf-B58S3r_trim250.fasta		100.00%
