UclustConsensusTaxonAssigner parameters:
id_to_taxonomy_filepath:/Users/nbokulich/Desktop/projects/short-read-tax-assignment/data/ref_dbs/gg_13_8_otus/99_otu_taxonomy_clean.tsv
id_to_taxonomy_fp:/Users/nbokulich/Desktop/projects/short-read-tax-assignment/data/ref_dbs/gg_13_8_otus/99_otu_taxonomy_clean.tsv
max_accepts:3
min_consensus_fraction:1.0
reference_sequences_fp:/Users/nbokulich/Desktop/projects/short-read-tax-assignment/data/ref_dbs/gg_13_8_otus/99_otus_clean.fasta
similarity:0.9
unassignable_label:Unassigned
Result path: /var/folders/0t/l1dz88p50y91vx_22fx5w3780000gn/T/assign-taxktDSV_

.uc file contents:

# uclust --input /Users/nbokulich/Desktop/projects/short-read-tax-assignment/data/mock-community/mock-13/rep_seqs.fna --id 0.9 --rev --maxaccepts 3 --allhits --libonly --lib /Users/nbokulich/Desktop/projects/short-read-tax-assignment/data/ref_dbs/gg_13_8_otus/99_otus_clean.fasta --uc /var/folders/0t/l1dz88p50y91vx_22fx5w3780000gn/T/UclustConsensusTaxonAssigner_IGG74Q.uc
# version=1.2.22
# Tab-separated fields:
# 1=Type, 2=ClusterNr, 3=SeqLength or ClusterSize, 4=PctId, 5=Strand, 6=QueryStart, 7=SeedStart, 8=Alignment, 9=QueryLabel, 10=TargetLabel
# Record types (field 1): L=LibSeed, S=NewSeed, H=Hit, R=Reject, D=LibCluster, C=NewCluster, N=NoHit
# For C and D types, PctId is average id with seed.
# QueryStart and SeedStart are zero-based relative to start of sequence.
# If minus strand, SeedStart is relative to reverse-complemented seed.
N	*	250	*	*	*	*	*	757b40173842aca2b61558c668612e06	*
L	19526	1349	*	*	*	*	*	4446436	*
H	19526	250	96.4	+	0	0	279I250M820I	91d3c789db08bd00d9ec073530f6cba7	4446436
L	13742	1455	*	*	*	*	*	2874960	*
H	13742	250	96.4	+	0	0	337I250M868I	91d3c789db08bd00d9ec073530f6cba7	2874960
L	12706	1330	*	*	*	*	*	919872	*
H	12706	250	96.4	+	0	0	313I250M767I	91d3c789db08bd00d9ec073530f6cba7	919872
L	8620	1328	*	*	*	*	*	160110	*
H	8620	250	97.6	+	0	0	412I250M666I	34d04c8f5c571f0b64dff75aad20ca78	160110
L	12624	1447	*	*	*	*	*	2250345	*
H	12624	250	97.2	+	0	0	524I250M673I	34d04c8f5c571f0b64dff75aad20ca78	2250345
L	9529	1493	*	*	*	*	*	106574	*
H	9529	250	96.8	+	0	0	500I250M743I	34d04c8f5c571f0b64dff75aad20ca78	106574
L	10444	1491	*	*	*	*	*	21138	*
H	10444	250	98.0	+	0	0	524I250M717I	b953ac3c6973b5a557774d4b2d005d48	21138
L	1637	1485	*	*	*	*	*	690063	*
H	1637	250	96.8	+	0	0	519I196MD53M717I	b953ac3c6973b5a557774d4b2d005d48	690063
L	10272	1486	*	*	*	*	*	40839	*
H	10272	250	95.6	+	0	0	520I190M2D29MI29M717I	b953ac3c6973b5a557774d4b2d005d48	40839
N	*	250	*	*	*	*	*	cf618e778acb6262af3b898d787581e0	*
N	*	250	*	*	*	*	*	383850e7eca1ee8339048d81cd952b81	*
L	6436	1523	*	*	*	*	*	260579	*
H	6436	250	100.0	+	0	0	525I250M748I	e47a63686b619f67783f9b9aa52b86bf	260579
L	17983	1528	*	*	*	*	*	4371785	*
H	17983	250	96.4	+	0	0	530I250M748I	e47a63686b619f67783f9b9aa52b86bf	4371785
L	14627	1489	*	*	*	*	*	607515	*
H	14627	250	95.6	+	0	0	525I250M714I	e47a63686b619f67783f9b9aa52b86bf	607515
N	*	250	*	*	*	*	*	e9a0665339f0d06028e22f02a00c78b5	*
L	17626	1498	*	*	*	*	*	4355718	*
H	17626	250	98.4	+	0	0	518I250M730I	608e6548b1b4cbb6176c8fce090991a5	4355718
L	10299	1492	*	*	*	*	*	38793	*
H	10299	250	98.0	+	0	0	498I250M744I	608e6548b1b4cbb6176c8fce090991a5	38793
L	10699	1496	*	*	*	*	*	12569	*
H	10699	250	97.2	+	0	0	501I73MI177M744I	608e6548b1b4cbb6176c8fce090991a5	12569
L	16646	1508	*	*	*	*	*	4310109	*
H	16646	250	100.0	+	0	0	496I250M762I	70c9bfbb24364a1049dc8f2807fbf39e	4310109
L	9451	1307	*	*	*	*	*	109106	*
H	9451	250	100.0	+	0	0	386I250M671I	70c9bfbb24364a1049dc8f2807fbf39e	109106
L	9450	1307	*	*	*	*	*	109107	*
H	9450	250	100.0	+	0	0	386I250M671I	70c9bfbb24364a1049dc8f2807fbf39e	109107
N	*	250	*	*	*	*	*	09f9dca1c8b5b542ba000dc812e6bef8	*
L	17034	1545	*	*	*	*	*	4326794	*
H	17034	250	99.6	+	0	0	359I250M936I	a2b3c6d81a8416505db7eb10a3dc9a2c	4326794
L	248	1362	*	*	*	*	*	1060621	*
H	248	250	99.2	+	0	0	330I250M782I	a2b3c6d81a8416505db7eb10a3dc9a2c	1060621
L	17031	1447	*	*	*	*	*	4326635	*
H	17031	250	99.2	+	0	0	330I250M867I	a2b3c6d81a8416505db7eb10a3dc9a2c	4326635
N	*	250	*	*	*	*	*	bfb22c984c60527a5a831a95b8aef849	*
L	8114	1377	*	*	*	*	*	177644	*
H	8114	250	100.0	+	0	0	509I250M618I	5f2d589aeca05cfa41265dd5e23603b4	177644
L	7929	1369	*	*	*	*	*	182342	*
H	7929	250	100.0	+	0	0	500I250M619I	5f2d589aeca05cfa41265dd5e23603b4	182342
L	10501	1458	*	*	*	*	*	16054	*
H	10501	250	100.0	+	0	0	470I250M738I	5f2d589aeca05cfa41265dd5e23603b4	16054
N	*	250	*	*	*	*	*	5ebd3cee772abecca4d399e926842a2c	*
L	19958	1432	*	*	*	*	*	4466720	*
H	19958	250	92.4	+	0	0	475I203MI47M706I	12bf4a039996b350926402008de7147b	4466720
N	*	250	*	*	*	*	*	20b686910cf9db4b08f7b7c220800316	*
N	*	250	*	*	*	*	*	d1177512386a3e43bf8190834adc59d0	*
L	393	1372	*	*	*	*	*	1032259	*
H	393	250	100.0	+	0	0	513I250M609I	d23fbef2f31d48eda40876cdbc49933a	1032259
L	16869	1555	*	*	*	*	*	4320246	*
H	16869	250	100.0	+	0	0	542I250M763I	d23fbef2f31d48eda40876cdbc49933a	4320246
L	12240	1372	*	*	*	*	*	990300	*
H	12240	250	100.0	+	0	0	513I250M609I	d23fbef2f31d48eda40876cdbc49933a	990300
N	*	250	*	*	*	*	*	57a2225ef15e6a44fc7ff0ba6c715dc5	*
N	*	250	*	*	*	*	*	a7a8051e5422b6105e89ef56ed879506	*
L	8276	1444	*	*	*	*	*	173412	*
H	8276	250	96.4	+	0	0	495I250M699I	e17d964cd0fd8c2ddbd1dacfa8b536e3	173412
L	7434	1388	*	*	*	*	*	194286	*
H	7434	250	96.0	+	0	0	523I250M615I	e17d964cd0fd8c2ddbd1dacfa8b536e3	194286
L	2259	1487	*	*	*	*	*	570230	*
H	2259	250	96.0	+	0	0	523I250M714I	e17d964cd0fd8c2ddbd1dacfa8b536e3	570230
L	13462	1374	*	*	*	*	*	1087356	*
H	13462	250	100.0	+	0	0	337I250M787I	f6eebeb9deeea15b3b3829cfacc24ba0	1087356
L	13406	1374	*	*	*	*	*	1098159	*
H	13406	250	99.6	+	0	0	337I250M787I	f6eebeb9deeea15b3b3829cfacc24ba0	1098159
L	15983	1374	*	*	*	*	*	942700	*
H	15983	250	100.0	+	0	0	337I250M787I	f6eebeb9deeea15b3b3829cfacc24ba0	942700
N	*	250	*	*	*	*	*	00056c4c5a30dbbfa64dfa34fe792941	*
N	*	250	*	*	*	*	*	b63152bb304b894cecca173030267a5a	*
N	*	250	*	*	*	*	*	9f6d0ba5232b535de37fc3bf70d85d83	*
L	16711	1536	*	*	*	*	*	4313041	*
H	16711	250	98.8	+	0	0	537I250M749I	3a84afa81c51c0521d05ae1ded8b7385	4313041
L	17455	1461	*	*	*	*	*	4347829	*
H	17455	250	94.0	+	0	0	512I111MD138M700I	3a84afa81c51c0521d05ae1ded8b7385	4347829
L	18629	1441	*	*	*	*	*	4402960	*
H	18629	250	99.6	+	0	0	510I250M681I	e5269e32edd47bb63709e25e22a6f0ae	4402960
L	11339	1447	*	*	*	*	*	1561504	*
H	11339	250	95.6	+	0	0	504I250M693I	e5269e32edd47bb63709e25e22a6f0ae	1561504
L	11407	1449	*	*	*	*	*	1606832	*
H	11407	250	95.6	+	0	0	513I250M686I	e5269e32edd47bb63709e25e22a6f0ae	1606832
L	18499	1518	*	*	*	*	*	4395540	*
H	18499	250	96.0	+	0	0	367I250M901I	beff5b6c75e094b52085b0a02cb07848	4395540
L	10051	1508	*	*	*	*	*	70378	*
H	10051	250	96.0	+	0	0	361I250M897I	beff5b6c75e094b52085b0a02cb07848	70378
L	8964	1490	*	*	*	*	*	144246	*
H	8964	250	96.0	+	0	0	353I109MI141M886I	beff5b6c75e094b52085b0a02cb07848	144246
L	5212	1359	*	*	*	*	*	322658	*
H	5212	250	95.2	+	0	0	507I250M602I	b65eb19257f7a2bedb5a1c4b42aeb396	322658
L	14072	1423	*	*	*	*	*	3078863	*
H	14072	250	93.2	+	0	0	486I250M687I	b65eb19257f7a2bedb5a1c4b42aeb396	3078863
L	13931	1449	*	*	*	*	*	2998896	*
H	13931	250	95.6	+	0	0	503I250M696I	b65eb19257f7a2bedb5a1c4b42aeb396	2998896
L	4367	1374	*	*	*	*	*	364563	*
H	4367	250	100.0	+	0	0	511I250M613I	c3bdda568b2c1580d5cce7407ef43909	364563
L	15131	1418	*	*	*	*	*	3661784	*
H	15131	250	100.0	+	0	0	474I250M694I	c3bdda568b2c1580d5cce7407ef43909	3661784
L	7124	1474	*	*	*	*	*	210812	*
H	7124	250	100.0	+	0	0	503I250M721I	c3bdda568b2c1580d5cce7407ef43909	210812
N	*	250	*	*	*	*	*	b4deca667b3f393a6f6fadb3af23fb7b	*
H	18629	250	100.0	+	0	0	510I250M681I	668fdb718997fc1589c7817655d4bb5f	4402960
H	11339	250	95.6	+	0	0	504I250M693I	668fdb718997fc1589c7817655d4bb5f	1561504
L	7332	1395	*	*	*	*	*	197072	*
H	7332	250	95.6	+	0	0	525I250M620I	668fdb718997fc1589c7817655d4bb5f	197072
L	15228	1345	*	*	*	*	*	870406	*
H	15228	250	100.0	+	0	0	484I250M611I	bb03e6ea99adcfcf8083ec2c9af114fb	870406
L	12492	1344	*	*	*	*	*	1009063	*
H	12492	250	100.0	+	0	0	480I250M614I	bb03e6ea99adcfcf8083ec2c9af114fb	1009063
L	13752	1346	*	*	*	*	*	978194	*
H	13752	250	100.0	+	0	0	484I250M612I	bb03e6ea99adcfcf8083ec2c9af114fb	978194
L	13797	1475	*	*	*	*	*	1124888	*
H	13797	250	98.8	+	0	0	498I250M727I	a5f1f78ac4fcc69140c9c547943d2d3e	1124888
L	14303	1484	*	*	*	*	*	739167	*
H	14303	250	98.4	+	0	0	490I250M744I	a5f1f78ac4fcc69140c9c547943d2d3e	739167
L	13798	1486	*	*	*	*	*	1129174	*
H	13798	250	98.4	+	0	0	509I250M727I	a5f1f78ac4fcc69140c9c547943d2d3e	1129174
L	17553	1550	*	*	*	*	*	4352206	*
H	17553	250	95.6	+	0	0	540I250M760I	dfd770d48651635c39bdafe13f62e75a	4352206
L	5092	1412	*	*	*	*	*	330293	*
H	5092	250	96.0	+	0	0	536I250M626I	dfd770d48651635c39bdafe13f62e75a	330293
L	10823	1519	*	*	*	*	*	10502	*
H	10823	250	94.4	+	0	0	508I250M761I	dfd770d48651635c39bdafe13f62e75a	10502
L	5399	1355	*	*	*	*	*	311205	*
H	5399	250	99.6	+	0	0	498I250M607I	2d34c22edce4b1f2d8a5228ad78f8ea8	311205
L	4448	1373	*	*	*	*	*	362210	*
H	4448	250	99.6	+	0	0	498I250M625I	2d34c22edce4b1f2d8a5228ad78f8ea8	362210
L	5314	1359	*	*	*	*	*	315650	*
H	5314	250	99.6	+	0	0	502I250M607I	2d34c22edce4b1f2d8a5228ad78f8ea8	315650
N	*	250	*	*	*	*	*	dc1311d27a21d1c04c819cdad3022b63	*
L	11829	1527	*	*	*	*	*	734955	*
H	11829	250	94.0	+	0	0	516I250M761I	8e200bf21884bda63c42e6df95e39e8f	734955
L	7426	1391	*	*	*	*	*	194416	*
H	7426	250	95.2	+	0	0	515I250M626I	8e200bf21884bda63c42e6df95e39e8f	194416
L	6365	1391	*	*	*	*	*	263138	*
H	6365	250	94.8	+	0	0	516I250M625I	8e200bf21884bda63c42e6df95e39e8f	263138
N	*	250	*	*	*	*	*	f712394f5f917047add1f7bf8e1cdfe9	*
L	18910	1514	*	*	*	*	*	4416190	*
H	18910	250	100.0	+	0	0	358I250M906I	4d105eeb4d32edd3e88c72965ea7dc81	4416190
L	18909	1514	*	*	*	*	*	4416186	*
H	18909	250	100.0	+	0	0	358I250M906I	4d105eeb4d32edd3e88c72965ea7dc81	4416186
L	10546	1487	*	*	*	*	*	15033	*
H	10546	250	99.6	+	0	0	357I250M880I	4d105eeb4d32edd3e88c72965ea7dc81	15033
L	8536	1492	*	*	*	*	*	163410	*
H	8536	250	100.0	+	0	0	513I250M729I	0e1dcba2a26611bacba2adfc23ac6418	163410
L	7957	1389	*	*	*	*	*	181744	*
H	7957	250	100.0	+	0	0	515I250M624I	0e1dcba2a26611bacba2adfc23ac6418	181744
L	4539	1366	*	*	*	*	*	359800	*
H	4539	250	100.0	+	0	0	504I250M612I	0e1dcba2a26611bacba2adfc23ac6418	359800
L	16286	1509	*	*	*	*	*	4295036	*
H	16286	250	90.0	+	0	0	527I250M732I	c24f0b31ce00e61ac82f10ef468a8cc3	4295036
L	6557	1493	*	*	*	*	*	254951	*
H	6557	250	90.0	+	0	0	477I250M766I	c24f0b31ce00e61ac82f10ef468a8cc3	254951
N	*	250	*	*	*	*	*	060fdbbfa61cbfb4d47350dc2a2019cd	*
L	4891	1363	*	*	*	*	*	342294	*
H	4891	250	100.0	+	0	0	510I250M603I	ec4075339e16f5cd45fd5a7955596899	342294
L	13009	1449	*	*	*	*	*	2465078	*
H	13009	250	100.0	+	0	0	492I250M707I	ec4075339e16f5cd45fd5a7955596899	2465078
L	5153	1360	*	*	*	*	*	326411	*
H	5153	250	100.0	+	0	0	508I250M602I	ec4075339e16f5cd45fd5a7955596899	326411
L	10689	1455	*	*	*	*	*	12837	*
H	10689	250	100.0	+	0	0	474I250M731I	eee5899df6ec4339f210367517aa4d8f	12837
L	13077	1510	*	*	*	*	*	1122559	*
H	13077	250	100.0	+	0	0	497I250M763I	eee5899df6ec4339f210367517aa4d8f	1122559
L	10675	1479	*	*	*	*	*	12878	*
H	10675	250	99.6	+	0	0	492I250M737I	eee5899df6ec4339f210367517aa4d8f	12878
L	1835	1485	*	*	*	*	*	593016	*
H	1835	250	91.2	+	0	0	514I250M721I	e5413f67faa6b8c0c3e63e48836c0b42	593016
L	14121	1553	*	*	*	*	*	3107842	*
H	14121	250	90.0	+	0	0	537I99MI151M765I	e5413f67faa6b8c0c3e63e48836c0b42	3107842
N	*	250	*	*	*	*	*	a949dc7572ead5cd617d8b398c32abdf	*
L	2986	1457	*	*	*	*	*	530695	*
H	2986	250	99.6	+	0	0	324I250M883I	d9e9c9377516e5021c9e908453d1023f	530695
L	3702	1500	*	*	*	*	*	511694	*
H	3702	250	99.6	+	0	0	344I250M906I	d9e9c9377516e5021c9e908453d1023f	511694
L	3760	1500	*	*	*	*	*	509352	*
H	3760	250	99.6	+	0	0	343I250M907I	d9e9c9377516e5021c9e908453d1023f	509352
N	*	250	*	*	*	*	*	17ede94dae2083d858631088502ecf17	*
L	9535	1424	*	*	*	*	*	106358	*
H	9535	250	95.2	+	0	0	467I197MD52M708I	87edf2cd89b497eae2b5c0f0cac77913	106358
L	5666	1369	*	*	*	*	*	298243	*
H	5666	250	96.4	+	0	0	397I250M722I	87edf2cd89b497eae2b5c0f0cac77913	298243
L	11096	1324	*	*	*	*	*	4707	*
H	11096	250	96.8	+	0	0	477I250M597I	87edf2cd89b497eae2b5c0f0cac77913	4707
N	*	250	*	*	*	*	*	588be0dfc6b6ca93dafa43f39907fe8f	*
L	20570	1402	*	*	*	*	*	1142	*
H	20570	250	100.0	+	0	0	447I250M705I	985186d08524adfa1dd0a5508be9fd5c	1142
L	20425	1435	*	*	*	*	*	556561	*
H	20425	250	99.2	+	0	0	462I250M723I	985186d08524adfa1dd0a5508be9fd5c	556561
L	20534	1466	*	*	*	*	*	101071	*
H	20534	250	99.2	+	0	0	463I250M753I	985186d08524adfa1dd0a5508be9fd5c	101071
L	3793	1308	*	*	*	*	*	494339	*
H	3793	250	96.4	+	0	0	449I250M609I	c8d0fc260798ab91ac26b30fe4ec6ae2	494339
L	10359	1452	*	*	*	*	*	30355	*
H	10359	250	97.2	+	0	0	468I250M734I	c8d0fc260798ab91ac26b30fe4ec6ae2	30355
L	11059	1453	*	*	*	*	*	6206	*
H	11059	250	97.2	+	0	0	454I250M749I	c8d0fc260798ab91ac26b30fe4ec6ae2	6206
N	*	250	*	*	*	*	*	1aa65748c88c1ace9538d63278dd9070	*
N	*	250	*	*	*	*	*	aa130a3e0f8cf5bd4bd8ee84eca894d9	*
L	13755	1512	*	*	*	*	*	838618	*
H	13755	250	92.8	+	0	0	506I250M756I	6013b9e15b35c4e724eb0c323c05f9d3	838618
L	10507	1507	*	*	*	*	*	16026	*
H	10507	250	92.0	+	0	0	501I250M756I	6013b9e15b35c4e724eb0c323c05f9d3	16026
N	*	250	*	*	*	*	*	1c5842d3e810b4d2ab7debcd8cce02eb	*
L	5740	1409	*	*	*	*	*	295151	*
H	5740	250	92.8	+	0	0	356I250M803I	2f2dd0739c68227ea0ddd8c05a62371c	295151
L	5728	1405	*	*	*	*	*	295567	*
H	5728	250	92.8	+	0	0	356I250M799I	2f2dd0739c68227ea0ddd8c05a62371c	295567
L	5727	1412	*	*	*	*	*	295594	*
H	5727	250	92.4	+	0	0	356I250M806I	2f2dd0739c68227ea0ddd8c05a62371c	295594
N	*	250	*	*	*	*	*	aad12d128d47b829c381e6e205b93ad5	*
L	16218	1419	*	*	*	*	*	4268173	*
H	16218	250	100.0	+	0	0	481I250M688I	1b158b8b2922d4fcad5d9cea607cbb7d	4268173
L	13290	1528	*	*	*	*	*	2605029	*
H	13290	250	100.0	+	0	0	522I250M756I	1b158b8b2922d4fcad5d9cea607cbb7d	2605029
L	20018	1544	*	*	*	*	*	4468888	*
H	20018	250	100.0	+	0	0	534I250M760I	1b158b8b2922d4fcad5d9cea607cbb7d	4468888
L	2707	1447	*	*	*	*	*	546657	*
H	2707	250	93.6	+	0	0	451I250M746I	1b8c587ade117b2745461e92e508101f	546657
L	15250	1370	*	*	*	*	*	1127433	*
H	15250	250	93.6	+	0	0	427I250M693I	1b8c587ade117b2745461e92e508101f	1127433
L	9137	1443	*	*	*	*	*	138132	*
H	9137	250	92.0	+	0	0	468I250M725I	1b8c587ade117b2745461e92e508101f	138132
L	5878	1373	*	*	*	*	*	289714	*
H	5878	250	99.6	+	0	0	502I250M621I	0152c7b6c862b5ce0d4420eeb2813b20	289714
L	5623	1373	*	*	*	*	*	300045	*
H	5623	250	98.0	+	0	0	500I250M623I	0152c7b6c862b5ce0d4420eeb2813b20	300045
L	1248	1497	*	*	*	*	*	828483	*
H	1248	250	97.2	+	0	0	493I250M754I	0152c7b6c862b5ce0d4420eeb2813b20	828483
N	*	250	*	*	*	*	*	ef7c1a5269fd9613377cd28580399a5f	*
L	14894	1436	*	*	*	*	*	3529331	*
H	14894	250	100.0	+	0	0	491I250M695I	f4f297232da0f8d7dae7f9c432501e22	3529331
L	14917	1416	*	*	*	*	*	3547851	*
H	14917	250	100.0	+	0	0	501I250M665I	f4f297232da0f8d7dae7f9c432501e22	3547851
L	12585	1393	*	*	*	*	*	2231398	*
H	12585	250	100.0	+	0	0	478I250M665I	f4f297232da0f8d7dae7f9c432501e22	2231398
H	16218	250	100.0	+	0	0	305I250M864I	3b1e57d59969c0e4e22215de18ae8549	4268173
L	16824	1546	*	*	*	*	*	4318438	*
H	16824	250	100.0	+	0	0	359I250M937I	3b1e57d59969c0e4e22215de18ae8549	4318438
L	19742	1467	*	*	*	*	*	4456813	*
H	19742	250	100.0	+	0	0	330I250M887I	3b1e57d59969c0e4e22215de18ae8549	4456813
H	7332	250	98.8	+	0	0	354I250M791I	cbe04f9b6374014ed94fd900da1f5eec	197072
L	5377	1355	*	*	*	*	*	311950	*
H	5377	250	98.4	+	0	0	333I250M772I	cbe04f9b6374014ed94fd900da1f5eec	311950
L	14046	1454	*	*	*	*	*	3062665	*
H	14046	250	96.0	+	0	0	334I250M870I	cbe04f9b6374014ed94fd900da1f5eec	3062665
L	3778	1343	*	*	*	*	*	504796	*
H	3778	250	100.0	+	0	0	328I250M765I	4a0995a82d96f424a4af7f074ee45faa	504796
L	143	1342	*	*	*	*	*	1085110	*
H	143	250	100.0	+	0	0	324I250M768I	4a0995a82d96f424a4af7f074ee45faa	1085110
L	13219	1342	*	*	*	*	*	915900	*
H	13219	250	100.0	+	0	0	328I250M764I	4a0995a82d96f424a4af7f074ee45faa	915900
L	6902	1547	*	*	*	*	*	233893	*
H	6902	250	94.0	+	0	0	536I250M761I	0a4009eb300a0f2671383587d6d8401e	233893
L	8306	1521	*	*	*	*	*	172248	*
H	8306	250	94.0	+	0	0	540I250M731I	0a4009eb300a0f2671383587d6d8401e	172248
L	8295	1520	*	*	*	*	*	172804	*
H	8295	250	93.6	+	0	0	542I250M728I	0a4009eb300a0f2671383587d6d8401e	172804
L	6836	1434	*	*	*	*	*	238205	*
H	6836	250	99.2	+	0	0	461I250M723I	3dcf95f04c5e5084618a820fded0a048	238205
L	14785	1385	*	*	*	*	*	855943	*
H	14785	250	99.2	+	0	0	450I250M685I	3dcf95f04c5e5084618a820fded0a048	855943
L	16955	1334	*	*	*	*	*	4323264	*
H	16955	250	99.2	+	0	0	478I250M606I	3dcf95f04c5e5084618a820fded0a048	4323264
L	9501	1525	*	*	*	*	*	107235	*
H	9501	250	92.0	+	0	0	517I178MI61MI11M756I	04a802674683d317a8c7484ce2407ce0	107235
L	10441	1450	*	*	*	*	*	21464	*
H	10441	250	92.4	+	0	0	497I250M703I	04a802674683d317a8c7484ce2407ce0	21464
L	10459	1450	*	*	*	*	*	19113	*
H	10459	250	92.4	+	0	0	497I250M703I	04a802674683d317a8c7484ce2407ce0	19113
N	*	250	*	*	*	*	*	39c427be6b871226380a22285e0eab07	*
L	2306	1431	*	*	*	*	*	567972	*
H	2306	250	99.2	+	0	0	313I250M868I	0275851fbc894e4e11521b975ee679f4	567972
L	5495	1545	*	*	*	*	*	305267	*
H	5495	250	93.2	+	0	0	357I250M938I	0275851fbc894e4e11521b975ee679f4	305267
L	8602	1370	*	*	*	*	*	160883	*
H	8602	250	93.2	+	0	0	266I250M854I	0275851fbc894e4e11521b975ee679f4	160883
L	17056	1387	*	*	*	*	*	4327904	*
H	17056	250	92.0	+	0	0	434I250M703I	dd9c965e5c7fda83513c06726b00417c	4327904
L	12453	1458	*	*	*	*	*	811996	*
H	12453	250	94.0	+	0	0	478I250M730I	dd9c965e5c7fda83513c06726b00417c	811996
L	12454	1459	*	*	*	*	*	805591	*
H	12454	250	94.0	+	0	0	479I250M730I	dd9c965e5c7fda83513c06726b00417c	805591
L	18717	1443	*	*	*	*	*	4407335	*
H	18717	250	100.0	+	0	0	477I250M716I	90a05d597112b554e4480a8eaae4e0aa	4407335
L	12797	1449	*	*	*	*	*	2339949	*
H	12797	250	100.0	+	0	0	489I250M710I	90a05d597112b554e4480a8eaae4e0aa	2339949
L	7528	1390	*	*	*	*	*	191755	*
H	7528	250	100.0	+	0	0	514I250M626I	90a05d597112b554e4480a8eaae4e0aa	191755
N	*	250	*	*	*	*	*	f4ab08967f420d77c4df2ec76139d969	*
L	17461	1365	*	*	*	*	*	4348061	*
H	17461	250	94.8	+	0	0	316I250M799I	f110f4545700032b78deef15ef5dea32	4348061
L	14671	1444	*	*	*	*	*	3405216	*
H	14671	250	94.8	+	0	0	325I250M869I	f110f4545700032b78deef15ef5dea32	3405216
L	4062	1455	*	*	*	*	*	403853	*
H	4062	250	94.8	+	0	0	289I250M916I	f110f4545700032b78deef15ef5dea32	403853
N	*	250	*	*	*	*	*	bd3c45d86ab338880235c8db92437c9e	*
N	*	250	*	*	*	*	*	7b82c179bf0b668853166bf7ba878062	*
H	18629	250	99.6	+	0	0	510I250M681I	ec77e3de9951e4b4183a0afd548a0d47	4402960
H	7332	250	95.2	+	0	0	525I250M620I	ec77e3de9951e4b4183a0afd548a0d47	197072
H	11339	250	95.2	+	0	0	504I250M693I	ec77e3de9951e4b4183a0afd548a0d47	1561504
L	17791	1412	*	*	*	*	*	4362854	*
H	17791	250	100.0	+	0	0	479I250M683I	0d87b112bc336b97248bf4757a668689	4362854
L	13741	1407	*	*	*	*	*	2874742	*
H	13741	250	100.0	+	0	0	482I250M675I	0d87b112bc336b97248bf4757a668689	2874742
L	15355	1513	*	*	*	*	*	3773438	*
H	15355	250	100.0	+	0	0	514I250M749I	0d87b112bc336b97248bf4757a668689	3773438
N	*	250	*	*	*	*	*	a417a5a7190a34b6621068caeeb098c9	*
N	*	250	*	*	*	*	*	7fd3c21116a04e4d959aff701d70b489	*
N	*	250	*	*	*	*	*	f65c9baa481c7ba05ae78b3ef4797218	*
L	17339	1554	*	*	*	*	*	4341595	*
H	17339	250	92.0	+	0	0	543I250M761I	36a9178704fd85b35519ec2d6fca2a56	4341595
L	18925	1514	*	*	*	*	*	4416988	*
H	18925	250	92.0	+	0	0	534I250M730I	36a9178704fd85b35519ec2d6fca2a56	4416988
H	18909	250	91.2	+	0	0	534I250M730I	36a9178704fd85b35519ec2d6fca2a56	4416186
N	*	250	*	*	*	*	*	4453cb651a8781e047b99c045d35d6cf	*
L	5584	1400	*	*	*	*	*	301489	*
H	5584	250	100.0	+	0	0	528I250M622I	4bf3198c78397be5af0b7325d20558de	301489
L	5580	1401	*	*	*	*	*	301626	*
H	5580	250	100.0	+	0	0	528I250M623I	4bf3198c78397be5af0b7325d20558de	301626
L	5579	1378	*	*	*	*	*	301656	*
H	5579	250	100.0	+	0	0	503I250M625I	4bf3198c78397be5af0b7325d20558de	301656
L	3333	1477	*	*	*	*	*	521806	*
H	3333	250	95.6	+	0	0	511I250M716I	d326bbb64c756840cdf8e484f2ea7652	521806
L	16156	1469	*	*	*	*	*	1144004	*
H	16156	250	93.6	+	0	0	511I250M708I	d326bbb64c756840cdf8e484f2ea7652	1144004
L	16848	1492	*	*	*	*	*	4319468	*
H	16848	250	95.6	+	0	0	524I250M718I	d326bbb64c756840cdf8e484f2ea7652	4319468
H	17034	250	100.0	+	0	0	535I250M760I	6c687828e2fdce22a50b09ae7e9e6a1c	4326794
L	19408	1541	*	*	*	*	*	4440404	*
H	19408	250	99.6	+	0	0	531I250M760I	6c687828e2fdce22a50b09ae7e9e6a1c	4440404
L	3818	1544	*	*	*	*	*	470724	*
H	3818	250	98.4	+	0	0	534I250M760I	6c687828e2fdce22a50b09ae7e9e6a1c	470724
L	13967	1539	*	*	*	*	*	1125597	*
H	13967	250	90.8	+	0	0	532I250M757I	4bcfaf7e1d5a83ad3059eca58cd1ab17	1125597
L	13594	1551	*	*	*	*	*	808919	*
H	13594	250	90.4	+	0	0	534I250M767I	4bcfaf7e1d5a83ad3059eca58cd1ab17	808919
L	1338	1551	*	*	*	*	*	815351	*
H	1338	250	90.0	+	0	0	534I196MI54M766I	4bcfaf7e1d5a83ad3059eca58cd1ab17	815351
L	15179	1496	*	*	*	*	*	827973	*
H	15179	250	98.4	+	0	0	520I250M726I	0dc8e0e89e89cf4f0c71808666f6c6e7	827973
L	4990	1431	*	*	*	*	*	336985	*
H	4990	250	97.2	+	0	0	474I250M707I	0dc8e0e89e89cf4f0c71808666f6c6e7	336985
L	14953	1541	*	*	*	*	*	3562592	*
H	14953	250	97.2	+	0	0	529I250M762I	0dc8e0e89e89cf4f0c71808666f6c6e7	3562592
L	5386	1391	*	*	*	*	*	311712	*
H	5386	250	96.8	+	0	0	515I250M626I	c1dc9ad5116d96b8ed863458fc0d0aec	311712
L	5349	1390	*	*	*	*	*	313146	*
H	5349	250	94.0	+	0	0	515I250M625I	c1dc9ad5116d96b8ed863458fc0d0aec	313146
L	2636	1495	*	*	*	*	*	550489	*
H	2636	250	94.0	+	0	0	514I250M731I	c1dc9ad5116d96b8ed863458fc0d0aec	550489
L	6227	1405	*	*	*	*	*	269103	*
H	6227	250	96.4	+	0	0	535I250M620I	a4e94137d3eea12b54dec05caedafe47	269103
H	6365	250	95.6	+	0	0	516I250M625I	a4e94137d3eea12b54dec05caedafe47	263138
L	10616	1498	*	*	*	*	*	14030	*
H	10616	250	93.2	+	0	0	516I250M732I	a4e94137d3eea12b54dec05caedafe47	14030
H	17339	250	100.0	+	0	0	543I250M761I	e336f37a27cbd76db5b0040a8c078e20	4341595
H	18925	250	100.0	+	0	0	534I250M730I	e336f37a27cbd76db5b0040a8c078e20	4416988
H	10546	250	98.8	+	0	0	533I250M704I	e336f37a27cbd76db5b0040a8c078e20	15033
L	6594	1361	*	*	*	*	*	252206	*
H	6594	250	100.0	+	0	0	408I250M703I	51393137c0bd87733bef92c0d82ad05f	252206
L	2920	1433	*	*	*	*	*	532163	*
H	2920	250	100.0	+	0	0	471I250M712I	51393137c0bd87733bef92c0d82ad05f	532163
L	11064	1471	*	*	*	*	*	5796	*
H	11064	250	100.0	+	0	0	478I250M743I	51393137c0bd87733bef92c0d82ad05f	5796
N	*	250	*	*	*	*	*	46903042c50c72eaa1d9b03f71b257c4	*
L	15568	1489	*	*	*	*	*	627028	*
H	15568	250	98.8	+	0	0	511I250M728I	4a765a31e0cf23936b0d98af5f0b7b81	627028
L	9481	1414	*	*	*	*	*	107923	*
H	9481	250	98.8	+	0	0	480I250M684I	4a765a31e0cf23936b0d98af5f0b7b81	107923
L	10949	1418	*	*	*	*	*	8344	*
H	10949	250	98.8	+	0	0	513I250M655I	4a765a31e0cf23936b0d98af5f0b7b81	8344
N	*	250	*	*	*	*	*	a5c20b7f147f4f52dbcf7c2670074bbf	*
L	3034	1413	*	*	*	*	*	529618	*
H	3034	250	100.0	+	0	0	357I250M806I	d94ae22030b5e5c7843ee824dc0c20bf	529618
L	983	1372	*	*	*	*	*	892088	*
H	983	250	100.0	+	0	0	337I250M785I	d94ae22030b5e5c7843ee824dc0c20bf	892088
L	1007	1373	*	*	*	*	*	885319	*
H	1007	250	100.0	+	0	0	337I250M786I	d94ae22030b5e5c7843ee824dc0c20bf	885319
H	14785	250	98.8	+	0	0	450I250M685I	7d28a9e5ac8c019cc2652582737fbcd3	855943
H	16955	250	98.8	+	0	0	478I250M606I	7d28a9e5ac8c019cc2652582737fbcd3	4323264
L	11240	1389	*	*	*	*	*	745368	*
H	11240	250	98.8	+	0	0	414I250M725I	7d28a9e5ac8c019cc2652582737fbcd3	745368
L	5225	1384	*	*	*	*	*	321972	*
H	5225	250	99.2	+	0	0	527I250M607I	5fdacbfd74abb06f94f87f7c539c6246	321972
L	5013	1359	*	*	*	*	*	335523	*
H	5013	250	99.6	+	0	0	507I250M602I	5fdacbfd74abb06f94f87f7c539c6246	335523
L	5443	1361	*	*	*	*	*	308598	*
H	5443	250	99.6	+	0	0	507I250M604I	5fdacbfd74abb06f94f87f7c539c6246	308598
L	7019	1437	*	*	*	*	*	220715	*
H	7019	250	98.0	+	0	0	450I250M737I	8126bb4ee9f7473f7967f8b2d1719c8e	220715
L	6861	1489	*	*	*	*	*	237209	*
H	6861	250	94.4	+	0	0	480I250M759I	8126bb4ee9f7473f7967f8b2d1719c8e	237209
L	19287	1487	*	*	*	*	*	4434972	*
H	19287	250	94.4	+	0	0	480I250M757I	8126bb4ee9f7473f7967f8b2d1719c8e	4434972
H	10441	250	93.6	+	0	0	497I250M703I	e0a25143b7f2e59d7266ee802d1aeb61	21464
H	10459	250	93.6	+	0	0	497I250M703I	e0a25143b7f2e59d7266ee802d1aeb61	19113
H	10507	250	90.8	+	0	0	501I250M756I	e0a25143b7f2e59d7266ee802d1aeb61	16026
L	6569	1455	*	*	*	*	*	253954	*
H	6569	250	96.4	+	0	0	548I250M657I	54f3fa8080e96ee8c48b77627ac0ae3a	253954
L	9253	1528	*	*	*	*	*	130864	*
H	9253	250	96.4	+	0	0	548I250M730I	54f3fa8080e96ee8c48b77627ac0ae3a	130864
L	9273	1526	*	*	*	*	*	129798	*
H	9273	250	96.0	+	0	0	564I250M712I	54f3fa8080e96ee8c48b77627ac0ae3a	129798
N	*	250	*	*	*	*	*	f317a3bc28231cd055d5749b5886ab2d	*
L	2090	1358	*	*	*	*	*	579740	*
H	2090	250	100.0	+	0	0	529I250M579I	a67cb378efc39872e25df8467bd8616e	579740
L	1196	1388	*	*	*	*	*	843972	*
H	1196	250	100.0	+	0	0	519I250M619I	a67cb378efc39872e25df8467bd8616e	843972
L	1921	1368	*	*	*	*	*	588173	*
H	1921	250	100.0	+	0	0	508I250M610I	a67cb378efc39872e25df8467bd8616e	588173
L	3891	1477	*	*	*	*	*	452592	*
H	3891	250	94.0	+	0	0	501I250M726I	c3c8d537f5afdd76af1dd96e7e974368	452592
L	5512	1429	*	*	*	*	*	304383	*
H	5512	250	92.8	+	0	0	504I250M675I	c3c8d537f5afdd76af1dd96e7e974368	304383
L	7777	1391	*	*	*	*	*	185821	*
H	7777	250	92.8	+	0	0	517I250M624I	c3c8d537f5afdd76af1dd96e7e974368	185821
N	*	250	*	*	*	*	*	531153edee0adba240b5e3a522c3f131	*
L	7233	1374	*	*	*	*	*	199654	*
H	7233	250	91.2	+	0	0	416I89M2I161M706I	262ba8fff46ca0c6fee6af217feea7df	199654
L	10502	1466	*	*	*	*	*	16049	*
H	10502	250	90.8	+	0	0	499I56MD37MI156M717I	262ba8fff46ca0c6fee6af217feea7df	16049
L	19062	1515	*	*	*	*	*	4424397	*
H	19062	250	90.4	+	0	0	509I94MI156M755I	262ba8fff46ca0c6fee6af217feea7df	4424397
L	11466	1531	*	*	*	*	*	711917	*
H	11466	250	99.6	+	0	0	542I250M739I	ade3784d6dfd298c1bf09140aaa941fb	711917
L	13232	1367	*	*	*	*	*	990514	*
H	13232	250	99.6	+	0	0	511I250M606I	ade3784d6dfd298c1bf09140aaa941fb	990514
L	11223	1367	*	*	*	*	*	996434	*
H	11223	250	99.6	+	0	0	511I250M606I	ade3784d6dfd298c1bf09140aaa941fb	996434
L	14104	1543	*	*	*	*	*	1105271	*
H	14104	250	90.8	+	0	0	528I250M765I	ee3a8078e2cf6f918a9c22180f8dea9d	1105271
L	13255	1421	*	*	*	*	*	722795	*
H	13255	250	90.4	+	0	0	461I250M710I	8460d749c54a4dd2cde6dd7c7388d686	722795
L	12989	1465	*	*	*	*	*	2449975	*
H	12989	250	90.4	+	0	0	483I250M732I	8460d749c54a4dd2cde6dd7c7388d686	2449975
L	18390	1497	*	*	*	*	*	4390091	*
H	18390	250	90.4	+	0	0	519I250M728I	8460d749c54a4dd2cde6dd7c7388d686	4390091
L	1585	1404	*	*	*	*	*	712848	*
H	1585	250	100.0	+	0	0	445I250M709I	aed3f59201e3b9d21858f36557f42a80	712848
L	8169	1372	*	*	*	*	*	176115	*
H	8169	250	98.8	+	0	0	502I250M620I	aed3f59201e3b9d21858f36557f42a80	176115
L	3814	1524	*	*	*	*	*	471106	*
H	3814	250	99.6	+	0	0	519I250M755I	aed3f59201e3b9d21858f36557f42a80	471106
N	*	250	*	*	*	*	*	a6772a164790bcd0a40146aa2e4950ed	*
N	*	250	*	*	*	*	*	65036964b209c8fb8e92a0bcaccc309f	*
L	9849	1375	*	*	*	*	*	87400	*
H	9849	250	100.0	+	0	0	313I250M812I	7d7d82e4f2db114097a929864000a073	87400
L	1341	1478	*	*	*	*	*	814977	*
H	1341	250	100.0	+	0	0	344I250M884I	7d7d82e4f2db114097a929864000a073	814977
L	2534	1384	*	*	*	*	*	555844	*
H	2534	250	100.0	+	0	0	256I250M878I	7d7d82e4f2db114097a929864000a073	555844
L	19159	1435	*	*	*	*	*	4428929	*
H	19159	250	100.0	+	0	0	492I250M693I	25d727166a36df8d2f6a915a945bf5ac	4428929
L	7815	1395	*	*	*	*	*	185242	*
H	7815	250	96.8	+	0	0	525I250M620I	25d727166a36df8d2f6a915a945bf5ac	185242
L	5298	1359	*	*	*	*	*	316761	*
H	5298	250	96.8	+	0	0	507I250M602I	25d727166a36df8d2f6a915a945bf5ac	316761
N	*	250	*	*	*	*	*	87368903a585e254843c93dbbe0b59de	*
L	15904	1539	*	*	*	*	*	4094808	*
H	15904	250	99.6	+	0	0	547I250M742I	a1a3200b76bcd6000a0914892d370b6e	4094808
L	1778	1498	*	*	*	*	*	619210	*
H	1778	250	99.6	+	0	0	518I250M730I	a1a3200b76bcd6000a0914892d370b6e	619210
L	11801	1512	*	*	*	*	*	1129461	*
H	11801	250	99.6	+	0	0	524I250M738I	a1a3200b76bcd6000a0914892d370b6e	1129461
N	*	250	*	*	*	*	*	35b68da71701471e2732fca02ced7b78	*
L	14256	1369	*	*	*	*	*	1059977	*
H	14256	250	99.6	+	0	0	513I250M606I	d63133c757e4c822d016db63aaa83f83	1059977
H	2306	250	99.6	+	0	0	490I250M691I	d63133c757e4c822d016db63aaa83f83	567972
L	5568	1407	*	*	*	*	*	301946	*
H	5568	250	97.2	+	0	0	533I250M624I	d63133c757e4c822d016db63aaa83f83	301946
H	14104	250	96.8	+	0	0	528I250M765I	0222d3a73fafa53c994878a023dc1efc	1105271
N	*	250	*	*	*	*	*	1f6720450a1dc9d37c5dadc071c4c07f	*
L	19645	1485	*	*	*	*	*	4452560	*
H	19645	250	98.8	+	0	0	334I250M901I	6042fc1dc64cc610f5e026bb2c69bb79	4452560
L	10215	1455	*	*	*	*	*	48977	*
H	10215	250	96.8	+	0	0	324I250M881I	6042fc1dc64cc610f5e026bb2c69bb79	48977
L	9995	1347	*	*	*	*	*	72869	*
H	9995	250	96.8	+	0	0	251I250M846I	6042fc1dc64cc610f5e026bb2c69bb79	72869
D	1007	2	*	*	*	*	100.0	885319	*
D	1585	2	*	*	*	*	100.0	712848	*
D	1835	2	*	*	*	*	91.2	593016	*
D	1921	2	*	*	*	*	100.0	588173	*
D	2306	3	*	*	*	*	99.4	567972	*
D	2534	2	*	*	*	*	100.0	555844	*
D	3760	2	*	*	*	*	99.6	509352	*
D	3891	2	*	*	*	*	94.0	452592	*
D	4062	2	*	*	*	*	94.8	403853	*
D	4539	2	*	*	*	*	100.0	359800	*
D	5092	2	*	*	*	*	96.0	330293	*
D	5153	2	*	*	*	*	100.0	326411	*
D	5314	2	*	*	*	*	99.6	315650	*
D	5386	2	*	*	*	*	96.8	311712	*
D	5443	2	*	*	*	*	99.6	308598	*
D	5579	2	*	*	*	*	100.0	301656	*
D	5728	2	*	*	*	*	92.8	295567	*
D	5878	2	*	*	*	*	99.6	289714	*
D	6227	2	*	*	*	*	96.4	269103	*
D	6436	2	*	*	*	*	100.0	260579	*
D	6557	2	*	*	*	*	90.0	254951	*
D	7019	2	*	*	*	*	98.0	220715	*
D	7124	2	*	*	*	*	100.0	210812	*
D	7233	2	*	*	*	*	91.2	199654	*
D	7332	2	*	*	*	*	98.8	197072	*
D	7426	2	*	*	*	*	95.2	194416	*
D	7528	2	*	*	*	*	100.0	191755	*
D	8276	2	*	*	*	*	96.4	173412	*
D	8306	2	*	*	*	*	94.0	172248	*
D	8620	2	*	*	*	*	97.6	160110	*
D	8964	2	*	*	*	*	96.0	144246	*
D	9253	2	*	*	*	*	96.4	130864	*
D	9450	2	*	*	*	*	100.0	109107	*
D	10444	2	*	*	*	*	98.0	21138	*
D	10459	3	*	*	*	*	93.0	19113	*
D	10501	2	*	*	*	*	100.0	16054	*
D	10949	2	*	*	*	*	98.8	8344	*
D	11059	2	*	*	*	*	97.2	6206	*
D	11064	2	*	*	*	*	100.0	5796	*
D	11096	2	*	*	*	*	96.8	4707	*
D	11223	2	*	*	*	*	99.6	996434	*
D	11240	2	*	*	*	*	98.8	745368	*
D	11801	2	*	*	*	*	99.6	1129461	*
D	12240	2	*	*	*	*	100.0	990300	*
D	12454	2	*	*	*	*	94.0	805591	*
D	12585	2	*	*	*	*	100.0	2231398	*
D	12706	2	*	*	*	*	96.4	919872	*
D	13077	2	*	*	*	*	100.0	1122559	*
D	13219	2	*	*	*	*	100.0	915900	*
D	13752	2	*	*	*	*	100.0	978194	*
D	13755	2	*	*	*	*	92.8	838618	*
D	13797	2	*	*	*	*	98.8	1124888	*
D	13931	2	*	*	*	*	95.6	2998896	*
D	13967	2	*	*	*	*	90.8	1125597	*
D	14104	3	*	*	*	*	93.8	1105271	*
D	15179	2	*	*	*	*	98.4	827973	*
D	15250	2	*	*	*	*	93.6	1127433	*
D	15355	2	*	*	*	*	100.0	3773438	*
D	15983	2	*	*	*	*	100.0	942700	*
D	16711	2	*	*	*	*	98.8	4313041	*
D	16848	2	*	*	*	*	95.6	4319468	*
D	16955	2	*	*	*	*	99.2	4323264	*
D	17034	3	*	*	*	*	99.8	4326794	*
D	17626	2	*	*	*	*	98.4	4355718	*
D	18390	2	*	*	*	*	90.4	4390091	*
D	18629	4	*	*	*	*	99.7	4402960	*
D	18909	2	*	*	*	*	100.0	4416186	*
D	18925	3	*	*	*	*	96.0	4416988	*
D	19159	2	*	*	*	*	100.0	4428929	*
D	19645	2	*	*	*	*	98.8	4452560	*
D	19742	2	*	*	*	*	100.0	4456813	*
D	19958	2	*	*	*	*	92.4	4466720	*
D	20018	2	*	*	*	*	100.0	4468888	*
D	20570	2	*	*	*	*	100.0	1142	*
