UclustConsensusTaxonAssigner parameters:
id_to_taxonomy_filepath:/home/nbokulic/ref_seq_dbs/UNITE/unite_rep_set_97-rdp-taxonomy.txt
id_to_taxonomy_fp:/home/nbokulic/ref_seq_dbs/UNITE/unite_rep_set_97-rdp-taxonomy.txt
max_accepts:5
min_consensus_fraction:0.51
reference_sequences_fp:/home/nbokulic/ref_seq_dbs/UNITE/align/rep_set_uclust_ref_97.fasta
similarity:0.75
unassignable_label:Unassigned
Result path: "/scratch/assign-taxqVWPlKqsLPGbZbKp7ILk.txt"

.uc file contents:

# uclust --input /home/nbokulic/bewolf/psrotot/RDBW_unite/rep_set.fna --id 0.75 --rev --maxaccepts 5 --allhits --libonly --lib /home/nbokulic/ref_seq_dbs/UNITE/align/rep_set_uclust_ref_97.fasta --uc /scratch/UclustConsensusTaxonAssigner_PaOcMP.uc
# version=1.2.22
# Tab-separated fields:
# 1=Type, 2=ClusterNr, 3=SeqLength or ClusterSize, 4=PctId, 5=Strand, 6=QueryStart, 7=SeedStart, 8=Alignment, 9=QueryLabel, 10=TargetLabel
# Record types (field 1): L=LibSeed, S=NewSeed, H=Hit, R=Reject, D=LibCluster, C=NewCluster, N=NoHit
# For C and D types, PctId is average id with seed.
# QueryStart and SeedStart are zero-based relative to start of sequence.
# If minus strand, SeedStart is relative to reverse-complemented seed.
L	6721	555	*	*	*	*	*	HM216212	*
H	6721	101	97.0	+	0	0	7I82M2D17M449I	AB250409 Mock.1_5	HM216212
L	27106	558	*	*	*	*	*	HQ897787	*
H	27106	101	94.1	+	0	0	5D96M462I	AB250409 Mock.1_5	HQ897787
L	20446	1991	*	*	*	*	*	EF397557	*
H	20446	101	98.0	+	0	0	1744I85MD15M147I	AB250409 Mock.1_5	EF397557
L	2386	997	*	*	*	*	*	FJ892747	*
H	2386	101	97.0	+	0	0	259I83MD17M638I	AB250409 Mock.1_5	FJ892747
L	25126	583	*	*	*	*	*	FJ904916	*
H	25126	101	98.0	+	0	0	22I85MD15M461I	AB250409 Mock.1_5	FJ904916
H	6721	101	98.0	+	0	0	7I82M2D17M449I	AF281178 Mock.2_19155	HM216212
H	2386	101	97.0	+	0	0	259I82MD18M638I	AF281178 Mock.2_19155	FJ892747
H	20446	101	98.0	+	0	0	1744I85MD15M147I	AF281178 Mock.2_19155	EF397557
H	25126	101	98.0	+	0	0	22I85MD15M461I	AF281178 Mock.2_19155	FJ904916
L	14672	2196	*	*	*	*	*	AB245442	*
H	14672	101	98.0	+	0	0	1706I85MD15M390I	AF281178 Mock.2_19155	AB245442
L	22967	561	*	*	*	*	*	FJ624262	*
H	22967	91	95.6	+	0	0	23I91M447I	AJ309341 Mock.1_29083	FJ624262
L	22231	589	*	*	*	*	*	FJ582636	*
H	22231	91	95.6	+	0	0	10I91M488I	AJ309341 Mock.1_29083	FJ582636
H	20446	91	94.5	+	0	0	1744I91M156I	AJ309341 Mock.1_29083	EF397557
H	25126	91	94.5	+	0	0	22I91M470I	AJ309341 Mock.1_29083	FJ904916
H	14672	91	94.5	+	0	0	1706I91M399I	AJ309341 Mock.1_29083	AB245442
L	21482	573	*	*	*	*	*	EU551202	*
H	21482	97	99.0	+	0	0	9I97M467I	AM901674 Mock.2_4233	EU551202
L	4539	617	*	*	*	*	*	DQ132818	*
H	4539	97	97.9	+	0	0	61I97M459I	AM901674 Mock.2_4233	DQ132818
L	19237	631	*	*	*	*	*	GQ120969	*
H	19237	97	95.9	+	0	0	24I97M510I	AM901674 Mock.2_4233	GQ120969
L	7271	631	*	*	*	*	*	GQ120993	*
H	7271	97	95.9	+	0	0	24I97M510I	AM901674 Mock.2_4233	GQ120993
L	22593	716	*	*	*	*	*	FN548146	*
H	22593	97	95.9	+	0	0	111I97M508I	AM901674 Mock.2_4233	FN548146
L	2663	412	*	*	*	*	*	DQ286062	*
H	2663	101	100.0	+	0	0	24I101M287I	DQ286062 Mock.1_7	DQ286062
L	23585	1548	*	*	*	*	*	FM865575	*
H	23585	101	77.2	+	0	0	197I51M38I15M2I35M1210I	DQ286062 Mock.1_7	FM865575
L	10378	1556	*	*	*	*	*	JF439173	*
H	10378	101	75.2	+	0	0	197I51M8I13M15I37M1235I	DQ286062 Mock.1_7	JF439173
L	26107	396	*	*	*	*	*	GQ376093	*
H	26107	101	84.2	+	0	0	8I101M287I	DQ286062 Mock.1_7	GQ376093
L	8677	2109	*	*	*	*	*	HQ599425	*
H	8677	101	80.2	+	0	0	123I50M14I34M15I17M1856I	DQ286062 Mock.1_7	HQ599425
H	22593	92	97.8	+	0	0	111I92M513I	DQ681335 Mock.1_1328	FN548146
H	19237	92	97.8	+	0	0	24I92M515I	DQ681335 Mock.1_1328	GQ120969
H	7271	92	97.8	+	0	0	24I92M515I	DQ681335 Mock.1_1328	GQ120993
H	4539	92	95.7	+	0	0	61I92M464I	DQ681335 Mock.1_1328	DQ132818
H	21482	92	96.7	+	0	0	9I92M472I	DQ681335 Mock.1_1328	EU551202
H	4539	94	98.9	+	0	0	61I94M462I	EU551202 Mock.2_9983	DQ132818
H	21482	94	100.0	+	0	0	9I94M470I	EU551202 Mock.2_9983	EU551202
H	7271	94	97.9	+	0	0	24I94M513I	EU551202 Mock.2_9983	GQ120993
H	22593	94	97.9	+	0	0	111I94M511I	EU551202 Mock.2_9983	FN548146
H	19237	94	97.9	+	0	0	24I94M513I	EU551202 Mock.2_9983	GQ120969
L	3195	472	*	*	*	*	*	EU714323	*
H	3195	101	100.0	+	0	0	8I101M363I	EU714323 Mock.2_4	EU714323
L	11712	1619	*	*	*	*	*	JN943282	*
H	11712	101	78.2	+	0	0	22I47M5D34MI15M1500I	EU714323 Mock.2_4	JN943282
L	11711	1620	*	*	*	*	*	JN943281	*
H	11711	101	78.2	+	0	0	22I47M5D34MI15M1501I	EU714323 Mock.2_4	JN943281
L	23749	1446	*	*	*	*	*	FN547612	*
H	23749	101	79.2	+	0	0	198I53M4I29M10I19M1133I	EU714323 Mock.2_4	FN547612
L	10369	1533	*	*	*	*	*	JF439145	*
H	10369	101	78.2	+	0	0	195I54M9I18M3I29M1225I	EU714323 Mock.2_4	JF439145
L	2507	617	*	*	*	*	*	EU821474	*
H	2507	101	98.0	+	0	0	11I101M505I	EU821474 Mock.1_128	EU821474
L	15232	1202	*	*	*	*	*	AB627114	*
H	15232	101	85.1	+	0	0	14D81MI6M1114I	EU821474 Mock.1_128	AB627114
L	20373	677	*	*	*	*	*	EF190279	*
H	20373	101	84.2	+	0	0	25I50M3I33M7I18M541I	EU821474 Mock.1_128	EF190279
L	13030	598	*	*	*	*	*	EU551193	*
H	13030	101	86.1	+	0	0	10I49MD40M3D8M491I	EU821474 Mock.1_128	EU551193
L	17852	559	*	*	*	*	*	AB489089	*
H	17852	101	86.1	+	0	0	8I49MD40M3D8M454I	EU821474 Mock.1_128	AB489089
H	4539	101	98.0	+	0	0	61I101M455I	EU833211 Mock.3_2	DQ132818
H	21482	101	99.0	+	0	0	9I101M463I	EU833211 Mock.3_2	EU551202
H	19237	101	99.0	+	0	0	24I91MI10M505I	EU833211 Mock.3_2	GQ120969
H	22593	101	99.0	+	0	0	111I91MI10M503I	EU833211 Mock.3_2	FN548146
H	7271	101	99.0	+	0	0	24I91MI10M505I	EU833211 Mock.3_2	GQ120993
L	3590	578	*	*	*	*	*	FJ196614	*
H	3590	83	100.0	+	0	0	9I65MI18M485I	FJ196614 Mock.2_39189	FJ196614
L	8751	1585	*	*	*	*	*	HM534896	*
H	8751	83	98.8	+	0	0	123I83M1379I	FJ196614 Mock.2_39189	HM534896
L	8753	1531	*	*	*	*	*	HM534893	*
H	8753	83	98.8	+	0	0	105I83M1343I	FJ196614 Mock.2_39189	HM534893
L	28128	584	*	*	*	*	*	JN681281	*
H	28128	83	97.6	+	0	0	25I83M476I	FJ196614 Mock.2_39189	JN681281
H	6721	83	98.8	+	0	0	7I83M465I	FJ196614 Mock.2_39189	HM216212
L	194	569	*	*	*	*	*	FJ478136	*
H	194	77	98.7	+	0	0	9I77M483I	FJ210573 Mock.1_15840	FJ478136
L	10671	506	*	*	*	*	*	GU062255	*
H	10671	77	98.7	+	0	0	23I77M406I	FJ210573 Mock.1_15840	GU062255
L	11018	326	*	*	*	*	*	JN019381	*
H	11018	77	98.7	+	0	0	10I51M2I26M237I	FJ210573 Mock.1_15840	JN019381
L	14114	565	*	*	*	*	*	GU132456	*
H	14114	77	98.7	+	0	0	13I77M475I	FJ210573 Mock.1_15840	GU132456
L	11135	526	*	*	*	*	*	EF601622	*
H	11135	77	98.7	+	0	0	10I77M439I	FJ210573 Mock.1_15840	EF601622
L	4557	468	*	*	*	*	*	FJ210632	*
H	4557	84	96.4	+	0	0	19I84M365I	FJ582636 Mock.2_15608	FJ210632
L	19102	567	*	*	*	*	*	FJ481036	*
H	19102	84	96.4	+	0	0	8I84M475I	FJ582636 Mock.2_15608	FJ481036
H	28128	84	97.6	+	0	0	25I84M475I	FJ582636 Mock.2_15608	JN681281
L	4558	473	*	*	*	*	*	FJ210606	*
H	4558	84	97.6	+	0	0	17I84M372I	FJ582636 Mock.2_15608	FJ210606
H	6721	84	98.8	+	0	0	7I84M464I	FJ582636 Mock.2_15608	HM216212
H	22231	87	100.0	+	0	0	10I87M492I	FJ624262 Mock.3_1560	FJ582636
H	22967	87	100.0	+	0	0	23I87M451I	FJ624262 Mock.3_1560	FJ624262
H	25126	87	98.9	+	0	0	22I87M474I	FJ624262 Mock.3_1560	FJ904916
H	20446	87	98.9	+	0	0	1744I87M160I	FJ624262 Mock.3_1560	EF397557
H	14672	87	98.9	+	0	0	1706I87M403I	FJ624262 Mock.3_1560	AB245442
L	25840	593	*	*	*	*	*	FJ878626	*
H	25840	101	100.0	+	0	0	8I101M484I	FJ878626 Mock.3_2031	FJ878626
L	1907	567	*	*	*	*	*	FJ556909	*
H	1907	101	99.0	+	0	0	18I101M448I	FJ878626 Mock.3_2031	FJ556909
L	8521	536	*	*	*	*	*	FJ537092	*
H	8521	101	95.0	+	0	0	2D15MI84M436I	FJ878626 Mock.3_2031	FJ537092
L	17171	592	*	*	*	*	*	FJ878648	*
H	17171	101	98.0	+	0	0	8I101M483I	FJ878626 Mock.3_2031	FJ878648
L	23951	578	*	*	*	*	*	FR799494	*
H	23951	101	98.0	+	0	0	24I101M453I	FJ878626 Mock.3_2031	FR799494
H	22967	83	100.0	+	0	0	23I83M455I	FJ903339 Mock.3_15095	FJ624262
L	22488	539	*	*	*	*	*	FJ210600	*
H	22488	83	100.0	+	0	0	21I83M435I	FJ903339 Mock.3_15095	FJ210600
H	6721	83	100.0	+	0	0	7I83M465I	FJ903339 Mock.3_15095	HM216212
L	22965	561	*	*	*	*	*	FJ624268	*
H	22965	83	100.0	+	0	0	25I83M453I	FJ903339 Mock.3_15095	FJ624268
L	22486	514	*	*	*	*	*	FJ210562	*
H	22486	83	100.0	+	0	0	26I83M405I	FJ903339 Mock.3_15095	FJ210562
H	27106	101	95.0	+	0	0	5D96M462I	FJ904916 Mock.2_11	HQ897787
H	20446	101	99.0	+	0	0	1744I86MD14M147I	FJ904916 Mock.2_11	EF397557
H	14672	101	99.0	+	0	0	1706I86MD14M390I	FJ904916 Mock.2_11	AB245442
L	22234	1138	*	*	*	*	*	EU926221	*
H	22234	101	93.1	+	0	0	7D94M1044I	FJ904916 Mock.2_11	EU926221
H	6721	101	98.0	+	0	0	7I84M2D15M449I	FJ904916 Mock.2_11	HM216212
L	1982	610	*	*	*	*	*	EU833211	*
H	1982	101	99.0	+	0	0	8I32MI69M500I	FN548146 Mock.2_10300	EU833211
H	22593	101	99.0	+	0	0	111I101M504I	FN548146 Mock.2_10300	FN548146
H	19237	101	99.0	+	0	0	24I101M506I	FN548146 Mock.2_10300	GQ120969
H	7271	101	99.0	+	0	0	24I101M506I	FN548146 Mock.2_10300	GQ120993
H	21482	101	98.0	+	0	0	9I91MD9M464I	FN548146 Mock.2_10300	EU551202
L	18019	743	*	*	*	*	*	GQ376079	*
H	18019	101	100.0	+	0	0	8I101M634I	GQ376079 Mock.2_8	GQ376079
L	26606	440	*	*	*	*	*	AF422939	*
H	26606	101	86.1	+	0	0	14D87M353I	GQ376079 Mock.2_8	AF422939
L	8016	309	*	*	*	*	*	AY139785	*
H	8016	101	81.2	+	0	0	16D64MI21M223I	GQ376079 Mock.2_8	AY139785
L	9394	2455	*	*	*	*	*	AY325966	*
H	9394	101	82.2	+	0	0	1750I72M8I8M13I21M583I	GQ376079 Mock.2_8	AY325966
L	980	2371	*	*	*	*	*	U10409	*
H	980	101	75.2	+	0	0	1761I49MD15M8I20M4I16M498I	GQ376079 Mock.2_8	U10409
L	669	416	*	*	*	*	*	EF197948	*
H	669	101	97.0	+	0	0	3D98M318I	GQ376083 Mock.1_0	EF197948
L	24610	424	*	*	*	*	*	GQ376083	*
H	24610	101	100.0	+	0	0	4I43MI58M318I	GQ376083 Mock.1_0	GQ376083
L	22750	746	*	*	*	*	*	FJ481032	*
H	22750	101	77.2	+	0	0	8I44M31I14M3I19MI24M602I	GQ376083 Mock.1_0	FJ481032
L	11376	806	*	*	*	*	*	JN887638	*
H	11376	101	76.2	+	0	0	84I55M30I27M4I19M587I	GQ376083 Mock.1_0	JN887638
L	23740	1729	*	*	*	*	*	FM876786	*
H	23740	101	77.2	+	0	0	245I44M14I24M11I33M1358I	GQ376083 Mock.1_0	FM876786
L	165	586	*	*	*	*	*	DQ680681	*
H	165	101	95.0	+	0	0	227I101M258I	GQ376093 Mock.1_40	DQ680681
H	26107	101	97.0	+	0	0	8I101M287I	GQ376093 Mock.1_40	GQ376093
L	8643	232	*	*	*	*	*	FJ499461	*
H	8643	101	82.2	+	0	0	15D86M146I	GQ376093 Mock.1_40	FJ499461
L	19864	605	*	*	*	*	*	DQ683112	*
H	19864	101	90.1	+	0	0	245I101M259I	GQ376093 Mock.1_40	DQ683112
L	5443	2864	*	*	*	*	*	GQ458034	*
H	5443	101	80.2	+	0	0	12D56MI33M2774I	GQ376093 Mock.1_40	GQ458034
L	28129	2961	*	*	*	*	*	GQ458041	*
H	28129	101	100.0	+	0	0	1712I101M1148I	GQ458041 Mock.2_30	GQ458041
L	25215	460	*	*	*	*	*	FJ861384	*
H	25215	101	100.0	+	0	0	18I101M341I	GQ458041 Mock.2_30	FJ861384
L	163	621	*	*	*	*	*	DQ667978	*
H	163	101	92.1	+	0	0	4D97M524I	GQ458041 Mock.2_30	DQ667978
L	160	660	*	*	*	*	*	EF192226	*
H	160	101	96.0	+	0	0	15I101M544I	GQ458041 Mock.2_30	EF192226
L	14428	653	*	*	*	*	*	AB513338	*
H	14428	101	99.0	+	0	0	9I101M543I	GQ458041 Mock.2_30	AB513338
H	22967	92	95.7	+	0	0	23I92M446I	GU062214 Mock.1_841	FJ624262
H	27106	92	94.6	+	0	0	5D87M471I	GU062214 Mock.1_841	HQ897787
H	22231	92	95.7	+	0	0	10I92M487I	GU062214 Mock.1_841	FJ582636
H	25126	92	98.9	+	0	0	22I86MD5M470I	GU062214 Mock.1_841	FJ904916
H	14672	92	98.9	+	0	0	1706I86MD5M399I	GU062214 Mock.1_841	AB245442
H	8753	83	98.8	+	0	0	105I83M1343I	GU062251 Mock.1_28622	HM534893
L	27143	1559	*	*	*	*	*	JF440985	*
H	27143	83	98.8	+	0	0	123I83M1353I	GU062251 Mock.1_28622	JF440985
H	8751	83	98.8	+	0	0	123I83M1379I	GU062251 Mock.1_28622	HM534896
L	3232	542	*	*	*	*	*	EF687948	*
H	3232	83	98.8	+	0	0	10I83M449I	GU062251 Mock.1_28622	EF687948
H	25126	83	98.8	+	0	0	22I83M478I	GU062251 Mock.1_28622	FJ904916
H	10671	84	100.0	+	0	0	23I84M399I	GU062255 Mock.1_8251	GU062255
H	22231	84	100.0	+	0	0	10I84M495I	GU062255 Mock.1_8251	FJ582636
L	14432	528	*	*	*	*	*	GU062251	*
H	14432	84	100.0	+	0	0	23I84M421I	GU062255 Mock.1_8251	GU062251
H	20446	84	100.0	+	0	0	1744I84M163I	GU062255 Mock.1_8251	EF397557
H	6721	84	100.0	+	0	0	7I84M464I	GU062255 Mock.1_8251	HM216212
L	12492	546	*	*	*	*	*	FJ210573	*
H	12492	82	100.0	+	0	0	19I82M445I	GU132456 Mock.2_32520	FJ210573
H	20446	82	100.0	+	0	0	1744I82M165I	GU132456 Mock.2_32520	EF397557
H	22231	82	100.0	+	0	0	10I82M497I	GU132456 Mock.2_32520	FJ582636
H	10671	82	100.0	+	0	0	23I82M401I	GU132456 Mock.2_32520	GU062255
L	5596	504	*	*	*	*	*	GU062249	*
H	5596	82	100.0	+	0	0	22I82M400I	GU132456 Mock.2_32520	GU062249
H	22967	91	96.7	+	0	0	23I91M447I	JN019381 Mock.1_3366	FJ624262
H	22231	91	96.7	+	0	0	10I91M488I	JN019381 Mock.1_3366	FJ582636
H	14672	91	95.6	+	0	0	1706I91M399I	JN019381 Mock.1_3366	AB245442
H	25126	91	95.6	+	0	0	22I91M470I	JN019381 Mock.1_3366	FJ904916
H	20446	91	95.6	+	0	0	1744I91M156I	JN019381 Mock.1_3366	EF397557
N	*	101	*	*	*	*	*	New.ReferenceOTU0 Mock.2_7524	*
H	26107	101	94.1	+	0	0	8I101M287I	New.ReferenceOTU1 Mock.1_27540	GQ376093
H	165	101	90.1	+	0	0	227I101M258I	New.ReferenceOTU1 Mock.1_27540	DQ680681
L	22512	236	*	*	*	*	*	FJ227897	*
H	22512	101	82.2	+	0	0	8D93M143I	New.ReferenceOTU1 Mock.1_27540	FJ227897
H	5443	101	84.2	+	0	0	12D61MI28M2774I	New.ReferenceOTU1 Mock.1_27540	GQ458034
L	13572	304	*	*	*	*	*	FJ499435	*
H	13572	101	82.2	+	0	0	12D10MI79M214I	New.ReferenceOTU1 Mock.1_27540	FJ499435
H	2663	101	86.1	+	0	0	24I101M287I	New.ReferenceOTU2 Mock.1_9147	DQ286062
H	19864	101	88.1	+	0	0	245I101M259I	New.ReferenceOTU2 Mock.1_9147	DQ683112
L	10365	1542	*	*	*	*	*	JF439147	*
H	10365	101	78.2	+	0	0	197I51M59I50M1185I	New.ReferenceOTU2 Mock.1_9147	JF439147
L	4088	2934	*	*	*	*	*	AF350243	*
H	4088	101	76.2	+	0	0	1735I46M9I10M20I45M1069I	New.ReferenceOTU2 Mock.1_9147	AF350243
L	4353	1464	*	*	*	*	*	AM713403	*
H	4353	101	75.2	+	0	0	144I46M16I8M8I47M1195I	New.ReferenceOTU2 Mock.1_9147	AM713403
H	19864	101	93.1	+	0	0	245I101M259I	New.ReferenceOTU3 Mock.3_6461	DQ683112
L	12511	354	*	*	*	*	*	DQ681363	*
H	12511	101	84.2	+	0	0	14D87M267I	New.ReferenceOTU3 Mock.3_6461	DQ681363
H	26107	101	94.1	+	0	0	8I101M287I	New.ReferenceOTU3 Mock.3_6461	GQ376093
H	2663	101	85.1	+	0	0	24I101M287I	New.ReferenceOTU3 Mock.3_6461	DQ286062
H	165	101	90.1	+	0	0	227I101M258I	New.ReferenceOTU3 Mock.3_6461	DQ680681
H	19864	101	94.1	+	0	0	245I101M259I	New.ReferenceOTU4 Mock.2_1308	DQ683112
H	12511	101	83.2	+	0	0	14D87M267I	New.ReferenceOTU4 Mock.2_1308	DQ681363
L	14881	376	*	*	*	*	*	DQ907937	*
H	14881	101	82.2	+	0	0	14D8MI79M288I	New.ReferenceOTU4 Mock.2_1308	DQ907937
H	26107	101	90.1	+	0	0	8I101M287I	New.ReferenceOTU4 Mock.2_1308	GQ376093
H	2663	101	86.1	+	0	0	24I101M287I	New.ReferenceOTU4 Mock.2_1308	DQ286062
L	14810	510	*	*	*	*	*	FJ515204	*
H	14810	101	84.2	+	0	0	16D85M425I	New.ReferenceOTU5 Mock.1_6335	FJ515204
L	717	488	*	*	*	*	*	EF203939	*
H	717	101	81.2	+	0	0	12D89M399I	New.ReferenceOTU5 Mock.1_6335	EF203939
L	261	517	*	*	*	*	*	DQ871598	*
H	261	101	94.1	+	0	0	3D98M419I	New.ReferenceOTU5 Mock.1_6335	DQ871598
L	1914	488	*	*	*	*	*	AF455401	*
H	1914	101	88.1	+	0	0	10D91M397I	New.ReferenceOTU5 Mock.1_6335	AF455401
L	716	489	*	*	*	*	*	EF203938	*
H	716	101	81.2	+	0	0	11D90M399I	New.ReferenceOTU5 Mock.1_6335	EF203938
L	23330	1158	*	*	*	*	*	FJ865435	*
H	23330	94	84.0	+	0	0	14D8MI72M1077I	New.ReferenceOTU6 Mock.2_55739	FJ865435
L	25001	564	*	*	*	*	*	EU568909	*
H	25001	94	80.9	+	0	0	16D78M486I	New.ReferenceOTU6 Mock.2_55739	EU568909
H	18019	94	89.4	+	0	0	8I55M33I9MI13M34I17M573I	New.ReferenceOTU6 Mock.2_55739	GQ376079
H	26107	101	96.0	+	0	0	8I101M287I	New.ReferenceOTU7 Mock.3_19464	GQ376093
H	165	101	90.1	+	0	0	227I101M258I	New.ReferenceOTU7 Mock.3_19464	DQ680681
H	8643	101	81.2	+	0	0	15D86M146I	New.ReferenceOTU7 Mock.3_19464	FJ499461
H	5443	101	82.2	+	0	0	12D60MI29M2774I	New.ReferenceOTU7 Mock.3_19464	GQ458034
L	7516	387	*	*	*	*	*	AF015250	*
H	7516	101	88.1	+	0	0	11I101M275I	New.ReferenceOTU7 Mock.3_19464	AF015250
H	22967	91	95.6	+	0	0	23I91M447I	New.CleanUp.ReferenceOTU1 Mock.3_52699	FJ624262
H	22231	91	95.6	+	0	0	10I91M488I	New.CleanUp.ReferenceOTU1 Mock.3_52699	FJ582636
H	14672	91	94.5	+	0	0	1706I91M399I	New.CleanUp.ReferenceOTU1 Mock.3_52699	AB245442
H	20446	91	94.5	+	0	0	1744I91M156I	New.CleanUp.ReferenceOTU1 Mock.3_52699	EF397557
H	25126	91	94.5	+	0	0	22I91M470I	New.CleanUp.ReferenceOTU1 Mock.3_52699	FJ904916
H	2507	86	96.5	+	0	0	11I86M520I	New.CleanUp.ReferenceOTU10 Mock.2_55974	EU821474
H	15232	86	82.6	+	0	0	14D72M1130I	New.CleanUp.ReferenceOTU10 Mock.2_55974	AB627114
H	20373	86	87.2	+	0	0	25I50M3I36M563I	New.CleanUp.ReferenceOTU10 Mock.2_55974	EF190279
H	13030	86	90.7	+	0	0	10I49MD36M503I	New.CleanUp.ReferenceOTU10 Mock.2_55974	EU551193
L	7216	714	*	*	*	*	*	AY228112	*
H	7216	86	90.7	+	0	0	127I49MD36M502I	New.CleanUp.ReferenceOTU10 Mock.2_55974	AY228112
H	669	101	93.1	+	0	0	3D98M318I	New.CleanUp.ReferenceOTU105 Mock.1_21242	EF197948
H	24610	101	96.0	+	0	0	4I44MI57M318I	New.CleanUp.ReferenceOTU105 Mock.1_21242	GQ376083
H	4088	101	75.2	+	0	0	1735I47M9I35M2I19M1087I	New.CleanUp.ReferenceOTU105 Mock.1_21242	AF350243
H	25001	101	83.2	+	0	0	16D85M479I	New.CleanUp.ReferenceOTU106 Mock.1_5337	EU568909
H	23330	101	79.2	+	0	0	14D8MI79M1070I	New.CleanUp.ReferenceOTU106 Mock.1_5337	FJ865435
L	3055	2121	*	*	*	*	*	EU825956	*
H	3055	101	77.2	+	0	0	9I52M3I25M10I24M1998I	New.CleanUp.ReferenceOTU106 Mock.1_5337	EU825956
H	980	101	80.2	+	0	0	1761I46M7I20MI11M5I24M496I	New.CleanUp.ReferenceOTU106 Mock.1_5337	U10409
L	17983	2396	*	*	*	*	*	AY313953	*
H	17983	101	76.2	+	0	0	1699I46M6I21M3I18M8I16M579I	New.CleanUp.ReferenceOTU106 Mock.1_5337	AY313953
H	6721	96	95.8	+	0	0	7I82M2D12M454I	New.CleanUp.ReferenceOTU107 Mock.2_69443	HM216212
H	27106	96	92.7	+	0	0	5D91M467I	New.CleanUp.ReferenceOTU107 Mock.2_69443	HQ897787
H	14672	96	96.9	+	0	0	1706I85MD10M395I	New.CleanUp.ReferenceOTU107 Mock.2_69443	AB245442
H	20446	96	96.9	+	0	0	1744I85MD10M152I	New.CleanUp.ReferenceOTU107 Mock.2_69443	EF397557
H	25126	96	96.9	+	0	0	22I85MD10M466I	New.CleanUp.ReferenceOTU107 Mock.2_69443	FJ904916
N	*	101	*	*	*	*	*	New.CleanUp.ReferenceOTU11 Mock.2_5394	*
H	22231	91	96.7	+	0	0	10I91M488I	New.CleanUp.ReferenceOTU115 Mock.2_64627	FJ582636
H	22967	91	96.7	+	0	0	23I91M447I	New.CleanUp.ReferenceOTU115 Mock.2_64627	FJ624262
H	14432	91	93.4	+	0	0	23I91M414I	New.CleanUp.ReferenceOTU115 Mock.2_64627	GU062251
L	3349	603	*	*	*	*	*	FN868469	*
H	3349	91	93.4	+	0	0	22I91M490I	New.CleanUp.ReferenceOTU115 Mock.2_64627	FN868469
H	14672	91	95.6	+	0	0	1706I91M399I	New.CleanUp.ReferenceOTU115 Mock.2_64627	AB245442
H	22512	101	84.2	+	0	0	8D93M143I	New.CleanUp.ReferenceOTU118 Mock.1_724	FJ227897
H	5443	101	86.1	+	0	0	12D61MI28M2774I	New.CleanUp.ReferenceOTU118 Mock.1_724	GQ458034
H	13572	101	84.2	+	0	0	12D10MI79M214I	New.CleanUp.ReferenceOTU118 Mock.1_724	FJ499435
L	25450	344	*	*	*	*	*	HM037986	*
H	25450	101	85.1	+	0	0	12D9MI80M254I	New.CleanUp.ReferenceOTU118 Mock.1_724	HM037986
H	26107	101	92.1	+	0	0	8I101M287I	New.CleanUp.ReferenceOTU118 Mock.1_724	GQ376093
H	2663	101	81.2	+	0	0	24I101M287I	New.CleanUp.ReferenceOTU120 Mock.1_54066	DQ286062
H	19864	101	89.1	+	0	0	245I101M259I	New.CleanUp.ReferenceOTU120 Mock.1_54066	DQ683112
H	26107	101	90.1	+	0	0	8I101M287I	New.CleanUp.ReferenceOTU120 Mock.1_54066	GQ376093
H	12511	101	80.2	+	0	0	14D87M267I	New.CleanUp.ReferenceOTU120 Mock.1_54066	DQ681363
H	14881	101	77.2	+	0	0	14D8MI79M288I	New.CleanUp.ReferenceOTU120 Mock.1_54066	DQ907937
H	26107	91	93.4	+	0	0	8I91M297I	New.CleanUp.ReferenceOTU125 Mock.2_31673	GQ376093
L	13237	681	*	*	*	*	*	FJ755858	*
H	13237	91	78.0	+	0	0	23I52M14I39M553I	New.CleanUp.ReferenceOTU125 Mock.2_31673	FJ755858
H	165	91	86.8	+	0	0	227I91M268I	New.CleanUp.ReferenceOTU125 Mock.2_31673	DQ680681
H	7516	91	90.1	+	0	0	11I77MI14M284I	New.CleanUp.ReferenceOTU125 Mock.2_31673	AF015250
L	11707	1556	*	*	*	*	*	JN943277	*
H	11707	91	75.8	+	0	0	22I73M7I18M1436I	New.CleanUp.ReferenceOTU125 Mock.2_31673	JN943277
H	165	89	92.1	+	0	0	227I89M270I	New.CleanUp.ReferenceOTU128 Mock.1_42547	DQ680681
H	26107	89	94.4	+	0	0	8I89M299I	New.CleanUp.ReferenceOTU128 Mock.1_42547	GQ376093
H	11711	89	76.4	+	0	0	22I76MD12M1510I	New.CleanUp.ReferenceOTU128 Mock.1_42547	JN943281
L	11403	1586	*	*	*	*	*	FN547490	*
H	11403	89	75.3	+	0	0	197I57M2I32M1298I	New.CleanUp.ReferenceOTU128 Mock.1_42547	FN547490
H	11707	89	79.8	+	0	0	22I46M9I35M2I8M1434I	New.CleanUp.ReferenceOTU128 Mock.1_42547	JN943277
N	*	101	*	*	*	*	*	New.CleanUp.ReferenceOTU129 Mock.2_70021	*
N	*	101	*	*	*	*	*	New.CleanUp.ReferenceOTU133 Mock.1_20046	*
H	165	101	92.1	+	0	0	227I101M258I	New.CleanUp.ReferenceOTU136 Mock.2_13064	DQ680681
H	26107	101	94.1	+	0	0	8I101M287I	New.CleanUp.ReferenceOTU136 Mock.2_13064	GQ376093
H	5443	101	80.2	+	0	0	12D56MI33M2774I	New.CleanUp.ReferenceOTU136 Mock.2_13064	GQ458034
H	8643	101	79.2	+	0	0	15D86M146I	New.CleanUp.ReferenceOTU136 Mock.2_13064	FJ499461
H	22512	101	76.2	+	0	0	8D93M143I	New.CleanUp.ReferenceOTU136 Mock.2_13064	FJ227897
N	*	101	*	*	*	*	*	New.CleanUp.ReferenceOTU142 Mock.2_13237	*
H	22231	91	95.6	+	0	0	10I91M488I	New.CleanUp.ReferenceOTU144 Mock.1_12567	FJ582636
H	14672	91	94.5	+	0	0	1706I91M399I	New.CleanUp.ReferenceOTU144 Mock.1_12567	AB245442
H	22967	91	95.6	+	0	0	23I91M447I	New.CleanUp.ReferenceOTU144 Mock.1_12567	FJ624262
H	20446	91	94.5	+	0	0	1744I91M156I	New.CleanUp.ReferenceOTU144 Mock.1_12567	EF397557
L	15479	1510	*	*	*	*	*	AF081478	*
H	15479	91	93.4	+	0	0	315I68M2I23M1102I	New.CleanUp.ReferenceOTU144 Mock.1_12567	AF081478
H	194	101	92.1	+	0	0	9I85M2D14M461I	New.CleanUp.ReferenceOTU147 Mock.2_64849	FJ478136
H	14114	101	92.1	+	0	0	13I85M2D14M453I	New.CleanUp.ReferenceOTU147 Mock.2_64849	GU132456
H	2386	101	95.0	+	0	0	259I83MD17M638I	New.CleanUp.ReferenceOTU147 Mock.2_64849	FJ892747
H	25126	101	96.0	+	0	0	22I85MD15M461I	New.CleanUp.ReferenceOTU147 Mock.2_64849	FJ904916
H	20446	101	96.0	+	0	0	1744I85MD15M147I	New.CleanUp.ReferenceOTU147 Mock.2_64849	EF397557
H	2663	101	96.0	+	0	0	24I101M287I	New.CleanUp.ReferenceOTU149 Mock.2_58493	DQ286062
L	26491	1344	*	*	*	*	*	HQ604517	*
H	26491	101	79.2	+	0	0	8I54M48I12MD34M1188I	New.CleanUp.ReferenceOTU149 Mock.2_58493	HQ604517
L	1025	2841	*	*	*	*	*	AB300502	*
H	1025	101	75.2	+	0	0	1667I49M10I24MI19M2I9M1060I	New.CleanUp.ReferenceOTU149 Mock.2_58493	AB300502
N	*	101	*	*	*	*	*	New.CleanUp.ReferenceOTU150 Mock.2_72741	*
N	*	94	*	*	*	*	*	New.CleanUp.ReferenceOTU153 Mock.3_16011	*
N	*	101	*	*	*	*	*	New.CleanUp.ReferenceOTU157 Mock.2_44184	*
H	165	101	92.1	+	0	0	227I101M258I	New.CleanUp.ReferenceOTU161 Mock.1_39577	DQ680681
H	26107	101	94.1	+	0	0	8I101M287I	New.CleanUp.ReferenceOTU161 Mock.1_39577	GQ376093
H	19864	101	91.1	+	0	0	245I101M259I	New.CleanUp.ReferenceOTU161 Mock.1_39577	DQ683112
H	12511	101	82.2	+	0	0	14D87M267I	New.CleanUp.ReferenceOTU161 Mock.1_39577	DQ681363
H	5443	101	79.2	+	0	0	12D53MI36M2774I	New.CleanUp.ReferenceOTU161 Mock.1_39577	GQ458034
N	*	101	*	*	*	*	*	New.CleanUp.ReferenceOTU166 Mock.3_9034	*
L	17317	690	*	*	*	*	*	AM279464	*
H	17317	101	84.2	+	0	0	16D85M605I	New.CleanUp.ReferenceOTU167 Mock.2_132	AM279464
L	17320	736	*	*	*	*	*	AM279696	*
H	17320	101	84.2	+	0	0	16D65MI20M650I	New.CleanUp.ReferenceOTU167 Mock.2_132	AM279696
L	18812	2517	*	*	*	*	*	AY881650	*
H	18812	101	81.2	+	0	0	1738I63M7I38M671I	New.CleanUp.ReferenceOTU167 Mock.2_132	AY881650
H	9394	101	81.2	+	0	0	1750I50M26I51M578I	New.CleanUp.ReferenceOTU167 Mock.2_132	AY325966
L	17900	2062	*	*	*	*	*	AY251628	*
H	17900	101	81.2	+	0	0	1759I79M10I22M192I	New.CleanUp.ReferenceOTU167 Mock.2_132	AY251628
L	23981	546	*	*	*	*	*	FJ459981	*
H	23981	101	83.2	+	0	0	16D70MD14M462I	New.CleanUp.ReferenceOTU171 Mock.3_83	FJ459981
L	3860	566	*	*	*	*	*	FJ459982	*
H	3860	101	82.2	+	0	0	16D85M481I	New.CleanUp.ReferenceOTU171 Mock.3_83	FJ459982
L	11160	440	*	*	*	*	*	JN545777	*
H	11160	101	81.2	+	0	0	15D68M2D16M356I	New.CleanUp.ReferenceOTU171 Mock.3_83	JN545777
L	25482	232	*	*	*	*	*	GU253286	*
H	25482	101	82.2	+	0	0	15D68MD17M147I	New.CleanUp.ReferenceOTU171 Mock.3_83	GU253286
H	27106	101	92.1	+	0	0	5D96M462I	New.CleanUp.ReferenceOTU171 Mock.3_83	HQ897787
H	165	101	94.1	+	0	0	227I101M258I	New.CleanUp.ReferenceOTU173 Mock.3_86	DQ680681
H	26107	101	96.0	+	0	0	8I101M287I	New.CleanUp.ReferenceOTU173 Mock.3_86	GQ376093
H	8643	101	81.2	+	0	0	15D86M146I	New.CleanUp.ReferenceOTU173 Mock.3_86	FJ499461
H	19864	101	89.1	+	0	0	245I101M259I	New.CleanUp.ReferenceOTU173 Mock.3_86	DQ683112
H	5443	101	79.2	+	0	0	12D56MI33M2774I	New.CleanUp.ReferenceOTU173 Mock.3_86	GQ458034
N	*	101	*	*	*	*	*	New.CleanUp.ReferenceOTU30 Mock.2_5485	*
N	*	101	*	*	*	*	*	New.CleanUp.ReferenceOTU39 Mock.1_6422	*
H	22512	97	82.5	+	0	0	8D89M147I	New.CleanUp.ReferenceOTU46 Mock.2_69723	FJ227897
H	5443	97	84.5	+	0	0	12D61MI24M2778I	New.CleanUp.ReferenceOTU46 Mock.2_69723	GQ458034
H	26107	97	90.7	+	0	0	8I97M291I	New.CleanUp.ReferenceOTU46 Mock.2_69723	GQ376093
H	13572	97	82.5	+	0	0	12D10MI75M218I	New.CleanUp.ReferenceOTU46 Mock.2_69723	FJ499435
H	25450	97	83.5	+	0	0	12D9MI76M258I	New.CleanUp.ReferenceOTU46 Mock.2_69723	HM037986
H	165	101	89.1	+	0	0	227I101M258I	New.CleanUp.ReferenceOTU48 Mock.2_50493	DQ680681
H	26107	101	91.1	+	0	0	8I101M287I	New.CleanUp.ReferenceOTU48 Mock.2_50493	GQ376093
H	5443	101	81.2	+	0	0	12D59MI30M2774I	New.CleanUp.ReferenceOTU48 Mock.2_50493	GQ458034
H	2663	101	91.1	+	0	0	24I101M287I	New.CleanUp.ReferenceOTU48 Mock.2_50493	DQ286062
H	11707	101	76.2	+	0	0	22I62M28I39M1405I	New.CleanUp.ReferenceOTU48 Mock.2_50493	JN943277
N	*	101	*	*	*	*	*	New.CleanUp.ReferenceOTU5 Mock.2_3312	*
H	26107	101	96.0	+	0	0	8I101M287I	New.CleanUp.ReferenceOTU53 Mock.1_63364	GQ376093
H	165	101	92.1	+	0	0	227I101M258I	New.CleanUp.ReferenceOTU53 Mock.1_63364	DQ680681
H	8643	101	81.2	+	0	0	15D86M146I	New.CleanUp.ReferenceOTU53 Mock.1_63364	FJ499461
H	22512	101	80.2	+	0	0	8D93M143I	New.CleanUp.ReferenceOTU53 Mock.1_63364	FJ227897
H	5443	101	82.2	+	0	0	12D61MI28M2774I	New.CleanUp.ReferenceOTU53 Mock.1_63364	GQ458034
N	*	95	*	*	*	*	*	New.CleanUp.ReferenceOTU54 Mock.1_44342	*
N	*	101	*	*	*	*	*	New.CleanUp.ReferenceOTU6 Mock.3_13680	*
N	*	101	*	*	*	*	*	New.CleanUp.ReferenceOTU61 Mock.2_8064	*
H	19864	92	89.1	+	0	0	245I92M268I	New.CleanUp.ReferenceOTU67 Mock.1_53045	DQ683112
H	2663	92	93.5	+	0	0	24I92M296I	New.CleanUp.ReferenceOTU67 Mock.1_53045	DQ286062
H	12511	92	78.3	+	0	0	14D78M276I	New.CleanUp.ReferenceOTU67 Mock.1_53045	DQ681363
L	23751	1543	*	*	*	*	*	FN547665	*
H	23751	92	75.0	+	0	0	194I58M6I34M1251I	New.CleanUp.ReferenceOTU67 Mock.1_53045	FN547665
H	4353	92	77.2	+	0	0	144I46MD21M3I24M1226I	New.CleanUp.ReferenceOTU67 Mock.1_53045	AM713403
H	2507	95	94.7	+	0	0	11I95M511I	New.CleanUp.ReferenceOTU68 Mock.1_5491	EU821474
H	20373	95	86.3	+	0	0	25I50M3I31M7I14M547I	New.CleanUp.ReferenceOTU68 Mock.1_5491	EF190279
H	17852	95	83.2	+	0	0	8I49MD45M457I	New.CleanUp.ReferenceOTU68 Mock.1_5491	AB489089
H	13030	95	83.2	+	0	0	10I49MD45M494I	New.CleanUp.ReferenceOTU68 Mock.1_5491	EU551193
H	7216	95	86.3	+	0	0	127I49MD34MI11M492I	New.CleanUp.ReferenceOTU68 Mock.1_5491	AY228112
L	29057	806	*	*	*	*	*	UDB003358	*
H	29057	101	75.2	+	0	0	144I54M17I26M4I21M540I	New.CleanUp.ReferenceOTU71 Mock.3_69820	UDB003358
H	669	101	93.1	+	0	0	3D98M318I	New.CleanUp.ReferenceOTU72 Mock.2_29742	EF197948
H	24610	101	96.0	+	0	0	4I43MI58M318I	New.CleanUp.ReferenceOTU72 Mock.2_29742	GQ376083
N	*	101	*	*	*	*	*	New.CleanUp.ReferenceOTU82 Mock.3_65355	*
H	669	101	93.1	+	0	0	3D98M318I	New.CleanUp.ReferenceOTU89 Mock.3_43979	EF197948
H	24610	101	96.0	+	0	0	4I43MI58M318I	New.CleanUp.ReferenceOTU89 Mock.3_43979	GQ376083
L	9612	2896	*	*	*	*	*	EU267190	*
H	9612	101	80.2	+	0	0	1785I44M4I16M12I14M22I27M972I	New.CleanUp.ReferenceOTU89 Mock.3_43979	EU267190
H	22750	101	77.2	+	0	0	8I44M31I12M3I21MI24M602I	New.CleanUp.ReferenceOTU89 Mock.3_43979	FJ481032
L	27114	1563	*	*	*	*	*	JF439139	*
H	27114	101	78.2	+	0	0	197I46M9I26M12I16M7I13M1237I	New.CleanUp.ReferenceOTU89 Mock.3_43979	JF439139
H	2663	101	96.0	+	0	0	24I101M287I	New.CleanUp.ReferenceOTU90 Mock.2_73953	DQ286062
H	23585	101	76.2	+	0	0	197I51M38I15M2I35M1210I	New.CleanUp.ReferenceOTU90 Mock.2_73953	FM865575
H	10378	101	76.2	+	0	0	197I51M8I13M15I37M1235I	New.CleanUp.ReferenceOTU90 Mock.2_73953	JF439173
L	8941	1486	*	*	*	*	*	FN825912	*
H	8941	101	75.2	+	0	0	195I64M21I37M1169I	New.CleanUp.ReferenceOTU90 Mock.2_73953	FN825912
L	23592	1795	*	*	*	*	*	FM876804	*
H	23592	101	76.2	+	0	0	245I55M5I32M10I14M1434I	New.CleanUp.ReferenceOTU90 Mock.2_73953	FM876804
H	26107	101	88.1	+	0	0	8I101M287I	New.CleanUp.ReferenceOTU91 Mock.3_54068	GQ376093
H	22512	101	80.2	+	0	0	8D93M143I	New.CleanUp.ReferenceOTU91 Mock.3_54068	FJ227897
H	5443	101	82.2	+	0	0	12D61MI28M2774I	New.CleanUp.ReferenceOTU91 Mock.3_54068	GQ458034
L	5444	1963	*	*	*	*	*	GQ458037	*
H	5444	101	76.2	+	0	0	1605I73M4I28M253I	New.CleanUp.ReferenceOTU91 Mock.3_54068	GQ458037
H	2663	101	82.2	+	0	0	24I101M287I	New.CleanUp.ReferenceOTU91 Mock.3_54068	DQ286062
H	25215	101	96.0	+	0	0	18I101M341I	New.CleanUp.ReferenceOTU97 Mock.2_25781	FJ861384
H	28129	101	96.0	+	0	0	1712I101M1148I	New.CleanUp.ReferenceOTU97 Mock.2_25781	GQ458041
H	163	101	88.1	+	0	0	4D97M524I	New.CleanUp.ReferenceOTU97 Mock.2_25781	DQ667978
H	160	101	92.1	+	0	0	15I101M544I	New.CleanUp.ReferenceOTU97 Mock.2_25781	EF192226
L	22480	624	*	*	*	*	*	FJ210528	*
H	22480	101	91.1	+	0	0	16I55MD25MD19M509I	New.CleanUp.ReferenceOTU97 Mock.2_25781	FJ210528
D	261	2	*	*	*	*	94.1	DQ871598	*
D	2507	4	*	*	*	*	96.4	EU821474	*
D	2663	6	*	*	*	*	95.3	DQ286062	*
D	3195	2	*	*	*	*	100.0	EU714323	*
D	3590	2	*	*	*	*	100.0	FJ196614	*
D	5596	2	*	*	*	*	100.0	GU062249	*
D	6721	3	*	*	*	*	99.4	HM216212	*
D	7271	4	*	*	*	*	98.6	GQ120993	*
D	11135	2	*	*	*	*	98.7	EF601622	*
D	14672	4	*	*	*	*	98.6	AB245442	*
D	17320	2	*	*	*	*	84.2	AM279696	*
D	18019	3	*	*	*	*	94.7	GQ376079	*
D	19864	3	*	*	*	*	91.1	DQ683112	*
D	20446	2	*	*	*	*	96.0	EF397557	*
D	21482	3	*	*	*	*	99.5	EU551202	*
D	22231	4	*	*	*	*	96.0	FJ582636	*
D	22486	2	*	*	*	*	100.0	FJ210562	*
D	22967	4	*	*	*	*	97.4	FJ624262	*
D	24610	5	*	*	*	*	97.0	GQ376083	*
D	25001	2	*	*	*	*	83.2	EU568909	*
D	25126	4	*	*	*	*	97.9	FJ904916	*
D	25215	2	*	*	*	*	100.0	FJ861384	*
D	25840	2	*	*	*	*	100.0	FJ878626	*
D	26107	15	*	*	*	*	93.6	GQ376093	*
D	27106	2	*	*	*	*	92.1	HQ897787	*
D	28129	2	*	*	*	*	96.0	GQ458041	*
D	29057	2	*	*	*	*	75.2	UDB003358	*
