UclustConsensusTaxonAssigner parameters:
id_to_taxonomy_filepath:/Users/nbokulich/Desktop/projects/short-read-tax-assignment/data/novel-taxa-simulations/F1-REF-L3-iter1/ref_taxa.tsv
id_to_taxonomy_fp:/Users/nbokulich/Desktop/projects/short-read-tax-assignment/data/novel-taxa-simulations/F1-REF-L3-iter1/ref_taxa.tsv
max_accepts:5
min_consensus_fraction:0.76
reference_sequences_fp:/Users/nbokulich/Desktop/projects/short-read-tax-assignment/data/novel-taxa-simulations/F1-REF-L3-iter1/ref_seqs.fasta
similarity:0.8
unassignable_label:Unassigned
Result path: /var/folders/0t/l1dz88p50y91vx_22fx5w3780000gn/T/assign-taxuG5MnP

.uc file contents:

# uclust --input /Users/nbokulich/Desktop/projects/short-read-tax-assignment/data/novel-taxa-simulations/F1-REF-L3-iter1/query.fasta --id 0.8 --rev --maxaccepts 5 --allhits --libonly --lib /Users/nbokulich/Desktop/projects/short-read-tax-assignment/data/novel-taxa-simulations/F1-REF-L3-iter1/ref_seqs.fasta --uc /var/folders/0t/l1dz88p50y91vx_22fx5w3780000gn/T/UclustConsensusTaxonAssigner_jkKem2.uc
# version=1.2.22
# Tab-separated fields:
# 1=Type, 2=ClusterNr, 3=SeqLength or ClusterSize, 4=PctId, 5=Strand, 6=QueryStart, 7=SeedStart, 8=Alignment, 9=QueryLabel, 10=TargetLabel
# Record types (field 1): L=LibSeed, S=NewSeed, H=Hit, R=Reject, D=LibCluster, C=NewCluster, N=NoHit
# For C and D types, PctId is average id with seed.
# QueryStart and SeedStart are zero-based relative to start of sequence.
# If minus strand, SeedStart is relative to reverse-complemented seed.
N	*	250	*	*	*	*	*	SH076464.07FU_AM882971_refs	*
L	4794	250	*	*	*	*	*	SH544094.07FU_KM265891_reps	*
H	4794	183	80.9	+	0	0	3I22MI51M7D38M2I65M68I	SH076679.07FU_JQ647448_refs	SH544094.07FU_KM265891_reps
L	4114	164	*	*	*	*	*	SH131820.07FU_JQ647433_reps	*
H	4114	183	83.5	+	0	0	3I22MI48M2D15MD75M20D	SH076679.07FU_JQ647448_refs	SH131820.07FU_JQ647433_reps
L	3650	242	*	*	*	*	*	SH122163.07FU_HQ699627_reps	*
H	3650	203	89.2	+	0	0	172MI31M38I	SH076683.07FU_FR799221_reps	SH122163.07FU_HQ699627_reps
L	3136	250	*	*	*	*	*	SH115101.07FU_AM292701_reps	*
H	3136	203	88.2	+	0	0	203M47I	SH076683.07FU_FR799221_reps	SH115101.07FU_AM292701_reps
L	3644	250	*	*	*	*	*	SH122147.07FU_KC179142_refs	*
H	3644	203	85.7	+	0	0	203M47I	SH076683.07FU_FR799221_reps	SH122147.07FU_KC179142_refs
L	3585	204	*	*	*	*	*	SH121336.07FU_GU929921_refs	*
H	3585	203	89.2	+	0	0	185MI18M	SH076683.07FU_FR799221_reps	SH121336.07FU_GU929921_refs
L	3652	250	*	*	*	*	*	SH122275.07FU_AY789294_refs	*
H	3652	203	85.2	+	0	0	145MI58M46I	SH076683.07FU_FR799221_reps	SH122275.07FU_AY789294_refs
N	*	250	*	*	*	*	*	SH076743.07FU_FJ861983_reps	*
N	*	136	*	*	*	*	*	SH083584.07FU_UDB007624_reps	*
N	*	250	*	*	*	*	*	SH077499.07FU_HQ599386_refs	*
N	*	250	*	*	*	*	*	SH078065.07FU_JN417525_reps	*
N	*	184	*	*	*	*	*	SH078623.07FU_KF528010_reps	*
L	3411	250	*	*	*	*	*	SH119477.07FU_JQ761877_reps	*
H	3411	250	82.8	+	0	0	6D21M3I36M2D185M5I	SH078718.07FU_AY661686_reps	SH119477.07FU_JQ761877_reps
L	5259	250	*	*	*	*	*	SH100996.07FU_JN977612_reps	*
H	5259	250	81.2	+	0	0	D44M3D15M2D162MD22M7I	SH078718.07FU_AY661686_reps	SH100996.07FU_JN977612_reps
L	4024	250	*	*	*	*	*	SH129255.07FU_JQ761316_reps	*
H	4024	250	81.2	+	0	0	7MD20M4I199MD20M2D	SH078718.07FU_AY661686_reps	SH129255.07FU_JQ761316_reps
L	4023	250	*	*	*	*	*	SH129261.07FU_JQ759980_reps	*
H	4023	250	84.8	+	0	0	7MD19M4I13MI22M2D163MD21MD	SH078718.07FU_AY661686_reps	SH129261.07FU_JQ759980_reps
L	4905	186	*	*	*	*	*	SH549491.07FU_AB934072_reps	*
H	4905	192	86.6	+	0	0	2D23M2D31MI25MD5MD9MD35MI14MD42M	SH079374.07FU_GU973799_reps	SH549491.07FU_AB934072_reps
L	4495	186	*	*	*	*	*	SH536394.07FU_AB934084_reps	*
H	4495	192	84.4	+	0	0	2D25M3D22MI31MD15MD25MI24MD42M	SH079374.07FU_GU973799_reps	SH536394.07FU_AB934084_reps
L	4636	178	*	*	*	*	*	SH539196.07FU_AB934077_reps	*
H	4636	192	82.6	+	0	0	2D25M3D10MI18MI20M2D11M9D25MI24MD42M	SH079374.07FU_GU973799_reps	SH539196.07FU_AB934077_reps
L	4908	175	*	*	*	*	*	SH549506.07FU_AB934086_reps	*
H	4908	192	82.9	+	0	0	2D25M3D10MI13MD23M3D7M9D29MI25MD41M	SH079374.07FU_GU973799_reps	SH549506.07FU_AB934086_reps
L	4979	190	*	*	*	*	*	SH554039.07FU_AB934088_reps	*
H	4979	192	80.5	+	0	0	2D28M4D7MI17M2I18M2I23MD25MI24MD42M	SH079374.07FU_GU973799_reps	SH554039.07FU_AB934088_reps
N	*	250	*	*	*	*	*	SH080427.07FU_EU139156_reps	*
L	2620	185	*	*	*	*	*	SH108536.07FU_DQ278922_refs	*
H	2620	196	81.1	+	0	0	6D48M2D31M2D49M2D19MI37M	SH080641.07FU_KF227809_reps	SH108536.07FU_DQ278922_refs
L	2621	229	*	*	*	*	*	SH108537.07FU_DQ078306_reps	*
H	2621	196	82.1	+	0	0	5D49MD34M25I11M16I17MD20M2D19MI37M	SH080641.07FU_KF227809_reps	SH108537.07FU_DQ078306_reps
L	2622	178	*	*	*	*	*	SH108541.07FU_HM771005_reps	*
H	2622	196	83.1	+	0	0	D53M2D33M14D35M2D19MI37M	SH080641.07FU_KF227809_reps	SH108541.07FU_HM771005_reps
L	4060	223	*	*	*	*	*	SH129674.07FU_AJ302417_reps	*
H	4060	196	80.1	+	0	0	10D44M2D17M25I25M14I19MD39MI39M	SH080641.07FU_KF227809_reps	SH129674.07FU_AJ302417_reps
L	5275	227	*	*	*	*	*	SH103515.07FU_FJ228189_reps	*
H	5275	196	82.7	+	0	0	4D32MD17M2D17M25I25M14I21MD19MD17MI39M	SH080641.07FU_KF227809_reps	SH103515.07FU_FJ228189_reps
N	*	250	*	*	*	*	*	SH081929.07FU_AB525920_refs	*
N	*	250	*	*	*	*	*	SH089853.07FU_DQ900583_reps	*
N	*	103	*	*	*	*	*	SH083383.07FU_DQ317625_refs	*
N	*	250	*	*	*	*	*	SH083443.07FU_JX392812_refs	*
N	*	250	*	*	*	*	*	SH083493.07FU_AB669679_reps	*
N	*	140	*	*	*	*	*	SH084028.07FU_JN942896_reps	*
L	1983	250	*	*	*	*	*	SH100624.07FU_AF492079_reps	*
H	1983	167	83.8	+	0	0	62I39M2D126M23I	SH084383.07FU_GU827614_reps	SH100624.07FU_AF492079_reps
L	1338	112	*	*	*	*	*	SH092404.07FU_KF887147_reps	*
H	1338	167	99.1	+	0	0	55D112M	SH084383.07FU_GU827614_reps	SH092404.07FU_KF887147_reps
L	1120	250	*	*	*	*	*	SH089774.07FU_KF747247_reps	*
H	1120	167	81.4	+	0	0	73I167M10I	SH084383.07FU_GU827614_reps	SH089774.07FU_KF747247_reps
L	2810	250	*	*	*	*	*	SH111344.07FU_HM485358_reps	*
H	2810	167	86.2	+	0	0	37I38M7I129M39I	SH084383.07FU_GU827614_reps	SH111344.07FU_HM485358_reps
L	2809	250	*	*	*	*	*	SH111346.07FU_HM152021_reps	*
H	2809	167	86.2	+	0	0	37I38M7I129M39I	SH084383.07FU_GU827614_reps	SH111346.07FU_HM152021_reps
N	*	209	*	*	*	*	*	SH084689.07FU_JF431295_refs	*
N	*	168	*	*	*	*	*	SH085399.07FU_HQ445028_reps	*
N	*	197	*	*	*	*	*	SH087649.07FU_EU913721_refs	*
N	*	102	*	*	*	*	*	SH088356.07FU_AB520470_reps	*
L	1840	201	*	*	*	*	*	SH098138.07FU_EF535175_reps	*
H	1840	250	96.0	+	0	0	185M3D16M46D	SH090269.07FU_DQ374125_reps	SH098138.07FU_EF535175_reps
L	1841	203	*	*	*	*	*	SH098140.07FU_EF535217_reps	*
H	1841	250	95.1	+	0	0	187MD16M46D	SH090269.07FU_DQ374125_reps	SH098140.07FU_EF535217_reps
H	3644	250	85.2	+	0	0	180M3D35MD31M4I	SH090269.07FU_DQ374125_reps	SH122147.07FU_KC179142_refs
L	3182	250	*	*	*	*	*	SH116002.07FU_AY616213_refs	*
H	3182	250	85.6	+	0	0	174MD13M6I44MD13M4D	SH090269.07FU_DQ374125_reps	SH116002.07FU_AY616213_refs
L	4909	250	*	*	*	*	*	SH549508.07FU_KJ921871_reps	*
H	4909	250	84.8	+	0	0	188M6I44MD12M5D	SH090269.07FU_DQ374125_reps	SH549508.07FU_KJ921871_reps
L	1460	212	*	*	*	*	*	SH093792.07FU_KF310896_reps	*
H	1460	115	96.5	+	0	0	101I33M4D78M	SH093810.07FU_AY259054_reps	SH093792.07FU_KF310896_reps
L	1473	214	*	*	*	*	*	SH093808.07FU_KF310895_reps	*
H	1473	115	98.3	+	0	0	101I33M2D80M	SH093810.07FU_AY259054_reps	SH093808.07FU_KF310895_reps
L	1474	250	*	*	*	*	*	SH093809.07FU_KF310892_reps	*
H	1474	115	99.1	+	0	0	101I115M34I	SH093810.07FU_AY259054_reps	SH093809.07FU_KF310892_reps
L	1467	217	*	*	*	*	*	SH093801.07FU_AY854979_reps	*
H	1467	115	99.1	+	0	0	101I27MI88M	SH093810.07FU_AY259054_reps	SH093801.07FU_AY854979_reps
L	1461	217	*	*	*	*	*	SH093794.07FU_AY854967_reps	*
H	1461	115	99.1	+	0	0	101I27MI88M	SH093810.07FU_AY259054_reps	SH093794.07FU_AY854967_reps
N	*	229	*	*	*	*	*	SH096001.07FU_JQ005238_refs	*
N	*	250	*	*	*	*	*	SH097021.07FU_KF664177_reps	*
N	*	162	*	*	*	*	*	SH097994.07FU_AF332110_reps	*
N	*	250	*	*	*	*	*	SH098725.07FU_JQ002681_refs	*
N	*	250	*	*	*	*	*	SH099082.07FU_AY603123_refs	*
N	*	250	*	*	*	*	*	SH100598.07FU_JN882334_refs	*
N	*	135	*	*	*	*	*	SH100816.07FU_AY212987_refs	*
N	*	129	*	*	*	*	*	SH101234.07FU_EF600943_reps	*
N	*	188	*	*	*	*	*	SH102183.07FU_KC683427_reps	*
L	4477	250	*	*	*	*	*	SH536296.07FU_KR857039_reps	*
H	4477	250	83.2	+	0	0	3I23M2I21M2I34M10D38MI124M2I	SH103017.07FU_HQ263354_reps	SH536296.07FU_KR857039_reps
L	3073	250	*	*	*	*	*	SH114389.07FU_FN428944_reps	*
H	3073	250	80.8	+	0	0	3I48MD35M5D15MI29MI117MI	SH103017.07FU_HQ263354_reps	SH114389.07FU_FN428944_reps
L	3272	182	*	*	*	*	*	SH116542.07FU_KF251315_reps	*
H	3272	185	89.6	+	0	0	2D33MD22M2D27M11I20M6D31M2D7MD31M	SH103391.07FU_JF700867_refs	SH116542.07FU_KF251315_reps
L	3277	188	*	*	*	*	*	SH116558.07FU_KF251292_reps	*
H	3277	185	88.6	+	0	0	2D87M13I18M6D31M2D39M	SH103391.07FU_JF700867_refs	SH116558.07FU_KF251292_reps
L	3268	181	*	*	*	*	*	SH116539.07FU_EF535663_reps	*
H	3268	185	87.3	+	0	0	6D83M11I18M6D31M2D7MD31M	SH103391.07FU_JF700867_refs	SH116539.07FU_EF535663_reps
L	3275	188	*	*	*	*	*	SH116556.07FU_KF251295_reps	*
H	3275	185	86.5	+	0	0	2D87M13I18M6D31M2D39M	SH103391.07FU_JF700867_refs	SH116556.07FU_KF251295_reps
L	3244	190	*	*	*	*	*	SH116483.07FU_JF770452_refs	*
H	3244	185	88.6	+	0	0	2I91M12I16M6D27M2D11MD31M	SH103391.07FU_JF700867_refs	SH116483.07FU_JF770452_refs
L	2265	187	*	*	*	*	*	SH103596.07FU_EU449953_reps	*
H	2265	194	83.4	+	0	0	51MD19MD26M7D20M2I69M	SH103597.07FU_GU083077_reps	SH103596.07FU_EU449953_reps
N	*	189	*	*	*	*	*	SH105762.07FU_AB180354_reps	*
N	*	105	*	*	*	*	*	SH129937.07FU_AB665764_reps	*
N	*	250	*	*	*	*	*	SH107679.07FU_KJ706674_reps	*
N	*	150	*	*	*	*	*	SH107883.07FU_JX625261_reps	*
N	*	80	*	*	*	*	*	SH111430.07FU_EU379203_reps	*
N	*	250	*	*	*	*	*	SH115470.07FU_FN428896_reps	*
N	*	130	*	*	*	*	*	SH118640.07FU_GQ981513_refs	*
N	*	227	*	*	*	*	*	SH116460.07FU_NR_077116_refs	*
N	*	98	*	*	*	*	*	SH117222.07FU_GQ433628_refs	*
N	*	250	*	*	*	*	*	SH119878.07FU_EU735849_reps	*
N	*	250	*	*	*	*	*	SH121424.07FU_KC965265_reps	*
N	*	250	*	*	*	*	*	SH121946.07FU_EU040213_reps	*
N	*	207	*	*	*	*	*	SH126256.07FU_UDB015006_reps	*
N	*	125	*	*	*	*	*	SH128173.07FU_FJ755832_reps	*
N	*	201	*	*	*	*	*	SH536292.07FU_AB758893_reps	*
N	*	212	*	*	*	*	*	SH538842.07FU_KP881704_reps	*
N	*	240	*	*	*	*	*	SH545748.07FU_KP814206_reps	*
N	*	229	*	*	*	*	*	SH542080.07FU_KM591585_refs	*
D	1338	2	*	*	*	*	99.1	SH092404.07FU_KF887147_reps	*
D	1461	2	*	*	*	*	99.1	SH093794.07FU_AY854967_reps	*
D	1840	2	*	*	*	*	96.0	SH098138.07FU_EF535175_reps	*
D	2265	2	*	*	*	*	83.4	SH103596.07FU_EU449953_reps	*
D	2622	2	*	*	*	*	83.1	SH108541.07FU_HM771005_reps	*
D	3272	2	*	*	*	*	89.6	SH116542.07FU_KF251315_reps	*
D	3585	2	*	*	*	*	89.2	SH121336.07FU_GU929921_refs	*
D	4023	2	*	*	*	*	84.8	SH129261.07FU_JQ759980_reps	*
D	4114	2	*	*	*	*	83.5	SH131820.07FU_JQ647433_reps	*
D	4477	2	*	*	*	*	83.2	SH536296.07FU_KR857039_reps	*
D	4905	2	*	*	*	*	86.6	SH549491.07FU_AB934072_reps	*
