UclustConsensusTaxonAssigner parameters:
id_to_taxonomy_filepath:/Users/nbokulich/Desktop/ref_dbs/gg_13_8_otus/taxonomy/99_otu_taxonomy.txt
id_to_taxonomy_fp:/Users/nbokulich/Desktop/ref_dbs/gg_13_8_otus/taxonomy/99_otu_taxonomy.txt
max_accepts:5
min_consensus_fraction:0.51
reference_sequences_fp:/Users/nbokulich/Desktop/ref_dbs/gg_13_8_otus/rep_set/99_otus/dna-sequences.fasta
similarity:0.97
unassignable_label:Unassigned
Result path: /var/folders/0t/l1dz88p50y91vx_22fx5w3780000gn/T/assign-taxaROc3z

.uc file contents:

# uclust --input /Users/nbokulich/Desktop/projects/short-read-tax-assignment/data/mock-community/mock-2/rep_seqs.fna --id 0.97 --rev --maxaccepts 5 --allhits --libonly --lib /Users/nbokulich/Desktop/ref_dbs/gg_13_8_otus/rep_set/99_otus/dna-sequences.fasta --uc /var/folders/0t/l1dz88p50y91vx_22fx5w3780000gn/T/UclustConsensusTaxonAssigner_8oj3OR.uc
# version=1.2.22
# Tab-separated fields:
# 1=Type, 2=ClusterNr, 3=SeqLength or ClusterSize, 4=PctId, 5=Strand, 6=QueryStart, 7=SeedStart, 8=Alignment, 9=QueryLabel, 10=TargetLabel
# Record types (field 1): L=LibSeed, S=NewSeed, H=Hit, R=Reject, D=LibCluster, C=NewCluster, N=NoHit
# For C and D types, PctId is average id with seed.
# QueryStart and SeedStart are zero-based relative to start of sequence.
# If minus strand, SeedStart is relative to reverse-complemented seed.
L	41742	250	*	*	*	*	*	368769	*
H	41742	130	99.2	+	0	0	130M120I	374cc1e99575d9458ae00a49098705e3	368769
L	139313	250	*	*	*	*	*	738372	*
H	139313	130	97.7	+	0	0	130M120I	374cc1e99575d9458ae00a49098705e3	738372
L	134780	250	*	*	*	*	*	951072	*
H	134780	130	98.5	+	0	0	130M120I	374cc1e99575d9458ae00a49098705e3	951072
L	79324	250	*	*	*	*	*	207487	*
H	79324	130	100.0	+	0	0	130M120I	b1db5c9ac20466711e0a4f822344c0be	207487
L	114615	250	*	*	*	*	*	1624383	*
H	114615	130	99.2	+	0	0	130M120I	b1db5c9ac20466711e0a4f822344c0be	1624383
L	86929	250	*	*	*	*	*	180534	*
H	86929	130	99.2	+	0	0	130M120I	b1db5c9ac20466711e0a4f822344c0be	180534
L	89142	250	*	*	*	*	*	173712	*
H	89142	130	99.2	+	0	0	130M120I	b1db5c9ac20466711e0a4f822344c0be	173712
L	42013	250	*	*	*	*	*	367439	*
H	42013	130	99.2	+	0	0	130M120I	b1db5c9ac20466711e0a4f822344c0be	367439
L	126054	250	*	*	*	*	*	2271762	*
H	126054	130	100.0	+	0	0	130M120I	e5a41136373411569008d12c6f296726	2271762
L	82651	250	*	*	*	*	*	193407	*
H	82651	130	100.0	+	0	0	130M120I	e5a41136373411569008d12c6f296726	193407
L	79194	250	*	*	*	*	*	208298	*
H	79194	130	100.0	+	0	0	130M120I	e5a41136373411569008d12c6f296726	208298
L	191527	250	*	*	*	*	*	4451899	*
H	191527	130	100.0	+	0	0	130M120I	e5a41136373411569008d12c6f296726	4451899
L	140870	250	*	*	*	*	*	3145656	*
H	140870	130	100.0	+	0	0	130M120I	e5a41136373411569008d12c6f296726	3145656
L	11986	250	*	*	*	*	*	788593	*
H	11986	130	100.0	+	0	0	130M120I	42225f360c8cd61fda2da09371b8140c	788593
L	43196	250	*	*	*	*	*	361605	*
H	43196	130	100.0	+	0	0	130M120I	42225f360c8cd61fda2da09371b8140c	361605
L	26367	250	*	*	*	*	*	558081	*
H	26367	130	100.0	+	0	0	130M120I	42225f360c8cd61fda2da09371b8140c	558081
L	189530	250	*	*	*	*	*	4441228	*
H	189530	130	100.0	+	0	0	130M120I	42225f360c8cd61fda2da09371b8140c	4441228
L	53362	250	*	*	*	*	*	318987	*
H	53362	130	99.2	+	0	0	130M120I	fbf3d77ec3a53406bc6d0883b53ff1ca	318987
L	48636	250	*	*	*	*	*	338208	*
H	48636	130	100.0	+	0	0	130M120I	fbf3d77ec3a53406bc6d0883b53ff1ca	338208
L	156650	250	*	*	*	*	*	1136471	*
H	156650	130	100.0	+	0	0	130M120I	fbf3d77ec3a53406bc6d0883b53ff1ca	1136471
L	52013	250	*	*	*	*	*	324594	*
H	52013	130	99.2	+	0	0	130M120I	fbf3d77ec3a53406bc6d0883b53ff1ca	324594
L	158596	250	*	*	*	*	*	4205301	*
H	158596	130	99.2	+	0	0	130M120I	fbf3d77ec3a53406bc6d0883b53ff1ca	4205301
L	43120	250	*	*	*	*	*	361962	*
H	43120	130	100.0	+	0	0	130M120I	ec0034ebee5c0c1f14a758b15c595717	361962
L	45467	250	*	*	*	*	*	351047	*
H	45467	130	100.0	+	0	0	130M120I	ec0034ebee5c0c1f14a758b15c595717	351047
L	85967	250	*	*	*	*	*	183496	*
H	85967	130	100.0	+	0	0	130M120I	ec0034ebee5c0c1f14a758b15c595717	183496
L	84465	250	*	*	*	*	*	188027	*
H	84465	130	100.0	+	0	0	130M120I	ec0034ebee5c0c1f14a758b15c595717	188027
L	86180	250	*	*	*	*	*	182866	*
H	86180	130	100.0	+	0	0	130M120I	ec0034ebee5c0c1f14a758b15c595717	182866
L	7823	250	*	*	*	*	*	848591	*
H	7823	130	100.0	+	0	0	130M120I	dc72a92c1049a90717cacd197f966aad	848591
L	42370	250	*	*	*	*	*	365649	*
H	42370	130	100.0	+	0	0	130M120I	dc72a92c1049a90717cacd197f966aad	365649
L	59201	250	*	*	*	*	*	296010	*
H	59201	130	99.2	+	0	0	130M120I	dc72a92c1049a90717cacd197f966aad	296010
L	82134	250	*	*	*	*	*	194898	*
H	82134	130	100.0	+	0	0	130M120I	dc72a92c1049a90717cacd197f966aad	194898
L	87002	250	*	*	*	*	*	180341	*
H	87002	130	100.0	+	0	0	130M120I	dc72a92c1049a90717cacd197f966aad	180341
L	40140	250	*	*	*	*	*	419169	*
H	40140	130	100.0	+	0	0	130M120I	38e206247e50f6b73f73bbab84e90003	419169
L	67354	250	*	*	*	*	*	263010	*
H	67354	130	100.0	+	0	0	130M120I	38e206247e50f6b73f73bbab84e90003	263010
L	115244	250	*	*	*	*	*	849907	*
H	115244	130	100.0	+	0	0	130M120I	38e206247e50f6b73f73bbab84e90003	849907
L	39805	250	*	*	*	*	*	432911	*
H	39805	130	100.0	+	0	0	130M120I	38e206247e50f6b73f73bbab84e90003	432911
L	40151	250	*	*	*	*	*	418668	*
H	40151	130	100.0	+	0	0	130M120I	38e206247e50f6b73f73bbab84e90003	418668
L	145587	250	*	*	*	*	*	3424536	*
H	145587	130	99.2	+	0	0	130M120I	0f2d311381a48cc00eb7e95959a19387	3424536
L	173459	250	*	*	*	*	*	4360193	*
H	173459	130	100.0	+	0	0	130M120I	0f2d311381a48cc00eb7e95959a19387	4360193
L	128016	250	*	*	*	*	*	2391073	*
H	128016	130	100.0	+	0	0	130M120I	0f2d311381a48cc00eb7e95959a19387	2391073
L	145832	250	*	*	*	*	*	3439402	*
H	145832	130	100.0	+	0	0	130M120I	0f2d311381a48cc00eb7e95959a19387	3439402
L	192098	250	*	*	*	*	*	4454599	*
H	192098	130	100.0	+	0	0	130M120I	0f2d311381a48cc00eb7e95959a19387	4454599
L	194839	250	*	*	*	*	*	4468506	*
H	194839	130	100.0	+	0	0	130M120I	c78d04a72913f63c39d9acc4784a9c32	4468506
L	60401	250	*	*	*	*	*	291794	*
H	60401	130	100.0	+	0	0	130M120I	c78d04a72913f63c39d9acc4784a9c32	291794
L	47710	250	*	*	*	*	*	341930	*
H	47710	130	100.0	+	0	0	130M120I	c78d04a72913f63c39d9acc4784a9c32	341930
L	84762	250	*	*	*	*	*	187159	*
H	84762	130	100.0	+	0	0	130M120I	c78d04a72913f63c39d9acc4784a9c32	187159
L	101009	250	*	*	*	*	*	109545	*
H	101009	130	100.0	+	0	0	130M120I	c78d04a72913f63c39d9acc4784a9c32	109545
L	102918	250	*	*	*	*	*	101743	*
H	102918	130	100.0	+	0	0	130M120I	c60f96cb55544a94afb9c1579138434c	101743
L	127379	250	*	*	*	*	*	635820	*
H	127379	130	100.0	+	0	0	130M120I	c60f96cb55544a94afb9c1579138434c	635820
L	148443	250	*	*	*	*	*	3598692	*
H	148443	130	100.0	+	0	0	130M120I	c60f96cb55544a94afb9c1579138434c	3598692
L	30221	250	*	*	*	*	*	542096	*
H	30221	130	100.0	+	0	0	130M120I	c60f96cb55544a94afb9c1579138434c	542096
L	187535	250	*	*	*	*	*	4431558	*
H	187535	130	100.0	+	0	0	130M120I	c60f96cb55544a94afb9c1579138434c	4431558
L	81134	250	*	*	*	*	*	197974	*
H	81134	130	99.2	+	0	0	130M120I	991001919b92e5e87fe490ce7b2a513f	197974
L	58218	250	*	*	*	*	*	299518	*
H	58218	130	98.5	+	0	0	130M120I	991001919b92e5e87fe490ce7b2a513f	299518
L	59009	250	*	*	*	*	*	296604	*
H	59009	130	98.5	+	0	0	130M120I	991001919b92e5e87fe490ce7b2a513f	296604
L	60014	250	*	*	*	*	*	293077	*
H	60014	130	98.5	+	0	0	130M120I	991001919b92e5e87fe490ce7b2a513f	293077
L	60735	250	*	*	*	*	*	290650	*
H	60735	130	98.5	+	0	0	130M120I	991001919b92e5e87fe490ce7b2a513f	290650
L	42420	250	*	*	*	*	*	365385	*
H	42420	130	100.0	+	0	0	130M120I	233710b586fd6018adaa617c73ef9470	365385
L	38844	250	*	*	*	*	*	469852	*
H	38844	130	100.0	+	0	0	130M120I	233710b586fd6018adaa617c73ef9470	469852
L	144163	250	*	*	*	*	*	1141861	*
H	144163	130	98.5	+	0	0	130M120I	233710b586fd6018adaa617c73ef9470	1141861
L	131156	250	*	*	*	*	*	2580573	*
H	131156	130	97.7	+	0	0	130M120I	233710b586fd6018adaa617c73ef9470	2580573
L	38797	250	*	*	*	*	*	484304	*
H	38797	130	97.7	+	0	0	130M120I	233710b586fd6018adaa617c73ef9470	484304
L	146814	250	*	*	*	*	*	851804	*
H	146814	130	100.0	+	0	0	130M120I	512bf29dfb66e7d8efa560a135366c23	851804
L	138180	250	*	*	*	*	*	2979308	*
H	138180	130	100.0	+	0	0	130M120I	512bf29dfb66e7d8efa560a135366c23	2979308
L	191684	250	*	*	*	*	*	4452649	*
H	191684	130	99.2	+	0	0	130M120I	512bf29dfb66e7d8efa560a135366c23	4452649
L	20024	250	*	*	*	*	*	583560	*
H	20024	130	98.5	+	0	0	130M120I	bf8c00a77905975f57ccd6e4c1376324	583560
L	88308	250	*	*	*	*	*	176269	*
H	88308	130	99.2	+	0	0	130M120I	bf8c00a77905975f57ccd6e4c1376324	176269
L	25382	250	*	*	*	*	*	562078	*
H	25382	130	98.5	+	0	0	130M120I	bf8c00a77905975f57ccd6e4c1376324	562078
L	141883	250	*	*	*	*	*	1129128	*
H	141883	130	98.5	+	0	0	130M120I	bf8c00a77905975f57ccd6e4c1376324	1129128
L	82580	250	*	*	*	*	*	193625	*
H	82580	130	98.5	+	0	0	130M120I	bf8c00a77905975f57ccd6e4c1376324	193625
L	85371	250	*	*	*	*	*	185361	*
H	85371	130	100.0	+	0	0	130M120I	ef917e02c17f23ab6c33e39226bad50e	185361
L	85923	250	*	*	*	*	*	183604	*
H	85923	130	100.0	+	0	0	130M120I	ef917e02c17f23ab6c33e39226bad50e	183604
L	81526	250	*	*	*	*	*	196731	*
H	81526	130	100.0	+	0	0	130M120I	ef917e02c17f23ab6c33e39226bad50e	196731
L	85911	250	*	*	*	*	*	183644	*
H	85911	130	100.0	+	0	0	130M120I	ef917e02c17f23ab6c33e39226bad50e	183644
L	43970	250	*	*	*	*	*	357494	*
H	43970	130	100.0	+	0	0	130M120I	ef917e02c17f23ab6c33e39226bad50e	357494
L	104379	250	*	*	*	*	*	90431	*
H	104379	130	100.0	+	0	0	130M120I	fc1a0da5852ea67928158be959c9e57a	90431
L	7910	250	*	*	*	*	*	846268	*
H	7910	130	99.2	+	0	0	130M120I	fc1a0da5852ea67928158be959c9e57a	846268
L	21026	250	*	*	*	*	*	579978	*
H	21026	130	100.0	+	0	0	130M120I	fc1a0da5852ea67928158be959c9e57a	579978
L	23035	250	*	*	*	*	*	572039	*
H	23035	130	100.0	+	0	0	130M120I	fc1a0da5852ea67928158be959c9e57a	572039
L	17677	250	*	*	*	*	*	592112	*
H	17677	130	100.0	+	0	0	130M120I	fc1a0da5852ea67928158be959c9e57a	592112
L	150205	250	*	*	*	*	*	1121530	*
H	150205	130	100.0	+	0	0	130M120I	ef2d819264fcf190b2ac2ce790cc6e08	1121530
L	155598	250	*	*	*	*	*	4023733	*
H	155598	130	99.2	+	0	0	130M120I	ef2d819264fcf190b2ac2ce790cc6e08	4023733
L	87694	250	*	*	*	*	*	178213	*
H	87694	130	100.0	+	0	0	130M120I	ef2d819264fcf190b2ac2ce790cc6e08	178213
L	82883	250	*	*	*	*	*	192680	*
H	82883	130	100.0	+	0	0	130M120I	ef2d819264fcf190b2ac2ce790cc6e08	192680
L	193759	250	*	*	*	*	*	4463108	*
H	193759	130	100.0	+	0	0	130M120I	ef2d819264fcf190b2ac2ce790cc6e08	4463108
L	114751	250	*	*	*	*	*	1631589	*
H	114751	130	100.0	+	0	0	130M120I	569cf498e9fd1ef4cd5138ea717516d7	1631589
L	114817	250	*	*	*	*	*	1634981	*
H	114817	130	100.0	+	0	0	130M120I	569cf498e9fd1ef4cd5138ea717516d7	1634981
L	190159	250	*	*	*	*	*	4444531	*
H	190159	130	99.2	+	0	0	130M120I	569cf498e9fd1ef4cd5138ea717516d7	4444531
L	114966	250	*	*	*	*	*	1643422	*
H	114966	130	99.2	+	0	0	130M120I	569cf498e9fd1ef4cd5138ea717516d7	1643422
L	150807	250	*	*	*	*	*	3744605	*
H	150807	130	100.0	+	0	0	130M120I	569cf498e9fd1ef4cd5138ea717516d7	3744605
L	99135	250	*	*	*	*	*	125133	*
H	99135	130	100.0	+	0	0	130M120I	f14677bcbc79b5f4afa9de8aba20ae29	125133
L	99115	250	*	*	*	*	*	125630	*
H	99115	130	100.0	+	0	0	130M120I	f14677bcbc79b5f4afa9de8aba20ae29	125630
L	45214	250	*	*	*	*	*	352040	*
H	45214	130	99.2	+	0	0	130M120I	f14677bcbc79b5f4afa9de8aba20ae29	352040
L	98938	250	*	*	*	*	*	128952	*
H	98938	130	100.0	+	0	0	130M120I	f14677bcbc79b5f4afa9de8aba20ae29	128952
L	174433	250	*	*	*	*	*	4365196	*
H	174433	130	100.0	+	0	0	130M120I	f14677bcbc79b5f4afa9de8aba20ae29	4365196
L	83951	250	*	*	*	*	*	189565	*
H	83951	130	99.2	+	0	0	130M120I	6247c98849d2f2864133fe9371a9a71c	189565
L	43265	250	*	*	*	*	*	361238	*
H	43265	130	99.2	+	0	0	130M120I	6247c98849d2f2864133fe9371a9a71c	361238
L	107731	250	*	*	*	*	*	45687	*
H	107731	130	100.0	+	0	0	130M120I	6247c98849d2f2864133fe9371a9a71c	45687
L	43293	250	*	*	*	*	*	361125	*
H	43293	130	99.2	+	0	0	130M120I	6247c98849d2f2864133fe9371a9a71c	361125
L	87393	250	*	*	*	*	*	179076	*
H	87393	130	98.5	+	0	0	130M120I	6247c98849d2f2864133fe9371a9a71c	179076
H	145587	130	98.5	+	0	0	130M120I	4c164ca916ff87ed8ae30a1c47a16413	3424536
H	173459	130	99.2	+	0	0	130M120I	4c164ca916ff87ed8ae30a1c47a16413	4360193
H	128016	130	99.2	+	0	0	130M120I	4c164ca916ff87ed8ae30a1c47a16413	2391073
H	145832	130	99.2	+	0	0	130M120I	4c164ca916ff87ed8ae30a1c47a16413	3439402
H	192098	130	99.2	+	0	0	130M120I	4c164ca916ff87ed8ae30a1c47a16413	4454599
H	114751	130	99.2	+	0	0	130M120I	b2f7bd12ad96fb155abaed142a61d0be	1631589
H	114817	130	99.2	+	0	0	130M120I	b2f7bd12ad96fb155abaed142a61d0be	1634981
H	190159	130	98.5	+	0	0	130M120I	b2f7bd12ad96fb155abaed142a61d0be	4444531
H	114966	130	98.5	+	0	0	130M120I	b2f7bd12ad96fb155abaed142a61d0be	1643422
H	150807	130	99.2	+	0	0	130M120I	b2f7bd12ad96fb155abaed142a61d0be	3744605
L	82853	250	*	*	*	*	*	192768	*
H	82853	130	100.0	+	0	0	130M120I	67c56b14d5b0729c38834fa264f3db12	192768
L	182182	250	*	*	*	*	*	4404720	*
H	182182	130	100.0	+	0	0	93MI37M119I	67c56b14d5b0729c38834fa264f3db12	4404720
L	188458	250	*	*	*	*	*	4436046	*
H	188458	130	100.0	+	0	0	130M120I	67c56b14d5b0729c38834fa264f3db12	4436046
L	82496	250	*	*	*	*	*	193876	*
H	82496	130	100.0	+	0	0	130M120I	67c56b14d5b0729c38834fa264f3db12	193876
L	87087	250	*	*	*	*	*	180049	*
H	87087	130	100.0	+	0	0	130M120I	67c56b14d5b0729c38834fa264f3db12	180049
L	94376	250	*	*	*	*	*	150101	*
H	94376	130	99.2	+	0	0	130M120I	d6b2e1751aaf2e39587f9b501bfc2610	150101
L	86477	250	*	*	*	*	*	181953	*
H	86477	130	100.0	+	0	0	130M120I	d6b2e1751aaf2e39587f9b501bfc2610	181953
L	154985	250	*	*	*	*	*	3991007	*
H	154985	130	100.0	+	0	0	130M120I	d6b2e1751aaf2e39587f9b501bfc2610	3991007
L	44062	250	*	*	*	*	*	356954	*
H	44062	130	100.0	+	0	0	130M120I	d6b2e1751aaf2e39587f9b501bfc2610	356954
L	49198	250	*	*	*	*	*	336012	*
H	49198	130	100.0	+	0	0	130M120I	d6b2e1751aaf2e39587f9b501bfc2610	336012
L	172869	250	*	*	*	*	*	4357221	*
H	172869	130	99.2	+	0	0	130M120I	e4ba0c5f6faa5603a3fd9864c74b9c6a	4357221
L	114833	250	*	*	*	*	*	1636496	*
H	114833	130	99.2	+	0	0	130M120I	e4ba0c5f6faa5603a3fd9864c74b9c6a	1636496
L	77874	250	*	*	*	*	*	216482	*
H	77874	130	100.0	+	0	0	130M120I	e4ba0c5f6faa5603a3fd9864c74b9c6a	216482
L	78355	250	*	*	*	*	*	213394	*
H	78355	130	99.2	+	0	0	130M120I	e4ba0c5f6faa5603a3fd9864c74b9c6a	213394
L	86739	250	*	*	*	*	*	181148	*
H	86739	130	99.2	+	0	0	130M120I	e4ba0c5f6faa5603a3fd9864c74b9c6a	181148
L	35603	250	*	*	*	*	*	519495	*
H	35603	130	100.0	+	0	0	130M120I	b34e721572bc5b141f03bb818da8d49e	519495
L	83379	250	*	*	*	*	*	191238	*
H	83379	130	100.0	+	0	0	130M120I	b34e721572bc5b141f03bb818da8d49e	191238
L	43116	250	*	*	*	*	*	361973	*
H	43116	130	100.0	+	0	0	130M120I	b34e721572bc5b141f03bb818da8d49e	361973
L	42433	250	*	*	*	*	*	365349	*
H	42433	130	100.0	+	0	0	130M120I	b34e721572bc5b141f03bb818da8d49e	365349
L	84592	250	*	*	*	*	*	187651	*
H	84592	130	100.0	+	0	0	130M120I	b34e721572bc5b141f03bb818da8d49e	187651
L	102495	250	*	*	*	*	*	103411	*
H	102495	130	98.5	+	0	0	9MI121M119I	7db1817b2040080b58a1a9b4c7bd9c10	103411
L	51444	250	*	*	*	*	*	326718	*
H	51444	130	98.5	+	0	0	130M120I	7db1817b2040080b58a1a9b4c7bd9c10	326718
L	101897	250	*	*	*	*	*	105710	*
H	101897	130	100.0	+	0	0	130M120I	7db1817b2040080b58a1a9b4c7bd9c10	105710
L	101436	250	*	*	*	*	*	107620	*
H	101436	130	100.0	+	0	0	130M120I	7db1817b2040080b58a1a9b4c7bd9c10	107620
L	101370	250	*	*	*	*	*	107923	*
H	101370	130	100.0	+	0	0	130M120I	7db1817b2040080b58a1a9b4c7bd9c10	107923
L	157086	250	*	*	*	*	*	1116679	*
H	157086	130	100.0	+	0	0	130M120I	9d881f5dca06a636e9a17885f2a2101f	1116679
L	30759	250	*	*	*	*	*	539854	*
H	30759	130	100.0	+	0	0	130M120I	9d881f5dca06a636e9a17885f2a2101f	539854
L	16888	250	*	*	*	*	*	610462	*
H	16888	130	100.0	+	0	0	130M120I	9d881f5dca06a636e9a17885f2a2101f	610462
L	170693	250	*	*	*	*	*	4345464	*
H	170693	130	100.0	+	0	0	130M120I	9d881f5dca06a636e9a17885f2a2101f	4345464
L	5039	250	*	*	*	*	*	4484466	*
H	5039	130	99.2	+	0	0	19MD110M121I	9d881f5dca06a636e9a17885f2a2101f	4484466
N	*	130	*	*	*	*	*	9ed522c01a03b6cc904e61e8079d5549	*
L	145757	250	*	*	*	*	*	3433844	*
H	145757	130	99.2	+	0	0	130M120I	c9127c08726c23f9a109676a6b1b3326	3433844
L	193307	250	*	*	*	*	*	4460786	*
H	193307	130	99.2	+	0	0	130M120I	c9127c08726c23f9a109676a6b1b3326	4460786
L	166823	250	*	*	*	*	*	4326030	*
H	166823	130	99.2	+	0	0	130M120I	c9127c08726c23f9a109676a6b1b3326	4326030
L	117154	250	*	*	*	*	*	1764173	*
H	117154	130	99.2	+	0	0	130M120I	c9127c08726c23f9a109676a6b1b3326	1764173
L	84062	250	*	*	*	*	*	189247	*
H	84062	130	99.2	+	0	0	130M120I	c9127c08726c23f9a109676a6b1b3326	189247
L	113446	250	*	*	*	*	*	1551624	*
H	113446	130	100.0	+	0	0	130M120I	5cf7a981fa56343ce6cc69cb0508179e	1551624
L	193213	250	*	*	*	*	*	4460263	*
H	193213	130	100.0	+	0	0	130M120I	5cf7a981fa56343ce6cc69cb0508179e	4460263
L	89262	250	*	*	*	*	*	173147	*
H	89262	130	100.0	+	0	0	130M120I	5cf7a981fa56343ce6cc69cb0508179e	173147
L	109690	250	*	*	*	*	*	16146	*
H	109690	130	99.2	+	0	0	130M120I	5cf7a981fa56343ce6cc69cb0508179e	16146
L	109694	250	*	*	*	*	*	16132	*
H	109694	130	100.0	+	0	0	106MI24M119I	5cf7a981fa56343ce6cc69cb0508179e	16132
H	145757	130	100.0	+	0	0	130M120I	f401596feaf31328caf1db2cac3fff5a	3433844
H	193307	130	100.0	+	0	0	130M120I	f401596feaf31328caf1db2cac3fff5a	4460786
H	166823	130	100.0	+	0	0	130M120I	f401596feaf31328caf1db2cac3fff5a	4326030
H	117154	130	100.0	+	0	0	130M120I	f401596feaf31328caf1db2cac3fff5a	1764173
H	84062	130	100.0	+	0	0	130M120I	f401596feaf31328caf1db2cac3fff5a	189247
L	114821	250	*	*	*	*	*	1147868	*
H	114821	130	98.5	+	0	0	130M120I	307af2317138525dd1591bafa3c60610	1147868
L	177175	250	*	*	*	*	*	4379249	*
H	177175	130	97.7	+	0	0	130M120I	307af2317138525dd1591bafa3c60610	4379249
L	10172	250	*	*	*	*	*	817146	*
H	10172	130	100.0	+	0	0	130M120I	307af2317138525dd1591bafa3c60610	817146
L	185422	250	*	*	*	*	*	4420848	*
H	185422	130	98.5	+	0	0	130M120I	307af2317138525dd1591bafa3c60610	4420848
L	176901	250	*	*	*	*	*	4377813	*
H	176901	130	100.0	+	0	0	130M120I	307af2317138525dd1591bafa3c60610	4377813
L	163920	250	*	*	*	*	*	4312024	*
H	163920	130	100.0	+	0	0	130M120I	e6acb2b2b9c86da298a1b13aaaf42bc6	4312024
L	129398	250	*	*	*	*	*	2470908	*
H	129398	130	100.0	+	0	0	130M120I	e6acb2b2b9c86da298a1b13aaaf42bc6	2470908
L	53203	250	*	*	*	*	*	319621	*
H	53203	130	100.0	+	0	0	130M120I	e6acb2b2b9c86da298a1b13aaaf42bc6	319621
L	78198	250	*	*	*	*	*	214400	*
H	78198	130	100.0	+	0	0	130M120I	e6acb2b2b9c86da298a1b13aaaf42bc6	214400
L	49991	250	*	*	*	*	*	332732	*
H	49991	130	100.0	+	0	0	130M120I	e6acb2b2b9c86da298a1b13aaaf42bc6	332732
L	145202	250	*	*	*	*	*	664205	*
H	145202	130	100.0	+	0	0	130M120I	e417340476b5718f71d903906a54936d	664205
L	109975	250	*	*	*	*	*	14600	*
H	109975	130	100.0	+	0	0	130M120I	e417340476b5718f71d903906a54936d	14600
L	109974	250	*	*	*	*	*	14601	*
H	109974	130	100.0	+	0	0	130M120I	e417340476b5718f71d903906a54936d	14601
L	50210	250	*	*	*	*	*	331789	*
H	50210	130	100.0	+	0	0	130M120I	e417340476b5718f71d903906a54936d	331789
L	94849	250	*	*	*	*	*	148045	*
H	94849	130	100.0	+	0	0	130M120I	e417340476b5718f71d903906a54936d	148045
L	19782	250	*	*	*	*	*	584375	*
H	19782	130	99.2	+	0	0	130M120I	fcfd2fc467a1c694014adc61c8fe0115	584375
L	109119	250	*	*	*	*	*	24773	*
H	109119	130	99.2	+	0	0	130M120I	fcfd2fc467a1c694014adc61c8fe0115	24773
L	183256	250	*	*	*	*	*	4410137	*
H	183256	130	100.0	+	0	0	130M120I	fcfd2fc467a1c694014adc61c8fe0115	4410137
L	42428	250	*	*	*	*	*	365364	*
H	42428	130	100.0	+	0	0	130M120I	fcfd2fc467a1c694014adc61c8fe0115	365364
L	106246	250	*	*	*	*	*	69933	*
H	106246	130	100.0	+	0	0	130M120I	fcfd2fc467a1c694014adc61c8fe0115	69933
L	81109	250	*	*	*	*	*	198042	*
H	81109	130	99.2	+	0	0	130M120I	6ba7f11030b55866b1d2e3bcd871a788	198042
L	87681	250	*	*	*	*	*	178253	*
H	87681	130	100.0	+	0	0	130M120I	6ba7f11030b55866b1d2e3bcd871a788	178253
L	83079	250	*	*	*	*	*	192111	*
H	83079	130	100.0	+	0	0	130M120I	6ba7f11030b55866b1d2e3bcd871a788	192111
L	54823	250	*	*	*	*	*	312770	*
H	54823	130	99.2	+	0	0	130M120I	6ba7f11030b55866b1d2e3bcd871a788	312770
L	49702	250	*	*	*	*	*	333904	*
H	49702	130	99.2	+	0	0	130M120I	6ba7f11030b55866b1d2e3bcd871a788	333904
L	134186	250	*	*	*	*	*	2748888	*
H	134186	130	100.0	+	0	0	130M120I	58f36fe6ffe4f713f5b33663adbad70b	2748888
L	55034	250	*	*	*	*	*	311961	*
H	55034	130	100.0	+	0	0	130M120I	58f36fe6ffe4f713f5b33663adbad70b	311961
L	121066	250	*	*	*	*	*	1983368	*
H	121066	130	100.0	+	0	0	130M120I	58f36fe6ffe4f713f5b33663adbad70b	1983368
L	128859	250	*	*	*	*	*	2437975	*
H	128859	130	100.0	+	0	0	130M120I	58f36fe6ffe4f713f5b33663adbad70b	2437975
L	86591	250	*	*	*	*	*	181603	*
H	86591	130	100.0	+	0	0	130M120I	58f36fe6ffe4f713f5b33663adbad70b	181603
L	182678	250	*	*	*	*	*	4407317	*
H	182678	130	100.0	+	0	0	130M120I	b1d06c851a3938e7a6aafa9fa865a2ff	4407317
L	129518	250	*	*	*	*	*	2479014	*
H	129518	130	100.0	+	0	0	93MI37M119I	b1d06c851a3938e7a6aafa9fa865a2ff	2479014
L	179102	250	*	*	*	*	*	4388900	*
H	179102	130	100.0	+	0	0	130M120I	b1d06c851a3938e7a6aafa9fa865a2ff	4388900
L	173229	250	*	*	*	*	*	4358973	*
H	173229	130	100.0	+	0	0	130M120I	b1d06c851a3938e7a6aafa9fa865a2ff	4358973
L	26911	250	*	*	*	*	*	555873	*
H	26911	130	99.2	+	0	0	130M120I	b1d06c851a3938e7a6aafa9fa865a2ff	555873
L	25341	250	*	*	*	*	*	562225	*
H	25341	130	100.0	+	0	0	130M120I	361c8ef599dad4ef9a4aabbaf86c3055	562225
L	11825	250	*	*	*	*	*	793997	*
H	11825	130	100.0	+	0	0	58MI72M119I	361c8ef599dad4ef9a4aabbaf86c3055	793997
L	9350	250	*	*	*	*	*	824718	*
H	9350	130	100.0	+	0	0	130M120I	361c8ef599dad4ef9a4aabbaf86c3055	824718
L	121073	250	*	*	*	*	*	744900	*
H	121073	130	100.0	+	0	0	130M120I	361c8ef599dad4ef9a4aabbaf86c3055	744900
L	127094	250	*	*	*	*	*	821991	*
H	127094	130	100.0	+	0	0	130M120I	361c8ef599dad4ef9a4aabbaf86c3055	821991
H	81134	130	100.0	+	0	0	130M120I	fe07a3d4d3115adbefabb2c779200552	197974
H	59009	130	99.2	+	0	0	130M120I	fe07a3d4d3115adbefabb2c779200552	296604
H	60014	130	99.2	+	0	0	130M120I	fe07a3d4d3115adbefabb2c779200552	293077
H	60735	130	99.2	+	0	0	130M120I	fe07a3d4d3115adbefabb2c779200552	290650
L	61671	250	*	*	*	*	*	287314	*
H	61671	130	99.2	+	0	0	130M120I	fe07a3d4d3115adbefabb2c779200552	287314
L	176947	250	*	*	*	*	*	4378081	*
H	176947	130	100.0	+	0	0	130M120I	954394ea3285bf4caeade0f71f081dcd	4378081
L	54724	250	*	*	*	*	*	313166	*
H	54724	130	100.0	+	0	0	130M120I	954394ea3285bf4caeade0f71f081dcd	313166
H	163920	130	99.2	+	0	0	130M120I	954394ea3285bf4caeade0f71f081dcd	4312024
L	44447	250	*	*	*	*	*	355291	*
H	44447	130	99.2	+	0	0	130M120I	954394ea3285bf4caeade0f71f081dcd	355291
H	49991	130	99.2	+	0	0	130M120I	954394ea3285bf4caeade0f71f081dcd	332732
L	58672	250	*	*	*	*	*	297804	*
H	58672	130	100.0	+	0	0	130M120I	a58eda516ec76617bae88555d8eb336d	297804
L	60331	250	*	*	*	*	*	291995	*
H	60331	130	100.0	+	0	0	130M120I	a58eda516ec76617bae88555d8eb336d	291995
L	55657	250	*	*	*	*	*	309550	*
H	55657	130	100.0	+	0	0	130M120I	a58eda516ec76617bae88555d8eb336d	309550
L	60218	250	*	*	*	*	*	292355	*
H	60218	130	98.5	+	0	0	130M120I	a58eda516ec76617bae88555d8eb336d	292355
L	60191	250	*	*	*	*	*	292424	*
H	60191	130	100.0	+	0	0	130M120I	a58eda516ec76617bae88555d8eb336d	292424
L	148537	250	*	*	*	*	*	3604198	*
H	148537	130	99.2	+	0	0	130M120I	6f1e8b2a81445bac4bfac63151040b65	3604198
L	141186	250	*	*	*	*	*	3162420	*
H	141186	130	99.2	+	0	0	130M120I	6f1e8b2a81445bac4bfac63151040b65	3162420
L	141309	250	*	*	*	*	*	3168538	*
H	141309	130	100.0	+	0	0	130M120I	6f1e8b2a81445bac4bfac63151040b65	3168538
L	80842	250	*	*	*	*	*	198866	*
H	80842	130	99.2	+	0	0	130M120I	6f1e8b2a81445bac4bfac63151040b65	198866
L	175131	250	*	*	*	*	*	4368673	*
H	175131	130	99.2	+	0	0	130M120I	6f1e8b2a81445bac4bfac63151040b65	4368673
L	167960	250	*	*	*	*	*	4331760	*
H	167960	130	100.0	+	0	0	130M120I	7de8f2d334d87defab5bbdd19bd42111	4331760
L	116882	250	*	*	*	*	*	1746913	*
H	116882	130	100.0	+	0	0	130M120I	3079c822c58713cf38bb9577db2684c5	1746913
L	178419	250	*	*	*	*	*	4385479	*
H	178419	130	100.0	+	0	0	130M120I	3079c822c58713cf38bb9577db2684c5	4385479
L	127012	250	*	*	*	*	*	614890	*
H	127012	130	100.0	+	0	0	130M120I	3079c822c58713cf38bb9577db2684c5	614890
L	142497	250	*	*	*	*	*	826042	*
H	142497	130	100.0	+	0	0	130M120I	3079c822c58713cf38bb9577db2684c5	826042
L	138850	250	*	*	*	*	*	3021149	*
H	138850	130	100.0	+	0	0	130M120I	3079c822c58713cf38bb9577db2684c5	3021149
L	43398	250	*	*	*	*	*	360620	*
H	43398	130	100.0	+	0	0	130M120I	e4e5f8936126f01baa9c7ca2b24b866d	360620
L	46750	250	*	*	*	*	*	345889	*
H	46750	130	100.0	+	0	0	130M120I	e4e5f8936126f01baa9c7ca2b24b866d	345889
L	196263	250	*	*	*	*	*	4475642	*
H	196263	130	98.5	+	0	0	130M120I	e4e5f8936126f01baa9c7ca2b24b866d	4475642
L	161384	250	*	*	*	*	*	4300079	*
H	161384	130	100.0	+	0	0	130M120I	e4e5f8936126f01baa9c7ca2b24b866d	4300079
L	81515	250	*	*	*	*	*	196769	*
H	81515	130	100.0	+	0	0	130M120I	e4e5f8936126f01baa9c7ca2b24b866d	196769
L	123679	250	*	*	*	*	*	2136916	*
H	123679	130	100.0	+	0	0	130M120I	51ea89cacc9a5bb9774f1fa41b262452	2136916
L	99127	250	*	*	*	*	*	125260	*
H	99127	130	100.0	+	0	0	130M120I	3352f43e29849664c31c9afc46f4e3a5	125260
L	162730	250	*	*	*	*	*	4306464	*
H	162730	130	100.0	+	0	0	130M120I	3352f43e29849664c31c9afc46f4e3a5	4306464
L	19023	250	*	*	*	*	*	587124	*
H	19023	130	100.0	+	0	0	130M120I	3352f43e29849664c31c9afc46f4e3a5	587124
L	31406	250	*	*	*	*	*	537269	*
H	31406	130	100.0	+	0	0	130M120I	3352f43e29849664c31c9afc46f4e3a5	537269
L	99190	250	*	*	*	*	*	123487	*
H	99190	130	100.0	+	0	0	130M120I	3352f43e29849664c31c9afc46f4e3a5	123487
L	59059	250	*	*	*	*	*	296464	*
H	59059	130	100.0	+	0	0	130M120I	1b71d1483b3e56eb14b1ca81b8e78469	296464
L	61023	250	*	*	*	*	*	289709	*
H	61023	130	100.0	+	0	0	130M120I	1b71d1483b3e56eb14b1ca81b8e78469	289709
L	81044	250	*	*	*	*	*	198239	*
H	81044	130	100.0	+	0	0	130M120I	1b71d1483b3e56eb14b1ca81b8e78469	198239
L	99615	250	*	*	*	*	*	114510	*
H	99615	130	100.0	+	0	0	130M120I	1b71d1483b3e56eb14b1ca81b8e78469	114510
L	121566	250	*	*	*	*	*	2017805	*
H	121566	130	100.0	+	0	0	130M120I	1b71d1483b3e56eb14b1ca81b8e78469	2017805
L	38715	250	*	*	*	*	*	493071	*
H	38715	130	100.0	+	0	0	130M120I	e6638c11ac9c25df66fe52d525f02849	493071
L	42450	250	*	*	*	*	*	365256	*
H	42450	130	99.2	+	0	0	83MD46M121I	e6638c11ac9c25df66fe52d525f02849	365256
L	42551	250	*	*	*	*	*	364753	*
H	42551	130	100.0	+	0	0	130M120I	e6638c11ac9c25df66fe52d525f02849	364753
L	38827	250	*	*	*	*	*	470392	*
H	38827	130	100.0	+	0	0	130M120I	e6638c11ac9c25df66fe52d525f02849	470392
L	85603	250	*	*	*	*	*	184570	*
H	85603	130	100.0	+	0	0	130M120I	e6638c11ac9c25df66fe52d525f02849	184570
L	176215	250	*	*	*	*	*	4374204	*
H	176215	130	100.0	+	0	0	130M120I	f571016e70e05cf54d492018f29c4b74	4374204
L	87470	250	*	*	*	*	*	178873	*
H	87470	130	100.0	+	0	0	130M120I	f571016e70e05cf54d492018f29c4b74	178873
L	84359	250	*	*	*	*	*	188321	*
H	84359	130	100.0	+	0	0	130M120I	f571016e70e05cf54d492018f29c4b74	188321
L	86349	250	*	*	*	*	*	182305	*
H	86349	130	99.2	+	0	0	130M120I	f571016e70e05cf54d492018f29c4b74	182305
L	84213	250	*	*	*	*	*	188818	*
H	84213	130	100.0	+	0	0	130M120I	f571016e70e05cf54d492018f29c4b74	188818
L	112844	250	*	*	*	*	*	1513958	*
H	112844	130	100.0	+	0	0	130M120I	ac33370cda96ee5272a29682c1d9b992	1513958
L	42959	250	*	*	*	*	*	362687	*
H	42959	130	100.0	+	0	0	130M120I	ac33370cda96ee5272a29682c1d9b992	362687
L	152428	250	*	*	*	*	*	736343	*
H	152428	130	100.0	+	0	0	130M120I	ac33370cda96ee5272a29682c1d9b992	736343
L	42739	250	*	*	*	*	*	363735	*
H	42739	130	100.0	+	0	0	130M120I	ac33370cda96ee5272a29682c1d9b992	363735
L	83784	250	*	*	*	*	*	190062	*
H	83784	130	99.2	+	0	0	130M120I	ac33370cda96ee5272a29682c1d9b992	190062
L	66558	250	*	*	*	*	*	265735	*
H	66558	130	100.0	+	0	0	130M120I	a81d35ecbebc06d41a9c0f512df39e3c	265735
L	66162	250	*	*	*	*	*	267180	*
H	66162	130	100.0	+	0	0	130M120I	a81d35ecbebc06d41a9c0f512df39e3c	267180
L	64990	250	*	*	*	*	*	271084	*
H	64990	130	100.0	+	0	0	130M120I	a81d35ecbebc06d41a9c0f512df39e3c	271084
L	85428	250	*	*	*	*	*	185186	*
H	85428	130	100.0	+	0	0	130M120I	a81d35ecbebc06d41a9c0f512df39e3c	185186
L	64582	250	*	*	*	*	*	272463	*
H	64582	130	100.0	+	0	0	130M120I	a81d35ecbebc06d41a9c0f512df39e3c	272463
L	183369	250	*	*	*	*	*	4410740	*
H	183369	130	100.0	+	0	0	130M120I	7a0047502b6036ea9b2b051d8d8abc49	4410740
L	154544	250	*	*	*	*	*	3964308	*
H	154544	130	100.0	+	0	0	130M120I	7a0047502b6036ea9b2b051d8d8abc49	3964308
L	143616	250	*	*	*	*	*	3304796	*
H	143616	130	100.0	+	0	0	130M120I	7a0047502b6036ea9b2b051d8d8abc49	3304796
L	81148	250	*	*	*	*	*	197930	*
H	81148	130	100.0	+	0	0	130M120I	7a0047502b6036ea9b2b051d8d8abc49	197930
L	87044	250	*	*	*	*	*	180192	*
H	87044	130	100.0	+	0	0	130M120I	7a0047502b6036ea9b2b051d8d8abc49	180192
L	88885	250	*	*	*	*	*	174509	*
H	88885	130	100.0	+	0	0	130M120I	de6fbc09238ebf79cc946a59886540a5	174509
L	88560	250	*	*	*	*	*	175475	*
H	88560	130	100.0	+	0	0	130M120I	de6fbc09238ebf79cc946a59886540a5	175475
L	88552	250	*	*	*	*	*	175493	*
H	88552	130	100.0	+	0	0	130M120I	de6fbc09238ebf79cc946a59886540a5	175493
L	88449	250	*	*	*	*	*	175799	*
H	88449	130	100.0	+	0	0	130M120I	de6fbc09238ebf79cc946a59886540a5	175799
L	38829	250	*	*	*	*	*	470369	*
H	38829	130	100.0	+	0	0	130M120I	de6fbc09238ebf79cc946a59886540a5	470369
L	20805	250	*	*	*	*	*	580882	*
H	20805	130	100.0	+	0	0	130M120I	7b31b62c5c0f494b93e9b79336ad9e26	580882
L	59322	250	*	*	*	*	*	295556	*
H	59322	130	98.5	+	0	0	130M120I	7b31b62c5c0f494b93e9b79336ad9e26	295556
L	38058	250	*	*	*	*	*	509930	*
H	38058	130	100.0	+	0	0	130M120I	7b31b62c5c0f494b93e9b79336ad9e26	509930
L	135791	250	*	*	*	*	*	134174	*
H	135791	130	98.5	+	0	0	12MI118M119I	7b31b62c5c0f494b93e9b79336ad9e26	134174
L	85230	250	*	*	*	*	*	185762	*
H	85230	130	100.0	+	0	0	130M120I	7b31b62c5c0f494b93e9b79336ad9e26	185762
H	41742	130	99.2	+	0	0	130M120I	6837e9c13695169a751dfa6b4cd7aefe	368769
H	134780	130	98.5	+	0	0	130M120I	6837e9c13695169a751dfa6b4cd7aefe	951072
L	147327	250	*	*	*	*	*	1097113	*
H	147327	130	97.7	+	0	0	130M120I	6837e9c13695169a751dfa6b4cd7aefe	1097113
H	139313	130	97.7	+	0	0	130M120I	6837e9c13695169a751dfa6b4cd7aefe	738372
H	41742	130	100.0	+	0	0	130M120I	761674a283aa0a8a1768657e22f3766f	368769
H	134780	130	99.2	+	0	0	130M120I	761674a283aa0a8a1768657e22f3766f	951072
L	187368	250	*	*	*	*	*	4430692	*
H	187368	130	97.7	+	0	0	130M120I	761674a283aa0a8a1768657e22f3766f	4430692
H	147327	130	98.5	+	0	0	130M120I	761674a283aa0a8a1768657e22f3766f	1097113
H	139313	130	98.5	+	0	0	130M120I	761674a283aa0a8a1768657e22f3766f	738372
L	173157	250	*	*	*	*	*	4358574	*
H	173157	130	100.0	+	0	0	130M120I	c06a769d3868cc10c215d9fb5fd3a215	4358574
L	83717	250	*	*	*	*	*	190262	*
H	83717	130	100.0	+	0	0	130M120I	c06a769d3868cc10c215d9fb5fd3a215	190262
L	188530	250	*	*	*	*	*	4436470	*
H	188530	130	100.0	+	0	0	130M120I	c06a769d3868cc10c215d9fb5fd3a215	4436470
L	174412	250	*	*	*	*	*	4365130	*
H	174412	130	100.0	+	0	0	130M120I	c06a769d3868cc10c215d9fb5fd3a215	4365130
L	139279	250	*	*	*	*	*	1109511	*
H	139279	130	100.0	+	0	0	130M120I	c06a769d3868cc10c215d9fb5fd3a215	1109511
L	124613	250	*	*	*	*	*	841374	*
H	124613	130	100.0	+	0	0	130M120I	b64fb900273bc7470be11b73e1a45bd7	841374
L	87943	250	*	*	*	*	*	177454	*
H	87943	130	100.0	+	0	0	130M120I	b64fb900273bc7470be11b73e1a45bd7	177454
L	140177	250	*	*	*	*	*	727507	*
H	140177	130	100.0	+	0	0	130M120I	b64fb900273bc7470be11b73e1a45bd7	727507
L	190661	250	*	*	*	*	*	4447176	*
H	190661	130	99.2	+	0	0	130M120I	b64fb900273bc7470be11b73e1a45bd7	4447176
L	100767	250	*	*	*	*	*	110625	*
H	100767	130	100.0	+	0	0	130M120I	b64fb900273bc7470be11b73e1a45bd7	110625
D	17677	2	*	*	*	*	100.0	592112	*
D	38829	2	*	*	*	*	100.0	470369	*
D	38844	2	*	*	*	*	100.0	469852	*
D	40151	2	*	*	*	*	100.0	418668	*
D	41742	4	*	*	*	*	99.5	368769	*
D	42739	2	*	*	*	*	100.0	363735	*
D	43970	2	*	*	*	*	100.0	357494	*
D	49198	2	*	*	*	*	100.0	336012	*
D	49991	2	*	*	*	*	100.0	332732	*
D	54724	2	*	*	*	*	100.0	313166	*
D	60191	2	*	*	*	*	100.0	292424	*
D	64582	2	*	*	*	*	100.0	272463	*
D	77874	2	*	*	*	*	100.0	216482	*
D	79324	2	*	*	*	*	100.0	207487	*
D	81134	3	*	*	*	*	99.6	197974	*
D	81515	2	*	*	*	*	100.0	196769	*
D	83079	2	*	*	*	*	100.0	192111	*
D	84062	3	*	*	*	*	99.6	189247	*
D	84213	2	*	*	*	*	100.0	188818	*
D	84592	2	*	*	*	*	100.0	187651	*
D	85230	2	*	*	*	*	100.0	185762	*
D	85603	2	*	*	*	*	100.0	184570	*
D	86180	2	*	*	*	*	100.0	182866	*
D	86591	2	*	*	*	*	100.0	181603	*
D	87002	2	*	*	*	*	100.0	180341	*
D	87044	2	*	*	*	*	100.0	180192	*
D	87087	2	*	*	*	*	100.0	180049	*
D	88308	2	*	*	*	*	99.2	176269	*
D	94849	2	*	*	*	*	100.0	148045	*
D	99190	2	*	*	*	*	100.0	123487	*
D	100767	2	*	*	*	*	100.0	110625	*
D	101009	2	*	*	*	*	100.0	109545	*
D	101370	2	*	*	*	*	100.0	107923	*
D	106246	2	*	*	*	*	100.0	69933	*
D	107731	2	*	*	*	*	100.0	45687	*
D	109694	2	*	*	*	*	100.0	16132	*
D	121566	2	*	*	*	*	100.0	2017805	*
D	123679	2	*	*	*	*	100.0	2136916	*
D	127094	2	*	*	*	*	100.0	821991	*
D	138180	2	*	*	*	*	100.0	2979308	*
D	138850	2	*	*	*	*	100.0	3021149	*
D	139279	2	*	*	*	*	100.0	1109511	*
D	140870	2	*	*	*	*	100.0	3145656	*
D	141309	2	*	*	*	*	100.0	3168538	*
D	150807	3	*	*	*	*	99.6	3744605	*
D	156650	2	*	*	*	*	100.0	1136471	*
D	167960	2	*	*	*	*	100.0	4331760	*
D	170693	2	*	*	*	*	100.0	4345464	*
D	173229	2	*	*	*	*	100.0	4358973	*
D	174433	2	*	*	*	*	100.0	4365196	*
D	176901	2	*	*	*	*	100.0	4377813	*
D	187535	2	*	*	*	*	100.0	4431558	*
D	189530	2	*	*	*	*	100.0	4441228	*
D	192098	3	*	*	*	*	99.6	4454599	*
D	193759	2	*	*	*	*	100.0	4463108	*
