UclustConsensusTaxonAssigner parameters:
id_to_taxonomy_filepath:/Users/nbokulich/Desktop/ref_dbs/gg_13_8_otus/taxonomy/99_otu_taxonomy.txt
id_to_taxonomy_fp:/Users/nbokulich/Desktop/ref_dbs/gg_13_8_otus/taxonomy/99_otu_taxonomy.txt
max_accepts:5
min_consensus_fraction:0.76
reference_sequences_fp:/Users/nbokulich/Desktop/ref_dbs/gg_13_8_otus/rep_set/99_otus/dna-sequences.fasta
similarity:0.99
unassignable_label:Unassigned
Result path: /var/folders/0t/l1dz88p50y91vx_22fx5w3780000gn/T/assign-taxciCv86

.uc file contents:

# uclust --input /Users/nbokulich/Desktop/projects/short-read-tax-assignment/data/mock-community/mock-21/rep_seqs.fna --id 0.99 --rev --maxaccepts 5 --allhits --libonly --lib /Users/nbokulich/Desktop/ref_dbs/gg_13_8_otus/rep_set/99_otus/dna-sequences.fasta --uc /var/folders/0t/l1dz88p50y91vx_22fx5w3780000gn/T/UclustConsensusTaxonAssigner_mkrEdp.uc
# version=1.2.22
# Tab-separated fields:
# 1=Type, 2=ClusterNr, 3=SeqLength or ClusterSize, 4=PctId, 5=Strand, 6=QueryStart, 7=SeedStart, 8=Alignment, 9=QueryLabel, 10=TargetLabel
# Record types (field 1): L=LibSeed, S=NewSeed, H=Hit, R=Reject, D=LibCluster, C=NewCluster, N=NoHit
# For C and D types, PctId is average id with seed.
# QueryStart and SeedStart are zero-based relative to start of sequence.
# If minus strand, SeedStart is relative to reverse-complemented seed.
L	90738	250	*	*	*	*	*	165489	*
H	90738	250	100.0	+	0	0	250M	1b158b8b2922d4fcad5d9cea607cbb7d	165489
L	13285	250	*	*	*	*	*	741050	*
H	13285	250	100.0	+	0	0	250M	1b158b8b2922d4fcad5d9cea607cbb7d	741050
L	70950	250	*	*	*	*	*	249227	*
H	70950	250	100.0	+	0	0	250M	1b158b8b2922d4fcad5d9cea607cbb7d	249227
L	173664	250	*	*	*	*	*	4361185	*
H	173664	250	99.6	+	0	0	235MI14MD	1b158b8b2922d4fcad5d9cea607cbb7d	4361185
L	182807	250	*	*	*	*	*	4408020	*
H	182807	250	99.6	+	0	0	250M	1b158b8b2922d4fcad5d9cea607cbb7d	4408020
L	31430	250	*	*	*	*	*	537182	*
H	31430	250	100.0	+	0	0	250M	0d87b112bc336b97248bf4757a668689	537182
L	17505	250	*	*	*	*	*	592770	*
H	17505	250	100.0	+	0	0	250M	0d87b112bc336b97248bf4757a668689	592770
L	77390	250	*	*	*	*	*	218869	*
H	77390	250	100.0	+	0	0	250M	0d87b112bc336b97248bf4757a668689	218869
L	22709	250	*	*	*	*	*	573338	*
H	22709	250	99.6	+	0	0	23MI226MD	0d87b112bc336b97248bf4757a668689	573338
L	189593	250	*	*	*	*	*	4441550	*
H	189593	250	100.0	+	0	0	250M	0d87b112bc336b97248bf4757a668689	4441550
L	110840	250	*	*	*	*	*	10952	*
H	110840	250	99.6	+	0	0	250M	70c9bfbb24364a1049dc8f2807fbf39e	10952
L	110824	250	*	*	*	*	*	11080	*
H	110824	250	99.2	+	0	0	250M	70c9bfbb24364a1049dc8f2807fbf39e	11080
L	101129	250	*	*	*	*	*	109111	*
H	101129	250	100.0	+	0	0	250M	70c9bfbb24364a1049dc8f2807fbf39e	109111
L	101131	250	*	*	*	*	*	109107	*
H	101131	250	100.0	+	0	0	250M	70c9bfbb24364a1049dc8f2807fbf39e	109107
L	101132	250	*	*	*	*	*	109106	*
H	101132	250	100.0	+	0	0	250M	70c9bfbb24364a1049dc8f2807fbf39e	109106
L	165997	250	*	*	*	*	*	4321911	*
H	165997	250	99.6	+	0	0	164MI85MD	d0b698c7298bf04110a6d2f220879bfb	4321911
L	167632	250	*	*	*	*	*	4330158	*
H	167632	250	100.0	+	0	0	250M	d0b698c7298bf04110a6d2f220879bfb	4330158
L	159927	250	*	*	*	*	*	4281168	*
H	159927	250	99.2	+	0	0	250M	d0b698c7298bf04110a6d2f220879bfb	4281168
L	155315	250	*	*	*	*	*	4007299	*
H	155315	250	100.0	+	0	0	250M	d0b698c7298bf04110a6d2f220879bfb	4007299
L	171596	250	*	*	*	*	*	4350213	*
H	171596	250	99.2	+	0	0	250M	d0b698c7298bf04110a6d2f220879bfb	4350213
L	162743	250	*	*	*	*	*	4306540	*
H	162743	250	100.0	+	0	0	250M	4a765a31e0cf23936b0d98af5f0b7b81	4306540
L	76514	250	*	*	*	*	*	222902	*
H	76514	250	100.0	+	0	0	250M	4a765a31e0cf23936b0d98af5f0b7b81	222902
L	76672	250	*	*	*	*	*	222180	*
H	76672	250	100.0	+	0	0	250M	4a765a31e0cf23936b0d98af5f0b7b81	222180
L	77203	250	*	*	*	*	*	219826	*
H	77203	250	100.0	+	0	0	250M	4a765a31e0cf23936b0d98af5f0b7b81	219826
L	77335	250	*	*	*	*	*	219151	*
H	77335	250	100.0	+	0	0	250M	4a765a31e0cf23936b0d98af5f0b7b81	219151
L	135542	250	*	*	*	*	*	959954	*
H	135542	250	100.0	+	0	0	250M	0dc8e0e89e89cf4f0c71808666f6c6e7	959954
L	111314	250	*	*	*	*	*	8434	*
H	111314	250	99.6	+	0	0	250M	0dc8e0e89e89cf4f0c71808666f6c6e7	8434
L	88508	250	*	*	*	*	*	175605	*
H	88508	250	99.2	+	0	0	250M	0dc8e0e89e89cf4f0c71808666f6c6e7	175605
L	49855	250	*	*	*	*	*	333316	*
H	49855	250	99.2	+	0	0	250M	0dc8e0e89e89cf4f0c71808666f6c6e7	333316
L	73718	250	*	*	*	*	*	238145	*
H	73718	250	100.0	+	0	0	250M	0dc8e0e89e89cf4f0c71808666f6c6e7	238145
L	94916	250	*	*	*	*	*	147689	*
H	94916	250	100.0	+	0	0	250M	2f93e58b78f2842e83abd5fde37ad276	147689
L	37639	250	*	*	*	*	*	511378	*
H	37639	250	99.6	+	0	0	89MI160MD	2f93e58b78f2842e83abd5fde37ad276	511378
L	160512	250	*	*	*	*	*	4296242	*
H	160512	250	99.6	+	0	0	250M	2f93e58b78f2842e83abd5fde37ad276	4296242
L	120420	250	*	*	*	*	*	851707	*
H	120420	250	100.0	+	0	0	250M	2f93e58b78f2842e83abd5fde37ad276	851707
L	131063	250	*	*	*	*	*	710623	*
H	131063	250	100.0	+	0	0	250M	d23fbef2f31d48eda40876cdbc49933a	710623
L	2663	250	*	*	*	*	*	1044680	*
H	2663	250	100.0	+	0	0	250M	d23fbef2f31d48eda40876cdbc49933a	1044680
L	2655	250	*	*	*	*	*	1044914	*
H	2655	250	99.2	+	0	0	250M	d23fbef2f31d48eda40876cdbc49933a	1044914
L	3915	250	*	*	*	*	*	994912	*
H	3915	250	99.6	+	0	0	250M	d23fbef2f31d48eda40876cdbc49933a	994912
L	2616	250	*	*	*	*	*	1046178	*
H	2616	250	99.6	+	0	0	250M	d23fbef2f31d48eda40876cdbc49933a	1046178
L	166988	250	*	*	*	*	*	4326794	*
H	166988	250	100.0	+	0	0	250M	6c687828e2fdce22a50b09ae7e9e6a1c	4326794
L	189370	250	*	*	*	*	*	4440404	*
H	189370	250	99.6	+	0	0	250M	6c687828e2fdce22a50b09ae7e9e6a1c	4440404
L	163344	250	*	*	*	*	*	4309160	*
H	163344	250	99.2	+	0	0	250M	6c687828e2fdce22a50b09ae7e9e6a1c	4309160
L	164648	250	*	*	*	*	*	4315405	*
H	164648	250	100.0	+	0	0	250M	0a4009eb300a0f2671383587d6d8401e	4315405
L	164764	250	*	*	*	*	*	4315958	*
H	164764	250	100.0	+	0	0	250M	0a4009eb300a0f2671383587d6d8401e	4315958
L	160757	250	*	*	*	*	*	4297222	*
H	160757	250	99.2	+	0	0	9MI14MI225M2D	0a4009eb300a0f2671383587d6d8401e	4297222
L	171709	250	*	*	*	*	*	4350748	*
H	171709	250	100.0	+	0	0	250M	0a4009eb300a0f2671383587d6d8401e	4350748
L	167451	250	*	*	*	*	*	4329215	*
H	167451	250	99.6	+	0	0	250M	0a4009eb300a0f2671383587d6d8401e	4329215
L	109661	250	*	*	*	*	*	16267	*
H	109661	250	99.6	+	0	0	250M	7d28a9e5ac8c019cc2652582737fbcd3	16267
L	109660	250	*	*	*	*	*	16271	*
H	109660	250	99.6	+	0	0	250M	7d28a9e5ac8c019cc2652582737fbcd3	16271
L	97776	250	*	*	*	*	*	136834	*
H	97776	250	99.2	+	0	0	250M	7d28a9e5ac8c019cc2652582737fbcd3	136834
L	10368	250	*	*	*	*	*	815357	*
H	10368	250	99.6	+	0	0	250M	7d28a9e5ac8c019cc2652582737fbcd3	815357
L	169167	250	*	*	*	*	*	4337815	*
H	169167	250	99.2	+	0	0	250M	7d28a9e5ac8c019cc2652582737fbcd3	4337815
L	32614	250	*	*	*	*	*	532163	*
H	32614	250	100.0	+	0	0	250M	51393137c0bd87733bef92c0d82ad05f	532163
L	70196	250	*	*	*	*	*	252206	*
H	70196	250	100.0	+	0	0	250M	51393137c0bd87733bef92c0d82ad05f	252206
L	111783	250	*	*	*	*	*	5796	*
H	111783	250	100.0	+	0	0	250M	51393137c0bd87733bef92c0d82ad05f	5796
L	184603	250	*	*	*	*	*	4416988	*
H	184603	250	100.0	+	0	0	250M	e336f37a27cbd76db5b0040a8c078e20	4416988
L	169931	250	*	*	*	*	*	4341595	*
H	169931	250	100.0	+	0	0	250M	e336f37a27cbd76db5b0040a8c078e20	4341595
L	184457	250	*	*	*	*	*	4416186	*
H	184457	250	99.2	+	0	0	250M	e336f37a27cbd76db5b0040a8c078e20	4416186
L	148763	250	*	*	*	*	*	1119089	*
H	148763	250	99.6	+	0	0	250M	3dcf95f04c5e5084618a820fded0a048	1119089
L	186848	250	*	*	*	*	*	4427891	*
H	186848	250	99.6	+	0	0	250M	3dcf95f04c5e5084618a820fded0a048	4427891
H	169167	250	99.6	+	0	0	250M	3dcf95f04c5e5084618a820fded0a048	4337815
L	31090	250	*	*	*	*	*	538589	*
H	31090	250	100.0	+	0	0	250M	3dcf95f04c5e5084618a820fded0a048	538589
L	101731	250	*	*	*	*	*	106334	*
H	101731	250	99.6	+	0	0	250M	3dcf95f04c5e5084618a820fded0a048	106334
L	170309	250	*	*	*	*	*	4343580	*
H	170309	250	99.2	+	0	0	250M	668fdb718997fc1589c7817655d4bb5f	4343580
L	132940	250	*	*	*	*	*	2682128	*
H	132940	250	100.0	+	0	0	250M	668fdb718997fc1589c7817655d4bb5f	2682128
L	132682	250	*	*	*	*	*	2666834	*
H	132682	250	100.0	+	0	0	250M	668fdb718997fc1589c7817655d4bb5f	2666834
L	132391	250	*	*	*	*	*	2650941	*
H	132391	250	100.0	+	0	0	250M	668fdb718997fc1589c7817655d4bb5f	2650941
L	132388	250	*	*	*	*	*	2650642	*
H	132388	250	100.0	+	0	0	250M	668fdb718997fc1589c7817655d4bb5f	2650642
L	183806	250	*	*	*	*	*	4413040	*
H	183806	250	100.0	+	0	0	250M	b4c9bc9315d2331ee859d99151ef4b46	4413040
L	157087	250	*	*	*	*	*	1119457	*
H	157087	250	100.0	+	0	0	250M	b4c9bc9315d2331ee859d99151ef4b46	1119457
L	69157	250	*	*	*	*	*	256643	*
H	69157	250	100.0	+	0	0	250M	b4c9bc9315d2331ee859d99151ef4b46	256643
L	25953	250	*	*	*	*	*	559822	*
H	25953	250	100.0	+	0	0	250M	b4c9bc9315d2331ee859d99151ef4b46	559822
L	103224	250	*	*	*	*	*	100573	*
H	103224	250	100.0	+	0	0	250M	b4c9bc9315d2331ee859d99151ef4b46	100573
L	38045	250	*	*	*	*	*	509973	*
H	38045	250	100.0	+	0	0	250M	54f3fa8080e96ee8c48b77627ac0ae3a	509973
L	37835	250	*	*	*	*	*	510736	*
H	37835	250	99.6	+	0	0	250M	54f3fa8080e96ee8c48b77627ac0ae3a	510736
L	55245	250	*	*	*	*	*	311194	*
H	55245	250	100.0	+	0	0	250M	54f3fa8080e96ee8c48b77627ac0ae3a	311194
L	55314	250	*	*	*	*	*	310929	*
H	55314	250	100.0	+	0	0	250M	54f3fa8080e96ee8c48b77627ac0ae3a	310929
L	55510	250	*	*	*	*	*	310170	*
H	55510	250	100.0	+	0	0	250M	54f3fa8080e96ee8c48b77627ac0ae3a	310170
L	91389	250	*	*	*	*	*	162258	*
H	91389	250	99.6	+	0	0	250M	a1a3200b76bcd6000a0914892d370b6e	162258
L	91399	250	*	*	*	*	*	162192	*
H	91399	250	100.0	+	0	0	250M	a1a3200b76bcd6000a0914892d370b6e	162192
L	91492	250	*	*	*	*	*	161709	*
H	91492	250	99.6	+	0	0	250M	a1a3200b76bcd6000a0914892d370b6e	161709
L	93790	250	*	*	*	*	*	152485	*
H	93790	250	99.6	+	0	0	250M	a1a3200b76bcd6000a0914892d370b6e	152485
L	95692	250	*	*	*	*	*	144246	*
H	95692	250	99.6	+	0	0	250M	a1a3200b76bcd6000a0914892d370b6e	144246
N	*	250	*	*	*	*	*	645f451a142640ab1ac48cafc5935202	*
L	131639	250	*	*	*	*	*	1080813	*
H	131639	250	99.6	+	0	0	50MI199MD	608e6548b1b4cbb6176c8fce090991a5	1080813
L	36203	250	*	*	*	*	*	516753	*
H	36203	250	100.0	+	0	0	250M	608e6548b1b4cbb6176c8fce090991a5	516753
L	160326	250	*	*	*	*	*	4295370	*
H	160326	250	99.2	+	0	0	250M	608e6548b1b4cbb6176c8fce090991a5	4295370
L	108016	250	*	*	*	*	*	41300	*
H	108016	250	100.0	+	0	0	250M	608e6548b1b4cbb6176c8fce090991a5	41300
L	110485	250	*	*	*	*	*	12574	*
H	110485	250	99.6	+	0	0	250M	608e6548b1b4cbb6176c8fce090991a5	12574
L	164361	250	*	*	*	*	*	4314144	*
H	164361	250	99.6	+	0	0	250M	ade3784d6dfd298c1bf09140aaa941fb	4314144
L	164422	250	*	*	*	*	*	4314446	*
H	164422	250	99.6	+	0	0	250M	ade3784d6dfd298c1bf09140aaa941fb	4314446
L	164423	250	*	*	*	*	*	4314453	*
H	164423	250	99.6	+	0	0	250M	ade3784d6dfd298c1bf09140aaa941fb	4314453
L	164424	250	*	*	*	*	*	4314454	*
H	164424	250	99.6	+	0	0	250M	ade3784d6dfd298c1bf09140aaa941fb	4314454
L	164458	250	*	*	*	*	*	4314551	*
H	164458	250	99.6	+	0	0	250M	ade3784d6dfd298c1bf09140aaa941fb	4314551
L	147368	250	*	*	*	*	*	1148151	*
H	147368	250	99.6	+	0	0	250M	abcb4683a75225cb127fc362b64f0557	1148151
L	99653	250	*	*	*	*	*	114399	*
H	99653	250	99.6	+	0	0	250M	abcb4683a75225cb127fc362b64f0557	114399
L	110773	250	*	*	*	*	*	11253	*
H	110773	250	99.6	+	0	0	250M	abcb4683a75225cb127fc362b64f0557	11253
L	110774	250	*	*	*	*	*	11247	*
H	110774	250	99.2	+	0	0	250M	abcb4683a75225cb127fc362b64f0557	11247
L	93450	250	*	*	*	*	*	153941	*
H	93450	250	99.2	+	0	0	250M	abcb4683a75225cb127fc362b64f0557	153941
L	1786	250	*	*	*	*	*	1076969	*
H	1786	250	99.6	+	0	0	250M	d63133c757e4c822d016db63aaa83f83	1076969
L	23981	250	*	*	*	*	*	567972	*
H	23981	250	99.6	+	0	0	250M	d63133c757e4c822d016db63aaa83f83	567972
L	161380	250	*	*	*	*	*	4300042	*
H	161380	250	100.0	+	0	0	250M	d63133c757e4c822d016db63aaa83f83	4300042
L	71059	250	*	*	*	*	*	248785	*
H	71059	250	99.2	+	0	0	250M	d63133c757e4c822d016db63aaa83f83	248785
L	107581	250	*	*	*	*	*	47988	*
H	107581	250	99.2	+	0	0	250M	d63133c757e4c822d016db63aaa83f83	47988
D	2663	2	*	*	*	*	100.0	1044680	*
D	10368	2	*	*	*	*	99.6	815357	*
D	31090	2	*	*	*	*	100.0	538589	*
D	55510	2	*	*	*	*	100.0	310170	*
D	70950	2	*	*	*	*	100.0	249227	*
D	73718	2	*	*	*	*	100.0	238145	*
D	77335	2	*	*	*	*	100.0	219151	*
D	91399	2	*	*	*	*	100.0	162192	*
D	101132	2	*	*	*	*	100.0	109106	*
D	103224	2	*	*	*	*	100.0	100573	*
D	108016	2	*	*	*	*	100.0	41300	*
D	110773	2	*	*	*	*	99.6	11253	*
D	111783	2	*	*	*	*	100.0	5796	*
D	120420	2	*	*	*	*	100.0	851707	*
D	132388	2	*	*	*	*	100.0	2650642	*
D	155315	2	*	*	*	*	100.0	4007299	*
D	161380	2	*	*	*	*	100.0	4300042	*
D	164458	2	*	*	*	*	99.6	4314551	*
D	166988	2	*	*	*	*	100.0	4326794	*
D	169931	2	*	*	*	*	100.0	4341595	*
D	171709	2	*	*	*	*	100.0	4350748	*
D	189593	2	*	*	*	*	100.0	4441550	*
