UclustConsensusTaxonAssigner parameters:
id_to_taxonomy_filepath:/Users/nbokulich/Desktop/ref_dbs/gg_13_8_otus/taxonomy/99_otu_taxonomy.txt
id_to_taxonomy_fp:/Users/nbokulich/Desktop/ref_dbs/gg_13_8_otus/taxonomy/99_otu_taxonomy.txt
max_accepts:3
min_consensus_fraction:0.51
reference_sequences_fp:/Users/nbokulich/Desktop/ref_dbs/gg_13_8_otus/rep_set/99_otus/dna-sequences.fasta
similarity:0.99
unassignable_label:Unassigned
Result path: /var/folders/0t/l1dz88p50y91vx_22fx5w3780000gn/T/assign-taxVUJdy_

.uc file contents:

# uclust --input /Users/nbokulich/Desktop/projects/short-read-tax-assignment/data/mock-community/mock-23/rep_seqs.fna --id 0.99 --rev --maxaccepts 3 --allhits --libonly --lib /Users/nbokulich/Desktop/ref_dbs/gg_13_8_otus/rep_set/99_otus/dna-sequences.fasta --uc /var/folders/0t/l1dz88p50y91vx_22fx5w3780000gn/T/UclustConsensusTaxonAssigner_H6KxJF.uc
# version=1.2.22
# Tab-separated fields:
# 1=Type, 2=ClusterNr, 3=SeqLength or ClusterSize, 4=PctId, 5=Strand, 6=QueryStart, 7=SeedStart, 8=Alignment, 9=QueryLabel, 10=TargetLabel
# Record types (field 1): L=LibSeed, S=NewSeed, H=Hit, R=Reject, D=LibCluster, C=NewCluster, N=NoHit
# For C and D types, PctId is average id with seed.
# QueryStart and SeedStart are zero-based relative to start of sequence.
# If minus strand, SeedStart is relative to reverse-complemented seed.
L	151932	250	*	*	*	*	*	3808430	*
H	151932	231	100.0	+	0	0	231M19I	b53806d2798866e54bc88919793f0143	3808430
L	17528	250	*	*	*	*	*	592641	*
H	17528	231	99.6	+	0	0	231M19I	b53806d2798866e54bc88919793f0143	592641
L	151870	250	*	*	*	*	*	3804871	*
H	151870	231	100.0	+	0	0	231M19I	b53806d2798866e54bc88919793f0143	3804871
N	*	231	*	*	*	*	*	22ddf92ba59bd471f971d6df3420d960	*
L	121675	250	*	*	*	*	*	2026051	*
H	121675	231	99.1	+	0	0	231M19I	c9bf5c74d65804a3c12ee5f33a35ce53	2026051
L	187013	250	*	*	*	*	*	4428743	*
H	187013	231	99.6	+	0	0	231M19I	c9bf5c74d65804a3c12ee5f33a35ce53	4428743
L	58514	250	*	*	*	*	*	298427	*
H	58514	231	100.0	+	0	0	231M19I	c9bf5c74d65804a3c12ee5f33a35ce53	298427
N	*	231	*	*	*	*	*	a7b0c414b25cce98084fb827cf1a301d	*
N	*	231	*	*	*	*	*	598c0d78a56f4f34186a60a2096c8cbb	*
N	*	231	*	*	*	*	*	379b0b06a220a7dae9bb4fd3c084fa4b	*
L	77335	250	*	*	*	*	*	219151	*
H	77335	231	100.0	+	0	0	231M19I	47d01e6146062d4183e8b7db6a700475	219151
L	16999	250	*	*	*	*	*	606204	*
H	16999	231	100.0	+	0	0	231M19I	47d01e6146062d4183e8b7db6a700475	606204
L	77203	250	*	*	*	*	*	219826	*
H	77203	231	100.0	+	0	0	231M19I	47d01e6146062d4183e8b7db6a700475	219826
N	*	231	*	*	*	*	*	3510d5121df9f091d80df9d53c460170	*
L	24832	250	*	*	*	*	*	564332	*
H	24832	231	99.1	+	0	0	231M19I	42370bee07a419d0bf08a77c71eb71b2	564332
L	44093	250	*	*	*	*	*	356701	*
H	44093	231	99.6	+	0	0	231M19I	42370bee07a419d0bf08a77c71eb71b2	356701
L	109663	250	*	*	*	*	*	16258	*
H	109663	231	99.6	+	0	0	231M19I	42370bee07a419d0bf08a77c71eb71b2	16258
L	98951	250	*	*	*	*	*	128604	*
H	98951	231	100.0	+	0	0	231M19I	94abfcc74e15148e81c3ecca47a75bed	128604
L	42993	250	*	*	*	*	*	362525	*
H	42993	231	99.1	+	0	0	231M19I	27fba45e7fc11454fced0163d6f1d252	362525
L	149656	250	*	*	*	*	*	3678349	*
H	149656	231	99.6	+	0	0	231M19I	27fba45e7fc11454fced0163d6f1d252	3678349
L	119315	250	*	*	*	*	*	1888677	*
H	119315	231	99.1	+	0	0	231M19I	27fba45e7fc11454fced0163d6f1d252	1888677
L	189040	250	*	*	*	*	*	4438917	*
H	189040	231	100.0	+	0	0	231M19I	f63e6ab460ac14d303246d75b594b8b3	4438917
L	34232	250	*	*	*	*	*	525410	*
H	34232	231	99.6	+	0	0	231M19I	f63e6ab460ac14d303246d75b594b8b3	525410
L	174748	250	*	*	*	*	*	4366572	*
H	174748	231	100.0	+	0	0	231M19I	f63e6ab460ac14d303246d75b594b8b3	4366572
N	*	231	*	*	*	*	*	3cd8ddf19b7f33636feb6f51fb66b95b	*
N	*	231	*	*	*	*	*	20dbe633dbcc7b600023c3de531d76a6	*
N	*	231	*	*	*	*	*	a7ac04fb6dae5540438d7f5f9b626ca6	*
N	*	231	*	*	*	*	*	2c96a1782f0cb1b3e667532edf270489	*
N	*	231	*	*	*	*	*	ce77c65b3e1e7edeb424469deba7ee67	*
N	*	231	*	*	*	*	*	88c84411a36fcd85de778f674566a98f	*
N	*	231	*	*	*	*	*	f6df80fbd44d78dca57212ff04c2e220	*
N	*	231	*	*	*	*	*	d1d7a9e4b0a0765249da09ad29ca8fe1	*
N	*	231	*	*	*	*	*	868ad993d877f286cd2f3cb5999e35d8	*
N	*	231	*	*	*	*	*	c65950f2620a6861702c255894799c99	*
N	*	231	*	*	*	*	*	91cd2f1bc255bc97cdedfd51a5381471	*
N	*	231	*	*	*	*	*	ad63a4c28143848beb7dd921e1147d72	*
N	*	231	*	*	*	*	*	216b40cde70ff45984122f14482c7e57	*
N	*	231	*	*	*	*	*	261ae78eace5e030b67d81fd7def8d09	*
L	48128	250	*	*	*	*	*	340223	*
H	48128	231	99.6	+	0	0	231M19I	59828a7f38cbaf70fd284e624a459803	340223
L	104267	250	*	*	*	*	*	91486	*
H	104267	231	99.6	+	0	0	231M19I	59828a7f38cbaf70fd284e624a459803	91486
L	109506	250	*	*	*	*	*	18619	*
H	109506	231	99.6	+	0	0	231M19I	59828a7f38cbaf70fd284e624a459803	18619
L	89405	250	*	*	*	*	*	172359	*
H	89405	231	99.6	+	0	0	231M19I	5f24d62e8caaa259b59cb08f7c7756df	172359
L	171709	250	*	*	*	*	*	4350748	*
H	171709	231	100.0	+	0	0	231M19I	5f24d62e8caaa259b59cb08f7c7756df	4350748
L	164764	250	*	*	*	*	*	4315958	*
H	164764	231	100.0	+	0	0	231M19I	5f24d62e8caaa259b59cb08f7c7756df	4315958
N	*	231	*	*	*	*	*	cf0472eb326ad0b923d709b550e88895	*
N	*	231	*	*	*	*	*	a062f5b5ef35bb18d35c206efb52989a	*
N	*	231	*	*	*	*	*	2fe0d49dde617cc794a5eac8643a224c	*
N	*	231	*	*	*	*	*	a6fa8c319add1cce028176bde5925e0d	*
N	*	231	*	*	*	*	*	a0354da1299a5f86e1dabf551115e988	*
N	*	231	*	*	*	*	*	b724fc9a4abb0d7600021d80d95e5243	*
N	*	231	*	*	*	*	*	1c3e865d1fc5e0a8a0f78c8104960cca	*
H	24832	231	99.6	+	0	0	231M19I	867a6a47b7304418cb43fb4a2e30d3d0	564332
H	44093	231	100.0	+	0	0	231M19I	867a6a47b7304418cb43fb4a2e30d3d0	356701
H	109663	231	100.0	+	0	0	231M19I	867a6a47b7304418cb43fb4a2e30d3d0	16258
N	*	231	*	*	*	*	*	a45147adb284cb77039b6f072c024943	*
N	*	231	*	*	*	*	*	827c9647d41456c90a58feca08988959	*
N	*	231	*	*	*	*	*	7114621139a3ab545362d7eaab6e1914	*
L	35663	250	*	*	*	*	*	519213	*
H	35663	231	99.6	+	0	0	231M19I	83da98c6bc8521e9c791aeced185cb15	519213
L	7334	250	*	*	*	*	*	865331	*
H	7334	231	100.0	+	0	0	231M19I	83da98c6bc8521e9c791aeced185cb15	865331
L	96276	250	*	*	*	*	*	142534	*
H	96276	231	100.0	+	0	0	231M19I	83da98c6bc8521e9c791aeced185cb15	142534
N	*	231	*	*	*	*	*	220c846f12fd2f209cec1f6869147a6d	*
L	163611	250	*	*	*	*	*	4310500	*
H	163611	231	99.1	+	0	0	231M19I	9ca45f68f3c2a26d26b68740a86ad5c7	4310500
L	163659	250	*	*	*	*	*	4310771	*
H	163659	231	99.6	+	0	0	231M19I	9ca45f68f3c2a26d26b68740a86ad5c7	4310771
L	163709	250	*	*	*	*	*	4310940	*
H	163709	231	99.6	+	0	0	26MI205M18I	9ca45f68f3c2a26d26b68740a86ad5c7	4310940
N	*	231	*	*	*	*	*	24500b0cb6a2cd594665d924e9c37793	*
L	146958	250	*	*	*	*	*	3506870	*
H	146958	231	99.6	+	0	0	231M19I	68661e529a25adcd6991459ac7aa4cd7	3506870
L	191278	250	*	*	*	*	*	4450433	*
H	191278	231	100.0	+	0	0	231M19I	68661e529a25adcd6991459ac7aa4cd7	4450433
L	128539	250	*	*	*	*	*	987711	*
H	128539	231	100.0	+	0	0	231M19I	68661e529a25adcd6991459ac7aa4cd7	987711
L	57304	250	*	*	*	*	*	302632	*
H	57304	231	99.1	+	0	0	231M19I	f916d48796e31987b702bb38076ea489	302632
N	*	231	*	*	*	*	*	5a68cea8486c9e8d88dd164964f44037	*
L	91413	250	*	*	*	*	*	162112	*
H	91413	231	100.0	+	0	0	231M19I	d03173933344f7959edc8d5fa2178b4b	162112
L	91315	250	*	*	*	*	*	162668	*
H	91315	231	99.1	+	0	0	231M19I	d03173933344f7959edc8d5fa2178b4b	162668
L	49429	250	*	*	*	*	*	335044	*
H	49429	231	100.0	+	0	0	231M19I	d03173933344f7959edc8d5fa2178b4b	335044
N	*	231	*	*	*	*	*	b6b46977570b0f03b34e948c7c398dca	*
L	150192	250	*	*	*	*	*	870406	*
H	150192	231	100.0	+	0	0	231M19I	675901e598409fba2ca88494be3463d3	870406
L	38442	250	*	*	*	*	*	505922	*
H	38442	231	100.0	+	0	0	231M19I	675901e598409fba2ca88494be3463d3	505922
L	157157	250	*	*	*	*	*	4113608	*
H	157157	231	100.0	+	0	0	231M19I	675901e598409fba2ca88494be3463d3	4113608
L	117642	250	*	*	*	*	*	1790218	*
H	117642	231	100.0	+	0	0	231M19I	2d4978cf246f2ee60cd5ddba9df73e8e	1790218
L	144139	250	*	*	*	*	*	3335289	*
H	144139	231	100.0	+	0	0	231M19I	2d4978cf246f2ee60cd5ddba9df73e8e	3335289
L	89576	250	*	*	*	*	*	171559	*
H	89576	231	99.1	+	0	0	38MD192M20I	2d4978cf246f2ee60cd5ddba9df73e8e	171559
L	38425	250	*	*	*	*	*	507594	*
H	38425	231	100.0	+	0	0	231M19I	333a40af36286f867e8e903e420016d4	507594
L	181599	250	*	*	*	*	*	4401652	*
H	181599	231	100.0	+	0	0	231M19I	333a40af36286f867e8e903e420016d4	4401652
L	3675	250	*	*	*	*	*	1004093	*
H	3675	231	100.0	+	0	0	231M19I	333a40af36286f867e8e903e420016d4	1004093
L	169931	250	*	*	*	*	*	4341595	*
H	169931	231	100.0	+	0	0	231M19I	1b736c9b2516e440141859f406d9a754	4341595
L	184603	250	*	*	*	*	*	4416988	*
H	184603	231	100.0	+	0	0	231M19I	1b736c9b2516e440141859f406d9a754	4416988
N	*	231	*	*	*	*	*	8cd1bd26a7174f457af7de4009181070	*
N	*	231	*	*	*	*	*	4782e3cb8bf69dc4598cc1366bbdce7e	*
N	*	231	*	*	*	*	*	a9bc10e808f392c9e1cf16237f4a9b7e	*
N	*	231	*	*	*	*	*	89265d3d460ea46717c3c680c9d1d4a0	*
N	*	231	*	*	*	*	*	cabced68f3beb2813e29253f1c892f3d	*
N	*	231	*	*	*	*	*	a972fcd8be10c8d34ba56608108cfe22	*
N	*	231	*	*	*	*	*	ff72c33f44dd52a9940127ece6d74cd8	*
N	*	231	*	*	*	*	*	0493483cc66975024c927c2356f762d9	*
N	*	231	*	*	*	*	*	bcc8ad1c4518db8cc3549258f5834d4a	*
N	*	231	*	*	*	*	*	e14cfc36fbbb77b5d592215be53f3923	*
L	166988	250	*	*	*	*	*	4326794	*
H	166988	231	100.0	+	0	0	231M19I	2c5352f7ad9c99e93424ced5793b9f83	4326794
L	103152	250	*	*	*	*	*	100871	*
H	103152	231	99.1	+	0	0	231M19I	4669f785716df43aa86c9a990e619eb1	100871
L	141532	250	*	*	*	*	*	1059977	*
H	141532	231	99.6	+	0	0	231M19I	4669f785716df43aa86c9a990e619eb1	1059977
L	133879	250	*	*	*	*	*	1126851	*
H	133879	231	99.1	+	0	0	231M19I	4669f785716df43aa86c9a990e619eb1	1126851
N	*	231	*	*	*	*	*	f87fe98e3a70e14b5fa41cbe36d56d48	*
N	*	231	*	*	*	*	*	e20b40e3708fe307459135d57da56815	*
N	*	231	*	*	*	*	*	b388105c62e78022d2c1ad9774b909be	*
N	*	231	*	*	*	*	*	8527f4bbaa7eeb322230ec11be03b65e	*
N	*	231	*	*	*	*	*	34b43c4cee1e9b35548ce4611ce61221	*
H	163611	231	99.6	+	0	0	231M19I	f4c210a6fd0d1469a03d81516475560a	4310500
H	163659	231	100.0	+	0	0	231M19I	f4c210a6fd0d1469a03d81516475560a	4310771
H	163709	231	100.0	+	0	0	26MI205M18I	f4c210a6fd0d1469a03d81516475560a	4310940
N	*	231	*	*	*	*	*	4aa1826b4bcccd4d1d8eae11fa66d439	*
L	82163	250	*	*	*	*	*	194818	*
H	82163	231	100.0	+	0	0	231M19I	1820e6e409a195ddef6a8d62d7b5242b	194818
L	182354	250	*	*	*	*	*	4405656	*
H	182354	231	100.0	+	0	0	231M19I	1820e6e409a195ddef6a8d62d7b5242b	4405656
L	55932	250	*	*	*	*	*	308297	*
H	55932	231	100.0	+	0	0	231M19I	1820e6e409a195ddef6a8d62d7b5242b	308297
L	32614	250	*	*	*	*	*	532163	*
H	32614	231	100.0	+	0	0	231M19I	a0748d07684e299b7bb3fdb265e5de4a	532163
L	150648	250	*	*	*	*	*	831098	*
H	150648	231	99.1	+	0	0	231M19I	a0748d07684e299b7bb3fdb265e5de4a	831098
L	70196	250	*	*	*	*	*	252206	*
H	70196	231	100.0	+	0	0	231M19I	a0748d07684e299b7bb3fdb265e5de4a	252206
L	191523	250	*	*	*	*	*	4451875	*
H	191523	231	99.1	+	0	0	231M19I	60dee2662b4b91421600aac40dc69575	4451875
L	191521	250	*	*	*	*	*	4451871	*
H	191521	231	99.1	+	0	0	231M19I	60dee2662b4b91421600aac40dc69575	4451871
L	178130	250	*	*	*	*	*	4383963	*
H	178130	231	100.0	+	0	0	231M19I	60dee2662b4b91421600aac40dc69575	4383963
N	*	231	*	*	*	*	*	b8cc728644d1ee15082bc05ed841134a	*
N	*	231	*	*	*	*	*	4d0eceff835ac453578ef1bc22e21856	*
L	46763	250	*	*	*	*	*	345834	*
H	46763	231	99.6	+	0	0	231M19I	aa920529d931f31b07482715d415ac65	345834
L	46005	250	*	*	*	*	*	348940	*
H	46005	231	100.0	+	0	0	231M19I	aa920529d931f31b07482715d415ac65	348940
L	21647	250	*	*	*	*	*	577562	*
H	21647	231	99.6	+	0	0	231M19I	aa920529d931f31b07482715d415ac65	577562
L	20344	250	*	*	*	*	*	582464	*
H	20344	231	99.6	+	0	0	16MI88MI127M17I	cd63dfedc5c218993f5e48dc2a9e931c	582464
L	186492	250	*	*	*	*	*	4426166	*
H	186492	231	100.0	+	0	0	231M19I	cd63dfedc5c218993f5e48dc2a9e931c	4426166
L	195098	250	*	*	*	*	*	4469722	*
H	195098	231	99.6	+	0	0	231M19I	cd63dfedc5c218993f5e48dc2a9e931c	4469722
N	*	231	*	*	*	*	*	e8cae2618096d5179befa00581769617	*
N	*	231	*	*	*	*	*	6cc76bc1abdad808d9b6e0d0dfda25c0	*
N	*	231	*	*	*	*	*	bf26a539c6c5f7f6bfbbc113bcb51f43	*
N	*	231	*	*	*	*	*	6b57b00d3724d584038b912d5462b1a3	*
L	106041	250	*	*	*	*	*	71551	*
H	106041	231	99.6	+	0	0	231M19I	bbc6a536ea3427b5eeaa008fd43ff261	71551
L	7333	250	*	*	*	*	*	865357	*
H	7333	231	99.1	+	0	0	87MD143M20I	bbc6a536ea3427b5eeaa008fd43ff261	865357
L	34423	250	*	*	*	*	*	524626	*
H	34423	231	100.0	+	0	0	231M19I	bbc6a536ea3427b5eeaa008fd43ff261	524626
N	*	231	*	*	*	*	*	a77817858ceb7af4413df693bed66147	*
L	34251	250	*	*	*	*	*	525350	*
H	34251	231	99.1	+	0	0	231M19I	b3ac116d7126c83be5fb72684b3cc1de	525350
L	33604	250	*	*	*	*	*	528071	*
H	33604	231	99.1	+	0	0	231M19I	b3ac116d7126c83be5fb72684b3cc1de	528071
L	49783	250	*	*	*	*	*	333595	*
H	49783	231	99.6	+	0	0	231M19I	b3ac116d7126c83be5fb72684b3cc1de	333595
N	*	231	*	*	*	*	*	2f730983510f77c18a89f6b16e58d3f9	*
N	*	231	*	*	*	*	*	9f19f8e6b1e65047946a06c6ec0e3b33	*
N	*	231	*	*	*	*	*	0c01877ee48a17ced09f7382bfdece9f	*
N	*	231	*	*	*	*	*	0a6b2c70cbe72803956af2241a4a82a7	*
L	103081	250	*	*	*	*	*	101118	*
H	103081	231	99.6	+	0	0	231M19I	bd0e04bba322ccdb0aeddbdc43ce1798	101118
L	163538	250	*	*	*	*	*	4310109	*
H	163538	231	100.0	+	0	0	231M19I	bd0e04bba322ccdb0aeddbdc43ce1798	4310109
L	16936	250	*	*	*	*	*	609022	*
H	16936	231	99.6	+	0	0	231M19I	bd0e04bba322ccdb0aeddbdc43ce1798	609022
N	*	231	*	*	*	*	*	9f8aa20f490a5369857e9684b459277f	*
N	*	231	*	*	*	*	*	534500b6dc848fb489ef4fd0c6f9fdcb	*
D	3675	2	*	*	*	*	100.0	1004093	*
D	34423	2	*	*	*	*	100.0	524626	*
D	46005	2	*	*	*	*	100.0	348940	*
D	49429	2	*	*	*	*	100.0	335044	*
D	49783	2	*	*	*	*	99.6	333595	*
D	55932	2	*	*	*	*	100.0	308297	*
D	57304	2	*	*	*	*	99.1	302632	*
D	58514	2	*	*	*	*	100.0	298427	*
D	70196	2	*	*	*	*	100.0	252206	*
D	77203	2	*	*	*	*	100.0	219826	*
D	96276	2	*	*	*	*	100.0	142534	*
D	98951	2	*	*	*	*	100.0	128604	*
D	109506	2	*	*	*	*	99.6	18619	*
D	109663	3	*	*	*	*	99.8	16258	*
D	128539	2	*	*	*	*	100.0	987711	*
D	141532	2	*	*	*	*	99.6	1059977	*
D	144139	2	*	*	*	*	100.0	3335289	*
D	149656	2	*	*	*	*	99.6	3678349	*
D	151870	2	*	*	*	*	100.0	3804871	*
D	157157	2	*	*	*	*	100.0	4113608	*
D	163538	2	*	*	*	*	100.0	4310109	*
D	163709	3	*	*	*	*	99.8	4310940	*
D	164764	2	*	*	*	*	100.0	4315958	*
D	166988	2	*	*	*	*	100.0	4326794	*
D	174748	2	*	*	*	*	100.0	4366572	*
D	178130	2	*	*	*	*	100.0	4383963	*
D	184603	2	*	*	*	*	100.0	4416988	*
D	186492	2	*	*	*	*	100.0	4426166	*
