UclustConsensusTaxonAssigner parameters:
id_to_taxonomy_filepath:/Users/nbokulich/Desktop/projects/short-read-tax-assignment/data/novel-taxa-simulations/B1-REF-L6-iter2/ref_taxa.tsv
id_to_taxonomy_fp:/Users/nbokulich/Desktop/projects/short-read-tax-assignment/data/novel-taxa-simulations/B1-REF-L6-iter2/ref_taxa.tsv
max_accepts:3
min_consensus_fraction:0.51
reference_sequences_fp:/Users/nbokulich/Desktop/projects/short-read-tax-assignment/data/novel-taxa-simulations/B1-REF-L6-iter2/ref_seqs.fasta
similarity:0.9
unassignable_label:Unassigned
Result path: /var/folders/0t/l1dz88p50y91vx_22fx5w3780000gn/T/assign-tax3Gupwd

.uc file contents:

# uclust --input /Users/nbokulich/Desktop/projects/short-read-tax-assignment/data/novel-taxa-simulations/B1-REF-L6-iter2/query.fasta --id 0.9 --rev --maxaccepts 3 --allhits --libonly --lib /Users/nbokulich/Desktop/projects/short-read-tax-assignment/data/novel-taxa-simulations/B1-REF-L6-iter2/ref_seqs.fasta --uc /var/folders/0t/l1dz88p50y91vx_22fx5w3780000gn/T/UclustConsensusTaxonAssigner_fyPH9v.uc
# version=1.2.22
# Tab-separated fields:
# 1=Type, 2=ClusterNr, 3=SeqLength or ClusterSize, 4=PctId, 5=Strand, 6=QueryStart, 7=SeedStart, 8=Alignment, 9=QueryLabel, 10=TargetLabel
# Record types (field 1): L=LibSeed, S=NewSeed, H=Hit, R=Reject, D=LibCluster, C=NewCluster, N=NoHit
# For C and D types, PctId is average id with seed.
# QueryStart and SeedStart are zero-based relative to start of sequence.
# If minus strand, SeedStart is relative to reverse-complemented seed.
L	4336	250	*	*	*	*	*	4400789	*
H	4336	250	94.0	+	0	0	250M	1083016	4400789
L	2002	250	*	*	*	*	*	149895	*
H	2002	250	94.4	+	0	0	250M	1083016	149895
L	2743	250	*	*	*	*	*	735945	*
H	2743	250	93.6	+	0	0	20MI229MD	1083016	735945
L	3706	250	*	*	*	*	*	776873	*
H	3706	250	98.0	+	0	0	250M	1028133	776873
L	4590	250	*	*	*	*	*	4456894	*
H	4590	250	98.0	+	0	0	250M	1028133	4456894
L	2451	250	*	*	*	*	*	12520	*
H	2451	250	98.0	+	0	0	250M	1028133	12520
L	3612	250	*	*	*	*	*	3761170	*
H	3612	250	99.6	+	0	0	24MI225MD	920852	3761170
L	4068	250	*	*	*	*	*	4348253	*
H	4068	250	98.8	+	0	0	250M	920852	4348253
L	726	250	*	*	*	*	*	510204	*
H	726	250	98.8	+	0	0	250M	920852	510204
L	2979	250	*	*	*	*	*	1007399	*
H	2979	250	94.8	+	0	0	25MI20MI203M2D	853416	1007399
L	4036	250	*	*	*	*	*	4340653	*
H	4036	250	94.8	+	0	0	25MI20MI203M2D	853416	4340653
L	3930	250	*	*	*	*	*	4318352	*
H	3930	250	94.8	+	0	0	25MI20MI203M2D	853416	4318352
N	*	250	*	*	*	*	*	851936	*
L	2313	250	*	*	*	*	*	53642	*
H	2313	250	95.6	+	0	0	250M	826749	53642
L	527	250	*	*	*	*	*	4412575	*
H	527	250	94.8	+	0	0	250M	826749	4412575
L	4425	250	*	*	*	*	*	4420122	*
H	4425	250	90.4	+	0	0	79M11I160M11D	826749	4420122
L	3692	250	*	*	*	*	*	784643	*
H	3692	250	97.2	+	0	0	D249MI	824723	784643
L	2452	250	*	*	*	*	*	12399	*
H	2452	250	94.8	+	0	0	D249MI	824723	12399
H	4336	250	96.4	+	0	0	D249MI	824723	4400789
L	2540	250	*	*	*	*	*	7316	*
H	2540	250	100.0	+	0	0	250M	822776	7316
L	3297	250	*	*	*	*	*	1137185	*
H	3297	250	99.6	+	0	0	250M	822776	1137185
L	2153	250	*	*	*	*	*	106310	*
H	2153	250	98.4	+	0	0	250M	822776	106310
L	576	250	*	*	*	*	*	540623	*
H	576	250	93.6	+	0	0	250M	814853	540623
L	1944	250	*	*	*	*	*	160728	*
H	1944	250	92.4	+	0	0	175MD74MI	814853	160728
L	3051	250	*	*	*	*	*	2461583	*
H	3051	250	97.2	+	0	0	250M	787697	2461583
L	1546	250	*	*	*	*	*	202684	*
H	1546	250	94.4	+	0	0	226MI23MD	787697	202684
L	3438	250	*	*	*	*	*	761592	*
H	3438	250	100.0	+	0	0	250M	768898	761592
L	2776	250	*	*	*	*	*	794652	*
H	2776	250	99.6	+	0	0	250M	768898	794652
L	3632	250	*	*	*	*	*	1144051	*
H	3632	250	99.2	+	0	0	250M	768898	1144051
L	4448	250	*	*	*	*	*	4426296	*
H	4448	250	99.6	+	0	0	99MI68MD82M	735185	4426296
L	3259	250	*	*	*	*	*	1084983	*
H	3259	250	98.8	+	0	0	168MD81MI	735185	1084983
L	1615	250	*	*	*	*	*	194356	*
H	1615	250	97.2	+	0	0	167MD82MI	735185	194356
L	4539	250	*	*	*	*	*	4447124	*
H	4539	250	94.4	+	0	0	250M	719400	4447124
L	1731	250	*	*	*	*	*	185297	*
H	1731	250	94.4	+	0	0	250M	719400	185297
L	4420	250	*	*	*	*	*	4419561	*
H	4420	250	95.6	+	0	0	250M	719400	4419561
L	2417	250	*	*	*	*	*	14500	*
H	2417	250	98.4	+	0	0	250M	714339	14500
L	2815	250	*	*	*	*	*	1141139	*
H	2815	250	95.6	+	0	0	250M	714339	1141139
L	3731	250	*	*	*	*	*	4098279	*
H	3731	250	97.6	+	0	0	250M	714339	4098279
L	4722	250	*	*	*	*	*	4480189	*
H	4722	250	99.2	+	0	0	250M	692823	4480189
L	4188	250	*	*	*	*	*	4371645	*
H	4188	250	99.2	+	0	0	250M	692823	4371645
L	685	250	*	*	*	*	*	518033	*
H	685	250	98.4	+	0	0	80MI169MD	692823	518033
L	890	250	*	*	*	*	*	354256	*
H	890	250	93.6	+	0	0	250M	685156	354256
L	929	250	*	*	*	*	*	347063	*
H	929	250	93.6	+	0	0	250M	685156	347063
L	880	250	*	*	*	*	*	356144	*
H	880	250	93.6	+	0	0	250M	685156	356144
L	2520	250	*	*	*	*	*	8001	*
H	2520	250	94.4	+	0	0	D16MD90M2D13MD21MD8MD95M7I	660688	8001
L	3487	250	*	*	*	*	*	806221	*
H	3487	250	90.8	+	0	0	D16MD89M2D9MD26M2D103M7I	660688	806221
L	2525	250	*	*	*	*	*	7976	*
H	2525	250	90.0	+	0	0	D16MD89M2D9MD26M2D103M7I	660688	7976
L	2508	250	*	*	*	*	*	8849	*
H	2508	250	98.0	+	0	0	124MD125MI	644016	8849
L	3337	250	*	*	*	*	*	1136763	*
H	3337	250	98.0	+	0	0	250M	644016	1136763
L	4237	250	*	*	*	*	*	4380413	*
H	4237	250	94.8	+	0	0	250M	644016	4380413
L	2683	250	*	*	*	*	*	1115140	*
H	2683	250	99.2	+	0	0	250M	626867	1115140
L	2400	250	*	*	*	*	*	15740	*
H	2400	250	96.4	+	0	0	250M	625629	15740
L	374	250	*	*	*	*	*	586521	*
H	374	250	96.8	+	0	0	250M	625629	586521
L	2399	250	*	*	*	*	*	15785	*
H	2399	250	97.2	+	0	0	250M	625629	15785
L	1468	250	*	*	*	*	*	236778	*
H	1468	250	99.2	+	0	0	250M	610455	236778
L	2080	250	*	*	*	*	*	132913	*
H	2080	250	95.2	+	0	0	250M	610455	132913
L	419	250	*	*	*	*	*	575299	*
H	419	250	96.0	+	0	0	250M	610455	575299
L	3746	250	*	*	*	*	*	1131221	*
H	3746	250	93.2	+	0	0	I53MD11MD184MI	606989	1131221
L	593	250	*	*	*	*	*	536238	*
H	593	250	93.2	+	0	0	I53MD11MD184MI	606989	536238
L	2011	250	*	*	*	*	*	146917	*
H	2011	250	93.6	+	0	0	I53MD11MD184MI	606989	146917
L	4609	250	*	*	*	*	*	4460024	*
H	4609	250	98.0	+	0	0	250M	589597	4460024
L	2125	250	*	*	*	*	*	109728	*
H	2125	250	97.6	+	0	0	250M	589597	109728
L	2209	250	*	*	*	*	*	95623	*
H	2209	250	96.8	+	0	0	18M2D165MI65MI	589597	95623
N	*	250	*	*	*	*	*	583989	*
L	4029	250	*	*	*	*	*	4339348	*
H	4029	250	94.4	+	0	0	250M	582379	4339348
L	4688	250	*	*	*	*	*	4473664	*
H	4688	250	93.6	+	0	0	250M	582379	4473664
L	610	250	*	*	*	*	*	532521	*
H	610	250	93.6	+	0	0	250M	582379	532521
L	3543	250	*	*	*	*	*	1129599	*
H	3543	250	96.4	+	0	0	250M	580916	1129599
L	2997	250	*	*	*	*	*	1114718	*
H	2997	250	96.4	+	0	0	250M	580916	1114718
L	272	250	*	*	*	*	*	749696	*
H	272	250	95.2	+	0	0	250M	580916	749696
L	1109	250	*	*	*	*	*	304724	*
H	1109	250	90.4	+	0	0	198MD51MI	579148	304724
H	4188	250	91.2	+	0	0	198MD28MD22M2I	579148	4371645
H	4722	250	90.4	+	0	0	198MD28MD22M2I	579148	4480189
L	315	250	*	*	*	*	*	667570	*
H	315	250	98.4	+	0	0	250M	578401	667570
L	2486	250	*	*	*	*	*	10180	*
H	2486	250	97.6	+	0	0	250M	578401	10180
L	4041	250	*	*	*	*	*	4343005	*
H	4041	250	98.0	+	0	0	250M	578401	4343005
L	502	250	*	*	*	*	*	558567	*
H	502	250	93.2	+	0	0	250M	571645	558567
L	1395	250	*	*	*	*	*	253241	*
H	1395	250	91.6	+	0	0	250M	571645	253241
L	2296	250	*	*	*	*	*	63190	*
H	2296	250	91.6	+	0	0	250M	571645	63190
L	1445	250	*	*	*	*	*	240661	*
H	1445	250	97.2	+	0	0	234MI15MD	567491	240661
L	1284	250	*	*	*	*	*	269962	*
H	1284	250	96.8	+	0	0	234MI15MD	567491	269962
L	2810	250	*	*	*	*	*	810888	*
H	2810	250	96.0	+	0	0	234MI15MD	567491	810888
L	3160	250	*	*	*	*	*	1141541	*
H	3160	250	94.4	+	0	0	250M	566189	1141541
L	2251	250	*	*	*	*	*	76821	*
H	2251	250	93.6	+	0	0	250M	566189	76821
L	2398	250	*	*	*	*	*	15850	*
H	2398	250	91.6	+	0	0	250M	566189	15850
L	3762	250	*	*	*	*	*	1123994	*
H	3762	250	99.6	+	0	0	250M	565851	1123994
L	3528	250	*	*	*	*	*	625186	*
H	3528	250	97.2	+	0	0	250M	565851	625186
L	1254	250	*	*	*	*	*	274061	*
H	1254	250	92.8	+	0	0	250M	565851	274061
L	2639	250	*	*	*	*	*	1145943	*
H	2639	250	97.2	+	0	0	250M	565472	1145943
L	3222	250	*	*	*	*	*	1122081	*
H	3222	250	96.8	+	0	0	250M	565472	1122081
L	1472	250	*	*	*	*	*	235720	*
H	1472	250	96.4	+	0	0	250M	565472	235720
L	117	250	*	*	*	*	*	961922	*
H	117	250	99.6	+	0	0	250M	564081	961922
L	1912	250	*	*	*	*	*	168194	*
H	1912	250	97.6	+	0	0	250M	564081	168194
L	3730	250	*	*	*	*	*	1135374	*
H	3730	250	96.8	+	0	0	250M	564081	1135374
L	2365	250	*	*	*	*	*	26799	*
H	2365	250	96.8	+	0	0	250M	558128	26799
L	2118	250	*	*	*	*	*	111470	*
H	2118	250	92.4	+	0	0	250M	558128	111470
L	2734	250	*	*	*	*	*	1801170	*
H	2734	250	90.4	+	0	0	250M	555696	1801170
L	4589	250	*	*	*	*	*	4456892	*
H	4589	250	98.4	+	0	0	203MD46MI	555692	4456892
L	1222	250	*	*	*	*	*	284672	*
H	1222	250	98.4	+	0	0	203MD46MI	555692	284672
L	210	250	*	*	*	*	*	835771	*
H	210	250	97.2	+	0	0	203MD46MI	555692	835771
L	4152	250	*	*	*	*	*	4364813	*
H	4152	250	90.4	+	0	0	32MI5M2I17MI20MI171M5D	553810	4364813
L	2942	250	*	*	*	*	*	1118561	*
H	2942	250	90.4	+	0	0	32MI5M2I17MI20MI171M5D	553810	1118561
L	4505	250	*	*	*	*	*	4437436	*
H	4505	250	90.0	+	0	0	32MI5M2I17MI20MI171M5D	553810	4437436
L	1342	250	*	*	*	*	*	262377	*
H	1342	250	99.2	+	0	0	250M	553653	262377
L	1164	250	*	*	*	*	*	294682	*
H	1164	250	98.8	+	0	0	250M	553653	294682
L	1432	250	*	*	*	*	*	243599	*
H	1432	250	98.8	+	0	0	250M	553653	243599
L	3752	250	*	*	*	*	*	1121107	*
H	3752	250	97.6	+	0	0	250M	544630	1121107
L	3517	250	*	*	*	*	*	3541842	*
H	3517	250	94.0	+	0	0	250M	544630	3541842
L	2476	250	*	*	*	*	*	10898	*
H	2476	250	94.4	+	0	0	250M	544630	10898
N	*	250	*	*	*	*	*	542536	*
L	3722	250	*	*	*	*	*	1109067	*
H	3722	250	97.6	+	0	0	250M	542475	1109067
L	354	250	*	*	*	*	*	591699	*
H	354	250	96.8	+	0	0	250M	542475	591699
L	3960	250	*	*	*	*	*	4323871	*
H	3960	250	98.4	+	0	0	250M	542475	4323871
L	3419	250	*	*	*	*	*	1131597	*
H	3419	250	98.0	+	0	0	250M	541884	1131597
L	2546	250	*	*	*	*	*	6368	*
H	2546	250	93.6	+	0	0	250M	541884	6368
L	3364	250	*	*	*	*	*	1145607	*
H	3364	250	94.4	+	0	0	250M	541884	1145607
L	1227	250	*	*	*	*	*	282549	*
H	1227	250	91.6	+	0	0	250M	541328	282549
L	326	250	*	*	*	*	*	650343	*
H	326	250	92.8	+	0	0	250M	541328	650343
L	294	250	*	*	*	*	*	712047	*
H	294	250	94.0	+	0	0	250M	541328	712047
N	*	250	*	*	*	*	*	539567	*
L	2187	250	*	*	*	*	*	100650	*
H	2187	250	99.6	+	0	0	250M	537871	100650
L	3844	250	*	*	*	*	*	4297918	*
H	3844	250	99.6	+	0	0	250M	537871	4297918
L	2192	250	*	*	*	*	*	100027	*
H	2192	250	99.6	+	0	0	250M	537871	100027
H	890	250	100.0	+	0	0	250M	536754	354256
H	880	250	100.0	+	0	0	250M	536754	356144
L	773	250	*	*	*	*	*	411486	*
H	773	250	100.0	+	0	0	250M	536754	411486
L	1634	250	*	*	*	*	*	192795	*
H	1634	250	94.4	+	0	0	160MI89MD	530416	192795
L	719	250	*	*	*	*	*	512485	*
H	719	250	94.4	+	0	0	250M	530416	512485
L	861	250	*	*	*	*	*	360440	*
H	861	250	94.4	+	0	0	250M	530416	360440
L	1528	250	*	*	*	*	*	210269	*
H	1528	250	96.0	+	0	0	250M	514015	210269
L	2899	250	*	*	*	*	*	2119418	*
H	2899	250	96.0	+	0	0	250M	514015	2119418
L	1523	250	*	*	*	*	*	211593	*
H	1523	250	96.0	+	0	0	250M	514015	211593
H	773	250	94.0	+	0	0	250M	484444	411486
H	880	250	94.0	+	0	0	250M	484444	356144
L	2138	250	*	*	*	*	*	107854	*
H	2138	250	95.2	+	0	0	250M	484444	107854
L	1714	250	*	*	*	*	*	186275	*
H	1714	250	92.8	+	0	0	250M	470117	186275
L	826	250	*	*	*	*	*	366195	*
H	826	250	91.6	+	0	0	250M	470117	366195
L	877	250	*	*	*	*	*	357724	*
H	877	250	91.6	+	0	0	250M	470117	357724
L	4057	250	*	*	*	*	*	4347159	*
H	4057	250	97.6	+	0	0	250M	365385	4347159
L	1474	250	*	*	*	*	*	235262	*
H	1474	250	97.6	+	0	0	250M	365385	235262
L	809	250	*	*	*	*	*	370225	*
H	809	250	97.6	+	0	0	250M	365385	370225
L	1406	250	*	*	*	*	*	250136	*
H	1406	250	99.2	+	0	0	250M	359953	250136
L	2846	250	*	*	*	*	*	2027409	*
H	2846	250	99.2	+	0	0	250M	359953	2027409
L	3260	250	*	*	*	*	*	1123147	*
H	3260	250	97.2	+	0	0	250M	359953	1123147
L	504	250	*	*	*	*	*	557875	*
H	504	250	95.2	+	0	0	250M	347570	557875
L	3029	250	*	*	*	*	*	1112913	*
H	3029	250	94.0	+	0	0	250M	347570	1112913
L	4705	250	*	*	*	*	*	4476709	*
H	4705	250	93.6	+	0	0	250M	347570	4476709
L	2928	250	*	*	*	*	*	1121753	*
H	2928	250	96.8	+	0	0	250M	347553	1121753
L	1933	250	*	*	*	*	*	162704	*
H	1933	250	94.8	+	0	0	250M	347553	162704
L	341	250	*	*	*	*	*	606927	*
H	341	250	94.4	+	0	0	250M	347553	606927
H	2928	250	98.0	+	0	0	250M	344394	1121753
H	1933	250	96.0	+	0	0	250M	344394	162704
H	341	250	95.6	+	0	0	250M	344394	606927
L	4725	250	*	*	*	*	*	4480970	*
H	4725	250	94.4	+	0	0	250M	344154	4480970
L	1823	250	*	*	*	*	*	178763	*
H	1823	250	95.6	+	0	0	250M	344154	178763
L	4098	250	*	*	*	*	*	4352747	*
H	4098	250	95.6	+	0	0	250M	344154	4352747
L	3964	250	*	*	*	*	*	4324649	*
H	3964	250	97.6	+	0	0	250M	342971	4324649
L	1421	250	*	*	*	*	*	247298	*
H	1421	250	96.4	+	0	0	4D246M4I	342971	247298
L	1256	250	*	*	*	*	*	273647	*
H	1256	250	97.2	+	0	0	250M	342971	273647
L	608	250	*	*	*	*	*	533511	*
H	608	250	97.6	+	0	0	250M	342749	533511
L	177	250	*	*	*	*	*	883987	*
H	177	250	96.8	+	0	0	250M	342749	883987
L	1020	250	*	*	*	*	*	326054	*
H	1020	250	97.6	+	0	0	250M	342749	326054
H	341	250	96.0	+	0	0	250M	342268	606927
H	2928	250	96.0	+	0	0	250M	342268	1121753
H	610	250	93.6	+	0	0	250M	342268	532521
H	2997	250	95.6	+	0	0	250M	336110	1114718
L	3624	250	*	*	*	*	*	1115684	*
H	3624	250	95.2	+	0	0	250M	336110	1115684
L	1486	250	*	*	*	*	*	229434	*
H	1486	250	94.8	+	0	0	250M	336110	229434
L	4314	250	*	*	*	*	*	4395096	*
H	4314	250	99.6	+	0	0	250M	321972	4395096
L	1085	250	*	*	*	*	*	308598	*
H	1085	250	99.6	+	0	0	250M	321972	308598
L	3811	250	*	*	*	*	*	4256470	*
H	3811	250	99.2	+	0	0	250M	321972	4256470
N	*	250	*	*	*	*	*	313305	*
L	3444	250	*	*	*	*	*	1135946	*
H	3444	250	98.4	+	0	0	250M	311173	1135946
L	2474	250	*	*	*	*	*	10945	*
H	2474	250	98.4	+	0	0	250M	311173	10945
L	2130	250	*	*	*	*	*	109112	*
H	2130	250	96.0	+	0	0	250M	311173	109112
L	1015	250	*	*	*	*	*	328035	*
H	1015	250	98.8	+	0	0	250M	299770	328035
L	912	250	*	*	*	*	*	350627	*
H	912	250	91.6	+	0	0	250M	299770	350627
L	1141	250	*	*	*	*	*	298451	*
H	1141	250	90.4	+	0	0	250M	299770	298451
L	141	250	*	*	*	*	*	929836	*
H	141	250	90.8	+	0	0	67MI19MD163M	287811	929836
L	947	250	*	*	*	*	*	343239	*
H	947	250	99.6	+	0	0	250M	276678	343239
L	4469	250	*	*	*	*	*	4429771	*
H	4469	250	99.2	+	0	0	250M	276678	4429771
L	1278	250	*	*	*	*	*	270402	*
H	1278	250	98.4	+	0	0	250M	276678	270402
L	2249	250	*	*	*	*	*	79540	*
H	2249	250	96.8	+	0	0	17MD54MD29MD147M3I	276106	79540
L	3742	250	*	*	*	*	*	708264	*
H	3742	250	96.0	+	0	0	17MD54MD29MD147M3I	276106	708264
L	3307	250	*	*	*	*	*	3076015	*
H	3307	250	96.4	+	0	0	17MD54MD29MD147M3I	276106	3076015
L	3449	250	*	*	*	*	*	790610	*
H	3449	250	97.6	+	0	0	2I248M2D	270818	790610
L	437	250	*	*	*	*	*	570500	*
H	437	250	97.6	+	0	0	2I248M2D	270818	570500
L	1047	250	*	*	*	*	*	317200	*
H	1047	250	96.8	+	0	0	2I214MD34MD	270818	317200
L	556	250	*	*	*	*	*	547806	*
H	556	250	99.6	+	0	0	250M	267698	547806
L	1948	250	*	*	*	*	*	158859	*
H	1948	250	96.8	+	0	0	250M	267698	158859
L	328	250	*	*	*	*	*	649178	*
H	328	250	96.0	+	0	0	250M	267698	649178
L	4233	250	*	*	*	*	*	4379731	*
H	4233	250	94.0	+	0	0	202MI37MI9M2D	264465	4379731
L	3039	250	*	*	*	*	*	1139233	*
H	3039	250	92.4	+	0	0	202MI37MI9M2D	264465	1139233
L	2730	250	*	*	*	*	*	1797336	*
H	2730	250	93.2	+	0	0	202MI37MI9M2D	264465	1797336
L	3856	250	*	*	*	*	*	4300883	*
H	3856	250	95.2	+	0	0	217MI32MD	262857	4300883
L	434	250	*	*	*	*	*	571589	*
H	434	250	97.6	+	0	0	250M	262857	571589
L	3630	250	*	*	*	*	*	999814	*
H	3630	250	95.6	+	0	0	250M	262857	999814
L	2448	250	*	*	*	*	*	12702	*
H	2448	250	98.0	+	0	0	250M	261255	12702
L	2712	250	*	*	*	*	*	646494	*
H	2712	250	96.4	+	0	0	250M	261255	646494
L	3568	250	*	*	*	*	*	1127215	*
H	3568	250	96.4	+	0	0	250M	261255	1127215
L	3879	250	*	*	*	*	*	4305519	*
H	3879	250	96.4	+	0	0	250M	255639	4305519
L	2385	250	*	*	*	*	*	17434	*
H	2385	250	95.2	+	0	0	250M	255639	17434
L	424	250	*	*	*	*	*	573179	*
H	424	250	95.2	+	0	0	250M	255639	573179
L	743	250	*	*	*	*	*	469663	*
H	743	250	92.8	+	0	0	250M	251702	469663
L	2395	250	*	*	*	*	*	16054	*
H	2395	250	98.4	+	0	0	250M	251456	16054
L	1707	250	*	*	*	*	*	186563	*
H	1707	250	94.0	+	0	0	250M	251456	186563
H	1714	250	93.6	+	0	0	250M	251456	186275
L	2289	250	*	*	*	*	*	67228	*
H	2289	250	98.4	+	0	0	42MD207MI	247332	67228
L	1280	250	*	*	*	*	*	270229	*
H	1280	250	98.4	+	0	0	42MD207MI	247332	270229
L	1867	250	*	*	*	*	*	175108	*
H	1867	250	98.4	+	0	0	42MD207MI	247332	175108
L	2216	250	*	*	*	*	*	92231	*
H	2216	250	98.8	+	0	0	250M	240755	92231
L	4641	250	*	*	*	*	*	4466150	*
H	4641	250	98.8	+	0	0	250M	240755	4466150
L	4115	250	*	*	*	*	*	4356465	*
H	4115	250	98.8	+	0	0	250M	240755	4356465
L	455	250	*	*	*	*	*	567725	*
H	455	250	99.6	+	0	0	250M	238051	567725
L	2414	250	*	*	*	*	*	14583	*
H	2414	250	98.8	+	0	0	250M	238051	14583
H	3730	250	98.8	+	0	0	250M	238051	1135374
L	4717	250	*	*	*	*	*	4479467	*
H	4717	250	91.2	+	0	0	54MD23MD37MD24MD29M2D19MD26MD30M8I	231154	4479467
L	788	250	*	*	*	*	*	391286	*
H	788	250	91.2	+	0	0	54MD23MD37MD24MD29M2D19MD26MD30M8I	231154	391286
L	3303	250	*	*	*	*	*	3055791	*
H	3303	250	90.4	+	0	0	54MD21MD39MD24MD29M2D19MD26MD30M8I	231154	3055791
N	*	250	*	*	*	*	*	229009	*
L	542	250	*	*	*	*	*	550712	*
H	542	250	98.0	+	0	0	D249MI	221379	550712
L	2442	250	*	*	*	*	*	13047	*
H	2442	250	97.6	+	0	0	D249MI	221379	13047
L	2363	250	*	*	*	*	*	26897	*
H	2363	250	96.4	+	0	0	D249MI	221379	26897
L	2054	250	*	*	*	*	*	138056	*
H	2054	250	94.8	+	0	0	54MD195MI	203115	138056
L	2353	250	*	*	*	*	*	31319	*
H	2353	250	92.0	+	0	0	55MD194MI	203115	31319
H	294	250	92.8	+	0	0	55MD194MI	203115	712047
L	2235	250	*	*	*	*	*	84396	*
H	2235	250	94.4	+	0	0	250M	202971	84396
L	3800	250	*	*	*	*	*	867450	*
H	3800	250	94.0	+	0	0	250M	202971	867450
L	1439	250	*	*	*	*	*	241971	*
H	1439	250	94.4	+	0	0	250M	202971	241971
L	2819	250	*	*	*	*	*	952003	*
H	2819	250	97.6	+	0	0	113MI136MD	200634	952003
L	4133	250	*	*	*	*	*	4360320	*
H	4133	250	96.0	+	0	0	250M	200634	4360320
L	587	250	*	*	*	*	*	538247	*
H	587	250	97.2	+	0	0	250M	200634	538247
L	3045	250	*	*	*	*	*	804160	*
H	3045	250	90.4	+	0	0	250M	199630	804160
L	4300	250	*	*	*	*	*	4392252	*
H	4300	250	90.4	+	0	0	250M	199630	4392252
L	3546	250	*	*	*	*	*	821185	*
H	3546	250	99.2	+	0	0	250M	199229	821185
L	3147	250	*	*	*	*	*	1115889	*
H	3147	250	98.4	+	0	0	250M	199229	1115889
H	4068	250	98.4	+	0	0	250M	199229	4348253
L	2818	250	*	*	*	*	*	1954303	*
H	2818	250	96.8	+	0	0	250M	197631	1954303
L	1466	250	*	*	*	*	*	237081	*
H	1466	250	91.6	+	0	0	99MI150MD	197631	237081
L	1403	250	*	*	*	*	*	251243	*
H	1403	250	91.2	+	0	0	99MI54MI95M2D	197631	251243
H	3692	250	94.4	+	0	0	53MI15MI39MD46MD11MD83MI	195834	784643
H	4336	250	93.6	+	0	0	51MI17MI39MD46MD11MD83MI	195834	4400789
L	3616	250	*	*	*	*	*	676509	*
H	3616	250	94.0	+	0	0	13MI40MI15MI39MD46MD11MD83M	195834	676509
L	4616	250	*	*	*	*	*	4461879	*
H	4616	250	97.6	+	0	0	96MI153MD	187297	4461879
H	3303	250	98.0	+	0	0	96MI153MD	187297	3055791
L	2105	250	*	*	*	*	*	114573	*
H	2105	250	95.6	+	0	0	96MI153MD	187297	114573
L	2182	250	*	*	*	*	*	101860	*
H	2182	250	90.8	+	0	0	63MI186MD	181744	101860
L	518	250	*	*	*	*	*	555445	*
H	518	250	91.6	+	0	0	250M	181744	555445
L	2955	250	*	*	*	*	*	2250345	*
H	2955	250	90.4	+	0	0	250M	181744	2250345
L	3358	250	*	*	*	*	*	3200278	*
H	3358	250	98.8	+	0	0	250M	178213	3200278
L	1026	250	*	*	*	*	*	322737	*
H	1026	250	98.4	+	0	0	250M	178213	322737
L	951	250	*	*	*	*	*	342801	*
H	951	250	97.6	+	0	0	250M	178213	342801
H	4068	250	99.2	+	0	0	59M2I189M2D	177045	4348253
H	726	250	99.2	+	0	0	59M2I189M2D	177045	510204
L	596	250	*	*	*	*	*	535678	*
H	596	250	98.0	+	0	0	61M2I187M2D	177045	535678
L	453	250	*	*	*	*	*	567972	*
H	453	250	94.4	+	0	0	250M	172804	567972
L	4127	250	*	*	*	*	*	4359317	*
H	4127	250	94.0	+	0	0	250M	172804	4359317
L	2364	250	*	*	*	*	*	26896	*
H	2364	250	94.0	+	0	0	250M	172804	26896
L	2098	250	*	*	*	*	*	125947	*
H	2098	250	95.2	+	0	0	250M	172207	125947
L	2046	250	*	*	*	*	*	139410	*
H	2046	250	95.2	+	0	0	250M	172207	139410
L	3905	250	*	*	*	*	*	4311005	*
H	3905	250	95.2	+	0	0	220MI29MD	172207	4311005
L	4385	250	*	*	*	*	*	4411367	*
H	4385	250	96.4	+	0	0	250M	163538	4411367
L	3440	250	*	*	*	*	*	3363021	*
H	3440	250	96.4	+	0	0	250M	163538	3363021
L	3530	250	*	*	*	*	*	1139920	*
H	3530	250	94.0	+	0	0	250M	163538	1139920
L	594	250	*	*	*	*	*	535932	*
H	594	250	97.2	+	0	0	166MD9MD43MI30MI	163249	535932
L	2455	250	*	*	*	*	*	12257	*
H	2455	250	96.4	+	0	0	166MD9MD20MD52M3I	163249	12257
L	2085	250	*	*	*	*	*	131902	*
H	2085	250	96.4	+	0	0	166MD9MD20MD52M3I	163249	131902
H	4237	250	96.8	+	0	0	250M	163227	4380413
L	4481	250	*	*	*	*	*	4432439	*
H	4481	250	96.8	+	0	0	250M	163227	4432439
H	3337	250	95.6	+	0	0	250M	163227	1136763
L	1988	250	*	*	*	*	*	152001	*
H	1988	250	96.8	+	0	0	209MD13MD26M2I	162595	152001
L	3452	250	*	*	*	*	*	3385021	*
H	3452	250	95.6	+	0	0	209MD40MI	162595	3385021
L	2833	250	*	*	*	*	*	1995363	*
H	2833	250	95.6	+	0	0	209MD40MI	162595	1995363
L	3709	250	*	*	*	*	*	4041568	*
H	3709	250	99.2	+	0	0	250M	161199	4041568
L	2447	250	*	*	*	*	*	12836	*
H	2447	250	92.4	+	0	0	103M2D145M2I	161199	12836
L	887	250	*	*	*	*	*	354765	*
H	887	250	95.6	+	0	0	250M	161199	354765
L	2290	250	*	*	*	*	*	66026	*
H	2290	250	98.0	+	0	0	250M	160928	66026
L	2278	250	*	*	*	*	*	70057	*
H	2278	250	98.0	+	0	0	250M	160928	70057
L	4305	250	*	*	*	*	*	4393354	*
H	4305	250	98.0	+	0	0	250M	160928	4393354
L	249	250	*	*	*	*	*	804867	*
H	249	250	92.4	+	0	0	250M	158785	804867
L	522	250	*	*	*	*	*	554499	*
H	522	250	95.6	+	0	0	127MD122MI	158785	554499
L	3118	250	*	*	*	*	*	1144223	*
H	3118	250	91.2	+	0	0	250M	158785	1144223
L	3177	250	*	*	*	*	*	2730944	*
H	3177	250	92.4	+	0	0	250M	157201	2730944
L	1961	250	*	*	*	*	*	157905	*
H	1961	250	92.0	+	0	0	250M	157201	157905
L	662	250	*	*	*	*	*	522595	*
H	662	250	92.0	+	0	0	250M	157201	522595
L	3745	250	*	*	*	*	*	1105883	*
H	3745	250	98.4	+	0	0	250M	156459	1105883
L	4472	250	*	*	*	*	*	4430475	*
H	4472	250	98.4	+	0	0	250M	156459	4430475
L	3618	250	*	*	*	*	*	721199	*
H	3618	250	97.2	+	0	0	250M	156459	721199
N	*	250	*	*	*	*	*	155622	*
L	1975	250	*	*	*	*	*	156357	*
H	1975	250	96.4	+	0	0	250M	155362	156357
L	2829	250	*	*	*	*	*	1126194	*
H	2829	250	94.0	+	0	0	250M	150229	1126194
L	1066	250	*	*	*	*	*	312446	*
H	1066	250	94.0	+	0	0	250M	150229	312446
L	548	250	*	*	*	*	*	549640	*
H	548	250	94.0	+	0	0	250M	150229	549640
L	56	250	*	*	*	*	*	1049387	*
H	56	250	98.8	+	0	0	232MD17MI	146193	1049387
L	478	250	*	*	*	*	*	562759	*
H	478	250	98.8	+	0	0	250M	146193	562759
H	2105	250	98.8	+	0	0	250M	146193	114573
H	1867	250	99.2	+	0	0	250M	132602	175108
H	1280	250	98.4	+	0	0	250M	132602	270229
H	2289	250	98.4	+	0	0	250M	132602	67228
L	3188	250	*	*	*	*	*	625693	*
H	3188	250	92.8	+	0	0	250M	130864	625693
L	3974	250	*	*	*	*	*	4327415	*
H	3974	250	91.2	+	0	0	250M	130864	4327415
L	881	250	*	*	*	*	*	356089	*
H	881	250	92.0	+	0	0	250M	130864	356089
L	3171	250	*	*	*	*	*	1121558	*
H	3171	250	91.2	+	0	0	72M2I139MI36M3D	130219	1121558
L	2477	250	*	*	*	*	*	10829	*
H	2477	250	95.6	+	0	0	250M	130219	10829
L	2516	250	*	*	*	*	*	8035	*
H	2516	250	93.2	+	0	0	250M	128429	8035
L	3371	250	*	*	*	*	*	1122668	*
H	3371	250	90.8	+	0	0	250M	128429	1122668
L	2532	250	*	*	*	*	*	7539	*
H	2532	250	90.0	+	0	0	250M	128429	7539
H	1528	250	100.0	+	0	0	250M	119010	210269
H	2899	250	100.0	+	0	0	250M	119010	2119418
H	1523	250	100.0	+	0	0	250M	119010	211593
L	1781	250	*	*	*	*	*	181641	*
H	1781	250	90.8	+	0	0	164MD85MI	114930	181641
L	526	250	*	*	*	*	*	554299	*
H	526	250	91.6	+	0	0	25MI35MI104MD84MD	114930	554299
L	3229	250	*	*	*	*	*	326714	*
H	3229	250	92.0	+	0	0	164MD85MI	114930	326714
L	4500	250	*	*	*	*	*	4435982	*
H	4500	250	96.8	+	0	0	250M	114572	4435982
L	1239	250	*	*	*	*	*	276867	*
H	1239	250	96.8	+	0	0	250M	114572	276867
L	2050	250	*	*	*	*	*	138840	*
H	2050	250	97.6	+	0	0	250M	114572	138840
L	1235	250	*	*	*	*	*	277682	*
H	1235	250	98.4	+	0	0	181MD68MI	111659	277682
L	3401	250	*	*	*	*	*	727134	*
H	3401	250	98.8	+	0	0	181MD68MI	111659	727134
L	1437	250	*	*	*	*	*	242098	*
H	1437	250	98.8	+	0	0	181MD68MI	111659	242098
L	3465	250	*	*	*	*	*	1140356	*
H	3465	250	98.4	+	0	0	250M	111313	1140356
L	2973	250	*	*	*	*	*	2291414	*
H	2973	250	98.0	+	0	0	250M	111313	2291414
L	225	250	*	*	*	*	*	823745	*
H	225	250	97.6	+	0	0	250M	111313	823745
H	4717	250	97.6	+	0	0	62MI29MD48MD109MI	111289	4479467
H	788	250	97.6	+	0	0	62MI29MD48MD109MI	111289	391286
L	752	250	*	*	*	*	*	449595	*
H	752	250	95.6	+	0	0	62MI32MD155M	111289	449595
L	291	250	*	*	*	*	*	719343	*
H	291	250	97.6	+	0	0	250M	110879	719343
L	2137	250	*	*	*	*	*	107976	*
H	2137	250	95.6	+	0	0	250M	110879	107976
L	2022	250	*	*	*	*	*	143784	*
H	2022	250	93.6	+	0	0	250M	110879	143784
L	3492	250	*	*	*	*	*	3485581	*
H	3492	250	90.4	+	0	0	250M	109364	3485581
L	3944	250	*	*	*	*	*	4321170	*
H	3944	250	90.8	+	0	0	153MD96MI	109364	4321170
L	3540	250	*	*	*	*	*	3587343	*
H	3540	250	90.8	+	0	0	250M	109364	3587343
H	504	250	96.0	+	0	0	250M	108433	557875
H	3029	250	98.0	+	0	0	250M	108433	1112913
L	2512	250	*	*	*	*	*	8127	*
H	2512	250	97.6	+	0	0	250M	108433	8127
H	2022	250	94.0	+	0	0	250M	108003	143784
L	2243	250	*	*	*	*	*	81554	*
H	2243	250	93.6	+	0	0	142MI107MD	108003	81554
H	3118	250	94.0	+	0	0	250M	108003	1144223
L	2861	250	*	*	*	*	*	2046080	*
H	2861	250	92.4	+	0	0	250M	107506	2046080
L	3600	250	*	*	*	*	*	698296	*
H	3600	250	93.2	+	0	0	250M	107506	698296
L	2198	250	*	*	*	*	*	99430	*
H	2198	250	90.0	+	0	0	250M	107506	99430
L	2558	250	*	*	*	*	*	5441	*
H	2558	250	95.2	+	0	0	166MI47M2I24MI9M4D	107348	5441
L	2559	250	*	*	*	*	*	5263	*
H	2559	250	95.6	+	0	0	166MI47M2I24MI9M4D	107348	5263
L	798	250	*	*	*	*	*	383023	*
H	798	250	94.8	+	0	0	98MI68MI47M2I24MI8M5D	107348	383023
H	608	250	98.0	+	0	0	250M	102915	533511
L	422	250	*	*	*	*	*	573413	*
H	422	250	98.0	+	0	0	250M	102915	573413
L	1000	250	*	*	*	*	*	331282	*
H	1000	250	97.6	+	0	0	250M	102915	331282
H	3222	250	97.6	+	0	0	250M	102689	1122081
H	117	250	95.6	+	0	0	250M	102689	961922
H	2639	250	95.6	+	0	0	250M	102689	1145943
L	1866	250	*	*	*	*	*	175290	*
H	1866	250	90.4	+	0	0	250M	102653	175290
L	2953	250	*	*	*	*	*	2246524	*
H	2953	250	90.8	+	0	0	250M	102653	2246524
L	2350	250	*	*	*	*	*	34507	*
H	2350	250	90.8	+	0	0	250M	102653	34507
L	1542	250	*	*	*	*	*	203166	*
H	1542	250	94.8	+	0	0	250M	100775	203166
L	237	250	*	*	*	*	*	817013	*
H	237	250	96.0	+	0	0	250M	100757	817013
L	1258	250	*	*	*	*	*	273373	*
H	1258	250	95.6	+	0	0	250M	100757	273373
L	4179	250	*	*	*	*	*	4369634	*
H	4179	250	95.6	+	0	0	250M	100757	4369634
L	2769	250	*	*	*	*	*	709363	*
H	2769	250	96.4	+	0	0	250M	78432	709363
H	2399	250	96.0	+	0	0	250M	78432	15785
H	2400	250	95.6	+	0	0	250M	78432	15740
L	2675	250	*	*	*	*	*	1679577	*
H	2675	250	92.0	+	0	0	87MI162MD	77778	1679577
L	4283	250	*	*	*	*	*	4389142	*
H	4283	250	96.0	+	0	0	250M	77692	4389142
L	3408	250	*	*	*	*	*	1122610	*
H	3408	250	95.6	+	0	0	250M	77692	1122610
L	3110	250	*	*	*	*	*	810000	*
H	3110	250	94.0	+	0	0	118MI131MD	77692	810000
L	2500	250	*	*	*	*	*	9252	*
H	2500	250	97.6	+	0	0	250M	74170	9252
H	3879	250	96.8	+	0	0	250M	74170	4305519
H	2385	250	95.6	+	0	0	250M	74170	17434
L	4664	250	*	*	*	*	*	4469781	*
H	4664	250	92.8	+	0	0	250M	73954	4469781
L	471	250	*	*	*	*	*	564087	*
H	471	250	92.4	+	0	0	222MI27MD	73954	564087
L	2024	250	*	*	*	*	*	143101	*
H	2024	250	90.4	+	0	0	250M	73954	143101
L	217	250	*	*	*	*	*	828483	*
H	217	250	95.2	+	0	0	250M	73000	828483
H	1227	250	93.2	+	0	0	250M	73000	282549
H	326	250	93.6	+	0	0	250M	73000	650343
L	3230	250	*	*	*	*	*	2862781	*
H	3230	250	98.8	+	0	0	250M	70580	2862781
L	3834	250	*	*	*	*	*	4295763	*
H	3834	250	98.8	+	0	0	250M	70580	4295763
L	3835	250	*	*	*	*	*	4296080	*
H	3835	250	98.8	+	0	0	250M	70580	4296080
L	3681	250	*	*	*	*	*	1126009	*
H	3681	250	97.6	+	0	0	243MD6MI	64384	1126009
L	898	250	*	*	*	*	*	352468	*
H	898	250	97.6	+	0	0	243MD6MI	64384	352468
L	4200	250	*	*	*	*	*	4373641	*
H	4200	250	94.8	+	0	0	39M2D7MD8MD192M4I	64384	4373641
L	2560	250	*	*	*	*	*	5066	*
H	2560	250	95.2	+	0	0	250M	59721	5066
L	49	250	*	*	*	*	*	1056070	*
H	49	250	94.0	+	0	0	250M	59721	1056070
L	2566	250	*	*	*	*	*	4632	*
H	2566	250	94.8	+	0	0	250M	59721	4632
L	4227	250	*	*	*	*	*	4378410	*
H	4227	250	96.4	+	0	0	250M	58618	4378410
L	4330	250	*	*	*	*	*	4398600	*
H	4330	250	94.8	+	0	0	250M	58618	4398600
L	2016	250	*	*	*	*	*	145419	*
H	2016	250	92.8	+	0	0	250M	58618	145419
L	1993	250	*	*	*	*	*	151117	*
H	1993	250	93.2	+	0	0	250M	57758	151117
L	333	250	*	*	*	*	*	626519	*
H	333	250	94.0	+	0	0	250M	57758	626519
L	3336	250	*	*	*	*	*	1134389	*
H	3336	250	92.4	+	0	0	250M	57758	1134389
L	4199	250	*	*	*	*	*	4372695	*
H	4199	250	92.0	+	0	0	164MD85MI	49604	4372695
L	3623	250	*	*	*	*	*	1134701	*
H	3623	250	91.6	+	0	0	149MD14MD85M2I	49604	1134701
L	4388	250	*	*	*	*	*	4412629	*
H	4388	250	91.6	+	0	0	164MD85MI	49604	4412629
L	2324	250	*	*	*	*	*	49524	*
H	2324	250	96.4	+	0	0	250M	49602	49524
L	2382	250	*	*	*	*	*	19636	*
H	2382	250	93.2	+	0	0	250M	49602	19636
L	3599	250	*	*	*	*	*	1111998	*
H	3599	250	95.6	+	0	0	250M	49602	1111998
L	240	250	*	*	*	*	*	814161	*
H	240	250	90.8	+	0	0	250M	47887	814161
L	3146	250	*	*	*	*	*	1112584	*
H	3146	250	90.4	+	0	0	250M	47887	1112584
L	4038	250	*	*	*	*	*	4341712	*
H	4038	250	93.2	+	0	0	250M	47887	4341712
L	4143	250	*	*	*	*	*	4361518	*
H	4143	250	98.0	+	0	0	250M	46931	4361518
L	4151	250	*	*	*	*	*	4364469	*
H	4151	250	97.2	+	0	0	250M	46931	4364469
H	2486	250	96.0	+	0	0	250M	46931	10180
L	2544	250	*	*	*	*	*	6648	*
H	2544	250	92.8	+	0	0	250M	46257	6648
L	2341	250	*	*	*	*	*	40104	*
H	2341	250	92.0	+	0	0	250M	46257	40104
L	229	250	*	*	*	*	*	821464	*
H	229	250	90.4	+	0	0	74MI56MI106M2I10M4D	46257	821464
L	545	250	*	*	*	*	*	550415	*
H	545	250	96.8	+	0	0	250M	45962	550415
L	3671	250	*	*	*	*	*	1117631	*
H	3671	250	95.2	+	0	0	250M	45962	1117631
L	2339	250	*	*	*	*	*	40820	*
H	2339	250	96.0	+	0	0	250M	45962	40820
L	2992	250	*	*	*	*	*	1143602	*
H	2992	250	96.4	+	0	0	250M	41059	1143602
L	373	250	*	*	*	*	*	586655	*
H	373	250	95.2	+	0	0	250M	41059	586655
L	3215	250	*	*	*	*	*	1140484	*
H	3215	250	94.4	+	0	0	250M	41059	1140484
H	2474	250	97.6	+	0	0	250M	34757	10945
H	3444	250	97.6	+	0	0	250M	34757	1135946
H	2130	250	95.2	+	0	0	250M	34757	109112
L	2316	250	*	*	*	*	*	51778	*
H	2316	250	98.4	+	0	0	250M	33768	51778
L	3073	250	*	*	*	*	*	743801	*
H	3073	250	94.8	+	0	0	250M	33768	743801
L	4415	250	*	*	*	*	*	4418394	*
H	4415	250	96.4	+	0	0	231MD18MI	33272	4418394
L	4193	250	*	*	*	*	*	4372372	*
H	4193	250	97.6	+	0	0	231MD18MI	33272	4372372
L	919	250	*	*	*	*	*	348790	*
H	919	250	97.2	+	0	0	110MI121MD18M	33272	348790
H	4179	250	94.4	+	0	0	250M	32859	4369634
L	3266	250	*	*	*	*	*	1131355	*
H	3266	250	94.0	+	0	0	250M	32859	1131355
H	1258	250	94.4	+	0	0	250M	32859	273373
L	3549	250	*	*	*	*	*	826666	*
H	3549	250	94.4	+	0	0	124MD27MI12MI17MI13M2I52M4D	17261	826666
L	1508	250	*	*	*	*	*	218446	*
H	1508	250	94.4	+	0	0	124MD27MI12MI17MI13M2I52M4D	17261	218446
L	1510	250	*	*	*	*	*	218095	*
H	1510	250	94.4	+	0	0	124MD27MI12MI17MI13M2I52M4D	17261	218095
H	2313	250	91.2	+	0	0	250M	16013	53642
H	527	250	90.4	+	0	0	250M	16013	4412575
L	440	250	*	*	*	*	*	570232	*
H	440	250	98.0	+	0	0	250M	15851	570232
H	2398	250	97.6	+	0	0	250M	15851	15850
L	306	250	*	*	*	*	*	694975	*
H	306	250	90.8	+	0	0	250M	15851	694975
L	2422	250	*	*	*	*	*	14302	*
H	2422	250	96.4	+	0	0	250M	14304	14302
L	4676	250	*	*	*	*	*	4472101	*
H	4676	250	91.2	+	0	0	12MD143MD93M2I	14304	4472101
L	458	250	*	*	*	*	*	567510	*
H	458	250	90.4	+	0	0	250M	14304	567510
H	2080	250	95.2	+	0	0	250M	13568	132913
H	419	250	95.6	+	0	0	250M	13568	575299
L	4501	250	*	*	*	*	*	4435984	*
H	4501	250	95.6	+	0	0	250M	13568	4435984
L	4243	250	*	*	*	*	*	4381192	*
H	4243	250	98.4	+	0	0	250M	13485	4381192
L	532	250	*	*	*	*	*	553111	*
H	532	250	96.8	+	0	0	250M	13485	553111
L	2111	250	*	*	*	*	*	113265	*
H	2111	250	97.2	+	0	0	250M	13485	113265
L	1136	250	*	*	*	*	*	299576	*
H	1136	250	97.2	+	0	0	250M	13467	299576
L	660	250	*	*	*	*	*	522984	*
H	660	250	97.2	+	0	0	250M	13467	522984
L	3219	250	*	*	*	*	*	752554	*
H	3219	250	97.2	+	0	0	250M	13467	752554
H	2476	250	93.6	+	0	0	250M	10865	10898
H	3752	250	95.2	+	0	0	250M	10865	1121107
L	1408	250	*	*	*	*	*	249636	*
H	1408	250	93.2	+	0	0	250M	10865	249636
L	2482	250	*	*	*	*	*	10486	*
H	2482	250	92.0	+	0	0	138MI111MD	10485	10486
N	*	250	*	*	*	*	*	10430	*
L	600	250	*	*	*	*	*	534898	*
H	600	250	98.8	+	0	0	250M	9870	534898
H	2192	250	98.8	+	0	0	250M	9870	100027
L	1906	250	*	*	*	*	*	169538	*
H	1906	250	98.8	+	0	0	250M	9870	169538
H	2486	250	99.6	+	0	0	250M	9819	10180
L	2836	250	*	*	*	*	*	1108706	*
H	2836	250	99.2	+	0	0	250M	9819	1108706
H	4041	250	99.2	+	0	0	250M	9819	4343005
L	2496	250	*	*	*	*	*	9504	*
H	2496	250	95.2	+	0	0	250M	9505	9504
H	2973	250	92.8	+	0	0	250M	9505	2291414
L	193	250	*	*	*	*	*	865469	*
H	193	250	92.4	+	0	0	250M	9505	865469
L	2183	250	*	*	*	*	*	101788	*
H	2183	250	96.4	+	0	0	250M	9036	101788
L	4724	250	*	*	*	*	*	4480392	*
H	4724	250	95.2	+	0	0	250M	9036	4480392
L	3817	250	*	*	*	*	*	4270835	*
H	3817	250	93.2	+	0	0	250M	9036	4270835
L	2513	250	*	*	*	*	*	8105	*
H	2513	250	96.8	+	0	0	250M	8107	8105
L	2514	250	*	*	*	*	*	8104	*
H	2514	250	94.8	+	0	0	250M	8107	8104
L	2515	250	*	*	*	*	*	8091	*
H	2515	250	94.0	+	0	0	250M	8107	8091
H	2513	250	95.6	+	0	0	229MI20MD	8106	8105
H	2514	250	93.6	+	0	0	234MI15MD	8106	8104
H	2515	250	92.4	+	0	0	229MI20MD	8106	8091
L	2195	250	*	*	*	*	*	99452	*
H	2195	250	93.2	+	0	0	86MI53MI109M2D	7973	99452
L	2517	250	*	*	*	*	*	8012	*
H	2517	250	92.0	+	0	0	86MI53MI109M2D	7973	8012
L	3203	250	*	*	*	*	*	7971	*
H	3203	250	92.4	+	0	0	86MI53MI109M2D	7973	7971
H	2153	250	98.8	+	0	0	250M	7347	106310
H	2540	250	97.6	+	0	0	250M	7347	7316
H	3297	250	97.2	+	0	0	250M	7347	1137185
L	32	250	*	*	*	*	*	1082059	*
H	32	250	95.2	+	0	0	250M	6357	1082059
L	3088	250	*	*	*	*	*	1133255	*
H	3088	250	94.8	+	0	0	250M	6357	1133255
L	2700	250	*	*	*	*	*	1125670	*
H	2700	250	92.0	+	0	0	250M	6357	1125670
H	272	250	98.0	+	0	0	250M	6303	749696
H	3543	250	97.6	+	0	0	250M	6303	1129599
H	1486	250	96.4	+	0	0	250M	6303	229434
L	1321	250	*	*	*	*	*	264269	*
H	1321	250	95.6	+	0	0	83MI35M2I129M3D	5583	264269
L	2171	250	*	*	*	*	*	103285	*
H	2171	250	94.8	+	0	0	250M	5583	103285
L	1363	250	*	*	*	*	*	259732	*
H	1363	250	94.8	+	0	0	250M	5583	259732
L	2585	250	*	*	*	*	*	3307	*
H	2585	250	92.8	+	0	0	175MI74MD	3308	3307
L	2025	250	*	*	*	*	*	142996	*
H	2025	250	91.6	+	0	0	175MI74MD	3308	142996
N	*	250	*	*	*	*	*	2599	*
L	162	250	*	*	*	*	*	903886	*
H	162	250	93.2	+	0	0	250M	2380	903886
L	2768	250	*	*	*	*	*	811912	*
H	2768	250	96.0	+	0	0	206MI43MD	1125402	811912
L	2465	250	*	*	*	*	*	12048	*
H	2465	250	96.4	+	0	0	250M	1125402	12048
L	3861	250	*	*	*	*	*	4302223	*
H	3861	250	96.8	+	0	0	250M	1125402	4302223
H	1020	250	98.0	+	0	0	250M	1553204	326054
H	608	250	98.0	+	0	0	250M	1553204	533511
H	422	250	98.0	+	0	0	250M	1553204	573413
L	3832	250	*	*	*	*	*	4295725	*
H	3832	250	98.8	+	0	0	250M	1136676	4295725
L	3006	250	*	*	*	*	*	648540	*
H	3006	250	98.8	+	0	0	250M	1136676	648540
L	361	250	*	*	*	*	*	589792	*
H	361	250	98.0	+	0	0	250M	1136676	589792
H	2514	250	96.8	+	0	0	250M	1128670	8104
H	2515	250	96.0	+	0	0	250M	1128670	8091
L	473	250	*	*	*	*	*	563741	*
H	473	250	95.2	+	0	0	250M	1128670	563741
L	3640	250	*	*	*	*	*	1137136	*
H	3640	250	98.8	+	0	0	250M	1137869	1137136
L	1930	250	*	*	*	*	*	164443	*
H	1930	250	98.8	+	0	0	250M	1137869	164443
L	448	250	*	*	*	*	*	568727	*
H	448	250	92.8	+	0	0	250M	1137869	568727
L	574	250	*	*	*	*	*	541894	*
H	574	250	98.8	+	0	0	250M	1139097	541894
L	744	250	*	*	*	*	*	465367	*
H	744	250	98.4	+	0	0	250M	1139097	465367
L	4373	250	*	*	*	*	*	4409249	*
H	4373	250	98.0	+	0	0	250M	1139097	4409249
L	2670	250	*	*	*	*	*	1137409	*
H	2670	250	96.0	+	0	0	250M	1129305	1137409
H	1542	250	90.8	+	0	0	250M	1129305	203166
L	2744	250	*	*	*	*	*	1129461	*
H	2744	250	94.4	+	0	0	250M	1676137	1129461
L	3756	250	*	*	*	*	*	676511	*
H	3756	250	94.0	+	0	0	250M	1676137	676511
L	4106	250	*	*	*	*	*	4354311	*
H	4106	250	94.0	+	0	0	250M	1676137	4354311
L	3344	250	*	*	*	*	*	1131768	*
H	3344	250	98.0	+	0	0	250M	1123543	1131768
L	2438	250	*	*	*	*	*	13730	*
H	2438	250	96.4	+	0	0	250M	1123543	13730
L	2439	250	*	*	*	*	*	13728	*
H	2439	250	96.8	+	0	0	250M	1123543	13728
L	1286	250	*	*	*	*	*	269890	*
H	1286	250	90.0	+	0	0	250M	1720567	269890
H	2482	250	90.0	+	0	0	139MI110MD	1720567	10486
L	4547	250	*	*	*	*	*	4449321	*
H	4547	250	91.6	+	0	0	250M	1720567	4449321
L	4495	250	*	*	*	*	*	4435279	*
H	4495	250	99.6	+	0	0	250M	1143460	4435279
L	2872	250	*	*	*	*	*	834006	*
H	2872	250	96.8	+	0	0	250M	1143460	834006
L	4628	250	*	*	*	*	*	4465093	*
H	4628	250	96.4	+	0	0	250M	1143460	4465093
L	1415	250	*	*	*	*	*	247727	*
H	1415	250	95.2	+	0	0	176MI38MI34M2D	638076	247727
L	2896	250	*	*	*	*	*	1143228	*
H	2896	250	94.4	+	0	0	250M	638076	1143228
L	2788	250	*	*	*	*	*	1134454	*
H	2788	250	94.4	+	0	0	250M	638076	1134454
L	562	250	*	*	*	*	*	544868	*
H	562	250	98.8	+	0	0	250M	648692	544868
L	474	250	*	*	*	*	*	563536	*
H	474	250	98.8	+	0	0	250M	648692	563536
L	3076	250	*	*	*	*	*	646051	*
H	3076	250	98.8	+	0	0	250M	648692	646051
L	537	250	*	*	*	*	*	552143	*
H	537	250	98.0	+	0	0	42MD129MI78M	1136950	552143
L	3196	250	*	*	*	*	*	919466	*
H	3196	250	98.0	+	0	0	42MD207MI	1136950	919466
L	2139	250	*	*	*	*	*	107690	*
H	2139	250	96.4	+	0	0	42MD207MI	1136950	107690
L	2355	250	*	*	*	*	*	29533	*
H	2355	250	96.8	+	0	0	250M	24490	29533
L	3010	250	*	*	*	*	*	731367	*
H	3010	250	96.4	+	0	0	250M	24490	731367
L	2197	250	*	*	*	*	*	99436	*
H	2197	250	96.8	+	0	0	250M	24490	99436
L	742	250	*	*	*	*	*	471412	*
H	742	250	99.6	+	0	0	250M	1137471	471412
L	2493	250	*	*	*	*	*	9518	*
H	2493	250	98.8	+	0	0	250M	1137471	9518
L	2495	250	*	*	*	*	*	9510	*
H	2495	250	97.2	+	0	0	250M	1137471	9510
H	502	250	96.4	+	0	0	250M	1122363	558567
H	1395	250	94.0	+	0	0	250M	1122363	253241
H	2296	250	93.2	+	0	0	250M	1122363	63190
L	2460	250	*	*	*	*	*	12133	*
H	2460	250	98.8	+	0	0	250M	805980	12133
L	302	250	*	*	*	*	*	697027	*
H	302	250	97.2	+	0	0	250M	805980	697027
L	318	250	*	*	*	*	*	662645	*
H	318	250	98.0	+	0	0	250M	805980	662645
H	249	250	98.0	+	0	0	250M	1801172	804867
L	2136	250	*	*	*	*	*	108008	*
H	2136	250	93.6	+	0	0	250M	1801172	108008
L	2327	250	*	*	*	*	*	48640	*
H	2327	250	94.0	+	0	0	250M	1801172	48640
L	767	250	*	*	*	*	*	423025	*
H	767	250	100.0	+	0	0	250M	1124808	423025
L	2927	250	*	*	*	*	*	838147	*
H	2927	250	98.8	+	0	0	250M	1124808	838147
L	3851	250	*	*	*	*	*	4299696	*
H	3851	250	99.6	+	0	0	19MI11MD219M	1124808	4299696
L	4656	250	*	*	*	*	*	4467983	*
H	4656	250	95.6	+	0	0	250M	1842075	4467983
L	774	250	*	*	*	*	*	410549	*
H	774	250	100.0	+	0	0	250M	1138883	410549
L	2194	250	*	*	*	*	*	99527	*
H	2194	250	95.6	+	0	0	131MD118MI	1138883	99527
H	3408	250	93.6	+	0	0	131MD118MI	1138883	1122610
H	3358	250	96.0	+	0	0	250M	1021172	3200278
L	1051	250	*	*	*	*	*	316438	*
H	1051	250	94.0	+	0	0	250M	1021172	316438
H	1026	250	94.8	+	0	0	250M	1021172	322737
H	767	250	94.4	+	0	0	250M	1126421	423025
H	2927	250	93.2	+	0	0	250M	1126421	838147
H	3851	250	94.0	+	0	0	19MI11MD219M	1126421	4299696
L	763	250	*	*	*	*	*	430191	*
H	763	250	92.8	+	0	0	86MI108MI14MI39M3D	1922365	430191
L	794	250	*	*	*	*	*	386273	*
H	794	250	90.8	+	0	0	250M	1922365	386273
L	4421	250	*	*	*	*	*	4419624	*
H	4421	250	98.4	+	0	0	250M	698294	4419624
L	517	250	*	*	*	*	*	555568	*
H	517	250	96.8	+	0	0	250M	698294	555568
L	3172	250	*	*	*	*	*	1135947	*
H	3172	250	96.0	+	0	0	250M	698294	1135947
L	2362	250	*	*	*	*	*	27188	*
H	2362	250	97.2	+	0	0	250M	2000709	27188
L	3132	250	*	*	*	*	*	1138056	*
H	3132	250	95.2	+	0	0	250M	2000709	1138056
L	242	250	*	*	*	*	*	812921	*
H	242	250	95.2	+	0	0	250M	2000709	812921
N	*	250	*	*	*	*	*	2000753	*
L	1974	250	*	*	*	*	*	156452	*
H	1974	250	95.6	+	0	0	250M	1142215	156452
L	4661	250	*	*	*	*	*	4469481	*
H	4661	250	95.6	+	0	0	250M	1142215	4469481
L	413	250	*	*	*	*	*	576498	*
H	413	250	95.6	+	0	0	250M	1142215	576498
L	2314	250	*	*	*	*	*	53467	*
H	2314	250	98.4	+	0	0	250M	1117497	53467
H	1280	250	98.0	+	0	0	250M	1117497	270229
H	2289	250	98.0	+	0	0	250M	1117497	67228
H	2819	250	98.0	+	0	0	94MI155MD	886264	952003
L	3954	250	*	*	*	*	*	4323095	*
H	3954	250	94.4	+	0	0	250M	886264	4323095
L	4030	250	*	*	*	*	*	4339777	*
H	4030	250	94.8	+	0	0	250M	886264	4339777
H	4725	250	95.6	+	0	0	171MI78MD	2085032	4480970
H	3811	250	93.6	+	0	0	171MI78MD	2085032	4256470
L	597	250	*	*	*	*	*	535375	*
H	597	250	93.6	+	0	0	171MI78MD	2085032	535375
L	2428	250	*	*	*	*	*	14131	*
H	2428	250	91.6	+	0	0	250M	838196	14131
L	4621	250	*	*	*	*	*	4462654	*
H	4621	250	92.8	+	0	0	250M	838196	4462654
L	1526	250	*	*	*	*	*	210652	*
H	1526	250	90.8	+	0	0	250M	838196	210652
H	4233	250	99.6	+	0	0	250M	1119783	4379731
H	3039	250	98.0	+	0	0	250M	1119783	1139233
H	2730	250	98.8	+	0	0	250M	1119783	1797336
H	424	250	98.0	+	0	0	250M	2106896	573179
H	2385	250	98.0	+	0	0	250M	2106896	17434
L	1461	250	*	*	*	*	*	237745	*
H	1461	250	98.0	+	0	0	250M	2106896	237745
L	3558	250	*	*	*	*	*	705241	*
H	3558	250	96.0	+	0	0	250M	611110	705241
L	4567	250	*	*	*	*	*	4453484	*
H	4567	250	94.8	+	0	0	7MI97MI144M2D	611110	4453484
L	2594	250	*	*	*	*	*	2222	*
H	2594	250	94.0	+	0	0	238MI11MD	611110	2222
L	714	250	*	*	*	*	*	513513	*
H	714	250	92.8	+	0	0	250M	721930	513513
L	3279	250	*	*	*	*	*	1072784	*
H	3279	250	97.2	+	0	0	250M	654051	1072784
L	3453	250	*	*	*	*	*	806092	*
H	3453	250	96.8	+	0	0	250M	654051	806092
L	3390	250	*	*	*	*	*	998869	*
H	3390	250	97.2	+	0	0	250M	654051	998869
N	*	250	*	*	*	*	*	2142514	*
L	3409	250	*	*	*	*	*	813469	*
H	3409	250	95.6	+	0	0	250M	1135553	813469
H	4717	250	96.4	+	0	0	250M	1135553	4479467
L	2528	250	*	*	*	*	*	7821	*
H	2528	250	95.2	+	0	0	250M	1135553	7821
L	3611	250	*	*	*	*	*	1142026	*
H	3611	250	92.4	+	0	0	250M	811996	1142026
L	2086	250	*	*	*	*	*	131883	*
H	2086	250	92.0	+	0	0	250M	811996	131883
L	2300	250	*	*	*	*	*	60017	*
H	2300	250	90.0	+	0	0	132MI117MD	811996	60017
L	1194	250	*	*	*	*	*	290241	*
H	1194	250	92.4	+	0	0	250M	2234838	290241
L	2388	250	*	*	*	*	*	16191	*
H	2388	250	90.8	+	0	0	250M	2234838	16191
L	2389	250	*	*	*	*	*	16144	*
H	2389	250	93.6	+	0	0	250M	2234838	16144
L	1513	250	*	*	*	*	*	217386	*
H	1513	250	100.0	+	0	0	250M	1141633	217386
L	2555	250	*	*	*	*	*	5652	*
H	2555	250	96.0	+	0	0	250M	1141633	5652
L	262	250	*	*	*	*	*	781232	*
H	262	250	93.2	+	0	0	250M	1141633	781232
L	2014	250	*	*	*	*	*	146037	*
H	2014	250	92.0	+	0	0	250M	2265859	146037
H	3260	250	92.0	+	0	0	250M	2265859	1123147
L	2914	250	*	*	*	*	*	1134510	*
H	2914	250	90.4	+	0	0	250M	2265859	1134510
H	3618	250	99.2	+	0	0	250M	1108701	721199
H	4472	250	99.6	+	0	0	250M	1108701	4430475
H	3745	250	99.6	+	0	0	250M	1108701	1105883
L	2169	250	*	*	*	*	*	104045	*
H	2169	250	98.4	+	0	0	250M	1138255	104045
L	492	250	*	*	*	*	*	559649	*
H	492	250	98.0	+	0	0	250M	1138255	559649
L	2203	250	*	*	*	*	*	99267	*
H	2203	250	96.8	+	0	0	51MI198MD	1138255	99267
H	3692	250	98.8	+	0	0	250M	2421587	784643
H	4336	250	98.0	+	0	0	250M	2421587	4400789
H	2743	250	97.6	+	0	0	20MI229MD	2421587	735945
L	2157	250	*	*	*	*	*	105593	*
H	2157	250	98.8	+	0	0	250M	851932	105593
L	4745	250	*	*	*	*	*	4484389	*
H	4745	250	99.2	+	0	0	250M	851932	4484389
L	3848	250	*	*	*	*	*	4298899	*
H	3848	250	97.6	+	0	0	250M	851932	4298899
H	2022	250	97.2	+	0	0	250M	1131423	143784
H	3118	250	96.4	+	0	0	250M	1131423	1144223
H	2136	250	95.2	+	0	0	250M	1131423	108008
L	2507	250	*	*	*	*	*	8898	*
H	2507	250	94.8	+	0	0	13MD236MI	1144898	8898
L	1265	250	*	*	*	*	*	272031	*
H	1265	250	94.8	+	0	0	250M	1144898	272031
L	3691	250	*	*	*	*	*	624220	*
H	3691	250	94.0	+	0	0	250M	1144898	624220
H	3558	250	95.2	+	0	0	250M	2635230	705241
H	2594	250	92.4	+	0	0	250M	2635230	2222
H	4567	250	94.0	+	0	0	7MI97MI144M2D	2635230	4453484
H	3229	250	95.2	+	0	0	250M	1110313	326714
L	1312	250	*	*	*	*	*	266579	*
H	1312	250	97.6	+	0	0	250M	1110313	266579
L	4345	250	*	*	*	*	*	4403441	*
H	4345	250	92.8	+	0	0	250M	1110313	4403441
L	2814	250	*	*	*	*	*	1122588	*
H	2814	250	97.6	+	0	0	250M	711733	1122588
L	1652	250	*	*	*	*	*	191359	*
H	1652	250	97.6	+	0	0	123MI126MD	711733	191359
L	2326	250	*	*	*	*	*	48874	*
H	2326	250	97.6	+	0	0	250M	711733	48874
L	4384	250	*	*	*	*	*	4411366	*
H	4384	250	95.2	+	0	0	D249MI	1122362	4411366
L	3089	250	*	*	*	*	*	1122547	*
H	3089	250	95.2	+	0	0	250M	1122362	1122547
L	3059	250	*	*	*	*	*	1144726	*
H	3059	250	95.6	+	0	0	250M	1122362	1144726
L	2193	250	*	*	*	*	*	99951	*
H	2193	250	98.4	+	0	0	250M	1130616	99951
H	3731	250	98.0	+	0	0	250M	1130616	4098279
H	3110	250	98.4	+	0	0	250M	1130616	810000
L	2101	250	*	*	*	*	*	119659	*
H	2101	250	98.8	+	0	0	250M	1128359	119659
L	3902	250	*	*	*	*	*	4309708	*
H	3902	250	98.8	+	0	0	250M	1128359	4309708
L	1094	250	*	*	*	*	*	307666	*
H	1094	250	98.8	+	0	0	250M	1128359	307666
L	1104	250	*	*	*	*	*	305278	*
H	1104	250	98.0	+	0	0	250M	826144	305278
L	3058	250	*	*	*	*	*	2476146	*
H	3058	250	96.4	+	0	0	250M	826144	2476146
L	204	250	*	*	*	*	*	845765	*
H	204	250	92.0	+	0	0	250M	826144	845765
L	1249	250	*	*	*	*	*	274900	*
H	1249	250	99.6	+	0	0	250M	1136256	274900
H	4724	250	98.0	+	0	0	250M	1136256	4480392
L	2499	250	*	*	*	*	*	9402	*
H	2499	250	98.0	+	0	0	250M	1136256	9402
L	4105	250	*	*	*	*	*	4354266	*
H	4105	250	93.6	+	0	0	178MD71MI	2903258	4354266
L	4132	250	*	*	*	*	*	4360273	*
H	4132	250	99.6	+	0	0	250M	1140240	4360273
L	4311	250	*	*	*	*	*	4394897	*
H	4311	250	98.8	+	0	0	250M	1140240	4394897
L	3391	250	*	*	*	*	*	3271868	*
H	3391	250	98.4	+	0	0	250M	1140240	3271868
L	2935	250	*	*	*	*	*	2199910	*
H	2935	250	92.4	+	0	0	250M	1128226	2199910
L	1449	250	*	*	*	*	*	239951	*
H	1449	250	91.2	+	0	0	250M	1128226	239951
L	2699	250	*	*	*	*	*	1133935	*
H	2699	250	93.2	+	0	0	250M	1128226	1133935
L	4251	250	*	*	*	*	*	4383165	*
H	4251	250	94.8	+	0	0	250M	1126182	4383165
L	123	250	*	*	*	*	*	953256	*
H	123	250	94.0	+	0	0	250M	1126182	953256
L	2959	250	*	*	*	*	*	1124905	*
H	2959	250	95.6	+	0	0	250M	1126182	1124905
L	1647	250	*	*	*	*	*	191595	*
H	1647	250	94.0	+	0	0	133MI116MD	2990918	191595
L	1673	250	*	*	*	*	*	189294	*
H	1673	250	94.0	+	0	0	133MI116MD	2990918	189294
L	1705	250	*	*	*	*	*	186703	*
H	1705	250	94.0	+	0	0	133MI116MD	2990918	186703
N	*	250	*	*	*	*	*	3002161	*
L	466	250	*	*	*	*	*	565130	*
H	466	250	99.2	+	0	0	250M	1132232	565130
L	775	250	*	*	*	*	*	409932	*
H	775	250	98.8	+	0	0	250M	1132232	409932
H	887	250	98.0	+	0	0	250M	1132232	354765
H	117	250	98.0	+	0	0	250M	1134316	961922
H	4384	250	98.8	+	0	0	D249MI	1134316	4411366
H	3730	250	98.4	+	0	0	250M	1134316	1135374
L	4312	250	*	*	*	*	*	4394966	*
H	4312	250	95.2	+	0	0	250M	1136795	4394966
H	2486	250	90.4	+	0	0	250M	1136795	10180
L	3330	250	*	*	*	*	*	933356	*
H	3330	250	98.8	+	0	0	250M	1129841	933356
L	355	250	*	*	*	*	*	591634	*
H	355	250	98.0	+	0	0	173MD76MI	1129841	591634
L	2017	250	*	*	*	*	*	144720	*
H	2017	250	96.0	+	0	0	250M	1129841	144720
L	2724	250	*	*	*	*	*	1134626	*
H	2724	250	97.6	+	0	0	250M	1139148	1134626
L	1493	250	*	*	*	*	*	225045	*
H	1493	250	93.2	+	0	0	250M	1139148	225045
L	2244	250	*	*	*	*	*	81397	*
H	2244	250	96.8	+	0	0	250M	1139304	81397
L	4280	250	*	*	*	*	*	4388952	*
H	4280	250	96.8	+	0	0	250M	1139304	4388952
L	2857	250	*	*	*	*	*	1136639	*
H	2857	250	94.4	+	0	0	250M	1139304	1136639
H	3861	250	96.8	+	0	0	250M	758642	4302223
H	2768	250	96.0	+	0	0	206MI43MD	758642	811912
H	2465	250	96.4	+	0	0	250M	758642	12048
H	502	250	96.8	+	0	0	250M	1127853	558567
L	2420	250	*	*	*	*	*	14348	*
H	2420	250	92.8	+	0	0	210MD39MI	1127853	14348
L	2702	250	*	*	*	*	*	1730876	*
H	2702	250	93.2	+	0	0	250M	1127853	1730876
L	2413	250	*	*	*	*	*	14592	*
H	2413	250	98.0	+	0	0	250M	664205	14592
H	2639	250	97.6	+	0	0	250M	664205	1145943
L	2380	250	*	*	*	*	*	21214	*
H	2380	250	96.4	+	0	0	250M	664205	21214
H	3879	250	98.4	+	0	0	250M	1135372	4305519
H	424	250	97.6	+	0	0	250M	1135372	573179
H	2385	250	97.6	+	0	0	250M	1135372	17434
H	3303	250	96.8	+	0	0	250M	790312	3055791
H	56	250	94.4	+	0	0	231MD18MI	790312	1049387
H	4717	250	94.8	+	0	0	250M	790312	4479467
L	2816	250	*	*	*	*	*	1125228	*
H	2816	250	96.4	+	0	0	250M	3509164	1125228
L	3669	250	*	*	*	*	*	3924713	*
H	3669	250	91.2	+	0	0	250M	3509164	3924713
H	1432	250	91.2	+	0	0	250M	3509164	243599
H	2278	250	98.8	+	0	0	250M	1115975	70057
H	2290	250	98.8	+	0	0	250M	1115975	66026
H	4305	250	98.8	+	0	0	250M	1115975	4393354
L	2659	250	*	*	*	*	*	643716	*
H	2659	250	96.0	+	0	0	250M	3549545	643716
L	490	250	*	*	*	*	*	560027	*
H	490	250	96.4	+	0	0	250M	3549545	560027
H	1066	250	96.0	+	0	0	250M	3549545	312446
N	*	250	*	*	*	*	*	1061071	*
L	2176	250	*	*	*	*	*	102222	*
H	2176	250	98.8	+	0	0	250M	1136710	102222
L	2719	250	*	*	*	*	*	1137031	*
H	2719	250	98.0	+	0	0	21MI228MD	1136710	1137031
H	4188	250	98.4	+	0	0	250M	1136710	4371645
N	*	250	*	*	*	*	*	659124	*
L	2481	250	*	*	*	*	*	10660	*
H	2481	250	97.2	+	0	0	250M	1122480	10660
L	2888	250	*	*	*	*	*	838434	*
H	2888	250	97.6	+	0	0	250M	1122480	838434
L	1213	250	*	*	*	*	*	287305	*
H	1213	250	93.2	+	0	0	250M	1122480	287305
H	3147	250	98.0	+	0	0	215MD34MI	1134462	1115889
L	4428	250	*	*	*	*	*	4422114	*
H	4428	250	98.0	+	0	0	215MD34MI	1134462	4422114
L	3641	250	*	*	*	*	*	1141671	*
H	3641	250	97.6	+	0	0	215MD34MI	1134462	1141671
L	1664	250	*	*	*	*	*	190032	*
H	1664	250	97.6	+	0	0	250M	3772088	190032
L	780	250	*	*	*	*	*	400480	*
H	780	250	94.8	+	0	0	250M	3772088	400480
L	4459	250	*	*	*	*	*	4427434	*
H	4459	250	96.4	+	0	0	250M	3792581	4427434
L	2656	250	*	*	*	*	*	1646255	*
H	2656	250	95.2	+	0	0	250M	3792581	1646255
L	4391	250	*	*	*	*	*	4413100	*
H	4391	250	95.6	+	0	0	250M	3792581	4413100
H	1280	250	99.2	+	0	0	250M	1124784	270229
H	2289	250	99.2	+	0	0	250M	1124784	67228
L	4072	250	*	*	*	*	*	4349004	*
H	4072	250	98.8	+	0	0	36MD213MI	1124784	4349004
H	562	250	98.8	+	0	0	250M	1129883	544868
H	474	250	98.8	+	0	0	250M	1129883	563536
H	3076	250	98.8	+	0	0	250M	1129883	646051
L	4153	250	*	*	*	*	*	4365006	*
H	4153	250	98.8	+	0	0	250M	1137224	4365006
H	4311	250	98.4	+	0	0	250M	1137224	4394897
L	1428	250	*	*	*	*	*	244757	*
H	1428	250	97.6	+	0	0	250M	1137224	244757
H	2973	250	98.8	+	0	0	250M	612512	2291414
H	225	250	97.6	+	0	0	250M	612512	823745
L	4256	250	*	*	*	*	*	4383918	*
H	4256	250	96.4	+	0	0	250M	612512	4383918
L	2375	250	*	*	*	*	*	23566	*
H	2375	250	95.6	+	0	0	250M	821812	23566
H	2353	250	97.6	+	0	0	250M	1136972	31319
L	1133	250	*	*	*	*	*	300045	*
H	1133	250	92.8	+	0	0	250M	1136972	300045
H	1194	250	92.4	+	0	0	250M	1136972	290241
L	3373	250	*	*	*	*	*	3225199	*
H	3373	250	93.6	+	0	0	80M9D161M9I	4033821	3225199
L	2786	250	*	*	*	*	*	1892252	*
H	2786	250	92.8	+	0	0	80M9D161M9I	4033821	1892252
L	3153	250	*	*	*	*	*	2682867	*
H	3153	250	92.4	+	0	0	80M9D161M9I	4033821	2682867
H	3709	250	99.2	+	0	0	250M	4041571	4041568
L	815	250	*	*	*	*	*	369289	*
H	815	250	98.0	+	0	0	250M	4041571	369289
H	887	250	97.2	+	0	0	250M	4041571	354765
L	4713	250	*	*	*	*	*	4478591	*
H	4713	250	93.2	+	0	0	123MD126MI	4042859	4478591
L	4201	250	*	*	*	*	*	4373910	*
H	4201	250	98.0	+	0	0	250M	1106060	4373910
L	4698	250	*	*	*	*	*	4476050	*
H	4698	250	97.2	+	0	0	250M	1106060	4476050
L	4504	250	*	*	*	*	*	4437422	*
H	4504	250	96.0	+	0	0	250M	1106060	4437422
L	4530	250	*	*	*	*	*	4443004	*
H	4530	250	96.8	+	0	0	250M	1139732	4443004
L	4577	250	*	*	*	*	*	4454715	*
H	4577	250	95.6	+	0	0	250M	1139732	4454715
L	3814	250	*	*	*	*	*	4263820	*
H	3814	250	94.0	+	0	0	250M	1139732	4263820
L	4366	250	*	*	*	*	*	4407974	*
H	4366	250	92.0	+	0	0	250M	836917	4407974
L	2686	250	*	*	*	*	*	813080	*
H	2686	250	91.2	+	0	0	40MI209MD	836917	813080
L	2051	250	*	*	*	*	*	138582	*
H	2051	250	90.0	+	0	0	250M	836917	138582
L	3798	250	*	*	*	*	*	1141542	*
H	3798	250	98.4	+	0	0	250M	1146685	1141542
L	4020	250	*	*	*	*	*	4337455	*
H	4020	250	98.4	+	0	0	250M	1146685	4337455
L	3721	250	*	*	*	*	*	660708	*
H	3721	250	97.2	+	0	0	250M	1146685	660708
H	453	250	95.2	+	0	0	250M	4143457	567972
L	3271	250	*	*	*	*	*	2991800	*
H	3271	250	93.6	+	0	0	250M	4143457	2991800
L	2605	250	*	*	*	*	*	996434	*
H	2605	250	93.6	+	0	0	250M	4143457	996434
H	2014	250	98.4	+	0	0	243MD6MI	4153526	146037
H	3260	250	98.4	+	0	0	243MD6MI	4153526	1123147
L	2149	250	*	*	*	*	*	106469	*
H	2149	250	94.0	+	0	0	243MD6MI	4153526	106469
H	3640	250	99.2	+	0	0	250M	4154525	1137136
H	1930	250	99.2	+	0	0	250M	4154525	164443
L	3250	250	*	*	*	*	*	2922812	*
H	3250	250	92.4	+	0	0	250M	4154525	2922812
H	2702	250	91.6	+	0	0	250M	1134116	1730876
H	2420	250	90.0	+	0	0	209MD40MI	1134116	14348
H	502	250	90.8	+	0	0	250M	1134116	558567
H	3745	250	98.8	+	0	0	250M	836450	1105883
H	3618	250	98.0	+	0	0	250M	836450	721199
H	4472	250	98.8	+	0	0	250M	836450	4430475
L	3342	250	*	*	*	*	*	3172850	*
H	3342	250	93.2	+	0	0	231MI18MD	4238525	3172850
L	3759	250	*	*	*	*	*	4151747	*
H	3759	250	93.2	+	0	0	231MI18MD	4238525	4151747
L	3410	250	*	*	*	*	*	3312521	*
H	3410	250	93.2	+	0	0	231MI18MD	4238525	3312521
L	3727	250	*	*	*	*	*	1143479	*
H	3727	250	97.2	+	0	0	250M	1145893	1143479
L	2090	250	*	*	*	*	*	130535	*
H	2090	250	92.4	+	0	0	250M	1145893	130535
L	2658	250	*	*	*	*	*	623190	*
H	2658	250	95.2	+	0	0	250M	1145893	623190
L	2487	250	*	*	*	*	*	9961	*
H	2487	250	92.8	+	0	0	250M	4270977	9961
L	1934	250	*	*	*	*	*	162604	*
H	1934	250	94.0	+	0	0	195MI54MD	4270977	162604
L	1931	250	*	*	*	*	*	163775	*
H	1931	250	94.4	+	0	0	250M	4270977	163775
L	3537	250	*	*	*	*	*	1143368	*
H	3537	250	95.6	+	0	0	129MD120MI	4282872	1143368
L	2310	250	*	*	*	*	*	55243	*
H	2310	250	93.2	+	0	0	D8MD15MD103MD120M4I	4282872	55243
L	2946	250	*	*	*	*	*	2228274	*
H	2946	250	95.2	+	0	0	131MD118MI	4282872	2228274
H	4311	250	97.2	+	0	0	250M	4305580	4394897
H	4153	250	97.2	+	0	0	250M	4305580	4365006
H	4420	250	97.2	+	0	0	250M	4305580	4419561
L	1782	250	*	*	*	*	*	181589	*
H	1782	250	99.2	+	0	0	250M	4306201	181589
L	886	250	*	*	*	*	*	354839	*
H	886	250	99.2	+	0	0	250M	4306201	354839
L	119	250	*	*	*	*	*	960695	*
H	119	250	98.8	+	0	0	250M	4306201	960695
H	474	250	95.2	+	0	0	8MD13M2D75MD150M4I	4306202	563536
H	562	250	95.2	+	0	0	8MD13M2D75MD150M4I	4306202	544868
H	3076	250	94.8	+	0	0	8MD13M2D75MD150M4I	4306202	646051
L	4593	250	*	*	*	*	*	4457669	*
H	4593	250	94.8	+	0	0	250M	4306829	4457669
H	2353	250	95.2	+	0	0	250M	4306829	31319
H	2388	250	94.8	+	0	0	250M	4306829	16191
H	2658	250	98.4	+	0	0	250M	4307258	623190
H	3727	250	94.0	+	0	0	250M	4307258	1143479
H	4577	250	90.8	+	0	0	250M	4307258	4454715
H	453	250	96.4	+	0	0	250M	4307897	567972
L	3348	250	*	*	*	*	*	1059977	*
H	3348	250	96.0	+	0	0	250M	4307897	1059977
L	609	250	*	*	*	*	*	533277	*
H	609	250	96.8	+	0	0	250M	4307897	533277
H	1934	250	97.6	+	0	0	195MI54MD	4327628	162604
H	210	250	98.4	+	0	0	250M	4327628	835771
H	4589	250	98.0	+	0	0	250M	4327628	4456892
H	3960	250	98.8	+	0	0	250M	4328432	4323871
H	3722	250	97.2	+	0	0	250M	4328432	1109067
H	354	250	96.4	+	0	0	250M	4328432	591699
H	440	250	98.0	+	0	0	124MD125MI	4331684	570232
H	2398	250	97.6	+	0	0	124MD125MI	4331684	15850
H	306	250	90.8	+	0	0	127MD122MI	4331684	694975
H	117	250	98.4	+	0	0	250M	4331976	961922
H	1912	250	96.8	+	0	0	250M	4331976	168194
L	3774	250	*	*	*	*	*	1142524	*
H	3774	250	96.8	+	0	0	250M	4331976	1142524
L	1450	250	*	*	*	*	*	239924	*
H	1450	250	98.8	+	0	0	10MD13MD15MD209M3I	4339214	239924
L	2264	250	*	*	*	*	*	72643	*
H	2264	250	98.8	+	0	0	10MD13MD15MD209M3I	4339214	72643
L	2299	250	*	*	*	*	*	61102	*
H	2299	250	98.4	+	0	0	10MD13MD15MD196MD12M4I	4339214	61102
L	4170	250	*	*	*	*	*	4367260	*
H	4170	250	92.4	+	0	0	250M	4339256	4367260
H	1781	250	90.0	+	0	0	250M	4339256	181641
H	3727	250	97.6	+	0	0	250M	4339627	1143479
H	2658	250	94.4	+	0	0	250M	4339627	623190
H	2090	250	91.2	+	0	0	250M	4339627	130535
H	1912	250	98.4	+	0	0	250M	4342039	168194
H	117	250	99.2	+	0	0	250M	4342039	961922
H	1472	250	96.0	+	0	0	250M	4342039	235720
H	2017	250	93.6	+	0	0	250M	4344241	144720
L	3150	250	*	*	*	*	*	2675752	*
H	3150	250	94.8	+	0	0	62MI187MD	4344241	2675752
H	2559	250	91.6	+	0	0	250M	4344241	5263
H	3408	250	95.6	+	0	0	250M	4355275	1122610
L	334	250	*	*	*	*	*	623331	*
H	334	250	93.2	+	0	0	250M	4355275	623331
H	4283	250	95.2	+	0	0	250M	4355275	4389142
L	2045	250	*	*	*	*	*	139504	*
H	2045	250	94.0	+	0	0	250M	4355718	139504
L	2449	250	*	*	*	*	*	12562	*
H	2449	250	94.0	+	0	0	250M	4355718	12562
L	447	250	*	*	*	*	*	568991	*
H	447	250	94.0	+	0	0	250M	4355718	568991
L	3081	250	*	*	*	*	*	816529	*
H	3081	250	98.8	+	0	0	250M	725990	816529
L	1306	250	*	*	*	*	*	267323	*
H	1306	250	98.8	+	0	0	42MI207MD	725990	267323
L	1786	250	*	*	*	*	*	181436	*
H	1786	250	98.4	+	0	0	250M	725990	181436
H	2137	250	96.4	+	0	0	250M	4362383	107976
H	2136	250	95.2	+	0	0	250M	4362383	108008
L	4091	250	*	*	*	*	*	4352076	*
H	4091	250	96.0	+	0	0	250M	4362383	4352076
L	1890	250	*	*	*	*	*	173486	*
H	1890	250	98.0	+	0	0	250M	4362470	173486
L	1936	250	*	*	*	*	*	162150	*
H	1936	250	98.0	+	0	0	250M	4362470	162150
H	193	250	94.4	+	0	0	250M	4362470	865469
L	2411	250	*	*	*	*	*	14615	*
H	2411	250	97.6	+	0	0	123MI126MD	4363413	14615
H	3730	250	95.6	+	0	0	250M	4363413	1135374
H	455	250	94.8	+	0	0	250M	4363413	567725
L	1519	250	*	*	*	*	*	212584	*
H	1519	250	100.0	+	0	0	250M	4364892	212584
L	2408	250	*	*	*	*	*	15025	*
H	2408	250	100.0	+	0	0	250M	4364892	15025
L	4144	250	*	*	*	*	*	4361784	*
H	4144	250	98.4	+	0	0	250M	4364892	4361784
H	2420	250	92.8	+	0	0	210MD39MI	4365806	14348
H	2702	250	91.2	+	0	0	250M	4365806	1730876
H	502	250	92.4	+	0	0	250M	4365806	558567
H	117	250	97.2	+	0	0	250M	4367385	961922
H	1472	250	96.8	+	0	0	250M	4367385	235720
H	3222	250	96.0	+	0	0	250M	4367385	1122081
L	1850	250	*	*	*	*	*	176156	*
H	1850	250	93.6	+	0	0	42MD30MD176M2I	4368040	176156
L	2184	250	*	*	*	*	*	101611	*
H	2184	250	93.6	+	0	0	42MD30MD176M2I	4368040	101611
L	2150	250	*	*	*	*	*	106464	*
H	2150	250	93.6	+	0	0	42MD30MD176M2I	4368040	106464
L	1016	250	*	*	*	*	*	327895	*
H	1016	250	98.0	+	0	0	250M	4369819	327895
H	1342	250	97.6	+	0	0	250M	4369819	262377
H	3196	250	96.8	+	0	0	250M	4369819	919466
L	1509	250	*	*	*	*	*	218254	*
H	1509	250	99.2	+	0	0	128MD76MD44M2I	4385067	218254
L	1189	250	*	*	*	*	*	290799	*
H	1189	250	99.2	+	0	0	128MD76MD44M2I	4385067	290799
L	423	250	*	*	*	*	*	573338	*
H	423	250	99.2	+	0	0	42MI86MD76MD44MI	4385067	573338
L	3233	250	*	*	*	*	*	2874742	*
H	3233	250	98.4	+	0	0	14MD15MD28MD107MD82M4I	4386115	2874742
L	3617	250	*	*	*	*	*	3773438	*
H	3617	250	98.4	+	0	0	14MD15MD28MD107MD82M4I	4386115	3773438
L	353	250	*	*	*	*	*	591907	*
H	353	250	98.4	+	0	0	14MD15MD28MD107MD82M4I	4386115	591907
L	3708	250	*	*	*	*	*	4028751	*
H	3708	250	94.8	+	0	0	250M	4388908	4028751
L	3254	250	*	*	*	*	*	2938850	*
H	3254	250	91.6	+	0	0	250M	4388908	2938850
L	1074	250	*	*	*	*	*	311564	*
H	1074	250	91.2	+	0	0	250M	4390966	311564
L	1718	250	*	*	*	*	*	185891	*
H	1718	250	91.2	+	0	0	250M	4390966	185891
L	1609	250	*	*	*	*	*	194780	*
H	1609	250	91.2	+	0	0	250M	4390966	194780
H	3817	250	99.6	+	0	0	250M	4393352	4270835
H	2278	250	97.2	+	0	0	250M	4393352	70057
H	2290	250	97.2	+	0	0	250M	4393352	66026
H	4020	250	98.4	+	0	0	250M	4394104	4337455
H	4421	250	98.4	+	0	0	250M	4394104	4419624
H	3798	250	98.4	+	0	0	250M	4394104	1141542
H	1104	250	95.6	+	0	0	250M	4397087	305278
H	204	250	92.4	+	0	0	250M	4397087	845765
H	3058	250	96.0	+	0	0	250M	4397087	2476146
H	1528	250	100.0	+	0	0	250M	4403542	210269
H	2899	250	100.0	+	0	0	250M	4403542	2119418
H	1523	250	100.0	+	0	0	250M	4403542	211593
L	683	250	*	*	*	*	*	518743	*
H	683	250	98.4	+	0	0	250M	4403854	518743
L	2104	250	*	*	*	*	*	114821	*
H	2104	250	98.4	+	0	0	250M	4403854	114821
L	3625	250	*	*	*	*	*	3801267	*
H	3625	250	98.0	+	0	0	250M	4403854	3801267
H	237	250	94.8	+	0	0	250M	4404095	817013
H	1258	250	94.4	+	0	0	250M	4404095	273373
L	4596	250	*	*	*	*	*	4458015	*
H	4596	250	94.4	+	0	0	250M	4404095	4458015
L	4339	250	*	*	*	*	*	4401868	*
H	4339	250	96.4	+	0	0	113M2I31MD104MD	4410244	4401868
L	2736	250	*	*	*	*	*	1803005	*
H	2736	250	90.8	+	0	0	113M2I31MD43MI60M2D	4410244	1803005
L	2850	250	*	*	*	*	*	2035238	*
H	2850	250	90.0	+	0	0	113M2I31MD104MD	4410244	2035238
H	4725	250	94.4	+	0	0	250M	4414420	4480970
L	3523	250	*	*	*	*	*	3550159	*
H	3523	250	92.0	+	0	0	48MI47M2I25MI20MI7MI38MI58M7D	4414420	3550159
H	4098	250	93.6	+	0	0	250M	4414420	4352747
H	117	250	97.2	+	0	0	250M	4414785	961922
H	1472	250	96.4	+	0	0	250M	4414785	235720
H	3222	250	96.4	+	0	0	250M	4414785	1122081
H	2413	250	96.4	+	0	0	250M	4415616	14592
H	2639	250	96.8	+	0	0	250M	4415616	1145943
L	3143	250	*	*	*	*	*	2658175	*
H	3143	250	94.0	+	0	0	250M	4415616	2658175
L	3490	250	*	*	*	*	*	1127789	*
H	3490	250	97.6	+	0	0	250M	4416658	1127789
L	3407	250	*	*	*	*	*	679077	*
H	3407	250	96.0	+	0	0	250M	4416658	679077
L	2069	250	*	*	*	*	*	136053	*
H	2069	250	96.8	+	0	0	250M	4416658	136053
L	1669	250	*	*	*	*	*	189772	*
H	1669	250	97.2	+	0	0	250M	4416988	189772
L	1243	250	*	*	*	*	*	276183	*
H	1243	250	96.0	+	0	0	101MI148MD	4416988	276183
H	2414	250	97.6	+	0	0	250M	4416988	14583
L	564	250	*	*	*	*	*	544824	*
H	564	250	100.0	+	0	0	250M	4418165	544824
L	2250	250	*	*	*	*	*	77675	*
H	2250	250	99.6	+	0	0	250M	4418165	77675
H	1528	250	98.8	+	0	0	250M	4418165	210269
L	214	250	*	*	*	*	*	832772	*
H	214	250	97.6	+	0	0	250M	4419566	832772
H	1731	250	97.6	+	0	0	250M	4419566	185297
L	1821	250	*	*	*	*	*	178891	*
H	1821	250	96.4	+	0	0	210MI39MD	4419566	178891
L	4646	250	*	*	*	*	*	4466720	*
H	4646	250	94.4	+	0	0	222MI27MD	4423885	4466720
L	4592	250	*	*	*	*	*	4457195	*
H	4592	250	90.4	+	0	0	250M	4423885	4457195
H	898	250	97.2	+	0	0	250M	4423978	352468
H	3681	250	97.2	+	0	0	250M	4423978	1126009
H	4200	250	95.2	+	0	0	39M2D7MD8MD184M4I8M	4423978	4373641
L	3455	250	*	*	*	*	*	681370	*
H	3455	250	98.0	+	0	0	111MI138MD	4426298	681370
L	2263	250	*	*	*	*	*	72820	*
H	2263	250	98.0	+	0	0	250M	4426298	72820
H	809	250	97.6	+	0	0	250M	4426298	370225
L	3931	250	*	*	*	*	*	4318406	*
H	3931	250	96.4	+	0	0	250M	4431461	4318406
L	4257	250	*	*	*	*	*	4384063	*
H	4257	250	92.8	+	0	0	250M	4431461	4384063
L	3467	250	*	*	*	*	*	3424623	*
H	3467	250	94.0	+	0	0	250M	4431461	3424623
L	3959	250	*	*	*	*	*	4323865	*
H	3959	250	96.8	+	0	0	250M	4431592	4323865
L	379	250	*	*	*	*	*	584873	*
H	379	250	96.4	+	0	0	250M	4431592	584873
H	2810	250	95.2	+	0	0	250M	4431592	810888
H	453	250	94.0	+	0	0	27MD53MD168M2I	4431828	567972
L	1997	250	*	*	*	*	*	150451	*
H	1997	250	94.0	+	0	0	27MD53MD168M2I	4431828	150451
H	2364	250	94.0	+	0	0	27MD53MD168M2I	4431828	26896
L	489	250	*	*	*	*	*	560064	*
H	489	250	100.0	+	0	0	250M	4431959	560064
L	3970	250	*	*	*	*	*	4326573	*
H	3970	250	94.0	+	0	0	250M	4431959	4326573
H	4722	250	92.8	+	0	0	250M	4431959	4480189
H	424	250	97.6	+	0	0	250M	4433053	573179
H	1461	250	97.6	+	0	0	250M	4433053	237745
H	2385	250	97.6	+	0	0	250M	4433053	17434
H	2776	250	94.4	+	0	0	250M	4433760	794652
L	3751	250	*	*	*	*	*	1136392	*
H	3751	250	94.8	+	0	0	250M	4433760	1136392
L	4477	250	*	*	*	*	*	4431590	*
H	4477	250	94.0	+	0	0	250M	4433760	4431590
H	2515	250	97.6	+	0	0	250M	4434051	8091
H	2514	250	96.8	+	0	0	250M	4434051	8104
L	1473	250	*	*	*	*	*	235630	*
H	1473	250	96.4	+	0	0	250M	4434051	235630
L	4497	250	*	*	*	*	*	4435425	*
H	4497	250	98.0	+	0	0	250M	4435422	4435425
L	4496	250	*	*	*	*	*	4435424	*
H	4496	250	95.6	+	0	0	250M	4435422	4435424
H	2997	250	96.4	+	0	0	250M	4442407	1114718
H	1486	250	95.6	+	0	0	250M	4442407	229434
H	3624	250	96.0	+	0	0	250M	4442407	1115684
N	*	250	*	*	*	*	*	4447514	*
N	*	250	*	*	*	*	*	4454839	*
H	2278	250	100.0	+	0	0	250M	4455242	70057
H	4305	250	100.0	+	0	0	250M	4455242	4393354
H	2290	250	100.0	+	0	0	250M	4455242	66026
L	4019	250	*	*	*	*	*	4337248	*
H	4019	250	95.6	+	0	0	250M	4455298	4337248
L	4393	250	*	*	*	*	*	4413665	*
H	4393	250	92.8	+	0	0	250M	4455298	4413665
L	330	250	*	*	*	*	*	641748	*
H	330	250	91.2	+	0	0	250M	4455298	641748
L	2603	250	*	*	*	*	*	1174	*
H	2603	250	97.2	+	0	0	250M	4456166	1174
L	2602	250	*	*	*	*	*	1199	*
H	2602	250	95.2	+	0	0	250M	4456166	1199
L	3102	250	*	*	*	*	*	2551318	*
H	3102	250	94.8	+	0	0	250M	4456166	2551318
L	4158	250	*	*	*	*	*	4365357	*
H	4158	250	95.6	+	0	0	231MI18MD	4456787	4365357
L	3803	250	*	*	*	*	*	1021130	*
H	3803	250	95.6	+	0	0	231MI18MD	4456787	1021130
H	562	250	98.0	+	0	0	250M	4458861	544868
H	3076	250	98.0	+	0	0	250M	4458861	646051
H	474	250	98.0	+	0	0	250M	4458861	563536
H	1342	250	98.8	+	0	0	25M2I9MI213M3D	4467430	262377
H	3669	250	98.4	+	0	0	25M2I9MI213M3D	4467430	3924713
L	4665	250	*	*	*	*	*	4469924	*
H	4665	250	98.4	+	0	0	25M2I9MI213M3D	4467430	4469924
L	805	250	*	*	*	*	*	372473	*
H	805	250	97.6	+	0	0	250M	4468024	372473
H	3844	250	97.6	+	0	0	250M	4468024	4297918
L	4582	250	*	*	*	*	*	4455895	*
H	4582	250	97.2	+	0	0	132MI117MD	4468024	4455895
L	3604	250	*	*	*	*	*	727220	*
H	3604	250	100.0	+	0	0	250M	4469214	727220
L	4402	250	*	*	*	*	*	4414914	*
H	4402	250	99.2	+	0	0	250M	4469214	4414914
L	4015	250	*	*	*	*	*	4336314	*
H	4015	250	99.6	+	0	0	197MI52MD	4469214	4336314
L	2900	250	*	*	*	*	*	1134197	*
H	2900	250	97.2	+	0	0	30MI127MI91M2D	4473250	1134197
L	1314	250	*	*	*	*	*	265604	*
H	1314	250	94.8	+	0	0	27MI129MI92M2D	4473250	265604
H	1342	250	94.0	+	0	0	27MI130MI91M2D	4473250	262377
H	453	250	96.4	+	0	0	250M	4473883	567972
H	3348	250	96.0	+	0	0	250M	4473883	1059977
H	609	250	96.4	+	0	0	250M	4473883	533277
H	3250	250	98.0	+	0	0	250M	4474582	2922812
H	3640	250	92.8	+	0	0	250M	4474582	1137136
H	1930	250	92.8	+	0	0	250M	4474582	164443
H	4143	250	99.2	+	0	0	250M	4475144	4361518
H	4151	250	99.2	+	0	0	250M	4475144	4364469
H	2192	250	97.2	+	0	0	250M	4475144	100027
H	3254	250	94.0	+	0	0	250M	4477989	2938850
H	3708	250	92.0	+	0	0	250M	4477989	4028751
L	4064	250	*	*	*	*	*	4347834	*
H	4064	250	99.6	+	0	0	250M	4482362	4347834
H	2836	250	94.4	+	0	0	250M	4482362	1108706
H	4041	250	94.4	+	0	0	250M	4482362	4343005
L	4853	250	*	*	*	*	*	4176865	*
H	4853	250	92.0	+	0	0	250M	1107197	4176865
L	4746	250	*	*	*	*	*	1106734	*
H	4746	250	90.0	+	0	0	250M	1107197	1106734
L	4767	250	*	*	*	*	*	548723	*
H	4767	250	90.4	+	0	0	250M	1107197	548723
H	4767	250	95.6	+	0	0	250M	714724	548723
L	4790	250	*	*	*	*	*	109519	*
H	4790	250	94.4	+	0	0	250M	714724	109519
L	4840	250	*	*	*	*	*	737195	*
H	4840	250	94.0	+	0	0	250M	714724	737195
L	4765	250	*	*	*	*	*	551722	*
H	4765	250	95.2	+	0	0	250M	679966	551722
L	4820	250	*	*	*	*	*	633056	*
H	4820	250	90.8	+	0	0	250M	679966	633056
L	4803	250	*	*	*	*	*	47411	*
H	4803	250	90.4	+	0	0	250M	679966	47411
L	4874	250	*	*	*	*	*	4437047	*
H	4874	250	90.8	+	0	0	250M	629776	4437047
H	4820	250	90.8	+	0	0	250M	629776	633056
N	*	250	*	*	*	*	*	557548	*
L	4826	250	*	*	*	*	*	1132808	*
H	4826	250	99.6	+	0	0	250M	241978	1132808
L	4813	250	*	*	*	*	*	953	*
H	4813	250	92.4	+	0	0	250M	241978	953
L	4844	250	*	*	*	*	*	1136152	*
H	4844	250	96.4	+	0	0	250M	142373	1136152
L	4866	250	*	*	*	*	*	4362616	*
H	4866	250	96.0	+	0	0	250M	142373	4362616
L	4807	250	*	*	*	*	*	25116	*
H	4807	250	96.0	+	0	0	250M	142373	25116
N	*	250	*	*	*	*	*	33887	*
L	4830	250	*	*	*	*	*	1135040	*
H	4830	250	96.8	+	0	0	250M	790	1135040
L	4816	250	*	*	*	*	*	804	*
H	4816	250	92.4	+	0	0	6D157MD86M7I	790	804
L	4822	250	*	*	*	*	*	1128360	*
H	4822	250	95.2	+	0	0	250M	329	1128360
L	4824	250	*	*	*	*	*	1137360	*
H	4824	250	94.0	+	0	0	250M	329	1137360
L	4797	250	*	*	*	*	*	101553	*
H	4797	250	96.0	+	0	0	250M	177	101553
L	4818	250	*	*	*	*	*	236	*
H	4818	250	90.8	+	0	0	135MI114MD	177	236
L	4772	250	*	*	*	*	*	369183	*
H	4772	250	90.8	+	0	0	135MI114MD	177	369183
L	4801	250	*	*	*	*	*	47968	*
H	4801	250	94.8	+	0	0	250M	692586	47968
L	4868	250	*	*	*	*	*	4370431	*
H	4868	250	93.6	+	0	0	250M	692586	4370431
L	4863	250	*	*	*	*	*	4358883	*
H	4863	250	91.2	+	0	0	250M	692586	4358883
H	4820	250	92.4	+	0	0	250M	813104	633056
H	4803	250	92.8	+	0	0	250M	813104	47411
H	4874	250	94.0	+	0	0	250M	813104	4437047
H	4801	250	91.6	+	0	0	250M	812297	47968
L	4871	250	*	*	*	*	*	4416518	*
H	4871	250	90.4	+	0	0	250M	812297	4416518
H	4874	250	95.6	+	0	0	250M	3862609	4437047
H	4820	250	95.2	+	0	0	250M	3862609	633056
H	4803	250	91.2	+	0	0	250M	3862609	47411
L	4845	250	*	*	*	*	*	643724	*
H	4845	250	96.4	+	0	0	250M	544733	643724
H	4790	250	95.6	+	0	0	250M	544733	109519
L	4756	250	*	*	*	*	*	686537	*
H	4756	250	94.0	+	0	0	250M	544733	686537
H	4756	250	94.0	+	0	0	250M	4308349	686537
H	4790	250	94.0	+	0	0	250M	4308349	109519
L	4809	250	*	*	*	*	*	18525	*
H	4809	250	91.2	+	0	0	10D240M10I	4308349	18525
L	4769	250	*	*	*	*	*	542454	*
H	4769	250	94.4	+	0	0	250M	4315401	542454
L	4751	250	*	*	*	*	*	798060	*
H	4751	250	99.6	+	0	0	250M	4338133	798060
H	4830	250	97.6	+	0	0	250M	4344999	1135040
H	4816	250	92.8	+	0	0	6D158MD85M7I	4344999	804
L	4860	250	*	*	*	*	*	4338137	*
H	4860	250	90.4	+	0	0	250M	4404369	4338137
H	4746	250	94.4	+	0	0	250M	4463497	1106734
H	4853	250	96.0	+	0	0	250M	4463497	4176865
H	4767	250	95.2	+	0	0	250M	4463497	548723
L	4847	250	*	*	*	*	*	1114397	*
H	4847	250	90.4	+	0	0	250M	4463937	1114397
H	4769	250	92.4	+	0	0	250M	4463937	542454
H	4801	250	91.2	+	0	0	250M	4463937	47968
H	4765	250	92.4	+	0	0	250M	4474546	551722
D	32	2	*	*	*	*	95.2	1082059	*
D	117	6	*	*	*	*	98.3	961922	*
D	141	2	*	*	*	*	90.8	929836	*
D	162	2	*	*	*	*	93.2	903886	*
D	210	2	*	*	*	*	98.4	835771	*
D	217	2	*	*	*	*	95.2	828483	*
D	237	3	*	*	*	*	95.4	817013	*
D	249	2	*	*	*	*	98.0	804867	*
D	272	2	*	*	*	*	98.0	749696	*
D	291	2	*	*	*	*	97.6	719343	*
D	294	2	*	*	*	*	94.0	712047	*
D	315	2	*	*	*	*	98.4	667570	*
D	333	2	*	*	*	*	94.0	626519	*
D	353	2	*	*	*	*	98.4	591907	*
D	413	2	*	*	*	*	95.6	576498	*
D	422	3	*	*	*	*	98.0	573413	*
D	423	2	*	*	*	*	99.2	573338	*
D	434	2	*	*	*	*	97.6	571589	*
D	437	2	*	*	*	*	97.6	570500	*
D	440	3	*	*	*	*	98.0	570232	*
D	447	2	*	*	*	*	94.0	568991	*
D	453	3	*	*	*	*	94.8	567972	*
D	455	2	*	*	*	*	99.6	567725	*
D	466	2	*	*	*	*	99.2	565130	*
D	474	2	*	*	*	*	98.0	563536	*
D	489	2	*	*	*	*	100.0	560064	*
D	490	2	*	*	*	*	96.4	560027	*
D	502	4	*	*	*	*	95.5	558567	*
D	504	2	*	*	*	*	95.2	557875	*
D	518	2	*	*	*	*	91.6	555445	*
D	522	2	*	*	*	*	95.6	554499	*
D	542	2	*	*	*	*	98.0	550712	*
D	545	2	*	*	*	*	96.8	550415	*
D	548	2	*	*	*	*	94.0	549640	*
D	556	2	*	*	*	*	99.6	547806	*
D	562	2	*	*	*	*	95.2	544868	*
D	564	2	*	*	*	*	100.0	544824	*
D	574	2	*	*	*	*	98.8	541894	*
D	576	2	*	*	*	*	93.6	540623	*
D	594	2	*	*	*	*	97.2	535932	*
D	609	3	*	*	*	*	96.6	533277	*
D	714	2	*	*	*	*	92.8	513513	*
D	726	2	*	*	*	*	99.2	510204	*
D	742	2	*	*	*	*	99.6	471412	*
D	743	2	*	*	*	*	92.8	469663	*
D	763	2	*	*	*	*	92.8	430191	*
D	767	3	*	*	*	*	97.2	423025	*
D	773	2	*	*	*	*	100.0	411486	*
D	774	2	*	*	*	*	100.0	410549	*
D	788	3	*	*	*	*	94.4	391286	*
D	809	2	*	*	*	*	97.6	370225	*
D	861	2	*	*	*	*	94.4	360440	*
D	880	2	*	*	*	*	93.6	356144	*
D	886	2	*	*	*	*	99.2	354839	*
D	898	2	*	*	*	*	97.6	352468	*
D	947	2	*	*	*	*	99.6	343239	*
D	1015	2	*	*	*	*	98.8	328035	*
D	1016	2	*	*	*	*	98.0	327895	*
D	1020	2	*	*	*	*	97.6	326054	*
D	1085	2	*	*	*	*	99.6	308598	*
D	1094	2	*	*	*	*	98.8	307666	*
D	1104	2	*	*	*	*	98.0	305278	*
D	1222	2	*	*	*	*	98.4	284672	*
D	1249	2	*	*	*	*	99.6	274900	*
D	1258	2	*	*	*	*	94.4	273373	*
D	1265	2	*	*	*	*	94.8	272031	*
D	1306	2	*	*	*	*	98.8	267323	*
D	1312	2	*	*	*	*	97.6	266579	*
D	1321	2	*	*	*	*	95.6	264269	*
D	1342	3	*	*	*	*	99.0	262377	*
D	1415	2	*	*	*	*	95.2	247727	*
D	1437	2	*	*	*	*	98.8	242098	*
D	1439	2	*	*	*	*	94.4	241971	*
D	1445	2	*	*	*	*	97.2	240661	*
D	1461	2	*	*	*	*	98.0	237745	*
D	1468	2	*	*	*	*	99.2	236778	*
D	1510	2	*	*	*	*	94.4	218095	*
D	1513	2	*	*	*	*	100.0	217386	*
D	1523	4	*	*	*	*	98.7	211593	*
D	1542	2	*	*	*	*	94.8	203166	*
D	1609	2	*	*	*	*	91.2	194780	*
D	1664	2	*	*	*	*	97.6	190032	*
D	1705	2	*	*	*	*	94.0	186703	*
D	1714	2	*	*	*	*	92.8	186275	*
D	1731	2	*	*	*	*	97.6	185297	*
D	1867	3	*	*	*	*	98.8	175108	*
D	1906	2	*	*	*	*	98.8	169538	*
D	1930	3	*	*	*	*	99.0	164443	*
D	1931	2	*	*	*	*	94.4	163775	*
D	1936	2	*	*	*	*	98.0	162150	*
D	1975	2	*	*	*	*	96.4	156357	*
D	1988	2	*	*	*	*	96.8	152001	*
D	2002	2	*	*	*	*	94.4	149895	*
D	2011	2	*	*	*	*	93.6	146917	*
D	2022	2	*	*	*	*	97.2	143784	*
D	2050	2	*	*	*	*	97.6	138840	*
D	2054	2	*	*	*	*	94.8	138056	*
D	2104	2	*	*	*	*	98.4	114821	*
D	2105	2	*	*	*	*	98.8	114573	*
D	2137	2	*	*	*	*	96.4	107976	*
D	2138	2	*	*	*	*	95.2	107854	*
D	2150	2	*	*	*	*	93.6	106464	*
D	2153	2	*	*	*	*	98.8	106310	*
D	2169	2	*	*	*	*	98.4	104045	*
D	2176	2	*	*	*	*	98.8	102222	*
D	2183	2	*	*	*	*	96.4	101788	*
D	2192	2	*	*	*	*	99.6	100027	*
D	2195	2	*	*	*	*	93.2	99452	*
D	2197	2	*	*	*	*	96.8	99436	*
D	2249	2	*	*	*	*	96.8	79540	*
D	2263	2	*	*	*	*	98.0	72820	*
D	2264	2	*	*	*	*	98.8	72643	*
D	2289	2	*	*	*	*	99.2	67228	*
D	2290	2	*	*	*	*	100.0	66026	*
D	2313	3	*	*	*	*	93.4	53642	*
D	2314	2	*	*	*	*	98.4	53467	*
D	2316	2	*	*	*	*	98.4	51778	*
D	2324	2	*	*	*	*	96.4	49524	*
D	2326	2	*	*	*	*	97.6	48874	*
D	2350	2	*	*	*	*	90.8	34507	*
D	2353	3	*	*	*	*	96.4	31319	*
D	2362	2	*	*	*	*	97.2	27188	*
D	2364	2	*	*	*	*	94.0	26896	*
D	2365	2	*	*	*	*	96.8	26799	*
D	2375	2	*	*	*	*	95.6	23566	*
D	2385	2	*	*	*	*	97.6	17434	*
D	2389	2	*	*	*	*	93.6	16144	*
D	2395	2	*	*	*	*	98.4	16054	*
D	2399	2	*	*	*	*	97.2	15785	*
D	2408	2	*	*	*	*	100.0	15025	*
D	2411	2	*	*	*	*	97.6	14615	*
D	2413	2	*	*	*	*	98.0	14592	*
D	2414	2	*	*	*	*	97.6	14583	*
D	2417	2	*	*	*	*	98.4	14500	*
D	2420	2	*	*	*	*	92.8	14348	*
D	2422	2	*	*	*	*	96.4	14302	*
D	2448	2	*	*	*	*	98.0	12702	*
D	2451	2	*	*	*	*	98.0	12520	*
D	2460	2	*	*	*	*	98.8	12133	*
D	2474	2	*	*	*	*	98.4	10945	*
D	2477	2	*	*	*	*	95.6	10829	*
D	2482	2	*	*	*	*	92.0	10486	*
D	2486	2	*	*	*	*	99.6	10180	*
D	2496	2	*	*	*	*	95.2	9504	*
D	2500	2	*	*	*	*	97.6	9252	*
D	2513	3	*	*	*	*	96.2	8105	*
D	2514	2	*	*	*	*	96.8	8104	*
D	2515	2	*	*	*	*	97.6	8091	*
D	2516	2	*	*	*	*	93.2	8035	*
D	2520	2	*	*	*	*	94.4	8001	*
D	2540	2	*	*	*	*	100.0	7316	*
D	2544	2	*	*	*	*	92.8	6648	*
D	2559	2	*	*	*	*	95.6	5263	*
D	2560	2	*	*	*	*	95.2	5066	*
D	2585	2	*	*	*	*	92.8	3307	*
D	2603	2	*	*	*	*	97.2	1174	*
D	2639	3	*	*	*	*	97.0	1145943	*
D	2658	2	*	*	*	*	98.4	623190	*
D	2670	2	*	*	*	*	96.0	1137409	*
D	2675	2	*	*	*	*	92.0	1679577	*
D	2683	2	*	*	*	*	99.2	1115140	*
D	2699	2	*	*	*	*	93.2	1133935	*
D	2702	2	*	*	*	*	91.6	1730876	*
D	2724	2	*	*	*	*	97.6	1134626	*
D	2734	2	*	*	*	*	90.4	1801170	*
D	2744	2	*	*	*	*	94.4	1129461	*
D	2769	2	*	*	*	*	96.4	709363	*
D	2816	2	*	*	*	*	96.4	1125228	*
D	2818	2	*	*	*	*	96.8	1954303	*
D	2819	3	*	*	*	*	97.8	952003	*
D	2846	2	*	*	*	*	99.2	2027409	*
D	2888	2	*	*	*	*	97.6	838434	*
D	2900	2	*	*	*	*	97.2	1134197	*
D	2928	4	*	*	*	*	96.9	1121753	*
D	2942	2	*	*	*	*	90.4	1118561	*
D	2959	2	*	*	*	*	95.6	1124905	*
D	2973	2	*	*	*	*	98.8	2291414	*
D	2992	2	*	*	*	*	96.4	1143602	*
D	2997	4	*	*	*	*	96.1	1114718	*
D	3006	2	*	*	*	*	98.8	648540	*
D	3029	2	*	*	*	*	98.0	1112913	*
D	3051	2	*	*	*	*	97.2	2461583	*
D	3058	2	*	*	*	*	96.0	2476146	*
D	3059	2	*	*	*	*	95.6	1144726	*
D	3076	3	*	*	*	*	98.8	646051	*
D	3110	2	*	*	*	*	98.4	810000	*
D	3118	2	*	*	*	*	94.0	1144223	*
D	3150	2	*	*	*	*	94.8	2675752	*
D	3160	2	*	*	*	*	94.4	1141541	*
D	3177	2	*	*	*	*	92.4	2730944	*
D	3188	2	*	*	*	*	92.8	625693	*
D	3196	2	*	*	*	*	98.0	919466	*
D	3219	2	*	*	*	*	97.2	752554	*
D	3222	2	*	*	*	*	97.6	1122081	*
D	3229	2	*	*	*	*	92.0	326714	*
D	3250	2	*	*	*	*	98.0	2922812	*
D	3254	2	*	*	*	*	94.0	2938850	*
D	3260	3	*	*	*	*	95.2	1123147	*
D	3303	3	*	*	*	*	97.4	3055791	*
D	3330	2	*	*	*	*	98.8	933356	*
D	3337	2	*	*	*	*	98.0	1136763	*
D	3344	2	*	*	*	*	98.0	1131768	*
D	3358	3	*	*	*	*	97.4	3200278	*
D	3373	2	*	*	*	*	93.6	3225199	*
D	3390	2	*	*	*	*	97.2	998869	*
D	3408	2	*	*	*	*	95.6	1122610	*
D	3410	2	*	*	*	*	93.2	3312521	*
D	3419	2	*	*	*	*	98.0	1131597	*
D	3438	2	*	*	*	*	100.0	761592	*
D	3440	2	*	*	*	*	96.4	3363021	*
D	3444	2	*	*	*	*	97.6	1135946	*
D	3465	2	*	*	*	*	98.4	1140356	*
D	3490	2	*	*	*	*	97.6	1127789	*
D	3537	2	*	*	*	*	95.6	1143368	*
D	3540	2	*	*	*	*	90.8	3587343	*
D	3546	2	*	*	*	*	99.2	821185	*
D	3558	3	*	*	*	*	95.6	705241	*
D	3600	2	*	*	*	*	93.2	698296	*
D	3604	2	*	*	*	*	100.0	727220	*
D	3611	2	*	*	*	*	92.4	1142026	*
D	3612	2	*	*	*	*	99.6	3761170	*
D	3681	2	*	*	*	*	97.2	1126009	*
D	3692	4	*	*	*	*	96.8	784643	*
D	3708	2	*	*	*	*	94.8	4028751	*
D	3709	3	*	*	*	*	99.2	4041568	*
D	3727	3	*	*	*	*	97.4	1143479	*
D	3745	2	*	*	*	*	99.6	1105883	*
D	3751	2	*	*	*	*	94.8	1136392	*
D	3752	3	*	*	*	*	96.4	1121107	*
D	3762	2	*	*	*	*	99.6	1123994	*
D	3798	2	*	*	*	*	98.4	1141542	*
D	3803	2	*	*	*	*	95.6	1021130	*
D	3817	2	*	*	*	*	99.6	4270835	*
D	3835	2	*	*	*	*	98.8	4296080	*
D	3844	2	*	*	*	*	97.6	4297918	*
D	3861	3	*	*	*	*	96.8	4302223	*
D	3879	3	*	*	*	*	97.4	4305519	*
D	3905	2	*	*	*	*	95.2	4311005	*
D	3930	2	*	*	*	*	94.8	4318352	*
D	3931	2	*	*	*	*	96.4	4318406	*
D	3959	2	*	*	*	*	96.8	4323865	*
D	3960	3	*	*	*	*	98.6	4323871	*
D	3964	2	*	*	*	*	97.6	4324649	*
D	4019	2	*	*	*	*	95.6	4337248	*
D	4020	2	*	*	*	*	98.4	4337455	*
D	4029	2	*	*	*	*	94.4	4339348	*
D	4038	2	*	*	*	*	93.2	4341712	*
D	4064	2	*	*	*	*	99.6	4347834	*
D	4098	2	*	*	*	*	95.6	4352747	*
D	4105	2	*	*	*	*	93.6	4354266	*
D	4115	2	*	*	*	*	98.8	4356465	*
D	4132	2	*	*	*	*	99.6	4360273	*
D	4143	2	*	*	*	*	98.0	4361518	*
D	4151	2	*	*	*	*	99.2	4364469	*
D	4153	2	*	*	*	*	98.8	4365006	*
D	4170	2	*	*	*	*	92.4	4367260	*
D	4188	3	*	*	*	*	95.2	4371645	*
D	4193	2	*	*	*	*	97.6	4372372	*
D	4199	2	*	*	*	*	92.0	4372695	*
D	4201	2	*	*	*	*	98.0	4373910	*
D	4227	2	*	*	*	*	96.4	4378410	*
D	4233	3	*	*	*	*	96.8	4379731	*
D	4243	2	*	*	*	*	98.4	4381192	*
D	4280	2	*	*	*	*	96.8	4388952	*
D	4283	2	*	*	*	*	96.0	4389142	*
D	4300	2	*	*	*	*	90.4	4392252	*
D	4305	3	*	*	*	*	98.4	4393354	*
D	4312	2	*	*	*	*	95.2	4394966	*
D	4339	2	*	*	*	*	96.4	4401868	*
D	4366	2	*	*	*	*	92.0	4407974	*
D	4384	2	*	*	*	*	98.8	4411366	*
D	4420	3	*	*	*	*	96.4	4419561	*
D	4421	2	*	*	*	*	98.4	4419624	*
D	4428	2	*	*	*	*	98.0	4422114	*
D	4448	2	*	*	*	*	99.6	4426296	*
D	4459	2	*	*	*	*	96.4	4427434	*
D	4472	3	*	*	*	*	98.6	4430475	*
D	4481	2	*	*	*	*	96.8	4432439	*
D	4495	2	*	*	*	*	99.6	4435279	*
D	4497	2	*	*	*	*	98.0	4435425	*
D	4501	2	*	*	*	*	95.6	4435984	*
D	4530	2	*	*	*	*	96.8	4443004	*
D	4547	2	*	*	*	*	91.6	4449321	*
D	4609	2	*	*	*	*	98.0	4460024	*
D	4621	2	*	*	*	*	92.8	4462654	*
D	4646	2	*	*	*	*	94.4	4466720	*
D	4656	2	*	*	*	*	95.6	4467983	*
D	4664	2	*	*	*	*	92.8	4469781	*
D	4713	2	*	*	*	*	93.2	4478591	*
D	4717	2	*	*	*	*	96.4	4479467	*
D	4725	3	*	*	*	*	95.0	4480970	*
D	4745	2	*	*	*	*	99.2	4484389	*
D	4751	2	*	*	*	*	99.6	798060	*
D	4765	3	*	*	*	*	93.8	551722	*
D	4767	2	*	*	*	*	95.6	548723	*
D	4769	3	*	*	*	*	93.4	542454	*
D	4790	2	*	*	*	*	94.0	109519	*
D	4797	2	*	*	*	*	96.0	101553	*
D	4801	3	*	*	*	*	93.2	47968	*
D	4820	2	*	*	*	*	90.8	633056	*
D	4822	2	*	*	*	*	95.2	1128360	*
D	4826	2	*	*	*	*	99.6	1132808	*
D	4830	3	*	*	*	*	97.2	1135040	*
D	4844	2	*	*	*	*	96.4	1136152	*
D	4845	2	*	*	*	*	96.4	643724	*
D	4853	3	*	*	*	*	94.0	4176865	*
D	4860	2	*	*	*	*	90.4	4338137	*
D	4874	3	*	*	*	*	94.8	4437047	*
