UclustConsensusTaxonAssigner parameters:
id_to_taxonomy_filepath:/home/nbokulic/ref_seq_dbs/its_12_11_otus/taxonomy/97_otu_taxonomy.txt
id_to_taxonomy_fp:/home/nbokulic/ref_seq_dbs/its_12_11_otus/taxonomy/97_otu_taxonomy.txt
max_accepts:5
min_consensus_fraction:0.75
reference_sequences_fp:/home/nbokulic/ref_seq_dbs/its_12_11_otus/rep_set/97_otus.fasta
similarity:0.97
unassignable_label:Unassigned
Result path: "/scratch/assign-taxGdyqxXQlLQi5byXfI7rB.txt"

.uc file contents:

# uclust --input /home/nbokulic/bewolf/psrotot/SAG/rep_set.fna --id 0.97 --rev --maxaccepts 5 --allhits --libonly --lib /home/nbokulic/ref_seq_dbs/its_12_11_otus/rep_set/97_otus.fasta --uc /scratch/UclustConsensusTaxonAssigner_dIDK04.uc
# version=1.2.22
# Tab-separated fields:
# 1=Type, 2=ClusterNr, 3=SeqLength or ClusterSize, 4=PctId, 5=Strand, 6=QueryStart, 7=SeedStart, 8=Alignment, 9=QueryLabel, 10=TargetLabel
# Record types (field 1): L=LibSeed, S=NewSeed, H=Hit, R=Reject, D=LibCluster, C=NewCluster, N=NoHit
# For C and D types, PctId is average id with seed.
# QueryStart and SeedStart are zero-based relative to start of sequence.
# If minus strand, SeedStart is relative to reverse-complemented seed.
L	9213	476	*	*	*	*	*	DQ683006	*
H	9213	101	100.0	+	0	0	11I101M364I	AB236002 Mock.3_69	DQ683006
L	51504	539	*	*	*	*	*	AB236002	*
H	51504	101	100.0	+	0	0	111I101M327I	AB236002 Mock.3_69	AB236002
L	45601	530	*	*	*	*	*	AF157596	*
H	45601	101	97.0	+	0	0	118I101M311I	AF157596 Mock.3_11595	AF157596
L	25657	540	*	*	*	*	*	HQ611293	*
H	25657	86	98.8	+	0	0	12I86M442I	AM410602 Mock.3_1088	HQ611293
L	49018	582	*	*	*	*	*	GQ219865	*
H	49018	86	98.8	+	0	0	22I86M474I	AM410602 Mock.3_1088	GQ219865
L	48901	705	*	*	*	*	*	JF735312	*
H	48901	86	97.7	+	0	0	143I58MI28M475I	AM410602 Mock.3_1088	JF735312
L	6254	583	*	*	*	*	*	GU721833	*
H	6254	86	100.0	+	0	0	22I86M475I	AM410602 Mock.3_1088	GU721833
L	25513	276	*	*	*	*	*	FJ760777	*
H	25513	86	98.8	+	0	0	25I86M165I	AM410602 Mock.3_1088	FJ760777
L	48195	1221	*	*	*	*	*	AF459729	*
H	48195	85	100.0	+	0	0	8I85M1128I	DQ267827 Mock.3_15114	AF459729
L	17721	586	*	*	*	*	*	JQ889710	*
H	17721	85	100.0	+	0	0	9I85M492I	DQ267827 Mock.3_15114	JQ889710
L	20142	822	*	*	*	*	*	JQ247368	*
H	20142	85	100.0	+	0	0	87I85M650I	DQ267827 Mock.3_15114	JQ247368
L	16219	572	*	*	*	*	*	GU934594	*
H	16219	85	100.0	+	0	0	22I85M465I	DQ267827 Mock.3_15114	GU934594
L	37641	626	*	*	*	*	*	JF439501	*
H	37641	85	100.0	+	0	0	22I85M519I	DQ267827 Mock.3_15114	JF439501
L	29538	603	*	*	*	*	*	DQ674351	*
H	29538	101	99.0	+	0	0	94I6M7I95M401I	DQ674351 Mock.2_37777	DQ674351
L	45309	674	*	*	*	*	*	JF715197	*
H	45309	101	98.0	+	0	0	189I101M384I	DQ674351 Mock.2_37777	JF715197
L	34170	704	*	*	*	*	*	FM177662	*
H	34170	101	97.0	+	0	0	177I101M426I	DQ674351 Mock.2_37777	FM177662
L	34171	700	*	*	*	*	*	FM177661	*
H	34171	101	97.0	+	0	0	176I101M423I	DQ674351 Mock.2_37777	FM177661
L	49327	673	*	*	*	*	*	JF720033	*
H	49327	91	97.8	+	0	0	22I91M560I	DQ681373 Mock.3_77472	JF720033
L	16217	644	*	*	*	*	*	EF198011	*
H	16217	91	98.9	+	0	0	91M553I	DQ681373 Mock.3_77472	EF198011
L	26992	2991	*	*	*	*	*	GQ458025	*
H	26992	91	97.8	+	0	0	1736I91M1164I	DQ681373 Mock.3_77472	GQ458025
L	17730	674	*	*	*	*	*	EF190222	*
H	17730	91	97.8	+	0	0	15I91M568I	DQ681373 Mock.3_77472	EF190222
L	26065	637	*	*	*	*	*	DQ681373	*
H	26065	91	98.9	+	0	0	12I91M534I	DQ681373 Mock.3_77472	DQ681373
L	10962	677	*	*	*	*	*	DQ683114	*
H	10962	101	97.0	+	0	0	314I101M262I	DQ683114 Mock.2_49	DQ683114
L	20892	462	*	*	*	*	*	FN562058	*
H	20892	101	100.0	+	0	0	146I101M215I	DQ980578 Mock.3_103337	FN562058
L	42773	345	*	*	*	*	*	DQ980578	*
H	42773	101	100.0	+	0	0	101I101M143I	DQ980578 Mock.3_103337	DQ980578
L	39096	580	*	*	*	*	*	EU016677	*
H	39096	101	97.0	+	0	0	9I84M2D15M472I	DQ980578 Mock.3_103337	EU016677
L	17256	1534	*	*	*	*	*	EU552132	*
H	17256	101	97.0	+	0	0	100I83MD17M1334I	DQ980578 Mock.3_103337	EU552132
L	25941	620	*	*	*	*	*	HQ630976	*
H	25941	101	98.0	+	0	0	57I84MD16M463I	DQ980578 Mock.3_103337	HQ630976
L	50376	435	*	*	*	*	*	EF199746	*
H	50376	101	99.0	+	0	0	12I101M322I	EF199746 Mock.3_6	EF199746
L	14887	586	*	*	*	*	*	HQ631036	*
H	14887	101	97.0	+	0	0	23I83MD17M463I	EU490021 Mock.1_17056	HQ631036
L	50769	1991	*	*	*	*	*	EF397557	*
H	50769	101	99.0	+	0	0	1744I85MD15M147I	EU490021 Mock.1_17056	EF397557
H	39096	101	98.0	+	0	0	9I85M2D14M472I	EU490021 Mock.1_17056	EU016677
L	1822	1460	*	*	*	*	*	AF310977	*
H	1822	101	99.0	+	0	0	315I83MD17M1045I	EU490021 Mock.1_17056	AF310977
L	4131	680	*	*	*	*	*	JN859419	*
H	4131	101	97.0	+	0	0	118I85MD15M462I	EU490021 Mock.1_17056	JN859419
L	17521	716	*	*	*	*	*	FN548146	*
H	17521	94	97.9	+	0	0	111I94M511I	EU551202 Mock.3_1364	FN548146
L	28913	2976	*	*	*	*	*	FJ430766	*
H	28913	94	97.9	+	0	0	1774I94M1108I	EU551202 Mock.3_1364	FJ430766
L	14063	632	*	*	*	*	*	DQ249212	*
H	14063	94	97.9	+	0	0	26I94M512I	EU551202 Mock.3_1364	DQ249212
L	23096	573	*	*	*	*	*	EU551202	*
H	23096	94	100.0	+	0	0	9I94M470I	EU551202 Mock.3_1364	EU551202
H	20142	94	97.9	+	0	0	87I94M641I	EU551202 Mock.3_1364	JQ247368
L	35437	578	*	*	*	*	*	FJ196614	*
H	35437	82	97.6	+	0	0	9I63MI19M486I	FJ196614 Mock.1_25367	FJ196614
L	11164	601	*	*	*	*	*	FJ008997	*
H	11164	101	98.0	+	0	0	24I101M476I	FJ430772 Mock.1_20387	FJ008997
L	1914	2305	*	*	*	*	*	FJ430772	*
H	1914	101	99.0	+	0	0	1762I101M442I	FJ430772 Mock.1_20387	FJ430772
L	21708	537	*	*	*	*	*	GQ999151	*
H	21708	101	98.0	+	0	0	5I88MI13M430I	FJ430772 Mock.1_20387	GQ999151
L	37948	699	*	*	*	*	*	HM069350	*
H	37948	101	97.0	+	0	0	115I89MI12M482I	FJ430772 Mock.1_20387	HM069350
L	22440	631	*	*	*	*	*	GQ120969	*
H	22440	101	98.0	+	0	0	24I88MI13M505I	FJ430772 Mock.1_20387	GQ120969
L	12555	339	*	*	*	*	*	FN562029	*
H	12555	82	100.0	+	0	0	21I82M236I	FJ466715 Mock.2_4938	FN562029
L	27640	272	*	*	*	*	*	GQ524284	*
H	27640	82	100.0	+	0	0	22I82M168I	FJ466715 Mock.2_4938	GQ524284
L	27864	583	*	*	*	*	*	HM162228	*
H	27864	82	100.0	+	0	0	22I82M479I	FJ466715 Mock.2_4938	HM162228
L	48800	561	*	*	*	*	*	EU330629	*
H	48800	82	100.0	+	0	0	31I82M448I	FJ466715 Mock.2_4938	EU330629
H	48901	82	100.0	+	0	0	143I58MI24M479I	FJ466715 Mock.2_4938	JF735312
L	13185	618	*	*	*	*	*	FJ440880	*
H	13185	101	98.0	+	0	0	17I90MI11M499I	FJ552897 Mock.3_14077	FJ440880
L	39791	630	*	*	*	*	*	GQ851807	*
H	39791	101	97.0	+	0	0	5I90MI11M523I	FJ552897 Mock.3_14077	GQ851807
L	47460	633	*	*	*	*	*	GQ999201	*
H	47460	101	98.0	+	0	0	5I91MI10M526I	FJ552897 Mock.3_14077	GQ999201
L	36632	583	*	*	*	*	*	FR799499	*
H	36632	101	98.0	+	0	0	24I91MI10M457I	FJ552897 Mock.3_14077	FR799499
L	9983	615	*	*	*	*	*	GU566196	*
H	9983	101	98.0	+	0	0	22I90MI11M491I	FJ552897 Mock.3_14077	GU566196
L	16560	1586	*	*	*	*	*	HM534897	*
H	16560	79	98.7	+	0	0	123I79M1384I	FJ553653 Mock.3_79206	HM534897
L	31861	277	*	*	*	*	*	FJ779858	*
H	31861	79	98.7	+	0	0	22I79M176I	FJ553653 Mock.3_79206	FJ779858
L	40939	425	*	*	*	*	*	GQ866206	*
H	40939	79	98.7	+	0	0	143I79M203I	FJ553653 Mock.3_79206	GQ866206
L	51335	564	*	*	*	*	*	JF262912	*
H	51335	79	98.7	+	0	0	9I79M476I	FJ553653 Mock.3_79206	JF262912
L	10002	600	*	*	*	*	*	FN397224	*
H	10002	79	98.7	+	0	0	22I68MI11M498I	FJ553653 Mock.3_79206	FN397224
L	12561	526	*	*	*	*	*	FN562027	*
H	12561	85	97.6	+	0	0	21I85M420I	FJ760777 Mock.3_148090	FN562027
L	50082	267	*	*	*	*	*	JN905480	*
H	50082	89	98.9	+	0	0	22I89M156I	FJ760911 Mock.3_25039	JN905480
L	16249	704	*	*	*	*	*	JF735342	*
H	16249	83	100.0	+	0	0	143I69MI14M477I	FJ777353 Mock.1_1325	JF735342
L	52400	668	*	*	*	*	*	JN859422	*
H	52400	83	100.0	+	0	0	106I69MI14M478I	FJ777353 Mock.1_1325	JN859422
H	4131	83	100.0	+	0	0	118I69MI14M478I	FJ777353 Mock.1_1325	JN859419
L	4134	667	*	*	*	*	*	JN859417	*
H	4134	83	100.0	+	0	0	104I69MI14M479I	FJ777353 Mock.1_1325	JN859417
L	35981	797	*	*	*	*	*	JQ247346	*
H	35981	83	100.0	+	0	0	91I69MI14M622I	FJ777353 Mock.1_1325	JQ247346
H	34171	101	100.0	+	0	0	176I101M423I	FM177661 Mock.1_3223	FM177661
H	34170	101	100.0	+	0	0	177I101M426I	FM177661 Mock.1_3223	FM177662
H	45309	101	99.0	+	0	0	189I101M384I	FM177661 Mock.1_3223	JF715197
H	50082	101	99.0	+	0	0	22I101M144I	FN562059 Mock.3_65061	JN905480
L	19843	705	*	*	*	*	*	AM410602	*
H	19843	101	99.0	+	0	0	137I101M467I	FN562059 Mock.3_65061	AM410602
L	28830	297	*	*	*	*	*	FN562059	*
H	28830	101	100.0	+	0	0	21I101M175I	FN562059 Mock.3_65061	FN562059
L	34801	555	*	*	*	*	*	HM216212	*
H	34801	101	97.0	+	0	0	7I84M2D15M449I	FN562059 Mock.3_65061	HM216212
L	13383	270	*	*	*	*	*	JF933755	*
H	13383	101	98.0	+	0	0	25I86MD14M145I	FN562059 Mock.3_65061	JF933755
L	44502	618	*	*	*	*	*	HM069479	*
H	44502	101	97.0	+	0	0	178I89MI12M338I	FR799498 Mock.1_11398	HM069479
H	36632	101	98.0	+	0	0	24I87MI14M457I	FR799498 Mock.1_11398	FR799499
L	26121	642	*	*	*	*	*	GQ851780	*
H	26121	101	97.0	+	0	0	5I89MI12M535I	FR799498 Mock.1_11398	GQ851780
H	17721	101	97.0	+	0	0	9I89MI12M475I	FR799498 Mock.1_11398	JQ889710
L	34675	719	*	*	*	*	*	DQ267827	*
H	34675	101	97.0	+	0	0	127I89MI12M490I	FR799498 Mock.1_11398	DQ267827
L	6296	580	*	*	*	*	*	JQ863224	*
H	6296	86	97.7	+	0	0	10I86M484I	FR799499 Mock.1_101835	JQ863224
L	26990	2917	*	*	*	*	*	GQ458026	*
H	26990	86	98.8	+	0	0	1716I86M1115I	FR799499 Mock.1_101835	GQ458026
H	37948	86	98.8	+	0	0	115I86M498I	FR799499 Mock.1_101835	HM069350
L	23841	629	*	*	*	*	*	HQ631040	*
H	23841	86	98.8	+	0	0	23I86M520I	FR799499 Mock.1_101835	HQ631040
L	14523	618	*	*	*	*	*	HM240051	*
H	14523	86	97.7	+	0	0	22I86M510I	FR799499 Mock.1_101835	HM240051
L	41107	552	*	*	*	*	*	HQ649866	*
H	41107	101	99.0	+	0	0	101M451I	GQ229082 Mock.2_477	HQ649866
L	37038	914	*	*	*	*	*	GQ229082	*
H	37038	101	100.0	+	0	0	133I101M680I	GQ229082 Mock.2_477	GQ229082
L	50713	928	*	*	*	*	*	GU797140	*
H	50713	101	98.0	+	0	0	110I101M717I	GQ229082 Mock.2_477	GU797140
L	27753	739	*	*	*	*	*	FM177676	*
H	27753	101	98.0	+	0	0	176I101M462I	GQ229082 Mock.2_477	FM177676
L	36625	578	*	*	*	*	*	FR799494	*
H	36625	101	98.0	+	0	0	24I101M453I	GQ229082 Mock.2_477	FR799494
L	20885	743	*	*	*	*	*	GQ376077	*
H	20885	101	100.0	+	0	0	8I101M634I	GQ376077 Mock.3_9	GQ376077
L	47279	1313	*	*	*	*	*	HQ396523	*
H	47279	101	97.0	+	0	0	8I80MI21M1203I	GQ376077 Mock.3_9	HQ396523
L	11483	894	*	*	*	*	*	FM177658	*
H	11483	101	97.0	+	0	0	176I80MI21M616I	GQ376077 Mock.3_9	FM177658
N	*	86	*	*	*	*	*	GQ379907 Mock.1_15015	*
L	15005	573	*	*	*	*	*	FJ528716	*
H	15005	80	100.0	+	0	0	80M493I	GQ458026 Mock.2_14347	FJ528716
L	31481	617	*	*	*	*	*	DQ132818	*
H	31481	80	98.8	+	0	0	61I80M476I	GQ458026 Mock.2_14347	DQ132818
L	24247	571	*	*	*	*	*	GU187837	*
H	24247	80	100.0	+	0	0	80M491I	GQ458026 Mock.2_14347	GU187837
L	24340	760	*	*	*	*	*	JN617699	*
H	24340	80	98.8	+	0	0	50I60MI20M629I	GQ458026 Mock.2_14347	JN617699
H	6296	80	98.8	+	0	0	10I80M490I	GQ458026 Mock.2_14347	JQ863224
H	20142	81	98.8	+	0	0	87I81M654I	GQ851780 Mock.2_10125	JQ247368
H	36632	81	98.8	+	0	0	24I81M478I	GQ851780 Mock.2_10125	FR799499
H	6296	81	97.5	+	0	0	10I81M489I	GQ851780 Mock.2_10125	JQ863224
H	23096	81	98.8	+	0	0	9I81M483I	GQ851780 Mock.2_10125	EU551202
L	10418	2713	*	*	*	*	*	AB293968	*
H	10418	81	98.8	+	0	0	1539I81M1093I	GQ851780 Mock.2_10125	AB293968
H	47460	101	99.0	+	0	0	5I91MI10M526I	GQ999201 Mock.2_21	GQ999201
H	26990	101	99.0	+	0	0	1716I91MI10M1099I	GQ999201 Mock.2_21	GQ458026
H	28913	101	99.0	+	0	0	1774I91MI10M1100I	GQ999201 Mock.2_21	FJ430766
H	20142	101	99.0	+	0	0	87I91MI10M633I	GQ999201 Mock.2_21	JQ247368
H	22440	101	99.0	+	0	0	24I91MI10M505I	GQ999201 Mock.2_21	GQ120969
L	14278	632	*	*	*	*	*	GU054037	*
H	14278	101	99.0	+	0	0	5I101M526I	GU054037 Mock.3_56	GU054037
L	10375	655	*	*	*	*	*	EU436681	*
H	10375	101	97.0	+	0	0	10I101M544I	GU054037 Mock.3_56	EU436681
N	*	79	*	*	*	*	*	GU187850 Mock.3_31596	*
L	26437	255	*	*	*	*	*	FJ808027	*
H	26437	80	98.8	+	0	0	22I80M153I	GU187857 Mock.1_120194	FJ808027
L	37414	682	*	*	*	*	*	JF735259	*
H	37414	80	98.8	+	0	0	103I80M499I	GU187857 Mock.1_120194	JF735259
L	44233	589	*	*	*	*	*	GU187857	*
H	44233	80	100.0	+	0	0	71MI9M508I	GU187857 Mock.1_120194	GU187857
L	35098	442	*	*	*	*	*	FJ440915	*
H	35098	80	98.8	+	0	0	17I80M345I	GU187857 Mock.1_120194	FJ440915
L	49981	1165	*	*	*	*	*	GU174380	*
H	49981	80	98.8	+	0	0	22I80M1063I	GU187857 Mock.1_120194	GU174380
L	33450	602	*	*	*	*	*	GU187864	*
H	33450	101	97.0	+	0	0	101M501I	GU187864 Mock.3_107013	GU187864
L	47647	604	*	*	*	*	*	GU370744	*
H	47647	101	98.0	+	0	0	24I101M479I	GU370744 Mock.3_25	GU370744
H	36632	101	97.0	+	0	0	24I87MI14M457I	GU565140 Mock.1_89680	FR799499
H	37948	96	97.9	+	0	0	115I89MI7M487I	GU566244 Mock.2_51949	HM069350
H	15005	96	97.9	+	0	0	89MI7M476I	GU566244 Mock.2_51949	FJ528716
H	26121	96	97.9	+	0	0	5I89MI7M540I	GU566244 Mock.2_51949	GQ851780
H	23096	96	99.0	+	0	0	9I96M468I	GU566244 Mock.2_51949	EU551202
H	24247	96	97.9	+	0	0	89MI7M474I	GU566244 Mock.2_51949	GU187837
L	45636	2296	*	*	*	*	*	AB237663	*
H	45636	85	97.6	+	0	0	1704I85M507I	GU721258 Mock.3_1197	AB237663
L	23062	631	*	*	*	*	*	FJ820809	*
H	23062	85	98.8	+	0	0	5I85M541I	GU721258 Mock.3_1197	FJ820809
L	37477	266	*	*	*	*	*	JN905740	*
H	37477	85	98.8	+	0	0	21I66MI19M159I	GU721258 Mock.3_1197	JN905740
H	16249	85	98.8	+	0	0	143I85M476I	GU721258 Mock.3_1197	JF735342
L	13287	279	*	*	*	*	*	JN904603	*
H	13287	85	97.6	+	0	0	22I85M172I	GU721258 Mock.3_1197	JN904603
H	37948	96	99.0	+	0	0	115I89MI7M487I	GU934594 Mock.3_463	HM069350
H	31481	96	99.0	+	0	0	61I96M460I	GU934594 Mock.3_463	DQ132818
L	39862	1019	*	*	*	*	*	HQ827787	*
H	39862	96	99.0	+	0	0	202I89MI7M720I	GU934594 Mock.3_463	HQ827787
H	23841	96	99.0	+	0	0	23I89MI7M509I	GU934594 Mock.3_463	HQ631040
H	14523	96	99.0	+	0	0	22I90MI6M499I	GU934594 Mock.3_463	HM240051
L	44023	453	*	*	*	*	*	HM037662	*
H	44023	101	100.0	+	0	0	22I101M330I	HM037662 Mock.3_0	HM037662
N	*	101	*	*	*	*	*	HM069364 Mock.1_3563	*
H	47460	101	98.0	+	0	0	5I89MI12M526I	HM069479 Mock.2_29206	GQ999201
H	26990	101	98.0	+	0	0	1716I89MI12M1099I	HM069479 Mock.2_29206	GQ458026
H	28913	101	98.0	+	0	0	1774I89MI12M1100I	HM069479 Mock.2_29206	FJ430766
H	20142	101	98.0	+	0	0	87I89MI12M633I	HM069479 Mock.2_29206	JQ247368
H	22440	101	98.0	+	0	0	24I89MI12M505I	HM069479 Mock.2_29206	GQ120969
L	47945	395	*	*	*	*	*	HQ115737	*
H	47945	101	100.0	+	0	0	15I101M279I	HQ115737 Mock.1_42	HQ115737
H	16219	101	97.0	+	0	0	22I90MI11M448I	HQ124706 Mock.3_16003	GU934594
H	36632	101	97.0	+	0	0	24I88MI13M457I	HQ124706 Mock.3_16003	FR799499
H	47460	101	97.0	+	0	0	5I88MI13M526I	HQ124706 Mock.3_16003	GQ999201
L	46672	1150	*	*	*	*	*	HQ589260	*
H	46672	101	98.0	+	0	0	250I101M799I	HQ589260 Mock.3_336	HQ589260
H	45309	101	98.0	+	0	0	189I101M384I	HQ589260 Mock.3_336	JF715197
H	34170	101	97.0	+	0	0	177I101M426I	HQ589260 Mock.3_336	FM177662
H	34171	101	97.0	+	0	0	176I101M423I	HQ589260 Mock.3_336	FM177661
H	37641	101	98.0	+	0	0	22I88M2I13M501I	HQ827787 Mock.3_25286	JF439501
L	10397	877	*	*	*	*	*	HQ026749	*
H	10397	101	97.0	+	0	0	133I88MI13M642I	HQ827787 Mock.3_25286	HQ026749
H	26990	101	98.0	+	0	0	1716I88MI13M1099I	HQ827787 Mock.3_25286	GQ458026
H	47460	101	98.0	+	0	0	5I88MI13M526I	HQ827787 Mock.3_25286	GQ999201
L	4784	757	*	*	*	*	*	AM901881	*
H	4784	101	97.0	+	0	0	177I90MI11M478I	HQ827787 Mock.3_25286	AM901881
L	42081	288	*	*	*	*	*	FN562064	*
H	42081	101	97.0	+	0	0	21I85M2D14M168I	JF262912 Mock.3_93865	FN562064
H	13383	101	98.0	+	0	0	25I86MD14M145I	JF262912 Mock.3_93865	JF933755
L	28343	571	*	*	*	*	*	EU561612	*
H	28343	101	98.0	+	0	0	9I85M2D14M463I	JF262912 Mock.3_93865	EU561612
L	28340	567	*	*	*	*	*	EU561615	*
H	28340	101	97.0	+	0	0	9I83M2D16M459I	JF262912 Mock.3_93865	EU561615
L	2624	596	*	*	*	*	*	HM162227	*
H	2624	101	98.0	+	0	0	22I83MD17M474I	JF262912 Mock.3_93865	HM162227
H	48195	87	98.9	+	0	0	8I87M1126I	JF439501 Mock.1_19099	AF459729
H	17721	87	100.0	+	0	0	9I87M490I	JF439501 Mock.1_19099	JQ889710
H	20142	87	100.0	+	0	0	87I87M648I	JF439501 Mock.1_19099	JQ247368
H	16219	87	100.0	+	0	0	22I87M463I	JF439501 Mock.1_19099	GU934594
H	37641	87	100.0	+	0	0	22I87M517I	JF439501 Mock.1_19099	JF439501
H	12555	84	98.8	+	0	0	21I84M234I	JF449887 Mock.2_32544	FN562029
H	27640	84	98.8	+	0	0	22I84M166I	JF449887 Mock.2_32544	GQ524284
H	27864	84	97.6	+	0	0	22I84M477I	JF449887 Mock.2_32544	HM162228
H	48800	84	97.6	+	0	0	31I84M446I	JF449887 Mock.2_32544	EU330629
H	48901	84	98.8	+	0	0	143I58MI26M477I	JF449887 Mock.2_32544	JF735312
H	45309	101	99.0	+	0	0	189I101M384I	JF715197 Mock.3_4	JF715197
H	34171	101	98.0	+	0	0	176I101M423I	JF715197 Mock.3_4	FM177661
H	34170	101	98.0	+	0	0	177I101M426I	JF715197 Mock.3_4	FM177662
H	49327	101	100.0	+	0	0	22I101M550I	JF720033 Mock.1_3	JF720033
L	49213	673	*	*	*	*	*	HQ719236	*
H	49213	101	99.0	+	0	0	22I101M550I	JF720033 Mock.1_3	HQ719236
H	26992	101	100.0	+	0	0	1736I101M1154I	JF720033 Mock.1_3	GQ458025
L	10406	654	*	*	*	*	*	AB513332	*
H	10406	101	99.0	+	0	0	9I101M544I	JF720033 Mock.1_3	AB513332
H	26065	101	98.0	+	0	0	12I101M524I	JF720033 Mock.1_3	DQ681373
L	725	1869	*	*	*	*	*	JF907594	*
H	725	101	97.0	+	0	0	1481I101M287I	JF907594 Mock.3_41	JF907594
H	25657	85	98.8	+	0	0	12I85M443I	JF933755 Mock.3_4506	HQ611293
H	49018	85	98.8	+	0	0	22I85M475I	JF933755 Mock.3_4506	GQ219865
H	48901	85	97.6	+	0	0	143I58MI27M476I	JF933755 Mock.3_4506	JF735312
H	6254	85	98.8	+	0	0	22I85M476I	JF933755 Mock.3_4506	GU721833
H	25513	85	98.8	+	0	0	25I85M166I	JF933755 Mock.3_4506	FJ760777
H	50082	101	100.0	+	0	0	22I101M144I	JN905480 Mock.1_57	JN905480
H	19843	101	100.0	+	0	0	137I101M467I	JN905480 Mock.1_57	AM410602
H	28830	101	99.0	+	0	0	21I101M175I	JN905480 Mock.1_57	FN562059
H	34801	101	98.0	+	0	0	7I84M2D15M449I	JN905480 Mock.1_57	HM216212
L	35976	566	*	*	*	*	*	JQ685240	*
H	35976	101	97.0	+	0	0	25I83MD17M441I	JN905480 Mock.1_57	JQ685240
H	49018	77	100.0	+	0	0	22I77M483I	JN905595 Mock.3_33141	GQ219865
L	31095	588	*	*	*	*	*	FJ612942	*
H	31095	77	100.0	+	0	0	23I77M488I	JN905595 Mock.3_33141	FJ612942
L	9700	1144	*	*	*	*	*	GU055602	*
H	9700	77	100.0	+	0	0	77M1067I	JN905595 Mock.3_33141	GU055602
L	26656	1459	*	*	*	*	*	AF310980	*
H	26656	77	100.0	+	0	0	315I77M1067I	JN905595 Mock.3_33141	AF310980
L	53175	280	*	*	*	*	*	FJ762806	*
H	53175	77	100.0	+	0	0	22I71MI6M180I	JN905595 Mock.3_33141	FJ762806
H	12555	83	98.8	+	0	0	21I83M235I	JQ912669 Mock.2_20239	FN562029
H	27640	83	100.0	+	0	0	22I83M167I	JQ912669 Mock.2_20239	GQ524284
H	27864	83	100.0	+	0	0	22I83M478I	JQ912669 Mock.2_20239	HM162228
H	48800	83	100.0	+	0	0	31I83M447I	JQ912669 Mock.2_20239	EU330629
H	48901	83	98.8	+	0	0	143I58MI25M478I	JQ912669 Mock.2_20239	JF735312
N	*	101	*	*	*	*	*	New.ReferenceOTU0 Mock.2_38342	*
N	*	101	*	*	*	*	*	New.ReferenceOTU1 Mock.1_4514	*
N	*	101	*	*	*	*	*	New.ReferenceOTU2 Mock.1_17201	*
N	*	101	*	*	*	*	*	New.ReferenceOTU3 Mock.3_140076	*
N	*	96	*	*	*	*	*	New.ReferenceOTU4 Mock.2_21889	*
N	*	101	*	*	*	*	*	New.ReferenceOTU5 Mock.3_13474	*
N	*	101	*	*	*	*	*	New.CleanUp.ReferenceOTU1 Mock.3_31273	*
N	*	101	*	*	*	*	*	New.CleanUp.ReferenceOTU10 Mock.2_23568	*
N	*	88	*	*	*	*	*	New.CleanUp.ReferenceOTU102 Mock.1_20160	*
N	*	101	*	*	*	*	*	New.CleanUp.ReferenceOTU109 Mock.2_103418	*
N	*	85	*	*	*	*	*	New.CleanUp.ReferenceOTU116 Mock.3_149153	*
N	*	101	*	*	*	*	*	New.CleanUp.ReferenceOTU118 Mock.2_14440	*
N	*	101	*	*	*	*	*	New.CleanUp.ReferenceOTU132 Mock.1_37935	*
N	*	97	*	*	*	*	*	New.CleanUp.ReferenceOTU136 Mock.1_37244	*
N	*	101	*	*	*	*	*	New.CleanUp.ReferenceOTU140 Mock.1_148727	*
N	*	101	*	*	*	*	*	New.CleanUp.ReferenceOTU142 Mock.3_149543	*
N	*	96	*	*	*	*	*	New.CleanUp.ReferenceOTU145 Mock.2_16180	*
N	*	97	*	*	*	*	*	New.CleanUp.ReferenceOTU154 Mock.3_62959	*
N	*	101	*	*	*	*	*	New.CleanUp.ReferenceOTU157 Mock.3_24621	*
N	*	90	*	*	*	*	*	New.CleanUp.ReferenceOTU160 Mock.3_80051	*
N	*	93	*	*	*	*	*	New.CleanUp.ReferenceOTU165 Mock.1_23154	*
N	*	101	*	*	*	*	*	New.CleanUp.ReferenceOTU167 Mock.2_314	*
N	*	97	*	*	*	*	*	New.CleanUp.ReferenceOTU174 Mock.1_141388	*
N	*	101	*	*	*	*	*	New.CleanUp.ReferenceOTU178 Mock.2_150196	*
N	*	94	*	*	*	*	*	New.CleanUp.ReferenceOTU179 Mock.1_150760	*
N	*	101	*	*	*	*	*	New.CleanUp.ReferenceOTU180 Mock.1_78557	*
N	*	92	*	*	*	*	*	New.CleanUp.ReferenceOTU196 Mock.3_50457	*
N	*	93	*	*	*	*	*	New.CleanUp.ReferenceOTU199 Mock.1_50570	*
N	*	93	*	*	*	*	*	New.CleanUp.ReferenceOTU201 Mock.3_139183	*
N	*	90	*	*	*	*	*	New.CleanUp.ReferenceOTU202 Mock.2_124679	*
N	*	94	*	*	*	*	*	New.CleanUp.ReferenceOTU204 Mock.2_149378	*
N	*	101	*	*	*	*	*	New.CleanUp.ReferenceOTU205 Mock.3_26145	*
N	*	96	*	*	*	*	*	New.CleanUp.ReferenceOTU206 Mock.2_32253	*
N	*	101	*	*	*	*	*	New.CleanUp.ReferenceOTU209 Mock.3_29050	*
N	*	91	*	*	*	*	*	New.CleanUp.ReferenceOTU210 Mock.3_66685	*
N	*	101	*	*	*	*	*	New.CleanUp.ReferenceOTU215 Mock.3_47471	*
N	*	101	*	*	*	*	*	New.CleanUp.ReferenceOTU229 Mock.2_23991	*
N	*	101	*	*	*	*	*	New.CleanUp.ReferenceOTU231 Mock.1_27133	*
N	*	101	*	*	*	*	*	New.CleanUp.ReferenceOTU232 Mock.1_123965	*
N	*	77	*	*	*	*	*	New.CleanUp.ReferenceOTU236 Mock.2_126285	*
N	*	96	*	*	*	*	*	New.CleanUp.ReferenceOTU237 Mock.2_146273	*
N	*	101	*	*	*	*	*	New.CleanUp.ReferenceOTU245 Mock.1_20956	*
N	*	101	*	*	*	*	*	New.CleanUp.ReferenceOTU246 Mock.2_80422	*
N	*	89	*	*	*	*	*	New.CleanUp.ReferenceOTU249 Mock.2_48073	*
N	*	97	*	*	*	*	*	New.CleanUp.ReferenceOTU250 Mock.2_87488	*
N	*	89	*	*	*	*	*	New.CleanUp.ReferenceOTU253 Mock.2_150387	*
N	*	97	*	*	*	*	*	New.CleanUp.ReferenceOTU257 Mock.3_65298	*
N	*	101	*	*	*	*	*	New.CleanUp.ReferenceOTU266 Mock.1_75156	*
N	*	101	*	*	*	*	*	New.CleanUp.ReferenceOTU270 Mock.2_127141	*
N	*	97	*	*	*	*	*	New.CleanUp.ReferenceOTU282 Mock.1_1366	*
N	*	101	*	*	*	*	*	New.CleanUp.ReferenceOTU308 Mock.1_1802	*
N	*	101	*	*	*	*	*	New.CleanUp.ReferenceOTU309 Mock.1_32579	*
N	*	85	*	*	*	*	*	New.CleanUp.ReferenceOTU310 Mock.3_65215	*
N	*	97	*	*	*	*	*	New.CleanUp.ReferenceOTU322 Mock.3_23665	*
N	*	91	*	*	*	*	*	New.CleanUp.ReferenceOTU323 Mock.1_119625	*
N	*	101	*	*	*	*	*	New.CleanUp.ReferenceOTU326 Mock.3_144997	*
N	*	101	*	*	*	*	*	New.CleanUp.ReferenceOTU327 Mock.3_99092	*
N	*	82	*	*	*	*	*	New.CleanUp.ReferenceOTU336 Mock.3_79410	*
N	*	101	*	*	*	*	*	New.CleanUp.ReferenceOTU337 Mock.3_145052	*
N	*	96	*	*	*	*	*	New.CleanUp.ReferenceOTU340 Mock.3_90462	*
N	*	97	*	*	*	*	*	New.CleanUp.ReferenceOTU354 Mock.2_65750	*
N	*	84	*	*	*	*	*	New.CleanUp.ReferenceOTU36 Mock.1_109502	*
N	*	89	*	*	*	*	*	New.CleanUp.ReferenceOTU363 Mock.3_19916	*
N	*	101	*	*	*	*	*	New.CleanUp.ReferenceOTU371 Mock.1_33365	*
N	*	101	*	*	*	*	*	New.CleanUp.ReferenceOTU373 Mock.3_76319	*
N	*	101	*	*	*	*	*	New.CleanUp.ReferenceOTU376 Mock.3_35061	*
N	*	96	*	*	*	*	*	New.CleanUp.ReferenceOTU379 Mock.1_24344	*
N	*	89	*	*	*	*	*	New.CleanUp.ReferenceOTU38 Mock.2_73658	*
N	*	101	*	*	*	*	*	New.CleanUp.ReferenceOTU380 Mock.3_42725	*
N	*	101	*	*	*	*	*	New.CleanUp.ReferenceOTU395 Mock.1_74	*
N	*	101	*	*	*	*	*	New.CleanUp.ReferenceOTU40 Mock.2_112899	*
N	*	90	*	*	*	*	*	New.CleanUp.ReferenceOTU413 Mock.2_371	*
N	*	101	*	*	*	*	*	New.CleanUp.ReferenceOTU42 Mock.3_36198	*
N	*	101	*	*	*	*	*	New.CleanUp.ReferenceOTU424 Mock.3_102064	*
N	*	101	*	*	*	*	*	New.CleanUp.ReferenceOTU425 Mock.1_151312	*
N	*	101	*	*	*	*	*	New.CleanUp.ReferenceOTU426 Mock.1_53460	*
N	*	101	*	*	*	*	*	New.CleanUp.ReferenceOTU43 Mock.1_23081	*
N	*	91	*	*	*	*	*	New.CleanUp.ReferenceOTU438 Mock.1_23990	*
N	*	79	*	*	*	*	*	New.CleanUp.ReferenceOTU443 Mock.2_73927	*
N	*	96	*	*	*	*	*	New.CleanUp.ReferenceOTU47 Mock.3_147010	*
N	*	97	*	*	*	*	*	New.CleanUp.ReferenceOTU49 Mock.3_52885	*
N	*	89	*	*	*	*	*	New.CleanUp.ReferenceOTU6 Mock.2_150072	*
N	*	89	*	*	*	*	*	New.CleanUp.ReferenceOTU61 Mock.3_147233	*
N	*	101	*	*	*	*	*	New.CleanUp.ReferenceOTU63 Mock.1_4705	*
N	*	92	*	*	*	*	*	New.CleanUp.ReferenceOTU64 Mock.2_151030	*
N	*	96	*	*	*	*	*	New.CleanUp.ReferenceOTU71 Mock.3_151410	*
N	*	92	*	*	*	*	*	New.CleanUp.ReferenceOTU79 Mock.3_72672	*
N	*	101	*	*	*	*	*	New.CleanUp.ReferenceOTU89 Mock.1_76828	*
N	*	101	*	*	*	*	*	New.CleanUp.ReferenceOTU9 Mock.3_68650	*
N	*	101	*	*	*	*	*	New.CleanUp.ReferenceOTU97 Mock.1_146439	*
D	725	2	*	*	*	*	97.0	JF907594	*
D	1822	2	*	*	*	*	99.0	AF310977	*
D	1914	2	*	*	*	*	99.0	FJ430772	*
D	2624	2	*	*	*	*	98.0	HM162227	*
D	6254	2	*	*	*	*	100.0	GU721833	*
D	9983	2	*	*	*	*	98.0	GU566196	*
D	10002	2	*	*	*	*	98.7	FN397224	*
D	10418	2	*	*	*	*	98.8	AB293968	*
D	10962	2	*	*	*	*	97.0	DQ683114	*
D	12561	2	*	*	*	*	97.6	FN562027	*
D	14278	2	*	*	*	*	99.0	GU054037	*
D	14523	2	*	*	*	*	99.0	HM240051	*
D	16249	2	*	*	*	*	98.8	JF735342	*
D	19843	2	*	*	*	*	100.0	AM410602	*
D	20885	2	*	*	*	*	100.0	GQ376077	*
D	22440	3	*	*	*	*	98.5	GQ120969	*
D	23096	3	*	*	*	*	99.5	EU551202	*
D	23841	2	*	*	*	*	98.8	HQ631040	*
D	24247	2	*	*	*	*	100.0	GU187837	*
D	25513	2	*	*	*	*	98.8	FJ760777	*
D	26065	2	*	*	*	*	98.9	DQ681373	*
D	26992	2	*	*	*	*	100.0	GQ458025	*
D	28830	2	*	*	*	*	100.0	FN562059	*
D	29538	2	*	*	*	*	99.0	DQ674351	*
D	33450	2	*	*	*	*	97.0	GU187864	*
D	34170	2	*	*	*	*	100.0	FM177662	*
D	35437	2	*	*	*	*	97.6	FJ196614	*
D	35981	2	*	*	*	*	100.0	JQ247346	*
D	36632	3	*	*	*	*	97.5	FR799499	*
D	37038	2	*	*	*	*	100.0	GQ229082	*
D	37641	3	*	*	*	*	100.0	JF439501	*
D	42773	2	*	*	*	*	100.0	DQ980578	*
D	44023	2	*	*	*	*	100.0	HM037662	*
D	44233	2	*	*	*	*	100.0	GU187857	*
D	45309	3	*	*	*	*	98.5	JF715197	*
D	45601	2	*	*	*	*	97.0	AF157596	*
D	47460	3	*	*	*	*	97.5	GQ999201	*
D	47647	2	*	*	*	*	98.0	GU370744	*
D	47945	2	*	*	*	*	100.0	HQ115737	*
D	48800	2	*	*	*	*	100.0	EU330629	*
D	48901	3	*	*	*	*	99.4	JF735312	*
D	50082	2	*	*	*	*	98.9	JN905480	*
D	50376	2	*	*	*	*	99.0	EF199746	*
D	51504	2	*	*	*	*	100.0	AB236002	*
D	53175	2	*	*	*	*	100.0	FJ762806	*
