UclustConsensusTaxonAssigner parameters:
id_to_taxonomy_filepath:/Users/nbokulich/Desktop/ref_dbs/gg_13_8_otus/taxonomy/99_otu_taxonomy.txt
id_to_taxonomy_fp:/Users/nbokulich/Desktop/ref_dbs/gg_13_8_otus/taxonomy/99_otu_taxonomy.txt
max_accepts:3
min_consensus_fraction:0.76
reference_sequences_fp:/Users/nbokulich/Desktop/ref_dbs/gg_13_8_otus/rep_set/99_otus/dna-sequences.fasta
similarity:0.9
unassignable_label:Unassigned
Result path: /var/folders/0t/l1dz88p50y91vx_22fx5w3780000gn/T/assign-taxbltWEY

.uc file contents:

# uclust --input /Users/nbokulich/Desktop/projects/short-read-tax-assignment/data/mock-community/mock-21/rep_seqs.fna --id 0.9 --rev --maxaccepts 3 --allhits --libonly --lib /Users/nbokulich/Desktop/ref_dbs/gg_13_8_otus/rep_set/99_otus/dna-sequences.fasta --uc /var/folders/0t/l1dz88p50y91vx_22fx5w3780000gn/T/UclustConsensusTaxonAssigner_XJiwNq.uc
# version=1.2.22
# Tab-separated fields:
# 1=Type, 2=ClusterNr, 3=SeqLength or ClusterSize, 4=PctId, 5=Strand, 6=QueryStart, 7=SeedStart, 8=Alignment, 9=QueryLabel, 10=TargetLabel
# Record types (field 1): L=LibSeed, S=NewSeed, H=Hit, R=Reject, D=LibCluster, C=NewCluster, N=NoHit
# For C and D types, PctId is average id with seed.
# QueryStart and SeedStart are zero-based relative to start of sequence.
# If minus strand, SeedStart is relative to reverse-complemented seed.
L	36506	250	*	*	*	*	*	515490	*
H	36506	290	92.8	+	0	0	250M40D	71afc98653010db3bff468c6ca9b8804	515490
L	115042	250	*	*	*	*	*	806840	*
H	115042	290	92.8	+	0	0	250M40D	71afc98653010db3bff468c6ca9b8804	806840
L	76291	250	*	*	*	*	*	224029	*
H	76291	290	92.0	+	0	0	228MI21M41D	71afc98653010db3bff468c6ca9b8804	224029
L	44093	250	*	*	*	*	*	356701	*
H	44093	290	100.0	+	0	0	250M40D	975969967b8b4ec67e7e3c027dee8ea2	356701
L	109660	250	*	*	*	*	*	16271	*
H	109660	290	100.0	+	0	0	250M40D	975969967b8b4ec67e7e3c027dee8ea2	16271
L	103686	250	*	*	*	*	*	98508	*
H	103686	290	100.0	+	0	0	250M40D	975969967b8b4ec67e7e3c027dee8ea2	98508
L	153208	250	*	*	*	*	*	3884703	*
H	153208	290	100.0	+	0	0	250M40D	52bf878ca5242fa5de40aa283dd575d0	3884703
L	4178	250	*	*	*	*	*	985722	*
H	4178	290	100.0	+	0	0	250M40D	52bf878ca5242fa5de40aa283dd575d0	985722
L	158364	250	*	*	*	*	*	970222	*
H	158364	290	100.0	+	0	0	250M40D	52bf878ca5242fa5de40aa283dd575d0	970222
L	97464	250	*	*	*	*	*	137961	*
H	97464	290	100.0	+	0	0	250M40D	2c26e1126b431afed72a9cdd672eb336	137961
L	167422	250	*	*	*	*	*	4329034	*
H	167422	290	100.0	+	0	0	250M40D	2c26e1126b431afed72a9cdd672eb336	4329034
L	97468	250	*	*	*	*	*	137951	*
H	97468	290	100.0	+	0	0	250M40D	2c26e1126b431afed72a9cdd672eb336	137951
L	150586	250	*	*	*	*	*	963964	*
H	150586	290	100.0	+	0	0	250M40D	871eb8f466b01c297c20c38284adeb3a	963964
L	5829	250	*	*	*	*	*	924143	*
H	5829	290	100.0	+	0	0	250M40D	871eb8f466b01c297c20c38284adeb3a	924143
L	130528	250	*	*	*	*	*	1039981	*
H	130528	290	100.0	+	0	0	250M40D	871eb8f466b01c297c20c38284adeb3a	1039981
L	106553	250	*	*	*	*	*	64558	*
H	106553	290	100.0	+	0	0	250M40D	941951961df8c17bfc1e62498099aa0c	64558
L	156333	250	*	*	*	*	*	4068756	*
H	156333	290	100.0	+	0	0	250M40D	941951961df8c17bfc1e62498099aa0c	4068756
L	143511	250	*	*	*	*	*	1001003	*
H	143511	290	100.0	+	0	0	250M40D	941951961df8c17bfc1e62498099aa0c	1001003
L	2663	250	*	*	*	*	*	1044680	*
H	2663	290	100.0	+	0	0	250M40D	a55979f0b62fc9c467a7c0b0b1b25da4	1044680
L	38944	250	*	*	*	*	*	465079	*
H	38944	290	100.0	+	0	0	250M40D	a55979f0b62fc9c467a7c0b0b1b25da4	465079
L	38762	250	*	*	*	*	*	487191	*
H	38762	290	100.0	+	0	0	250M40D	a55979f0b62fc9c467a7c0b0b1b25da4	487191
L	40857	250	*	*	*	*	*	390972	*
H	40857	290	99.2	+	0	0	250M40D	2bfa94fe5d4926f932fa803ac6510f26	390972
L	40079	250	*	*	*	*	*	421164	*
H	40079	290	99.6	+	0	0	250M40D	2bfa94fe5d4926f932fa803ac6510f26	421164
L	136182	250	*	*	*	*	*	1072225	*
H	136182	290	98.8	+	0	0	250M40D	2bfa94fe5d4926f932fa803ac6510f26	1072225
L	165126	250	*	*	*	*	*	4317724	*
H	165126	290	100.0	+	0	0	250M40D	1c3bd50b5af30355165e6372284af7da	4317724
L	195150	250	*	*	*	*	*	4469932	*
H	195150	290	99.6	+	0	0	177MI72M41D	1c3bd50b5af30355165e6372284af7da	4469932
L	19428	250	*	*	*	*	*	585707	*
H	19428	290	100.0	+	0	0	250M40D	1c3bd50b5af30355165e6372284af7da	585707
L	177546	250	*	*	*	*	*	4380971	*
H	177546	290	97.6	+	0	0	250M40D	bcf020b15c4a363e33f5fe51233b20c0	4380971
H	103686	290	97.6	+	0	0	250M40D	bcf020b15c4a363e33f5fe51233b20c0	98508
H	44093	290	97.6	+	0	0	250M40D	bcf020b15c4a363e33f5fe51233b20c0	356701
L	13310	250	*	*	*	*	*	739890	*
H	13310	290	100.0	+	0	0	250M40D	abd481feb0682c0565d4c8014b9dc3d5	739890
L	16999	250	*	*	*	*	*	606204	*
H	16999	290	100.0	+	0	0	250M40D	abd481feb0682c0565d4c8014b9dc3d5	606204
L	77335	250	*	*	*	*	*	219151	*
H	77335	290	100.0	+	0	0	250M40D	abd481feb0682c0565d4c8014b9dc3d5	219151
L	169931	250	*	*	*	*	*	4341595	*
H	169931	290	100.0	+	0	0	250M40D	106f9d839c35c92022ecdde61828cdee	4341595
L	184603	250	*	*	*	*	*	4416988	*
H	184603	290	100.0	+	0	0	250M40D	106f9d839c35c92022ecdde61828cdee	4416988
L	109904	250	*	*	*	*	*	15033	*
H	109904	290	98.8	+	0	0	250M40D	106f9d839c35c92022ecdde61828cdee	15033
L	141532	250	*	*	*	*	*	1059977	*
H	141532	290	95.6	+	0	0	250M40D	96a3bc302d2b292eaf7ef3f78e728fb2	1059977
L	161380	250	*	*	*	*	*	4300042	*
H	161380	290	96.0	+	0	0	250M40D	96a3bc302d2b292eaf7ef3f78e728fb2	4300042
L	1786	250	*	*	*	*	*	1076969	*
H	1786	290	95.6	+	0	0	250M40D	96a3bc302d2b292eaf7ef3f78e728fb2	1076969
L	164648	250	*	*	*	*	*	4315405	*
H	164648	290	98.4	+	0	0	250M40D	e26faa01840994984ceef0ea2f5d9b1c	4315405
L	164764	250	*	*	*	*	*	4315958	*
H	164764	290	98.4	+	0	0	250M40D	e26faa01840994984ceef0ea2f5d9b1c	4315958
L	171709	250	*	*	*	*	*	4350748	*
H	171709	290	98.4	+	0	0	250M40D	e26faa01840994984ceef0ea2f5d9b1c	4350748
H	171709	290	100.0	+	0	0	250M40D	5850e4d77ae4a4a88a7645f98c50987e	4350748
H	164648	290	100.0	+	0	0	250M40D	5850e4d77ae4a4a88a7645f98c50987e	4315405
H	164764	290	100.0	+	0	0	250M40D	5850e4d77ae4a4a88a7645f98c50987e	4315958
L	33153	250	*	*	*	*	*	529929	*
H	33153	290	100.0	+	0	0	250M40D	ba5a42b887d6bb8262647d321eeb0913	529929
L	7229	250	*	*	*	*	*	869385	*
H	7229	290	100.0	+	0	0	250M40D	ba5a42b887d6bb8262647d321eeb0913	869385
L	7253	250	*	*	*	*	*	868615	*
H	7253	290	100.0	+	0	0	250M40D	ba5a42b887d6bb8262647d321eeb0913	868615
L	5952	250	*	*	*	*	*	919092	*
H	5952	290	100.0	+	0	0	250M40D	2a0a51068e21501d965b70fa6720012c	919092
L	39534	250	*	*	*	*	*	443067	*
H	39534	290	100.0	+	0	0	250M40D	2a0a51068e21501d965b70fa6720012c	443067
L	38479	250	*	*	*	*	*	503354	*
H	38479	290	100.0	+	0	0	250M40D	2a0a51068e21501d965b70fa6720012c	503354
L	167451	250	*	*	*	*	*	4329215	*
H	167451	290	92.0	+	0	0	250M40D	39d09153211fc56766059bc107688083	4329215
L	158772	250	*	*	*	*	*	1141646	*
H	158772	290	91.6	+	0	0	250M40D	39d09153211fc56766059bc107688083	1141646
L	160757	250	*	*	*	*	*	4297222	*
H	160757	290	90.8	+	0	0	8MI15MI225M42D	39d09153211fc56766059bc107688083	4297222
L	50090	250	*	*	*	*	*	332318	*
H	50090	290	100.0	+	0	0	250M40D	e377ef0b2083c029f5f706d4c1d5635f	332318
L	112933	250	*	*	*	*	*	1519356	*
H	112933	290	100.0	+	0	0	250M40D	e377ef0b2083c029f5f706d4c1d5635f	1519356
L	49711	250	*	*	*	*	*	333877	*
H	49711	290	100.0	+	0	0	250M40D	e377ef0b2083c029f5f706d4c1d5635f	333877
L	101129	250	*	*	*	*	*	109111	*
H	101129	290	100.0	+	0	0	250M40D	17c1c4a16b53cfc6019a34982a01031f	109111
L	101131	250	*	*	*	*	*	109107	*
H	101131	290	100.0	+	0	0	250M40D	17c1c4a16b53cfc6019a34982a01031f	109107
L	101132	250	*	*	*	*	*	109106	*
H	101132	290	100.0	+	0	0	250M40D	17c1c4a16b53cfc6019a34982a01031f	109106
L	166988	250	*	*	*	*	*	4326794	*
H	166988	290	100.0	+	0	0	250M40D	a162395533885ca954a0bc0dd324b8f9	4326794
L	189370	250	*	*	*	*	*	4440404	*
H	189370	290	99.6	+	0	0	250M40D	a162395533885ca954a0bc0dd324b8f9	4440404
L	163344	250	*	*	*	*	*	4309160	*
H	163344	290	99.2	+	0	0	250M40D	a162395533885ca954a0bc0dd324b8f9	4309160
H	161380	290	100.0	+	0	0	250M40D	47171fcf92c9ef7027470d9c0ac2108b	4300042
L	23981	250	*	*	*	*	*	567972	*
H	23981	290	99.6	+	0	0	250M40D	47171fcf92c9ef7027470d9c0ac2108b	567972
H	1786	290	99.6	+	0	0	250M40D	47171fcf92c9ef7027470d9c0ac2108b	1076969
H	184603	290	96.8	+	0	0	250M40D	103e1871d49834dd8831282ed3bb4b0c	4416988
H	169931	290	96.8	+	0	0	250M40D	103e1871d49834dd8831282ed3bb4b0c	4341595
L	37258	250	*	*	*	*	*	512629	*
H	37258	290	95.2	+	0	0	250M40D	103e1871d49834dd8831282ed3bb4b0c	512629
L	70196	250	*	*	*	*	*	252206	*
H	70196	290	100.0	+	0	0	250M40D	a885fd875821f7414776504c97319696	252206
L	111783	250	*	*	*	*	*	5796	*
H	111783	290	100.0	+	0	0	250M40D	a885fd875821f7414776504c97319696	5796
L	32614	250	*	*	*	*	*	532163	*
H	32614	290	100.0	+	0	0	250M40D	a885fd875821f7414776504c97319696	532163
L	141083	250	*	*	*	*	*	3157007	*
H	141083	290	100.0	+	0	0	250M40D	58c58fd59737254aa4fd074e7e03347a	3157007
L	74938	250	*	*	*	*	*	231787	*
H	74938	290	100.0	+	0	0	250M40D	58c58fd59737254aa4fd074e7e03347a	231787
L	89686	250	*	*	*	*	*	170919	*
H	89686	290	99.2	+	0	0	250M40D	58c58fd59737254aa4fd074e7e03347a	170919
H	166988	290	96.0	+	0	0	250M40D	be474d5ba826820fa654894511c720d5	4326794
L	111687	250	*	*	*	*	*	6432	*
H	111687	290	95.2	+	0	0	250M40D	be474d5ba826820fa654894511c720d5	6432
H	189370	290	95.6	+	0	0	250M40D	be474d5ba826820fa654894511c720d5	4440404
D	7253	2	*	*	*	*	100.0	868615	*
D	19428	2	*	*	*	*	100.0	585707	*
D	32614	2	*	*	*	*	100.0	532163	*
D	38479	2	*	*	*	*	100.0	503354	*
D	38762	2	*	*	*	*	100.0	487191	*
D	40079	2	*	*	*	*	99.6	421164	*
D	44093	2	*	*	*	*	97.6	356701	*
D	49711	2	*	*	*	*	100.0	333877	*
D	74938	2	*	*	*	*	100.0	231787	*
D	77335	2	*	*	*	*	100.0	219151	*
D	97468	2	*	*	*	*	100.0	137951	*
D	101132	2	*	*	*	*	100.0	109106	*
D	103686	2	*	*	*	*	100.0	98508	*
D	115042	2	*	*	*	*	92.8	806840	*
D	130528	2	*	*	*	*	100.0	1039981	*
D	143511	2	*	*	*	*	100.0	1001003	*
D	158364	2	*	*	*	*	100.0	970222	*
D	161380	3	*	*	*	*	98.0	4300042	*
D	164764	2	*	*	*	*	100.0	4315958	*
D	166988	3	*	*	*	*	98.0	4326794	*
D	167451	2	*	*	*	*	92.0	4329215	*
D	169931	2	*	*	*	*	96.8	4341595	*
D	171709	2	*	*	*	*	98.4	4350748	*
D	184603	2	*	*	*	*	100.0	4416988	*
