UclustConsensusTaxonAssigner parameters:
id_to_taxonomy_filepath:/home/nbokulic/ref_seq_dbs/its_12_11_otus/taxonomy/97_otu_taxonomy.txt
id_to_taxonomy_fp:/home/nbokulic/ref_seq_dbs/its_12_11_otus/taxonomy/97_otu_taxonomy.txt
max_accepts:3
min_consensus_fraction:0.51
reference_sequences_fp:/home/nbokulic/ref_seq_dbs/its_12_11_otus/rep_set/97_otus.fasta
similarity:0.93
unassignable_label:Unassigned
Result path: "/scratch/assign-taxRyxes2yOyPQLWvAFLcZO.txt"

.uc file contents:

# uclust --input /home/nbokulic/bewolf/psrotot/RDBW/rep_set.fna --id 0.93 --rev --maxaccepts 3 --allhits --libonly --lib /home/nbokulic/ref_seq_dbs/its_12_11_otus/rep_set/97_otus.fasta --uc /scratch/UclustConsensusTaxonAssigner_XxUH_p.uc
# version=1.2.22
# Tab-separated fields:
# 1=Type, 2=ClusterNr, 3=SeqLength or ClusterSize, 4=PctId, 5=Strand, 6=QueryStart, 7=SeedStart, 8=Alignment, 9=QueryLabel, 10=TargetLabel
# Record types (field 1): L=LibSeed, S=NewSeed, H=Hit, R=Reject, D=LibCluster, C=NewCluster, N=NoHit
# For C and D types, PctId is average id with seed.
# QueryStart and SeedStart are zero-based relative to start of sequence.
# If minus strand, SeedStart is relative to reverse-complemented seed.
L	51504	539	*	*	*	*	*	AB236002	*
H	51504	101	100.0	+	0	0	111I101M327I	AB236002 Mock.2_4	AB236002
L	9213	476	*	*	*	*	*	DQ683006	*
H	9213	101	100.0	+	0	0	11I101M364I	AB236002 Mock.2_4	DQ683006
L	50082	267	*	*	*	*	*	JN905480	*
H	50082	85	100.0	+	0	0	22I85M160I	AM410602 Mock.1_7548	JN905480
L	35981	797	*	*	*	*	*	JQ247346	*
H	35981	85	100.0	+	0	0	91I85M621I	AM410602 Mock.1_7548	JQ247346
L	8738	596	*	*	*	*	*	FN397167	*
H	8738	85	100.0	+	0	0	22I85M489I	AM410602 Mock.1_7548	FN397167
L	28913	2976	*	*	*	*	*	FJ430766	*
H	28913	92	97.8	+	0	0	1774I92M1110I	DQ681335 Mock.1_1328	FJ430766
L	26990	2917	*	*	*	*	*	GQ458026	*
H	26990	92	97.8	+	0	0	1716I92M1109I	DQ681335 Mock.1_1328	GQ458026
L	39862	1019	*	*	*	*	*	HQ827787	*
H	39862	92	95.7	+	0	0	202I92M725I	DQ681335 Mock.1_1328	HQ827787
L	10962	677	*	*	*	*	*	DQ683114	*
H	10962	101	97.0	+	0	0	314I101M262I	DQ683114 Mock.1_531	DQ683114
L	725	1869	*	*	*	*	*	JF907594	*
H	725	101	95.0	+	0	0	1481I101M287I	DQ683114 Mock.1_531	JF907594
L	50376	435	*	*	*	*	*	EF199746	*
H	50376	101	99.0	+	0	0	12I101M322I	EF199746 Mock.1_0	EF199746
L	28340	567	*	*	*	*	*	EU561615	*
H	28340	101	95.0	+	0	0	9I82M2D17M459I	EF397557 Mock.2_15624	EU561615
L	16249	704	*	*	*	*	*	JF735342	*
H	16249	101	96.0	+	0	0	143I85MD15M461I	EF397557 Mock.2_15624	JF735342
L	33480	594	*	*	*	*	*	GU721684	*
H	33480	101	98.0	+	0	0	22I85MD15M472I	EF397557 Mock.2_15624	GU721684
L	10619	749	*	*	*	*	*	FJ466715	*
H	10619	101	96.0	+	0	0	57I83M2D16M593I	EU490021 Mock.1_1838	FJ466715
L	33482	589	*	*	*	*	*	GU721683	*
H	33482	101	99.0	+	0	0	22I85MD15M467I	EU490021 Mock.1_1838	GU721683
L	13383	270	*	*	*	*	*	JF933755	*
H	13383	101	99.0	+	0	0	25I85MD15M145I	EU490021 Mock.1_1838	JF933755
L	23096	573	*	*	*	*	*	EU551202	*
H	23096	94	100.0	+	0	0	9I94M470I	EU551202 Mock.2_9983	EU551202
L	31481	617	*	*	*	*	*	DQ132818	*
H	31481	94	98.9	+	0	0	61I94M462I	EU551202 Mock.2_9983	DQ132818
L	21708	537	*	*	*	*	*	GQ999151	*
H	21708	94	97.9	+	0	0	5I94M438I	EU551202 Mock.2_9983	GQ999151
L	19676	577	*	*	*	*	*	FN812807	*
H	19676	83	98.8	+	0	0	22I83M472I	FJ196614 Mock.2_39189	FN812807
L	46239	1146	*	*	*	*	*	JF449598	*
H	46239	83	98.8	+	0	0	69MD13M1064I	FJ196614 Mock.2_39189	JF449598
L	9493	284	*	*	*	*	*	JN905279	*
H	9493	83	100.0	+	0	0	23I65MI18M177I	FJ196614 Mock.2_39189	JN905279
L	29152	597	*	*	*	*	*	HM239926	*
H	29152	81	100.0	+	0	0	22I81M494I	FJ466715 Mock.1_840	HM239926
L	28963	601	*	*	*	*	*	JQ690354	*
H	28963	81	100.0	+	0	0	22I81M498I	FJ466715 Mock.1_840	JQ690354
L	5473	645	*	*	*	*	*	HM037656	*
H	5473	81	100.0	+	0	0	22I81M542I	FJ466715 Mock.1_840	HM037656
L	31186	448	*	*	*	*	*	FJ528720	*
H	31186	84	98.8	+	0	0	77M2I7M362I	FJ777353 Mock.2_15608	FJ528720
L	7225	264	*	*	*	*	*	GQ510275	*
H	7225	84	98.8	+	0	0	22I84M158I	FJ777353 Mock.2_15608	GQ510275
L	31095	588	*	*	*	*	*	FJ612942	*
H	31095	84	97.6	+	0	0	23I77MI7M480I	FJ777353 Mock.2_15608	FJ612942
L	34170	704	*	*	*	*	*	FM177662	*
H	34170	101	100.0	+	0	0	177I101M426I	FM177661 Mock.1_1051	FM177662
L	34171	700	*	*	*	*	*	FM177661	*
H	34171	101	100.0	+	0	0	176I101M423I	FM177661 Mock.1_1051	FM177661
L	46672	1150	*	*	*	*	*	HQ589260	*
H	46672	101	99.0	+	0	0	250I101M799I	FM177661 Mock.1_1051	HQ589260
L	41570	1243	*	*	*	*	*	AB278159	*
H	41570	77	98.7	+	0	0	8I56MD20M1159I	FM875842 Mock.1_15760	AB278159
L	49327	673	*	*	*	*	*	JF720033	*
H	49327	77	98.7	+	0	0	22I77M574I	FM875842 Mock.1_15760	JF720033
L	18792	295	*	*	*	*	*	HQ125124	*
H	18792	77	98.7	+	0	0	22I56MD20M197I	FM875842 Mock.1_15760	HQ125124
H	23096	101	98.0	+	0	0	9I101M463I	FR799498 Mock.1_17762	EU551202
H	31481	101	97.0	+	0	0	61I101M455I	FR799498 Mock.1_17762	DQ132818
L	3131	805	*	*	*	*	*	JN617685	*
H	3131	101	93.1	+	0	0	50I84MI17M653I	FR799498 Mock.1_17762	JN617685
L	37038	914	*	*	*	*	*	GQ229082	*
H	37038	101	100.0	+	0	0	133I101M680I	GQ229082 Mock.3_2031	GQ229082
L	41107	552	*	*	*	*	*	HQ649866	*
H	41107	101	99.0	+	0	0	101M451I	GQ229082 Mock.3_2031	HQ649866
L	41335	589	*	*	*	*	*	AB249011	*
H	41335	101	98.0	+	0	0	10I101M478I	GQ229082 Mock.3_2031	AB249011
L	20885	743	*	*	*	*	*	GQ376077	*
H	20885	101	100.0	+	0	0	8I101M634I	GQ376077 Mock.2_8	GQ376077
L	11483	894	*	*	*	*	*	FM177658	*
H	11483	101	97.0	+	0	0	176I80MI21M616I	GQ376077 Mock.2_8	FM177658
L	47279	1313	*	*	*	*	*	HQ396523	*
H	47279	101	97.0	+	0	0	8I80MI21M1203I	GQ376077 Mock.2_8	HQ396523
H	26990	80	100.0	+	0	0	1716I80M1121I	GQ458026 Mock.1_12861	GQ458026
H	23096	80	100.0	+	0	0	9I80M484I	GQ458026 Mock.1_12861	EU551202
L	16219	572	*	*	*	*	*	GU934594	*
H	16219	80	100.0	+	0	0	22I80M470I	GQ458026 Mock.1_12861	GU934594
H	23096	101	99.0	+	0	0	9I101M463I	GQ999201 Mock.3_2	EU551202
H	31481	101	98.0	+	0	0	61I101M455I	GQ999201 Mock.3_2	DQ132818
L	17521	716	*	*	*	*	*	FN548146	*
H	17521	101	99.0	+	0	0	111I91MI10M503I	GQ999201 Mock.3_2	FN548146
L	14278	632	*	*	*	*	*	GU054037	*
H	14278	101	99.0	+	0	0	5I101M526I	GU054037 Mock.1_128	GU054037
L	10375	655	*	*	*	*	*	EU436681	*
H	10375	101	97.0	+	0	0	10I101M544I	GU054037 Mock.1_128	EU436681
L	39917	668	*	*	*	*	*	FJ524321	*
H	39917	101	95.0	+	0	0	14I61MI28M2D10M554I	GU054037 Mock.1_128	FJ524321
L	47647	604	*	*	*	*	*	GU370744	*
H	47647	101	98.0	+	0	0	24I101M479I	GU370744 Mock.1_97	GU370744
L	32225	622	*	*	*	*	*	GU566244	*
H	32225	101	100.0	+	0	0	22I101M499I	GU566244 Mock.2_2258	GU566244
L	4784	757	*	*	*	*	*	AM901881	*
H	4784	101	100.0	+	0	0	177I101M479I	GU566244 Mock.2_2258	AM901881
L	15005	573	*	*	*	*	*	FJ528716	*
H	15005	101	99.0	+	0	0	101M472I	GU566244 Mock.2_2258	FJ528716
H	23096	97	99.0	+	0	0	9I97M467I	GU934594 Mock.2_4233	EU551202
H	31481	97	97.9	+	0	0	61I97M459I	GU934594 Mock.2_4233	DQ132818
H	21708	97	95.9	+	0	0	5I97M435I	GU934594 Mock.2_4233	GQ999151
L	44023	453	*	*	*	*	*	HM037662	*
H	44023	101	100.0	+	0	0	22I101M330I	HM037662 Mock.1_7	HM037662
L	10493	368	*	*	*	*	*	DQ667968	*
H	10493	101	96.0	+	0	0	5I101M262I	HM037662 Mock.1_7	DQ667968
L	32278	637	*	*	*	*	*	AB236001	*
H	32278	101	95.0	+	0	0	111I83M2D16M427I	HM069364 Mock.3_83	AB236001
L	19843	705	*	*	*	*	*	AM410602	*
H	19843	101	97.0	+	0	0	137I101M467I	HM069364 Mock.3_83	AM410602
H	50082	101	97.0	+	0	0	22I101M144I	HM069364 Mock.3_83	JN905480
L	47945	395	*	*	*	*	*	HQ115737	*
H	47945	101	100.0	+	0	0	15I101M279I	HQ115737 Mock.2_65	HQ115737
H	46672	101	98.0	+	0	0	250I101M799I	HQ589260 Mock.2_9798	HQ589260
L	45309	674	*	*	*	*	*	JF715197	*
H	45309	101	98.0	+	0	0	189I101M384I	HQ589260 Mock.2_9798	JF715197
L	29538	603	*	*	*	*	*	DQ674351	*
H	29538	101	93.1	+	0	0	101I101M401I	HQ589260 Mock.2_9798	DQ674351
L	37948	699	*	*	*	*	*	HM069350	*
H	37948	89	100.0	+	0	0	115I89M495I	HQ827787 Mock.1_18213	HM069350
L	26121	642	*	*	*	*	*	GQ851780	*
H	26121	89	100.0	+	0	0	5I89M548I	HQ827787 Mock.1_18213	GQ851780
L	10418	2713	*	*	*	*	*	AB293968	*
H	10418	89	100.0	+	0	0	1539I89M1085I	HQ827787 Mock.1_18213	AB293968
H	26121	88	100.0	+	0	0	5I88M549I	JF439501 Mock.1_13559	GQ851780
H	39862	88	100.0	+	0	0	202I88M729I	JF439501 Mock.1_13559	HQ827787
L	36633	987	*	*	*	*	*	FR799498	*
H	36633	88	100.0	+	0	0	23I88M876I	JF439501 Mock.1_13559	FR799498
H	29152	84	100.0	+	0	0	22I84M491I	JF449887 Mock.1_8251	HM239926
H	28963	84	98.8	+	0	0	22I84M495I	JF449887 Mock.1_8251	JQ690354
H	5473	84	100.0	+	0	0	22I84M539I	JF449887 Mock.1_8251	HM037656
H	45309	101	99.0	+	0	0	189I101M384I	JF715197 Mock.3_44	JF715197
H	46672	101	99.0	+	0	0	250I101M799I	JF715197 Mock.3_44	HQ589260
H	29538	101	94.1	+	0	0	101I101M401I	JF715197 Mock.3_44	DQ674351
H	49327	101	100.0	+	0	0	22I101M550I	JF720033 Mock.2_30	JF720033
L	26992	2991	*	*	*	*	*	GQ458025	*
H	26992	101	100.0	+	0	0	1736I101M1154I	JF720033 Mock.2_30	GQ458025
L	26065	637	*	*	*	*	*	DQ681373	*
H	26065	101	98.0	+	0	0	12I101M524I	JF720033 Mock.2_30	DQ681373
H	725	101	97.0	+	0	0	1481I101M287I	JF907594 Mock.1_40	JF907594
H	46672	101	94.1	+	0	0	386I101M663I	JF907594 Mock.1_40	HQ589260
L	50326	586	*	*	*	*	*	DQ680681	*
H	50326	101	95.0	+	0	0	227I101M258I	JF907594 Mock.1_40	DQ680681
H	19843	101	100.0	+	0	0	137I101M467I	JN905480 Mock.2_11	AM410602
H	50082	101	100.0	+	0	0	22I101M144I	JN905480 Mock.2_11	JN905480
L	20892	462	*	*	*	*	*	FN562058	*
H	20892	101	99.0	+	0	0	146I101M215I	JN905480 Mock.2_11	FN562058
L	53702	603	*	*	*	*	*	FN868469	*
H	53702	78	100.0	+	0	0	22I78M503I	JN905595 Mock.3_8139	FN868469
L	46449	599	*	*	*	*	*	JQ434583	*
H	46449	78	100.0	+	0	0	9I78M512I	JN905595 Mock.3_8139	JQ434583
H	19676	78	100.0	+	0	0	22I78M477I	JN905595 Mock.3_8139	FN812807
H	10962	101	96.0	+	0	0	314I101M262I	New.ReferenceOTU1 Mock.1_44196	DQ683114
H	46672	101	93.1	+	0	0	386I101M663I	New.ReferenceOTU1 Mock.1_44196	HQ589260
H	725	101	96.0	+	0	0	1481I101M287I	New.ReferenceOTU1 Mock.1_44196	JF907594
L	45601	530	*	*	*	*	*	AF157596	*
H	45601	101	94.1	+	0	0	118I101M311I	New.ReferenceOTU2 Mock.1_66982	AF157596
N	*	101	*	*	*	*	*	New.ReferenceOTU3 Mock.1_7791	*
H	45601	101	96.0	+	0	0	118I101M311I	New.ReferenceOTU4 Mock.3_2154	AF157596
L	52507	605	*	*	*	*	*	DQ683112	*
H	52507	101	93.1	+	0	0	245I101M259I	New.ReferenceOTU4 Mock.3_2154	DQ683112
H	47945	101	94.1	+	0	0	15I101M279I	New.ReferenceOTU4 Mock.3_2154	HQ115737
H	52507	101	93.1	+	0	0	245I101M259I	New.ReferenceOTU5 Mock.2_15259	DQ683112
H	45601	101	94.1	+	0	0	118I101M311I	New.ReferenceOTU5 Mock.2_15259	AF157596
N	*	101	*	*	*	*	*	New.ReferenceOTU6 Mock.1_2681	*
H	10962	101	93.1	+	0	0	314I101M262I	New.ReferenceOTU7 Mock.2_65545	DQ683114
H	47647	101	96.0	+	0	0	24I101M479I	New.CleanUp.ReferenceOTU104 Mock.2_1714	GU370744
N	*	92	*	*	*	*	*	New.CleanUp.ReferenceOTU105 Mock.1_4452	*
H	44023	101	96.0	+	0	0	22I101M330I	New.CleanUp.ReferenceOTU106 Mock.2_73953	HM037662
H	50082	101	96.0	+	0	0	22I101M144I	New.CleanUp.ReferenceOTU107 Mock.2_6026	JN905480
H	32278	101	94.1	+	0	0	111I83M2D16M427I	New.CleanUp.ReferenceOTU107 Mock.2_6026	AB236001
H	19843	101	96.0	+	0	0	137I101M467I	New.CleanUp.ReferenceOTU107 Mock.2_6026	AM410602
H	45309	101	96.0	+	0	0	189I101M384I	New.CleanUp.ReferenceOTU109 Mock.3_64290	JF715197
H	46672	101	96.0	+	0	0	250I101M799I	New.CleanUp.ReferenceOTU109 Mock.3_64290	HQ589260
H	34170	101	95.0	+	0	0	177I101M426I	New.CleanUp.ReferenceOTU109 Mock.3_64290	FM177662
H	49327	101	96.0	+	0	0	22I101M550I	New.CleanUp.ReferenceOTU110 Mock.2_25781	JF720033
H	26992	101	96.0	+	0	0	1736I101M1154I	New.CleanUp.ReferenceOTU110 Mock.2_25781	GQ458025
L	48205	549	*	*	*	*	*	JQ665427	*
H	48205	101	95.0	+	0	0	D100M449I	New.CleanUp.ReferenceOTU110 Mock.2_25781	JQ665427
H	725	78	93.6	+	0	0	1481I78M310I	New.CleanUp.ReferenceOTU111 Mock.2_53527	JF907594
H	10962	101	96.0	+	0	0	314I101M262I	New.CleanUp.ReferenceOTU117 Mock.2_19449	DQ683114
H	725	101	94.1	+	0	0	1481I101M287I	New.CleanUp.ReferenceOTU117 Mock.2_19449	JF907594
H	50376	101	95.0	+	0	0	12I101M322I	New.CleanUp.ReferenceOTU123 Mock.1_21242	EF199746
H	47647	101	96.0	+	0	0	24I101M479I	New.CleanUp.ReferenceOTU124 Mock.1_5337	GU370744
N	*	101	*	*	*	*	*	New.CleanUp.ReferenceOTU136 Mock.1_54066	*
H	50376	101	96.0	+	0	0	12I101M322I	New.CleanUp.ReferenceOTU138 Mock.1_46401	EF199746
H	725	91	93.4	+	0	0	1481I91M297I	New.CleanUp.ReferenceOTU142 Mock.2_31673	JF907594
H	10962	91	93.4	+	0	0	314I91M272I	New.CleanUp.ReferenceOTU142 Mock.2_31673	DQ683114
H	725	89	94.4	+	0	0	1481I89M299I	New.CleanUp.ReferenceOTU145 Mock.1_42547	JF907594
H	725	101	94.1	+	0	0	1481I101M287I	New.CleanUp.ReferenceOTU15 Mock.2_13064	JF907594
N	*	101	*	*	*	*	*	New.CleanUp.ReferenceOTU150 Mock.1_20046	*
N	*	101	*	*	*	*	*	New.CleanUp.ReferenceOTU16 Mock.2_5394	*
N	*	101	*	*	*	*	*	New.CleanUp.ReferenceOTU162 Mock.2_13237	*
H	44023	101	96.0	+	0	0	22I101M330I	New.CleanUp.ReferenceOTU169 Mock.2_58493	HM037662
N	*	101	*	*	*	*	*	New.CleanUp.ReferenceOTU170 Mock.2_72741	*
H	10962	101	94.1	+	0	0	314I101M262I	New.CleanUp.ReferenceOTU174 Mock.1_67324	DQ683114
H	45309	97	96.9	+	0	0	189I97M388I	New.CleanUp.ReferenceOTU175 Mock.2_49488	JF715197
H	46672	97	96.9	+	0	0	250I97M803I	New.CleanUp.ReferenceOTU175 Mock.2_49488	HQ589260
H	34171	97	95.9	+	0	0	176I97M427I	New.CleanUp.ReferenceOTU175 Mock.2_49488	FM177661
N	*	101	*	*	*	*	*	New.CleanUp.ReferenceOTU176 Mock.2_44184	*
H	34171	101	96.0	+	0	0	176I101M423I	New.CleanUp.ReferenceOTU179 Mock.3_15573	FM177661
H	34170	101	96.0	+	0	0	177I101M426I	New.CleanUp.ReferenceOTU179 Mock.3_15573	FM177662
H	45309	101	96.0	+	0	0	189I101M384I	New.CleanUp.ReferenceOTU179 Mock.3_15573	JF715197
H	725	101	94.1	+	0	0	1481I101M287I	New.CleanUp.ReferenceOTU180 Mock.1_39577	JF907594
H	45601	101	93.1	+	0	0	118I101M311I	New.CleanUp.ReferenceOTU180 Mock.1_39577	AF157596
H	47945	101	94.1	+	0	0	15I101M279I	New.CleanUp.ReferenceOTU180 Mock.1_39577	HQ115737
N	*	101	*	*	*	*	*	New.CleanUp.ReferenceOTU184 Mock.2_18978	*
N	*	101	*	*	*	*	*	New.CleanUp.ReferenceOTU185 Mock.3_9034	*
H	46672	101	93.1	+	0	0	386I101M663I	New.CleanUp.ReferenceOTU191 Mock.3_86	HQ589260
H	725	101	96.0	+	0	0	1481I101M287I	New.CleanUp.ReferenceOTU191 Mock.3_86	JF907594
L	26762	632	*	*	*	*	*	GQ851864	*
H	26762	91	94.5	+	0	0	5I91M536I	New.CleanUp.ReferenceOTU2 Mock.3_52699	GQ851864
H	19843	91	96.7	+	0	0	137I91M477I	New.CleanUp.ReferenceOTU2 Mock.3_52699	AM410602
L	45636	2296	*	*	*	*	*	AB237663	*
H	45636	91	93.4	+	0	0	1704I91M501I	New.CleanUp.ReferenceOTU2 Mock.3_52699	AB237663
H	45601	93	93.5	+	0	0	118I93M319I	New.CleanUp.ReferenceOTU25 Mock.2_38665	AF157596
N	*	101	*	*	*	*	*	New.CleanUp.ReferenceOTU34 Mock.2_5485	*
H	14278	101	96.0	+	0	0	5I101M526I	New.CleanUp.ReferenceOTU40 Mock.1_52686	GU054037
L	19986	650	*	*	*	*	*	EU301641	*
H	19986	101	93.1	+	0	0	26I57MD43M524I	New.CleanUp.ReferenceOTU40 Mock.1_52686	EU301641
L	19385	637	*	*	*	*	*	HQ832968	*
H	19385	101	93.1	+	0	0	9I57MD43M528I	New.CleanUp.ReferenceOTU40 Mock.1_52686	HQ832968
N	*	94	*	*	*	*	*	New.CleanUp.ReferenceOTU43 Mock.1_25228	*
N	*	101	*	*	*	*	*	New.CleanUp.ReferenceOTU44 Mock.1_6422	*
H	50376	101	96.0	+	0	0	12I101M322I	New.CleanUp.ReferenceOTU48 Mock.3_9150	EF199746
N	*	101	*	*	*	*	*	New.CleanUp.ReferenceOTU5 Mock.2_8898	*
H	45309	101	96.0	+	0	0	189I101M384I	New.CleanUp.ReferenceOTU51 Mock.1_65676	JF715197
H	34171	101	95.0	+	0	0	176I101M423I	New.CleanUp.ReferenceOTU51 Mock.1_65676	FM177661
H	34170	101	95.0	+	0	0	177I101M426I	New.CleanUp.ReferenceOTU51 Mock.1_65676	FM177662
H	10962	101	93.1	+	0	0	314I101M262I	New.CleanUp.ReferenceOTU54 Mock.2_50493	DQ683114
H	50376	94	96.8	+	0	0	12I94M329I	New.CleanUp.ReferenceOTU58 Mock.2_7816	EF199746
H	725	83	94.0	+	0	0	1481I83M305I	New.CleanUp.ReferenceOTU6 Mock.1_46887	JF907594
H	50376	101	95.0	+	0	0	12I101M322I	New.CleanUp.ReferenceOTU60 Mock.3_43979	EF199746
N	*	95	*	*	*	*	*	New.CleanUp.ReferenceOTU61 Mock.1_44342	*
H	50376	96	95.8	+	0	0	12I96M327I	New.CleanUp.ReferenceOTU62 Mock.1_1896	EF199746
L	17013	610	*	*	*	*	*	JQ990194	*
H	17013	101	95.0	+	0	0	143I101M366I	New.CleanUp.ReferenceOTU71 Mock.1_1352	JQ990194
L	20976	1397	*	*	*	*	*	GQ153214	*
H	20976	101	94.1	+	0	0	483I101M813I	New.CleanUp.ReferenceOTU71 Mock.1_1352	GQ153214
N	*	101	*	*	*	*	*	New.CleanUp.ReferenceOTU72 Mock.2_8064	*
H	44023	92	93.5	+	0	0	22I92M339I	New.CleanUp.ReferenceOTU78 Mock.1_53045	HM037662
H	45601	92	93.5	+	0	0	118I92M320I	New.CleanUp.ReferenceOTU78 Mock.1_53045	AF157596
N	*	101	*	*	*	*	*	New.CleanUp.ReferenceOTU81 Mock.3_69820	*
N	*	101	*	*	*	*	*	New.CleanUp.ReferenceOTU82 Mock.1_50690	*
H	46672	101	96.0	+	0	0	250I101M799I	New.CleanUp.ReferenceOTU83 Mock.1_18246	HQ589260
H	45309	101	96.0	+	0	0	189I101M384I	New.CleanUp.ReferenceOTU83 Mock.1_18246	JF715197
H	34170	101	96.0	+	0	0	177I101M426I	New.CleanUp.ReferenceOTU83 Mock.1_18246	FM177662
N	*	101	*	*	*	*	*	New.CleanUp.ReferenceOTU9 Mock.2_3312	*
H	47647	93	95.7	+	0	0	24I93M487I	New.CleanUp.ReferenceOTU90 Mock.3_36762	GU370744
N	*	101	*	*	*	*	*	New.CleanUp.ReferenceOTU94 Mock.3_65355	*
N	*	101	*	*	*	*	*	New.CleanUp.ReferenceOTU95 Mock.2_15039	*
D	725	8	*	*	*	*	95.0	JF907594	*
D	4784	2	*	*	*	*	100.0	AM901881	*
D	5473	3	*	*	*	*	100.0	HM037656	*
D	7225	2	*	*	*	*	98.8	GQ510275	*
D	8738	2	*	*	*	*	100.0	FN397167	*
D	9213	2	*	*	*	*	100.0	DQ683006	*
D	9493	2	*	*	*	*	100.0	JN905279	*
D	10418	2	*	*	*	*	100.0	AB293968	*
D	10962	7	*	*	*	*	94.4	DQ683114	*
D	13383	2	*	*	*	*	99.0	JF933755	*
D	14278	3	*	*	*	*	97.5	GU054037	*
D	16219	2	*	*	*	*	100.0	GU934594	*
D	17013	2	*	*	*	*	95.0	JQ990194	*
D	17521	2	*	*	*	*	99.0	FN548146	*
D	18792	2	*	*	*	*	98.7	HQ125124	*
D	19676	2	*	*	*	*	100.0	FN812807	*
D	19843	3	*	*	*	*	96.4	AM410602	*
D	20885	2	*	*	*	*	100.0	GQ376077	*
D	23096	4	*	*	*	*	99.0	EU551202	*
D	26990	2	*	*	*	*	97.8	GQ458026	*
D	26992	3	*	*	*	*	98.0	GQ458025	*
D	33480	2	*	*	*	*	98.0	GU721684	*
D	34170	2	*	*	*	*	96.0	FM177662	*
D	34171	2	*	*	*	*	100.0	FM177661	*
D	36633	2	*	*	*	*	100.0	FR799498	*
D	37038	2	*	*	*	*	100.0	GQ229082	*
D	44023	4	*	*	*	*	97.4	HM037662	*
D	45309	4	*	*	*	*	96.7	JF715197	*
D	45601	6	*	*	*	*	94.2	AF157596	*
D	46672	4	*	*	*	*	97.3	HQ589260	*
D	47647	5	*	*	*	*	96.4	GU370744	*
D	47945	3	*	*	*	*	97.0	HQ115737	*
D	50082	3	*	*	*	*	98.5	JN905480	*
D	50376	8	*	*	*	*	96.3	EF199746	*
