UclustConsensusTaxonAssigner parameters:
id_to_taxonomy_filepath:/Users/nbokulich/Desktop/projects/short-read-tax-assignment/data/novel-taxa-simulations/F1-REF-L5-iter1/ref_taxa.tsv
id_to_taxonomy_fp:/Users/nbokulich/Desktop/projects/short-read-tax-assignment/data/novel-taxa-simulations/F1-REF-L5-iter1/ref_taxa.tsv
max_accepts:1
min_consensus_fraction:1.0
reference_sequences_fp:/Users/nbokulich/Desktop/projects/short-read-tax-assignment/data/novel-taxa-simulations/F1-REF-L5-iter1/ref_seqs.fasta
similarity:0.8
unassignable_label:Unassigned
Result path: /var/folders/0t/l1dz88p50y91vx_22fx5w3780000gn/T/assign-taxlkfbJf

.uc file contents:

# uclust --input /Users/nbokulich/Desktop/projects/short-read-tax-assignment/data/novel-taxa-simulations/F1-REF-L5-iter1/query.fasta --id 0.8 --rev --maxaccepts 1 --allhits --libonly --lib /Users/nbokulich/Desktop/projects/short-read-tax-assignment/data/novel-taxa-simulations/F1-REF-L5-iter1/ref_seqs.fasta --uc /var/folders/0t/l1dz88p50y91vx_22fx5w3780000gn/T/UclustConsensusTaxonAssigner_0o9e4a.uc
# version=1.2.22
# Tab-separated fields:
# 1=Type, 2=ClusterNr, 3=SeqLength or ClusterSize, 4=PctId, 5=Strand, 6=QueryStart, 7=SeedStart, 8=Alignment, 9=QueryLabel, 10=TargetLabel
# Record types (field 1): L=LibSeed, S=NewSeed, H=Hit, R=Reject, D=LibCluster, C=NewCluster, N=NoHit
# For C and D types, PctId is average id with seed.
# QueryStart and SeedStart are zero-based relative to start of sequence.
# If minus strand, SeedStart is relative to reverse-complemented seed.
N	*	206	*	*	*	*	*	AF289074	*
N	*	250	*	*	*	*	*	FJ481038	*
L	6478	221	*	*	*	*	*	FJ914805	*
H	6478	222	86.0	+	0	0	109MD60M2I16M2D34M	AF116177	FJ914805
L	4553	220	*	*	*	*	*	AF451776	*
H	4553	238	85.0	+	0	0	52MD59M4D19M12D23MD67M	DQ534469	AF451776
L	8056	199	*	*	*	*	*	UDB008309	*
H	8056	224	82.4	+	0	0	3D16MD29M4I27MI7MI22M3D6M4D22M7D24M7D14M6D26M	DQ365668	UDB008309
N	*	84	*	*	*	*	*	DQ322098	*
L	7922	250	*	*	*	*	*	U56044	*
H	7922	250	95.6	+	0	0	I131MI26M2I89M4D	EU525946	U56044
L	8091	242	*	*	*	*	*	AY077472	*
H	8091	250	84.3	+	0	0	8D21MI8MI101M4D108M2I	AH009861	AY077472
N	*	218	*	*	*	*	*	AF395684	*
N	*	200	*	*	*	*	*	DQ517417	*
L	4806	153	*	*	*	*	*	AM159634	*
H	4806	152	90.8	+	0	0	34MI19MD71MI27M	AB260936	AM159634
L	5521	185	*	*	*	*	*	FJ441642	*
H	5521	187	97.8	+	0	0	56MD58MD71M	FJ948133	FJ441642
N	*	250	*	*	*	*	*	DQ534567	*
N	*	113	*	*	*	*	*	AF514292	*
N	*	142	*	*	*	*	*	AJ972459	*
L	6088	250	*	*	*	*	*	EU744915	*
H	6088	250	86.8	+	0	0	9M2D54M4I115MI31M2I9M2I23M7D	AB221419	EU744915
L	6126	250	*	*	*	*	*	EU784372	*
H	6126	250	85.2	+	0	0	2D132MI52MD6MD24MI32M2I	GQ389623	EU784372
L	1243	249	*	*	*	*	*	EU375546	*
H	1243	123	93.5	+	0	0	127I33MD89M	U19954	EU375546
N	*	231	*	*	*	*	*	AJ421007	*
L	3808	250	*	*	*	*	*	DQ144618	*
H	3808	250	97.6	+	0	0	2D248M2I	DQ681201	DQ144618
N	*	101	*	*	*	*	*	GQ458022	*
L	3935	228	*	*	*	*	*	DQ409168	*
H	3935	235	88.2	+	0	0	121MI16M4D13M4D77M	EF192226	DQ409168
L	6713	208	*	*	*	*	*	JQ946395	*
H	6713	206	96.1	+	0	0	4I35MD16MD51MD16MI85M	FJ884179	JQ946395
L	271	173	*	*	*	*	*	EF535666	*
H	271	181	81.5	+	0	0	2I20M2I27MD35M6D24M2D21M3D42M	EU041821	EF535666
L	3751	144	*	*	*	*	*	AJ246217	*
H	3751	82	86.6	+	0	0	59I38MI17M2I27M	DQ631933	AJ246217
L	4086	209	*	*	*	*	*	FJ439582	*
H	4086	206	88.3	+	0	0	9MI15MI35MD45MI71MI30M	DQ836182	FJ439582
N	*	192	*	*	*	*	*	DQ836786	*
N	*	157	*	*	*	*	*	DQ789093	*
N	*	217	*	*	*	*	*	EU427035	*
L	5449	249	*	*	*	*	*	DQ403804	*
H	5449	232	88.4	+	0	0	53M2D79M2I16M8I35M9I47M	UDB011365	DQ403804
N	*	250	*	*	*	*	*	DQ875343	*
L	3829	250	*	*	*	*	*	DQ191252	*
H	3829	250	82.4	+	0	0	31M4D23M2D31MD16MI26MD25M8I21MI24MD11MD32M	DQ875353	DQ191252
L	7761	207	*	*	*	*	*	JN367299	*
H	7761	203	91.1	+	0	0	4I109MI19MD74M	DQ875356	JN367299
N	*	145	*	*	*	*	*	DQ974688	*
N	*	224	*	*	*	*	*	AB278192	*
N	*	218	*	*	*	*	*	EF010926	*
N	*	245	*	*	*	*	*	AB257586	*
N	*	250	*	*	*	*	*	DQ873601	*
N	*	250	*	*	*	*	*	DQ873655	*
N	*	193	*	*	*	*	*	DQ873660	*
L	2316	210	*	*	*	*	*	EU375550	*
H	2316	218	99.0	+	0	0	7D179MD31M	EF017208	EU375550
L	2551	202	*	*	*	*	*	AB546941	*
H	2551	201	96.5	+	0	0	2I57MD43MI45MD54M	EF029224	AB546941
L	4641	237	*	*	*	*	*	EU520249	*
H	4641	81	97.5	+	0	0	156I81M	FJ805250	EU520249
N	*	250	*	*	*	*	*	EF088656	*
L	4642	190	*	*	*	*	*	FJ755266	*
H	4642	186	96.2	+	0	0	3I98MI88M	EF121334	FJ755266
L	3559	204	*	*	*	*	*	AF071332	*
H	3559	202	80.7	+	0	0	22M4D36M5D80M9I21M2I34M	AF229484	AF071332
L	1701	184	*	*	*	*	*	GU229801	*
H	1701	195	92.4	+	0	0	37MI52M5D11M8D15MI67M	AB254189	GU229801
L	2795	213	*	*	*	*	*	HQ650628	*
H	2795	116	88.8	+	0	0	94I17M4I48MD50M	AF250780	HQ650628
N	*	250	*	*	*	*	*	AJ877221	*
N	*	249	*	*	*	*	*	AJ005367	*
L	4046	250	*	*	*	*	*	FJ538353	*
H	4046	250	94.0	+	0	0	32MD57MI74M2I84M2D	FJ538352	FJ538353
L	3128	171	*	*	*	*	*	FJ172294	*
H	3128	214	85.4	+	0	0	D41M2D21MD14M26D14M11D30MD20MD31M	EF026118	FJ172294
L	1756	217	*	*	*	*	*	EF026149	*
H	1756	237	83.4	+	0	0	30MI14MD13M2D17M10D8M2D6M4I20M6D52MI6M4D11MD34M	FJ416301	EF026149
L	6588	250	*	*	*	*	*	JN159574	*
H	6588	250	85.2	+	0	0	131M12I88MI18M13D	AY461834	JN159574
L	2683	168	*	*	*	*	*	JF683419	*
H	2683	169	96.4	+	0	0	68MI19M2D80M	EF191243	JF683419
L	4267	221	*	*	*	*	*	AF072233	*
H	4267	221	95.5	+	0	0	221M	EF373565	AF072233
N	*	250	*	*	*	*	*	EF081003	*
N	*	215	*	*	*	*	*	EF194147	*
N	*	250	*	*	*	*	*	AB252471	*
N	*	166	*	*	*	*	*	AF224333	*
L	6840	234	*	*	*	*	*	GU222312	*
H	6840	127	82.7	+	0	0	29I15M2I19MI16M27I29M19I15M28I13MI20M	AF319423	GU222312
N	*	126	*	*	*	*	*	EF081374	*
L	5235	209	*	*	*	*	*	AY624186	*
H	5235	132	84.1	+	0	0	82I11MD58M6D5MI33MI18M	AJ292391	AY624186
N	*	205	*	*	*	*	*	AF444634	*
L	6301	228	*	*	*	*	*	FJ487920	*
H	6301	103	91.3	+	0	0	124I56MI47M	AF192317	FJ487920
L	1841	204	*	*	*	*	*	GU553303	*
H	1841	200	85.0	+	0	0	19MI35MI67M2I79M	AF224395	GU553303
N	*	250	*	*	*	*	*	DQ384578	*
N	*	250	*	*	*	*	*	AF335455	*
N	*	250	*	*	*	*	*	AF335457	*
L	6202	223	*	*	*	*	*	GU062295	*
H	6202	250	88.3	+	0	0	44M2D32MD9M13D14M10D35MD19M2D68M2I	EF155483	GU062295
N	*	211	*	*	*	*	*	EF445992	*
L	1948	184	*	*	*	*	*	FJ614639	*
H	1948	123	91.9	+	0	0	60I54MI69M	EF158023	FJ614639
N	*	250	*	*	*	*	*	U10409	*
N	*	215	*	*	*	*	*	AF364843	*
N	*	250	*	*	*	*	*	EF190282	*
L	7623	250	*	*	*	*	*	JF907993	*
H	7623	250	89.2	+	0	0	24MD57MI73M2D27MI36MI10M3D17M3I	EF530937	JF907993
L	7203	185	*	*	*	*	*	HQ162266	*
H	7203	173	90.2	+	0	0	8I27M6I62M2D82M	EF535688	HQ162266
L	5490	186	*	*	*	*	*	DQ530217	*
H	5490	182	96.2	+	0	0	93MI30M2I41MI18M	GQ852764	DQ530217
N	*	180	*	*	*	*	*	AF383953	*
L	2965	168	*	*	*	*	*	JF908084	*
H	2965	172	86.9	+	0	0	4D24MD26MD28M3I18MD16MD23MI29M	EF197088	JF908084
L	5418	113	*	*	*	*	*	DQ354537	*
H	5418	110	98.2	+	0	0	34M3I76M	EF561640	DQ354537
L	7696	181	*	*	*	*	*	JF951149	*
H	7696	178	92.7	+	0	0	90MI26MI34MI28M	EF394866	JF951149
N	*	187	*	*	*	*	*	EF568065	*
L	4290	231	*	*	*	*	*	AF097578	*
H	4290	121	96.7	+	0	0	109I65MI56M	EF600943	AF097578
N	*	204	*	*	*	*	*	EF600974	*
N	*	115	*	*	*	*	*	AJ133397	*
N	*	173	*	*	*	*	*	EF636923	*
L	4475	250	*	*	*	*	*	AF357038	*
H	4475	250	94.8	+	0	0	133MI21MI31MI62M3D	AF357052	AF357038
L	2931	250	*	*	*	*	*	JF907804	*
H	2931	250	86.4	+	0	0	I53MD97M6I27MD16MI30M2I17M8D	AF357062	JF907804
L	5875	250	*	*	*	*	*	EU266115	*
H	5875	250	80.0	+	0	0	2D6MD21M2I25MI18M3I147MD27M2D	DQ534463	EU266115
L	4985	214	*	*	*	*	*	AY212813	*
H	4985	215	83.6	+	0	0	38M2I34MD77M2D15MI18MD29M	DQ534479	AY212813
N	*	206	*	*	*	*	*	EF989122	*
L	1579	211	*	*	*	*	*	GU062261	*
H	1579	121	81.0	+	0	0	85I11M3I15MI65MD29M2I	AM749919	GU062261
L	2335	223	*	*	*	*	*	HQ589142	*
H	2335	212	92.9	+	0	0	8I86M3I126M	EF669990	HQ589142
L	2684	250	*	*	*	*	*	AY317137	*
H	2684	250	97.2	+	0	0	177MI72MD	EU047935	AY317137
L	4525	180	*	*	*	*	*	AF401968	*
H	4525	182	81.7	+	0	0	2D97MD60MI22M	EF605270	AF401968
N	*	235	*	*	*	*	*	EU118629	*
L	1156	202	*	*	*	*	*	FJ884143	*
H	1156	190	91.1	+	0	0	75MI22M4I12M6I52MI29M	EU040222	FJ884143
N	*	221	*	*	*	*	*	EU069498	*
L	6171	187	*	*	*	*	*	EU882112	*
H	6171	180	90.0	+	0	0	35MI33MI24MI54M3I11MI23M	EU041780	EU882112
L	5533	229	*	*	*	*	*	DQ826737	*
H	5533	227	85.5	+	0	0	70MI23M2I60M2I19M2D28MD24M	EU035404	DQ826737
L	5552	211	*	*	*	*	*	DQ885904	*
H	5552	216	83.9	+	0	0	100M3D54MD21MD36M	EU035423	DQ885904
N	*	213	*	*	*	*	*	GQ927253	*
N	*	135	*	*	*	*	*	EU008632	*
L	424	210	*	*	*	*	*	EU006541	*
H	424	212	81.9	+	0	0	55MI85M2D47MD22M	EU006532	EU006541
L	5870	216	*	*	*	*	*	EU263921	*
H	5870	225	83.3	+	0	0	9D93MI60M2D11MI50M	AF332117	EU263921
N	*	177	*	*	*	*	*	AF332127	*
N	*	195	*	*	*	*	*	EU037891	*
N	*	250	*	*	*	*	*	EU040217	*
L	4058	118	*	*	*	*	*	AB118872	*
H	4058	149	84.7	+	0	0	25M21D14MD11M3D11M3D27M2D8MD22M	EU266501	AB118872
H	5533	242	80.8	+	0	0	70MI27M2D28M5D33MI21M4D15MD10M3D23M	EF513771	DQ826737
N	*	244	*	*	*	*	*	AB097450	*
L	4983	183	*	*	*	*	*	FJ786401	*
H	4983	174	96.6	+	0	0	5I80MI6M2I59MI29M	EU144054	FJ786401
N	*	230	*	*	*	*	*	FJ766487	*
L	6787	229	*	*	*	*	*	GU067734	*
H	6787	225	95.6	+	0	0	76MI83M3I66M	FJ462747	GU067734
N	*	250	*	*	*	*	*	EU293816	*
L	488	181	*	*	*	*	*	EU853471	*
H	488	181	98.9	+	0	0	181M	EU853479	EU853471
L	1342	190	*	*	*	*	*	FJ871085	*
H	1342	196	82.1	+	0	0	83M6D24M4D35M2I11M2I33M	EU266078	FJ871085
L	6033	210	*	*	*	*	*	EU670222	*
H	6033	209	87.6	+	0	0	13MD57MI23MI18M2D37MD29M3I28M	EU266100	EU670222
L	5907	218	*	*	*	*	*	EU401769	*
H	5907	223	82.1	+	0	0	46MD55MD97M3D20M	EU266103	EU401769
N	*	195	*	*	*	*	*	EU266107	*
L	1685	166	*	*	*	*	*	FJ900601	*
H	1685	172	100.0	+	0	0	6D166M	FJ941882	FJ900601
N	*	250	*	*	*	*	*	EU352773	*
N	*	250	*	*	*	*	*	EU330178	*
L	1460	191	*	*	*	*	*	EU715605	*
H	1460	193	97.4	+	0	0	8M2D183M	EU339370	EU715605
N	*	143	*	*	*	*	*	HE611486	*
N	*	250	*	*	*	*	*	EU402595	*
L	5835	250	*	*	*	*	*	EU157728	*
H	5835	250	97.6	+	0	0	139MI110MD	EU420068	EU157728
N	*	250	*	*	*	*	*	EU477860	*
L	4014	197	*	*	*	*	*	FJ411408	*
H	4014	198	91.9	+	0	0	55MD110MD19MI12M	U57668	FJ411408
L	1655	250	*	*	*	*	*	AY129346	*
H	1655	250	84.0	+	0	0	4I18MI18MI13M2I61MI33M3D21M4I73M10D	EU401714	AY129346
L	1478	167	*	*	*	*	*	EF051727	*
H	1478	164	97.6	+	0	0	133M3I31M	EF051729	EF051727
L	6496	222	*	*	*	*	*	EU343826	*
H	6496	236	82.4	+	0	0	I7MI21M7D23M5D20M2D42M4I13M4D28MD22MD40M	EU343869	EU343826
L	5378	170	*	*	*	*	*	DQ247776	*
H	5378	173	90.6	+	0	0	55MD19MD12MD16M2D14MI23MI29M	EU551192	DQ247776
L	1867	219	*	*	*	*	*	GQ996575	*
H	1867	224	98.6	+	0	0	4D97MD122M	EU551205	GQ996575
L	607	100	*	*	*	*	*	EU254860	*
H	607	84	95.2	+	0	0	14I12MI41MI31M	EU254750	EU254860
L	6500	106	*	*	*	*	*	FR667997	*
H	6500	104	93.3	+	0	0	D5M2I45M2I16MD36M	EU254889	FR667997
L	2459	86	*	*	*	*	*	EU254963	*
H	2459	86	91.9	+	0	0	86M	EU254918	EU254963
L	7152	219	*	*	*	*	*	HM578889	*
H	7152	222	87.2	+	0	0	193M3D26M	AF410820	HM578889
L	1221	174	*	*	*	*	*	EU400150	*
H	1221	178	82.8	+	0	0	25MI51M7D38M2I57M	AJ301962	EU400150
N	*	241	*	*	*	*	*	AF454429	*
L	2310	211	*	*	*	*	*	HM595526	*
H	2310	96	97.9	+	0	0	115I96M	EU434855	HM595526
N	*	216	*	*	*	*	*	AF394020	*
L	7269	198	*	*	*	*	*	HQ449175	*
H	7269	202	88.9	+	0	0	37MI23MI23M8D19MI27MI65M	EU622257	HQ449175
N	*	250	*	*	*	*	*	EU708338	*
L	3095	182	*	*	*	*	*	JN712502	*
H	3095	186	90.1	+	0	0	88M3D63MD31M	EU707898	JN712502
L	738	149	*	*	*	*	*	EU520144	*
H	738	146	97.3	+	0	0	26M2I19MI101M	EU520134	EU520144
N	*	250	*	*	*	*	*	EU697242	*
L	263	250	*	*	*	*	*	EF183540	*
H	263	235	81.3	+	0	0	I24MI35M7I18MI8MI61MD39M5I20MI28MD	EU697272	EF183540
N	*	82	*	*	*	*	*	EU553494	*
N	*	250	*	*	*	*	*	EU623638	*
N	*	250	*	*	*	*	*	EU552137	*
N	*	250	*	*	*	*	*	AJ518879	*
L	608	95	*	*	*	*	*	EU255033	*
H	608	102	85.3	+	0	0	D42M4D16M2D37M	EU683062	EU255033
L	4326	216	*	*	*	*	*	AF141367	*
H	4326	222	92.6	+	0	0	2D164MD25M3D27M	EU707822	AF141367
N	*	250	*	*	*	*	*	GQ165705	*
L	4584	250	*	*	*	*	*	AF485069	*
H	4584	250	92.0	+	0	0	193MI46M2I8M3D	EU834222	AF485069
L	4943	190	*	*	*	*	*	DQ257360	*
H	4943	202	83.2	+	0	0	40M3I24MD20M6D17M2D30M2D9MD20M3D27M	EU819412	DQ257360
N	*	210	*	*	*	*	*	EU819439	*
L	5401	250	*	*	*	*	*	DQ328132	*
H	5401	250	88.8	+	0	0	53MD100M3I47MD34MD13M	EU819469	DQ328132
N	*	200	*	*	*	*	*	EU846259	*
L	2195	210	*	*	*	*	*	HM467652	*
H	2195	215	87.6	+	0	0	86M5D124M	EU673340	HM467652
L	845	216	*	*	*	*	*	FJ914669	*
H	845	211	92.9	+	0	0	9MI8MI70M3I25MI62MD36M	AM774156	FJ914669
L	454	218	*	*	*	*	*	AF254628	*
H	454	222	92.2	+	0	0	156MI14MD23MD6M3D18M	AF404123	AF254628
L	3646	144	*	*	*	*	*	AY854070	*
H	3646	142	97.9	+	0	0	73MI40MI29M	FJ478111	AY854070
L	6767	229	*	*	*	*	*	AF085492	*
H	6767	229	91.3	+	0	0	25M2D21MI49MI132M	EU918698	AF085492
N	*	171	*	*	*	*	*	EU920673	*
N	*	207	*	*	*	*	*	EU681281	*
L	7797	229	*	*	*	*	*	JN813383	*
H	7797	229	81.7	+	0	0	5I16MI29MI59M2D55M2D25M2I14M5D22M	EU681286	JN813383
L	3839	166	*	*	*	*	*	DQ202516	*
H	3839	201	85.5	+	0	0	33D77MD27MD62M	FJ000402	DQ202516
L	2255	220	*	*	*	*	*	FJ878682	*
H	2255	224	97.7	+	0	0	26MD68M2D91MD35M	GQ461906	FJ878682
L	7771	207	*	*	*	*	*	JN564004	*
H	7771	208	94.2	+	0	0	36MI75MD4MD91M	EU715604	JN564004
L	969	176	*	*	*	*	*	FM206478	*
H	969	165	84.8	+	0	0	25M2I57M7I45MI17MI21M	EU715633	FM206478
N	*	170	*	*	*	*	*	AF444299	*
L	4023	154	*	*	*	*	*	AF444479	*
H	4023	152	85.5	+	0	0	116M2I36M	AF444461	AF444479
L	6878	171	*	*	*	*	*	GU291281	*
H	6878	188	83.0	+	0	0	24M4D35M4D35M8D40MD37M	AF444494	GU291281
L	4547	203	*	*	*	*	*	AF444530	*
H	4547	202	85.1	+	0	0	26MI36MI14MI45M4D20MI43MI14M	AF444630	AF444530
L	5376	186	*	*	*	*	*	DQ238743	*
H	5376	190	97.8	+	0	0	24MI32MD26MD40M2D9MD54M	AF444593	DQ238743
N	*	236	*	*	*	*	*	EU784181	*
N	*	250	*	*	*	*	*	EU784183	*
N	*	250	*	*	*	*	*	EU784185	*
N	*	198	*	*	*	*	*	EU784186	*
N	*	250	*	*	*	*	*	EU784192	*
N	*	137	*	*	*	*	*	EU784442	*
N	*	215	*	*	*	*	*	FJ150707	*
L	5020	213	*	*	*	*	*	AY254710	*
H	5020	199	85.4	+	0	0	2I25M2I27M3I24MI19MI15MI12MI16M2I40MI21M	U66011	AY254710
L	3479	213	*	*	*	*	*	AF117353	*
H	3479	206	90.8	+	0	0	2I16MI35M2I49MI73MI33M	U66016	AF117353
N	*	250	*	*	*	*	*	AF377057	*
L	1326	219	*	*	*	*	*	U89366	*
H	1326	201	84.6	+	0	0	I19MD24MI7MI31M3I57MD34M5I27M9I	AF003989	U89366
L	2100	199	*	*	*	*	*	AB481269	*
H	2100	201	85.4	+	0	0	2I10MI43MD35M2D45M2D63M	U57988	AB481269
L	7283	195	*	*	*	*	*	EF029230	*
H	7283	185	94.6	+	0	0	9I104MI81M	FJ005092	EF029230
L	5332	169	*	*	*	*	*	FJ481036	*
H	5332	183	84.0	+	0	0	55MD21MI30M6D27M8D35M	EU860055	FJ481036
L	2127	201	*	*	*	*	*	HM046875	*
H	2127	188	81.9	+	0	0	105M10I43MI19M2I21M	FJ481021	HM046875
N	*	250	*	*	*	*	*	FJ810171	*
N	*	248	*	*	*	*	*	FJ499393	*
N	*	250	*	*	*	*	*	FJ594063	*
L	3744	237	*	*	*	*	*	AY773454	*
H	3744	238	97.0	+	0	0	100MD26MD71MI39M	FJ599809	AY773454
N	*	199	*	*	*	*	*	FJ596791	*
N	*	190	*	*	*	*	*	FJ596839	*
N	*	209	*	*	*	*	*	FJ789599	*
L	3721	202	*	*	*	*	*	AF141186	*
H	3721	202	96.5	+	0	0	202M	GU062273	AF141186
L	5175	206	*	*	*	*	*	AY615208	*
H	5175	205	92.2	+	0	0	81MI124M	AY999116	AY615208
N	*	214	*	*	*	*	*	DQ018098	*
N	*	120	*	*	*	*	*	FM202494	*
L	7790	229	*	*	*	*	*	FJ794472	*
H	7790	229	93.9	+	0	0	229M	AF405301	FJ794472
N	*	228	*	*	*	*	*	GU234033	*
L	3743	235	*	*	*	*	*	AY773446	*
H	3743	237	92.3	+	0	0	71M2D34MI79MD50M	FJ380941	AY773446
L	3693	218	*	*	*	*	*	AY965755	*
H	3693	205	90.2	+	0	0	100M11I50MI13MI42M	FJ380944	AY965755
L	3690	222	*	*	*	*	*	DQ001299	*
H	3690	220	83.2	+	0	0	104M2D22M3I67MI25M	FJ871107	DQ001299
L	5856	201	*	*	*	*	*	EU249479	*
H	5856	222	80.1	+	0	0	2I17MD11M5D9M7D71M4D45M3D9MD15M2D22M	FJ645263	EU249479
L	6725	250	*	*	*	*	*	EU273512	*
H	6725	250	87.6	+	0	0	28MD221MI	FJ770392	EU273512
N	*	221	*	*	*	*	*	FJ588711	*
N	*	250	*	*	*	*	*	AF491557	*
L	6160	250	*	*	*	*	*	EU846256	*
H	6160	247	81.8	+	0	0	95MI11MD94M6I43M3D	GQ267480	EU846256
L	163	250	*	*	*	*	*	EF026116	*
H	163	250	83.2	+	0	0	5I22M2D46M2D37M5I7MI32M2D72MI22M6D	GQ292540	EF026116
H	5490	180	88.9	+	0	0	25MD9M2D60M7I24MI41MI18M	GQ355335	DQ530217
N	*	221	*	*	*	*	*	AB439544	*
L	6379	209	*	*	*	*	*	FJ664885	*
H	6379	219	87.1	+	0	0	24MD85MD52M6D30M2D18M	JF509174	FJ664885
N	*	236	*	*	*	*	*	GQ355959	*
L	7777	215	*	*	*	*	*	FJ515198	*
H	7777	240	87.9	+	0	0	35M5D37MD28M6D17M8D42M2D25M3D31M	GQ303293	FJ515198
L	5505	215	*	*	*	*	*	GQ913346	*
H	5505	224	88.8	+	0	0	72MD45M7D74MD24M	GQ303296	GQ913346
L	4803	207	*	*	*	*	*	AM159623	*
H	4803	207	99.5	+	0	0	207M	FJ903297	AM159623
N	*	250	*	*	*	*	*	AF454576	*
N	*	250	*	*	*	*	*	GQ981494	*
N	*	250	*	*	*	*	*	GQ981503	*
L	2807	206	*	*	*	*	*	HQ650721	*
H	2807	206	98.1	+	0	0	206M	FJ919809	HQ650721
L	2338	185	*	*	*	*	*	GQ922525	*
H	2338	185	95.7	+	0	0	83MD81MI20M	GQ922520	GQ922525
L	7485	214	*	*	*	*	*	JF271754	*
H	7485	207	97.6	+	0	0	6I164MI43M	EF585539	JF271754
N	*	250	*	*	*	*	*	FJ827713	*
N	*	150	*	*	*	*	*	FJ827725	*
L	7024	250	*	*	*	*	*	HM005139	*
H	7024	250	90.4	+	0	0	18MD42M8I76MD9M2D32M3I62M7D	GQ913359	HM005139
L	7104	129	*	*	*	*	*	HM484865	*
H	7104	126	94.4	+	0	0	13M2I86MI27M	GU219471	HM484865
L	2550	188	*	*	*	*	*	AB546939	*
H	2550	204	81.9	+	0	0	3D15MD25MD18MD38M7D10MD27M2D55M	GU222294	AB546939
N	*	152	*	*	*	*	*	FJ887922	*
L	1679	168	*	*	*	*	*	GU138717	*
H	1679	172	82.1	+	0	0	42M4D29MI64MD32M	GU138755	GU138717
N	*	250	*	*	*	*	*	AF482855	*
N	*	250	*	*	*	*	*	AF482859	*
L	1142	250	*	*	*	*	*	FJ515182	*
H	1142	250	84.8	+	0	0	38MD46MI43M3I24M2I31M4D52MD10M	GU014817	FJ515182
L	3981	189	*	*	*	*	*	DQ491515	*
H	3981	190	95.2	+	0	0	24MI18MD21MD125M	GU214649	DQ491515
N	*	200	*	*	*	*	*	AB104725	*
N	*	83	*	*	*	*	*	GQ203770	*
L	6711	210	*	*	*	*	*	FN868481	*
H	6711	204	96.1	+	0	0	105M6I99M	EU860383	FN868481
L	885	194	*	*	*	*	*	GQ152145	*
H	885	192	88.5	+	0	0	61MI25M2I24MI18MD10MD52M	AY204610	GQ152145
N	*	244	*	*	*	*	*	AJ439439	*
N	*	216	*	*	*	*	*	GU594161	*
N	*	190	*	*	*	*	*	AB213454	*
N	*	165	*	*	*	*	*	GQ890325	*
N	*	250	*	*	*	*	*	AB056132	*
N	*	209	*	*	*	*	*	U51967	*
H	1579	179	82.7	+	0	0	4I27MD7M2I41M28I14MI24M2D63M	FN821965	GU062261
N	*	250	*	*	*	*	*	GU324760	*
H	1156	204	84.2	+	0	0	2I24MI61M3D7M6D17M5I57MD28M	AF009805	FJ884143
L	1975	203	*	*	*	*	*	AF009811	*
H	1975	201	80.6	+	0	0	34MD24MI26MI59M2I17MD39M	AF009812	AF009811
L	7356	109	*	*	*	*	*	GQ121328	*
H	7356	125	87.2	+	0	0	I29M18D25MI53M	AF009815	GQ121328
N	*	158	*	*	*	*	*	HM208605	*
N	*	208	*	*	*	*	*	AB509921	*
L	4687	90	*	*	*	*	*	AJ293879	*
H	4687	90	93.3	+	0	0	90M	U92307	AJ293879
N	*	215	*	*	*	*	*	HM016895	*
L	7187	246	*	*	*	*	*	AJ315834	*
H	7187	250	95.1	+	0	0	3D225MD21M	AB566287	AJ315834
L	6186	199	*	*	*	*	*	EU938675	*
H	6186	222	83.4	+	0	0	26M22D26MD42MD55MI49M	JQ711893	EU938675
L	4033	189	*	*	*	*	*	AB072232	*
H	4033	189	96.8	+	0	0	189M	AB072233	AB072232
L	4842	186	*	*	*	*	*	FJ914679	*
H	4842	192	91.4	+	0	0	90M7D35MI60M	EF639862	FJ914679
N	*	211	*	*	*	*	*	GU187524	*
H	6711	193	92.2	+	0	0	43M2D45M19I103M	EU673327	FN868481
H	7283	194	91.2	+	0	0	D25MI21MI20MD47MI79M	FR668015	EF029230
L	5880	228	*	*	*	*	*	AB267394	*
H	5880	238	92.5	+	0	0	8D205M2D23M	U85789	AB267394
L	1572	200	*	*	*	*	*	GQ922522	*
H	1572	201	95.5	+	0	0	4D24MI81M2I92M	HQ406808	GQ922522
L	4645	219	*	*	*	*	*	AJ006667	*
H	4645	226	82.6	+	0	0	29M2I61MD28M5D25M3D14M2I16MD21MD21M	HM583842	AJ006667
N	*	221	*	*	*	*	*	HM215520	*
N	*	250	*	*	*	*	*	GU234149	*
N	*	151	*	*	*	*	*	HM191746	*
L	3991	219	*	*	*	*	*	U31843	*
H	3991	229	92.2	+	0	0	16MD67M3D22M4D58M2D56M	AB190871	U31843
N	*	224	*	*	*	*	*	AF539471	*
N	*	208	*	*	*	*	*	HM244759	*
L	8177	250	*	*	*	*	*	UDB011841	*
H	8177	250	86.4	+	0	0	2D6MD147M11I10MI51MI23M10D	HQ533010	UDB011841
N	*	250	*	*	*	*	*	HQ533012	*
L	4026	223	*	*	*	*	*	FJ494954	*
H	4026	217	83.4	+	0	0	D107M8I55MI21M2D31M	GU300790	FJ494954
L	1646	250	*	*	*	*	*	GQ913398	*
H	1646	250	80.8	+	0	0	38MD43MD53MI13M5D96M6I	HM005073	GQ913398
L	4215	250	*	*	*	*	*	GQ844244	*
H	4215	250	81.6	+	0	0	61M6D14MI59M5D9M2I72MI24M7I	HM005147	GQ844244
N	*	205	*	*	*	*	*	AF384861	*
L	2047	250	*	*	*	*	*	GU980122	*
H	2047	250	86.8	+	0	0	12MI71MD67M15D24M2D15MI43M16I	AB607172	GU980122
L	1979	169	*	*	*	*	*	AB481262	*
H	1979	205	88.8	+	0	0	86M15D6M21D77M	AB546949	AB481262
L	1449	216	*	*	*	*	*	EU700370	*
H	1449	215	91.2	+	0	0	36MD71M2I107M	AY604526	EU700370
L	1007	250	*	*	*	*	*	EU784364	*
H	1007	250	89.6	+	0	0	10I107MI21MI18MI13M4D78M9D	GU479307	EU784364
L	952	222	*	*	*	*	*	EU784156	*
H	952	222	88.7	+	0	0	5MD27MI10MI37MD29MI54MD57M	GU994566	EU784156
H	4014	198	92.9	+	0	0	55MD35MD49MI57M	JF340250	FJ411408
L	5329	230	*	*	*	*	*	AY929375	*
H	5329	230	97.4	+	0	0	54MD114MI61M	FJ798603	AY929375
L	291	233	*	*	*	*	*	EF212847	*
H	291	212	80.7	+	0	0	10I16MD39MD27M10I24M2I69MI35M	JF681966	EF212847
L	6851	250	*	*	*	*	*	GU233321	*
H	6851	250	95.6	+	0	0	132M3I28MI45MD41M3D	AF389161	GU233321
L	1541	221	*	*	*	*	*	AF451790	*
H	1541	221	95.5	+	0	0	221M	AF072224	AF451790
L	4980	207	*	*	*	*	*	EU450836	*
H	4980	210	99.5	+	0	0	4D18MI188M	FJ903377	EU450836
L	5450	234	*	*	*	*	*	DQ404381	*
H	5450	142	80.3	+	0	0	90I16M2D43M2I45M2I36M	HQ222013	DQ404381
L	5426	250	*	*	*	*	*	DQ384587	*
H	5426	250	93.2	+	0	0	190MI59MD	AF506379	DQ384587
L	3931	250	*	*	*	*	*	DQ389662	*
H	3931	250	99.2	+	0	0	206M2I42M2D	AF506389	DQ389662
L	2717	250	*	*	*	*	*	AF506439	*
H	2717	250	98.8	+	0	0	3D247M3I	AF506441	AF506439
L	5620	176	*	*	*	*	*	EF121859	*
H	5620	176	99.4	+	0	0	176M	FJ481051	EF121859
N	*	227	*	*	*	*	*	HQ650601	*
N	*	90	*	*	*	*	*	AF274086	*
L	4551	203	*	*	*	*	*	AF448458	*
H	4551	206	80.3	+	0	0	2I94MD79M4D28M	HQ650635	AF448458
L	425	208	*	*	*	*	*	AF332112	*
H	425	214	81.2	+	0	0	D35MD30MI22MI20M2D20M3I30MD15M6D31M	HQ650638	AF332112
L	4105	199	*	*	*	*	*	AB245119	*
H	4105	197	85.3	+	0	0	24MD80M5I17MD21MD52M	HQ650696	AB245119
N	*	163	*	*	*	*	*	HQ650699	*
L	2888	202	*	*	*	*	*	HQ693875	*
H	2888	195	95.4	+	0	0	81M6I49MD12MI21MI31M	GU222301	HQ693875
L	5551	182	*	*	*	*	*	DQ885901	*
H	5551	182	86.3	+	0	0	182M	JF499851	DQ885901
L	1374	230	*	*	*	*	*	FJ357314	*
H	1374	228	93.0	+	0	0	8MI154MI7MI28MD30M	AY359887	FJ357314
N	*	118	*	*	*	*	*	JN053487	*
N	*	250	*	*	*	*	*	FJ608589	*
L	3963	172	*	*	*	*	*	DQ431172	*
H	3963	162	86.4	+	0	0	27I10MD52MD6M15D77M	Z81447	DQ431172
N	*	202	*	*	*	*	*	JF908018	*
L	3016	232	*	*	*	*	*	JF908721	*
H	3016	235	93.5	+	0	0	129M2D49MD54M	JF908719	JF908721
N	*	201	*	*	*	*	*	JF908763	*
N	*	250	*	*	*	*	*	JF908772	*
N	*	218	*	*	*	*	*	JF908791	*
N	*	250	*	*	*	*	*	JF495036	*
L	2147	233	*	*	*	*	*	HM209239	*
H	2147	220	80.9	+	0	0	25M14I16MI24MD43MD10MD42M2I36MD20M	JN009733	HM209239
L	2886	221	*	*	*	*	*	JN086325	*
H	2886	222	91.9	+	0	0	196MD25M	HQ650610	JN086325
L	6499	222	*	*	*	*	*	EU520183	*
H	6499	151	80.8	+	0	0	73I85MD33MD31M	JN654921	EU520183
L	5922	203	*	*	*	*	*	EU807869	*
H	5922	200	93.0	+	0	0	3I141MI36MD22M	AY372676	EU807869
L	6779	221	*	*	*	*	*	GU059594	*
H	6779	198	85.9	+	0	0	90M22I32MD43MI10MI22M	JN049866	GU059594
L	5730	225	*	*	*	*	*	EF592152	*
H	5730	230	85.8	+	0	0	2D25M2D20MI77M3I65MD11M4D23M	AF038354	EF592152
L	5266	236	*	*	*	*	*	AY916454	*
H	5266	235	90.2	+	0	0	38MD30M2I60MD56MI49M	JN865203	AY916454
L	304	116	*	*	*	*	*	FN423704	*
H	304	119	91.4	+	0	0	24MD73M2D19M	FR750134	FN423704
N	*	210	*	*	*	*	*	JN638251	*
N	*	250	*	*	*	*	*	AF079678	*
L	3775	216	*	*	*	*	*	U18353	*
H	3775	177	83.1	+	0	0	34MI51M41I16M2D41MD32M	JF417488	U18353
L	5258	229	*	*	*	*	*	AY849307	*
H	5258	236	84.3	+	0	0	53MI74M11D14M2I61MI23M	EF577058	AY849307
L	3321	243	*	*	*	*	*	JN710605	*
H	3321	245	83.1	+	0	0	52M2D45MD39M4I13MI17M4D72M	JN710531	JN710605
L	3318	229	*	*	*	*	*	JN710549	*
H	3318	224	80.8	+	0	0	53M4I19M3D41M2D19M2I25M2I20M2I11MI8MD22M	JN710548	JN710549
L	7815	210	*	*	*	*	*	JN899380	*
H	7815	211	87.6	+	0	0	61M2D27MI25MI63MD32M	JN899400	JN899380
L	6153	250	*	*	*	*	*	EU833660	*
H	6153	250	95.2	+	0	0	14MI130MI54MD14MI35M2D	AB067724	EU833660
H	1156	192	82.3	+	0	0	26M3I85M6I55MI26M	JF440977	FJ884143
L	7499	226	*	*	*	*	*	GU062246	*
H	7499	167	80.2	+	0	0	24M3I27MD15M14I6M25I14M16I45M2I35M	JF440978	GU062246
L	3335	250	*	*	*	*	*	JQ408230	*
H	3335	250	98.0	+	0	0	250M	JQ408227	JQ408230
L	3217	174	*	*	*	*	*	GQ280665	*
H	3217	174	94.3	+	0	0	174M	JQ347275	GQ280665
H	952	216	85.2	+	0	0	21M2I88MI59M2I16MI32M	AF097903	EU784156
N	*	250	*	*	*	*	*	AF059285	*
L	2048	250	*	*	*	*	*	GU980127	*
H	2048	250	89.6	+	0	0	4I55M2D87M15D91M13I	AY534119	GU980127
N	*	110	*	*	*	*	*	AJ508681	*
N	*	250	*	*	*	*	*	AY558598	*
N	*	250	*	*	*	*	*	EF527210	*
L	3524	114	*	*	*	*	*	AY558603	*
H	3524	217	80.7	+	0	0	105D35MI31MI46M	AY558633	AY558603
L	5815	250	*	*	*	*	*	EU118608	*
H	5815	234	82.5	+	0	0	22MI32M9I40M2D43MD28MD25M17I33M7D	AY621777	EU118608
L	2515	250	*	*	*	*	*	EU833649	*
H	2515	250	82.8	+	0	0	7I106M3D26MD20M9I16MI8M2I33MD17MD5M13D	AJ237626	EU833649
L	1442	204	*	*	*	*	*	GQ241279	*
H	1442	196	94.9	+	0	0	8I196M	AF071340	GQ241279
N	*	212	*	*	*	*	*	AY558743	*
N	*	250	*	*	*	*	*	AJ716159	*
N	*	87	*	*	*	*	*	AY755347	*
L	5459	248	*	*	*	*	*	AY874150	*
H	5459	233	86.3	+	0	0	10I13M3I13MI18M2I20MI147M2D20M	AY652759	AY874150
N	*	193	*	*	*	*	*	AY854068	*
N	*	245	*	*	*	*	*	GQ304945	*
H	2717	250	99.2	+	0	0	210MD39MI	AF141637	AF506439
L	4161	176	*	*	*	*	*	AB481252	*
H	4161	176	81.2	+	0	0	60M3I37M5D14M2I60M	AY789280	AB481252
N	*	92	*	*	*	*	*	AY795873	*
L	683	250	*	*	*	*	*	U56036	*
H	683	250	95.2	+	0	0	22MD137MD45MI44MI	U56046	U56036
N	*	240	*	*	*	*	*	DQ000299	*
N	*	250	*	*	*	*	*	AF097755	*
L	305	80	*	*	*	*	*	AM292667	*
H	305	216	85.0	+	0	0	136D80M	AJ247516	AM292667
N	*	242	*	*	*	*	*	AJ131785	*
N	*	230	*	*	*	*	*	AJ133433	*
L	188	219	*	*	*	*	*	EF373567	*
H	188	221	96.8	+	0	0	106MD16MD97M	AF226661	EF373567
L	1143	182	*	*	*	*	*	FJ515891	*
H	1143	132	84.1	+	0	0	39I40M6I13M3I27MI52MI	U21830	FJ515891
N	*	250	*	*	*	*	*	DQ097357	*
N	*	240	*	*	*	*	*	DQ144611	*
N	*	225	*	*	*	*	*	DQ144612	*
L	5347	250	*	*	*	*	*	DQ144620	*
H	5347	250	93.6	+	0	0	188MD61MI	DQ144619	DQ144620
L	2746	188	*	*	*	*	*	AF540505	*
H	2746	108	88.0	+	0	0	80I108M	DQ201952	AF540505
L	3412	91	*	*	*	*	*	AF076413	*
H	3412	250	86.8	+	0	0	91M159D	DQ241471	AF076413
N	*	250	*	*	*	*	*	AB214899	*
H	608	96	93.7	+	0	0	D95M	EU199178	EU255033
H	608	122	90.5	+	0	0	27D95M	EU199187	EU255033
L	5400	250	*	*	*	*	*	DQ328103	*
H	5400	250	92.8	+	0	0	8I61MI72MD33MI27MD47M8D	DQ328113	DQ328103
L	7275	250	*	*	*	*	*	HQ533035	*
H	7275	250	85.2	+	0	0	118MI17M9D106M8I	DQ328168	HQ533035
L	4646	217	*	*	*	*	*	AY218416	*
H	4646	216	82.9	+	0	0	2I28MI25M2I33MD29M2D17MD80M	DQ384594	AY218416
L	2714	250	*	*	*	*	*	AF506394	*
H	2714	250	98.4	+	0	0	250M	DQ389663	AF506394
N	*	111	*	*	*	*	*	AF274081	*
L	2984	250	*	*	*	*	*	AF140254	*
H	2984	109	98.2	+	0	0	141I109M	AF231912	AF140254
N	*	173	*	*	*	*	*	DQ497617	*
N	*	115	*	*	*	*	*	DQ516524	*
L	4216	250	*	*	*	*	*	AB354209	*
H	4216	250	91.2	+	0	0	3I5MI241M4D	EU343866	AB354209
L	6667	152	*	*	*	*	*	GQ338074	*
H	6667	127	81.1	+	0	0	23M14I16MI14M9I39MI35M	AB105353	GQ338074
L	3652	250	*	*	*	*	*	AY740165	*
H	3652	250	88.8	+	0	0	30M3I96M3D21M4D96M4I	GQ167045	AY740165
N	*	224	*	*	*	*	*	AB278196	*
N	*	201	*	*	*	*	*	AB353761	*
N	*	170	*	*	*	*	*	DQ885585	*
H	4046	250	80.4	+	0	0	2I30M2I21M2I11M2I90M4I86M12D	AB454319	FJ538353
L	1978	169	*	*	*	*	*	AB481261	*
H	1978	198	88.2	+	0	0	58M2I26MI4M33D17MI60M	AB481284	AB481261
L	7933	194	*	*	*	*	*	U57813	*
H	7933	196	96.4	+	0	0	2D10MD49MI134M	AB481288	U57813
L	1140	216	*	*	*	*	*	FJ493249	*
H	1140	207	80.2	+	0	0	24MI27M10I39M2I66M5D20MI26M	GQ456166	FJ493249
L	4194	180	*	*	*	*	*	AB524797	*
H	4194	181	90.0	+	0	0	72MD108M	AB524791	AB524797
H	4194	183	87.2	+	0	0	74MD79M2D27M	AB524794	AB524797
H	4194	178	93.3	+	0	0	23MI16M2I32MD106M	AB524812	AB524797
L	267	250	*	*	*	*	*	FJ608588	*
H	267	109	84.4	+	0	0	77I52MD56M65I	AF068922	FJ608588
L	4274	250	*	*	*	*	*	AF079715	*
H	4274	250	90.4	+	0	0	24M4I95MD11MI115M4D	AF079673	AF079715
L	3268	250	*	*	*	*	*	AF079721	*
H	3268	250	94.4	+	0	0	117MD132MI	AF079676	AF079721
N	*	250	*	*	*	*	*	AF079684	*
N	*	250	*	*	*	*	*	AF090875	*
L	7402	221	*	*	*	*	*	DQ232664	*
H	7402	222	82.4	+	0	0	83MI20MI71MD11M3D8MI25M	AF116180	DQ232664
H	3128	167	93.4	+	0	0	D18MD60M6I87M	AF201713	FJ172294
L	3085	176	*	*	*	*	*	AY303969	*
H	3085	171	86.0	+	0	0	5I35MD49M2I26MD59M	AF222849	AY303969
H	454	222	87.6	+	0	0	193M4D25M	AF227513	AF254628
N	*	250	*	*	*	*	*	AF345807	*
N	*	171	*	*	*	*	*	AF350290	*
L	3611	207	*	*	*	*	*	DQ119115	*
H	3611	207	96.6	+	0	0	207M	AF385213	DQ119115
L	4966	247	*	*	*	*	*	AY176458	*
H	4966	250	81.0	+	0	0	53MI74M2D5M10D20MI74MD11M8I	AF391038	AY176458
N	*	237	*	*	*	*	*	AF435825	*
L	907	151	*	*	*	*	*	AF444320	*
H	907	136	81.6	+	0	0	25M4I22M2I12M3I22M4I23MI8MI24M	AF444318	AF444320
L	6920	156	*	*	*	*	*	GU327539	*
H	6920	159	93.6	+	0	0	27MD60M2D69M	AF444670	GU327539
N	*	250	*	*	*	*	*	AF484690	*
L	7160	250	*	*	*	*	*	HM595619	*
H	7160	250	95.2	+	0	0	6I203M3D41M3D	AF506423	HM595619
L	4612	250	*	*	*	*	*	AF506417	*
H	4612	250	98.0	+	0	0	4I246M4D	AF506449	AF506417
L	2715	250	*	*	*	*	*	AF506428	*
H	2715	250	96.0	+	0	0	74MI175MD	AF506484	AF506428
H	1979	170	86.4	+	0	0	57M2I30M4D19MI60M	AF128440	AB481262
L	7398	122	*	*	*	*	*	HQ660438	*
H	7398	122	100.0	+	0	0	122M	AJ292401	HQ660438
N	*	250	*	*	*	*	*	AJ315841	*
L	5256	241	*	*	*	*	*	AY841862	*
H	5256	196	88.8	+	0	0	30MI23M2I20MI18M6I16M6I9M17I11M10I13MI27MI29M	AJ866977	AY841862
N	*	224	*	*	*	*	*	AY781267	*
N	*	250	*	*	*	*	*	AY176347	*
N	*	250	*	*	*	*	*	AY313953	*
N	*	250	*	*	*	*	*	AY367606	*
N	*	250	*	*	*	*	*	AY367612	*
L	2540	193	*	*	*	*	*	HM534896	*
H	2540	201	90.2	+	0	0	90MD37M2D12M3D30M2D24M	AY428793	HM534896
L	4412	194	*	*	*	*	*	AF291277	*
H	4412	197	85.1	+	0	0	34MD99MD34MD27M	AY509553	AF291277
L	2738	250	*	*	*	*	*	AF516601	*
H	2738	250	94.4	+	0	0	2I27MI19M3D84MI116MD	AY513570	AF516601
N	*	250	*	*	*	*	*	AY571044	*
N	*	250	*	*	*	*	*	AY571048	*
N	*	96	*	*	*	*	*	AY583329	*
L	5591	237	*	*	*	*	*	FJ810153	*
H	5591	243	87.3	+	0	0	25MI23M2I30MI29MD23M8D13MD8MI16MI8MD13MD43M	AY618666	FJ810153
L	7502	209	*	*	*	*	*	EU770227	*
H	7502	218	87.1	+	0	0	8D54MD22M3I35M3D95M	EU851104	EU770227
L	2369	195	*	*	*	*	*	AY204590	*
H	2369	189	92.1	+	0	0	7I45MD143M	AY729939	AY204590
L	5241	196	*	*	*	*	*	AY789297	*
H	5241	193	82.9	+	0	0	89M5I23M2D79M	AY789408	AY789297
N	*	172	*	*	*	*	*	AY789410	*
L	5131	195	*	*	*	*	*	AY524843	*
H	5131	191	91.1	+	0	0	36MI92M3I63M	AY789285	AY524843
L	3202	203	*	*	*	*	*	JN865202	*
H	3202	203	88.7	+	0	0	31M2I69M4D32M2I67M	AY916467	JN865202
L	5344	250	*	*	*	*	*	GU058015	*
H	5344	250	92.0	+	0	0	4I15MI69MD48MD113M3D	DQ354521	GU058015
N	*	207	*	*	*	*	*	DQ383639	*
L	2154	146	*	*	*	*	*	AM237456	*
H	2154	140	80.7	+	0	0	I19M3I15M2D15MI7MI18M3I36MD27M	DQ404393	AM237456
N	*	167	*	*	*	*	*	DQ486698	*
N	*	250	*	*	*	*	*	EU846262	*
L	2753	215	*	*	*	*	*	FJ266477	*
H	2753	250	81.4	+	0	0	20MI19M23D12M13D15M9D83MD33MD21M11I	DQ865101	FJ266477
L	6107	183	*	*	*	*	*	EU784271	*
H	6107	178	84.8	+	0	0	10I81M3D46M2D46M	DQ974733	EU784271
N	*	250	*	*	*	*	*	EF026128	*
N	*	250	*	*	*	*	*	HM036645	*
L	412	192	*	*	*	*	*	EU035476	*
H	412	195	95.8	+	0	0	24MD17MD45MD106M	EF029203	EU035476
L	411	191	*	*	*	*	*	EU035438	*
H	411	195	87.4	+	0	0	25M2D12M2D47M2I17MD55MD33M	EF029205	EU035438
L	8024	163	*	*	*	*	*	AY900023	*
H	8024	132	81.8	+	0	0	22I16M9I48MI28MD39M	EF051060	AY900023
N	*	250	*	*	*	*	*	EF190273	*
L	446	206	*	*	*	*	*	EU010256	*
H	446	212	80.1	+	0	0	114M2I24MD25MD14M6D27M	EF469157	EU010256
N	*	224	*	*	*	*	*	EF591927	*
N	*	213	*	*	*	*	*	EF596819	*
H	7761	206	94.2	+	0	0	10MD24MI40M2I15MI27M2D87M	EF635909	JN367299
L	5747	201	*	*	*	*	*	EF635904	*
H	5747	204	97.0	+	0	0	4D126MI74M	EF667965	EF635904
L	7779	206	*	*	*	*	*	FJ664862	*
H	7779	183	84.2	+	0	0	100M24I34MD48M	EU010258	FJ664862
L	2609	190	*	*	*	*	*	JF498578	*
H	2609	189	84.1	+	0	0	27MD11MD49MI74M2I26M	EF114691	JF498578
L	1724	221	*	*	*	*	*	FJ914798	*
H	1724	118	84.7	+	0	0	47M9I52M2I19M92I	EU075541	FJ914798
L	2401	250	*	*	*	*	*	HQ604171	*
H	2401	250	88.4	+	0	0	12M2D67MD168M3I	EU118606	HQ604171
N	*	212	*	*	*	*	*	EU287816	*
N	*	83	*	*	*	*	*	EU367452	*
N	*	250	*	*	*	*	*	EU517510	*
N	*	250	*	*	*	*	*	EU517513	*
N	*	245	*	*	*	*	*	EU552156	*
N	*	221	*	*	*	*	*	EU557365	*
L	5470	230	*	*	*	*	*	DQ491495	*
H	5470	232	86.5	+	0	0	36M2D194M	EU669386	DQ491495
L	6046	229	*	*	*	*	*	EU681317	*
H	6046	232	94.8	+	0	0	31MD16MD76MI71M2D34M	EU681316	EU681317
L	6226	214	*	*	*	*	*	EU784230	*
H	6226	167	82.0	+	0	0	44M14I25M6I22M19I18MI20M4I12M3I26M	EU784376	EU784230
N	*	250	*	*	*	*	*	EU784394	*
L	2962	246	*	*	*	*	*	JF908008	*
H	2962	243	81.5	+	0	0	34M2I42MI30MD20M2I19MD13MD7M3D28M2I21M2I23M	EU846252	JF908008
L	1153	233	*	*	*	*	*	FJ594058	*
H	1153	221	83.7	+	0	0	I22MI22MD5MD30MI35M10I62MI43M	FJ010207	FJ594058
L	1544	205	*	*	*	*	*	FJ707474	*
H	1544	220	82.9	+	0	0	59MD27M8D17M2D14M2D25MD39MD24M	FJ172271	FJ707474
N	*	250	*	*	*	*	*	UDB011376	*
L	3093	191	*	*	*	*	*	GU214625	*
H	3093	192	93.7	+	0	0	67MD30M2I64M2D28M	FJ493187	GU214625
L	6117	206	*	*	*	*	*	EU784317	*
H	6117	212	94.2	+	0	0	2I29MI23M8D18M2I63M3D68M	FJ596917	EU784317
N	*	215	*	*	*	*	*	FJ664875	*
N	*	250	*	*	*	*	*	FJ822972	*
N	*	250	*	*	*	*	*	FJ822973	*
N	*	227	*	*	*	*	*	FJ839606	*
L	6493	229	*	*	*	*	*	FJ903347	*
H	6493	240	93.0	+	0	0	43M4D26MD7M4D94MD25MD34M	FJ839613	FJ903347
N	*	250	*	*	*	*	*	FJ845424	*
H	2195	166	95.2	+	0	0	8I80M36I86M	FJ919668	HM467652
N	*	198	*	*	*	*	*	FJ969801	*
H	263	249	80.3	+	0	0	9I31M10D21M7I22M5D9M5D14MD57M2I25M5I48MD	UDB000448	EF183540
L	1059	138	*	*	*	*	*	FR865444	*
H	1059	144	97.1	+	0	0	42M3D17MD60M2D19M	FN547645	FR865444
N	*	247	*	*	*	*	*	FN907920	*
H	4267	187	80.2	+	0	0	25MI13MI43MI18M33I21MD18MD47M	GQ267191	AF072233
L	3560	213	*	*	*	*	*	EU571210	*
H	3560	213	100.0	+	0	0	213M	JN207313	EU571210
N	*	250	*	*	*	*	*	FJ501579	*
L	5382	86	*	*	*	*	*	DQ279506	*
H	5382	93	90.7	+	0	0	6D53MD33M	GQ919278	DQ279506
L	6743	104	*	*	*	*	*	GQ919276	*
H	6743	104	85.6	+	0	0	21MI60MD22M	GQ919281	GQ919276
L	3557	178	*	*	*	*	*	DQ112554	*
H	3557	190	83.1	+	0	0	4D7M4D35M2I34M5D78MD22M	GQ981488	DQ112554
L	1555	184	*	*	*	*	*	GQ981520	*
H	1555	173	80.9	+	0	0	24MD59M5I17M4I28M3I44M	GQ981500	GQ981520
N	*	250	*	*	*	*	*	GQ981522	*
L	633	250	*	*	*	*	*	AF325599	*
H	633	250	92.0	+	0	0	207MI18MI23M2D	GU222273	AF325599
L	6848	250	*	*	*	*	*	GU233322	*
H	6848	250	89.6	+	0	0	118MD10M5I38MI61MI16M6D	GU233325	GU233322
N	*	250	*	*	*	*	*	GU233363	*
L	926	187	*	*	*	*	*	AF444555	*
H	926	178	88.8	+	0	0	10I142MD35M	GU291276	AF444555
N	*	223	*	*	*	*	*	GU322433	*
N	*	168	*	*	*	*	*	GU367909	*
H	952	224	87.4	+	0	0	188M2D34M	GU384881	EU784156
N	*	209	*	*	*	*	*	GU594152	*
H	1724	223	88.7	+	0	0	3I45MD58MD60MD23MD23MD9M	AF115760	FJ914798
N	*	163	*	*	*	*	*	HM060327	*
N	*	236	*	*	*	*	*	HM244773	*
L	7117	217	*	*	*	*	*	HM536092	*
H	7117	213	86.9	+	0	0	47M4D62MD12M10I28MD58M	HM536095	HM536092
N	*	128	*	*	*	*	*	EU014072	*
L	4351	176	*	*	*	*	*	AF181700	*
H	4351	177	98.9	+	0	0	113MD63M	GU062240	AF181700
L	312	219	*	*	*	*	*	EF600969	*
H	312	82	97.6	+	0	0	137I82M	HQ637300	EF600969
N	*	232	*	*	*	*	*	HQ650655	*
L	5369	194	*	*	*	*	*	DQ238720	*
H	5369	216	80.9	+	0	0	43MD41M13D19M3D30M3D31MD8MD22M	JN849459	DQ238720
L	5885	210	*	*	*	*	*	FJ914680	*
H	5885	210	98.6	+	0	0	210M	FJ914687	FJ914680
L	2705	189	*	*	*	*	*	FJ474073	*
H	2705	198	93.1	+	0	0	36M2D19MI14MI17M4D31M2D16M3D54M	HQ897810	FJ474073
L	7481	238	*	*	*	*	*	JF263495	*
H	7481	240	92.0	+	0	0	18MD40MD11MD94M2D10MI40M2I22M	JF263493	JF263495
N	*	250	*	*	*	*	*	JF419894	*
L	7507	250	*	*	*	*	*	JF419897	*
H	7507	250	81.6	+	0	0	24M7I96M6D84M2D25M2D11M3I	JF419899	JF419897
L	2330	200	*	*	*	*	*	GU062279	*
H	2330	198	98.5	+	0	0	2I198M	EU520097	GU062279
N	*	228	*	*	*	*	*	JF681957	*
L	2657	219	*	*	*	*	*	JF681960	*
H	2657	223	91.3	+	0	0	13MD68MD28M2D110M	JF681959	JF681960
N	*	250	*	*	*	*	*	JF908597	*
L	455	157	*	*	*	*	*	EU240004	*
H	455	156	95.5	+	0	0	123MI33M	FJ534886	EU240004
L	7613	250	*	*	*	*	*	JF907961	*
H	7613	250	82.8	+	0	0	117MD44MI41MD29MD16M2I	JN033218	JF907961
H	7922	250	94.8	+	0	0	159M2I89M2D	U56041	U56044
H	6787	224	81.7	+	0	0	29MI46MI41M4D23M7I22M2I27M2D30M	JN165015	GU067734
L	2911	234	*	*	*	*	*	JF430078	*
H	2911	224	81.2	+	0	0	32MI36MI25MI44M2I17M3I49M2I21M	JN165019	JF430078
L	2492	250	*	*	*	*	*	HQ650733	*
H	2492	250	93.2	+	0	0	23MI47MI119MI58M3D	JN235947	HQ650733
L	7198	241	*	*	*	*	*	EU301051	*
H	7198	108	81.5	+	0	0	133I32MI43MD32M	HQ610175	EU301051
N	*	201	*	*	*	*	*	EU021600	*
N	*	203	*	*	*	*	*	JN942174	*
L	3717	204	*	*	*	*	*	AF141162	*
H	3717	197	80.2	+	0	0	4I55M2I29M3I78MD11MD22M	U57494	AF141162
L	5522	220	*	*	*	*	*	AY198197	*
H	5522	250	84.1	+	0	0	53M2D29MI13MI28M10D35M2D19MI12M19D28M	UDB000691	AY198197
N	*	91	*	*	*	*	*	UDB000985	*
L	2986	250	*	*	*	*	*	JF908326	*
H	2986	250	95.6	+	0	0	86MI22MI8MI45MI85M4D	UDB001486	JF908326
N	*	204	*	*	*	*	*	UDB001534	*
N	*	250	*	*	*	*	*	UDB003318	*
N	*	250	*	*	*	*	*	GU590932	*
D	163	2	*	*	*	*	83.2	EF026116	*
D	188	2	*	*	*	*	96.8	EF373567	*
D	263	3	*	*	*	*	80.8	EF183540	*
D	267	2	*	*	*	*	84.4	FJ608588	*
D	271	2	*	*	*	*	81.5	EF535666	*
D	291	2	*	*	*	*	80.7	EF212847	*
D	304	2	*	*	*	*	91.4	FN423704	*
D	305	2	*	*	*	*	85.0	AM292667	*
D	312	2	*	*	*	*	97.6	EF600969	*
D	411	2	*	*	*	*	87.4	EU035438	*
D	412	2	*	*	*	*	95.8	EU035476	*
D	424	2	*	*	*	*	81.9	EU006541	*
D	425	2	*	*	*	*	81.2	AF332112	*
D	446	2	*	*	*	*	80.1	EU010256	*
D	454	3	*	*	*	*	89.9	AF254628	*
D	455	2	*	*	*	*	95.5	EU240004	*
D	488	2	*	*	*	*	98.9	EU853471	*
D	607	2	*	*	*	*	95.2	EU254860	*
D	608	4	*	*	*	*	89.8	EU255033	*
D	633	2	*	*	*	*	92.0	AF325599	*
D	683	2	*	*	*	*	95.2	U56036	*
D	738	2	*	*	*	*	97.3	EU520144	*
D	845	2	*	*	*	*	92.9	FJ914669	*
D	885	2	*	*	*	*	88.5	GQ152145	*
D	907	2	*	*	*	*	81.6	AF444320	*
D	926	2	*	*	*	*	88.8	AF444555	*
D	952	4	*	*	*	*	87.1	EU784156	*
D	969	2	*	*	*	*	84.8	FM206478	*
D	1007	2	*	*	*	*	89.6	EU784364	*
D	1059	2	*	*	*	*	97.1	FR865444	*
D	1140	2	*	*	*	*	80.2	FJ493249	*
D	1142	2	*	*	*	*	84.8	FJ515182	*
D	1143	2	*	*	*	*	84.1	FJ515891	*
D	1153	2	*	*	*	*	83.7	FJ594058	*
D	1156	4	*	*	*	*	85.8	FJ884143	*
D	1221	2	*	*	*	*	82.8	EU400150	*
D	1243	2	*	*	*	*	93.5	EU375546	*
D	1326	2	*	*	*	*	84.6	U89366	*
D	1342	2	*	*	*	*	82.1	FJ871085	*
D	1374	2	*	*	*	*	93.0	FJ357314	*
D	1442	2	*	*	*	*	94.9	GQ241279	*
D	1449	2	*	*	*	*	91.2	EU700370	*
D	1460	2	*	*	*	*	97.4	EU715605	*
D	1478	2	*	*	*	*	97.6	EF051727	*
D	1541	2	*	*	*	*	95.5	AF451790	*
D	1544	2	*	*	*	*	82.9	FJ707474	*
D	1555	2	*	*	*	*	80.9	GQ981520	*
D	1572	2	*	*	*	*	95.5	GQ922522	*
D	1579	3	*	*	*	*	81.8	GU062261	*
D	1646	2	*	*	*	*	80.8	GQ913398	*
D	1655	2	*	*	*	*	84.0	AY129346	*
D	1679	2	*	*	*	*	82.1	GU138717	*
D	1685	2	*	*	*	*	100.0	FJ900601	*
D	1701	2	*	*	*	*	92.4	GU229801	*
D	1724	3	*	*	*	*	86.7	FJ914798	*
D	1756	2	*	*	*	*	83.4	EF026149	*
D	1841	2	*	*	*	*	85.0	GU553303	*
D	1867	2	*	*	*	*	98.6	GQ996575	*
D	1948	2	*	*	*	*	91.9	FJ614639	*
D	1975	2	*	*	*	*	80.6	AF009811	*
D	1978	2	*	*	*	*	88.2	AB481261	*
D	1979	3	*	*	*	*	87.6	AB481262	*
D	2047	2	*	*	*	*	86.8	GU980122	*
D	2048	2	*	*	*	*	89.6	GU980127	*
D	2100	2	*	*	*	*	85.4	AB481269	*
D	2127	2	*	*	*	*	81.9	HM046875	*
D	2147	2	*	*	*	*	80.9	HM209239	*
D	2154	2	*	*	*	*	80.7	AM237456	*
D	2195	3	*	*	*	*	91.4	HM467652	*
D	2255	2	*	*	*	*	97.7	FJ878682	*
D	2310	2	*	*	*	*	97.9	HM595526	*
D	2316	2	*	*	*	*	99.0	EU375550	*
D	2330	2	*	*	*	*	98.5	GU062279	*
D	2335	2	*	*	*	*	92.9	HQ589142	*
D	2338	2	*	*	*	*	95.7	GQ922525	*
D	2369	2	*	*	*	*	92.1	AY204590	*
D	2401	2	*	*	*	*	88.4	HQ604171	*
D	2459	2	*	*	*	*	91.9	EU254963	*
D	2492	2	*	*	*	*	93.2	HQ650733	*
D	2515	2	*	*	*	*	82.8	EU833649	*
D	2540	2	*	*	*	*	90.2	HM534896	*
D	2550	2	*	*	*	*	81.9	AB546939	*
D	2551	2	*	*	*	*	96.5	AB546941	*
D	2609	2	*	*	*	*	84.1	JF498578	*
D	2657	2	*	*	*	*	91.3	JF681960	*
D	2683	2	*	*	*	*	96.4	JF683419	*
D	2684	2	*	*	*	*	97.2	AY317137	*
D	2705	2	*	*	*	*	93.1	FJ474073	*
D	2714	2	*	*	*	*	98.4	AF506394	*
D	2715	2	*	*	*	*	96.0	AF506428	*
D	2717	3	*	*	*	*	99.0	AF506439	*
D	2738	2	*	*	*	*	94.4	AF516601	*
D	2746	2	*	*	*	*	88.0	AF540505	*
D	2753	2	*	*	*	*	81.4	FJ266477	*
D	2795	2	*	*	*	*	88.8	HQ650628	*
D	2807	2	*	*	*	*	98.1	HQ650721	*
D	2886	2	*	*	*	*	91.9	JN086325	*
D	2888	2	*	*	*	*	95.4	HQ693875	*
D	2911	2	*	*	*	*	81.2	JF430078	*
D	2931	2	*	*	*	*	86.4	JF907804	*
D	2962	2	*	*	*	*	81.5	JF908008	*
D	2965	2	*	*	*	*	86.9	JF908084	*
D	2984	2	*	*	*	*	98.2	AF140254	*
D	2986	2	*	*	*	*	95.6	JF908326	*
D	3016	2	*	*	*	*	93.5	JF908721	*
D	3085	2	*	*	*	*	86.0	AY303969	*
D	3093	2	*	*	*	*	93.7	GU214625	*
D	3095	2	*	*	*	*	90.1	JN712502	*
D	3128	3	*	*	*	*	89.4	FJ172294	*
D	3202	2	*	*	*	*	88.7	JN865202	*
D	3217	2	*	*	*	*	94.3	GQ280665	*
D	3268	2	*	*	*	*	94.4	AF079721	*
D	3318	2	*	*	*	*	80.8	JN710549	*
D	3321	2	*	*	*	*	83.1	JN710605	*
D	3335	2	*	*	*	*	98.0	JQ408230	*
D	3412	2	*	*	*	*	86.8	AF076413	*
D	3479	2	*	*	*	*	90.8	AF117353	*
D	3524	2	*	*	*	*	80.7	AY558603	*
D	3557	2	*	*	*	*	83.1	DQ112554	*
D	3559	2	*	*	*	*	80.7	AF071332	*
D	3560	2	*	*	*	*	100.0	EU571210	*
D	3611	2	*	*	*	*	96.6	DQ119115	*
D	3646	2	*	*	*	*	97.9	AY854070	*
D	3652	2	*	*	*	*	88.8	AY740165	*
D	3690	2	*	*	*	*	83.2	DQ001299	*
D	3693	2	*	*	*	*	90.2	AY965755	*
D	3717	2	*	*	*	*	80.2	AF141162	*
D	3721	2	*	*	*	*	96.5	AF141186	*
D	3743	2	*	*	*	*	92.3	AY773446	*
D	3744	2	*	*	*	*	97.0	AY773454	*
D	3751	2	*	*	*	*	86.6	AJ246217	*
D	3775	2	*	*	*	*	83.1	U18353	*
D	3808	2	*	*	*	*	97.6	DQ144618	*
D	3829	2	*	*	*	*	82.4	DQ191252	*
D	3839	2	*	*	*	*	85.5	DQ202516	*
D	3931	2	*	*	*	*	99.2	DQ389662	*
D	3935	2	*	*	*	*	88.2	DQ409168	*
D	3963	2	*	*	*	*	86.4	DQ431172	*
D	3981	2	*	*	*	*	95.2	DQ491515	*
D	3991	2	*	*	*	*	92.2	U31843	*
D	4014	3	*	*	*	*	92.4	FJ411408	*
D	4023	2	*	*	*	*	85.5	AF444479	*
D	4026	2	*	*	*	*	83.4	FJ494954	*
D	4033	2	*	*	*	*	96.8	AB072232	*
D	4046	3	*	*	*	*	87.2	FJ538353	*
D	4058	2	*	*	*	*	84.7	AB118872	*
D	4086	2	*	*	*	*	88.3	FJ439582	*
D	4105	2	*	*	*	*	85.3	AB245119	*
D	4161	2	*	*	*	*	81.2	AB481252	*
D	4194	4	*	*	*	*	90.2	AB524797	*
D	4215	2	*	*	*	*	81.6	GQ844244	*
D	4216	2	*	*	*	*	91.2	AB354209	*
D	4267	3	*	*	*	*	87.8	AF072233	*
D	4274	2	*	*	*	*	90.4	AF079715	*
D	4290	2	*	*	*	*	96.7	AF097578	*
D	4326	2	*	*	*	*	92.6	AF141367	*
D	4351	2	*	*	*	*	98.9	AF181700	*
D	4412	2	*	*	*	*	85.1	AF291277	*
D	4475	2	*	*	*	*	94.8	AF357038	*
D	4525	2	*	*	*	*	81.7	AF401968	*
D	4547	2	*	*	*	*	85.1	AF444530	*
D	4551	2	*	*	*	*	80.3	AF448458	*
D	4553	2	*	*	*	*	85.0	AF451776	*
D	4584	2	*	*	*	*	92.0	AF485069	*
D	4612	2	*	*	*	*	98.0	AF506417	*
D	4641	2	*	*	*	*	97.5	EU520249	*
D	4642	2	*	*	*	*	96.2	FJ755266	*
D	4645	2	*	*	*	*	82.6	AJ006667	*
D	4646	2	*	*	*	*	82.9	AY218416	*
D	4687	2	*	*	*	*	93.3	AJ293879	*
D	4803	2	*	*	*	*	99.5	AM159623	*
D	4806	2	*	*	*	*	90.8	AM159634	*
D	4842	2	*	*	*	*	91.4	FJ914679	*
D	4943	2	*	*	*	*	83.2	DQ257360	*
D	4966	2	*	*	*	*	81.0	AY176458	*
D	4980	2	*	*	*	*	99.5	EU450836	*
D	4983	2	*	*	*	*	96.6	FJ786401	*
D	4985	2	*	*	*	*	83.6	AY212813	*
D	5020	2	*	*	*	*	85.4	AY254710	*
D	5131	2	*	*	*	*	91.1	AY524843	*
D	5175	2	*	*	*	*	92.2	AY615208	*
D	5235	2	*	*	*	*	84.1	AY624186	*
D	5241	2	*	*	*	*	82.9	AY789297	*
D	5256	2	*	*	*	*	88.8	AY841862	*
D	5258	2	*	*	*	*	84.3	AY849307	*
D	5266	2	*	*	*	*	90.2	AY916454	*
D	5329	2	*	*	*	*	97.4	AY929375	*
D	5332	2	*	*	*	*	84.0	FJ481036	*
D	5344	2	*	*	*	*	92.0	GU058015	*
D	5347	2	*	*	*	*	93.6	DQ144620	*
D	5369	2	*	*	*	*	80.9	DQ238720	*
D	5376	2	*	*	*	*	97.8	DQ238743	*
D	5378	2	*	*	*	*	90.6	DQ247776	*
D	5382	2	*	*	*	*	90.7	DQ279506	*
D	5400	2	*	*	*	*	92.8	DQ328103	*
D	5401	2	*	*	*	*	88.8	DQ328132	*
D	5418	2	*	*	*	*	98.2	DQ354537	*
D	5426	2	*	*	*	*	93.2	DQ384587	*
D	5449	2	*	*	*	*	88.4	DQ403804	*
D	5450	2	*	*	*	*	80.3	DQ404381	*
D	5459	2	*	*	*	*	86.3	AY874150	*
D	5470	2	*	*	*	*	86.5	DQ491495	*
D	5490	3	*	*	*	*	92.5	DQ530217	*
D	5505	2	*	*	*	*	88.8	GQ913346	*
D	5521	2	*	*	*	*	97.8	FJ441642	*
D	5522	2	*	*	*	*	84.1	AY198197	*
D	5533	3	*	*	*	*	83.1	DQ826737	*
D	5551	2	*	*	*	*	86.3	DQ885901	*
D	5552	2	*	*	*	*	83.9	DQ885904	*
D	5591	2	*	*	*	*	87.3	FJ810153	*
D	5620	2	*	*	*	*	99.4	EF121859	*
D	5730	2	*	*	*	*	85.8	EF592152	*
D	5747	2	*	*	*	*	97.0	EF635904	*
D	5815	2	*	*	*	*	82.5	EU118608	*
D	5835	2	*	*	*	*	97.6	EU157728	*
D	5856	2	*	*	*	*	80.1	EU249479	*
D	5870	2	*	*	*	*	83.3	EU263921	*
D	5875	2	*	*	*	*	80.0	EU266115	*
D	5880	2	*	*	*	*	92.5	AB267394	*
D	5885	2	*	*	*	*	98.6	FJ914680	*
D	5907	2	*	*	*	*	82.1	EU401769	*
D	5922	2	*	*	*	*	93.0	EU807869	*
D	6033	2	*	*	*	*	87.6	EU670222	*
D	6046	2	*	*	*	*	94.8	EU681317	*
D	6088	2	*	*	*	*	86.8	EU744915	*
D	6107	2	*	*	*	*	84.8	EU784271	*
D	6117	2	*	*	*	*	94.2	EU784317	*
D	6126	2	*	*	*	*	85.2	EU784372	*
D	6153	2	*	*	*	*	95.2	EU833660	*
D	6160	2	*	*	*	*	81.8	EU846256	*
D	6171	2	*	*	*	*	90.0	EU882112	*
D	6186	2	*	*	*	*	83.4	EU938675	*
D	6202	2	*	*	*	*	88.3	GU062295	*
D	6226	2	*	*	*	*	82.0	EU784230	*
D	6301	2	*	*	*	*	91.3	FJ487920	*
D	6379	2	*	*	*	*	87.1	FJ664885	*
D	6478	2	*	*	*	*	86.0	FJ914805	*
D	6493	2	*	*	*	*	93.0	FJ903347	*
D	6496	2	*	*	*	*	82.4	EU343826	*
D	6499	2	*	*	*	*	80.8	EU520183	*
D	6500	2	*	*	*	*	93.3	FR667997	*
D	6588	2	*	*	*	*	85.2	JN159574	*
D	6667	2	*	*	*	*	81.1	GQ338074	*
D	6711	3	*	*	*	*	94.2	FN868481	*
D	6713	2	*	*	*	*	96.1	JQ946395	*
D	6725	2	*	*	*	*	87.6	EU273512	*
D	6743	2	*	*	*	*	85.6	GQ919276	*
D	6767	2	*	*	*	*	91.3	AF085492	*
D	6779	2	*	*	*	*	85.9	GU059594	*
D	6787	3	*	*	*	*	88.6	GU067734	*
D	6840	2	*	*	*	*	82.7	GU222312	*
D	6848	2	*	*	*	*	89.6	GU233322	*
D	6851	2	*	*	*	*	95.6	GU233321	*
D	6878	2	*	*	*	*	83.0	GU291281	*
D	6920	2	*	*	*	*	93.6	GU327539	*
D	7024	2	*	*	*	*	90.4	HM005139	*
D	7104	2	*	*	*	*	94.4	HM484865	*
D	7117	2	*	*	*	*	86.9	HM536092	*
D	7152	2	*	*	*	*	87.2	HM578889	*
D	7160	2	*	*	*	*	95.2	HM595619	*
D	7187	2	*	*	*	*	95.1	AJ315834	*
D	7198	2	*	*	*	*	81.5	EU301051	*
D	7203	2	*	*	*	*	90.2	HQ162266	*
D	7269	2	*	*	*	*	88.9	HQ449175	*
D	7275	2	*	*	*	*	85.2	HQ533035	*
D	7283	3	*	*	*	*	92.9	EF029230	*
D	7356	2	*	*	*	*	87.2	GQ121328	*
D	7398	2	*	*	*	*	100.0	HQ660438	*
D	7402	2	*	*	*	*	82.4	DQ232664	*
D	7481	2	*	*	*	*	92.0	JF263495	*
D	7485	2	*	*	*	*	97.6	JF271754	*
D	7499	2	*	*	*	*	80.2	GU062246	*
D	7502	2	*	*	*	*	87.1	EU770227	*
D	7507	2	*	*	*	*	81.6	JF419897	*
D	7613	2	*	*	*	*	82.8	JF907961	*
D	7623	2	*	*	*	*	89.2	JF907993	*
D	7696	2	*	*	*	*	92.7	JF951149	*
D	7761	3	*	*	*	*	92.7	JN367299	*
D	7771	2	*	*	*	*	94.2	JN564004	*
D	7777	2	*	*	*	*	87.9	FJ515198	*
D	7779	2	*	*	*	*	84.2	FJ664862	*
D	7790	2	*	*	*	*	93.9	FJ794472	*
D	7797	2	*	*	*	*	81.7	JN813383	*
D	7815	2	*	*	*	*	87.6	JN899380	*
D	7922	3	*	*	*	*	95.2	U56044	*
D	7933	2	*	*	*	*	96.4	U57813	*
D	8024	2	*	*	*	*	81.8	AY900023	*
D	8056	2	*	*	*	*	82.4	UDB008309	*
D	8091	2	*	*	*	*	84.3	AY077472	*
D	8177	2	*	*	*	*	86.4	UDB011841	*
