UclustConsensusTaxonAssigner parameters:
id_to_taxonomy_filepath:/home/nbokulic/ref_seq_dbs/its_12_11_otus/taxonomy/97_otu_taxonomy.txt
id_to_taxonomy_fp:/home/nbokulic/ref_seq_dbs/its_12_11_otus/taxonomy/97_otu_taxonomy.txt
max_accepts:10
min_consensus_fraction:0.75
reference_sequences_fp:/home/nbokulic/ref_seq_dbs/its_12_11_otus/rep_set/97_otus.fasta
similarity:0.93
unassignable_label:Unassigned
Result path: "/scratch/assign-taxgWZpUpkUW0099ZcAieAT.txt"

.uc file contents:

# uclust --input /home/nbokulic/bewolf/psrotot/RDBW/rep_set.fna --id 0.93 --rev --maxaccepts 10 --allhits --libonly --lib /home/nbokulic/ref_seq_dbs/its_12_11_otus/rep_set/97_otus.fasta --uc /scratch/UclustConsensusTaxonAssigner_9Cg8wx.uc
# version=1.2.22
# Tab-separated fields:
# 1=Type, 2=ClusterNr, 3=SeqLength or ClusterSize, 4=PctId, 5=Strand, 6=QueryStart, 7=SeedStart, 8=Alignment, 9=QueryLabel, 10=TargetLabel
# Record types (field 1): L=LibSeed, S=NewSeed, H=Hit, R=Reject, D=LibCluster, C=NewCluster, N=NoHit
# For C and D types, PctId is average id with seed.
# QueryStart and SeedStart are zero-based relative to start of sequence.
# If minus strand, SeedStart is relative to reverse-complemented seed.
L	51504	539	*	*	*	*	*	AB236002	*
H	51504	101	100.0	+	0	0	111I101M327I	AB236002 Mock.2_4	AB236002
L	9213	476	*	*	*	*	*	DQ683006	*
H	9213	101	100.0	+	0	0	11I101M364I	AB236002 Mock.2_4	DQ683006
L	50082	267	*	*	*	*	*	JN905480	*
H	50082	85	100.0	+	0	0	22I85M160I	AM410602 Mock.1_7548	JN905480
L	35981	797	*	*	*	*	*	JQ247346	*
H	35981	85	100.0	+	0	0	91I85M621I	AM410602 Mock.1_7548	JQ247346
L	8738	596	*	*	*	*	*	FN397167	*
H	8738	85	100.0	+	0	0	22I85M489I	AM410602 Mock.1_7548	FN397167
L	54115	1517	*	*	*	*	*	HM534901	*
H	54115	85	100.0	+	0	0	104I85M1328I	AM410602 Mock.1_7548	HM534901
L	8798	279	*	*	*	*	*	JN905595	*
H	8798	85	100.0	+	0	0	22I85M172I	AM410602 Mock.1_7548	JN905595
L	36739	561	*	*	*	*	*	FJ624268	*
H	36739	85	100.0	+	0	0	25I85M451I	AM410602 Mock.1_7548	FJ624268
L	36744	561	*	*	*	*	*	FJ624262	*
H	36744	85	100.0	+	0	0	23I85M453I	AM410602 Mock.1_7548	FJ624262
L	25941	620	*	*	*	*	*	HQ630976	*
H	25941	85	100.0	+	0	0	57I85M478I	AM410602 Mock.1_7548	HQ630976
L	1430	546	*	*	*	*	*	EU686157	*
H	1430	85	100.0	+	0	0	22I85M439I	AM410602 Mock.1_7548	EU686157
L	25657	540	*	*	*	*	*	HQ611293	*
H	25657	85	100.0	+	0	0	12I85M443I	AM410602 Mock.1_7548	HQ611293
L	28913	2976	*	*	*	*	*	FJ430766	*
H	28913	92	97.8	+	0	0	1774I92M1110I	DQ681335 Mock.1_1328	FJ430766
L	26990	2917	*	*	*	*	*	GQ458026	*
H	26990	92	97.8	+	0	0	1716I92M1109I	DQ681335 Mock.1_1328	GQ458026
L	39862	1019	*	*	*	*	*	HQ827787	*
H	39862	92	95.7	+	0	0	202I92M725I	DQ681335 Mock.1_1328	HQ827787
L	43953	261	*	*	*	*	*	HQ125470	*
H	43953	92	94.6	+	0	0	22I92M147I	DQ681335 Mock.1_1328	HQ125470
L	13185	618	*	*	*	*	*	FJ440880	*
H	13185	92	96.7	+	0	0	17I92M509I	DQ681335 Mock.1_1328	FJ440880
L	16219	572	*	*	*	*	*	GU934594	*
H	16219	92	96.7	+	0	0	22I92M458I	DQ681335 Mock.1_1328	GU934594
L	23841	629	*	*	*	*	*	HQ631040	*
H	23841	92	95.7	+	0	0	23I92M514I	DQ681335 Mock.1_1328	HQ631040
L	47460	633	*	*	*	*	*	GQ999201	*
H	47460	92	97.8	+	0	0	5I92M536I	DQ681335 Mock.1_1328	GQ999201
L	8836	601	*	*	*	*	*	GQ999239	*
H	8836	92	96.7	+	0	0	5I92M504I	DQ681335 Mock.1_1328	GQ999239
L	202	607	*	*	*	*	*	FJ820831	*
H	202	92	95.7	+	0	0	5I92M510I	DQ681335 Mock.1_1328	FJ820831
L	10962	677	*	*	*	*	*	DQ683114	*
H	10962	101	97.0	+	0	0	314I101M262I	DQ683114 Mock.1_531	DQ683114
L	725	1869	*	*	*	*	*	JF907594	*
H	725	101	95.0	+	0	0	1481I101M287I	DQ683114 Mock.1_531	JF907594
L	50376	435	*	*	*	*	*	EF199746	*
H	50376	101	99.0	+	0	0	12I101M322I	EF199746 Mock.1_0	EF199746
L	28340	567	*	*	*	*	*	EU561615	*
H	28340	101	95.0	+	0	0	9I82M2D17M459I	EF397557 Mock.2_15624	EU561615
L	16249	704	*	*	*	*	*	JF735342	*
H	16249	101	96.0	+	0	0	143I85MD15M461I	EF397557 Mock.2_15624	JF735342
L	33480	594	*	*	*	*	*	GU721684	*
H	33480	101	98.0	+	0	0	22I85MD15M472I	EF397557 Mock.2_15624	GU721684
L	44848	706	*	*	*	*	*	JF735261	*
H	44848	101	95.0	+	0	0	143I101M462I	EF397557 Mock.2_15624	JF735261
L	18901	590	*	*	*	*	*	JN207292	*
H	18901	101	96.0	+	0	0	11I54M13I47M465I	EF397557 Mock.2_15624	JN207292
H	54115	101	97.0	+	0	0	104I85M2D14M1314I	EF397557 Mock.2_15624	HM534901
L	2582	567	*	*	*	*	*	AB374079	*
H	2582	101	95.0	+	0	0	7I85M2D14M461I	EF397557 Mock.2_15624	AB374079
L	30396	595	*	*	*	*	*	JF300442	*
H	30396	101	96.0	+	0	0	23I83MD17M472I	EF397557 Mock.2_15624	JF300442
L	43002	589	*	*	*	*	*	FJ582636	*
H	43002	101	95.0	+	0	0	10I85MD15M479I	EF397557 Mock.2_15624	FJ582636
L	35098	442	*	*	*	*	*	FJ440915	*
H	35098	101	94.1	+	0	0	17I85M2D14M326I	EF397557 Mock.2_15624	FJ440915
L	10619	749	*	*	*	*	*	FJ466715	*
H	10619	101	96.0	+	0	0	57I83M2D16M593I	EU490021 Mock.1_1838	FJ466715
L	33482	589	*	*	*	*	*	GU721683	*
H	33482	101	99.0	+	0	0	22I85MD15M467I	EU490021 Mock.1_1838	GU721683
L	13383	270	*	*	*	*	*	JF933755	*
H	13383	101	99.0	+	0	0	25I85MD15M145I	EU490021 Mock.1_1838	JF933755
L	6254	583	*	*	*	*	*	GU721833	*
H	6254	101	99.0	+	0	0	22I85MD15M461I	EU490021 Mock.1_1838	GU721833
L	42773	345	*	*	*	*	*	DQ980578	*
H	42773	101	98.0	+	0	0	101I101M143I	EU490021 Mock.1_1838	DQ980578
H	8738	101	97.0	+	0	0	22I85MD15M474I	EU490021 Mock.1_1838	FN397167
H	28340	101	96.0	+	0	0	9I83M2D16M459I	EU490021 Mock.1_1838	EU561615
L	19311	559	*	*	*	*	*	JF461099	*
H	19311	101	96.0	+	0	0	83M2D16M460I	EU490021 Mock.1_1838	JF461099
L	52265	1629	*	*	*	*	*	EU490021	*
H	52265	101	99.0	+	0	0	127I85MD15M1402I	EU490021 Mock.1_1838	EU490021
L	46449	599	*	*	*	*	*	JQ434583	*
H	46449	101	97.0	+	0	0	9I101M489I	EU490021 Mock.1_1838	JQ434583
L	23096	573	*	*	*	*	*	EU551202	*
H	23096	94	100.0	+	0	0	9I94M470I	EU551202 Mock.2_9983	EU551202
L	31481	617	*	*	*	*	*	DQ132818	*
H	31481	94	98.9	+	0	0	61I94M462I	EU551202 Mock.2_9983	DQ132818
L	21708	537	*	*	*	*	*	GQ999151	*
H	21708	94	97.9	+	0	0	5I94M438I	EU551202 Mock.2_9983	GQ999151
H	23841	94	95.7	+	0	0	23I94M512I	EU551202 Mock.2_9983	HQ631040
H	28913	94	97.9	+	0	0	1774I94M1108I	EU551202 Mock.2_9983	FJ430766
H	26990	94	97.9	+	0	0	1716I94M1107I	EU551202 Mock.2_9983	GQ458026
H	16219	94	96.8	+	0	0	22I94M456I	EU551202 Mock.2_9983	GU934594
L	14063	632	*	*	*	*	*	DQ249212	*
H	14063	94	97.9	+	0	0	26I94M512I	EU551202 Mock.2_9983	DQ249212
L	44502	618	*	*	*	*	*	HM069479	*
H	44502	94	95.7	+	0	0	178I94M346I	EU551202 Mock.2_9983	HM069479
L	22440	631	*	*	*	*	*	GQ120969	*
H	22440	94	97.9	+	0	0	24I94M513I	EU551202 Mock.2_9983	GQ120969
L	19676	577	*	*	*	*	*	FN812807	*
H	19676	83	98.8	+	0	0	22I83M472I	FJ196614 Mock.2_39189	FN812807
L	46239	1146	*	*	*	*	*	JF449598	*
H	46239	83	98.8	+	0	0	69MD13M1064I	FJ196614 Mock.2_39189	JF449598
L	9493	284	*	*	*	*	*	JN905279	*
H	9493	83	100.0	+	0	0	23I65MI18M177I	FJ196614 Mock.2_39189	JN905279
L	11100	272	*	*	*	*	*	FJ777353	*
H	11100	83	98.8	+	0	0	22I83M167I	FJ196614 Mock.2_39189	FJ777353
L	35437	578	*	*	*	*	*	FJ196614	*
H	35437	83	100.0	+	0	0	9I65MI18M485I	FJ196614 Mock.2_39189	FJ196614
L	27640	272	*	*	*	*	*	GQ524284	*
H	27640	83	97.6	+	0	0	22I83M167I	FJ196614 Mock.2_39189	GQ524284
H	2582	83	97.6	+	0	0	7I83M477I	FJ196614 Mock.2_39189	AB374079
L	2624	596	*	*	*	*	*	HM162227	*
H	2624	83	98.8	+	0	0	22I83M491I	FJ196614 Mock.2_39189	HM162227
L	38352	575	*	*	*	*	*	EU828353	*
H	38352	83	97.6	+	0	0	26I83M466I	FJ196614 Mock.2_39189	EU828353
L	27864	583	*	*	*	*	*	HM162228	*
H	27864	83	97.6	+	0	0	22I83M478I	FJ196614 Mock.2_39189	HM162228
L	29152	597	*	*	*	*	*	HM239926	*
H	29152	81	100.0	+	0	0	22I81M494I	FJ466715 Mock.1_840	HM239926
L	28963	601	*	*	*	*	*	JQ690354	*
H	28963	81	100.0	+	0	0	22I81M498I	FJ466715 Mock.1_840	JQ690354
L	5473	645	*	*	*	*	*	HM037656	*
H	5473	81	100.0	+	0	0	22I81M542I	FJ466715 Mock.1_840	HM037656
L	28343	571	*	*	*	*	*	EU561612	*
H	28343	81	100.0	+	0	0	9I81M481I	FJ466715 Mock.1_840	EU561612
H	28340	81	100.0	+	0	0	9I81M477I	FJ466715 Mock.1_840	EU561615
L	28303	554	*	*	*	*	*	JF461115	*
H	28303	81	100.0	+	0	0	81M473I	FJ466715 Mock.1_840	JF461115
L	28300	468	*	*	*	*	*	FJ210632	*
H	28300	81	98.8	+	0	0	19I81M368I	FJ466715 Mock.1_840	FJ210632
L	44018	234	*	*	*	*	*	JF946076	*
H	44018	81	100.0	+	0	0	81M153I	FJ466715 Mock.1_840	JF946076
H	27864	81	100.0	+	0	0	22I81M480I	FJ466715 Mock.1_840	HM162228
H	27640	81	100.0	+	0	0	22I81M169I	FJ466715 Mock.1_840	GQ524284
L	31186	448	*	*	*	*	*	FJ528720	*
H	31186	84	98.8	+	0	0	77M2I7M362I	FJ777353 Mock.2_15608	FJ528720
L	7225	264	*	*	*	*	*	GQ510275	*
H	7225	84	98.8	+	0	0	22I84M158I	FJ777353 Mock.2_15608	GQ510275
L	31095	588	*	*	*	*	*	FJ612942	*
H	31095	84	97.6	+	0	0	23I77MI7M480I	FJ777353 Mock.2_15608	FJ612942
H	30396	84	97.6	+	0	0	23I84M488I	FJ777353 Mock.2_15608	JF300442
L	40939	425	*	*	*	*	*	GQ866206	*
H	40939	84	96.4	+	0	0	143I84M198I	FJ777353 Mock.2_15608	GQ866206
L	51505	529	*	*	*	*	*	FN562035	*
H	51505	84	96.4	+	0	0	20I84M425I	FJ777353 Mock.2_15608	FN562035
L	8337	594	*	*	*	*	*	FJ612933	*
H	8337	84	97.6	+	0	0	23I84M487I	FJ777353 Mock.2_15608	FJ612933
L	30008	852	*	*	*	*	*	FJ553819	*
H	30008	84	96.4	+	0	0	313I84M455I	FJ777353 Mock.2_15608	FJ553819
L	8411	586	*	*	*	*	*	HM161951	*
H	8411	84	98.8	+	0	0	22I84M480I	FJ777353 Mock.2_15608	HM161951
L	51335	564	*	*	*	*	*	JF262912	*
H	51335	84	97.6	+	0	0	9I84M471I	FJ777353 Mock.2_15608	JF262912
L	34170	704	*	*	*	*	*	FM177662	*
H	34170	101	100.0	+	0	0	177I101M426I	FM177661 Mock.1_1051	FM177662
L	34171	700	*	*	*	*	*	FM177661	*
H	34171	101	100.0	+	0	0	176I101M423I	FM177661 Mock.1_1051	FM177661
L	46672	1150	*	*	*	*	*	HQ589260	*
H	46672	101	99.0	+	0	0	250I101M799I	FM177661 Mock.1_1051	HQ589260
L	45309	674	*	*	*	*	*	JF715197	*
H	45309	101	99.0	+	0	0	189I101M384I	FM177661 Mock.1_1051	JF715197
L	29536	714	*	*	*	*	*	DQ674354	*
H	29536	101	94.1	+	0	0	217I101M396I	FM177661 Mock.1_1051	DQ674354
L	463	509	*	*	*	*	*	DQ667975	*
H	463	101	95.0	+	0	0	12I101M396I	FM177661 Mock.1_1051	DQ667975
L	52560	526	*	*	*	*	*	DQ871597	*
H	52560	101	96.0	+	0	0	D100M426I	FM177661 Mock.1_1051	DQ871597
L	41570	1243	*	*	*	*	*	AB278159	*
H	41570	77	98.7	+	0	0	8I56MD20M1159I	FM875842 Mock.1_15760	AB278159
L	49327	673	*	*	*	*	*	JF720033	*
H	49327	77	98.7	+	0	0	22I77M574I	FM875842 Mock.1_15760	JF720033
L	18792	295	*	*	*	*	*	HQ125124	*
H	18792	77	98.7	+	0	0	22I56MD20M197I	FM875842 Mock.1_15760	HQ125124
L	26992	2991	*	*	*	*	*	GQ458025	*
H	26992	77	98.7	+	0	0	1736I77M1178I	FM875842 Mock.1_15760	GQ458025
L	42526	880	*	*	*	*	*	AM158924	*
H	42526	77	98.7	+	0	0	9I56MD20M795I	FM875842 Mock.1_15760	AM158924
L	55124	850	*	*	*	*	*	FM875842	*
H	55124	77	98.7	+	0	0	185I56MD20M589I	FM875842 Mock.1_15760	FM875842
L	15343	1545	*	*	*	*	*	AB449811	*
H	15343	77	97.4	+	0	0	316I55MD21M1153I	FM875842 Mock.1_15760	AB449811
L	16217	644	*	*	*	*	*	EF198011	*
H	16217	77	96.1	+	0	0	77M567I	FM875842 Mock.1_15760	EF198011
L	36321	445	*	*	*	*	*	HQ413281	*
H	36321	77	97.4	+	0	0	175I55MD21M194I	FM875842 Mock.1_15760	HQ413281
L	26065	637	*	*	*	*	*	DQ681373	*
H	26065	77	96.1	+	0	0	12I77M548I	FM875842 Mock.1_15760	DQ681373
H	23096	101	98.0	+	0	0	9I101M463I	FR799498 Mock.1_17762	EU551202
H	31481	101	97.0	+	0	0	61I101M455I	FR799498 Mock.1_17762	DQ132818
L	3131	805	*	*	*	*	*	JN617685	*
H	3131	101	93.1	+	0	0	50I84MI17M653I	FR799498 Mock.1_17762	JN617685
L	36633	987	*	*	*	*	*	FR799498	*
H	36633	101	98.0	+	0	0	23I88MI13M862I	FR799498 Mock.1_17762	FR799498
L	20716	608	*	*	*	*	*	GU733341	*
H	20716	101	95.0	+	0	0	10I84MI17M496I	FR799498 Mock.1_17762	GU733341
L	53696	577	*	*	*	*	*	HQ850354	*
H	53696	101	97.0	+	0	0	10I101M466I	FR799498 Mock.1_17762	HQ850354
L	36745	596	*	*	*	*	*	FJ624264	*
H	36745	101	96.0	+	0	0	23I89MI12M471I	FR799498 Mock.1_17762	FJ624264
L	48195	1221	*	*	*	*	*	AF459729	*
H	48195	101	97.0	+	0	0	8I90MI11M1111I	FR799498 Mock.1_17762	AF459729
L	10404	846	*	*	*	*	*	HQ026746	*
H	10404	101	96.0	+	0	0	132I89MI12M612I	FR799498 Mock.1_17762	HQ026746
L	37948	699	*	*	*	*	*	HM069350	*
H	37948	101	97.0	+	0	0	115I89MI12M482I	FR799498 Mock.1_17762	HM069350
L	37038	914	*	*	*	*	*	GQ229082	*
H	37038	101	100.0	+	0	0	133I101M680I	GQ229082 Mock.3_2031	GQ229082
L	41107	552	*	*	*	*	*	HQ649866	*
H	41107	101	99.0	+	0	0	101M451I	GQ229082 Mock.3_2031	HQ649866
L	41335	589	*	*	*	*	*	AB249011	*
H	41335	101	98.0	+	0	0	10I101M478I	GQ229082 Mock.3_2031	AB249011
L	40250	596	*	*	*	*	*	AB249003	*
H	40250	101	98.0	+	0	0	10I101M485I	GQ229082 Mock.3_2031	AB249003
L	18270	797	*	*	*	*	*	FM177689	*
H	18270	101	98.0	+	0	0	176I101M520I	GQ229082 Mock.3_2031	FM177689
L	31833	923	*	*	*	*	*	GU797139	*
H	31833	101	98.0	+	0	0	113I101M709I	GQ229082 Mock.3_2031	GU797139
L	19983	755	*	*	*	*	*	EU301644	*
H	19983	101	98.0	+	0	0	133I101M521I	GQ229082 Mock.3_2031	EU301644
L	12299	570	*	*	*	*	*	GU973682	*
H	12299	101	93.1	+	0	0	2D99M471I	GQ229082 Mock.3_2031	GU973682
L	50713	928	*	*	*	*	*	GU797140	*
H	50713	101	98.0	+	0	0	110I101M717I	GQ229082 Mock.3_2031	GU797140
L	27753	739	*	*	*	*	*	FM177676	*
H	27753	101	98.0	+	0	0	176I101M462I	GQ229082 Mock.3_2031	FM177676
L	20885	743	*	*	*	*	*	GQ376077	*
H	20885	101	100.0	+	0	0	8I101M634I	GQ376077 Mock.2_8	GQ376077
L	11483	894	*	*	*	*	*	FM177658	*
H	11483	101	97.0	+	0	0	176I80MI21M616I	GQ376077 Mock.2_8	FM177658
L	47279	1313	*	*	*	*	*	HQ396523	*
H	47279	101	97.0	+	0	0	8I80MI21M1203I	GQ376077 Mock.2_8	HQ396523
H	26990	80	100.0	+	0	0	1716I80M1121I	GQ458026 Mock.1_12861	GQ458026
H	23096	80	100.0	+	0	0	9I80M484I	GQ458026 Mock.1_12861	EU551202
H	16219	80	100.0	+	0	0	22I80M470I	GQ458026 Mock.1_12861	GU934594
H	44502	80	100.0	+	0	0	178I80M360I	GQ458026 Mock.1_12861	HM069479
H	10404	80	100.0	+	0	0	132I80M634I	GQ458026 Mock.1_12861	HQ026746
L	4784	757	*	*	*	*	*	AM901881	*
H	4784	80	100.0	+	0	0	177I80M500I	GQ458026 Mock.1_12861	AM901881
L	34675	719	*	*	*	*	*	DQ267827	*
H	34675	80	100.0	+	0	0	127I80M512I	GQ458026 Mock.1_12861	DQ267827
L	10418	2713	*	*	*	*	*	AB293968	*
H	10418	80	100.0	+	0	0	1539I80M1094I	GQ458026 Mock.1_12861	AB293968
L	40396	581	*	*	*	*	*	JQ889705	*
H	40396	80	100.0	+	0	0	10I80M491I	GQ458026 Mock.1_12861	JQ889705
H	22440	80	100.0	+	0	0	24I80M527I	GQ458026 Mock.1_12861	GQ120969
H	23096	101	99.0	+	0	0	9I101M463I	GQ999201 Mock.3_2	EU551202
H	31481	101	98.0	+	0	0	61I101M455I	GQ999201 Mock.3_2	DQ132818
L	17521	716	*	*	*	*	*	FN548146	*
H	17521	101	99.0	+	0	0	111I91MI10M503I	GQ999201 Mock.3_2	FN548146
H	39862	101	98.0	+	0	0	202I89MI12M715I	GQ999201 Mock.3_2	HQ827787
H	22440	101	99.0	+	0	0	24I91MI10M505I	GQ999201 Mock.3_2	GQ120969
H	14063	101	99.0	+	0	0	26I91MI10M504I	GQ999201 Mock.3_2	DQ249212
H	37948	101	98.0	+	0	0	115I89MI12M482I	GQ999201 Mock.3_2	HM069350
H	28913	101	99.0	+	0	0	1774I91MI10M1100I	GQ999201 Mock.3_2	FJ430766
H	23841	101	98.0	+	0	0	23I89MI12M504I	GQ999201 Mock.3_2	HQ631040
H	53696	101	98.0	+	0	0	10I101M466I	GQ999201 Mock.3_2	HQ850354
L	14278	632	*	*	*	*	*	GU054037	*
H	14278	101	99.0	+	0	0	5I101M526I	GU054037 Mock.1_128	GU054037
L	10375	655	*	*	*	*	*	EU436681	*
H	10375	101	97.0	+	0	0	10I101M544I	GU054037 Mock.1_128	EU436681
L	39917	668	*	*	*	*	*	FJ524321	*
H	39917	101	95.0	+	0	0	14I61MI28M2D10M554I	GU054037 Mock.1_128	FJ524321
L	47647	604	*	*	*	*	*	GU370744	*
H	47647	101	98.0	+	0	0	24I101M479I	GU370744 Mock.1_97	GU370744
L	32225	622	*	*	*	*	*	GU566244	*
H	32225	101	100.0	+	0	0	22I101M499I	GU566244 Mock.2_2258	GU566244
H	4784	101	100.0	+	0	0	177I101M479I	GU566244 Mock.2_2258	AM901881
L	15005	573	*	*	*	*	*	FJ528716	*
H	15005	101	99.0	+	0	0	101M472I	GU566244 Mock.2_2258	FJ528716
L	24247	571	*	*	*	*	*	GU187837	*
H	24247	101	99.0	+	0	0	101M470I	GU566244 Mock.2_2258	GU187837
H	40396	101	98.0	+	0	0	10I101M470I	GU566244 Mock.2_2258	JQ889705
H	39862	101	98.0	+	0	0	202I101M716I	GU566244 Mock.2_2258	HQ827787
H	34675	101	98.0	+	0	0	127I101M491I	GU566244 Mock.2_2258	DQ267827
L	25972	575	*	*	*	*	*	GU565140	*
H	25972	101	97.0	+	0	0	9I101M465I	GU566244 Mock.2_2258	GU565140
L	26121	642	*	*	*	*	*	GQ851780	*
H	26121	101	98.0	+	0	0	5I101M536I	GU566244 Mock.2_2258	GQ851780
L	14523	618	*	*	*	*	*	HM240051	*
H	14523	101	98.0	+	0	0	22I101M495I	GU566244 Mock.2_2258	HM240051
H	23096	97	99.0	+	0	0	9I97M467I	GU934594 Mock.2_4233	EU551202
H	31481	97	97.9	+	0	0	61I97M459I	GU934594 Mock.2_4233	DQ132818
H	21708	97	95.9	+	0	0	5I97M435I	GU934594 Mock.2_4233	GQ999151
H	23841	97	97.9	+	0	0	23I89MI8M508I	GU934594 Mock.2_4233	HQ631040
H	28913	97	95.9	+	0	0	1774I97M1105I	GU934594 Mock.2_4233	FJ430766
H	26990	97	95.9	+	0	0	1716I97M1104I	GU934594 Mock.2_4233	GQ458026
H	16219	97	99.0	+	0	0	22I90MI7M452I	GU934594 Mock.2_4233	GU934594
H	14063	97	95.9	+	0	0	26I97M509I	GU934594 Mock.2_4233	DQ249212
H	44502	97	97.9	+	0	0	178I89MI8M342I	GU934594 Mock.2_4233	HM069479
H	22440	97	95.9	+	0	0	24I97M510I	GU934594 Mock.2_4233	GQ120969
L	44023	453	*	*	*	*	*	HM037662	*
H	44023	101	100.0	+	0	0	22I101M330I	HM037662 Mock.1_7	HM037662
L	10493	368	*	*	*	*	*	DQ667968	*
H	10493	101	96.0	+	0	0	5I101M262I	HM037662 Mock.1_7	DQ667968
L	32278	637	*	*	*	*	*	AB236001	*
H	32278	101	95.0	+	0	0	111I83M2D16M427I	HM069364 Mock.3_83	AB236001
L	19843	705	*	*	*	*	*	AM410602	*
H	19843	101	97.0	+	0	0	137I101M467I	HM069364 Mock.3_83	AM410602
H	50082	101	97.0	+	0	0	22I101M144I	HM069364 Mock.3_83	JN905480
H	2624	101	96.0	+	0	0	22I83MD17M474I	HM069364 Mock.3_83	HM162227
H	42773	101	96.0	+	0	0	101I101M143I	HM069364 Mock.3_83	DQ980578
L	47945	395	*	*	*	*	*	HQ115737	*
H	47945	101	100.0	+	0	0	15I101M279I	HQ115737 Mock.2_65	HQ115737
H	46672	101	98.0	+	0	0	250I101M799I	HQ589260 Mock.2_9798	HQ589260
H	45309	101	98.0	+	0	0	189I101M384I	HQ589260 Mock.2_9798	JF715197
L	29538	603	*	*	*	*	*	DQ674351	*
H	29538	101	93.1	+	0	0	101I101M401I	HQ589260 Mock.2_9798	DQ674351
H	463	101	94.1	+	0	0	12I101M396I	HQ589260 Mock.2_9798	DQ667975
H	34171	101	97.0	+	0	0	176I101M423I	HQ589260 Mock.2_9798	FM177661
H	29536	101	93.1	+	0	0	217I101M396I	HQ589260 Mock.2_9798	DQ674354
H	34170	101	97.0	+	0	0	177I101M426I	HQ589260 Mock.2_9798	FM177662
H	52560	101	95.0	+	0	0	D100M426I	HQ589260 Mock.2_9798	DQ871597
H	37948	89	100.0	+	0	0	115I89M495I	HQ827787 Mock.1_18213	HM069350
H	26121	89	100.0	+	0	0	5I89M548I	HQ827787 Mock.1_18213	GQ851780
H	10418	89	100.0	+	0	0	1539I89M1085I	HQ827787 Mock.1_18213	AB293968
H	23841	89	100.0	+	0	0	23I89M517I	HQ827787 Mock.1_18213	HQ631040
H	47460	89	100.0	+	0	0	5I89M539I	HQ827787 Mock.1_18213	GQ999201
H	14063	89	100.0	+	0	0	26I89M517I	HQ827787 Mock.1_18213	DQ249212
H	39862	89	100.0	+	0	0	202I89M728I	HQ827787 Mock.1_18213	HQ827787
L	20142	822	*	*	*	*	*	JQ247368	*
H	20142	89	100.0	+	0	0	87I89M646I	HQ827787 Mock.1_18213	JQ247368
H	36633	89	100.0	+	0	0	23I89M875I	HQ827787 Mock.1_18213	FR799498
L	36632	583	*	*	*	*	*	FR799499	*
H	36632	89	100.0	+	0	0	24I89M470I	HQ827787 Mock.1_18213	FR799499
H	26121	88	100.0	+	0	0	5I88M549I	JF439501 Mock.1_13559	GQ851780
H	39862	88	100.0	+	0	0	202I88M729I	JF439501 Mock.1_13559	HQ827787
H	36633	88	100.0	+	0	0	23I88M876I	JF439501 Mock.1_13559	FR799498
H	36632	88	100.0	+	0	0	24I88M471I	JF439501 Mock.1_13559	FR799499
H	28913	88	100.0	+	0	0	1774I88M1114I	JF439501 Mock.1_13559	FJ430766
H	21708	88	100.0	+	0	0	5I88M444I	JF439501 Mock.1_13559	GQ999151
L	17721	586	*	*	*	*	*	JQ889710	*
H	17721	88	100.0	+	0	0	9I88M489I	JF439501 Mock.1_13559	JQ889710
H	17521	88	100.0	+	0	0	111I88M517I	JF439501 Mock.1_13559	FN548146
H	37948	88	100.0	+	0	0	115I88M496I	JF439501 Mock.1_13559	HM069350
L	12256	619	*	*	*	*	*	HQ832818	*
H	12256	88	97.7	+	0	0	9I88M522I	JF439501 Mock.1_13559	HQ832818
H	29152	84	100.0	+	0	0	22I84M491I	JF449887 Mock.1_8251	HM239926
H	28963	84	98.8	+	0	0	22I84M495I	JF449887 Mock.1_8251	JQ690354
H	5473	84	100.0	+	0	0	22I84M539I	JF449887 Mock.1_8251	HM037656
H	28343	84	100.0	+	0	0	9I84M478I	JF449887 Mock.1_8251	EU561612
H	28340	84	98.8	+	0	0	9I84M474I	JF449887 Mock.1_8251	EU561615
H	28303	84	98.8	+	0	0	84M470I	JF449887 Mock.1_8251	JF461115
H	28300	84	97.6	+	0	0	19I84M365I	JF449887 Mock.1_8251	FJ210632
H	44018	84	98.8	+	0	0	84M150I	JF449887 Mock.1_8251	JF946076
H	27864	84	97.6	+	0	0	22I84M477I	JF449887 Mock.1_8251	HM162228
H	27640	84	98.8	+	0	0	22I84M166I	JF449887 Mock.1_8251	GQ524284
H	45309	101	99.0	+	0	0	189I101M384I	JF715197 Mock.3_44	JF715197
H	46672	101	99.0	+	0	0	250I101M799I	JF715197 Mock.3_44	HQ589260
H	29538	101	94.1	+	0	0	101I101M401I	JF715197 Mock.3_44	DQ674351
H	34171	101	98.0	+	0	0	176I101M423I	JF715197 Mock.3_44	FM177661
H	34170	101	98.0	+	0	0	177I101M426I	JF715197 Mock.3_44	FM177662
H	463	101	95.0	+	0	0	12I101M396I	JF715197 Mock.3_44	DQ667975
H	29536	101	94.1	+	0	0	217I101M396I	JF715197 Mock.3_44	DQ674354
H	52560	101	96.0	+	0	0	D100M426I	JF715197 Mock.3_44	DQ871597
H	49327	101	100.0	+	0	0	22I101M550I	JF720033 Mock.2_30	JF720033
H	26992	101	100.0	+	0	0	1736I101M1154I	JF720033 Mock.2_30	GQ458025
H	26065	101	98.0	+	0	0	12I101M524I	JF720033 Mock.2_30	DQ681373
H	42526	101	98.0	+	0	0	9I58MD22MD19M772I	JF720033 Mock.2_30	AM158924
L	17730	674	*	*	*	*	*	EF190222	*
H	17730	101	97.0	+	0	0	15I101M558I	JF720033 Mock.2_30	EF190222
L	48205	549	*	*	*	*	*	JQ665427	*
H	48205	101	99.0	+	0	0	D100M449I	JF720033 Mock.2_30	JQ665427
L	23327	784	*	*	*	*	*	DQ667969	*
H	23327	101	95.0	+	0	0	158I101M525I	JF720033 Mock.2_30	DQ667969
L	49213	673	*	*	*	*	*	HQ719236	*
H	49213	101	99.0	+	0	0	22I101M550I	JF720033 Mock.2_30	HQ719236
L	10406	654	*	*	*	*	*	AB513332	*
H	10406	101	99.0	+	0	0	9I101M544I	JF720033 Mock.2_30	AB513332
H	18792	101	94.1	+	0	0	22I58MD22MD19M174I	JF720033 Mock.2_30	HQ125124
H	725	101	97.0	+	0	0	1481I101M287I	JF907594 Mock.1_40	JF907594
H	46672	101	94.1	+	0	0	386I101M663I	JF907594 Mock.1_40	HQ589260
L	50326	586	*	*	*	*	*	DQ680681	*
H	50326	101	95.0	+	0	0	227I101M258I	JF907594 Mock.1_40	DQ680681
L	45601	530	*	*	*	*	*	AF157596	*
H	45601	101	93.1	+	0	0	118I101M311I	JF907594 Mock.1_40	AF157596
H	19843	101	100.0	+	0	0	137I101M467I	JN905480 Mock.2_11	AM410602
H	50082	101	100.0	+	0	0	22I101M144I	JN905480 Mock.2_11	JN905480
L	20892	462	*	*	*	*	*	FN562058	*
H	20892	101	99.0	+	0	0	146I101M215I	JN905480 Mock.2_11	FN562058
L	50560	577	*	*	*	*	*	GQ921731	*
H	50560	101	98.0	+	0	0	84M2D15M478I	JN905480 Mock.2_11	GQ921731
H	42773	101	99.0	+	0	0	101I101M143I	JN905480 Mock.2_11	DQ980578
L	28830	297	*	*	*	*	*	FN562059	*
H	28830	101	99.0	+	0	0	21I101M175I	JN905480 Mock.2_11	FN562059
H	2624	101	99.0	+	0	0	22I83MD17M474I	JN905480 Mock.2_11	HM162227
L	34801	555	*	*	*	*	*	HM216212	*
H	34801	101	98.0	+	0	0	7I84M2D15M449I	JN905480 Mock.2_11	HM216212
L	32433	1140	*	*	*	*	*	EU926219	*
H	32433	101	95.0	+	0	0	5D96M1044I	JN905480 Mock.2_11	EU926219
H	18901	101	98.0	+	0	0	11I54M13I47M465I	JN905480 Mock.2_11	JN207292
L	53702	603	*	*	*	*	*	FN868469	*
H	53702	78	100.0	+	0	0	22I78M503I	JN905595 Mock.3_8139	FN868469
H	46449	78	100.0	+	0	0	9I78M512I	JN905595 Mock.3_8139	JQ434583
H	19676	78	100.0	+	0	0	22I78M477I	JN905595 Mock.3_8139	FN812807
L	19840	584	*	*	*	*	*	GU721258	*
H	19840	78	100.0	+	0	0	22I78M484I	JN905595 Mock.3_8139	GU721258
H	19843	78	100.0	+	0	0	137I78M490I	JN905595 Mock.3_8139	AM410602
H	30396	78	100.0	+	0	0	23I78M494I	JN905595 Mock.3_8139	JF300442
L	9060	277	*	*	*	*	*	JN905732	*
H	9060	78	98.7	+	0	0	22I78M177I	JN905595 Mock.3_8139	JN905732
L	51079	271	*	*	*	*	*	JN906131	*
H	51079	78	100.0	+	0	0	22I78M171I	JN905595 Mock.3_8139	JN906131
H	40939	78	100.0	+	0	0	143I78M204I	JN905595 Mock.3_8139	GQ866206
H	30008	78	100.0	+	0	0	313I78M461I	JN905595 Mock.3_8139	FJ553819
H	10962	101	96.0	+	0	0	314I101M262I	New.ReferenceOTU1 Mock.1_44196	DQ683114
H	46672	101	93.1	+	0	0	386I101M663I	New.ReferenceOTU1 Mock.1_44196	HQ589260
H	725	101	96.0	+	0	0	1481I101M287I	New.ReferenceOTU1 Mock.1_44196	JF907594
H	45601	101	94.1	+	0	0	118I101M311I	New.ReferenceOTU2 Mock.1_66982	AF157596
N	*	101	*	*	*	*	*	New.ReferenceOTU3 Mock.1_7791	*
H	45601	101	96.0	+	0	0	118I101M311I	New.ReferenceOTU4 Mock.3_2154	AF157596
L	52507	605	*	*	*	*	*	DQ683112	*
H	52507	101	93.1	+	0	0	245I101M259I	New.ReferenceOTU4 Mock.3_2154	DQ683112
H	47945	101	94.1	+	0	0	15I101M279I	New.ReferenceOTU4 Mock.3_2154	HQ115737
H	725	101	94.1	+	0	0	1481I101M287I	New.ReferenceOTU4 Mock.3_2154	JF907594
H	52507	101	93.1	+	0	0	245I101M259I	New.ReferenceOTU5 Mock.2_15259	DQ683112
H	45601	101	94.1	+	0	0	118I101M311I	New.ReferenceOTU5 Mock.2_15259	AF157596
N	*	101	*	*	*	*	*	New.ReferenceOTU6 Mock.1_2681	*
H	10962	101	93.1	+	0	0	314I101M262I	New.ReferenceOTU7 Mock.2_65545	DQ683114
H	47647	101	96.0	+	0	0	24I101M479I	New.CleanUp.ReferenceOTU104 Mock.2_1714	GU370744
N	*	92	*	*	*	*	*	New.CleanUp.ReferenceOTU105 Mock.1_4452	*
H	44023	101	96.0	+	0	0	22I101M330I	New.CleanUp.ReferenceOTU106 Mock.2_73953	HM037662
H	50082	101	96.0	+	0	0	22I101M144I	New.CleanUp.ReferenceOTU107 Mock.2_6026	JN905480
H	32278	101	94.1	+	0	0	111I83M2D16M427I	New.CleanUp.ReferenceOTU107 Mock.2_6026	AB236001
H	19843	101	96.0	+	0	0	137I101M467I	New.CleanUp.ReferenceOTU107 Mock.2_6026	AM410602
H	2624	101	95.0	+	0	0	22I83MD17M474I	New.CleanUp.ReferenceOTU107 Mock.2_6026	HM162227
H	20892	101	95.0	+	0	0	146I101M215I	New.CleanUp.ReferenceOTU107 Mock.2_6026	FN562058
H	50560	101	94.1	+	0	0	84M2D15M478I	New.CleanUp.ReferenceOTU107 Mock.2_6026	GQ921731
H	28830	101	95.0	+	0	0	21I101M175I	New.CleanUp.ReferenceOTU107 Mock.2_6026	FN562059
H	42773	101	95.0	+	0	0	101I101M143I	New.CleanUp.ReferenceOTU107 Mock.2_6026	DQ980578
H	18901	101	94.1	+	0	0	11I40M13I61M465I	New.CleanUp.ReferenceOTU107 Mock.2_6026	JN207292
H	34801	101	94.1	+	0	0	7I84M2D15M449I	New.CleanUp.ReferenceOTU107 Mock.2_6026	HM216212
H	45309	101	96.0	+	0	0	189I101M384I	New.CleanUp.ReferenceOTU109 Mock.3_64290	JF715197
H	46672	101	96.0	+	0	0	250I101M799I	New.CleanUp.ReferenceOTU109 Mock.3_64290	HQ589260
H	34170	101	95.0	+	0	0	177I101M426I	New.CleanUp.ReferenceOTU109 Mock.3_64290	FM177662
H	34171	101	95.0	+	0	0	176I101M423I	New.CleanUp.ReferenceOTU109 Mock.3_64290	FM177661
H	52560	101	93.1	+	0	0	D100M426I	New.CleanUp.ReferenceOTU109 Mock.3_64290	DQ871597
H	49327	101	96.0	+	0	0	22I101M550I	New.CleanUp.ReferenceOTU110 Mock.2_25781	JF720033
H	26992	101	96.0	+	0	0	1736I101M1154I	New.CleanUp.ReferenceOTU110 Mock.2_25781	GQ458025
H	48205	101	95.0	+	0	0	D100M449I	New.CleanUp.ReferenceOTU110 Mock.2_25781	JQ665427
H	26065	101	94.1	+	0	0	12I101M524I	New.CleanUp.ReferenceOTU110 Mock.2_25781	DQ681373
H	17730	101	93.1	+	0	0	15I101M558I	New.CleanUp.ReferenceOTU110 Mock.2_25781	EF190222
H	10406	101	95.0	+	0	0	9I101M544I	New.CleanUp.ReferenceOTU110 Mock.2_25781	AB513332
H	42526	101	95.0	+	0	0	9I55MD25MD19M772I	New.CleanUp.ReferenceOTU110 Mock.2_25781	AM158924
H	49213	101	95.0	+	0	0	22I101M550I	New.CleanUp.ReferenceOTU110 Mock.2_25781	HQ719236
H	55124	101	93.1	+	0	0	185I55MD25MD19M566I	New.CleanUp.ReferenceOTU110 Mock.2_25781	FM875842
H	41570	101	93.1	+	0	0	8I55MD25MD19M1136I	New.CleanUp.ReferenceOTU110 Mock.2_25781	AB278159
H	725	78	93.6	+	0	0	1481I78M310I	New.CleanUp.ReferenceOTU111 Mock.2_53527	JF907594
H	10962	101	96.0	+	0	0	314I101M262I	New.CleanUp.ReferenceOTU117 Mock.2_19449	DQ683114
H	725	101	94.1	+	0	0	1481I101M287I	New.CleanUp.ReferenceOTU117 Mock.2_19449	JF907594
H	50376	101	95.0	+	0	0	12I101M322I	New.CleanUp.ReferenceOTU123 Mock.1_21242	EF199746
H	47647	101	96.0	+	0	0	24I101M479I	New.CleanUp.ReferenceOTU124 Mock.1_5337	GU370744
N	*	101	*	*	*	*	*	New.CleanUp.ReferenceOTU136 Mock.1_54066	*
H	50376	101	96.0	+	0	0	12I101M322I	New.CleanUp.ReferenceOTU138 Mock.1_46401	EF199746
H	725	91	93.4	+	0	0	1481I91M297I	New.CleanUp.ReferenceOTU142 Mock.2_31673	JF907594
H	10962	91	93.4	+	0	0	314I91M272I	New.CleanUp.ReferenceOTU142 Mock.2_31673	DQ683114
H	725	89	94.4	+	0	0	1481I89M299I	New.CleanUp.ReferenceOTU145 Mock.1_42547	JF907594
H	725	101	94.1	+	0	0	1481I101M287I	New.CleanUp.ReferenceOTU15 Mock.2_13064	JF907594
N	*	101	*	*	*	*	*	New.CleanUp.ReferenceOTU150 Mock.1_20046	*
N	*	101	*	*	*	*	*	New.CleanUp.ReferenceOTU16 Mock.2_5394	*
N	*	101	*	*	*	*	*	New.CleanUp.ReferenceOTU162 Mock.2_13237	*
H	44023	101	96.0	+	0	0	22I101M330I	New.CleanUp.ReferenceOTU169 Mock.2_58493	HM037662
N	*	101	*	*	*	*	*	New.CleanUp.ReferenceOTU170 Mock.2_72741	*
H	10962	101	94.1	+	0	0	314I101M262I	New.CleanUp.ReferenceOTU174 Mock.1_67324	DQ683114
H	45309	97	96.9	+	0	0	189I97M388I	New.CleanUp.ReferenceOTU175 Mock.2_49488	JF715197
H	46672	97	96.9	+	0	0	250I97M803I	New.CleanUp.ReferenceOTU175 Mock.2_49488	HQ589260
H	34171	97	95.9	+	0	0	176I97M427I	New.CleanUp.ReferenceOTU175 Mock.2_49488	FM177661
H	34170	97	95.9	+	0	0	177I97M430I	New.CleanUp.ReferenceOTU175 Mock.2_49488	FM177662
N	*	101	*	*	*	*	*	New.CleanUp.ReferenceOTU176 Mock.2_44184	*
H	34171	101	96.0	+	0	0	176I101M423I	New.CleanUp.ReferenceOTU179 Mock.3_15573	FM177661
H	34170	101	96.0	+	0	0	177I101M426I	New.CleanUp.ReferenceOTU179 Mock.3_15573	FM177662
H	45309	101	96.0	+	0	0	189I101M384I	New.CleanUp.ReferenceOTU179 Mock.3_15573	JF715197
H	46672	101	96.0	+	0	0	250I101M799I	New.CleanUp.ReferenceOTU179 Mock.3_15573	HQ589260
H	725	101	94.1	+	0	0	1481I101M287I	New.CleanUp.ReferenceOTU180 Mock.1_39577	JF907594
H	45601	101	93.1	+	0	0	118I101M311I	New.CleanUp.ReferenceOTU180 Mock.1_39577	AF157596
H	47945	101	94.1	+	0	0	15I101M279I	New.CleanUp.ReferenceOTU180 Mock.1_39577	HQ115737
N	*	101	*	*	*	*	*	New.CleanUp.ReferenceOTU184 Mock.2_18978	*
N	*	101	*	*	*	*	*	New.CleanUp.ReferenceOTU185 Mock.3_9034	*
H	46672	101	93.1	+	0	0	386I101M663I	New.CleanUp.ReferenceOTU191 Mock.3_86	HQ589260
H	725	101	96.0	+	0	0	1481I101M287I	New.CleanUp.ReferenceOTU191 Mock.3_86	JF907594
L	26762	632	*	*	*	*	*	GQ851864	*
H	26762	91	94.5	+	0	0	5I91M536I	New.CleanUp.ReferenceOTU2 Mock.3_52699	GQ851864
H	19843	91	96.7	+	0	0	137I91M477I	New.CleanUp.ReferenceOTU2 Mock.3_52699	AM410602
L	45636	2296	*	*	*	*	*	AB237663	*
H	45636	91	93.4	+	0	0	1704I91M501I	New.CleanUp.ReferenceOTU2 Mock.3_52699	AB237663
H	50082	91	96.7	+	0	0	22I91M154I	New.CleanUp.ReferenceOTU2 Mock.3_52699	JN905480
H	36744	91	95.6	+	0	0	23I91M447I	New.CleanUp.ReferenceOTU2 Mock.3_52699	FJ624262
L	52400	668	*	*	*	*	*	JN859422	*
H	52400	91	93.4	+	0	0	106I91M471I	New.CleanUp.ReferenceOTU2 Mock.3_52699	JN859422
H	19840	91	94.5	+	0	0	22I91M471I	New.CleanUp.ReferenceOTU2 Mock.3_52699	GU721258
H	52265	91	94.5	+	0	0	127I91M1411I	New.CleanUp.ReferenceOTU2 Mock.3_52699	EU490021
H	45601	93	93.5	+	0	0	118I93M319I	New.CleanUp.ReferenceOTU25 Mock.2_38665	AF157596
N	*	101	*	*	*	*	*	New.CleanUp.ReferenceOTU34 Mock.2_5485	*
H	14278	101	96.0	+	0	0	5I101M526I	New.CleanUp.ReferenceOTU40 Mock.1_52686	GU054037
L	19986	650	*	*	*	*	*	EU301641	*
H	19986	101	93.1	+	0	0	26I57MD43M524I	New.CleanUp.ReferenceOTU40 Mock.1_52686	EU301641
L	19385	637	*	*	*	*	*	HQ832968	*
H	19385	101	93.1	+	0	0	9I57MD43M528I	New.CleanUp.ReferenceOTU40 Mock.1_52686	HQ832968
H	10375	101	94.1	+	0	0	10I101M544I	New.CleanUp.ReferenceOTU40 Mock.1_52686	EU436681
L	13266	640	*	*	*	*	*	HQ607917	*
H	13266	101	95.0	+	0	0	8I101M531I	New.CleanUp.ReferenceOTU40 Mock.1_52686	HQ607917
L	52608	644	*	*	*	*	*	HQ607931	*
H	52608	101	95.0	+	0	0	8I101M535I	New.CleanUp.ReferenceOTU40 Mock.1_52686	HQ607931
N	*	94	*	*	*	*	*	New.CleanUp.ReferenceOTU43 Mock.1_25228	*
N	*	101	*	*	*	*	*	New.CleanUp.ReferenceOTU44 Mock.1_6422	*
H	50376	101	96.0	+	0	0	12I101M322I	New.CleanUp.ReferenceOTU48 Mock.3_9150	EF199746
N	*	101	*	*	*	*	*	New.CleanUp.ReferenceOTU5 Mock.2_8898	*
H	45309	101	96.0	+	0	0	189I101M384I	New.CleanUp.ReferenceOTU51 Mock.1_65676	JF715197
H	34171	101	95.0	+	0	0	176I101M423I	New.CleanUp.ReferenceOTU51 Mock.1_65676	FM177661
H	34170	101	95.0	+	0	0	177I101M426I	New.CleanUp.ReferenceOTU51 Mock.1_65676	FM177662
H	46672	101	96.0	+	0	0	250I101M799I	New.CleanUp.ReferenceOTU51 Mock.1_65676	HQ589260
H	52560	101	94.1	+	0	0	D100M426I	New.CleanUp.ReferenceOTU51 Mock.1_65676	DQ871597
H	10962	101	93.1	+	0	0	314I101M262I	New.CleanUp.ReferenceOTU54 Mock.2_50493	DQ683114
H	50376	94	96.8	+	0	0	12I94M329I	New.CleanUp.ReferenceOTU58 Mock.2_7816	EF199746
H	725	83	94.0	+	0	0	1481I83M305I	New.CleanUp.ReferenceOTU6 Mock.1_46887	JF907594
H	50376	101	95.0	+	0	0	12I101M322I	New.CleanUp.ReferenceOTU60 Mock.3_43979	EF199746
N	*	95	*	*	*	*	*	New.CleanUp.ReferenceOTU61 Mock.1_44342	*
H	50376	96	95.8	+	0	0	12I96M327I	New.CleanUp.ReferenceOTU62 Mock.1_1896	EF199746
L	17013	610	*	*	*	*	*	JQ990194	*
H	17013	101	95.0	+	0	0	143I101M366I	New.CleanUp.ReferenceOTU71 Mock.1_1352	JQ990194
L	20976	1397	*	*	*	*	*	GQ153214	*
H	20976	101	94.1	+	0	0	483I101M813I	New.CleanUp.ReferenceOTU71 Mock.1_1352	GQ153214
N	*	101	*	*	*	*	*	New.CleanUp.ReferenceOTU72 Mock.2_8064	*
H	44023	92	93.5	+	0	0	22I92M339I	New.CleanUp.ReferenceOTU78 Mock.1_53045	HM037662
H	45601	92	93.5	+	0	0	118I92M320I	New.CleanUp.ReferenceOTU78 Mock.1_53045	AF157596
N	*	101	*	*	*	*	*	New.CleanUp.ReferenceOTU81 Mock.3_69820	*
N	*	101	*	*	*	*	*	New.CleanUp.ReferenceOTU82 Mock.1_50690	*
H	46672	101	96.0	+	0	0	250I101M799I	New.CleanUp.ReferenceOTU83 Mock.1_18246	HQ589260
H	45309	101	96.0	+	0	0	189I101M384I	New.CleanUp.ReferenceOTU83 Mock.1_18246	JF715197
H	34170	101	96.0	+	0	0	177I101M426I	New.CleanUp.ReferenceOTU83 Mock.1_18246	FM177662
H	34171	101	96.0	+	0	0	176I101M423I	New.CleanUp.ReferenceOTU83 Mock.1_18246	FM177661
N	*	101	*	*	*	*	*	New.CleanUp.ReferenceOTU9 Mock.2_3312	*
H	47647	93	95.7	+	0	0	24I93M487I	New.CleanUp.ReferenceOTU90 Mock.3_36762	GU370744
N	*	101	*	*	*	*	*	New.CleanUp.ReferenceOTU94 Mock.3_65355	*
N	*	101	*	*	*	*	*	New.CleanUp.ReferenceOTU95 Mock.2_15039	*
D	725	8	*	*	*	*	95.0	JF907594	*
D	4784	2	*	*	*	*	100.0	AM901881	*
D	8411	2	*	*	*	*	98.8	HM161951	*
D	9213	2	*	*	*	*	100.0	DQ683006	*
D	10962	7	*	*	*	*	94.4	DQ683114	*
D	14278	3	*	*	*	*	97.5	GU054037	*
D	16219	2	*	*	*	*	99.0	GU934594	*
D	17013	2	*	*	*	*	95.0	JQ990194	*
D	19843	2	*	*	*	*	96.0	AM410602	*
D	20885	2	*	*	*	*	100.0	GQ376077	*
D	22440	2	*	*	*	*	100.0	GQ120969	*
D	23096	2	*	*	*	*	100.0	EU551202	*
D	25657	2	*	*	*	*	100.0	HQ611293	*
D	26992	3	*	*	*	*	98.0	GQ458025	*
D	27640	2	*	*	*	*	100.0	GQ524284	*
D	28343	2	*	*	*	*	100.0	EU561612	*
D	28913	2	*	*	*	*	99.0	FJ430766	*
D	30008	2	*	*	*	*	100.0	FJ553819	*
D	33480	2	*	*	*	*	98.0	GU721684	*
D	34171	3	*	*	*	*	98.0	FM177661	*
D	35437	2	*	*	*	*	100.0	FJ196614	*
D	36632	2	*	*	*	*	100.0	FR799499	*
D	36633	2	*	*	*	*	98.0	FR799498	*
D	37038	2	*	*	*	*	100.0	GQ229082	*
D	37948	2	*	*	*	*	100.0	HM069350	*
D	44023	4	*	*	*	*	97.4	HM037662	*
D	45309	2	*	*	*	*	98.0	JF715197	*
D	45601	6	*	*	*	*	94.2	AF157596	*
D	46672	6	*	*	*	*	96.8	HQ589260	*
D	47460	2	*	*	*	*	97.8	GQ999201	*
D	47647	5	*	*	*	*	96.4	GU370744	*
D	47945	3	*	*	*	*	97.0	HQ115737	*
D	50082	4	*	*	*	*	97.9	JN905480	*
D	50376	8	*	*	*	*	96.3	EF199746	*
D	52265	2	*	*	*	*	99.0	EU490021	*
D	55124	2	*	*	*	*	98.7	FM875842	*
