UclustConsensusTaxonAssigner parameters:
id_to_taxonomy_filepath:/Users/nbokulich/Desktop/projects/short-read-tax-assignment/data/novel-taxa-simulations/B1-REF-L4-iter1/ref_taxa.tsv
id_to_taxonomy_fp:/Users/nbokulich/Desktop/projects/short-read-tax-assignment/data/novel-taxa-simulations/B1-REF-L4-iter1/ref_taxa.tsv
max_accepts:3
min_consensus_fraction:0.51
reference_sequences_fp:/Users/nbokulich/Desktop/projects/short-read-tax-assignment/data/novel-taxa-simulations/B1-REF-L4-iter1/ref_seqs.fasta
similarity:0.8
unassignable_label:Unassigned
Result path: /var/folders/0t/l1dz88p50y91vx_22fx5w3780000gn/T/assign-taxrfx6RX

.uc file contents:

# uclust --input /Users/nbokulich/Desktop/projects/short-read-tax-assignment/data/novel-taxa-simulations/B1-REF-L4-iter1/query.fasta --id 0.8 --rev --maxaccepts 3 --allhits --libonly --lib /Users/nbokulich/Desktop/projects/short-read-tax-assignment/data/novel-taxa-simulations/B1-REF-L4-iter1/ref_seqs.fasta --uc /var/folders/0t/l1dz88p50y91vx_22fx5w3780000gn/T/UclustConsensusTaxonAssigner_6Yg7xp.uc
# version=1.2.22
# Tab-separated fields:
# 1=Type, 2=ClusterNr, 3=SeqLength or ClusterSize, 4=PctId, 5=Strand, 6=QueryStart, 7=SeedStart, 8=Alignment, 9=QueryLabel, 10=TargetLabel
# Record types (field 1): L=LibSeed, S=NewSeed, H=Hit, R=Reject, D=LibCluster, C=NewCluster, N=NoHit
# For C and D types, PctId is average id with seed.
# QueryStart and SeedStart are zero-based relative to start of sequence.
# If minus strand, SeedStart is relative to reverse-complemented seed.
L	8065	250	*	*	*	*	*	12783	*
H	8065	250	88.4	+	0	0	250M	1080702	12783
L	13108	250	*	*	*	*	*	4339173	*
H	13108	250	90.0	+	0	0	250M	1080702	4339173
L	10422	250	*	*	*	*	*	1129174	*
H	10422	250	89.2	+	0	0	250M	1080702	1129174
L	5270	250	*	*	*	*	*	236778	*
H	5270	250	92.0	+	0	0	250M	851793	236778
L	8719	250	*	*	*	*	*	1130161	*
H	8719	250	92.8	+	0	0	134MI115MD	851793	1130161
L	4764	250	*	*	*	*	*	268395	*
H	4764	250	92.0	+	0	0	250M	851793	268395
L	12255	250	*	*	*	*	*	816306	*
H	12255	250	80.4	+	0	0	250M	822102	816306
L	8387	250	*	*	*	*	*	5620	*
H	8387	250	81.2	+	0	0	250M	822102	5620
L	6859	250	*	*	*	*	*	140320	*
H	6859	250	81.6	+	0	0	250M	822102	140320
L	904	250	*	*	*	*	*	845765	*
H	904	250	89.2	+	0	0	250M	789693	845765
L	13232	250	*	*	*	*	*	4347830	*
H	13232	250	88.8	+	0	0	250M	789693	4347830
L	11197	250	*	*	*	*	*	1137029	*
H	11197	250	88.0	+	0	0	250M	789693	1137029
L	14934	250	*	*	*	*	*	4455469	*
H	14934	250	100.0	+	0	0	250M	682208	4455469
L	2964	250	*	*	*	*	*	451972	*
H	2964	250	100.0	+	0	0	250M	682208	451972
L	8849	250	*	*	*	*	*	1105677	*
H	8849	250	100.0	+	0	0	250M	682208	1105677
L	7952	250	*	*	*	*	*	16092	*
H	7952	250	85.6	+	0	0	250M	615682	16092
L	7955	250	*	*	*	*	*	16089	*
H	7955	250	85.2	+	0	0	111MD138MI	615682	16089
L	7949	250	*	*	*	*	*	16096	*
H	7949	250	85.6	+	0	0	250M	615682	16096
L	2231	250	*	*	*	*	*	534008	*
H	2231	250	95.2	+	0	0	250M	607959	534008
L	8805	250	*	*	*	*	*	1133935	*
H	8805	250	94.0	+	0	0	250M	607959	1133935
L	8851	250	*	*	*	*	*	1133608	*
H	8851	250	94.8	+	0	0	250M	607959	1133608
L	12638	250	*	*	*	*	*	4313041	*
H	12638	250	86.0	+	0	0	250M	583935	4313041
L	13231	250	*	*	*	*	*	4347829	*
H	13231	250	85.2	+	0	0	130MD119MI	583935	4347829
L	10772	250	*	*	*	*	*	1127353	*
H	10772	250	85.6	+	0	0	250M	583935	1127353
N	*	250	*	*	*	*	*	554390	*
L	3929	250	*	*	*	*	*	320922	*
H	3929	250	91.6	+	0	0	250M	544430	320922
L	9998	250	*	*	*	*	*	2574952	*
H	9998	250	91.2	+	0	0	250M	544430	2574952
L	6609	250	*	*	*	*	*	152262	*
H	6609	250	90.8	+	0	0	250M	544430	152262
L	5592	250	*	*	*	*	*	197491	*
H	5592	250	85.2	+	0	0	250M	517456	197491
L	8455	250	*	*	*	*	*	2813	*
H	8455	250	84.8	+	0	0	250M	517456	2813
L	11573	250	*	*	*	*	*	3764940	*
H	11573	250	84.0	+	0	0	250M	517456	3764940
L	15023	250	*	*	*	*	*	4460356	*
H	15023	250	83.6	+	0	0	250M	370253	4460356
L	7946	250	*	*	*	*	*	16103	*
H	7946	250	83.6	+	0	0	250M	370253	16103
L	8643	250	*	*	*	*	*	1611605	*
H	8643	250	83.6	+	0	0	250M	370253	1611605
L	15352	250	*	*	*	*	*	4478762	*
H	15352	250	98.4	+	0	0	250M	343273	4478762
L	7988	250	*	*	*	*	*	15059	*
H	7988	250	98.0	+	0	0	250M	343273	15059
L	10143	250	*	*	*	*	*	1086805	*
H	10143	250	96.0	+	0	0	250M	343273	1086805
L	9299	250	*	*	*	*	*	1140164	*
H	9299	250	94.0	+	0	0	250M	283972	1140164
L	14143	250	*	*	*	*	*	4405546	*
H	14143	250	93.2	+	0	0	250M	283972	4405546
L	12019	250	*	*	*	*	*	1135527	*
H	12019	250	94.0	+	0	0	250M	283972	1135527
L	3031	250	*	*	*	*	*	416537	*
H	3031	250	83.6	+	0	0	250M	273661	416537
L	10346	250	*	*	*	*	*	830011	*
H	10346	250	86.8	+	0	0	250M	273661	830011
L	3106	250	*	*	*	*	*	386273	*
H	3106	250	85.2	+	0	0	250M	273661	386273
L	8775	250	*	*	*	*	*	822996	*
H	8775	250	96.4	+	0	0	250M	268463	822996
L	7170	250	*	*	*	*	*	107199	*
H	7170	250	96.4	+	0	0	250M	268463	107199
L	3496	250	*	*	*	*	*	349762	*
H	3496	250	96.4	+	0	0	250M	268463	349762
L	12003	250	*	*	*	*	*	990997	*
H	12003	250	83.2	+	0	0	250M	263575	990997
L	12751	250	*	*	*	*	*	4319468	*
H	12751	250	84.8	+	0	0	250M	263575	4319468
L	6311	250	*	*	*	*	*	168491	*
H	6311	250	85.2	+	0	0	250M	263575	168491
L	10773	250	*	*	*	*	*	1121390	*
H	10773	250	88.0	+	0	0	250M	258054	1121390
L	9167	250	*	*	*	*	*	1129081	*
H	9167	250	87.6	+	0	0	250M	258054	1129081
L	11733	250	*	*	*	*	*	3883854	*
H	11733	250	88.0	+	0	0	250M	258054	3883854
L	6872	250	*	*	*	*	*	139367	*
H	6872	250	95.6	+	0	0	250M	247484	139367
L	11201	250	*	*	*	*	*	802792	*
H	11201	250	94.8	+	0	0	250M	247484	802792
L	12245	250	*	*	*	*	*	4260083	*
H	12245	250	95.2	+	0	0	250M	247484	4260083
H	10773	250	94.4	+	0	0	250M	179312	1121390
L	5160	250	*	*	*	*	*	244196	*
H	5160	250	95.6	+	0	0	250M	179312	244196
L	8085	250	*	*	*	*	*	12256	*
H	8085	250	95.6	+	0	0	250M	179312	12256
L	11985	250	*	*	*	*	*	4062294	*
H	11985	250	94.4	+	0	0	250M	166639	4062294
L	14075	250	*	*	*	*	*	4399824	*
H	14075	250	94.8	+	0	0	250M	166639	4399824
L	9024	250	*	*	*	*	*	1050805	*
H	9024	250	94.8	+	0	0	250M	166639	1050805
L	14714	250	*	*	*	*	*	4441660	*
H	14714	250	92.4	+	0	0	250M	159833	4441660
L	2114	250	*	*	*	*	*	542840	*
H	2114	250	92.4	+	0	0	250M	159833	542840
L	10931	250	*	*	*	*	*	3294958	*
H	10931	250	92.4	+	0	0	250M	159833	3294958
L	7848	250	*	*	*	*	*	30376	*
H	7848	250	97.2	+	0	0	134MD115MI	145056	30376
L	10047	250	*	*	*	*	*	1129821	*
H	10047	250	97.2	+	0	0	134MD115MI	145056	1129821
L	8064	250	*	*	*	*	*	12966	*
H	8064	250	97.2	+	0	0	134MD115MI	145056	12966
N	*	250	*	*	*	*	*	56204	*
L	5875	250	*	*	*	*	*	186795	*
H	5875	250	80.8	+	0	0	123MD126MI	26799	186795
L	1959	250	*	*	*	*	*	554499	*
H	1959	250	80.4	+	0	0	122M2D126M2I	26799	554499
L	12210	250	*	*	*	*	*	4242243	*
H	12210	250	80.8	+	0	0	123MD126MI	26799	4242243
L	2023	250	*	*	*	*	*	550440	*
H	2023	250	91.2	+	0	0	235MI14MD	18561	550440
L	1317	250	*	*	*	*	*	632212	*
H	1317	250	91.2	+	0	0	250M	18561	632212
L	6706	250	*	*	*	*	*	146198	*
H	6706	250	90.8	+	0	0	250M	18561	146198
H	15352	250	98.0	+	0	0	72MD126MI16MI34MD	15261	4478762
L	14328	250	*	*	*	*	*	4416988	*
H	14328	250	96.0	+	0	0	72MD127MI15MI34MD	15261	4416988
L	13140	250	*	*	*	*	*	4341595	*
H	13140	250	96.0	+	0	0	72MD127MI15MI34MD	15261	4341595
N	*	250	*	*	*	*	*	14342	*
L	987	250	*	*	*	*	*	819415	*
H	987	250	80.8	+	0	0	2I127MD121MD	12524	819415
L	477	250	*	*	*	*	*	973803	*
H	477	250	82.0	+	0	0	2I127MD121MD	12524	973803
L	4817	250	*	*	*	*	*	265653	*
H	4817	250	80.8	+	0	0	2I100M2D17MD98MI32M	12524	265653
L	7452	250	*	*	*	*	*	87670	*
H	7452	250	88.4	+	0	0	250M	10844	87670
L	10162	250	*	*	*	*	*	1121558	*
H	10162	250	83.2	+	0	0	72M2I137MI38M3D	10844	1121558
L	1062	250	*	*	*	*	*	802727	*
H	1062	250	86.4	+	0	0	250M	10844	802727
H	6706	250	83.6	+	0	0	250M	7773	146198
L	1993	250	*	*	*	*	*	552246	*
H	1993	250	86.4	+	0	0	250M	7773	552246
L	5447	250	*	*	*	*	*	216324	*
H	5447	250	83.6	+	0	0	250M	7773	216324
L	10208	250	*	*	*	*	*	1130616	*
H	10208	250	91.6	+	0	0	118MI131MD	638076	1130616
L	5110	250	*	*	*	*	*	247727	*
H	5110	250	95.2	+	0	0	176MI38MI34M2D	638076	247727
L	9698	250	*	*	*	*	*	1132071	*
H	9698	250	91.2	+	0	0	118MI131MD	638076	1132071
L	5372	250	*	*	*	*	*	224252	*
H	5372	250	86.4	+	0	0	250M	1123630	224252
L	12121	250	*	*	*	*	*	1127245	*
H	12121	250	86.4	+	0	0	250M	1123630	1127245
L	8008	250	*	*	*	*	*	14570	*
H	8008	250	89.2	+	0	0	250M	1123630	14570
L	14279	250	*	*	*	*	*	4414306	*
H	14279	250	90.8	+	0	0	250M	1136078	4414306
L	9907	250	*	*	*	*	*	2520161	*
H	9907	250	90.8	+	0	0	250M	1136078	2520161
L	11364	250	*	*	*	*	*	3617607	*
H	11364	250	90.8	+	0	0	250M	1136078	3617607
L	4259	250	*	*	*	*	*	299514	*
H	4259	250	83.2	+	0	0	250M	1842075	299514
L	14226	250	*	*	*	*	*	4410599	*
H	14226	250	84.8	+	0	0	250M	1842075	4410599
L	4481	250	*	*	*	*	*	289293	*
H	4481	250	81.6	+	0	0	250M	1842075	289293
L	13045	250	*	*	*	*	*	4335683	*
H	13045	250	87.6	+	0	0	250M	786876	4335683
L	9273	250	*	*	*	*	*	834006	*
H	9273	250	87.2	+	0	0	250M	786876	834006
L	6681	250	*	*	*	*	*	148201	*
H	6681	250	87.2	+	0	0	250M	786876	148201
L	10272	250	*	*	*	*	*	821931	*
H	10272	250	89.2	+	0	0	250M	827000	821931
L	13103	250	*	*	*	*	*	4338924	*
H	13103	250	89.2	+	0	0	250M	827000	4338924
L	8647	250	*	*	*	*	*	1137869	*
H	8647	250	88.8	+	0	0	250M	827000	1137869
L	6605	250	*	*	*	*	*	152460	*
H	6605	250	95.6	+	0	0	250M	838434	152460
L	9681	250	*	*	*	*	*	1143602	*
H	9681	250	92.0	+	0	0	250M	838434	1143602
L	11326	250	*	*	*	*	*	3594659	*
H	11326	250	92.4	+	0	0	250M	838434	3594659
L	7901	250	*	*	*	*	*	23520	*
H	7901	250	88.0	+	0	0	250M	808541	23520
L	1900	250	*	*	*	*	*	559105	*
H	1900	250	89.2	+	0	0	250M	808541	559105
L	6576	250	*	*	*	*	*	154176	*
H	6576	250	89.2	+	0	0	250M	808541	154176
L	1554	250	*	*	*	*	*	582429	*
H	1554	250	90.8	+	0	0	250M	1128167	582429
L	4598	250	*	*	*	*	*	277320	*
H	4598	250	90.8	+	0	0	250M	1128167	277320
L	2043	250	*	*	*	*	*	548952	*
H	2043	250	90.4	+	0	0	164MI85MD	1128167	548952
L	11432	250	*	*	*	*	*	972677	*
H	11432	250	98.0	+	0	0	250M	1125975	972677
L	8136	250	*	*	*	*	*	11445	*
H	8136	250	98.0	+	0	0	250M	1125975	11445
L	1538	250	*	*	*	*	*	583358	*
H	1538	250	97.6	+	0	0	250M	1125975	583358
L	14430	250	*	*	*	*	*	4424463	*
H	14430	250	86.0	+	0	0	250M	940401	4424463
L	14482	250	*	*	*	*	*	4427760	*
H	14482	250	86.8	+	0	0	250M	940401	4427760
L	11113	250	*	*	*	*	*	1139975	*
H	11113	250	84.8	+	0	0	250M	940401	1139975
L	11676	250	*	*	*	*	*	3835597	*
H	11676	250	86.4	+	0	0	250M	1138255	3835597
L	1079	250	*	*	*	*	*	787697	*
H	1079	250	85.2	+	0	0	250M	1138255	787697
L	1264	250	*	*	*	*	*	671280	*
H	1264	250	83.6	+	0	0	250M	1138255	671280
L	7070	250	*	*	*	*	*	113799	*
H	7070	250	89.2	+	0	0	250M	811252	113799
L	13127	250	*	*	*	*	*	4340465	*
H	13127	250	93.6	+	0	0	250M	811252	4340465
L	14565	250	*	*	*	*	*	4432439	*
H	14565	250	93.6	+	0	0	250M	811252	4432439
L	13909	250	*	*	*	*	*	4388300	*
H	13909	250	97.2	+	0	0	250M	844567	4388300
L	14800	250	*	*	*	*	*	4446956	*
H	14800	250	97.2	+	0	0	250M	844567	4446956
H	5160	250	96.0	+	0	0	250M	844567	244196
L	12537	250	*	*	*	*	*	4307258	*
H	12537	250	84.4	+	0	0	250M	1128312	4307258
L	12009	250	*	*	*	*	*	1139732	*
H	12009	250	81.2	+	0	0	250M	1128312	1139732
L	14734	250	*	*	*	*	*	4443004	*
H	14734	250	82.4	+	0	0	250M	1128312	4443004
L	10033	250	*	*	*	*	*	816345	*
H	10033	250	98.4	+	0	0	250M	820440	816345
L	8870	250	*	*	*	*	*	1773389	*
H	8870	250	98.0	+	0	0	I249MD	820440	1773389
L	8156	250	*	*	*	*	*	10633	*
H	8156	250	98.0	+	0	0	I249MD	820440	10633
L	5841	250	*	*	*	*	*	187997	*
H	5841	250	80.8	+	0	0	250M	2755928	187997
L	11538	250	*	*	*	*	*	698296	*
H	11538	250	82.4	+	0	0	250M	2755928	698296
L	7368	250	*	*	*	*	*	97840	*
H	7368	250	80.0	+	0	0	250M	2755928	97840
L	1097	250	*	*	*	*	*	780282	*
H	1097	250	92.4	+	0	0	231MI18MD	669038	780282
L	6620	250	*	*	*	*	*	151684	*
H	6620	250	92.8	+	0	0	233MI16MD	669038	151684
L	2071	250	*	*	*	*	*	547150	*
H	2071	250	90.4	+	0	0	231MI18MD	669038	547150
L	8398	250	*	*	*	*	*	5217	*
H	8398	250	95.2	+	0	0	250M	1120577	5217
L	5695	250	*	*	*	*	*	193675	*
H	5695	250	95.2	+	0	0	250M	1120577	193675
L	10112	250	*	*	*	*	*	2675752	*
H	10112	250	94.8	+	0	0	62MI187MD	1120577	2675752
L	6602	250	*	*	*	*	*	152527	*
H	6602	250	89.2	+	0	0	250M	1136795	152527
L	2045	250	*	*	*	*	*	548859	*
H	2045	250	88.4	+	0	0	123M2I98MI26M3D	1136795	548859
L	4832	250	*	*	*	*	*	264527	*
H	4832	250	90.0	+	0	0	250M	1136795	264527
L	5668	250	*	*	*	*	*	194489	*
H	5668	250	92.0	+	0	0	250M	1132384	194489
L	11687	250	*	*	*	*	*	1137136	*
H	11687	250	89.2	+	0	0	250M	1132384	1137136
L	1373	250	*	*	*	*	*	593894	*
H	1373	250	91.6	+	0	0	250M	1132384	593894
L	1156	250	*	*	*	*	*	742260	*
H	1156	250	90.4	+	0	0	250M	1126064	742260
L	9763	250	*	*	*	*	*	1130952	*
H	9763	250	89.6	+	0	0	250M	1126064	1130952
L	1183	250	*	*	*	*	*	720550	*
H	1183	250	89.6	+	0	0	250M	1126064	720550
L	14124	250	*	*	*	*	*	4404046	*
H	14124	250	95.6	+	0	0	250M	637528	4404046
L	10381	250	*	*	*	*	*	960062	*
H	10381	250	95.6	+	0	0	250M	637528	960062
L	6666	250	*	*	*	*	*	149050	*
H	6666	250	95.6	+	0	0	250M	637528	149050
L	13398	250	*	*	*	*	*	4358870	*
H	13398	250	82.0	+	0	0	108MI141MD	835202	4358870
L	5162	250	*	*	*	*	*	244137	*
H	5162	250	83.2	+	0	0	108MI141MD	835202	244137
L	13615	250	*	*	*	*	*	4370726	*
H	13615	250	83.2	+	0	0	108MI141MD	835202	4370726
L	1784	250	*	*	*	*	*	566839	*
H	1784	250	98.8	+	0	0	250M	3942007	566839
L	1675	250	*	*	*	*	*	574989	*
H	1675	250	98.8	+	0	0	250M	3942007	574989
L	1740	250	*	*	*	*	*	569607	*
H	1740	250	98.8	+	0	0	250M	3942007	569607
H	5270	250	93.6	+	0	0	250M	954970	236778
H	8719	250	94.4	+	0	0	134MI115MD	954970	1130161
L	11168	250	*	*	*	*	*	1140929	*
H	11168	250	94.0	+	0	0	250M	954970	1140929
L	11363	250	*	*	*	*	*	654665	*
H	11363	250	86.8	+	0	0	250M	1121107	654665
L	14040	250	*	*	*	*	*	4396918	*
H	14040	250	83.6	+	0	0	250M	1121107	4396918
L	10534	250	*	*	*	*	*	1028576	*
H	10534	250	85.6	+	0	0	250M	1121107	1028576
L	6392	250	*	*	*	*	*	164660	*
H	6392	250	92.4	+	0	0	250M	4190059	164660
L	14810	250	*	*	*	*	*	4447141	*
H	14810	250	92.0	+	0	0	250M	4190059	4447141
L	6245	250	*	*	*	*	*	172207	*
H	6245	250	92.8	+	0	0	250M	4190059	172207
L	14897	250	*	*	*	*	*	4453607	*
H	14897	250	91.2	+	0	0	250M	1136466	4453607
L	8332	250	*	*	*	*	*	7539	*
H	8332	250	92.8	+	0	0	250M	1136466	7539
L	8330	250	*	*	*	*	*	7556	*
H	8330	250	91.2	+	0	0	250M	1136466	7556
H	8719	250	88.0	+	0	0	I249MD	4321924	1130161
L	5369	250	*	*	*	*	*	224448	*
H	5369	250	88.0	+	0	0	I133MD116M	4321924	224448
H	4764	250	86.8	+	0	0	I133MD116M	4321924	268395
L	1751	250	*	*	*	*	*	568991	*
H	1751	250	94.0	+	0	0	250M	4355718	568991
L	2719	250	*	*	*	*	*	516648	*
H	2719	250	89.6	+	0	0	108MI99M6D37M5I	4355718	516648
L	9890	250	*	*	*	*	*	2500552	*
H	9890	250	91.2	+	0	0	250M	4355718	2500552
L	15111	250	*	*	*	*	*	4465739	*
H	15111	250	86.4	+	0	0	122MI127MD	4382760	4465739
H	1784	250	83.2	+	0	0	121MI128MD	4382760	566839
L	12490	250	*	*	*	*	*	4305242	*
H	12490	250	86.4	+	0	0	71MD50MI128M	4382760	4305242
L	4897	250	*	*	*	*	*	261798	*
H	4897	250	89.2	+	0	0	250M	4392252	261798
L	7352	250	*	*	*	*	*	99430	*
H	7352	250	88.4	+	0	0	250M	4392252	99430
L	7358	250	*	*	*	*	*	99276	*
H	7358	250	88.4	+	0	0	250M	4392252	99276
L	8450	250	*	*	*	*	*	3232	*
H	8450	250	87.2	+	0	0	250M	4408030	3232
L	7192	250	*	*	*	*	*	106578	*
H	7192	250	86.8	+	0	0	250M	4408030	106578
L	7700	250	*	*	*	*	*	56680	*
H	7700	250	87.6	+	0	0	250M	4408030	56680
L	1954	250	*	*	*	*	*	554935	*
H	1954	250	88.0	+	0	0	250M	4411931	554935
L	14055	250	*	*	*	*	*	4397814	*
H	14055	250	87.6	+	0	0	250M	4411931	4397814
L	6031	250	*	*	*	*	*	181641	*
H	6031	250	88.0	+	0	0	250M	4411931	181641
L	6869	250	*	*	*	*	*	139597	*
H	6869	250	94.8	+	0	0	250M	4447781	139597
L	5672	250	*	*	*	*	*	194393	*
H	5672	250	94.8	+	0	0	250M	4447781	194393
L	1893	250	*	*	*	*	*	559395	*
H	1893	250	94.8	+	0	0	250M	4447781	559395
N	*	250	*	*	*	*	*	4453317	*
L	3390	250	*	*	*	*	*	357791	*
H	3390	250	95.2	+	0	0	250M	4460520	357791
L	15051	250	*	*	*	*	*	4462474	*
H	15051	250	94.0	+	0	0	250M	4460520	4462474
L	6449	250	*	*	*	*	*	161765	*
H	6449	250	94.0	+	0	0	250M	4460520	161765
L	15682	250	*	*	*	*	*	1143180	*
H	15682	250	86.0	+	0	0	250M	347913	1143180
L	15716	250	*	*	*	*	*	4362614	*
H	15716	250	84.8	+	0	0	250M	347913	4362614
L	15654	250	*	*	*	*	*	748601	*
H	15654	250	84.0	+	0	0	250M	347913	748601
L	15711	250	*	*	*	*	*	4353965	*
H	15711	250	85.2	+	0	0	250M	439	4353965
L	15542	250	*	*	*	*	*	158889	*
H	15542	250	81.2	+	0	0	250M	439	158889
L	15615	250	*	*	*	*	*	755	*
H	15615	250	80.8	+	0	0	250M	439	755
L	15632	250	*	*	*	*	*	1128360	*
H	15632	250	94.0	+	0	0	250M	4475393	1128360
L	15621	250	*	*	*	*	*	329	*
H	15621	250	91.6	+	0	0	250M	4475393	329
L	15667	250	*	*	*	*	*	841520	*
H	15667	250	93.2	+	0	0	250M	4475393	841520
D	477	2	*	*	*	*	82.0	973803	*
D	904	2	*	*	*	*	89.2	845765	*
D	1156	2	*	*	*	*	90.4	742260	*
D	1317	2	*	*	*	*	91.2	632212	*
D	1740	2	*	*	*	*	98.8	569607	*
D	1751	2	*	*	*	*	94.0	568991	*
D	1893	2	*	*	*	*	94.8	559395	*
D	1993	2	*	*	*	*	86.4	552246	*
D	2231	2	*	*	*	*	95.2	534008	*
D	3390	2	*	*	*	*	95.2	357791	*
D	3496	2	*	*	*	*	96.4	349762	*
D	3929	2	*	*	*	*	91.6	320922	*
D	4598	2	*	*	*	*	90.8	277320	*
D	4832	2	*	*	*	*	90.0	264527	*
D	4897	2	*	*	*	*	89.2	261798	*
D	5110	2	*	*	*	*	95.2	247727	*
D	5369	2	*	*	*	*	88.0	224448	*
D	5592	2	*	*	*	*	85.2	197491	*
D	5668	2	*	*	*	*	92.0	194489	*
D	5695	2	*	*	*	*	95.2	193675	*
D	6031	2	*	*	*	*	88.0	181641	*
D	6245	2	*	*	*	*	92.8	172207	*
D	6311	2	*	*	*	*	85.2	168491	*
D	6576	2	*	*	*	*	89.2	154176	*
D	6605	2	*	*	*	*	95.6	152460	*
D	6620	2	*	*	*	*	92.8	151684	*
D	6666	2	*	*	*	*	95.6	149050	*
D	6859	2	*	*	*	*	81.6	140320	*
D	6872	2	*	*	*	*	95.6	139367	*
D	7452	2	*	*	*	*	88.4	87670	*
D	7700	2	*	*	*	*	87.6	56680	*
D	7949	2	*	*	*	*	85.6	16096	*
D	8008	2	*	*	*	*	89.2	14570	*
D	8064	2	*	*	*	*	97.2	12966	*
D	8085	2	*	*	*	*	95.6	12256	*
D	8136	2	*	*	*	*	98.0	11445	*
D	8332	2	*	*	*	*	92.8	7539	*
D	8643	2	*	*	*	*	83.6	1611605	*
D	8719	3	*	*	*	*	93.6	1130161	*
D	8849	2	*	*	*	*	100.0	1105677	*
D	9024	2	*	*	*	*	94.8	1050805	*
D	10033	2	*	*	*	*	98.4	816345	*
D	10346	2	*	*	*	*	86.8	830011	*
D	10931	2	*	*	*	*	92.4	3294958	*
D	11363	2	*	*	*	*	86.8	654665	*
D	11364	2	*	*	*	*	90.8	3617607	*
D	11538	2	*	*	*	*	82.4	698296	*
D	11676	2	*	*	*	*	86.4	3835597	*
D	11733	2	*	*	*	*	88.0	3883854	*
D	12019	2	*	*	*	*	94.0	1135527	*
D	12210	2	*	*	*	*	80.8	4242243	*
D	12490	2	*	*	*	*	86.4	4305242	*
D	12537	2	*	*	*	*	84.4	4307258	*
D	12638	2	*	*	*	*	86.0	4313041	*
D	13045	2	*	*	*	*	87.6	4335683	*
D	13103	2	*	*	*	*	89.2	4338924	*
D	13108	2	*	*	*	*	90.0	4339173	*
D	13615	2	*	*	*	*	83.2	4370726	*
D	14226	2	*	*	*	*	84.8	4410599	*
D	14482	2	*	*	*	*	86.8	4427760	*
D	14565	2	*	*	*	*	93.6	4432439	*
D	14800	2	*	*	*	*	97.2	4446956	*
D	15352	3	*	*	*	*	98.2	4478762	*
D	15632	2	*	*	*	*	94.0	1128360	*
D	15682	2	*	*	*	*	86.0	1143180	*
D	15711	2	*	*	*	*	85.2	4353965	*
