UclustConsensusTaxonAssigner parameters:
id_to_taxonomy_filepath:/Users/nbokulich/Desktop/projects/short-read-tax-assignment/data/simulated-community/B1-REF-iter2/ref_taxa.tsv
id_to_taxonomy_fp:/Users/nbokulich/Desktop/projects/short-read-tax-assignment/data/simulated-community/B1-REF-iter2/ref_taxa.tsv
max_accepts:1
min_consensus_fraction:0.51
reference_sequences_fp:/Users/nbokulich/Desktop/projects/short-read-tax-assignment/data/simulated-community/B1-REF-iter2/ref_seqs.fasta
similarity:0.9
unassignable_label:Unassigned
Result path: /var/folders/0t/l1dz88p50y91vx_22fx5w3780000gn/T/assign-taxDBE8tw

.uc file contents:

# uclust --input /Users/nbokulich/Desktop/projects/short-read-tax-assignment/data/simulated-community/B1-REF-iter2/query.fasta --id 0.9 --rev --maxaccepts 1 --allhits --libonly --lib /Users/nbokulich/Desktop/projects/short-read-tax-assignment/data/simulated-community/B1-REF-iter2/ref_seqs.fasta --uc /var/folders/0t/l1dz88p50y91vx_22fx5w3780000gn/T/UclustConsensusTaxonAssigner_bUpxWi.uc
# version=1.2.22
# Tab-separated fields:
# 1=Type, 2=ClusterNr, 3=SeqLength or ClusterSize, 4=PctId, 5=Strand, 6=QueryStart, 7=SeedStart, 8=Alignment, 9=QueryLabel, 10=TargetLabel
# Record types (field 1): L=LibSeed, S=NewSeed, H=Hit, R=Reject, D=LibCluster, C=NewCluster, N=NoHit
# For C and D types, PctId is average id with seed.
# QueryStart and SeedStart are zero-based relative to start of sequence.
# If minus strand, SeedStart is relative to reverse-complemented seed.
L	13508	250	*	*	*	*	*	1086672	*
H	13508	250	100.0	+	0	0	250M	1110799	1086672
L	12400	250	*	*	*	*	*	14437	*
H	12400	250	100.0	+	0	0	250M	1108244	14437
L	2285	250	*	*	*	*	*	566849	*
H	2285	250	100.0	+	0	0	250M	1105145	566849
L	12080	250	*	*	*	*	*	1072707	*
H	12080	250	97.6	+	0	0	70M2D178M2I	1037199	1072707
L	1847	250	*	*	*	*	*	590403	*
H	1847	250	99.2	+	0	0	250M	1021000	590403
L	697	250	*	*	*	*	*	957437	*
H	697	250	92.8	+	0	0	I39MD19MD190MI	1001255	957437
L	15047	250	*	*	*	*	*	971934	*
H	15047	250	97.2	+	0	0	250M	981957	971934
L	828	250	*	*	*	*	*	923209	*
H	828	250	100.0	+	0	0	250M	947041	923209
L	13519	250	*	*	*	*	*	1021024	*
H	13519	250	98.8	+	0	0	250M	938795	1021024
L	3598	250	*	*	*	*	*	512914	*
H	3598	250	100.0	+	0	0	250M	905674	512914
L	10966	250	*	*	*	*	*	1503856	*
H	10966	250	100.0	+	0	0	250M	859279	1503856
L	16763	250	*	*	*	*	*	4331976	*
H	16763	250	100.0	+	0	0	250M	820831	4331976
L	16798	250	*	*	*	*	*	4334115	*
H	16798	250	97.2	+	0	0	162MD87MI	809285	4334115
L	9080	250	*	*	*	*	*	130219	*
H	9080	250	98.4	+	0	0	250M	802727	130219
L	10687	250	*	*	*	*	*	8823	*
H	10687	250	100.0	+	0	0	250M	792531	8823
L	14248	250	*	*	*	*	*	761592	*
H	14248	250	100.0	+	0	0	250M	768898	761592
L	6215	250	*	*	*	*	*	264071	*
H	6215	250	98.4	+	0	0	250M	742264	264071
L	17709	250	*	*	*	*	*	4377694	*
H	17709	250	97.6	+	0	0	250M	723021	4377694
L	8655	250	*	*	*	*	*	151083	*
H	8655	250	97.2	+	0	0	35M2D9MI12MI192M	697227	151083
L	12702	250	*	*	*	*	*	2461583	*
H	12702	250	98.8	+	0	0	250M	671280	2461583
L	13995	250	*	*	*	*	*	621303	*
H	13995	250	98.0	+	0	0	130MI119MD	665261	621303
L	17467	250	*	*	*	*	*	4366299	*
H	17467	250	98.8	+	0	0	250M	645407	4366299
L	9846	250	*	*	*	*	*	70276	*
H	9846	250	99.6	+	0	0	250M	606927	70276
L	15534	250	*	*	*	*	*	4094808	*
H	15534	250	96.8	+	0	0	55MD133M3D58M4I	593781	4094808
L	6323	250	*	*	*	*	*	260081	*
H	6323	250	99.2	+	0	0	250M	587480	260081
L	2677	250	*	*	*	*	*	544178	*
H	2677	250	100.0	+	0	0	250M	584440	544178
L	6028	250	*	*	*	*	*	273031	*
H	6028	250	96.8	+	0	0	250M	583989	273031
L	16055	250	*	*	*	*	*	4301769	*
H	16055	250	100.0	+	0	0	250M	583452	4301769
L	14516	250	*	*	*	*	*	3510792	*
H	14516	250	100.0	+	0	0	250M	581352	3510792
L	13512	250	*	*	*	*	*	2945199	*
H	13512	250	99.2	+	0	0	250M	576936	2945199
H	8655	250	100.0	+	0	0	250M	570906	151083
L	13839	250	*	*	*	*	*	933356	*
H	13839	250	94.8	+	0	0	173MI11MI25MI19MI18M4D	569436	933356
L	19284	250	*	*	*	*	*	4454841	*
H	19284	250	100.0	+	0	0	250M	565388	4454841
L	7329	250	*	*	*	*	*	193422	*
H	7329	250	99.6	+	0	0	250M	563824	193422
L	19741	250	*	*	*	*	*	4475345	*
H	19741	250	100.0	+	0	0	250M	563323	4475345
L	17086	250	*	*	*	*	*	4348782	*
H	17086	250	100.0	+	0	0	250M	563112	4348782
L	3587	250	*	*	*	*	*	513250	*
H	3587	250	99.6	+	0	0	42MI207MD	562815	513250
L	2223	250	*	*	*	*	*	569952	*
H	2223	250	99.6	+	0	0	250M	561204	569952
L	1311	250	*	*	*	*	*	816684	*
H	1311	250	96.8	+	0	0	250M	560868	816684
L	10757	250	*	*	*	*	*	7521	*
H	10757	250	100.0	+	0	0	250M	559119	7521
L	8598	250	*	*	*	*	*	154176	*
H	8598	250	100.0	+	0	0	250M	559105	154176
L	2797	250	*	*	*	*	*	535932	*
H	2797	250	98.4	+	0	0	231MD18MI	557633	535932
L	13806	250	*	*	*	*	*	1129006	*
H	13806	250	99.6	+	0	0	250M	554012	1129006
L	2151	250	*	*	*	*	*	574818	*
H	2151	250	99.2	+	0	0	250M	549331	574818
L	9812	250	*	*	*	*	*	71731	*
H	9812	250	99.2	+	0	0	250M	547165	71731
L	2030	250	*	*	*	*	*	580742	*
H	2030	250	95.6	+	0	0	250M	544430	580742
L	1399	250	*	*	*	*	*	797038	*
H	1399	250	100.0	+	0	0	250M	544152	797038
L	4871	250	*	*	*	*	*	338150	*
H	4871	250	94.4	+	0	0	250M	542453	338150
L	9304	250	*	*	*	*	*	107650	*
H	9304	250	99.6	+	0	0	250M	541884	107650
L	2793	250	*	*	*	*	*	536261	*
H	2793	250	99.6	+	0	0	250M	541199	536261
L	5731	250	*	*	*	*	*	290799	*
H	5731	250	100.0	+	0	0	250M	537182	290799
L	1786	250	*	*	*	*	*	593810	*
H	1786	250	100.0	+	0	0	250M	536754	593810
L	12907	250	*	*	*	*	*	2562103	*
H	12907	250	100.0	+	0	0	250M	536739	2562103
L	383	250	*	*	*	*	*	1033284	*
H	383	250	100.0	+	0	0	250M	535280	1033284
L	5044	250	*	*	*	*	*	326518	*
H	5044	250	98.8	+	0	0	250M	527078	326518
L	15558	250	*	*	*	*	*	851667	*
H	15558	250	94.0	+	0	0	250M	527042	851667
L	3012	250	*	*	*	*	*	528281	*
H	3012	250	100.0	+	0	0	250M	524581	528281
L	10571	250	*	*	*	*	*	10829	*
H	10571	250	100.0	+	0	0	250M	522244	10829
L	10787	250	*	*	*	*	*	6825	*
H	10787	250	99.2	+	0	0	250M	518245	6825
L	7108	250	*	*	*	*	*	199266	*
H	7108	250	97.6	+	0	0	250M	516103	199266
L	2108	250	*	*	*	*	*	576862	*
H	2108	250	98.8	+	0	0	250M	513513	576862
L	10449	250	*	*	*	*	*	12859	*
H	10449	250	100.0	+	0	0	250M	512232	12859
L	6580	250	*	*	*	*	*	245191	*
H	6580	250	99.6	+	0	0	250M	509936	245191
L	3738	250	*	*	*	*	*	470760	*
H	3738	250	99.6	+	0	0	250M	470759	470760
L	1150	250	*	*	*	*	*	851594	*
H	1150	250	98.0	+	0	0	250M	469663	851594
L	3762	250	*	*	*	*	*	463880	*
H	3762	250	99.2	+	0	0	124MD58MD66M2I	467656	463880
L	2166	250	*	*	*	*	*	573590	*
H	2166	250	100.0	+	0	0	250M	436523	573590
L	4017	250	*	*	*	*	*	391286	*
H	4017	250	99.6	+	0	0	207MD42MI	430858	391286
L	2289	250	*	*	*	*	*	566588	*
H	2289	250	98.8	+	0	0	250M	419448	566588
L	10444	250	*	*	*	*	*	12878	*
H	10444	250	100.0	+	0	0	250M	404948	12878
L	1970	250	*	*	*	*	*	583562	*
H	1970	250	99.6	+	0	0	250M	368139	583562
L	2587	250	*	*	*	*	*	550175	*
H	2587	250	99.6	+	0	0	250M	367548	550175
L	15970	250	*	*	*	*	*	4297960	*
H	15970	250	100.0	+	0	0	250M	361337	4297960
L	15000	250	*	*	*	*	*	3778551	*
H	15000	250	99.2	+	0	0	250M	359626	3778551
L	1259	250	*	*	*	*	*	823360	*
H	1259	250	99.2	+	0	0	250M	356049	823360
L	8621	250	*	*	*	*	*	152932	*
H	8621	250	90.8	+	0	0	14MD37MD10M3D15MD10MD153MI4M6I	354484	152932
L	4645	250	*	*	*	*	*	350049	*
H	4645	250	96.8	+	0	0	181MI25MI42M2D	354325	350049
L	18685	250	*	*	*	*	*	4426298	*
H	18685	250	98.4	+	0	0	43MI25MI21MI158M3D	353078	4426298
L	15245	250	*	*	*	*	*	1126009	*
H	15245	250	100.0	+	0	0	250M	352468	1126009
L	9177	250	*	*	*	*	*	113733	*
H	9177	250	100.0	+	0	0	250M	344813	113733
L	2255	250	*	*	*	*	*	568228	*
H	2255	250	100.0	+	0	0	250M	343273	568228
L	9908	250	*	*	*	*	*	61968	*
H	9908	250	100.0	+	0	0	250M	343270	61968
L	5076	250	*	*	*	*	*	324891	*
H	5076	250	99.6	+	0	0	250M	342268	324891
L	1182	250	*	*	*	*	*	843415	*
H	1182	250	98.4	+	0	0	250M	341031	843415
L	12962	250	*	*	*	*	*	824506	*
H	12962	250	98.8	+	0	0	250M	339609	824506
L	4603	250	*	*	*	*	*	352481	*
H	4603	250	100.0	+	0	0	250M	331717	352481
L	18371	250	*	*	*	*	*	4410373	*
H	18371	250	99.6	+	0	0	242MI7MD	323927	4410373
L	5094	250	*	*	*	*	*	323325	*
H	5094	250	100.0	+	0	0	250M	320291	323325
L	8548	250	*	*	*	*	*	157072	*
H	8548	250	96.8	+	0	0	250M	318473	157072
L	5431	250	*	*	*	*	*	302906	*
H	5431	250	97.2	+	0	0	250M	317426	302906
L	908	250	*	*	*	*	*	903886	*
H	908	250	99.2	+	0	0	250M	314128	903886
L	4427	250	*	*	*	*	*	360402	*
H	4427	250	100.0	+	0	0	250M	308938	360402
L	7041	250	*	*	*	*	*	205365	*
H	7041	250	97.6	+	0	0	202M2D10MD35M3I	304425	205365
L	8392	250	*	*	*	*	*	162886	*
H	8392	250	92.0	+	0	0	250M	304382	162886
L	5778	250	*	*	*	*	*	289216	*
H	5778	250	98.4	+	0	0	I249MD	301742	289216
L	7005	250	*	*	*	*	*	209237	*
H	7005	250	98.8	+	0	0	250M	301673	209237
L	4302	250	*	*	*	*	*	363731	*
H	4302	250	100.0	+	0	0	250M	299518	363731
L	4403	250	*	*	*	*	*	361012	*
H	4403	250	100.0	+	0	0	250M	296075	361012
L	19611	250	*	*	*	*	*	4469673	*
H	19611	250	99.6	+	0	0	225MD24MI	284709	4469673
L	5993	250	*	*	*	*	*	274316	*
H	5993	250	98.0	+	0	0	250M	273661	274316
L	14414	250	*	*	*	*	*	1127998	*
H	14414	250	100.0	+	0	0	250M	272058	1127998
L	5082	250	*	*	*	*	*	324220	*
H	5082	250	99.6	+	0	0	250M	270402	324220
L	19189	250	*	*	*	*	*	4450440	*
H	19189	250	100.0	+	0	0	250M	266186	4450440
L	10110	250	*	*	*	*	*	34303	*
H	10110	250	100.0	+	0	0	250M	265683	34303
L	665	250	*	*	*	*	*	966794	*
H	665	250	99.6	+	0	0	250M	263575	966794
L	2299	250	*	*	*	*	*	566103	*
H	2299	250	99.2	+	0	0	250M	259026	566103
L	9522	250	*	*	*	*	*	99739	*
H	9522	250	99.2	+	0	0	250M	258742	99739
L	9680	250	*	*	*	*	*	82781	*
H	9680	250	100.0	+	0	0	250M	258469	82781
L	14492	250	*	*	*	*	*	693344	*
H	14492	250	98.8	+	0	0	250M	251398	693344
L	6115	250	*	*	*	*	*	268667	*
H	6115	250	100.0	+	0	0	250M	250136	268667
L	19939	250	*	*	*	*	*	4484284	*
H	19939	250	100.0	+	0	0	250M	247905	4484284
L	8112	250	*	*	*	*	*	173845	*
H	8112	250	99.6	+	0	0	42MD207MI	247332	173845
L	6590	250	*	*	*	*	*	244668	*
H	6590	250	99.2	+	0	0	250M	246454	244668
L	9280	250	*	*	*	*	*	108433	*
H	9280	250	99.6	+	0	0	176MI73MD	243371	108433
L	10904	250	*	*	*	*	*	3306	*
H	10904	250	100.0	+	0	0	250M	219119	3306
L	11988	250	*	*	*	*	*	1144686	*
H	11988	250	100.0	+	0	0	250M	217386	1144686
L	9538	250	*	*	*	*	*	99279	*
H	9538	250	99.2	+	0	0	182MI67MD	201666	99279
L	18349	250	*	*	*	*	*	4409417	*
H	18349	250	99.6	+	0	0	250M	198054	4409417
L	13735	250	*	*	*	*	*	3078863	*
H	13735	250	100.0	+	0	0	250M	196781	3078863
L	19451	250	*	*	*	*	*	4463108	*
H	19451	250	100.0	+	0	0	250M	192680	4463108
L	10831	250	*	*	*	*	*	5460	*
H	10831	250	98.4	+	0	0	25MD41MI37MI109M2I34M3D	189350	5460
L	17773	250	*	*	*	*	*	4380427	*
H	17773	250	97.6	+	0	0	20M2I228M2D	184278	4380427
L	7739	250	*	*	*	*	*	183487	*
H	7739	250	99.6	+	0	0	250M	183419	183487
L	7783	250	*	*	*	*	*	182342	*
H	7783	250	100.0	+	0	0	250M	177644	182342
L	6938	250	*	*	*	*	*	216903	*
H	6938	250	100.0	+	0	0	250M	174419	216903
L	16939	250	*	*	*	*	*	4341127	*
H	16939	250	99.2	+	0	0	250M	169921	4341127
L	6172	250	*	*	*	*	*	266440	*
H	6172	250	100.0	+	0	0	250M	168116	266440
L	6768	250	*	*	*	*	*	233893	*
H	6768	250	99.6	+	0	0	250M	167118	233893
L	16523	250	*	*	*	*	*	4321459	*
H	16523	250	99.2	+	0	0	250M	166235	4321459
L	9282	250	*	*	*	*	*	108384	*
H	9282	250	98.8	+	0	0	250M	165131	108384
L	8306	250	*	*	*	*	*	165851	*
H	8306	250	100.0	+	0	0	250M	164684	165851
L	16679	250	*	*	*	*	*	4328299	*
H	16679	250	100.0	+	0	0	250M	162286	4328299
L	8390	250	*	*	*	*	*	163130	*
H	8390	250	98.8	+	0	0	162MD17MD69M2I	162067	163130
L	1545	250	*	*	*	*	*	719343	*
H	1545	250	99.2	+	0	0	250M	161735	719343
L	10244	250	*	*	*	*	*	17380	*
H	10244	250	99.6	+	0	0	250M	161199	17380
L	9934	250	*	*	*	*	*	58411	*
H	9934	250	99.6	+	0	0	250M	161177	58411
L	2110	250	*	*	*	*	*	576819	*
H	2110	250	100.0	+	0	0	250M	160627	576819
L	5052	250	*	*	*	*	*	4468023	*
H	5052	250	100.0	+	0	0	250M	154138	4468023
L	10387	250	*	*	*	*	*	14111	*
H	10387	250	100.0	+	0	0	250M	153713	14111
L	1582	250	*	*	*	*	*	701078	*
H	1582	250	100.0	+	0	0	250M	152272	701078
L	18219	250	*	*	*	*	*	4402844	*
H	18219	250	98.0	+	0	0	250M	150547	4402844
L	14627	250	*	*	*	*	*	1016896	*
H	14627	250	100.0	+	0	0	250M	149643	1016896
L	18476	250	*	*	*	*	*	4415058	*
H	18476	250	100.0	+	0	0	250M	148528	4415058
L	15901	250	*	*	*	*	*	4294861	*
H	15901	250	100.0	+	0	0	250M	148324	4294861
L	12333	250	*	*	*	*	*	2248535	*
H	12333	250	97.6	+	0	0	250M	147086	2248535
L	15188	250	*	*	*	*	*	830475	*
H	15188	250	99.2	+	0	0	250M	145545	830475
L	16396	250	*	*	*	*	*	4316623	*
H	16396	250	100.0	+	0	0	250M	143784	4316623
N	*	250	*	*	*	*	*	142908	*
L	8875	250	*	*	*	*	*	141379	*
H	8875	250	96.4	+	0	0	250M	142491	141379
L	7768	250	*	*	*	*	*	182880	*
H	7768	250	100.0	+	0	0	250M	142278	182880
L	13214	250	*	*	*	*	*	1046846	*
H	13214	250	98.4	+	0	0	250M	141703	1046846
L	10466	250	*	*	*	*	*	12562	*
H	10466	250	100.0	+	0	0	250M	139504	12562
L	2021	250	*	*	*	*	*	581361	*
H	2021	250	100.0	+	0	0	250M	136508	581361
L	7706	250	*	*	*	*	*	184263	*
H	7706	250	99.2	+	0	0	250M	133123	184263
L	10741	250	*	*	*	*	*	7849	*
H	10741	250	99.6	+	0	0	250M	132943	7849
L	5641	250	*	*	*	*	*	294670	*
H	5641	250	100.0	+	0	0	250M	132661	294670
L	9297	250	*	*	*	*	*	107850	*
H	9297	250	99.2	+	0	0	250M	131660	107850
L	2211	250	*	*	*	*	*	570390	*
H	2211	250	93.2	+	0	0	250M	130535	570390
L	11582	250	*	*	*	*	*	1047812	*
H	11582	250	99.6	+	0	0	96MD153MI	121052	1047812
H	11582	250	100.0	+	0	0	250M	119663	1047812
L	9194	250	*	*	*	*	*	111984	*
H	9194	250	96.8	+	0	0	250M	112212	111984
L	9192	250	*	*	*	*	*	112236	*
H	9192	250	99.6	+	0	0	250M	107531	112236
L	12472	250	*	*	*	*	*	2323585	*
H	12472	250	98.0	+	0	0	250M	105998	2323585
L	6488	250	*	*	*	*	*	251051	*
H	6488	250	98.8	+	0	0	250M	105927	251051
L	17338	250	*	*	*	*	*	4360442	*
H	17338	250	100.0	+	0	0	250M	105745	4360442
L	9452	250	*	*	*	*	*	102222	*
H	9452	250	96.8	+	0	0	75MI25MD88MD60MI	102064	102222
H	10966	250	100.0	+	0	0	250M	100650	1503856
L	9195	250	*	*	*	*	*	111946	*
H	9195	250	98.8	+	0	0	72MD177MI	99193	111946
L	9421	250	*	*	*	*	*	103423	*
H	9421	250	98.0	+	0	0	250M	98889	103423
L	7542	250	*	*	*	*	*	187997	*
H	7542	250	99.2	+	0	0	250M	97840	187997
L	9182	250	*	*	*	*	*	112989	*
H	9182	250	99.6	+	0	0	250M	92479	112989
L	11367	250	*	*	*	*	*	1134114	*
H	11367	250	100.0	+	0	0	250M	91834	1134114
L	6860	250	*	*	*	*	*	223469	*
H	6860	250	100.0	+	0	0	250M	89370	223469
L	9469	250	*	*	*	*	*	101788	*
H	9469	250	96.4	+	0	0	250M	87995	101788
L	1564	250	*	*	*	*	*	709971	*
H	1564	250	100.0	+	0	0	250M	87984	709971
L	9652	250	*	*	*	*	*	86606	*
H	9652	250	98.0	+	0	0	82MD14MD19MI36MD13MD82M3I	85254	86606
L	10203	250	*	*	*	*	*	23566	*
H	10203	250	99.2	+	0	0	250M	83890	23566
L	9708	250	*	*	*	*	*	81059	*
H	9708	250	98.0	+	0	0	250M	82303	81059
L	9694	250	*	*	*	*	*	81641	*
H	9694	250	99.6	+	0	0	250M	81749	81641
L	10476	250	*	*	*	*	*	12491	*
H	10476	250	100.0	+	0	0	250M	72222	12491
L	13685	250	*	*	*	*	*	3047463	*
H	13685	250	100.0	+	0	0	250M	71589	3047463
L	9932	250	*	*	*	*	*	58613	*
H	9932	250	100.0	+	0	0	250M	58614	58613
L	13071	250	*	*	*	*	*	1115889	*
H	13071	250	100.0	+	0	0	250M	52818	1115889
L	2102	250	*	*	*	*	*	577132	*
H	2102	250	99.6	+	0	0	250M	50977	577132
L	15982	250	*	*	*	*	*	4298536	*
H	15982	250	99.2	+	0	0	250M	46931	4298536
L	10234	250	*	*	*	*	*	19369	*
H	10234	250	100.0	+	0	0	250M	45962	19369
L	13259	250	*	*	*	*	*	369386	*
H	13259	250	99.2	+	0	0	250M	45531	369386
L	18732	250	*	*	*	*	*	4428224	*
H	18732	250	99.6	+	0	0	250M	40556	4428224
L	9768	250	*	*	*	*	*	74170	*
H	9768	250	98.8	+	0	0	250M	40343	74170
L	10078	250	*	*	*	*	*	38986	*
H	10078	250	98.8	+	0	0	250M	40065	38986
L	10138	250	*	*	*	*	*	30112	*
H	10138	250	96.4	+	0	0	250M	38566	30112
L	10905	250	*	*	*	*	*	3288	*
H	10905	250	96.8	+	0	0	250M	34894	3288
L	7944	250	*	*	*	*	*	178224	*
H	7944	250	100.0	+	0	0	250M	33404	178224
L	6256	250	*	*	*	*	*	262578	*
H	6256	250	100.0	+	0	0	250M	30376	262578
L	10198	250	*	*	*	*	*	24089	*
H	10198	250	99.6	+	0	0	250M	18681	24089
L	12943	250	*	*	*	*	*	722795	*
H	12943	250	98.8	+	0	0	250M	18561	722795
L	10284	250	*	*	*	*	*	16012	*
H	10284	250	100.0	+	0	0	250M	16013	16012
L	10325	250	*	*	*	*	*	14982	*
H	10325	250	99.2	+	0	0	250M	14976	14982
L	15086	250	*	*	*	*	*	3840972	*
H	15086	250	100.0	+	0	0	250M	14500	3840972
L	11375	250	*	*	*	*	*	1730876	*
H	11375	250	99.6	+	0	0	250M	14345	1730876
L	9399	250	*	*	*	*	*	104370	*
H	9399	250	100.0	+	0	0	250M	13913	104370
L	3740	250	*	*	*	*	*	470692	*
H	3740	250	99.6	+	0	0	250M	13811	470692
L	3573	250	*	*	*	*	*	513678	*
H	3573	250	98.8	+	0	0	250M	13103	513678
L	16175	250	*	*	*	*	*	4306599	*
H	16175	250	100.0	+	0	0	250M	12868	4306599
L	12773	250	*	*	*	*	*	1122559	*
H	12773	250	99.6	+	0	0	250M	12837	1122559
L	6294	250	*	*	*	*	*	261255	*
H	6294	250	99.2	+	0	0	250M	12703	261255
L	10059	250	*	*	*	*	*	40820	*
H	10059	250	100.0	+	0	0	250M	12124	40820
L	10516	250	*	*	*	*	*	12064	*
H	10516	250	98.4	+	0	0	137MD112MI	12069	12064
L	11739	250	*	*	*	*	*	1922365	*
H	11739	250	99.2	+	0	0	250M	11226	1922365
L	13116	250	*	*	*	*	*	832724	*
H	13116	250	100.0	+	0	0	250M	10937	832724
L	9328	250	*	*	*	*	*	106978	*
H	9328	250	100.0	+	0	0	250M	10629	106978
L	17166	250	*	*	*	*	*	4352471	*
H	17166	250	98.8	+	0	0	44MD12MD192M2I	10305	4352471
L	6628	250	*	*	*	*	*	242005	*
H	6628	250	99.6	+	0	0	250M	9870	242005
L	10614	250	*	*	*	*	*	9812	*
H	10614	250	100.0	+	0	0	250M	9819	9812
L	10633	250	*	*	*	*	*	9547	*
H	10633	250	100.0	+	0	0	250M	9548	9547
L	15216	250	*	*	*	*	*	1134168	*
H	15216	250	98.8	+	0	0	250M	9503	1134168
L	8459	250	*	*	*	*	*	160095	*
H	8459	250	99.6	+	0	0	250M	9155	160095
L	10719	250	*	*	*	*	*	8035	*
H	10719	250	96.0	+	0	0	250M	8036	8035
L	10726	250	*	*	*	*	*	8001	*
H	10726	250	94.8	+	0	0	250M	8002	8001
L	6732	250	*	*	*	*	*	236913	*
H	6732	250	95.6	+	0	0	250M	7999	236913
L	18155	250	*	*	*	*	*	4399263	*
H	18155	250	100.0	+	0	0	250M	7504	4399263
L	13334	250	*	*	*	*	*	668546	*
H	13334	250	100.0	+	0	0	250M	7213	668546
L	10143	250	*	*	*	*	*	29792	*
H	10143	250	96.8	+	0	0	250M	6648	29792
L	10797	250	*	*	*	*	*	6359	*
H	10797	250	99.2	+	0	0	250M	6357	6359
L	9481	250	*	*	*	*	*	101217	*
H	9481	250	99.2	+	0	0	250M	4145	101217
N	*	250	*	*	*	*	*	2611	*
L	12003	250	*	*	*	*	*	2084902	*
H	12003	250	96.8	+	0	0	250M	1443	2084902
L	4631	250	*	*	*	*	*	350932	*
H	4631	250	98.8	+	0	0	250M	609314	350932
L	7095	250	*	*	*	*	*	199635	*
H	7095	250	98.0	+	0	0	250M	1551390	199635
L	10823	250	*	*	*	*	*	5631	*
H	10823	250	95.2	+	0	0	250M	1598513	5631
L	6765	250	*	*	*	*	*	234242	*
H	6765	250	95.6	+	0	0	250M	660199	234242
L	12284	250	*	*	*	*	*	2225714	*
H	12284	250	100.0	+	0	0	250M	638076	2225714
L	2182	250	*	*	*	*	*	572208	*
H	2182	250	100.0	+	0	0	250M	1754342	572208
L	11228	250	*	*	*	*	*	1655542	*
H	11228	250	100.0	+	0	0	250M	24490	1655542
L	7082	250	*	*	*	*	*	200455	*
H	7082	250	98.0	+	0	0	250M	1123630	200455
L	9895	250	*	*	*	*	*	63145	*
H	9895	250	100.0	+	0	0	250M	811717	63145
L	348	250	*	*	*	*	*	1042986	*
H	348	250	96.0	+	0	0	17MI31MD12MD188MI	857794	1042986
L	12987	250	*	*	*	*	*	2609596	*
H	12987	250	100.0	+	0	0	250M	1136078	2609596
L	2014	250	*	*	*	*	*	581729	*
H	2014	250	99.6	+	0	0	250M	1835919	581729
L	1236	250	*	*	*	*	*	827639	*
H	1236	250	100.0	+	0	0	250M	1121839	827639
L	441	250	*	*	*	*	*	1018521	*
H	441	250	100.0	+	0	0	250M	741890	1018521
L	3697	250	*	*	*	*	*	507111	*
H	3697	250	99.6	+	0	0	250M	786876	507111
L	4772	250	*	*	*	*	*	342971	*
H	4772	250	99.2	+	0	0	250M	1940173	342971
L	12783	250	*	*	*	*	*	749175	*
H	12783	250	99.6	+	0	0	250M	2003068	749175
L	11639	250	*	*	*	*	*	811912	*
H	11639	250	98.4	+	0	0	206MI43MD	1140810	811912
L	18417	250	*	*	*	*	*	4412978	*
H	18417	250	98.0	+	0	0	65MD9MD17MD106MD49M4I	1116825	4412978
L	13900	250	*	*	*	*	*	3172850	*
H	13900	250	99.2	+	0	0	250M	2041722	3172850
L	19593	250	*	*	*	*	*	4468888	*
H	19593	250	100.0	+	0	0	250M	2072645	4468888
L	1542	250	*	*	*	*	*	720550	*
H	1542	250	100.0	+	0	0	250M	816056	720550
L	15383	250	*	*	*	*	*	1112688	*
H	15383	250	98.4	+	0	0	192MD48MD8M2I	2116286	1112688
L	12187	250	*	*	*	*	*	1141123	*
H	12187	250	100.0	+	0	0	250M	1124221	1141123
L	7672	250	*	*	*	*	*	185198	*
H	7672	250	100.0	+	0	0	250M	2172721	185198
L	16663	250	*	*	*	*	*	4327604	*
H	16663	250	99.2	+	0	0	250M	1146274	4327604
L	16639	250	*	*	*	*	*	4326492	*
H	16639	250	98.4	+	0	0	2I248M2D	883317	4326492
L	18467	250	*	*	*	*	*	690594	*
H	18467	250	100.0	+	0	0	250M	808541	690594
L	16115	250	*	*	*	*	*	4304358	*
H	16115	250	100.0	+	0	0	250M	1138899	4304358
H	16055	250	100.0	+	0	0	250M	935427	4301769
L	9389	250	*	*	*	*	*	104695	*
H	9389	250	98.0	+	0	0	75MI174MD	1110005	104695
L	11514	250	*	*	*	*	*	1801170	*
H	11514	250	99.6	+	0	0	250M	2318399	1801170
L	4702	250	*	*	*	*	*	347247	*
H	4702	250	100.0	+	0	0	250M	1138066	347247
L	16959	250	*	*	*	*	*	4342039	*
H	16959	250	100.0	+	0	0	250M	1141940	4342039
L	7007	250	*	*	*	*	*	208944	*
H	7007	250	99.6	+	0	0	250M	1124170	208944
L	17500	250	*	*	*	*	*	4367987	*
H	17500	250	100.0	+	0	0	250M	1143023	4367987
L	4074	250	*	*	*	*	*	373790	*
H	4074	250	100.0	+	0	0	250M	1134555	373790
L	2734	250	*	*	*	*	*	540202	*
H	2734	250	100.0	+	0	0	250M	2439887	540202
L	12862	250	*	*	*	*	*	637253	*
H	12862	250	100.0	+	0	0	250M	1127237	637253
L	16588	250	*	*	*	*	*	4323942	*
H	16588	250	94.4	+	0	0	108MI141MD	1125936	4323942
L	18149	250	*	*	*	*	*	4398672	*
H	18149	250	99.6	+	0	0	164MI85MD	2529283	4398672
L	14243	250	*	*	*	*	*	3360052	*
H	14243	250	100.0	+	0	0	250M	811252	3360052
L	11863	250	*	*	*	*	*	2000707	*
H	11863	250	100.0	+	0	0	250M	2534140	2000707
N	*	250	*	*	*	*	*	2538454	*
L	11377	250	*	*	*	*	*	1147236	*
H	11377	250	96.0	+	0	0	9MI33MD15MI191MD	702853	1147236
L	2463	250	*	*	*	*	*	556569	*
H	2463	250	100.0	+	0	0	250M	844567	556569
L	6900	250	*	*	*	*	*	219792	*
H	6900	250	99.6	+	0	0	250M	2562098	219792
L	9477	250	*	*	*	*	*	101458	*
H	9477	250	99.6	+	0	0	250M	844329	101458
L	1323	250	*	*	*	*	*	814977	*
H	1323	250	96.8	+	0	0	177MD29M2I42MD	1105627	814977
L	13394	250	*	*	*	*	*	326714	*
H	13394	250	95.2	+	0	0	250M	1110313	326714
L	9501	250	*	*	*	*	*	100589	*
H	9501	250	100.0	+	0	0	250M	650615	100589
L	10935	250	*	*	*	*	*	2310	*
H	10935	250	99.6	+	0	0	250M	741098	2310
L	19046	250	*	*	*	*	*	4443171	*
H	19046	250	100.0	+	0	0	250M	2730944	4443171
L	16235	250	*	*	*	*	*	4309008	*
H	16235	250	97.6	+	0	0	250M	1038018	4309008
L	10310	250	*	*	*	*	*	15281	*
H	10310	250	99.6	+	0	0	250M	2749362	15281
L	9795	250	*	*	*	*	*	72465	*
H	9795	250	99.6	+	0	0	250M	1134429	72465
L	12538	250	*	*	*	*	*	1114482	*
H	12538	250	99.2	+	0	0	250M	1115973	1114482
L	1688	250	*	*	*	*	*	650021	*
H	1688	250	100.0	+	0	0	250M	2760629	650021
L	18988	250	*	*	*	*	*	4440371	*
H	18988	250	99.6	+	0	0	250M	1137665	4440371
L	6759	250	*	*	*	*	*	234790	*
H	6759	250	95.6	+	0	0	250M	812557	234790
L	5979	250	*	*	*	*	*	274900	*
H	5979	250	99.6	+	0	0	250M	1128017	274900
L	12767	250	*	*	*	*	*	805313	*
H	12767	250	91.6	+	0	0	14MD50MD9MI20MD29MD25MI53MD7M2D26M2D8M7I	822699	805313
H	4074	250	100.0	+	0	0	250M	669613	373790
L	9661	250	*	*	*	*	*	85860	*
H	9661	250	100.0	+	0	0	250M	1137273	85860
L	15462	250	*	*	*	*	*	4053067	*
H	15462	250	99.6	+	0	0	250M	1140240	4053067
L	2264	250	*	*	*	*	*	567854	*
H	2264	250	99.2	+	0	0	250M	1127719	567854
L	10425	250	*	*	*	*	*	13401	*
H	10425	250	99.6	+	0	0	250M	2960026	13401
L	13624	250	*	*	*	*	*	3015662	*
H	13624	250	92.0	+	0	0	45MD6MD55M2D10MD37MD14M2D52M2D21M10I	3015665	3015662
L	12136	250	*	*	*	*	*	1140096	*
H	12136	250	99.2	+	0	0	250M	3076015	1140096
L	1868	250	*	*	*	*	*	589163	*
H	1868	250	100.0	+	0	0	250M	3119708	589163
L	3849	250	*	*	*	*	*	439688	*
H	3849	250	97.2	+	0	0	250M	3132417	439688
L	2501	250	*	*	*	*	*	554555	*
H	2501	250	100.0	+	0	0	250M	3142482	554555
L	12771	250	*	*	*	*	*	2494386	*
H	12771	250	97.6	+	0	0	250M	1105625	2494386
L	8320	250	*	*	*	*	*	165390	*
H	8320	250	97.2	+	0	0	226M2I22M2D	3272947	165390
L	10178	250	*	*	*	*	*	26225	*
H	10178	250	100.0	+	0	0	250M	1126064	26225
L	10153	250	*	*	*	*	*	28994	*
H	10153	250	100.0	+	0	0	250M	1135946	28994
L	10896	250	*	*	*	*	*	3793	*
H	10896	250	98.0	+	0	0	250M	672322	3793
L	11111	250	*	*	*	*	*	1583749	*
H	11111	250	96.0	+	0	0	250M	1121137	1583749
L	6235	250	*	*	*	*	*	263343	*
H	6235	250	99.6	+	0	0	250M	1135372	263343
L	12273	250	*	*	*	*	*	2221242	*
H	12273	250	99.6	+	0	0	250M	1127789	2221242
L	19026	250	*	*	*	*	*	4442407	*
H	19026	250	100.0	+	0	0	250M	1146228	4442407
L	15164	250	*	*	*	*	*	1144389	*
H	15164	250	98.4	+	0	0	250M	3550619	1144389
L	10758	250	*	*	*	*	*	7519	*
H	10758	250	97.2	+	0	0	250M	644275	7519
L	12066	250	*	*	*	*	*	2108713	*
H	12066	250	99.6	+	0	0	250M	692654	2108713
L	17921	250	*	*	*	*	*	4387313	*
H	17921	250	100.0	+	0	0	250M	3594659	4387313
L	1431	250	*	*	*	*	*	780036	*
H	1431	250	100.0	+	0	0	250M	774894	780036
L	19258	250	*	*	*	*	*	4454062	*
H	19258	250	99.2	+	0	0	250M	3643330	4454062
L	1298	250	*	*	*	*	*	818462	*
H	1298	250	99.6	+	0	0	250M	1121426	818462
L	6501	250	*	*	*	*	*	250112	*
H	6501	250	100.0	+	0	0	250M	858495	250112
L	16699	250	*	*	*	*	*	4329120	*
H	16699	250	97.6	+	0	0	250M	1138350	4329120
L	9168	250	*	*	*	*	*	114536	*
H	9168	250	100.0	+	0	0	250M	3714687	114536
L	13019	250	*	*	*	*	*	1115614	*
H	13019	250	100.0	+	0	0	250M	3754064	1115614
H	16055	250	100.0	+	0	0	250M	1130836	4301769
L	6554	250	*	*	*	*	*	246824	*
H	6554	250	100.0	+	0	0	250M	616049	246824
L	1492	250	*	*	*	*	*	747680	*
H	1492	250	100.0	+	0	0	250M	3942007	747680
L	6616	250	*	*	*	*	*	242926	*
H	6616	250	98.8	+	0	0	164MI56MI28M2D	3988508	242926
L	12565	250	*	*	*	*	*	949332	*
H	12565	250	100.0	+	0	0	250M	4030834	949332
L	2739	250	*	*	*	*	*	539854	*
H	2739	250	100.0	+	0	0	250M	1116679	539854
L	4184	250	*	*	*	*	*	367266	*
H	4184	250	99.6	+	0	0	250M	4127464	367266
L	1726	250	*	*	*	*	*	629172	*
H	1726	250	97.2	+	0	0	10MD26MD8MD7MD45MD34MD114M6I	4193312	629172
L	16893	250	*	*	*	*	*	4338354	*
H	16893	250	99.6	+	0	0	250M	833703	4338354
L	16750	250	*	*	*	*	*	4331429	*
H	16750	250	94.0	+	0	0	250M	678402	4331429
L	5058	250	*	*	*	*	*	325855	*
H	5058	250	98.0	+	0	0	213MD36MI	4199309	325855
L	1162	250	*	*	*	*	*	849283	*
H	1162	250	98.0	+	0	0	157MD92MI	4225239	849283
L	12280	250	*	*	*	*	*	819797	*
H	12280	250	99.6	+	0	0	250M	4227110	819797
L	6997	250	*	*	*	*	*	210245	*
H	6997	250	99.6	+	0	0	250M	4294859	210245
L	2144	250	*	*	*	*	*	575002	*
H	2144	250	98.0	+	0	0	250M	4295249	575002
L	12558	250	*	*	*	*	*	648540	*
H	12558	250	100.0	+	0	0	250M	4295725	648540
L	10867	250	*	*	*	*	*	4384	*
H	10867	250	100.0	+	0	0	250M	4308306	4384
L	18738	250	*	*	*	*	*	4428485	*
H	18738	250	100.0	+	0	0	250M	4314049	4428485
L	19466	250	*	*	*	*	*	4463829	*
H	19466	250	99.6	+	0	0	250M	4323731	4463829
L	2073	250	*	*	*	*	*	578701	*
H	2073	250	97.6	+	0	0	D33MD215M2I	4323735	578701
L	17637	250	*	*	*	*	*	4374321	*
H	17637	250	99.6	+	0	0	250M	4330518	4374321
L	14556	250	*	*	*	*	*	1113833	*
H	14556	250	100.0	+	0	0	250M	4337459	1113833
L	15167	250	*	*	*	*	*	781533	*
H	15167	250	100.0	+	0	0	250M	4339353	781533
L	13200	250	*	*	*	*	*	851938	*
H	13200	250	100.0	+	0	0	250M	4340136	851938
L	15583	250	*	*	*	*	*	4115286	*
H	15583	250	99.2	+	0	0	40MD17MD191M2I	4340682	4115286
L	9978	250	*	*	*	*	*	51176	*
H	9978	250	99.6	+	0	0	250M	4342529	51176
L	10253	250	*	*	*	*	*	16191	*
H	10253	250	100.0	+	0	0	250M	4348796	16191
H	3598	250	100.0	+	0	0	250M	4352015	512914
L	15981	250	*	*	*	*	*	4298448	*
H	15981	250	99.6	+	0	0	250M	4354887	4298448
L	8666	250	*	*	*	*	*	150451	*
H	8666	250	100.0	+	0	0	250M	4359317	150451
L	2131	250	*	*	*	*	*	575630	*
H	2131	250	98.4	+	0	0	250M	4359732	575630
L	11611	250	*	*	*	*	*	723998	*
H	11611	250	98.0	+	0	0	161MD88MI	4359936	723998
H	3849	250	98.4	+	0	0	105MD42MD101M2I	4363350	439688
L	2371	250	*	*	*	*	*	562064	*
H	2371	250	100.0	+	0	0	250M	4367538	562064
L	6876	250	*	*	*	*	*	221579	*
H	6876	250	99.6	+	0	0	250M	4369464	221579
L	18218	250	*	*	*	*	*	4402824	*
H	18218	250	98.0	+	0	0	250M	4373641	4402824
H	3587	250	99.6	+	0	0	42MI207MD	4377254	513250
L	13808	250	*	*	*	*	*	695831	*
H	13808	250	100.0	+	0	0	250M	4381970	695831
L	9986	250	*	*	*	*	*	50758	*
H	9986	250	98.8	+	0	0	250M	4393370	50758
L	18242	250	*	*	*	*	*	4404095	*
H	18242	250	99.6	+	0	0	250M	4399485	4404095
L	4791	250	*	*	*	*	*	342294	*
H	4791	250	99.6	+	0	0	250M	4409351	342294
L	18146	250	*	*	*	*	*	4398600	*
H	18146	250	100.0	+	0	0	250M	4416544	4398600
L	6071	250	*	*	*	*	*	270893	*
H	6071	250	99.6	+	0	0	250M	4417874	270893
L	8925	250	*	*	*	*	*	140320	*
H	8925	250	100.0	+	0	0	250M	4422394	140320
L	8375	250	*	*	*	*	*	163757	*
H	8375	250	98.8	+	0	0	250M	4426338	163757
L	6767	250	*	*	*	*	*	233981	*
H	6767	250	100.0	+	0	0	250M	4435876	233981
L	16125	250	*	*	*	*	*	4304812	*
H	16125	250	100.0	+	0	0	250M	4438444	4304812
L	2661	250	*	*	*	*	*	545417	*
H	2661	250	100.0	+	0	0	250M	4446686	545417
L	10452	250	*	*	*	*	*	12850	*
H	10452	250	99.6	+	0	0	250M	4447781	12850
L	10852	250	*	*	*	*	*	4614	*
H	10852	250	97.6	+	0	0	250M	4451543	4614
H	16055	250	100.0	+	0	0	250M	4458934	4301769
L	1144	250	*	*	*	*	*	851797	*
H	1144	250	99.6	+	0	0	250M	4459961	851797
L	10019	250	*	*	*	*	*	46257	*
H	10019	250	98.8	+	0	0	250M	4462058	46257
L	12073	250	*	*	*	*	*	2111163	*
H	12073	250	99.2	+	0	0	250M	4472467	2111163
L	15886	250	*	*	*	*	*	4294478	*
H	15886	250	98.4	+	0	0	250M	4473994	4294478
H	4074	250	100.0	+	0	0	250M	4476600	373790
L	9267	250	*	*	*	*	*	108774	*
H	9267	250	98.4	+	0	0	250M	4477624	108774
H	4017	250	100.0	+	0	0	250M	4479467	391286
L	4779	250	*	*	*	*	*	342749	*
H	4779	250	98.8	+	0	0	250M	4480819	342749
H	3598	250	99.2	+	0	0	193MD46MD9M2I	4481550	512914
L	16409	250	*	*	*	*	*	4317240	*
H	16409	250	96.0	+	0	0	D104MD144M2I	4482078	4317240
L	8960	250	*	*	*	*	*	138079	*
H	8960	250	98.8	+	0	0	250M	4482363	138079
L	9630	250	*	*	*	*	*	89124	*
H	9630	250	97.2	+	0	0	97MD152MI	4484180	89124
L	19954	250	*	*	*	*	*	805106	*
H	19954	250	97.2	+	0	0	250M	777733	805106
L	20249	250	*	*	*	*	*	4355302	*
H	20249	250	99.2	+	0	0	250M	753223	4355302
L	20142	250	*	*	*	*	*	755	*
H	20142	250	98.4	+	0	0	250M	577361	755
L	20288	250	*	*	*	*	*	4464004	*
H	20288	250	97.2	+	0	0	198MI51MD	562255	4464004
L	20029	250	*	*	*	*	*	202851	*
H	20029	250	99.2	+	0	0	250M	542454	202851
L	20102	250	*	*	*	*	*	64372	*
H	20102	250	99.6	+	0	0	250M	239922	64372
L	20233	250	*	*	*	*	*	711605	*
H	20233	250	97.6	+	0	0	250M	196412	711605
L	20039	250	*	*	*	*	*	157384	*
H	20039	250	100.0	+	0	0	250M	157535	157384
L	20289	250	*	*	*	*	*	4466258	*
H	20289	250	98.0	+	0	0	250M	31020	4466258
L	20237	250	*	*	*	*	*	4308349	*
H	20237	250	99.2	+	0	0	250M	21979	4308349
L	20000	250	*	*	*	*	*	467541	*
H	20000	250	99.6	+	0	0	250M	439	467541
L	20263	250	*	*	*	*	*	4385066	*
H	20263	250	98.8	+	0	0	250M	1145507	4385066
L	20244	250	*	*	*	*	*	4338135	*
H	20244	250	98.4	+	0	0	250M	788391	4338135
D	348	2	*	*	*	*	96.0	1042986	*
D	383	2	*	*	*	*	100.0	1033284	*
D	441	2	*	*	*	*	100.0	1018521	*
D	665	2	*	*	*	*	99.6	966794	*
D	697	2	*	*	*	*	92.8	957437	*
D	828	2	*	*	*	*	100.0	923209	*
D	908	2	*	*	*	*	99.2	903886	*
D	1144	2	*	*	*	*	99.6	851797	*
D	1150	2	*	*	*	*	98.0	851594	*
D	1162	2	*	*	*	*	98.0	849283	*
D	1182	2	*	*	*	*	98.4	843415	*
D	1236	2	*	*	*	*	100.0	827639	*
D	1259	2	*	*	*	*	99.2	823360	*
D	1298	2	*	*	*	*	99.6	818462	*
D	1311	2	*	*	*	*	96.8	816684	*
D	1323	2	*	*	*	*	96.8	814977	*
D	1399	2	*	*	*	*	100.0	797038	*
D	1431	2	*	*	*	*	100.0	780036	*
D	1492	2	*	*	*	*	100.0	747680	*
D	1542	2	*	*	*	*	100.0	720550	*
D	1545	2	*	*	*	*	99.2	719343	*
D	1564	2	*	*	*	*	100.0	709971	*
D	1582	2	*	*	*	*	100.0	701078	*
D	1688	2	*	*	*	*	100.0	650021	*
D	1726	2	*	*	*	*	97.2	629172	*
D	1786	2	*	*	*	*	100.0	593810	*
D	1847	2	*	*	*	*	99.2	590403	*
D	1868	2	*	*	*	*	100.0	589163	*
D	1970	2	*	*	*	*	99.6	583562	*
D	2014	2	*	*	*	*	99.6	581729	*
D	2021	2	*	*	*	*	100.0	581361	*
D	2030	2	*	*	*	*	95.6	580742	*
D	2073	2	*	*	*	*	97.6	578701	*
D	2102	2	*	*	*	*	99.6	577132	*
D	2108	2	*	*	*	*	98.8	576862	*
D	2110	2	*	*	*	*	100.0	576819	*
D	2131	2	*	*	*	*	98.4	575630	*
D	2144	2	*	*	*	*	98.0	575002	*
D	2151	2	*	*	*	*	99.2	574818	*
D	2166	2	*	*	*	*	100.0	573590	*
D	2182	2	*	*	*	*	100.0	572208	*
D	2211	2	*	*	*	*	93.2	570390	*
D	2223	2	*	*	*	*	99.6	569952	*
D	2255	2	*	*	*	*	100.0	568228	*
D	2264	2	*	*	*	*	99.2	567854	*
D	2285	2	*	*	*	*	100.0	566849	*
D	2289	2	*	*	*	*	98.8	566588	*
D	2299	2	*	*	*	*	99.2	566103	*
D	2371	2	*	*	*	*	100.0	562064	*
D	2463	2	*	*	*	*	100.0	556569	*
D	2501	2	*	*	*	*	100.0	554555	*
D	2587	2	*	*	*	*	99.6	550175	*
D	2661	2	*	*	*	*	100.0	545417	*
D	2677	2	*	*	*	*	100.0	544178	*
D	2734	2	*	*	*	*	100.0	540202	*
D	2739	2	*	*	*	*	100.0	539854	*
D	2793	2	*	*	*	*	99.6	536261	*
D	2797	2	*	*	*	*	98.4	535932	*
D	3012	2	*	*	*	*	100.0	528281	*
D	3573	2	*	*	*	*	98.8	513678	*
D	3587	3	*	*	*	*	99.6	513250	*
D	3598	4	*	*	*	*	99.7	512914	*
D	3697	2	*	*	*	*	99.6	507111	*
D	3738	2	*	*	*	*	99.6	470760	*
D	3740	2	*	*	*	*	99.6	470692	*
D	3762	2	*	*	*	*	99.2	463880	*
D	3849	3	*	*	*	*	97.8	439688	*
D	4017	3	*	*	*	*	99.8	391286	*
D	4074	4	*	*	*	*	100.0	373790	*
D	4184	2	*	*	*	*	99.6	367266	*
D	4302	2	*	*	*	*	100.0	363731	*
D	4403	2	*	*	*	*	100.0	361012	*
D	4427	2	*	*	*	*	100.0	360402	*
D	4603	2	*	*	*	*	100.0	352481	*
D	4631	2	*	*	*	*	98.8	350932	*
D	4645	2	*	*	*	*	96.8	350049	*
D	4702	2	*	*	*	*	100.0	347247	*
D	4772	2	*	*	*	*	99.2	342971	*
D	4779	2	*	*	*	*	98.8	342749	*
D	4791	2	*	*	*	*	99.6	342294	*
D	4871	2	*	*	*	*	94.4	338150	*
D	5044	2	*	*	*	*	98.8	326518	*
D	5052	2	*	*	*	*	100.0	4468023	*
D	5058	2	*	*	*	*	98.0	325855	*
D	5076	2	*	*	*	*	99.6	324891	*
D	5082	2	*	*	*	*	99.6	324220	*
D	5094	2	*	*	*	*	100.0	323325	*
D	5431	2	*	*	*	*	97.2	302906	*
D	5641	2	*	*	*	*	100.0	294670	*
D	5731	2	*	*	*	*	100.0	290799	*
D	5778	2	*	*	*	*	98.4	289216	*
D	5979	2	*	*	*	*	99.6	274900	*
D	5993	2	*	*	*	*	98.0	274316	*
D	6028	2	*	*	*	*	96.8	273031	*
D	6071	2	*	*	*	*	99.6	270893	*
D	6115	2	*	*	*	*	100.0	268667	*
D	6172	2	*	*	*	*	100.0	266440	*
D	6215	2	*	*	*	*	98.4	264071	*
D	6235	2	*	*	*	*	99.6	263343	*
D	6256	2	*	*	*	*	100.0	262578	*
D	6294	2	*	*	*	*	99.2	261255	*
D	6323	2	*	*	*	*	99.2	260081	*
D	6488	2	*	*	*	*	98.8	251051	*
D	6501	2	*	*	*	*	100.0	250112	*
D	6554	2	*	*	*	*	100.0	246824	*
D	6580	2	*	*	*	*	99.6	245191	*
D	6590	2	*	*	*	*	99.2	244668	*
D	6616	2	*	*	*	*	98.8	242926	*
D	6628	2	*	*	*	*	99.6	242005	*
D	6732	2	*	*	*	*	95.6	236913	*
D	6759	2	*	*	*	*	95.6	234790	*
D	6765	2	*	*	*	*	95.6	234242	*
D	6767	2	*	*	*	*	100.0	233981	*
D	6768	2	*	*	*	*	99.6	233893	*
D	6860	2	*	*	*	*	100.0	223469	*
D	6876	2	*	*	*	*	99.6	221579	*
D	6900	2	*	*	*	*	99.6	219792	*
D	6938	2	*	*	*	*	100.0	216903	*
D	6997	2	*	*	*	*	99.6	210245	*
D	7005	2	*	*	*	*	98.8	209237	*
D	7007	2	*	*	*	*	99.6	208944	*
D	7041	2	*	*	*	*	97.6	205365	*
D	7082	2	*	*	*	*	98.0	200455	*
D	7095	2	*	*	*	*	98.0	199635	*
D	7108	2	*	*	*	*	97.6	199266	*
D	7329	2	*	*	*	*	99.6	193422	*
D	7542	2	*	*	*	*	99.2	187997	*
D	7672	2	*	*	*	*	100.0	185198	*
D	7706	2	*	*	*	*	99.2	184263	*
D	7739	2	*	*	*	*	99.6	183487	*
D	7768	2	*	*	*	*	100.0	182880	*
D	7783	2	*	*	*	*	100.0	182342	*
D	7944	2	*	*	*	*	100.0	178224	*
D	8112	2	*	*	*	*	99.6	173845	*
D	8306	2	*	*	*	*	100.0	165851	*
D	8320	2	*	*	*	*	97.2	165390	*
D	8375	2	*	*	*	*	98.8	163757	*
D	8390	2	*	*	*	*	98.8	163130	*
D	8392	2	*	*	*	*	92.0	162886	*
D	8459	2	*	*	*	*	99.6	160095	*
D	8548	2	*	*	*	*	96.8	157072	*
D	8598	2	*	*	*	*	100.0	154176	*
D	8621	2	*	*	*	*	90.8	152932	*
D	8655	3	*	*	*	*	98.6	151083	*
D	8666	2	*	*	*	*	100.0	150451	*
D	8875	2	*	*	*	*	96.4	141379	*
D	8925	2	*	*	*	*	100.0	140320	*
D	8960	2	*	*	*	*	98.8	138079	*
D	9080	2	*	*	*	*	98.4	130219	*
D	9168	2	*	*	*	*	100.0	114536	*
D	9177	2	*	*	*	*	100.0	113733	*
D	9182	2	*	*	*	*	99.6	112989	*
D	9192	2	*	*	*	*	99.6	112236	*
D	9194	2	*	*	*	*	96.8	111984	*
D	9195	2	*	*	*	*	98.8	111946	*
D	9267	2	*	*	*	*	98.4	108774	*
D	9280	2	*	*	*	*	99.6	108433	*
D	9282	2	*	*	*	*	98.8	108384	*
D	9297	2	*	*	*	*	99.2	107850	*
D	9304	2	*	*	*	*	99.6	107650	*
D	9328	2	*	*	*	*	100.0	106978	*
D	9389	2	*	*	*	*	98.0	104695	*
D	9399	2	*	*	*	*	100.0	104370	*
D	9421	2	*	*	*	*	98.0	103423	*
D	9452	2	*	*	*	*	96.8	102222	*
D	9469	2	*	*	*	*	96.4	101788	*
D	9477	2	*	*	*	*	99.6	101458	*
D	9481	2	*	*	*	*	99.2	101217	*
D	9501	2	*	*	*	*	100.0	100589	*
D	9522	2	*	*	*	*	99.2	99739	*
D	9538	2	*	*	*	*	99.2	99279	*
D	9630	2	*	*	*	*	97.2	89124	*
D	9652	2	*	*	*	*	98.0	86606	*
D	9661	2	*	*	*	*	100.0	85860	*
D	9680	2	*	*	*	*	100.0	82781	*
D	9694	2	*	*	*	*	99.6	81641	*
D	9708	2	*	*	*	*	98.0	81059	*
D	9768	2	*	*	*	*	98.8	74170	*
D	9795	2	*	*	*	*	99.6	72465	*
D	9812	2	*	*	*	*	99.2	71731	*
D	9846	2	*	*	*	*	99.6	70276	*
D	9895	2	*	*	*	*	100.0	63145	*
D	9908	2	*	*	*	*	100.0	61968	*
D	9932	2	*	*	*	*	100.0	58613	*
D	9934	2	*	*	*	*	99.6	58411	*
D	9978	2	*	*	*	*	99.6	51176	*
D	9986	2	*	*	*	*	98.8	50758	*
D	10019	2	*	*	*	*	98.8	46257	*
D	10059	2	*	*	*	*	100.0	40820	*
D	10078	2	*	*	*	*	98.8	38986	*
D	10110	2	*	*	*	*	100.0	34303	*
D	10138	2	*	*	*	*	96.4	30112	*
D	10143	2	*	*	*	*	96.8	29792	*
D	10153	2	*	*	*	*	100.0	28994	*
D	10178	2	*	*	*	*	100.0	26225	*
D	10198	2	*	*	*	*	99.6	24089	*
D	10203	2	*	*	*	*	99.2	23566	*
D	10234	2	*	*	*	*	100.0	19369	*
D	10244	2	*	*	*	*	99.6	17380	*
D	10253	2	*	*	*	*	100.0	16191	*
D	10284	2	*	*	*	*	100.0	16012	*
D	10310	2	*	*	*	*	99.6	15281	*
D	10325	2	*	*	*	*	99.2	14982	*
D	10387	2	*	*	*	*	100.0	14111	*
D	10425	2	*	*	*	*	99.6	13401	*
D	10444	2	*	*	*	*	100.0	12878	*
D	10449	2	*	*	*	*	100.0	12859	*
D	10452	2	*	*	*	*	99.6	12850	*
D	10466	2	*	*	*	*	100.0	12562	*
D	10476	2	*	*	*	*	100.0	12491	*
D	10516	2	*	*	*	*	98.4	12064	*
D	10571	2	*	*	*	*	100.0	10829	*
D	10614	2	*	*	*	*	100.0	9812	*
D	10633	2	*	*	*	*	100.0	9547	*
D	10687	2	*	*	*	*	100.0	8823	*
D	10719	2	*	*	*	*	96.0	8035	*
D	10726	2	*	*	*	*	94.8	8001	*
D	10741	2	*	*	*	*	99.6	7849	*
D	10757	2	*	*	*	*	100.0	7521	*
D	10758	2	*	*	*	*	97.2	7519	*
D	10787	2	*	*	*	*	99.2	6825	*
D	10797	2	*	*	*	*	99.2	6359	*
D	10823	2	*	*	*	*	95.2	5631	*
D	10831	2	*	*	*	*	98.4	5460	*
D	10852	2	*	*	*	*	97.6	4614	*
D	10867	2	*	*	*	*	100.0	4384	*
D	10896	2	*	*	*	*	98.0	3793	*
D	10904	2	*	*	*	*	100.0	3306	*
D	10905	2	*	*	*	*	96.8	3288	*
D	10935	2	*	*	*	*	99.6	2310	*
D	10966	3	*	*	*	*	100.0	1503856	*
D	11111	2	*	*	*	*	96.0	1583749	*
D	11228	2	*	*	*	*	100.0	1655542	*
D	11367	2	*	*	*	*	100.0	1134114	*
D	11375	2	*	*	*	*	99.6	1730876	*
D	11377	2	*	*	*	*	96.0	1147236	*
D	11514	2	*	*	*	*	99.6	1801170	*
D	11582	3	*	*	*	*	99.8	1047812	*
D	11611	2	*	*	*	*	98.0	723998	*
D	11639	2	*	*	*	*	98.4	811912	*
D	11739	2	*	*	*	*	99.2	1922365	*
D	11863	2	*	*	*	*	100.0	2000707	*
D	11988	2	*	*	*	*	100.0	1144686	*
D	12003	2	*	*	*	*	96.8	2084902	*
D	12066	2	*	*	*	*	99.6	2108713	*
D	12073	2	*	*	*	*	99.2	2111163	*
D	12080	2	*	*	*	*	97.6	1072707	*
D	12136	2	*	*	*	*	99.2	1140096	*
D	12187	2	*	*	*	*	100.0	1141123	*
D	12273	2	*	*	*	*	99.6	2221242	*
D	12280	2	*	*	*	*	99.6	819797	*
D	12284	2	*	*	*	*	100.0	2225714	*
D	12333	2	*	*	*	*	97.6	2248535	*
D	12400	2	*	*	*	*	100.0	14437	*
D	12472	2	*	*	*	*	98.0	2323585	*
D	12538	2	*	*	*	*	99.2	1114482	*
D	12558	2	*	*	*	*	100.0	648540	*
D	12565	2	*	*	*	*	100.0	949332	*
D	12702	2	*	*	*	*	98.8	2461583	*
D	12767	2	*	*	*	*	91.6	805313	*
D	12771	2	*	*	*	*	97.6	2494386	*
D	12773	2	*	*	*	*	99.6	1122559	*
D	12783	2	*	*	*	*	99.6	749175	*
D	12862	2	*	*	*	*	100.0	637253	*
D	12907	2	*	*	*	*	100.0	2562103	*
D	12943	2	*	*	*	*	98.8	722795	*
D	12962	2	*	*	*	*	98.8	824506	*
D	12987	2	*	*	*	*	100.0	2609596	*
D	13019	2	*	*	*	*	100.0	1115614	*
D	13071	2	*	*	*	*	100.0	1115889	*
D	13116	2	*	*	*	*	100.0	832724	*
D	13200	2	*	*	*	*	100.0	851938	*
D	13214	2	*	*	*	*	98.4	1046846	*
D	13259	2	*	*	*	*	99.2	369386	*
D	13334	2	*	*	*	*	100.0	668546	*
D	13394	2	*	*	*	*	95.2	326714	*
D	13508	2	*	*	*	*	100.0	1086672	*
D	13512	2	*	*	*	*	99.2	2945199	*
D	13519	2	*	*	*	*	98.8	1021024	*
D	13624	2	*	*	*	*	92.0	3015662	*
D	13685	2	*	*	*	*	100.0	3047463	*
D	13735	2	*	*	*	*	100.0	3078863	*
D	13806	2	*	*	*	*	99.6	1129006	*
D	13808	2	*	*	*	*	100.0	695831	*
D	13839	2	*	*	*	*	94.8	933356	*
D	13900	2	*	*	*	*	99.2	3172850	*
D	13995	2	*	*	*	*	98.0	621303	*
D	14243	2	*	*	*	*	100.0	3360052	*
D	14248	2	*	*	*	*	100.0	761592	*
D	14414	2	*	*	*	*	100.0	1127998	*
D	14492	2	*	*	*	*	98.8	693344	*
D	14516	2	*	*	*	*	100.0	3510792	*
D	14556	2	*	*	*	*	100.0	1113833	*
D	14627	2	*	*	*	*	100.0	1016896	*
D	15000	2	*	*	*	*	99.2	3778551	*
D	15047	2	*	*	*	*	97.2	971934	*
D	15086	2	*	*	*	*	100.0	3840972	*
D	15164	2	*	*	*	*	98.4	1144389	*
D	15167	2	*	*	*	*	100.0	781533	*
D	15188	2	*	*	*	*	99.2	830475	*
D	15216	2	*	*	*	*	98.8	1134168	*
D	15245	2	*	*	*	*	100.0	1126009	*
D	15383	2	*	*	*	*	98.4	1112688	*
D	15462	2	*	*	*	*	99.6	4053067	*
D	15534	2	*	*	*	*	96.8	4094808	*
D	15558	2	*	*	*	*	94.0	851667	*
D	15583	2	*	*	*	*	99.2	4115286	*
D	15886	2	*	*	*	*	98.4	4294478	*
D	15901	2	*	*	*	*	100.0	4294861	*
D	15970	2	*	*	*	*	100.0	4297960	*
D	15981	2	*	*	*	*	99.6	4298448	*
D	15982	2	*	*	*	*	99.2	4298536	*
D	16055	5	*	*	*	*	100.0	4301769	*
D	16115	2	*	*	*	*	100.0	4304358	*
D	16125	2	*	*	*	*	100.0	4304812	*
D	16175	2	*	*	*	*	100.0	4306599	*
D	16235	2	*	*	*	*	97.6	4309008	*
D	16396	2	*	*	*	*	100.0	4316623	*
D	16409	2	*	*	*	*	96.0	4317240	*
D	16523	2	*	*	*	*	99.2	4321459	*
D	16588	2	*	*	*	*	94.4	4323942	*
D	16639	2	*	*	*	*	98.4	4326492	*
D	16663	2	*	*	*	*	99.2	4327604	*
D	16679	2	*	*	*	*	100.0	4328299	*
D	16699	2	*	*	*	*	97.6	4329120	*
D	16750	2	*	*	*	*	94.0	4331429	*
D	16763	2	*	*	*	*	100.0	4331976	*
D	16798	2	*	*	*	*	97.2	4334115	*
D	16893	2	*	*	*	*	99.6	4338354	*
D	16939	2	*	*	*	*	99.2	4341127	*
D	16959	2	*	*	*	*	100.0	4342039	*
D	17086	2	*	*	*	*	100.0	4348782	*
D	17166	2	*	*	*	*	98.8	4352471	*
D	17338	2	*	*	*	*	100.0	4360442	*
D	17467	2	*	*	*	*	98.8	4366299	*
D	17500	2	*	*	*	*	100.0	4367987	*
D	17637	2	*	*	*	*	99.6	4374321	*
D	17709	2	*	*	*	*	97.6	4377694	*
D	17773	2	*	*	*	*	97.6	4380427	*
D	17921	2	*	*	*	*	100.0	4387313	*
D	18146	2	*	*	*	*	100.0	4398600	*
D	18149	2	*	*	*	*	99.6	4398672	*
D	18155	2	*	*	*	*	100.0	4399263	*
D	18218	2	*	*	*	*	98.0	4402824	*
D	18219	2	*	*	*	*	98.0	4402844	*
D	18242	2	*	*	*	*	99.6	4404095	*
D	18349	2	*	*	*	*	99.6	4409417	*
D	18371	2	*	*	*	*	99.6	4410373	*
D	18417	2	*	*	*	*	98.0	4412978	*
D	18467	2	*	*	*	*	100.0	690594	*
D	18476	2	*	*	*	*	100.0	4415058	*
D	18685	2	*	*	*	*	98.4	4426298	*
D	18732	2	*	*	*	*	99.6	4428224	*
D	18738	2	*	*	*	*	100.0	4428485	*
D	18988	2	*	*	*	*	99.6	4440371	*
D	19026	2	*	*	*	*	100.0	4442407	*
D	19046	2	*	*	*	*	100.0	4443171	*
D	19189	2	*	*	*	*	100.0	4450440	*
D	19258	2	*	*	*	*	99.2	4454062	*
D	19284	2	*	*	*	*	100.0	4454841	*
D	19451	2	*	*	*	*	100.0	4463108	*
D	19466	2	*	*	*	*	99.6	4463829	*
D	19593	2	*	*	*	*	100.0	4468888	*
D	19611	2	*	*	*	*	99.6	4469673	*
D	19741	2	*	*	*	*	100.0	4475345	*
D	19939	2	*	*	*	*	100.0	4484284	*
D	19954	2	*	*	*	*	97.2	805106	*
D	20000	2	*	*	*	*	99.6	467541	*
D	20029	2	*	*	*	*	99.2	202851	*
D	20039	2	*	*	*	*	100.0	157384	*
D	20102	2	*	*	*	*	99.6	64372	*
D	20142	2	*	*	*	*	98.4	755	*
D	20233	2	*	*	*	*	97.6	711605	*
D	20237	2	*	*	*	*	99.2	4308349	*
D	20244	2	*	*	*	*	98.4	4338135	*
D	20249	2	*	*	*	*	99.2	4355302	*
D	20263	2	*	*	*	*	98.8	4385066	*
D	20288	2	*	*	*	*	97.2	4464004	*
D	20289	2	*	*	*	*	98.0	4466258	*
