UclustConsensusTaxonAssigner parameters:
id_to_taxonomy_filepath:/Users/nbokulich/Desktop/projects/short-read-tax-assignment/data/novel-taxa-simulations/F1-REF-L3-iter0/ref_taxa.tsv
id_to_taxonomy_fp:/Users/nbokulich/Desktop/projects/short-read-tax-assignment/data/novel-taxa-simulations/F1-REF-L3-iter0/ref_taxa.tsv
max_accepts:5
min_consensus_fraction:1.0
reference_sequences_fp:/Users/nbokulich/Desktop/projects/short-read-tax-assignment/data/novel-taxa-simulations/F1-REF-L3-iter0/ref_seqs.fasta
similarity:0.9
unassignable_label:Unassigned
Result path: /var/folders/0t/l1dz88p50y91vx_22fx5w3780000gn/T/assign-tax1u1crh

.uc file contents:

# uclust --input /Users/nbokulich/Desktop/projects/short-read-tax-assignment/data/novel-taxa-simulations/F1-REF-L3-iter0/query.fasta --id 0.9 --rev --maxaccepts 5 --allhits --libonly --lib /Users/nbokulich/Desktop/projects/short-read-tax-assignment/data/novel-taxa-simulations/F1-REF-L3-iter0/ref_seqs.fasta --uc /var/folders/0t/l1dz88p50y91vx_22fx5w3780000gn/T/UclustConsensusTaxonAssigner_y2i1AV.uc
# version=1.2.22
# Tab-separated fields:
# 1=Type, 2=ClusterNr, 3=SeqLength or ClusterSize, 4=PctId, 5=Strand, 6=QueryStart, 7=SeedStart, 8=Alignment, 9=QueryLabel, 10=TargetLabel
# Record types (field 1): L=LibSeed, S=NewSeed, H=Hit, R=Reject, D=LibCluster, C=NewCluster, N=NoHit
# For C and D types, PctId is average id with seed.
# QueryStart and SeedStart are zero-based relative to start of sequence.
# If minus strand, SeedStart is relative to reverse-complemented seed.
N	*	250	*	*	*	*	*	SH076443.07FU_FJ362291_reps	*
N	*	250	*	*	*	*	*	SH076524.07FU_KF879505_reps	*
N	*	250	*	*	*	*	*	SH076588.07FU_KF206484_reps	*
N	*	250	*	*	*	*	*	SH076704.07FU_GU292819_reps	*
N	*	250	*	*	*	*	*	SH076706.07FU_UDB015985_reps	*
N	*	80	*	*	*	*	*	SH077295.07FU_KC595259_reps	*
N	*	220	*	*	*	*	*	SH077439.07FU_UDB013419_reps	*
N	*	250	*	*	*	*	*	SH077637.07FU_KJ410695_reps	*
N	*	230	*	*	*	*	*	SH077679.07FU_KC681817_reps	*
L	2938	133	*	*	*	*	*	SH112517.07FU_DQ914739_reps	*
H	2938	136	91.0	+	0	0	22MD30MD18M2D11MI51M	SH077750.07FU_HM484548_refs	SH112517.07FU_DQ914739_reps
N	*	230	*	*	*	*	*	SH077873.07FU_JN205814_refs	*
N	*	250	*	*	*	*	*	SH079059.07FU_HM069380_reps	*
N	*	250	*	*	*	*	*	SH079367.07FU_KF477224_refs	*
N	*	191	*	*	*	*	*	SH079415.07FU_UDB004158_reps	*
N	*	250	*	*	*	*	*	SH082040.07FU_JX905535_reps	*
N	*	219	*	*	*	*	*	SH086524.07FU_JX646791_refs	*
N	*	170	*	*	*	*	*	SH090838.07FU_EF635906_refs	*
L	1607	115	*	*	*	*	*	SH093810.07FU_AY259054_reps	*
H	1607	220	94.8	+	0	0	105D115M	SH093788.07FU_AY854966_reps	SH093810.07FU_AY259054_reps
L	1625	250	*	*	*	*	*	SH093986.07FU_KC966140_reps	*
H	1625	250	97.2	+	0	0	250M	SH093982.07FU_GU328623_reps	SH093986.07FU_KC966140_reps
L	3241	250	*	*	*	*	*	SH115471.07FU_AB263119_reps	*
H	3241	175	90.3	+	0	0	22MI33MI39M2I10MI16MI21MI34M68I	SH102037.07FU_AF444292_refs	SH115471.07FU_AB263119_reps
N	*	250	*	*	*	*	*	SH103324.07FU_FN665415_reps	*
N	*	250	*	*	*	*	*	SH103786.07FU_JN040515_refs	*
N	*	178	*	*	*	*	*	SH108225.07FU_AF201728_refs	*
L	131	163	*	*	*	*	*	SH077443.07FU_JQ279592_reps	*
H	131	170	93.3	+	0	0	163M7D	SH113831.07FU_KC457179_reps	SH077443.07FU_JQ279592_reps
L	1362	250	*	*	*	*	*	SH091595.07FU_KF913023_reps	*
H	1362	170	93.5	+	0	0	157M3I13M77I	SH113831.07FU_KC457179_reps	SH091595.07FU_KF913023_reps
L	1363	250	*	*	*	*	*	SH091596.07FU_FJ807986_reps	*
H	1363	170	91.8	+	0	0	170M80I	SH113831.07FU_KC457179_reps	SH091596.07FU_FJ807986_reps
L	1364	250	*	*	*	*	*	SH091597.07FU_KJ144653_reps	*
H	1364	170	90.0	+	0	0	170M80I	SH113831.07FU_KC457179_reps	SH091597.07FU_KJ144653_reps
L	1358	250	*	*	*	*	*	SH091591.07FU_FN394617_reps	*
H	1358	170	92.9	+	0	0	162M3I8M77I	SH113831.07FU_KC457179_reps	SH091591.07FU_FN394617_reps
N	*	250	*	*	*	*	*	SH116157.07FU_EF596819_refs	*
N	*	250	*	*	*	*	*	SH119477.07FU_JQ761877_reps	*
D	1362	2	*	*	*	*	93.5	SH091595.07FU_KF913023_reps	*
D	1607	2	*	*	*	*	94.8	SH093810.07FU_AY259054_reps	*
D	1625	2	*	*	*	*	97.2	SH093986.07FU_KC966140_reps	*
D	2938	2	*	*	*	*	91.0	SH112517.07FU_DQ914739_reps	*
D	3241	2	*	*	*	*	90.3	SH115471.07FU_AB263119_reps	*
