UclustConsensusTaxonAssigner parameters:
id_to_taxonomy_filepath:/Users/nbokulich/Desktop/projects/short-read-tax-assignment/data/ref_dbs/gg_13_8_otus/99_otu_taxonomy_clean.tsv
id_to_taxonomy_fp:/Users/nbokulich/Desktop/projects/short-read-tax-assignment/data/ref_dbs/gg_13_8_otus/99_otu_taxonomy_clean.tsv
max_accepts:5
min_consensus_fraction:0.76
reference_sequences_fp:/Users/nbokulich/Desktop/projects/short-read-tax-assignment/data/ref_dbs/gg_13_8_otus/99_otus_clean_515f-806r_trim250.fasta
similarity:0.8
unassignable_label:Unassigned
Result path: /var/folders/0t/l1dz88p50y91vx_22fx5w3780000gn/T/assign-taxeZEvZT

.uc file contents:

# uclust --input /Users/nbokulich/Desktop/projects/short-read-tax-assignment/data/mock-community/mock-3/rep_seqs.fna --id 0.8 --rev --maxaccepts 5 --allhits --libonly --lib /Users/nbokulich/Desktop/projects/short-read-tax-assignment/data/ref_dbs/gg_13_8_otus/99_otus_clean_515f-806r_trim250.fasta --uc /var/folders/0t/l1dz88p50y91vx_22fx5w3780000gn/T/UclustConsensusTaxonAssigner_V_eVXi.uc
# version=1.2.22
# Tab-separated fields:
# 1=Type, 2=ClusterNr, 3=SeqLength or ClusterSize, 4=PctId, 5=Strand, 6=QueryStart, 7=SeedStart, 8=Alignment, 9=QueryLabel, 10=TargetLabel
# Record types (field 1): L=LibSeed, S=NewSeed, H=Hit, R=Reject, D=LibCluster, C=NewCluster, N=NoHit
# For C and D types, PctId is average id with seed.
# QueryStart and SeedStart are zero-based relative to start of sequence.
# If minus strand, SeedStart is relative to reverse-complemented seed.
L	5052	250	*	*	*	*	*	331595	*
H	5052	150	98.0	+	0	0	19I150M81I	bc23d2ee539bf2f52faf789289af7879	331595
L	1248	250	*	*	*	*	*	827497	*
H	1248	150	98.0	+	0	0	19I150M81I	bc23d2ee539bf2f52faf789289af7879	827497
L	1254	250	*	*	*	*	*	826104	*
H	1254	150	98.0	+	0	0	19I150M81I	bc23d2ee539bf2f52faf789289af7879	826104
L	2973	250	*	*	*	*	*	530695	*
H	2973	150	98.0	+	0	0	19I150M81I	bc23d2ee539bf2f52faf789289af7879	530695
L	1891	250	*	*	*	*	*	589202	*
H	1891	150	98.0	+	0	0	19I150M81I	bc23d2ee539bf2f52faf789289af7879	589202
L	16986	250	*	*	*	*	*	4326794	*
H	16986	150	100.0	+	0	0	19I150M81I	dcb7b288381ec22163253cc31ca4bb57	4326794
L	19355	250	*	*	*	*	*	4440404	*
H	19355	150	100.0	+	0	0	19I150M81I	dcb7b288381ec22163253cc31ca4bb57	4440404
L	1676	250	*	*	*	*	*	666832	*
H	1676	150	99.3	+	0	0	19I150M81I	dcb7b288381ec22163253cc31ca4bb57	666832
L	11015	250	*	*	*	*	*	6432	*
H	11015	150	98.7	+	0	0	19I150M81I	dcb7b288381ec22163253cc31ca4bb57	6432
L	19514	250	*	*	*	*	*	4448288	*
H	19514	150	98.0	+	0	0	19I150M81I	dcb7b288381ec22163253cc31ca4bb57	4448288
L	8282	250	*	*	*	*	*	172248	*
H	8282	150	90.7	+	0	0	19I150M81I	c4269a6e9bd66eca53e710c9f9d9ad4f	172248
L	8406	250	*	*	*	*	*	167118	*
H	8406	150	90.7	+	0	0	19I150M81I	c4269a6e9bd66eca53e710c9f9d9ad4f	167118
L	6882	250	*	*	*	*	*	233893	*
H	6882	150	90.7	+	0	0	19I150M81I	c4269a6e9bd66eca53e710c9f9d9ad4f	233893
L	8370	250	*	*	*	*	*	168583	*
H	8370	150	90.7	+	0	0	19I150M81I	c4269a6e9bd66eca53e710c9f9d9ad4f	168583
L	8272	250	*	*	*	*	*	172804	*
H	8272	150	90.0	+	0	0	19I150M81I	c4269a6e9bd66eca53e710c9f9d9ad4f	172804
L	18579	250	*	*	*	*	*	4402960	*
H	18579	150	98.7	+	0	0	19I150M81I	194be3a565245d51b6d1182d4d8c7e5b	4402960
L	7310	250	*	*	*	*	*	197072	*
H	7310	150	96.0	+	0	0	19I150M81I	194be3a565245d51b6d1182d4d8c7e5b	197072
L	12837	250	*	*	*	*	*	2383341	*
H	12837	150	93.3	+	0	0	19I150M81I	194be3a565245d51b6d1182d4d8c7e5b	2383341
L	16378	250	*	*	*	*	*	4301042	*
H	16378	150	93.3	+	0	0	19I150M81I	194be3a565245d51b6d1182d4d8c7e5b	4301042
L	7352	250	*	*	*	*	*	195815	*
H	7352	150	93.3	+	0	0	19I150M81I	194be3a565245d51b6d1182d4d8c7e5b	195815
L	16599	250	*	*	*	*	*	4310109	*
H	16599	150	100.0	+	0	0	19I150M81I	4e9b3c8dd9808d6a78936ceaf96dc0d5	4310109
L	10772	250	*	*	*	*	*	10952	*
H	10772	150	100.0	+	0	0	19I150M81I	4e9b3c8dd9808d6a78936ceaf96dc0d5	10952
L	9740	250	*	*	*	*	*	94130	*
H	9740	150	100.0	+	0	0	19I150M81I	4e9b3c8dd9808d6a78936ceaf96dc0d5	94130
L	1787	250	*	*	*	*	*	609022	*
H	1787	150	100.0	+	0	0	19I150M81I	4e9b3c8dd9808d6a78936ceaf96dc0d5	609022
L	9425	250	*	*	*	*	*	109106	*
H	9425	150	100.0	+	0	0	19I150M81I	4e9b3c8dd9808d6a78936ceaf96dc0d5	109106
L	14215	250	*	*	*	*	*	1059977	*
H	14215	150	100.0	+	0	0	19I150M81I	aebf2a74a3aa9e5876c479b1db88985f	1059977
L	2294	250	*	*	*	*	*	567972	*
H	2294	150	99.3	+	0	0	19I150M81I	aebf2a74a3aa9e5876c479b1db88985f	567972
L	5544	250	*	*	*	*	*	302201	*
H	5544	150	95.3	+	0	0	19I150M81I	aebf2a74a3aa9e5876c479b1db88985f	302201
L	5625	250	*	*	*	*	*	299458	*
H	5625	150	95.3	+	0	0	19I150M81I	aebf2a74a3aa9e5876c479b1db88985f	299458
L	5554	250	*	*	*	*	*	301841	*
H	5554	150	95.3	+	0	0	19I150M81I	aebf2a74a3aa9e5876c479b1db88985f	301841
L	20485	250	*	*	*	*	*	94242	*
H	20485	150	95.3	+	0	0	19I150M81I	d8505780c03879a277eb71fe2c852192	94242
L	20543	250	*	*	*	*	*	227	*
H	20543	150	92.7	+	0	0	19I116MI34M80I	d8505780c03879a277eb71fe2c852192	227
L	20671	250	*	*	*	*	*	4434719	*
H	20671	150	92.0	+	0	0	19I116MI34M80I	d8505780c03879a277eb71fe2c852192	4434719
L	20447	250	*	*	*	*	*	129196	*
H	20447	150	92.0	+	0	0	19I116MI34M80I	d8505780c03879a277eb71fe2c852192	129196
L	20425	250	*	*	*	*	*	162275	*
H	20425	150	92.0	+	0	0	19I116MI34M80I	d8505780c03879a277eb71fe2c852192	162275
L	18178	250	*	*	*	*	*	4382944	*
H	18178	150	100.0	+	0	0	19I150M81I	075614efc7d3dd61cd64a4e5f17078ae	4382944
L	17245	250	*	*	*	*	*	4338963	*
H	17245	150	100.0	+	0	0	19I150M81I	075614efc7d3dd61cd64a4e5f17078ae	4338963
L	16509	250	*	*	*	*	*	4306440	*
H	16509	150	100.0	+	0	0	19I150M81I	075614efc7d3dd61cd64a4e5f17078ae	4306440
L	17224	250	*	*	*	*	*	4337951	*
H	17224	150	100.0	+	0	0	19I150M81I	075614efc7d3dd61cd64a4e5f17078ae	4337951
L	16508	250	*	*	*	*	*	4306438	*
H	16508	150	100.0	+	0	0	19I150M81I	075614efc7d3dd61cd64a4e5f17078ae	4306438
L	17130	250	*	*	*	*	*	4333603	*
H	17130	150	97.3	+	0	0	19I150M81I	92e3a73c9006d7a85d3112558daf2576	4333603
L	10921	250	*	*	*	*	*	8344	*
H	10921	150	97.3	+	0	0	19I150M81I	92e3a73c9006d7a85d3112558daf2576	8344
L	19537	250	*	*	*	*	*	4449456	*
H	19537	150	97.3	+	0	0	19I150M81I	92e3a73c9006d7a85d3112558daf2576	4449456
L	9968	250	*	*	*	*	*	72869	*
H	9968	150	97.3	+	0	0	19I150M81I	92e3a73c9006d7a85d3112558daf2576	72869
L	15522	250	*	*	*	*	*	627028	*
H	15522	150	97.3	+	0	0	19I150M81I	92e3a73c9006d7a85d3112558daf2576	627028
H	20485	150	96.0	+	0	0	19I150M81I	d9e724faff24eeeb7ac7fcc5cc7885b6	94242
H	20543	150	93.3	+	0	0	19I116MI34M80I	d9e724faff24eeeb7ac7fcc5cc7885b6	227
H	20447	150	92.7	+	0	0	19I116MI34M80I	d9e724faff24eeeb7ac7fcc5cc7885b6	129196
L	20380	250	*	*	*	*	*	547463	*
H	20380	150	93.3	+	0	0	19I150M81I	d9e724faff24eeeb7ac7fcc5cc7885b6	547463
L	20508	250	*	*	*	*	*	24414	*
H	20508	150	93.3	+	0	0	19I150M81I	d9e724faff24eeeb7ac7fcc5cc7885b6	24414
H	19537	150	98.0	+	0	0	19I150M81I	7a8d29c59b803baaed9cc1f04ce0dc33	4449456
L	4702	250	*	*	*	*	*	351236	*
H	4702	150	98.0	+	0	0	19I150M81I	7a8d29c59b803baaed9cc1f04ce0dc33	351236
L	11941	250	*	*	*	*	*	801155	*
H	11941	150	98.0	+	0	0	19I150M81I	7a8d29c59b803baaed9cc1f04ce0dc33	801155
L	9455	250	*	*	*	*	*	107923	*
H	9455	150	98.0	+	0	0	19I150M81I	7a8d29c59b803baaed9cc1f04ce0dc33	107923
L	10188	250	*	*	*	*	*	48977	*
H	10188	150	98.0	+	0	0	19I150M81I	7a8d29c59b803baaed9cc1f04ce0dc33	48977
L	9247	250	*	*	*	*	*	129798	*
H	9247	150	96.7	+	0	0	19I150M81I	b3fef1e26b7b6ac20847ede4da68547a	129798
L	6551	250	*	*	*	*	*	253954	*
H	6551	150	96.7	+	0	0	19I150M81I	b3fef1e26b7b6ac20847ede4da68547a	253954
L	9133	250	*	*	*	*	*	137340	*
H	9133	150	96.7	+	0	0	19I150M81I	b3fef1e26b7b6ac20847ede4da68547a	137340
L	14101	250	*	*	*	*	*	851925	*
H	14101	150	96.7	+	0	0	19I150M81I	b3fef1e26b7b6ac20847ede4da68547a	851925
L	9227	250	*	*	*	*	*	130864	*
H	9227	150	96.7	+	0	0	19I150M81I	b3fef1e26b7b6ac20847ede4da68547a	130864
L	19473	250	*	*	*	*	*	4446436	*
H	19473	150	93.3	+	0	0	19I150M81I	86adb6193435090318cf24df07770d07	4446436
L	13703	250	*	*	*	*	*	2874960	*
H	13703	150	93.3	+	0	0	19I150M81I	86adb6193435090318cf24df07770d07	2874960
L	12419	250	*	*	*	*	*	811996	*
H	12419	150	93.3	+	0	0	19I150M81I	86adb6193435090318cf24df07770d07	811996
L	12420	250	*	*	*	*	*	805591	*
H	12420	150	93.3	+	0	0	19I150M81I	86adb6193435090318cf24df07770d07	805591
L	12671	250	*	*	*	*	*	919872	*
H	12671	150	93.3	+	0	0	19I150M81I	86adb6193435090318cf24df07770d07	919872
L	18449	250	*	*	*	*	*	4395540	*
H	18449	150	100.0	+	0	0	19I150M81I	94b000e59b7ac160b0416c9ab45ff0bf	4395540
L	9961	250	*	*	*	*	*	73484	*
H	9961	150	100.0	+	0	0	19I150M81I	94b000e59b7ac160b0416c9ab45ff0bf	73484
L	11771	250	*	*	*	*	*	1129461	*
H	11771	150	100.0	+	0	0	19I150M81I	94b000e59b7ac160b0416c9ab45ff0bf	1129461
L	15174	250	*	*	*	*	*	759349	*
H	15174	150	100.0	+	0	0	19I150M81I	94b000e59b7ac160b0416c9ab45ff0bf	759349
L	1989	250	*	*	*	*	*	584241	*
H	1989	150	100.0	+	0	0	19I150M81I	94b000e59b7ac160b0416c9ab45ff0bf	584241
L	6816	250	*	*	*	*	*	238205	*
H	6816	150	99.3	+	0	0	19I150M81I	74c5523929f4d53f7928f15bc7751994	238205
L	14742	250	*	*	*	*	*	855943	*
H	14742	150	99.3	+	0	0	19I150M81I	74c5523929f4d53f7928f15bc7751994	855943
L	16907	250	*	*	*	*	*	4323264	*
H	16907	150	99.3	+	0	0	19I150M81I	74c5523929f4d53f7928f15bc7751994	4323264
L	11212	250	*	*	*	*	*	745368	*
H	11212	150	99.3	+	0	0	19I150M81I	74c5523929f4d53f7928f15bc7751994	745368
L	6401	250	*	*	*	*	*	261218	*
H	6401	150	99.3	+	0	0	19I150M81I	74c5523929f4d53f7928f15bc7751994	261218
L	14292	250	*	*	*	*	*	1036182	*
H	14292	150	92.7	+	0	0	19I150M81I	b7269ca8dbd01fc77b163d64ff1caf90	1036182
L	9574	250	*	*	*	*	*	103948	*
H	9574	150	92.7	+	0	0	19I150M81I	b7269ca8dbd01fc77b163d64ff1caf90	103948
L	3759	250	*	*	*	*	*	507594	*
H	3759	150	92.7	+	0	0	19I150M81I	b7269ca8dbd01fc77b163d64ff1caf90	507594
L	11645	250	*	*	*	*	*	1094332	*
H	11645	150	92.7	+	0	0	19I150M81I	b7269ca8dbd01fc77b163d64ff1caf90	1094332
L	687	250	*	*	*	*	*	960695	*
H	687	150	92.7	+	0	0	19I150M81I	b7269ca8dbd01fc77b163d64ff1caf90	960695
L	2907	250	*	*	*	*	*	532163	*
H	2907	150	100.0	+	0	0	19I150M81I	e25836661b81c9cc3aa99c8b2c7ca14d	532163
L	11036	250	*	*	*	*	*	5796	*
H	11036	150	100.0	+	0	0	19I150M81I	e25836661b81c9cc3aa99c8b2c7ca14d	5796
L	6576	250	*	*	*	*	*	252206	*
H	6576	150	100.0	+	0	0	19I150M81I	e25836661b81c9cc3aa99c8b2c7ca14d	252206
L	4587	250	*	*	*	*	*	358021	*
H	4587	150	98.0	+	0	0	19I114MI36M80I	e25836661b81c9cc3aa99c8b2c7ca14d	358021
L	12108	250	*	*	*	*	*	2000709	*
H	12108	150	98.7	+	0	0	19I150M81I	e25836661b81c9cc3aa99c8b2c7ca14d	2000709
H	20485	150	95.3	+	0	0	19I150M81I	1c86153e1b13ab5322c96f2602b73513	94242
H	20380	150	92.7	+	0	0	19I150M81I	1c86153e1b13ab5322c96f2602b73513	547463
H	20508	150	92.7	+	0	0	19I150M81I	1c86153e1b13ab5322c96f2602b73513	24414
H	20543	150	92.7	+	0	0	19I116MI34M80I	1c86153e1b13ab5322c96f2602b73513	227
H	20671	150	92.0	+	0	0	19I116MI34M80I	1c86153e1b13ab5322c96f2602b73513	4434719
H	14292	150	100.0	+	0	0	19I150M81I	47ad35356a9bfec68416d32e4f039021	1036182
L	15429	250	*	*	*	*	*	1075250	*
H	15429	150	100.0	+	0	0	19I150M81I	47ad35356a9bfec68416d32e4f039021	1075250
L	12617	250	*	*	*	*	*	1037579	*
H	12617	150	100.0	+	0	0	19I150M81I	47ad35356a9bfec68416d32e4f039021	1037579
L	3998	250	*	*	*	*	*	416063	*
H	3998	150	100.0	+	0	0	19I150M81I	47ad35356a9bfec68416d32e4f039021	416063
L	678	250	*	*	*	*	*	963075	*
H	678	150	100.0	+	0	0	19I150M81I	47ad35356a9bfec68416d32e4f039021	963075
L	11560	250	*	*	*	*	*	1068893	*
H	11560	150	99.3	+	0	0	19I150M81I	29f6e97a2ed3b8abe26bb45acba8451f	1068893
L	578	250	*	*	*	*	*	987875	*
H	578	150	99.3	+	0	0	19I150M81I	29f6e97a2ed3b8abe26bb45acba8451f	987875
L	11672	250	*	*	*	*	*	1769720	*
H	11672	150	99.3	+	0	0	19I150M81I	29f6e97a2ed3b8abe26bb45acba8451f	1769720
L	3297	250	*	*	*	*	*	522512	*
H	3297	150	99.3	+	0	0	19I150M81I	29f6e97a2ed3b8abe26bb45acba8451f	522512
L	13195	250	*	*	*	*	*	990514	*
H	13195	150	99.3	+	0	0	19I150M81I	29f6e97a2ed3b8abe26bb45acba8451f	990514
L	11666	250	*	*	*	*	*	1765550	*
H	11666	150	100.0	+	0	0	19I150M81I	04195686f2b70585790ec75320de0d6f	1765550
L	9253	250	*	*	*	*	*	128812	*
H	9253	150	100.0	+	0	0	19I150M81I	04195686f2b70585790ec75320de0d6f	128812
L	15055	250	*	*	*	*	*	3643330	*
H	15055	150	100.0	+	0	0	19I150M81I	04195686f2b70585790ec75320de0d6f	3643330
L	1531	250	*	*	*	*	*	736792	*
H	1531	150	100.0	+	0	0	20I150M80I	04195686f2b70585790ec75320de0d6f	736792
L	19965	250	*	*	*	*	*	4468888	*
H	19965	150	100.0	+	0	0	19I150M81I	04195686f2b70585790ec75320de0d6f	4468888
L	17291	250	*	*	*	*	*	4341595	*
H	17291	150	100.0	+	0	0	19I150M81I	5642c43966bbd7f41c2f0cbe988205ff	4341595
L	18873	250	*	*	*	*	*	4416988	*
H	18873	150	100.0	+	0	0	19I150M81I	5642c43966bbd7f41c2f0cbe988205ff	4416988
L	18857	250	*	*	*	*	*	4416186	*
H	18857	150	100.0	+	0	0	19I150M81I	5642c43966bbd7f41c2f0cbe988205ff	4416186
L	18858	250	*	*	*	*	*	4416190	*
H	18858	150	99.3	+	0	0	19I150M81I	5642c43966bbd7f41c2f0cbe988205ff	4416190
L	10518	250	*	*	*	*	*	15033	*
H	10518	150	98.0	+	0	0	19I150M81I	5642c43966bbd7f41c2f0cbe988205ff	15033
L	17578	250	*	*	*	*	*	4355718	*
H	17578	150	98.0	+	0	0	19I150M81I	9ac5fec396208e598ab2e2d26985d0df	4355718
L	10272	250	*	*	*	*	*	38793	*
H	10272	150	97.3	+	0	0	19I150M81I	9ac5fec396208e598ab2e2d26985d0df	38793
L	10671	250	*	*	*	*	*	12569	*
H	10671	150	96.7	+	0	0	19I73MI77M80I	9ac5fec396208e598ab2e2d26985d0df	12569
L	16691	250	*	*	*	*	*	4314318	*
H	16691	150	89.3	+	0	0	19I50MI100M80I	9ac5fec396208e598ab2e2d26985d0df	4314318
L	16632	250	*	*	*	*	*	4311586	*
H	16632	150	89.3	+	0	0	19I70MI80M80I	9ac5fec396208e598ab2e2d26985d0df	4311586
L	3901	250	*	*	*	*	*	444756	*
H	3901	150	100.0	+	0	0	19I150M81I	33b601a7a8295e7a6c8f413504129220	444756
L	14210	250	*	*	*	*	*	3177686	*
H	14210	150	100.0	+	0	0	19I150M81I	33b601a7a8295e7a6c8f413504129220	3177686
L	70	250	*	*	*	*	*	1100298	*
H	70	150	100.0	+	0	0	19I150M81I	33b601a7a8295e7a6c8f413504129220	1100298
L	13757	250	*	*	*	*	*	862322	*
H	13757	150	100.0	+	0	0	19I150M81I	33b601a7a8295e7a6c8f413504129220	862322
L	19885	250	*	*	*	*	*	4465545	*
H	19885	150	100.0	+	0	0	19I150M81I	33b601a7a8295e7a6c8f413504129220	4465545
H	18579	150	100.0	+	0	0	19I150M81I	ac5402de1ddf427ab8d2b0a8a0a44f19	4402960
H	7310	150	97.3	+	0	0	19I150M81I	ac5402de1ddf427ab8d2b0a8a0a44f19	197072
L	8626	250	*	*	*	*	*	158738	*
H	8626	150	94.7	+	0	0	19I150M81I	ac5402de1ddf427ab8d2b0a8a0a44f19	158738
L	13826	250	*	*	*	*	*	2953174	*
H	13826	150	94.7	+	0	0	19I150M81I	ac5402de1ddf427ab8d2b0a8a0a44f19	2953174
L	17133	250	*	*	*	*	*	4333925	*
H	17133	150	94.7	+	0	0	19I150M81I	ac5402de1ddf427ab8d2b0a8a0a44f19	4333925
D	678	2	*	*	*	*	100.0	963075	*
D	687	2	*	*	*	*	92.7	960695	*
D	1891	2	*	*	*	*	98.0	589202	*
D	1989	2	*	*	*	*	100.0	584241	*
D	6401	2	*	*	*	*	99.3	261218	*
D	6576	2	*	*	*	*	100.0	252206	*
D	8370	2	*	*	*	*	90.7	168583	*
D	9227	2	*	*	*	*	96.7	130864	*
D	9425	2	*	*	*	*	100.0	109106	*
D	10188	2	*	*	*	*	98.0	48977	*
D	12671	2	*	*	*	*	93.3	919872	*
D	13195	2	*	*	*	*	99.3	990514	*
D	14215	2	*	*	*	*	100.0	1059977	*
D	15522	2	*	*	*	*	97.3	627028	*
D	16508	2	*	*	*	*	100.0	4306438	*
D	17578	2	*	*	*	*	98.0	4355718	*
D	18579	3	*	*	*	*	99.3	4402960	*
D	18857	2	*	*	*	*	100.0	4416186	*
D	19355	2	*	*	*	*	100.0	4440404	*
D	19885	2	*	*	*	*	100.0	4465545	*
D	19965	2	*	*	*	*	100.0	4468888	*
D	20485	4	*	*	*	*	95.6	94242	*
