UclustConsensusTaxonAssigner parameters:
id_to_taxonomy_filepath:/home/nbokulic/ref_seq_dbs/UNITE/unite_rep_set_97-rdp-taxonomy.txt
id_to_taxonomy_fp:/home/nbokulic/ref_seq_dbs/UNITE/unite_rep_set_97-rdp-taxonomy.txt
max_accepts:1
min_consensus_fraction:1.0
reference_sequences_fp:/home/nbokulic/ref_seq_dbs/UNITE/align/rep_set_uclust_ref_97.fasta
similarity:0.97
unassignable_label:Unassigned
Result path: "/scratch/assign-tax3W00GAGgHh0YfP4Ggexu.txt"

.uc file contents:

# uclust --input /home/nbokulic/bewolf/psrotot/RDBW_unite/rep_set.fna --id 0.97 --rev --maxaccepts 1 --allhits --libonly --lib /home/nbokulic/ref_seq_dbs/UNITE/align/rep_set_uclust_ref_97.fasta --uc /scratch/UclustConsensusTaxonAssigner_yGHWmF.uc
# version=1.2.22
# Tab-separated fields:
# 1=Type, 2=ClusterNr, 3=SeqLength or ClusterSize, 4=PctId, 5=Strand, 6=QueryStart, 7=SeedStart, 8=Alignment, 9=QueryLabel, 10=TargetLabel
# Record types (field 1): L=LibSeed, S=NewSeed, H=Hit, R=Reject, D=LibCluster, C=NewCluster, N=NoHit
# For C and D types, PctId is average id with seed.
# QueryStart and SeedStart are zero-based relative to start of sequence.
# If minus strand, SeedStart is relative to reverse-complemented seed.
L	6721	555	*	*	*	*	*	HM216212	*
H	6721	101	97.0	+	0	0	7I82M2D17M449I	AB250409 Mock.1_5	HM216212
H	6721	101	98.0	+	0	0	7I82M2D17M449I	AF281178 Mock.2_19155	HM216212
N	*	91	*	*	*	*	*	AJ309341 Mock.1_29083	*
L	26872	567	*	*	*	*	*	GU212865	*
H	26872	97	97.9	+	0	0	10I89MI8M459I	AM901674 Mock.2_4233	GU212865
L	2663	412	*	*	*	*	*	DQ286062	*
H	2663	101	100.0	+	0	0	24I101M287I	DQ286062 Mock.1_7	DQ286062
L	7271	631	*	*	*	*	*	GQ120993	*
H	7271	92	97.8	+	0	0	24I92M515I	DQ681335 Mock.1_1328	GQ120993
L	9286	626	*	*	*	*	*	JF439501	*
H	9286	94	98.9	+	0	0	22I90M2I4M508I	EU551202 Mock.2_9983	JF439501
L	3195	472	*	*	*	*	*	EU714323	*
H	3195	101	100.0	+	0	0	8I101M363I	EU714323 Mock.2_4	EU714323
L	2507	617	*	*	*	*	*	EU821474	*
H	2507	101	98.0	+	0	0	11I101M505I	EU821474 Mock.1_128	EU821474
H	7271	101	99.0	+	0	0	24I91MI10M505I	EU833211 Mock.3_2	GQ120993
L	3590	578	*	*	*	*	*	FJ196614	*
H	3590	83	100.0	+	0	0	9I65MI18M485I	FJ196614 Mock.2_39189	FJ196614
L	24378	237	*	*	*	*	*	JF779674	*
H	24378	77	98.7	+	0	0	22I77M138I	FJ210573 Mock.1_15840	JF779674
L	540	562	*	*	*	*	*	DQ885387	*
H	540	84	97.6	+	0	0	9I84M469I	FJ582636 Mock.2_15608	DQ885387
L	22967	561	*	*	*	*	*	FJ624262	*
H	22967	87	100.0	+	0	0	23I87M451I	FJ624262 Mock.3_1560	FJ624262
L	1907	567	*	*	*	*	*	FJ556909	*
H	1907	101	99.0	+	0	0	18I101M448I	FJ878626 Mock.3_2031	FJ556909
H	540	83	100.0	+	0	0	9I83M470I	FJ903339 Mock.3_15095	DQ885387
H	540	101	97.0	+	0	0	9I83MD17M453I	FJ904916 Mock.2_11	DQ885387
L	21482	573	*	*	*	*	*	EU551202	*
H	21482	101	98.0	+	0	0	9I91MD9M464I	FN548146 Mock.2_10300	EU551202
L	18019	743	*	*	*	*	*	GQ376079	*
H	18019	101	100.0	+	0	0	8I101M634I	GQ376079 Mock.2_8	GQ376079
L	24610	424	*	*	*	*	*	GQ376083	*
H	24610	101	100.0	+	0	0	4I43MI58M318I	GQ376083 Mock.1_0	GQ376083
L	26107	396	*	*	*	*	*	GQ376093	*
H	26107	101	97.0	+	0	0	8I101M287I	GQ376093 Mock.1_40	GQ376093
L	28129	2961	*	*	*	*	*	GQ458041	*
H	28129	101	100.0	+	0	0	1712I101M1148I	GQ458041 Mock.2_30	GQ458041
L	25126	583	*	*	*	*	*	FJ904916	*
H	25126	92	98.9	+	0	0	22I86MD5M470I	GU062214 Mock.1_841	FJ904916
L	14672	2196	*	*	*	*	*	AB245442	*
H	14672	83	98.8	+	0	0	1706I83M407I	GU062251 Mock.1_28622	AB245442
H	540	84	98.8	+	0	0	9I84M469I	GU062255 Mock.1_8251	DQ885387
L	22485	514	*	*	*	*	*	FJ210559	*
H	22485	82	97.6	+	0	0	19I82M413I	GU132456 Mock.2_32520	FJ210559
L	10671	506	*	*	*	*	*	GU062255	*
H	10671	91	97.8	+	0	0	23I85M2D4M394I	JN019381 Mock.1_3366	GU062255
N	*	101	*	*	*	*	*	New.ReferenceOTU0 Mock.2_7524	*
N	*	101	*	*	*	*	*	New.ReferenceOTU1 Mock.1_27540	*
N	*	101	*	*	*	*	*	New.ReferenceOTU2 Mock.1_9147	*
N	*	101	*	*	*	*	*	New.ReferenceOTU3 Mock.3_6461	*
N	*	101	*	*	*	*	*	New.ReferenceOTU4 Mock.2_1308	*
N	*	101	*	*	*	*	*	New.ReferenceOTU5 Mock.1_6335	*
N	*	94	*	*	*	*	*	New.ReferenceOTU6 Mock.2_55739	*
N	*	101	*	*	*	*	*	New.ReferenceOTU7 Mock.3_19464	*
N	*	91	*	*	*	*	*	New.CleanUp.ReferenceOTU1 Mock.3_52699	*
N	*	86	*	*	*	*	*	New.CleanUp.ReferenceOTU10 Mock.2_55974	*
N	*	101	*	*	*	*	*	New.CleanUp.ReferenceOTU105 Mock.1_21242	*
N	*	101	*	*	*	*	*	New.CleanUp.ReferenceOTU106 Mock.1_5337	*
N	*	96	*	*	*	*	*	New.CleanUp.ReferenceOTU107 Mock.2_69443	*
N	*	101	*	*	*	*	*	New.CleanUp.ReferenceOTU11 Mock.2_5394	*
N	*	91	*	*	*	*	*	New.CleanUp.ReferenceOTU115 Mock.2_64627	*
N	*	101	*	*	*	*	*	New.CleanUp.ReferenceOTU118 Mock.1_724	*
N	*	101	*	*	*	*	*	New.CleanUp.ReferenceOTU120 Mock.1_54066	*
N	*	91	*	*	*	*	*	New.CleanUp.ReferenceOTU125 Mock.2_31673	*
N	*	89	*	*	*	*	*	New.CleanUp.ReferenceOTU128 Mock.1_42547	*
N	*	101	*	*	*	*	*	New.CleanUp.ReferenceOTU129 Mock.2_70021	*
N	*	101	*	*	*	*	*	New.CleanUp.ReferenceOTU133 Mock.1_20046	*
N	*	101	*	*	*	*	*	New.CleanUp.ReferenceOTU136 Mock.2_13064	*
N	*	101	*	*	*	*	*	New.CleanUp.ReferenceOTU142 Mock.2_13237	*
N	*	91	*	*	*	*	*	New.CleanUp.ReferenceOTU144 Mock.1_12567	*
N	*	101	*	*	*	*	*	New.CleanUp.ReferenceOTU147 Mock.2_64849	*
N	*	101	*	*	*	*	*	New.CleanUp.ReferenceOTU149 Mock.2_58493	*
N	*	101	*	*	*	*	*	New.CleanUp.ReferenceOTU150 Mock.2_72741	*
N	*	94	*	*	*	*	*	New.CleanUp.ReferenceOTU153 Mock.3_16011	*
N	*	101	*	*	*	*	*	New.CleanUp.ReferenceOTU157 Mock.2_44184	*
N	*	101	*	*	*	*	*	New.CleanUp.ReferenceOTU161 Mock.1_39577	*
N	*	101	*	*	*	*	*	New.CleanUp.ReferenceOTU166 Mock.3_9034	*
N	*	101	*	*	*	*	*	New.CleanUp.ReferenceOTU167 Mock.2_132	*
N	*	101	*	*	*	*	*	New.CleanUp.ReferenceOTU171 Mock.3_83	*
N	*	101	*	*	*	*	*	New.CleanUp.ReferenceOTU173 Mock.3_86	*
N	*	101	*	*	*	*	*	New.CleanUp.ReferenceOTU30 Mock.2_5485	*
N	*	101	*	*	*	*	*	New.CleanUp.ReferenceOTU39 Mock.1_6422	*
N	*	97	*	*	*	*	*	New.CleanUp.ReferenceOTU46 Mock.2_69723	*
N	*	101	*	*	*	*	*	New.CleanUp.ReferenceOTU48 Mock.2_50493	*
N	*	101	*	*	*	*	*	New.CleanUp.ReferenceOTU5 Mock.2_3312	*
N	*	101	*	*	*	*	*	New.CleanUp.ReferenceOTU53 Mock.1_63364	*
N	*	95	*	*	*	*	*	New.CleanUp.ReferenceOTU54 Mock.1_44342	*
N	*	101	*	*	*	*	*	New.CleanUp.ReferenceOTU6 Mock.3_13680	*
N	*	101	*	*	*	*	*	New.CleanUp.ReferenceOTU61 Mock.2_8064	*
N	*	92	*	*	*	*	*	New.CleanUp.ReferenceOTU67 Mock.1_53045	*
N	*	95	*	*	*	*	*	New.CleanUp.ReferenceOTU68 Mock.1_5491	*
N	*	101	*	*	*	*	*	New.CleanUp.ReferenceOTU71 Mock.3_69820	*
N	*	101	*	*	*	*	*	New.CleanUp.ReferenceOTU72 Mock.2_29742	*
N	*	101	*	*	*	*	*	New.CleanUp.ReferenceOTU82 Mock.3_65355	*
N	*	101	*	*	*	*	*	New.CleanUp.ReferenceOTU89 Mock.3_43979	*
N	*	101	*	*	*	*	*	New.CleanUp.ReferenceOTU90 Mock.2_73953	*
N	*	101	*	*	*	*	*	New.CleanUp.ReferenceOTU91 Mock.3_54068	*
N	*	101	*	*	*	*	*	New.CleanUp.ReferenceOTU97 Mock.2_25781	*
D	540	5	*	*	*	*	98.4	DQ885387	*
D	1907	2	*	*	*	*	99.0	FJ556909	*
D	2507	2	*	*	*	*	98.0	EU821474	*
D	2663	2	*	*	*	*	100.0	DQ286062	*
D	3195	2	*	*	*	*	100.0	EU714323	*
D	3590	2	*	*	*	*	100.0	FJ196614	*
D	6721	3	*	*	*	*	97.5	HM216212	*
D	7271	3	*	*	*	*	98.4	GQ120993	*
D	9286	2	*	*	*	*	98.9	JF439501	*
D	10671	2	*	*	*	*	97.8	GU062255	*
D	14672	2	*	*	*	*	98.8	AB245442	*
D	18019	2	*	*	*	*	100.0	GQ376079	*
D	21482	2	*	*	*	*	98.0	EU551202	*
D	22485	2	*	*	*	*	97.6	FJ210559	*
D	22967	2	*	*	*	*	100.0	FJ624262	*
D	24378	2	*	*	*	*	98.7	JF779674	*
D	24610	2	*	*	*	*	100.0	GQ376083	*
D	25126	2	*	*	*	*	98.9	FJ904916	*
D	26107	2	*	*	*	*	97.0	GQ376093	*
D	26872	2	*	*	*	*	97.9	GU212865	*
D	28129	2	*	*	*	*	100.0	GQ458041	*
