UclustConsensusTaxonAssigner parameters:
id_to_taxonomy_filepath:/home/nbokulic/ref_seq_dbs/UNITE/unite_rep_set_97-rdp-taxonomy.txt
id_to_taxonomy_fp:/home/nbokulic/ref_seq_dbs/UNITE/unite_rep_set_97-rdp-taxonomy.txt
max_accepts:10
min_consensus_fraction:0.5
reference_sequences_fp:/home/nbokulic/ref_seq_dbs/UNITE/align/rep_set_uclust_ref_97.fasta
similarity:0.95
unassignable_label:Unassigned
Result path: "/scratch/assign-taxkkCFhEDvaLTNfrS7BU6s.txt"

.uc file contents:

# uclust --input /home/nbokulic/bewolf/psrotot/RDBW_unite/rep_set.fna --id 0.95 --rev --maxaccepts 10 --allhits --libonly --lib /home/nbokulic/ref_seq_dbs/UNITE/align/rep_set_uclust_ref_97.fasta --uc /scratch/UclustConsensusTaxonAssigner_iPtzXX.uc
# version=1.2.22
# Tab-separated fields:
# 1=Type, 2=ClusterNr, 3=SeqLength or ClusterSize, 4=PctId, 5=Strand, 6=QueryStart, 7=SeedStart, 8=Alignment, 9=QueryLabel, 10=TargetLabel
# Record types (field 1): L=LibSeed, S=NewSeed, H=Hit, R=Reject, D=LibCluster, C=NewCluster, N=NoHit
# For C and D types, PctId is average id with seed.
# QueryStart and SeedStart are zero-based relative to start of sequence.
# If minus strand, SeedStart is relative to reverse-complemented seed.
L	6721	555	*	*	*	*	*	HM216212	*
H	6721	101	97.0	+	0	0	7I82M2D17M449I	AB250409 Mock.1_5	HM216212
L	22486	514	*	*	*	*	*	FJ210562	*
H	22486	101	95.0	+	0	0	26I82M2D17M389I	AB250409 Mock.1_5	FJ210562
L	540	562	*	*	*	*	*	DQ885387	*
H	540	101	96.0	+	0	0	9I83MD17M453I	AB250409 Mock.1_5	DQ885387
L	541	586	*	*	*	*	*	DQ885388	*
H	541	101	96.0	+	0	0	10I83MD17M476I	AB250409 Mock.1_5	DQ885388
L	19274	510	*	*	*	*	*	DQ247776	*
H	19274	101	97.0	+	0	0	17I85M2D14M394I	AB250409 Mock.1_5	DQ247776
L	22487	519	*	*	*	*	*	FJ210586	*
H	22487	101	95.0	+	0	0	17I85M2D14M403I	AB250409 Mock.1_5	FJ210586
L	22231	589	*	*	*	*	*	FJ582636	*
H	22231	101	96.0	+	0	0	10I87MD13M479I	AB250409 Mock.1_5	FJ582636
L	22488	539	*	*	*	*	*	FJ210600	*
H	22488	101	96.0	+	0	0	21I83MD17M418I	AB250409 Mock.1_5	FJ210600
L	3232	542	*	*	*	*	*	EF687948	*
H	3232	101	96.0	+	0	0	10I85M2D14M433I	AB250409 Mock.1_5	EF687948
L	28128	584	*	*	*	*	*	JN681281	*
H	28128	101	95.0	+	0	0	25I85M2D14M460I	AB250409 Mock.1_5	JN681281
H	6721	101	98.0	+	0	0	7I82M2D17M449I	AF281178 Mock.2_19155	HM216212
H	540	101	96.0	+	0	0	9I82MD18M453I	AF281178 Mock.2_19155	DQ885387
H	541	101	96.0	+	0	0	10I82MD18M476I	AF281178 Mock.2_19155	DQ885388
L	24378	237	*	*	*	*	*	JF779674	*
H	24378	101	95.0	+	0	0	22I85M2D14M116I	AF281178 Mock.2_19155	JF779674
H	19274	101	97.0	+	0	0	17I82M2D17M394I	AF281178 Mock.2_19155	DQ247776
H	22231	101	96.0	+	0	0	10I87MD13M479I	AF281178 Mock.2_19155	FJ582636
L	3212	548	*	*	*	*	*	FJ210605	*
H	3212	101	96.0	+	0	0	22I85M2D14M427I	AF281178 Mock.2_19155	FJ210605
H	28128	101	96.0	+	0	0	25I85M2D14M460I	AF281178 Mock.2_19155	JN681281
L	11135	526	*	*	*	*	*	EF601622	*
H	11135	101	95.0	+	0	0	10I85M2D14M417I	AF281178 Mock.2_19155	EF601622
L	14672	2196	*	*	*	*	*	AB245442	*
H	14672	101	98.0	+	0	0	1706I85MD15M390I	AF281178 Mock.2_19155	AB245442
H	22231	91	95.6	+	0	0	10I91M488I	AJ309341 Mock.1_29083	FJ582636
L	22967	561	*	*	*	*	*	FJ624262	*
H	22967	91	95.6	+	0	0	23I91M447I	AJ309341 Mock.1_29083	FJ624262
L	14432	528	*	*	*	*	*	GU062251	*
H	14432	91	96.7	+	0	0	23I85M2D4M416I	AJ309341 Mock.1_29083	GU062251
L	21482	573	*	*	*	*	*	EU551202	*
H	21482	97	99.0	+	0	0	9I97M467I	AM901674 Mock.2_4233	EU551202
L	4539	617	*	*	*	*	*	DQ132818	*
H	4539	97	97.9	+	0	0	61I97M459I	AM901674 Mock.2_4233	DQ132818
L	25514	738	*	*	*	*	*	AM901674	*
H	25514	97	99.0	+	0	0	167I90MI7M473I	AM901674 Mock.2_4233	AM901674
L	907	621	*	*	*	*	*	GQ461905	*
H	907	97	96.9	+	0	0	8I89MI8M515I	AM901674 Mock.2_4233	GQ461905
L	19237	631	*	*	*	*	*	GQ120969	*
H	19237	97	95.9	+	0	0	24I97M510I	AM901674 Mock.2_4233	GQ120969
L	13531	578	*	*	*	*	*	DQ132832	*
H	13531	97	96.9	+	0	0	11I89MI8M469I	AM901674 Mock.2_4233	DQ132832
L	22964	596	*	*	*	*	*	FJ624264	*
H	22964	97	96.9	+	0	0	23I89MI8M475I	AM901674 Mock.2_4233	FJ624264
L	7824	617	*	*	*	*	*	FJ878682	*
H	7824	97	96.9	+	0	0	8I89MI8M511I	AM901674 Mock.2_4233	FJ878682
L	7273	575	*	*	*	*	*	GU565140	*
H	7273	97	96.9	+	0	0	9I90MI7M468I	AM901674 Mock.2_4233	GU565140
L	22593	716	*	*	*	*	*	FN548146	*
H	22593	97	95.9	+	0	0	111I97M508I	AM901674 Mock.2_4233	FN548146
L	2663	412	*	*	*	*	*	DQ286062	*
H	2663	101	100.0	+	0	0	24I101M287I	DQ286062 Mock.1_7	DQ286062
H	4539	92	95.7	+	0	0	61I92M464I	DQ681335 Mock.1_1328	DQ132818
H	19237	92	97.8	+	0	0	24I92M515I	DQ681335 Mock.1_1328	GQ120969
L	24337	608	*	*	*	*	*	DQ681321	*
H	24337	92	96.7	+	0	0	10I92M506I	DQ681335 Mock.1_1328	DQ681321
L	7271	631	*	*	*	*	*	GQ120993	*
H	7271	92	97.8	+	0	0	24I92M515I	DQ681335 Mock.1_1328	GQ120993
L	26872	567	*	*	*	*	*	GU212865	*
H	26872	92	95.7	+	0	0	10I92M465I	DQ681335 Mock.1_1328	GU212865
L	24332	538	*	*	*	*	*	JQ946395	*
H	24332	92	96.7	+	0	0	22I92M424I	DQ681335 Mock.1_1328	JQ946395
H	21482	92	96.7	+	0	0	9I92M472I	DQ681335 Mock.1_1328	EU551202
L	15655	631	*	*	*	*	*	EU301636	*
H	15655	92	96.7	+	0	0	26I92M513I	DQ681335 Mock.1_1328	EU301636
L	6439	550	*	*	*	*	*	JF819129	*
H	6439	92	96.7	+	0	0	12I92M446I	DQ681335 Mock.1_1328	JF819129
L	8020	538	*	*	*	*	*	GU062288	*
H	8020	92	96.7	+	0	0	12I92M434I	DQ681335 Mock.1_1328	GU062288
H	21482	94	100.0	+	0	0	9I94M470I	EU551202 Mock.2_9983	EU551202
H	4539	94	98.9	+	0	0	61I94M462I	EU551202 Mock.2_9983	DQ132818
H	25514	94	96.8	+	0	0	167I94M477I	EU551202 Mock.2_9983	AM901674
H	19237	94	97.9	+	0	0	24I94M513I	EU551202 Mock.2_9983	GQ120969
H	22593	94	97.9	+	0	0	111I94M511I	EU551202 Mock.2_9983	FN548146
H	26872	94	95.7	+	0	0	10I94M463I	EU551202 Mock.2_9983	GU212865
L	9286	626	*	*	*	*	*	JF439501	*
H	9286	94	98.9	+	0	0	22I90M2I4M508I	EU551202 Mock.2_9983	JF439501
H	7271	94	97.9	+	0	0	24I94M513I	EU551202 Mock.2_9983	GQ120993
L	3195	472	*	*	*	*	*	EU714323	*
H	3195	101	100.0	+	0	0	8I101M363I	EU714323 Mock.2_4	EU714323
L	2507	617	*	*	*	*	*	EU821474	*
H	2507	101	98.0	+	0	0	11I101M505I	EU821474 Mock.1_128	EU821474
H	4539	101	98.0	+	0	0	61I101M455I	EU833211 Mock.3_2	DQ132818
H	21482	101	99.0	+	0	0	9I101M463I	EU833211 Mock.3_2	EU551202
L	11629	796	*	*	*	*	*	JN617690	*
H	11629	101	95.0	+	0	0	50I87MI14M644I	EU833211 Mock.3_2	JN617690
H	22964	101	97.0	+	0	0	23I89MI12M471I	EU833211 Mock.3_2	FJ624264
H	9286	101	98.0	+	0	0	22I90M2I11M501I	EU833211 Mock.3_2	JF439501
H	25514	101	99.0	+	0	0	167I90MI11M469I	EU833211 Mock.3_2	AM901674
H	7824	101	97.0	+	0	0	8I89MI12M507I	EU833211 Mock.3_2	FJ878682
H	7271	101	99.0	+	0	0	24I91MI10M505I	EU833211 Mock.3_2	GQ120993
H	22593	101	99.0	+	0	0	111I91MI10M503I	EU833211 Mock.3_2	FN548146
H	907	101	97.0	+	0	0	8I89MI12M511I	EU833211 Mock.3_2	GQ461905
H	22231	83	98.8	+	0	0	10I83M496I	FJ196614 Mock.2_39189	FJ582636
L	3349	603	*	*	*	*	*	FN868469	*
H	3349	83	98.8	+	0	0	22I83M498I	FJ196614 Mock.2_39189	FN868469
H	11135	83	97.6	+	0	0	10I83M433I	FJ196614 Mock.2_39189	EF601622
L	27143	1559	*	*	*	*	*	JF440985	*
H	27143	83	98.8	+	0	0	123I83M1353I	FJ196614 Mock.2_39189	JF440985
L	22473	537	*	*	*	*	*	FJ205457	*
H	22473	83	97.6	+	0	0	22I83M432I	FJ196614 Mock.2_39189	FJ205457
L	15476	1484	*	*	*	*	*	AF081475	*
H	15476	83	98.8	+	0	0	315I68MI15M1085I	FJ196614 Mock.2_39189	AF081475
L	22485	514	*	*	*	*	*	FJ210559	*
H	22485	83	95.2	+	0	0	19I83M412I	FJ196614 Mock.2_39189	FJ210559
H	22486	83	98.8	+	0	0	26I83M405I	FJ196614 Mock.2_39189	FJ210562
H	22487	83	97.6	+	0	0	17I83M419I	FJ196614 Mock.2_39189	FJ210586
L	19102	567	*	*	*	*	*	FJ481036	*
H	19102	83	97.6	+	0	0	8I83M476I	FJ196614 Mock.2_39189	FJ481036
L	13617	484	*	*	*	*	*	FJ903339	*
H	13617	77	98.7	+	0	0	23I77M384I	FJ210573 Mock.1_15840	FJ903339
L	25126	583	*	*	*	*	*	FJ904916	*
H	25126	77	98.7	+	0	0	22I77M484I	FJ210573 Mock.1_15840	FJ904916
L	4558	473	*	*	*	*	*	FJ210606	*
H	4558	77	98.7	+	0	0	17I77M379I	FJ210573 Mock.1_15840	FJ210606
H	22486	77	98.7	+	0	0	26I77M411I	FJ210573 Mock.1_15840	FJ210562
L	4606	704	*	*	*	*	*	JF735273	*
H	4606	77	98.7	+	0	0	143I77M484I	FJ210573 Mock.1_15840	JF735273
L	12492	546	*	*	*	*	*	FJ210573	*
H	12492	77	98.7	+	0	0	19I77M450I	FJ210573 Mock.1_15840	FJ210573
L	8751	1585	*	*	*	*	*	HM534896	*
H	8751	77	98.7	+	0	0	123I77M1385I	FJ210573 Mock.1_15840	HM534896
L	8753	1531	*	*	*	*	*	HM534893	*
H	8753	77	98.7	+	0	0	105I77M1349I	FJ210573 Mock.1_15840	HM534893
H	27143	77	98.7	+	0	0	123I77M1359I	FJ210573 Mock.1_15840	JF440985
L	18925	604	*	*	*	*	*	AY952467	*
H	18925	77	97.4	+	0	0	8I53MI24M518I	FJ210573 Mock.1_15840	AY952467
H	19274	84	98.8	+	0	0	17I84M409I	FJ582636 Mock.2_15608	DQ247776
H	8753	84	97.6	+	0	0	105I84M1342I	FJ582636 Mock.2_15608	HM534893
H	8751	84	97.6	+	0	0	123I84M1378I	FJ582636 Mock.2_15608	HM534896
L	20446	1991	*	*	*	*	*	EF397557	*
H	20446	84	98.8	+	0	0	1744I84M163I	FJ582636 Mock.2_15608	EF397557
L	20469	609	*	*	*	*	*	EU272516	*
H	20469	84	97.6	+	0	0	10I77MI7M514I	FJ582636 Mock.2_15608	EU272516
L	21249	556	*	*	*	*	*	EU219559	*
H	21249	84	96.4	+	0	0	24I84M448I	FJ582636 Mock.2_15608	EU219559
L	2386	997	*	*	*	*	*	FJ892747	*
H	2386	84	97.6	+	0	0	259I84M654I	FJ582636 Mock.2_15608	FJ892747
L	8179	588	*	*	*	*	*	HQ608055	*
H	8179	84	96.4	+	0	0	8I84M496I	FJ582636 Mock.2_15608	HQ608055
H	22231	84	98.8	+	0	0	10I84M495I	FJ582636 Mock.2_15608	FJ582636
H	22473	84	96.4	+	0	0	22I84M431I	FJ582636 Mock.2_15608	FJ205457
H	22967	87	100.0	+	0	0	23I87M451I	FJ624262 Mock.3_1560	FJ624262
H	22231	87	100.0	+	0	0	10I87M492I	FJ624262 Mock.3_1560	FJ582636
H	20446	87	98.9	+	0	0	1744I87M160I	FJ624262 Mock.3_1560	EF397557
H	25126	87	98.9	+	0	0	22I87M474I	FJ624262 Mock.3_1560	FJ904916
H	14672	87	98.9	+	0	0	1706I87M403I	FJ624262 Mock.3_1560	AB245442
L	14114	565	*	*	*	*	*	GU132456	*
H	14114	87	95.4	+	0	0	13I87M465I	FJ624262 Mock.3_1560	GU132456
H	3232	87	97.7	+	0	0	10I87M445I	FJ624262 Mock.3_1560	EF687948
H	3212	87	96.6	+	0	0	22I87M439I	FJ624262 Mock.3_1560	FJ210605
H	14432	87	97.7	+	0	0	23I87M418I	FJ624262 Mock.3_1560	GU062251
H	540	87	97.7	+	0	0	9I87M466I	FJ624262 Mock.3_1560	DQ885387
L	25840	593	*	*	*	*	*	FJ878626	*
H	25840	101	100.0	+	0	0	8I101M484I	FJ878626 Mock.3_2031	FJ878626
L	1907	567	*	*	*	*	*	FJ556909	*
H	1907	101	99.0	+	0	0	18I101M448I	FJ878626 Mock.3_2031	FJ556909
L	28127	593	*	*	*	*	*	FJ878644	*
H	28127	101	98.0	+	0	0	8I101M484I	FJ878626 Mock.3_2031	FJ878644
L	23951	578	*	*	*	*	*	FR799494	*
H	23951	101	98.0	+	0	0	24I101M453I	FJ878626 Mock.3_2031	FR799494
L	17171	592	*	*	*	*	*	FJ878648	*
H	17171	101	98.0	+	0	0	8I101M483I	FJ878626 Mock.3_2031	FJ878648
L	8521	536	*	*	*	*	*	FJ537092	*
H	8521	101	95.0	+	0	0	2D15MI84M436I	FJ878626 Mock.3_2031	FJ537092
L	26912	563	*	*	*	*	*	FJ196620	*
H	26912	101	95.0	+	0	0	10I101M452I	FJ878626 Mock.3_2031	FJ196620
L	14698	595	*	*	*	*	*	AB248983	*
H	14698	101	95.0	+	0	0	9I101M485I	FJ878626 Mock.3_2031	AB248983
H	3212	83	98.8	+	0	0	22I83M443I	FJ903339 Mock.3_15095	FJ210605
H	14432	83	100.0	+	0	0	23I83M422I	FJ903339 Mock.3_15095	GU062251
H	3232	83	100.0	+	0	0	10I83M449I	FJ903339 Mock.3_15095	EF687948
H	540	83	100.0	+	0	0	9I83M470I	FJ903339 Mock.3_15095	DQ885387
H	541	83	100.0	+	0	0	10I83M493I	FJ903339 Mock.3_15095	DQ885388
H	14114	83	98.8	+	0	0	13I83M469I	FJ903339 Mock.3_15095	GU132456
H	22231	83	100.0	+	0	0	10I83M496I	FJ903339 Mock.3_15095	FJ582636
H	24378	83	98.8	+	0	0	22I83M132I	FJ903339 Mock.3_15095	JF779674
H	20446	83	100.0	+	0	0	1744I83M164I	FJ903339 Mock.3_15095	EF397557
H	12492	83	98.8	+	0	0	19I83M444I	FJ903339 Mock.3_15095	FJ210573
H	20446	101	99.0	+	0	0	1744I86MD14M147I	FJ904916 Mock.2_11	EF397557
H	25126	101	99.0	+	0	0	22I86MD14M461I	FJ904916 Mock.2_11	FJ904916
H	22231	101	97.0	+	0	0	10I87MD13M479I	FJ904916 Mock.2_11	FJ582636
H	14672	101	99.0	+	0	0	1706I86MD14M390I	FJ904916 Mock.2_11	AB245442
H	3232	101	97.0	+	0	0	10I85M2D14M433I	FJ904916 Mock.2_11	EF687948
H	14432	101	98.0	+	0	0	23I85M2D14M406I	FJ904916 Mock.2_11	GU062251
H	19274	101	98.0	+	0	0	17I85M2D14M394I	FJ904916 Mock.2_11	DQ247776
L	10671	506	*	*	*	*	*	GU062255	*
H	10671	101	98.0	+	0	0	23I85M2D14M384I	FJ904916 Mock.2_11	GU062255
H	22967	101	97.0	+	0	0	23I87MD13M438I	FJ904916 Mock.2_11	FJ624262
L	27106	558	*	*	*	*	*	HQ897787	*
H	27106	101	95.0	+	0	0	5D96M462I	FJ904916 Mock.2_11	HQ897787
H	19237	101	99.0	+	0	0	24I101M506I	FN548146 Mock.2_10300	GQ120969
L	1982	610	*	*	*	*	*	EU833211	*
H	1982	101	99.0	+	0	0	8I32MI69M500I	FN548146 Mock.2_10300	EU833211
H	907	101	96.0	+	0	0	8I101M512I	FN548146 Mock.2_10300	GQ461905
H	22593	101	99.0	+	0	0	111I101M504I	FN548146 Mock.2_10300	FN548146
H	7271	101	99.0	+	0	0	24I101M506I	FN548146 Mock.2_10300	GQ120993
H	9286	101	97.0	+	0	0	22I88MI13M502I	FN548146 Mock.2_10300	JF439501
H	25514	101	98.0	+	0	0	167I101M470I	FN548146 Mock.2_10300	AM901674
H	4539	101	97.0	+	0	0	61I91MD9M456I	FN548146 Mock.2_10300	DQ132818
H	21482	101	98.0	+	0	0	9I91MD9M464I	FN548146 Mock.2_10300	EU551202
H	7273	101	96.0	+	0	0	9I101M465I	FN548146 Mock.2_10300	GU565140
L	18019	743	*	*	*	*	*	GQ376079	*
H	18019	101	100.0	+	0	0	8I101M634I	GQ376079 Mock.2_8	GQ376079
L	669	416	*	*	*	*	*	EF197948	*
H	669	101	97.0	+	0	0	3D98M318I	GQ376083 Mock.1_0	EF197948
L	24610	424	*	*	*	*	*	GQ376083	*
H	24610	101	100.0	+	0	0	4I43MI58M318I	GQ376083 Mock.1_0	GQ376083
L	26107	396	*	*	*	*	*	GQ376093	*
H	26107	101	97.0	+	0	0	8I101M287I	GQ376093 Mock.1_40	GQ376093
L	25215	460	*	*	*	*	*	FJ861384	*
H	25215	101	100.0	+	0	0	18I101M341I	GQ458041 Mock.2_30	FJ861384
L	28129	2961	*	*	*	*	*	GQ458041	*
H	28129	101	100.0	+	0	0	1712I101M1148I	GQ458041 Mock.2_30	GQ458041
L	14428	653	*	*	*	*	*	AB513338	*
H	14428	101	99.0	+	0	0	9I101M543I	GQ458041 Mock.2_30	AB513338
L	17493	600	*	*	*	*	*	FJ210531	*
H	17493	101	97.0	+	0	0	25I58MD22MD19M476I	GQ458041 Mock.2_30	FJ210531
L	160	660	*	*	*	*	*	EF192226	*
H	160	101	96.0	+	0	0	15I101M544I	GQ458041 Mock.2_30	EF192226
L	3592	589	*	*	*	*	*	FJ196619	*
H	3592	101	97.0	+	0	0	9I58MD22MD19M481I	GQ458041 Mock.2_30	FJ196619
H	22967	92	95.7	+	0	0	23I92M446I	GU062214 Mock.1_841	FJ624262
H	22231	92	95.7	+	0	0	10I92M487I	GU062214 Mock.1_841	FJ582636
H	20446	92	98.9	+	0	0	1744I86MD5M156I	GU062214 Mock.1_841	EF397557
H	25126	92	98.9	+	0	0	22I86MD5M470I	GU062214 Mock.1_841	FJ904916
H	14672	92	98.9	+	0	0	1706I86MD5M399I	GU062214 Mock.1_841	AB245442
H	3232	92	96.7	+	0	0	10I85M2D5M442I	GU062214 Mock.1_841	EF687948
H	3212	92	95.7	+	0	0	22I85M2D5M436I	GU062214 Mock.1_841	FJ210605
H	14432	92	97.8	+	0	0	23I85M2D5M415I	GU062214 Mock.1_841	GU062251
H	8179	92	95.7	+	0	0	8I85M2D5M490I	GU062214 Mock.1_841	HQ608055
L	14812	713	*	*	*	*	*	FJ466709	*
H	14812	92	95.7	+	0	0	36I85M2D5M587I	GU062214 Mock.1_841	FJ466709
H	24378	83	97.6	+	0	0	22I83M132I	GU062251 Mock.1_28622	JF779674
H	8751	83	98.8	+	0	0	123I83M1379I	GU062251 Mock.1_28622	HM534896
H	8753	83	98.8	+	0	0	105I83M1343I	GU062251 Mock.1_28622	HM534893
H	4606	83	97.6	+	0	0	143I83M478I	GU062251 Mock.1_28622	JF735273
H	22967	83	98.8	+	0	0	23I83M455I	GU062251 Mock.1_28622	FJ624262
L	22965	561	*	*	*	*	*	FJ624268	*
H	22965	83	98.8	+	0	0	25I83M453I	GU062251 Mock.1_28622	FJ624268
H	4558	83	97.6	+	0	0	17I83M373I	GU062251 Mock.1_28622	FJ210606
L	4557	468	*	*	*	*	*	FJ210632	*
H	4557	83	96.4	+	0	0	19I83M366I	GU062251 Mock.1_28622	FJ210632
L	22489	452	*	*	*	*	*	FJ210631	*
H	22489	83	96.4	+	0	0	16I83M353I	GU062251 Mock.1_28622	FJ210631
H	22488	83	98.8	+	0	0	21I83M435I	GU062251 Mock.1_28622	FJ210600
H	3212	84	98.8	+	0	0	22I84M442I	GU062255 Mock.1_8251	FJ210605
H	14432	84	100.0	+	0	0	23I84M421I	GU062255 Mock.1_8251	GU062251
H	3232	84	100.0	+	0	0	10I84M448I	GU062255 Mock.1_8251	EF687948
H	540	84	98.8	+	0	0	9I84M469I	GU062255 Mock.1_8251	DQ885387
H	541	84	98.8	+	0	0	10I84M492I	GU062255 Mock.1_8251	DQ885388
H	14114	84	97.6	+	0	0	13I84M468I	GU062255 Mock.1_8251	GU132456
H	22231	84	100.0	+	0	0	10I84M495I	GU062255 Mock.1_8251	FJ582636
H	24378	84	97.6	+	0	0	22I84M131I	GU062255 Mock.1_8251	JF779674
H	20446	84	100.0	+	0	0	1744I84M163I	GU062255 Mock.1_8251	EF397557
H	12492	84	98.8	+	0	0	19I84M443I	GU062255 Mock.1_8251	FJ210573
H	3212	82	100.0	+	0	0	22I82M444I	GU132456 Mock.2_32520	FJ210605
H	14432	82	100.0	+	0	0	23I82M423I	GU132456 Mock.2_32520	GU062251
H	3232	82	100.0	+	0	0	10I82M450I	GU132456 Mock.2_32520	EF687948
H	540	82	100.0	+	0	0	9I82M471I	GU132456 Mock.2_32520	DQ885387
H	541	82	100.0	+	0	0	10I82M494I	GU132456 Mock.2_32520	DQ885388
H	14114	82	100.0	+	0	0	13I82M470I	GU132456 Mock.2_32520	GU132456
H	22231	82	100.0	+	0	0	10I82M497I	GU132456 Mock.2_32520	FJ582636
H	24378	82	100.0	+	0	0	22I82M133I	GU132456 Mock.2_32520	JF779674
H	20446	82	100.0	+	0	0	1744I82M165I	GU132456 Mock.2_32520	EF397557
H	12492	82	100.0	+	0	0	19I82M445I	GU132456 Mock.2_32520	FJ210573
H	22967	91	96.7	+	0	0	23I91M447I	JN019381 Mock.1_3366	FJ624262
H	22231	91	96.7	+	0	0	10I91M488I	JN019381 Mock.1_3366	FJ582636
H	20446	91	95.6	+	0	0	1744I91M156I	JN019381 Mock.1_3366	EF397557
H	25126	91	95.6	+	0	0	22I91M470I	JN019381 Mock.1_3366	FJ904916
H	14672	91	95.6	+	0	0	1706I91M399I	JN019381 Mock.1_3366	AB245442
H	14432	91	97.8	+	0	0	23I85M2D4M416I	JN019381 Mock.1_3366	GU062251
H	8179	91	95.6	+	0	0	8I85M2D4M491I	JN019381 Mock.1_3366	HQ608055
H	6721	91	97.8	+	0	0	7I84M2D5M459I	JN019381 Mock.1_3366	HM216212
N	*	101	*	*	*	*	*	New.ReferenceOTU0 Mock.2_7524	*
N	*	101	*	*	*	*	*	New.ReferenceOTU1 Mock.1_27540	*
N	*	101	*	*	*	*	*	New.ReferenceOTU2 Mock.1_9147	*
N	*	101	*	*	*	*	*	New.ReferenceOTU3 Mock.3_6461	*
N	*	101	*	*	*	*	*	New.ReferenceOTU4 Mock.2_1308	*
N	*	101	*	*	*	*	*	New.ReferenceOTU5 Mock.1_6335	*
N	*	94	*	*	*	*	*	New.ReferenceOTU6 Mock.2_55739	*
H	26107	101	96.0	+	0	0	8I101M287I	New.ReferenceOTU7 Mock.3_19464	GQ376093
H	22967	91	95.6	+	0	0	23I91M447I	New.CleanUp.ReferenceOTU1 Mock.3_52699	FJ624262
H	22231	91	95.6	+	0	0	10I91M488I	New.CleanUp.ReferenceOTU1 Mock.3_52699	FJ582636
H	2507	86	96.5	+	0	0	11I86M520I	New.CleanUp.ReferenceOTU10 Mock.2_55974	EU821474
H	24610	101	96.0	+	0	0	4I44MI57M318I	New.CleanUp.ReferenceOTU105 Mock.1_21242	GQ376083
N	*	101	*	*	*	*	*	New.CleanUp.ReferenceOTU106 Mock.1_5337	*
H	6721	96	95.8	+	0	0	7I82M2D12M454I	New.CleanUp.ReferenceOTU107 Mock.2_69443	HM216212
H	14432	96	95.8	+	0	0	23I85M2D9M411I	New.CleanUp.ReferenceOTU107 Mock.2_69443	GU062251
H	14672	96	96.9	+	0	0	1706I85MD10M395I	New.CleanUp.ReferenceOTU107 Mock.2_69443	AB245442
H	22967	96	95.8	+	0	0	23I87MD8M443I	New.CleanUp.ReferenceOTU107 Mock.2_69443	FJ624262
N	*	101	*	*	*	*	*	New.CleanUp.ReferenceOTU11 Mock.2_5394	*
H	22231	91	96.7	+	0	0	10I91M488I	New.CleanUp.ReferenceOTU115 Mock.2_64627	FJ582636
H	25126	91	95.6	+	0	0	22I91M470I	New.CleanUp.ReferenceOTU115 Mock.2_64627	FJ904916
H	14672	91	95.6	+	0	0	1706I91M399I	New.CleanUp.ReferenceOTU115 Mock.2_64627	AB245442
H	22967	91	96.7	+	0	0	23I91M447I	New.CleanUp.ReferenceOTU115 Mock.2_64627	FJ624262
H	20446	91	95.6	+	0	0	1744I91M156I	New.CleanUp.ReferenceOTU115 Mock.2_64627	EF397557
N	*	101	*	*	*	*	*	New.CleanUp.ReferenceOTU118 Mock.1_724	*
N	*	101	*	*	*	*	*	New.CleanUp.ReferenceOTU120 Mock.1_54066	*
N	*	91	*	*	*	*	*	New.CleanUp.ReferenceOTU125 Mock.2_31673	*
N	*	89	*	*	*	*	*	New.CleanUp.ReferenceOTU128 Mock.1_42547	*
N	*	101	*	*	*	*	*	New.CleanUp.ReferenceOTU129 Mock.2_70021	*
N	*	101	*	*	*	*	*	New.CleanUp.ReferenceOTU133 Mock.1_20046	*
N	*	101	*	*	*	*	*	New.CleanUp.ReferenceOTU136 Mock.2_13064	*
N	*	101	*	*	*	*	*	New.CleanUp.ReferenceOTU142 Mock.2_13237	*
H	22231	91	95.6	+	0	0	10I91M488I	New.CleanUp.ReferenceOTU144 Mock.1_12567	FJ582636
H	22967	91	95.6	+	0	0	23I91M447I	New.CleanUp.ReferenceOTU144 Mock.1_12567	FJ624262
L	10184	966	*	*	*	*	*	AF081479	*
H	10184	91	96.7	+	0	0	315I68MI23M559I	New.CleanUp.ReferenceOTU144 Mock.1_12567	AF081479
H	10671	91	96.7	+	0	0	23I85M2D4M394I	New.CleanUp.ReferenceOTU144 Mock.1_12567	GU062255
H	2386	101	95.0	+	0	0	259I83MD17M638I	New.CleanUp.ReferenceOTU147 Mock.2_64849	FJ892747
H	10671	101	95.0	+	0	0	23I85M2D14M384I	New.CleanUp.ReferenceOTU147 Mock.2_64849	GU062255
H	22231	101	96.0	+	0	0	10I87MD13M479I	New.CleanUp.ReferenceOTU147 Mock.2_64849	FJ582636
H	14672	101	96.0	+	0	0	1706I85MD15M390I	New.CleanUp.ReferenceOTU147 Mock.2_64849	AB245442
H	2663	101	96.0	+	0	0	24I101M287I	New.CleanUp.ReferenceOTU149 Mock.2_58493	DQ286062
N	*	101	*	*	*	*	*	New.CleanUp.ReferenceOTU150 Mock.2_72741	*
N	*	94	*	*	*	*	*	New.CleanUp.ReferenceOTU153 Mock.3_16011	*
N	*	101	*	*	*	*	*	New.CleanUp.ReferenceOTU157 Mock.2_44184	*
N	*	101	*	*	*	*	*	New.CleanUp.ReferenceOTU161 Mock.1_39577	*
N	*	101	*	*	*	*	*	New.CleanUp.ReferenceOTU166 Mock.3_9034	*
N	*	101	*	*	*	*	*	New.CleanUp.ReferenceOTU167 Mock.2_132	*
H	20446	101	96.0	+	0	0	1744I86MD14M147I	New.CleanUp.ReferenceOTU171 Mock.3_83	EF397557
H	25126	101	96.0	+	0	0	22I86MD14M461I	New.CleanUp.ReferenceOTU171 Mock.3_83	FJ904916
H	10671	101	95.0	+	0	0	23I85M2D14M384I	New.CleanUp.ReferenceOTU171 Mock.3_83	GU062255
H	6721	101	95.0	+	0	0	7I84M2D15M449I	New.CleanUp.ReferenceOTU171 Mock.3_83	HM216212
H	14672	101	96.0	+	0	0	1706I86MD14M390I	New.CleanUp.ReferenceOTU171 Mock.3_83	AB245442
H	19274	101	95.0	+	0	0	17I85M2D14M394I	New.CleanUp.ReferenceOTU171 Mock.3_83	DQ247776
H	14432	101	95.0	+	0	0	23I85M2D14M406I	New.CleanUp.ReferenceOTU171 Mock.3_83	GU062251
H	26107	101	96.0	+	0	0	8I101M287I	New.CleanUp.ReferenceOTU173 Mock.3_86	GQ376093
N	*	101	*	*	*	*	*	New.CleanUp.ReferenceOTU30 Mock.2_5485	*
N	*	101	*	*	*	*	*	New.CleanUp.ReferenceOTU39 Mock.1_6422	*
N	*	97	*	*	*	*	*	New.CleanUp.ReferenceOTU46 Mock.2_69723	*
N	*	101	*	*	*	*	*	New.CleanUp.ReferenceOTU48 Mock.2_50493	*
N	*	101	*	*	*	*	*	New.CleanUp.ReferenceOTU5 Mock.2_3312	*
H	26107	101	96.0	+	0	0	8I101M287I	New.CleanUp.ReferenceOTU53 Mock.1_63364	GQ376093
N	*	95	*	*	*	*	*	New.CleanUp.ReferenceOTU54 Mock.1_44342	*
N	*	101	*	*	*	*	*	New.CleanUp.ReferenceOTU6 Mock.3_13680	*
N	*	101	*	*	*	*	*	New.CleanUp.ReferenceOTU61 Mock.2_8064	*
N	*	92	*	*	*	*	*	New.CleanUp.ReferenceOTU67 Mock.1_53045	*
N	*	95	*	*	*	*	*	New.CleanUp.ReferenceOTU68 Mock.1_5491	*
N	*	101	*	*	*	*	*	New.CleanUp.ReferenceOTU71 Mock.3_69820	*
H	24610	101	96.0	+	0	0	4I43MI58M318I	New.CleanUp.ReferenceOTU72 Mock.2_29742	GQ376083
N	*	101	*	*	*	*	*	New.CleanUp.ReferenceOTU82 Mock.3_65355	*
H	24610	101	96.0	+	0	0	4I43MI58M318I	New.CleanUp.ReferenceOTU89 Mock.3_43979	GQ376083
H	2663	101	96.0	+	0	0	24I101M287I	New.CleanUp.ReferenceOTU90 Mock.2_73953	DQ286062
N	*	101	*	*	*	*	*	New.CleanUp.ReferenceOTU91 Mock.3_54068	*
H	25215	101	96.0	+	0	0	18I101M341I	New.CleanUp.ReferenceOTU97 Mock.2_25781	FJ861384
H	28129	101	96.0	+	0	0	1712I101M1148I	New.CleanUp.ReferenceOTU97 Mock.2_25781	GQ458041
D	2507	3	*	*	*	*	97.3	EU821474	*
D	2663	4	*	*	*	*	97.4	DQ286062	*
D	3195	2	*	*	*	*	100.0	EU714323	*
D	6721	2	*	*	*	*	97.8	HM216212	*
D	7271	3	*	*	*	*	98.4	GQ120993	*
D	10671	2	*	*	*	*	96.7	GU062255	*
D	12492	2	*	*	*	*	100.0	FJ210573	*
D	14432	2	*	*	*	*	96.7	GU062251	*
D	14672	7	*	*	*	*	97.5	AB245442	*
D	18019	2	*	*	*	*	100.0	GQ376079	*
D	19274	2	*	*	*	*	97.0	DQ247776	*
D	20446	3	*	*	*	*	100.0	EF397557	*
D	21482	2	*	*	*	*	100.0	EU551202	*
D	22231	4	*	*	*	*	98.1	FJ582636	*
D	22486	2	*	*	*	*	98.8	FJ210562	*
D	22488	2	*	*	*	*	98.8	FJ210600	*
D	22593	2	*	*	*	*	99.0	FN548146	*
D	22967	2	*	*	*	*	96.7	FJ624262	*
D	24610	5	*	*	*	*	97.0	GQ376083	*
D	25514	2	*	*	*	*	99.0	AM901674	*
D	25840	2	*	*	*	*	100.0	FJ878626	*
D	26107	5	*	*	*	*	96.3	GQ376093	*
D	27143	2	*	*	*	*	98.7	JF440985	*
D	28129	3	*	*	*	*	98.0	GQ458041	*
