UclustConsensusTaxonAssigner parameters:
id_to_taxonomy_filepath:/Users/nbokulich/Desktop/projects/short-read-tax-assignment/data/novel-taxa-simulations/B1-REF-L6-iter1/ref_taxa.tsv
id_to_taxonomy_fp:/Users/nbokulich/Desktop/projects/short-read-tax-assignment/data/novel-taxa-simulations/B1-REF-L6-iter1/ref_taxa.tsv
max_accepts:1
min_consensus_fraction:1.0
reference_sequences_fp:/Users/nbokulich/Desktop/projects/short-read-tax-assignment/data/novel-taxa-simulations/B1-REF-L6-iter1/ref_seqs.fasta
similarity:0.9
unassignable_label:Unassigned
Result path: /var/folders/0t/l1dz88p50y91vx_22fx5w3780000gn/T/assign-taxM8DTzC

.uc file contents:

# uclust --input /Users/nbokulich/Desktop/projects/short-read-tax-assignment/data/novel-taxa-simulations/B1-REF-L6-iter1/query.fasta --id 0.9 --rev --maxaccepts 1 --allhits --libonly --lib /Users/nbokulich/Desktop/projects/short-read-tax-assignment/data/novel-taxa-simulations/B1-REF-L6-iter1/ref_seqs.fasta --uc /var/folders/0t/l1dz88p50y91vx_22fx5w3780000gn/T/UclustConsensusTaxonAssigner_s7pDUh.uc
# version=1.2.22
# Tab-separated fields:
# 1=Type, 2=ClusterNr, 3=SeqLength or ClusterSize, 4=PctId, 5=Strand, 6=QueryStart, 7=SeedStart, 8=Alignment, 9=QueryLabel, 10=TargetLabel
# Record types (field 1): L=LibSeed, S=NewSeed, H=Hit, R=Reject, D=LibCluster, C=NewCluster, N=NoHit
# For C and D types, PctId is average id with seed.
# QueryStart and SeedStart are zero-based relative to start of sequence.
# If minus strand, SeedStart is relative to reverse-complemented seed.
L	11368	250	*	*	*	*	*	1023953	*
H	11368	250	90.0	+	0	0	250M	1108035	1023953
L	1695	250	*	*	*	*	*	565157	*
H	1695	250	95.2	+	0	0	250M	1096444	565157
L	2627	250	*	*	*	*	*	513653	*
H	2627	250	100.0	+	0	0	250M	1082059	513653
L	13813	250	*	*	*	*	*	4404224	*
H	13813	250	98.0	+	0	0	2D248M2I	1042479	4404224
L	9287	250	*	*	*	*	*	1072707	*
H	9287	250	97.6	+	0	0	70M2D178M2I	1037199	1072707
L	12920	250	*	*	*	*	*	4345055	*
H	12920	250	94.8	+	0	0	I39MD19MD35MI14MD140MI	1001255	4345055
L	11590	250	*	*	*	*	*	971934	*
H	11590	250	97.2	+	0	0	250M	981957	971934
L	8203	250	*	*	*	*	*	9514	*
H	8203	250	98.4	+	0	0	250M	971907	9514
L	2061	250	*	*	*	*	*	536261	*
H	2061	250	98.8	+	0	0	250M	869007	536261
L	7047	250	*	*	*	*	*	111689	*
H	7047	250	98.4	+	0	0	250M	853756	111689
N	*	250	*	*	*	*	*	851936	*
L	9916	250	*	*	*	*	*	2546331	*
H	9916	250	99.6	+	0	0	250M	851793	2546331
L	9837	250	*	*	*	*	*	1122559	*
H	9837	250	99.2	+	0	0	250M	836193	1122559
N	*	250	*	*	*	*	*	823665	*
L	6972	250	*	*	*	*	*	128181	*
H	6972	250	100.0	+	0	0	250M	822776	128181
L	941	250	*	*	*	*	*	814347	*
H	941	250	98.8	+	0	0	215MD34MI	815351	814347
L	13181	250	*	*	*	*	*	4361591	*
H	13181	250	99.6	+	0	0	250M	814142	4361591
L	1699	250	*	*	*	*	*	564904	*
H	1699	250	100.0	+	0	0	250M	809629	564904
L	11822	250	*	*	*	*	*	4006670	*
H	11822	250	97.2	+	0	0	162MD87MI	809285	4006670
L	7403	250	*	*	*	*	*	87670	*
H	7403	250	98.0	+	0	0	250M	802727	87670
L	1209	250	*	*	*	*	*	668105	*
H	1209	250	99.2	+	0	0	250M	749696	668105
L	3943	250	*	*	*	*	*	312413	*
H	3943	250	99.6	+	0	0	74MD175MI	744773	312413
L	11120	250	*	*	*	*	*	3471257	*
H	11120	250	99.6	+	0	0	250M	730054	3471257
L	3787	250	*	*	*	*	*	325282	*
H	3787	250	100.0	+	0	0	250M	723677	325282
L	7968	250	*	*	*	*	*	14503	*
H	7968	250	98.8	+	0	0	250M	714339	14503
L	1908	250	*	*	*	*	*	550415	*
H	1908	250	99.6	+	0	0	250M	709804	550415
L	11944	250	*	*	*	*	*	1122955	*
H	11944	250	98.8	+	0	0	250M	695731	1122955
L	855	250	*	*	*	*	*	833731	*
H	855	250	99.2	+	0	0	250M	687940	833731
L	7215	250	*	*	*	*	*	103941	*
H	7215	250	95.2	+	0	0	250M	643362	103941
L	1907	250	*	*	*	*	*	550440	*
H	1907	250	99.6	+	0	0	237MI12MD	632212	550440
L	14834	250	*	*	*	*	*	4472763	*
H	14834	250	98.4	+	0	0	250M	622460	4472763
L	14903	250	*	*	*	*	*	4476662	*
H	14903	250	99.2	+	0	0	250M	621068	4476662
L	8163	250	*	*	*	*	*	10455	*
H	8163	250	90.0	+	0	0	250M	590652	10455
L	12694	250	*	*	*	*	*	4329120	*
H	12694	250	97.2	+	0	0	250M	586902	4329120
L	11991	250	*	*	*	*	*	4132075	*
H	11991	250	98.4	+	0	0	250M	584440	4132075
L	6204	250	*	*	*	*	*	173412	*
H	6204	250	91.2	+	0	0	250M	583935	173412
L	13621	250	*	*	*	*	*	4389424	*
H	13621	250	100.0	+	0	0	250M	583549	4389424
L	12613	250	*	*	*	*	*	4323940	*
H	12613	250	100.0	+	0	0	250M	583452	4323940
L	5112	250	*	*	*	*	*	230076	*
H	5112	250	98.0	+	0	0	230MD19MI	582132	230076
L	11273	250	*	*	*	*	*	662294	*
H	11273	250	94.4	+	0	0	212MI37MD	581339	662294
L	3691	250	*	*	*	*	*	333517	*
H	3691	250	100.0	+	0	0	250M	579797	333517
L	11860	250	*	*	*	*	*	1139594	*
H	11860	250	100.0	+	0	0	250M	576703	1139594
L	1278	250	*	*	*	*	*	625629	*
H	1278	250	99.2	+	0	0	250M	576360	625629
L	8842	250	*	*	*	*	*	805980	*
H	8842	250	100.0	+	0	0	250M	575948	805980
L	7221	250	*	*	*	*	*	103489	*
H	7221	250	100.0	+	0	0	250M	573590	103489
L	1911	250	*	*	*	*	*	550175	*
H	1911	250	100.0	+	0	0	250M	570500	550175
L	10730	250	*	*	*	*	*	1129841	*
H	10730	250	93.6	+	0	0	173MI8MI28MI19MI18M4D	569436	1129841
L	11264	250	*	*	*	*	*	1143368	*
H	11264	250	95.6	+	0	0	250M	567867	1143368
L	1965	250	*	*	*	*	*	544846	*
H	1965	250	96.8	+	0	0	250M	566475	544846
L	12020	250	*	*	*	*	*	1123994	*
H	12020	250	99.6	+	0	0	250M	565851	1123994
L	11820	250	*	*	*	*	*	4004505	*
H	11820	250	94.0	+	0	0	250M	565706	4004505
L	8570	250	*	*	*	*	*	1145943	*
H	8570	250	97.2	+	0	0	250M	565472	1145943
H	1911	250	99.6	+	0	0	250M	563059	550175
L	13427	250	*	*	*	*	*	4377254	*
H	13427	250	100.0	+	0	0	250M	562815	4377254
L	7513	250	*	*	*	*	*	73432	*
H	7513	250	96.8	+	0	0	250M	561902	73432
L	893	250	*	*	*	*	*	822450	*
H	893	250	100.0	+	0	0	250M	558327	822450
L	7830	250	*	*	*	*	*	26799	*
H	7830	250	96.8	+	0	0	250M	558128	26799
L	11748	250	*	*	*	*	*	3949114	*
H	11748	250	97.6	+	0	0	250M	557875	3949114
L	9048	250	*	*	*	*	*	811951	*
H	9048	250	100.0	+	0	0	250M	557711	811951
H	11860	250	100.0	+	0	0	250M	552187	1139594
L	8517	250	*	*	*	*	*	729672	*
H	8517	250	99.6	+	0	0	250M	551931	729672
L	1306	250	*	*	*	*	*	605198	*
H	1306	250	100.0	+	0	0	250M	549839	605198
H	12613	250	100.0	+	0	0	250M	549707	4323940
L	1579	250	*	*	*	*	*	574818	*
H	1579	250	99.2	+	0	0	250M	549331	574818
L	11396	250	*	*	*	*	*	1136710	*
H	11396	250	99.6	+	0	0	250M	548784	1136710
L	13099	250	*	*	*	*	*	4357383	*
H	13099	250	100.0	+	0	0	250M	548440	4357383
L	8205	250	*	*	*	*	*	9511	*
H	8205	250	99.6	+	0	0	250M	547396	9511
L	5000	250	*	*	*	*	*	240429	*
H	5000	250	97.2	+	0	0	250M	546990	240429
L	9796	250	*	*	*	*	*	2472963	*
H	9796	250	99.6	+	0	0	250M	545968	2472963
L	13510	250	*	*	*	*	*	4382531	*
H	13510	250	98.8	+	0	0	6MI75MI167M2D	545041	4382531
L	11993	250	*	*	*	*	*	1121107	*
H	11993	250	97.6	+	0	0	250M	544630	1121107
L	4369	250	*	*	*	*	*	278923	*
H	4369	250	99.2	+	0	0	250M	543731	278923
L	10968	250	*	*	*	*	*	746265	*
H	10968	250	94.4	+	0	0	250M	543364	746265
L	11323	250	*	*	*	*	*	654665	*
H	11323	250	90.0	+	0	0	250M	542453	654665
L	1737	250	*	*	*	*	*	562500	*
H	1737	250	99.2	+	0	0	250M	539319	562500
L	3962	250	*	*	*	*	*	311151	*
H	3962	250	100.0	+	0	0	250M	536754	311151
L	6667	250	*	*	*	*	*	147794	*
H	6667	250	99.2	+	0	0	250M	536238	147794
L	12038	250	*	*	*	*	*	1127245	*
H	12038	250	96.4	+	0	0	250M	534871	1127245
L	8727	250	*	*	*	*	*	1132903	*
H	8727	250	97.2	+	0	0	250M	534626	1132903
L	9638	250	*	*	*	*	*	1108701	*
H	9638	250	99.6	+	0	0	250M	532994	1108701
L	9209	250	*	*	*	*	*	832316	*
H	9209	250	99.2	+	0	0	250M	529445	832316
L	2167	250	*	*	*	*	*	530138	*
H	2167	250	96.8	+	0	0	250M	523889	530138
L	6420	250	*	*	*	*	*	160883	*
H	6420	250	96.8	+	0	0	94MI117MI37M2D	519416	160883
L	7116	250	*	*	*	*	*	108008	*
H	7116	250	97.2	+	0	0	69M2D179M2I	515321	108008
L	6367	250	*	*	*	*	*	164006	*
H	6367	250	94.4	+	0	0	250M	513513	164006
L	10435	250	*	*	*	*	*	1131781	*
H	10435	250	99.6	+	0	0	250M	512232	1131781
L	5580	250	*	*	*	*	*	191880	*
H	5580	250	93.6	+	0	0	74MI175MD	511694	191880
L	1149	250	*	*	*	*	*	701078	*
H	1149	250	100.0	+	0	0	250M	510204	701078
L	7343	250	*	*	*	*	*	93822	*
H	7343	250	98.4	+	0	0	250M	509936	93822
L	14851	250	*	*	*	*	*	4473481	*
H	14851	250	100.0	+	0	0	250M	471184	4473481
L	8139	250	*	*	*	*	*	10945	*
H	8139	250	99.6	+	0	0	250M	470487	10945
L	10268	250	*	*	*	*	*	752554	*
H	10268	250	97.2	+	0	0	I249MD	463449	752554
H	7221	250	100.0	+	0	0	250M	436523	103489
L	4703	250	*	*	*	*	*	261023	*
H	4703	250	98.8	+	0	0	250M	419448	261023
L	2897	250	*	*	*	*	*	416537	*
H	2897	250	94.8	+	0	0	250M	386273	416537
L	3149	250	*	*	*	*	*	365656	*
H	3149	250	99.6	+	0	0	250M	369289	365656
L	3563	250	*	*	*	*	*	343196	*
H	3563	250	90.0	+	0	0	250M	368139	343196
L	14871	250	*	*	*	*	*	4474995	*
H	14871	250	98.0	+	0	0	250M	365385	4474995
L	13222	250	*	*	*	*	*	4364830	*
H	13222	250	96.4	+	0	0	29MD13MD140MD16MD9M2D18MD18M7I	363557	4364830
L	12342	250	*	*	*	*	*	4304334	*
H	12342	250	98.0	+	0	0	250M	362476	4304334
L	11534	250	*	*	*	*	*	1127483	*
H	11534	250	97.2	+	0	0	250M	361337	1127483
L	9735	250	*	*	*	*	*	1129207	*
H	9735	250	97.2	+	0	0	217MD32MI	360170	1129207
L	11555	250	*	*	*	*	*	3778551	*
H	11555	250	99.2	+	0	0	250M	359626	3778551
L	14131	250	*	*	*	*	*	4426298	*
H	14131	250	98.4	+	0	0	43MI25MI21MI158M3D	353078	4426298
L	10669	250	*	*	*	*	*	3146428	*
H	10669	250	98.0	+	0	0	250M	352468	3146428
L	7107	250	*	*	*	*	*	108433	*
H	7107	250	93.6	+	0	0	250M	347570	108433
L	35	250	*	*	*	*	*	1104539	*
H	35	250	100.0	+	0	0	250M	336985	1104539
L	8648	250	*	*	*	*	*	1139097	*
H	8648	250	99.2	+	0	0	250M	332510	1139097
H	3691	250	99.6	+	0	0	250M	332301	333517
L	3749	250	*	*	*	*	*	328035	*
H	3749	250	98.4	+	0	0	250M	330439	328035
L	9172	250	*	*	*	*	*	803209	*
H	9172	250	97.6	+	0	0	220MD29MI	328708	803209
L	7885	250	*	*	*	*	*	18298	*
H	7885	250	94.8	+	0	0	250M	314128	18298
L	13610	250	*	*	*	*	*	4388900	*
H	13610	250	91.2	+	0	0	250M	307580	4388900
L	10891	250	*	*	*	*	*	3294958	*
H	10891	250	97.2	+	0	0	250M	307218	3294958
L	3413	250	*	*	*	*	*	354303	*
H	3413	250	99.6	+	0	0	40MD209MI	300156	354303
L	7486	250	*	*	*	*	*	76200	*
H	7486	250	96.0	+	0	0	250M	299514	76200
L	5592	250	*	*	*	*	*	191595	*
H	5592	250	94.4	+	0	0	133MI116MD	296075	191595
H	6420	250	99.2	+	0	0	250M	294595	160883
L	13872	250	*	*	*	*	*	4407978	*
H	13872	250	100.0	+	0	0	250M	282575	4407978
L	1780	250	*	*	*	*	*	559395	*
H	1780	250	98.0	+	0	0	250M	277320	559395
L	3505	250	*	*	*	*	*	347584	*
H	3505	250	100.0	+	0	0	250M	275689	347584
L	10149	250	*	*	*	*	*	1132553	*
H	10149	250	99.2	+	0	0	250M	275257	1132553
L	13242	250	*	*	*	*	*	4365922	*
H	13242	250	98.0	+	0	0	250M	273647	4365922
L	4474	250	*	*	*	*	*	272813	*
H	4474	250	99.2	+	0	0	250M	273121	272813
H	5000	250	98.4	+	0	0	2I248M2D	270818	240429
L	13622	250	*	*	*	*	*	4389452	*
H	13622	250	99.6	+	0	0	250M	270402	4389452
L	13287	250	*	*	*	*	*	4368044	*
H	13287	250	96.4	+	0	0	250M	269458	4368044
L	13225	250	*	*	*	*	*	4364948	*
H	13225	250	99.6	+	0	0	250M	267698	4364948
L	1303	250	*	*	*	*	*	606927	*
H	1303	250	98.8	+	0	0	250M	267139	606927
L	11892	250	*	*	*	*	*	838126	*
H	11892	250	99.2	+	0	0	250M	266579	838126
H	9796	250	100.0	+	0	0	250M	265983	2472963
L	5153	250	*	*	*	*	*	224277	*
H	5153	250	96.0	+	0	0	153MI49MI11M2D16MI8MI9M2D	264465	224277
L	4749	250	*	*	*	*	*	259026	*
H	4749	250	92.8	+	0	0	250M	263575	259026
L	13300	250	*	*	*	*	*	4368904	*
H	13300	250	100.0	+	0	0	250M	263343	4368904
L	7952	250	*	*	*	*	*	14912	*
H	7952	250	98.0	+	0	0	250M	262857	14912
L	10012	250	*	*	*	*	*	1129821	*
H	10012	250	100.0	+	0	0	250M	262578	1129821
H	1695	250	94.0	+	0	0	250M	260618	565157
L	11004	250	*	*	*	*	*	607515	*
H	11004	250	95.6	+	0	0	250M	260579	607515
L	11484	250	*	*	*	*	*	698296	*
H	11484	250	90.8	+	0	0	250M	258742	698296
H	12613	250	100.0	+	0	0	250M	257746	4323940
L	7643	250	*	*	*	*	*	56204	*
H	7643	250	98.0	+	0	0	250M	255926	56204
L	13617	250	*	*	*	*	*	4389146	*
H	13617	250	100.0	+	0	0	250M	255749	4389146
H	6667	250	98.8	+	0	0	250M	252239	147794
L	9320	250	*	*	*	*	*	2132253	*
H	9320	250	96.8	+	0	0	250M	251398	2132253
H	10669	250	98.8	+	0	0	229MD4MD15M2I	251397	3146428
L	4837	250	*	*	*	*	*	252679	*
H	4837	250	94.8	+	0	0	250M	250201	252679
L	4820	250	*	*	*	*	*	254222	*
H	4820	250	99.2	+	0	0	250M	246846	254222
L	7235	250	*	*	*	*	*	102915	*
H	7235	250	100.0	+	0	0	250M	246303	102915
H	1911	250	98.4	+	0	0	250M	245543	550175
L	1012	250	*	*	*	*	*	786884	*
H	1012	250	94.8	+	0	0	119MD130MI	244156	786884
L	9631	250	*	*	*	*	*	1132071	*
H	9631	250	97.2	+	0	0	5MD5MD11MD19MD17MD188M5I	240867	1132071
L	14820	250	*	*	*	*	*	4472012	*
H	14820	250	95.6	+	0	0	10MD239MI	239649	4472012
L	11927	250	*	*	*	*	*	1143479	*
H	11927	250	98.0	+	0	0	250M	239326	1143479
L	12649	250	*	*	*	*	*	4326319	*
H	12649	250	92.8	+	0	0	250M	237287	4326319
L	7268	250	*	*	*	*	*	4364282	*
H	7268	250	100.0	+	0	0	250M	236285	4364282
H	1695	250	91.2	+	0	0	250M	230491	565157
L	1129	250	*	*	*	*	*	713349	*
H	1129	250	99.6	+	0	0	250M	230108	713349
L	920	250	*	*	*	*	*	818462	*
H	920	250	100.0	+	0	0	250M	226386	818462
L	2986	250	*	*	*	*	*	385834	*
H	2986	250	96.4	+	0	0	250M	224448	385834
L	1195	250	*	*	*	*	*	680934	*
H	1195	250	98.8	+	0	0	250M	222720	680934
L	14841	250	*	*	*	*	*	4472978	*
H	14841	250	99.2	+	0	0	250M	221841	4472978
L	9612	250	*	*	*	*	*	1138066	*
H	9612	250	100.0	+	0	0	250M	220865	1138066
L	5205	250	*	*	*	*	*	217963	*
H	5205	250	99.2	+	0	0	250M	220516	217963
L	13113	250	*	*	*	*	*	4358053	*
H	13113	250	96.8	+	0	0	250M	217968	4358053
L	9217	250	*	*	*	*	*	1144686	*
H	9217	250	100.0	+	0	0	250M	217386	1144686
L	9068	250	*	*	*	*	*	1124832	*
H	9068	250	100.0	+	0	0	250M	215083	1124832
L	10321	250	*	*	*	*	*	1144471	*
H	10321	250	100.0	+	0	0	250M	212584	1144471
L	9000	250	*	*	*	*	*	1119632	*
H	9000	250	95.6	+	0	0	250M	205916	1119632
L	2068	250	*	*	*	*	*	535332	*
H	2068	250	100.0	+	0	0	250M	204086	535332
L	9494	250	*	*	*	*	*	1015210	*
H	9494	250	98.4	+	0	0	113MI136MD	200634	1015210
N	*	250	*	*	*	*	*	198054	*
L	8415	250	*	*	*	*	*	2813	*
H	8415	250	99.2	+	0	0	250M	197491	2813
L	7015	250	*	*	*	*	*	115224	*
H	7015	250	98.4	+	0	0	250M	197265	115224
L	3817	250	*	*	*	*	*	322658	*
H	3817	250	97.2	+	0	0	250M	196781	322658
L	1690	250	*	*	*	*	*	565712	*
H	1690	250	95.6	+	0	0	53MI15MI42MD43MD11MD83MI	195834	565712
L	10917	250	*	*	*	*	*	1126922	*
H	10917	250	100.0	+	0	0	250M	194356	1126922
L	4542	250	*	*	*	*	*	268868	*
H	4542	250	97.2	+	0	0	250M	189350	268868
L	5491	250	*	*	*	*	*	194772	*
H	5491	250	98.4	+	0	0	250M	189244	194772
L	9870	250	*	*	*	*	*	799124	*
H	9870	250	99.6	+	0	0	96MI153MD	187297	799124
L	1841	250	*	*	*	*	*	554499	*
H	1841	250	98.4	+	0	0	127MD122MI	185766	554499
L	5509	250	*	*	*	*	*	194162	*
H	5509	250	96.4	+	0	0	250M	183419	194162
L	13722	250	*	*	*	*	*	4396988	*
H	13722	250	98.4	+	0	0	250M	176206	4396988
L	799	250	*	*	*	*	*	851797	*
H	799	250	94.4	+	0	0	250M	175647	851797
L	5874	250	*	*	*	*	*	183634	*
H	5874	250	99.2	+	0	0	250M	169604	183634
L	14586	250	*	*	*	*	*	4457195	*
H	14586	250	92.0	+	0	0	250M	168491	4457195
L	12460	250	*	*	*	*	*	4312974	*
H	12460	250	98.4	+	0	0	250M	163872	4312974
L	7470	250	*	*	*	*	*	79015	*
H	7470	250	99.6	+	0	0	250M	163834	79015
L	4454	250	*	*	*	*	*	273523	*
H	4454	250	92.0	+	0	0	250M	161828	273523
L	6898	250	*	*	*	*	*	136130	*
H	6898	250	100.0	+	0	0	250M	159665	136130
L	14382	250	*	*	*	*	*	4443171	*
H	14382	250	92.4	+	0	0	250M	158494	4443171
L	8747	250	*	*	*	*	*	1128272	*
H	8747	250	100.0	+	0	0	250M	153241	1128272
H	1149	250	100.0	+	0	0	250M	152272	701078
L	6936	250	*	*	*	*	*	132022	*
H	6936	250	96.8	+	0	0	16M2D44MD35M2D150M5I	151878	132022
H	6667	250	98.8	+	0	0	250M	151294	147794
L	8711	250	*	*	*	*	*	1704198	*
H	8711	250	97.2	+	0	0	28MI9MI6M2I37MI14MI150M6D	150715	1704198
L	11514	250	*	*	*	*	*	3755054	*
H	11514	250	95.2	+	0	0	250M	149965	3755054
L	2091	250	*	*	*	*	*	532635	*
H	2091	250	100.0	+	0	0	250M	148100	532635
L	11713	250	*	*	*	*	*	3926523	*
H	11713	250	92.8	+	0	0	250M	147086	3926523
L	13665	250	*	*	*	*	*	4392630	*
H	13665	250	99.6	+	0	0	250M	145419	4392630
L	14487	250	*	*	*	*	*	4450394	*
H	14487	250	99.6	+	0	0	250M	144943	4450394
L	12640	250	*	*	*	*	*	4325466	*
H	12640	250	100.0	+	0	0	250M	144295	4325466
L	6559	250	*	*	*	*	*	154130	*
H	6559	250	98.8	+	0	0	250M	143564	154130
L	11441	250	*	*	*	*	*	759349	*
H	11441	250	99.2	+	0	0	250M	142766	759349
L	14092	250	*	*	*	*	*	4423498	*
H	14092	250	99.2	+	0	0	250M	142276	4423498
L	8322	250	*	*	*	*	*	6591	*
H	8322	250	100.0	+	0	0	250M	141903	6591
L	586	250	*	*	*	*	*	923209	*
H	586	250	98.4	+	0	0	250M	141703	923209
L	9334	250	*	*	*	*	*	1140096	*
H	9334	250	94.4	+	0	0	14MI189MD46M	140965	1140096
L	9394	250	*	*	*	*	*	1141290	*
H	9394	250	99.6	+	0	0	250M	140042	1141290
L	13009	250	*	*	*	*	*	4351033	*
H	13009	250	100.0	+	0	0	250M	139853	4351033
L	8953	250	*	*	*	*	*	709363	*
H	8953	250	96.4	+	0	0	250M	138779	709363
L	3753	250	*	*	*	*	*	327895	*
H	3753	250	99.2	+	0	0	250M	137543	327895
L	928	250	*	*	*	*	*	817146	*
H	928	250	99.2	+	0	0	14MD235MI	137025	817146
L	3485	250	*	*	*	*	*	348797	*
H	3485	250	96.4	+	0	0	54MI195MD	136508	348797
L	4087	250	*	*	*	*	*	301673	*
H	4087	250	92.8	+	0	0	250M	133123	301673
L	12011	250	*	*	*	*	*	676511	*
H	12011	250	97.6	+	0	0	250M	132661	676511
L	1956	250	*	*	*	*	*	546410	*
H	1956	250	96.0	+	0	0	250M	131660	546410
L	6921	250	*	*	*	*	*	133739	*
H	6921	250	98.4	+	0	0	250M	130684	133739
L	9355	250	*	*	*	*	*	811996	*
H	9355	250	92.4	+	0	0	250M	130529	811996
L	9819	250	*	*	*	*	*	1144726	*
H	9819	250	98.0	+	0	0	250M	128176	1144726
L	3565	250	*	*	*	*	*	342971	*
H	3565	250	100.0	+	0	0	250M	124373	342971
H	35	250	96.4	+	0	0	250M	114808	1104539
L	11579	250	*	*	*	*	*	813643	*
H	11579	250	95.6	+	0	0	232MI17MD	112212	813643
L	4106	250	*	*	*	*	*	300365	*
H	4106	250	99.6	+	0	0	250M	108298	300365
L	12121	250	*	*	*	*	*	4242243	*
H	12121	250	97.2	+	0	0	250M	107976	4242243
L	8062	250	*	*	*	*	*	12522	*
H	8062	250	100.0	+	0	0	250M	107892	12522
L	6574	250	*	*	*	*	*	153061	*
H	6574	250	90.4	+	0	0	250M	107665	153061
H	11484	250	93.2	+	0	0	250M	107506	698296
L	6191	250	*	*	*	*	*	173845	*
H	6191	250	98.8	+	0	0	250M	105927	173845
L	8107	250	*	*	*	*	*	12046	*
H	8107	250	99.2	+	0	0	250M	105867	12046
L	12813	250	*	*	*	*	*	4337487	*
H	12813	250	96.8	+	0	0	250M	105745	4337487
L	9712	250	*	*	*	*	*	1138255	*
H	9712	250	98.4	+	0	0	250M	104045	1138255
L	13776	250	*	*	*	*	*	4400920	*
H	13776	250	100.0	+	0	0	250M	103743	4400920
L	7266	250	*	*	*	*	*	101810	*
H	7266	250	99.6	+	0	0	250M	102745	101810
L	3885	250	*	*	*	*	*	317124	*
H	3885	250	97.6	+	0	0	250M	102001	317124
H	13300	250	100.0	+	0	0	250M	101603	4368904
L	11321	250	*	*	*	*	*	1114015	*
H	11321	250	97.6	+	0	0	70MI179MD	100662	1114015
L	12076	250	*	*	*	*	*	1125193	*
H	12076	250	99.6	+	0	0	115MD134MI	100484	1125193
L	8135	250	*	*	*	*	*	11120	*
H	8135	250	99.2	+	0	0	250M	94941	11120
L	10247	250	*	*	*	*	*	1120577	*
H	10247	250	94.8	+	0	0	250M	90031	1120577
L	7384	250	*	*	*	*	*	89521	*
H	7384	250	98.8	+	0	0	250M	89923	89521
L	1134	250	*	*	*	*	*	709971	*
H	1134	250	100.0	+	0	0	250M	87984	709971
L	4978	250	*	*	*	*	*	241440	*
H	4978	250	96.8	+	0	0	80MD16MD61MD7MD57MD24M5I	85254	241440
L	6533	250	*	*	*	*	*	155500	*
H	6533	250	97.6	+	0	0	61M2I187M2D	81060	155500
L	11038	250	*	*	*	*	*	780712	*
H	11038	250	95.6	+	0	0	250M	77692	780712
L	1777	250	*	*	*	*	*	559607	*
H	1777	250	100.0	+	0	0	250M	77501	559607
L	566	250	*	*	*	*	*	929178	*
H	566	250	98.8	+	0	0	250M	76534	929178
L	7585	250	*	*	*	*	*	64742	*
H	7585	250	96.8	+	0	0	250M	76334	64742
L	5341	250	*	*	*	*	*	199635	*
H	5341	250	99.2	+	0	0	250M	74685	199635
H	8953	250	96.4	+	0	0	250M	71703	709363
L	14527	250	*	*	*	*	*	4453611	*
H	14527	250	100.0	+	0	0	250M	71543	4453611
L	13289	250	*	*	*	*	*	4368159	*
H	13289	250	100.0	+	0	0	250M	70882	4368159
L	8669	250	*	*	*	*	*	1135992	*
H	8669	250	98.8	+	0	0	250M	70497	1135992
L	8376	250	*	*	*	*	*	4450	*
H	8376	250	98.8	+	0	0	250M	70289	4450
N	*	250	*	*	*	*	*	67615	*
L	9178	250	*	*	*	*	*	2046080	*
H	9178	250	100.0	+	0	0	250M	58491	2046080
L	6914	250	*	*	*	*	*	134259	*
H	6914	250	100.0	+	0	0	250M	52818	134259
L	9988	250	*	*	*	*	*	1126112	*
H	9988	250	100.0	+	0	0	250M	52561	1126112
L	7790	250	*	*	*	*	*	33768	*
H	7790	250	98.4	+	0	0	250M	51778	33768
L	13372	250	*	*	*	*	*	4372695	*
H	13372	250	92.0	+	0	0	164MD85MI	49604	4372695
L	5494	250	*	*	*	*	*	194616	*
H	5494	250	100.0	+	0	0	250M	49230	194616
L	6714	250	*	*	*	*	*	144720	*
H	6714	250	97.6	+	0	0	53MI42MI153M2D	41027	144720
L	7493	250	*	*	*	*	*	74465	*
H	7493	250	97.2	+	0	0	250M	40556	74465
H	13621	250	98.0	+	0	0	250M	40343	4389424
L	1244	250	*	*	*	*	*	644016	*
H	1244	250	98.0	+	0	0	10MD239MI	36120	644016
H	1149	250	100.0	+	0	0	250M	34014	701078
L	8017	250	*	*	*	*	*	13811	*
H	8017	250	96.0	+	0	0	250M	33404	13811
L	8108	250	*	*	*	*	*	12045	*
H	8108	250	97.2	+	0	0	33MD216MI	32859	12045
L	10462	250	*	*	*	*	*	1137331	*
H	10462	250	97.2	+	0	0	250M	32247	1137331
L	14997	250	*	*	*	*	*	4482362	*
H	14997	250	100.0	+	0	0	250M	30572	4482362
L	7062	250	*	*	*	*	*	110881	*
H	7062	250	94.4	+	0	0	250M	28247	110881
L	12651	250	*	*	*	*	*	4326492	*
H	12651	250	100.0	+	0	0	250M	27188	4326492
L	1370	250	*	*	*	*	*	589792	*
H	1370	250	98.8	+	0	0	250M	18681	589792
L	14419	250	*	*	*	*	*	4446133	*
H	14419	250	98.8	+	0	0	250M	16214	4446133
L	7768	250	*	*	*	*	*	37589	*
H	7768	250	97.2	+	0	0	250M	16144	37589
L	1625	250	*	*	*	*	*	570232	*
H	1625	250	98.0	+	0	0	250M	15851	570232
H	1625	250	99.6	+	0	0	250M	15850	570232
H	8953	250	97.6	+	0	0	250M	15785	709363
L	7928	250	*	*	*	*	*	15712	*
H	7928	250	98.4	+	0	0	250M	15711	15712
L	14011	250	*	*	*	*	*	4416988	*
H	14011	250	98.8	+	0	0	250M	15033	4416988
L	14966	250	*	*	*	*	*	4480656	*
H	14966	250	96.0	+	0	0	96MI153MD	14976	4480656
L	7954	250	*	*	*	*	*	14615	*
H	7954	250	98.8	+	0	0	250M	14616	14615
L	1480	250	*	*	*	*	*	582194	*
H	1480	250	100.0	+	0	0	250M	14614	582194
L	11619	250	*	*	*	*	*	3840972	*
H	11619	250	100.0	+	0	0	250M	14500	3840972
H	5205	250	99.6	+	0	0	250M	14345	217963
L	7982	250	*	*	*	*	*	14302	*
H	7982	250	96.4	+	0	0	250M	14304	14302
L	10718	250	*	*	*	*	*	1131768	*
H	10718	250	98.8	+	0	0	250M	13728	1131768
L	14278	250	*	*	*	*	*	4435984	*
H	14278	250	95.2	+	0	0	250M	13581	4435984
L	1727	250	*	*	*	*	*	563112	*
H	1727	250	96.0	+	0	0	250M	13103	563112
H	10435	250	99.6	+	0	0	250M	12859	1131781
L	8046	250	*	*	*	*	*	12850	*
H	8046	250	100.0	+	0	0	250M	12854	12850
L	4615	250	*	*	*	*	*	264822	*
H	4615	250	100.0	+	0	0	250M	12845	264822
H	3505	250	98.4	+	0	0	250M	12702	347584
H	1690	250	98.8	+	0	0	250M	12451	565712
L	8072	250	*	*	*	*	*	12333	*
H	8072	250	96.4	+	0	0	250M	12320	12333
L	13067	250	*	*	*	*	*	4354692	*
H	13067	250	98.8	+	0	0	250M	12290	4354692
L	10815	250	*	*	*	*	*	782413	*
H	10815	250	100.0	+	0	0	250M	12139	782413
L	4452	250	*	*	*	*	*	273630	*
H	4452	250	99.6	+	0	0	250M	11982	273630
H	2897	250	94.0	+	0	0	250M	11254	416537
H	8139	250	99.6	+	0	0	250M	11047	10945
L	8142	250	*	*	*	*	*	10865	*
H	8142	250	93.6	+	0	0	250M	10898	10865
L	8143	250	*	*	*	*	*	10849	*
H	8143	250	99.2	+	0	0	250M	10844	10849
L	8464	250	*	*	*	*	*	1137708	*
H	8464	250	99.6	+	0	0	250M	10695	1137708
L	7735	250	*	*	*	*	*	41059	*
H	7735	250	95.6	+	0	0	110MI10MD129M	10672	41059
L	8153	250	*	*	*	*	*	10632	*
H	8153	250	97.6	+	0	0	250M	10618	10632
L	1823	250	*	*	*	*	*	555870	*
H	1823	250	98.0	+	0	0	250M	10305	555870
L	6681	250	*	*	*	*	*	146743	*
H	6681	250	99.6	+	0	0	250M	10298	146743
L	8175	250	*	*	*	*	*	10180	*
H	8175	250	99.6	+	0	0	250M	9819	10180
H	7268	250	98.8	+	0	0	250M	9755	4364282
L	9632	250	*	*	*	*	*	1141665	*
H	9632	250	100.0	+	0	0	250M	9683	1141665
L	9431	250	*	*	*	*	*	1110864	*
H	9431	250	99.6	+	0	0	250M	9360	1110864
L	10583	250	*	*	*	*	*	3081780	*
H	10583	250	97.2	+	0	0	250M	9155	3081780
L	9860	250	*	*	*	*	*	646051	*
H	9860	250	100.0	+	0	0	250M	8136	646051
H	7107	250	97.6	+	0	0	250M	8127	108433
L	8260	250	*	*	*	*	*	8107	*
H	8260	250	96.0	+	0	0	234MI15MD	8106	8107
H	8260	250	96.8	+	0	0	250M	8105	8107
L	8261	250	*	*	*	*	*	8104	*
H	8261	250	96.8	+	0	0	250M	8091	8104
L	8265	250	*	*	*	*	*	8035	*
H	8265	250	96.0	+	0	0	250M	8036	8035
L	8270	250	*	*	*	*	*	7980	*
H	8270	250	91.6	+	0	0	137MD112MI	8014	7980
L	8274	250	*	*	*	*	*	7974	*
H	8274	250	95.2	+	0	0	250M	8012	7974
H	8274	250	96.4	+	0	0	250M	8006	7974
L	13842	250	*	*	*	*	*	4406524	*
H	13842	250	94.4	+	0	0	250M	8002	4406524
L	8267	250	*	*	*	*	*	7998	*
H	8267	250	94.8	+	0	0	250M	7994	7998
L	5057	250	*	*	*	*	*	236913	*
H	5057	250	98.4	+	0	0	250M	7972	236913
L	8287	250	*	*	*	*	*	7556	*
H	8287	250	98.4	+	0	0	250M	7572	7556
L	11213	250	*	*	*	*	*	1113833	*
H	11213	250	98.8	+	0	0	250M	7347	1113833
H	6559	250	99.6	+	0	0	250M	5704	154130
L	904	250	*	*	*	*	*	820871	*
H	904	250	97.2	+	0	0	250M	5620	820871
L	7082	250	*	*	*	*	*	109696	*
H	7082	250	100.0	+	0	0	250M	5583	109696
L	5529	250	*	*	*	*	*	193675	*
H	5529	250	100.0	+	0	0	250M	5217	193675
L	12583	250	*	*	*	*	*	4321652	*
H	12583	250	98.0	+	0	0	250M	5113	4321652
L	5123	250	*	*	*	*	*	228156	*
H	5123	250	98.8	+	0	0	250M	4663	228156
L	1846	250	*	*	*	*	*	554299	*
H	1846	250	91.6	+	0	0	25MI35MI188M2D	4581	554299
H	13242	250	99.2	+	0	0	250M	4423	4365922
L	9749	250	*	*	*	*	*	1143960	*
H	9749	250	99.6	+	0	0	250M	3807	1143960
L	6935	250	*	*	*	*	*	132219	*
H	6935	250	100.0	+	0	0	250M	2669	132219
L	4877	250	*	*	*	*	*	249532	*
H	4877	250	96.0	+	0	0	250M	2486	249532
N	*	250	*	*	*	*	*	1415	*
L	13000	250	*	*	*	*	*	4350610	*
H	13000	250	99.6	+	0	0	250M	1124399	4350610
L	6711	250	*	*	*	*	*	144933	*
H	6711	250	97.2	+	0	0	250M	1125402	144933
L	13919	250	*	*	*	*	*	4411366	*
H	13919	250	99.6	+	0	0	D249MI	1124707	4411366
L	14282	250	*	*	*	*	*	4436187	*
H	14282	250	98.4	+	0	0	250M	1531100	4436187
L	8500	250	*	*	*	*	*	1114941	*
H	8500	250	100.0	+	0	0	250M	1119481	1114941
L	9462	250	*	*	*	*	*	669859	*
H	9462	250	99.2	+	0	0	250M	1144293	669859
L	8315	250	*	*	*	*	*	7098	*
H	8315	250	98.4	+	0	0	250M	1551390	7098
L	10809	250	*	*	*	*	*	1139791	*
H	10809	250	96.8	+	0	0	250M	1128670	1139791
L	14163	250	*	*	*	*	*	4428440	*
H	14163	250	96.4	+	0	0	250M	728315	4428440
L	9258	250	*	*	*	*	*	1143596	*
H	9258	250	96.0	+	0	0	149MI100MD	623190	1143596
L	8664	250	*	*	*	*	*	1137409	*
H	8664	250	96.0	+	0	0	250M	1129305	1137409
N	*	250	*	*	*	*	*	1679577	*
L	8118	250	*	*	*	*	*	11828	*
H	8118	250	100.0	+	0	0	250M	744311	11828
H	8118	250	99.6	+	0	0	250M	790750	11828
L	8699	250	*	*	*	*	*	1115140	*
H	8699	250	96.8	+	0	0	250M	1119253	1115140
L	10098	250	*	*	*	*	*	1141541	*
H	10098	250	94.8	+	0	0	250M	1714121	1141541
L	8481	250	*	*	*	*	*	1521261	*
H	8481	250	97.2	+	0	0	250M	675188	1521261
L	14760	250	*	*	*	*	*	4468024	*
H	14760	250	98.4	+	0	0	250M	1138192	4468024
L	1724	250	*	*	*	*	*	563240	*
H	1724	250	95.6	+	0	0	250M	1125670	563240
L	9862	250	*	*	*	*	*	2511694	*
H	9862	250	94.0	+	0	0	89M2I22M2I135M4D	1742076	2511694
L	13353	250	*	*	*	*	*	4371951	*
H	13353	250	95.2	+	0	0	250M	1144264	4371951
L	8170	250	*	*	*	*	*	10309	*
H	8170	250	100.0	+	0	0	250M	837330	10309
L	13257	250	*	*	*	*	*	4366350	*
H	13257	250	92.4	+	0	0	250M	1123630	4366350
L	13468	250	*	*	*	*	*	4379731	*
H	13468	250	99.2	+	0	0	250M	1797336	4379731
H	9819	250	99.6	+	0	0	250M	811717	1144726
L	1166	250	*	*	*	*	*	694975	*
H	1166	250	99.2	+	0	0	250M	1809752	694975
L	871	250	*	*	*	*	*	827639	*
H	871	250	100.0	+	0	0	250M	1127696	827639
L	4508	250	*	*	*	*	*	270893	*
H	4508	250	99.6	+	0	0	250M	1129598	270893
L	232	250	*	*	*	*	*	1042986	*
H	232	250	96.0	+	0	0	17MI31MD12MD188MI	857794	1042986
L	6429	250	*	*	*	*	*	160310	*
H	6429	250	100.0	+	0	0	250M	1121823	160310
L	6604	250	*	*	*	*	*	151083	*
H	6604	250	100.0	+	0	0	250M	1124808	151083
L	8647	250	*	*	*	*	*	1144879	*
H	8647	250	100.0	+	0	0	250M	1136078	1144879
L	7267	250	*	*	*	*	*	101788	*
H	7267	250	98.0	+	0	0	250M	1835919	101788
L	2913	250	*	*	*	*	*	410549	*
H	2913	250	100.0	+	0	0	250M	1138883	410549
H	9870	250	99.6	+	0	0	250M	1914346	799124
L	8633	250	*	*	*	*	*	1649618	*
H	8633	250	98.8	+	0	0	250M	1916598	1649618
L	1446	250	*	*	*	*	*	584386	*
H	1446	250	99.6	+	0	0	250M	1925088	584386
H	10462	250	98.8	+	0	0	250M	1142974	1137331
L	7797	250	*	*	*	*	*	30485	*
H	7797	250	97.6	+	0	0	62MI6MI43MD26MI9MI100M3D	668919	30485
L	9600	250	*	*	*	*	*	1119485	*
H	9600	250	99.2	+	0	0	250M	717005	1119485
H	6681	250	99.6	+	0	0	250M	1127372	146743
L	5514	250	*	*	*	*	*	193970	*
H	5514	250	98.8	+	0	0	250M	1122887	193970
H	11619	250	94.8	+	0	0	250M	1141139	3840972
H	10669	250	100.0	+	0	0	250M	1966269	3146428
L	10947	250	*	*	*	*	*	758642	*
H	10947	250	98.4	+	0	0	250M	1132565	758642
L	14152	250	*	*	*	*	*	4427644	*
H	14152	250	99.6	+	0	0	250M	772508	4427644
L	14846	250	*	*	*	*	*	4473274	*
H	14846	250	99.6	+	0	0	250M	1119783	4473274
L	7246	250	*	*	*	*	*	102591	*
H	7246	250	100.0	+	0	0	250M	838434	102591
L	9002	250	*	*	*	*	*	1134454	*
H	9002	250	100.0	+	0	0	250M	1143228	1134454
L	9884	250	*	*	*	*	*	2529283	*
H	9884	250	99.2	+	0	0	100MD23MD125M2I	2111577	2529283
L	1247	250	*	*	*	*	*	642800	*
H	1247	250	100.0	+	0	0	250M	1135552	642800
H	14851	250	94.4	+	0	0	250M	2118963	4473481
L	1723	250	*	*	*	*	*	563293	*
H	1723	250	96.4	+	0	0	250M	1135553	563293
L	4985	250	*	*	*	*	*	240979	*
H	4985	250	98.8	+	0	0	250M	1134510	240979
L	13268	250	*	*	*	*	*	4367385	*
H	13268	250	99.6	+	0	0	250M	1138403	4367385
L	11814	250	*	*	*	*	*	3998377	*
H	11814	250	99.2	+	0	0	250M	2169466	3998377
L	9372	250	*	*	*	*	*	1124221	*
H	9372	250	100.0	+	0	0	250M	1141123	1124221
L	9065	250	*	*	*	*	*	1139061	*
H	9065	250	99.6	+	0	0	250M	1139502	1139061
L	10309	250	*	*	*	*	*	1123864	*
H	10309	250	99.6	+	0	0	250M	1121406	1123864
H	4820	250	99.2	+	0	0	250M	1130986	254222
L	4992	250	*	*	*	*	*	240738	*
H	4992	250	94.8	+	0	0	250M	1146274	240738
L	6725	250	*	*	*	*	*	144246	*
H	6725	250	95.2	+	0	0	250M	1124095	144246
L	8622	250	*	*	*	*	*	1120871	*
H	8622	250	100.0	+	0	0	250M	2228265	1120871
L	10367	250	*	*	*	*	*	1129174	*
H	10367	250	98.0	+	0	0	250M	1124905	1129174
H	14527	250	100.0	+	0	0	250M	1138108	4453611
H	14419	250	98.0	+	0	0	250M	1124883	4446133
L	10938	250	*	*	*	*	*	3338135	*
H	10938	250	100.0	+	0	0	250M	1126669	3338135
L	1535	250	*	*	*	*	*	578145	*
H	1535	250	100.0	+	0	0	250M	1141940	578145
L	8579	250	*	*	*	*	*	812541	*
H	8579	250	99.6	+	0	0	230MI19MD	1118051	812541
L	13158	250	*	*	*	*	*	4360483	*
H	13158	250	99.2	+	0	0	250M	2372909	4360483
L	13282	250	*	*	*	*	*	4367987	*
H	13282	250	100.0	+	0	0	250M	1143023	4367987
H	12613	250	100.0	+	0	0	250M	2415182	4323940
L	14900	250	*	*	*	*	*	4476600	*
H	14900	250	100.0	+	0	0	250M	1134555	4476600
N	*	250	*	*	*	*	*	821395	*
L	8220	250	*	*	*	*	*	9252	*
H	8220	250	98.4	+	0	0	250M	2472370	9252
L	13983	250	*	*	*	*	*	4415058	*
H	13983	250	98.4	+	0	0	250M	2472702	4415058
L	14019	250	*	*	*	*	*	4417604	*
H	14019	250	98.0	+	0	0	250M	2476146	4417604
L	9722	250	*	*	*	*	*	2421587	*
H	9722	250	94.4	+	0	0	108MI141MD	1125936	2421587
L	10354	250	*	*	*	*	*	2903258	*
H	10354	250	99.6	+	0	0	250M	2493663	2903258
L	13256	250	*	*	*	*	*	4366349	*
H	13256	250	98.4	+	0	0	250M	2503593	4366349
L	6627	250	*	*	*	*	*	149895	*
H	6627	250	98.4	+	0	0	112MD137MI	2525775	149895
L	9808	250	*	*	*	*	*	1127237	*
H	9808	250	100.0	+	0	0	250M	637253	1127237
N	*	250	*	*	*	*	*	1078830	*
L	12947	250	*	*	*	*	*	4347524	*
H	12947	250	99.6	+	0	0	250M	2551318	4347524
L	11767	250	*	*	*	*	*	711556	*
H	11767	250	100.0	+	0	0	250M	1130706	711556
L	9946	250	*	*	*	*	*	1125202	*
H	9946	250	100.0	+	0	0	250M	1137214	1125202
L	14958	250	*	*	*	*	*	4480210	*
H	14958	250	99.6	+	0	0	74MI175MD	810000	4480210
L	3676	250	*	*	*	*	*	335039	*
H	3676	250	98.0	+	0	0	133MD116MI	1133401	335039
L	4568	250	*	*	*	*	*	267948	*
H	4568	250	100.0	+	0	0	250M	1131423	267948
L	6688	250	*	*	*	*	*	146193	*
H	6688	250	94.4	+	0	0	250M	1125725	146193
H	2091	250	100.0	+	0	0	250M	735510	532635
L	8024	250	*	*	*	*	*	13469	*
H	8024	250	98.0	+	0	0	250M	650615	13469
L	11151	250	*	*	*	*	*	1137866	*
H	11151	250	98.0	+	0	0	250M	1142756	1137866
L	3667	250	*	*	*	*	*	336431	*
H	3667	250	93.2	+	0	0	250M	741098	336431
H	7968	250	98.4	+	0	0	250M	1130616	14503
L	7402	250	*	*	*	*	*	87839	*
H	7402	250	98.8	+	0	0	250M	717218	87839
L	11112	250	*	*	*	*	*	685571	*
H	11112	250	100.0	+	0	0	250M	1137560	685571
L	7738	250	*	*	*	*	*	40820	*
H	7738	250	99.6	+	0	0	250M	1134429	40820
L	10061	250	*	*	*	*	*	1115889	*
H	10061	250	99.2	+	0	0	250M	1114321	1115889
H	5057	250	97.6	+	0	0	250M	7971	236913
L	1608	250	*	*	*	*	*	571645	*
H	1608	250	97.2	+	0	0	250M	1126066	571645
L	2751	250	*	*	*	*	*	470505	*
H	2751	250	99.2	+	0	0	250M	1133229	470505
L	479	250	*	*	*	*	*	961922	*
H	479	250	95.6	+	0	0	250M	1122081	961922
L	11452	250	*	*	*	*	*	1138138	*
H	11452	250	96.0	+	0	0	36MI127MI85M2D	1136766	1138138
L	10310	250	*	*	*	*	*	1136256	*
H	10310	250	99.2	+	0	0	250M	1128017	1136256
L	6860	250	*	*	*	*	*	138132	*
H	6860	250	100.0	+	0	0	250M	326714	138132
L	7430	250	*	*	*	*	*	83013	*
H	7430	250	98.8	+	0	0	223MD26MI	1137273	83013
L	13155	250	*	*	*	*	*	4360273	*
H	13155	250	99.6	+	0	0	250M	1140240	4360273
L	11049	250	*	*	*	*	*	1129594	*
H	11049	250	99.2	+	0	0	250M	2932341	1129594
L	14130	250	*	*	*	*	*	4426296	*
H	14130	250	98.8	+	0	0	96MI153MD	1084983	4426296
L	12044	250	*	*	*	*	*	1137671	*
H	12044	250	95.2	+	0	0	250M	1128226	1137671
H	8046	250	100.0	+	0	0	250M	2969241	12850
L	9951	250	*	*	*	*	*	814799	*
H	9951	250	98.8	+	0	0	250M	1139660	814799
L	10463	250	*	*	*	*	*	1123876	*
H	10463	250	97.2	+	0	0	250M	1126182	1123876
L	11549	250	*	*	*	*	*	3774984	*
H	11549	250	92.4	+	0	0	250M	1105864	3774984
L	8077	250	*	*	*	*	*	12269	*
H	8077	250	100.0	+	0	0	250M	1072784	12269
L	7893	250	*	*	*	*	*	16711	*
H	7893	250	94.8	+	0	0	250M	3020841	16711
L	9818	250	*	*	*	*	*	757213	*
H	9818	250	99.6	+	0	0	250M	1132232	757213
L	5060	250	*	*	*	*	*	236520	*
H	5060	250	100.0	+	0	0	250M	1122821	236520
H	13300	250	100.0	+	0	0	250M	3049001	4368904
H	8118	250	99.6	+	0	0	250M	1140892	11828
L	5304	250	*	*	*	*	*	204226	*
H	5304	250	90.0	+	0	0	250M	1125946	204226
L	9274	250	*	*	*	*	*	200836	*
H	9274	250	98.0	+	0	0	250M	1134316	200836
L	11407	250	*	*	*	*	*	3682321	*
H	11407	250	97.6	+	0	0	250M	836932	3682321
L	13490	250	*	*	*	*	*	4381303	*
H	13490	250	95.2	+	0	0	250M	851946	4381303
L	9668	250	*	*	*	*	*	1124170	*
H	9668	250	96.0	+	0	0	250M	3142482	1124170
L	2932	250	*	*	*	*	*	404948	*
H	2932	250	98.4	+	0	0	202MD47MI	722963	404948
N	*	250	*	*	*	*	*	1127353	*
L	10070	250	*	*	*	*	*	2674082	*
H	10070	250	99.6	+	0	0	250M	1142209	2674082
H	10367	250	100.0	+	0	0	250M	739167	1129174
L	8826	250	*	*	*	*	*	1134626	*
H	8826	250	97.6	+	0	0	250M	1139148	1134626
H	14900	250	100.0	+	0	0	250M	841400	4476600
L	13184	250	*	*	*	*	*	4361601	*
H	13184	250	98.8	+	0	0	250M	837656	4361601
L	8811	250	*	*	*	*	*	1145008	*
H	8811	250	99.6	+	0	0	250M	826042	1145008
L	6438	250	*	*	*	*	*	159839	*
H	6438	250	96.8	+	0	0	250M	1143908	159839
L	6411	250	*	*	*	*	*	161409	*
H	6411	250	96.4	+	0	0	250M	846667	161409
L	6539	250	*	*	*	*	*	155197	*
H	6539	250	99.6	+	0	0	250M	3272947	155197
L	4546	250	*	*	*	*	*	268667	*
H	4546	250	98.8	+	0	0	250M	1129828	268667
L	14864	250	*	*	*	*	*	4474512	*
H	14864	250	100.0	+	0	0	250M	1130680	4474512
L	7967	250	*	*	*	*	*	14508	*
H	7967	250	96.0	+	0	0	250M	1131131	14508
L	2013	250	*	*	*	*	*	540423	*
H	2013	250	98.0	+	0	0	250M	1127641	540423
L	10523	250	*	*	*	*	*	1141725	*
H	10523	250	97.2	+	0	0	250M	1141031	1141725
H	1723	250	96.4	+	0	0	250M	3333620	563293
L	7854	250	*	*	*	*	*	23551	*
H	7854	250	99.6	+	0	0	250M	1131683	23551
L	1047	250	*	*	*	*	*	768898	*
H	1047	250	100.0	+	0	0	250M	761592	768898
L	3088	250	*	*	*	*	*	368056	*
H	3088	250	99.6	+	0	0	250M	790610	368056
L	10982	250	*	*	*	*	*	3363021	*
H	10982	250	100.0	+	0	0	250M	1113317	3363021
L	13402	250	*	*	*	*	*	4375314	*
H	13402	250	96.8	+	0	0	250M	3424623	4375314
L	14904	250	*	*	*	*	*	4476709	*
H	14904	250	98.8	+	0	0	250M	1127746	4476709
H	5057	250	97.6	+	0	0	250M	818834	236913
L	9702	250	*	*	*	*	*	1130871	*
H	9702	250	96.8	+	0	0	250M	1122543	1130871
L	3670	250	*	*	*	*	*	336110	*
H	3670	250	95.2	+	0	0	250M	1146228	336110
H	14019	250	93.2	+	0	0	250M	3485581	4417604
L	819	250	*	*	*	*	*	845765	*
H	819	250	97.2	+	0	0	250M	1137029	845765
L	12251	250	*	*	*	*	*	4297918	*
H	12251	250	100.0	+	0	0	250M	834086	4297918
L	9069	250	*	*	*	*	*	1125228	*
H	9069	250	96.4	+	0	0	250M	3509164	1125228
L	922	250	*	*	*	*	*	818045	*
H	922	250	97.2	+	0	0	D24MD18MD23MD181M4I	3521424	818045
L	8292	250	*	*	*	*	*	7519	*
H	8292	250	97.2	+	0	0	250M	644275	7519
H	1149	250	100.0	+	0	0	250M	1140607	701078
L	1934	250	*	*	*	*	*	548516	*
H	1934	250	100.0	+	0	0	250M	726307	548516
L	14608	250	*	*	*	*	*	4458676	*
H	14608	250	99.2	+	0	0	250M	1130297	4458676
H	2751	250	98.4	+	0	0	250M	1145151	470505
L	14953	250	*	*	*	*	*	4480060	*
H	14953	250	98.8	+	0	0	250M	1129599	4480060
L	12386	250	*	*	*	*	*	4307262	*
H	12386	250	98.4	+	0	0	250M	1145874	4307262
L	7783	250	*	*	*	*	*	34507	*
H	7783	250	93.2	+	0	0	250M	3617607	34507
L	13834	250	*	*	*	*	*	4406382	*
H	13834	250	98.8	+	0	0	2I36MD46MD22MD143MI	1124064	4406382
L	7282	250	*	*	*	*	*	101068	*
H	7282	250	97.6	+	0	0	250M	3652470	101068
L	11712	250	*	*	*	*	*	3925409	*
H	11712	250	93.2	+	0	0	31MD38M2D6MD21M2D148M6I	792218	3925409
L	6310	250	*	*	*	*	*	167131	*
H	6310	250	100.0	+	0	0	250M	1148060	167131
L	11600	250	*	*	*	*	*	1144051	*
H	11600	250	99.6	+	0	0	250M	1137684	1144051
H	11151	250	95.6	+	0	0	250M	1105450	1137866
L	1900	250	*	*	*	*	*	550712	*
H	1900	250	98.4	+	0	0	250M	1123953	550712
H	13617	250	99.6	+	0	0	250M	1125006	4389146
L	12666	250	*	*	*	*	*	4327593	*
H	12666	250	98.8	+	0	0	250M	559436	4327593
L	7715	250	*	*	*	*	*	44864	*
H	7715	250	99.2	+	0	0	250M	672120	44864
L	11543	250	*	*	*	*	*	3772088	*
H	11543	250	100.0	+	0	0	250M	3772085	3772088
L	5166	250	*	*	*	*	*	222253	*
H	5166	250	90.0	+	0	0	250M	1118267	222253
H	8017	250	96.4	+	0	0	250M	1143338	13811
L	14226	250	*	*	*	*	*	4433321	*
H	14226	250	95.6	+	0	0	250M	1136696	4433321
L	11421	250	*	*	*	*	*	1126217	*
H	11421	250	98.0	+	0	0	250M	1133367	1126217
L	1009	250	*	*	*	*	*	787697	*
H	1009	250	96.4	+	0	0	250M	3835597	787697
L	12937	250	*	*	*	*	*	4346588	*
H	12937	250	99.2	+	0	0	250M	1137224	4346588
L	6537	250	*	*	*	*	*	155255	*
H	6537	250	98.8	+	0	0	250M	3924583	155255
H	1908	250	97.6	+	0	0	250M	1117631	550415
H	10669	250	98.0	+	0	0	250M	1126009	3146428
H	1149	250	100.0	+	0	0	250M	1139580	701078
H	13872	250	99.6	+	0	0	250M	1125587	4407978
H	855	250	99.2	+	0	0	250M	856414	833731
N	*	250	*	*	*	*	*	3953781	*
L	11422	250	*	*	*	*	*	1128237	*
H	11422	250	99.2	+	0	0	250M	756332	1128237
L	13470	250	*	*	*	*	*	4379927	*
H	13470	250	99.2	+	0	0	250M	3960304	4379927
L	9310	250	*	*	*	*	*	1129978	*
H	9310	250	99.6	+	0	0	250M	3988508	1129978
H	4568	250	95.6	+	0	0	250M	732545	267948
L	12726	250	*	*	*	*	*	4331251	*
H	12726	250	98.0	+	0	0	250M	4030834	4331251
L	7818	250	*	*	*	*	*	28572	*
H	7818	250	96.8	+	0	0	250M	4031104	28572
L	10800	250	*	*	*	*	*	3225199	*
H	10800	250	93.6	+	0	0	80M9D161M9I	4033821	3225199
L	13382	250	*	*	*	*	*	4373910	*
H	13382	250	98.0	+	0	0	250M	1106060	4373910
L	14370	250	*	*	*	*	*	4442798	*
H	14370	250	99.2	+	0	0	69MD180MI	1141922	4442798
H	12640	250	100.0	+	0	0	250M	723538	4325466
L	14376	250	*	*	*	*	*	4443004	*
H	14376	250	96.8	+	0	0	250M	1139732	4443004
L	9689	250	*	*	*	*	*	940401	*
H	9689	250	92.4	+	0	0	250M	836917	940401
L	13940	250	*	*	*	*	*	4413085	*
H	13940	250	90.0	+	0	0	108MI141MD	4100336	4413085
H	1149	250	99.6	+	0	0	250M	4111377	701078
L	2031	250	*	*	*	*	*	538986	*
H	2031	250	96.8	+	0	0	250M	719098	538986
H	10917	250	100.0	+	0	0	250M	1134528	1126922
L	11002	250	*	*	*	*	*	1128861	*
H	11002	250	98.8	+	0	0	243MD6MI	4153526	1128861
L	7336	250	*	*	*	*	*	95512	*
H	7336	250	100.0	+	0	0	250M	4154525	95512
H	10982	250	94.8	+	0	0	250M	4165505	3363021
L	7355	250	*	*	*	*	*	92479	*
H	7355	250	96.8	+	0	0	250M	1123346	92479
H	12038	250	99.2	+	0	0	250M	1134116	1127245
L	1513	250	*	*	*	*	*	579457	*
H	1513	250	97.6	+	0	0	250M	1142524	579457
H	35	250	100.0	+	0	0	250M	833703	1104539
L	1243	250	*	*	*	*	*	644232	*
H	1243	250	92.0	+	0	0	250M	616188	644232
H	1149	250	98.0	+	0	0	17MD23MD59M2D9MD137M5I	648781	701078
L	6964	250	*	*	*	*	*	129026	*
H	6964	250	100.0	+	0	0	250M	1141542	129026
L	9807	250	*	*	*	*	*	851932	*
H	9807	250	98.0	+	0	0	250M	4233669	851932
L	11172	250	*	*	*	*	*	3509162	*
H	11172	250	95.6	+	0	0	250M	1144004	3509162
L	12522	250	*	*	*	*	*	4317520	*
H	12522	250	96.0	+	0	0	250M	4256926	4317520
L	10238	250	*	*	*	*	*	1127229	*
H	10238	250	99.6	+	0	0	250M	1145893	1127229
H	8481	250	99.2	+	0	0	250M	818516	1521261
L	9123	250	*	*	*	*	*	1137294	*
H	9123	250	99.2	+	0	0	250M	1136373	1137294
L	1341	250	*	*	*	*	*	592452	*
H	1341	250	99.6	+	0	0	250M	4286128	592452
L	9130	250	*	*	*	*	*	978149	*
H	9130	250	94.0	+	0	0	250M	4295165	978149
L	6764	250	*	*	*	*	*	142996	*
H	6764	250	90.8	+	0	0	250M	4295249	142996
H	9258	250	94.4	+	0	0	149MI100MD	4295372	1143596
L	2884	250	*	*	*	*	*	422136	*
H	2884	250	97.2	+	0	0	250M	4297407	422136
L	10348	250	*	*	*	*	*	2894263	*
H	10348	250	98.8	+	0	0	250M	4298637	2894263
H	12613	250	100.0	+	0	0	250M	4301769	4323940
H	35	250	100.0	+	0	0	250M	4301996	1104539
H	9808	250	100.0	+	0	0	250M	4302911	1127237
L	1076	250	*	*	*	*	*	746730	*
H	1076	250	100.0	+	0	0	250M	4305211	746730
L	13690	250	*	*	*	*	*	4394897	*
H	13690	250	97.2	+	0	0	250M	4305580	4394897
L	12914	250	*	*	*	*	*	4344419	*
H	12914	250	95.6	+	0	0	25M3I11MI41M3I166M7D	4305699	4344419
L	12503	250	*	*	*	*	*	4316029	*
H	12503	250	100.0	+	0	0	250M	4306438	4316029
H	9258	250	95.6	+	0	0	149MI100MD	4307258	1143596
L	7007	250	*	*	*	*	*	116244	*
H	7007	250	98.8	+	0	0	250M	4310692	116244
L	9268	250	*	*	*	*	*	2105739	*
H	9268	250	97.2	+	0	0	149MD8MD43MD47M3I	4312468	2105739
L	12951	250	*	*	*	*	*	4347829	*
H	12951	250	95.2	+	0	0	130MD119MI	4313041	4347829
L	9832	250	*	*	*	*	*	623798	*
H	9832	250	90.8	+	0	0	250M	4314049	623798
H	8203	250	99.6	+	0	0	250M	4314052	9514
H	1625	250	95.2	+	0	0	250M	4321289	570232
L	298	250	*	*	*	*	*	1019894	*
H	298	250	93.6	+	0	0	I249MD	4321924	1019894
L	688	250	*	*	*	*	*	890962	*
H	688	250	99.2	+	0	0	250M	4322574	890962
L	11618	250	*	*	*	*	*	3838844	*
H	11618	250	98.8	+	0	0	250M	4323428	3838844
L	7444	250	*	*	*	*	*	82008	*
H	7444	250	94.4	+	0	0	250M	4325515	82008
L	1857	250	*	*	*	*	*	553455	*
H	1857	250	100.0	+	0	0	250M	4327050	553455
L	12678	250	*	*	*	*	*	4328166	*
H	12678	250	99.6	+	0	0	250M	4327415	4328166
H	11323	250	94.0	+	0	0	250M	4328298	654665
L	8177	250	*	*	*	*	*	10042	*
H	8177	250	92.8	+	0	0	209MD24M3I14M2D	4330018	10042
L	7564	250	*	*	*	*	*	69970	*
H	7564	250	96.8	+	0	0	250M	4330518	69970
H	1625	250	98.0	+	0	0	124MD125MI	4331684	570232
L	10175	250	*	*	*	*	*	930730	*
H	10175	250	98.4	+	0	0	45M2I10MI192M3D	4331977	930730
H	7343	250	98.8	+	0	0	161M2I87M2D	4332730	93822
H	3691	250	100.0	+	0	0	250M	4334116	333517
L	9208	250	*	*	*	*	*	834006	*
H	9208	250	99.6	+	0	0	250M	4335683	834006
L	14556	250	*	*	*	*	*	4455298	*
H	14556	250	95.6	+	0	0	250M	4337248	4455298
L	13114	250	*	*	*	*	*	4358054	*
H	13114	250	98.4	+	0	0	250M	4339173	4358054
L	1828	250	*	*	*	*	*	555568	*
H	1828	250	97.6	+	0	0	250M	4339353	555568
L	2916	250	*	*	*	*	*	409932	*
H	2916	250	100.0	+	0	0	250M	4341984	409932
L	1951	250	*	*	*	*	*	546984	*
H	1951	250	99.6	+	0	0	250M	4342529	546984
L	1412	250	*	*	*	*	*	586832	*
H	1412	250	98.4	+	0	0	250M	4344401	586832
L	5231	250	*	*	*	*	*	214423	*
H	5231	250	100.0	+	0	0	250M	4347534	214423
H	819	250	98.4	+	0	0	250M	4347830	845765
L	11540	250	*	*	*	*	*	3772084	*
H	11540	250	99.6	+	0	0	250M	4349614	3772084
H	14527	250	100.0	+	0	0	250M	4352015	4453611
L	9709	250	*	*	*	*	*	628125	*
H	9709	250	92.8	+	0	0	133MI116MD	4355718	628125
L	14368	250	*	*	*	*	*	4442440	*
H	14368	250	98.0	+	0	0	250M	4356822	4442440
L	4941	250	*	*	*	*	*	244736	*
H	4941	250	97.6	+	0	0	250M	4356823	244736
L	7445	250	*	*	*	*	*	81949	*
H	7445	250	98.4	+	0	0	250M	4356825	81949
L	10670	250	*	*	*	*	*	749036	*
H	10670	250	96.8	+	0	0	74MI175MD	4358096	749036
L	2067	250	*	*	*	*	*	535678	*
H	2067	250	98.4	+	0	0	250M	4359571	535678
L	10877	250	*	*	*	*	*	3286983	*
H	10877	250	99.6	+	0	0	250M	4359604	3286983
H	12813	250	96.8	+	0	0	250M	4360442	4337487
L	6771	250	*	*	*	*	*	142624	*
H	6771	250	95.2	+	0	0	250M	4361423	142624
L	6719	250	*	*	*	*	*	144473	*
H	6719	250	98.0	+	0	0	250M	4363413	144473
H	14527	250	100.0	+	0	0	250M	4365042	4453611
L	13750	250	*	*	*	*	*	4399637	*
H	13750	250	94.0	+	0	0	D50MD134MD63M3I	4367474	4399637
L	7812	250	*	*	*	*	*	29133	*
H	7812	250	99.2	+	0	0	11MD156M2I81MD	4369464	29133
H	11004	250	98.0	+	0	0	250M	4371785	607515
L	13349	250	*	*	*	*	*	4371943	*
H	13349	250	98.0	+	0	0	171MI78MD	4371944	4371943
L	8790	250	*	*	*	*	*	1759391	*
H	8790	250	99.6	+	0	0	250M	4372223	1759391
L	1327	250	*	*	*	*	*	593155	*
H	1327	250	99.2	+	0	0	228MI21MD	4377922	593155
L	8569	250	*	*	*	*	*	1127851	*
H	8569	250	97.2	+	0	0	250M	4378213	1127851
L	3689	250	*	*	*	*	*	333629	*
H	3689	250	100.0	+	0	0	250M	4378327	333629
H	9808	250	100.0	+	0	0	250M	4379447	1127237
H	7928	250	98.8	+	0	0	250M	4379449	15712
H	9819	250	98.8	+	0	0	250M	4382998	1144726
H	10435	250	99.6	+	0	0	250M	4383129	1131781
L	14150	250	*	*	*	*	*	4427543	*
H	14150	250	98.8	+	0	0	250M	4383165	4427543
L	12397	250	*	*	*	*	*	4307897	*
H	12397	250	96.4	+	0	0	250M	4383407	4307897
L	14721	250	*	*	*	*	*	4465536	*
H	14721	250	99.2	+	0	0	250M	4384261	4465536
H	1699	250	98.4	+	0	0	250M	4385827	564904
L	13227	250	*	*	*	*	*	4365006	*
H	13227	250	99.2	+	0	0	250M	4386127	4365006
L	8908	250	*	*	*	*	*	1828445	*
H	8908	250	99.6	+	0	0	250M	4386156	1828445
L	13005	250	*	*	*	*	*	4350881	*
H	13005	250	100.0	+	0	0	250M	4388300	4350881
H	10435	250	99.6	+	0	0	250M	4388302	1131781
L	11856	250	*	*	*	*	*	4028751	*
H	11856	250	94.8	+	0	0	250M	4388908	4028751
L	12965	250	*	*	*	*	*	4348634	*
H	12965	250	97.6	+	0	0	250M	4389144	4348634
H	14130	250	97.6	+	0	0	96MI153MD	4389428	4426296
L	7725	250	*	*	*	*	*	43030	*
H	7725	250	96.8	+	0	0	250M	4393370	43030
L	10028	250	*	*	*	*	*	1115614	*
H	10028	250	99.6	+	0	0	250M	4394901	1115614
L	6876	250	*	*	*	*	*	136963	*
H	6876	250	98.8	+	0	0	228MI21MD	4395318	136963
L	10302	250	*	*	*	*	*	826144	*
H	10302	250	98.0	+	0	0	250M	4397084	826144
L	12807	250	*	*	*	*	*	4337151	*
H	12807	250	99.2	+	0	0	250M	4399485	4337151
H	13427	250	100.0	+	0	0	250M	4399636	4377254
L	9168	250	*	*	*	*	*	2041719	*
H	9168	250	92.0	+	0	0	233MI16MD	4402797	2041719
L	10652	250	*	*	*	*	*	3129281	*
H	10652	250	97.6	+	0	0	250M	4406734	3129281
L	6895	250	*	*	*	*	*	136145	*
H	6895	250	96.8	+	0	0	250M	4408030	136145
L	8124	250	*	*	*	*	*	11439	*
H	8124	250	92.4	+	0	0	2I135MI35MI14MI23MI30MI6M7D	4410155	11439
L	13787	250	*	*	*	*	*	4401868	*
H	13787	250	96.4	+	0	0	113M2I31MD104MD	4410244	4401868
L	10535	250	*	*	*	*	*	1138034	*
H	10535	250	98.8	+	0	0	250M	4410798	1138034
H	6936	250	99.6	+	0	0	250M	4413656	132022
L	8521	250	*	*	*	*	*	660959	*
H	8521	250	97.6	+	0	0	250M	4413957	660959
L	13894	250	*	*	*	*	*	4409881	*
H	13894	250	97.6	+	0	0	250M	4414207	4409881
H	14011	250	99.2	+	0	0	250M	4416186	4416988
L	11127	250	*	*	*	*	*	1127789	*
H	11127	250	97.6	+	0	0	250M	4416658	1127789
L	5002	250	*	*	*	*	*	240253	*
H	5002	250	96.0	+	0	0	250M	4418393	240253
L	14734	250	*	*	*	*	*	4466720	*
H	14734	250	94.4	+	0	0	222MI27MD	4423885	4466720
H	2068	250	100.0	+	0	0	250M	4426107	535332
L	13461	250	*	*	*	*	*	4379448	*
H	13461	250	98.0	+	0	0	250M	4426338	4379448
L	14148	250	*	*	*	*	*	4427435	*
H	14148	250	99.6	+	0	0	250M	4427432	4427435
H	14148	250	99.6	+	0	0	250M	4427433	4427435
H	4877	250	94.0	+	0	0	250M	4427760	249532
H	9638	250	99.6	+	0	0	250M	4430475	1108701
H	10238	250	96.4	+	0	0	250M	4431464	1127229
L	12856	250	*	*	*	*	*	4340465	*
H	12856	250	100.0	+	0	0	250M	4432439	4340465
H	13300	250	99.6	+	0	0	250M	4433053	4368904
L	14263	250	*	*	*	*	*	4435423	*
H	14263	250	94.4	+	0	0	250M	4435420	4435423
H	14263	250	93.6	+	0	0	250M	4435424	4435423
L	14262	250	*	*	*	*	*	4435422	*
H	14262	250	98.0	+	0	0	250M	4435425	4435422
L	15033	250	*	*	*	*	*	4484368	*
H	15033	250	90.8	+	0	0	250M	4438844	4484368
L	4611	250	*	*	*	*	*	265137	*
H	4611	250	98.0	+	0	0	250M	4439243	265137
L	11526	250	*	*	*	*	*	3764940	*
H	11526	250	99.2	+	0	0	250M	4440894	3764940
H	8953	250	96.8	+	0	0	250M	4442938	709363
L	12579	250	*	*	*	*	*	4321459	*
H	12579	250	100.0	+	0	0	250M	4446131	4321459
N	*	250	*	*	*	*	*	4447514	*
H	11049	250	92.4	+	0	0	250M	4449321	1129594
L	14514	250	*	*	*	*	*	4452719	*
H	14514	250	100.0	+	0	0	250M	4452718	4452719
L	12749	250	*	*	*	*	*	4332796	*
H	12749	250	100.0	+	0	0	250M	4452943	4332796
L	14883	250	*	*	*	*	*	4475461	*
H	14883	250	94.4	+	0	0	113MI136MD	4454083	4475461
L	10425	250	*	*	*	*	*	2956782	*
H	10425	250	100.0	+	0	0	250M	4456186	2956782
L	907	250	*	*	*	*	*	820546	*
H	907	250	96.0	+	0	0	231MI18MD	4456787	820546
L	7646	250	*	*	*	*	*	55486	*
H	7646	250	100.0	+	0	0	250M	4458033	55486
L	9980	250	*	*	*	*	*	824506	*
H	9980	250	98.0	+	0	0	250M	4458861	824506
H	855	250	99.2	+	0	0	250M	4462906	833731
L	8748	250	*	*	*	*	*	1143460	*
H	8748	250	96.4	+	0	0	250M	4465093	1143460
L	10112	250	*	*	*	*	*	1117218	*
H	10112	250	98.0	+	0	0	209MD40MI	4467747	1117218
L	8931	250	*	*	*	*	*	1842075	*
H	8931	250	95.6	+	0	0	250M	4467983	1842075
L	1622	250	*	*	*	*	*	570390	*
H	1622	250	95.6	+	0	0	250M	4469387	570390
H	10425	250	100.0	+	0	0	250M	4470015	2956782
L	5649	250	*	*	*	*	*	190032	*
H	5649	250	94.4	+	0	0	250M	4471401	190032
L	12206	250	*	*	*	*	*	4294859	*
H	12206	250	96.4	+	0	0	250M	4473994	4294859
L	7112	250	*	*	*	*	*	108278	*
H	7112	250	100.0	+	0	0	250M	4476047	108278
H	13382	250	97.6	+	0	0	250M	4476050	4373910
L	7577	250	*	*	*	*	*	66243	*
H	7577	250	98.0	+	0	0	250M	4477624	66243
L	10395	250	*	*	*	*	*	2938850	*
H	10395	250	94.0	+	0	0	250M	4477989	2938850
L	11883	250	*	*	*	*	*	4042859	*
H	11883	250	93.2	+	0	0	123MI126MD	4478591	4042859
L	9167	250	*	*	*	*	*	2041715	*
H	9167	250	90.4	+	0	0	250M	4479774	2041715
L	9289	250	*	*	*	*	*	2116286	*
H	9289	250	99.2	+	0	0	250M	4481550	2116286
L	14077	250	*	*	*	*	*	4422456	*
H	14077	250	96.0	+	0	0	D104MD144M2I	4482078	4422456
L	7381	250	*	*	*	*	*	89985	*
H	7381	250	99.2	+	0	0	166MD60MD22M2I	4482992	89985
L	15319	250	*	*	*	*	*	4463497	*
H	15319	250	91.2	+	0	0	250M	1107197	4463497
L	15304	250	*	*	*	*	*	4404369	*
H	15304	250	96.8	+	0	0	250M	805106	4404369
L	15254	250	*	*	*	*	*	815453	*
H	15254	250	99.6	+	0	0	250M	773133	815453
L	15076	250	*	*	*	*	*	551722	*
H	15076	250	95.2	+	0	0	250M	679966	551722
L	15249	250	*	*	*	*	*	813104	*
H	15249	250	90.0	+	0	0	226MD23MI	666521	813104
L	15202	250	*	*	*	*	*	790	*
H	15202	250	99.6	+	0	0	250M	554093	790
L	15036	250	*	*	*	*	*	1110860	*
H	15036	250	95.6	+	0	0	250M	256858	1110860
L	15168	250	*	*	*	*	*	59549	*
H	15168	250	96.8	+	0	0	250M	240469	59549
L	15225	250	*	*	*	*	*	2032363	*
H	15225	250	99.6	+	0	0	250M	179370	2032363
L	15205	250	*	*	*	*	*	755	*
H	15205	250	92.8	+	0	0	250M	144391	755
L	15231	250	*	*	*	*	*	1135040	*
H	15231	250	99.6	+	0	0	250M	139355	1135040
L	15310	250	*	*	*	*	*	4429983	*
H	15310	250	96.4	+	0	0	250M	131526	4429983
L	15063	250	*	*	*	*	*	582639	*
H	15063	250	97.6	+	0	0	250M	109519	582639
H	15063	250	97.2	+	0	0	250M	103455	582639
L	15204	250	*	*	*	*	*	757	*
H	15204	250	99.6	+	0	0	250M	100362	757
L	15169	250	*	*	*	*	*	58361	*
H	15169	250	97.6	+	0	0	250M	97250	58361
H	15204	250	99.2	+	0	0	250M	73209	757
L	15104	250	*	*	*	*	*	241978	*
H	15104	250	100.0	+	0	0	250M	46167	241978
N	*	250	*	*	*	*	*	33887	*
H	15204	250	98.8	+	0	0	96MI153MD	18391	757
H	15231	250	99.2	+	0	0	250M	819	1135040
L	15306	250	*	*	*	*	*	4416518	*
H	15306	250	98.8	+	0	0	250M	665283	4416518
L	15182	250	*	*	*	*	*	21979	*
H	15182	250	98.0	+	0	0	250M	620097	21979
L	15210	250	*	*	*	*	*	329	*
H	15210	250	95.2	+	0	0	250M	1128360	329
L	15273	250	*	*	*	*	*	4188623	*
H	15273	250	100.0	+	0	0	250M	1879068	4188623
L	15234	250	*	*	*	*	*	2147799	*
H	15234	250	99.2	+	0	0	250M	779391	2147799
H	15204	250	100.0	+	0	0	250M	1130698	757
H	15104	250	99.6	+	0	0	250M	1132808	241978
L	15039	250	*	*	*	*	*	978530	*
H	15039	250	98.4	+	0	0	250M	2076643	978530
H	15273	250	99.6	+	0	0	250M	2667143	4188623
L	15088	250	*	*	*	*	*	369183	*
H	15088	250	95.2	+	0	0	134MI115MD	2752954	369183
L	15171	250	*	*	*	*	*	47968	*
H	15171	250	91.6	+	0	0	250M	812297	47968
L	15230	250	*	*	*	*	*	753747	*
H	15230	250	95.2	+	0	0	250M	1115657	753747
L	15071	250	*	*	*	*	*	560969	*
H	15071	250	96.8	+	0	0	250M	544733	560969
L	15282	250	*	*	*	*	*	4308348	*
H	15282	250	98.0	+	0	0	250M	4307029	4308348
L	15045	250	*	*	*	*	*	798060	*
H	15045	250	99.6	+	0	0	250M	4338133	798060
L	15303	250	*	*	*	*	*	4403322	*
H	15303	250	96.8	+	0	0	250M	4358881	4403322
L	15328	250	*	*	*	*	*	4478889	*
H	15328	250	96.8	+	0	0	250M	4359816	4478889
H	15303	250	96.8	+	0	0	250M	4370431	4403322
H	15234	250	96.4	+	0	0	250M	4404355	2147799
L	15259	250	*	*	*	*	*	3630583	*
H	15259	250	97.6	+	0	0	250M	4410174	3630583
L	15265	250	*	*	*	*	*	3862609	*
H	15265	250	95.6	+	0	0	250M	4437047	3862609
L	15215	250	*	*	*	*	*	1139988	*
H	15215	250	96.4	+	0	0	250M	4444847	1139988
H	15230	250	96.8	+	0	0	250M	4463937	753747
D	35	5	*	*	*	*	99.1	1104539	*
D	232	2	*	*	*	*	96.0	1042986	*
D	298	2	*	*	*	*	93.6	1019894	*
D	479	2	*	*	*	*	95.6	961922	*
D	566	2	*	*	*	*	98.8	929178	*
D	586	2	*	*	*	*	98.4	923209	*
D	688	2	*	*	*	*	99.2	890962	*
D	799	2	*	*	*	*	94.4	851797	*
D	819	3	*	*	*	*	97.8	845765	*
D	855	4	*	*	*	*	99.2	833731	*
D	871	2	*	*	*	*	100.0	827639	*
D	893	2	*	*	*	*	100.0	822450	*
D	904	2	*	*	*	*	97.2	820871	*
D	907	2	*	*	*	*	96.0	820546	*
D	920	2	*	*	*	*	100.0	818462	*
D	922	2	*	*	*	*	97.2	818045	*
D	928	2	*	*	*	*	99.2	817146	*
D	941	2	*	*	*	*	98.8	814347	*
D	1009	2	*	*	*	*	96.4	787697	*
D	1012	2	*	*	*	*	94.8	786884	*
D	1047	2	*	*	*	*	100.0	768898	*
D	1076	2	*	*	*	*	100.0	746730	*
D	1129	2	*	*	*	*	99.6	713349	*
D	1134	2	*	*	*	*	100.0	709971	*
D	1149	8	*	*	*	*	99.7	701078	*
D	1166	2	*	*	*	*	99.2	694975	*
D	1195	2	*	*	*	*	98.8	680934	*
D	1209	2	*	*	*	*	99.2	668105	*
D	1243	2	*	*	*	*	92.0	644232	*
D	1244	2	*	*	*	*	98.0	644016	*
D	1247	2	*	*	*	*	100.0	642800	*
D	1278	2	*	*	*	*	99.2	625629	*
D	1303	2	*	*	*	*	98.8	606927	*
D	1306	2	*	*	*	*	100.0	605198	*
D	1327	2	*	*	*	*	99.2	593155	*
D	1341	2	*	*	*	*	99.6	592452	*
D	1370	2	*	*	*	*	98.8	589792	*
D	1412	2	*	*	*	*	98.4	586832	*
D	1446	2	*	*	*	*	99.6	584386	*
D	1480	2	*	*	*	*	100.0	582194	*
D	1513	2	*	*	*	*	97.6	579457	*
D	1535	2	*	*	*	*	100.0	578145	*
D	1579	2	*	*	*	*	99.2	574818	*
D	1608	2	*	*	*	*	97.2	571645	*
D	1622	2	*	*	*	*	95.6	570390	*
D	1625	5	*	*	*	*	97.7	570232	*
D	1690	3	*	*	*	*	97.2	565712	*
D	1695	4	*	*	*	*	93.5	565157	*
D	1699	3	*	*	*	*	99.2	564904	*
D	1723	3	*	*	*	*	96.4	563293	*
D	1724	2	*	*	*	*	95.6	563240	*
D	1727	2	*	*	*	*	96.0	563112	*
D	1737	2	*	*	*	*	99.2	562500	*
D	1777	2	*	*	*	*	100.0	559607	*
D	1780	2	*	*	*	*	98.0	559395	*
D	1823	2	*	*	*	*	98.0	555870	*
D	1828	2	*	*	*	*	97.6	555568	*
D	1841	2	*	*	*	*	98.4	554499	*
D	1846	2	*	*	*	*	91.6	554299	*
D	1857	2	*	*	*	*	100.0	553455	*
D	1900	2	*	*	*	*	98.4	550712	*
D	1907	2	*	*	*	*	99.6	550440	*
D	1908	3	*	*	*	*	98.6	550415	*
D	1911	4	*	*	*	*	99.3	550175	*
D	1934	2	*	*	*	*	100.0	548516	*
D	1951	2	*	*	*	*	99.6	546984	*
D	1956	2	*	*	*	*	96.0	546410	*
D	1965	2	*	*	*	*	96.8	544846	*
D	2013	2	*	*	*	*	98.0	540423	*
D	2031	2	*	*	*	*	96.8	538986	*
D	2061	2	*	*	*	*	98.8	536261	*
D	2067	2	*	*	*	*	98.4	535678	*
D	2068	3	*	*	*	*	100.0	535332	*
D	2091	3	*	*	*	*	100.0	532635	*
D	2167	2	*	*	*	*	96.8	530138	*
D	2627	2	*	*	*	*	100.0	513653	*
D	2751	3	*	*	*	*	98.8	470505	*
D	2884	2	*	*	*	*	97.2	422136	*
D	2897	3	*	*	*	*	94.4	416537	*
D	2913	2	*	*	*	*	100.0	410549	*
D	2916	2	*	*	*	*	100.0	409932	*
D	2932	2	*	*	*	*	98.4	404948	*
D	2986	2	*	*	*	*	96.4	385834	*
D	3088	2	*	*	*	*	99.6	368056	*
D	3149	2	*	*	*	*	99.6	365656	*
D	3413	2	*	*	*	*	99.6	354303	*
D	3485	2	*	*	*	*	96.4	348797	*
D	3505	3	*	*	*	*	99.2	347584	*
D	3563	2	*	*	*	*	90.0	343196	*
D	3565	2	*	*	*	*	100.0	342971	*
D	3667	2	*	*	*	*	93.2	336431	*
D	3670	2	*	*	*	*	95.2	336110	*
D	3676	2	*	*	*	*	98.0	335039	*
D	3689	2	*	*	*	*	100.0	333629	*
D	3691	4	*	*	*	*	99.9	333517	*
D	3749	2	*	*	*	*	98.4	328035	*
D	3753	2	*	*	*	*	99.2	327895	*
D	3787	2	*	*	*	*	100.0	325282	*
D	3817	2	*	*	*	*	97.2	322658	*
D	3885	2	*	*	*	*	97.6	317124	*
D	3943	2	*	*	*	*	99.6	312413	*
D	3962	2	*	*	*	*	100.0	311151	*
D	4087	2	*	*	*	*	92.8	301673	*
D	4106	2	*	*	*	*	99.6	300365	*
D	4369	2	*	*	*	*	99.2	278923	*
D	4452	2	*	*	*	*	99.6	273630	*
D	4454	2	*	*	*	*	92.0	273523	*
D	4474	2	*	*	*	*	99.2	272813	*
D	4508	2	*	*	*	*	99.6	270893	*
D	4542	2	*	*	*	*	97.2	268868	*
D	4546	2	*	*	*	*	98.8	268667	*
D	4568	3	*	*	*	*	97.8	267948	*
D	4611	2	*	*	*	*	98.0	265137	*
D	4615	2	*	*	*	*	100.0	264822	*
D	4703	2	*	*	*	*	98.8	261023	*
D	4749	2	*	*	*	*	92.8	259026	*
D	4820	3	*	*	*	*	99.2	254222	*
D	4837	2	*	*	*	*	94.8	252679	*
D	4877	3	*	*	*	*	95.0	249532	*
D	4941	2	*	*	*	*	97.6	244736	*
D	4978	2	*	*	*	*	96.8	241440	*
D	4985	2	*	*	*	*	98.8	240979	*
D	4992	2	*	*	*	*	94.8	240738	*
D	5000	3	*	*	*	*	97.8	240429	*
D	5002	2	*	*	*	*	96.0	240253	*
D	5057	4	*	*	*	*	97.9	236913	*
D	5060	2	*	*	*	*	100.0	236520	*
D	5112	2	*	*	*	*	98.0	230076	*
D	5123	2	*	*	*	*	98.8	228156	*
D	5153	2	*	*	*	*	96.0	224277	*
D	5166	2	*	*	*	*	90.0	222253	*
D	5205	3	*	*	*	*	99.4	217963	*
D	5231	2	*	*	*	*	100.0	214423	*
D	5304	2	*	*	*	*	90.0	204226	*
D	5341	2	*	*	*	*	99.2	199635	*
D	5491	2	*	*	*	*	98.4	194772	*
D	5494	2	*	*	*	*	100.0	194616	*
D	5509	2	*	*	*	*	96.4	194162	*
D	5514	2	*	*	*	*	98.8	193970	*
D	5529	2	*	*	*	*	100.0	193675	*
D	5580	2	*	*	*	*	93.6	191880	*
D	5592	2	*	*	*	*	94.4	191595	*
D	5649	2	*	*	*	*	94.4	190032	*
D	5874	2	*	*	*	*	99.2	183634	*
D	6191	2	*	*	*	*	98.8	173845	*
D	6204	2	*	*	*	*	91.2	173412	*
D	6310	2	*	*	*	*	100.0	167131	*
D	6367	2	*	*	*	*	94.4	164006	*
D	6411	2	*	*	*	*	96.4	161409	*
D	6420	3	*	*	*	*	98.0	160883	*
D	6429	2	*	*	*	*	100.0	160310	*
D	6438	2	*	*	*	*	96.8	159839	*
D	6533	2	*	*	*	*	97.6	155500	*
D	6537	2	*	*	*	*	98.8	155255	*
D	6539	2	*	*	*	*	99.6	155197	*
D	6559	3	*	*	*	*	99.2	154130	*
D	6574	2	*	*	*	*	90.4	153061	*
D	6604	2	*	*	*	*	100.0	151083	*
D	6627	2	*	*	*	*	98.4	149895	*
D	6667	4	*	*	*	*	98.9	147794	*
D	6681	3	*	*	*	*	99.6	146743	*
D	6688	2	*	*	*	*	94.4	146193	*
D	6711	2	*	*	*	*	97.2	144933	*
D	6714	2	*	*	*	*	97.6	144720	*
D	6719	2	*	*	*	*	98.0	144473	*
D	6725	2	*	*	*	*	95.2	144246	*
D	6764	2	*	*	*	*	90.8	142996	*
D	6771	2	*	*	*	*	95.2	142624	*
D	6860	2	*	*	*	*	100.0	138132	*
D	6876	2	*	*	*	*	98.8	136963	*
D	6895	2	*	*	*	*	96.8	136145	*
D	6898	2	*	*	*	*	100.0	136130	*
D	6914	2	*	*	*	*	100.0	134259	*
D	6921	2	*	*	*	*	98.4	133739	*
D	6935	2	*	*	*	*	100.0	132219	*
D	6936	3	*	*	*	*	98.2	132022	*
D	6964	2	*	*	*	*	100.0	129026	*
D	6972	2	*	*	*	*	100.0	128181	*
D	7007	2	*	*	*	*	98.8	116244	*
D	7015	2	*	*	*	*	98.4	115224	*
D	7047	2	*	*	*	*	98.4	111689	*
D	7062	2	*	*	*	*	94.4	110881	*
D	7082	2	*	*	*	*	100.0	109696	*
D	7107	3	*	*	*	*	95.6	108433	*
D	7112	2	*	*	*	*	100.0	108278	*
D	7116	2	*	*	*	*	97.2	108008	*
D	7215	2	*	*	*	*	95.2	103941	*
D	7221	3	*	*	*	*	100.0	103489	*
D	7235	2	*	*	*	*	100.0	102915	*
D	7246	2	*	*	*	*	100.0	102591	*
D	7266	2	*	*	*	*	99.6	101810	*
D	7267	2	*	*	*	*	98.0	101788	*
D	7268	3	*	*	*	*	99.4	4364282	*
D	7282	2	*	*	*	*	97.6	101068	*
D	7336	2	*	*	*	*	100.0	95512	*
D	7343	3	*	*	*	*	98.6	93822	*
D	7355	2	*	*	*	*	96.8	92479	*
D	7381	2	*	*	*	*	99.2	89985	*
D	7384	2	*	*	*	*	98.8	89521	*
D	7402	2	*	*	*	*	98.8	87839	*
D	7403	2	*	*	*	*	98.0	87670	*
D	7430	2	*	*	*	*	98.8	83013	*
D	7444	2	*	*	*	*	94.4	82008	*
D	7445	2	*	*	*	*	98.4	81949	*
D	7470	2	*	*	*	*	99.6	79015	*
D	7486	2	*	*	*	*	96.0	76200	*
D	7493	2	*	*	*	*	97.2	74465	*
D	7513	2	*	*	*	*	96.8	73432	*
D	7564	2	*	*	*	*	96.8	69970	*
D	7577	2	*	*	*	*	98.0	66243	*
D	7585	2	*	*	*	*	96.8	64742	*
D	7643	2	*	*	*	*	98.0	56204	*
D	7646	2	*	*	*	*	100.0	55486	*
D	7715	2	*	*	*	*	99.2	44864	*
D	7725	2	*	*	*	*	96.8	43030	*
D	7735	2	*	*	*	*	95.6	41059	*
D	7738	2	*	*	*	*	99.6	40820	*
D	7768	2	*	*	*	*	97.2	37589	*
D	7783	2	*	*	*	*	93.2	34507	*
D	7790	2	*	*	*	*	98.4	33768	*
D	7797	2	*	*	*	*	97.6	30485	*
D	7812	2	*	*	*	*	99.2	29133	*
D	7818	2	*	*	*	*	96.8	28572	*
D	7830	2	*	*	*	*	96.8	26799	*
D	7854	2	*	*	*	*	99.6	23551	*
D	7885	2	*	*	*	*	94.8	18298	*
D	7893	2	*	*	*	*	94.8	16711	*
D	7928	3	*	*	*	*	98.6	15712	*
D	7952	2	*	*	*	*	98.0	14912	*
D	7954	2	*	*	*	*	98.8	14615	*
D	7967	2	*	*	*	*	96.0	14508	*
D	7968	3	*	*	*	*	98.6	14503	*
D	7982	2	*	*	*	*	96.4	14302	*
D	8017	3	*	*	*	*	96.2	13811	*
D	8024	2	*	*	*	*	98.0	13469	*
D	8046	3	*	*	*	*	100.0	12850	*
D	8062	2	*	*	*	*	100.0	12522	*
D	8072	2	*	*	*	*	96.4	12333	*
D	8077	2	*	*	*	*	100.0	12269	*
D	8107	2	*	*	*	*	99.2	12046	*
D	8108	2	*	*	*	*	97.2	12045	*
D	8118	4	*	*	*	*	99.7	11828	*
D	8124	2	*	*	*	*	92.4	11439	*
D	8135	2	*	*	*	*	99.2	11120	*
D	8139	3	*	*	*	*	99.6	10945	*
D	8142	2	*	*	*	*	93.6	10865	*
D	8143	2	*	*	*	*	99.2	10849	*
D	8153	2	*	*	*	*	97.6	10632	*
D	8163	2	*	*	*	*	90.0	10455	*
D	8170	2	*	*	*	*	100.0	10309	*
D	8175	2	*	*	*	*	99.6	10180	*
D	8177	2	*	*	*	*	92.8	10042	*
D	8203	3	*	*	*	*	99.0	9514	*
D	8205	2	*	*	*	*	99.6	9511	*
D	8220	2	*	*	*	*	98.4	9252	*
D	8260	3	*	*	*	*	96.4	8107	*
D	8261	2	*	*	*	*	96.8	8104	*
D	8265	2	*	*	*	*	96.0	8035	*
D	8267	2	*	*	*	*	94.8	7998	*
D	8270	2	*	*	*	*	91.6	7980	*
D	8274	3	*	*	*	*	95.8	7974	*
D	8287	2	*	*	*	*	98.4	7556	*
D	8292	2	*	*	*	*	97.2	7519	*
D	8315	2	*	*	*	*	98.4	7098	*
D	8322	2	*	*	*	*	100.0	6591	*
D	8376	2	*	*	*	*	98.8	4450	*
D	8415	2	*	*	*	*	99.2	2813	*
D	8464	2	*	*	*	*	99.6	1137708	*
D	8481	3	*	*	*	*	98.2	1521261	*
D	8500	2	*	*	*	*	100.0	1114941	*
D	8517	2	*	*	*	*	99.6	729672	*
D	8521	2	*	*	*	*	97.6	660959	*
D	8569	2	*	*	*	*	97.2	1127851	*
D	8570	2	*	*	*	*	97.2	1145943	*
D	8579	2	*	*	*	*	99.6	812541	*
D	8622	2	*	*	*	*	100.0	1120871	*
D	8633	2	*	*	*	*	98.8	1649618	*
D	8647	2	*	*	*	*	100.0	1144879	*
D	8648	2	*	*	*	*	99.2	1139097	*
D	8664	2	*	*	*	*	96.0	1137409	*
D	8669	2	*	*	*	*	98.8	1135992	*
D	8699	2	*	*	*	*	96.8	1115140	*
D	8711	2	*	*	*	*	97.2	1704198	*
D	8727	2	*	*	*	*	97.2	1132903	*
D	8747	2	*	*	*	*	100.0	1128272	*
D	8748	2	*	*	*	*	96.4	1143460	*
D	8790	2	*	*	*	*	99.6	1759391	*
D	8811	2	*	*	*	*	99.6	1145008	*
D	8826	2	*	*	*	*	97.6	1134626	*
D	8842	2	*	*	*	*	100.0	805980	*
D	8908	2	*	*	*	*	99.6	1828445	*
D	8931	2	*	*	*	*	95.6	1842075	*
D	8953	5	*	*	*	*	96.8	709363	*
D	9000	2	*	*	*	*	95.6	1119632	*
D	9002	2	*	*	*	*	100.0	1134454	*
D	9048	2	*	*	*	*	100.0	811951	*
D	9065	2	*	*	*	*	99.6	1139061	*
D	9068	2	*	*	*	*	100.0	1124832	*
D	9069	2	*	*	*	*	96.4	1125228	*
D	9123	2	*	*	*	*	99.2	1137294	*
D	9130	2	*	*	*	*	94.0	978149	*
D	9167	2	*	*	*	*	90.4	2041715	*
D	9168	2	*	*	*	*	92.0	2041719	*
D	9172	2	*	*	*	*	97.6	803209	*
D	9178	2	*	*	*	*	100.0	2046080	*
D	9208	2	*	*	*	*	99.6	834006	*
D	9209	2	*	*	*	*	99.2	832316	*
D	9217	2	*	*	*	*	100.0	1144686	*
D	9258	4	*	*	*	*	95.3	1143596	*
D	9268	2	*	*	*	*	97.2	2105739	*
D	9274	2	*	*	*	*	98.0	200836	*
D	9287	2	*	*	*	*	97.6	1072707	*
D	9289	2	*	*	*	*	99.2	2116286	*
D	9310	2	*	*	*	*	99.6	1129978	*
D	9320	2	*	*	*	*	96.8	2132253	*
D	9334	2	*	*	*	*	94.4	1140096	*
D	9355	2	*	*	*	*	92.4	811996	*
D	9372	2	*	*	*	*	100.0	1124221	*
D	9394	2	*	*	*	*	99.6	1141290	*
D	9431	2	*	*	*	*	99.6	1110864	*
D	9462	2	*	*	*	*	99.2	669859	*
D	9494	2	*	*	*	*	98.4	1015210	*
D	9600	2	*	*	*	*	99.2	1119485	*
D	9612	2	*	*	*	*	100.0	1138066	*
D	9631	2	*	*	*	*	97.2	1132071	*
D	9632	2	*	*	*	*	100.0	1141665	*
D	9638	3	*	*	*	*	99.6	1108701	*
D	9668	2	*	*	*	*	96.0	1124170	*
D	9689	2	*	*	*	*	92.4	940401	*
D	9702	2	*	*	*	*	96.8	1130871	*
D	9709	2	*	*	*	*	92.8	628125	*
D	9712	2	*	*	*	*	98.4	1138255	*
D	9722	2	*	*	*	*	94.4	2421587	*
D	9735	2	*	*	*	*	97.2	1129207	*
D	9749	2	*	*	*	*	99.6	1143960	*
D	9796	3	*	*	*	*	99.8	2472963	*
D	9807	2	*	*	*	*	98.0	851932	*
D	9808	4	*	*	*	*	100.0	1127237	*
D	9818	2	*	*	*	*	99.6	757213	*
D	9819	4	*	*	*	*	98.8	1144726	*
D	9832	2	*	*	*	*	90.8	623798	*
D	9837	2	*	*	*	*	99.2	1122559	*
D	9860	2	*	*	*	*	100.0	646051	*
D	9862	2	*	*	*	*	94.0	2511694	*
D	9870	3	*	*	*	*	99.6	799124	*
D	9884	2	*	*	*	*	99.2	2529283	*
D	9916	2	*	*	*	*	99.6	2546331	*
D	9946	2	*	*	*	*	100.0	1125202	*
D	9951	2	*	*	*	*	98.8	814799	*
D	9980	2	*	*	*	*	98.0	824506	*
D	9988	2	*	*	*	*	100.0	1126112	*
D	10012	2	*	*	*	*	100.0	1129821	*
D	10028	2	*	*	*	*	99.6	1115614	*
D	10061	2	*	*	*	*	99.2	1115889	*
D	10070	2	*	*	*	*	99.6	2674082	*
D	10098	2	*	*	*	*	94.8	1141541	*
D	10112	2	*	*	*	*	98.0	1117218	*
D	10149	2	*	*	*	*	99.2	1132553	*
D	10175	2	*	*	*	*	98.4	930730	*
D	10238	3	*	*	*	*	98.0	1127229	*
D	10247	2	*	*	*	*	94.8	1120577	*
D	10268	2	*	*	*	*	97.2	752554	*
D	10302	2	*	*	*	*	98.0	826144	*
D	10309	2	*	*	*	*	99.6	1123864	*
D	10310	2	*	*	*	*	99.2	1136256	*
D	10321	2	*	*	*	*	100.0	1144471	*
D	10348	2	*	*	*	*	98.8	2894263	*
D	10354	2	*	*	*	*	99.6	2903258	*
D	10367	3	*	*	*	*	99.0	1129174	*
D	10395	2	*	*	*	*	94.0	2938850	*
D	10425	3	*	*	*	*	100.0	2956782	*
D	10435	5	*	*	*	*	99.6	1131781	*
D	10462	3	*	*	*	*	98.0	1137331	*
D	10463	2	*	*	*	*	97.2	1123876	*
D	10523	2	*	*	*	*	97.2	1141725	*
D	10535	2	*	*	*	*	98.8	1138034	*
D	10583	2	*	*	*	*	97.2	3081780	*
D	10652	2	*	*	*	*	97.6	3129281	*
D	10669	5	*	*	*	*	98.7	3146428	*
D	10670	2	*	*	*	*	96.8	749036	*
D	10718	2	*	*	*	*	98.8	1131768	*
D	10730	2	*	*	*	*	93.6	1129841	*
D	10800	2	*	*	*	*	93.6	3225199	*
D	10809	2	*	*	*	*	96.8	1139791	*
D	10815	2	*	*	*	*	100.0	782413	*
D	10877	2	*	*	*	*	99.6	3286983	*
D	10891	2	*	*	*	*	97.2	3294958	*
D	10917	3	*	*	*	*	100.0	1126922	*
D	10938	2	*	*	*	*	100.0	3338135	*
D	10947	2	*	*	*	*	98.4	758642	*
D	10968	2	*	*	*	*	94.4	746265	*
D	10982	3	*	*	*	*	97.4	3363021	*
D	11002	2	*	*	*	*	98.8	1128861	*
D	11004	3	*	*	*	*	96.8	607515	*
D	11038	2	*	*	*	*	95.6	780712	*
D	11049	3	*	*	*	*	95.8	1129594	*
D	11112	2	*	*	*	*	100.0	685571	*
D	11120	2	*	*	*	*	99.6	3471257	*
D	11127	2	*	*	*	*	97.6	1127789	*
D	11151	3	*	*	*	*	96.8	1137866	*
D	11172	2	*	*	*	*	95.6	3509162	*
D	11213	2	*	*	*	*	98.8	1113833	*
D	11264	2	*	*	*	*	95.6	1143368	*
D	11273	2	*	*	*	*	94.4	662294	*
D	11321	2	*	*	*	*	97.6	1114015	*
D	11323	3	*	*	*	*	92.0	654665	*
D	11368	2	*	*	*	*	90.0	1023953	*
D	11396	2	*	*	*	*	99.6	1136710	*
D	11407	2	*	*	*	*	97.6	3682321	*
D	11421	2	*	*	*	*	98.0	1126217	*
D	11422	2	*	*	*	*	99.2	1128237	*
D	11441	2	*	*	*	*	99.2	759349	*
D	11452	2	*	*	*	*	96.0	1138138	*
D	11484	3	*	*	*	*	92.0	698296	*
D	11514	2	*	*	*	*	95.2	3755054	*
D	11526	2	*	*	*	*	99.2	3764940	*
D	11534	2	*	*	*	*	97.2	1127483	*
D	11540	2	*	*	*	*	99.6	3772084	*
D	11543	2	*	*	*	*	100.0	3772088	*
D	11549	2	*	*	*	*	92.4	3774984	*
D	11555	2	*	*	*	*	99.2	3778551	*
D	11579	2	*	*	*	*	95.6	813643	*
D	11590	2	*	*	*	*	97.2	971934	*
D	11600	2	*	*	*	*	99.6	1144051	*
D	11618	2	*	*	*	*	98.8	3838844	*
D	11619	3	*	*	*	*	97.4	3840972	*
D	11712	2	*	*	*	*	93.2	3925409	*
D	11713	2	*	*	*	*	92.8	3926523	*
D	11748	2	*	*	*	*	97.6	3949114	*
D	11767	2	*	*	*	*	100.0	711556	*
D	11814	2	*	*	*	*	99.2	3998377	*
D	11820	2	*	*	*	*	94.0	4004505	*
D	11822	2	*	*	*	*	97.2	4006670	*
D	11856	2	*	*	*	*	94.8	4028751	*
D	11860	3	*	*	*	*	100.0	1139594	*
D	11883	2	*	*	*	*	93.2	4042859	*
D	11892	2	*	*	*	*	99.2	838126	*
D	11927	2	*	*	*	*	98.0	1143479	*
D	11944	2	*	*	*	*	98.8	1122955	*
D	11991	2	*	*	*	*	98.4	4132075	*
D	11993	2	*	*	*	*	97.6	1121107	*
D	12011	2	*	*	*	*	97.6	676511	*
D	12020	2	*	*	*	*	99.6	1123994	*
D	12038	3	*	*	*	*	97.8	1127245	*
D	12044	2	*	*	*	*	95.2	1137671	*
D	12076	2	*	*	*	*	99.6	1125193	*
D	12121	2	*	*	*	*	97.2	4242243	*
D	12206	2	*	*	*	*	96.4	4294859	*
D	12251	2	*	*	*	*	100.0	4297918	*
D	12342	2	*	*	*	*	98.0	4304334	*
D	12386	2	*	*	*	*	98.4	4307262	*
D	12397	2	*	*	*	*	96.4	4307897	*
D	12460	2	*	*	*	*	98.4	4312974	*
D	12503	2	*	*	*	*	100.0	4316029	*
D	12522	2	*	*	*	*	96.0	4317520	*
D	12579	2	*	*	*	*	100.0	4321459	*
D	12583	2	*	*	*	*	98.0	4321652	*
D	12613	6	*	*	*	*	100.0	4323940	*
D	12640	3	*	*	*	*	100.0	4325466	*
D	12649	2	*	*	*	*	92.8	4326319	*
D	12651	2	*	*	*	*	100.0	4326492	*
D	12666	2	*	*	*	*	98.8	4327593	*
D	12678	2	*	*	*	*	99.6	4328166	*
D	12694	2	*	*	*	*	97.2	4329120	*
D	12726	2	*	*	*	*	98.0	4331251	*
D	12749	2	*	*	*	*	100.0	4332796	*
D	12807	2	*	*	*	*	99.2	4337151	*
D	12813	3	*	*	*	*	96.8	4337487	*
D	12856	2	*	*	*	*	100.0	4340465	*
D	12914	2	*	*	*	*	95.6	4344419	*
D	12920	2	*	*	*	*	94.8	4345055	*
D	12937	2	*	*	*	*	99.2	4346588	*
D	12947	2	*	*	*	*	99.6	4347524	*
D	12951	2	*	*	*	*	95.2	4347829	*
D	12965	2	*	*	*	*	97.6	4348634	*
D	13000	2	*	*	*	*	99.6	4350610	*
D	13005	2	*	*	*	*	100.0	4350881	*
D	13009	2	*	*	*	*	100.0	4351033	*
D	13067	2	*	*	*	*	98.8	4354692	*
D	13099	2	*	*	*	*	100.0	4357383	*
D	13113	2	*	*	*	*	96.8	4358053	*
D	13114	2	*	*	*	*	98.4	4358054	*
D	13155	2	*	*	*	*	99.6	4360273	*
D	13158	2	*	*	*	*	99.2	4360483	*
D	13181	2	*	*	*	*	99.6	4361591	*
D	13184	2	*	*	*	*	98.8	4361601	*
D	13222	2	*	*	*	*	96.4	4364830	*
D	13225	2	*	*	*	*	99.6	4364948	*
D	13227	2	*	*	*	*	99.2	4365006	*
D	13242	3	*	*	*	*	98.6	4365922	*
D	13256	2	*	*	*	*	98.4	4366349	*
D	13257	2	*	*	*	*	92.4	4366350	*
D	13268	2	*	*	*	*	99.6	4367385	*
D	13282	2	*	*	*	*	100.0	4367987	*
D	13287	2	*	*	*	*	96.4	4368044	*
D	13289	2	*	*	*	*	100.0	4368159	*
D	13300	5	*	*	*	*	99.9	4368904	*
D	13349	2	*	*	*	*	98.0	4371943	*
D	13353	2	*	*	*	*	95.2	4371951	*
D	13372	2	*	*	*	*	92.0	4372695	*
D	13382	3	*	*	*	*	97.8	4373910	*
D	13402	2	*	*	*	*	96.8	4375314	*
D	13427	3	*	*	*	*	100.0	4377254	*
D	13461	2	*	*	*	*	98.0	4379448	*
D	13468	2	*	*	*	*	99.2	4379731	*
D	13470	2	*	*	*	*	99.2	4379927	*
D	13490	2	*	*	*	*	95.2	4381303	*
D	13510	2	*	*	*	*	98.8	4382531	*
D	13610	2	*	*	*	*	91.2	4388900	*
D	13617	3	*	*	*	*	99.8	4389146	*
D	13621	3	*	*	*	*	99.0	4389424	*
D	13622	2	*	*	*	*	99.6	4389452	*
D	13665	2	*	*	*	*	99.6	4392630	*
D	13690	2	*	*	*	*	97.2	4394897	*
D	13722	2	*	*	*	*	98.4	4396988	*
D	13750	2	*	*	*	*	94.0	4399637	*
D	13776	2	*	*	*	*	100.0	4400920	*
D	13787	2	*	*	*	*	96.4	4401868	*
D	13813	2	*	*	*	*	98.0	4404224	*
D	13834	2	*	*	*	*	98.8	4406382	*
D	13842	2	*	*	*	*	94.4	4406524	*
D	13872	3	*	*	*	*	99.8	4407978	*
D	13894	2	*	*	*	*	97.6	4409881	*
D	13919	2	*	*	*	*	99.6	4411366	*
D	13940	2	*	*	*	*	90.0	4413085	*
D	13983	2	*	*	*	*	98.4	4415058	*
D	14011	3	*	*	*	*	99.0	4416988	*
D	14019	3	*	*	*	*	95.6	4417604	*
D	14077	2	*	*	*	*	96.0	4422456	*
D	14092	2	*	*	*	*	99.2	4423498	*
D	14130	3	*	*	*	*	98.2	4426296	*
D	14131	2	*	*	*	*	98.4	4426298	*
D	14148	3	*	*	*	*	99.6	4427435	*
D	14150	2	*	*	*	*	98.8	4427543	*
D	14152	2	*	*	*	*	99.6	4427644	*
D	14163	2	*	*	*	*	96.4	4428440	*
D	14226	2	*	*	*	*	95.6	4433321	*
D	14262	2	*	*	*	*	98.0	4435422	*
D	14263	3	*	*	*	*	94.0	4435423	*
D	14278	2	*	*	*	*	95.2	4435984	*
D	14282	2	*	*	*	*	98.4	4436187	*
D	14368	2	*	*	*	*	98.0	4442440	*
D	14370	2	*	*	*	*	99.2	4442798	*
D	14376	2	*	*	*	*	96.8	4443004	*
D	14382	2	*	*	*	*	92.4	4443171	*
D	14419	3	*	*	*	*	98.4	4446133	*
D	14487	2	*	*	*	*	99.6	4450394	*
D	14514	2	*	*	*	*	100.0	4452719	*
D	14527	5	*	*	*	*	100.0	4453611	*
D	14556	2	*	*	*	*	95.6	4455298	*
D	14586	2	*	*	*	*	92.0	4457195	*
D	14608	2	*	*	*	*	99.2	4458676	*
D	14721	2	*	*	*	*	99.2	4465536	*
D	14734	2	*	*	*	*	94.4	4466720	*
D	14760	2	*	*	*	*	98.4	4468024	*
D	14820	2	*	*	*	*	95.6	4472012	*
D	14834	2	*	*	*	*	98.4	4472763	*
D	14841	2	*	*	*	*	99.2	4472978	*
D	14846	2	*	*	*	*	99.6	4473274	*
D	14851	3	*	*	*	*	97.2	4473481	*
D	14864	2	*	*	*	*	100.0	4474512	*
D	14871	2	*	*	*	*	98.0	4474995	*
D	14883	2	*	*	*	*	94.4	4475461	*
D	14900	3	*	*	*	*	100.0	4476600	*
D	14903	2	*	*	*	*	99.2	4476662	*
D	14904	2	*	*	*	*	98.8	4476709	*
D	14953	2	*	*	*	*	98.8	4480060	*
D	14958	2	*	*	*	*	99.6	4480210	*
D	14966	2	*	*	*	*	96.0	4480656	*
D	14997	2	*	*	*	*	100.0	4482362	*
D	15033	2	*	*	*	*	90.8	4484368	*
D	15036	2	*	*	*	*	95.6	1110860	*
D	15039	2	*	*	*	*	98.4	978530	*
D	15045	2	*	*	*	*	99.6	798060	*
D	15063	3	*	*	*	*	97.4	582639	*
D	15071	2	*	*	*	*	96.8	560969	*
D	15076	2	*	*	*	*	95.2	551722	*
D	15088	2	*	*	*	*	95.2	369183	*
D	15104	3	*	*	*	*	99.8	241978	*
D	15168	2	*	*	*	*	96.8	59549	*
D	15169	2	*	*	*	*	97.6	58361	*
D	15171	2	*	*	*	*	91.6	47968	*
D	15182	2	*	*	*	*	98.0	21979	*
D	15202	2	*	*	*	*	99.6	790	*
D	15204	5	*	*	*	*	99.4	757	*
D	15205	2	*	*	*	*	92.8	755	*
D	15210	2	*	*	*	*	95.2	329	*
D	15215	2	*	*	*	*	96.4	1139988	*
D	15225	2	*	*	*	*	99.6	2032363	*
D	15230	3	*	*	*	*	96.0	753747	*
D	15231	3	*	*	*	*	99.4	1135040	*
D	15234	3	*	*	*	*	97.8	2147799	*
D	15249	2	*	*	*	*	90.0	813104	*
D	15254	2	*	*	*	*	99.6	815453	*
D	15259	2	*	*	*	*	97.6	3630583	*
D	15265	2	*	*	*	*	95.6	3862609	*
D	15273	3	*	*	*	*	99.8	4188623	*
D	15282	2	*	*	*	*	98.0	4308348	*
D	15303	3	*	*	*	*	96.8	4403322	*
D	15304	2	*	*	*	*	96.8	4404369	*
D	15306	2	*	*	*	*	98.8	4416518	*
D	15310	2	*	*	*	*	96.4	4429983	*
D	15319	2	*	*	*	*	91.2	4463497	*
D	15328	2	*	*	*	*	96.8	4478889	*
