UclustConsensusTaxonAssigner parameters:
id_to_taxonomy_filepath:/Users/nbokulich/Desktop/projects/short-read-tax-assignment/data/novel-taxa-simulations/F1-REF-L5-iter1/ref_taxa.tsv
id_to_taxonomy_fp:/Users/nbokulich/Desktop/projects/short-read-tax-assignment/data/novel-taxa-simulations/F1-REF-L5-iter1/ref_taxa.tsv
max_accepts:1
min_consensus_fraction:1.0
reference_sequences_fp:/Users/nbokulich/Desktop/projects/short-read-tax-assignment/data/novel-taxa-simulations/F1-REF-L5-iter1/ref_seqs.fasta
similarity:0.9
unassignable_label:Unassigned
Result path: /var/folders/0t/l1dz88p50y91vx_22fx5w3780000gn/T/assign-taxJhV9vG

.uc file contents:

# uclust --input /Users/nbokulich/Desktop/projects/short-read-tax-assignment/data/novel-taxa-simulations/F1-REF-L5-iter1/query.fasta --id 0.9 --rev --maxaccepts 1 --allhits --libonly --lib /Users/nbokulich/Desktop/projects/short-read-tax-assignment/data/novel-taxa-simulations/F1-REF-L5-iter1/ref_seqs.fasta --uc /var/folders/0t/l1dz88p50y91vx_22fx5w3780000gn/T/UclustConsensusTaxonAssigner_gMZCzj.uc
# version=1.2.22
# Tab-separated fields:
# 1=Type, 2=ClusterNr, 3=SeqLength or ClusterSize, 4=PctId, 5=Strand, 6=QueryStart, 7=SeedStart, 8=Alignment, 9=QueryLabel, 10=TargetLabel
# Record types (field 1): L=LibSeed, S=NewSeed, H=Hit, R=Reject, D=LibCluster, C=NewCluster, N=NoHit
# For C and D types, PctId is average id with seed.
# QueryStart and SeedStart are zero-based relative to start of sequence.
# If minus strand, SeedStart is relative to reverse-complemented seed.
N	*	206	*	*	*	*	*	AF289074	*
N	*	250	*	*	*	*	*	FJ481038	*
N	*	222	*	*	*	*	*	AF116177	*
N	*	238	*	*	*	*	*	DQ534469	*
N	*	224	*	*	*	*	*	DQ365668	*
N	*	84	*	*	*	*	*	DQ322098	*
L	7922	250	*	*	*	*	*	U56044	*
H	7922	250	95.6	+	0	0	I131MI26M2I89M4D	EU525946	U56044
N	*	250	*	*	*	*	*	AH009861	*
N	*	218	*	*	*	*	*	AF395684	*
N	*	200	*	*	*	*	*	DQ517417	*
L	4806	153	*	*	*	*	*	AM159634	*
H	4806	152	90.8	+	0	0	34MI19MD71MI27M	AB260936	AM159634
L	288	185	*	*	*	*	*	FJ903374	*
H	288	187	97.8	+	0	0	56MD58MD71M	FJ948133	FJ903374
N	*	250	*	*	*	*	*	DQ534567	*
N	*	113	*	*	*	*	*	AF514292	*
N	*	142	*	*	*	*	*	AJ972459	*
N	*	250	*	*	*	*	*	AB221419	*
N	*	250	*	*	*	*	*	GQ389623	*
L	1243	249	*	*	*	*	*	EU375546	*
H	1243	123	93.5	+	0	0	127I33MD89M	U19954	EU375546
N	*	231	*	*	*	*	*	AJ421007	*
L	3808	250	*	*	*	*	*	DQ144618	*
H	3808	250	97.6	+	0	0	2D248M2I	DQ681201	DQ144618
N	*	101	*	*	*	*	*	GQ458022	*
N	*	235	*	*	*	*	*	EF192226	*
L	6717	208	*	*	*	*	*	DQ681321	*
H	6717	206	96.1	+	0	0	4I35MD16MD51MD16MI85M	FJ884179	DQ681321
N	*	181	*	*	*	*	*	EU041821	*
N	*	82	*	*	*	*	*	DQ631933	*
N	*	206	*	*	*	*	*	DQ836182	*
N	*	192	*	*	*	*	*	DQ836786	*
N	*	157	*	*	*	*	*	DQ789093	*
N	*	217	*	*	*	*	*	EU427035	*
N	*	232	*	*	*	*	*	UDB011365	*
N	*	250	*	*	*	*	*	DQ875343	*
N	*	250	*	*	*	*	*	DQ875353	*
L	7761	207	*	*	*	*	*	JN367299	*
H	7761	203	91.1	+	0	0	4I109MI19MD74M	DQ875356	JN367299
N	*	145	*	*	*	*	*	DQ974688	*
N	*	224	*	*	*	*	*	AB278192	*
N	*	218	*	*	*	*	*	EF010926	*
N	*	245	*	*	*	*	*	AB257586	*
N	*	250	*	*	*	*	*	DQ873601	*
N	*	250	*	*	*	*	*	DQ873655	*
N	*	193	*	*	*	*	*	DQ873660	*
L	2316	210	*	*	*	*	*	EU375550	*
H	2316	218	99.0	+	0	0	7D179MD31M	EF017208	EU375550
L	2551	202	*	*	*	*	*	AB546941	*
H	2551	201	96.5	+	0	0	2I57MD43MI45MD54M	EF029224	AB546941
L	4641	237	*	*	*	*	*	EU520249	*
H	4641	81	97.5	+	0	0	156I81M	FJ805250	EU520249
N	*	250	*	*	*	*	*	EF088656	*
L	4642	190	*	*	*	*	*	FJ755266	*
H	4642	186	96.2	+	0	0	3I98MI88M	EF121334	FJ755266
N	*	202	*	*	*	*	*	AF229484	*
L	8210	184	*	*	*	*	*	EU660219	*
H	8210	195	92.4	+	0	0	37MI52M5D11M8D15MI67M	AB254189	EU660219
N	*	116	*	*	*	*	*	AF250780	*
N	*	250	*	*	*	*	*	AJ877221	*
N	*	249	*	*	*	*	*	AJ005367	*
L	4046	250	*	*	*	*	*	FJ538353	*
H	4046	250	94.0	+	0	0	32MD57MI74M2I84M2D	FJ538352	FJ538353
N	*	214	*	*	*	*	*	EF026118	*
N	*	237	*	*	*	*	*	FJ416301	*
N	*	250	*	*	*	*	*	AY461834	*
L	1680	168	*	*	*	*	*	GU138749	*
H	1680	169	96.4	+	0	0	68MI18M2D81M	EF191243	GU138749
L	4267	221	*	*	*	*	*	AF072233	*
H	4267	221	95.5	+	0	0	221M	EF373565	AF072233
N	*	250	*	*	*	*	*	EF081003	*
N	*	215	*	*	*	*	*	EF194147	*
N	*	250	*	*	*	*	*	AB252471	*
N	*	166	*	*	*	*	*	AF224333	*
N	*	127	*	*	*	*	*	AF319423	*
N	*	126	*	*	*	*	*	EF081374	*
N	*	132	*	*	*	*	*	AJ292391	*
N	*	205	*	*	*	*	*	AF444634	*
L	6301	228	*	*	*	*	*	FJ487920	*
H	6301	103	91.3	+	0	0	124I56MI47M	AF192317	FJ487920
N	*	200	*	*	*	*	*	AF224395	*
N	*	250	*	*	*	*	*	DQ384578	*
N	*	250	*	*	*	*	*	AF335455	*
N	*	250	*	*	*	*	*	AF335457	*
N	*	250	*	*	*	*	*	EF155483	*
N	*	211	*	*	*	*	*	EF445992	*
L	298	121	*	*	*	*	*	EU709777	*
H	298	123	92.6	+	0	0	3D51MI69M	EF158023	EU709777
N	*	250	*	*	*	*	*	U10409	*
N	*	215	*	*	*	*	*	AF364843	*
N	*	250	*	*	*	*	*	EF190282	*
N	*	250	*	*	*	*	*	EF530937	*
L	7203	185	*	*	*	*	*	HQ162266	*
H	7203	173	90.2	+	0	0	8I27M6I62M2D82M	EF535688	HQ162266
L	5490	186	*	*	*	*	*	DQ530217	*
H	5490	182	96.2	+	0	0	93MI30M2I41MI18M	GQ852764	DQ530217
N	*	180	*	*	*	*	*	AF383953	*
N	*	172	*	*	*	*	*	EF197088	*
L	5418	113	*	*	*	*	*	DQ354537	*
H	5418	110	98.2	+	0	0	34M3I76M	EF561640	DQ354537
L	7696	181	*	*	*	*	*	JF951149	*
H	7696	178	92.7	+	0	0	90MI26MI34MI28M	EF394866	JF951149
N	*	187	*	*	*	*	*	EF568065	*
L	4290	231	*	*	*	*	*	AF097578	*
H	4290	121	96.7	+	0	0	109I65MI56M	EF600943	AF097578
N	*	204	*	*	*	*	*	EF600974	*
N	*	115	*	*	*	*	*	AJ133397	*
N	*	173	*	*	*	*	*	EF636923	*
L	334	250	*	*	*	*	*	AF357058	*
H	334	250	94.8	+	0	0	185MI64MD	AF357052	AF357058
N	*	250	*	*	*	*	*	AF357062	*
N	*	250	*	*	*	*	*	DQ534463	*
N	*	215	*	*	*	*	*	DQ534479	*
N	*	206	*	*	*	*	*	EF989122	*
N	*	121	*	*	*	*	*	AM749919	*
L	2335	223	*	*	*	*	*	HQ589142	*
H	2335	212	92.9	+	0	0	8I86M3I126M	EF669990	HQ589142
L	2684	250	*	*	*	*	*	AY317137	*
H	2684	250	97.2	+	0	0	177MI72MD	EU047935	AY317137
N	*	182	*	*	*	*	*	EF605270	*
N	*	235	*	*	*	*	*	EU118629	*
L	3272	229	*	*	*	*	*	JQ044422	*
H	3272	190	91.6	+	0	0	25MD34MI12MI26M19I10M19I31MD21MI29M	EU040222	JQ044422
N	*	221	*	*	*	*	*	EU069498	*
L	6171	187	*	*	*	*	*	EU882112	*
H	6171	180	90.0	+	0	0	35MI33MI24MI54M3I11MI23M	EU041780	EU882112
N	*	227	*	*	*	*	*	EU035404	*
N	*	216	*	*	*	*	*	EU035423	*
N	*	213	*	*	*	*	*	GQ927253	*
N	*	135	*	*	*	*	*	EU008632	*
N	*	212	*	*	*	*	*	EU006532	*
N	*	225	*	*	*	*	*	AF332117	*
N	*	177	*	*	*	*	*	AF332127	*
N	*	195	*	*	*	*	*	EU037891	*
N	*	250	*	*	*	*	*	EU040217	*
N	*	149	*	*	*	*	*	EU266501	*
N	*	242	*	*	*	*	*	EF513771	*
N	*	244	*	*	*	*	*	AB097450	*
L	7487	179	*	*	*	*	*	JF271757	*
H	7487	174	97.7	+	0	0	I80MI6M2I59MI29M	EU144054	JF271757
N	*	230	*	*	*	*	*	FJ766487	*
L	6787	229	*	*	*	*	*	GU067734	*
H	6787	225	95.6	+	0	0	76MI83M3I66M	FJ462747	GU067734
N	*	250	*	*	*	*	*	EU293816	*
L	488	181	*	*	*	*	*	EU853471	*
H	488	181	98.9	+	0	0	181M	EU853479	EU853471
N	*	196	*	*	*	*	*	EU266078	*
N	*	209	*	*	*	*	*	EU266100	*
N	*	223	*	*	*	*	*	EU266103	*
N	*	195	*	*	*	*	*	EU266107	*
L	1685	166	*	*	*	*	*	FJ900601	*
H	1685	172	100.0	+	0	0	6D166M	FJ941882	FJ900601
N	*	250	*	*	*	*	*	EU352773	*
N	*	250	*	*	*	*	*	EU330178	*
L	1460	191	*	*	*	*	*	EU715605	*
H	1460	193	97.4	+	0	0	8M2D183M	EU339370	EU715605
N	*	143	*	*	*	*	*	HE611486	*
N	*	250	*	*	*	*	*	EU402595	*
L	5835	250	*	*	*	*	*	EU157728	*
H	5835	250	97.6	+	0	0	139MI110MD	EU420068	EU157728
N	*	250	*	*	*	*	*	EU477860	*
L	4014	197	*	*	*	*	*	FJ411408	*
H	4014	198	91.9	+	0	0	55MD110MD19MI12M	U57668	FJ411408
N	*	250	*	*	*	*	*	EU401714	*
L	1478	167	*	*	*	*	*	EF051727	*
H	1478	164	97.6	+	0	0	133M3I31M	EF051729	EF051727
N	*	236	*	*	*	*	*	EU343869	*
L	5378	170	*	*	*	*	*	DQ247776	*
H	5378	173	90.6	+	0	0	55MD19MD12MD16M2D14MI23MI29M	EU551192	DQ247776
L	1867	219	*	*	*	*	*	GQ996575	*
H	1867	224	98.6	+	0	0	4D97MD122M	EU551205	GQ996575
L	607	100	*	*	*	*	*	EU254860	*
H	607	84	95.2	+	0	0	14I12MI41MI31M	EU254750	EU254860
L	6500	106	*	*	*	*	*	FR667997	*
H	6500	104	93.3	+	0	0	D5M2I45M2I16MD36M	EU254889	FR667997
L	2459	86	*	*	*	*	*	EU254963	*
H	2459	86	91.9	+	0	0	86M	EU254918	EU254963
N	*	222	*	*	*	*	*	AF410820	*
N	*	178	*	*	*	*	*	AJ301962	*
N	*	241	*	*	*	*	*	AF454429	*
L	2310	211	*	*	*	*	*	HM595526	*
H	2310	96	97.9	+	0	0	115I96M	EU434855	HM595526
N	*	216	*	*	*	*	*	AF394020	*
N	*	202	*	*	*	*	*	EU622257	*
N	*	250	*	*	*	*	*	EU708338	*
L	3095	182	*	*	*	*	*	JN712502	*
H	3095	186	90.1	+	0	0	88M3D63MD31M	EU707898	JN712502
L	738	149	*	*	*	*	*	EU520144	*
H	738	146	97.3	+	0	0	26M2I19MI101M	EU520134	EU520144
N	*	250	*	*	*	*	*	EU697242	*
N	*	235	*	*	*	*	*	EU697272	*
N	*	82	*	*	*	*	*	EU553494	*
N	*	250	*	*	*	*	*	EU623638	*
N	*	250	*	*	*	*	*	EU552137	*
N	*	250	*	*	*	*	*	AJ518879	*
N	*	102	*	*	*	*	*	EU683062	*
L	4326	216	*	*	*	*	*	AF141367	*
H	4326	222	92.6	+	0	0	2D164MD25M3D27M	EU707822	AF141367
N	*	250	*	*	*	*	*	GQ165705	*
L	4584	250	*	*	*	*	*	AF485069	*
H	4584	250	92.0	+	0	0	193MI46M2I8M3D	EU834222	AF485069
N	*	202	*	*	*	*	*	EU819412	*
N	*	210	*	*	*	*	*	EU819439	*
N	*	250	*	*	*	*	*	EU819469	*
N	*	200	*	*	*	*	*	EU846259	*
L	842	192	*	*	*	*	*	EU673336	*
H	842	215	90.6	+	0	0	87M23D105M	EU673340	EU673336
L	845	216	*	*	*	*	*	FJ914669	*
H	845	211	92.9	+	0	0	9MI8MI70M3I25MI62MD36M	AM774156	FJ914669
L	454	218	*	*	*	*	*	AF254628	*
H	454	222	92.2	+	0	0	156MI14MD23MD6M3D18M	AF404123	AF254628
L	3646	144	*	*	*	*	*	AY854070	*
H	3646	142	97.9	+	0	0	73MI40MI29M	FJ478111	AY854070
L	6767	229	*	*	*	*	*	AF085492	*
H	6767	229	91.3	+	0	0	25M2D21MI49MI132M	EU918698	AF085492
N	*	171	*	*	*	*	*	EU920673	*
N	*	207	*	*	*	*	*	EU681281	*
N	*	229	*	*	*	*	*	EU681286	*
N	*	201	*	*	*	*	*	FJ000402	*
L	2255	220	*	*	*	*	*	FJ878682	*
H	2255	224	97.7	+	0	0	26MD68M2D91MD35M	GQ461906	FJ878682
L	7771	207	*	*	*	*	*	JN564004	*
H	7771	208	94.2	+	0	0	36MI75MD4MD91M	EU715604	JN564004
N	*	165	*	*	*	*	*	EU715633	*
N	*	170	*	*	*	*	*	AF444299	*
L	4022	154	*	*	*	*	*	AB042227	*
H	4022	152	91.4	+	0	0	66MD12MI19MI28MI26M	AF444461	AB042227
N	*	188	*	*	*	*	*	AF444494	*
N	*	202	*	*	*	*	*	AF444630	*
L	5376	186	*	*	*	*	*	DQ238743	*
H	5376	190	97.8	+	0	0	24MI32MD26MD40M2D9MD54M	AF444593	DQ238743
N	*	236	*	*	*	*	*	EU784181	*
N	*	250	*	*	*	*	*	EU784183	*
N	*	250	*	*	*	*	*	EU784185	*
N	*	198	*	*	*	*	*	EU784186	*
N	*	250	*	*	*	*	*	EU784192	*
N	*	137	*	*	*	*	*	EU784442	*
N	*	215	*	*	*	*	*	FJ150707	*
N	*	199	*	*	*	*	*	U66011	*
L	3479	213	*	*	*	*	*	AF117353	*
H	3479	206	90.8	+	0	0	2I16MI35M2I49MI73MI33M	U66016	AF117353
N	*	250	*	*	*	*	*	AF377057	*
N	*	201	*	*	*	*	*	AF003989	*
N	*	201	*	*	*	*	*	U57988	*
L	7283	195	*	*	*	*	*	EF029230	*
H	7283	185	94.6	+	0	0	9I104MI81M	FJ005092	EF029230
N	*	183	*	*	*	*	*	EU860055	*
N	*	188	*	*	*	*	*	FJ481021	*
N	*	250	*	*	*	*	*	FJ810171	*
N	*	248	*	*	*	*	*	FJ499393	*
N	*	250	*	*	*	*	*	FJ594063	*
L	3744	237	*	*	*	*	*	AY773454	*
H	3744	238	97.0	+	0	0	100MD26MD71MI39M	FJ599809	AY773454
N	*	199	*	*	*	*	*	FJ596791	*
N	*	190	*	*	*	*	*	FJ596839	*
N	*	209	*	*	*	*	*	FJ789599	*
L	3721	202	*	*	*	*	*	AF141186	*
H	3721	202	96.5	+	0	0	202M	GU062273	AF141186
L	284	207	*	*	*	*	*	EF197082	*
H	284	205	92.7	+	0	0	87M5I19M3D96M	AY999116	EF197082
N	*	214	*	*	*	*	*	DQ018098	*
N	*	120	*	*	*	*	*	FM202494	*
L	7790	229	*	*	*	*	*	FJ794472	*
H	7790	229	93.9	+	0	0	229M	AF405301	FJ794472
N	*	228	*	*	*	*	*	GU234033	*
L	3743	235	*	*	*	*	*	AY773446	*
H	3743	237	92.3	+	0	0	71M2D34MI79MD50M	FJ380941	AY773446
L	3693	218	*	*	*	*	*	AY965755	*
H	3693	205	90.2	+	0	0	100M11I50MI13MI42M	FJ380944	AY965755
N	*	220	*	*	*	*	*	FJ871107	*
N	*	222	*	*	*	*	*	FJ645263	*
N	*	250	*	*	*	*	*	FJ770392	*
N	*	221	*	*	*	*	*	FJ588711	*
N	*	250	*	*	*	*	*	AF491557	*
N	*	247	*	*	*	*	*	GQ267480	*
N	*	250	*	*	*	*	*	GQ292540	*
L	3085	176	*	*	*	*	*	AY303969	*
H	3085	180	90.9	+	0	0	25MD9M2D27MD59MD29MI26M	GQ355335	AY303969
N	*	221	*	*	*	*	*	AB439544	*
N	*	219	*	*	*	*	*	JF509174	*
N	*	236	*	*	*	*	*	GQ355959	*
N	*	240	*	*	*	*	*	GQ303293	*
L	869	213	*	*	*	*	*	EU934759	*
H	869	224	90.1	+	0	0	24M2D7M2D83M7D41MI33MD24M	GQ303296	EU934759
L	4803	207	*	*	*	*	*	AM159623	*
H	4803	207	99.5	+	0	0	207M	FJ903297	AM159623
N	*	250	*	*	*	*	*	AF454576	*
N	*	250	*	*	*	*	*	GQ981494	*
N	*	250	*	*	*	*	*	GQ981503	*
L	2807	206	*	*	*	*	*	HQ650721	*
H	2807	206	98.1	+	0	0	206M	FJ919809	HQ650721
L	2338	185	*	*	*	*	*	GQ922525	*
H	2338	185	95.7	+	0	0	83MD81MI20M	GQ922520	GQ922525
L	7485	214	*	*	*	*	*	JF271754	*
H	7485	207	97.6	+	0	0	6I164MI43M	EF585539	JF271754
N	*	250	*	*	*	*	*	FJ827713	*
N	*	150	*	*	*	*	*	FJ827725	*
L	7024	250	*	*	*	*	*	HM005139	*
H	7024	250	90.4	+	0	0	18MD42M8I76MD9M2D32M3I62M7D	GQ913359	HM005139
L	7104	129	*	*	*	*	*	HM484865	*
H	7104	126	94.4	+	0	0	13M2I86MI27M	GU219471	HM484865
N	*	204	*	*	*	*	*	GU222294	*
N	*	152	*	*	*	*	*	FJ887922	*
N	*	172	*	*	*	*	*	GU138755	*
N	*	250	*	*	*	*	*	AF482855	*
N	*	250	*	*	*	*	*	AF482859	*
N	*	250	*	*	*	*	*	GU014817	*
L	3981	189	*	*	*	*	*	DQ491515	*
H	3981	190	95.2	+	0	0	24MI18MD21MD125M	GU214649	DQ491515
N	*	200	*	*	*	*	*	AB104725	*
N	*	83	*	*	*	*	*	GQ203770	*
L	6711	210	*	*	*	*	*	FN868481	*
H	6711	204	96.1	+	0	0	105M6I99M	EU860383	FN868481
N	*	192	*	*	*	*	*	AY204610	*
N	*	244	*	*	*	*	*	AJ439439	*
N	*	216	*	*	*	*	*	GU594161	*
N	*	190	*	*	*	*	*	AB213454	*
N	*	165	*	*	*	*	*	GQ890325	*
N	*	250	*	*	*	*	*	AB056132	*
N	*	209	*	*	*	*	*	U51967	*
N	*	179	*	*	*	*	*	FN821965	*
N	*	250	*	*	*	*	*	GU324760	*
N	*	204	*	*	*	*	*	AF009805	*
N	*	201	*	*	*	*	*	AF009812	*
L	7764	83	*	*	*	*	*	JN383815	*
H	7764	125	92.8	+	0	0	43D29MI53M	AF009815	JN383815
N	*	158	*	*	*	*	*	HM208605	*
N	*	208	*	*	*	*	*	AB509921	*
L	4687	90	*	*	*	*	*	AJ293879	*
H	4687	90	93.3	+	0	0	90M	U92307	AJ293879
N	*	215	*	*	*	*	*	HM016895	*
L	7187	246	*	*	*	*	*	AJ315834	*
H	7187	250	95.1	+	0	0	3D225MD21M	AB566287	AJ315834
N	*	222	*	*	*	*	*	JQ711893	*
L	4033	189	*	*	*	*	*	AB072232	*
H	4033	189	96.8	+	0	0	189M	AB072233	AB072232
L	4842	186	*	*	*	*	*	FJ914679	*
H	4842	192	91.4	+	0	0	90M7D35MI60M	EF639862	FJ914679
N	*	211	*	*	*	*	*	GU187524	*
L	2195	210	*	*	*	*	*	HM467652	*
H	2195	193	92.2	+	0	0	43M2D45M19I103M	EU673327	HM467652
H	7283	194	91.2	+	0	0	D25MI21MI20MD47MI79M	FR668015	EF029230
L	5880	228	*	*	*	*	*	AB267394	*
H	5880	238	92.5	+	0	0	8D205M2D23M	U85789	AB267394
L	1572	200	*	*	*	*	*	GQ922522	*
H	1572	201	95.5	+	0	0	4D24MI81M2I92M	HQ406808	GQ922522
N	*	226	*	*	*	*	*	HM583842	*
N	*	221	*	*	*	*	*	HM215520	*
N	*	250	*	*	*	*	*	GU234149	*
N	*	151	*	*	*	*	*	HM191746	*
L	3991	219	*	*	*	*	*	U31843	*
H	3991	229	92.2	+	0	0	16MD67M3D22M4D58M2D56M	AB190871	U31843
N	*	224	*	*	*	*	*	AF539471	*
N	*	208	*	*	*	*	*	HM244759	*
N	*	250	*	*	*	*	*	HQ533010	*
N	*	250	*	*	*	*	*	HQ533012	*
N	*	217	*	*	*	*	*	GU300790	*
N	*	250	*	*	*	*	*	HM005073	*
N	*	250	*	*	*	*	*	HM005147	*
N	*	205	*	*	*	*	*	AF384861	*
N	*	250	*	*	*	*	*	AB607172	*
N	*	205	*	*	*	*	*	AB546949	*
L	1449	216	*	*	*	*	*	EU700370	*
H	1449	215	91.2	+	0	0	36MD71M2I107M	AY604526	EU700370
N	*	250	*	*	*	*	*	GU479307	*
N	*	222	*	*	*	*	*	GU994566	*
H	4014	198	92.9	+	0	0	55MD35MD49MI57M	JF340250	FJ411408
L	5329	230	*	*	*	*	*	AY929375	*
H	5329	230	97.4	+	0	0	54MD114MI61M	FJ798603	AY929375
N	*	212	*	*	*	*	*	JF681966	*
L	7700	250	*	*	*	*	*	GU233324	*
H	7700	250	94.8	+	0	0	22MD133MI70MD23MI	AF389161	GU233324
L	1541	221	*	*	*	*	*	AF451790	*
H	1541	221	95.5	+	0	0	221M	AF072224	AF451790
L	4980	207	*	*	*	*	*	EU450836	*
H	4980	210	99.5	+	0	0	4D18MI188M	FJ903377	EU450836
N	*	142	*	*	*	*	*	HQ222013	*
L	5426	250	*	*	*	*	*	DQ384587	*
H	5426	250	93.2	+	0	0	190MI59MD	AF506379	DQ384587
L	3931	250	*	*	*	*	*	DQ389662	*
H	3931	250	99.2	+	0	0	206M2I42M2D	AF506389	DQ389662
L	4365	250	*	*	*	*	*	EU029943	*
H	4365	250	98.8	+	0	0	3D247M3I	AF506441	EU029943
L	5620	176	*	*	*	*	*	EF121859	*
H	5620	176	99.4	+	0	0	176M	FJ481051	EF121859
N	*	227	*	*	*	*	*	HQ650601	*
N	*	90	*	*	*	*	*	AF274086	*
N	*	206	*	*	*	*	*	HQ650635	*
N	*	214	*	*	*	*	*	HQ650638	*
N	*	197	*	*	*	*	*	HQ650696	*
N	*	163	*	*	*	*	*	HQ650699	*
L	2888	202	*	*	*	*	*	HQ693875	*
H	2888	195	95.4	+	0	0	81M6I49MD12MI21MI31M	GU222301	HQ693875
L	5883	180	*	*	*	*	*	EU301086	*
H	5883	182	91.1	+	0	0	30MD21MD68MI30MD30M	JF499851	EU301086
L	6242	201	*	*	*	*	*	FJ357315	*
H	6242	228	91.0	+	0	0	8MI30M15D9M12D125MD28M	AY359887	FJ357315
N	*	118	*	*	*	*	*	JN053487	*
N	*	250	*	*	*	*	*	FJ608589	*
L	3105	138	*	*	*	*	*	U21835	*
H	3105	162	92.8	+	0	0	7D56M16D82MD	Z81447	U21835
N	*	202	*	*	*	*	*	JF908018	*
L	3016	232	*	*	*	*	*	JF908721	*
H	3016	235	93.5	+	0	0	129M2D49MD54M	JF908719	JF908721
N	*	201	*	*	*	*	*	JF908763	*
N	*	250	*	*	*	*	*	JF908772	*
N	*	218	*	*	*	*	*	JF908791	*
N	*	250	*	*	*	*	*	JF495036	*
N	*	220	*	*	*	*	*	JN009733	*
L	952	222	*	*	*	*	*	EU784156	*
H	952	222	90.1	+	0	0	166MI28MD27M	HQ650610	EU784156
N	*	151	*	*	*	*	*	JN654921	*
L	5922	203	*	*	*	*	*	EU807869	*
H	5922	200	93.0	+	0	0	3I141MI36MD22M	AY372676	EU807869
N	*	198	*	*	*	*	*	JN049866	*
N	*	230	*	*	*	*	*	AF038354	*
L	5266	236	*	*	*	*	*	AY916454	*
H	5266	235	90.2	+	0	0	38MD30M2I60MD56MI49M	JN865203	AY916454
L	6509	115	*	*	*	*	*	FM876833	*
H	6509	119	93.9	+	0	0	24MD10MD45MD12MD24M	FR750134	FM876833
N	*	210	*	*	*	*	*	JN638251	*
N	*	250	*	*	*	*	*	AF079678	*
N	*	177	*	*	*	*	*	JF417488	*
N	*	236	*	*	*	*	*	EF577058	*
N	*	245	*	*	*	*	*	JN710531	*
N	*	224	*	*	*	*	*	JN710548	*
N	*	211	*	*	*	*	*	JN899400	*
L	6154	250	*	*	*	*	*	EU833658	*
H	6154	250	93.2	+	0	0	199MD9MI41M	AB067724	EU833658
N	*	192	*	*	*	*	*	JF440977	*
N	*	167	*	*	*	*	*	JF440978	*
L	3335	250	*	*	*	*	*	JQ408230	*
H	3335	250	98.0	+	0	0	250M	JQ408227	JQ408230
L	3217	174	*	*	*	*	*	GQ280665	*
H	3217	174	94.3	+	0	0	174M	JQ347275	GQ280665
N	*	216	*	*	*	*	*	AF097903	*
N	*	250	*	*	*	*	*	AF059285	*
L	2047	250	*	*	*	*	*	GU980122	*
H	2047	250	90.8	+	0	0	4I144M15D91M11I	AY534119	GU980122
N	*	110	*	*	*	*	*	AJ508681	*
N	*	250	*	*	*	*	*	AY558598	*
N	*	250	*	*	*	*	*	EF527210	*
N	*	217	*	*	*	*	*	AY558633	*
N	*	234	*	*	*	*	*	AY621777	*
N	*	250	*	*	*	*	*	AJ237626	*
L	1442	204	*	*	*	*	*	GQ241279	*
H	1442	196	94.9	+	0	0	8I196M	AF071340	GQ241279
N	*	212	*	*	*	*	*	AY558743	*
N	*	250	*	*	*	*	*	AJ716159	*
N	*	87	*	*	*	*	*	AY755347	*
N	*	233	*	*	*	*	*	AY652759	*
N	*	193	*	*	*	*	*	AY854068	*
N	*	245	*	*	*	*	*	GQ304945	*
L	2720	250	*	*	*	*	*	AF506442	*
H	2720	250	98.4	+	0	0	208MD41MI	AF141637	AF506442
N	*	176	*	*	*	*	*	AY789280	*
N	*	92	*	*	*	*	*	AY795873	*
L	683	250	*	*	*	*	*	U56036	*
H	683	250	95.2	+	0	0	22MD137MD45MI44MI	U56046	U56036
N	*	240	*	*	*	*	*	DQ000299	*
N	*	250	*	*	*	*	*	AF097755	*
N	*	216	*	*	*	*	*	AJ247516	*
N	*	242	*	*	*	*	*	AJ131785	*
N	*	230	*	*	*	*	*	AJ133433	*
L	188	219	*	*	*	*	*	EF373567	*
H	188	221	96.8	+	0	0	106MD16MD97M	AF226661	EF373567
N	*	132	*	*	*	*	*	U21830	*
N	*	250	*	*	*	*	*	DQ097357	*
N	*	240	*	*	*	*	*	DQ144611	*
N	*	225	*	*	*	*	*	DQ144612	*
L	5347	250	*	*	*	*	*	DQ144620	*
H	5347	250	93.6	+	0	0	188MD61MI	DQ144619	DQ144620
N	*	108	*	*	*	*	*	DQ201952	*
N	*	250	*	*	*	*	*	DQ241471	*
N	*	250	*	*	*	*	*	AB214899	*
L	608	95	*	*	*	*	*	EU255033	*
H	608	96	93.7	+	0	0	D95M	EU199178	EU255033
H	608	122	90.5	+	0	0	27D95M	EU199187	EU255033
L	5400	250	*	*	*	*	*	DQ328103	*
H	5400	250	92.8	+	0	0	8I61MI72MD33MI27MD47M8D	DQ328113	DQ328103
N	*	250	*	*	*	*	*	DQ328168	*
N	*	216	*	*	*	*	*	DQ384594	*
L	2714	250	*	*	*	*	*	AF506394	*
H	2714	250	98.4	+	0	0	250M	DQ389663	AF506394
N	*	111	*	*	*	*	*	AF274081	*
L	8106	250	*	*	*	*	*	AF140260	*
H	8106	109	98.2	+	0	0	141I109M	AF231912	AF140260
N	*	173	*	*	*	*	*	DQ497617	*
N	*	115	*	*	*	*	*	DQ516524	*
L	4216	250	*	*	*	*	*	AB354209	*
H	4216	250	91.2	+	0	0	3I5MI241M4D	EU343866	AB354209
N	*	127	*	*	*	*	*	AB105353	*
N	*	250	*	*	*	*	*	GQ167045	*
N	*	224	*	*	*	*	*	AB278196	*
N	*	201	*	*	*	*	*	AB353761	*
N	*	170	*	*	*	*	*	DQ885585	*
N	*	250	*	*	*	*	*	AB454319	*
N	*	198	*	*	*	*	*	AB481284	*
L	7933	194	*	*	*	*	*	U57813	*
H	7933	196	96.4	+	0	0	2D10MD49MI134M	AB481288	U57813
N	*	207	*	*	*	*	*	GQ456166	*
L	4194	180	*	*	*	*	*	AB524797	*
H	4194	181	90.0	+	0	0	72MD108M	AB524791	AB524797
N	*	183	*	*	*	*	*	AB524794	*
H	4194	178	93.3	+	0	0	23MI16M2I32MD106M	AB524812	AB524797
N	*	109	*	*	*	*	*	AF068922	*
L	4274	250	*	*	*	*	*	AF079715	*
H	4274	250	90.4	+	0	0	24M4I95MD11MI115M4D	AF079673	AF079715
L	3268	250	*	*	*	*	*	AF079721	*
H	3268	250	94.4	+	0	0	117MD132MI	AF079676	AF079721
N	*	250	*	*	*	*	*	AF079684	*
N	*	250	*	*	*	*	*	AF090875	*
N	*	222	*	*	*	*	*	AF116180	*
L	3128	171	*	*	*	*	*	FJ172294	*
H	3128	167	93.4	+	0	0	D18MD60M6I87M	AF201713	FJ172294
N	*	171	*	*	*	*	*	AF222849	*
N	*	222	*	*	*	*	*	AF227513	*
N	*	250	*	*	*	*	*	AF345807	*
N	*	171	*	*	*	*	*	AF350290	*
L	3611	207	*	*	*	*	*	DQ119115	*
H	3611	207	96.6	+	0	0	207M	AF385213	DQ119115
N	*	250	*	*	*	*	*	AF391038	*
N	*	237	*	*	*	*	*	AF435825	*
N	*	136	*	*	*	*	*	AF444318	*
L	6920	156	*	*	*	*	*	GU327539	*
H	6920	159	93.6	+	0	0	27MD60M2D69M	AF444670	GU327539
N	*	250	*	*	*	*	*	AF484690	*
L	5819	250	*	*	*	*	*	EU118647	*
H	5819	250	96.4	+	0	0	I205M3D42M2I	AF506423	EU118647
H	3931	250	99.6	+	0	0	250M	AF506449	DQ389662
L	2715	250	*	*	*	*	*	AF506428	*
H	2715	250	96.0	+	0	0	74MI175MD	AF506484	AF506428
N	*	170	*	*	*	*	*	AF128440	*
L	7398	122	*	*	*	*	*	HQ660438	*
H	7398	122	100.0	+	0	0	122M	AJ292401	HQ660438
N	*	250	*	*	*	*	*	AJ315841	*
N	*	196	*	*	*	*	*	AJ866977	*
N	*	224	*	*	*	*	*	AY781267	*
N	*	250	*	*	*	*	*	AY176347	*
N	*	250	*	*	*	*	*	AY313953	*
N	*	250	*	*	*	*	*	AY367606	*
N	*	250	*	*	*	*	*	AY367612	*
L	7539	189	*	*	*	*	*	HQ897818	*
H	7539	201	90.5	+	0	0	55M2D32MD31MD17M6D30M2D24M	AY428793	HQ897818
N	*	197	*	*	*	*	*	AY509553	*
L	2738	250	*	*	*	*	*	AF516601	*
H	2738	250	94.4	+	0	0	2I27MI19M3D84MI116MD	AY513570	AF516601
N	*	250	*	*	*	*	*	AY571044	*
N	*	250	*	*	*	*	*	AY571048	*
N	*	96	*	*	*	*	*	AY583329	*
L	3756	127	*	*	*	*	*	AF218400	*
H	3756	243	96.1	+	0	0	114D8M2D13MD4MD72MI7MI21M	AY618666	AF218400
L	6169	182	*	*	*	*	*	EU863526	*
H	6169	218	93.4	+	0	0	9M2D51MD15M19D24M14D83M	EU851104	EU863526
L	2369	195	*	*	*	*	*	AY204590	*
H	2369	189	92.1	+	0	0	7I45MD143M	AY729939	AY204590
N	*	193	*	*	*	*	*	AY789408	*
N	*	172	*	*	*	*	*	AY789410	*
L	5131	195	*	*	*	*	*	AY524843	*
H	5131	191	91.1	+	0	0	36MI92M3I63M	AY789285	AY524843
N	*	203	*	*	*	*	*	AY916467	*
L	5421	250	*	*	*	*	*	DQ354553	*
H	5421	250	91.6	+	0	0	4I15MI69MD47MD114M3D	DQ354521	DQ354553
N	*	207	*	*	*	*	*	DQ383639	*
N	*	140	*	*	*	*	*	DQ404393	*
N	*	167	*	*	*	*	*	DQ486698	*
N	*	250	*	*	*	*	*	EU846262	*
N	*	250	*	*	*	*	*	DQ865101	*
N	*	178	*	*	*	*	*	DQ974733	*
N	*	250	*	*	*	*	*	EF026128	*
N	*	250	*	*	*	*	*	HM036645	*
L	412	192	*	*	*	*	*	EU035476	*
H	412	195	95.8	+	0	0	24MD17MD45MD106M	EF029203	EU035476
N	*	195	*	*	*	*	*	EF029205	*
N	*	132	*	*	*	*	*	EF051060	*
N	*	250	*	*	*	*	*	EF190273	*
N	*	212	*	*	*	*	*	EF469157	*
N	*	224	*	*	*	*	*	EF591927	*
N	*	213	*	*	*	*	*	EF596819	*
H	7761	206	94.2	+	0	0	10MD24MI40M2I15MI27M2D87M	EF635909	JN367299
L	5747	201	*	*	*	*	*	EF635904	*
H	5747	204	97.0	+	0	0	4D126MI74M	EF667965	EF635904
N	*	183	*	*	*	*	*	EU010258	*
N	*	189	*	*	*	*	*	EF114691	*
L	5806	119	*	*	*	*	*	EU075549	*
H	5806	118	92.4	+	0	0	46MI72M	EU075541	EU075549
N	*	250	*	*	*	*	*	EU118606	*
N	*	212	*	*	*	*	*	EU287816	*
N	*	83	*	*	*	*	*	EU367452	*
N	*	250	*	*	*	*	*	EU517510	*
N	*	250	*	*	*	*	*	EU517513	*
N	*	245	*	*	*	*	*	EU552156	*
N	*	221	*	*	*	*	*	EU557365	*
N	*	232	*	*	*	*	*	EU669386	*
L	6046	229	*	*	*	*	*	EU681317	*
H	6046	232	94.8	+	0	0	31MD16MD76MI71M2D34M	EU681316	EU681317
N	*	167	*	*	*	*	*	EU784376	*
N	*	250	*	*	*	*	*	EU784394	*
N	*	243	*	*	*	*	*	EU846252	*
N	*	221	*	*	*	*	*	FJ010207	*
N	*	220	*	*	*	*	*	FJ172271	*
N	*	250	*	*	*	*	*	UDB011376	*
L	3092	191	*	*	*	*	*	GU214624	*
H	3092	192	93.7	+	0	0	67MD30M2I64M2D28M	FJ493187	GU214624
L	6117	206	*	*	*	*	*	EU784317	*
H	6117	212	94.2	+	0	0	2I29MI23M8D18M2I63M3D68M	FJ596917	EU784317
N	*	215	*	*	*	*	*	FJ664875	*
N	*	250	*	*	*	*	*	FJ822972	*
N	*	250	*	*	*	*	*	FJ822973	*
N	*	227	*	*	*	*	*	FJ839606	*
L	356	229	*	*	*	*	*	GQ376103	*
H	356	240	93.0	+	0	0	43M4D26MD7M4D94MD25MD34M	FJ839613	GQ376103
N	*	250	*	*	*	*	*	FJ845424	*
H	2195	166	95.2	+	0	0	8I80M36I86M	FJ919668	HM467652
N	*	198	*	*	*	*	*	FJ969801	*
N	*	249	*	*	*	*	*	UDB000448	*
L	1059	138	*	*	*	*	*	FR865444	*
H	1059	144	97.1	+	0	0	42M3D17MD60M2D19M	FN547645	FR865444
N	*	247	*	*	*	*	*	FN907920	*
N	*	187	*	*	*	*	*	GQ267191	*
L	3560	213	*	*	*	*	*	EU571210	*
H	3560	213	100.0	+	0	0	213M	JN207313	EU571210
N	*	250	*	*	*	*	*	FJ501579	*
L	5382	86	*	*	*	*	*	DQ279506	*
H	5382	93	90.7	+	0	0	6D53MD33M	GQ919278	DQ279506
N	*	104	*	*	*	*	*	GQ919281	*
N	*	190	*	*	*	*	*	GQ981488	*
N	*	173	*	*	*	*	*	GQ981500	*
N	*	250	*	*	*	*	*	GQ981522	*
L	633	250	*	*	*	*	*	AF325599	*
H	633	250	92.0	+	0	0	207MI18MI23M2D	GU222273	AF325599
H	7700	250	91.6	+	0	0	22MD95MD14M3D95MD18M6I	GU233325	GU233324
N	*	250	*	*	*	*	*	GU233363	*
N	*	178	*	*	*	*	*	GU291276	*
N	*	223	*	*	*	*	*	GU322433	*
N	*	168	*	*	*	*	*	GU367909	*
N	*	224	*	*	*	*	*	GU384881	*
N	*	209	*	*	*	*	*	GU594152	*
N	*	223	*	*	*	*	*	AF115760	*
N	*	163	*	*	*	*	*	HM060327	*
N	*	236	*	*	*	*	*	HM244773	*
N	*	213	*	*	*	*	*	HM536095	*
N	*	128	*	*	*	*	*	EU014072	*
L	4351	176	*	*	*	*	*	AF181700	*
H	4351	177	98.9	+	0	0	113MD63M	GU062240	AF181700
L	312	219	*	*	*	*	*	EF600969	*
H	312	82	97.6	+	0	0	137I82M	HQ637300	EF600969
N	*	232	*	*	*	*	*	HQ650655	*
N	*	216	*	*	*	*	*	JN849459	*
L	5885	210	*	*	*	*	*	FJ914680	*
H	5885	210	98.6	+	0	0	210M	FJ914687	FJ914680
L	2705	189	*	*	*	*	*	FJ474073	*
H	2705	198	93.1	+	0	0	36M2D19MI14MI17M4D31M2D16M3D54M	HQ897810	FJ474073
L	7481	238	*	*	*	*	*	JF263495	*
H	7481	240	92.0	+	0	0	18MD40MD11MD94M2D10MI40M2I22M	JF263493	JF263495
N	*	250	*	*	*	*	*	JF419894	*
N	*	250	*	*	*	*	*	JF419899	*
L	7718	200	*	*	*	*	*	FJ827038	*
H	7718	198	98.5	+	0	0	2I198M	EU520097	FJ827038
N	*	228	*	*	*	*	*	JF681957	*
N	*	223	*	*	*	*	*	JF681959	*
N	*	250	*	*	*	*	*	JF908597	*
L	3055	157	*	*	*	*	*	JN603595	*
H	3055	156	95.5	+	0	0	123MI33M	FJ534886	JN603595
N	*	250	*	*	*	*	*	JN033218	*
H	7922	250	94.8	+	0	0	159M2I89M2D	U56041	U56044
N	*	224	*	*	*	*	*	JN165015	*
N	*	224	*	*	*	*	*	JN165019	*
L	2492	250	*	*	*	*	*	HQ650733	*
H	2492	250	93.2	+	0	0	23MI47MI119MI58M3D	JN235947	HQ650733
N	*	108	*	*	*	*	*	HQ610175	*
N	*	201	*	*	*	*	*	EU021600	*
N	*	203	*	*	*	*	*	JN942174	*
N	*	197	*	*	*	*	*	U57494	*
N	*	250	*	*	*	*	*	UDB000691	*
N	*	91	*	*	*	*	*	UDB000985	*
L	2986	250	*	*	*	*	*	JF908326	*
H	2986	250	95.6	+	0	0	86MI22MI8MI45MI85M4D	UDB001486	JF908326
N	*	204	*	*	*	*	*	UDB001534	*
N	*	250	*	*	*	*	*	UDB003318	*
N	*	250	*	*	*	*	*	GU590932	*
D	188	2	*	*	*	*	96.8	EF373567	*
D	284	2	*	*	*	*	92.7	EF197082	*
D	288	2	*	*	*	*	97.8	FJ903374	*
D	298	2	*	*	*	*	92.6	EU709777	*
D	312	2	*	*	*	*	97.6	EF600969	*
D	334	2	*	*	*	*	94.8	AF357058	*
D	356	2	*	*	*	*	93.0	GQ376103	*
D	412	2	*	*	*	*	95.8	EU035476	*
D	454	2	*	*	*	*	92.2	AF254628	*
D	488	2	*	*	*	*	98.9	EU853471	*
D	607	2	*	*	*	*	95.2	EU254860	*
D	608	3	*	*	*	*	92.1	EU255033	*
D	633	2	*	*	*	*	92.0	AF325599	*
D	683	2	*	*	*	*	95.2	U56036	*
D	738	2	*	*	*	*	97.3	EU520144	*
D	842	2	*	*	*	*	90.6	EU673336	*
D	845	2	*	*	*	*	92.9	FJ914669	*
D	869	2	*	*	*	*	90.1	EU934759	*
D	952	2	*	*	*	*	90.1	EU784156	*
D	1059	2	*	*	*	*	97.1	FR865444	*
D	1243	2	*	*	*	*	93.5	EU375546	*
D	1442	2	*	*	*	*	94.9	GQ241279	*
D	1449	2	*	*	*	*	91.2	EU700370	*
D	1460	2	*	*	*	*	97.4	EU715605	*
D	1478	2	*	*	*	*	97.6	EF051727	*
D	1541	2	*	*	*	*	95.5	AF451790	*
D	1572	2	*	*	*	*	95.5	GQ922522	*
D	1680	2	*	*	*	*	96.4	GU138749	*
D	1685	2	*	*	*	*	100.0	FJ900601	*
D	1867	2	*	*	*	*	98.6	GQ996575	*
D	2047	2	*	*	*	*	90.8	GU980122	*
D	2195	3	*	*	*	*	93.7	HM467652	*
D	2255	2	*	*	*	*	97.7	FJ878682	*
D	2310	2	*	*	*	*	97.9	HM595526	*
D	2316	2	*	*	*	*	99.0	EU375550	*
D	2335	2	*	*	*	*	92.9	HQ589142	*
D	2338	2	*	*	*	*	95.7	GQ922525	*
D	2369	2	*	*	*	*	92.1	AY204590	*
D	2459	2	*	*	*	*	91.9	EU254963	*
D	2492	2	*	*	*	*	93.2	HQ650733	*
D	2551	2	*	*	*	*	96.5	AB546941	*
D	2684	2	*	*	*	*	97.2	AY317137	*
D	2705	2	*	*	*	*	93.1	FJ474073	*
D	2714	2	*	*	*	*	98.4	AF506394	*
D	2715	2	*	*	*	*	96.0	AF506428	*
D	2720	2	*	*	*	*	98.4	AF506442	*
D	2738	2	*	*	*	*	94.4	AF516601	*
D	2807	2	*	*	*	*	98.1	HQ650721	*
D	2888	2	*	*	*	*	95.4	HQ693875	*
D	2986	2	*	*	*	*	95.6	JF908326	*
D	3016	2	*	*	*	*	93.5	JF908721	*
D	3055	2	*	*	*	*	95.5	JN603595	*
D	3085	2	*	*	*	*	90.9	AY303969	*
D	3092	2	*	*	*	*	93.7	GU214624	*
D	3095	2	*	*	*	*	90.1	JN712502	*
D	3105	2	*	*	*	*	92.8	U21835	*
D	3128	2	*	*	*	*	93.4	FJ172294	*
D	3217	2	*	*	*	*	94.3	GQ280665	*
D	3268	2	*	*	*	*	94.4	AF079721	*
D	3272	2	*	*	*	*	91.6	JQ044422	*
D	3335	2	*	*	*	*	98.0	JQ408230	*
D	3479	2	*	*	*	*	90.8	AF117353	*
D	3560	2	*	*	*	*	100.0	EU571210	*
D	3611	2	*	*	*	*	96.6	DQ119115	*
D	3646	2	*	*	*	*	97.9	AY854070	*
D	3693	2	*	*	*	*	90.2	AY965755	*
D	3721	2	*	*	*	*	96.5	AF141186	*
D	3743	2	*	*	*	*	92.3	AY773446	*
D	3744	2	*	*	*	*	97.0	AY773454	*
D	3756	2	*	*	*	*	96.1	AF218400	*
D	3808	2	*	*	*	*	97.6	DQ144618	*
D	3931	3	*	*	*	*	99.4	DQ389662	*
D	3981	2	*	*	*	*	95.2	DQ491515	*
D	3991	2	*	*	*	*	92.2	U31843	*
D	4014	3	*	*	*	*	92.4	FJ411408	*
D	4022	2	*	*	*	*	91.4	AB042227	*
D	4033	2	*	*	*	*	96.8	AB072232	*
D	4046	2	*	*	*	*	94.0	FJ538353	*
D	4194	3	*	*	*	*	91.6	AB524797	*
D	4216	2	*	*	*	*	91.2	AB354209	*
D	4267	2	*	*	*	*	95.5	AF072233	*
D	4274	2	*	*	*	*	90.4	AF079715	*
D	4290	2	*	*	*	*	96.7	AF097578	*
D	4326	2	*	*	*	*	92.6	AF141367	*
D	4351	2	*	*	*	*	98.9	AF181700	*
D	4365	2	*	*	*	*	98.8	EU029943	*
D	4584	2	*	*	*	*	92.0	AF485069	*
D	4641	2	*	*	*	*	97.5	EU520249	*
D	4642	2	*	*	*	*	96.2	FJ755266	*
D	4687	2	*	*	*	*	93.3	AJ293879	*
D	4803	2	*	*	*	*	99.5	AM159623	*
D	4806	2	*	*	*	*	90.8	AM159634	*
D	4842	2	*	*	*	*	91.4	FJ914679	*
D	4980	2	*	*	*	*	99.5	EU450836	*
D	5131	2	*	*	*	*	91.1	AY524843	*
D	5266	2	*	*	*	*	90.2	AY916454	*
D	5329	2	*	*	*	*	97.4	AY929375	*
D	5347	2	*	*	*	*	93.6	DQ144620	*
D	5376	2	*	*	*	*	97.8	DQ238743	*
D	5378	2	*	*	*	*	90.6	DQ247776	*
D	5382	2	*	*	*	*	90.7	DQ279506	*
D	5400	2	*	*	*	*	92.8	DQ328103	*
D	5418	2	*	*	*	*	98.2	DQ354537	*
D	5421	2	*	*	*	*	91.6	DQ354553	*
D	5426	2	*	*	*	*	93.2	DQ384587	*
D	5490	2	*	*	*	*	96.2	DQ530217	*
D	5620	2	*	*	*	*	99.4	EF121859	*
D	5747	2	*	*	*	*	97.0	EF635904	*
D	5806	2	*	*	*	*	92.4	EU075549	*
D	5819	2	*	*	*	*	96.4	EU118647	*
D	5835	2	*	*	*	*	97.6	EU157728	*
D	5880	2	*	*	*	*	92.5	AB267394	*
D	5883	2	*	*	*	*	91.1	EU301086	*
D	5885	2	*	*	*	*	98.6	FJ914680	*
D	5922	2	*	*	*	*	93.0	EU807869	*
D	6046	2	*	*	*	*	94.8	EU681317	*
D	6117	2	*	*	*	*	94.2	EU784317	*
D	6154	2	*	*	*	*	93.2	EU833658	*
D	6169	2	*	*	*	*	93.4	EU863526	*
D	6171	2	*	*	*	*	90.0	EU882112	*
D	6242	2	*	*	*	*	91.0	FJ357315	*
D	6301	2	*	*	*	*	91.3	FJ487920	*
D	6500	2	*	*	*	*	93.3	FR667997	*
D	6509	2	*	*	*	*	93.9	FM876833	*
D	6711	2	*	*	*	*	96.1	FN868481	*
D	6717	2	*	*	*	*	96.1	DQ681321	*
D	6767	2	*	*	*	*	91.3	AF085492	*
D	6787	2	*	*	*	*	95.6	GU067734	*
D	6920	2	*	*	*	*	93.6	GU327539	*
D	7024	2	*	*	*	*	90.4	HM005139	*
D	7104	2	*	*	*	*	94.4	HM484865	*
D	7187	2	*	*	*	*	95.1	AJ315834	*
D	7203	2	*	*	*	*	90.2	HQ162266	*
D	7283	3	*	*	*	*	92.9	EF029230	*
D	7398	2	*	*	*	*	100.0	HQ660438	*
D	7481	2	*	*	*	*	92.0	JF263495	*
D	7485	2	*	*	*	*	97.6	JF271754	*
D	7487	2	*	*	*	*	97.7	JF271757	*
D	7539	2	*	*	*	*	90.5	HQ897818	*
D	7696	2	*	*	*	*	92.7	JF951149	*
D	7700	3	*	*	*	*	93.2	GU233324	*
D	7718	2	*	*	*	*	98.5	FJ827038	*
D	7761	3	*	*	*	*	92.7	JN367299	*
D	7764	2	*	*	*	*	92.8	JN383815	*
D	7771	2	*	*	*	*	94.2	JN564004	*
D	7790	2	*	*	*	*	93.9	FJ794472	*
D	7922	3	*	*	*	*	95.2	U56044	*
D	7933	2	*	*	*	*	96.4	U57813	*
D	8106	2	*	*	*	*	98.2	AF140260	*
D	8210	2	*	*	*	*	92.4	EU660219	*
