UclustConsensusTaxonAssigner parameters:
id_to_taxonomy_filepath:/Users/nbokulich/Desktop/projects/short-read-tax-assignment/data/ref_dbs/gg_13_8_otus/99_otu_taxonomy_clean.tsv
id_to_taxonomy_fp:/Users/nbokulich/Desktop/projects/short-read-tax-assignment/data/ref_dbs/gg_13_8_otus/99_otu_taxonomy_clean.tsv
max_accepts:3
min_consensus_fraction:1.0
reference_sequences_fp:/Users/nbokulich/Desktop/projects/short-read-tax-assignment/data/ref_dbs/gg_13_8_otus/99_otus_clean_515f-806r_trim250.fasta
similarity:0.8
unassignable_label:Unassigned
Result path: /var/folders/0t/l1dz88p50y91vx_22fx5w3780000gn/T/assign-taxkPpz3d

.uc file contents:

# uclust --input /Users/nbokulich/Desktop/projects/short-read-tax-assignment/data/mock-community/mock-2/rep_seqs.fna --id 0.8 --rev --maxaccepts 3 --allhits --libonly --lib /Users/nbokulich/Desktop/projects/short-read-tax-assignment/data/ref_dbs/gg_13_8_otus/99_otus_clean_515f-806r_trim250.fasta --uc /var/folders/0t/l1dz88p50y91vx_22fx5w3780000gn/T/UclustConsensusTaxonAssigner_ZkzFOT.uc
# version=1.2.22
# Tab-separated fields:
# 1=Type, 2=ClusterNr, 3=SeqLength or ClusterSize, 4=PctId, 5=Strand, 6=QueryStart, 7=SeedStart, 8=Alignment, 9=QueryLabel, 10=TargetLabel
# Record types (field 1): L=LibSeed, S=NewSeed, H=Hit, R=Reject, D=LibCluster, C=NewCluster, N=NoHit
# For C and D types, PctId is average id with seed.
# QueryStart and SeedStart are zero-based relative to start of sequence.
# If minus strand, SeedStart is relative to reverse-complemented seed.
L	10572	250	*	*	*	*	*	14304	*
H	10572	130	80.8	+	0	0	19I91MI31M6I8M94I	374cc1e99575d9458ae00a49098705e3	14304
L	11799	250	*	*	*	*	*	734955	*
H	11799	130	90.8	+	0	0	19I130M101I	b1db5c9ac20466711e0a4f822344c0be	734955
L	2529	250	*	*	*	*	*	555445	*
H	2529	130	90.8	+	0	0	19I130M101I	b1db5c9ac20466711e0a4f822344c0be	555445
L	9632	250	*	*	*	*	*	101860	*
H	9632	130	93.1	+	0	0	19I46MI84M100I	b1db5c9ac20466711e0a4f822344c0be	101860
L	4764	250	*	*	*	*	*	348006	*
H	4764	130	100.0	+	0	0	19I130M101I	e5a41136373411569008d12c6f296726	348006
L	7371	250	*	*	*	*	*	195421	*
H	7371	130	93.1	+	0	0	19I130M101I	e5a41136373411569008d12c6f296726	195421
L	7248	250	*	*	*	*	*	198690	*
H	7248	130	93.1	+	0	0	19I130M101I	e5a41136373411569008d12c6f296726	198690
L	3444	250	*	*	*	*	*	518801	*
H	3444	130	97.7	+	0	0	19I130M101I	42225f360c8cd61fda2da09371b8140c	518801
L	8475	250	*	*	*	*	*	164624	*
H	8475	130	95.4	+	0	0	19I130M101I	42225f360c8cd61fda2da09371b8140c	164624
L	1517	250	*	*	*	*	*	744029	*
H	1517	130	96.2	+	0	0	19I130M101I	42225f360c8cd61fda2da09371b8140c	744029
L	6281	250	*	*	*	*	*	265983	*
H	6281	130	100.0	+	0	0	19I130M101I	fbf3d77ec3a53406bc6d0883b53ff1ca	265983
L	12993	250	*	*	*	*	*	2472963	*
H	12993	130	100.0	+	0	0	19I130M101I	fbf3d77ec3a53406bc6d0883b53ff1ca	2472963
L	19980	250	*	*	*	*	*	4469495	*
H	19980	130	99.2	+	0	0	19I130M101I	fbf3d77ec3a53406bc6d0883b53ff1ca	4469495
L	18579	250	*	*	*	*	*	4402960	*
H	18579	130	99.2	+	0	0	19I130M101I	ec0034ebee5c0c1f14a758b15c595717	4402960
L	7310	250	*	*	*	*	*	197072	*
H	7310	130	97.7	+	0	0	19I130M101I	ec0034ebee5c0c1f14a758b15c595717	197072
L	15014	250	*	*	*	*	*	3618232	*
H	15014	130	95.4	+	0	0	19I130M101I	ec0034ebee5c0c1f14a758b15c595717	3618232
L	10084	250	*	*	*	*	*	62513	*
H	10084	130	94.6	+	0	0	19I130M101I	dc72a92c1049a90717cacd197f966aad	62513
L	6209	250	*	*	*	*	*	269103	*
H	6209	130	90.8	+	0	0	19I130M101I	dc72a92c1049a90717cacd197f966aad	269103
L	7296	250	*	*	*	*	*	197391	*
H	7296	130	89.2	+	0	0	19I130M101I	dc72a92c1049a90717cacd197f966aad	197391
L	14471	250	*	*	*	*	*	806981	*
H	14471	130	90.0	+	0	0	19I130M101I	38e206247e50f6b73f73bbab84e90003	806981
L	12978	250	*	*	*	*	*	2466305	*
H	12978	130	90.0	+	0	0	19I130M101I	38e206247e50f6b73f73bbab84e90003	2466305
L	3760	250	*	*	*	*	*	507111	*
H	3760	130	90.0	+	0	0	19I130M101I	38e206247e50f6b73f73bbab84e90003	507111
L	5243	250	*	*	*	*	*	319923	*
H	5243	130	100.0	+	0	0	19I130M101I	0f2d311381a48cc00eb7e95959a19387	319923
L	6503	250	*	*	*	*	*	256779	*
H	6503	130	100.0	+	0	0	19I130M101I	0f2d311381a48cc00eb7e95959a19387	256779
L	5321	250	*	*	*	*	*	313831	*
H	5321	130	100.0	+	0	0	18I130M102I	0f2d311381a48cc00eb7e95959a19387	313831
L	7722	250	*	*	*	*	*	186556	*
H	7722	130	100.0	+	0	0	19I130M101I	c78d04a72913f63c39d9acc4784a9c32	186556
L	2857	250	*	*	*	*	*	535440	*
H	2857	130	100.0	+	0	0	19I130M101I	c78d04a72913f63c39d9acc4784a9c32	535440
L	7774	250	*	*	*	*	*	185540	*
H	7774	130	100.0	+	0	0	19I130M101I	c78d04a72913f63c39d9acc4784a9c32	185540
L	12778	250	*	*	*	*	*	635820	*
H	12778	130	100.0	+	0	0	19I130M101I	c60f96cb55544a94afb9c1579138434c	635820
L	19488	250	*	*	*	*	*	4446961	*
H	19488	130	100.0	+	0	0	19I130M101I	c60f96cb55544a94afb9c1579138434c	4446961
L	18146	250	*	*	*	*	*	4381303	*
H	18146	130	93.8	+	0	0	19I130M101I	c60f96cb55544a94afb9c1579138434c	4381303
L	7273	250	*	*	*	*	*	197974	*
H	7273	130	99.2	+	0	0	19I130M101I	991001919b92e5e87fe490ce7b2a513f	197974
L	7272	250	*	*	*	*	*	197982	*
H	7272	130	98.5	+	0	0	19I130M101I	991001919b92e5e87fe490ce7b2a513f	197982
L	4471	250	*	*	*	*	*	361159	*
H	4471	130	98.5	+	0	0	19I130M101I	991001919b92e5e87fe490ce7b2a513f	361159
L	3812	250	*	*	*	*	*	469852	*
H	3812	130	100.0	+	0	0	19I130M101I	233710b586fd6018adaa617c73ef9470	469852
L	4317	250	*	*	*	*	*	365385	*
H	4317	130	100.0	+	0	0	19I130M101I	233710b586fd6018adaa617c73ef9470	365385
L	19048	250	*	*	*	*	*	4426298	*
H	19048	130	96.9	+	0	0	19I130M101I	233710b586fd6018adaa617c73ef9470	4426298
L	4577	250	*	*	*	*	*	358293	*
H	4577	130	90.8	+	0	0	19I130M101I	512bf29dfb66e7d8efa560a135366c23	358293
L	1997	250	*	*	*	*	*	583562	*
H	1997	130	90.8	+	0	0	19I130M101I	512bf29dfb66e7d8efa560a135366c23	583562
L	4595	250	*	*	*	*	*	357724	*
H	4595	130	90.8	+	0	0	19I130M101I	512bf29dfb66e7d8efa560a135366c23	357724
H	11799	130	90.0	+	0	0	19I130M101I	bf8c00a77905975f57ccd6e4c1376324	734955
H	9632	130	92.3	+	0	0	19I46MI84M100I	bf8c00a77905975f57ccd6e4c1376324	101860
H	2529	130	90.0	+	0	0	19I130M101I	bf8c00a77905975f57ccd6e4c1376324	555445
L	7473	250	*	*	*	*	*	192740	*
H	7473	130	93.1	+	0	0	19I130M101I	ef917e02c17f23ab6c33e39226bad50e	192740
L	7456	250	*	*	*	*	*	193209	*
H	7456	130	93.1	+	0	0	19I130M101I	ef917e02c17f23ab6c33e39226bad50e	193209
L	4291	250	*	*	*	*	*	366222	*
H	4291	130	93.1	+	0	0	19I130M101I	ef917e02c17f23ab6c33e39226bad50e	366222
L	7151	250	*	*	*	*	*	205916	*
H	7151	130	100.0	+	0	0	19I130M101I	fc1a0da5852ea67928158be959c9e57a	205916
L	9784	250	*	*	*	*	*	90431	*
H	9784	130	100.0	+	0	0	19I130M101I	fc1a0da5852ea67928158be959c9e57a	90431
L	12589	250	*	*	*	*	*	2250345	*
H	12589	130	100.0	+	0	0	19I130M101I	fc1a0da5852ea67928158be959c9e57a	2250345
L	8068	250	*	*	*	*	*	178213	*
H	8068	130	100.0	+	0	0	19I130M101I	ef2d819264fcf190b2ac2ce790cc6e08	178213
L	19823	250	*	*	*	*	*	4463108	*
H	19823	130	100.0	+	0	0	19I130M101I	ef2d819264fcf190b2ac2ce790cc6e08	4463108
L	7475	250	*	*	*	*	*	192680	*
H	7475	130	100.0	+	0	0	19I130M101I	ef2d819264fcf190b2ac2ce790cc6e08	192680
H	18579	130	100.0	+	0	0	19I130M101I	569cf498e9fd1ef4cd5138ea717516d7	4402960
H	7310	130	96.9	+	0	0	19I130M101I	569cf498e9fd1ef4cd5138ea717516d7	197072
L	14554	250	*	*	*	*	*	3362951	*
H	14554	130	93.8	+	0	0	19I130M101I	569cf498e9fd1ef4cd5138ea717516d7	3362951
L	8051	250	*	*	*	*	*	178763	*
H	8051	130	100.0	+	0	0	19I130M101I	f14677bcbc79b5f4afa9de8aba20ae29	178763
L	2714	250	*	*	*	*	*	544573	*
H	2714	130	100.0	+	0	0	19I130M101I	f14677bcbc79b5f4afa9de8aba20ae29	544573
L	15839	250	*	*	*	*	*	4083238	*
H	15839	130	100.0	+	0	0	19I130M101I	f14677bcbc79b5f4afa9de8aba20ae29	4083238
L	7419	250	*	*	*	*	*	194165	*
H	7419	130	100.0	+	0	0	19I130M101I	6247c98849d2f2864133fe9371a9a71c	194165
L	7415	250	*	*	*	*	*	194258	*
H	7415	130	100.0	+	0	0	19I130M101I	6247c98849d2f2864133fe9371a9a71c	194258
L	7381	250	*	*	*	*	*	195125	*
H	7381	130	100.0	+	0	0	19I130M101I	6247c98849d2f2864133fe9371a9a71c	195125
L	7322	250	*	*	*	*	*	196664	*
H	7322	130	100.0	+	0	0	19I130M101I	4c164ca916ff87ed8ae30a1c47a16413	196664
L	17045	250	*	*	*	*	*	4329503	*
H	17045	130	99.2	+	0	0	19I130M101I	4c164ca916ff87ed8ae30a1c47a16413	4329503
L	14213	250	*	*	*	*	*	3180933	*
H	14213	130	99.2	+	0	0	19I130M101I	4c164ca916ff87ed8ae30a1c47a16413	3180933
H	18579	130	99.2	+	0	0	19I130M101I	b2f7bd12ad96fb155abaed142a61d0be	4402960
H	7310	130	96.2	+	0	0	19I130M101I	b2f7bd12ad96fb155abaed142a61d0be	197072
H	15014	130	93.8	+	0	0	19I130M101I	b2f7bd12ad96fb155abaed142a61d0be	3618232
L	18108	250	*	*	*	*	*	4379450	*
H	18108	130	93.8	+	0	0	19I130M101I	67c56b14d5b0729c38834fa264f3db12	4379450
L	4158	250	*	*	*	*	*	370361	*
H	4158	130	93.1	+	0	0	19I130M101I	67c56b14d5b0729c38834fa264f3db12	370361
L	14561	250	*	*	*	*	*	3366133	*
H	14561	130	92.3	+	0	0	19I130M101I	67c56b14d5b0729c38834fa264f3db12	3366133
L	15238	250	*	*	*	*	*	3740407	*
H	15238	130	100.0	+	0	0	19I130M101I	d6b2e1751aaf2e39587f9b501bfc2610	3740407
L	4358	250	*	*	*	*	*	364165	*
H	4358	130	100.0	+	0	0	19I130M101I	d6b2e1751aaf2e39587f9b501bfc2610	364165
L	8626	250	*	*	*	*	*	158738	*
H	8626	130	100.0	+	0	0	19I130M101I	d6b2e1751aaf2e39587f9b501bfc2610	158738
H	11799	130	91.5	+	0	0	19I130M101I	e4ba0c5f6faa5603a3fd9864c74b9c6a	734955
H	2529	130	90.8	+	0	0	19I130M101I	e4ba0c5f6faa5603a3fd9864c74b9c6a	555445
H	9632	130	93.1	+	0	0	19I46MI84M100I	e4ba0c5f6faa5603a3fd9864c74b9c6a	101860
L	7553	250	*	*	*	*	*	190711	*
H	7553	130	100.0	+	0	0	19I130M101I	b34e721572bc5b141f03bb818da8d49e	190711
L	8028	250	*	*	*	*	*	179279	*
H	8028	130	100.0	+	0	0	19I130M101I	b34e721572bc5b141f03bb818da8d49e	179279
L	19213	250	*	*	*	*	*	4433829	*
H	19213	130	100.0	+	0	0	19I130M101I	b34e721572bc5b141f03bb818da8d49e	4433829
L	11941	250	*	*	*	*	*	801155	*
H	11941	130	100.0	+	0	0	19I130M101I	7db1817b2040080b58a1a9b4c7bd9c10	801155
L	4702	250	*	*	*	*	*	351236	*
H	4702	130	100.0	+	0	0	19I130M101I	7db1817b2040080b58a1a9b4c7bd9c10	351236
L	6804	250	*	*	*	*	*	238694	*
H	6804	130	100.0	+	0	0	19I130M101I	7db1817b2040080b58a1a9b4c7bd9c10	238694
L	15894	250	*	*	*	*	*	1116679	*
H	15894	130	100.0	+	0	0	19I130M101I	9d881f5dca06a636e9a17885f2a2101f	1116679
L	2789	250	*	*	*	*	*	539854	*
H	2789	130	100.0	+	0	0	19I130M101I	9d881f5dca06a636e9a17885f2a2101f	539854
L	12439	250	*	*	*	*	*	1139502	*
H	12439	130	97.7	+	0	0	19I130M101I	9d881f5dca06a636e9a17885f2a2101f	1139502
L	11663	250	*	*	*	*	*	1764173	*
H	11663	130	90.8	+	0	0	19I130M101I	9ed522c01a03b6cc904e61e8079d5549	1764173
L	4254	250	*	*	*	*	*	367327	*
H	4254	130	90.8	+	0	0	19I130M101I	9ed522c01a03b6cc904e61e8079d5549	367327
L	15660	250	*	*	*	*	*	3989845	*
H	15660	130	90.8	+	0	0	19I130M101I	9ed522c01a03b6cc904e61e8079d5549	3989845
L	4341	250	*	*	*	*	*	364792	*
H	4341	130	100.0	+	0	0	19I130M101I	c9127c08726c23f9a109676a6b1b3326	364792
L	6336	250	*	*	*	*	*	263523	*
H	6336	130	99.2	+	0	0	19I130M101I	c9127c08726c23f9a109676a6b1b3326	263523
H	14561	130	99.2	+	0	0	19I130M101I	c9127c08726c23f9a109676a6b1b3326	3366133
L	15202	250	*	*	*	*	*	958584	*
H	15202	130	95.4	+	0	0	19I130M101I	5cf7a981fa56343ce6cc69cb0508179e	958584
L	10454	250	*	*	*	*	*	16144	*
H	10454	130	96.2	+	0	0	19I130M101I	5cf7a981fa56343ce6cc69cb0508179e	16144
L	4739	250	*	*	*	*	*	349339	*
H	4739	130	93.8	+	0	0	19I130M101I	5cf7a981fa56343ce6cc69cb0508179e	349339
L	12980	250	*	*	*	*	*	2467145	*
H	12980	130	100.0	+	0	0	19I130M101I	f401596feaf31328caf1db2cac3fff5a	2467145
L	13067	250	*	*	*	*	*	2506490	*
H	13067	130	100.0	+	0	0	19I130M101I	f401596feaf31328caf1db2cac3fff5a	2506490
L	2741	250	*	*	*	*	*	542986	*
H	2741	130	100.0	+	0	0	19I130M101I	f401596feaf31328caf1db2cac3fff5a	542986
L	1320	250	*	*	*	*	*	817146	*
H	1320	130	100.0	+	0	0	19I130M101I	307af2317138525dd1591bafa3c60610	817146
L	18069	250	*	*	*	*	*	4377813	*
H	18069	130	100.0	+	0	0	19I130M101I	307af2317138525dd1591bafa3c60610	4377813
H	7475	130	99.2	+	0	0	19I130M101I	307af2317138525dd1591bafa3c60610	192680
L	5194	250	*	*	*	*	*	322658	*
H	5194	130	98.5	+	0	0	19I130M101I	e6acb2b2b9c86da298a1b13aaaf42bc6	322658
L	4873	250	*	*	*	*	*	342294	*
H	4873	130	97.7	+	0	0	19I130M101I	e6acb2b2b9c86da298a1b13aaaf42bc6	342294
L	9279	250	*	*	*	*	*	121902	*
H	9279	130	97.7	+	0	0	19I130M101I	e6acb2b2b9c86da298a1b13aaaf42bc6	121902
L	10539	250	*	*	*	*	*	14600	*
H	10539	130	100.0	+	0	0	19I130M101I	e417340476b5718f71d903906a54936d	14600
L	5048	250	*	*	*	*	*	331789	*
H	5048	130	100.0	+	0	0	19I130M101I	e417340476b5718f71d903906a54936d	331789
L	10538	250	*	*	*	*	*	14601	*
H	10538	130	100.0	+	0	0	19I130M101I	e417340476b5718f71d903906a54936d	14601
L	1985	250	*	*	*	*	*	584375	*
H	1985	130	99.2	+	0	0	19I130M101I	fcfd2fc467a1c694014adc61c8fe0115	584375
L	7247	250	*	*	*	*	*	198691	*
H	7247	130	98.5	+	0	0	19I130M101I	fcfd2fc467a1c694014adc61c8fe0115	198691
L	14419	250	*	*	*	*	*	3286714	*
H	14419	130	98.5	+	0	0	19I130M101I	fcfd2fc467a1c694014adc61c8fe0115	3286714
L	4778	250	*	*	*	*	*	347453	*
H	4778	130	100.0	+	0	0	19I130M101I	6ba7f11030b55866b1d2e3bcd871a788	347453
L	7318	250	*	*	*	*	*	196781	*
H	7318	130	100.0	+	0	0	19I130M101I	6ba7f11030b55866b1d2e3bcd871a788	196781
L	14031	250	*	*	*	*	*	3078863	*
H	14031	130	100.0	+	0	0	19I130M101I	6ba7f11030b55866b1d2e3bcd871a788	3078863
L	10477	250	*	*	*	*	*	16040	*
H	10477	130	87.7	+	0	0	21I94MI36M98I	58f36fe6ffe4f713f5b33663adbad70b	16040
L	1564	250	*	*	*	*	*	718813	*
H	1564	130	86.9	+	0	0	19I94MI36M100I	58f36fe6ffe4f713f5b33663adbad70b	718813
L	2364	250	*	*	*	*	*	564247	*
H	2364	130	86.9	+	0	0	19I94MI36M100I	58f36fe6ffe4f713f5b33663adbad70b	564247
L	14175	250	*	*	*	*	*	3161011	*
H	14175	130	100.0	+	0	0	19I130M101I	b1d06c851a3938e7a6aafa9fa865a2ff	3161011
L	18854	250	*	*	*	*	*	4416025	*
H	18854	130	100.0	+	0	0	19I130M101I	b1d06c851a3938e7a6aafa9fa865a2ff	4416025
L	17241	250	*	*	*	*	*	4338803	*
H	17241	130	100.0	+	0	0	19I130M101I	b1d06c851a3938e7a6aafa9fa865a2ff	4338803
L	2405	250	*	*	*	*	*	562225	*
H	2405	130	100.0	+	0	0	19I130M101I	361c8ef599dad4ef9a4aabbaf86c3055	562225
L	12811	250	*	*	*	*	*	2367070	*
H	12811	130	100.0	+	0	0	19I130M101I	361c8ef599dad4ef9a4aabbaf86c3055	2367070
L	12083	250	*	*	*	*	*	744900	*
H	12083	130	100.0	+	0	0	19I130M101I	361c8ef599dad4ef9a4aabbaf86c3055	744900
H	7273	130	100.0	+	0	0	19I130M101I	fe07a3d4d3115adbefabb2c779200552	197974
L	6332	250	*	*	*	*	*	263631	*
H	6332	130	99.2	+	0	0	19I130M101I	fe07a3d4d3115adbefabb2c779200552	263631
L	6123	250	*	*	*	*	*	273232	*
H	6123	130	99.2	+	0	0	19I130M101I	fe07a3d4d3115adbefabb2c779200552	273232
H	5194	130	97.7	+	0	0	19I130M101I	954394ea3285bf4caeade0f71f081dcd	322658
L	7889	250	*	*	*	*	*	182886	*
H	7889	130	94.6	+	0	0	19I130M101I	954394ea3285bf4caeade0f71f081dcd	182886
L	9293	250	*	*	*	*	*	119086	*
H	9293	130	96.9	+	0	0	19I130M101I	954394ea3285bf4caeade0f71f081dcd	119086
L	5579	250	*	*	*	*	*	300951	*
H	5579	130	100.0	+	0	0	19I130M101I	a58eda516ec76617bae88555d8eb336d	300951
L	5862	250	*	*	*	*	*	289602	*
H	5862	130	100.0	+	0	0	19I130M101I	a58eda516ec76617bae88555d8eb336d	289602
L	3105	250	*	*	*	*	*	527106	*
H	3105	130	100.0	+	0	0	19I130M101I	a58eda516ec76617bae88555d8eb336d	527106
L	7412	250	*	*	*	*	*	194286	*
H	7412	130	93.8	+	0	0	19I130M101I	6f1e8b2a81445bac4bfac63151040b65	194286
L	8808	250	*	*	*	*	*	150412	*
H	8808	130	94.6	+	0	0	19I130M101I	6f1e8b2a81445bac4bfac63151040b65	150412
L	8253	250	*	*	*	*	*	173412	*
H	8253	130	94.6	+	0	0	19I130M101I	6f1e8b2a81445bac4bfac63151040b65	173412
L	17098	250	*	*	*	*	*	4331760	*
H	17098	130	100.0	+	0	0	19I130M101I	7de8f2d334d87defab5bbdd19bd42111	4331760
L	9486	250	*	*	*	*	*	107044	*
H	9486	130	85.4	+	0	0	19I130M101I	7de8f2d334d87defab5bbdd19bd42111	107044
L	18645	250	*	*	*	*	*	4406595	*
H	18645	130	85.4	+	0	0	19I130M101I	7de8f2d334d87defab5bbdd19bd42111	4406595
L	14338	250	*	*	*	*	*	826042	*
H	14338	130	100.0	+	0	0	19I130M101I	3079c822c58713cf38bb9577db2684c5	826042
L	11680	250	*	*	*	*	*	1145008	*
H	11680	130	100.0	+	0	0	19I130M101I	3079c822c58713cf38bb9577db2684c5	1145008
L	10809	250	*	*	*	*	*	10323	*
H	10809	130	93.1	+	0	0	19I130M101I	3079c822c58713cf38bb9577db2684c5	10323
L	7270	250	*	*	*	*	*	198042	*
H	7270	130	94.6	+	0	0	19I130M101I	e4e5f8936126f01baa9c7ca2b24b866d	198042
H	15014	130	96.2	+	0	0	19I130M101I	e4e5f8936126f01baa9c7ca2b24b866d	3618232
L	18948	250	*	*	*	*	*	4421200	*
H	18948	130	96.2	+	0	0	19I130M101I	e4e5f8936126f01baa9c7ca2b24b866d	4421200
L	12378	250	*	*	*	*	*	2136916	*
H	12378	130	100.0	+	0	0	19I130M101I	51ea89cacc9a5bb9774f1fa41b262452	2136916
L	9515	250	*	*	*	*	*	106098	*
H	9515	130	100.0	+	0	0	19I130M101I	3352f43e29849664c31c9afc46f4e3a5	106098
L	9445	250	*	*	*	*	*	108296	*
H	9445	130	100.0	+	0	0	19I130M101I	3352f43e29849664c31c9afc46f4e3a5	108296
L	9416	250	*	*	*	*	*	109467	*
H	9416	130	100.0	+	0	0	19I130M101I	3352f43e29849664c31c9afc46f4e3a5	109467
L	9797	250	*	*	*	*	*	89440	*
H	9797	130	100.0	+	0	0	19I130M101I	1b71d1483b3e56eb14b1ca81b8e78469	89440
L	1531	250	*	*	*	*	*	736792	*
H	1531	130	100.0	+	0	0	20I130M100I	1b71d1483b3e56eb14b1ca81b8e78469	736792
L	12232	250	*	*	*	*	*	2072645	*
H	12232	130	100.0	+	0	0	19I130M101I	1b71d1483b3e56eb14b1ca81b8e78469	2072645
L	5448	250	*	*	*	*	*	307580	*
H	5448	130	87.7	+	0	0	19I130M101I	e6638c11ac9c25df66fe52d525f02849	307580
L	7679	250	*	*	*	*	*	187518	*
H	7679	130	87.7	+	0	0	19I130M101I	e6638c11ac9c25df66fe52d525f02849	187518
L	7817	250	*	*	*	*	*	184606	*
H	7817	130	87.7	+	0	0	19I130M101I	e6638c11ac9c25df66fe52d525f02849	184606
L	7712	250	*	*	*	*	*	186752	*
H	7712	130	100.0	+	0	0	19I130M101I	f571016e70e05cf54d492018f29c4b74	186752
L	8046	250	*	*	*	*	*	178873	*
H	8046	130	100.0	+	0	0	19I130M101I	f571016e70e05cf54d492018f29c4b74	178873
L	8019	250	*	*	*	*	*	179437	*
H	8019	130	100.0	+	0	0	19I130M101I	f571016e70e05cf54d492018f29c4b74	179437
L	4337	250	*	*	*	*	*	364910	*
H	4337	130	92.3	+	0	0	19I130M101I	ac33370cda96ee5272a29682c1d9b992	364910
L	4018	250	*	*	*	*	*	409732	*
H	4018	130	92.3	+	0	0	19I130M101I	ac33370cda96ee5272a29682c1d9b992	409732
L	4340	250	*	*	*	*	*	364824	*
H	4340	130	92.3	+	0	0	19I130M101I	ac33370cda96ee5272a29682c1d9b992	364824
L	4561	250	*	*	*	*	*	358694	*
H	4561	130	100.0	+	0	0	19I130M101I	a81d35ecbebc06d41a9c0f512df39e3c	358694
L	5832	250	*	*	*	*	*	290650	*
H	5832	130	100.0	+	0	0	19I130M101I	a81d35ecbebc06d41a9c0f512df39e3c	290650
L	4357	250	*	*	*	*	*	364334	*
H	4357	130	100.0	+	0	0	19I130M101I	a81d35ecbebc06d41a9c0f512df39e3c	364334
L	13113	250	*	*	*	*	*	2532173	*
H	13113	130	99.2	+	0	0	19I130M101I	7a0047502b6036ea9b2b051d8d8abc49	2532173
L	3474	250	*	*	*	*	*	517938	*
H	3474	130	99.2	+	0	0	19I130M101I	7a0047502b6036ea9b2b051d8d8abc49	517938
L	14136	250	*	*	*	*	*	3142482	*
H	14136	130	98.5	+	0	0	19I130M101I	7a0047502b6036ea9b2b051d8d8abc49	3142482
L	7645	250	*	*	*	*	*	188442	*
H	7645	130	100.0	+	0	0	19I130M101I	de6fbc09238ebf79cc946a59886540a5	188442
L	7904	250	*	*	*	*	*	182483	*
H	7904	130	100.0	+	0	0	19I130M101I	de6fbc09238ebf79cc946a59886540a5	182483
L	7646	250	*	*	*	*	*	188407	*
H	7646	130	100.0	+	0	0	19I130M101I	de6fbc09238ebf79cc946a59886540a5	188407
L	3799	250	*	*	*	*	*	471106	*
H	3799	130	100.0	+	0	0	19I130M101I	7b31b62c5c0f494b93e9b79336ad9e26	471106
L	7980	250	*	*	*	*	*	180590	*
H	7980	130	99.2	+	0	0	19I130M101I	7b31b62c5c0f494b93e9b79336ad9e26	180590
L	1578	250	*	*	*	*	*	712848	*
H	1578	130	99.2	+	0	0	19I130M101I	7b31b62c5c0f494b93e9b79336ad9e26	712848
H	10572	130	80.0	+	0	0	19I91MI31M6I8M94I	6837e9c13695169a751dfa6b4cd7aefe	14304
H	10572	130	80.0	+	0	0	19I91MI31M6I8M94I	761674a283aa0a8a1768657e22f3766f	14304
L	18936	250	*	*	*	*	*	4420411	*
H	18936	130	100.0	+	0	0	19I130M101I	c06a769d3868cc10c215d9fb5fd3a215	4420411
L	8191	250	*	*	*	*	*	174842	*
H	8191	130	100.0	+	0	0	19I130M101I	c06a769d3868cc10c215d9fb5fd3a215	174842
L	7922	250	*	*	*	*	*	182018	*
H	7922	130	100.0	+	0	0	19I130M101I	c06a769d3868cc10c215d9fb5fd3a215	182018
H	18146	130	95.4	+	0	0	19I130M101I	b64fb900273bc7470be11b73e1a45bd7	4381303
L	13178	250	*	*	*	*	*	2559579	*
H	13178	130	95.4	+	0	0	19I130M101I	b64fb900273bc7470be11b73e1a45bd7	2559579
L	1155	250	*	*	*	*	*	851797	*
H	1155	130	95.4	+	0	0	19I130M101I	b64fb900273bc7470be11b73e1a45bd7	851797
D	1155	2	*	*	*	*	95.4	851797	*
D	1985	2	*	*	*	*	99.2	584375	*
D	2741	2	*	*	*	*	100.0	542986	*
D	2789	2	*	*	*	*	100.0	539854	*
D	3105	2	*	*	*	*	100.0	527106	*
D	3444	2	*	*	*	*	97.7	518801	*
D	3474	2	*	*	*	*	99.2	517938	*
D	3760	2	*	*	*	*	90.0	507111	*
D	3799	2	*	*	*	*	100.0	471106	*
D	4291	2	*	*	*	*	93.1	366222	*
D	4317	2	*	*	*	*	100.0	365385	*
D	4340	2	*	*	*	*	92.3	364824	*
D	4341	2	*	*	*	*	100.0	364792	*
D	4357	2	*	*	*	*	100.0	364334	*
D	4595	2	*	*	*	*	90.8	357724	*
D	4764	2	*	*	*	*	100.0	348006	*
D	5194	3	*	*	*	*	98.1	322658	*
D	5321	2	*	*	*	*	100.0	313831	*
D	6804	2	*	*	*	*	100.0	238694	*
D	7273	3	*	*	*	*	99.6	197974	*
D	7322	2	*	*	*	*	100.0	196664	*
D	7381	2	*	*	*	*	100.0	195125	*
D	7475	2	*	*	*	*	100.0	192680	*
D	7646	2	*	*	*	*	100.0	188407	*
D	7774	2	*	*	*	*	100.0	185540	*
D	7817	2	*	*	*	*	87.7	184606	*
D	7922	2	*	*	*	*	100.0	182018	*
D	8019	2	*	*	*	*	100.0	179437	*
D	8253	2	*	*	*	*	94.6	173412	*
D	8626	2	*	*	*	*	100.0	158738	*
D	9416	2	*	*	*	*	100.0	109467	*
D	9632	4	*	*	*	*	92.8	101860	*
D	10084	2	*	*	*	*	94.6	62513	*
D	10454	2	*	*	*	*	96.2	16144	*
D	10477	2	*	*	*	*	87.7	16040	*
D	10538	2	*	*	*	*	100.0	14601	*
D	10572	4	*	*	*	*	80.3	14304	*
D	11680	2	*	*	*	*	100.0	1145008	*
D	12083	2	*	*	*	*	100.0	744900	*
D	12232	2	*	*	*	*	100.0	2072645	*
D	12378	2	*	*	*	*	100.0	2136916	*
D	12589	2	*	*	*	*	100.0	2250345	*
D	12993	2	*	*	*	*	100.0	2472963	*
D	14031	2	*	*	*	*	100.0	3078863	*
D	15660	2	*	*	*	*	90.8	3989845	*
D	15839	2	*	*	*	*	100.0	4083238	*
D	17098	2	*	*	*	*	100.0	4331760	*
D	17241	2	*	*	*	*	100.0	4338803	*
D	18069	2	*	*	*	*	100.0	4377813	*
D	18108	2	*	*	*	*	93.8	4379450	*
D	18579	4	*	*	*	*	99.5	4402960	*
D	18948	2	*	*	*	*	96.2	4421200	*
D	19213	2	*	*	*	*	100.0	4433829	*
D	19488	2	*	*	*	*	100.0	4446961	*
