UclustConsensusTaxonAssigner parameters:
id_to_taxonomy_filepath:/Users/nbokulich/Desktop/projects/short-read-tax-assignment/data/novel-taxa-simulations/F1-REF-L3-iter1/ref_taxa.tsv
id_to_taxonomy_fp:/Users/nbokulich/Desktop/projects/short-read-tax-assignment/data/novel-taxa-simulations/F1-REF-L3-iter1/ref_taxa.tsv
max_accepts:1
min_consensus_fraction:0.76
reference_sequences_fp:/Users/nbokulich/Desktop/projects/short-read-tax-assignment/data/novel-taxa-simulations/F1-REF-L3-iter1/ref_seqs.fasta
similarity:0.8
unassignable_label:Unassigned
Result path: /var/folders/0t/l1dz88p50y91vx_22fx5w3780000gn/T/assign-taxBbn8fW

.uc file contents:

# uclust --input /Users/nbokulich/Desktop/projects/short-read-tax-assignment/data/novel-taxa-simulations/F1-REF-L3-iter1/query.fasta --id 0.8 --rev --maxaccepts 1 --allhits --libonly --lib /Users/nbokulich/Desktop/projects/short-read-tax-assignment/data/novel-taxa-simulations/F1-REF-L3-iter1/ref_seqs.fasta --uc /var/folders/0t/l1dz88p50y91vx_22fx5w3780000gn/T/UclustConsensusTaxonAssigner_cX8RGY.uc
# version=1.2.22
# Tab-separated fields:
# 1=Type, 2=ClusterNr, 3=SeqLength or ClusterSize, 4=PctId, 5=Strand, 6=QueryStart, 7=SeedStart, 8=Alignment, 9=QueryLabel, 10=TargetLabel
# Record types (field 1): L=LibSeed, S=NewSeed, H=Hit, R=Reject, D=LibCluster, C=NewCluster, N=NoHit
# For C and D types, PctId is average id with seed.
# QueryStart and SeedStart are zero-based relative to start of sequence.
# If minus strand, SeedStart is relative to reverse-complemented seed.
N	*	250	*	*	*	*	*	U33070	*
N	*	179	*	*	*	*	*	DQ530224	*
N	*	218	*	*	*	*	*	AF395684	*
L	4441	153	*	*	*	*	*	AM159634	*
H	4441	152	90.8	+	0	0	34MI19MD71MI27M	AB260936	AM159634
N	*	250	*	*	*	*	*	FJ167356	*
L	1196	249	*	*	*	*	*	EU375546	*
H	1196	123	93.5	+	0	0	127I33MD89M	U19954	EU375546
N	*	157	*	*	*	*	*	DQ789093	*
L	2689	212	*	*	*	*	*	GQ139521	*
H	2689	210	81.9	+	0	0	33MI34MI143M	FJ462759	GQ139521
N	*	223	*	*	*	*	*	AB246766	*
N	*	168	*	*	*	*	*	AM397678	*
N	*	127	*	*	*	*	*	EF025406	*
N	*	224	*	*	*	*	*	AB278192	*
N	*	250	*	*	*	*	*	DQ873601	*
N	*	211	*	*	*	*	*	EF369523	*
L	4383	110	*	*	*	*	*	AJ567735	*
H	4383	116	82.7	+	0	0	19MI24MI48M6D17M2D	FN423704	AJ567735
L	4162	214	*	*	*	*	*	AF462432	*
H	4162	215	95.8	+	0	0	16MD198M	EU272483	AF462432
N	*	224	*	*	*	*	*	EU233809	*
N	*	250	*	*	*	*	*	EU352771	*
L	4530	190	*	*	*	*	*	DQ257360	*
H	4530	202	83.2	+	0	0	40M3I24MD20M6D17M2D30M2D9MD20M3D27M	EU819412	DQ257360
N	*	187	*	*	*	*	*	AF444555	*
N	*	140	*	*	*	*	*	FJ172292	*
L	4125	214	*	*	*	*	*	FJ554838	*
H	4125	213	89.2	+	0	0	3D98MI22M2D5M5I83M	EU149802	FJ554838
N	*	200	*	*	*	*	*	GQ922522	*
N	*	241	*	*	*	*	*	AF019636	*
L	2307	246	*	*	*	*	*	FR716676	*
H	2307	246	97.2	+	0	0	246M	FR716677	FR716676
H	2307	246	91.5	+	0	0	246M	FR716679	FR716676
H	2307	246	93.5	+	0	0	246M	FR716683	FR716676
L	4695	156	*	*	*	*	*	AY618669	*
H	4695	160	81.4	+	0	0	57M3D26M2I38M3D33M	AY292453	AY618669
N	*	148	*	*	*	*	*	AJ012112	*
L	1694	197	*	*	*	*	*	AB041243	*
H	1694	195	83.1	+	0	0	20MI41MI134M	AJ133431	AB041243
D	1196	2	*	*	*	*	93.5	EU375546	*
D	1694	2	*	*	*	*	83.1	AB041243	*
D	2307	4	*	*	*	*	94.0	FR716676	*
D	2689	2	*	*	*	*	81.9	GQ139521	*
D	4125	2	*	*	*	*	89.2	FJ554838	*
D	4162	2	*	*	*	*	95.8	AF462432	*
D	4383	2	*	*	*	*	82.7	AJ567735	*
D	4441	2	*	*	*	*	90.8	AM159634	*
D	4530	2	*	*	*	*	83.2	DQ257360	*
D	4695	2	*	*	*	*	81.4	AY618669	*
