UclustConsensusTaxonAssigner parameters:
id_to_taxonomy_filepath:/Users/nbokulich/Desktop/projects/short-read-tax-assignment/data/novel-taxa-simulations/B1-REF-L2-iter0/ref_taxa.tsv
id_to_taxonomy_fp:/Users/nbokulich/Desktop/projects/short-read-tax-assignment/data/novel-taxa-simulations/B1-REF-L2-iter0/ref_taxa.tsv
max_accepts:1
min_consensus_fraction:1.0
reference_sequences_fp:/Users/nbokulich/Desktop/projects/short-read-tax-assignment/data/novel-taxa-simulations/B1-REF-L2-iter0/ref_seqs.fasta
similarity:0.9
unassignable_label:Unassigned
Result path: /var/folders/0t/l1dz88p50y91vx_22fx5w3780000gn/T/assign-taxgU3j6q

.uc file contents:

# uclust --input /Users/nbokulich/Desktop/projects/short-read-tax-assignment/data/novel-taxa-simulations/B1-REF-L2-iter0/query.fasta --id 0.9 --rev --maxaccepts 1 --allhits --libonly --lib /Users/nbokulich/Desktop/projects/short-read-tax-assignment/data/novel-taxa-simulations/B1-REF-L2-iter0/ref_seqs.fasta --uc /var/folders/0t/l1dz88p50y91vx_22fx5w3780000gn/T/UclustConsensusTaxonAssigner_nOQ8pj.uc
# version=1.2.22
# Tab-separated fields:
# 1=Type, 2=ClusterNr, 3=SeqLength or ClusterSize, 4=PctId, 5=Strand, 6=QueryStart, 7=SeedStart, 8=Alignment, 9=QueryLabel, 10=TargetLabel
# Record types (field 1): L=LibSeed, S=NewSeed, H=Hit, R=Reject, D=LibCluster, C=NewCluster, N=NoHit
# For C and D types, PctId is average id with seed.
# QueryStart and SeedStart are zero-based relative to start of sequence.
# If minus strand, SeedStart is relative to reverse-complemented seed.
N	*	250	*	*	*	*	*	97840	*
N	*	250	*	*	*	*	*	1521670	*
L	1046	250	*	*	*	*	*	247727	*
H	1046	250	95.2	+	0	0	176MI38MI34M2D	638076	247727
N	*	250	*	*	*	*	*	1131014	*
N	*	250	*	*	*	*	*	369386	*
N	*	250	*	*	*	*	*	1134675	*
N	*	250	*	*	*	*	*	4348329	*
N	*	250	*	*	*	*	*	4352747	*
N	*	250	*	*	*	*	*	4436985	*
N	*	250	*	*	*	*	*	4439195	*
N	*	250	*	*	*	*	*	4459671	*
N	*	250	*	*	*	*	*	4468915	*
N	*	250	*	*	*	*	*	557548	*
N	*	250	*	*	*	*	*	467541	*
N	*	250	*	*	*	*	*	4370637	*
D	1046	2	*	*	*	*	95.2	247727	*
