UclustConsensusTaxonAssigner parameters:
id_to_taxonomy_filepath:/Users/nbokulich/Desktop/ref_dbs/gg_13_8_otus/taxonomy/99_otu_taxonomy.txt
id_to_taxonomy_fp:/Users/nbokulich/Desktop/ref_dbs/gg_13_8_otus/taxonomy/99_otu_taxonomy.txt
max_accepts:1
min_consensus_fraction:0.51
reference_sequences_fp:/Users/nbokulich/Desktop/ref_dbs/gg_13_8_otus/rep_set/99_otus/dna-sequences.fasta
similarity:0.9
unassignable_label:Unassigned
Result path: /var/folders/0t/l1dz88p50y91vx_22fx5w3780000gn/T/assign-taxTRHhxa

.uc file contents:

# uclust --input /Users/nbokulich/Desktop/projects/short-read-tax-assignment/data/mock-community/mock-18/rep_seqs.fna --id 0.9 --rev --maxaccepts 1 --allhits --libonly --lib /Users/nbokulich/Desktop/ref_dbs/gg_13_8_otus/rep_set/99_otus/dna-sequences.fasta --uc /var/folders/0t/l1dz88p50y91vx_22fx5w3780000gn/T/UclustConsensusTaxonAssigner_7NpuuI.uc
# version=1.2.22
# Tab-separated fields:
# 1=Type, 2=ClusterNr, 3=SeqLength or ClusterSize, 4=PctId, 5=Strand, 6=QueryStart, 7=SeedStart, 8=Alignment, 9=QueryLabel, 10=TargetLabel
# Record types (field 1): L=LibSeed, S=NewSeed, H=Hit, R=Reject, D=LibCluster, C=NewCluster, N=NoHit
# For C and D types, PctId is average id with seed.
# QueryStart and SeedStart are zero-based relative to start of sequence.
# If minus strand, SeedStart is relative to reverse-complemented seed.
N	*	212	*	*	*	*	*	e96d9f539bf98b57a321deab95f62f3b	*
L	158218	250	*	*	*	*	*	4183921	*
H	158218	212	99.5	+	0	0	212M38I	84ff705ddd94d9791ea0759d74d43d41	4183921
N	*	212	*	*	*	*	*	49a63ef8cdbb5dacecee8634d71e36e3	*
N	*	212	*	*	*	*	*	ac6ac810abed160f4dd530a22962a321	*
L	101815	250	*	*	*	*	*	105986	*
H	101815	212	100.0	+	0	0	212M38I	31a8d144426d965e5f0694784be49d0a	105986
N	*	212	*	*	*	*	*	9baf5fa424dbd2e354b0115b615af7a8	*
L	71994	250	*	*	*	*	*	244957	*
H	71994	212	100.0	+	0	0	212M38I	c352d70fb42511e60bb8844f0985d76b	244957
N	*	212	*	*	*	*	*	625eb7277021e552bb62d19521e84e79	*
L	116419	250	*	*	*	*	*	1720567	*
H	116419	212	99.5	+	0	0	212M38I	6c44e15bbc54ceb757da3dd7b0bf825e	1720567
L	111894	250	*	*	*	*	*	4840	*
H	111894	212	100.0	+	0	0	19I212M19I	3ea42fbf35ffe30558546cfbae664d42	4840
L	97305	250	*	*	*	*	*	138650	*
H	97305	212	99.5	+	0	0	212M38I	1cd3fcb5a32343a41b24529c34923c3d	138650
N	*	212	*	*	*	*	*	8667504bf84a906d4d74d9514cc2497d	*
L	123060	250	*	*	*	*	*	826738	*
H	123060	212	99.5	+	0	0	19I212M19I	bca5ae50bc6f97db87df22a221d93e3d	826738
L	149835	250	*	*	*	*	*	3690024	*
H	149835	212	100.0	+	0	0	212M38I	1fb8ba60faab2e44c8636f0f5910eec9	3690024
L	13144	250	*	*	*	*	*	746357	*
H	13144	212	99.5	+	0	0	212M38I	4542364d305079d8425861d46e6583bc	746357
L	101576	250	*	*	*	*	*	107036	*
H	101576	212	100.0	+	0	0	212M38I	4a24773ab9ce45be8d47e8f3c435d836	107036
L	111302	250	*	*	*	*	*	8562	*
H	111302	212	100.0	+	0	0	19I212M19I	8a99200612b57fd6eb9b758d82218a33	8562
N	*	212	*	*	*	*	*	85af70b22f9b1f42afbf2a5ccc18d95c	*
N	*	212	*	*	*	*	*	a9760511ade64686ba8eb879a4d4baff	*
L	171295	250	*	*	*	*	*	4348796	*
H	171295	212	100.0	+	0	0	19I212M19I	f86ef1a90cececaec20ca0f5a17299aa	4348796
L	119347	250	*	*	*	*	*	809153	*
H	119347	212	99.5	+	0	0	212M38I	50994b986077ebe324cd3c2fb252a910	809153
N	*	212	*	*	*	*	*	19292e2139044a96dd17cf3267878d12	*
N	*	212	*	*	*	*	*	f0a485bec85b080e8c1c2194c5a109b7	*
H	116419	212	99.5	+	0	0	19I212M19I	ab487d1d30113c07ef25846827b13f93	1720567
N	*	212	*	*	*	*	*	d72875875de43f02a6be8eae0c38b9a4	*
L	104274	250	*	*	*	*	*	91431	*
H	104274	212	100.0	+	0	0	212M38I	395a7f0425d768d2bae576d624c0994c	91431
H	158218	212	99.5	+	0	0	19I212M19I	e93bdeb7d5c40c28340d243e5243e5fb	4183921
L	110206	250	*	*	*	*	*	13865	*
H	110206	212	100.0	+	0	0	19I212M19I	95605940efbf2716b731bd2cdae8c16a	13865
H	110206	212	100.0	+	0	0	212M38I	19e283a80c31c748b462679041403566	13865
L	180824	250	*	*	*	*	*	4397479	*
H	180824	212	99.5	+	0	0	19I212M19I	2248b7c5b22895f4517bf3904929de3a	4397479
L	159036	250	*	*	*	*	*	4232045	*
H	159036	212	100.0	+	0	0	19I212M19I	d201ca153bd9bd971f75766c0a290758	4232045
N	*	212	*	*	*	*	*	1d8102f6776ed4a7985059e0011de868	*
L	58548	250	*	*	*	*	*	298307	*
H	58548	212	100.0	+	0	0	19I212M19I	9261d0f0d4a10137f3e56494cb8b2993	298307
N	*	212	*	*	*	*	*	519696d11bb3d90dc9d790803ce748d3	*
L	144238	250	*	*	*	*	*	3341679	*
H	144238	212	99.5	+	0	0	212M38I	f6116fade5b83756880261ec897fac6b	3341679
H	71994	212	100.0	+	0	0	19I212M19I	f0a5ffa40ceb9c28c0de3548cc4c140b	244957
L	126295	250	*	*	*	*	*	2285105	*
H	126295	212	100.0	+	0	0	212M38I	6cf7835ac77f1051cfee13956a9c2568	2285105
H	144238	212	99.5	+	0	0	19I212M19I	932b095ac56a18057bc86137e9211acf	3341679
L	112796	250	*	*	*	*	*	1141522	*
H	112796	212	100.0	+	0	0	19I212M19I	b3d3cb839b3670fc1454518632915322	1141522
H	123060	212	99.5	+	0	0	212M38I	bfde99cc56979e29753be02343159ffa	826738
L	93130	250	*	*	*	*	*	155255	*
H	93130	212	99.5	+	0	0	19I212M19I	ab1048378ee3c95f168433c6754f0096	155255
D	13144	2	*	*	*	*	99.5	746357	*
D	58548	2	*	*	*	*	100.0	298307	*
D	71994	3	*	*	*	*	100.0	244957	*
D	93130	2	*	*	*	*	99.5	155255	*
D	97305	2	*	*	*	*	99.5	138650	*
D	101576	2	*	*	*	*	100.0	107036	*
D	101815	2	*	*	*	*	100.0	105986	*
D	104274	2	*	*	*	*	100.0	91431	*
D	110206	3	*	*	*	*	100.0	13865	*
D	111302	2	*	*	*	*	100.0	8562	*
D	111894	2	*	*	*	*	100.0	4840	*
D	112796	2	*	*	*	*	100.0	1141522	*
D	116419	3	*	*	*	*	99.5	1720567	*
D	119347	2	*	*	*	*	99.5	809153	*
D	123060	3	*	*	*	*	99.5	826738	*
D	126295	2	*	*	*	*	100.0	2285105	*
D	144238	3	*	*	*	*	99.5	3341679	*
D	149835	2	*	*	*	*	100.0	3690024	*
D	158218	3	*	*	*	*	99.5	4183921	*
D	159036	2	*	*	*	*	100.0	4232045	*
D	171295	2	*	*	*	*	100.0	4348796	*
D	180824	2	*	*	*	*	99.5	4397479	*
