UclustConsensusTaxonAssigner parameters:
id_to_taxonomy_filepath:/Users/nbokulich/Desktop/ref_dbs/gg_13_8_otus/taxonomy/99_otu_taxonomy.txt
id_to_taxonomy_fp:/Users/nbokulich/Desktop/ref_dbs/gg_13_8_otus/taxonomy/99_otu_taxonomy.txt
max_accepts:3
min_consensus_fraction:0.76
reference_sequences_fp:/Users/nbokulich/Desktop/ref_dbs/gg_13_8_otus/rep_set/99_otus/dna-sequences.fasta
similarity:0.97
unassignable_label:Unassigned
Result path: /var/folders/0t/l1dz88p50y91vx_22fx5w3780000gn/T/assign-taxoRGCnd

.uc file contents:

# uclust --input /Users/nbokulich/Desktop/projects/short-read-tax-assignment/data/mock-community/mock-6/rep_seqs.fna --id 0.97 --rev --maxaccepts 3 --allhits --libonly --lib /Users/nbokulich/Desktop/ref_dbs/gg_13_8_otus/rep_set/99_otus/dna-sequences.fasta --uc /var/folders/0t/l1dz88p50y91vx_22fx5w3780000gn/T/UclustConsensusTaxonAssigner_8PBEre.uc
# version=1.2.22
# Tab-separated fields:
# 1=Type, 2=ClusterNr, 3=SeqLength or ClusterSize, 4=PctId, 5=Strand, 6=QueryStart, 7=SeedStart, 8=Alignment, 9=QueryLabel, 10=TargetLabel
# Record types (field 1): L=LibSeed, S=NewSeed, H=Hit, R=Reject, D=LibCluster, C=NewCluster, N=NoHit
# For C and D types, PctId is average id with seed.
# QueryStart and SeedStart are zero-based relative to start of sequence.
# If minus strand, SeedStart is relative to reverse-complemented seed.
L	107758	250	*	*	*	*	*	45363	*
H	107758	50	100.0	+	0	0	50M200I	0d13dd21c689329df5d87a55b12d018d	45363
L	146762	250	*	*	*	*	*	3493363	*
H	146762	50	100.0	+	0	0	50M200I	0d13dd21c689329df5d87a55b12d018d	3493363
L	114119	250	*	*	*	*	*	1591562	*
H	114119	50	100.0	+	0	0	50M200I	0d13dd21c689329df5d87a55b12d018d	1591562
L	69175	250	*	*	*	*	*	256536	*
H	69175	50	100.0	+	0	0	50M200I	2af48651d110e16bbb616be32eee8805	256536
L	11288	250	*	*	*	*	*	807110	*
H	11288	50	100.0	+	0	0	50M200I	2af48651d110e16bbb616be32eee8805	807110
L	27508	250	*	*	*	*	*	553366	*
H	27508	50	100.0	+	0	0	50M200I	2af48651d110e16bbb616be32eee8805	553366
L	35134	250	*	*	*	*	*	521562	*
H	35134	50	100.0	+	0	0	50M200I	e16fabd3426be0386af6653c4f05f8d5	521562
L	146930	250	*	*	*	*	*	835513	*
H	146930	50	100.0	+	0	0	50M200I	e16fabd3426be0386af6653c4f05f8d5	835513
L	35189	250	*	*	*	*	*	521318	*
H	35189	50	100.0	+	0	0	50M200I	e16fabd3426be0386af6653c4f05f8d5	521318
L	132013	250	*	*	*	*	*	1110523	*
H	132013	50	100.0	+	0	0	50M200I	bbd8d213e49205442b7612338f404186	1110523
L	105036	250	*	*	*	*	*	82007	*
H	105036	50	100.0	+	0	0	50M200I	bbd8d213e49205442b7612338f404186	82007
L	79539	250	*	*	*	*	*	206278	*
H	79539	50	100.0	+	0	0	50M200I	bbd8d213e49205442b7612338f404186	206278
L	41079	250	*	*	*	*	*	382733	*
H	41079	50	100.0	+	0	0	50M200I	b4c04e915103285beeea2ceec4dab37a	382733
L	41106	250	*	*	*	*	*	381694	*
H	41106	50	100.0	+	0	0	50M200I	b4c04e915103285beeea2ceec4dab37a	381694
L	41109	250	*	*	*	*	*	381463	*
H	41109	50	100.0	+	0	0	50M200I	b4c04e915103285beeea2ceec4dab37a	381463
L	106412	250	*	*	*	*	*	66935	*
H	106412	50	98.0	+	0	0	50M200I	6dc4727189f2bc5fb207ea74661058c5	66935
L	20903	250	*	*	*	*	*	580473	*
H	20903	50	100.0	+	0	0	50M200I	6dc4727189f2bc5fb207ea74661058c5	580473
L	79642	250	*	*	*	*	*	205635	*
H	79642	50	100.0	+	0	0	50M200I	6dc4727189f2bc5fb207ea74661058c5	205635
L	81312	250	*	*	*	*	*	197367	*
H	81312	50	100.0	+	0	0	50M200I	9b8f0d83faa2a954da84393a42117591	197367
L	81356	250	*	*	*	*	*	197234	*
H	81356	50	100.0	+	0	0	50M200I	9b8f0d83faa2a954da84393a42117591	197234
L	81359	250	*	*	*	*	*	197229	*
H	81359	50	100.0	+	0	0	50M200I	9b8f0d83faa2a954da84393a42117591	197229
L	72141	250	*	*	*	*	*	244300	*
H	72141	50	100.0	+	0	0	50M200I	f9407cb209761a7f36adff66fb4f94e9	244300
L	132897	250	*	*	*	*	*	2679700	*
H	132897	50	100.0	+	0	0	50M200I	f9407cb209761a7f36adff66fb4f94e9	2679700
L	80122	250	*	*	*	*	*	202686	*
H	80122	50	100.0	+	0	0	50M200I	f9407cb209761a7f36adff66fb4f94e9	202686
N	*	50	*	*	*	*	*	2d0fb26eb9188dd8ca3d7a13491bb6e2	*
L	72083	250	*	*	*	*	*	244531	*
H	72083	50	100.0	+	0	0	50M200I	9b4935cfba63d998bfba3629fd7fa54f	244531
L	72159	250	*	*	*	*	*	244237	*
H	72159	50	100.0	+	0	0	50M200I	9b4935cfba63d998bfba3629fd7fa54f	244237
L	72203	250	*	*	*	*	*	244116	*
H	72203	50	100.0	+	0	0	50M200I	9b4935cfba63d998bfba3629fd7fa54f	244116
L	152107	250	*	*	*	*	*	3822364	*
H	152107	50	100.0	+	0	0	50M200I	514b00ebe859de1ff3ba60b3e28f685b	3822364
L	73521	250	*	*	*	*	*	238897	*
H	73521	50	100.0	+	0	0	50M200I	514b00ebe859de1ff3ba60b3e28f685b	238897
L	124387	250	*	*	*	*	*	1133917	*
H	124387	50	100.0	+	0	0	50M200I	514b00ebe859de1ff3ba60b3e28f685b	1133917
L	167049	250	*	*	*	*	*	4327047	*
H	167049	50	100.0	+	0	0	50M200I	05be659c231b0fa4d1702965760f6378	4327047
L	76086	250	*	*	*	*	*	225058	*
H	76086	50	100.0	+	0	0	50M200I	05be659c231b0fa4d1702965760f6378	225058
L	163807	250	*	*	*	*	*	4311463	*
H	163807	50	100.0	+	0	0	50M200I	05be659c231b0fa4d1702965760f6378	4311463
L	33583	250	*	*	*	*	*	528164	*
H	33583	50	100.0	+	0	0	50M200I	d60c46784ddea0e0d904a38525574ab8	528164
L	123260	250	*	*	*	*	*	818813	*
H	123260	50	100.0	+	0	0	50M200I	d60c46784ddea0e0d904a38525574ab8	818813
L	114362	250	*	*	*	*	*	1107358	*
H	114362	50	100.0	+	0	0	50M200I	d60c46784ddea0e0d904a38525574ab8	1107358
L	127103	250	*	*	*	*	*	1122113	*
H	127103	50	98.0	+	0	0	50M200I	a402f3090b851dd47451bd7f1c692e85	1122113
L	5562	250	*	*	*	*	*	934094	*
H	5562	50	100.0	+	0	0	50M200I	a402f3090b851dd47451bd7f1c692e85	934094
L	134692	250	*	*	*	*	*	644333	*
H	134692	50	100.0	+	0	0	50M200I	a402f3090b851dd47451bd7f1c692e85	644333
L	201432	250	*	*	*	*	*	2776654	*
H	201432	50	100.0	+	0	0	50M200I	13014eb4cd2b32559a66339a42df29dd	2776654
L	201431	250	*	*	*	*	*	2776653	*
H	201431	50	98.0	+	0	0	50M200I	13014eb4cd2b32559a66339a42df29dd	2776653
L	35882	250	*	*	*	*	*	518263	*
H	35882	50	100.0	+	0	0	50M200I	f7926bf66700b40da184463c0a125c34	518263
L	150548	250	*	*	*	*	*	1105901	*
H	150548	50	100.0	+	0	0	50M200I	f7926bf66700b40da184463c0a125c34	1105901
L	108556	250	*	*	*	*	*	33339	*
H	108556	50	100.0	+	0	0	50M200I	99092001133fe2149a63612e716c0245	33339
L	7756	250	*	*	*	*	*	850528	*
H	7756	50	100.0	+	0	0	50M200I	99092001133fe2149a63612e716c0245	850528
L	134203	250	*	*	*	*	*	2750316	*
H	134203	50	100.0	+	0	0	50M200I	99092001133fe2149a63612e716c0245	2750316
L	33569	250	*	*	*	*	*	528233	*
H	33569	50	98.0	+	0	0	50M200I	e9bc31ce7b08525d2c98ad58186d56c5	528233
L	16883	250	*	*	*	*	*	610673	*
H	16883	50	98.0	+	0	0	50M200I	e9bc31ce7b08525d2c98ad58186d56c5	610673
L	16895	250	*	*	*	*	*	610343	*
H	16895	50	98.0	+	0	0	50M200I	e9bc31ce7b08525d2c98ad58186d56c5	610343
L	96166	250	*	*	*	*	*	142880	*
H	96166	50	100.0	+	0	0	50M200I	5bf1d7bff7d1bd949abcadf3e53bb6ee	142880
L	120052	250	*	*	*	*	*	1111136	*
H	120052	50	100.0	+	0	0	50M200I	5bf1d7bff7d1bd949abcadf3e53bb6ee	1111136
L	140003	250	*	*	*	*	*	3092165	*
H	140003	50	100.0	+	0	0	50M200I	5bf1d7bff7d1bd949abcadf3e53bb6ee	3092165
L	104904	250	*	*	*	*	*	83400	*
H	104904	50	100.0	+	0	0	50M200I	f3b8b2ad68fb7f9e8fcf91a47b7639d6	83400
L	32263	250	*	*	*	*	*	533688	*
H	32263	50	100.0	+	0	0	50M200I	f3b8b2ad68fb7f9e8fcf91a47b7639d6	533688
L	7967	250	*	*	*	*	*	844681	*
H	7967	50	100.0	+	0	0	50M200I	f3b8b2ad68fb7f9e8fcf91a47b7639d6	844681
L	153431	250	*	*	*	*	*	3897979	*
H	153431	50	100.0	+	0	0	50M200I	354ddaeb1ee1a22c426e1a6e498ee752	3897979
L	78266	250	*	*	*	*	*	213971	*
H	78266	50	100.0	+	0	0	50M200I	354ddaeb1ee1a22c426e1a6e498ee752	213971
L	192905	250	*	*	*	*	*	4458629	*
H	192905	50	100.0	+	0	0	50M200I	354ddaeb1ee1a22c426e1a6e498ee752	4458629
L	17496	250	*	*	*	*	*	592792	*
H	17496	50	100.0	+	0	0	50M200I	cb0f9629e629e8ebefff8fcb146388c4	592792
L	19010	250	*	*	*	*	*	587154	*
H	19010	50	100.0	+	0	0	50M200I	cb0f9629e629e8ebefff8fcb146388c4	587154
L	181540	250	*	*	*	*	*	4401333	*
H	181540	50	100.0	+	0	0	50M200I	cb0f9629e629e8ebefff8fcb146388c4	4401333
L	190324	250	*	*	*	*	*	4445351	*
H	190324	50	100.0	+	0	0	50M200I	8565b42ce22b3a675a3368940bce6da1	4445351
L	75857	250	*	*	*	*	*	225999	*
H	75857	50	100.0	+	0	0	50M200I	8565b42ce22b3a675a3368940bce6da1	225999
L	156575	250	*	*	*	*	*	4082577	*
H	156575	50	100.0	+	0	0	50M200I	8565b42ce22b3a675a3368940bce6da1	4082577
L	184140	250	*	*	*	*	*	4414653	*
H	184140	50	100.0	+	0	0	50M200I	5daeff2559d9ce3ec7f8f562038419e5	4414653
L	39490	250	*	*	*	*	*	445047	*
H	39490	50	100.0	+	0	0	50M200I	5daeff2559d9ce3ec7f8f562038419e5	445047
L	183076	250	*	*	*	*	*	4409240	*
H	183076	50	100.0	+	0	0	50M200I	5daeff2559d9ce3ec7f8f562038419e5	4409240
L	74579	250	*	*	*	*	*	234300	*
H	74579	50	100.0	+	0	0	50M200I	cdd599cefc2b4bbe53808c122333b4dc	234300
L	74589	250	*	*	*	*	*	234236	*
H	74589	50	100.0	+	0	0	50M200I	cdd599cefc2b4bbe53808c122333b4dc	234236
L	150041	250	*	*	*	*	*	3700608	*
H	150041	50	100.0	+	0	0	50M200I	cdd599cefc2b4bbe53808c122333b4dc	3700608
L	97960	250	*	*	*	*	*	136297	*
H	97960	50	100.0	+	0	0	50M200I	1675f21643d176884486abfe06410cd5	136297
L	159008	250	*	*	*	*	*	617757	*
H	159008	50	100.0	+	0	0	50M200I	1675f21643d176884486abfe06410cd5	617757
L	158821	250	*	*	*	*	*	1137072	*
H	158821	50	100.0	+	0	0	50M200I	1675f21643d176884486abfe06410cd5	1137072
L	140203	248	*	*	*	*	*	3106031	*
H	140203	50	100.0	+	0	0	50M198I	7f10e88d8bc29b11de36363facded0e5	3106031
L	149048	250	*	*	*	*	*	3634675	*
H	149048	50	100.0	+	0	0	50M200I	7f10e88d8bc29b11de36363facded0e5	3634675
L	93603	250	*	*	*	*	*	153247	*
H	93603	50	100.0	+	0	0	50M200I	7f10e88d8bc29b11de36363facded0e5	153247
L	186119	250	*	*	*	*	*	4424396	*
H	186119	50	98.0	+	0	0	50M200I	7b7defc3862f4ba8e117896ed0738028	4424396
L	96397	250	*	*	*	*	*	142208	*
H	96397	50	98.0	+	0	0	50M200I	7b7defc3862f4ba8e117896ed0738028	142208
L	36905	250	*	*	*	*	*	513876	*
H	36905	50	98.0	+	0	0	50M200I	7b7defc3862f4ba8e117896ed0738028	513876
N	*	50	*	*	*	*	*	e7e96f6b2e4a3733940aa54b34e34469	*
L	10112	250	*	*	*	*	*	817732	*
H	10112	50	100.0	+	0	0	50M200I	c92d25bab1c999ffe7d31b9a408fa3d9	817732
L	186246	250	*	*	*	*	*	4424871	*
H	186246	50	98.0	+	0	0	50M200I	c92d25bab1c999ffe7d31b9a408fa3d9	4424871
L	125050	250	*	*	*	*	*	2214196	*
H	125050	50	100.0	+	0	0	50M200I	c92d25bab1c999ffe7d31b9a408fa3d9	2214196
L	8770	250	*	*	*	*	*	831520	*
H	8770	50	100.0	+	0	0	50M200I	86c168ce8b1c72d0cec05453794720c2	831520
L	185527	250	*	*	*	*	*	4421316	*
H	185527	50	100.0	+	0	0	50M200I	86c168ce8b1c72d0cec05453794720c2	4421316
L	97322	250	*	*	*	*	*	138573	*
H	97322	50	100.0	+	0	0	50M200I	86c168ce8b1c72d0cec05453794720c2	138573
L	44306	250	*	*	*	*	*	355847	*
H	44306	50	100.0	+	0	0	50M200I	caefe845aedf396519d985f05912a9ea	355847
L	102339	250	*	*	*	*	*	104024	*
H	102339	50	100.0	+	0	0	50M200I	caefe845aedf396519d985f05912a9ea	104024
L	45736	250	*	*	*	*	*	349934	*
H	45736	50	100.0	+	0	0	50M200I	caefe845aedf396519d985f05912a9ea	349934
L	29977	250	*	*	*	*	*	543159	*
H	29977	50	100.0	+	0	0	50M200I	24029670630060b5bf93a8d63f46407b	543159
L	5554	250	*	*	*	*	*	934297	*
H	5554	50	100.0	+	0	0	50M200I	24029670630060b5bf93a8d63f46407b	934297
L	35689	250	*	*	*	*	*	519098	*
H	35689	50	100.0	+	0	0	50M200I	24029670630060b5bf93a8d63f46407b	519098
L	199493	250	*	*	*	*	*	240322	*
H	199493	50	100.0	+	0	0	50M200I	81572f0ffa2efeabd7aa22d9881116ce	240322
L	198229	250	*	*	*	*	*	756973	*
H	198229	50	100.0	+	0	0	50M200I	81572f0ffa2efeabd7aa22d9881116ce	756973
L	202096	250	*	*	*	*	*	1122723	*
H	202096	50	100.0	+	0	0	50M200I	81572f0ffa2efeabd7aa22d9881116ce	1122723
N	*	50	*	*	*	*	*	9308f6fb7ba61e2760184052cd1084b2	*
L	70111	250	*	*	*	*	*	252578	*
H	70111	50	100.0	+	0	0	50M200I	a813cea98932247942666328df9cd21f	252578
L	93060	250	*	*	*	*	*	155506	*
H	93060	50	100.0	+	0	0	50M200I	a813cea98932247942666328df9cd21f	155506
L	144919	250	*	*	*	*	*	805993	*
H	144919	50	100.0	+	0	0	50M200I	a813cea98932247942666328df9cd21f	805993
L	133728	250	*	*	*	*	*	831604	*
H	133728	50	100.0	+	0	0	50M200I	94c8c13dbba146526c35ab29aa2e5cce	831604
L	55907	250	*	*	*	*	*	308364	*
H	55907	50	100.0	+	0	0	50M200I	94c8c13dbba146526c35ab29aa2e5cce	308364
L	55919	250	*	*	*	*	*	308329	*
H	55919	50	100.0	+	0	0	50M200I	94c8c13dbba146526c35ab29aa2e5cce	308329
L	21500	250	*	*	*	*	*	578408	*
H	21500	50	100.0	+	0	0	50M200I	8aad8fc81cddad0a12ae1ce579907c1d	578408
L	127292	250	*	*	*	*	*	2345973	*
H	127292	50	100.0	+	0	0	50M200I	8aad8fc81cddad0a12ae1ce579907c1d	2345973
L	70001	250	*	*	*	*	*	253018	*
H	70001	50	100.0	+	0	0	50M200I	8aad8fc81cddad0a12ae1ce579907c1d	253018
L	28556	250	*	*	*	*	*	549097	*
H	28556	50	100.0	+	0	0	50M200I	45d4a93378d7b62137a590e2dd9dbb3b	549097
L	175814	250	*	*	*	*	*	4372014	*
H	175814	50	100.0	+	0	0	50M200I	45d4a93378d7b62137a590e2dd9dbb3b	4372014
L	175815	250	*	*	*	*	*	4372015	*
H	175815	50	100.0	+	0	0	50M200I	45d4a93378d7b62137a590e2dd9dbb3b	4372015
L	118196	250	*	*	*	*	*	903783	*
H	118196	50	100.0	+	0	0	50M200I	974a32b20c7b0da06ae12b9eba3b9666	903783
L	164571	250	*	*	*	*	*	4315006	*
H	164571	50	100.0	+	0	0	50M200I	974a32b20c7b0da06ae12b9eba3b9666	4315006
L	164527	250	*	*	*	*	*	4314814	*
H	164527	50	100.0	+	0	0	50M200I	974a32b20c7b0da06ae12b9eba3b9666	4314814
L	184679	250	*	*	*	*	*	4417403	*
H	184679	50	100.0	+	0	0	50M200I	f3b2b552fe0fec485937aa9a5444e045	4417403
L	101575	250	*	*	*	*	*	107044	*
H	101575	50	100.0	+	0	0	50M200I	f3b2b552fe0fec485937aa9a5444e045	107044
L	147890	250	*	*	*	*	*	3565293	*
H	147890	50	100.0	+	0	0	50M200I	f3b2b552fe0fec485937aa9a5444e045	3565293
N	*	50	*	*	*	*	*	cb8f895e5437e5d6559bd3e673a52ae5	*
L	89306	250	*	*	*	*	*	172923	*
H	89306	50	100.0	+	0	0	50M200I	6e636eb1f6c483664bc5fd61ca884ba9	172923
L	51236	250	*	*	*	*	*	327589	*
H	51236	50	100.0	+	0	0	50M200I	6e636eb1f6c483664bc5fd61ca884ba9	327589
L	89302	250	*	*	*	*	*	172936	*
H	89302	50	100.0	+	0	0	50M200I	6e636eb1f6c483664bc5fd61ca884ba9	172936
L	166098	250	*	*	*	*	*	4322536	*
H	166098	50	100.0	+	0	0	50M200I	508cfb137772b063da147e84d2cd7df7	4322536
L	173325	250	*	*	*	*	*	4359364	*
H	173325	50	100.0	+	0	0	50M200I	508cfb137772b063da147e84d2cd7df7	4359364
L	166089	250	*	*	*	*	*	4322512	*
H	166089	50	100.0	+	0	0	50M200I	508cfb137772b063da147e84d2cd7df7	4322512
L	87225	250	*	*	*	*	*	179600	*
H	87225	50	98.0	+	0	0	50M200I	20e92f416d9f589bfc3a3a6760f1a1de	179600
L	37825	250	*	*	*	*	*	510777	*
H	37825	50	98.0	+	0	0	50M200I	20e92f416d9f589bfc3a3a6760f1a1de	510777
L	37824	250	*	*	*	*	*	510780	*
H	37824	50	100.0	+	0	0	50M200I	20e92f416d9f589bfc3a3a6760f1a1de	510780
L	61121	250	*	*	*	*	*	289313	*
H	61121	50	98.0	+	0	0	50M200I	ea7b4b7c87a96c8391f55a9ae6c64dd2	289313
L	33499	250	*	*	*	*	*	528528	*
H	33499	50	100.0	+	0	0	50M200I	ea7b4b7c87a96c8391f55a9ae6c64dd2	528528
L	33500	250	*	*	*	*	*	528525	*
H	33500	50	100.0	+	0	0	50M200I	ea7b4b7c87a96c8391f55a9ae6c64dd2	528525
L	46262	250	*	*	*	*	*	347847	*
H	46262	50	100.0	+	0	0	50M200I	0b3032b74ca5b245b57c84bbe2270feb	347847
L	164630	250	*	*	*	*	*	4315315	*
H	164630	50	100.0	+	0	0	50M200I	0b3032b74ca5b245b57c84bbe2270feb	4315315
L	164530	250	*	*	*	*	*	4314827	*
H	164530	50	100.0	+	0	0	50M200I	0b3032b74ca5b245b57c84bbe2270feb	4314827
L	112101	250	*	*	*	*	*	3708	*
H	112101	50	100.0	+	0	0	50M200I	d10894936d08e62381201d90472af259	3708
L	139497	250	*	*	*	*	*	1128896	*
H	139497	50	100.0	+	0	0	50M200I	d10894936d08e62381201d90472af259	1128896
L	136566	250	*	*	*	*	*	2887062	*
H	136566	50	100.0	+	0	0	50M200I	d10894936d08e62381201d90472af259	2887062
L	193573	250	*	*	*	*	*	4462026	*
H	193573	50	100.0	+	0	0	50M200I	c3a6fdefe2cf5ff92cc4ad1d4e461eb2	4462026
L	187168	250	*	*	*	*	*	4429645	*
H	187168	50	100.0	+	0	0	50M200I	c3a6fdefe2cf5ff92cc4ad1d4e461eb2	4429645
L	16904	250	*	*	*	*	*	610043	*
H	16904	50	100.0	+	0	0	50M200I	c3a6fdefe2cf5ff92cc4ad1d4e461eb2	610043
N	*	50	*	*	*	*	*	5b79c4031f1e96a08de2a5c6ab02ab62	*
L	201539	250	*	*	*	*	*	763082	*
H	201539	50	100.0	+	0	0	50M200I	d622a17ab9e11271b6d821f3251c13d6	763082
L	199564	250	*	*	*	*	*	213389	*
H	199564	50	100.0	+	0	0	50M200I	d622a17ab9e11271b6d821f3251c13d6	213389
L	199994	250	*	*	*	*	*	144887	*
H	199994	50	100.0	+	0	0	50M200I	d622a17ab9e11271b6d821f3251c13d6	144887
L	129268	250	*	*	*	*	*	702681	*
H	129268	50	100.0	+	0	0	50M200I	1eabbcd06c0b04e07d0a23be8effa86b	702681
L	113446	250	*	*	*	*	*	1551624	*
H	113446	50	100.0	+	0	0	50M200I	1eabbcd06c0b04e07d0a23be8effa86b	1551624
L	96712	250	*	*	*	*	*	141284	*
H	96712	50	100.0	+	0	0	50M200I	1eabbcd06c0b04e07d0a23be8effa86b	141284
L	130684	250	*	*	*	*	*	1093972	*
H	130684	50	100.0	+	0	0	50M200I	7fca903053888fe1031239a3a3cf9b4c	1093972
L	154118	250	*	*	*	*	*	3937311	*
H	154118	50	100.0	+	0	0	50M200I	7fca903053888fe1031239a3a3cf9b4c	3937311
L	175551	250	*	*	*	*	*	4370747	*
H	175551	50	100.0	+	0	0	50M200I	7fca903053888fe1031239a3a3cf9b4c	4370747
L	160858	250	*	*	*	*	*	4297665	*
H	160858	50	100.0	+	0	0	50M200I	d27cd3d8a481911af9e49b56521c85dd	4297665
L	107975	250	*	*	*	*	*	42066	*
H	107975	50	100.0	+	0	0	50M200I	d27cd3d8a481911af9e49b56521c85dd	42066
L	91074	250	*	*	*	*	*	163899	*
H	91074	50	100.0	+	0	0	50M200I	d27cd3d8a481911af9e49b56521c85dd	163899
L	28569	250	*	*	*	*	*	549018	*
H	28569	50	100.0	+	0	0	50M200I	3327c8d23aebe8c7125ef37bca6fb996	549018
L	8021	250	*	*	*	*	*	843373	*
H	8021	50	100.0	+	0	0	50M200I	3327c8d23aebe8c7125ef37bca6fb996	843373
L	8094	250	*	*	*	*	*	841279	*
H	8094	50	100.0	+	0	0	50M200I	3327c8d23aebe8c7125ef37bca6fb996	841279
L	75574	250	*	*	*	*	*	227320	*
H	75574	50	100.0	+	0	0	50M200I	31a7289e99e0350cf2f099ec636380f5	227320
L	78694	250	*	*	*	*	*	211309	*
H	78694	50	100.0	+	0	0	50M200I	31a7289e99e0350cf2f099ec636380f5	211309
L	132365	250	*	*	*	*	*	2649117	*
H	132365	50	100.0	+	0	0	50M200I	31a7289e99e0350cf2f099ec636380f5	2649117
L	188500	250	*	*	*	*	*	4436316	*
H	188500	50	98.0	+	0	0	50M200I	b76682c0d27fcf2d800d26fbc6e52a92	4436316
L	172718	250	*	*	*	*	*	4356402	*
H	172718	50	98.0	+	0	0	50M200I	b76682c0d27fcf2d800d26fbc6e52a92	4356402
L	14661	250	*	*	*	*	*	690251	*
H	14661	50	98.0	+	0	0	50M200I	b76682c0d27fcf2d800d26fbc6e52a92	690251
L	60408	250	*	*	*	*	*	291779	*
H	60408	50	100.0	+	0	0	50M200I	8245c26edb85fd0bded260a3fd8a4d27	291779
L	58499	250	*	*	*	*	*	298514	*
H	58499	50	100.0	+	0	0	50M200I	8245c26edb85fd0bded260a3fd8a4d27	298514
L	54132	250	*	*	*	*	*	315733	*
H	54132	50	100.0	+	0	0	50M200I	8245c26edb85fd0bded260a3fd8a4d27	315733
L	119774	250	*	*	*	*	*	1915223	*
H	119774	50	100.0	+	0	0	50M200I	8335aae2b40cc296d5830bbfa26d2e9b	1915223
L	13121	250	*	*	*	*	*	747323	*
H	13121	50	100.0	+	0	0	50M200I	8335aae2b40cc296d5830bbfa26d2e9b	747323
L	36989	250	*	*	*	*	*	513590	*
H	36989	50	100.0	+	0	0	50M200I	8335aae2b40cc296d5830bbfa26d2e9b	513590
L	195344	250	*	*	*	*	*	4470895	*
H	195344	50	100.0	+	0	0	50M200I	2b9674615c4fb0c2697cd9f6fe7e3f8b	4470895
L	169799	250	*	*	*	*	*	4341018	*
H	169799	50	100.0	+	0	0	50M200I	2b9674615c4fb0c2697cd9f6fe7e3f8b	4341018
L	169829	250	*	*	*	*	*	4341134	*
H	169829	50	100.0	+	0	0	50M200I	2b9674615c4fb0c2697cd9f6fe7e3f8b	4341134
L	15503	250	*	*	*	*	*	660326	*
H	15503	50	98.0	+	0	0	50M200I	d03038bd59240ce0ac18f3d167cdbc53	660326
L	151970	250	*	*	*	*	*	1138800	*
H	151970	50	98.0	+	0	0	50M200I	d03038bd59240ce0ac18f3d167cdbc53	1138800
N	*	50	*	*	*	*	*	a440ed1e83b0e6dd506893d220fd39e5	*
L	88256	250	*	*	*	*	*	176443	*
H	88256	50	100.0	+	0	0	50M200I	c617423bb359f72ed41af659f5b72069	176443
L	88331	250	*	*	*	*	*	176183	*
H	88331	50	100.0	+	0	0	50M200I	c617423bb359f72ed41af659f5b72069	176183
L	88333	250	*	*	*	*	*	176178	*
H	88333	50	100.0	+	0	0	50M200I	c617423bb359f72ed41af659f5b72069	176178
L	166126	250	*	*	*	*	*	4322647	*
H	166126	50	100.0	+	0	0	50M200I	def2019f304f8a59edb8cab3aa78ecd1	4322647
L	166115	250	*	*	*	*	*	4322588	*
H	166115	50	100.0	+	0	0	50M200I	def2019f304f8a59edb8cab3aa78ecd1	4322588
L	166113	250	*	*	*	*	*	4322584	*
H	166113	50	100.0	+	0	0	50M200I	def2019f304f8a59edb8cab3aa78ecd1	4322584
L	172895	250	*	*	*	*	*	4357351	*
H	172895	50	100.0	+	0	0	50M200I	acd6f679e7ab12be00e31df3b13bbffb	4357351
L	110226	250	*	*	*	*	*	13815	*
H	110226	50	100.0	+	0	0	50M200I	acd6f679e7ab12be00e31df3b13bbffb	13815
L	104722	250	*	*	*	*	*	85930	*
H	104722	50	100.0	+	0	0	50M200I	acd6f679e7ab12be00e31df3b13bbffb	85930
L	77230	250	*	*	*	*	*	219702	*
H	77230	50	100.0	+	0	0	50M200I	d2fc1ae7d8bc23f407ecadf88ef8e122	219702
L	145499	250	*	*	*	*	*	1111112	*
H	145499	50	100.0	+	0	0	50M200I	d2fc1ae7d8bc23f407ecadf88ef8e122	1111112
L	136646	250	*	*	*	*	*	2891952	*
H	136646	50	100.0	+	0	0	50M200I	d2fc1ae7d8bc23f407ecadf88ef8e122	2891952
L	7127	250	*	*	*	*	*	873330	*
H	7127	50	100.0	+	0	0	50M200I	3a800a7cbb56ad1ef55571fdf186a5e2	873330
L	140848	250	*	*	*	*	*	1077147	*
H	140848	50	100.0	+	0	0	50M200I	3a800a7cbb56ad1ef55571fdf186a5e2	1077147
L	6670	250	*	*	*	*	*	891989	*
H	6670	50	100.0	+	0	0	50M200I	3a800a7cbb56ad1ef55571fdf186a5e2	891989
L	22272	250	*	*	*	*	*	575206	*
H	22272	50	100.0	+	0	0	50M200I	1cec7f7229b89c7dd169ba882bc31ed4	575206
L	191350	250	*	*	*	*	*	4450837	*
H	191350	50	100.0	+	0	0	50M200I	1cec7f7229b89c7dd169ba882bc31ed4	4450837
L	12208	250	*	*	*	*	*	779967	*
H	12208	50	100.0	+	0	0	50M200I	1cec7f7229b89c7dd169ba882bc31ed4	779967
L	17877	250	*	*	*	*	*	591337	*
H	17877	50	100.0	+	0	0	50M200I	eb97191bd699284c15a0682c8ff71069	591337
L	1290	250	*	*	*	*	*	1095672	*
H	1290	50	100.0	+	0	0	50M200I	eb97191bd699284c15a0682c8ff71069	1095672
L	14683	250	*	*	*	*	*	689621	*
H	14683	50	100.0	+	0	0	50M200I	eb97191bd699284c15a0682c8ff71069	689621
L	81105	250	*	*	*	*	*	198053	*
H	81105	50	100.0	+	0	0	50M200I	cfb4d10725ec7c0cd59a0452bec5bcb5	198053
L	85976	250	*	*	*	*	*	183460	*
H	85976	50	100.0	+	0	0	50M200I	cfb4d10725ec7c0cd59a0452bec5bcb5	183460
L	154941	250	*	*	*	*	*	3989107	*
H	154941	50	100.0	+	0	0	50M200I	cfb4d10725ec7c0cd59a0452bec5bcb5	3989107
L	121404	250	*	*	*	*	*	2006996	*
H	121404	50	98.0	+	0	0	50M200I	ab1494462f170636148ea81017b6ee7c	2006996
L	73428	250	*	*	*	*	*	239283	*
H	73428	50	98.0	+	0	0	50M200I	319f30b9ebe4c9ce189b7783e7fd7ece	239283
L	22306	250	*	*	*	*	*	575062	*
H	22306	50	100.0	+	0	0	50M200I	319f30b9ebe4c9ce189b7783e7fd7ece	575062
L	52531	250	*	*	*	*	*	322393	*
H	52531	50	98.0	+	0	0	50M200I	319f30b9ebe4c9ce189b7783e7fd7ece	322393
L	89894	250	*	*	*	*	*	169837	*
H	89894	50	98.0	+	0	0	50M200I	8c027fa8005deaaf1dad1a8aa2fb54aa	169837
L	40172	250	*	*	*	*	*	417705	*
H	40172	50	98.0	+	0	0	50M200I	8c027fa8005deaaf1dad1a8aa2fb54aa	417705
L	97468	250	*	*	*	*	*	137951	*
H	97468	50	98.0	+	0	0	50M200I	8c027fa8005deaaf1dad1a8aa2fb54aa	137951
N	*	50	*	*	*	*	*	d6fcd2f7048ffbc5aed3ec614fef4595	*
L	104934	250	*	*	*	*	*	82861	*
H	104934	50	100.0	+	0	0	50M200I	4a207ca16e01e7b0f9e6c5cda1217063	82861
L	149660	250	*	*	*	*	*	3678917	*
H	149660	50	98.0	+	0	0	50M200I	4a207ca16e01e7b0f9e6c5cda1217063	3678917
L	26402	250	*	*	*	*	*	557948	*
H	26402	50	100.0	+	0	0	50M200I	4a207ca16e01e7b0f9e6c5cda1217063	557948
L	73379	250	*	*	*	*	*	239437	*
H	73379	50	100.0	+	0	0	50M200I	5fdb5080f0bebe9595a7af63a87fe316	239437
L	19959	250	*	*	*	*	*	583767	*
H	19959	50	100.0	+	0	0	50M200I	5fdb5080f0bebe9595a7af63a87fe316	583767
L	102479	250	*	*	*	*	*	103478	*
H	102479	50	100.0	+	0	0	50M200I	5fdb5080f0bebe9595a7af63a87fe316	103478
N	*	50	*	*	*	*	*	1e2d1a8f03accd4907d668b183c2f9f0	*
L	38923	250	*	*	*	*	*	465791	*
H	38923	50	100.0	+	0	0	50M200I	5370f673232483505b6bd7cc56d92885	465791
L	112935	250	*	*	*	*	*	815496	*
H	112935	50	100.0	+	0	0	50M200I	5370f673232483505b6bd7cc56d92885	815496
L	112930	250	*	*	*	*	*	805419	*
H	112930	50	100.0	+	0	0	50M200I	5370f673232483505b6bd7cc56d92885	805419
L	90201	250	*	*	*	*	*	168210	*
H	90201	50	100.0	+	0	0	50M200I	fc0e6c3e5e859553cebda3dcc4b115a2	168210
L	153859	250	*	*	*	*	*	851812	*
H	153859	50	100.0	+	0	0	50M200I	fc0e6c3e5e859553cebda3dcc4b115a2	851812
L	80116	250	*	*	*	*	*	202715	*
H	80116	50	98.0	+	0	0	50M200I	fc0e6c3e5e859553cebda3dcc4b115a2	202715
L	94825	250	*	*	*	*	*	148147	*
H	94825	50	100.0	+	0	0	50M200I	1e5640b340cb44ae36ed936dd21c3f7d	148147
L	121563	250	*	*	*	*	*	2017429	*
H	121563	50	100.0	+	0	0	50M200I	1e5640b340cb44ae36ed936dd21c3f7d	2017429
L	1927	250	*	*	*	*	*	1071854	*
H	1927	50	100.0	+	0	0	50M200I	1e5640b340cb44ae36ed936dd21c3f7d	1071854
L	147608	250	*	*	*	*	*	1113767	*
H	147608	50	100.0	+	0	0	50M200I	9d2c271ccf9859285c09d4ef44da7dbb	1113767
L	122131	250	*	*	*	*	*	807482	*
H	122131	50	100.0	+	0	0	50M200I	9d2c271ccf9859285c09d4ef44da7dbb	807482
L	80322	250	*	*	*	*	*	201365	*
H	80322	50	100.0	+	0	0	50M200I	9d2c271ccf9859285c09d4ef44da7dbb	201365
L	107099	250	*	*	*	*	*	56651	*
H	107099	50	100.0	+	0	0	50M200I	55ba60dfa9bdfcc8df49f0702ab72249	56651
L	98541	250	*	*	*	*	*	132291	*
H	98541	50	100.0	+	0	0	50M200I	55ba60dfa9bdfcc8df49f0702ab72249	132291
L	114072	250	*	*	*	*	*	806380	*
H	114072	50	100.0	+	0	0	50M200I	55ba60dfa9bdfcc8df49f0702ab72249	806380
L	143600	250	*	*	*	*	*	718321	*
H	143600	50	100.0	+	0	0	50M200I	faf314b8f8d0a3794607aff054abb7f5	718321
L	157726	250	*	*	*	*	*	729031	*
H	157726	50	100.0	+	0	0	50M200I	faf314b8f8d0a3794607aff054abb7f5	729031
L	169996	250	*	*	*	*	*	4341962	*
H	169996	50	100.0	+	0	0	50M200I	faf314b8f8d0a3794607aff054abb7f5	4341962
N	*	50	*	*	*	*	*	7752ac502c19539772ced36b4bc62f60	*
L	55211	250	*	*	*	*	*	311329	*
H	55211	50	100.0	+	0	0	50M200I	647dc5365984cef806e991adfb66ab44	311329
L	127368	250	*	*	*	*	*	611768	*
H	127368	50	100.0	+	0	0	50M200I	647dc5365984cef806e991adfb66ab44	611768
L	54759	250	*	*	*	*	*	313031	*
H	54759	50	100.0	+	0	0	50M200I	647dc5365984cef806e991adfb66ab44	313031
L	96566	250	*	*	*	*	*	141746	*
H	96566	50	100.0	+	0	0	50M200I	dcbd5871b1651983690b99f16fc67118	141746
L	123214	250	*	*	*	*	*	1118942	*
H	123214	50	100.0	+	0	0	50M200I	dcbd5871b1651983690b99f16fc67118	1118942
L	13052	250	*	*	*	*	*	749563	*
H	13052	50	100.0	+	0	0	50M200I	dcbd5871b1651983690b99f16fc67118	749563
L	88113	250	*	*	*	*	*	176901	*
H	88113	50	100.0	+	0	0	50M200I	0651768258c5cafcf4dc9a9866f786de	176901
L	44576	250	*	*	*	*	*	354765	*
H	44576	50	100.0	+	0	0	50M200I	0651768258c5cafcf4dc9a9866f786de	354765
L	109442	250	*	*	*	*	*	19569	*
H	109442	50	100.0	+	0	0	50M200I	0651768258c5cafcf4dc9a9866f786de	19569
L	57088	250	*	*	*	*	*	303448	*
H	57088	50	100.0	+	0	0	50M200I	e902e0253f0011c5db59127da771d835	303448
L	48533	250	*	*	*	*	*	338640	*
H	48533	50	100.0	+	0	0	50M200I	e902e0253f0011c5db59127da771d835	338640
L	197086	250	*	*	*	*	*	4479612	*
H	197086	50	100.0	+	0	0	50M200I	e902e0253f0011c5db59127da771d835	4479612
L	140048	250	*	*	*	*	*	3095054	*
H	140048	50	100.0	+	0	0	50M200I	b9a73d0d980a706e497817a287e6ae83	3095054
L	40910	250	*	*	*	*	*	388960	*
H	40910	50	100.0	+	0	0	50M200I	b9a73d0d980a706e497817a287e6ae83	388960
L	40302	250	*	*	*	*	*	412782	*
H	40302	50	100.0	+	0	0	50M200I	b9a73d0d980a706e497817a287e6ae83	412782
L	3841	250	*	*	*	*	*	997439	*
H	3841	50	100.0	+	0	0	50M200I	98a497083edd0ba2f7f23b83e3b2a7da	997439
L	42420	250	*	*	*	*	*	365385	*
H	42420	50	100.0	+	0	0	50M200I	98a497083edd0ba2f7f23b83e3b2a7da	365385
L	167671	250	*	*	*	*	*	4330340	*
H	167671	50	100.0	+	0	0	50M200I	98a497083edd0ba2f7f23b83e3b2a7da	4330340
L	134428	250	*	*	*	*	*	610745	*
H	134428	50	100.0	+	0	0	50M200I	3b056c53b119aa1c5d97c6d7c37ac461	610745
L	158469	250	*	*	*	*	*	799069	*
H	158469	50	100.0	+	0	0	50M200I	3b056c53b119aa1c5d97c6d7c37ac461	799069
L	7392	250	*	*	*	*	*	863515	*
H	7392	50	100.0	+	0	0	50M200I	3b056c53b119aa1c5d97c6d7c37ac461	863515
L	129396	250	*	*	*	*	*	2470763	*
H	129396	50	100.0	+	0	0	50M200I	fd953dfa45005c2351ca7e418b7b1210	2470763
L	129391	250	*	*	*	*	*	748735	*
H	129391	50	100.0	+	0	0	50M200I	fd953dfa45005c2351ca7e418b7b1210	748735
L	195106	250	*	*	*	*	*	4469764	*
H	195106	50	100.0	+	0	0	50M200I	fd953dfa45005c2351ca7e418b7b1210	4469764
L	111145	250	*	*	*	*	*	9468	*
H	111145	50	100.0	+	0	0	50M200I	a212b558e5bc499d44e46aeff1d347ff	9468
L	160833	250	*	*	*	*	*	4297561	*
H	160833	50	100.0	+	0	0	50M200I	a212b558e5bc499d44e46aeff1d347ff	4297561
L	177365	250	*	*	*	*	*	4380273	*
H	177365	50	100.0	+	0	0	50M200I	a212b558e5bc499d44e46aeff1d347ff	4380273
L	169512	250	*	*	*	*	*	4339547	*
H	169512	50	100.0	+	0	0	50M200I	251b588c9358a42ea6e6c83dde425376	4339547
L	53064	250	*	*	*	*	*	320214	*
H	53064	50	98.0	+	0	0	50M200I	251b588c9358a42ea6e6c83dde425376	320214
L	51185	250	*	*	*	*	*	327805	*
H	51185	50	100.0	+	0	0	50M200I	251b588c9358a42ea6e6c83dde425376	327805
L	201325	250	*	*	*	*	*	836616	*
H	201325	50	100.0	+	0	0	50M200I	9eb6ee8738f28e37e328ff49b924687f	836616
L	201352	250	*	*	*	*	*	2684351	*
H	201352	50	100.0	+	0	0	50M200I	9eb6ee8738f28e37e328ff49b924687f	2684351
L	198939	250	*	*	*	*	*	397239	*
H	198939	50	100.0	+	0	0	50M200I	9eb6ee8738f28e37e328ff49b924687f	397239
D	1927	2	*	*	*	*	100.0	1071854	*
D	6670	2	*	*	*	*	100.0	891989	*
D	7392	2	*	*	*	*	100.0	863515	*
D	7967	2	*	*	*	*	100.0	844681	*
D	8094	2	*	*	*	*	100.0	841279	*
D	12208	2	*	*	*	*	100.0	779967	*
D	13052	2	*	*	*	*	100.0	749563	*
D	14661	2	*	*	*	*	98.0	690251	*
D	14683	2	*	*	*	*	100.0	689621	*
D	16895	2	*	*	*	*	98.0	610343	*
D	16904	2	*	*	*	*	100.0	610043	*
D	22306	2	*	*	*	*	100.0	575062	*
D	26402	2	*	*	*	*	100.0	557948	*
D	27508	2	*	*	*	*	100.0	553366	*
D	33500	2	*	*	*	*	100.0	528525	*
D	35189	2	*	*	*	*	100.0	521318	*
D	35689	2	*	*	*	*	100.0	519098	*
D	36905	2	*	*	*	*	98.0	513876	*
D	36989	2	*	*	*	*	100.0	513590	*
D	37824	2	*	*	*	*	100.0	510780	*
D	40302	2	*	*	*	*	100.0	412782	*
D	41109	2	*	*	*	*	100.0	381463	*
D	45736	2	*	*	*	*	100.0	349934	*
D	51185	2	*	*	*	*	100.0	327805	*
D	54132	2	*	*	*	*	100.0	315733	*
D	54759	2	*	*	*	*	100.0	313031	*
D	55919	2	*	*	*	*	100.0	308329	*
D	70001	2	*	*	*	*	100.0	253018	*
D	72203	2	*	*	*	*	100.0	244116	*
D	79539	2	*	*	*	*	100.0	206278	*
D	79642	2	*	*	*	*	100.0	205635	*
D	80122	2	*	*	*	*	100.0	202686	*
D	80322	2	*	*	*	*	100.0	201365	*
D	81359	2	*	*	*	*	100.0	197229	*
D	88333	2	*	*	*	*	100.0	176178	*
D	89302	2	*	*	*	*	100.0	172936	*
D	91074	2	*	*	*	*	100.0	163899	*
D	93603	2	*	*	*	*	100.0	153247	*
D	96712	2	*	*	*	*	100.0	141284	*
D	97322	2	*	*	*	*	100.0	138573	*
D	97468	2	*	*	*	*	98.0	137951	*
D	102479	2	*	*	*	*	100.0	103478	*
D	104722	2	*	*	*	*	100.0	85930	*
D	109442	2	*	*	*	*	100.0	19569	*
D	112930	2	*	*	*	*	100.0	805419	*
D	114072	2	*	*	*	*	100.0	806380	*
D	114119	2	*	*	*	*	100.0	1591562	*
D	114362	2	*	*	*	*	100.0	1107358	*
D	121404	2	*	*	*	*	98.0	2006996	*
D	124387	2	*	*	*	*	100.0	1133917	*
D	125050	2	*	*	*	*	100.0	2214196	*
D	132365	2	*	*	*	*	100.0	2649117	*
D	134203	2	*	*	*	*	100.0	2750316	*
D	134692	2	*	*	*	*	100.0	644333	*
D	136566	2	*	*	*	*	100.0	2887062	*
D	136646	2	*	*	*	*	100.0	2891952	*
D	140003	2	*	*	*	*	100.0	3092165	*
D	144919	2	*	*	*	*	100.0	805993	*
D	147890	2	*	*	*	*	100.0	3565293	*
D	150041	2	*	*	*	*	100.0	3700608	*
D	150548	2	*	*	*	*	100.0	1105901	*
D	151970	2	*	*	*	*	98.0	1138800	*
D	153859	2	*	*	*	*	100.0	851812	*
D	154941	2	*	*	*	*	100.0	3989107	*
D	156575	2	*	*	*	*	100.0	4082577	*
D	158821	2	*	*	*	*	100.0	1137072	*
D	163807	2	*	*	*	*	100.0	4311463	*
D	164527	2	*	*	*	*	100.0	4314814	*
D	164530	2	*	*	*	*	100.0	4314827	*
D	166089	2	*	*	*	*	100.0	4322512	*
D	166113	2	*	*	*	*	100.0	4322584	*
D	167671	2	*	*	*	*	100.0	4330340	*
D	169829	2	*	*	*	*	100.0	4341134	*
D	169996	2	*	*	*	*	100.0	4341962	*
D	175551	2	*	*	*	*	100.0	4370747	*
D	175815	2	*	*	*	*	100.0	4372015	*
D	177365	2	*	*	*	*	100.0	4380273	*
D	181540	2	*	*	*	*	100.0	4401333	*
D	183076	2	*	*	*	*	100.0	4409240	*
D	192905	2	*	*	*	*	100.0	4458629	*
D	195106	2	*	*	*	*	100.0	4469764	*
D	197086	2	*	*	*	*	100.0	4479612	*
D	198939	2	*	*	*	*	100.0	397239	*
D	199994	2	*	*	*	*	100.0	144887	*
D	201432	2	*	*	*	*	100.0	2776654	*
D	202096	2	*	*	*	*	100.0	1122723	*
