UclustConsensusTaxonAssigner parameters:
id_to_taxonomy_filepath:/Users/nbokulich/Desktop/ref_dbs/gg_13_8_otus/taxonomy/99_otu_taxonomy.txt
id_to_taxonomy_fp:/Users/nbokulich/Desktop/ref_dbs/gg_13_8_otus/taxonomy/99_otu_taxonomy.txt
max_accepts:3
min_consensus_fraction:0.51
reference_sequences_fp:/Users/nbokulich/Desktop/ref_dbs/gg_13_8_otus/rep_set/99_otus/dna-sequences.fasta
similarity:0.9
unassignable_label:Unassigned
Result path: /var/folders/0t/l1dz88p50y91vx_22fx5w3780000gn/T/assign-taxLPX8VL

.uc file contents:

# uclust --input /Users/nbokulich/Desktop/projects/short-read-tax-assignment/data/mock-community/mock-22/rep_seqs.fna --id 0.9 --rev --maxaccepts 3 --allhits --libonly --lib /Users/nbokulich/Desktop/ref_dbs/gg_13_8_otus/rep_set/99_otus/dna-sequences.fasta --uc /var/folders/0t/l1dz88p50y91vx_22fx5w3780000gn/T/UclustConsensusTaxonAssigner_9ubFkE.uc
# version=1.2.22
# Tab-separated fields:
# 1=Type, 2=ClusterNr, 3=SeqLength or ClusterSize, 4=PctId, 5=Strand, 6=QueryStart, 7=SeedStart, 8=Alignment, 9=QueryLabel, 10=TargetLabel
# Record types (field 1): L=LibSeed, S=NewSeed, H=Hit, R=Reject, D=LibCluster, C=NewCluster, N=NoHit
# For C and D types, PctId is average id with seed.
# QueryStart and SeedStart are zero-based relative to start of sequence.
# If minus strand, SeedStart is relative to reverse-complemented seed.
L	49429	250	*	*	*	*	*	335044	*
H	49429	231	100.0	+	0	0	231M19I	d03173933344f7959edc8d5fa2178b4b	335044
L	49436	250	*	*	*	*	*	335029	*
H	49436	231	100.0	+	0	0	231M19I	d03173933344f7959edc8d5fa2178b4b	335029
L	49624	250	*	*	*	*	*	334250	*
H	49624	231	100.0	+	0	0	231M19I	d03173933344f7959edc8d5fa2178b4b	334250
L	61642	250	*	*	*	*	*	287426	*
H	61642	231	100.0	+	0	0	231M19I	b53806d2798866e54bc88919793f0143	287426
L	61653	250	*	*	*	*	*	287389	*
H	61653	231	100.0	+	0	0	231M19I	b53806d2798866e54bc88919793f0143	287389
L	165320	250	*	*	*	*	*	4318677	*
H	165320	231	100.0	+	0	0	231M19I	b53806d2798866e54bc88919793f0143	4318677
L	38738	250	*	*	*	*	*	489706	*
H	38738	231	100.0	+	0	0	231M19I	675901e598409fba2ca88494be3463d3	489706
L	1563	250	*	*	*	*	*	1085110	*
H	1563	231	100.0	+	0	0	231M19I	675901e598409fba2ca88494be3463d3	1085110
L	1475	250	*	*	*	*	*	1088265	*
H	1475	231	100.0	+	0	0	231M19I	675901e598409fba2ca88494be3463d3	1088265
L	43873	250	*	*	*	*	*	358045	*
H	43873	231	100.0	+	0	0	231M19I	2d4978cf246f2ee60cd5ddba9df73e8e	358045
L	169868	250	*	*	*	*	*	4341250	*
H	169868	231	100.0	+	0	0	231M19I	2d4978cf246f2ee60cd5ddba9df73e8e	4341250
L	140621	250	*	*	*	*	*	851221	*
H	140621	231	99.6	+	0	0	231M19I	2d4978cf246f2ee60cd5ddba9df73e8e	851221
L	131956	250	*	*	*	*	*	1031648	*
H	131956	231	100.0	+	0	0	231M19I	333a40af36286f867e8e903e420016d4	1031648
L	150586	250	*	*	*	*	*	963964	*
H	150586	231	100.0	+	0	0	231M19I	333a40af36286f867e8e903e420016d4	963964
L	112779	250	*	*	*	*	*	892241	*
H	112779	231	100.0	+	0	0	231M19I	333a40af36286f867e8e903e420016d4	892241
L	122767	250	*	*	*	*	*	1132674	*
H	122767	231	100.0	+	0	0	231M19I	f347ed507374d3ad78e59ce519190b59	1132674
L	62131	250	*	*	*	*	*	280681	*
H	62131	231	100.0	+	0	0	231M19I	f347ed507374d3ad78e59ce519190b59	280681
L	126179	250	*	*	*	*	*	817328	*
H	126179	231	100.0	+	0	0	231M19I	f347ed507374d3ad78e59ce519190b59	817328
L	162743	250	*	*	*	*	*	4306540	*
H	162743	231	100.0	+	0	0	231M19I	47d01e6146062d4183e8b7db6a700475	4306540
L	45381	250	*	*	*	*	*	351367	*
H	45381	231	100.0	+	0	0	231M19I	47d01e6146062d4183e8b7db6a700475	351367
L	77335	250	*	*	*	*	*	219151	*
H	77335	231	100.0	+	0	0	231M19I	47d01e6146062d4183e8b7db6a700475	219151
L	169931	250	*	*	*	*	*	4341595	*
H	169931	231	100.0	+	0	0	231M19I	1b736c9b2516e440141859f406d9a754	4341595
L	184603	250	*	*	*	*	*	4416988	*
H	184603	231	100.0	+	0	0	231M19I	1b736c9b2516e440141859f406d9a754	4416988
L	109904	250	*	*	*	*	*	15033	*
H	109904	231	98.7	+	0	0	231M19I	1b736c9b2516e440141859f406d9a754	15033
N	*	231	*	*	*	*	*	3510d5121df9f091d80df9d53c460170	*
L	91694	250	*	*	*	*	*	160969	*
H	91694	231	99.6	+	0	0	231M19I	42370bee07a419d0bf08a77c71eb71b2	160969
L	109660	250	*	*	*	*	*	16271	*
H	109660	231	99.6	+	0	0	231M19I	42370bee07a419d0bf08a77c71eb71b2	16271
L	31090	250	*	*	*	*	*	538589	*
H	31090	231	99.6	+	0	0	231M19I	42370bee07a419d0bf08a77c71eb71b2	538589
N	*	231	*	*	*	*	*	429c87d38cccaced346f5669cd76dd9c	*
N	*	231	*	*	*	*	*	383d67c7f618436f9731556d5148b4bb	*
N	*	231	*	*	*	*	*	e95f715d634bf05de7ea84afad3f9746	*
N	*	231	*	*	*	*	*	d1af4f8446d8a41975234d96ac7c51e8	*
N	*	231	*	*	*	*	*	1bba9bc44ca57e41a7fa5b96fcf4a792	*
L	98951	250	*	*	*	*	*	128604	*
H	98951	231	100.0	+	0	0	231M19I	94abfcc74e15148e81c3ecca47a75bed	128604
L	89857	250	*	*	*	*	*	170011	*
H	89857	231	97.8	+	0	0	231M19I	94abfcc74e15148e81c3ecca47a75bed	170011
L	26723	250	*	*	*	*	*	556641	*
H	26723	231	95.2	+	0	0	231M19I	94abfcc74e15148e81c3ecca47a75bed	556641
N	*	231	*	*	*	*	*	1d77d81bf8e4fa24b525987257dd5396	*
N	*	231	*	*	*	*	*	e17749b10816dd2810a5c28640cea363	*
N	*	231	*	*	*	*	*	f134cd502119dcd22f8337ba5e89667f	*
N	*	231	*	*	*	*	*	b8cc728644d1ee15082bc05ed841134a	*
L	18322	250	*	*	*	*	*	589764	*
H	18322	231	100.0	+	0	0	231M19I	c9bf5c74d65804a3c12ee5f33a35ce53	589764
L	142718	250	*	*	*	*	*	1135616	*
H	142718	231	100.0	+	0	0	231M19I	c9bf5c74d65804a3c12ee5f33a35ce53	1135616
L	31776	250	*	*	*	*	*	535702	*
H	31776	231	100.0	+	0	0	231M19I	c9bf5c74d65804a3c12ee5f33a35ce53	535702
N	*	231	*	*	*	*	*	2e1911ec10887839e6a2aeaa06669e54	*
N	*	231	*	*	*	*	*	bcc8ad1c4518db8cc3549258f5834d4a	*
N	*	231	*	*	*	*	*	574f20a3d7c71281fa40d64f27e6e22b	*
N	*	231	*	*	*	*	*	2077be704a8a81f1588f95a3b09504c3	*
N	*	231	*	*	*	*	*	a7ac04fb6dae5540438d7f5f9b626ca6	*
L	72083	250	*	*	*	*	*	244531	*
H	72083	231	100.0	+	0	0	I231M18I	f461aa828efb039d730b0e518c4f0aaa	244531
L	97023	250	*	*	*	*	*	140068	*
H	97023	231	100.0	+	0	0	I231M18I	f461aa828efb039d730b0e518c4f0aaa	140068
L	197065	250	*	*	*	*	*	4479549	*
H	197065	231	100.0	+	0	0	I231M18I	f461aa828efb039d730b0e518c4f0aaa	4479549
L	166988	250	*	*	*	*	*	4326794	*
H	166988	231	100.0	+	0	0	231M19I	2c5352f7ad9c99e93424ced5793b9f83	4326794
L	189370	250	*	*	*	*	*	4440404	*
H	189370	231	99.6	+	0	0	231M19I	2c5352f7ad9c99e93424ced5793b9f83	4440404
L	163344	250	*	*	*	*	*	4309160	*
H	163344	231	99.1	+	0	0	231M19I	2c5352f7ad9c99e93424ced5793b9f83	4309160
N	*	231	*	*	*	*	*	b98513444f750317f0dfff492b9d2cdc	*
N	*	231	*	*	*	*	*	947509aeb83689ba95645303eba19e9c	*
L	161380	250	*	*	*	*	*	4300042	*
H	161380	231	100.0	+	0	0	231M19I	4669f785716df43aa86c9a990e619eb1	4300042
L	1786	250	*	*	*	*	*	1076969	*
H	1786	231	99.6	+	0	0	231M19I	4669f785716df43aa86c9a990e619eb1	1076969
L	141532	250	*	*	*	*	*	1059977	*
H	141532	231	99.6	+	0	0	231M19I	4669f785716df43aa86c9a990e619eb1	1059977
N	*	231	*	*	*	*	*	75d67bcc37ff6bc3b89fce1ee8f1c372	*
N	*	231	*	*	*	*	*	f87fe98e3a70e14b5fa41cbe36d56d48	*
N	*	231	*	*	*	*	*	a67bb5740043b6e08858fa4edbfc8ed3	*
N	*	231	*	*	*	*	*	0c01877ee48a17ced09f7382bfdece9f	*
N	*	231	*	*	*	*	*	3295b7c2f9a047b89d14a6aff28d25da	*
N	*	231	*	*	*	*	*	88c84411a36fcd85de778f674566a98f	*
N	*	231	*	*	*	*	*	0fa12d8ac45f660abaf5ad66ba640700	*
L	84061	250	*	*	*	*	*	189248	*
H	84061	231	100.0	+	0	0	231M19I	c00fd53d00e8e2e34b114980b98e280a	189248
L	60360	250	*	*	*	*	*	291919	*
H	60360	231	100.0	+	0	0	231M19I	c00fd53d00e8e2e34b114980b98e280a	291919
L	156582	250	*	*	*	*	*	4083236	*
H	156582	231	100.0	+	0	0	231M19I	c00fd53d00e8e2e34b114980b98e280a	4083236
N	*	231	*	*	*	*	*	afb70b875bdbfe8eb05036c6761f2949	*
N	*	231	*	*	*	*	*	b7172bfd271404e546936636e86cba72	*
N	*	231	*	*	*	*	*	761f6e7e683272bb63343f32497e5140	*
N	*	231	*	*	*	*	*	0da786d0c2fa20926b44660a9ab2e8f0	*
N	*	231	*	*	*	*	*	071ccbf1a99312897fd4338f3aa15ee0	*
N	*	231	*	*	*	*	*	67e67721df6df05920b34c512038ccc0	*
N	*	231	*	*	*	*	*	b7dacef20fe1f1c854ea226f7e157205	*
N	*	231	*	*	*	*	*	8dbf4b0cb48736c8a406f28dfa64341f	*
N	*	231	*	*	*	*	*	01fdabbd95d79a1883887f5c64967e3b	*
N	*	231	*	*	*	*	*	08c616332ec73f76695bda6d1e8c1883	*
N	*	231	*	*	*	*	*	4aa1826b4bcccd4d1d8eae11fa66d439	*
N	*	231	*	*	*	*	*	0493483cc66975024c927c2356f762d9	*
N	*	231	*	*	*	*	*	077aa1b236fc782e8ec5d52d38d2217a	*
L	184530	250	*	*	*	*	*	4416618	*
H	184530	231	100.0	+	0	0	231M19I	1820e6e409a195ddef6a8d62d7b5242b	4416618
L	163212	250	*	*	*	*	*	4308624	*
H	163212	231	100.0	+	0	0	231M19I	1820e6e409a195ddef6a8d62d7b5242b	4308624
L	184660	250	*	*	*	*	*	4417255	*
H	184660	231	100.0	+	0	0	231M19I	1820e6e409a195ddef6a8d62d7b5242b	4417255
N	*	231	*	*	*	*	*	ca916522eb03925008ed1a573fccea4d	*
N	*	231	*	*	*	*	*	c551e3a305d51c1a3c56057d4b57d42a	*
N	*	231	*	*	*	*	*	00c46ec40d6e5ff13c931ab695422809	*
L	70196	250	*	*	*	*	*	252206	*
H	70196	231	100.0	+	0	0	231M19I	a0748d07684e299b7bb3fdb265e5de4a	252206
L	32614	250	*	*	*	*	*	532163	*
H	32614	231	100.0	+	0	0	231M19I	a0748d07684e299b7bb3fdb265e5de4a	532163
L	111783	250	*	*	*	*	*	5796	*
H	111783	231	100.0	+	0	0	231M19I	a0748d07684e299b7bb3fdb265e5de4a	5796
N	*	231	*	*	*	*	*	13193b19dd227e21a2b4404a93ef11a5	*
L	108016	250	*	*	*	*	*	41300	*
H	108016	231	100.0	+	0	0	231M19I	bbc6a536ea3427b5eeaa008fd43ff261	41300
L	193004	250	*	*	*	*	*	4459028	*
H	193004	231	100.0	+	0	0	231M19I	bbc6a536ea3427b5eeaa008fd43ff261	4459028
L	160802	250	*	*	*	*	*	4297408	*
H	160802	231	100.0	+	0	0	231M19I	bbc6a536ea3427b5eeaa008fd43ff261	4297408
L	72482	250	*	*	*	*	*	242957	*
H	72482	231	100.0	+	0	0	231M19I	3f265921cb45d83b28ee286b154fc0d0	242957
L	152925	250	*	*	*	*	*	659961	*
H	152925	231	99.6	+	0	0	231M19I	3f265921cb45d83b28ee286b154fc0d0	659961
L	143660	250	*	*	*	*	*	1147833	*
H	143660	231	100.0	+	0	0	231M19I	3f265921cb45d83b28ee286b154fc0d0	1147833
N	*	231	*	*	*	*	*	3091d80f9a7330328732e0631ea8c41d	*
N	*	231	*	*	*	*	*	eac49ef763ca5d9009fa065899351d50	*
L	164648	250	*	*	*	*	*	4315405	*
H	164648	231	100.0	+	0	0	231M19I	5f24d62e8caaa259b59cb08f7c7756df	4315405
L	164764	250	*	*	*	*	*	4315958	*
H	164764	231	100.0	+	0	0	231M19I	5f24d62e8caaa259b59cb08f7c7756df	4315958
L	171709	250	*	*	*	*	*	4350748	*
H	171709	231	100.0	+	0	0	231M19I	5f24d62e8caaa259b59cb08f7c7756df	4350748
L	38465	250	*	*	*	*	*	504446	*
H	38465	231	100.0	+	0	0	231M19I	b85a7e5c0f73a4d651fa3e6f082ec9dd	504446
L	41736	250	*	*	*	*	*	368799	*
H	41736	231	100.0	+	0	0	231M19I	b85a7e5c0f73a4d651fa3e6f082ec9dd	368799
L	38484	250	*	*	*	*	*	503299	*
H	38484	231	100.0	+	0	0	231M19I	b85a7e5c0f73a4d651fa3e6f082ec9dd	503299
L	59361	250	*	*	*	*	*	295427	*
H	59361	231	100.0	+	0	0	231M19I	aa920529d931f31b07482715d415ac65	295427
L	33121	250	*	*	*	*	*	530049	*
H	33121	231	100.0	+	0	0	231M19I	aa920529d931f31b07482715d415ac65	530049
L	58283	250	*	*	*	*	*	299306	*
H	58283	231	100.0	+	0	0	231M19I	aa920529d931f31b07482715d415ac65	299306
N	*	231	*	*	*	*	*	d6aa78db03f112595ccf3de6e632a776	*
N	*	231	*	*	*	*	*	2fe0d49dde617cc794a5eac8643a224c	*
N	*	231	*	*	*	*	*	42250b23bbcf1e5ed9dd2406606994c3	*
L	184763	250	*	*	*	*	*	4417788	*
H	184763	231	100.0	+	0	0	231M19I	bbb2c82af14dff4b79b854e3e7a2d86a	4417788
L	184111	250	*	*	*	*	*	4414530	*
H	184111	231	100.0	+	0	0	231M19I	bbb2c82af14dff4b79b854e3e7a2d86a	4414530
L	183324	250	*	*	*	*	*	4410489	*
H	183324	231	100.0	+	0	0	231M19I	bbb2c82af14dff4b79b854e3e7a2d86a	4410489
N	*	231	*	*	*	*	*	fbd5df3b3d4c3a5432cb6f0cbd649ca1	*
N	*	231	*	*	*	*	*	6b57b00d3724d584038b912d5462b1a3	*
L	153089	250	*	*	*	*	*	3876673	*
H	153089	231	100.0	+	0	0	231M19I	867a6a47b7304418cb43fb4a2e30d3d0	3876673
H	91694	231	100.0	+	0	0	231M19I	867a6a47b7304418cb43fb4a2e30d3d0	160969
H	31090	231	100.0	+	0	0	231M19I	867a6a47b7304418cb43fb4a2e30d3d0	538589
N	*	231	*	*	*	*	*	27f00823dd0cf2a0b7fe15cd55c2b817	*
N	*	231	*	*	*	*	*	c44d66bffeacdbdfaf774e80a63a314c	*
L	136371	250	*	*	*	*	*	2875740	*
H	136371	231	100.0	+	0	0	231M19I	fb6f70f872db41f24044c84b6f7a5844	2875740
L	66789	250	*	*	*	*	*	264838	*
H	66789	231	100.0	+	0	0	231M19I	fb6f70f872db41f24044c84b6f7a5844	264838
L	79608	250	*	*	*	*	*	205904	*
H	79608	231	99.6	+	0	0	231M19I	fb6f70f872db41f24044c84b6f7a5844	205904
L	108694	250	*	*	*	*	*	31365	*
H	108694	231	100.0	+	0	0	231M19I	83da98c6bc8521e9c791aeced185cb15	31365
L	28308	250	*	*	*	*	*	550052	*
H	28308	231	100.0	+	0	0	231M19I	83da98c6bc8521e9c791aeced185cb15	550052
L	135542	250	*	*	*	*	*	959954	*
H	135542	231	100.0	+	0	0	231M19I	83da98c6bc8521e9c791aeced185cb15	959954
N	*	231	*	*	*	*	*	1c3e865d1fc5e0a8a0f78c8104960cca	*
N	*	231	*	*	*	*	*	598c0d78a56f4f34186a60a2096c8cbb	*
N	*	231	*	*	*	*	*	c4dc03896e8c65d0bbe4f472fbfda5f2	*
L	181979	250	*	*	*	*	*	4403622	*
H	181979	231	100.0	+	0	0	231M19I	78274e9a3a4f55de2e92f6e5d89a4865	4403622
L	44094	250	*	*	*	*	*	356687	*
H	44094	231	100.0	+	0	0	231M19I	78274e9a3a4f55de2e92f6e5d89a4865	356687
L	159036	250	*	*	*	*	*	4232045	*
H	159036	231	100.0	+	0	0	231M19I	78274e9a3a4f55de2e92f6e5d89a4865	4232045
N	*	231	*	*	*	*	*	220c846f12fd2f209cec1f6869147a6d	*
L	134182	250	*	*	*	*	*	965500	*
H	134182	231	100.0	+	0	0	231M19I	9ca45f68f3c2a26d26b68740a86ad5c7	965500
L	194362	250	*	*	*	*	*	1059655	*
H	194362	231	100.0	+	0	0	231M19I	9ca45f68f3c2a26d26b68740a86ad5c7	1059655
L	127283	250	*	*	*	*	*	974513	*
H	127283	231	100.0	+	0	0	231M19I	9ca45f68f3c2a26d26b68740a86ad5c7	974513
L	101132	250	*	*	*	*	*	109106	*
H	101132	231	100.0	+	0	0	231M19I	bd0e04bba322ccdb0aeddbdc43ce1798	109106
L	103081	250	*	*	*	*	*	101118	*
H	103081	231	99.6	+	0	0	231M19I	bd0e04bba322ccdb0aeddbdc43ce1798	101118
L	101131	250	*	*	*	*	*	109107	*
H	101131	231	100.0	+	0	0	231M19I	bd0e04bba322ccdb0aeddbdc43ce1798	109107
N	*	231	*	*	*	*	*	6404c9d54337d9a3f5b3fb365af3671f	*
L	162849	250	*	*	*	*	*	4306991	*
H	162849	231	99.6	+	0	0	231M19I	b5bc607a490a5a0e97594a97e5e3820b	4306991
L	92380	250	*	*	*	*	*	158183	*
H	92380	231	98.7	+	0	0	231M19I	b5bc607a490a5a0e97594a97e5e3820b	158183
L	83682	250	*	*	*	*	*	190364	*
H	83682	231	99.1	+	0	0	231M19I	b5bc607a490a5a0e97594a97e5e3820b	190364
D	1475	2	*	*	*	*	100.0	1088265	*
D	31090	3	*	*	*	*	99.8	538589	*
D	31776	2	*	*	*	*	100.0	535702	*
D	38484	2	*	*	*	*	100.0	503299	*
D	49624	2	*	*	*	*	100.0	334250	*
D	58283	2	*	*	*	*	100.0	299306	*
D	66789	2	*	*	*	*	100.0	264838	*
D	77335	2	*	*	*	*	100.0	219151	*
D	98951	2	*	*	*	*	100.0	128604	*
D	101131	2	*	*	*	*	100.0	109107	*
D	111783	2	*	*	*	*	100.0	5796	*
D	112779	2	*	*	*	*	100.0	892241	*
D	126179	2	*	*	*	*	100.0	817328	*
D	127283	2	*	*	*	*	100.0	974513	*
D	135542	2	*	*	*	*	100.0	959954	*
D	143660	2	*	*	*	*	100.0	1147833	*
D	156582	2	*	*	*	*	100.0	4083236	*
D	159036	2	*	*	*	*	100.0	4232045	*
D	160802	2	*	*	*	*	100.0	4297408	*
D	161380	2	*	*	*	*	100.0	4300042	*
D	162849	2	*	*	*	*	99.6	4306991	*
D	165320	2	*	*	*	*	100.0	4318677	*
D	166988	2	*	*	*	*	100.0	4326794	*
D	169868	2	*	*	*	*	100.0	4341250	*
D	171709	2	*	*	*	*	100.0	4350748	*
D	183324	2	*	*	*	*	100.0	4410489	*
D	184603	2	*	*	*	*	100.0	4416988	*
D	184660	2	*	*	*	*	100.0	4417255	*
D	197065	2	*	*	*	*	100.0	4479549	*
