UclustConsensusTaxonAssigner parameters:
id_to_taxonomy_filepath:/home/nbokulic/ref_seq_dbs/its_12_11_otus/taxonomy/97_otu_taxonomy.txt
id_to_taxonomy_fp:/home/nbokulic/ref_seq_dbs/its_12_11_otus/taxonomy/97_otu_taxonomy.txt
max_accepts:3
min_consensus_fraction:0.51
reference_sequences_fp:/home/nbokulic/ref_seq_dbs/its_12_11_otus/rep_set/97_otus.fasta
similarity:0.7
unassignable_label:Unassigned
Result path: "/scratch/assign-taxAFQiu2xqAyAKOWDuInsb.txt"

.uc file contents:

# uclust --input /home/nbokulic/bewolf/psrotot/RDBW/rep_set.fna --id 0.7 --rev --maxaccepts 3 --allhits --libonly --lib /home/nbokulic/ref_seq_dbs/its_12_11_otus/rep_set/97_otus.fasta --uc /scratch/UclustConsensusTaxonAssigner_OKgnS7.uc
# version=1.2.22
# Tab-separated fields:
# 1=Type, 2=ClusterNr, 3=SeqLength or ClusterSize, 4=PctId, 5=Strand, 6=QueryStart, 7=SeedStart, 8=Alignment, 9=QueryLabel, 10=TargetLabel
# Record types (field 1): L=LibSeed, S=NewSeed, H=Hit, R=Reject, D=LibCluster, C=NewCluster, N=NoHit
# For C and D types, PctId is average id with seed.
# QueryStart and SeedStart are zero-based relative to start of sequence.
# If minus strand, SeedStart is relative to reverse-complemented seed.
L	9213	476	*	*	*	*	*	DQ683006	*
H	9213	101	100.0	+	0	0	11I101M364I	AB236002 Mock.2_4	DQ683006
L	51504	539	*	*	*	*	*	AB236002	*
H	51504	101	100.0	+	0	0	111I101M327I	AB236002 Mock.2_4	AB236002
L	40128	462	*	*	*	*	*	EF175899	*
H	40128	101	84.2	+	0	0	16D85M377I	AB236002 Mock.2_4	EF175899
L	5473	645	*	*	*	*	*	HM037656	*
H	5473	85	100.0	+	0	0	22I85M538I	AM410602 Mock.1_7548	HM037656
L	50082	267	*	*	*	*	*	JN905480	*
H	50082	85	100.0	+	0	0	22I85M160I	AM410602 Mock.1_7548	JN905480
L	10523	1149	*	*	*	*	*	JF449887	*
H	10523	85	100.0	+	0	0	85M1064I	AM410602 Mock.1_7548	JF449887
L	26990	2917	*	*	*	*	*	GQ458026	*
H	26990	92	97.8	+	0	0	1716I92M1109I	DQ681335 Mock.1_1328	GQ458026
L	28913	2976	*	*	*	*	*	FJ430766	*
H	28913	92	97.8	+	0	0	1774I92M1110I	DQ681335 Mock.1_1328	FJ430766
L	36632	583	*	*	*	*	*	FR799499	*
H	36632	92	97.8	+	0	0	24I92M467I	DQ681335 Mock.1_1328	FR799499
L	10962	677	*	*	*	*	*	DQ683114	*
H	10962	101	97.0	+	0	0	314I101M262I	DQ683114 Mock.1_531	DQ683114
L	725	1869	*	*	*	*	*	JF907594	*
H	725	101	95.0	+	0	0	1481I101M287I	DQ683114 Mock.1_531	JF907594
L	46672	1150	*	*	*	*	*	HQ589260	*
H	46672	101	92.1	+	0	0	386I101M663I	DQ683114 Mock.1_531	HQ589260
L	50376	435	*	*	*	*	*	EF199746	*
H	50376	101	99.0	+	0	0	12I101M322I	EF199746 Mock.1_0	EF199746
L	29470	770	*	*	*	*	*	JQ425361	*
H	29470	101	82.2	+	0	0	13D88M682I	EF199746 Mock.1_0	JQ425361
L	29101	1365	*	*	*	*	*	JN943278	*
H	29101	101	73.3	+	0	0	22I44M3I57M1239I	EF199746 Mock.1_0	JN943278
L	50769	1991	*	*	*	*	*	EF397557	*
H	50769	101	98.0	+	0	0	1744I85MD15M147I	EF397557 Mock.2_15624	EF397557
L	2624	596	*	*	*	*	*	HM162227	*
H	2624	101	97.0	+	0	0	22I83MD17M474I	EF397557 Mock.2_15624	HM162227
L	6254	583	*	*	*	*	*	GU721833	*
H	6254	101	98.0	+	0	0	22I85MD15M461I	EF397557 Mock.2_15624	GU721833
L	19843	705	*	*	*	*	*	AM410602	*
H	19843	101	99.0	+	0	0	137I101M467I	EU490021 Mock.1_1838	AM410602
H	6254	101	99.0	+	0	0	22I85MD15M461I	EU490021 Mock.1_1838	GU721833
L	25941	620	*	*	*	*	*	HQ630976	*
H	25941	101	99.0	+	0	0	57I85MD15M463I	EU490021 Mock.1_1838	HQ630976
L	23096	573	*	*	*	*	*	EU551202	*
H	23096	94	100.0	+	0	0	9I94M470I	EU551202 Mock.2_9983	EU551202
L	31481	617	*	*	*	*	*	DQ132818	*
H	31481	94	98.9	+	0	0	61I94M462I	EU551202 Mock.2_9983	DQ132818
H	36632	94	97.9	+	0	0	24I94M465I	EU551202 Mock.2_9983	FR799499
L	11100	272	*	*	*	*	*	FJ777353	*
H	11100	83	98.8	+	0	0	22I83M167I	FJ196614 Mock.2_39189	FJ777353
L	46239	1146	*	*	*	*	*	JF449598	*
H	46239	83	98.8	+	0	0	69MD13M1064I	FJ196614 Mock.2_39189	JF449598
L	9493	284	*	*	*	*	*	JN905279	*
H	9493	83	100.0	+	0	0	23I65MI18M177I	FJ196614 Mock.2_39189	JN905279
L	209	270	*	*	*	*	*	FJ759854	*
H	209	81	100.0	+	0	0	21I81M168I	FJ466715 Mock.1_840	FJ759854
L	53702	603	*	*	*	*	*	FN868469	*
H	53702	81	100.0	+	0	0	22I81M500I	FJ466715 Mock.1_840	FN868469
L	27251	599	*	*	*	*	*	EU680533	*
H	27251	81	100.0	+	0	0	23I81M495I	FJ466715 Mock.1_840	EU680533
L	51079	271	*	*	*	*	*	JN906131	*
H	51079	84	97.6	+	0	0	22I84M165I	FJ777353 Mock.2_15608	JN906131
L	35981	797	*	*	*	*	*	JQ247346	*
H	35981	84	98.8	+	0	0	91I84M622I	FJ777353 Mock.2_15608	JQ247346
L	35976	566	*	*	*	*	*	JQ685240	*
H	35976	84	97.6	+	0	0	25I84M457I	FJ777353 Mock.2_15608	JQ685240
L	34171	700	*	*	*	*	*	FM177661	*
H	34171	101	100.0	+	0	0	176I101M423I	FM177661 Mock.1_1051	FM177661
L	34170	704	*	*	*	*	*	FM177662	*
H	34170	101	100.0	+	0	0	177I101M426I	FM177661 Mock.1_1051	FM177662
H	46672	101	99.0	+	0	0	250I101M799I	FM177661 Mock.1_1051	HQ589260
L	42526	880	*	*	*	*	*	AM158924	*
H	42526	77	98.7	+	0	0	9I56MD20M795I	FM875842 Mock.1_15760	AM158924
L	55124	850	*	*	*	*	*	FM875842	*
H	55124	77	98.7	+	0	0	185I56MD20M589I	FM875842 Mock.1_15760	FM875842
L	41570	1243	*	*	*	*	*	AB278159	*
H	41570	77	98.7	+	0	0	8I56MD20M1159I	FM875842 Mock.1_15760	AB278159
H	31481	101	97.0	+	0	0	61I101M455I	FR799498 Mock.1_17762	DQ132818
H	23096	101	98.0	+	0	0	9I101M463I	FR799498 Mock.1_17762	EU551202
L	47460	633	*	*	*	*	*	GQ999201	*
H	47460	101	98.0	+	0	0	5I88MI13M526I	FR799498 Mock.1_17762	GQ999201
L	37038	914	*	*	*	*	*	GQ229082	*
H	37038	101	100.0	+	0	0	133I101M680I	GQ229082 Mock.3_2031	GQ229082
L	41107	552	*	*	*	*	*	HQ649866	*
H	41107	101	99.0	+	0	0	101M451I	GQ229082 Mock.3_2031	HQ649866
L	41335	589	*	*	*	*	*	AB249011	*
H	41335	101	98.0	+	0	0	10I101M478I	GQ229082 Mock.3_2031	AB249011
L	20885	743	*	*	*	*	*	GQ376077	*
H	20885	101	100.0	+	0	0	8I101M634I	GQ376077 Mock.2_8	GQ376077
L	11483	894	*	*	*	*	*	FM177658	*
H	11483	101	97.0	+	0	0	176I80MI21M616I	GQ376077 Mock.2_8	FM177658
L	47279	1313	*	*	*	*	*	HQ396523	*
H	47279	101	97.0	+	0	0	8I80MI21M1203I	GQ376077 Mock.2_8	HQ396523
L	36633	987	*	*	*	*	*	FR799498	*
H	36633	80	100.0	+	0	0	23I80M884I	GQ458026 Mock.1_12861	FR799498
H	31481	80	98.8	+	0	0	61I80M476I	GQ458026 Mock.1_12861	DQ132818
L	22440	631	*	*	*	*	*	GQ120969	*
H	22440	80	100.0	+	0	0	24I80M527I	GQ458026 Mock.1_12861	GQ120969
H	31481	101	98.0	+	0	0	61I101M455I	GQ999201 Mock.3_2	DQ132818
H	23096	101	99.0	+	0	0	9I101M463I	GQ999201 Mock.3_2	EU551202
L	53696	577	*	*	*	*	*	HQ850354	*
H	53696	101	98.0	+	0	0	10I101M466I	GQ999201 Mock.3_2	HQ850354
L	14278	632	*	*	*	*	*	GU054037	*
H	14278	101	99.0	+	0	0	5I101M526I	GU054037 Mock.1_128	GU054037
L	10375	655	*	*	*	*	*	EU436681	*
H	10375	101	97.0	+	0	0	10I101M544I	GU054037 Mock.1_128	EU436681
L	15391	1202	*	*	*	*	*	AB627114	*
H	15391	101	85.1	+	0	0	14D81MI6M1114I	GU054037 Mock.1_128	AB627114
L	47647	604	*	*	*	*	*	GU370744	*
H	47647	101	98.0	+	0	0	24I101M479I	GU370744 Mock.1_97	GU370744
L	7842	1158	*	*	*	*	*	FJ865435	*
H	7842	101	85.1	+	0	0	14D8MI79M1070I	GU370744 Mock.1_97	FJ865435
L	717	295	*	*	*	*	*	JN904614	*
H	717	101	77.2	+	0	0	22I62M6I29MI5M5I5M160I	GU370744 Mock.1_97	JN904614
L	32225	622	*	*	*	*	*	GU566244	*
H	32225	101	100.0	+	0	0	22I101M499I	GU566244 Mock.2_2258	GU566244
L	4784	757	*	*	*	*	*	AM901881	*
H	4784	101	100.0	+	0	0	177I101M479I	GU566244 Mock.2_2258	AM901881
L	24247	571	*	*	*	*	*	GU187837	*
H	24247	101	99.0	+	0	0	101M470I	GU566244 Mock.2_2258	GU187837
H	31481	97	97.9	+	0	0	61I97M459I	GU934594 Mock.2_4233	DQ132818
H	23096	97	99.0	+	0	0	9I97M467I	GU934594 Mock.2_4233	EU551202
H	53696	97	97.9	+	0	0	10I97M470I	GU934594 Mock.2_4233	HQ850354
L	44023	453	*	*	*	*	*	HM037662	*
H	44023	101	100.0	+	0	0	22I101M330I	HM037662 Mock.1_7	HM037662
L	10493	368	*	*	*	*	*	DQ667968	*
H	10493	101	96.0	+	0	0	5I101M262I	HM037662 Mock.1_7	DQ667968
L	47945	395	*	*	*	*	*	HQ115737	*
H	47945	101	87.1	+	0	0	15I101M279I	HM037662 Mock.1_7	HQ115737
L	32278	637	*	*	*	*	*	AB236001	*
H	32278	101	95.0	+	0	0	111I83M2D16M427I	HM069364 Mock.3_83	AB236001
H	19843	101	97.0	+	0	0	137I101M467I	HM069364 Mock.3_83	AM410602
H	50082	101	97.0	+	0	0	22I101M144I	HM069364 Mock.3_83	JN905480
H	47945	101	100.0	+	0	0	15I101M279I	HQ115737 Mock.2_65	HQ115737
L	45601	530	*	*	*	*	*	AF157596	*
H	45601	101	91.1	+	0	0	118I101M311I	HQ115737 Mock.2_65	AF157596
L	52507	605	*	*	*	*	*	DQ683112	*
H	52507	101	89.1	+	0	0	245I101M259I	HQ115737 Mock.2_65	DQ683112
H	46672	101	98.0	+	0	0	250I101M799I	HQ589260 Mock.2_9798	HQ589260
L	45309	674	*	*	*	*	*	JF715197	*
H	45309	101	98.0	+	0	0	189I101M384I	HQ589260 Mock.2_9798	JF715197
L	29538	603	*	*	*	*	*	DQ674351	*
H	29538	101	93.1	+	0	0	101I101M401I	HQ589260 Mock.2_9798	DQ674351
L	44502	618	*	*	*	*	*	HM069479	*
H	44502	89	100.0	+	0	0	178I89M351I	HQ827787 Mock.1_18213	HM069479
L	20142	822	*	*	*	*	*	JQ247368	*
H	20142	89	100.0	+	0	0	87I89M646I	HQ827787 Mock.1_18213	JQ247368
H	22440	89	100.0	+	0	0	24I89M518I	HQ827787 Mock.1_18213	GQ120969
L	26121	642	*	*	*	*	*	GQ851780	*
H	26121	88	100.0	+	0	0	5I88M549I	JF439501 Mock.1_13559	GQ851780
H	20142	88	100.0	+	0	0	87I88M647I	JF439501 Mock.1_13559	JQ247368
L	16219	572	*	*	*	*	*	GU934594	*
H	16219	88	100.0	+	0	0	22I88M462I	JF439501 Mock.1_13559	GU934594
L	52265	1629	*	*	*	*	*	EU490021	*
H	52265	84	100.0	+	0	0	127I84M1418I	JF449887 Mock.1_8251	EU490021
H	25941	84	100.0	+	0	0	57I84M479I	JF449887 Mock.1_8251	HQ630976
L	20892	462	*	*	*	*	*	FN562058	*
H	20892	84	100.0	+	0	0	146I84M232I	JF449887 Mock.1_8251	FN562058
H	45309	101	99.0	+	0	0	189I101M384I	JF715197 Mock.3_44	JF715197
H	46672	101	99.0	+	0	0	250I101M799I	JF715197 Mock.3_44	HQ589260
H	29538	101	94.1	+	0	0	101I101M401I	JF715197 Mock.3_44	DQ674351
L	26992	2991	*	*	*	*	*	GQ458025	*
H	26992	101	100.0	+	0	0	1736I101M1154I	JF720033 Mock.2_30	GQ458025
L	49327	673	*	*	*	*	*	JF720033	*
H	49327	101	100.0	+	0	0	22I101M550I	JF720033 Mock.2_30	JF720033
L	48205	549	*	*	*	*	*	JQ665427	*
H	48205	101	99.0	+	0	0	D100M449I	JF720033 Mock.2_30	JQ665427
L	50326	586	*	*	*	*	*	DQ680681	*
H	50326	101	95.0	+	0	0	227I101M258I	JF907594 Mock.1_40	DQ680681
H	725	101	97.0	+	0	0	1481I101M287I	JF907594 Mock.1_40	JF907594
H	46672	101	94.1	+	0	0	386I101M663I	JF907594 Mock.1_40	HQ589260
H	50082	101	100.0	+	0	0	22I101M144I	JN905480 Mock.2_11	JN905480
H	19843	101	100.0	+	0	0	137I101M467I	JN905480 Mock.2_11	AM410602
L	32433	1140	*	*	*	*	*	EU926219	*
H	32433	101	95.0	+	0	0	5D96M1044I	JN905480 Mock.2_11	EU926219
L	34191	258	*	*	*	*	*	JN904602	*
H	34191	78	100.0	+	0	0	33I78M147I	JN905595 Mock.3_8139	JN904602
L	16560	1586	*	*	*	*	*	HM534897	*
H	16560	78	100.0	+	0	0	123I78M1385I	JN905595 Mock.3_8139	HM534897
H	19843	78	100.0	+	0	0	137I78M490I	JN905595 Mock.3_8139	AM410602
H	10962	101	96.0	+	0	0	314I101M262I	New.ReferenceOTU1 Mock.1_44196	DQ683114
H	46672	101	93.1	+	0	0	386I101M663I	New.ReferenceOTU1 Mock.1_44196	HQ589260
H	725	101	96.0	+	0	0	1481I101M287I	New.ReferenceOTU1 Mock.1_44196	JF907594
L	33100	376	*	*	*	*	*	DQ907937	*
H	33100	101	85.1	+	0	0	14D8MI79M288I	New.ReferenceOTU2 Mock.1_66982	DQ907937
H	45601	101	94.1	+	0	0	118I101M311I	New.ReferenceOTU2 Mock.1_66982	AF157596
H	47945	101	92.1	+	0	0	15I101M279I	New.ReferenceOTU2 Mock.1_66982	HQ115737
L	20346	690	*	*	*	*	*	AM279464	*
H	20346	101	84.2	+	0	0	16D85M605I	New.ReferenceOTU3 Mock.1_7791	AM279464
L	15303	736	*	*	*	*	*	AM279696	*
H	15303	101	84.2	+	0	0	16D65MI20M650I	New.ReferenceOTU3 Mock.1_7791	AM279696
L	22145	2517	*	*	*	*	*	AY881650	*
H	22145	101	81.2	+	0	0	1738I63M7I38M671I	New.ReferenceOTU3 Mock.1_7791	AY881650
H	52507	101	93.1	+	0	0	245I101M259I	New.ReferenceOTU4 Mock.3_2154	DQ683112
H	45601	101	96.0	+	0	0	118I101M311I	New.ReferenceOTU4 Mock.3_2154	AF157596
H	725	101	94.1	+	0	0	1481I101M287I	New.ReferenceOTU4 Mock.3_2154	JF907594
H	52507	101	93.1	+	0	0	245I101M259I	New.ReferenceOTU5 Mock.2_15259	DQ683112
H	45601	101	94.1	+	0	0	118I101M311I	New.ReferenceOTU5 Mock.2_15259	AF157596
H	47945	101	90.1	+	0	0	15I101M279I	New.ReferenceOTU5 Mock.2_15259	HQ115737
L	20345	721	*	*	*	*	*	AM279465	*
H	20345	101	84.2	+	0	0	16D85M636I	New.ReferenceOTU6 Mock.1_2681	AM279465
L	17114	1300	*	*	*	*	*	AY669622	*
H	17114	101	71.3	+	0	0	6I67M3D31M1196I	New.ReferenceOTU6 Mock.1_2681	AY669622
L	43474	1338	*	*	*	*	*	AY174809	*
H	43474	101	70.3	+	0	0	14I67M3D31M1226I	New.ReferenceOTU6 Mock.1_2681	AY174809
H	10962	101	93.1	+	0	0	314I101M262I	New.ReferenceOTU7 Mock.2_65545	DQ683114
L	10462	236	*	*	*	*	*	FJ227897	*
H	10462	101	83.2	+	0	0	8D93M143I	New.ReferenceOTU7 Mock.2_65545	FJ227897
L	4354	2864	*	*	*	*	*	GQ458034	*
H	4354	101	85.1	+	0	0	12D61MI28M2774I	New.ReferenceOTU7 Mock.2_65545	GQ458034
H	47647	101	96.0	+	0	0	24I101M479I	New.CleanUp.ReferenceOTU104 Mock.2_1714	GU370744
H	7842	101	83.2	+	0	0	14D8MI79M1070I	New.CleanUp.ReferenceOTU104 Mock.2_1714	FJ865435
H	717	101	73.3	+	0	0	22I62M2I18M4I21M166I	New.CleanUp.ReferenceOTU104 Mock.2_1714	JN904614
H	52507	92	90.2	+	0	0	245I92M268I	New.CleanUp.ReferenceOTU105 Mock.1_4452	DQ683112
L	17445	1256	*	*	*	*	*	DQ460720	*
H	17445	92	75.0	+	0	0	22I49M10I43M1132I	New.CleanUp.ReferenceOTU105 Mock.1_4452	DQ460720
H	45601	92	92.4	+	0	0	118I92M320I	New.CleanUp.ReferenceOTU105 Mock.1_4452	AF157596
H	44023	101	96.0	+	0	0	22I101M330I	New.CleanUp.ReferenceOTU106 Mock.2_73953	HM037662
H	10493	101	92.1	+	0	0	5I101M262I	New.CleanUp.ReferenceOTU106 Mock.2_73953	DQ667968
L	38319	1505	*	*	*	*	*	JF439203	*
H	38319	101	76.2	+	0	0	197I74M7I27M1200I	New.CleanUp.ReferenceOTU106 Mock.2_73953	JF439203
H	32278	101	94.1	+	0	0	111I83M2D16M427I	New.CleanUp.ReferenceOTU107 Mock.2_6026	AB236001
H	19843	101	96.0	+	0	0	137I101M467I	New.CleanUp.ReferenceOTU107 Mock.2_6026	AM410602
H	50082	101	96.0	+	0	0	22I101M144I	New.CleanUp.ReferenceOTU107 Mock.2_6026	JN905480
H	45309	101	96.0	+	0	0	189I101M384I	New.CleanUp.ReferenceOTU109 Mock.3_64290	JF715197
H	46672	101	96.0	+	0	0	250I101M799I	New.CleanUp.ReferenceOTU109 Mock.3_64290	HQ589260
L	463	509	*	*	*	*	*	DQ667975	*
H	463	101	92.1	+	0	0	12I101M396I	New.CleanUp.ReferenceOTU109 Mock.3_64290	DQ667975
H	26992	101	96.0	+	0	0	1736I101M1154I	New.CleanUp.ReferenceOTU110 Mock.2_25781	GQ458025
H	49327	101	96.0	+	0	0	22I101M550I	New.CleanUp.ReferenceOTU110 Mock.2_25781	JF720033
H	48205	101	95.0	+	0	0	D100M449I	New.CleanUp.ReferenceOTU110 Mock.2_25781	JQ665427
H	725	78	93.6	+	0	0	1481I78M310I	New.CleanUp.ReferenceOTU111 Mock.2_53527	JF907594
H	46672	78	89.7	+	0	0	386I78M686I	New.CleanUp.ReferenceOTU111 Mock.2_53527	HQ589260
H	10962	78	91.0	+	0	0	314I78M285I	New.CleanUp.ReferenceOTU111 Mock.2_53527	DQ683114
H	10962	101	96.0	+	0	0	314I101M262I	New.CleanUp.ReferenceOTU117 Mock.2_19449	DQ683114
H	725	101	94.1	+	0	0	1481I101M287I	New.CleanUp.ReferenceOTU117 Mock.2_19449	JF907594
H	46672	101	91.1	+	0	0	386I101M663I	New.CleanUp.ReferenceOTU117 Mock.2_19449	HQ589260
H	50376	101	95.0	+	0	0	12I101M322I	New.CleanUp.ReferenceOTU123 Mock.1_21242	EF199746
H	29470	101	78.2	+	0	0	13D88M682I	New.CleanUp.ReferenceOTU123 Mock.1_21242	JQ425361
L	38064	2081	*	*	*	*	*	U66438	*
H	38064	101	71.3	+	0	0	3I52M2D15M22I32M1957I	New.CleanUp.ReferenceOTU123 Mock.1_21242	U66438
H	47647	101	96.0	+	0	0	24I101M479I	New.CleanUp.ReferenceOTU124 Mock.1_5337	GU370744
H	7842	101	79.2	+	0	0	14D8MI79M1070I	New.CleanUp.ReferenceOTU124 Mock.1_5337	FJ865435
L	29265	283	*	*	*	*	*	FJ808022	*
H	29265	101	86.1	+	0	0	22I54M5I12M3I10M2I25M150I	New.CleanUp.ReferenceOTU124 Mock.1_5337	FJ808022
H	45601	101	92.1	+	0	0	118I101M311I	New.CleanUp.ReferenceOTU136 Mock.1_54066	AF157596
H	44023	101	81.2	+	0	0	22I101M330I	New.CleanUp.ReferenceOTU136 Mock.1_54066	HM037662
H	52507	101	89.1	+	0	0	245I101M259I	New.CleanUp.ReferenceOTU136 Mock.1_54066	DQ683112
H	50376	101	96.0	+	0	0	12I101M322I	New.CleanUp.ReferenceOTU138 Mock.1_46401	EF199746
H	29470	101	80.2	+	0	0	13D88M682I	New.CleanUp.ReferenceOTU138 Mock.1_46401	JQ425361
L	19649	1596	*	*	*	*	*	FN547555	*
H	19649	101	73.3	+	0	0	242I52M4I11M5I38M1244I	New.CleanUp.ReferenceOTU138 Mock.1_46401	FN547555
H	725	91	93.4	+	0	0	1481I91M297I	New.CleanUp.ReferenceOTU142 Mock.2_31673	JF907594
H	46672	91	90.1	+	0	0	386I91M673I	New.CleanUp.ReferenceOTU142 Mock.2_31673	HQ589260
H	10962	91	93.4	+	0	0	314I91M272I	New.CleanUp.ReferenceOTU142 Mock.2_31673	DQ683114
H	725	89	94.4	+	0	0	1481I89M299I	New.CleanUp.ReferenceOTU145 Mock.1_42547	JF907594
H	50326	89	92.1	+	0	0	227I89M270I	New.CleanUp.ReferenceOTU145 Mock.1_42547	DQ680681
H	46672	89	91.0	+	0	0	386I89M675I	New.CleanUp.ReferenceOTU145 Mock.1_42547	HQ589260
H	50326	101	92.1	+	0	0	227I101M258I	New.CleanUp.ReferenceOTU15 Mock.2_13064	DQ680681
H	725	101	94.1	+	0	0	1481I101M287I	New.CleanUp.ReferenceOTU15 Mock.2_13064	JF907594
H	46672	101	91.1	+	0	0	386I101M663I	New.CleanUp.ReferenceOTU15 Mock.2_13064	HQ589260
N	*	101	*	*	*	*	*	New.CleanUp.ReferenceOTU150 Mock.1_20046	*
L	20976	1397	*	*	*	*	*	GQ153214	*
H	20976	101	88.1	+	0	0	483I101M813I	New.CleanUp.ReferenceOTU16 Mock.2_5394	GQ153214
L	17013	610	*	*	*	*	*	JQ990194	*
H	17013	101	87.1	+	0	0	143I101M366I	New.CleanUp.ReferenceOTU16 Mock.2_5394	JQ990194
L	23764	754	*	*	*	*	*	FJ025352	*
H	23764	101	76.2	-	0	0	611I44MI57M41I	New.CleanUp.ReferenceOTU16 Mock.2_5394	FJ025352
L	14240	1154	*	*	*	*	*	GQ153248	*
H	14240	101	90.1	+	0	0	475I101M578I	New.CleanUp.ReferenceOTU162 Mock.2_13237	GQ153248
H	17013	101	75.2	+	0	0	143I101M366I	New.CleanUp.ReferenceOTU162 Mock.2_13237	JQ990194
H	20976	101	76.2	+	0	0	483I101M813I	New.CleanUp.ReferenceOTU162 Mock.2_13237	GQ153214
H	44023	101	96.0	+	0	0	22I101M330I	New.CleanUp.ReferenceOTU169 Mock.2_58493	HM037662
H	10493	101	92.1	+	0	0	5I101M262I	New.CleanUp.ReferenceOTU169 Mock.2_58493	DQ667968
L	25173	1495	*	*	*	*	*	HE775278	*
H	25173	101	71.3	+	0	0	197I101M1197I	New.CleanUp.ReferenceOTU169 Mock.2_58493	HE775278
H	20976	101	79.2	+	0	0	483I101M813I	New.CleanUp.ReferenceOTU170 Mock.2_72741	GQ153214
H	17013	101	77.2	+	0	0	143I101M366I	New.CleanUp.ReferenceOTU170 Mock.2_72741	JQ990194
H	10962	101	94.1	+	0	0	314I101M262I	New.CleanUp.ReferenceOTU174 Mock.1_67324	DQ683114
H	725	101	92.1	+	0	0	1481I101M287I	New.CleanUp.ReferenceOTU174 Mock.1_67324	JF907594
H	46672	101	89.1	+	0	0	386I101M663I	New.CleanUp.ReferenceOTU174 Mock.1_67324	HQ589260
H	45309	97	96.9	+	0	0	189I97M388I	New.CleanUp.ReferenceOTU175 Mock.2_49488	JF715197
H	46672	97	96.9	+	0	0	250I97M803I	New.CleanUp.ReferenceOTU175 Mock.2_49488	HQ589260
H	34171	97	95.9	+	0	0	176I97M427I	New.CleanUp.ReferenceOTU175 Mock.2_49488	FM177661
H	17013	101	78.2	+	0	0	143I101M366I	New.CleanUp.ReferenceOTU176 Mock.2_44184	JQ990194
H	20976	101	76.2	+	0	0	483I101M813I	New.CleanUp.ReferenceOTU176 Mock.2_44184	GQ153214
H	46672	101	96.0	+	0	0	250I101M799I	New.CleanUp.ReferenceOTU179 Mock.3_15573	HQ589260
H	34170	101	96.0	+	0	0	177I101M426I	New.CleanUp.ReferenceOTU179 Mock.3_15573	FM177662
H	34171	101	96.0	+	0	0	176I101M423I	New.CleanUp.ReferenceOTU179 Mock.3_15573	FM177661
H	50326	101	92.1	+	0	0	227I101M258I	New.CleanUp.ReferenceOTU180 Mock.1_39577	DQ680681
H	46672	101	91.1	+	0	0	386I101M663I	New.CleanUp.ReferenceOTU180 Mock.1_39577	HQ589260
H	725	101	94.1	+	0	0	1481I101M287I	New.CleanUp.ReferenceOTU180 Mock.1_39577	JF907594
H	52507	101	91.1	+	0	0	245I101M259I	New.CleanUp.ReferenceOTU184 Mock.2_18978	DQ683112
H	45601	101	92.1	+	0	0	118I101M311I	New.CleanUp.ReferenceOTU184 Mock.2_18978	AF157596
H	33100	101	76.2	+	0	0	13D88M288I	New.CleanUp.ReferenceOTU184 Mock.2_18978	DQ907937
H	14240	101	86.1	+	0	0	475I101M578I	New.CleanUp.ReferenceOTU185 Mock.3_9034	GQ153248
H	17013	101	77.2	+	0	0	143I101M366I	New.CleanUp.ReferenceOTU185 Mock.3_9034	JQ990194
H	20976	101	78.2	+	0	0	483I101M813I	New.CleanUp.ReferenceOTU185 Mock.3_9034	GQ153214
H	50326	101	94.1	+	0	0	227I101M258I	New.CleanUp.ReferenceOTU191 Mock.3_86	DQ680681
H	725	101	96.0	+	0	0	1481I101M287I	New.CleanUp.ReferenceOTU191 Mock.3_86	JF907594
H	46672	101	93.1	+	0	0	386I101M663I	New.CleanUp.ReferenceOTU191 Mock.3_86	HQ589260
L	42306	583	*	*	*	*	*	JQ410109	*
H	42306	91	91.2	+	0	0	22I91M470I	New.CleanUp.ReferenceOTU2 Mock.3_52699	JQ410109
H	19843	91	96.7	+	0	0	137I91M477I	New.CleanUp.ReferenceOTU2 Mock.3_52699	AM410602
H	50082	91	96.7	+	0	0	22I91M154I	New.CleanUp.ReferenceOTU2 Mock.3_52699	JN905480
H	52507	93	91.4	+	0	0	245I93M267I	New.CleanUp.ReferenceOTU25 Mock.2_38665	DQ683112
H	45601	93	93.5	+	0	0	118I93M319I	New.CleanUp.ReferenceOTU25 Mock.2_38665	AF157596
H	47945	93	92.5	+	0	0	15I93M287I	New.CleanUp.ReferenceOTU25 Mock.2_38665	HQ115737
H	17013	101	79.2	+	0	0	143I101M366I	New.CleanUp.ReferenceOTU34 Mock.2_5485	JQ990194
H	20976	101	77.2	+	0	0	483I101M813I	New.CleanUp.ReferenceOTU34 Mock.2_5485	GQ153214
H	14278	101	96.0	+	0	0	5I101M526I	New.CleanUp.ReferenceOTU40 Mock.1_52686	GU054037
H	15391	101	86.1	+	0	0	14D87M1115I	New.CleanUp.ReferenceOTU40 Mock.1_52686	AB627114
H	10375	101	94.1	+	0	0	10I101M544I	New.CleanUp.ReferenceOTU40 Mock.1_52686	EU436681
H	20976	94	76.6	+	0	0	483I94M820I	New.CleanUp.ReferenceOTU43 Mock.1_25228	GQ153214
H	17013	94	76.6	+	0	0	143I94M373I	New.CleanUp.ReferenceOTU43 Mock.1_25228	JQ990194
H	14240	101	90.1	+	0	0	475I101M578I	New.CleanUp.ReferenceOTU44 Mock.1_6422	GQ153248
H	20976	101	74.3	+	0	0	483I101M813I	New.CleanUp.ReferenceOTU44 Mock.1_6422	GQ153214
H	50376	101	96.0	+	0	0	12I101M322I	New.CleanUp.ReferenceOTU48 Mock.3_9150	EF199746
H	29470	101	79.2	+	0	0	13D88M682I	New.CleanUp.ReferenceOTU48 Mock.3_9150	JQ425361
H	14240	101	90.1	+	0	0	475I101M578I	New.CleanUp.ReferenceOTU5 Mock.2_8898	GQ153248
H	20976	101	74.3	+	0	0	483I101M813I	New.CleanUp.ReferenceOTU5 Mock.2_8898	GQ153214
H	17013	101	75.2	+	0	0	143I101M366I	New.CleanUp.ReferenceOTU5 Mock.2_8898	JQ990194
H	45309	101	96.0	+	0	0	189I101M384I	New.CleanUp.ReferenceOTU51 Mock.1_65676	JF715197
H	46672	101	96.0	+	0	0	250I101M799I	New.CleanUp.ReferenceOTU51 Mock.1_65676	HQ589260
H	34171	101	95.0	+	0	0	176I101M423I	New.CleanUp.ReferenceOTU51 Mock.1_65676	FM177661
H	50326	101	89.1	+	0	0	227I101M258I	New.CleanUp.ReferenceOTU54 Mock.2_50493	DQ680681
H	10962	101	93.1	+	0	0	314I101M262I	New.CleanUp.ReferenceOTU54 Mock.2_50493	DQ683114
H	10493	101	91.1	+	0	0	5I101M262I	New.CleanUp.ReferenceOTU54 Mock.2_50493	DQ667968
H	50376	94	96.8	+	0	0	12I94M329I	New.CleanUp.ReferenceOTU58 Mock.2_7816	EF199746
L	45724	1564	*	*	*	*	*	JN943275	*
H	45724	94	79.8	+	0	0	22I44M10I13M8I37M1430I	New.CleanUp.ReferenceOTU58 Mock.2_7816	JN943275
L	25070	629	*	*	*	*	*	AM076601	*
H	25070	94	77.7	+	0	0	8I46M17I9M5I20M2D17M507I	New.CleanUp.ReferenceOTU58 Mock.2_7816	AM076601
H	725	83	94.0	+	0	0	1481I83M305I	New.CleanUp.ReferenceOTU6 Mock.1_46887	JF907594
H	46672	83	90.4	+	0	0	386I83M681I	New.CleanUp.ReferenceOTU6 Mock.1_46887	HQ589260
H	10962	83	91.6	+	0	0	314I83M280I	New.CleanUp.ReferenceOTU6 Mock.1_46887	DQ683114
H	50376	101	95.0	+	0	0	12I101M322I	New.CleanUp.ReferenceOTU60 Mock.3_43979	EF199746
L	42805	568	*	*	*	*	*	HM162334	*
H	42805	101	72.3	+	0	0	22I68M8I33M437I	New.CleanUp.ReferenceOTU60 Mock.3_43979	HM162334
L	47436	952	*	*	*	*	*	JN195677	*
H	47436	101	70.3	+	0	0	410I69M3I32M438I	New.CleanUp.ReferenceOTU60 Mock.3_43979	JN195677
H	17013	95	81.1	+	0	0	143I95M372I	New.CleanUp.ReferenceOTU61 Mock.1_44342	JQ990194
H	20976	95	78.9	+	0	0	483I95M819I	New.CleanUp.ReferenceOTU61 Mock.1_44342	GQ153214
H	50376	96	95.8	+	0	0	12I96M327I	New.CleanUp.ReferenceOTU62 Mock.1_1896	EF199746
H	29101	96	76.0	+	0	0	22I44M3I52M1244I	New.CleanUp.ReferenceOTU62 Mock.1_1896	JN943278
L	50111	2934	*	*	*	*	*	AF350243	*
H	50111	96	77.1	+	0	0	1735I50M23I46M1080I	New.CleanUp.ReferenceOTU62 Mock.1_1896	AF350243
H	17013	101	95.0	+	0	0	143I101M366I	New.CleanUp.ReferenceOTU71 Mock.1_1352	JQ990194
H	20976	101	94.1	+	0	0	483I101M813I	New.CleanUp.ReferenceOTU71 Mock.1_1352	GQ153214
H	23764	101	74.3	-	0	0	611I44MI57M41I	New.CleanUp.ReferenceOTU71 Mock.1_1352	FJ025352
H	20976	101	74.3	+	0	0	483I101M813I	New.CleanUp.ReferenceOTU72 Mock.2_8064	GQ153214
H	17013	101	74.3	+	0	0	143I101M366I	New.CleanUp.ReferenceOTU72 Mock.2_8064	JQ990194
H	14240	101	77.2	+	0	0	475I101M578I	New.CleanUp.ReferenceOTU72 Mock.2_8064	GQ153248
H	52507	92	89.1	+	0	0	245I92M268I	New.CleanUp.ReferenceOTU78 Mock.1_53045	DQ683112
H	44023	92	93.5	+	0	0	22I92M339I	New.CleanUp.ReferenceOTU78 Mock.1_53045	HM037662
H	45601	92	93.5	+	0	0	118I92M320I	New.CleanUp.ReferenceOTU78 Mock.1_53045	AF157596
L	17052	806	*	*	*	*	*	UDB003358	*
H	17052	101	75.2	+	0	0	144I54M17I26M4I21M540I	New.CleanUp.ReferenceOTU81 Mock.3_69820	UDB003358
H	20976	101	76.2	+	0	0	483I101M813I	New.CleanUp.ReferenceOTU82 Mock.1_50690	GQ153214
H	17013	101	74.3	+	0	0	143I101M366I	New.CleanUp.ReferenceOTU82 Mock.1_50690	JQ990194
H	34170	101	96.0	+	0	0	177I101M426I	New.CleanUp.ReferenceOTU83 Mock.1_18246	FM177662
H	45309	101	96.0	+	0	0	189I101M384I	New.CleanUp.ReferenceOTU83 Mock.1_18246	JF715197
H	34171	101	96.0	+	0	0	176I101M423I	New.CleanUp.ReferenceOTU83 Mock.1_18246	FM177661
N	*	101	*	*	*	*	*	New.CleanUp.ReferenceOTU9 Mock.2_3312	*
H	47647	93	95.7	+	0	0	24I93M487I	New.CleanUp.ReferenceOTU90 Mock.3_36762	GU370744
H	7842	93	81.7	+	0	0	14D8MI71M1078I	New.CleanUp.ReferenceOTU90 Mock.3_36762	FJ865435
L	35734	324	*	*	*	*	*	JN906373	*
H	35734	93	78.5	+	0	0	21I74M10I9MI10M199I	New.CleanUp.ReferenceOTU90 Mock.3_36762	JN906373
H	17013	101	78.2	+	0	0	143I101M366I	New.CleanUp.ReferenceOTU94 Mock.3_65355	JQ990194
H	20976	101	78.2	+	0	0	483I101M813I	New.CleanUp.ReferenceOTU94 Mock.3_65355	GQ153214
H	20976	101	73.3	+	0	0	483I101M813I	New.CleanUp.ReferenceOTU95 Mock.2_15039	GQ153214
H	17013	101	73.3	+	0	0	143I101M366I	New.CleanUp.ReferenceOTU95 Mock.2_15039	JQ990194
D	725	9	*	*	*	*	94.9	JF907594	*
D	4784	2	*	*	*	*	100.0	AM901881	*
D	6254	2	*	*	*	*	98.0	GU721833	*
D	9493	2	*	*	*	*	100.0	JN905279	*
D	10523	2	*	*	*	*	100.0	JF449887	*
D	10962	7	*	*	*	*	94.4	DQ683114	*
D	14240	6	*	*	*	*	86.7	GQ153248	*
D	14278	3	*	*	*	*	97.5	GU054037	*
D	15303	2	*	*	*	*	84.2	AM279696	*
D	16219	2	*	*	*	*	100.0	GU934594	*
D	17013	7	*	*	*	*	80.6	JQ990194	*
D	17052	2	*	*	*	*	75.2	UDB003358	*
D	19843	3	*	*	*	*	100.0	AM410602	*
D	20345	2	*	*	*	*	84.2	AM279465	*
D	20885	2	*	*	*	*	100.0	GQ376077	*
D	20892	2	*	*	*	*	100.0	FN562058	*
D	20976	5	*	*	*	*	80.4	GQ153214	*
D	22440	3	*	*	*	*	100.0	GQ120969	*
D	23096	4	*	*	*	*	99.3	EU551202	*
D	25941	2	*	*	*	*	99.0	HQ630976	*
D	27251	2	*	*	*	*	100.0	EU680533	*
D	34170	2	*	*	*	*	100.0	FM177662	*
D	34171	3	*	*	*	*	96.0	FM177661	*
D	35981	2	*	*	*	*	98.8	JQ247346	*
D	36632	2	*	*	*	*	97.8	FR799499	*
D	37038	2	*	*	*	*	100.0	GQ229082	*
D	41570	2	*	*	*	*	98.7	AB278159	*
D	44023	4	*	*	*	*	97.4	HM037662	*
D	45309	2	*	*	*	*	98.0	JF715197	*
D	45601	9	*	*	*	*	93.5	AF157596	*
D	46672	5	*	*	*	*	97.0	HQ589260	*
D	47460	2	*	*	*	*	98.0	GQ999201	*
D	47647	5	*	*	*	*	96.4	GU370744	*
D	47945	2	*	*	*	*	100.0	HQ115737	*
D	49327	3	*	*	*	*	98.0	JF720033	*
D	50082	4	*	*	*	*	96.6	JN905480	*
D	50376	8	*	*	*	*	96.3	EF199746	*
D	51504	2	*	*	*	*	100.0	AB236002	*
