UclustConsensusTaxonAssigner parameters:
id_to_taxonomy_filepath:/Users/nbokulich/Desktop/projects/short-read-tax-assignment/data/ref_dbs/gg_13_8_otus/99_otu_taxonomy_clean.tsv
id_to_taxonomy_fp:/Users/nbokulich/Desktop/projects/short-read-tax-assignment/data/ref_dbs/gg_13_8_otus/99_otu_taxonomy_clean.tsv
max_accepts:1
min_consensus_fraction:0.51
reference_sequences_fp:/Users/nbokulich/Desktop/projects/short-read-tax-assignment/data/ref_dbs/gg_13_8_otus/99_otus_clean_515f-806r_trim250.fasta
similarity:0.9
unassignable_label:Unassigned
Result path: /var/folders/0t/l1dz88p50y91vx_22fx5w3780000gn/T/assign-taxckID2I

.uc file contents:

# uclust --input /Users/nbokulich/Desktop/projects/short-read-tax-assignment/data/mock-community/mock-2/rep_seqs.fna --id 0.9 --rev --maxaccepts 1 --allhits --libonly --lib /Users/nbokulich/Desktop/projects/short-read-tax-assignment/data/ref_dbs/gg_13_8_otus/99_otus_clean_515f-806r_trim250.fasta --uc /var/folders/0t/l1dz88p50y91vx_22fx5w3780000gn/T/UclustConsensusTaxonAssigner_1O0NQg.uc
# version=1.2.22
# Tab-separated fields:
# 1=Type, 2=ClusterNr, 3=SeqLength or ClusterSize, 4=PctId, 5=Strand, 6=QueryStart, 7=SeedStart, 8=Alignment, 9=QueryLabel, 10=TargetLabel
# Record types (field 1): L=LibSeed, S=NewSeed, H=Hit, R=Reject, D=LibCluster, C=NewCluster, N=NoHit
# For C and D types, PctId is average id with seed.
# QueryStart and SeedStart are zero-based relative to start of sequence.
# If minus strand, SeedStart is relative to reverse-complemented seed.
N	*	130	*	*	*	*	*	374cc1e99575d9458ae00a49098705e3	*
L	11799	250	*	*	*	*	*	734955	*
H	11799	130	90.8	+	0	0	19I130M101I	b1db5c9ac20466711e0a4f822344c0be	734955
L	4764	250	*	*	*	*	*	348006	*
H	4764	130	100.0	+	0	0	19I130M101I	e5a41136373411569008d12c6f296726	348006
L	8475	250	*	*	*	*	*	164624	*
H	8475	130	95.4	+	0	0	19I130M101I	42225f360c8cd61fda2da09371b8140c	164624
L	6281	250	*	*	*	*	*	265983	*
H	6281	130	100.0	+	0	0	19I130M101I	fbf3d77ec3a53406bc6d0883b53ff1ca	265983
L	18579	250	*	*	*	*	*	4402960	*
H	18579	130	99.2	+	0	0	19I130M101I	ec0034ebee5c0c1f14a758b15c595717	4402960
L	6209	250	*	*	*	*	*	269103	*
H	6209	130	90.8	+	0	0	19I130M101I	dc72a92c1049a90717cacd197f966aad	269103
L	12280	250	*	*	*	*	*	2096960	*
H	12280	130	90.0	+	0	0	19I130M101I	38e206247e50f6b73f73bbab84e90003	2096960
L	16155	250	*	*	*	*	*	4256470	*
H	16155	130	100.0	+	0	0	19I130M101I	0f2d311381a48cc00eb7e95959a19387	4256470
L	5061	250	*	*	*	*	*	330989	*
H	5061	130	100.0	+	0	0	19I130M101I	c78d04a72913f63c39d9acc4784a9c32	330989
L	19488	250	*	*	*	*	*	4446961	*
H	19488	130	100.0	+	0	0	19I130M101I	c60f96cb55544a94afb9c1579138434c	4446961
L	7273	250	*	*	*	*	*	197974	*
H	7273	130	99.2	+	0	0	19I130M101I	991001919b92e5e87fe490ce7b2a513f	197974
L	3812	250	*	*	*	*	*	469852	*
H	3812	130	100.0	+	0	0	19I130M101I	233710b586fd6018adaa617c73ef9470	469852
L	4577	250	*	*	*	*	*	358293	*
H	4577	130	90.8	+	0	0	19I130M101I	512bf29dfb66e7d8efa560a135366c23	358293
H	11799	130	90.0	+	0	0	19I130M101I	bf8c00a77905975f57ccd6e4c1376324	734955
L	4290	250	*	*	*	*	*	366345	*
H	4290	130	93.1	+	0	0	19I130M101I	ef917e02c17f23ab6c33e39226bad50e	366345
L	12589	250	*	*	*	*	*	2250345	*
H	12589	130	100.0	+	0	0	19I130M101I	fc1a0da5852ea67928158be959c9e57a	2250345
L	19823	250	*	*	*	*	*	4463108	*
H	19823	130	100.0	+	0	0	19I130M101I	ef2d819264fcf190b2ac2ce790cc6e08	4463108
H	18579	130	100.0	+	0	0	19I130M101I	569cf498e9fd1ef4cd5138ea717516d7	4402960
L	19365	250	*	*	*	*	*	4441156	*
H	19365	130	100.0	+	0	0	19I130M101I	f14677bcbc79b5f4afa9de8aba20ae29	4441156
L	7918	250	*	*	*	*	*	182087	*
H	7918	130	100.0	+	0	0	19I130M101I	6247c98849d2f2864133fe9371a9a71c	182087
L	7322	250	*	*	*	*	*	196664	*
H	7322	130	100.0	+	0	0	19I130M101I	4c164ca916ff87ed8ae30a1c47a16413	196664
H	18579	130	99.2	+	0	0	19I130M101I	b2f7bd12ad96fb155abaed142a61d0be	4402960
L	12835	250	*	*	*	*	*	1124170	*
H	12835	130	90.8	+	0	0	19I130M101I	67c56b14d5b0729c38834fa264f3db12	1124170
L	4609	250	*	*	*	*	*	357241	*
H	4609	130	100.0	+	0	0	19I130M101I	d6b2e1751aaf2e39587f9b501bfc2610	357241
H	11799	130	91.5	+	0	0	19I130M101I	e4ba0c5f6faa5603a3fd9864c74b9c6a	734955
L	7257	250	*	*	*	*	*	198434	*
H	7257	130	100.0	+	0	0	19I130M101I	b34e721572bc5b141f03bb818da8d49e	198434
L	9968	250	*	*	*	*	*	72869	*
H	9968	130	100.0	+	0	0	19I130M101I	7db1817b2040080b58a1a9b4c7bd9c10	72869
L	2789	250	*	*	*	*	*	539854	*
H	2789	130	100.0	+	0	0	19I130M101I	9d881f5dca06a636e9a17885f2a2101f	539854
L	8170	250	*	*	*	*	*	175474	*
H	8170	130	90.8	+	0	0	19I130M101I	9ed522c01a03b6cc904e61e8079d5549	175474
L	4341	250	*	*	*	*	*	364792	*
H	4341	130	100.0	+	0	0	19I130M101I	c9127c08726c23f9a109676a6b1b3326	364792
L	10454	250	*	*	*	*	*	16144	*
H	10454	130	96.2	+	0	0	19I130M101I	5cf7a981fa56343ce6cc69cb0508179e	16144
L	11663	250	*	*	*	*	*	1764173	*
H	11663	130	100.0	+	0	0	19I130M101I	f401596feaf31328caf1db2cac3fff5a	1764173
L	1320	250	*	*	*	*	*	817146	*
H	1320	130	100.0	+	0	0	19I130M101I	307af2317138525dd1591bafa3c60610	817146
L	12973	250	*	*	*	*	*	2465078	*
H	12973	130	97.7	+	0	0	19I130M101I	e6acb2b2b9c86da298a1b13aaaf42bc6	2465078
L	14623	250	*	*	*	*	*	664205	*
H	14623	130	100.0	+	0	0	19I130M101I	e417340476b5718f71d903906a54936d	664205
L	1985	250	*	*	*	*	*	584375	*
H	1985	130	99.2	+	0	0	19I130M101I	fcfd2fc467a1c694014adc61c8fe0115	584375
L	13691	250	*	*	*	*	*	2865887	*
H	13691	130	100.0	+	0	0	19I130M101I	6ba7f11030b55866b1d2e3bcd871a788	2865887
N	*	130	*	*	*	*	*	58f36fe6ffe4f713f5b33663adbad70b	*
L	18719	250	*	*	*	*	*	4410025	*
H	18719	130	100.0	+	0	0	19I130M101I	b1d06c851a3938e7a6aafa9fa865a2ff	4410025
L	12085	250	*	*	*	*	*	756356	*
H	12085	130	100.0	+	0	0	19I130M101I	361c8ef599dad4ef9a4aabbaf86c3055	756356
H	7273	130	100.0	+	0	0	19I130M101I	fe07a3d4d3115adbefabb2c779200552	197974
L	12742	250	*	*	*	*	*	2329112	*
H	12742	130	96.9	+	0	0	19I130M101I	954394ea3285bf4caeade0f71f081dcd	2329112
L	5731	250	*	*	*	*	*	294884	*
H	5731	130	100.0	+	0	0	19I130M101I	a58eda516ec76617bae88555d8eb336d	294884
L	8808	250	*	*	*	*	*	150412	*
H	8808	130	94.6	+	0	0	19I130M101I	6f1e8b2a81445bac4bfac63151040b65	150412
L	17098	250	*	*	*	*	*	4331760	*
H	17098	130	100.0	+	0	0	19I130M101I	7de8f2d334d87defab5bbdd19bd42111	4331760
L	11680	250	*	*	*	*	*	1145008	*
H	11680	130	100.0	+	0	0	19I130M101I	3079c822c58713cf38bb9577db2684c5	1145008
L	7270	250	*	*	*	*	*	198042	*
H	7270	130	94.6	+	0	0	19I130M101I	e4e5f8936126f01baa9c7ca2b24b866d	198042
L	12378	250	*	*	*	*	*	2136916	*
H	12378	130	100.0	+	0	0	19I130M101I	51ea89cacc9a5bb9774f1fa41b262452	2136916
L	12270	250	*	*	*	*	*	917969	*
H	12270	130	100.0	+	0	0	19I130M101I	3352f43e29849664c31c9afc46f4e3a5	917969
L	19965	250	*	*	*	*	*	4468888	*
H	19965	130	100.0	+	0	0	19I130M101I	1b71d1483b3e56eb14b1ca81b8e78469	4468888
N	*	130	*	*	*	*	*	e6638c11ac9c25df66fe52d525f02849	*
L	16953	250	*	*	*	*	*	4325013	*
H	16953	130	100.0	+	0	0	19I130M101I	f571016e70e05cf54d492018f29c4b74	4325013
L	7616	250	*	*	*	*	*	189158	*
H	7616	130	92.3	+	0	0	19I130M101I	ac33370cda96ee5272a29682c1d9b992	189158
L	5832	250	*	*	*	*	*	290650	*
H	5832	130	100.0	+	0	0	19I130M101I	a81d35ecbebc06d41a9c0f512df39e3c	290650
L	13113	250	*	*	*	*	*	2532173	*
H	13113	130	99.2	+	0	0	19I130M101I	7a0047502b6036ea9b2b051d8d8abc49	2532173
L	7646	250	*	*	*	*	*	188407	*
H	7646	130	100.0	+	0	0	19I130M101I	de6fbc09238ebf79cc946a59886540a5	188407
L	3799	250	*	*	*	*	*	471106	*
H	3799	130	100.0	+	0	0	19I130M101I	7b31b62c5c0f494b93e9b79336ad9e26	471106
N	*	130	*	*	*	*	*	6837e9c13695169a751dfa6b4cd7aefe	*
N	*	130	*	*	*	*	*	761674a283aa0a8a1768657e22f3766f	*
L	11652	250	*	*	*	*	*	1758360	*
H	11652	130	100.0	+	0	0	19I130M101I	c06a769d3868cc10c215d9fb5fd3a215	1758360
L	1155	250	*	*	*	*	*	851797	*
H	1155	130	95.4	+	0	0	19I130M101I	b64fb900273bc7470be11b73e1a45bd7	851797
D	1155	2	*	*	*	*	95.4	851797	*
D	1320	2	*	*	*	*	100.0	817146	*
D	1985	2	*	*	*	*	99.2	584375	*
D	2789	2	*	*	*	*	100.0	539854	*
D	3799	2	*	*	*	*	100.0	471106	*
D	3812	2	*	*	*	*	100.0	469852	*
D	4290	2	*	*	*	*	93.1	366345	*
D	4341	2	*	*	*	*	100.0	364792	*
D	4577	2	*	*	*	*	90.8	358293	*
D	4609	2	*	*	*	*	100.0	357241	*
D	4764	2	*	*	*	*	100.0	348006	*
D	5061	2	*	*	*	*	100.0	330989	*
D	5731	2	*	*	*	*	100.0	294884	*
D	5832	2	*	*	*	*	100.0	290650	*
D	6209	2	*	*	*	*	90.8	269103	*
D	6281	2	*	*	*	*	100.0	265983	*
D	7257	2	*	*	*	*	100.0	198434	*
D	7270	2	*	*	*	*	94.6	198042	*
D	7273	3	*	*	*	*	99.6	197974	*
D	7322	2	*	*	*	*	100.0	196664	*
D	7616	2	*	*	*	*	92.3	189158	*
D	7646	2	*	*	*	*	100.0	188407	*
D	7918	2	*	*	*	*	100.0	182087	*
D	8170	2	*	*	*	*	90.8	175474	*
D	8475	2	*	*	*	*	95.4	164624	*
D	8808	2	*	*	*	*	94.6	150412	*
D	9968	2	*	*	*	*	100.0	72869	*
D	10454	2	*	*	*	*	96.2	16144	*
D	11652	2	*	*	*	*	100.0	1758360	*
D	11663	2	*	*	*	*	100.0	1764173	*
D	11680	2	*	*	*	*	100.0	1145008	*
D	11799	4	*	*	*	*	90.8	734955	*
D	12085	2	*	*	*	*	100.0	756356	*
D	12270	2	*	*	*	*	100.0	917969	*
D	12280	2	*	*	*	*	90.0	2096960	*
D	12378	2	*	*	*	*	100.0	2136916	*
D	12589	2	*	*	*	*	100.0	2250345	*
D	12742	2	*	*	*	*	96.9	2329112	*
D	12835	2	*	*	*	*	90.8	1124170	*
D	12973	2	*	*	*	*	97.7	2465078	*
D	13113	2	*	*	*	*	99.2	2532173	*
D	13691	2	*	*	*	*	100.0	2865887	*
D	14623	2	*	*	*	*	100.0	664205	*
D	16155	2	*	*	*	*	100.0	4256470	*
D	16953	2	*	*	*	*	100.0	4325013	*
D	17098	2	*	*	*	*	100.0	4331760	*
D	18579	4	*	*	*	*	99.5	4402960	*
D	18719	2	*	*	*	*	100.0	4410025	*
D	19365	2	*	*	*	*	100.0	4441156	*
D	19488	2	*	*	*	*	100.0	4446961	*
D	19823	2	*	*	*	*	100.0	4463108	*
D	19965	2	*	*	*	*	100.0	4468888	*
