UclustConsensusTaxonAssigner parameters:
id_to_taxonomy_filepath:/Users/nbokulich/Desktop/projects/short-read-tax-assignment/data/ref_dbs/gg_13_8_otus/99_otu_taxonomy_clean.tsv
id_to_taxonomy_fp:/Users/nbokulich/Desktop/projects/short-read-tax-assignment/data/ref_dbs/gg_13_8_otus/99_otu_taxonomy_clean.tsv
max_accepts:1
min_consensus_fraction:0.76
reference_sequences_fp:/Users/nbokulich/Desktop/projects/short-read-tax-assignment/data/ref_dbs/gg_13_8_otus/99_otus_clean_515f-806r_trim250.fasta
similarity:0.9
unassignable_label:Unassigned
Result path: /var/folders/0t/l1dz88p50y91vx_22fx5w3780000gn/T/assign-tax0yoEQt

.uc file contents:

# uclust --input /Users/nbokulich/Desktop/projects/short-read-tax-assignment/data/mock-community/mock-16/rep_seqs.fna --id 0.9 --rev --maxaccepts 1 --allhits --libonly --lib /Users/nbokulich/Desktop/projects/short-read-tax-assignment/data/ref_dbs/gg_13_8_otus/99_otus_clean_515f-806r_trim250.fasta --uc /var/folders/0t/l1dz88p50y91vx_22fx5w3780000gn/T/UclustConsensusTaxonAssigner_6WePwO.uc
# version=1.2.22
# Tab-separated fields:
# 1=Type, 2=ClusterNr, 3=SeqLength or ClusterSize, 4=PctId, 5=Strand, 6=QueryStart, 7=SeedStart, 8=Alignment, 9=QueryLabel, 10=TargetLabel
# Record types (field 1): L=LibSeed, S=NewSeed, H=Hit, R=Reject, D=LibCluster, C=NewCluster, N=NoHit
# For C and D types, PctId is average id with seed.
# QueryStart and SeedStart are zero-based relative to start of sequence.
# If minus strand, SeedStart is relative to reverse-complemented seed.
L	3486	250	*	*	*	*	*	517622	*
H	3486	250	96.8	+	0	0	250M	445eb45f4b788745dc4789790b77e926	517622
N	*	250	*	*	*	*	*	b43b61f04dd0977c343cc2bd33a7d143	*
N	*	250	*	*	*	*	*	43177a8b8dacb9372cb684a48f329931	*
L	9196	250	*	*	*	*	*	133739	*
H	9196	250	99.2	+	0	0	250M	a09aef16106e33d72eedb31b9f4191ff	133739
L	9184	250	*	*	*	*	*	134390	*
H	9184	250	92.8	+	0	0	250M	ee280c370c8b02812be0c20db7c1964c	134390
L	19473	250	*	*	*	*	*	4446436	*
H	19473	250	93.6	+	0	0	250M	720b484515faec353582a7b058a665e8	4446436
N	*	250	*	*	*	*	*	6239da9855d1969e0616715aa749bcf2	*
N	*	250	*	*	*	*	*	74b24f87003511f730a7bc330a036010	*
L	11139	250	*	*	*	*	*	2695	*
H	11139	250	99.2	+	0	0	250M	a4e931915b9ab33ecefe941739e7b7bd	2695
N	*	250	*	*	*	*	*	a510885b6538a706134f4d8088cd1a48	*
L	4251	250	*	*	*	*	*	367376	*
H	4251	250	99.2	+	0	0	250M	29c7a85074c17909def47a10f72cd6bb	367376
L	5909	250	*	*	*	*	*	287660	*
H	5909	250	93.2	+	0	0	250M	70ff938396900290987d840816d05258	287660
L	8826	250	*	*	*	*	*	149661	*
H	8826	250	99.2	+	0	0	250M	41dd024b4ab0881e7d3f58e8a697dc74	149661
L	20534	250	*	*	*	*	*	755	*
H	20534	250	99.6	+	0	0	250M	ee23086481d97574681c47a9e25ddcf7	755
L	20499	250	*	*	*	*	*	46167	*
H	20499	250	100.0	+	0	0	250M	7dc605ee802a8069bd012eae5c8e4e44	46167
L	6205	250	*	*	*	*	*	269216	*
H	6205	250	96.0	+	0	0	I249MD	99121277e691525b03e1fc991fcc81d0	269216
L	1422	250	*	*	*	*	*	791385	*
H	1422	250	95.2	+	0	0	250M	b9d9c3098ea09ed75be11be1352300f5	791385
L	9577	250	*	*	*	*	*	103911	*
H	9577	250	99.2	+	0	0	250M	0d3cacfc6919975e587aa9cd9a81f626	103911
L	10036	250	*	*	*	*	*	69274	*
H	10036	250	96.4	+	0	0	250M	ea4afd792e3210c1c867944c3ceb59c4	69274
L	9231	250	*	*	*	*	*	130684	*
H	9231	250	99.2	+	0	0	250M	39504264c544d74f4916440f27cd33d0	130684
L	10202	250	*	*	*	*	*	46882	*
H	10202	250	98.0	+	0	0	250M	2da0553ee9c53a5460a97b05fc495ee9	46882
L	20204	250	*	*	*	*	*	4479549	*
H	20204	250	99.6	+	0	0	250M	9df6254fd0ee58b803413731032cdd88	4479549
N	*	250	*	*	*	*	*	3ee4b2834163bc2565db667fbe079b97	*
L	13971	250	*	*	*	*	*	1137185	*
H	13971	250	100.0	+	0	0	250M	886cf2e9c22e05f7a4bd435892cd67dd	1137185
L	11402	250	*	*	*	*	*	814252	*
H	11402	250	97.6	+	0	0	250M	141c76e1cfcae6802d3665b36b2a6f8a	814252
L	11000	250	*	*	*	*	*	7139	*
H	11000	250	97.6	+	0	0	250M	8d0d58745c1de725b49c37ef68e08edf	7139
L	10081	250	*	*	*	*	*	62972	*
H	10081	250	99.6	+	0	0	250M	7b1b68cac562006a3b12bf41054fe359	62972
H	9184	250	92.4	+	0	0	250M	eba3721d3145a2bc096b2ab0b0c4149c	134390
N	*	250	*	*	*	*	*	33d5b48ba27a1ecd5455a8444bd5f1c0	*
L	8238	250	*	*	*	*	*	173827	*
H	8238	250	99.2	+	0	0	250M	e09289af250a74f3e0bcc47082e04eb6	173827
L	20587	250	*	*	*	*	*	720463	*
H	20587	250	92.8	+	0	0	250M	cbb8c0515eceafccdf76a714aa67b2fe	720463
N	*	250	*	*	*	*	*	a94ddc6a9cf9a43d04d134fc895c0ef8	*
L	10139	250	*	*	*	*	*	53642	*
H	10139	250	94.4	+	0	0	250M	d2fcaaaf82e2760ff208e4b9067d91b6	53642
L	18579	250	*	*	*	*	*	4402960	*
H	18579	250	98.8	+	0	0	250M	17f325489155c73867b71657d3e23b0a	4402960
H	20587	250	92.8	+	0	0	250M	2f70e3f3d66aee68240fa1653eced0ca	720463
L	19470	250	*	*	*	*	*	4446347	*
H	19470	250	92.4	+	0	0	250M	0834c80a2245782ad26222dabbecfe3f	4446347
L	9252	250	*	*	*	*	*	129026	*
H	9252	250	99.2	+	0	0	250M	7733c6a16f1569c892067ecb8aefb0dc	129026
L	4983	250	*	*	*	*	*	336616	*
H	4983	250	99.2	+	0	0	250M	b20a92091805a7b7af0aab3ad0bcb71e	336616
L	17395	250	*	*	*	*	*	4347381	*
H	17395	250	99.2	+	0	0	250M	e019c0ddaa904c0d691cc6d2b82b2472	4347381
L	20448	250	*	*	*	*	*	125020	*
H	20448	250	99.6	+	0	0	250M	2cb6c9bb8ef9b8b7aa3428b821c2b39e	125020
H	18579	250	98.8	+	0	0	250M	d85a997afe5d57cdf8a45b3db458025d	4402960
L	11061	250	*	*	*	*	*	5131	*
H	11061	250	97.2	+	0	0	250M	2c7d57488ecbbea286cfbcbc1be9b922	5131
L	2714	250	*	*	*	*	*	544573	*
H	2714	250	99.2	+	0	0	250M	005c2c1de94772a7c9e491dd780ba8ed	544573
L	9086	250	*	*	*	*	*	139853	*
H	9086	250	99.2	+	0	0	250M	1ad3d87ff3fd3d3c2cc06d64cd563d94	139853
L	15025	250	*	*	*	*	*	3623950	*
H	15025	250	99.2	+	0	0	250M	697a333a921e984dc8559124340a1662	3623950
L	17397	250	*	*	*	*	*	4347534	*
H	17397	250	99.2	+	0	0	250M	a401b0bf035ee819c23393f2eeba3cbc	4347534
L	5036	250	*	*	*	*	*	332523	*
H	5036	250	99.2	+	0	0	250M	dbf81481147b0cb7854942af37a06065	332523
L	12402	250	*	*	*	*	*	1134510	*
H	12402	250	97.6	+	0	0	250M	18015bc5bef6bc421def1d57c09e205b	1134510
L	17360	250	*	*	*	*	*	4345055	*
H	17360	250	95.6	+	0	0	250M	5e2d0dbf2708c942e39bb1c48170f88d	4345055
L	11578	250	*	*	*	*	*	1720567	*
H	11578	250	99.2	+	0	0	250M	379cb92a17430513e8ff985491f7c345	1720567
L	8714	250	*	*	*	*	*	155255	*
H	8714	250	99.2	+	0	0	250M	cbade9432f365e522b1c92922a97631b	155255
L	17505	250	*	*	*	*	*	4352206	*
H	17505	250	94.0	+	0	0	250M	9dc83cc3eed26a5297afba24b76c1da8	4352206
L	13331	250	*	*	*	*	*	630172	*
H	13331	250	95.2	+	0	0	250M	09c4d058552904ea57e5d427c234dd86	630172
L	20546	250	*	*	*	*	*	1139988	*
H	20546	250	94.0	+	0	0	250M	f497603776b0d87ba949c1d0f54565c5	1139988
L	15491	250	*	*	*	*	*	1139751	*
H	15491	250	97.2	+	0	0	250M	30c731fc8080d8734293f4a8e0b59d20	1139751
L	4459	250	*	*	*	*	*	361384	*
H	4459	250	99.2	+	0	0	250M	ed19868a374e0c230d3c67385da5fb2e	361384
L	20674	250	*	*	*	*	*	4444847	*
H	20674	250	94.8	+	0	0	250M	0babfa9456694270cd8cecdaa6cdab66	4444847
L	12744	250	*	*	*	*	*	1119485	*
H	12744	250	99.2	+	0	0	250M	0c1e8519e6aaa41cb0a5d3a6bd215c9e	1119485
H	12744	250	98.8	+	0	0	250M	daedd45154da4d0767e221ecbf7fbbcc	1119485
L	14504	250	*	*	*	*	*	729112	*
H	14504	250	99.2	+	0	0	250M	a933f1625c1ea732c7669a1ecfa674ef	729112
L	20657	250	*	*	*	*	*	4375425	*
H	20657	250	99.6	+	0	0	250M	745a93a306af6a6acfd3c93864d322e9	4375425
L	11997	250	*	*	*	*	*	684018	*
H	11997	250	98.0	+	0	0	250M	78034b377b71dfc478e0433bbd89c8b9	684018
L	11046	250	*	*	*	*	*	5639	*
H	11046	250	98.8	+	0	0	250M	a0404757f0e2e3388b9fed6975132605	5639
L	8600	250	*	*	*	*	*	159887	*
H	8600	250	99.2	+	0	0	250M	d87c4c3d6f5ea2bf2b33ed274906fd56	159887
L	18714	250	*	*	*	*	*	4409881	*
H	18714	250	99.2	+	0	0	250M	e72e98355c2f511fce29e1989744f71b	4409881
L	17521	250	*	*	*	*	*	4352782	*
H	17521	250	99.2	+	0	0	250M	d49806e178a36f821a584e6e13aad19c	4352782
L	6764	250	*	*	*	*	*	240738	*
H	6764	250	93.2	+	0	0	250M	b59777e0695c8dfdfd0d1d5bc7d1a4e1	240738
L	3975	250	*	*	*	*	*	421277	*
H	3975	250	99.2	+	0	0	250M	5920db06106fe7e4aaf18342b054167a	421277
L	15402	250	*	*	*	*	*	3835597	*
H	15402	250	99.2	+	0	0	250M	8dce550a9e0d36a712baf96c50db6f38	3835597
N	*	250	*	*	*	*	*	f9a65b9e8e60f435ad11ab1a1f727ad0	*
L	20075	250	*	*	*	*	*	4473481	*
H	20075	250	99.2	+	0	0	250M	b627cffa5fd2bcb8bf0eb14244ca3937	4473481
L	8655	250	*	*	*	*	*	157892	*
H	8655	250	97.6	+	0	0	250M	a0f72f0c8cefa87b39c38030f979af92	157892
L	11112	250	*	*	*	*	*	3949	*
H	11112	250	90.8	+	0	0	250M	fc3eeb38eac7ca1fa4cd7c1b4753f1f5	3949
L	16238	250	*	*	*	*	*	4295025	*
H	16238	250	99.2	+	0	0	250M	a6052057ed366cbec2981f670f126d4e	4295025
L	5863	250	*	*	*	*	*	289550	*
H	5863	250	97.2	+	0	0	250M	311030dd3480b4be74d627d8f927c1cb	289550
L	12340	250	*	*	*	*	*	2118963	*
H	12340	250	99.2	+	0	0	250M	ecd2e0c10de3cb18466a6a902478031e	2118963
L	11140	250	*	*	*	*	*	2669	*
H	11140	250	99.2	+	0	0	250M	d86004b15b2f67613bdf89ced8f95e2a	2669
N	*	250	*	*	*	*	*	321690abd94c958690e5fa4da6635120	*
L	9314	250	*	*	*	*	*	115224	*
H	9314	250	97.6	+	0	0	250M	716ee1ef062bc8f9a71252245312ae94	115224
N	*	250	*	*	*	*	*	d9f8b03b10ed5e90d21fcb4bc569bbe3	*
L	1769	250	*	*	*	*	*	619210	*
H	1769	250	99.2	+	0	0	250M	8c2114a5f5750c315751c1166edbe420	619210
L	20665	250	*	*	*	*	*	4410174	*
H	20665	250	95.2	+	0	0	250M	c62cc6315e9367bb1c1b131063cfa5fb	4410174
H	20674	250	91.2	+	0	0	250M	df53a55085076d670cc6beab175e0fff	4444847
H	18579	250	99.2	+	0	0	250M	e57ecd70d5aaa6c87f0d80d41432b382	4402960
H	8714	250	99.2	+	0	0	250M	33d26c60adb41cc8963fd822abeade92	155255
D	1422	2	*	*	*	*	95.2	791385	*
D	1769	2	*	*	*	*	99.2	619210	*
D	2714	2	*	*	*	*	99.2	544573	*
D	3486	2	*	*	*	*	96.8	517622	*
D	3975	2	*	*	*	*	99.2	421277	*
D	4251	2	*	*	*	*	99.2	367376	*
D	4459	2	*	*	*	*	99.2	361384	*
D	4983	2	*	*	*	*	99.2	336616	*
D	5036	2	*	*	*	*	99.2	332523	*
D	5863	2	*	*	*	*	97.2	289550	*
D	5909	2	*	*	*	*	93.2	287660	*
D	6205	2	*	*	*	*	96.0	269216	*
D	6764	2	*	*	*	*	93.2	240738	*
D	8238	2	*	*	*	*	99.2	173827	*
D	8600	2	*	*	*	*	99.2	159887	*
D	8655	2	*	*	*	*	97.6	157892	*
D	8714	3	*	*	*	*	99.2	155255	*
D	8826	2	*	*	*	*	99.2	149661	*
D	9086	2	*	*	*	*	99.2	139853	*
D	9184	3	*	*	*	*	92.6	134390	*
D	9196	2	*	*	*	*	99.2	133739	*
D	9231	2	*	*	*	*	99.2	130684	*
D	9252	2	*	*	*	*	99.2	129026	*
D	9314	2	*	*	*	*	97.6	115224	*
D	9577	2	*	*	*	*	99.2	103911	*
D	10036	2	*	*	*	*	96.4	69274	*
D	10081	2	*	*	*	*	99.6	62972	*
D	10139	2	*	*	*	*	94.4	53642	*
D	10202	2	*	*	*	*	98.0	46882	*
D	11000	2	*	*	*	*	97.6	7139	*
D	11046	2	*	*	*	*	98.8	5639	*
D	11061	2	*	*	*	*	97.2	5131	*
D	11112	2	*	*	*	*	90.8	3949	*
D	11139	2	*	*	*	*	99.2	2695	*
D	11140	2	*	*	*	*	99.2	2669	*
D	11402	2	*	*	*	*	97.6	814252	*
D	11578	2	*	*	*	*	99.2	1720567	*
D	11997	2	*	*	*	*	98.0	684018	*
D	12340	2	*	*	*	*	99.2	2118963	*
D	12402	2	*	*	*	*	97.6	1134510	*
D	12744	3	*	*	*	*	99.0	1119485	*
D	13331	2	*	*	*	*	95.2	630172	*
D	13971	2	*	*	*	*	100.0	1137185	*
D	14504	2	*	*	*	*	99.2	729112	*
D	15025	2	*	*	*	*	99.2	3623950	*
D	15402	2	*	*	*	*	99.2	3835597	*
D	15491	2	*	*	*	*	97.2	1139751	*
D	16238	2	*	*	*	*	99.2	4295025	*
D	17360	2	*	*	*	*	95.6	4345055	*
D	17395	2	*	*	*	*	99.2	4347381	*
D	17397	2	*	*	*	*	99.2	4347534	*
D	17505	2	*	*	*	*	94.0	4352206	*
D	17521	2	*	*	*	*	99.2	4352782	*
D	18579	4	*	*	*	*	98.9	4402960	*
D	18714	2	*	*	*	*	99.2	4409881	*
D	19470	2	*	*	*	*	92.4	4446347	*
D	19473	2	*	*	*	*	93.6	4446436	*
D	20075	2	*	*	*	*	99.2	4473481	*
D	20204	2	*	*	*	*	99.6	4479549	*
D	20448	2	*	*	*	*	99.6	125020	*
D	20499	2	*	*	*	*	100.0	46167	*
D	20534	2	*	*	*	*	99.6	755	*
D	20546	2	*	*	*	*	94.0	1139988	*
D	20587	3	*	*	*	*	92.8	720463	*
D	20657	2	*	*	*	*	99.6	4375425	*
D	20665	2	*	*	*	*	95.2	4410174	*
D	20674	3	*	*	*	*	93.0	4444847	*
