UclustConsensusTaxonAssigner parameters:
id_to_taxonomy_filepath:/Users/nbokulich/Desktop/projects/short-read-tax-assignment/data/novel-taxa-simulations/B1-REF-L6-iter2/ref_taxa.tsv
id_to_taxonomy_fp:/Users/nbokulich/Desktop/projects/short-read-tax-assignment/data/novel-taxa-simulations/B1-REF-L6-iter2/ref_taxa.tsv
max_accepts:1
min_consensus_fraction:1.0
reference_sequences_fp:/Users/nbokulich/Desktop/projects/short-read-tax-assignment/data/novel-taxa-simulations/B1-REF-L6-iter2/ref_seqs.fasta
similarity:0.8
unassignable_label:Unassigned
Result path: /var/folders/0t/l1dz88p50y91vx_22fx5w3780000gn/T/assign-taxxPm1TT

.uc file contents:

# uclust --input /Users/nbokulich/Desktop/projects/short-read-tax-assignment/data/novel-taxa-simulations/B1-REF-L6-iter2/query.fasta --id 0.8 --rev --maxaccepts 1 --allhits --libonly --lib /Users/nbokulich/Desktop/projects/short-read-tax-assignment/data/novel-taxa-simulations/B1-REF-L6-iter2/ref_seqs.fasta --uc /var/folders/0t/l1dz88p50y91vx_22fx5w3780000gn/T/UclustConsensusTaxonAssigner_Vmnguk.uc
# version=1.2.22
# Tab-separated fields:
# 1=Type, 2=ClusterNr, 3=SeqLength or ClusterSize, 4=PctId, 5=Strand, 6=QueryStart, 7=SeedStart, 8=Alignment, 9=QueryLabel, 10=TargetLabel
# Record types (field 1): L=LibSeed, S=NewSeed, H=Hit, R=Reject, D=LibCluster, C=NewCluster, N=NoHit
# For C and D types, PctId is average id with seed.
# QueryStart and SeedStart are zero-based relative to start of sequence.
# If minus strand, SeedStart is relative to reverse-complemented seed.
L	2002	250	*	*	*	*	*	149895	*
H	2002	250	94.4	+	0	0	250M	1083016	149895
L	3706	250	*	*	*	*	*	776873	*
H	3706	250	98.0	+	0	0	250M	1028133	776873
L	3612	250	*	*	*	*	*	3761170	*
H	3612	250	99.6	+	0	0	24MI225MD	920852	3761170
L	4036	250	*	*	*	*	*	4340653	*
H	4036	250	94.8	+	0	0	25MI20MI203M2D	853416	4340653
L	2034	250	*	*	*	*	*	141219	*
H	2034	250	84.0	+	0	0	250M	851936	141219
L	2313	250	*	*	*	*	*	53642	*
H	2313	250	95.6	+	0	0	250M	826749	53642
L	3692	250	*	*	*	*	*	784643	*
H	3692	250	97.2	+	0	0	D249MI	824723	784643
L	2540	250	*	*	*	*	*	7316	*
H	2540	250	100.0	+	0	0	250M	822776	7316
L	576	250	*	*	*	*	*	540623	*
H	576	250	93.6	+	0	0	250M	814853	540623
L	3051	250	*	*	*	*	*	2461583	*
H	3051	250	97.2	+	0	0	250M	787697	2461583
L	3438	250	*	*	*	*	*	761592	*
H	3438	250	100.0	+	0	0	250M	768898	761592
L	4448	250	*	*	*	*	*	4426296	*
H	4448	250	99.6	+	0	0	99MI68MD82M	735185	4426296
L	1731	250	*	*	*	*	*	185297	*
H	1731	250	94.4	+	0	0	250M	719400	185297
L	2417	250	*	*	*	*	*	14500	*
H	2417	250	98.4	+	0	0	250M	714339	14500
L	4188	250	*	*	*	*	*	4371645	*
H	4188	250	99.2	+	0	0	250M	692823	4371645
L	929	250	*	*	*	*	*	347063	*
H	929	250	93.6	+	0	0	250M	685156	347063
L	2520	250	*	*	*	*	*	8001	*
H	2520	250	94.4	+	0	0	D16MD90M2D13MD21MD8MD95M7I	660688	8001
L	3337	250	*	*	*	*	*	1136763	*
H	3337	250	98.0	+	0	0	250M	644016	1136763
L	2683	250	*	*	*	*	*	1115140	*
H	2683	250	99.2	+	0	0	250M	626867	1115140
L	2400	250	*	*	*	*	*	15740	*
H	2400	250	96.4	+	0	0	250M	625629	15740
L	1468	250	*	*	*	*	*	236778	*
H	1468	250	99.2	+	0	0	250M	610455	236778
L	4599	250	*	*	*	*	*	4458713	*
H	4599	250	94.0	+	0	0	I53MD11MD184MI	606989	4458713
L	4609	250	*	*	*	*	*	4460024	*
H	4609	250	98.0	+	0	0	250M	589597	4460024
L	3770	250	*	*	*	*	*	4170478	*
H	3770	250	89.6	+	0	0	250M	583989	4170478
L	4029	250	*	*	*	*	*	4339348	*
H	4029	250	94.4	+	0	0	250M	582379	4339348
L	2997	250	*	*	*	*	*	1114718	*
H	2997	250	96.4	+	0	0	250M	580916	1114718
L	2138	250	*	*	*	*	*	107854	*
H	2138	250	88.4	+	0	0	203M2D45M2I	579148	107854
L	315	250	*	*	*	*	*	667570	*
H	315	250	98.4	+	0	0	250M	578401	667570
L	502	250	*	*	*	*	*	558567	*
H	502	250	93.2	+	0	0	250M	571645	558567
L	1284	250	*	*	*	*	*	269962	*
H	1284	250	96.8	+	0	0	234MI15MD	567491	269962
L	3160	250	*	*	*	*	*	1141541	*
H	3160	250	94.4	+	0	0	250M	566189	1141541
L	3762	250	*	*	*	*	*	1123994	*
H	3762	250	99.6	+	0	0	250M	565851	1123994
L	2639	250	*	*	*	*	*	1145943	*
H	2639	250	97.2	+	0	0	250M	565472	1145943
L	117	250	*	*	*	*	*	961922	*
H	117	250	99.6	+	0	0	250M	564081	961922
L	2365	250	*	*	*	*	*	26799	*
H	2365	250	96.8	+	0	0	250M	558128	26799
L	2734	250	*	*	*	*	*	1801170	*
H	2734	250	90.4	+	0	0	250M	555696	1801170
L	4589	250	*	*	*	*	*	4456892	*
H	4589	250	98.4	+	0	0	203MD46MI	555692	4456892
L	1331	250	*	*	*	*	*	263193	*
H	1331	250	89.6	+	0	0	32M3I24MI18MI171M5D	553810	263193
L	1342	250	*	*	*	*	*	262377	*
H	1342	250	99.2	+	0	0	250M	553653	262377
L	3752	250	*	*	*	*	*	1121107	*
H	3752	250	97.6	+	0	0	250M	544630	1121107
L	1175	250	*	*	*	*	*	292921	*
H	1175	250	88.0	+	0	0	250M	542536	292921
L	3722	250	*	*	*	*	*	1109067	*
H	3722	250	97.6	+	0	0	250M	542475	1109067
L	3419	250	*	*	*	*	*	1131597	*
H	3419	250	98.0	+	0	0	250M	541884	1131597
L	294	250	*	*	*	*	*	712047	*
H	294	250	94.0	+	0	0	250M	541328	712047
L	2159	250	*	*	*	*	*	105372	*
H	2159	250	89.2	+	0	0	250M	539567	105372
L	2187	250	*	*	*	*	*	100650	*
H	2187	250	99.6	+	0	0	250M	537871	100650
L	996	250	*	*	*	*	*	332720	*
H	996	250	100.0	+	0	0	250M	536754	332720
L	1634	250	*	*	*	*	*	192795	*
H	1634	250	94.4	+	0	0	160MI89MD	530416	192795
L	2899	250	*	*	*	*	*	2119418	*
H	2899	250	96.0	+	0	0	250M	514015	2119418
H	2138	250	95.2	+	0	0	250M	484444	107854
L	1714	250	*	*	*	*	*	186275	*
H	1714	250	92.8	+	0	0	250M	470117	186275
L	809	250	*	*	*	*	*	370225	*
H	809	250	97.6	+	0	0	250M	365385	370225
L	2846	250	*	*	*	*	*	2027409	*
H	2846	250	99.2	+	0	0	250M	359953	2027409
L	504	250	*	*	*	*	*	557875	*
H	504	250	95.2	+	0	0	250M	347570	557875
L	2928	250	*	*	*	*	*	1121753	*
H	2928	250	96.8	+	0	0	250M	347553	1121753
H	2928	250	98.0	+	0	0	250M	344394	1121753
L	1823	250	*	*	*	*	*	178763	*
H	1823	250	95.6	+	0	0	250M	344154	178763
L	3964	250	*	*	*	*	*	4324649	*
H	3964	250	97.6	+	0	0	250M	342971	4324649
L	1020	250	*	*	*	*	*	326054	*
H	1020	250	97.6	+	0	0	250M	342749	326054
L	341	250	*	*	*	*	*	606927	*
H	341	250	96.0	+	0	0	250M	342268	606927
H	2997	250	95.6	+	0	0	250M	336110	1114718
L	1085	250	*	*	*	*	*	308598	*
H	1085	250	99.6	+	0	0	250M	321972	308598
L	1422	250	*	*	*	*	*	247070	*
H	1422	250	86.8	+	0	0	8MI13MI12M2I45MI7MI31M2I126M8D	313305	247070
L	3444	250	*	*	*	*	*	1135946	*
H	3444	250	98.4	+	0	0	250M	311173	1135946
L	1015	250	*	*	*	*	*	328035	*
H	1015	250	98.8	+	0	0	250M	299770	328035
L	606	250	*	*	*	*	*	533624	*
H	606	250	89.2	+	0	0	86MD163MI	287811	533624
L	947	250	*	*	*	*	*	343239	*
H	947	250	99.6	+	0	0	250M	276678	343239
L	2249	250	*	*	*	*	*	79540	*
H	2249	250	96.8	+	0	0	17MD54MD29MD147M3I	276106	79540
L	437	250	*	*	*	*	*	570500	*
H	437	250	97.6	+	0	0	2I248M2D	270818	570500
L	556	250	*	*	*	*	*	547806	*
H	556	250	99.6	+	0	0	250M	267698	547806
L	4233	250	*	*	*	*	*	4379731	*
H	4233	250	94.0	+	0	0	202MI37MI9M2D	264465	4379731
L	3856	250	*	*	*	*	*	4300883	*
H	3856	250	95.2	+	0	0	217MI32MD	262857	4300883
L	2448	250	*	*	*	*	*	12702	*
H	2448	250	98.0	+	0	0	250M	261255	12702
L	3879	250	*	*	*	*	*	4305519	*
H	3879	250	96.4	+	0	0	250M	255639	4305519
L	743	250	*	*	*	*	*	469663	*
H	743	250	92.8	+	0	0	250M	251702	469663
L	2395	250	*	*	*	*	*	16054	*
H	2395	250	98.4	+	0	0	250M	251456	16054
L	1280	250	*	*	*	*	*	270229	*
H	1280	250	98.4	+	0	0	42MD207MI	247332	270229
L	2973	250	*	*	*	*	*	2291414	*
H	2973	250	97.6	+	0	0	250M	240755	2291414
L	455	250	*	*	*	*	*	567725	*
H	455	250	99.6	+	0	0	250M	238051	567725
L	3303	250	*	*	*	*	*	3055791	*
H	3303	250	90.4	+	0	0	54MD21MD39MD24MD29M2D19MD26MD30M8I	231154	3055791
L	194	250	*	*	*	*	*	864786	*
H	194	250	86.0	+	0	0	73MI17MI29M2I24M2D55MD23M2D15MD8M2I	229009	864786
L	542	250	*	*	*	*	*	550712	*
H	542	250	98.0	+	0	0	D249MI	221379	550712
L	2054	250	*	*	*	*	*	138056	*
H	2054	250	94.8	+	0	0	54MD195MI	203115	138056
L	2235	250	*	*	*	*	*	84396	*
H	2235	250	94.4	+	0	0	250M	202971	84396
L	2819	250	*	*	*	*	*	952003	*
H	2819	250	97.6	+	0	0	113MI136MD	200634	952003
L	2147	250	*	*	*	*	*	106754	*
H	2147	250	88.4	+	0	0	250M	199630	106754
L	3546	250	*	*	*	*	*	821185	*
H	3546	250	99.2	+	0	0	250M	199229	821185
L	2818	250	*	*	*	*	*	1954303	*
H	2818	250	96.8	+	0	0	250M	197631	1954303
H	3692	250	94.4	+	0	0	53MI15MI39MD46MD11MD83MI	195834	784643
H	3303	250	98.0	+	0	0	96MI153MD	187297	3055791
L	518	250	*	*	*	*	*	555445	*
H	518	250	91.6	+	0	0	250M	181744	555445
L	3358	250	*	*	*	*	*	3200278	*
H	3358	250	98.8	+	0	0	250M	178213	3200278
L	726	250	*	*	*	*	*	510204	*
H	726	250	99.2	+	0	0	59M2I189M2D	177045	510204
L	453	250	*	*	*	*	*	567972	*
H	453	250	94.4	+	0	0	250M	172804	567972
L	1928	250	*	*	*	*	*	164660	*
H	1928	250	92.8	+	0	0	250M	172207	164660
L	4385	250	*	*	*	*	*	4411367	*
H	4385	250	96.4	+	0	0	250M	163538	4411367
L	594	250	*	*	*	*	*	535932	*
H	594	250	97.2	+	0	0	166MD9MD43MI30MI	163249	535932
L	4481	250	*	*	*	*	*	4432439	*
H	4481	250	96.8	+	0	0	250M	163227	4432439
L	1988	250	*	*	*	*	*	152001	*
H	1988	250	96.8	+	0	0	209MD13MD26M2I	162595	152001
L	3709	250	*	*	*	*	*	4041568	*
H	3709	250	99.2	+	0	0	250M	161199	4041568
L	2278	250	*	*	*	*	*	70057	*
H	2278	250	98.0	+	0	0	250M	160928	70057
L	522	250	*	*	*	*	*	554499	*
H	522	250	95.6	+	0	0	127MD122MI	158785	554499
L	3177	250	*	*	*	*	*	2730944	*
H	3177	250	92.4	+	0	0	250M	157201	2730944
L	3745	250	*	*	*	*	*	1105883	*
H	3745	250	98.4	+	0	0	250M	156459	1105883
L	4664	250	*	*	*	*	*	4469781	*
H	4664	250	88.0	+	0	0	138MD80MD30M2I	155622	4469781
L	1975	250	*	*	*	*	*	156357	*
H	1975	250	96.4	+	0	0	250M	155362	156357
L	2829	250	*	*	*	*	*	1126194	*
H	2829	250	94.0	+	0	0	250M	150229	1126194
L	56	250	*	*	*	*	*	1049387	*
H	56	250	98.8	+	0	0	232MD17MI	146193	1049387
L	1867	250	*	*	*	*	*	175108	*
H	1867	250	99.2	+	0	0	250M	132602	175108
H	4188	250	93.2	+	0	0	250M	130864	4371645
L	3171	250	*	*	*	*	*	1121558	*
H	3171	250	91.2	+	0	0	72M2I139MI36M3D	130219	1121558
L	2516	250	*	*	*	*	*	8035	*
H	2516	250	93.2	+	0	0	250M	128429	8035
L	1528	250	*	*	*	*	*	210269	*
H	1528	250	100.0	+	0	0	250M	119010	210269
L	526	250	*	*	*	*	*	554299	*
H	526	250	91.6	+	0	0	25MI35MI104MD84MD	114930	554299
L	4715	250	*	*	*	*	*	4478861	*
H	4715	250	96.8	+	0	0	250M	114572	4478861
L	1437	250	*	*	*	*	*	242098	*
H	1437	250	98.8	+	0	0	181MD68MI	111659	242098
L	3465	250	*	*	*	*	*	1140356	*
H	3465	250	98.4	+	0	0	250M	111313	1140356
L	4717	250	*	*	*	*	*	4479467	*
H	4717	250	97.6	+	0	0	62MI29MD48MD109MI	111289	4479467
L	291	250	*	*	*	*	*	719343	*
H	291	250	97.6	+	0	0	250M	110879	719343
L	3492	250	*	*	*	*	*	3485581	*
H	3492	250	90.4	+	0	0	250M	109364	3485581
L	3029	250	*	*	*	*	*	1112913	*
H	3029	250	98.0	+	0	0	250M	108433	1112913
L	2327	250	*	*	*	*	*	48640	*
H	2327	250	92.8	+	0	0	250M	108003	48640
L	2861	250	*	*	*	*	*	2046080	*
H	2861	250	92.4	+	0	0	250M	107506	2046080
L	2559	250	*	*	*	*	*	5263	*
H	2559	250	95.6	+	0	0	166MI47M2I24MI9M4D	107348	5263
L	1000	250	*	*	*	*	*	331282	*
H	1000	250	97.6	+	0	0	250M	102915	331282
L	3222	250	*	*	*	*	*	1122081	*
H	3222	250	97.6	+	0	0	250M	102689	1122081
L	2350	250	*	*	*	*	*	34507	*
H	2350	250	90.8	+	0	0	250M	102653	34507
L	1542	250	*	*	*	*	*	203166	*
H	1542	250	94.8	+	0	0	250M	100775	203166
L	237	250	*	*	*	*	*	817013	*
H	237	250	96.0	+	0	0	250M	100757	817013
L	2769	250	*	*	*	*	*	709363	*
H	2769	250	96.4	+	0	0	250M	78432	709363
L	2675	250	*	*	*	*	*	1679577	*
H	2675	250	92.0	+	0	0	87MI162MD	77778	1679577
L	4283	250	*	*	*	*	*	4389142	*
H	4283	250	96.0	+	0	0	250M	77692	4389142
L	2500	250	*	*	*	*	*	9252	*
H	2500	250	97.6	+	0	0	250M	74170	9252
H	4664	250	92.8	+	0	0	250M	73954	4469781
L	1053	250	*	*	*	*	*	315982	*
H	1053	250	95.6	+	0	0	250M	73000	315982
L	3928	250	*	*	*	*	*	4318122	*
H	3928	250	99.2	+	0	0	250M	70580	4318122
L	3681	250	*	*	*	*	*	1126009	*
H	3681	250	97.6	+	0	0	243MD6MI	64384	1126009
L	2566	250	*	*	*	*	*	4632	*
H	2566	250	94.8	+	0	0	250M	59721	4632
L	4227	250	*	*	*	*	*	4378410	*
H	4227	250	96.4	+	0	0	250M	58618	4378410
H	2235	250	93.2	+	0	0	250M	57758	84396
L	4388	250	*	*	*	*	*	4412629	*
H	4388	250	91.6	+	0	0	164MD85MI	49604	4412629
L	2324	250	*	*	*	*	*	49524	*
H	2324	250	96.4	+	0	0	250M	49602	49524
L	4038	250	*	*	*	*	*	4341712	*
H	4038	250	93.2	+	0	0	250M	47887	4341712
L	4143	250	*	*	*	*	*	4361518	*
H	4143	250	98.0	+	0	0	250M	46931	4361518
L	2544	250	*	*	*	*	*	6648	*
H	2544	250	92.8	+	0	0	250M	46257	6648
L	545	250	*	*	*	*	*	550415	*
H	545	250	96.8	+	0	0	250M	45962	550415
L	2992	250	*	*	*	*	*	1143602	*
H	2992	250	96.4	+	0	0	250M	41059	1143602
H	3444	250	97.6	+	0	0	250M	34757	1135946
L	2316	250	*	*	*	*	*	51778	*
H	2316	250	98.4	+	0	0	250M	33768	51778
L	1223	250	*	*	*	*	*	284241	*
H	1223	250	96.8	+	0	0	231MD18MI	33272	284241
L	3266	250	*	*	*	*	*	1131355	*
H	3266	250	94.0	+	0	0	250M	32859	1131355
L	4326	250	*	*	*	*	*	4396481	*
H	4326	250	94.4	+	0	0	124MD27MI12MI17MI13M2I52M4D	17261	4396481
L	4425	250	*	*	*	*	*	4420122	*
H	4425	250	89.2	+	0	0	75M11I164M11D	16013	4420122
L	440	250	*	*	*	*	*	570232	*
H	440	250	98.0	+	0	0	250M	15851	570232
L	2422	250	*	*	*	*	*	14302	*
H	2422	250	96.4	+	0	0	250M	14304	14302
L	419	250	*	*	*	*	*	575299	*
H	419	250	95.6	+	0	0	250M	13568	575299
L	4243	250	*	*	*	*	*	4381192	*
H	4243	250	98.4	+	0	0	250M	13485	4381192
L	3166	250	*	*	*	*	*	650615	*
H	3166	250	97.6	+	0	0	250M	13467	650615
H	3752	250	95.2	+	0	0	250M	10865	1121107
L	2482	250	*	*	*	*	*	10486	*
H	2482	250	92.0	+	0	0	138MI111MD	10485	10486
L	2024	250	*	*	*	*	*	143101	*
H	2024	250	89.2	+	0	0	250M	10430	143101
H	2187	250	98.8	+	0	0	250M	9870	100650
L	2486	250	*	*	*	*	*	10180	*
H	2486	250	99.6	+	0	0	250M	9819	10180
L	2496	250	*	*	*	*	*	9504	*
H	2496	250	95.2	+	0	0	250M	9505	9504
L	2183	250	*	*	*	*	*	101788	*
H	2183	250	96.4	+	0	0	250M	9036	101788
L	2513	250	*	*	*	*	*	8105	*
H	2513	250	96.8	+	0	0	250M	8107	8105
H	2513	250	95.6	+	0	0	229MI20MD	8106	8105
L	2195	250	*	*	*	*	*	99452	*
H	2195	250	93.2	+	0	0	86MI53MI109M2D	7973	99452
L	2153	250	*	*	*	*	*	106310	*
H	2153	250	98.8	+	0	0	250M	7347	106310
L	32	250	*	*	*	*	*	1082059	*
H	32	250	95.2	+	0	0	250M	6357	1082059
L	272	250	*	*	*	*	*	749696	*
H	272	250	98.0	+	0	0	250M	6303	749696
L	1321	250	*	*	*	*	*	264269	*
H	1321	250	95.6	+	0	0	83MI35M2I129M3D	5583	264269
L	2585	250	*	*	*	*	*	3307	*
H	2585	250	92.8	+	0	0	175MI74MD	3308	3307
L	2686	250	*	*	*	*	*	813080	*
H	2686	250	81.2	+	0	0	38MI211MD	2599	813080
L	162	250	*	*	*	*	*	903886	*
H	162	250	93.2	+	0	0	250M	2380	903886
L	3861	250	*	*	*	*	*	4302223	*
H	3861	250	96.8	+	0	0	250M	1125402	4302223
L	608	250	*	*	*	*	*	533511	*
H	608	250	98.0	+	0	0	250M	1553204	533511
L	3006	250	*	*	*	*	*	648540	*
H	3006	250	98.8	+	0	0	250M	1136676	648540
L	2514	250	*	*	*	*	*	8104	*
H	2514	250	96.8	+	0	0	250M	1128670	8104
L	3640	250	*	*	*	*	*	1137136	*
H	3640	250	98.8	+	0	0	250M	1137869	1137136
L	744	250	*	*	*	*	*	465367	*
H	744	250	98.4	+	0	0	250M	1139097	465367
L	2670	250	*	*	*	*	*	1137409	*
H	2670	250	96.0	+	0	0	250M	1129305	1137409
L	2744	250	*	*	*	*	*	1129461	*
H	2744	250	94.4	+	0	0	250M	1676137	1129461
L	3344	250	*	*	*	*	*	1131768	*
H	3344	250	98.0	+	0	0	250M	1123543	1131768
L	1286	250	*	*	*	*	*	269890	*
H	1286	250	90.0	+	0	0	250M	1720567	269890
L	4495	250	*	*	*	*	*	4435279	*
H	4495	250	99.6	+	0	0	250M	1143460	4435279
L	2896	250	*	*	*	*	*	1143228	*
H	2896	250	94.4	+	0	0	250M	638076	1143228
L	562	250	*	*	*	*	*	544868	*
H	562	250	98.8	+	0	0	250M	648692	544868
L	537	250	*	*	*	*	*	552143	*
H	537	250	98.0	+	0	0	42MD129MI78M	1136950	552143
L	2355	250	*	*	*	*	*	29533	*
H	2355	250	96.8	+	0	0	250M	24490	29533
L	742	250	*	*	*	*	*	471412	*
H	742	250	99.6	+	0	0	250M	1137471	471412
H	502	250	96.4	+	0	0	250M	1122363	558567
L	2460	250	*	*	*	*	*	12133	*
H	2460	250	98.8	+	0	0	250M	805980	12133
L	249	250	*	*	*	*	*	804867	*
H	249	250	98.0	+	0	0	250M	1801172	804867
L	767	250	*	*	*	*	*	423025	*
H	767	250	100.0	+	0	0	250M	1124808	423025
L	4656	250	*	*	*	*	*	4467983	*
H	4656	250	95.6	+	0	0	250M	1842075	4467983
L	774	250	*	*	*	*	*	410549	*
H	774	250	100.0	+	0	0	250M	1138883	410549
H	3358	250	96.0	+	0	0	250M	1021172	3200278
H	767	250	94.4	+	0	0	250M	1126421	423025
L	763	250	*	*	*	*	*	430191	*
H	763	250	92.8	+	0	0	86MI108MI14MI39M3D	1922365	430191
L	4421	250	*	*	*	*	*	4419624	*
H	4421	250	98.4	+	0	0	250M	698294	4419624
L	2362	250	*	*	*	*	*	27188	*
H	2362	250	97.2	+	0	0	250M	2000709	27188
L	3812	250	*	*	*	*	*	4256926	*
H	3812	250	85.2	+	0	0	79MD29MI122MI18MD	2000753	4256926
L	4661	250	*	*	*	*	*	4469481	*
H	4661	250	95.6	+	0	0	250M	1142215	4469481
L	2314	250	*	*	*	*	*	53467	*
H	2314	250	98.4	+	0	0	250M	1117497	53467
H	2819	250	98.0	+	0	0	94MI155MD	886264	952003
L	4725	250	*	*	*	*	*	4480970	*
H	4725	250	95.6	+	0	0	171MI78MD	2085032	4480970
L	4621	250	*	*	*	*	*	4462654	*
H	4621	250	92.8	+	0	0	250M	838196	4462654
H	4233	250	99.6	+	0	0	250M	1119783	4379731
H	3879	250	98.8	+	0	0	250M	2106896	4305519
L	3558	250	*	*	*	*	*	705241	*
H	3558	250	96.0	+	0	0	250M	611110	705241
L	714	250	*	*	*	*	*	513513	*
H	714	250	92.8	+	0	0	250M	721930	513513
L	3279	250	*	*	*	*	*	1072784	*
H	3279	250	97.2	+	0	0	250M	654051	1072784
L	2574	250	*	*	*	*	*	4115	*
H	2574	250	84.8	+	0	0	250M	2142514	4115
L	788	250	*	*	*	*	*	391286	*
H	788	250	96.4	+	0	0	250M	1135553	391286
L	3611	250	*	*	*	*	*	1142026	*
H	3611	250	92.4	+	0	0	250M	811996	1142026
L	2389	250	*	*	*	*	*	16144	*
H	2389	250	93.6	+	0	0	250M	2234838	16144
L	1513	250	*	*	*	*	*	217386	*
H	1513	250	100.0	+	0	0	250M	1141633	217386
L	2014	250	*	*	*	*	*	146037	*
H	2014	250	92.0	+	0	0	250M	2265859	146037
L	4472	250	*	*	*	*	*	4430475	*
H	4472	250	99.6	+	0	0	250M	1108701	4430475
L	2169	250	*	*	*	*	*	104045	*
H	2169	250	98.4	+	0	0	250M	1138255	104045
H	3692	250	98.8	+	0	0	250M	2421587	784643
L	4745	250	*	*	*	*	*	4484389	*
H	4745	250	99.2	+	0	0	250M	851932	4484389
L	2022	250	*	*	*	*	*	143784	*
H	2022	250	97.2	+	0	0	250M	1131423	143784
L	1265	250	*	*	*	*	*	272031	*
H	1265	250	94.8	+	0	0	250M	1144898	272031
H	3558	250	95.2	+	0	0	250M	2635230	705241
L	1312	250	*	*	*	*	*	266579	*
H	1312	250	97.6	+	0	0	250M	1110313	266579
L	2814	250	*	*	*	*	*	1122588	*
H	2814	250	97.6	+	0	0	250M	711733	1122588
L	4384	250	*	*	*	*	*	4411366	*
H	4384	250	95.2	+	0	0	D249MI	1122362	4411366
L	2193	250	*	*	*	*	*	99951	*
H	2193	250	98.4	+	0	0	250M	1130616	99951
L	3277	250	*	*	*	*	*	811179	*
H	3277	250	98.8	+	0	0	250M	1128359	811179
L	1104	250	*	*	*	*	*	305278	*
H	1104	250	98.0	+	0	0	250M	826144	305278
L	1249	250	*	*	*	*	*	274900	*
H	1249	250	99.6	+	0	0	250M	1136256	274900
L	4105	250	*	*	*	*	*	4354266	*
H	4105	250	93.6	+	0	0	178MD71MI	2903258	4354266
L	4132	250	*	*	*	*	*	4360273	*
H	4132	250	99.6	+	0	0	250M	1140240	4360273
L	2699	250	*	*	*	*	*	1133935	*
H	2699	250	93.2	+	0	0	250M	1128226	1133935
L	4251	250	*	*	*	*	*	4383165	*
H	4251	250	94.8	+	0	0	250M	1126182	4383165
L	1873	250	*	*	*	*	*	174755	*
H	1873	250	94.0	+	0	0	133MI116MD	2990918	174755
L	3239	250	*	*	*	*	*	761476	*
H	3239	250	84.8	+	0	0	51MD198MI	3002161	761476
L	466	250	*	*	*	*	*	565130	*
H	466	250	99.2	+	0	0	250M	1132232	565130
H	4384	250	98.8	+	0	0	D249MI	1134316	4411366
L	4312	250	*	*	*	*	*	4394966	*
H	4312	250	95.2	+	0	0	250M	1136795	4394966
L	3330	250	*	*	*	*	*	933356	*
H	3330	250	98.8	+	0	0	250M	1129841	933356
L	2724	250	*	*	*	*	*	1134626	*
H	2724	250	97.6	+	0	0	250M	1139148	1134626
L	4280	250	*	*	*	*	*	4388952	*
H	4280	250	96.8	+	0	0	250M	1139304	4388952
H	3861	250	96.8	+	0	0	250M	758642	4302223
H	502	250	96.8	+	0	0	250M	1127853	558567
H	2639	250	97.6	+	0	0	250M	664205	1145943
H	3879	250	98.4	+	0	0	250M	1135372	4305519
H	3303	250	96.8	+	0	0	250M	790312	3055791
L	2816	250	*	*	*	*	*	1125228	*
H	2816	250	96.4	+	0	0	250M	3509164	1125228
H	2278	250	98.8	+	0	0	250M	1115975	70057
H	2829	250	96.0	+	0	0	250M	3549545	1126194
L	4647	250	*	*	*	*	*	4466884	*
H	4647	250	84.8	+	0	0	89MD160MI	1061071	4466884
L	2176	250	*	*	*	*	*	102222	*
H	2176	250	98.8	+	0	0	250M	1136710	102222
L	2353	250	*	*	*	*	*	31319	*
H	2353	250	88.4	+	0	0	117MD13M2D30MD33MD52M5I	659124	31319
L	2481	250	*	*	*	*	*	10660	*
H	2481	250	97.2	+	0	0	250M	1122480	10660
L	3147	250	*	*	*	*	*	1115889	*
H	3147	250	98.0	+	0	0	215MD34MI	1134462	1115889
L	1664	250	*	*	*	*	*	190032	*
H	1664	250	97.6	+	0	0	250M	3772088	190032
L	4459	250	*	*	*	*	*	4427434	*
H	4459	250	96.4	+	0	0	250M	3792581	4427434
L	2289	250	*	*	*	*	*	67228	*
H	2289	250	99.2	+	0	0	250M	1124784	67228
H	562	250	98.8	+	0	0	250M	1129883	544868
L	4153	250	*	*	*	*	*	4365006	*
H	4153	250	98.8	+	0	0	250M	1137224	4365006
H	2973	250	98.8	+	0	0	250M	612512	2291414
L	2375	250	*	*	*	*	*	23566	*
H	2375	250	95.6	+	0	0	250M	821812	23566
H	2353	250	97.6	+	0	0	250M	1136972	31319
L	3373	250	*	*	*	*	*	3225199	*
H	3373	250	93.6	+	0	0	80M9D161M9I	4033821	3225199
H	3709	250	99.2	+	0	0	250M	4041571	4041568
L	4713	250	*	*	*	*	*	4478591	*
H	4713	250	93.2	+	0	0	123MD126MI	4042859	4478591
L	4201	250	*	*	*	*	*	4373910	*
H	4201	250	98.0	+	0	0	250M	1106060	4373910
L	4530	250	*	*	*	*	*	4443004	*
H	4530	250	96.8	+	0	0	250M	1139732	4443004
L	4366	250	*	*	*	*	*	4407974	*
H	4366	250	92.0	+	0	0	250M	836917	4407974
L	3721	250	*	*	*	*	*	660708	*
H	3721	250	97.2	+	0	0	250M	1146685	660708
H	453	250	95.2	+	0	0	250M	4143457	567972
H	2014	250	98.4	+	0	0	243MD6MI	4153526	146037
H	3640	250	99.2	+	0	0	250M	4154525	1137136
L	2702	250	*	*	*	*	*	1730876	*
H	2702	250	91.6	+	0	0	250M	1134116	1730876
H	4472	250	98.8	+	0	0	250M	836450	4430475
L	3342	250	*	*	*	*	*	3172850	*
H	3342	250	93.2	+	0	0	231MI18MD	4238525	3172850
L	3727	250	*	*	*	*	*	1143479	*
H	3727	250	97.2	+	0	0	250M	1145893	1143479
L	2487	250	*	*	*	*	*	9961	*
H	2487	250	92.8	+	0	0	250M	4270977	9961
L	3537	250	*	*	*	*	*	1143368	*
H	3537	250	95.6	+	0	0	129MD120MI	4282872	1143368
L	4311	250	*	*	*	*	*	4394897	*
H	4311	250	97.2	+	0	0	250M	4305580	4394897
L	1782	250	*	*	*	*	*	181589	*
H	1782	250	99.2	+	0	0	250M	4306201	181589
L	474	250	*	*	*	*	*	563536	*
H	474	250	95.2	+	0	0	8MD13M2D75MD150M4I	4306202	563536
L	4593	250	*	*	*	*	*	4457669	*
H	4593	250	94.8	+	0	0	250M	4306829	4457669
L	2658	250	*	*	*	*	*	623190	*
H	2658	250	98.4	+	0	0	250M	4307258	623190
H	453	250	96.4	+	0	0	250M	4307897	567972
L	210	250	*	*	*	*	*	835771	*
H	210	250	98.4	+	0	0	250M	4327628	835771
L	3960	250	*	*	*	*	*	4323871	*
H	3960	250	98.8	+	0	0	250M	4328432	4323871
H	440	250	98.0	+	0	0	124MD125MI	4331684	570232
H	117	250	98.4	+	0	0	250M	4331976	961922
L	2264	250	*	*	*	*	*	72643	*
H	2264	250	98.8	+	0	0	10MD13MD15MD209M3I	4339214	72643
L	4170	250	*	*	*	*	*	4367260	*
H	4170	250	92.4	+	0	0	250M	4339256	4367260
H	3727	250	97.6	+	0	0	250M	4339627	1143479
L	1912	250	*	*	*	*	*	168194	*
H	1912	250	98.4	+	0	0	250M	4342039	168194
L	3150	250	*	*	*	*	*	2675752	*
H	3150	250	94.8	+	0	0	62MI187MD	4344241	2675752
L	3408	250	*	*	*	*	*	1122610	*
H	3408	250	95.6	+	0	0	250M	4355275	1122610
L	2449	250	*	*	*	*	*	12562	*
H	2449	250	94.0	+	0	0	250M	4355718	12562
L	3081	250	*	*	*	*	*	816529	*
H	3081	250	98.8	+	0	0	250M	725990	816529
L	2137	250	*	*	*	*	*	107976	*
H	2137	250	96.4	+	0	0	250M	4362383	107976
L	1890	250	*	*	*	*	*	173486	*
H	1890	250	98.0	+	0	0	250M	4362470	173486
L	2411	250	*	*	*	*	*	14615	*
H	2411	250	97.6	+	0	0	123MI126MD	4363413	14615
L	1519	250	*	*	*	*	*	212584	*
H	1519	250	100.0	+	0	0	250M	4364892	212584
H	2702	250	91.2	+	0	0	250M	4365806	1730876
L	1472	250	*	*	*	*	*	235720	*
H	1472	250	96.8	+	0	0	250M	4367385	235720
L	2428	250	*	*	*	*	*	14131	*
H	2428	250	95.2	+	0	0	42MD30MD176M2I	4368040	14131
L	1016	250	*	*	*	*	*	327895	*
H	1016	250	98.0	+	0	0	250M	4369819	327895
L	1509	250	*	*	*	*	*	218254	*
H	1509	250	99.2	+	0	0	128MD76MD44M2I	4385067	218254
L	3233	250	*	*	*	*	*	2874742	*
H	3233	250	98.4	+	0	0	14MD15MD28MD107MD82M4I	4386115	2874742
L	3708	250	*	*	*	*	*	4028751	*
H	3708	250	94.8	+	0	0	250M	4388908	4028751
L	1609	250	*	*	*	*	*	194780	*
H	1609	250	91.2	+	0	0	250M	4390966	194780
L	3817	250	*	*	*	*	*	4270835	*
H	3817	250	99.6	+	0	0	250M	4393352	4270835
L	4020	250	*	*	*	*	*	4337455	*
H	4020	250	98.4	+	0	0	250M	4394104	4337455
H	1104	250	95.6	+	0	0	250M	4397087	305278
H	1528	250	100.0	+	0	0	250M	4403542	210269
L	2104	250	*	*	*	*	*	114821	*
H	2104	250	98.4	+	0	0	250M	4403854	114821
H	237	250	94.8	+	0	0	250M	4404095	817013
L	4339	250	*	*	*	*	*	4401868	*
H	4339	250	96.4	+	0	0	113M2I31MD104MD	4410244	4401868
L	4689	250	*	*	*	*	*	4473763	*
H	4689	250	93.2	+	0	0	250M	4414420	4473763
H	1472	250	96.4	+	0	0	250M	4414785	235720
L	2413	250	*	*	*	*	*	14592	*
H	2413	250	96.4	+	0	0	250M	4415616	14592
L	3490	250	*	*	*	*	*	1127789	*
H	3490	250	97.6	+	0	0	250M	4416658	1127789
L	2414	250	*	*	*	*	*	14583	*
H	2414	250	97.6	+	0	0	250M	4416988	14583
L	564	250	*	*	*	*	*	544824	*
H	564	250	100.0	+	0	0	250M	4418165	544824
H	1731	250	97.6	+	0	0	250M	4419566	185297
L	4646	250	*	*	*	*	*	4466720	*
H	4646	250	94.4	+	0	0	222MI27MD	4423885	4466720
L	898	250	*	*	*	*	*	352468	*
H	898	250	97.2	+	0	0	250M	4423978	352468
L	3455	250	*	*	*	*	*	681370	*
H	3455	250	98.0	+	0	0	111MI138MD	4426298	681370
L	3931	250	*	*	*	*	*	4318406	*
H	3931	250	96.4	+	0	0	250M	4431461	4318406
L	3959	250	*	*	*	*	*	4323865	*
H	3959	250	96.8	+	0	0	250M	4431592	4323865
L	2276	250	*	*	*	*	*	70091	*
H	2276	250	94.0	+	0	0	27MD53MD168M2I	4431828	70091
L	489	250	*	*	*	*	*	560064	*
H	489	250	100.0	+	0	0	250M	4431959	560064
H	3879	250	98.4	+	0	0	250M	4433053	4305519
L	3632	250	*	*	*	*	*	1144051	*
H	3632	250	94.8	+	0	0	250M	4433760	1144051
L	2515	250	*	*	*	*	*	8091	*
H	2515	250	97.6	+	0	0	250M	4434051	8091
L	4497	250	*	*	*	*	*	4435425	*
H	4497	250	98.0	+	0	0	250M	4435422	4435425
H	2997	250	96.4	+	0	0	250M	4442407	1114718
L	2374	250	*	*	*	*	*	24210	*
H	2374	250	85.2	+	0	0	250M	4447514	24210
L	310	250	*	*	*	*	*	687940	*
H	310	250	80.8	+	0	0	157M3D12M2D34M13I34M8D	4454839	687940
L	2290	250	*	*	*	*	*	66026	*
H	2290	250	100.0	+	0	0	250M	4455242	66026
L	4019	250	*	*	*	*	*	4337248	*
H	4019	250	95.6	+	0	0	250M	4455298	4337248
L	2603	250	*	*	*	*	*	1174	*
H	2603	250	97.2	+	0	0	250M	4456166	1174
L	4158	250	*	*	*	*	*	4365357	*
H	4158	250	95.6	+	0	0	231MI18MD	4456787	4365357
L	3076	250	*	*	*	*	*	646051	*
H	3076	250	98.0	+	0	0	250M	4458861	646051
H	1342	250	98.8	+	0	0	25M2I9MI213M3D	4467430	262377
L	805	250	*	*	*	*	*	372473	*
H	805	250	97.6	+	0	0	250M	4468024	372473
L	3604	250	*	*	*	*	*	727220	*
H	3604	250	100.0	+	0	0	250M	4469214	727220
L	2900	250	*	*	*	*	*	1134197	*
H	2900	250	97.2	+	0	0	30MI127MI91M2D	4473250	1134197
H	453	250	96.4	+	0	0	250M	4473883	567972
L	3250	250	*	*	*	*	*	2922812	*
H	3250	250	98.0	+	0	0	250M	4474582	2922812
H	4143	250	99.2	+	0	0	250M	4475144	4361518
L	3254	250	*	*	*	*	*	2938850	*
H	3254	250	94.0	+	0	0	250M	4477989	2938850
L	4064	250	*	*	*	*	*	4347834	*
H	4064	250	99.6	+	0	0	250M	4482362	4347834
L	4853	250	*	*	*	*	*	4176865	*
H	4853	250	92.0	+	0	0	250M	1107197	4176865
L	4840	250	*	*	*	*	*	737195	*
H	4840	250	94.0	+	0	0	250M	714724	737195
L	4765	250	*	*	*	*	*	551722	*
H	4765	250	95.2	+	0	0	250M	679966	551722
L	4874	250	*	*	*	*	*	4437047	*
H	4874	250	90.8	+	0	0	250M	629776	4437047
L	4830	250	*	*	*	*	*	1135040	*
H	4830	250	85.6	+	0	0	250M	557548	1135040
L	4826	250	*	*	*	*	*	1132808	*
H	4826	250	99.6	+	0	0	250M	241978	1132808
L	4844	250	*	*	*	*	*	1136152	*
H	4844	250	96.4	+	0	0	250M	142373	1136152
N	*	250	*	*	*	*	*	33887	*
H	4830	250	96.8	+	0	0	250M	790	1135040
L	4822	250	*	*	*	*	*	1128360	*
H	4822	250	95.2	+	0	0	250M	329	1128360
L	4797	250	*	*	*	*	*	101553	*
H	4797	250	96.0	+	0	0	250M	177	101553
L	4801	250	*	*	*	*	*	47968	*
H	4801	250	94.8	+	0	0	250M	692586	47968
L	4803	250	*	*	*	*	*	47411	*
H	4803	250	92.8	+	0	0	250M	813104	47411
H	4801	250	91.6	+	0	0	250M	812297	47968
H	4874	250	95.6	+	0	0	250M	3862609	4437047
L	4845	250	*	*	*	*	*	643724	*
H	4845	250	96.4	+	0	0	250M	544733	643724
L	4756	250	*	*	*	*	*	686537	*
H	4756	250	94.0	+	0	0	250M	4308349	686537
L	4769	250	*	*	*	*	*	542454	*
H	4769	250	94.4	+	0	0	250M	4315401	542454
L	4751	250	*	*	*	*	*	798060	*
H	4751	250	99.6	+	0	0	250M	4338133	798060
H	4830	250	97.6	+	0	0	250M	4344999	1135040
L	4860	250	*	*	*	*	*	4338137	*
H	4860	250	90.4	+	0	0	250M	4404369	4338137
L	4746	250	*	*	*	*	*	1106734	*
H	4746	250	94.4	+	0	0	250M	4463497	1106734
L	4847	250	*	*	*	*	*	1114397	*
H	4847	250	90.4	+	0	0	250M	4463937	1114397
H	4765	250	92.4	+	0	0	250M	4474546	551722
D	32	2	*	*	*	*	95.2	1082059	*
D	56	2	*	*	*	*	98.8	1049387	*
D	117	3	*	*	*	*	99.0	961922	*
D	162	2	*	*	*	*	93.2	903886	*
D	194	2	*	*	*	*	86.0	864786	*
D	210	2	*	*	*	*	98.4	835771	*
D	237	3	*	*	*	*	95.4	817013	*
D	249	2	*	*	*	*	98.0	804867	*
D	272	2	*	*	*	*	98.0	749696	*
D	291	2	*	*	*	*	97.6	719343	*
D	294	2	*	*	*	*	94.0	712047	*
D	310	2	*	*	*	*	80.8	687940	*
D	315	2	*	*	*	*	98.4	667570	*
D	341	2	*	*	*	*	96.0	606927	*
D	419	2	*	*	*	*	95.6	575299	*
D	437	2	*	*	*	*	97.6	570500	*
D	440	3	*	*	*	*	98.0	570232	*
D	453	5	*	*	*	*	95.6	567972	*
D	455	2	*	*	*	*	99.6	567725	*
D	466	2	*	*	*	*	99.2	565130	*
D	474	2	*	*	*	*	95.2	563536	*
D	489	2	*	*	*	*	100.0	560064	*
D	502	4	*	*	*	*	95.5	558567	*
D	504	2	*	*	*	*	95.2	557875	*
D	518	2	*	*	*	*	91.6	555445	*
D	522	2	*	*	*	*	95.6	554499	*
D	526	2	*	*	*	*	91.6	554299	*
D	537	2	*	*	*	*	98.0	552143	*
D	542	2	*	*	*	*	98.0	550712	*
D	545	2	*	*	*	*	96.8	550415	*
D	556	2	*	*	*	*	99.6	547806	*
D	562	3	*	*	*	*	98.8	544868	*
D	564	2	*	*	*	*	100.0	544824	*
D	576	2	*	*	*	*	93.6	540623	*
D	594	2	*	*	*	*	97.2	535932	*
D	606	2	*	*	*	*	89.2	533624	*
D	608	2	*	*	*	*	98.0	533511	*
D	714	2	*	*	*	*	92.8	513513	*
D	726	2	*	*	*	*	99.2	510204	*
D	742	2	*	*	*	*	99.6	471412	*
D	743	2	*	*	*	*	92.8	469663	*
D	744	2	*	*	*	*	98.4	465367	*
D	763	2	*	*	*	*	92.8	430191	*
D	767	3	*	*	*	*	97.2	423025	*
D	774	2	*	*	*	*	100.0	410549	*
D	788	2	*	*	*	*	96.4	391286	*
D	805	2	*	*	*	*	97.6	372473	*
D	809	2	*	*	*	*	97.6	370225	*
D	898	2	*	*	*	*	97.2	352468	*
D	929	2	*	*	*	*	93.6	347063	*
D	947	2	*	*	*	*	99.6	343239	*
D	996	2	*	*	*	*	100.0	332720	*
D	1000	2	*	*	*	*	97.6	331282	*
D	1015	2	*	*	*	*	98.8	328035	*
D	1016	2	*	*	*	*	98.0	327895	*
D	1020	2	*	*	*	*	97.6	326054	*
D	1053	2	*	*	*	*	95.6	315982	*
D	1085	2	*	*	*	*	99.6	308598	*
D	1104	3	*	*	*	*	96.8	305278	*
D	1175	2	*	*	*	*	88.0	292921	*
D	1223	2	*	*	*	*	96.8	284241	*
D	1249	2	*	*	*	*	99.6	274900	*
D	1265	2	*	*	*	*	94.8	272031	*
D	1280	2	*	*	*	*	98.4	270229	*
D	1284	2	*	*	*	*	96.8	269962	*
D	1286	2	*	*	*	*	90.0	269890	*
D	1312	2	*	*	*	*	97.6	266579	*
D	1321	2	*	*	*	*	95.6	264269	*
D	1331	2	*	*	*	*	89.6	263193	*
D	1342	3	*	*	*	*	99.0	262377	*
D	1422	2	*	*	*	*	86.8	247070	*
D	1437	2	*	*	*	*	98.8	242098	*
D	1468	2	*	*	*	*	99.2	236778	*
D	1472	3	*	*	*	*	96.6	235720	*
D	1509	2	*	*	*	*	99.2	218254	*
D	1513	2	*	*	*	*	100.0	217386	*
D	1519	2	*	*	*	*	100.0	212584	*
D	1528	3	*	*	*	*	100.0	210269	*
D	1542	2	*	*	*	*	94.8	203166	*
D	1609	2	*	*	*	*	91.2	194780	*
D	1634	2	*	*	*	*	94.4	192795	*
D	1664	2	*	*	*	*	97.6	190032	*
D	1714	2	*	*	*	*	92.8	186275	*
D	1731	3	*	*	*	*	96.0	185297	*
D	1782	2	*	*	*	*	99.2	181589	*
D	1823	2	*	*	*	*	95.6	178763	*
D	1867	2	*	*	*	*	99.2	175108	*
D	1873	2	*	*	*	*	94.0	174755	*
D	1890	2	*	*	*	*	98.0	173486	*
D	1912	2	*	*	*	*	98.4	168194	*
D	1928	2	*	*	*	*	92.8	164660	*
D	1975	2	*	*	*	*	96.4	156357	*
D	1988	2	*	*	*	*	96.8	152001	*
D	2002	2	*	*	*	*	94.4	149895	*
D	2014	3	*	*	*	*	95.2	146037	*
D	2022	2	*	*	*	*	97.2	143784	*
D	2024	2	*	*	*	*	89.2	143101	*
D	2034	2	*	*	*	*	84.0	141219	*
D	2054	2	*	*	*	*	94.8	138056	*
D	2104	2	*	*	*	*	98.4	114821	*
D	2137	2	*	*	*	*	96.4	107976	*
D	2138	3	*	*	*	*	91.8	107854	*
D	2147	2	*	*	*	*	88.4	106754	*
D	2153	2	*	*	*	*	98.8	106310	*
D	2159	2	*	*	*	*	89.2	105372	*
D	2169	2	*	*	*	*	98.4	104045	*
D	2176	2	*	*	*	*	98.8	102222	*
D	2183	2	*	*	*	*	96.4	101788	*
D	2187	3	*	*	*	*	99.2	100650	*
D	2193	2	*	*	*	*	98.4	99951	*
D	2195	2	*	*	*	*	93.2	99452	*
D	2235	3	*	*	*	*	93.8	84396	*
D	2249	2	*	*	*	*	96.8	79540	*
D	2264	2	*	*	*	*	98.8	72643	*
D	2276	2	*	*	*	*	94.0	70091	*
D	2278	3	*	*	*	*	98.4	70057	*
D	2289	2	*	*	*	*	99.2	67228	*
D	2290	2	*	*	*	*	100.0	66026	*
D	2313	2	*	*	*	*	95.6	53642	*
D	2314	2	*	*	*	*	98.4	53467	*
D	2316	2	*	*	*	*	98.4	51778	*
D	2324	2	*	*	*	*	96.4	49524	*
D	2327	2	*	*	*	*	92.8	48640	*
D	2350	2	*	*	*	*	90.8	34507	*
D	2353	3	*	*	*	*	93.0	31319	*
D	2355	2	*	*	*	*	96.8	29533	*
D	2362	2	*	*	*	*	97.2	27188	*
D	2365	2	*	*	*	*	96.8	26799	*
D	2374	2	*	*	*	*	85.2	24210	*
D	2375	2	*	*	*	*	95.6	23566	*
D	2389	2	*	*	*	*	93.6	16144	*
D	2395	2	*	*	*	*	98.4	16054	*
D	2400	2	*	*	*	*	96.4	15740	*
D	2411	2	*	*	*	*	97.6	14615	*
D	2413	2	*	*	*	*	96.4	14592	*
D	2414	2	*	*	*	*	97.6	14583	*
D	2417	2	*	*	*	*	98.4	14500	*
D	2422	2	*	*	*	*	96.4	14302	*
D	2428	2	*	*	*	*	95.2	14131	*
D	2448	2	*	*	*	*	98.0	12702	*
D	2449	2	*	*	*	*	94.0	12562	*
D	2460	2	*	*	*	*	98.8	12133	*
D	2481	2	*	*	*	*	97.2	10660	*
D	2482	2	*	*	*	*	92.0	10486	*
D	2486	2	*	*	*	*	99.6	10180	*
D	2487	2	*	*	*	*	92.8	9961	*
D	2496	2	*	*	*	*	95.2	9504	*
D	2500	2	*	*	*	*	97.6	9252	*
D	2513	3	*	*	*	*	96.2	8105	*
D	2514	2	*	*	*	*	96.8	8104	*
D	2515	2	*	*	*	*	97.6	8091	*
D	2516	2	*	*	*	*	93.2	8035	*
D	2520	2	*	*	*	*	94.4	8001	*
D	2540	2	*	*	*	*	100.0	7316	*
D	2544	2	*	*	*	*	92.8	6648	*
D	2559	2	*	*	*	*	95.6	5263	*
D	2566	2	*	*	*	*	94.8	4632	*
D	2574	2	*	*	*	*	84.8	4115	*
D	2585	2	*	*	*	*	92.8	3307	*
D	2603	2	*	*	*	*	97.2	1174	*
D	2639	3	*	*	*	*	97.4	1145943	*
D	2658	2	*	*	*	*	98.4	623190	*
D	2670	2	*	*	*	*	96.0	1137409	*
D	2675	2	*	*	*	*	92.0	1679577	*
D	2683	2	*	*	*	*	99.2	1115140	*
D	2686	2	*	*	*	*	81.2	813080	*
D	2699	2	*	*	*	*	93.2	1133935	*
D	2702	3	*	*	*	*	91.4	1730876	*
D	2724	2	*	*	*	*	97.6	1134626	*
D	2734	2	*	*	*	*	90.4	1801170	*
D	2744	2	*	*	*	*	94.4	1129461	*
D	2769	2	*	*	*	*	96.4	709363	*
D	2814	2	*	*	*	*	97.6	1122588	*
D	2816	2	*	*	*	*	96.4	1125228	*
D	2818	2	*	*	*	*	96.8	1954303	*
D	2819	3	*	*	*	*	97.8	952003	*
D	2829	3	*	*	*	*	95.0	1126194	*
D	2846	2	*	*	*	*	99.2	2027409	*
D	2861	2	*	*	*	*	92.4	2046080	*
D	2896	2	*	*	*	*	94.4	1143228	*
D	2899	2	*	*	*	*	96.0	2119418	*
D	2900	2	*	*	*	*	97.2	1134197	*
D	2928	3	*	*	*	*	97.4	1121753	*
D	2973	3	*	*	*	*	98.2	2291414	*
D	2992	2	*	*	*	*	96.4	1143602	*
D	2997	4	*	*	*	*	96.1	1114718	*
D	3006	2	*	*	*	*	98.8	648540	*
D	3029	2	*	*	*	*	98.0	1112913	*
D	3051	2	*	*	*	*	97.2	2461583	*
D	3076	2	*	*	*	*	98.0	646051	*
D	3081	2	*	*	*	*	98.8	816529	*
D	3147	2	*	*	*	*	98.0	1115889	*
D	3150	2	*	*	*	*	94.8	2675752	*
D	3160	2	*	*	*	*	94.4	1141541	*
D	3166	2	*	*	*	*	97.6	650615	*
D	3171	2	*	*	*	*	91.2	1121558	*
D	3177	2	*	*	*	*	92.4	2730944	*
D	3222	2	*	*	*	*	97.6	1122081	*
D	3233	2	*	*	*	*	98.4	2874742	*
D	3239	2	*	*	*	*	84.8	761476	*
D	3250	2	*	*	*	*	98.0	2922812	*
D	3254	2	*	*	*	*	94.0	2938850	*
D	3266	2	*	*	*	*	94.0	1131355	*
D	3277	2	*	*	*	*	98.8	811179	*
D	3279	2	*	*	*	*	97.2	1072784	*
D	3303	4	*	*	*	*	95.1	3055791	*
D	3330	2	*	*	*	*	98.8	933356	*
D	3337	2	*	*	*	*	98.0	1136763	*
D	3342	2	*	*	*	*	93.2	3172850	*
D	3344	2	*	*	*	*	98.0	1131768	*
D	3358	3	*	*	*	*	97.4	3200278	*
D	3373	2	*	*	*	*	93.6	3225199	*
D	3408	2	*	*	*	*	95.6	1122610	*
D	3419	2	*	*	*	*	98.0	1131597	*
D	3438	2	*	*	*	*	100.0	761592	*
D	3444	3	*	*	*	*	98.0	1135946	*
D	3455	2	*	*	*	*	98.0	681370	*
D	3465	2	*	*	*	*	98.4	1140356	*
D	3490	2	*	*	*	*	97.6	1127789	*
D	3492	2	*	*	*	*	90.4	3485581	*
D	3537	2	*	*	*	*	95.6	1143368	*
D	3546	2	*	*	*	*	99.2	821185	*
D	3558	3	*	*	*	*	95.6	705241	*
D	3604	2	*	*	*	*	100.0	727220	*
D	3611	2	*	*	*	*	92.4	1142026	*
D	3612	2	*	*	*	*	99.6	3761170	*
D	3632	2	*	*	*	*	94.8	1144051	*
D	3640	3	*	*	*	*	99.0	1137136	*
D	3681	2	*	*	*	*	97.6	1126009	*
D	3692	4	*	*	*	*	96.8	784643	*
D	3706	2	*	*	*	*	98.0	776873	*
D	3708	2	*	*	*	*	94.8	4028751	*
D	3709	3	*	*	*	*	99.2	4041568	*
D	3721	2	*	*	*	*	97.2	660708	*
D	3722	2	*	*	*	*	97.6	1109067	*
D	3727	3	*	*	*	*	97.4	1143479	*
D	3745	2	*	*	*	*	98.4	1105883	*
D	3752	3	*	*	*	*	96.4	1121107	*
D	3762	2	*	*	*	*	99.6	1123994	*
D	3770	2	*	*	*	*	89.6	4170478	*
D	3812	2	*	*	*	*	85.2	4256926	*
D	3817	2	*	*	*	*	99.6	4270835	*
D	3856	2	*	*	*	*	95.2	4300883	*
D	3861	3	*	*	*	*	96.8	4302223	*
D	3879	5	*	*	*	*	98.0	4305519	*
D	3928	2	*	*	*	*	99.2	4318122	*
D	3931	2	*	*	*	*	96.4	4318406	*
D	3959	2	*	*	*	*	96.8	4323865	*
D	3960	2	*	*	*	*	98.8	4323871	*
D	3964	2	*	*	*	*	97.6	4324649	*
D	4019	2	*	*	*	*	95.6	4337248	*
D	4020	2	*	*	*	*	98.4	4337455	*
D	4029	2	*	*	*	*	94.4	4339348	*
D	4036	2	*	*	*	*	94.8	4340653	*
D	4038	2	*	*	*	*	93.2	4341712	*
D	4064	2	*	*	*	*	99.6	4347834	*
D	4105	2	*	*	*	*	93.6	4354266	*
D	4132	2	*	*	*	*	99.6	4360273	*
D	4143	3	*	*	*	*	98.6	4361518	*
D	4153	2	*	*	*	*	98.8	4365006	*
D	4158	2	*	*	*	*	95.6	4365357	*
D	4170	2	*	*	*	*	92.4	4367260	*
D	4188	3	*	*	*	*	96.2	4371645	*
D	4201	2	*	*	*	*	98.0	4373910	*
D	4227	2	*	*	*	*	96.4	4378410	*
D	4233	3	*	*	*	*	96.8	4379731	*
D	4243	2	*	*	*	*	98.4	4381192	*
D	4251	2	*	*	*	*	94.8	4383165	*
D	4280	2	*	*	*	*	96.8	4388952	*
D	4283	2	*	*	*	*	96.0	4389142	*
D	4311	2	*	*	*	*	97.2	4394897	*
D	4312	2	*	*	*	*	95.2	4394966	*
D	4326	2	*	*	*	*	94.4	4396481	*
D	4339	2	*	*	*	*	96.4	4401868	*
D	4366	2	*	*	*	*	92.0	4407974	*
D	4384	3	*	*	*	*	97.0	4411366	*
D	4385	2	*	*	*	*	96.4	4411367	*
D	4388	2	*	*	*	*	91.6	4412629	*
D	4421	2	*	*	*	*	98.4	4419624	*
D	4425	2	*	*	*	*	89.2	4420122	*
D	4448	2	*	*	*	*	99.6	4426296	*
D	4459	2	*	*	*	*	96.4	4427434	*
D	4472	3	*	*	*	*	99.2	4430475	*
D	4481	2	*	*	*	*	96.8	4432439	*
D	4495	2	*	*	*	*	99.6	4435279	*
D	4497	2	*	*	*	*	98.0	4435425	*
D	4530	2	*	*	*	*	96.8	4443004	*
D	4589	2	*	*	*	*	98.4	4456892	*
D	4593	2	*	*	*	*	94.8	4457669	*
D	4599	2	*	*	*	*	94.0	4458713	*
D	4609	2	*	*	*	*	98.0	4460024	*
D	4621	2	*	*	*	*	92.8	4462654	*
D	4646	2	*	*	*	*	94.4	4466720	*
D	4647	2	*	*	*	*	84.8	4466884	*
D	4656	2	*	*	*	*	95.6	4467983	*
D	4661	2	*	*	*	*	95.6	4469481	*
D	4664	3	*	*	*	*	90.4	4469781	*
D	4689	2	*	*	*	*	93.2	4473763	*
D	4713	2	*	*	*	*	93.2	4478591	*
D	4715	2	*	*	*	*	96.8	4478861	*
D	4717	2	*	*	*	*	97.6	4479467	*
D	4725	2	*	*	*	*	95.6	4480970	*
D	4745	2	*	*	*	*	99.2	4484389	*
D	4746	2	*	*	*	*	94.4	1106734	*
D	4751	2	*	*	*	*	99.6	798060	*
D	4756	2	*	*	*	*	94.0	686537	*
D	4765	3	*	*	*	*	93.8	551722	*
D	4769	2	*	*	*	*	94.4	542454	*
D	4797	2	*	*	*	*	96.0	101553	*
D	4801	3	*	*	*	*	93.2	47968	*
D	4803	2	*	*	*	*	92.8	47411	*
D	4822	2	*	*	*	*	95.2	1128360	*
D	4826	2	*	*	*	*	99.6	1132808	*
D	4830	4	*	*	*	*	93.3	1135040	*
D	4840	2	*	*	*	*	94.0	737195	*
D	4844	2	*	*	*	*	96.4	1136152	*
D	4845	2	*	*	*	*	96.4	643724	*
D	4847	2	*	*	*	*	90.4	1114397	*
D	4853	2	*	*	*	*	92.0	4176865	*
D	4860	2	*	*	*	*	90.4	4338137	*
D	4874	3	*	*	*	*	93.2	4437047	*
