UclustConsensusTaxonAssigner parameters:
id_to_taxonomy_filepath:/home/ubuntu/data/unite-97-rep-set/97_otu_taxonomy.txt
id_to_taxonomy_fp:/home/ubuntu/data/unite-97-rep-set/97_otu_taxonomy.txt
max_accepts:3
min_consensus_fraction:0.76
reference_sequences_fp:/home/ubuntu/data/unite-97-rep-set/97_otus.fasta
similarity:0.9
unassignable_label:Unassigned
Result path: /tmp/assign-taxbyZee7

.uc file contents:

# uclust --input /home/ubuntu/data/short-read-tax-assignment/data/mock-community/F1/rep_set.fna --id 0.9 --rev --maxaccepts 3 --allhits --libonly --lib /home/ubuntu/data/unite-97-rep-set/97_otus.fasta --uc /home/ubuntu/temp/UclustConsensusTaxonAssigner_j4koEA.uc
# version=1.2.22
# Tab-separated fields:
# 1=Type, 2=ClusterNr, 3=SeqLength or ClusterSize, 4=PctId, 5=Strand, 6=QueryStart, 7=SeedStart, 8=Alignment, 9=QueryLabel, 10=TargetLabel
# Record types (field 1): L=LibSeed, S=NewSeed, H=Hit, R=Reject, D=LibCluster, C=NewCluster, N=NoHit
# For C and D types, PctId is average id with seed.
# QueryStart and SeedStart are zero-based relative to start of sequence.
# If minus strand, SeedStart is relative to reverse-complemented seed.
L	3195	472	*	*	*	*	*	EU714323	*
H	3195	101	100.0	+	0	0	8I101M363I	AB236002 Mock.2_4	EU714323
L	20446	1991	*	*	*	*	*	EF397557	*
H	20446	85	100.0	+	0	0	1744I85M162I	AM410602 Mock.1_7548	EF397557
L	3349	603	*	*	*	*	*	FN868469	*
H	3349	85	100.0	+	0	0	22I85M496I	AM410602 Mock.1_7548	FN868469
L	10671	506	*	*	*	*	*	GU062255	*
H	10671	85	100.0	+	0	0	23I85M398I	AM410602 Mock.1_7548	GU062255
L	4539	617	*	*	*	*	*	DQ132818	*
H	4539	92	95.7	+	0	0	61I92M464I	DQ681335 Mock.1_1328	DQ132818
L	8020	538	*	*	*	*	*	GU062288	*
H	8020	92	96.7	+	0	0	12I92M434I	DQ681335 Mock.1_1328	GU062288
L	19237	631	*	*	*	*	*	GQ120969	*
H	19237	92	97.8	+	0	0	24I92M515I	DQ681335 Mock.1_1328	GQ120969
L	26107	396	*	*	*	*	*	GQ376093	*
H	26107	101	95.0	+	0	0	8I101M287I	DQ683114 Mock.1_531	GQ376093
L	165	586	*	*	*	*	*	DQ680681	*
H	165	101	91.1	+	0	0	227I101M258I	DQ683114 Mock.1_531	DQ680681
L	669	416	*	*	*	*	*	EF197948	*
H	669	101	97.0	+	0	0	3D98M318I	EF199746 Mock.1_0	EF197948
L	24610	424	*	*	*	*	*	GQ376083	*
H	24610	101	100.0	+	0	0	4I43MI58M318I	EF199746 Mock.1_0	GQ376083
L	14672	2196	*	*	*	*	*	AB245442	*
H	14672	101	98.0	+	0	0	1706I85MD15M390I	EF397557 Mock.2_15624	AB245442
H	20446	101	98.0	+	0	0	1744I85MD15M147I	EF397557 Mock.2_15624	EF397557
L	6721	555	*	*	*	*	*	HM216212	*
H	6721	101	97.0	+	0	0	7I84M2D15M449I	EF397557 Mock.2_15624	HM216212
L	25126	583	*	*	*	*	*	FJ904916	*
H	25126	101	99.0	+	0	0	22I85MD15M461I	EU490021 Mock.1_1838	FJ904916
H	20446	101	99.0	+	0	0	1744I85MD15M147I	EU490021 Mock.1_1838	EF397557
H	14672	101	99.0	+	0	0	1706I85MD15M390I	EU490021 Mock.1_1838	AB245442
H	4539	94	98.9	+	0	0	61I94M462I	EU551202 Mock.2_9983	DQ132818
L	21482	573	*	*	*	*	*	EU551202	*
H	21482	94	100.0	+	0	0	9I94M470I	EU551202 Mock.2_9983	EU551202
L	7271	631	*	*	*	*	*	GQ120993	*
H	7271	94	97.9	+	0	0	24I94M513I	EU551202 Mock.2_9983	GQ120993
L	3590	578	*	*	*	*	*	FJ196614	*
H	3590	83	100.0	+	0	0	9I65MI18M485I	FJ196614 Mock.2_39189	FJ196614
L	28128	584	*	*	*	*	*	JN681281	*
H	28128	83	97.6	+	0	0	25I83M476I	FJ196614 Mock.2_39189	JN681281
L	14432	528	*	*	*	*	*	GU062251	*
H	14432	83	98.8	+	0	0	23I83M422I	FJ196614 Mock.2_39189	GU062251
L	8751	1585	*	*	*	*	*	HM534896	*
H	8751	81	100.0	+	0	0	123I81M1381I	FJ466715 Mock.1_840	HM534896
L	4558	473	*	*	*	*	*	FJ210606	*
H	4558	81	100.0	+	0	0	17I81M375I	FJ466715 Mock.1_840	FJ210606
L	4557	468	*	*	*	*	*	FJ210632	*
H	4557	81	98.8	+	0	0	19I81M368I	FJ466715 Mock.1_840	FJ210632
L	26927	563	*	*	*	*	*	AY729073	*
H	26927	84	96.4	+	0	0	84M479I	FJ777353 Mock.2_15608	AY729073
L	14114	565	*	*	*	*	*	GU132456	*
H	14114	84	96.4	+	0	0	13I84M468I	FJ777353 Mock.2_15608	GU132456
H	20446	84	98.8	+	0	0	1744I84M163I	FJ777353 Mock.2_15608	EF397557
L	1914	488	*	*	*	*	*	AF455401	*
H	1914	101	90.1	+	0	0	10D91M397I	FM177661 Mock.1_1051	AF455401
L	261	517	*	*	*	*	*	DQ871598	*
H	261	101	94.1	+	0	0	3D98M419I	FM177661 Mock.1_1051	DQ871598
L	28129	2961	*	*	*	*	*	GQ458041	*
H	28129	77	98.7	+	0	0	1712I77M1172I	FM875842 Mock.1_15760	GQ458041
L	22480	624	*	*	*	*	*	FJ210528	*
H	22480	77	97.4	+	0	0	16I56MD20M532I	FM875842 Mock.1_15760	FJ210528
L	25215	460	*	*	*	*	*	FJ861384	*
H	25215	77	98.7	+	0	0	18I77M365I	FM875842 Mock.1_15760	FJ861384
H	4539	101	97.0	+	0	0	61I101M455I	FR799498 Mock.1_17762	DQ132818
H	21482	101	98.0	+	0	0	9I101M463I	FR799498 Mock.1_17762	EU551202
H	19237	101	98.0	+	0	0	24I88MI13M505I	FR799498 Mock.1_17762	GQ120969
L	25840	593	*	*	*	*	*	FJ878626	*
H	25840	101	100.0	+	0	0	8I101M484I	GQ229082 Mock.3_2031	FJ878626
L	1907	567	*	*	*	*	*	FJ556909	*
H	1907	101	99.0	+	0	0	18I101M448I	GQ229082 Mock.3_2031	FJ556909
L	8521	536	*	*	*	*	*	FJ537092	*
H	8521	101	95.0	+	0	0	2D15MI84M436I	GQ229082 Mock.3_2031	FJ537092
L	18019	743	*	*	*	*	*	GQ376079	*
H	18019	101	100.0	+	0	0	8I101M634I	GQ376077 Mock.2_8	GQ376079
L	22593	716	*	*	*	*	*	FN548146	*
H	22593	80	100.0	+	0	0	111I80M525I	GQ458026 Mock.1_12861	FN548146
H	19237	80	100.0	+	0	0	24I80M527I	GQ458026 Mock.1_12861	GQ120969
L	4078	629	*	*	*	*	*	FJ548826	*
H	4078	80	98.8	+	0	0	8I80M541I	GQ458026 Mock.1_12861	FJ548826
H	21482	101	99.0	+	0	0	9I101M463I	GQ999201 Mock.3_2	EU551202
H	4539	101	98.0	+	0	0	61I101M455I	GQ999201 Mock.3_2	DQ132818
H	22593	101	99.0	+	0	0	111I91MI10M503I	GQ999201 Mock.3_2	FN548146
L	2507	617	*	*	*	*	*	EU821474	*
H	2507	101	98.0	+	0	0	11I101M505I	GU054037 Mock.1_128	EU821474
N	*	101	*	*	*	*	*	GU370744 Mock.1_97	*
L	7273	575	*	*	*	*	*	GU565140	*
H	7273	101	97.0	+	0	0	9I101M465I	GU566244 Mock.2_2258	GU565140
L	7824	617	*	*	*	*	*	FJ878682	*
H	7824	101	97.0	+	0	0	8I101M508I	GU566244 Mock.2_2258	FJ878682
L	9286	626	*	*	*	*	*	JF439501	*
H	9286	101	98.0	+	0	0	22I87MI14M502I	GU566244 Mock.2_2258	JF439501
H	4539	97	97.9	+	0	0	61I97M459I	GU934594 Mock.2_4233	DQ132818
H	21482	97	99.0	+	0	0	9I97M467I	GU934594 Mock.2_4233	EU551202
H	22593	97	95.9	+	0	0	111I97M508I	GU934594 Mock.2_4233	FN548146
L	2663	412	*	*	*	*	*	DQ286062	*
H	2663	101	100.0	+	0	0	24I101M287I	HM037662 Mock.1_7	DQ286062
H	14672	101	96.0	+	0	0	1706I86MD14M390I	HM069364 Mock.3_83	AB245442
L	27106	558	*	*	*	*	*	HQ897787	*
H	27106	101	92.1	+	0	0	5D96M462I	HM069364 Mock.3_83	HQ897787
N	*	101	*	*	*	*	*	HQ115737 Mock.2_65	*
H	261	101	93.1	+	0	0	3D98M419I	HQ589260 Mock.2_9798	DQ871598
L	26872	567	*	*	*	*	*	GU212865	*
H	26872	89	100.0	+	0	0	10I89M468I	HQ827787 Mock.1_18213	GU212865
H	9286	89	98.9	+	0	0	22I89M515I	HQ827787 Mock.1_18213	JF439501
H	7271	89	100.0	+	0	0	24I89M518I	HQ827787 Mock.1_18213	GQ120993
H	22593	88	100.0	+	0	0	111I88M517I	JF439501 Mock.1_13559	FN548146
H	19237	88	100.0	+	0	0	24I88M519I	JF439501 Mock.1_13559	GQ120969
H	21482	88	100.0	+	0	0	9I88M476I	JF439501 Mock.1_13559	EU551202
L	4606	704	*	*	*	*	*	JF735273	*
H	4606	84	97.6	+	0	0	143I84M477I	JF449887 Mock.1_8251	JF735273
L	3212	548	*	*	*	*	*	FJ210605	*
H	3212	84	98.8	+	0	0	22I84M442I	JF449887 Mock.1_8251	FJ210605
H	25126	84	100.0	+	0	0	22I84M477I	JF449887 Mock.1_8251	FJ904916
H	261	101	94.1	+	0	0	3D98M419I	JF715197 Mock.3_44	DQ871598
H	28129	101	100.0	+	0	0	1712I101M1148I	JF720033 Mock.2_30	GQ458041
H	25215	101	100.0	+	0	0	18I101M341I	JF720033 Mock.2_30	FJ861384
L	163	621	*	*	*	*	*	DQ667978	*
H	163	101	92.1	+	0	0	4D97M524I	JF720033 Mock.2_30	DQ667978
H	165	101	95.0	+	0	0	227I101M258I	JF907594 Mock.1_40	DQ680681
H	26107	101	97.0	+	0	0	8I101M287I	JF907594 Mock.1_40	GQ376093
L	19864	605	*	*	*	*	*	DQ683112	*
H	19864	101	90.1	+	0	0	245I101M259I	JF907594 Mock.1_40	DQ683112
H	27106	101	95.0	+	0	0	5D96M462I	JN905480 Mock.2_11	HQ897787
H	14672	101	99.0	+	0	0	1706I86MD14M390I	JN905480 Mock.2_11	AB245442
H	25126	101	99.0	+	0	0	22I86MD14M461I	JN905480 Mock.2_11	FJ904916
H	28128	78	100.0	+	0	0	25I78M481I	JN905595 Mock.3_8139	JN681281
H	20446	78	100.0	+	0	0	1744I78M169I	JN905595 Mock.3_8139	EF397557
L	540	562	*	*	*	*	*	DQ885387	*
H	540	78	100.0	+	0	0	9I78M475I	JN905595 Mock.3_8139	DQ885387
H	26107	101	96.0	+	0	0	8I101M287I	New.ReferenceOTU1 Mock.1_44196	GQ376093
H	165	101	90.1	+	0	0	227I101M258I	New.ReferenceOTU1 Mock.1_44196	DQ680681
H	19864	101	91.1	+	0	0	245I101M259I	New.ReferenceOTU2 Mock.1_66982	DQ683112
H	26107	101	91.1	+	0	0	8I101M287I	New.ReferenceOTU2 Mock.1_66982	GQ376093
N	*	101	*	*	*	*	*	New.ReferenceOTU3 Mock.1_7791	*
H	19864	101	93.1	+	0	0	245I101M259I	New.ReferenceOTU4 Mock.3_2154	DQ683112
H	26107	101	94.1	+	0	0	8I101M287I	New.ReferenceOTU4 Mock.3_2154	GQ376093
H	165	101	90.1	+	0	0	227I101M258I	New.ReferenceOTU4 Mock.3_2154	DQ680681
H	19864	101	93.1	+	0	0	245I101M259I	New.ReferenceOTU5 Mock.2_15259	DQ683112
N	*	101	*	*	*	*	*	New.ReferenceOTU6 Mock.1_2681	*
H	26107	101	91.1	+	0	0	8I101M287I	New.ReferenceOTU7 Mock.2_65545	GQ376093
N	*	101	*	*	*	*	*	New.CleanUp.ReferenceOTU104 Mock.2_1714	*
H	19864	92	90.2	+	0	0	245I92M268I	New.CleanUp.ReferenceOTU105 Mock.1_4452	DQ683112
H	2663	101	96.0	+	0	0	24I101M287I	New.CleanUp.ReferenceOTU106 Mock.2_73953	DQ286062
H	14672	101	95.0	+	0	0	1706I86MD14M390I	New.CleanUp.ReferenceOTU107 Mock.2_6026	AB245442
H	27106	101	91.1	+	0	0	5D96M462I	New.CleanUp.ReferenceOTU107 Mock.2_6026	HQ897787
H	6721	101	94.1	+	0	0	7I84M2D15M449I	New.CleanUp.ReferenceOTU107 Mock.2_6026	HM216212
H	261	101	91.1	+	0	0	3D98M419I	New.CleanUp.ReferenceOTU109 Mock.3_64290	DQ871598
H	25215	101	96.0	+	0	0	18I101M341I	New.CleanUp.ReferenceOTU110 Mock.2_25781	FJ861384
H	28129	101	96.0	+	0	0	1712I101M1148I	New.CleanUp.ReferenceOTU110 Mock.2_25781	GQ458041
H	22480	101	91.1	+	0	0	16I55MD25MD19M509I	New.CleanUp.ReferenceOTU110 Mock.2_25781	FJ210528
H	26107	78	93.6	+	0	0	8I78M310I	New.CleanUp.ReferenceOTU111 Mock.2_53527	GQ376093
H	26107	101	94.1	+	0	0	8I101M287I	New.CleanUp.ReferenceOTU117 Mock.2_19449	GQ376093
H	165	101	90.1	+	0	0	227I101M258I	New.CleanUp.ReferenceOTU117 Mock.2_19449	DQ680681
H	669	101	93.1	+	0	0	3D98M318I	New.CleanUp.ReferenceOTU123 Mock.1_21242	EF197948
H	24610	101	96.0	+	0	0	4I44MI57M318I	New.CleanUp.ReferenceOTU123 Mock.1_21242	GQ376083
N	*	101	*	*	*	*	*	New.CleanUp.ReferenceOTU124 Mock.1_5337	*
H	26107	101	90.1	+	0	0	8I101M287I	New.CleanUp.ReferenceOTU136 Mock.1_54066	GQ376093
H	669	101	95.0	+	0	0	3D98M318I	New.CleanUp.ReferenceOTU138 Mock.1_46401	EF197948
H	24610	101	97.0	+	0	0	4I43MI58M318I	New.CleanUp.ReferenceOTU138 Mock.1_46401	GQ376083
H	26107	91	93.4	+	0	0	8I91M297I	New.CleanUp.ReferenceOTU142 Mock.2_31673	GQ376093
L	7516	387	*	*	*	*	*	AF015250	*
H	7516	91	90.1	+	0	0	11I77MI14M284I	New.CleanUp.ReferenceOTU142 Mock.2_31673	AF015250
H	165	89	92.1	+	0	0	227I89M270I	New.CleanUp.ReferenceOTU145 Mock.1_42547	DQ680681
H	26107	89	94.4	+	0	0	8I89M299I	New.CleanUp.ReferenceOTU145 Mock.1_42547	GQ376093
H	165	101	92.1	+	0	0	227I101M258I	New.CleanUp.ReferenceOTU15 Mock.2_13064	DQ680681
H	26107	101	94.1	+	0	0	8I101M287I	New.CleanUp.ReferenceOTU15 Mock.2_13064	GQ376093
H	7516	101	90.1	+	0	0	11I77MI12MD11M275I	New.CleanUp.ReferenceOTU15 Mock.2_13064	AF015250
N	*	101	*	*	*	*	*	New.CleanUp.ReferenceOTU150 Mock.1_20046	*
N	*	101	*	*	*	*	*	New.CleanUp.ReferenceOTU16 Mock.2_5394	*
N	*	101	*	*	*	*	*	New.CleanUp.ReferenceOTU162 Mock.2_13237	*
H	2663	101	96.0	+	0	0	24I101M287I	New.CleanUp.ReferenceOTU169 Mock.2_58493	DQ286062
N	*	101	*	*	*	*	*	New.CleanUp.ReferenceOTU170 Mock.2_72741	*
H	26107	101	92.1	+	0	0	8I101M287I	New.CleanUp.ReferenceOTU174 Mock.1_67324	GQ376093
H	261	97	91.8	+	0	0	3D94M423I	New.CleanUp.ReferenceOTU175 Mock.2_49488	DQ871598
N	*	101	*	*	*	*	*	New.CleanUp.ReferenceOTU176 Mock.2_44184	*
H	261	101	91.1	+	0	0	3D98M419I	New.CleanUp.ReferenceOTU179 Mock.3_15573	DQ871598
H	165	101	92.1	+	0	0	227I101M258I	New.CleanUp.ReferenceOTU180 Mock.1_39577	DQ680681
H	26107	101	94.1	+	0	0	8I101M287I	New.CleanUp.ReferenceOTU180 Mock.1_39577	GQ376093
H	19864	101	91.1	+	0	0	245I101M259I	New.CleanUp.ReferenceOTU180 Mock.1_39577	DQ683112
H	19864	101	91.1	+	0	0	245I101M259I	New.CleanUp.ReferenceOTU184 Mock.2_18978	DQ683112
N	*	101	*	*	*	*	*	New.CleanUp.ReferenceOTU185 Mock.3_9034	*
H	165	101	94.1	+	0	0	227I101M258I	New.CleanUp.ReferenceOTU191 Mock.3_86	DQ680681
H	26107	101	96.0	+	0	0	8I101M287I	New.CleanUp.ReferenceOTU191 Mock.3_86	GQ376093
H	7516	101	92.1	+	0	0	11I77MI12MD11M275I	New.CleanUp.ReferenceOTU191 Mock.3_86	AF015250
H	14672	91	94.5	+	0	0	1706I91M399I	New.CleanUp.ReferenceOTU2 Mock.3_52699	AB245442
H	25126	91	94.5	+	0	0	22I91M470I	New.CleanUp.ReferenceOTU2 Mock.3_52699	FJ904916
H	20446	91	94.5	+	0	0	1744I91M156I	New.CleanUp.ReferenceOTU2 Mock.3_52699	EF397557
H	19864	93	91.4	+	0	0	245I93M267I	New.CleanUp.ReferenceOTU25 Mock.2_38665	DQ683112
N	*	101	*	*	*	*	*	New.CleanUp.ReferenceOTU34 Mock.2_5485	*
H	2507	101	95.0	+	0	0	11I101M505I	New.CleanUp.ReferenceOTU40 Mock.1_52686	EU821474
L	19365	1091	*	*	*	*	*	DQ318208	*
H	19365	101	90.1	+	0	0	271I101M719I	New.CleanUp.ReferenceOTU40 Mock.1_52686	DQ318208
N	*	94	*	*	*	*	*	New.CleanUp.ReferenceOTU43 Mock.1_25228	*
N	*	101	*	*	*	*	*	New.CleanUp.ReferenceOTU44 Mock.1_6422	*
H	669	101	94.1	+	0	0	3D98M318I	New.CleanUp.ReferenceOTU48 Mock.3_9150	EF197948
H	24610	101	97.0	+	0	0	4I43MI58M318I	New.CleanUp.ReferenceOTU48 Mock.3_9150	GQ376083
N	*	101	*	*	*	*	*	New.CleanUp.ReferenceOTU5 Mock.2_8898	*
H	261	101	92.1	+	0	0	3D98M419I	New.CleanUp.ReferenceOTU51 Mock.1_65676	DQ871598
H	26107	101	91.1	+	0	0	8I101M287I	New.CleanUp.ReferenceOTU54 Mock.2_50493	GQ376093
H	2663	101	91.1	+	0	0	24I101M287I	New.CleanUp.ReferenceOTU54 Mock.2_50493	DQ286062
H	669	94	94.7	+	0	0	3D91M325I	New.CleanUp.ReferenceOTU58 Mock.2_7816	EF197948
H	24610	94	97.9	+	0	0	4I43MI51M325I	New.CleanUp.ReferenceOTU58 Mock.2_7816	GQ376083
H	26107	83	94.0	+	0	0	8I83M305I	New.CleanUp.ReferenceOTU6 Mock.1_46887	GQ376093
H	669	101	93.1	+	0	0	3D98M318I	New.CleanUp.ReferenceOTU60 Mock.3_43979	EF197948
H	24610	101	96.0	+	0	0	4I43MI58M318I	New.CleanUp.ReferenceOTU60 Mock.3_43979	GQ376083
N	*	95	*	*	*	*	*	New.CleanUp.ReferenceOTU61 Mock.1_44342	*
H	669	96	93.8	+	0	0	3D93M323I	New.CleanUp.ReferenceOTU62 Mock.1_1896	EF197948
H	24610	96	96.9	+	0	0	4I44MI52M323I	New.CleanUp.ReferenceOTU62 Mock.1_1896	GQ376083
N	*	101	*	*	*	*	*	New.CleanUp.ReferenceOTU71 Mock.1_1352	*
N	*	101	*	*	*	*	*	New.CleanUp.ReferenceOTU72 Mock.2_8064	*
H	2663	92	93.5	+	0	0	24I92M296I	New.CleanUp.ReferenceOTU78 Mock.1_53045	DQ286062
N	*	101	*	*	*	*	*	New.CleanUp.ReferenceOTU81 Mock.3_69820	*
N	*	101	*	*	*	*	*	New.CleanUp.ReferenceOTU82 Mock.1_50690	*
H	261	101	91.1	+	0	0	3D98M419I	New.CleanUp.ReferenceOTU83 Mock.1_18246	DQ871598
N	*	101	*	*	*	*	*	New.CleanUp.ReferenceOTU9 Mock.2_3312	*
N	*	93	*	*	*	*	*	New.CleanUp.ReferenceOTU90 Mock.3_36762	*
N	*	101	*	*	*	*	*	New.CleanUp.ReferenceOTU94 Mock.3_65355	*
N	*	101	*	*	*	*	*	New.CleanUp.ReferenceOTU95 Mock.2_15039	*
D	261	9	*	*	*	*	92.3	DQ871598	*
D	540	2	*	*	*	*	100.0	DQ885387	*
D	2507	3	*	*	*	*	96.5	EU821474	*
D	2663	6	*	*	*	*	95.3	DQ286062	*
D	3195	2	*	*	*	*	100.0	EU714323	*
D	3590	2	*	*	*	*	100.0	FJ196614	*
D	4558	2	*	*	*	*	100.0	FJ210606	*
D	7271	2	*	*	*	*	100.0	GQ120993	*
D	9286	2	*	*	*	*	98.0	JF439501	*
D	10671	2	*	*	*	*	100.0	GU062255	*
D	14672	4	*	*	*	*	96.7	AB245442	*
D	18019	2	*	*	*	*	100.0	GQ376079	*
D	19237	4	*	*	*	*	98.6	GQ120969	*
D	19864	5	*	*	*	*	91.4	DQ683112	*
D	20446	4	*	*	*	*	97.1	EF397557	*
D	21482	4	*	*	*	*	99.7	EU551202	*
D	22593	2	*	*	*	*	99.0	FN548146	*
D	24610	8	*	*	*	*	97.3	GQ376083	*
D	25126	3	*	*	*	*	99.5	FJ904916	*
D	25215	3	*	*	*	*	99.4	FJ861384	*
D	25840	2	*	*	*	*	100.0	FJ878626	*
D	26107	17	*	*	*	*	93.8	GQ376093	*
D	28129	2	*	*	*	*	96.0	GQ458041	*
