UclustConsensusTaxonAssigner parameters:
id_to_taxonomy_filepath:/Users/nbokulich/Desktop/projects/short-read-tax-assignment/data/novel-taxa-simulations/F1-REF-L5-iter2/ref_taxa.tsv
id_to_taxonomy_fp:/Users/nbokulich/Desktop/projects/short-read-tax-assignment/data/novel-taxa-simulations/F1-REF-L5-iter2/ref_taxa.tsv
max_accepts:1
min_consensus_fraction:0.76
reference_sequences_fp:/Users/nbokulich/Desktop/projects/short-read-tax-assignment/data/novel-taxa-simulations/F1-REF-L5-iter2/ref_seqs.fasta
similarity:0.8
unassignable_label:Unassigned
Result path: /var/folders/0t/l1dz88p50y91vx_22fx5w3780000gn/T/assign-taxmZrhXu

.uc file contents:

# uclust --input /Users/nbokulich/Desktop/projects/short-read-tax-assignment/data/novel-taxa-simulations/F1-REF-L5-iter2/query.fasta --id 0.8 --rev --maxaccepts 1 --allhits --libonly --lib /Users/nbokulich/Desktop/projects/short-read-tax-assignment/data/novel-taxa-simulations/F1-REF-L5-iter2/ref_seqs.fasta --uc /var/folders/0t/l1dz88p50y91vx_22fx5w3780000gn/T/UclustConsensusTaxonAssigner_NtOwtD.uc
# version=1.2.22
# Tab-separated fields:
# 1=Type, 2=ClusterNr, 3=SeqLength or ClusterSize, 4=PctId, 5=Strand, 6=QueryStart, 7=SeedStart, 8=Alignment, 9=QueryLabel, 10=TargetLabel
# Record types (field 1): L=LibSeed, S=NewSeed, H=Hit, R=Reject, D=LibCluster, C=NewCluster, N=NoHit
# For C and D types, PctId is average id with seed.
# QueryStart and SeedStart are zero-based relative to start of sequence.
# If minus strand, SeedStart is relative to reverse-complemented seed.
L	5584	177	*	*	*	*	*	DQ923529	*
H	5584	179	89.3	+	0	0	55MD35MD87M	DQ530224	DQ923529
N	*	144	*	*	*	*	*	DQ521585	*
L	6569	221	*	*	*	*	*	FJ914805	*
H	6569	222	86.0	+	0	0	109MD60M2I16M2D34M	AF116177	FJ914805
N	*	111	*	*	*	*	*	DQ322097	*
L	6130	250	*	*	*	*	*	DQ367894	*
H	6130	250	84.8	+	0	0	41MD27M5D32M2I52MD16M3I9MD25MI10MI30MI	AF205647	DQ367894
N	*	200	*	*	*	*	*	DQ517417	*
L	6426	250	*	*	*	*	*	FJ596854	*
H	6426	250	88.8	+	0	0	4D34MI21M2I31M4D48MD21MD52MI33M6I	EF685093	FJ596854
N	*	250	*	*	*	*	*	FJ167356	*
N	*	142	*	*	*	*	*	AJ972459	*
L	6156	250	*	*	*	*	*	EU744915	*
H	6156	250	86.8	+	0	0	9M2D54M4I115MI31M2I9M2I23M7D	AB221419	EU744915
L	4328	194	*	*	*	*	*	DQ904246	*
H	4328	193	97.9	+	0	0	30MI163M	DQ661031	DQ904246
N	*	231	*	*	*	*	*	AJ421007	*
L	3954	228	*	*	*	*	*	DQ409168	*
H	3954	235	88.2	+	0	0	121MI16M4D13M4D77M	EF192226	DQ409168
L	954	120	*	*	*	*	*	GQ465774	*
H	954	183	99.2	+	0	0	63D120M	FJ478136	GQ465774
L	6802	208	*	*	*	*	*	DQ681321	*
H	6802	206	96.1	+	0	0	4I35MD16MD51MD16MI85M	FJ884179	DQ681321
L	4380	146	*	*	*	*	*	FJ185303	*
H	4380	82	89.0	+	0	0	60I28M2I27M2I27M	DQ631933	FJ185303
L	4619	184	*	*	*	*	*	GU214636	*
H	4619	193	83.2	+	0	0	52MD44MD29MD23M5D18MD18M	DQ784689	GU214636
L	7273	207	*	*	*	*	*	HM583833	*
H	7273	206	93.2	+	0	0	9MI50MD18M2D18M5I53M2D53M	DQ836182	HM583833
L	6205	250	*	*	*	*	*	FJ596899	*
H	6205	250	84.0	+	0	0	4D75MI41M5I35M2D18MI19M2I23MI6M2I21M6D	AB036894	FJ596899
N	*	188	*	*	*	*	*	DQ826538	*
N	*	192	*	*	*	*	*	DQ836786	*
N	*	250	*	*	*	*	*	AB015696	*
N	*	217	*	*	*	*	*	EU427035	*
N	*	103	*	*	*	*	*	DQ849302	*
L	568	191	*	*	*	*	*	EU282475	*
H	568	186	93.5	+	0	0	72MI94M4I20M	DQ887774	EU282475
L	872	192	*	*	*	*	*	EU673336	*
H	872	211	92.2	+	0	0	32MI11M2D54M14D59M4D35M	AF243398	EU673336
N	*	223	*	*	*	*	*	AB246766	*
N	*	105	*	*	*	*	*	DQ917653	*
N	*	250	*	*	*	*	*	DQ875342	*
N	*	250	*	*	*	*	*	DQ875346	*
L	2823	250	*	*	*	*	*	FJ168599	*
H	2823	243	81.5	+	0	0	10I31MD84M11I114M13D	DQ149848	FJ168599
L	2262	158	*	*	*	*	*	FN859431	*
H	2262	123	83.7	+	0	0	15I11M5I13MD16M2I25M7I12MD10M8I34M	DQ872370	FN859431
N	*	245	*	*	*	*	*	AB257586	*
L	8399	110	*	*	*	*	*	UDB011873	*
H	8399	110	99.1	+	0	0	110M	DQ873592	UDB011873
N	*	197	*	*	*	*	*	FJ903327	*
L	1218	138	*	*	*	*	*	FM878001	*
H	1218	141	84.1	+	0	0	20M6D33MI6MI34MD15M2I26M	FM878021	FM878001
N	*	250	*	*	*	*	*	EF080868	*
N	*	207	*	*	*	*	*	DQ983814	*
N	*	250	*	*	*	*	*	JN182869	*
L	1722	184	*	*	*	*	*	GU229806	*
H	1722	195	92.4	+	0	0	37MI52M5D11M8D15MI67M	AB254189	GU229806
L	4766	250	*	*	*	*	*	AJ439440	*
H	4766	249	85.9	+	0	0	41MI109MI27MI26MI43M3D	AJ005367	AJ439440
L	7028	234	*	*	*	*	*	UDB003208	*
H	7028	88	85.2	+	0	0	148I20M2D66M	AF272907	UDB003208
L	5777	237	*	*	*	*	*	AY216474	*
H	5777	235	86.0	+	0	0	53MD20MD43MI21M4I73MD22M	EF174448	AY216474
L	1496	250	*	*	*	*	*	GQ292540	*
H	1496	250	83.2	+	0	0	5D22M2I46M2I37M5D7MD32M2I72MD22M6I	EF026116	GQ292540
L	7018	211	*	*	*	*	*	GU324741	*
H	7018	211	88.6	+	0	0	211M	EF026120	GU324741
L	171	214	*	*	*	*	*	EF026122	*
H	171	198	80.8	+	0	0	83M11I13M10I43MD7M2D15M2D32M	EF026124	EF026122
L	1764	217	*	*	*	*	*	EF026149	*
H	1764	237	83.4	+	0	0	30MI14MD13M2D17M10D8M2D6M4I20M6D52MI6M4D11MD34M	FJ416301	EF026149
L	1375	217	*	*	*	*	*	FJ872071	*
H	1375	217	93.5	+	0	0	217M	EU497950	FJ872071
L	2664	168	*	*	*	*	*	JF683419	*
H	2664	169	96.4	+	0	0	68MI19M2D80M	EF191243	JF683419
L	4922	212	*	*	*	*	*	AY004801	*
H	4922	230	82.5	+	0	0	30M6D22M8D85M3D55MD20M	AY004783	AY004801
L	1769	191	*	*	*	*	*	EU913721	*
H	1769	163	95.1	+	0	0	6D78M35I45MD33M	AB294737	EU913721
N	*	215	*	*	*	*	*	EF194147	*
N	*	173	*	*	*	*	*	EF457901	*
N	*	250	*	*	*	*	*	EF441995	*
N	*	151	*	*	*	*	*	AJ292415	*
N	*	205	*	*	*	*	*	AF444634	*
L	6393	228	*	*	*	*	*	FJ487920	*
H	6393	103	91.3	+	0	0	124I56MI47M	AF192317	FJ487920
L	2939	250	*	*	*	*	*	FJ168588	*
H	2939	250	86.0	+	0	0	119MD28MI14MI15MD12MI15MI43M2D	AY228347	FJ168588
L	3903	250	*	*	*	*	*	EU597076	*
H	3903	250	98.0	+	0	0	35MI48MI165M2D	DQ384578	EU597076
H	1769	222	90.6	+	0	0	6D57MD23M22D17M2D49MI8MD36M	AB298704	EU913721
L	8064	223	*	*	*	*	*	U51966	*
H	8064	227	99.1	+	0	0	174MD31M3D18M	EF445991	U51966
H	954	123	83.3	+	0	0	3D69MI16MD34M	EF158023	GQ465774
N	*	194	*	*	*	*	*	AF228650	*
L	5146	250	*	*	*	*	*	GU136204	*
H	5146	250	85.6	+	0	0	22I27M8D83M3I70M2I43M19D	AF357601	GU136204
N	*	250	*	*	*	*	*	AF373978	*
N	*	215	*	*	*	*	*	AF364843	*
N	*	250	*	*	*	*	*	EF190282	*
N	*	119	*	*	*	*	*	AB300502	*
N	*	250	*	*	*	*	*	EF530926	*
L	1752	182	*	*	*	*	*	GU214644	*
H	1752	182	92.9	+	0	0	93MD55MI33M	GQ852764	GU214644
N	*	193	*	*	*	*	*	AF383956	*
L	296	236	*	*	*	*	*	EF197081	*
H	296	172	80.2	+	0	0	38M2I12MI33M52I19M6I15MI29M2I26M	EF197088	EF197081
L	7684	223	*	*	*	*	*	JF681959	*
H	7684	233	85.7	+	0	0	10D223M	EF212837	JF681959
N	*	115	*	*	*	*	*	EF524038	*
L	6096	85	*	*	*	*	*	FR694202	*
H	6096	84	90.5	+	0	0	D56MI7MI20M	AF387653	FR694202
L	5374	215	*	*	*	*	*	DQ196435	*
H	5374	130	90.0	+	0	0	88I28MD23M2D16MI31MD28M	EF411225	DQ196435
L	8045	217	*	*	*	*	*	U35306	*
H	8045	219	90.8	+	0	0	D188MD29M	EF411226	U35306
L	284	173	*	*	*	*	*	EF535663	*
H	284	185	93.1	+	0	0	8D54MD43MD50M2D26M	EF394865	EF535663
L	1557	231	*	*	*	*	*	GQ303274	*
H	1557	234	90.9	+	0	0	75MI28M4D18M2D34M4I35MD12MD24M	AB190380	GQ303274
N	*	170	*	*	*	*	*	EF421110	*
L	7591	197	*	*	*	*	*	HQ897813	*
H	7591	184	85.3	+	0	0	6I50M2I32MD35M4I22MI21MI23M	EU597299	HQ897813
L	4206	224	*	*	*	*	*	GU244511	*
H	4206	219	96.8	+	0	0	4I169MI50M	EF600969	GU244511
N	*	115	*	*	*	*	*	AJ133397	*
N	*	117	*	*	*	*	*	AJ289626	*
L	337	250	*	*	*	*	*	AF357051	*
H	337	250	94.4	+	0	0	145MD9MD60MD13MD19M4I	AF357043	AF357051
L	4558	203	*	*	*	*	*	AF448458	*
H	4558	214	81.3	+	0	0	34MD67M9D39M2D9MD21M2I31M	DQ534474	AF448458
L	172	244	*	*	*	*	*	EF026137	*
H	172	189	83.1	+	0	0	33M2I17MI23M13I10M11I15M25I35M3I56M	EF026144	EF026137
L	2284	223	*	*	*	*	*	HQ589142	*
H	2284	212	92.9	+	0	0	8I86M3I126M	EF669990	HQ589142
L	4587	214	*	*	*	*	*	AF462432	*
H	4587	215	95.8	+	0	0	16MD198M	EU272483	AF462432
L	8417	103	*	*	*	*	*	Z80880	*
H	8417	112	82.5	+	0	0	I8M10D94M	AB267641	Z80880
N	*	250	*	*	*	*	*	AB304155	*
L	2304	200	*	*	*	*	*	AF034461	*
H	2304	198	100.0	+	0	0	2I198M	EU030360	AF034461
L	6355	213	*	*	*	*	*	FJ431255	*
H	6355	250	83.6	+	0	0	37M2D14M2D17MI37M5D17M27D30MI12M3D47M	EU047935	FJ431255
N	*	250	*	*	*	*	*	AB080512	*
L	4479	180	*	*	*	*	*	AF351146	*
H	4479	182	84.4	+	0	0	45MI22MD10MD40M2D10MI51M	EF605270	AF351146
N	*	247	*	*	*	*	*	EU118622	*
N	*	250	*	*	*	*	*	EU075198	*
N	*	135	*	*	*	*	*	EU008632	*
L	5778	210	*	*	*	*	*	EU006540	*
H	5778	210	96.7	+	0	0	210M	EU006541	EU006540
N	*	149	*	*	*	*	*	EU266501	*
L	4838	236	*	*	*	*	*	AM114417	*
H	4838	242	88.1	+	0	0	2D91MD33MI32M3D28MD51M	EF513771	AM114417
N	*	244	*	*	*	*	*	AB097450	*
L	7872	238	*	*	*	*	*	JN182916	*
H	7872	225	81.8	+	0	0	107M13I118M	FJ462747	JN182916
L	485	214	*	*	*	*	*	AJ302444	*
H	485	216	96.3	+	0	0	2D214M	DQ006946	AJ302444
L	7116	199	*	*	*	*	*	FJ537093	*
H	7116	196	87.8	+	0	0	4I33MI49M2D18MI23MD70M	GQ996574	FJ537093
L	286	173	*	*	*	*	*	EF535692	*
H	286	181	97.1	+	0	0	8D173M	EU853479	EF535692
L	1358	190	*	*	*	*	*	FJ871085	*
H	1358	196	82.1	+	0	0	83M6D24M4D35M2I11M2I33M	EU266078	FJ871085
N	*	241	*	*	*	*	*	EU266082	*
L	7269	222	*	*	*	*	*	HM578947	*
H	7269	216	98.1	+	0	0	54MD72M7I89M	EU266089	HM578947
N	*	195	*	*	*	*	*	EU266107	*
N	*	215	*	*	*	*	*	GQ465045	*
L	3297	230	*	*	*	*	*	JN710558	*
H	3297	234	90.0	+	0	0	86MD73M3D71M	AF126877	JN710558
N	*	250	*	*	*	*	*	EU402595	*
L	4536	169	*	*	*	*	*	AF433152	*
H	4536	168	91.1	+	0	0	106MI62M	AF433147	AF433152
N	*	250	*	*	*	*	*	EU327195	*
L	1186	250	*	*	*	*	*	FJ501570	*
H	1186	250	98.0	+	0	0	139MI110MD	EU420068	FJ501570
N	*	250	*	*	*	*	*	EU477860	*
L	6510	199	*	*	*	*	*	FJ824614	*
H	6510	198	88.9	+	0	0	91MI51MD43MI12M	U57668	FJ824614
N	*	232	*	*	*	*	*	AJ419913	*
L	6586	226	*	*	*	*	*	EU343867	*
H	6586	236	81.4	+	0	0	I7MI13M7D30MD38MI27M2D12MD21M2D15M3D36M3I21M	EU343869	EU343867
L	1862	219	*	*	*	*	*	GQ996575	*
H	1862	224	98.6	+	0	0	4D97MD122M	EU551205	GQ996575
L	3053	222	*	*	*	*	*	HQ650610	*
H	3053	221	86.4	+	0	0	12MD89MI41MI22MD22MI33M	AF410819	HQ650610
N	*	250	*	*	*	*	*	EU484271	*
L	1262	201	*	*	*	*	*	AF407163	*
H	1262	125	80.8	+	0	0	72I13M3I88MI24M	AF325646	AF407163
L	1142	250	*	*	*	*	*	AY033108	*
H	1142	250	96.0	+	0	0	D155MI94M	AF325599	AY033108
N	*	241	*	*	*	*	*	AF454429	*
L	5248	128	*	*	*	*	*	AY754003	*
H	5248	192	96.9	+	0	0	63D79MD49M	EU589152	AY754003
N	*	112	*	*	*	*	*	EU639582	*
L	2258	211	*	*	*	*	*	HM595526	*
H	2258	96	97.9	+	0	0	115I96M	EU434855	HM595526
N	*	230	*	*	*	*	*	AF394046	*
L	6224	250	*	*	*	*	*	EU833658	*
H	6224	250	90.8	+	0	0	136MI41M2D34M6I32M5D	FJ481033	EU833658
N	*	234	*	*	*	*	*	EU622846	*
N	*	250	*	*	*	*	*	EU708338	*
L	2805	182	*	*	*	*	*	JF499851	*
H	2805	186	96.2	+	0	0	34MD20MI34M3D64MD29M	EU707898	JF499851
L	7224	250	*	*	*	*	*	DQ679806	*
H	7224	235	83.8	+	0	0	8D29M13I14M6I22M12I12M3I61MD62MD16M9D	EU697272	DQ679806
N	*	82	*	*	*	*	*	EU553494	*
N	*	245	*	*	*	*	*	AY456376	*
L	3485	222	*	*	*	*	*	AY603496	*
H	3485	233	83.8	+	0	0	74MD18M8D22MD26MD82M	EU552101	AY603496
L	4333	216	*	*	*	*	*	AF141367	*
H	4333	222	92.6	+	0	0	2D164MD25M3D27M	EU707822	AF141367
L	7247	220	*	*	*	*	*	HM536096	*
H	7247	226	85.5	+	0	0	25MD14MI30MD71M5D79M	GQ354271	HM536096
N	*	154	*	*	*	*	*	EU669202	*
L	4265	250	*	*	*	*	*	AF059232	*
H	4265	250	87.6	+	0	0	20I64M4D115MD51M15D	EU669331	AF059232
L	4597	250	*	*	*	*	*	AF485069	*
H	4597	250	92.0	+	0	0	193MI46M2I8M3D	EU834222	AF485069
L	4975	190	*	*	*	*	*	DQ257360	*
H	4975	202	83.2	+	0	0	40M3I24MD20M6D17M2D30M2D9MD20M3D27M	EU819412	DQ257360
L	8148	250	*	*	*	*	*	UDB000691	*
H	8148	200	80.5	+	0	0	28M2D23M4I25M3I7MI33M17I28M6I31M21I23M	EU846259	UDB000691
L	5932	210	*	*	*	*	*	FJ914680	*
H	5932	201	94.5	+	0	0	4I5MI6MI82M4I15MD92M	AM774155	FJ914680
L	4004	218	*	*	*	*	*	DQ491513	*
H	4004	216	98.1	+	0	0	117MI63MI36M	FJ914669	DQ491513
N	*	244	*	*	*	*	*	EU863218	*
L	466	218	*	*	*	*	*	AF254628	*
H	466	222	92.2	+	0	0	156MI14MD23MD6M3D18M	AF404123	AF254628
L	3592	144	*	*	*	*	*	AY854070	*
H	3592	142	97.9	+	0	0	73MI40MI29M	FJ478111	AY854070
L	2631	229	*	*	*	*	*	HQ917069	*
H	2631	225	87.1	+	0	0	5I130M3D43MI14MI35M	EU681350	HQ917069
L	3848	166	*	*	*	*	*	DQ202516	*
H	3848	201	85.5	+	0	0	33D77MD27MD62M	FJ000402	DQ202516
L	2225	220	*	*	*	*	*	FJ878682	*
H	2225	224	97.7	+	0	0	26MD68M2D91MD35M	GQ461906	FJ878682
L	3396	138	*	*	*	*	*	AF042422	*
H	3396	151	83.3	+	0	0	41M8D16M3D30MD27MD24M	AF444320	AF042422
L	4546	202	*	*	*	*	*	AY898956	*
H	4546	180	83.9	+	0	0	6I26M2I31M3I33M3I16M4I11M2I14MI26MI23M	EF532830	AY898956
N	*	250	*	*	*	*	*	AF444408	*
L	5814	143	*	*	*	*	*	FN428923	*
H	5814	147	80.4	+	0	0	24M3D33MD22M3I9MD19MD9MD24M	AF444483	FN428923
L	6986	178	*	*	*	*	*	GU291276	*
H	6986	187	88.8	+	0	0	10D142MI35M	AF444555	GU291276
N	*	137	*	*	*	*	*	FJ195752	*
N	*	198	*	*	*	*	*	FJ231440	*
N	*	250	*	*	*	*	*	EU784185	*
N	*	250	*	*	*	*	*	EU784192	*
N	*	194	*	*	*	*	*	EU784223	*
N	*	184	*	*	*	*	*	EU784254	*
L	4972	250	*	*	*	*	*	AY129368	*
H	4972	250	91.2	+	0	0	154MI84MI10M2D	EU784438	AY129368
L	919	181	*	*	*	*	*	FJ617293	*
H	919	185	98.9	+	0	0	2D7M2D174M	FJ426395	FJ617293
N	*	215	*	*	*	*	*	FJ150707	*
L	5038	213	*	*	*	*	*	AY254710	*
H	5038	199	85.4	+	0	0	2I25M2I27M3I24MI19MI15MI12MI16M2I40MI21M	U66011	AY254710
L	3429	213	*	*	*	*	*	AF117353	*
H	3429	206	90.8	+	0	0	2I16MI35M2I49MI73MI33M	U66016	AF117353
L	5399	170	*	*	*	*	*	DQ247776	*
H	5399	174	88.8	+	0	0	27MI29MD38M2D29M2D46M	AM419063	DQ247776
L	6649	144	*	*	*	*	*	FN547645	*
H	6649	138	97.1	+	0	0	42M3I17MI53M2I26M	FR865444	FN547645
L	4092	209	*	*	*	*	*	FJ439582	*
H	4092	172	86.0	+	0	0	25MI17MD35M34I39M2I19MI36M	AB065429	FJ439582
N	*	220	*	*	*	*	*	FJ464594	*
L	455	206	*	*	*	*	*	EU010256	*
H	455	211	86.4	+	0	0	93MD16MD35MI28M2D15M2D18M	FJ479635	EU010256
L	7418	195	*	*	*	*	*	EF029230	*
H	7418	185	94.6	+	0	0	9I104MI81M	FJ005092	EF029230
L	3752	186	*	*	*	*	*	GQ922535	*
H	3752	80	93.8	+	0	0	104I25M2I55M	FJ175161	GQ922535
H	5399	183	87.1	+	0	0	55MD22MI31M6D25M7D36M	EU860055	DQ247776
L	2106	201	*	*	*	*	*	HM046875	*
H	2106	188	81.9	+	0	0	105M10I43MI19M2I21M	FJ481021	HM046875
N	*	250	*	*	*	*	*	FJ810171	*
N	*	250	*	*	*	*	*	FJ481040	*
L	6431	250	*	*	*	*	*	FJ596891	*
H	6431	250	82.4	+	0	0	4D48MI66M2D17M5I28M2I24MD21M2D37MI	FJ481045	FJ596891
N	*	216	*	*	*	*	*	FJ493249	*
N	*	179	*	*	*	*	*	FJ603607	*
L	4150	250	*	*	*	*	*	AB458188	*
H	4150	202	87.1	+	0	0	29I33MI33MD72M2D16MD44M22I	FJ897712	AB458188
H	8064	238	88.8	+	0	0	37M3D25MD34MD30M7D30MD14MI34M3D18M	FJ599809	U51966
L	250	220	*	*	*	*	*	GU062198	*
H	250	233	90.9	+	0	0	76MD26MD8M6D23M5D16MI33M2D15MI21M	FJ467362	GU062198
N	*	250	*	*	*	*	*	FJ596801	*
N	*	190	*	*	*	*	*	FJ596839	*
N	*	104	*	*	*	*	*	AY174089	*
L	5188	206	*	*	*	*	*	AY615208	*
H	5188	205	92.2	+	0	0	81MI124M	AY999116	AY615208
L	6890	230	*	*	*	*	*	FJ467353	*
H	6890	246	83.9	+	0	0	24MD25M2D28M3D40M4I28M2D11M2D11M4D19M5D9M3D6M2I23M	FJ380871	FJ467353
L	5840	250	*	*	*	*	*	EU118610	*
H	5840	250	81.2	+	0	0	2I38MI56M2I63M2I86M7D	EU118645	EU118610
L	2152	240	*	*	*	*	*	GU234048	*
H	2152	250	87.1	+	0	0	I55M4D92M3D24MD14M4D53MI	U66448	GU234048
L	8072	217	*	*	*	*	*	U57405	*
H	8072	215	82.8	+	0	0	4I9MI10MD59M2D134M	U89375	U57405
H	8064	237	89.2	+	0	0	42M2D12MD11M3D28MD32M2D42MD9MD29M3D18M	FJ380941	U51966
L	3681	222	*	*	*	*	*	DQ001299	*
H	3681	220	83.2	+	0	0	104M2D22M3I67MI25M	FJ871107	DQ001299
N	*	250	*	*	*	*	*	FJ906815	*
L	5892	201	*	*	*	*	*	EU249479	*
H	5892	222	80.1	+	0	0	2I17MD11M5D9M7D71M4D45M3D9MD15M2D22M	FJ645263	EU249479
N	*	250	*	*	*	*	*	U85317	*
L	6327	232	*	*	*	*	*	FJ411100	*
H	6327	227	87.2	+	0	0	143MI24M2I16M2I44M	FJ411082	FJ411100
L	1382	229	*	*	*	*	*	FJ462770	*
H	1382	240	94.3	+	0	0	78M2D41M2D16M2D55M5D39M	FJ411095	FJ462770
L	4714	231	*	*	*	*	*	AJ301714	*
H	4714	230	95.7	+	0	0	41MI41MI78MD10MD31MI27M	FJ357314	AJ301714
N	*	247	*	*	*	*	*	FJ435146	*
N	*	221	*	*	*	*	*	FJ588711	*
L	4166	169	*	*	*	*	*	AB481256	*
H	4166	189	83.4	+	0	0	55M2I31M25D19M3I10MI20MD28M	FJ839620	AB481256
N	*	196	*	*	*	*	*	AF429267	*
L	7886	225	*	*	*	*	*	EU272519	*
H	7886	204	85.3	+	0	0	25M2I18M12I13MI11M2I79M3I22MI36M	GQ241279	EU272519
N	*	250	*	*	*	*	*	AF491557	*
L	1829	201	*	*	*	*	*	EF634420	*
H	1829	209	87.6	+	0	0	22MD60M10D18M2I30MI15MD27MI25M	FJ389946	EF634420
N	*	124	*	*	*	*	*	FJ496660	*
N	*	232	*	*	*	*	*	FJ708934	*
L	4029	171	*	*	*	*	*	AF487273	*
H	4029	167	97.6	+	0	0	6I133M2D32M	EF051727	AF487273
N	*	250	*	*	*	*	*	GQ253451	*
L	1522	184	*	*	*	*	*	AB516663	*
H	1522	184	97.8	+	0	0	184M	AB516668	AB516663
L	6466	209	*	*	*	*	*	FJ664885	*
H	6466	219	87.1	+	0	0	24MD85MD52M6D30M2D18M	JF509174	FJ664885
N	*	236	*	*	*	*	*	GQ355959	*
N	*	223	*	*	*	*	*	GQ411521	*
L	7368	250	*	*	*	*	*	GQ398240	*
H	7368	250	94.8	+	0	0	158MI91MD	JN943949	GQ398240
N	*	250	*	*	*	*	*	GQ379719	*
L	1559	224	*	*	*	*	*	GQ303296	*
H	1559	240	91.1	+	0	0	30M5D69M6D24MD43M2D21M2D37M	GQ303293	GQ303296
N	*	123	*	*	*	*	*	AY586560	*
L	6501	213	*	*	*	*	*	AJ889927	*
H	6501	197	80.2	+	0	0	33M5I19MI16MD22MD31MI13MD13M2D10M6I9M8I26M	GQ981490	AJ889927
N	*	250	*	*	*	*	*	GQ981503	*
L	5526	203	*	*	*	*	*	DQ525524	*
H	5526	206	84.7	+	0	0	101M2D8MD94M	FJ919809	DQ525524
L	3753	185	*	*	*	*	*	GQ922574	*
H	3753	185	95.7	+	0	0	83MD81MI20M	GQ922520	GQ922574
L	4584	201	*	*	*	*	*	HM036593	*
H	4584	200	95.5	+	0	0	4I24MD81M2D92M	GQ922522	HM036593
L	6801	224	*	*	*	*	*	GQ452265	*
H	6801	226	85.7	+	0	0	69MD26M2D82M2I8MD37M	GU062297	GQ452265
L	5279	240	*	*	*	*	*	AY884177	*
H	5279	240	82.1	+	0	0	74MD55MD10M2I25MD21MI52M	FJ411105	AY884177
N	*	250	*	*	*	*	*	FJ827714	*
N	*	150	*	*	*	*	*	FJ827725	*
L	1658	250	*	*	*	*	*	GQ913398	*
H	1658	250	88.0	+	0	0	20MD41M8D79MD8M6I18MD19MD53M6I	GQ913350	GQ913398
L	6820	250	*	*	*	*	*	FJ596856	*
H	6820	250	90.4	+	0	0	61M5D74M2I15M6I92M3D	GQ913372	FJ596856
H	1658	250	87.2	+	0	0	20MD41M8D79MD8M6I18MD19MD53M6I	GQ913395	GQ913398
N	*	152	*	*	*	*	*	FJ887922	*
N	*	250	*	*	*	*	*	GU014817	*
L	2249	206	*	*	*	*	*	HM161507	*
H	2249	171	80.1	+	0	0	23M3D22M2I44M34I28M2I51M	GQ253100	HM161507
N	*	218	*	*	*	*	*	AF352318	*
N	*	176	*	*	*	*	*	GU324765	*
L	4005	189	*	*	*	*	*	DQ491515	*
H	4005	181	83.4	+	0	0	2I11MI49M2I57MI10MI21MI33M	HM480490	DQ491515
L	7120	188	*	*	*	*	*	FJ940904	*
H	7120	157	80.3	+	0	0	28MI26M5I21M13I15M5I18M8I20MD28M	EU164801	FJ940904
N	*	250	*	*	*	*	*	GU199447	*
L	4236	215	*	*	*	*	*	AF260224	*
H	4236	220	88.4	+	0	0	5I28M10D182M	AF027763	AF260224
L	3641	128	*	*	*	*	*	AY745997	*
H	3641	130	87.5	+	0	0	41MD34MD53M	AF210682	AY745997
L	6675	216	*	*	*	*	*	AY599566	*
H	6675	221	88.9	+	0	0	4I46M2D31M3D43M2D23M2D69M	GQ355958	AY599566
N	*	250	*	*	*	*	*	GU590925	*
N	*	190	*	*	*	*	*	AB213454	*
N	*	223	*	*	*	*	*	AY739108	*
N	*	250	*	*	*	*	*	EU181455	*
N	*	250	*	*	*	*	*	AY230867	*
N	*	250	*	*	*	*	*	GU324760	*
L	1112	215	*	*	*	*	*	EF026121	*
H	1112	217	80.5	+	0	0	29MI9MI92M5D48MI34M	GU324761	EF026121
L	7882	183	*	*	*	*	*	JN198487	*
H	7882	176	81.2	+	0	0	30MI24MD51MI12M4I32M2I26M	GQ292749	JN198487
L	1958	201	*	*	*	*	*	AF009812	*
H	1958	203	80.6	+	0	0	34MI24MD26MD59M2D17MI39M	AF009811	AF009812
L	7485	109	*	*	*	*	*	GQ121328	*
H	7485	125	87.2	+	0	0	I29M18D25MI53M	AF009815	GQ121328
H	4206	192	88.0	+	0	0	4D26MD53MD11M14I25M25I16MD54M	AF009816	GU244511
N	*	228	*	*	*	*	*	GQ856143	*
N	*	158	*	*	*	*	*	HM208605	*
N	*	107	*	*	*	*	*	AF483616	*
N	*	236	*	*	*	*	*	GQ500107	*
L	7312	246	*	*	*	*	*	AJ315834	*
H	7312	250	95.1	+	0	0	3D225MD21M	AB566287	AJ315834
L	6257	199	*	*	*	*	*	EU938675	*
H	6257	222	83.4	+	0	0	26M22D26MD42MD55MI49M	JQ711893	EU938675
N	*	211	*	*	*	*	*	GU187524	*
L	3993	205	*	*	*	*	*	FJ228165	*
H	3993	193	89.6	+	0	0	4D39M2D51M18I97M	EU673327	FJ228165
H	172	83	83.1	+	0	0	158I29M3I54M	GQ428317	EF026137
L	5568	186	*	*	*	*	*	EU030349	*
H	5568	184	83.7	+	0	0	124MI37MI23M	HM997129	EU030349
N	*	106	*	*	*	*	*	HM436631	*
N	*	151	*	*	*	*	*	HM191746	*
L	7184	183	*	*	*	*	*	GQ169767	*
H	7184	185	89.6	+	0	0	56MI12MD28MI38MD20M2D27M	AB488487	GQ169767
N	*	220	*	*	*	*	*	HQ108033	*
N	*	248	*	*	*	*	*	JQ711898	*
L	886	211	*	*	*	*	*	EU683655	*
H	886	210	87.6	+	0	0	35M2D56M2I83MI34M	EF585533	EU683655
L	5519	202	*	*	*	*	*	DQ525473	*
H	5519	205	87.6	+	0	0	34MD76MD64MD28M	GU184114	DQ525473
N	*	224	*	*	*	*	*	AF539471	*
N	*	250	*	*	*	*	*	HM488760	*
N	*	208	*	*	*	*	*	HM244759	*
L	1248	185	*	*	*	*	*	FJ460589	*
H	1248	185	96.8	+	0	0	40MD52MI92M	FJ940902	FJ460589
L	8391	250	*	*	*	*	*	UDB011841	*
H	8391	250	86.4	+	0	0	2D6MD147M11I10MI51MI23M10D	HQ533010	UDB011841
H	3053	217	86.6	+	0	0	D107M8I52MD41MD14M	GU300790	HQ650610
N	*	250	*	*	*	*	*	GU318390	*
L	3436	250	*	*	*	*	*	AY534119	*
H	3436	250	81.2	+	0	0	4D19MI15MD18M2I25MD53MI21M3I40MI29MI21M3D	HM005073	AY534119
L	2160	250	*	*	*	*	*	GU234078	*
H	2160	250	86.8	+	0	0	138MD16M5D71M2I19M4I	HQ604750	GU234078
N	*	214	*	*	*	*	*	DQ490640	*
L	2392	250	*	*	*	*	*	HM005143	*
H	2392	250	88.0	+	0	0	25M9I30M8D116MI7M3D26M2D33M3I	HM005144	HM005143
H	3436	250	88.0	+	0	0	4D8MI71MD106M2D15MI43M5I	AB607172	AY534119
L	7378	232	*	*	*	*	*	HQ328947	*
H	7378	224	94.6	+	0	0	5I107MI12MI11MI94M	AJ537405	HQ328947
L	4552	203	*	*	*	*	*	AF444530	*
H	4552	179	95.5	+	0	0	8I79M4I10M5I11M7I79M	AY212987	AF444530
N	*	199	*	*	*	*	*	AY212990	*
H	6801	222	86.0	+	0	0	6I59MD9M2D41MD109M	EF512479	GQ452265
L	3302	250	*	*	*	*	*	AB067724	*
H	3302	250	84.8	+	0	0	2I6MI110M2I22M9I58M5I35M19D	EU833649	AB067724
L	3705	193	*	*	*	*	*	FJ228196	*
H	3705	188	84.6	+	0	0	3I106MI19MI63M	AB546939	FJ228196
L	7505	233	*	*	*	*	*	HQ650669	*
H	7505	234	82.0	+	0	0	21M2I58MD31MI32MI16M2D49M2D22M	HM577230	HQ650669
H	7684	219	91.3	+	0	0	13MI68MI28M2I110M	JF681960	JF681959
L	1131	247	*	*	*	*	*	EU935556	*
H	1131	250	83.0	+	0	0	22MD14M2I35MI37MD18M5D35MD56MI25MI	AY317137	EU935556
N	*	250	*	*	*	*	*	JF692201	*
L	5482	234	*	*	*	*	*	DQ404381	*
H	5482	142	80.3	+	0	0	90I16M2D43M2I45M2I36M	HQ222013	DQ404381
L	5461	250	*	*	*	*	*	DQ384587	*
H	5461	250	93.2	+	0	0	190MI59MD	AF506379	DQ384587
N	*	250	*	*	*	*	*	AF506383	*
L	1165	250	*	*	*	*	*	AF310087	*
H	1165	250	99.2	+	0	0	206M2I42M2D	AF506389	AF310087
N	*	250	*	*	*	*	*	AF506428	*
L	5139	250	*	*	*	*	*	AY513570	*
H	5139	250	94.4	+	0	0	2D27MD19M3I84MD116MI	AF516601	AY513570
L	3554	231	*	*	*	*	*	AF079584	*
H	3554	218	87.2	+	0	0	8I98M5I45M2D15M2I58M	JF894109	AF079584
L	5671	222	*	*	*	*	*	EF179801	*
H	5671	238	80.6	+	0	0	127M14D45M2D50M	HQ650607	EF179801
N	*	206	*	*	*	*	*	HQ650633	*
H	4558	206	80.3	+	0	0	2I94MD79M4D28M	HQ650635	AF448458
N	*	163	*	*	*	*	*	HQ650699	*
L	3475	197	*	*	*	*	*	AY544779	*
H	3475	195	80.5	+	0	0	32MD19MD27M2I52MI11M2D19M3I31M	GU222301	AY544779
L	7817	182	*	*	*	*	*	JF951151	*
H	7817	183	84.1	+	0	0	92M2D54MI35M	JF499842	JF951151
L	5047	230	*	*	*	*	*	AY278839	*
H	5047	228	92.1	+	0	0	8MI70MI23MI94MD32M	AY359887	AY278839
L	5985	182	*	*	*	*	*	FJ515894	*
H	5985	182	97.8	+	0	0	182M	FJ169667	FJ515894
L	3218	224	*	*	*	*	*	JN943311	*
H	3218	206	80.1	+	0	0	29MD14M2I31M12I57MI18MD16M5I39M	HQ897817	JN943311
L	714	181	*	*	*	*	*	FJ473426	*
H	714	250	80.1	+	0	0	28M54D9M4D85M26D44M15I	JF770455	FJ473426
L	5190	156	*	*	*	*	*	AY618669	*
H	5190	160	81.4	+	0	0	57M3D26M2I38M3D33M	AY292453	AY618669
N	*	132	*	*	*	*	*	AY194526	*
L	2958	192	*	*	*	*	*	AF454590	*
H	2958	202	82.8	+	0	0	28M3D32MD15MD17MI20MI15MD30M6D33M	HQ693875	AF454590
H	2958	194	83.3	+	0	0	28M2D19M2D14MD10MD13M9I20MI27MD17M2D7M3D27M	HQ693878	AF454590
L	1685	225	*	*	*	*	*	GU222266	*
H	1685	234	87.1	+	0	0	66MD46MI23M3D20M4D48M2D21M	JF430078	GU222266
L	3979	172	*	*	*	*	*	DQ431172	*
H	3979	162	86.4	+	0	0	27I10MD52MD6M15D77M	Z81447	DQ431172
L	4389	184	*	*	*	*	*	AF222836	*
H	4389	180	91.7	+	0	0	31M2I63M2I8MD45MI32M	EU700364	AF222836
N	*	202	*	*	*	*	*	JF908018	*
L	1723	184	*	*	*	*	*	GU229807	*
H	1723	217	80.4	+	0	0	73M12D12M17D20M2D28M2D51M	JF908711	GU229807
L	2990	235	*	*	*	*	*	JF908719	*
H	2990	129	85.3	+	0	0	106I10M2D13MI45MI59M	JF908722	JF908719
L	4560	220	*	*	*	*	*	AF451776	*
H	4560	232	80.9	+	0	0	8MI43MD64M8D17M6D63M2I22M	JN009720	AF451776
N	*	175	*	*	*	*	*	JN003222	*
N	*	150	*	*	*	*	*	JF821182	*
N	*	133	*	*	*	*	*	D84381	*
L	6400	192	*	*	*	*	*	FJ493187	*
H	6400	191	93.7	+	0	0	67MI30M2D64M2I28M	GU214624	FJ493187
H	2805	182	89.6	+	0	0	32MD20MI129M	JN712502	JF499851
L	3100	250	*	*	*	*	*	AY367583	*
H	3100	250	95.6	+	0	0	2I37M5D76MD21MD109M5I	AY367562	AY367583
N	*	185	*	*	*	*	*	U57407	*
L	5749	225	*	*	*	*	*	EF592152	*
H	5749	230	85.8	+	0	0	2D25M2D20MI77M3I65MD11M4D23M	AF038354	EF592152
N	*	202	*	*	*	*	*	HQ888730	*
L	6825	104	*	*	*	*	*	GQ919281	*
H	6825	101	85.1	+	0	0	7MI61M2I33M	GQ919274	GQ919281
L	311	116	*	*	*	*	*	FN423704	*
H	311	119	91.4	+	0	0	24MD73M2D19M	FR750134	FN423704
N	*	210	*	*	*	*	*	JN638251	*
L	609	250	*	*	*	*	*	EU557359	*
H	609	248	80.2	+	0	0	103M3I13M6D16MI6M15I93M11D	JN943381	EU557359
L	5737	250	*	*	*	*	*	AY176447	*
H	5737	250	88.4	+	0	0	2I114MD14MI48M8D65M6I	AF079678	AY176447
L	5585	191	*	*	*	*	*	DQ923534	*
H	5585	169	92.9	+	0	0	82M22I87M	JQ044421	DQ923534
L	3758	216	*	*	*	*	*	U18353	*
H	3758	177	83.1	+	0	0	34MI51M41I16M2D41MD32M	JF417488	U18353
L	5270	229	*	*	*	*	*	AY849307	*
H	5270	236	84.3	+	0	0	53MI74M11D14M2I61MI23M	EF577058	AY849307
L	3296	229	*	*	*	*	*	JN710549	*
H	3296	224	80.8	+	0	0	53M4I19M3D41M2D19M2I25M2I20M2I11MI8MD22M	JN710548	JN710549
N	*	145	*	*	*	*	*	JN710567	*
N	*	203	*	*	*	*	*	JF440974	*
L	7936	174	*	*	*	*	*	GQ280551	*
H	7936	174	94.3	+	0	0	174M	JQ347275	GQ280551
L	984	228	*	*	*	*	*	JF908710	*
H	984	224	96.9	+	0	0	86M2D37M2I90MI9M3I	AY239342	JF908710
N	*	148	*	*	*	*	*	AY349115	*
N	*	105	*	*	*	*	*	AY452499	*
N	*	250	*	*	*	*	*	AF059285	*
L	4231	250	*	*	*	*	*	FJ378879	*
H	4231	250	96.4	+	0	0	250M	FJ378883	FJ378879
N	*	110	*	*	*	*	*	AJ508681	*
N	*	217	*	*	*	*	*	AY558633	*
N	*	104	*	*	*	*	*	AF138836	*
H	8148	234	81.6	+	0	0	51M3I40M4D26M2I18MD56M16I38M	AY621777	UDB000691
L	7277	250	*	*	*	*	*	HM595594	*
H	7277	250	92.4	+	0	0	3I247M3D	AY621003	HM595594
N	*	250	*	*	*	*	*	AJ237626	*
N	*	250	*	*	*	*	*	EU834287	*
H	7886	196	84.7	+	0	0	8I17M2I22M10I11M3I9M2I79M3I22MI36M	AF071340	EU272519
L	1126	250	*	*	*	*	*	EU935494	*
H	1126	250	88.0	+	0	0	119M3D17M2D25MI84M4I	AY571027	EU935494
N	*	250	*	*	*	*	*	AY571031	*
N	*	250	*	*	*	*	*	AY571036	*
N	*	212	*	*	*	*	*	AY558743	*
L	8406	233	*	*	*	*	*	Z37064	*
H	8406	225	89.8	+	0	0	105M2I15M5I105MI	Z37071	Z37064
N	*	87	*	*	*	*	*	AY755347	*
N	*	129	*	*	*	*	*	AY745994	*
L	4165	176	*	*	*	*	*	AB481252	*
H	4165	176	81.2	+	0	0	60M3I37M5D14M2I60M	AY789280	AB481252
N	*	117	*	*	*	*	*	AY795869	*
L	1201	183	*	*	*	*	*	FJ624258	*
H	1201	172	95.3	+	0	0	10I138MI34M	AY943057	FJ624258
L	7713	202	*	*	*	*	*	JF714251	*
H	7713	204	92.1	+	0	0	35MD89MD78M	AF141157	JF714251
N	*	137	*	*	*	*	*	AY986499	*
N	*	250	*	*	*	*	*	AJ131787	*
L	7930	229	*	*	*	*	*	FJ794472	*
H	7930	221	81.0	+	0	0	10I47MD10MD16MI60MD25MI38MD21M	DQ534046	FJ794472
L	6083	196	*	*	*	*	*	UDB008299	*
H	6083	203	83.2	+	0	0	6D20M3D12MI46M4D45M3I34M2I33M	AY838271	UDB008299
N	*	230	*	*	*	*	*	AJ133433	*
N	*	224	*	*	*	*	*	AB022421	*
N	*	250	*	*	*	*	*	AF237729	*
N	*	250	*	*	*	*	*	DQ097357	*
N	*	225	*	*	*	*	*	DQ144612	*
H	5840	250	83.2	+	0	0	20M2D77M2I65MD23MD61M2I	DQ144619	EU118610
N	*	227	*	*	*	*	*	DQ192175	*
L	1800	192	*	*	*	*	*	AY204610	*
H	1800	197	82.3	+	0	0	56M2D33M3D51MI23MD28M	DQ257357	AY204610
L	226	220	*	*	*	*	*	EF452729	*
H	226	224	93.2	+	0	0	69M2D26MD97MD28M	FJ605260	EF452729
L	621	96	*	*	*	*	*	EU255009	*
H	621	96	97.9	+	0	0	D71MI24M	EU199178	EU255009
L	6938	250	*	*	*	*	*	GU233325	*
H	6938	250	87.6	+	0	0	10I108MI12M2I30M2I85M15D	DQ328113	GU233325
N	*	250	*	*	*	*	*	DQ328168	*
L	2878	181	*	*	*	*	*	JF268773	*
H	2878	175	94.9	+	0	0	7I142MD32M	AF203472	JF268773
L	2768	221	*	*	*	*	*	DQ383647	*
H	2768	220	81.4	+	0	0	176MI44M	DQ383642	DQ383647
N	*	111	*	*	*	*	*	AF274081	*
N	*	229	*	*	*	*	*	DQ411529	*
N	*	250	*	*	*	*	*	DQ402184	*
L	5915	148	*	*	*	*	*	EU266558	*
H	5915	127	83.5	+	0	0	24M12I37M8I47MI19M	AB105353	EU266558
L	4921	250	*	*	*	*	*	AY004794	*
H	4921	250	84.4	+	0	0	62M4I36M2I14M2I80M2I48M10D	AB199583	AY004794
N	*	197	*	*	*	*	*	AB278194	*
N	*	250	*	*	*	*	*	AB237824	*
L	4063	250	*	*	*	*	*	AB454300	*
H	4063	250	84.0	+	0	0	30M2I22M4I8M6I34MI143M13D	AB454319	AB454300
L	1090	168	*	*	*	*	*	U57991	*
H	1090	166	94.0	+	0	0	106MI12MI48M	AB481285	U57991
N	*	207	*	*	*	*	*	GQ456166	*
L	4191	180	*	*	*	*	*	AB524797	*
H	4191	181	90.0	+	0	0	72MD108M	AB524791	AB524797
L	6901	205	*	*	*	*	*	GU187528	*
H	6901	221	84.4	+	0	0	8MD66MD16M3D35M2I4MD30M2D14M10D30M	AF052558	GU187528
L	6492	211	*	*	*	*	*	FJ624396	*
H	6492	211	92.9	+	0	0	9MI47MD154M	AF054860	FJ624396
L	3199	250	*	*	*	*	*	JF439471	*
H	3199	109	84.4	+	0	0	77I52MD56M65I	AF068922	JF439471
L	3243	250	*	*	*	*	*	AF079725	*
H	3243	250	94.4	+	0	0	229MI20MD	AF079679	AF079725
L	3244	250	*	*	*	*	*	AF079721	*
H	3244	250	94.4	+	0	0	117MD132MI	AF079676	AF079721
L	3242	250	*	*	*	*	*	AF079693	*
H	3242	250	86.8	+	0	0	23MD21MI80MI11M2D11M2D41MI58M2I	AF079695	AF079693
N	*	189	*	*	*	*	*	AF138813	*
N	*	135	*	*	*	*	*	AF186015	*
L	276	186	*	*	*	*	*	AB277789	*
H	276	190	87.6	+	0	0	121M11I32M15D22M	AF309610	AB277789
L	4965	240	*	*	*	*	*	DQ066711	*
H	4965	239	97.1	+	0	0	77MI101MI20MD40M	DQ001293	DQ066711
L	785	242	*	*	*	*	*	EU552141	*
H	785	186	81.2	+	0	0	27M8I6M9I19M39I21MD73MI39M	AF383968	EU552141
L	3558	207	*	*	*	*	*	DQ119115	*
H	3558	207	96.6	+	0	0	207M	AF385213	DQ119115
L	4991	247	*	*	*	*	*	AY176458	*
H	4991	250	81.0	+	0	0	53MI74M2D5M10D20MI74MD11M8I	AF391038	AY176458
N	*	219	*	*	*	*	*	AF394525	*
L	3146	198	*	*	*	*	*	JN049866	*
H	3146	199	83.3	+	0	0	18MI73M9D37M4I36M3I26M	AF422977	JN049866
N	*	216	*	*	*	*	*	AF422979	*
L	4589	226	*	*	*	*	*	AF479669	*
H	4589	224	87.5	+	0	0	34MI9M3D16MI6MI32M2I68MI16MD39M	AF479670	AF479669
N	*	250	*	*	*	*	*	AF485072	*
H	3705	196	89.6	+	0	0	54MD11MI23M3D57MI24MD22M	AF486129	FJ228196
L	543	250	*	*	*	*	*	AF310102	*
H	543	250	98.8	+	0	0	250M	AF506402	AF310102
H	1165	250	99.6	+	0	0	250M	AF506426	AF310087
N	*	250	*	*	*	*	*	AF506484	*
N	*	102	*	*	*	*	*	GU247155	*
N	*	164	*	*	*	*	*	AJ296348	*
L	3118	214	*	*	*	*	*	AJ302440	*
H	3118	218	86.0	+	0	0	30MD53M9D32M7I44MD48M	AJ302421	AJ302440
N	*	250	*	*	*	*	*	AJ586573	*
N	*	201	*	*	*	*	*	AJ878737	*
L	3402	202	*	*	*	*	*	AY515362	*
H	3402	131	80.2	+	0	0	25M12D25M55I6M23I10M4I24MI29M	AM292048	AY515362
N	*	245	*	*	*	*	*	AM292858	*
L	6266	223	*	*	*	*	*	GU062295	*
H	6266	217	86.2	+	0	0	42MD34M10I71MD18MD9MD39M	AM399021	GU062295
L	7111	174	*	*	*	*	*	GU934540	*
H	7111	179	90.8	+	0	0	I11MD67M6D49MI45M	FJ614640	GU934540
L	4905	199	*	*	*	*	*	AY052487	*
H	4905	196	90.3	+	0	0	2D73MI15M3I30M3I7M2D67M	AJ866977	AY052487
N	*	224	*	*	*	*	*	AY781267	*
L	2534	250	*	*	*	*	*	FJ481046	*
H	2534	250	94.8	+	0	0	10I240M10D	FJ899626	FJ481046
N	*	250	*	*	*	*	*	AY313953	*
N	*	99	*	*	*	*	*	AY514636	*
N	*	250	*	*	*	*	*	AY571056	*
L	5621	237	*	*	*	*	*	FJ810153	*
H	5621	243	87.3	+	0	0	25MI23M2I30MI29MD23M8D13MD8MI16MI8MD13MD43M	AY618666	FJ810153
L	3181	203	*	*	*	*	*	JN865202	*
H	3181	203	88.7	+	0	0	31M2I69M4D32M2I67M	AY916467	JN865202
N	*	250	*	*	*	*	*	AY997074	*
N	*	232	*	*	*	*	*	DQ001294	*
N	*	250	*	*	*	*	*	DQ073396	*
L	2607	230	*	*	*	*	*	GU062269	*
H	2607	220	93.2	+	0	0	10I34MD127MI58M	DQ118419	GU062269
N	*	171	*	*	*	*	*	DQ137887	*
N	*	250	*	*	*	*	*	DQ144610	*
H	5840	250	86.0	+	0	0	19M2D78M2I63MD87MI	DQ144620	EU118610
N	*	250	*	*	*	*	*	DQ182505	*
N	*	250	*	*	*	*	*	DQ200929	*
L	960	190	*	*	*	*	*	AF444593	*
H	960	186	97.8	+	0	0	24MD30MI28MI40M2I9MI54M	DQ238743	AF444593
N	*	162	*	*	*	*	*	DQ323918	*
L	5447	110	*	*	*	*	*	DQ354533	*
H	5447	110	98.2	+	0	0	110M	DQ354545	DQ354533
H	4560	216	80.6	+	0	0	13MI109MI64M2I30M	DQ394383	AF451776
L	747	146	*	*	*	*	*	EU520134	*
H	747	140	81.4	+	0	0	I18M3I16M2D15MI7MI18M3I36MD27M	DQ404393	EU520134
N	*	167	*	*	*	*	*	DQ486698	*
L	6104	232	*	*	*	*	*	EU669387	*
H	6104	234	80.2	+	0	0	24MD28MD180M	DQ491500	EU669387
L	2572	218	*	*	*	*	*	GU994571	*
H	2572	222	85.8	+	0	0	2I18M2D88MI15MD30M2D35MD11MD18M	DQ534466	GU994571
N	*	250	*	*	*	*	*	DQ534568	*
N	*	250	*	*	*	*	*	EU846262	*
H	8399	110	99.1	+	0	0	110M	DQ873635	UDB011873
L	5889	250	*	*	*	*	*	EU246950	*
H	5889	250	97.2	+	0	0	4I90M4D156M	DQ875345	EU246950
L	5767	201	*	*	*	*	*	EF635904	*
H	5767	189	81.0	+	0	0	23MD74M7I6M7I45MD39M	DQ875351	EF635904
N	*	216	*	*	*	*	*	DQ915483	*
L	4599	183	*	*	*	*	*	AF486122	*
H	4599	169	81.1	+	0	0	3I20MI12MD18MD27M7I8M5I34MI13MD34M	EF029184	AF486122
L	7212	211	*	*	*	*	*	HM231265	*
H	7212	205	80.0	+	0	0	20M4D12MI20M2D30M5I18M7I34MD64M	EF029187	HM231265
N	*	232	*	*	*	*	*	EF029226	*
H	5482	132	81.8	+	0	0	93I20M7I29MI48MI35M	EF051060	DQ404381
N	*	250	*	*	*	*	*	EF091828	*
N	*	250	*	*	*	*	*	FJ596760	*
H	455	218	80.1	+	0	0	70MI17M3D12MD11MD33MD41M7D21M	EF469155	EU010256
H	455	212	80.1	+	0	0	114M2I24MD25MD14M6D27M	EF469157	EU010256
N	*	144	*	*	*	*	*	EF536348	*
N	*	213	*	*	*	*	*	EF596819	*
L	1741	221	*	*	*	*	*	FJ914798	*
H	1741	118	84.7	+	0	0	47M9I52M2I19M92I	EU075541	FJ914798
L	1163	224	*	*	*	*	*	AY621802	*
H	1163	250	82.1	+	0	0	22MD32M8D20MI10MI7MI38M9D15MI13M6D27M4D10M9D19M7I	EU118608	AY621802
N	*	246	*	*	*	*	*	EU118663	*
L	2827	226	*	*	*	*	*	JN198405	*
H	2827	232	91.6	+	0	0	2D7M2D19MD19MD181M	EU118665	JN198405
L	2085	250	*	*	*	*	*	DQ534460	*
H	2085	250	92.8	+	0	0	2I6MI65M2D176MD	EU266115	DQ534460
N	*	83	*	*	*	*	*	EU367452	*
L	406	184	*	*	*	*	*	EU041783	*
H	406	172	95.3	+	0	0	8I28MI59M3I85M	FJ839633	EU041783
N	*	245	*	*	*	*	*	EU552156	*
N	*	221	*	*	*	*	*	EU557365	*
L	1595	168	*	*	*	*	*	GQ922534	*
H	1595	173	86.9	+	0	0	4D101MD67M	EU573703	GQ922534
N	*	250	*	*	*	*	*	EU784394	*
N	*	241	*	*	*	*	*	EU825953	*
L	2934	246	*	*	*	*	*	JF908008	*
H	2934	243	81.5	+	0	0	34M2I42MI30MD20M2I19MD13MD7M3D28M2I21M2I23M	EU846252	JF908008
L	3872	250	*	*	*	*	*	AM087266	*
H	3872	250	88.0	+	0	0	25MD28M2D43M2D73M2D34M3I40M4I	EU846253	AM087266
N	*	250	*	*	*	*	*	FJ596763	*
L	6180	206	*	*	*	*	*	EU784317	*
H	6180	212	94.2	+	0	0	2I29MI23M8D18M2I63M3D68M	FJ596917	EU784317
L	1111	215	*	*	*	*	*	GQ865693	*
H	1111	240	80.9	+	0	0	29M15D60MD6M9D22MI62MD35M	FJ824769	GQ865693
N	*	128	*	*	*	*	*	FJ904669	*
L	1779	204	*	*	*	*	*	EU860383	*
H	1779	166	94.6	+	0	0	8I80M30I86M	FJ919668	EU860383
N	*	250	*	*	*	*	*	AF079701	*
L	5743	195	*	*	*	*	*	EF568082	*
H	5743	177	80.2	+	0	0	36MI14MI19M4I20M10I11MI46MI31M	FJ769426	EF568082
H	3954	222	85.1	+	0	0	53MI39M2I16MI8MI18M3I12M3D45MI28M	EU343826	DQ409168
L	6299	231	*	*	*	*	*	FJ197820	*
H	6299	234	84.4	+	0	0	10I24M7D19MI51MI17MD41MI11M7D25MD30M	GQ231749	FJ197820
L	1754	190	*	*	*	*	*	GU214649	*
H	1754	188	93.6	+	0	0	42MI49MD42MI18MI36M	GQ303268	GU214649
L	1208	208	*	*	*	*	*	FJ467358	*
H	1208	213	84.1	+	0	0	24MD24M6D98MD30M3I29M	JN207313	FJ467358
L	1597	235	*	*	*	*	*	GU062253	*
H	1597	217	92.6	+	0	0	60M2I9M14I42MI34MI72M	DQ426537	GU062253
N	*	150	*	*	*	*	*	GQ981510	*
N	*	238	*	*	*	*	*	GQ981513	*
N	*	123	*	*	*	*	*	GU053568	*
L	6539	230	*	*	*	*	*	GQ982886	*
H	6539	229	91.3	+	0	0	76MD29MI14MI12MI38MD58M	GU067734	GQ982886
N	*	227	*	*	*	*	*	GU184106	*
L	1141	250	*	*	*	*	*	AY033098	*
H	1141	250	96.0	+	0	0	10D240M10I	GU222273	AY033098
L	7822	250	*	*	*	*	*	GU233324	*
H	7822	250	90.0	+	0	0	22MD105M8D35MD61M2D15M12I	GU233322	GU233324
N	*	223	*	*	*	*	*	GU322433	*
L	4547	202	*	*	*	*	*	AF444359	*
H	4547	139	84.2	+	0	0	25M13I14M13I13MI15M18I13M8I11M8I14MI12MI22M	AF410472	AF444359
H	1741	223	88.7	+	0	0	3I45MD58MD60MD23MD23MD9M	AF115760	FJ914798
N	*	248	*	*	*	*	*	HE649950	*
N	*	236	*	*	*	*	*	HM244773	*
H	7247	213	85.4	+	0	0	40M3D86M10I84M	HM536095	HM536096
N	*	128	*	*	*	*	*	EU014072	*
L	4358	176	*	*	*	*	*	AF181700	*
H	4358	177	98.9	+	0	0	113MD63M	GU062240	AF181700
N	*	227	*	*	*	*	*	HQ441573	*
N	*	250	*	*	*	*	*	HQ533034	*
L	4667	195	*	*	*	*	*	AJ133431	*
H	4667	133	88.0	+	0	0	18MD52M64I9MI24M2D27M	HQ540524	AJ133431
L	2303	183	*	*	*	*	*	EU552155	*
H	2303	82	96.3	+	0	0	100I32MI50M	HQ637300	EU552155
H	5399	189	87.6	+	0	0	57MD25M13D27M6D38MI22M	AF178423	DQ247776
L	7604	238	*	*	*	*	*	JF263495	*
H	7604	240	92.0	+	0	0	18MD40MD11MD94M2D10MI40M2I22M	JF263493	JF263495
L	2855	250	*	*	*	*	*	JF419904	*
H	2855	250	87.2	+	0	0	15MI88MD53M2I34MI7MI48M4D	JF419893	JF419904
L	7634	250	*	*	*	*	*	JF419897	*
H	7634	250	81.6	+	0	0	24M7I96M6D84M2D25M2D11M3I	JF419899	JF419897
L	713	200	*	*	*	*	*	EU520187	*
H	713	198	98.5	+	0	0	2I198M	EU520097	EU520187
N	*	222	*	*	*	*	*	JF681958	*
L	7364	215	*	*	*	*	*	GQ355956	*
H	7364	234	86.0	+	0	0	3I66MD34M6D4M2D10M11D40MD4MD54M	JF692195	GQ355956
N	*	250	*	*	*	*	*	JF908597	*
L	5504	250	*	*	*	*	*	U56043	*
H	5504	250	96.0	+	0	0	250M	U56041	U56043
L	5271	227	*	*	*	*	*	AY854085	*
H	5271	224	82.6	+	0	0	32MI48M2I12MI13M3D32M3I13MD70M	JN165019	AY854085
N	*	250	*	*	*	*	*	JN710575	*
N	*	250	*	*	*	*	*	JQ029765	*
L	5615	195	*	*	*	*	*	EF029235	*
H	5615	80	87.5	+	0	0	119I11MD15MD24M3D25MI	U21820	EF029235
L	7801	197	*	*	*	*	*	JF908572	*
H	7801	195	90.3	+	0	0	2I22MD38MI30M2D14MI28MI60M	U57492	JF908572
N	*	250	*	*	*	*	*	UDB000647	*
L	2959	250	*	*	*	*	*	JF908326	*
H	2959	250	95.6	+	0	0	86MI22MI8MI45MI85M4D	UDB001486	JF908326
L	1213	199	*	*	*	*	*	FJ596791	*
H	1213	204	90.5	+	0	0	4D43M2D88M2I11MI24M2D30M	UDB001534	FJ596791
N	*	178	*	*	*	*	*	UDB003358	*
N	*	250	*	*	*	*	*	GU590932	*
D	171	2	*	*	*	*	80.8	EF026122	*
D	172	3	*	*	*	*	83.1	EF026137	*
D	226	2	*	*	*	*	93.2	EF452729	*
D	250	2	*	*	*	*	90.9	GU062198	*
D	276	2	*	*	*	*	87.6	AB277789	*
D	284	2	*	*	*	*	93.1	EF535663	*
D	286	2	*	*	*	*	97.1	EF535692	*
D	296	2	*	*	*	*	80.2	EF197081	*
D	311	2	*	*	*	*	91.4	FN423704	*
D	337	2	*	*	*	*	94.4	AF357051	*
D	406	2	*	*	*	*	95.3	EU041783	*
D	455	4	*	*	*	*	82.2	EU010256	*
D	466	2	*	*	*	*	92.2	AF254628	*
D	485	2	*	*	*	*	96.3	AJ302444	*
D	543	2	*	*	*	*	98.8	AF310102	*
D	568	2	*	*	*	*	93.5	EU282475	*
D	609	2	*	*	*	*	80.2	EU557359	*
D	621	2	*	*	*	*	97.9	EU255009	*
D	713	2	*	*	*	*	98.5	EU520187	*
D	714	2	*	*	*	*	80.1	FJ473426	*
D	747	2	*	*	*	*	81.4	EU520134	*
D	785	2	*	*	*	*	81.2	EU552141	*
D	872	2	*	*	*	*	92.2	EU673336	*
D	886	2	*	*	*	*	87.6	EU683655	*
D	919	2	*	*	*	*	98.9	FJ617293	*
D	954	3	*	*	*	*	91.3	GQ465774	*
D	960	2	*	*	*	*	97.8	AF444593	*
D	984	2	*	*	*	*	96.9	JF908710	*
D	1090	2	*	*	*	*	94.0	U57991	*
D	1111	2	*	*	*	*	80.9	GQ865693	*
D	1112	2	*	*	*	*	80.5	EF026121	*
D	1126	2	*	*	*	*	88.0	EU935494	*
D	1131	2	*	*	*	*	83.0	EU935556	*
D	1141	2	*	*	*	*	96.0	AY033098	*
D	1142	2	*	*	*	*	96.0	AY033108	*
D	1163	2	*	*	*	*	82.1	AY621802	*
D	1165	3	*	*	*	*	99.4	AF310087	*
D	1186	2	*	*	*	*	98.0	FJ501570	*
D	1201	2	*	*	*	*	95.3	FJ624258	*
D	1208	2	*	*	*	*	84.1	FJ467358	*
D	1213	2	*	*	*	*	90.5	FJ596791	*
D	1218	2	*	*	*	*	84.1	FM878001	*
D	1248	2	*	*	*	*	96.8	FJ460589	*
D	1262	2	*	*	*	*	80.8	AF407163	*
D	1358	2	*	*	*	*	82.1	FJ871085	*
D	1375	2	*	*	*	*	93.5	FJ872071	*
D	1382	2	*	*	*	*	94.3	FJ462770	*
D	1496	2	*	*	*	*	83.2	GQ292540	*
D	1522	2	*	*	*	*	97.8	AB516663	*
D	1557	2	*	*	*	*	90.9	GQ303274	*
D	1559	2	*	*	*	*	91.1	GQ303296	*
D	1595	2	*	*	*	*	86.9	GQ922534	*
D	1597	2	*	*	*	*	92.6	GU062253	*
D	1658	3	*	*	*	*	87.6	GQ913398	*
D	1685	2	*	*	*	*	87.1	GU222266	*
D	1722	2	*	*	*	*	92.4	GU229806	*
D	1723	2	*	*	*	*	80.4	GU229807	*
D	1741	3	*	*	*	*	86.7	FJ914798	*
D	1752	2	*	*	*	*	92.9	GU214644	*
D	1754	2	*	*	*	*	93.6	GU214649	*
D	1764	2	*	*	*	*	83.4	EF026149	*
D	1769	3	*	*	*	*	92.8	EU913721	*
D	1779	2	*	*	*	*	94.6	EU860383	*
D	1800	2	*	*	*	*	82.3	AY204610	*
D	1829	2	*	*	*	*	87.6	EF634420	*
D	1862	2	*	*	*	*	98.6	GQ996575	*
D	1958	2	*	*	*	*	80.6	AF009812	*
D	2085	2	*	*	*	*	92.8	DQ534460	*
D	2106	2	*	*	*	*	81.9	HM046875	*
D	2152	2	*	*	*	*	87.1	GU234048	*
D	2160	2	*	*	*	*	86.8	GU234078	*
D	2225	2	*	*	*	*	97.7	FJ878682	*
D	2249	2	*	*	*	*	80.1	HM161507	*
D	2258	2	*	*	*	*	97.9	HM595526	*
D	2262	2	*	*	*	*	83.7	FN859431	*
D	2284	2	*	*	*	*	92.9	HQ589142	*
D	2303	2	*	*	*	*	96.3	EU552155	*
D	2304	2	*	*	*	*	100.0	AF034461	*
D	2392	2	*	*	*	*	88.0	HM005143	*
D	2534	2	*	*	*	*	94.8	FJ481046	*
D	2572	2	*	*	*	*	85.8	GU994571	*
D	2607	2	*	*	*	*	93.2	GU062269	*
D	2631	2	*	*	*	*	87.1	HQ917069	*
D	2664	2	*	*	*	*	96.4	JF683419	*
D	2768	2	*	*	*	*	81.4	DQ383647	*
D	2805	3	*	*	*	*	92.9	JF499851	*
D	2823	2	*	*	*	*	81.5	FJ168599	*
D	2827	2	*	*	*	*	91.6	JN198405	*
D	2855	2	*	*	*	*	87.2	JF419904	*
D	2878	2	*	*	*	*	94.9	JF268773	*
D	2934	2	*	*	*	*	81.5	JF908008	*
D	2939	2	*	*	*	*	86.0	FJ168588	*
D	2958	3	*	*	*	*	83.1	AF454590	*
D	2959	2	*	*	*	*	95.6	JF908326	*
D	2990	2	*	*	*	*	85.3	JF908719	*
D	3053	3	*	*	*	*	86.5	HQ650610	*
D	3100	2	*	*	*	*	95.6	AY367583	*
D	3118	2	*	*	*	*	86.0	AJ302440	*
D	3146	2	*	*	*	*	83.3	JN049866	*
D	3181	2	*	*	*	*	88.7	JN865202	*
D	3199	2	*	*	*	*	84.4	JF439471	*
D	3218	2	*	*	*	*	80.1	JN943311	*
D	3242	2	*	*	*	*	86.8	AF079693	*
D	3243	2	*	*	*	*	94.4	AF079725	*
D	3244	2	*	*	*	*	94.4	AF079721	*
D	3296	2	*	*	*	*	80.8	JN710549	*
D	3297	2	*	*	*	*	90.0	JN710558	*
D	3302	2	*	*	*	*	84.8	AB067724	*
D	3396	2	*	*	*	*	83.3	AF042422	*
D	3402	2	*	*	*	*	80.2	AY515362	*
D	3429	2	*	*	*	*	90.8	AF117353	*
D	3436	3	*	*	*	*	84.6	AY534119	*
D	3475	2	*	*	*	*	80.5	AY544779	*
D	3485	2	*	*	*	*	83.8	AY603496	*
D	3554	2	*	*	*	*	87.2	AF079584	*
D	3558	2	*	*	*	*	96.6	DQ119115	*
D	3592	2	*	*	*	*	97.9	AY854070	*
D	3641	2	*	*	*	*	87.5	AY745997	*
D	3681	2	*	*	*	*	83.2	DQ001299	*
D	3705	3	*	*	*	*	87.1	FJ228196	*
D	3752	2	*	*	*	*	93.8	GQ922535	*
D	3753	2	*	*	*	*	95.7	GQ922574	*
D	3758	2	*	*	*	*	83.1	U18353	*
D	3848	2	*	*	*	*	85.5	DQ202516	*
D	3872	2	*	*	*	*	88.0	AM087266	*
D	3903	2	*	*	*	*	98.0	EU597076	*
D	3954	3	*	*	*	*	86.6	DQ409168	*
D	3979	2	*	*	*	*	86.4	DQ431172	*
D	3993	2	*	*	*	*	89.6	FJ228165	*
D	4004	2	*	*	*	*	98.1	DQ491513	*
D	4005	2	*	*	*	*	83.4	DQ491515	*
D	4029	2	*	*	*	*	97.6	AF487273	*
D	4063	2	*	*	*	*	84.0	AB454300	*
D	4092	2	*	*	*	*	86.0	FJ439582	*
D	4150	2	*	*	*	*	87.1	AB458188	*
D	4165	2	*	*	*	*	81.2	AB481252	*
D	4166	2	*	*	*	*	83.4	AB481256	*
D	4191	2	*	*	*	*	90.0	AB524797	*
D	4206	3	*	*	*	*	92.4	GU244511	*
D	4231	2	*	*	*	*	96.4	FJ378879	*
D	4236	2	*	*	*	*	88.4	AF260224	*
D	4265	2	*	*	*	*	87.6	AF059232	*
D	4328	2	*	*	*	*	97.9	DQ904246	*
D	4333	2	*	*	*	*	92.6	AF141367	*
D	4358	2	*	*	*	*	98.9	AF181700	*
D	4380	2	*	*	*	*	89.0	FJ185303	*
D	4389	2	*	*	*	*	91.7	AF222836	*
D	4479	2	*	*	*	*	84.4	AF351146	*
D	4536	2	*	*	*	*	91.1	AF433152	*
D	4546	2	*	*	*	*	83.9	AY898956	*
D	4547	2	*	*	*	*	84.2	AF444359	*
D	4552	2	*	*	*	*	95.5	AF444530	*
D	4558	3	*	*	*	*	80.8	AF448458	*
D	4560	3	*	*	*	*	80.7	AF451776	*
D	4584	2	*	*	*	*	95.5	HM036593	*
D	4587	2	*	*	*	*	95.8	AF462432	*
D	4589	2	*	*	*	*	87.5	AF479669	*
D	4597	2	*	*	*	*	92.0	AF485069	*
D	4599	2	*	*	*	*	81.1	AF486122	*
D	4619	2	*	*	*	*	83.2	GU214636	*
D	4667	2	*	*	*	*	88.0	AJ133431	*
D	4714	2	*	*	*	*	95.7	AJ301714	*
D	4766	2	*	*	*	*	85.9	AJ439440	*
D	4838	2	*	*	*	*	88.1	AM114417	*
D	4905	2	*	*	*	*	90.3	AY052487	*
D	4921	2	*	*	*	*	84.4	AY004794	*
D	4922	2	*	*	*	*	82.5	AY004801	*
D	4965	2	*	*	*	*	97.1	DQ066711	*
D	4972	2	*	*	*	*	91.2	AY129368	*
D	4975	2	*	*	*	*	83.2	DQ257360	*
D	4991	2	*	*	*	*	81.0	AY176458	*
D	5038	2	*	*	*	*	85.4	AY254710	*
D	5047	2	*	*	*	*	92.1	AY278839	*
D	5139	2	*	*	*	*	94.4	AY513570	*
D	5146	2	*	*	*	*	85.6	GU136204	*
D	5188	2	*	*	*	*	92.2	AY615208	*
D	5190	2	*	*	*	*	81.4	AY618669	*
D	5248	2	*	*	*	*	96.9	AY754003	*
D	5270	2	*	*	*	*	84.3	AY849307	*
D	5271	2	*	*	*	*	82.6	AY854085	*
D	5279	2	*	*	*	*	82.1	AY884177	*
D	5374	2	*	*	*	*	90.0	DQ196435	*
D	5399	4	*	*	*	*	87.8	DQ247776	*
D	5447	2	*	*	*	*	98.2	DQ354533	*
D	5461	2	*	*	*	*	93.2	DQ384587	*
D	5482	3	*	*	*	*	81.0	DQ404381	*
D	5504	2	*	*	*	*	96.0	U56043	*
D	5519	2	*	*	*	*	87.6	DQ525473	*
D	5526	2	*	*	*	*	84.7	DQ525524	*
D	5568	2	*	*	*	*	83.7	EU030349	*
D	5584	2	*	*	*	*	89.3	DQ923529	*
D	5585	2	*	*	*	*	92.9	DQ923534	*
D	5615	2	*	*	*	*	87.5	EF029235	*
D	5621	2	*	*	*	*	87.3	FJ810153	*
D	5671	2	*	*	*	*	80.6	EF179801	*
D	5737	2	*	*	*	*	88.4	AY176447	*
D	5743	2	*	*	*	*	80.2	EF568082	*
D	5749	2	*	*	*	*	85.8	EF592152	*
D	5767	2	*	*	*	*	81.0	EF635904	*
D	5777	2	*	*	*	*	86.0	AY216474	*
D	5778	2	*	*	*	*	96.7	EU006540	*
D	5814	2	*	*	*	*	80.4	FN428923	*
D	5840	4	*	*	*	*	83.5	EU118610	*
D	5889	2	*	*	*	*	97.2	EU246950	*
D	5892	2	*	*	*	*	80.1	EU249479	*
D	5915	2	*	*	*	*	83.5	EU266558	*
D	5932	2	*	*	*	*	94.5	FJ914680	*
D	5985	2	*	*	*	*	97.8	FJ515894	*
D	6083	2	*	*	*	*	83.2	UDB008299	*
D	6096	2	*	*	*	*	90.5	FR694202	*
D	6104	2	*	*	*	*	80.2	EU669387	*
D	6130	2	*	*	*	*	84.8	DQ367894	*
D	6156	2	*	*	*	*	86.8	EU744915	*
D	6180	2	*	*	*	*	94.2	EU784317	*
D	6205	2	*	*	*	*	84.0	FJ596899	*
D	6224	2	*	*	*	*	90.8	EU833658	*
D	6257	2	*	*	*	*	83.4	EU938675	*
D	6266	2	*	*	*	*	86.2	GU062295	*
D	6299	2	*	*	*	*	84.4	FJ197820	*
D	6327	2	*	*	*	*	87.2	FJ411100	*
D	6355	2	*	*	*	*	83.6	FJ431255	*
D	6393	2	*	*	*	*	91.3	FJ487920	*
D	6400	2	*	*	*	*	93.7	FJ493187	*
D	6426	2	*	*	*	*	88.8	FJ596854	*
D	6431	2	*	*	*	*	82.4	FJ596891	*
D	6466	2	*	*	*	*	87.1	FJ664885	*
D	6492	2	*	*	*	*	92.9	FJ624396	*
D	6501	2	*	*	*	*	80.2	AJ889927	*
D	6510	2	*	*	*	*	88.9	FJ824614	*
D	6539	2	*	*	*	*	91.3	GQ982886	*
D	6569	2	*	*	*	*	86.0	FJ914805	*
D	6586	2	*	*	*	*	81.4	EU343867	*
D	6649	2	*	*	*	*	97.1	FN547645	*
D	6675	2	*	*	*	*	88.9	AY599566	*
D	6801	3	*	*	*	*	85.9	GQ452265	*
D	6802	2	*	*	*	*	96.1	DQ681321	*
D	6820	2	*	*	*	*	90.4	FJ596856	*
D	6825	2	*	*	*	*	85.1	GQ919281	*
D	6890	2	*	*	*	*	83.9	FJ467353	*
D	6901	2	*	*	*	*	84.4	GU187528	*
D	6938	2	*	*	*	*	87.6	GU233325	*
D	6986	2	*	*	*	*	88.8	GU291276	*
D	7018	2	*	*	*	*	88.6	GU324741	*
D	7028	2	*	*	*	*	85.2	UDB003208	*
D	7111	2	*	*	*	*	90.8	GU934540	*
D	7116	2	*	*	*	*	87.8	FJ537093	*
D	7120	2	*	*	*	*	80.3	FJ940904	*
D	7184	2	*	*	*	*	89.6	GQ169767	*
D	7212	2	*	*	*	*	80.0	HM231265	*
D	7224	2	*	*	*	*	83.8	DQ679806	*
D	7247	3	*	*	*	*	85.5	HM536096	*
D	7269	2	*	*	*	*	98.1	HM578947	*
D	7273	2	*	*	*	*	93.2	HM583833	*
D	7277	2	*	*	*	*	92.4	HM595594	*
D	7312	2	*	*	*	*	95.1	AJ315834	*
D	7364	2	*	*	*	*	86.0	GQ355956	*
D	7368	2	*	*	*	*	94.8	GQ398240	*
D	7378	2	*	*	*	*	94.6	HQ328947	*
D	7418	2	*	*	*	*	94.6	EF029230	*
D	7485	2	*	*	*	*	87.2	GQ121328	*
D	7505	2	*	*	*	*	82.0	HQ650669	*
D	7591	2	*	*	*	*	85.3	HQ897813	*
D	7604	2	*	*	*	*	92.0	JF263495	*
D	7634	2	*	*	*	*	81.6	JF419897	*
D	7684	3	*	*	*	*	88.5	JF681959	*
D	7713	2	*	*	*	*	92.1	JF714251	*
D	7801	2	*	*	*	*	90.3	JF908572	*
D	7817	2	*	*	*	*	84.1	JF951151	*
D	7822	2	*	*	*	*	90.0	GU233324	*
D	7872	2	*	*	*	*	81.8	JN182916	*
D	7882	2	*	*	*	*	81.2	JN198487	*
D	7886	3	*	*	*	*	85.0	EU272519	*
D	7930	2	*	*	*	*	81.0	FJ794472	*
D	7936	2	*	*	*	*	94.3	GQ280551	*
D	8045	2	*	*	*	*	90.8	U35306	*
D	8064	4	*	*	*	*	92.4	U51966	*
D	8072	2	*	*	*	*	82.8	U57405	*
D	8148	3	*	*	*	*	81.1	UDB000691	*
D	8391	2	*	*	*	*	86.4	UDB011841	*
D	8399	3	*	*	*	*	99.1	UDB011873	*
D	8406	2	*	*	*	*	89.8	Z37064	*
D	8417	2	*	*	*	*	82.5	Z80880	*
