UclustConsensusTaxonAssigner parameters:
id_to_taxonomy_filepath:/Users/nbokulich/Desktop/projects/short-read-tax-assignment/data/novel-taxa-simulations/F1-REF-L5-iter1/ref_taxa.tsv
id_to_taxonomy_fp:/Users/nbokulich/Desktop/projects/short-read-tax-assignment/data/novel-taxa-simulations/F1-REF-L5-iter1/ref_taxa.tsv
max_accepts:1
min_consensus_fraction:0.76
reference_sequences_fp:/Users/nbokulich/Desktop/projects/short-read-tax-assignment/data/novel-taxa-simulations/F1-REF-L5-iter1/ref_seqs.fasta
similarity:0.9
unassignable_label:Unassigned
Result path: /var/folders/0t/l1dz88p50y91vx_22fx5w3780000gn/T/assign-taxUfku0O

.uc file contents:

# uclust --input /Users/nbokulich/Desktop/projects/short-read-tax-assignment/data/novel-taxa-simulations/F1-REF-L5-iter1/query.fasta --id 0.9 --rev --maxaccepts 1 --allhits --libonly --lib /Users/nbokulich/Desktop/projects/short-read-tax-assignment/data/novel-taxa-simulations/F1-REF-L5-iter1/ref_seqs.fasta --uc /var/folders/0t/l1dz88p50y91vx_22fx5w3780000gn/T/UclustConsensusTaxonAssigner_BdA_zf.uc
# version=1.2.22
# Tab-separated fields:
# 1=Type, 2=ClusterNr, 3=SeqLength or ClusterSize, 4=PctId, 5=Strand, 6=QueryStart, 7=SeedStart, 8=Alignment, 9=QueryLabel, 10=TargetLabel
# Record types (field 1): L=LibSeed, S=NewSeed, H=Hit, R=Reject, D=LibCluster, C=NewCluster, N=NoHit
# For C and D types, PctId is average id with seed.
# QueryStart and SeedStart are zero-based relative to start of sequence.
# If minus strand, SeedStart is relative to reverse-complemented seed.
N	*	250	*	*	*	*	*	U33070	*
N	*	206	*	*	*	*	*	AF289074	*
N	*	214	*	*	*	*	*	AF297745	*
N	*	203	*	*	*	*	*	DQ525490	*
N	*	83	*	*	*	*	*	DQ322080	*
L	6686	234	*	*	*	*	*	EF493288	*
H	6686	234	95.3	+	0	0	234M	DQ482007	EF493288
N	*	250	*	*	*	*	*	AH009861	*
N	*	218	*	*	*	*	*	AF395684	*
L	299	185	*	*	*	*	*	FJ903374	*
H	299	187	97.8	+	0	0	56MD58MD71M	FJ948133	FJ903374
N	*	250	*	*	*	*	*	GQ389623	*
N	*	222	*	*	*	*	*	AJ716305	*
N	*	137	*	*	*	*	*	DQ104734	*
L	6016	250	*	*	*	*	*	EU118671	*
H	6016	250	97.6	+	0	0	2D248M2I	DQ681201	EU118671
L	2499	225	*	*	*	*	*	FJ617296	*
H	2499	183	90.7	+	0	0	5I46MD19M14I8M23I63MI46M	DQ812914	FJ617296
N	*	210	*	*	*	*	*	DQ681328	*
N	*	181	*	*	*	*	*	EU041821	*
N	*	239	*	*	*	*	*	DQ631943	*
N	*	247	*	*	*	*	*	AF166504	*
N	*	250	*	*	*	*	*	DQ846890	*
N	*	157	*	*	*	*	*	DQ789093	*
N	*	87	*	*	*	*	*	DQ849319	*
L	7573	241	*	*	*	*	*	HQ599577	*
H	7573	226	91.2	+	0	0	96M6I15M7I10M2I105M	FJ010336	HQ599577
N	*	232	*	*	*	*	*	UDB011365	*
N	*	94	*	*	*	*	*	DQ911605	*
N	*	250	*	*	*	*	*	DQ875343	*
N	*	250	*	*	*	*	*	DQ875353	*
L	5919	201	*	*	*	*	*	EF635904	*
H	5919	189	91.5	+	0	0	43M2D19M2I33M11I14MI78M	DQ875355	EF635904
N	*	145	*	*	*	*	*	DQ974688	*
N	*	127	*	*	*	*	*	EF025406	*
N	*	240	*	*	*	*	*	DQ867113	*
L	2252	229	*	*	*	*	*	AB190871	*
H	2252	224	92.4	+	0	0	98M2I17MI56MI18MI35M	GQ241289	AB190871
N	*	218	*	*	*	*	*	EF010926	*
N	*	250	*	*	*	*	*	DQ873601	*
N	*	154	*	*	*	*	*	DQ873647	*
N	*	250	*	*	*	*	*	DQ873655	*
N	*	193	*	*	*	*	*	DQ873660	*
L	5504	230	*	*	*	*	*	AY929375	*
H	5504	235	92.2	+	0	0	19MD14MD19M2D110MD68M	DQ885897	AY929375
N	*	173	*	*	*	*	*	EF029241	*
L	8068	219	*	*	*	*	*	FJ430782	*
H	8068	212	98.6	+	0	0	4I7M2I16MI189M	DQ888741	FJ430782
N	*	202	*	*	*	*	*	AF229484	*
L	57	209	*	*	*	*	*	AY078151	*
H	57	208	98.6	+	0	0	30MI178M	AY347389	AY078151
N	*	111	*	*	*	*	*	AF250801	*
N	*	183	*	*	*	*	*	AF284388	*
N	*	102	*	*	*	*	*	AJ390377	*
N	*	250	*	*	*	*	*	AJ877221	*
L	5291	178	*	*	*	*	*	EU851932	*
H	5291	167	97.6	+	0	0	167M11I	EF011655	EU851932
N	*	250	*	*	*	*	*	AY943974	*
N	*	214	*	*	*	*	*	EF026118	*
N	*	250	*	*	*	*	*	AY461834	*
N	*	250	*	*	*	*	*	AY130309	*
L	4425	221	*	*	*	*	*	AF072233	*
H	4425	221	95.5	+	0	0	221M	EF373565	AF072233
N	*	250	*	*	*	*	*	FJ869184	*
L	6941	213	*	*	*	*	*	FJ907535	*
H	6941	218	94.4	+	0	0	43MD68MD38M3D64M	AY004807	FJ907535
N	*	250	*	*	*	*	*	AB252471	*
L	5008	225	*	*	*	*	*	AB378506	*
H	5008	135	91.9	+	0	0	90I135M	AJ292464	AB378506
L	1137	123	*	*	*	*	*	DQ674362	*
H	1137	137	93.5	+	0	0	14D123M	EU879155	DQ674362
N	*	250	*	*	*	*	*	AB378667	*
N	*	127	*	*	*	*	*	AF319423	*
N	*	208	*	*	*	*	*	EF432245	*
L	3991	224	*	*	*	*	*	FJ605260	*
H	3991	220	93.2	+	0	0	69M2I26MI97MI28M	EF452729	FJ605260
N	*	224	*	*	*	*	*	U57351	*
N	*	250	*	*	*	*	*	AF335455	*
N	*	250	*	*	*	*	*	AF335457	*
L	1257	233	*	*	*	*	*	FJ467362	*
H	1257	220	90.9	+	0	0	76MI26MI8M6I23M5I16MD33M2I15MD21M	EF155499	FJ467362
N	*	211	*	*	*	*	*	EF445992	*
N	*	250	*	*	*	*	*	AM882939	*
N	*	175	*	*	*	*	*	AJ307021	*
N	*	250	*	*	*	*	*	U10409	*
L	4688	181	*	*	*	*	*	EU707856	*
H	4688	184	91.2	+	0	0	30MD36MI48M2D18MD48M	AF309613	EU707856
N	*	250	*	*	*	*	*	EF190271	*
N	*	250	*	*	*	*	*	EF183540	*
N	*	250	*	*	*	*	*	EF530937	*
N	*	250	*	*	*	*	*	FJ608588	*
L	5319	173	*	*	*	*	*	AY607017	*
H	5319	171	91.8	+	0	0	84M2I87M	EF535657	AY607017
L	4648	180	*	*	*	*	*	AF362062	*
H	4648	173	98.8	+	0	0	7I173M	EF535663	AF362062
H	5319	173	94.2	+	0	0	173M	EF535688	AY607017
H	4688	173	99.4	+	0	0	8I173M	EF535692	EU707856
N	*	180	*	*	*	*	*	AF383953	*
N	*	211	*	*	*	*	*	EF197080	*
N	*	250	*	*	*	*	*	AY569028	*
L	5596	113	*	*	*	*	*	DQ354537	*
H	5596	110	98.2	+	0	0	34M3I76M	EF561640	DQ354537
N	*	187	*	*	*	*	*	EF568065	*
L	3252	110	*	*	*	*	*	FR750143	*
H	3252	116	95.5	+	0	0	71M7D17MI21M	FN423704	FR750143
L	5545	228	*	*	*	*	*	DQ233665	*
H	5545	228	99.1	+	0	0	228M	GQ241277	DQ233665
L	7386	215	*	*	*	*	*	EU833206	*
H	7386	218	92.1	+	0	0	35M2D79M2D29MI71M	EF447422	EU833206
N	*	250	*	*	*	*	*	EF409766	*
N	*	250	*	*	*	*	*	GU136212	*
L	5870	235	*	*	*	*	*	EF447306	*
H	5870	226	90.7	+	0	0	87M2I20M5I19M2I100M	EF447406	EF447306
L	5234	228	*	*	*	*	*	EF447402	*
H	5234	228	98.2	+	0	0	228M	EF447370	EF447402
N	*	173	*	*	*	*	*	EF636923	*
N	*	199	*	*	*	*	*	AF284447	*
L	533	250	*	*	*	*	*	AF438570	*
H	533	250	90.8	+	0	0	D52MD91M13I38MD12MI43M11D	AF357062	AF438570
N	*	250	*	*	*	*	*	DQ534463	*
N	*	221	*	*	*	*	*	DQ534467	*
N	*	215	*	*	*	*	*	DQ534479	*
N	*	206	*	*	*	*	*	EF989122	*
N	*	121	*	*	*	*	*	AM749919	*
L	7017	229	*	*	*	*	*	FN868458	*
H	7017	229	98.7	+	0	0	229M	GQ376103	FN868458
L	994	222	*	*	*	*	*	EU784156	*
H	994	220	92.7	+	0	0	109M2I57MI25MD28M	EU034667	EU784156
N	*	189	*	*	*	*	*	AF444418	*
N	*	160	*	*	*	*	*	AB274813	*
L	2728	250	*	*	*	*	*	AF506430	*
H	2728	250	94.8	+	0	0	250M	EU118620	AF506430
N	*	222	*	*	*	*	*	EU118639	*
N	*	221	*	*	*	*	*	EU069498	*
L	6371	187	*	*	*	*	*	EU882112	*
H	6371	180	90.0	+	0	0	35MI33MI24MI54M3I11MI23M	EU041780	EU882112
N	*	229	*	*	*	*	*	EU035401	*
N	*	250	*	*	*	*	*	AB361654	*
N	*	212	*	*	*	*	*	EU006532	*
N	*	225	*	*	*	*	*	AF332117	*
L	7717	176	*	*	*	*	*	EU603292	*
H	7717	174	97.1	+	0	0	2D78MI6M2I59MI29M	EU144054	EU603292
N	*	230	*	*	*	*	*	FJ766487	*
L	1442	215	*	*	*	*	*	GQ293943	*
H	1442	213	96.7	+	0	0	2I213M	AJ302460	GQ293943
N	*	149	*	*	*	*	*	HQ604773	*
N	*	233	*	*	*	*	*	EU266079	*
N	*	222	*	*	*	*	*	EU266083	*
N	*	205	*	*	*	*	*	EU266086	*
N	*	235	*	*	*	*	*	EU266090	*
N	*	209	*	*	*	*	*	EU266100	*
N	*	223	*	*	*	*	*	EU266103	*
N	*	102	*	*	*	*	*	EU551211	*
N	*	250	*	*	*	*	*	EU352771	*
L	1536	191	*	*	*	*	*	EU715605	*
H	1536	193	97.4	+	0	0	8M2D183M	EU339370	EU715605
L	2803	250	*	*	*	*	*	FJ501572	*
H	2803	250	90.8	+	0	0	32MI10MI17MI14M2I17MI73M9D78M3I	EF595847	FJ501572
L	7813	250	*	*	*	*	*	JF712849	*
H	7813	250	99.6	+	0	0	250M	AF310102	JF712849
N	*	172	*	*	*	*	*	EU249469	*
N	*	237	*	*	*	*	*	EU402583	*
N	*	205	*	*	*	*	*	EU402586	*
L	1607	205	*	*	*	*	*	AB378548	*
H	1607	200	98.0	+	0	0	62M6I81MD56M	EU266591	AB378548
N	*	219	*	*	*	*	*	EU526001	*
N	*	250	*	*	*	*	*	EU557359	*
L	5559	170	*	*	*	*	*	DQ247776	*
H	5559	173	90.6	+	0	0	55MD19MD12MD16M2D14MI23MI29M	EU551192	DQ247776
L	4015	96	*	*	*	*	*	EU199178	*
H	4015	100	91.7	+	0	0	2D30MD31MD35M	EU254860	EU199178
L	3814	95	*	*	*	*	*	HQ414605	*
H	3814	95	100.0	+	0	0	95M	EU255033	HQ414605
N	*	222	*	*	*	*	*	AF410820	*
L	4795	250	*	*	*	*	*	AF506446	*
H	4795	250	99.6	+	0	0	250M	AF195603	AF506446
L	707	250	*	*	*	*	*	U56056	*
H	707	250	95.2	+	0	0	22MI107MI75MD34MI9M2D	U56036	U56056
N	*	201	*	*	*	*	*	AJ842332	*
N	*	250	*	*	*	*	*	EU652349	*
N	*	122	*	*	*	*	*	EU837210	*
N	*	250	*	*	*	*	*	AB301606	*
N	*	184	*	*	*	*	*	EU707900	*
L	764	149	*	*	*	*	*	EU520144	*
H	764	146	97.3	+	0	0	26M2I19MI101M	EU520134	EU520144
N	*	250	*	*	*	*	*	EU697242	*
N	*	250	*	*	*	*	*	EU623638	*
N	*	250	*	*	*	*	*	EU552137	*
N	*	250	*	*	*	*	*	EU552152	*
L	1735	196	*	*	*	*	*	AJ427408	*
H	1735	195	92.8	+	0	0	41M2I72M2D44MI36M	AF395309	AJ427408
L	4185	224	*	*	*	*	*	AB077654	*
H	4185	97	90.7	+	0	0	125I53MI14MI30M	AB329690	AB077654
N	*	250	*	*	*	*	*	AJ518879	*
N	*	223	*	*	*	*	*	EU669214	*
N	*	250	*	*	*	*	*	GQ165705	*
N	*	210	*	*	*	*	*	EU819439	*
L	884	215	*	*	*	*	*	EU673340	*
H	884	192	90.6	+	0	0	87M23I105M	EU673336	EU673340
L	7719	213	*	*	*	*	*	FJ441624	*
H	7719	212	94.3	+	0	0	111MI101M	EU856062	FJ441624
L	7016	229	*	*	*	*	*	AF085492	*
H	7016	229	91.3	+	0	0	25M2D21MI49MI132M	EU918698	AF085492
N	*	211	*	*	*	*	*	EU913701	*
N	*	207	*	*	*	*	*	EU681281	*
N	*	229	*	*	*	*	*	EU681286	*
N	*	163	*	*	*	*	*	EU681363	*
N	*	232	*	*	*	*	*	AF396864	*
N	*	139	*	*	*	*	*	AF410474	*
L	7984	207	*	*	*	*	*	JN564004	*
H	7984	208	94.2	+	0	0	36MI75MD4MD91M	EU715604	JN564004
N	*	165	*	*	*	*	*	EU715633	*
N	*	153	*	*	*	*	*	AF444664	*
L	4171	154	*	*	*	*	*	AB042227	*
H	4171	152	91.4	+	0	0	66MD12MI19MI28MI26M	AF444461	AB042227
N	*	188	*	*	*	*	*	AF444494	*
L	5557	186	*	*	*	*	*	DQ238743	*
H	5557	190	97.8	+	0	0	24MI32MD26MD40M2D9MD54M	AF444593	DQ238743
L	2714	189	*	*	*	*	*	FJ474073	*
H	2714	203	90.5	+	0	0	83MI10M10D26M4D35MD34M	EF121861	FJ474073
N	*	218	*	*	*	*	*	DQ497616	*
N	*	140	*	*	*	*	*	FJ172292	*
N	*	176	*	*	*	*	*	FM206478	*
N	*	250	*	*	*	*	*	EU784176	*
N	*	236	*	*	*	*	*	EU784181	*
N	*	198	*	*	*	*	*	EU784186	*
L	6313	220	*	*	*	*	*	EU784262	*
H	6313	226	92.7	+	0	0	53M3D34MD57MD57MD19M	EU784261	EU784262
N	*	250	*	*	*	*	*	GQ140240	*
N	*	188	*	*	*	*	*	EU784373	*
N	*	215	*	*	*	*	*	U66009	*
N	*	250	*	*	*	*	*	EU833653	*
L	6353	250	*	*	*	*	*	EU833658	*
H	6353	250	90.8	+	0	0	136MI9M3D52MD49M3I	EU833654	EU833658
N	*	201	*	*	*	*	*	AF003989	*
N	*	192	*	*	*	*	*	U57089	*
L	4330	166	*	*	*	*	*	AB481286	*
H	4330	168	94.6	+	0	0	106MD12MD48M	U57991	AB481286
N	*	250	*	*	*	*	*	FJ441028	*
N	*	143	*	*	*	*	*	FM163194	*
L	1538	189	*	*	*	*	*	GQ249947	*
H	1538	189	97.9	+	0	0	189M	GU248327	GQ249947
N	*	120	*	*	*	*	*	EU885304	*
N	*	230	*	*	*	*	*	DQ200924	*
N	*	225	*	*	*	*	*	FJ598616	*
N	*	228	*	*	*	*	*	EU982643	*
L	3812	172	*	*	*	*	*	AY943057	*
H	3812	183	95.3	+	0	0	10D138MD34M	FJ624258	AY943057
N	*	185	*	*	*	*	*	FJ534871	*
N	*	231	*	*	*	*	*	FJ483845	*
L	8288	204	*	*	*	*	*	UDB001534	*
H	8288	199	90.5	+	0	0	4I43M2I88M2D11MD24M2I30M	FJ596791	UDB001534
L	7959	192	*	*	*	*	*	EU482301	*
H	7959	193	95.8	+	0	0	2D164MI27M	FJ654654	EU482301
N	*	102	*	*	*	*	*	FJ754318	*
N	*	189	*	*	*	*	*	AY124095	*
N	*	122	*	*	*	*	*	FJ869341	*
N	*	250	*	*	*	*	*	FJ375254	*
L	1597	250	*	*	*	*	*	GQ844231	*
H	1597	250	96.8	+	0	0	4I28MI26MI20MD55MI22MI91M7D	AY534118	GQ844231
N	*	250	*	*	*	*	*	U66450	*
N	*	192	*	*	*	*	*	U66444	*
N	*	219	*	*	*	*	*	FJ871064	*
N	*	219	*	*	*	*	*	FJ645261	*
N	*	250	*	*	*	*	*	GQ141550	*
N	*	84	*	*	*	*	*	FJ426985	*
N	*	250	*	*	*	*	*	FJ770392	*
N	*	250	*	*	*	*	*	FJ770400	*
N	*	250	*	*	*	*	*	GQ249887	*
N	*	185	*	*	*	*	*	EU343817	*
L	4138	174	*	*	*	*	*	FJ200219	*
H	4138	178	95.4	+	0	0	26MD6MD75M2D67M	GQ241278	FJ200219
L	4028	175	*	*	*	*	*	AF203472	*
H	4028	90	92.2	+	0	0	84I57MI33M	U92306	AF203472
L	4402	215	*	*	*	*	*	AF260224	*
H	4402	216	91.6	+	0	0	6MD29MI62MI14MD8MD94M	EU700370	AF260224
N	*	106	*	*	*	*	*	GQ254806	*
L	1692	161	*	*	*	*	*	AB531500	*
H	1692	180	93.2	+	0	0	8D17MD9M2D57M8D78M	GQ355335	AB531500
N	*	250	*	*	*	*	*	GQ231733	*
N	*	250	*	*	*	*	*	GQ231742	*
N	*	172	*	*	*	*	*	FJ639141	*
N	*	250	*	*	*	*	*	GQ411511	*
L	912	213	*	*	*	*	*	EU934759	*
H	912	224	90.1	+	0	0	24M2D7M2D83M7D41MI33MD24M	GQ303296	EU934759
L	6306	250	*	*	*	*	*	EU784216	*
H	6306	250	90.0	+	0	0	D111MI74M2I38MI10MI12M4D	GQ397996	EU784216
N	*	168	*	*	*	*	*	AF454086	*
N	*	250	*	*	*	*	*	AF454576	*
N	*	191	*	*	*	*	*	GQ981492	*
N	*	250	*	*	*	*	*	GQ981494	*
N	*	208	*	*	*	*	*	GQ981502	*
N	*	190	*	*	*	*	*	AB524806	*
N	*	250	*	*	*	*	*	FJ827713	*
N	*	250	*	*	*	*	*	FJ827732	*
L	7276	250	*	*	*	*	*	HM005139	*
H	7276	250	90.4	+	0	0	18MD42M8I76MD9M2D32M3I62M7D	GQ913359	HM005139
L	2792	250	*	*	*	*	*	AY280988	*
H	2792	250	95.6	+	0	0	173MD76MI	AY129346	AY280988
L	7355	129	*	*	*	*	*	HM484865	*
H	7355	126	94.4	+	0	0	13M2I86MI27M	GU219471	HM484865
N	*	247	*	*	*	*	*	GU222329	*
L	7475	167	*	*	*	*	*	EF191240	*
H	7475	168	95.2	+	0	0	68MD99M	GU138749	EF191240
N	*	152	*	*	*	*	*	GU138756	*
L	535	172	*	*	*	*	*	FJ941882	*
H	535	166	100.0	+	0	0	6I166M	FJ900601	FJ941882
N	*	250	*	*	*	*	*	AF482845	*
N	*	250	*	*	*	*	*	AF482857	*
N	*	191	*	*	*	*	*	FM955446	*
N	*	220	*	*	*	*	*	AF352321	*
L	6272	180	*	*	*	*	*	EU707864	*
H	6272	189	95.6	+	0	0	22MD11M5D57M2D63MD27M	GU214627	EU707864
L	6822	199	*	*	*	*	*	EU707865	*
H	6822	198	91.9	+	0	0	33MD77M2I87M	GU214634	EU707865
N	*	250	*	*	*	*	*	AY313293	*
N	*	200	*	*	*	*	*	AB104725	*
N	*	203	*	*	*	*	*	GU391420	*
L	5760	206	*	*	*	*	*	DQ899096	*
H	5760	198	96.0	+	0	0	4I20MI32M2D117M5I27M	L07135	DQ899096
N	*	216	*	*	*	*	*	GU594161	*
N	*	208	*	*	*	*	*	GQ154594	*
L	3053	210	*	*	*	*	*	EF488446	*
H	3053	201	92.0	+	0	0	8I84MI19MD76MI21M	EF634420	EF488446
N	*	165	*	*	*	*	*	GQ890325	*
L	138	230	*	*	*	*	*	FJ357310	*
H	138	234	94.3	+	0	0	22MD26MD128MD23MD31M	FJ357319	FJ357310
H	4330	192	91.6	+	0	0	8I58MD21M31D19MD9MD51M	AB508118	AB481286
L	7917	223	*	*	*	*	*	AY681189	*
H	7917	219	99.5	+	0	0	4I219M	GQ996575	AY681189
N	*	192	*	*	*	*	*	GU966521	*
L	6378	196	*	*	*	*	*	FJ582636	*
H	6378	204	98.0	+	0	0	9MD9M2D45MD39MD54M2D30MD10M	GU968423	FJ582636
N	*	209	*	*	*	*	*	U51967	*
N	*	179	*	*	*	*	*	FN821965	*
N	*	176	*	*	*	*	*	HM107422	*
N	*	177	*	*	*	*	*	GU322447	*
L	3018	227	*	*	*	*	*	JF908544	*
H	3018	230	91.6	+	0	0	28M2I28MD36MD8MD64MD7MD54M	GQ888697	JF908544
N	*	204	*	*	*	*	*	GQ340430	*
N	*	204	*	*	*	*	*	AF009805	*
N	*	201	*	*	*	*	*	AF009812	*
N	*	208	*	*	*	*	*	AB509921	*
L	7046	180	*	*	*	*	*	GU138711	*
H	7046	90	90.0	+	0	0	89I62MI28M	U92307	GU138711
N	*	215	*	*	*	*	*	HM016895	*
N	*	183	*	*	*	*	*	GU067663	*
N	*	198	*	*	*	*	*	HM359013	*
N	*	250	*	*	*	*	*	GU980122	*
L	5043	186	*	*	*	*	*	FJ914679	*
H	5043	192	91.4	+	0	0	90M7D35MI60M	EF639862	FJ914679
N	*	240	*	*	*	*	*	GU187508	*
N	*	250	*	*	*	*	*	AJ419916	*
L	7557	195	*	*	*	*	*	EF029230	*
H	7557	194	91.2	+	0	0	D25MI21MI20MD47MI79M	FR668015	EF029230
N	*	226	*	*	*	*	*	HM583842	*
N	*	221	*	*	*	*	*	HM215520	*
N	*	250	*	*	*	*	*	GU234107	*
N	*	250	*	*	*	*	*	GU234149	*
N	*	250	*	*	*	*	*	AF438599	*
N	*	226	*	*	*	*	*	AY046159	*
N	*	250	*	*	*	*	*	EU819413	*
N	*	250	*	*	*	*	*	HQ533011	*
N	*	238	*	*	*	*	*	HQ287329	*
N	*	250	*	*	*	*	*	HM005141	*
N	*	99	*	*	*	*	*	GU553328	*
N	*	113	*	*	*	*	*	HQ661383	*
L	2880	206	*	*	*	*	*	JF780938	*
H	2880	200	96.0	+	0	0	22MI23M4I91MI64M	FJ266490	JF780938
N	*	168	*	*	*	*	*	AB554112	*
L	3966	203	*	*	*	*	*	AY245636	*
H	3966	205	93.6	+	0	0	63MD76MD64M	AB546949	AY245636
H	4402	215	92.6	+	0	0	6MD92MI116M	AY604526	AF260224
N	*	250	*	*	*	*	*	GU479307	*
N	*	226	*	*	*	*	*	GU994546	*
N	*	214	*	*	*	*	*	GU994552	*
N	*	204	*	*	*	*	*	DQ980019	*
H	5504	230	97.4	+	0	0	54MD114MI61M	FJ798603	AY929375
L	1632	221	*	*	*	*	*	AF451790	*
H	1632	221	95.5	+	0	0	221M	AF072224	AF451790
L	1352	202	*	*	*	*	*	GU062273	*
H	1352	202	96.0	+	0	0	202M	AF141194	GU062273
N	*	217	*	*	*	*	*	JF263466	*
N	*	214	*	*	*	*	*	JF737031	*
L	4510	250	*	*	*	*	*	EU029943	*
H	4510	250	98.8	+	0	0	3D247M3I	AF506441	EU029943
N	*	89	*	*	*	*	*	AF540514	*
N	*	176	*	*	*	*	*	FJ481051	*
N	*	227	*	*	*	*	*	HQ650601	*
N	*	250	*	*	*	*	*	HQ650625	*
N	*	90	*	*	*	*	*	AF274086	*
N	*	178	*	*	*	*	*	HQ650705	*
L	4056	250	*	*	*	*	*	HQ533019	*
H	4056	250	94.8	+	0	0	148M9I93M9D	FJ168599	HQ533019
L	5096	218	*	*	*	*	*	AY089737	*
H	5096	225	100.0	+	0	0	7D218M	AJ006682	AY089737
L	3752	146	*	*	*	*	*	EF989117	*
H	3752	146	95.2	+	0	0	146M	JN194154	EF989117
N	*	250	*	*	*	*	*	JF300129	*
N	*	250	*	*	*	*	*	JF300135	*
L	5061	228	*	*	*	*	*	FJ441020	*
H	5061	227	97.8	+	0	0	205MI22M	JN182863	FJ441020
N	*	240	*	*	*	*	*	AF325667	*
N	*	250	*	*	*	*	*	JF908754	*
N	*	184	*	*	*	*	*	HM992502	*
N	*	250	*	*	*	*	*	JF495036	*
L	3554	112	*	*	*	*	*	AY541278	*
H	3554	111	94.6	+	0	0	83MI28M	JN009708	AY541278
L	4731	220	*	*	*	*	*	AF451776	*
H	4731	221	90.5	+	0	0	52MD58MD19M2I68MD21M	JN009716	AF451776
N	*	191	*	*	*	*	*	JN673050	*
N	*	221	*	*	*	*	*	DQ534480	*
L	6132	203	*	*	*	*	*	EU807869	*
H	6132	200	93.0	+	0	0	3I141MI36MD22M	AY372676	EU807869
L	3128	250	*	*	*	*	*	AY367562	*
H	3128	250	95.6	+	0	0	2D37M5I76MI21MI109M5D	AY367583	AY367562
H	3128	250	94.4	+	0	0	2D37M5I76MI21MI31M2D65MD13M2D	AY367590	AY367562
N	*	212	*	*	*	*	*	JN819278	*
N	*	198	*	*	*	*	*	JN049866	*
N	*	208	*	*	*	*	*	AF038321	*
N	*	192	*	*	*	*	*	JN865205	*
N	*	153	*	*	*	*	*	DQ536499	*
L	3351	176	*	*	*	*	*	EU285555	*
H	3351	174	98.9	+	0	0	147M2I27M	GQ280665	EU285555
L	4428	250	*	*	*	*	*	AF079679	*
H	4428	250	94.4	+	0	0	229MD20MI	AF079725	AF079679
L	4429	250	*	*	*	*	*	AF079676	*
H	4429	250	94.4	+	0	0	117MI132MD	AF079721	AF079676
N	*	229	*	*	*	*	*	JN710549	*
N	*	211	*	*	*	*	*	JN899400	*
H	6353	250	93.2	+	0	0	199MD9MI41M	AB067724	EU833658
N	*	192	*	*	*	*	*	JF440977	*
L	3346	250	*	*	*	*	*	JQ408230	*
H	3346	250	98.0	+	0	0	250M	JQ408227	JQ408230
N	*	250	*	*	*	*	*	AY176453	*
N	*	182	*	*	*	*	*	AJ419225	*
N	*	138	*	*	*	*	*	AF042422	*
N	*	250	*	*	*	*	*	JQ723149	*
L	1068	206	*	*	*	*	*	U66016	*
H	1068	213	90.8	+	0	0	2D16MD35M2D49MD73MD33M	AF117353	U66016
N	*	250	*	*	*	*	*	AY534119	*
N	*	216	*	*	*	*	*	AY527406	*
N	*	250	*	*	*	*	*	AY558598	*
N	*	222	*	*	*	*	*	AY603496	*
L	888	216	*	*	*	*	*	FJ914669	*
H	888	225	94.4	+	0	0	95M3D18M7D73MI29M	FJ946484	FJ914669
N	*	250	*	*	*	*	*	AY571058	*
N	*	179	*	*	*	*	*	AY558791	*
N	*	239	*	*	*	*	*	AY558793	*
L	6737	198	*	*	*	*	*	AF444551	*
H	6737	201	94.9	+	0	0	47MD53MD77MD21M	AY789077	AF444551
N	*	250	*	*	*	*	*	AY854067	*
N	*	250	*	*	*	*	*	AY854082	*
H	4510	250	99.2	+	0	0	210MD39MI	AF141637	EU029943
N	*	250	*	*	*	*	*	AY789363	*
L	2757	250	*	*	*	*	*	AY669582	*
H	2757	250	97.2	+	0	0	7D234MI9M6I	U56046	AY669582
L	998	80	*	*	*	*	*	FJ205447	*
H	998	80	92.5	+	0	0	32MD13MI34M	AY909004	FJ205447
L	6990	247	*	*	*	*	*	GQ981505	*
H	6990	235	90.2	+	0	0	4I35M2I11M3I90M2I14MI15MD15MI54M	FJ596788	GQ981505
L	6168	232	*	*	*	*	*	EU552163	*
H	6168	82	97.6	+	0	0	150I82M	AY929324	EU552163
N	*	250	*	*	*	*	*	AF097755	*
N	*	216	*	*	*	*	*	AJ247516	*
N	*	201	*	*	*	*	*	AY672918	*
L	193	219	*	*	*	*	*	EF373567	*
H	193	221	96.8	+	0	0	106MD16MD97M	AF226661	EF373567
L	968	190	*	*	*	*	*	FN868469	*
H	968	195	90.5	+	0	0	19MD23MD7MD26MI12M2D59M2D9MI33M	DQ135999	FN868469
H	6016	250	100.0	+	0	0	250M	DQ144618	EU118671
N	*	250	*	*	*	*	*	DQ191249	*
H	5234	226	90.7	+	0	0	54MD32MI22M2I8MI57MD51M	DQ243803	EF447402
N	*	250	*	*	*	*	*	DQ241471	*
N	*	250	*	*	*	*	*	AB214899	*
H	3814	122	90.5	+	0	0	27D95M	EU199187	HQ414605
N	*	216	*	*	*	*	*	DQ384594	*
L	2725	250	*	*	*	*	*	AF506394	*
H	2725	250	98.4	+	0	0	250M	DQ389663	AF506394
N	*	121	*	*	*	*	*	AF274079	*
L	1804	190	*	*	*	*	*	GU214649	*
H	1804	189	95.2	+	0	0	24MD18MI21MI125M	DQ491515	GU214649
N	*	115	*	*	*	*	*	DQ516524	*
L	4282	250	*	*	*	*	*	AB361022	*
H	4282	163	90.2	+	0	0	6MI21M2I8MD17M2I28M2D16MD26M2I20MD16M85I	AB361033	AB361022
N	*	250	*	*	*	*	*	AB453031	*
N	*	191	*	*	*	*	*	AB481234	*
N	*	198	*	*	*	*	*	AB481284	*
L	4362	180	*	*	*	*	*	AB524797	*
H	4362	178	93.3	+	0	0	23MI16M2I32MD106M	AB524812	AB524797
N	*	116	*	*	*	*	*	AF043512	*
N	*	250	*	*	*	*	*	AF079673	*
N	*	250	*	*	*	*	*	AF079682	*
N	*	250	*	*	*	*	*	AF079684	*
H	4428	250	92.8	+	0	0	250M	AF079715	AF079679
N	*	250	*	*	*	*	*	AF090875	*
N	*	109	*	*	*	*	*	AF101814	*
N	*	222	*	*	*	*	*	AF116180	*
L	37	193	*	*	*	*	*	DQ661031	*
H	37	194	97.9	+	0	0	30MD163M	DQ904246	DQ661031
L	2404	222	*	*	*	*	*	HQ680610	*
H	2404	216	95.4	+	0	0	2I163MI26M3I27M	AF141367	HQ680610
N	*	167	*	*	*	*	*	AF201713	*
L	1994	185	*	*	*	*	*	GQ852768	*
H	1994	171	90.6	+	0	0	5I36MD14MI36M9I84M	AF222849	GQ852768
N	*	222	*	*	*	*	*	AF227513	*
N	*	184	*	*	*	*	*	AF291274	*
N	*	250	*	*	*	*	*	AF301420	*
N	*	250	*	*	*	*	*	AF322654	*
N	*	216	*	*	*	*	*	AF432179	*
L	580	168	*	*	*	*	*	AF433147	*
H	580	169	91.1	+	0	0	106MD62M	AF433152	AF433147
L	2465	179	*	*	*	*	*	AY212987	*
H	2465	203	95.5	+	0	0	8D79M4D10M5D11M7D79M	AF444530	AY212987
N	*	159	*	*	*	*	*	AF444670	*
N	*	148	*	*	*	*	*	AF472626	*
N	*	250	*	*	*	*	*	AF484694	*
L	1213	250	*	*	*	*	*	AF310087	*
H	1213	250	99.6	+	0	0	250M	AF506449	AF310087
L	4792	112	*	*	*	*	*	AF506408	*
H	4792	110	92.7	+	0	0	34M2I76M	AF506466	AF506408
L	7821	239	*	*	*	*	*	JF739378	*
H	7821	97	94.8	+	0	0	143I77MD19M	AF517903	JF739378
N	*	204	*	*	*	*	*	AF546077	*
L	1858	192	*	*	*	*	*	AY204610	*
H	1858	170	90.6	+	0	0	81MI12M21I77M	AF128440	AY204610
N	*	250	*	*	*	*	*	AJ229076	*
L	1850	220	*	*	*	*	*	AF027763	*
H	1850	101	94.1	+	0	0	119I101M	AJ244244	AF027763
N	*	250	*	*	*	*	*	AJ305236	*
N	*	190	*	*	*	*	*	AJ748260	*
N	*	247	*	*	*	*	*	AY219389	*
L	4887	245	*	*	*	*	*	AJ315827	*
H	4887	244	99.6	+	0	0	172MI72M	AF129853	AJ315827
N	*	250	*	*	*	*	*	AY353257	*
N	*	243	*	*	*	*	*	AY364089	*
N	*	250	*	*	*	*	*	AY367606	*
N	*	233	*	*	*	*	*	AY445662	*
N	*	192	*	*	*	*	*	AY509551	*
N	*	197	*	*	*	*	*	AY509553	*
L	2749	250	*	*	*	*	*	AF516601	*
H	2749	250	94.4	+	0	0	2I27MI19M3D84MI116MD	AY513570	AF516601
N	*	193	*	*	*	*	*	AY571028	*
N	*	250	*	*	*	*	*	AY571048	*
N	*	250	*	*	*	*	*	AY571054	*
N	*	96	*	*	*	*	*	AY583329	*
N	*	125	*	*	*	*	*	DQ273854	*
L	7909	250	*	*	*	*	*	GU222298	*
H	7909	250	95.6	+	0	0	159MI43MI21MD25MD	GU222286	GU222298
N	*	247	*	*	*	*	*	AY720710	*
L	4435	197	*	*	*	*	*	AF083195	*
H	4435	190	94.7	+	0	0	52MI36MI12M2I24M2I31MI35M	AY725469	AF083195
L	2389	195	*	*	*	*	*	AY204590	*
H	2389	189	92.1	+	0	0	7I45MD143M	AY729939	AY204590
N	*	192	*	*	*	*	*	AY789290	*
N	*	193	*	*	*	*	*	AY789408	*
N	*	172	*	*	*	*	*	AY789410	*
L	5285	195	*	*	*	*	*	AY524843	*
H	5285	191	91.1	+	0	0	36MI92M3I63M	AY789285	AY524843
L	3567	250	*	*	*	*	*	AY621003	*
H	3567	250	92.8	+	0	0	250M	AY886544	AY621003
N	*	179	*	*	*	*	*	AY936537	*
N	*	250	*	*	*	*	*	DQ097355	*
N	*	82	*	*	*	*	*	DQ200923	*
N	*	203	*	*	*	*	*	DQ318208	*
L	7532	250	*	*	*	*	*	HQ412651	*
H	7532	250	90.8	+	0	0	107M5D59MD78M6I	DQ323922	HQ412651
L	5597	110	*	*	*	*	*	DQ354545	*
H	5597	113	95.5	+	0	0	35M3D75M	DQ354557	DQ354545
H	4425	220	90.9	+	0	0	127MI93M	DQ394386	AF072233
N	*	249	*	*	*	*	*	DQ403804	*
N	*	234	*	*	*	*	*	DQ404381	*
N	*	215	*	*	*	*	*	DQ826736	*
N	*	250	*	*	*	*	*	DQ865101	*
N	*	187	*	*	*	*	*	DQ923538	*
N	*	178	*	*	*	*	*	DQ974733	*
N	*	242	*	*	*	*	*	EF026147	*
N	*	250	*	*	*	*	*	HM036645	*
N	*	195	*	*	*	*	*	EF029205	*
N	*	197	*	*	*	*	*	EF029222	*
N	*	176	*	*	*	*	*	EF121859	*
L	1009	175	*	*	*	*	*	GU062254	*
H	1009	178	95.4	+	0	0	108M2D17MD50M	JN712455	GU062254
N	*	250	*	*	*	*	*	EF190273	*
N	*	230	*	*	*	*	*	EF494044	*
N	*	224	*	*	*	*	*	EF591927	*
H	5919	204	97.0	+	0	0	4D126MI74M	EF667965	EF635904
N	*	183	*	*	*	*	*	EU010258	*
N	*	93	*	*	*	*	*	EU030177	*
N	*	189	*	*	*	*	*	EF114691	*
N	*	224	*	*	*	*	*	EU041814	*
L	5992	121	*	*	*	*	*	EU075545	*
H	5992	119	92.4	+	0	0	99M2I20M	EU075542	EU075545
N	*	250	*	*	*	*	*	EU118606	*
L	2730	250	*	*	*	*	*	AF506433	*
H	2730	250	97.6	+	0	0	5I245M5D	EU118647	AF506433
N	*	179	*	*	*	*	*	EU263920	*
N	*	212	*	*	*	*	*	EU287816	*
L	7669	210	*	*	*	*	*	FJ914687	*
H	7669	210	98.6	+	0	0	210M	FJ914680	FJ914687
N	*	225	*	*	*	*	*	EU367445	*
N	*	250	*	*	*	*	*	EU517510	*
N	*	250	*	*	*	*	*	EU517513	*
N	*	196	*	*	*	*	*	UDB008299	*
N	*	232	*	*	*	*	*	EU669386	*
L	6250	229	*	*	*	*	*	EU681317	*
H	6250	232	94.8	+	0	0	31MD16MD76MI71M2D34M	EU681316	EU681317
N	*	167	*	*	*	*	*	AY387657	*
N	*	167	*	*	*	*	*	EU784376	*
L	7922	197	*	*	*	*	*	EF658750	*
H	7922	199	94.9	+	0	0	36MD61MD100M	EU938675	EF658750
N	*	221	*	*	*	*	*	FJ010207	*
L	7078	235	*	*	*	*	*	GU213482	*
H	7078	234	91.5	+	0	0	10MD47MI64MD26MI10MI75M	AJ627583	GU213482
N	*	250	*	*	*	*	*	UDB011376	*
L	3100	191	*	*	*	*	*	GU214625	*
H	3100	192	93.7	+	0	0	67MD30M2I64M2D28M	FJ493187	GU214625
N	*	250	*	*	*	*	*	FJ596889	*
N	*	250	*	*	*	*	*	FJ596891	*
N	*	215	*	*	*	*	*	FJ664875	*
N	*	227	*	*	*	*	*	FJ839606	*
L	6654	164	*	*	*	*	*	FJ839635	*
H	6654	186	100.0	+	0	0	38MD51M21D75M	FJ839634	FJ839635
L	1254	188	*	*	*	*	*	FJ356152	*
H	1254	191	91.0	+	0	0	29MD130MD21MD8M	FJ871105	FJ356152
N	*	198	*	*	*	*	*	FJ969801	*
N	*	249	*	*	*	*	*	UDB000448	*
N	*	215	*	*	*	*	*	GQ340443	*
N	*	196	*	*	*	*	*	AY447025	*
N	*	117	*	*	*	*	*	FN985101	*
N	*	250	*	*	*	*	*	FR686568	*
N	*	213	*	*	*	*	*	GQ169328	*
H	1804	183	94.0	+	0	0	36MI18MI8M2I15MI39MI17MI50M	GQ303277	GU214649
N	*	250	*	*	*	*	*	GQ411522	*
L	6046	97	*	*	*	*	*	EU255042	*
H	6046	214	91.8	+	0	0	116D66MD31M	EF512465	EU255042
N	*	250	*	*	*	*	*	GQ913370	*
N	*	200	*	*	*	*	*	GQ927289	*
N	*	190	*	*	*	*	*	GQ981488	*
N	*	173	*	*	*	*	*	GQ981500	*
N	*	250	*	*	*	*	*	GQ981508	*
N	*	205	*	*	*	*	*	GU187528	*
N	*	224	*	*	*	*	*	GU187533	*
N	*	224	*	*	*	*	*	GU187546	*
N	*	224	*	*	*	*	*	GU222323	*
N	*	250	*	*	*	*	*	GU233363	*
L	2667	250	*	*	*	*	*	AF389161	*
H	2667	250	95.6	+	0	0	132M3D28MD45MI41M3I	GU233321	AF389161
N	*	112	*	*	*	*	*	GU246248	*
N	*	178	*	*	*	*	*	GU291276	*
N	*	161	*	*	*	*	*	GU291277	*
N	*	199	*	*	*	*	*	GU300085	*
N	*	224	*	*	*	*	*	GU384881	*
N	*	209	*	*	*	*	*	GU594152	*
N	*	192	*	*	*	*	*	U04203	*
N	*	236	*	*	*	*	*	HM051080	*
N	*	163	*	*	*	*	*	HM060327	*
N	*	224	*	*	*	*	*	HQ533037	*
N	*	185	*	*	*	*	*	HQ650642	*
N	*	232	*	*	*	*	*	HQ650655	*
N	*	199	*	*	*	*	*	HQ650710	*
N	*	216	*	*	*	*	*	JN849459	*
L	5157	122	*	*	*	*	*	AY787700	*
H	5157	123	90.2	+	0	0	53MD69M	HM626661	AY787700
H	2714	198	93.1	+	0	0	36M2D19MI14MI17M4D31M2D16M3D54M	HQ897810	FJ474073
L	3104	207	*	*	*	*	*	EF591910	*
H	3104	207	97.1	+	0	0	207M	FJ752738	EF591910
N	*	250	*	*	*	*	*	JF419894	*
N	*	223	*	*	*	*	*	JF681959	*
L	8168	195	*	*	*	*	*	U57492	*
H	8168	197	90.3	+	0	0	2D22MI37MD31M2I14MD28MD60M	JF908572	U57492
L	3150	250	*	*	*	*	*	JF922031	*
H	3150	250	98.8	+	0	0	214M2D34M2I	JF922043	JF922031
H	7909	250	96.0	+	0	0	22MI133MD49MD44MI	GU233324	GU222298
N	*	242	*	*	*	*	*	JF974086	*
L	3069	157	*	*	*	*	*	JN603595	*
H	3069	156	95.5	+	0	0	123MI33M	FJ534886	JN603595
N	*	122	*	*	*	*	*	JN161161	*
N	*	224	*	*	*	*	*	JN165015	*
L	2483	250	*	*	*	*	*	HQ650733	*
H	2483	250	93.2	+	0	0	23MI47MI119MI58M3D	JN235947	HQ650733
N	*	203	*	*	*	*	*	JN942174	*
L	14	250	*	*	*	*	*	FJ157013	*
H	14	250	97.2	+	0	0	131MD118MI	U56044	FJ157013
L	3105	188	*	*	*	*	*	AF065611	*
H	3105	217	94.7	+	0	0	40MI40M30D107M	U57405	AF065611
N	*	195	*	*	*	*	*	U57493	*
N	*	197	*	*	*	*	*	U57494	*
N	*	91	*	*	*	*	*	L78297	*
N	*	204	*	*	*	*	*	U57990	*
N	*	250	*	*	*	*	*	UDB000691	*
N	*	91	*	*	*	*	*	UDB000985	*
N	*	198	*	*	*	*	*	UDB011023	*
N	*	250	*	*	*	*	*	UDB011125	*
N	*	250	*	*	*	*	*	UDB011387	*
N	*	250	*	*	*	*	*	UDB011613	*
N	*	218	*	*	*	*	*	EU118659	*
N	*	232	*	*	*	*	*	X78754	*
N	*	163	*	*	*	*	*	Z81436	*
D	14	2	*	*	*	*	97.2	FJ157013	*
D	37	2	*	*	*	*	97.9	DQ661031	*
D	57	2	*	*	*	*	98.6	AY078151	*
D	138	2	*	*	*	*	94.3	FJ357310	*
D	193	2	*	*	*	*	96.8	EF373567	*
D	299	2	*	*	*	*	97.8	FJ903374	*
D	533	2	*	*	*	*	90.8	AF438570	*
D	535	2	*	*	*	*	100.0	FJ941882	*
D	580	2	*	*	*	*	91.1	AF433147	*
D	707	2	*	*	*	*	95.2	U56056	*
D	764	2	*	*	*	*	97.3	EU520144	*
D	884	2	*	*	*	*	90.6	EU673340	*
D	888	2	*	*	*	*	94.4	FJ914669	*
D	912	2	*	*	*	*	90.1	EU934759	*
D	968	2	*	*	*	*	90.5	FN868469	*
D	994	2	*	*	*	*	92.7	EU784156	*
D	998	2	*	*	*	*	92.5	FJ205447	*
D	1009	2	*	*	*	*	95.4	GU062254	*
D	1068	2	*	*	*	*	90.8	U66016	*
D	1137	2	*	*	*	*	93.5	DQ674362	*
D	1213	2	*	*	*	*	99.6	AF310087	*
D	1254	2	*	*	*	*	91.0	FJ356152	*
D	1257	2	*	*	*	*	90.9	FJ467362	*
D	1352	2	*	*	*	*	96.0	GU062273	*
D	1442	2	*	*	*	*	96.7	GQ293943	*
D	1536	2	*	*	*	*	97.4	EU715605	*
D	1538	2	*	*	*	*	97.9	GQ249947	*
D	1597	2	*	*	*	*	96.8	GQ844231	*
D	1607	2	*	*	*	*	98.0	AB378548	*
D	1632	2	*	*	*	*	95.5	AF451790	*
D	1692	2	*	*	*	*	93.2	AB531500	*
D	1735	2	*	*	*	*	92.8	AJ427408	*
D	1804	3	*	*	*	*	94.6	GU214649	*
D	1850	2	*	*	*	*	94.1	AF027763	*
D	1858	2	*	*	*	*	90.6	AY204610	*
D	1994	2	*	*	*	*	90.6	GQ852768	*
D	2252	2	*	*	*	*	92.4	AB190871	*
D	2389	2	*	*	*	*	92.1	AY204590	*
D	2404	2	*	*	*	*	95.4	HQ680610	*
D	2465	2	*	*	*	*	95.5	AY212987	*
D	2483	2	*	*	*	*	93.2	HQ650733	*
D	2499	2	*	*	*	*	90.7	FJ617296	*
D	2667	2	*	*	*	*	95.6	AF389161	*
D	2714	3	*	*	*	*	91.8	FJ474073	*
D	2725	2	*	*	*	*	98.4	AF506394	*
D	2728	2	*	*	*	*	94.8	AF506430	*
D	2730	2	*	*	*	*	97.6	AF506433	*
D	2749	2	*	*	*	*	94.4	AF516601	*
D	2757	2	*	*	*	*	97.2	AY669582	*
D	2792	2	*	*	*	*	95.6	AY280988	*
D	2803	2	*	*	*	*	90.8	FJ501572	*
D	2880	2	*	*	*	*	96.0	JF780938	*
D	3018	2	*	*	*	*	91.6	JF908544	*
D	3053	2	*	*	*	*	92.0	EF488446	*
D	3069	2	*	*	*	*	95.5	JN603595	*
D	3100	2	*	*	*	*	93.7	GU214625	*
D	3104	2	*	*	*	*	97.1	EF591910	*
D	3105	2	*	*	*	*	94.7	AF065611	*
D	3128	3	*	*	*	*	95.0	AY367562	*
D	3150	2	*	*	*	*	98.8	JF922031	*
D	3252	2	*	*	*	*	95.5	FR750143	*
D	3346	2	*	*	*	*	98.0	JQ408230	*
D	3351	2	*	*	*	*	98.9	EU285555	*
D	3554	2	*	*	*	*	94.6	AY541278	*
D	3567	2	*	*	*	*	92.8	AY621003	*
D	3752	2	*	*	*	*	95.2	EF989117	*
D	3812	2	*	*	*	*	95.3	AY943057	*
D	3814	3	*	*	*	*	95.3	HQ414605	*
D	3966	2	*	*	*	*	93.6	AY245636	*
D	3991	2	*	*	*	*	93.2	FJ605260	*
D	4015	2	*	*	*	*	91.7	EU199178	*
D	4028	2	*	*	*	*	92.2	AF203472	*
D	4056	2	*	*	*	*	94.8	HQ533019	*
D	4138	2	*	*	*	*	95.4	FJ200219	*
D	4171	2	*	*	*	*	91.4	AB042227	*
D	4185	2	*	*	*	*	90.7	AB077654	*
D	4282	2	*	*	*	*	90.2	AB361022	*
D	4330	3	*	*	*	*	93.1	AB481286	*
D	4362	2	*	*	*	*	93.3	AB524797	*
D	4402	3	*	*	*	*	92.1	AF260224	*
D	4425	3	*	*	*	*	93.2	AF072233	*
D	4428	3	*	*	*	*	93.6	AF079679	*
D	4429	2	*	*	*	*	94.4	AF079676	*
D	4435	2	*	*	*	*	94.7	AF083195	*
D	4510	3	*	*	*	*	99.0	EU029943	*
D	4648	2	*	*	*	*	98.8	AF362062	*
D	4688	3	*	*	*	*	95.3	EU707856	*
D	4731	2	*	*	*	*	90.5	AF451776	*
D	4792	2	*	*	*	*	92.7	AF506408	*
D	4795	2	*	*	*	*	99.6	AF506446	*
D	4887	2	*	*	*	*	99.6	AJ315827	*
D	5008	2	*	*	*	*	91.9	AB378506	*
D	5043	2	*	*	*	*	91.4	FJ914679	*
D	5061	2	*	*	*	*	97.8	FJ441020	*
D	5096	2	*	*	*	*	100.0	AY089737	*
D	5157	2	*	*	*	*	90.2	AY787700	*
D	5234	3	*	*	*	*	94.5	EF447402	*
D	5285	2	*	*	*	*	91.1	AY524843	*
D	5291	2	*	*	*	*	97.6	EU851932	*
D	5319	3	*	*	*	*	93.0	AY607017	*
D	5504	3	*	*	*	*	94.8	AY929375	*
D	5545	2	*	*	*	*	99.1	DQ233665	*
D	5557	2	*	*	*	*	97.8	DQ238743	*
D	5559	2	*	*	*	*	90.6	DQ247776	*
D	5596	2	*	*	*	*	98.2	DQ354537	*
D	5597	2	*	*	*	*	95.5	DQ354545	*
D	5760	2	*	*	*	*	96.0	DQ899096	*
D	5870	2	*	*	*	*	90.7	EF447306	*
D	5919	3	*	*	*	*	94.3	EF635904	*
D	5992	2	*	*	*	*	92.4	EU075545	*
D	6016	3	*	*	*	*	98.8	EU118671	*
D	6046	2	*	*	*	*	91.8	EU255042	*
D	6132	2	*	*	*	*	93.0	EU807869	*
D	6168	2	*	*	*	*	97.6	EU552163	*
D	6250	2	*	*	*	*	94.8	EU681317	*
D	6272	2	*	*	*	*	95.6	EU707864	*
D	6306	2	*	*	*	*	90.0	EU784216	*
D	6313	2	*	*	*	*	92.7	EU784262	*
D	6353	3	*	*	*	*	92.0	EU833658	*
D	6371	2	*	*	*	*	90.0	EU882112	*
D	6378	2	*	*	*	*	98.0	FJ582636	*
D	6654	2	*	*	*	*	100.0	FJ839635	*
D	6686	2	*	*	*	*	95.3	EF493288	*
D	6737	2	*	*	*	*	94.9	AF444551	*
D	6822	2	*	*	*	*	91.9	EU707865	*
D	6941	2	*	*	*	*	94.4	FJ907535	*
D	6990	2	*	*	*	*	90.2	GQ981505	*
D	7016	2	*	*	*	*	91.3	AF085492	*
D	7017	2	*	*	*	*	98.7	FN868458	*
D	7046	2	*	*	*	*	90.0	GU138711	*
D	7078	2	*	*	*	*	91.5	GU213482	*
D	7276	2	*	*	*	*	90.4	HM005139	*
D	7355	2	*	*	*	*	94.4	HM484865	*
D	7386	2	*	*	*	*	92.1	EU833206	*
D	7475	2	*	*	*	*	95.2	EF191240	*
D	7532	2	*	*	*	*	90.8	HQ412651	*
D	7557	2	*	*	*	*	91.2	EF029230	*
D	7573	2	*	*	*	*	91.2	HQ599577	*
D	7669	2	*	*	*	*	98.6	FJ914687	*
D	7717	2	*	*	*	*	97.1	EU603292	*
D	7719	2	*	*	*	*	94.3	FJ441624	*
D	7813	2	*	*	*	*	99.6	JF712849	*
D	7821	2	*	*	*	*	94.8	JF739378	*
D	7909	3	*	*	*	*	95.8	GU222298	*
D	7917	2	*	*	*	*	99.5	AY681189	*
D	7922	2	*	*	*	*	94.9	EF658750	*
D	7959	2	*	*	*	*	95.8	EU482301	*
D	7984	2	*	*	*	*	94.2	JN564004	*
D	8068	2	*	*	*	*	98.6	FJ430782	*
D	8168	2	*	*	*	*	90.3	U57492	*
D	8288	2	*	*	*	*	90.5	UDB001534	*
