UclustConsensusTaxonAssigner parameters:
id_to_taxonomy_filepath:/Users/nbokulich/Desktop/projects/short-read-tax-assignment/data/novel-taxa-simulations/F1-REF-L3-iter2/ref_taxa.tsv
id_to_taxonomy_fp:/Users/nbokulich/Desktop/projects/short-read-tax-assignment/data/novel-taxa-simulations/F1-REF-L3-iter2/ref_taxa.tsv
max_accepts:5
min_consensus_fraction:0.51
reference_sequences_fp:/Users/nbokulich/Desktop/projects/short-read-tax-assignment/data/novel-taxa-simulations/F1-REF-L3-iter2/ref_seqs.fasta
similarity:0.9
unassignable_label:Unassigned
Result path: /var/folders/0t/l1dz88p50y91vx_22fx5w3780000gn/T/assign-taxS3vUyC

.uc file contents:

# uclust --input /Users/nbokulich/Desktop/projects/short-read-tax-assignment/data/novel-taxa-simulations/F1-REF-L3-iter2/query.fasta --id 0.9 --rev --maxaccepts 5 --allhits --libonly --lib /Users/nbokulich/Desktop/projects/short-read-tax-assignment/data/novel-taxa-simulations/F1-REF-L3-iter2/ref_seqs.fasta --uc /var/folders/0t/l1dz88p50y91vx_22fx5w3780000gn/T/UclustConsensusTaxonAssigner_TPcFXN.uc
# version=1.2.22
# Tab-separated fields:
# 1=Type, 2=ClusterNr, 3=SeqLength or ClusterSize, 4=PctId, 5=Strand, 6=QueryStart, 7=SeedStart, 8=Alignment, 9=QueryLabel, 10=TargetLabel
# Record types (field 1): L=LibSeed, S=NewSeed, H=Hit, R=Reject, D=LibCluster, C=NewCluster, N=NoHit
# For C and D types, PctId is average id with seed.
# QueryStart and SeedStart are zero-based relative to start of sequence.
# If minus strand, SeedStart is relative to reverse-complemented seed.
N	*	250	*	*	*	*	*	SH076524.07FU_KF879505_reps	*
N	*	250	*	*	*	*	*	SH076588.07FU_KF206484_reps	*
N	*	203	*	*	*	*	*	SH076683.07FU_FR799221_reps	*
N	*	250	*	*	*	*	*	SH076706.07FU_UDB015985_reps	*
N	*	181	*	*	*	*	*	SH076782.07FU_EF600956_reps	*
N	*	136	*	*	*	*	*	SH083584.07FU_UDB007624_reps	*
N	*	132	*	*	*	*	*	SH077252.07FU_HM071900_refs	*
N	*	80	*	*	*	*	*	SH077295.07FU_KC595259_reps	*
N	*	157	*	*	*	*	*	SH077357.07FU_DQ640065_refs	*
N	*	220	*	*	*	*	*	SH077439.07FU_UDB013419_reps	*
L	4866	184	*	*	*	*	*	SH539831.07FU_KC207894_reps	*
H	4866	163	93.9	+	0	0	155M2D6M23I	SH077443.07FU_JQ279592_reps	SH539831.07FU_KC207894_reps
L	5515	250	*	*	*	*	*	SH091617.07FU_FN394560_reps	*
H	5515	163	93.3	+	0	0	163M87I	SH077443.07FU_JQ279592_reps	SH091617.07FU_FN394560_reps
L	1303	250	*	*	*	*	*	SH092052.07FU_JX559259_reps	*
H	1303	163	92.0	+	0	0	163M87I	SH077443.07FU_JQ279592_reps	SH092052.07FU_JX559259_reps
L	2293	160	*	*	*	*	*	SH104470.07FU_DQ309071_refs	*
H	2293	163	95.0	+	0	0	160M3D	SH077443.07FU_JQ279592_reps	SH104470.07FU_DQ309071_refs
L	5514	250	*	*	*	*	*	SH091607.07FU_FN394561_reps	*
H	5514	163	93.3	+	0	0	163M87I	SH077443.07FU_JQ279592_reps	SH091607.07FU_FN394561_reps
N	*	221	*	*	*	*	*	SH078630.07FU_FJ515182_reps	*
N	*	250	*	*	*	*	*	SH078718.07FU_AY661686_reps	*
N	*	250	*	*	*	*	*	SH079367.07FU_KF477224_refs	*
N	*	250	*	*	*	*	*	SH079920.07FU_AY997079_refs	*
N	*	222	*	*	*	*	*	SH080495.07FU_HQ605944_reps	*
N	*	250	*	*	*	*	*	SH081929.07FU_AB525920_refs	*
L	5968	112	*	*	*	*	*	SH092539.07FU_JX242869_refs	*
H	5968	112	98.2	+	0	0	112M	SH082045.07FU_KC867343_reps	SH092539.07FU_JX242869_refs
L	1334	112	*	*	*	*	*	SH092541.07FU_JX242867_reps	*
H	1334	112	98.2	+	0	0	112M	SH082045.07FU_KC867343_reps	SH092541.07FU_JX242867_reps
L	1333	112	*	*	*	*	*	SH092540.07FU_JX242863_refs	*
H	1333	112	98.2	+	0	0	112M	SH082045.07FU_KC867343_reps	SH092540.07FU_JX242863_refs
L	4282	112	*	*	*	*	*	SH134040.07FU_DQ490646_reps	*
H	4282	112	98.2	+	0	0	112M	SH082045.07FU_KC867343_reps	SH134040.07FU_DQ490646_reps
H	4866	112	98.2	+	0	0	112M72I	SH082045.07FU_KC867343_reps	SH539831.07FU_KC207894_reps
N	*	103	*	*	*	*	*	SH083383.07FU_DQ317625_refs	*
N	*	209	*	*	*	*	*	SH084689.07FU_JF431295_refs	*
N	*	197	*	*	*	*	*	SH087649.07FU_EU913721_refs	*
N	*	250	*	*	*	*	*	SH092902.07FU_FJ479631_reps	*
N	*	250	*	*	*	*	*	SH093982.07FU_GU328623_reps	*
L	3482	242	*	*	*	*	*	SH122163.07FU_HQ699627_reps	*
H	3482	201	90.5	+	0	0	188M3I13M38I	SH098148.07FU_EF535212_reps	SH122163.07FU_HQ699627_reps
L	3016	250	*	*	*	*	*	SH115101.07FU_AM292701_reps	*
H	3016	201	91.5	+	0	0	179MI22M48I	SH098148.07FU_EF535212_reps	SH115101.07FU_AM292701_reps
L	1120	250	*	*	*	*	*	SH090269.07FU_DQ374125_reps	*
H	1120	201	93.5	+	0	0	175M3I26M46I	SH098148.07FU_EF535212_reps	SH090269.07FU_DQ374125_reps
L	5156	250	*	*	*	*	*	SH549508.07FU_KJ921871_reps	*
H	5156	201	91.0	+	0	0	179M9I22M40I	SH098148.07FU_EF535212_reps	SH549508.07FU_KJ921871_reps
L	3052	250	*	*	*	*	*	SH116002.07FU_AY616213_refs	*
H	3052	201	91.0	+	0	0	184M8I17M41I	SH098148.07FU_EF535212_reps	SH116002.07FU_AY616213_refs
N	*	250	*	*	*	*	*	SH099082.07FU_AY603123_refs	*
N	*	237	*	*	*	*	*	SH099649.07FU_HQ540523_refs	*
N	*	129	*	*	*	*	*	SH101234.07FU_EF600943_reps	*
N	*	250	*	*	*	*	*	SH107449.07FU_EU020045_reps	*
N	*	150	*	*	*	*	*	SH107883.07FU_JX625261_reps	*
N	*	178	*	*	*	*	*	SH108225.07FU_AF201728_refs	*
N	*	80	*	*	*	*	*	SH111430.07FU_EU379203_reps	*
N	*	153	*	*	*	*	*	SH115077.07FU_DQ420927_reps	*
N	*	250	*	*	*	*	*	SH119477.07FU_JQ761877_reps	*
N	*	153	*	*	*	*	*	SH124462.07FU_KJ706658_reps	*
N	*	100	*	*	*	*	*	SH119991.07FU_JN943816_reps	*
N	*	250	*	*	*	*	*	SH121424.07FU_KC965265_reps	*
N	*	125	*	*	*	*	*	SH128173.07FU_FJ755832_reps	*
N	*	201	*	*	*	*	*	SH536292.07FU_AB758893_reps	*
N	*	212	*	*	*	*	*	SH538842.07FU_KP881704_reps	*
N	*	159	*	*	*	*	*	SH128489.07FU_DQ419922_refs	*
D	1120	2	*	*	*	*	93.5	SH090269.07FU_DQ374125_reps	*
D	2293	2	*	*	*	*	95.0	SH104470.07FU_DQ309071_refs	*
D	4866	2	*	*	*	*	98.2	SH539831.07FU_KC207894_reps	*
