UclustConsensusTaxonAssigner parameters:
id_to_taxonomy_filepath:/Users/nbokulich/Desktop/projects/short-read-tax-assignment/data/ref_dbs/gg_13_8_otus/99_otu_taxonomy_clean.tsv
id_to_taxonomy_fp:/Users/nbokulich/Desktop/projects/short-read-tax-assignment/data/ref_dbs/gg_13_8_otus/99_otu_taxonomy_clean.tsv
max_accepts:5
min_consensus_fraction:1.0
reference_sequences_fp:/Users/nbokulich/Desktop/projects/short-read-tax-assignment/data/ref_dbs/gg_13_8_otus/99_otus_clean.fasta
similarity:0.8
unassignable_label:Unassigned
Result path: /var/folders/0t/l1dz88p50y91vx_22fx5w3780000gn/T/assign-taxwwtrtV

.uc file contents:

# uclust --input /Users/nbokulich/Desktop/projects/short-read-tax-assignment/data/mock-community/mock-15/rep_seqs.fna --id 0.8 --rev --maxaccepts 5 --allhits --libonly --lib /Users/nbokulich/Desktop/projects/short-read-tax-assignment/data/ref_dbs/gg_13_8_otus/99_otus_clean.fasta --uc /var/folders/0t/l1dz88p50y91vx_22fx5w3780000gn/T/UclustConsensusTaxonAssigner_lh1kbm.uc
# version=1.2.22
# Tab-separated fields:
# 1=Type, 2=ClusterNr, 3=SeqLength or ClusterSize, 4=PctId, 5=Strand, 6=QueryStart, 7=SeedStart, 8=Alignment, 9=QueryLabel, 10=TargetLabel
# Record types (field 1): L=LibSeed, S=NewSeed, H=Hit, R=Reject, D=LibCluster, C=NewCluster, N=NoHit
# For C and D types, PctId is average id with seed.
# QueryStart and SeedStart are zero-based relative to start of sequence.
# If minus strand, SeedStart is relative to reverse-complemented seed.
N	*	250	*	*	*	*	*	ea9e16e685b79d33ad00d29c4a27d7bf	*
L	13742	1455	*	*	*	*	*	2874960	*
H	13742	250	96.4	+	0	0	337I250M868I	91d3c789db08bd00d9ec073530f6cba7	2874960
L	19526	1349	*	*	*	*	*	4446436	*
H	19526	250	96.4	+	0	0	279I250M820I	91d3c789db08bd00d9ec073530f6cba7	4446436
L	12706	1330	*	*	*	*	*	919872	*
H	12706	250	96.4	+	0	0	313I250M767I	91d3c789db08bd00d9ec073530f6cba7	919872
L	12453	1458	*	*	*	*	*	811996	*
H	12453	250	96.4	+	0	0	315I250M893I	91d3c789db08bd00d9ec073530f6cba7	811996
L	12454	1459	*	*	*	*	*	805591	*
H	12454	250	95.6	+	0	0	316I250M893I	91d3c789db08bd00d9ec073530f6cba7	805591
L	15520	1449	*	*	*	*	*	3883854	*
H	15520	250	83.2	+	0	0	504I250M695I	bb66a7115a58fcda3c582aee5246d7c2	3883854
L	18446	1486	*	*	*	*	*	4392742	*
H	18446	250	83.2	+	0	0	504I250M732I	bb66a7115a58fcda3c582aee5246d7c2	4392742
L	17237	1364	*	*	*	*	*	4336443	*
H	17237	250	83.2	+	0	0	435I250M679I	bb66a7115a58fcda3c582aee5246d7c2	4336443
L	1645	1444	*	*	*	*	*	686362	*
H	1645	250	81.6	+	0	0	482I250M712I	bb66a7115a58fcda3c582aee5246d7c2	686362
L	6791	1516	*	*	*	*	*	240435	*
H	6791	250	82.8	+	0	0	506I250M760I	bb66a7115a58fcda3c582aee5246d7c2	240435
L	10444	1491	*	*	*	*	*	21138	*
H	10444	250	98.0	+	0	0	524I250M717I	b953ac3c6973b5a557774d4b2d005d48	21138
L	1637	1485	*	*	*	*	*	690063	*
H	1637	250	96.8	+	0	0	519I196MD53M717I	b953ac3c6973b5a557774d4b2d005d48	690063
L	10272	1486	*	*	*	*	*	40839	*
H	10272	250	95.6	+	0	0	520I190M2D29MI29M717I	b953ac3c6973b5a557774d4b2d005d48	40839
L	4723	1387	*	*	*	*	*	351169	*
H	4723	250	93.2	+	0	0	521I67MI183M615I	b953ac3c6973b5a557774d4b2d005d48	351169
L	5875	1387	*	*	*	*	*	289911	*
H	5875	250	93.2	+	0	0	521I67MI183M615I	b953ac3c6973b5a557774d4b2d005d48	289911
L	1929	1489	*	*	*	*	*	587616	*
H	1929	250	81.2	+	0	0	506I250M733I	35e05fadf6b4caac1894d445248f7b7a	587616
L	11823	1494	*	*	*	*	*	1821516	*
H	11823	250	81.2	+	0	0	482I250M762I	35e05fadf6b4caac1894d445248f7b7a	1821516
L	5206	1485	*	*	*	*	*	322988	*
H	5206	250	82.4	+	0	0	504I250M731I	35e05fadf6b4caac1894d445248f7b7a	322988
L	6236	1486	*	*	*	*	*	268664	*
H	6236	250	82.4	+	0	0	474I250M762I	35e05fadf6b4caac1894d445248f7b7a	268664
L	5520	1485	*	*	*	*	*	304067	*
H	5520	250	82.4	+	0	0	504I250M731I	35e05fadf6b4caac1894d445248f7b7a	304067
L	16345	1483	*	*	*	*	*	4297688	*
H	16345	250	89.6	+	0	0	469I250M764I	071309f5dcadf422d8f11384f928c0da	4297688
L	12209	1452	*	*	*	*	*	1125241	*
H	12209	250	90.0	+	0	0	472I250M730I	071309f5dcadf422d8f11384f928c0da	1125241
L	12084	1441	*	*	*	*	*	1134860	*
H	12084	250	86.4	+	0	0	449I250M742I	071309f5dcadf422d8f11384f928c0da	1134860
L	17299	1486	*	*	*	*	*	4339256	*
H	17299	250	87.6	+	0	0	478I250M758I	071309f5dcadf422d8f11384f928c0da	4339256
L	6870	1332	*	*	*	*	*	236520	*
H	6870	250	88.4	+	0	0	462I250M620I	071309f5dcadf422d8f11384f928c0da	236520
L	5666	1369	*	*	*	*	*	298243	*
H	5666	250	97.2	+	0	0	397I250M722I	1a28494547f8d9d3ef04d700c5572a18	298243
L	11096	1324	*	*	*	*	*	4707	*
H	11096	250	96.8	+	0	0	477I250M597I	1a28494547f8d9d3ef04d700c5572a18	4707
L	2037	1407	*	*	*	*	*	582389	*
H	2037	250	96.4	+	0	0	447I250M710I	1a28494547f8d9d3ef04d700c5572a18	582389
L	5918	1364	*	*	*	*	*	288130	*
H	5918	250	96.4	+	0	0	397I250M717I	1a28494547f8d9d3ef04d700c5572a18	288130
L	5859	1383	*	*	*	*	*	290333	*
H	5859	250	96.4	+	0	0	419I250M714I	1a28494547f8d9d3ef04d700c5572a18	290333
L	2085	1392	*	*	*	*	*	579858	*
H	2085	250	83.2	+	0	0	516I250M626I	cff17f37067df76a2c7763bbfa3119cb	579858
L	10804	1439	*	*	*	*	*	10898	*
H	10804	250	84.8	+	0	0	532I250M657I	cff17f37067df76a2c7763bbfa3119cb	10898
L	13431	1553	*	*	*	*	*	838941	*
H	13431	250	83.6	+	0	0	539I250M764I	cff17f37067df76a2c7763bbfa3119cb	838941
L	2726	1515	*	*	*	*	*	544630	*
H	2726	250	84.0	+	0	0	534I250M731I	cff17f37067df76a2c7763bbfa3119cb	544630
L	15974	1521	*	*	*	*	*	1121107	*
H	15974	250	84.8	+	0	0	543I250M728I	cff17f37067df76a2c7763bbfa3119cb	1121107
L	1577	1432	*	*	*	*	*	716385	*
H	1577	250	82.4	+	0	0	488I250M694I	e9a0665339f0d06028e22f02a00c78b5	716385
L	11009	1453	*	*	*	*	*	7499	*
H	11009	250	82.4	+	0	0	493I250M710I	e9a0665339f0d06028e22f02a00c78b5	7499
L	20091	1541	*	*	*	*	*	4472456	*
H	20091	250	82.4	+	0	0	529I250M762I	e9a0665339f0d06028e22f02a00c78b5	4472456
L	5092	1412	*	*	*	*	*	330293	*
H	5092	250	83.2	+	0	0	536I250M626I	e9a0665339f0d06028e22f02a00c78b5	330293
L	2148	1493	*	*	*	*	*	576892	*
H	2148	250	81.6	+	0	0	500I250M743I	e9a0665339f0d06028e22f02a00c78b5	576892
H	17299	250	80.4	+	0	0	478I250M758I	32f9efabbfb2b30fd78041bf9d41a9e3	4339256
H	16345	250	80.0	+	0	0	469I250M764I	32f9efabbfb2b30fd78041bf9d41a9e3	4297688
L	6290	1437	*	*	*	*	*	266579	*
H	6290	250	80.0	+	0	0	463I250M724I	32f9efabbfb2b30fd78041bf9d41a9e3	266579
L	11106	1353	*	*	*	*	*	4597	*
H	11106	250	82.0	+	0	0	463I250M640I	32f9efabbfb2b30fd78041bf9d41a9e3	4597
L	9671	1381	*	*	*	*	*	101335	*
H	9671	250	80.0	+	0	0	426I250M705I	32f9efabbfb2b30fd78041bf9d41a9e3	101335
L	17626	1498	*	*	*	*	*	4355718	*
H	17626	250	98.4	+	0	0	518I250M730I	608e6548b1b4cbb6176c8fce090991a5	4355718
L	10299	1492	*	*	*	*	*	38793	*
H	10299	250	98.0	+	0	0	498I250M744I	608e6548b1b4cbb6176c8fce090991a5	38793
L	10699	1496	*	*	*	*	*	12569	*
H	10699	250	97.2	+	0	0	501I73MI177M744I	608e6548b1b4cbb6176c8fce090991a5	12569
L	19639	1378	*	*	*	*	*	4452284	*
H	19639	250	93.2	+	0	0	463I250M665I	608e6548b1b4cbb6176c8fce090991a5	4452284
L	9117	1506	*	*	*	*	*	139504	*
H	9117	250	93.2	+	0	0	495I250M761I	608e6548b1b4cbb6176c8fce090991a5	139504
L	9766	1356	*	*	*	*	*	94130	*
H	9766	250	100.0	+	0	0	445I250M661I	70c9bfbb24364a1049dc8f2807fbf39e	94130
L	9451	1307	*	*	*	*	*	109106	*
H	9451	250	100.0	+	0	0	386I250M671I	70c9bfbb24364a1049dc8f2807fbf39e	109106
L	9450	1307	*	*	*	*	*	109107	*
H	9450	250	100.0	+	0	0	386I250M671I	70c9bfbb24364a1049dc8f2807fbf39e	109107
L	16646	1508	*	*	*	*	*	4310109	*
H	16646	250	100.0	+	0	0	496I250M762I	70c9bfbb24364a1049dc8f2807fbf39e	4310109
L	9774	1464	*	*	*	*	*	93553	*
H	9774	250	100.0	+	0	0	476I250M738I	70c9bfbb24364a1049dc8f2807fbf39e	93553
L	10268	1444	*	*	*	*	*	41119	*
H	10268	250	94.0	+	0	0	491I250M703I	c4995645e0c1545b0e1620144d03772b	41119
L	10441	1450	*	*	*	*	*	21464	*
H	10441	250	93.6	+	0	0	497I250M703I	c4995645e0c1545b0e1620144d03772b	21464
L	10459	1450	*	*	*	*	*	19113	*
H	10459	250	93.6	+	0	0	497I250M703I	c4995645e0c1545b0e1620144d03772b	19113
L	2800	1491	*	*	*	*	*	539939	*
H	2800	250	89.6	+	0	0	500I250M741I	c4995645e0c1545b0e1620144d03772b	539939
L	9501	1525	*	*	*	*	*	107235	*
H	9501	250	93.2	+	0	0	517I178MI61MI11M756I	c4995645e0c1545b0e1620144d03772b	107235
L	1347	1552	*	*	*	*	*	814347	*
H	1347	250	90.8	+	0	0	548I250M754I	c0a9dd93e8d0d383207056584fb959f6	814347
L	13967	1539	*	*	*	*	*	1125597	*
H	13967	250	91.2	+	0	0	532I250M757I	c0a9dd93e8d0d383207056584fb959f6	1125597
L	13996	1529	*	*	*	*	*	1138936	*
H	13996	250	90.0	+	0	0	528I250M751I	c0a9dd93e8d0d383207056584fb959f6	1138936
L	13594	1551	*	*	*	*	*	808919	*
H	13594	250	90.0	+	0	0	534I250M767I	c0a9dd93e8d0d383207056584fb959f6	808919
L	1338	1551	*	*	*	*	*	815351	*
H	1338	250	91.6	+	0	0	534I196MI54M766I	c0a9dd93e8d0d383207056584fb959f6	815351
L	12989	1465	*	*	*	*	*	2449975	*
H	12989	250	90.0	+	0	0	483I250M732I	61e294ed87c31aca504e7afa077ed8ab	2449975
L	13255	1421	*	*	*	*	*	722795	*
H	13255	250	90.0	+	0	0	461I250M710I	61e294ed87c31aca504e7afa077ed8ab	722795
L	10461	1421	*	*	*	*	*	18561	*
H	10461	250	89.2	+	0	0	461I250M710I	61e294ed87c31aca504e7afa077ed8ab	18561
L	18390	1497	*	*	*	*	*	4390091	*
H	18390	250	90.0	+	0	0	519I250M728I	61e294ed87c31aca504e7afa077ed8ab	4390091
L	5361	1429	*	*	*	*	*	312648	*
H	5361	250	89.2	+	0	0	465I126MI20MI104M712I	61e294ed87c31aca504e7afa077ed8ab	312648
L	9621	1503	*	*	*	*	*	103124	*
H	9621	250	80.4	+	0	0	494I250M759I	5ebd3cee772abecca4d399e926842a2c	103124
L	8793	1498	*	*	*	*	*	152527	*
H	8793	250	81.2	+	0	0	523I250M725I	5ebd3cee772abecca4d399e926842a2c	152527
L	16114	1458	*	*	*	*	*	800317	*
H	16114	250	82.4	+	0	0	479I250M729I	5ebd3cee772abecca4d399e926842a2c	800317
L	9800	1587	*	*	*	*	*	91372	*
H	9800	250	83.2	+	0	0	570I250M767I	5ebd3cee772abecca4d399e926842a2c	91372
L	19102	1448	*	*	*	*	*	4426333	*
H	19102	250	81.2	+	0	0	522I250M676I	5ebd3cee772abecca4d399e926842a2c	4426333
L	8867	1473	*	*	*	*	*	149163	*
H	8867	250	84.4	+	0	0	515I250M708I	20b686910cf9db4b08f7b7c220800316	149163
L	20148	1506	*	*	*	*	*	4474491	*
H	20148	250	84.0	+	0	0	535I250M721I	20b686910cf9db4b08f7b7c220800316	4474491
H	9621	250	81.2	+	0	0	494I250M759I	20b686910cf9db4b08f7b7c220800316	103124
L	17192	1473	*	*	*	*	*	4334433	*
H	17192	250	84.8	+	0	0	516I250M707I	20b686910cf9db4b08f7b7c220800316	4334433
L	9743	1507	*	*	*	*	*	98889	*
H	9743	250	80.8	+	0	0	497I250M760I	20b686910cf9db4b08f7b7c220800316	98889
L	14546	1450	*	*	*	*	*	966636	*
H	14546	250	97.2	+	0	0	471I250M729I	f65ef8a64333fc9aa05887b2aa16f257	966636
L	5353	1385	*	*	*	*	*	312980	*
H	5353	250	97.2	+	0	0	441I250M694I	f65ef8a64333fc9aa05887b2aa16f257	312980
L	17326	1409	*	*	*	*	*	4340684	*
H	17326	250	97.2	+	0	0	447I250M712I	f65ef8a64333fc9aa05887b2aa16f257	4340684
L	14770	1308	*	*	*	*	*	1050927	*
H	14770	250	97.2	+	0	0	449I250M609I	f65ef8a64333fc9aa05887b2aa16f257	1050927
L	12672	1408	*	*	*	*	*	1138512	*
H	12672	250	96.4	+	0	0	449I250M709I	f65ef8a64333fc9aa05887b2aa16f257	1138512
L	3986	1374	*	*	*	*	*	422784	*
H	3986	250	100.0	+	0	0	435I250M689I	d23fbef2f31d48eda40876cdbc49933a	422784
L	15447	1384	*	*	*	*	*	985145	*
H	15447	250	100.0	+	0	0	525I250M609I	d23fbef2f31d48eda40876cdbc49933a	985145
L	1084	1369	*	*	*	*	*	868615	*
H	1084	250	100.0	+	0	0	513I250M606I	d23fbef2f31d48eda40876cdbc49933a	868615
L	13570	1373	*	*	*	*	*	1004236	*
H	13570	250	100.0	+	0	0	513I250M610I	d23fbef2f31d48eda40876cdbc49933a	1004236
L	18610	1398	*	*	*	*	*	4401652	*
H	18610	250	100.0	+	0	0	513I250M635I	d23fbef2f31d48eda40876cdbc49933a	4401652
L	19542	1447	*	*	*	*	*	4446962	*
H	19542	250	96.4	+	0	0	488I250M709I	61ce80827f7196bc090fa9a4cc34a138	4446962
L	14303	1484	*	*	*	*	*	739167	*
H	14303	250	96.4	+	0	0	490I250M744I	61ce80827f7196bc090fa9a4cc34a138	739167
L	15052	1438	*	*	*	*	*	1145874	*
H	15052	250	96.8	+	0	0	514I250M674I	61ce80827f7196bc090fa9a4cc34a138	1145874
L	13798	1486	*	*	*	*	*	1129174	*
H	13798	250	96.4	+	0	0	509I250M727I	61ce80827f7196bc090fa9a4cc34a138	1129174
L	13797	1475	*	*	*	*	*	1124888	*
H	13797	250	95.2	+	0	0	498I250M727I	61ce80827f7196bc090fa9a4cc34a138	1124888
L	9626	1537	*	*	*	*	*	102890	*
H	9626	250	86.0	+	0	0	526I250M761I	bc09f020e84b07fae279c60f42c6b677	102890
L	13085	1502	*	*	*	*	*	1118931	*
H	13085	250	86.8	+	0	0	527I250M725I	bc09f020e84b07fae279c60f42c6b677	1118931
L	11203	1492	*	*	*	*	*	1596	*
H	11203	250	88.0	+	0	0	495I250M747I	bc09f020e84b07fae279c60f42c6b677	1596
L	13084	1469	*	*	*	*	*	689232	*
H	13084	250	86.8	+	0	0	506I250M713I	bc09f020e84b07fae279c60f42c6b677	689232
L	734	1368	*	*	*	*	*	950620	*
H	734	250	85.6	+	0	0	506I250M612I	bc09f020e84b07fae279c60f42c6b677	950620
L	2859	1440	*	*	*	*	*	536261	*
H	2859	250	96.0	+	0	0	449I250M741I	579c572f58456b124d916319005afbce	536261
L	17906	1413	*	*	*	*	*	4368044	*
H	17906	250	96.4	+	0	0	439I250M724I	579c572f58456b124d916319005afbce	4368044
L	19962	1478	*	*	*	*	*	4466876	*
H	19962	250	96.0	+	0	0	469I250M759I	579c572f58456b124d916319005afbce	4466876
L	19963	1478	*	*	*	*	*	4466877	*
H	19963	250	96.8	+	0	0	469I250M759I	579c572f58456b124d916319005afbce	4466877
L	1080	1437	*	*	*	*	*	869007	*
H	1080	250	95.6	+	0	0	449I250M738I	579c572f58456b124d916319005afbce	869007
L	16211	1411	*	*	*	*	*	4263094	*
H	16211	250	86.0	+	0	0	477I250M684I	ba102293d0a9021c48e7af19143be385	4263094
L	11204	1469	*	*	*	*	*	1592	*
H	11204	250	85.2	+	0	0	506I250M713I	ba102293d0a9021c48e7af19143be385	1592
L	11206	1468	*	*	*	*	*	1588	*
H	11206	250	85.6	+	0	0	506I250M712I	ba102293d0a9021c48e7af19143be385	1588
L	930	1367	*	*	*	*	*	901964	*
H	930	250	86.4	+	0	0	505I250M612I	ba102293d0a9021c48e7af19143be385	901964
L	16286	1509	*	*	*	*	*	4295036	*
H	16286	250	85.6	+	0	0	527I250M732I	ba102293d0a9021c48e7af19143be385	4295036
L	10137	1473	*	*	*	*	*	58647	*
H	10137	250	92.8	+	0	0	497I250M726I	daf9df5bac09746691233f782ccc8580	58647
L	14494	1474	*	*	*	*	*	1141031	*
H	14494	250	89.6	+	0	0	497I250M727I	daf9df5bac09746691233f782ccc8580	1141031
L	14002	1490	*	*	*	*	*	1141725	*
H	14002	250	89.2	+	0	0	507I250M733I	daf9df5bac09746691233f782ccc8580	1141725
L	13612	1489	*	*	*	*	*	1127229	*
H	13612	250	86.0	+	0	0	494I250M745I	daf9df5bac09746691233f782ccc8580	1127229
L	10139	1475	*	*	*	*	*	58617	*
H	10139	250	91.2	+	0	0	497I250M728I	daf9df5bac09746691233f782ccc8580	58617
L	17146	1532	*	*	*	*	*	4331760	*
H	17146	250	95.2	+	0	0	534I250M748I	6789c0a42f9d3fafb03fb3c2ffba7df8	4331760
L	9512	1464	*	*	*	*	*	107044	*
H	9512	250	88.4	+	0	0	503I250M711I	6789c0a42f9d3fafb03fb3c2ffba7df8	107044
L	18696	1528	*	*	*	*	*	4406595	*
H	18696	250	88.8	+	0	0	530I250M748I	6789c0a42f9d3fafb03fb3c2ffba7df8	4406595
L	14627	1489	*	*	*	*	*	607515	*
H	14627	250	88.8	+	0	0	525I250M714I	6789c0a42f9d3fafb03fb3c2ffba7df8	607515
L	15879	1507	*	*	*	*	*	836917	*
H	15879	250	84.0	+	0	0	513I250M744I	6789c0a42f9d3fafb03fb3c2ffba7df8	836917
L	2259	1487	*	*	*	*	*	570230	*
H	2259	250	96.0	+	0	0	523I250M714I	e17d964cd0fd8c2ddbd1dacfa8b536e3	570230
L	8276	1444	*	*	*	*	*	173412	*
H	8276	250	96.4	+	0	0	495I250M699I	e17d964cd0fd8c2ddbd1dacfa8b536e3	173412
L	7434	1388	*	*	*	*	*	194286	*
H	7434	250	96.0	+	0	0	523I250M615I	e17d964cd0fd8c2ddbd1dacfa8b536e3	194286
L	8834	1448	*	*	*	*	*	150412	*
H	8834	250	96.0	+	0	0	503I250M695I	e17d964cd0fd8c2ddbd1dacfa8b536e3	150412
L	8126	1396	*	*	*	*	*	177297	*
H	8126	250	95.6	+	0	0	524I250M622I	e17d964cd0fd8c2ddbd1dacfa8b536e3	177297
L	1946	1343	*	*	*	*	*	586832	*
H	1946	250	94.8	+	0	0	417I250M676I	e00dc0ab0caece3cd8c4632a6bf7b2cd	586832
L	17397	1459	*	*	*	*	*	4344401	*
H	17397	250	94.0	+	0	0	458I250M751I	e00dc0ab0caece3cd8c4632a6bf7b2cd	4344401
L	10131	1411	*	*	*	*	*	59345	*
H	10131	250	92.4	+	0	0	449I250M712I	e00dc0ab0caece3cd8c4632a6bf7b2cd	59345
L	8479	1431	*	*	*	*	*	165247	*
H	8479	250	92.4	+	0	0	468I250M713I	e00dc0ab0caece3cd8c4632a6bf7b2cd	165247
L	6849	1380	*	*	*	*	*	237586	*
H	6849	250	92.4	+	0	0	437I250M693I	e00dc0ab0caece3cd8c4632a6bf7b2cd	237586
L	14365	1372	*	*	*	*	*	1097509	*
H	14365	250	100.0	+	0	0	337I250M785I	f6eebeb9deeea15b3b3829cfacc24ba0	1097509
L	229	1372	*	*	*	*	*	1063810	*
H	229	250	100.0	+	0	0	337I250M785I	f6eebeb9deeea15b3b3829cfacc24ba0	1063810
L	358	1372	*	*	*	*	*	1041665	*
H	358	250	100.0	+	0	0	337I250M785I	f6eebeb9deeea15b3b3829cfacc24ba0	1041665
L	12486	1376	*	*	*	*	*	989990	*
H	12486	250	100.0	+	0	0	337I250M789I	f6eebeb9deeea15b3b3829cfacc24ba0	989990
L	12652	1376	*	*	*	*	*	1037579	*
H	12652	250	100.0	+	0	0	337I250M789I	f6eebeb9deeea15b3b3829cfacc24ba0	1037579
L	12817	1498	*	*	*	*	*	1119708	*
H	12817	250	82.0	+	0	0	517I250M731I	00056c4c5a30dbbfa64dfa34fe792941	1119708
H	10804	250	82.8	+	0	0	532I250M657I	00056c4c5a30dbbfa64dfa34fe792941	10898
H	15974	250	82.4	+	0	0	543I250M728I	00056c4c5a30dbbfa64dfa34fe792941	1121107
L	13661	1546	*	*	*	*	*	2834269	*
H	13661	250	80.8	+	0	0	532I250M764I	00056c4c5a30dbbfa64dfa34fe792941	2834269
H	2726	250	82.8	+	0	0	534I250M731I	00056c4c5a30dbbfa64dfa34fe792941	544630
L	9190	1414	*	*	*	*	*	136200	*
H	9190	250	84.4	+	0	0	449I250M715I	f936559afb889160ca5126f163dc33f1	136200
L	7463	1461	*	*	*	*	*	193675	*
H	7463	250	84.4	+	0	0	463I250M748I	f936559afb889160ca5126f163dc33f1	193675
L	977	1306	*	*	*	*	*	893253	*
H	977	250	84.4	+	0	0	447I250M609I	f936559afb889160ca5126f163dc33f1	893253
L	11088	1478	*	*	*	*	*	5217	*
H	11088	250	84.4	+	0	0	470I250M758I	f936559afb889160ca5126f163dc33f1	5217
L	17391	1439	*	*	*	*	*	4344241	*
H	17391	250	82.8	+	0	0	429I250M760I	f936559afb889160ca5126f163dc33f1	4344241
L	7317	1393	*	*	*	*	*	197435	*
H	7317	250	91.6	+	0	0	515I94MD155M629I	c838eb5b3b3d9fd0dfecdf75547c3c63	197435
L	18873	1437	*	*	*	*	*	4414486	*
H	18873	250	91.6	+	0	0	483I94MD155M705I	c838eb5b3b3d9fd0dfecdf75547c3c63	4414486
L	16175	1440	*	*	*	*	*	4248867	*
H	16175	250	91.6	+	0	0	495I94MD155M696I	c838eb5b3b3d9fd0dfecdf75547c3c63	4248867
L	7926	1396	*	*	*	*	*	182506	*
H	7926	250	92.4	+	0	0	515I94MD155M632I	c838eb5b3b3d9fd0dfecdf75547c3c63	182506
L	15107	1438	*	*	*	*	*	3647536	*
H	15107	250	92.0	+	0	0	484I94MD155M705I	c838eb5b3b3d9fd0dfecdf75547c3c63	3647536
L	11694	1416	*	*	*	*	*	815884	*
H	11694	250	98.8	+	0	0	478I37MI213M687I	b94769eb72718a0c512ade94384e3902	815884
L	9494	1535	*	*	*	*	*	107507	*
H	9494	250	93.6	+	0	0	526I250M759I	b94769eb72718a0c512ade94384e3902	107507
L	1783	1520	*	*	*	*	*	615189	*
H	1783	250	93.2	+	0	0	519I250M751I	b94769eb72718a0c512ade94384e3902	615189
L	6087	1373	*	*	*	*	*	275651	*
H	6087	250	93.6	+	0	0	456I250M667I	b94769eb72718a0c512ade94384e3902	275651
L	8906	1506	*	*	*	*	*	146917	*
H	8906	250	93.6	+	0	0	526I250M730I	b94769eb72718a0c512ade94384e3902	146917
H	11009	250	83.6	+	0	0	493I250M710I	dc4919160d9fc1a6cc69b05439c4ccbc	7499
H	1577	250	83.6	+	0	0	488I250M694I	dc4919160d9fc1a6cc69b05439c4ccbc	716385
H	20091	250	83.6	+	0	0	529I250M762I	dc4919160d9fc1a6cc69b05439c4ccbc	4472456
L	9171	1469	*	*	*	*	*	136773	*
H	9171	250	88.0	+	0	0	524I250M695I	dc4919160d9fc1a6cc69b05439c4ccbc	136773
L	13943	1501	*	*	*	*	*	1105864	*
H	13943	250	82.8	+	0	0	520I250M731I	dc4919160d9fc1a6cc69b05439c4ccbc	1105864
L	16711	1536	*	*	*	*	*	4313041	*
H	16711	250	98.8	+	0	0	537I250M749I	3a84afa81c51c0521d05ae1ded8b7385	4313041
L	17455	1461	*	*	*	*	*	4347829	*
H	17455	250	94.0	+	0	0	512I111MD138M700I	3a84afa81c51c0521d05ae1ded8b7385	4347829
L	7945	1488	*	*	*	*	*	182018	*
H	7945	250	85.2	+	0	0	520I250M718I	3a84afa81c51c0521d05ae1ded8b7385	182018
L	8242	1394	*	*	*	*	*	174250	*
H	8242	250	85.2	+	0	0	521I250M623I	3a84afa81c51c0521d05ae1ded8b7385	174250
L	14102	1437	*	*	*	*	*	3094735	*
H	14102	250	85.2	+	0	0	506I250M681I	3a84afa81c51c0521d05ae1ded8b7385	3094735
L	18629	1441	*	*	*	*	*	4402960	*
H	18629	250	99.6	+	0	0	510I250M681I	e5269e32edd47bb63709e25e22a6f0ae	4402960
L	11339	1447	*	*	*	*	*	1561504	*
H	11339	250	95.6	+	0	0	504I250M693I	e5269e32edd47bb63709e25e22a6f0ae	1561504
L	7332	1395	*	*	*	*	*	197072	*
H	7332	250	95.2	+	0	0	525I250M620I	e5269e32edd47bb63709e25e22a6f0ae	197072
L	11407	1449	*	*	*	*	*	1606832	*
H	11407	250	95.6	+	0	0	513I250M686I	e5269e32edd47bb63709e25e22a6f0ae	1606832
L	12059	1384	*	*	*	*	*	1945571	*
H	12059	250	93.6	+	0	0	479I250M655I	e5269e32edd47bb63709e25e22a6f0ae	1945571
L	2000	1413	*	*	*	*	*	584241	*
H	2000	250	95.6	+	0	0	265I108M2I142M896I	0c6f28571d7b2704f2bf94fc69e10878	584241
L	8964	1490	*	*	*	*	*	144246	*
H	8964	250	96.4	+	0	0	353I109MI141M886I	0c6f28571d7b2704f2bf94fc69e10878	144246
L	18499	1518	*	*	*	*	*	4395540	*
H	18499	250	96.4	+	0	0	367I250M901I	0c6f28571d7b2704f2bf94fc69e10878	4395540
L	10051	1508	*	*	*	*	*	70378	*
H	10051	250	96.4	+	0	0	361I250M897I	0c6f28571d7b2704f2bf94fc69e10878	70378
L	16152	1521	*	*	*	*	*	820176	*
H	16152	250	96.4	+	0	0	368I250M903I	0c6f28571d7b2704f2bf94fc69e10878	820176
L	5212	1359	*	*	*	*	*	322658	*
H	5212	250	95.2	+	0	0	507I250M602I	b65eb19257f7a2bedb5a1c4b42aeb396	322658
L	7344	1399	*	*	*	*	*	196664	*
H	7344	250	95.2	+	0	0	527I250M622I	b65eb19257f7a2bedb5a1c4b42aeb396	196664
L	7511	1361	*	*	*	*	*	192253	*
H	7511	250	94.4	+	0	0	525I250M586I	b65eb19257f7a2bedb5a1c4b42aeb396	192253
L	15992	1457	*	*	*	*	*	4142051	*
H	15992	250	94.4	+	0	0	515I250M692I	b65eb19257f7a2bedb5a1c4b42aeb396	4142051
L	11837	1432	*	*	*	*	*	1826303	*
H	11837	250	94.4	+	0	0	493I250M689I	b65eb19257f7a2bedb5a1c4b42aeb396	1826303
L	7845	1368	*	*	*	*	*	184478	*
H	7845	250	100.0	+	0	0	498I250M620I	c3bdda568b2c1580d5cce7407ef43909	184478
L	7849	1370	*	*	*	*	*	184345	*
H	7849	250	100.0	+	0	0	502I250M618I	c3bdda568b2c1580d5cce7407ef43909	184345
L	7352	1383	*	*	*	*	*	196569	*
H	7352	250	100.0	+	0	0	511I250M622I	c3bdda568b2c1580d5cce7407ef43909	196569
L	8102	1387	*	*	*	*	*	177918	*
H	8102	250	100.0	+	0	0	519I250M618I	c3bdda568b2c1580d5cce7407ef43909	177918
L	7852	1379	*	*	*	*	*	184261	*
H	7852	250	100.0	+	0	0	511I250M618I	c3bdda568b2c1580d5cce7407ef43909	184261
H	1577	250	83.6	+	0	0	488I250M694I	97469448a11d554c7fd7e8f532cd9d05	716385
H	11009	250	83.6	+	0	0	493I250M710I	97469448a11d554c7fd7e8f532cd9d05	7499
H	20091	250	83.6	+	0	0	529I250M762I	97469448a11d554c7fd7e8f532cd9d05	4472456
H	13943	250	82.8	+	0	0	520I250M731I	97469448a11d554c7fd7e8f532cd9d05	1105864
L	1527	1418	*	*	*	*	*	742260	*
H	1527	250	82.4	+	0	0	459I250M709I	97469448a11d554c7fd7e8f532cd9d05	742260
H	18629	250	100.0	+	0	0	510I250M681I	668fdb718997fc1589c7817655d4bb5f	4402960
H	7332	250	95.6	+	0	0	525I250M620I	668fdb718997fc1589c7817655d4bb5f	197072
H	11339	250	95.6	+	0	0	504I250M693I	668fdb718997fc1589c7817655d4bb5f	1561504
H	11407	250	96.0	+	0	0	513I250M686I	668fdb718997fc1589c7817655d4bb5f	1606832
H	12059	250	94.0	+	0	0	479I250M655I	668fdb718997fc1589c7817655d4bb5f	1945571
L	5851	1370	*	*	*	*	*	290630	*
H	5851	250	100.0	+	0	0	502I250M618I	9afa8a886ce58d005817de2ccf965cab	290630
L	8119	1368	*	*	*	*	*	177587	*
H	8119	250	100.0	+	0	0	498I250M620I	9afa8a886ce58d005817de2ccf965cab	177587
L	8196	1379	*	*	*	*	*	175411	*
H	8196	250	100.0	+	0	0	511I250M618I	9afa8a886ce58d005817de2ccf965cab	175411
L	20144	1340	*	*	*	*	*	4474222	*
H	20144	250	100.0	+	0	0	490I250M600I	9afa8a886ce58d005817de2ccf965cab	4474222
L	4943	1392	*	*	*	*	*	339494	*
H	4943	250	100.0	+	0	0	524I250M618I	9afa8a886ce58d005817de2ccf965cab	339494
H	16711	250	85.2	+	0	0	537I250M749I	492f380604907b04349e50a01a091656	4313041
L	19060	1434	*	*	*	*	*	4424252	*
H	19060	250	84.8	+	0	0	489I250M695I	492f380604907b04349e50a01a091656	4424252
L	19327	1445	*	*	*	*	*	4436470	*
H	19327	250	84.8	+	0	0	500I250M695I	492f380604907b04349e50a01a091656	4436470
L	1966	1356	*	*	*	*	*	585914	*
H	1966	250	84.8	+	0	0	501I250M605I	492f380604907b04349e50a01a091656	585914
L	13184	1445	*	*	*	*	*	2545906	*
H	13184	250	84.8	+	0	0	497I250M698I	492f380604907b04349e50a01a091656	2545906
L	99	1344	*	*	*	*	*	1095935	*
H	99	250	100.0	+	0	0	484I250M610I	bb03e6ea99adcfcf8083ec2c9af114fb	1095935
L	582	1344	*	*	*	*	*	987499	*
H	582	250	100.0	+	0	0	484I250M610I	bb03e6ea99adcfcf8083ec2c9af114fb	987499
L	62	1347	*	*	*	*	*	1101729	*
H	62	250	100.0	+	0	0	484I250M613I	bb03e6ea99adcfcf8083ec2c9af114fb	1101729
L	16133	1345	*	*	*	*	*	870106	*
H	16133	250	100.0	+	0	0	484I250M611I	bb03e6ea99adcfcf8083ec2c9af114fb	870106
L	14305	1399	*	*	*	*	*	3202924	*
H	14305	250	100.0	+	0	0	519I250M630I	bb03e6ea99adcfcf8083ec2c9af114fb	3202924
L	14775	1430	*	*	*	*	*	3463110	*
H	14775	250	100.0	+	0	0	492I250M688I	f0111bac5234f907953885881c7e241c	3463110
L	15125	1444	*	*	*	*	*	3655152	*
H	15125	250	100.0	+	0	0	502I250M692I	f0111bac5234f907953885881c7e241c	3655152
L	4556	1372	*	*	*	*	*	359383	*
H	4556	250	100.0	+	0	0	514I250M608I	f0111bac5234f907953885881c7e241c	359383
L	14313	1425	*	*	*	*	*	3206647	*
H	14313	250	100.0	+	0	0	492I250M683I	f0111bac5234f907953885881c7e241c	3206647
L	18241	1430	*	*	*	*	*	4383576	*
H	18241	250	100.0	+	0	0	492I250M688I	f0111bac5234f907953885881c7e241c	4383576
N	*	250	*	*	*	*	*	6b9f9a660684b2ff779402253cae7068	*
L	11829	1527	*	*	*	*	*	734955	*
H	11829	250	91.2	+	0	0	516I250M761I	c9ea71f39bda8752713c8e90dff2b875	734955
L	2541	1497	*	*	*	*	*	555445	*
H	2541	250	92.8	+	0	0	516I250M731I	c9ea71f39bda8752713c8e90dff2b875	555445
L	12814	1534	*	*	*	*	*	635820	*
H	12814	250	92.8	+	0	0	524I250M760I	c9ea71f39bda8752713c8e90dff2b875	635820
L	19541	1454	*	*	*	*	*	4446961	*
H	19541	250	92.8	+	0	0	495I250M709I	c9ea71f39bda8752713c8e90dff2b875	4446961
L	8057	1382	*	*	*	*	*	179147	*
H	8057	250	90.0	+	0	0	500I250M632I	c9ea71f39bda8752713c8e90dff2b875	179147
L	18698	1536	*	*	*	*	*	4406734	*
H	18698	250	80.0	+	0	0	533I250M753I	ef4a72e37eb19e280bb4ca06d49ef67c	4406734
L	14160	1584	*	*	*	*	*	3129281	*
H	14160	250	80.0	+	0	0	551I250M783I	ef4a72e37eb19e280bb4ca06d49ef67c	3129281
L	12291	1536	*	*	*	*	*	827000	*
H	12291	250	82.4	+	0	0	523I250M763I	ef4a72e37eb19e280bb4ca06d49ef67c	827000
L	11534	1497	*	*	*	*	*	1123543	*
H	11534	250	81.2	+	0	0	532I250M715I	ef4a72e37eb19e280bb4ca06d49ef67c	1123543
L	10647	1428	*	*	*	*	*	13728	*
H	10647	250	80.4	+	0	0	463I250M715I	ef4a72e37eb19e280bb4ca06d49ef67c	13728
L	14104	1543	*	*	*	*	*	1105271	*
H	14104	250	94.4	+	0	0	528I250M765I	b8ef01c2cc1e149a129f0d54552a9031	1105271
L	1612	1409	*	*	*	*	*	699428	*
H	1612	250	82.4	+	0	0	452I250M707I	b8ef01c2cc1e149a129f0d54552a9031	699428
L	15729	1442	*	*	*	*	*	4001088	*
H	15729	250	82.4	+	0	0	500I250M692I	b8ef01c2cc1e149a129f0d54552a9031	4001088
L	19706	1343	*	*	*	*	*	4454841	*
H	19706	250	82.0	+	0	0	418I250M675I	b8ef01c2cc1e149a129f0d54552a9031	4454841
L	11230	1457	*	*	*	*	*	1125402	*
H	11230	250	84.0	+	0	0	483I250M724I	b8ef01c2cc1e149a129f0d54552a9031	1125402
L	15054	1513	*	*	*	*	*	654665	*
H	15054	250	80.8	+	0	0	533I250M730I	6dfe18ad64a9e23ee55fed945175bb42	654665
L	48	1392	*	*	*	*	*	1104627	*
H	48	250	80.4	+	0	0	435I5MI245M706I	6dfe18ad64a9e23ee55fed945175bb42	1104627
L	5359	1534	*	*	*	*	*	312765	*
H	5359	250	81.6	+	0	0	512I250M772I	6dfe18ad64a9e23ee55fed945175bb42	312765
L	9628	1477	*	*	*	*	*	102733	*
H	9628	250	80.4	+	0	0	467I250M760I	6dfe18ad64a9e23ee55fed945175bb42	102733
L	7055	1404	*	*	*	*	*	218095	*
H	7055	250	80.0	+	0	0	447I250M707I	6dfe18ad64a9e23ee55fed945175bb42	218095
L	641	1345	*	*	*	*	*	972955	*
H	641	250	90.0	+	0	0	328I94M5I156M762I	9b9bac582c05e90253ac1d7341147d95	972955
L	917	1345	*	*	*	*	*	904283	*
H	917	250	90.0	+	0	0	328I94M5I156M762I	9b9bac582c05e90253ac1d7341147d95	904283
L	11774	1432	*	*	*	*	*	1798719	*
H	11774	250	90.0	+	0	0	320I94M5I156M857I	9b9bac582c05e90253ac1d7341147d95	1798719
L	10172	1495	*	*	*	*	*	53098	*
H	10172	250	90.4	+	0	0	323I94M5I156M917I	9b9bac582c05e90253ac1d7341147d95	53098
L	19938	1427	*	*	*	*	*	4465545	*
H	19938	250	90.0	+	0	0	322I94M5I156M850I	9b9bac582c05e90253ac1d7341147d95	4465545
L	17339	1554	*	*	*	*	*	4341595	*
H	17339	250	100.0	+	0	0	367I250M937I	4d105eeb4d32edd3e88c72965ea7dc81	4341595
L	18925	1514	*	*	*	*	*	4416988	*
H	18925	250	100.0	+	0	0	358I250M906I	4d105eeb4d32edd3e88c72965ea7dc81	4416988
L	18910	1514	*	*	*	*	*	4416190	*
H	18910	250	100.0	+	0	0	358I250M906I	4d105eeb4d32edd3e88c72965ea7dc81	4416190
L	18909	1514	*	*	*	*	*	4416186	*
H	18909	250	100.0	+	0	0	358I250M906I	4d105eeb4d32edd3e88c72965ea7dc81	4416186
L	10546	1487	*	*	*	*	*	15033	*
H	10546	250	99.6	+	0	0	357I250M880I	4d105eeb4d32edd3e88c72965ea7dc81	15033
L	7957	1389	*	*	*	*	*	181744	*
H	7957	250	100.0	+	0	0	515I250M624I	0e1dcba2a26611bacba2adfc23ac6418	181744
L	8536	1492	*	*	*	*	*	163410	*
H	8536	250	100.0	+	0	0	513I250M729I	0e1dcba2a26611bacba2adfc23ac6418	163410
L	4539	1366	*	*	*	*	*	359800	*
H	4539	250	100.0	+	0	0	504I250M612I	0e1dcba2a26611bacba2adfc23ac6418	359800
L	3826	1515	*	*	*	*	*	469946	*
H	3826	250	100.0	+	0	0	505I250M760I	0e1dcba2a26611bacba2adfc23ac6418	469946
L	4533	1337	*	*	*	*	*	359993	*
H	4533	250	99.6	+	0	0	476I250M611I	0e1dcba2a26611bacba2adfc23ac6418	359993
L	18440	1368	*	*	*	*	*	4392569	*
H	18440	250	100.0	+	0	0	515I250M603I	ec4075339e16f5cd45fd5a7955596899	4392569
L	17242	1439	*	*	*	*	*	4336561	*
H	17242	250	100.0	+	0	0	492I250M697I	ec4075339e16f5cd45fd5a7955596899	4336561
L	9319	1358	*	*	*	*	*	119086	*
H	9319	250	100.0	+	0	0	506I250M602I	ec4075339e16f5cd45fd5a7955596899	119086
L	5163	1360	*	*	*	*	*	325792	*
H	5163	250	100.0	+	0	0	508I250M602I	ec4075339e16f5cd45fd5a7955596899	325792
L	7535	1399	*	*	*	*	*	191618	*
H	7535	250	100.0	+	0	0	527I250M622I	ec4075339e16f5cd45fd5a7955596899	191618
L	10582	1497	*	*	*	*	*	14469	*
H	10582	250	86.0	+	0	0	504I250M743I	961f2becef6912795fe0c1cc16e12a31	14469
L	20203	1509	*	*	*	*	*	4476741	*
H	20203	250	85.6	+	0	0	506I250M753I	961f2becef6912795fe0c1cc16e12a31	4476741
L	8781	1506	*	*	*	*	*	153061	*
H	8781	250	86.0	+	0	0	525I250M731I	961f2becef6912795fe0c1cc16e12a31	153061
L	16517	1609	*	*	*	*	*	4305211	*
H	16517	250	82.8	+	0	0	557I65MI30MD154M802I	961f2becef6912795fe0c1cc16e12a31	4305211
L	1516	1554	*	*	*	*	*	746730	*
H	1516	250	82.8	+	0	0	548I65MI30MD154M756I	961f2becef6912795fe0c1cc16e12a31	746730
L	18649	1419	*	*	*	*	*	4404046	*
H	18649	250	99.6	+	0	0	446I250M723I	c95ae406e809bf890d9c57ac747a1904	4404046
L	8868	1525	*	*	*	*	*	149050	*
H	8868	250	99.6	+	0	0	513I250M762I	c95ae406e809bf890d9c57ac747a1904	149050
L	13744	1344	*	*	*	*	*	960062	*
H	13744	250	99.6	+	0	0	486I250M608I	c95ae406e809bf890d9c57ac747a1904	960062
L	1805	1440	*	*	*	*	*	605198	*
H	1805	250	99.2	+	0	0	482I250M708I	c95ae406e809bf890d9c57ac747a1904	605198
L	2615	1479	*	*	*	*	*	551600	*
H	2615	250	98.8	+	0	0	495I250M734I	c95ae406e809bf890d9c57ac747a1904	551600
L	1835	1485	*	*	*	*	*	593016	*
H	1835	250	91.2	+	0	0	514I250M721I	e5413f67faa6b8c0c3e63e48836c0b42	593016
L	13239	1506	*	*	*	*	*	1131995	*
H	13239	250	88.4	+	0	0	511I250M745I	e5413f67faa6b8c0c3e63e48836c0b42	1131995
L	1379	1547	*	*	*	*	*	809076	*
H	1379	250	87.2	+	0	0	536I250M761I	e5413f67faa6b8c0c3e63e48836c0b42	809076
L	14121	1553	*	*	*	*	*	3107842	*
H	14121	250	90.0	+	0	0	537I99MI151M765I	e5413f67faa6b8c0c3e63e48836c0b42	3107842
L	9763	1477	*	*	*	*	*	94847	*
H	9763	250	87.6	+	0	0	533I240M2D8M696I	e5413f67faa6b8c0c3e63e48836c0b42	94847
H	1577	250	82.4	+	0	0	488I250M694I	2b3f30843cfe8995c581c23a2149a7e4	716385
H	11009	250	82.4	+	0	0	493I250M710I	2b3f30843cfe8995c581c23a2149a7e4	7499
H	20091	250	82.4	+	0	0	529I250M762I	2b3f30843cfe8995c581c23a2149a7e4	4472456
H	2148	250	81.6	+	0	0	500I250M743I	2b3f30843cfe8995c581c23a2149a7e4	576892
H	13943	250	81.6	+	0	0	520I250M731I	2b3f30843cfe8995c581c23a2149a7e4	1105864
L	6436	1523	*	*	*	*	*	260579	*
H	6436	250	100.0	+	0	0	525I250M748I	e47a63686b619f67783f9b9aa52b86bf	260579
H	14627	250	95.6	+	0	0	525I250M714I	e47a63686b619f67783f9b9aa52b86bf	607515
L	17983	1528	*	*	*	*	*	4371785	*
H	17983	250	96.4	+	0	0	530I250M748I	e47a63686b619f67783f9b9aa52b86bf	4371785
H	18696	250	95.6	+	0	0	530I250M748I	e47a63686b619f67783f9b9aa52b86bf	4406595
H	9512	250	95.6	+	0	0	503I250M711I	e47a63686b619f67783f9b9aa52b86bf	107044
L	468	1336	*	*	*	*	*	1015017	*
H	468	250	82.0	+	0	0	479I250M607I	032219ca1775922c85fd0d93ccc374ef	1015017
L	10808	1547	*	*	*	*	*	10839	*
H	10808	250	87.2	+	0	0	539I250M758I	032219ca1775922c85fd0d93ccc374ef	10839
L	9989	1505	*	*	*	*	*	73433	*
H	9989	250	80.0	+	0	0	499I235MD14M757I	032219ca1775922c85fd0d93ccc374ef	73433
L	12022	1458	*	*	*	*	*	1125489	*
H	12022	250	87.6	+	0	0	496I250M712I	032219ca1775922c85fd0d93ccc374ef	1125489
L	17749	1482	*	*	*	*	*	4360950	*
H	17749	250	84.0	+	0	0	519I250M713I	032219ca1775922c85fd0d93ccc374ef	4360950
L	20570	1402	*	*	*	*	*	1142	*
H	20570	250	100.0	+	0	0	447I250M705I	985186d08524adfa1dd0a5508be9fd5c	1142
L	20534	1466	*	*	*	*	*	101071	*
H	20534	250	99.2	+	0	0	463I250M753I	985186d08524adfa1dd0a5508be9fd5c	101071
L	20425	1435	*	*	*	*	*	556561	*
H	20425	250	99.2	+	0	0	462I250M723I	985186d08524adfa1dd0a5508be9fd5c	556561
L	20526	1316	*	*	*	*	*	106039	*
H	20526	250	98.8	+	0	0	360I250M706I	985186d08524adfa1dd0a5508be9fd5c	106039
L	20634	1435	*	*	*	*	*	647593	*
H	20634	250	98.8	+	0	0	462I250M723I	985186d08524adfa1dd0a5508be9fd5c	647593
H	11829	250	92.8	+	0	0	516I250M761I	5610b04f19aaac78ac2469a3feb707e9	734955
L	9658	1524	*	*	*	*	*	101860	*
H	9658	250	95.2	+	0	0	516I46MI204M757I	5610b04f19aaac78ac2469a3feb707e9	101860
H	2541	250	93.6	+	0	0	516I250M731I	5610b04f19aaac78ac2469a3feb707e9	555445
L	7802	1391	*	*	*	*	*	185454	*
H	7802	250	92.8	+	0	0	517I250M624I	5610b04f19aaac78ac2469a3feb707e9	185454
L	7480	1389	*	*	*	*	*	193160	*
H	7480	250	92.8	+	0	0	514I250M625I	5610b04f19aaac78ac2469a3feb707e9	193160
H	10441	250	92.8	+	0	0	497I250M703I	93f6e82a46f743c37e3c42206ad68446	21464
H	10459	250	92.8	+	0	0	497I250M703I	93f6e82a46f743c37e3c42206ad68446	19113
H	10268	250	92.8	+	0	0	491I250M703I	93f6e82a46f743c37e3c42206ad68446	41119
H	9501	250	92.4	+	0	0	517I178MI65MI7M756I	93f6e82a46f743c37e3c42206ad68446	107235
L	10507	1507	*	*	*	*	*	16026	*
H	10507	250	87.6	+	0	0	501I250M756I	93f6e82a46f743c37e3c42206ad68446	16026
L	18467	1442	*	*	*	*	*	4393950	*
H	18467	250	88.4	+	0	0	492I250M700I	56e9f40547d81756397105d0cdfbf2dd	4393950
L	2576	1464	*	*	*	*	*	553455	*
H	2576	250	88.4	+	0	0	509I250M705I	56e9f40547d81756397105d0cdfbf2dd	553455
L	17038	1540	*	*	*	*	*	4327050	*
H	17038	250	88.4	+	0	0	529I250M761I	56e9f40547d81756397105d0cdfbf2dd	4327050
L	7737	1447	*	*	*	*	*	186744	*
H	7737	250	84.0	+	0	0	517I250M680I	56e9f40547d81756397105d0cdfbf2dd	186744
H	12291	250	86.4	+	0	0	523I250M763I	56e9f40547d81756397105d0cdfbf2dd	827000
L	20672	1360	*	*	*	*	*	1122723	*
H	20672	250	100.0	+	0	0	386I250M724I	0f5f7693288de84f4ade2e6abaa2440f	1122723
L	20636	1439	*	*	*	*	*	716787	*
H	20636	250	100.0	+	0	0	465I250M724I	0f5f7693288de84f4ade2e6abaa2440f	716787
L	20704	1306	*	*	*	*	*	4362618	*
H	20704	250	100.0	+	0	0	442I250M614I	0f5f7693288de84f4ade2e6abaa2440f	4362618
L	20703	1306	*	*	*	*	*	4362617	*
H	20703	250	100.0	+	0	0	442I250M614I	0f5f7693288de84f4ade2e6abaa2440f	4362617
L	20490	1372	*	*	*	*	*	143107	*
H	20490	250	100.0	+	0	0	368I250M754I	0f5f7693288de84f4ade2e6abaa2440f	143107
L	8542	1494	*	*	*	*	*	163227	*
H	8542	250	86.4	+	0	0	500I250M744I	b6cf446f918dd4b73e6f127625a33f03	163227
L	17320	1465	*	*	*	*	*	4340465	*
H	17320	250	85.6	+	0	0	504I250M711I	b6cf446f918dd4b73e6f127625a33f03	4340465
H	13255	250	88.8	+	0	0	461I250M710I	b6cf446f918dd4b73e6f127625a33f03	722795
H	12989	250	88.8	+	0	0	483I250M732I	b6cf446f918dd4b73e6f127625a33f03	2449975
L	19238	1534	*	*	*	*	*	4432439	*
H	19238	250	85.6	+	0	0	524I250M760I	b6cf446f918dd4b73e6f127625a33f03	4432439
L	1905	1339	*	*	*	*	*	588996	*
H	1905	250	83.2	+	0	0	474I250M615I	bbfe5b9508f4b48216eb0bee5fdba64b	588996
L	1893	1340	*	*	*	*	*	589487	*
H	1893	250	84.0	+	0	0	474I250M616I	bbfe5b9508f4b48216eb0bee5fdba64b	589487
L	15319	1419	*	*	*	*	*	3760917	*
H	15319	250	84.0	+	0	0	470I250M699I	bbfe5b9508f4b48216eb0bee5fdba64b	3760917
L	2465	1337	*	*	*	*	*	559584	*
H	2465	250	84.0	+	0	0	474I250M613I	bbfe5b9508f4b48216eb0bee5fdba64b	559584
L	2552	1335	*	*	*	*	*	554743	*
H	2552	250	83.6	+	0	0	474I250M611I	bbfe5b9508f4b48216eb0bee5fdba64b	554743
L	13755	1512	*	*	*	*	*	838618	*
H	13755	250	92.8	+	0	0	506I250M756I	6013b9e15b35c4e724eb0c323c05f9d3	838618
H	2800	250	90.0	+	0	0	500I250M741I	6013b9e15b35c4e724eb0c323c05f9d3	539939
H	10507	250	92.0	+	0	0	501I250M756I	6013b9e15b35c4e724eb0c323c05f9d3	16026
L	6592	1346	*	*	*	*	*	252234	*
H	6592	250	91.6	+	0	0	411I250M685I	6013b9e15b35c4e724eb0c323c05f9d3	252234
L	1739	1461	*	*	*	*	*	636825	*
H	1739	250	88.8	+	0	0	480I250M731I	6013b9e15b35c4e724eb0c323c05f9d3	636825
L	10501	1458	*	*	*	*	*	16054	*
H	10501	250	100.0	+	0	0	470I250M738I	5f2d589aeca05cfa41265dd5e23603b4	16054
L	7929	1369	*	*	*	*	*	182342	*
H	7929	250	100.0	+	0	0	500I250M619I	5f2d589aeca05cfa41265dd5e23603b4	182342
L	8114	1377	*	*	*	*	*	177644	*
H	8114	250	100.0	+	0	0	509I250M618I	5f2d589aeca05cfa41265dd5e23603b4	177644
L	4692	1334	*	*	*	*	*	352927	*
H	4692	250	99.6	+	0	0	480I250M604I	5f2d589aeca05cfa41265dd5e23603b4	352927
L	4405	1336	*	*	*	*	*	363438	*
H	4405	250	99.6	+	0	0	480I250M606I	5f2d589aeca05cfa41265dd5e23603b4	363438
L	7953	1346	*	*	*	*	*	181791	*
H	7953	250	96.0	+	0	0	514I250M582I	c1dc9ad5116d96b8ed863458fc0d0aec	181791
L	8201	1391	*	*	*	*	*	175248	*
H	8201	250	96.0	+	0	0	516I250M625I	c1dc9ad5116d96b8ed863458fc0d0aec	175248
L	8063	1392	*	*	*	*	*	179005	*
H	8063	250	96.0	+	0	0	514I250M628I	c1dc9ad5116d96b8ed863458fc0d0aec	179005
L	8198	1391	*	*	*	*	*	175354	*
H	8198	250	96.0	+	0	0	514I250M627I	c1dc9ad5116d96b8ed863458fc0d0aec	175354
L	4398	1358	*	*	*	*	*	363638	*
H	4398	250	96.0	+	0	0	494I250M614I	c1dc9ad5116d96b8ed863458fc0d0aec	363638
L	14651	1378	*	*	*	*	*	1115403	*
H	14651	250	100.0	+	0	0	466I250M662I	1b158b8b2922d4fcad5d9cea607cbb7d	1115403
L	1538	1452	*	*	*	*	*	736792	*
H	1538	250	100.0	+	0	0	529I250M673I	1b158b8b2922d4fcad5d9cea607cbb7d	736792
L	10868	1443	*	*	*	*	*	9683	*
H	10868	250	100.0	+	0	0	519I250M674I	1b158b8b2922d4fcad5d9cea607cbb7d	9683
L	1528	1456	*	*	*	*	*	741050	*
H	1528	250	100.0	+	0	0	514I250M692I	1b158b8b2922d4fcad5d9cea607cbb7d	741050
L	1439	1453	*	*	*	*	*	783913	*
H	1439	250	100.0	+	0	0	499I250M704I	1b158b8b2922d4fcad5d9cea607cbb7d	783913
H	10441	250	94.0	+	0	0	497I250M703I	3e2bfdd1acae4723c96e344f91b262d8	21464
H	10459	250	94.0	+	0	0	497I250M703I	3e2bfdd1acae4723c96e344f91b262d8	19113
H	10507	250	92.0	+	0	0	501I250M756I	3e2bfdd1acae4723c96e344f91b262d8	16026
H	10268	250	93.2	+	0	0	491I250M703I	3e2bfdd1acae4723c96e344f91b262d8	41119
H	9501	250	93.6	+	0	0	517I178MI65MI7M756I	3e2bfdd1acae4723c96e344f91b262d8	107235
L	13721	1487	*	*	*	*	*	326714	*
H	13721	250	92.0	+	0	0	478I250M759I	1b8c587ade117b2745461e92e508101f	326714
L	2707	1447	*	*	*	*	*	546657	*
H	2707	250	93.6	+	0	0	451I250M746I	1b8c587ade117b2745461e92e508101f	546657
L	9137	1443	*	*	*	*	*	138132	*
H	9137	250	92.0	+	0	0	468I250M725I	1b8c587ade117b2745461e92e508101f	138132
L	15250	1370	*	*	*	*	*	1127433	*
H	15250	250	93.6	+	0	0	427I250M693I	1b8c587ade117b2745461e92e508101f	1127433
L	8544	1432	*	*	*	*	*	163171	*
H	8544	250	90.8	+	0	0	470I250M712I	1b8c587ade117b2745461e92e508101f	163171
L	12971	1502	*	*	*	*	*	821395	*
H	12971	250	92.4	+	0	0	521I250M731I	7e7833f0aa377e01cdd3450c36117091	821395
L	11207	1535	*	*	*	*	*	1443	*
H	11207	250	88.4	+	0	0	521I250M764I	7e7833f0aa377e01cdd3450c36117091	1443
L	12284	1501	*	*	*	*	*	2084902	*
H	12284	250	86.4	+	0	0	509I250M742I	7e7833f0aa377e01cdd3450c36117091	2084902
L	19780	1486	*	*	*	*	*	4458618	*
H	19780	250	81.2	+	0	0	525I250M711I	7e7833f0aa377e01cdd3450c36117091	4458618
L	9141	1466	*	*	*	*	*	138056	*
H	9141	250	80.0	+	0	0	490I250M726I	7e7833f0aa377e01cdd3450c36117091	138056
L	11165	1500	*	*	*	*	*	2813	*
H	11165	250	89.6	+	0	0	486I250M764I	b5f1f2be0613f6853b4beb0877353a2d	2813
L	7315	1473	*	*	*	*	*	197491	*
H	7315	250	88.8	+	0	0	488I250M735I	b5f1f2be0613f6853b4beb0877353a2d	197491
L	13783	1375	*	*	*	*	*	2905450	*
H	13783	250	90.4	+	0	0	453I250M672I	b5f1f2be0613f6853b4beb0877353a2d	2905450
L	18967	1361	*	*	*	*	*	4419428	*
H	18967	250	88.0	+	0	0	423I250M688I	b5f1f2be0613f6853b4beb0877353a2d	4419428
L	15325	1515	*	*	*	*	*	3764940	*
H	15325	250	89.2	+	0	0	496I250M769I	b5f1f2be0613f6853b4beb0877353a2d	3764940
L	6365	1391	*	*	*	*	*	263138	*
H	6365	250	96.0	+	0	0	516I250M625I	51dd453b71a4aba20d9f349601ea5203	263138
L	11508	1491	*	*	*	*	*	1105211	*
H	11508	250	96.0	+	0	0	515I250M726I	51dd453b71a4aba20d9f349601ea5203	1105211
L	8668	1454	*	*	*	*	*	158211	*
H	8668	250	95.6	+	0	0	495I250M709I	51dd453b71a4aba20d9f349601ea5203	158211
L	5739	1392	*	*	*	*	*	295205	*
H	5739	250	96.0	+	0	0	516I250M626I	51dd453b71a4aba20d9f349601ea5203	295205
L	6227	1405	*	*	*	*	*	269103	*
H	6227	250	95.6	+	0	0	535I250M620I	51dd453b71a4aba20d9f349601ea5203	269103
H	13084	250	87.6	+	0	0	506I250M713I	d4f2711418e7a6ae18f9a57b25083cea	689232
H	16286	250	88.4	+	0	0	527I250M732I	d4f2711418e7a6ae18f9a57b25083cea	4295036
H	16211	250	86.4	+	0	0	477I250M684I	d4f2711418e7a6ae18f9a57b25083cea	4263094
H	11206	250	86.0	+	0	0	506I250M712I	d4f2711418e7a6ae18f9a57b25083cea	1588
L	16137	1516	*	*	*	*	*	4225242	*
H	16137	250	86.4	+	0	0	534I250M732I	d4f2711418e7a6ae18f9a57b25083cea	4225242
L	11936	1508	*	*	*	*	*	664377	*
H	11936	250	100.0	+	0	0	351I250M907I	3b1e57d59969c0e4e22215de18ae8549	664377
L	9279	1553	*	*	*	*	*	128812	*
H	9279	250	100.0	+	0	0	359I250M944I	3b1e57d59969c0e4e22215de18ae8549	128812
L	12591	1546	*	*	*	*	*	2235399	*
H	12591	250	100.0	+	0	0	361I250M935I	3b1e57d59969c0e4e22215de18ae8549	2235399
L	16824	1546	*	*	*	*	*	4318438	*
H	16824	250	100.0	+	0	0	359I250M937I	3b1e57d59969c0e4e22215de18ae8549	4318438
L	14939	1396	*	*	*	*	*	676074	*
H	14939	250	100.0	+	0	0	359I250M787I	3b1e57d59969c0e4e22215de18ae8549	676074
L	5377	1355	*	*	*	*	*	311950	*
H	5377	250	98.4	+	0	0	333I250M772I	cbe04f9b6374014ed94fd900da1f5eec	311950
H	7332	250	98.8	+	0	0	354I250M791I	cbe04f9b6374014ed94fd900da1f5eec	197072
L	14046	1454	*	*	*	*	*	3062665	*
H	14046	250	96.0	+	0	0	334I250M870I	cbe04f9b6374014ed94fd900da1f5eec	3062665
L	16168	1440	*	*	*	*	*	4244333	*
H	16168	250	92.4	+	0	0	319I250M871I	cbe04f9b6374014ed94fd900da1f5eec	4244333
H	18629	250	92.8	+	0	0	339I250M852I	cbe04f9b6374014ed94fd900da1f5eec	4402960
L	4205	1377	*	*	*	*	*	369699	*
H	4205	250	90.8	+	0	0	502I250M625I	75622b8ee0f6a2b8a796bbfd264ca9fa	369699
H	8057	250	90.8	+	0	0	500I250M632I	75622b8ee0f6a2b8a796bbfd264ca9fa	179147
L	6046	1496	*	*	*	*	*	277489	*
H	6046	250	90.8	+	0	0	488I250M758I	75622b8ee0f6a2b8a796bbfd264ca9fa	277489
L	2470	1465	*	*	*	*	*	559332	*
H	2470	250	90.8	+	0	0	487I250M728I	75622b8ee0f6a2b8a796bbfd264ca9fa	559332
L	11422	1438	*	*	*	*	*	1614788	*
H	11422	250	90.8	+	0	0	476I243MI7M711I	75622b8ee0f6a2b8a796bbfd264ca9fa	1614788
L	11102	1425	*	*	*	*	*	4630	*
H	11102	250	97.6	+	0	0	446I250M729I	08b7d1ec9b601f4166aed8bef8598c81	4630
L	15021	1445	*	*	*	*	*	1142160	*
H	15021	250	97.2	+	0	0	469I250M726I	08b7d1ec9b601f4166aed8bef8598c81	1142160
L	13622	1445	*	*	*	*	*	1120577	*
H	13622	250	96.8	+	0	0	469I250M726I	08b7d1ec9b601f4166aed8bef8598c81	1120577
L	11101	1438	*	*	*	*	*	4632	*
H	11101	250	96.8	+	0	0	446I250M742I	08b7d1ec9b601f4166aed8bef8598c81	4632
L	276	1448	*	*	*	*	*	1056070	*
H	276	250	97.6	+	0	0	469I250M729I	08b7d1ec9b601f4166aed8bef8598c81	1056070
H	16133	250	100.0	+	0	0	328I250M767I	4a0995a82d96f424a4af7f074ee45faa	870106
H	14305	250	100.0	+	0	0	363I250M786I	4a0995a82d96f424a4af7f074ee45faa	3202924
L	15075	1346	*	*	*	*	*	869743	*
H	15075	250	100.0	+	0	0	328I250M768I	4a0995a82d96f424a4af7f074ee45faa	869743
L	3978	1345	*	*	*	*	*	426327	*
H	3978	250	100.0	+	0	0	328I250M767I	4a0995a82d96f424a4af7f074ee45faa	426327
L	165	1347	*	*	*	*	*	1080702	*
H	165	250	100.0	+	0	0	328I250M769I	4a0995a82d96f424a4af7f074ee45faa	1080702
L	19294	1476	*	*	*	*	*	4435283	*
H	19294	250	100.0	+	0	0	504I250M722I	2d181e95ff098d6202c930ec9c20ced6	4435283
L	1801	1371	*	*	*	*	*	606989	*
H	1801	250	100.0	+	0	0	439I35MI11MI204M680I	2d181e95ff098d6202c930ec9c20ced6	606989
L	17646	1464	*	*	*	*	*	4356801	*
H	17646	250	98.8	+	0	0	500I250M714I	2d181e95ff098d6202c930ec9c20ced6	4356801
L	11859	1409	*	*	*	*	*	1141121	*
H	11859	250	97.2	+	0	0	474I250M685I	2d181e95ff098d6202c930ec9c20ced6	1141121
L	1425	1367	*	*	*	*	*	792207	*
H	1425	250	97.6	+	0	0	507I250M610I	2d181e95ff098d6202c930ec9c20ced6	792207
L	5878	1373	*	*	*	*	*	289714	*
H	5878	250	99.6	+	0	0	502I250M621I	0152c7b6c862b5ce0d4420eeb2813b20	289714
L	5623	1373	*	*	*	*	*	300045	*
H	5623	250	98.0	+	0	0	500I250M623I	0152c7b6c862b5ce0d4420eeb2813b20	300045
L	1248	1497	*	*	*	*	*	828483	*
H	1248	250	97.2	+	0	0	493I250M754I	0152c7b6c862b5ce0d4420eeb2813b20	828483
L	1829	1477	*	*	*	*	*	593200	*
H	1829	250	96.8	+	0	0	499I250M728I	0152c7b6c862b5ce0d4420eeb2813b20	593200
L	19628	1408	*	*	*	*	*	4451477	*
H	19628	250	96.4	+	0	0	470I250M688I	0152c7b6c862b5ce0d4420eeb2813b20	4451477
L	6902	1547	*	*	*	*	*	233893	*
H	6902	250	94.0	+	0	0	536I250M761I	0a4009eb300a0f2671383587d6d8401e	233893
L	8306	1521	*	*	*	*	*	172248	*
H	8306	250	94.0	+	0	0	540I250M731I	0a4009eb300a0f2671383587d6d8401e	172248
L	8295	1520	*	*	*	*	*	172804	*
H	8295	250	93.6	+	0	0	542I250M728I	0a4009eb300a0f2671383587d6d8401e	172804
L	8430	1521	*	*	*	*	*	167118	*
H	8430	250	93.6	+	0	0	540I250M731I	0a4009eb300a0f2671383587d6d8401e	167118
L	5689	1478	*	*	*	*	*	297188	*
H	5689	250	94.4	+	0	0	521I250M707I	0a4009eb300a0f2671383587d6d8401e	297188
L	1806	1483	*	*	*	*	*	594381	*
H	1806	250	93.6	+	0	0	510I250M723I	98ff1f2b1008b5e0971997cd5070fc03	594381
L	17890	1443	*	*	*	*	*	4367583	*
H	17890	250	93.6	+	0	0	497I250M696I	98ff1f2b1008b5e0971997cd5070fc03	4367583
L	4382	1358	*	*	*	*	*	363996	*
H	4382	250	93.6	+	0	0	498I250M610I	98ff1f2b1008b5e0971997cd5070fc03	363996
L	20252	1360	*	*	*	*	*	4479171	*
H	20252	250	94.0	+	0	0	505I70MI180M604I	98ff1f2b1008b5e0971997cd5070fc03	4479171
L	4411	1361	*	*	*	*	*	363267	*
H	4411	250	93.6	+	0	0	499I250M612I	98ff1f2b1008b5e0971997cd5070fc03	363267
N	*	250	*	*	*	*	*	16c2bb0bd545fdd585711131e867499a	*
L	1254	1496	*	*	*	*	*	827497	*
H	1254	250	99.6	+	0	0	344I250M902I	d9e9c9377516e5021c9e908453d1023f	827497
L	10938	1492	*	*	*	*	*	8553	*
H	10938	250	99.6	+	0	0	324I250M918I	d9e9c9377516e5021c9e908453d1023f	8553
L	1260	1497	*	*	*	*	*	826104	*
H	1260	250	99.6	+	0	0	344I250M903I	d9e9c9377516e5021c9e908453d1023f	826104
L	1900	1503	*	*	*	*	*	589202	*
H	1900	250	99.6	+	0	0	344I250M909I	d9e9c9377516e5021c9e908453d1023f	589202
L	17389	1500	*	*	*	*	*	4344098	*
H	17389	250	99.6	+	0	0	346I250M904I	d9e9c9377516e5021c9e908453d1023f	4344098
L	10306	1465	*	*	*	*	*	38048	*
H	10306	250	80.4	+	0	0	484I250M731I	8b7e9fe9830129d0bf4807726bf1cf93	38048
L	8638	1498	*	*	*	*	*	159436	*
H	8638	250	80.0	+	0	0	486I250M762I	8b7e9fe9830129d0bf4807726bf1cf93	159436
L	7026	1421	*	*	*	*	*	220201	*
H	7026	250	80.0	+	0	0	460I250M711I	8b7e9fe9830129d0bf4807726bf1cf93	220201
L	7427	1546	*	*	*	*	*	194409	*
H	7427	250	83.2	+	0	0	535I250M761I	8b7e9fe9830129d0bf4807726bf1cf93	194409
L	16011	1468	*	*	*	*	*	849108	*
H	16011	250	80.0	+	0	0	487I250M731I	8b7e9fe9830129d0bf4807726bf1cf93	849108
L	1308	1465	*	*	*	*	*	819786	*
H	1308	250	84.8	+	0	0	502I250M713I	d71da82162d9691f135739cc193e8971	819786
L	19299	1464	*	*	*	*	*	4435424	*
H	19299	250	87.2	+	0	0	512I250M702I	d71da82162d9691f135739cc193e8971	4435424
H	11203	250	83.6	+	0	0	495I250M747I	d71da82162d9691f135739cc193e8971	1596
L	7729	1365	*	*	*	*	*	186868	*
H	7729	250	83.2	+	0	0	494I250M621I	d71da82162d9691f135739cc193e8971	186868
L	2302	1474	*	*	*	*	*	568150	*
H	2302	250	82.0	+	0	0	494I250M730I	d71da82162d9691f135739cc193e8971	568150
L	6468	1455	*	*	*	*	*	259094	*
H	6468	250	94.8	+	0	0	486I250M719I	396fed4aee9c695f8eea1afdf2ebeb57	259094
L	18529	1475	*	*	*	*	*	4396918	*
H	18529	250	96.0	+	0	0	480I250M745I	396fed4aee9c695f8eea1afdf2ebeb57	4396918
L	13293	1440	*	*	*	*	*	2606464	*
H	13293	250	94.8	+	0	0	480I250M710I	396fed4aee9c695f8eea1afdf2ebeb57	2606464
L	8418	1488	*	*	*	*	*	167613	*
H	8418	250	94.8	+	0	0	500I250M738I	396fed4aee9c695f8eea1afdf2ebeb57	167613
L	1620	1443	*	*	*	*	*	696991	*
H	1620	250	94.8	+	0	0	479I250M714I	396fed4aee9c695f8eea1afdf2ebeb57	696991
L	16523	1463	*	*	*	*	*	4305423	*
H	16523	250	96.4	+	0	0	485I250M728I	bb51fe7228e06df540ada95907ed7cb1	4305423
L	10673	1435	*	*	*	*	*	12913	*
H	10673	250	96.4	+	0	0	463I250M722I	bb51fe7228e06df540ada95907ed7cb1	12913
L	19496	1512	*	*	*	*	*	4444717	*
H	19496	250	96.4	+	0	0	500I250M762I	bb51fe7228e06df540ada95907ed7cb1	4444717
L	15975	1513	*	*	*	*	*	4133150	*
H	15975	250	96.4	+	0	0	500I250M763I	bb51fe7228e06df540ada95907ed7cb1	4133150
L	1720	1477	*	*	*	*	*	649178	*
H	1720	250	96.4	+	0	0	478I115MD134M750I	bb51fe7228e06df540ada95907ed7cb1	649178
L	6836	1434	*	*	*	*	*	238205	*
H	6836	250	99.2	+	0	0	461I250M723I	3dcf95f04c5e5084618a820fded0a048	238205
L	16955	1334	*	*	*	*	*	4323264	*
H	16955	250	99.2	+	0	0	478I250M606I	3dcf95f04c5e5084618a820fded0a048	4323264
L	14785	1385	*	*	*	*	*	855943	*
H	14785	250	99.2	+	0	0	450I250M685I	3dcf95f04c5e5084618a820fded0a048	855943
L	6419	1517	*	*	*	*	*	261218	*
H	6419	250	99.2	+	0	0	507I250M760I	3dcf95f04c5e5084618a820fded0a048	261218
L	11240	1389	*	*	*	*	*	745368	*
H	11240	250	99.2	+	0	0	414I250M725I	3dcf95f04c5e5084618a820fded0a048	745368
H	10459	250	92.4	+	0	0	497I250M703I	04a802674683d317a8c7484ce2407ce0	19113
H	10441	250	92.4	+	0	0	497I250M703I	04a802674683d317a8c7484ce2407ce0	21464
H	9501	250	92.0	+	0	0	517I178MI61MI11M756I	04a802674683d317a8c7484ce2407ce0	107235
H	10268	250	91.2	+	0	0	491I250M703I	04a802674683d317a8c7484ce2407ce0	41119
L	18166	1655	*	*	*	*	*	4379927	*
H	18166	250	91.6	+	0	0	646I250M759I	04a802674683d317a8c7484ce2407ce0	4379927
H	16114	250	86.4	+	0	0	479I250M729I	b1b84f255f930c3a36b903dfcb493243	800317
H	11009	250	82.8	+	0	0	493I250M710I	b1b84f255f930c3a36b903dfcb493243	7499
H	20091	250	82.8	+	0	0	529I250M762I	b1b84f255f930c3a36b903dfcb493243	4472456
H	1577	250	82.8	+	0	0	488I250M694I	b1b84f255f930c3a36b903dfcb493243	716385
H	13943	250	82.0	+	0	0	520I250M731I	b1b84f255f930c3a36b903dfcb493243	1105864
H	18390	250	89.6	+	0	0	519I250M728I	40556136a0a6807e97d5d4393cd79a3c	4390091
L	16100	1495	*	*	*	*	*	1136466	*
H	16100	250	88.8	+	0	0	517I250M728I	40556136a0a6807e97d5d4393cd79a3c	1136466
L	10964	1472	*	*	*	*	*	8036	*
H	10964	250	87.6	+	0	0	524I250M698I	40556136a0a6807e97d5d4393cd79a3c	8036
L	14348	1425	*	*	*	*	*	1122668	*
H	14348	250	88.0	+	0	0	478I250M697I	40556136a0a6807e97d5d4393cd79a3c	1122668
L	9282	1535	*	*	*	*	*	128429	*
H	9282	250	88.4	+	0	0	526I250M759I	40556136a0a6807e97d5d4393cd79a3c	128429
N	*	250	*	*	*	*	*	2d41204b348e0d80df9d9d0125226e0c	*
H	12454	250	94.0	+	0	0	479I250M730I	dd9c965e5c7fda83513c06726b00417c	805591
H	12453	250	94.0	+	0	0	478I250M730I	dd9c965e5c7fda83513c06726b00417c	811996
H	13742	250	94.0	+	0	0	500I250M705I	dd9c965e5c7fda83513c06726b00417c	2874960
H	19526	250	94.0	+	0	0	442I250M657I	dd9c965e5c7fda83513c06726b00417c	4446436
L	17056	1387	*	*	*	*	*	4327904	*
H	17056	250	92.0	+	0	0	434I250M703I	dd9c965e5c7fda83513c06726b00417c	4327904
L	12797	1449	*	*	*	*	*	2339949	*
H	12797	250	100.0	+	0	0	489I250M710I	90a05d597112b554e4480a8eaae4e0aa	2339949
L	7451	1386	*	*	*	*	*	193897	*
H	7451	250	100.0	+	0	0	507I250M629I	90a05d597112b554e4480a8eaae4e0aa	193897
L	7452	1394	*	*	*	*	*	193853	*
H	7452	250	100.0	+	0	0	515I250M629I	90a05d597112b554e4480a8eaae4e0aa	193853
L	8026	1382	*	*	*	*	*	179815	*
H	8026	250	100.0	+	0	0	507I250M625I	90a05d597112b554e4480a8eaae4e0aa	179815
L	8239	1389	*	*	*	*	*	174314	*
H	8239	250	100.0	+	0	0	513I250M626I	90a05d597112b554e4480a8eaae4e0aa	174314
L	8679	1455	*	*	*	*	*	157905	*
H	8679	250	82.8	+	0	0	506I93MI157M698I	ca8848e910de604b4150bd50e6a5cf51	157905
L	8648	1456	*	*	*	*	*	158822	*
H	8648	250	82.8	+	0	0	509I93MI157M696I	ca8848e910de604b4150bd50e6a5cf51	158822
L	12396	1535	*	*	*	*	*	851885	*
H	12396	250	82.8	+	0	0	536I93MI157M748I	ca8848e910de604b4150bd50e6a5cf51	851885
L	3195	1395	*	*	*	*	*	525360	*
H	3195	250	81.6	+	0	0	522I93MI157M622I	ca8848e910de604b4150bd50e6a5cf51	525360
L	13489	1448	*	*	*	*	*	2730944	*
H	13489	250	82.8	+	0	0	492I93MI157M705I	ca8848e910de604b4150bd50e6a5cf51	2730944
H	1739	250	86.4	+	0	0	480I250M731I	bd3c45d86ab338880235c8db92437c9e	636825
H	13755	250	88.8	+	0	0	506I250M756I	bd3c45d86ab338880235c8db92437c9e	838618
H	10507	250	89.2	+	0	0	501I250M756I	bd3c45d86ab338880235c8db92437c9e	16026
H	18166	250	88.0	+	0	0	646I250M759I	bd3c45d86ab338880235c8db92437c9e	4379927
L	15659	1526	*	*	*	*	*	3960304	*
H	15659	250	87.2	+	0	0	517I250M759I	bd3c45d86ab338880235c8db92437c9e	3960304
L	14524	1455	*	*	*	*	*	1126064	*
H	14524	250	80.0	+	0	0	447I55MD194M759I	959dc33fb13c310dd52835caa52eeca4	1126064
H	8638	250	80.4	+	0	0	486I55MD194M763I	959dc33fb13c310dd52835caa52eeca4	159436
H	10306	250	80.0	+	0	0	484I55MD194M732I	959dc33fb13c310dd52835caa52eeca4	38048
H	7026	250	80.4	+	0	0	460I55MD194M712I	959dc33fb13c310dd52835caa52eeca4	220201
L	10400	1465	*	*	*	*	*	26225	*
H	10400	250	80.0	+	0	0	484I55MD194M732I	959dc33fb13c310dd52835caa52eeca4	26225
H	18629	250	99.6	+	0	0	510I250M681I	ec77e3de9951e4b4183a0afd548a0d47	4402960
H	7332	250	95.2	+	0	0	525I250M620I	ec77e3de9951e4b4183a0afd548a0d47	197072
H	11339	250	95.2	+	0	0	504I250M693I	ec77e3de9951e4b4183a0afd548a0d47	1561504
H	11407	250	95.6	+	0	0	513I250M686I	ec77e3de9951e4b4183a0afd548a0d47	1606832
H	12059	250	93.6	+	0	0	479I250M655I	ec77e3de9951e4b4183a0afd548a0d47	1945571
L	11772	1463	*	*	*	*	*	730249	*
H	11772	250	100.0	+	0	0	492I250M721I	0d87b112bc336b97248bf4757a668689	730249
L	7054	1465	*	*	*	*	*	218254	*
H	7054	250	100.0	+	0	0	492I250M723I	0d87b112bc336b97248bf4757a668689	218254
L	15743	1453	*	*	*	*	*	4011753	*
H	15743	250	100.0	+	0	0	489I250M714I	0d87b112bc336b97248bf4757a668689	4011753
L	18928	1450	*	*	*	*	*	4417255	*
H	18928	250	100.0	+	0	0	499I250M701I	0d87b112bc336b97248bf4757a668689	4417255
L	16864	1455	*	*	*	*	*	4319891	*
H	16864	250	100.0	+	0	0	483I250M722I	0d87b112bc336b97248bf4757a668689	4319891
L	12690	1505	*	*	*	*	*	2283274	*
H	12690	250	80.8	+	0	0	526I19MD230M730I	e423d05b208d40775c11d878a7eaf7b6	2283274
L	6645	1498	*	*	*	*	*	249227	*
H	6645	250	84.0	+	0	0	534I250M714I	e423d05b208d40775c11d878a7eaf7b6	249227
L	14093	1454	*	*	*	*	*	1136795	*
H	14093	250	82.8	+	0	0	496I250M708I	e423d05b208d40775c11d878a7eaf7b6	1136795
L	1642	1421	*	*	*	*	*	687940	*
H	1642	250	83.6	+	0	0	483I250M688I	e423d05b208d40775c11d878a7eaf7b6	687940
H	11936	250	84.0	+	0	0	527I250M731I	e423d05b208d40775c11d878a7eaf7b6	664377
L	9581	1388	*	*	*	*	*	104613	*
H	9581	250	85.6	+	0	0	476I250M662I	f65c9baa481c7ba05ae78b3ef4797218	104613
L	8654	1449	*	*	*	*	*	158646	*
H	8654	250	85.2	+	0	0	504I250M695I	f65c9baa481c7ba05ae78b3ef4797218	158646
H	8834	250	84.4	+	0	0	503I250M695I	f65c9baa481c7ba05ae78b3ef4797218	150412
L	7287	1391	*	*	*	*	*	198190	*
H	7287	250	82.0	+	0	0	521I250M620I	f65c9baa481c7ba05ae78b3ef4797218	198190
L	5436	1377	*	*	*	*	*	308956	*
H	5436	250	82.0	+	0	0	511I250M616I	f65c9baa481c7ba05ae78b3ef4797218	308956
L	11559	1532	*	*	*	*	*	1690562	*
H	11559	250	82.8	+	0	0	523I92MD157M760I	6ec40f49693a89a9c2544f26ec93d02c	1690562
L	5169	1483	*	*	*	*	*	325525	*
H	5169	250	83.2	+	0	0	476I92MD157M758I	6ec40f49693a89a9c2544f26ec93d02c	325525
L	17907	1553	*	*	*	*	*	4368045	*
H	17907	250	83.2	+	0	0	580I92MD157M724I	6ec40f49693a89a9c2544f26ec93d02c	4368045
L	8505	1307	*	*	*	*	*	164378	*
H	8505	250	83.2	+	0	0	407I92MD157M651I	6ec40f49693a89a9c2544f26ec93d02c	164378
L	2402	1393	*	*	*	*	*	562956	*
H	2402	250	83.2	+	0	0	508I92MD157M636I	6ec40f49693a89a9c2544f26ec93d02c	562956
H	10137	250	85.6	+	0	0	497I250M726I	4453cb651a8781e047b99c045d35d6cf	58647
L	19977	1466	*	*	*	*	*	4467220	*
H	19977	250	81.2	+	0	0	505I250M711I	4453cb651a8781e047b99c045d35d6cf	4467220
L	6814	1383	*	*	*	*	*	239326	*
H	6814	250	82.0	+	0	0	467I250M666I	4453cb651a8781e047b99c045d35d6cf	239326
L	4149	1502	*	*	*	*	*	376180	*
H	4149	250	84.0	+	0	0	514I250M738I	4453cb651a8781e047b99c045d35d6cf	376180
L	19212	1484	*	*	*	*	*	4431464	*
H	19212	250	81.2	+	0	0	519I250M715I	4453cb651a8781e047b99c045d35d6cf	4431464
N	*	250	*	*	*	*	*	7b0c08d9b39187f815a7780126341f37	*
L	14872	1387	*	*	*	*	*	845377	*
H	14872	250	100.0	+	0	0	518I250M619I	4bf3198c78397be5af0b7325d20558de	845377
L	5580	1401	*	*	*	*	*	301626	*
H	5580	250	100.0	+	0	0	528I250M623I	4bf3198c78397be5af0b7325d20558de	301626
L	14873	1388	*	*	*	*	*	850154	*
H	14873	250	100.0	+	0	0	518I250M620I	4bf3198c78397be5af0b7325d20558de	850154
L	5579	1378	*	*	*	*	*	301656	*
H	5579	250	100.0	+	0	0	503I250M625I	4bf3198c78397be5af0b7325d20558de	301656
L	5569	1401	*	*	*	*	*	301923	*
H	5569	250	100.0	+	0	0	528I250M623I	4bf3198c78397be5af0b7325d20558de	301923
L	3333	1477	*	*	*	*	*	521806	*
H	3333	250	95.6	+	0	0	511I250M716I	d326bbb64c756840cdf8e484f2ea7652	521806
L	16848	1492	*	*	*	*	*	4319468	*
H	16848	250	95.6	+	0	0	524I250M718I	d326bbb64c756840cdf8e484f2ea7652	4319468
L	16156	1469	*	*	*	*	*	1144004	*
H	16156	250	93.6	+	0	0	511I250M708I	d326bbb64c756840cdf8e484f2ea7652	1144004
L	18637	1452	*	*	*	*	*	4403464	*
H	18637	250	94.8	+	0	0	500I250M702I	d326bbb64c756840cdf8e484f2ea7652	4403464
L	15509	1509	*	*	*	*	*	1129515	*
H	15509	250	94.8	+	0	0	509I250M750I	d326bbb64c756840cdf8e484f2ea7652	1129515
L	17034	1545	*	*	*	*	*	4326794	*
H	17034	250	100.0	+	0	0	535I250M760I	6c687828e2fdce22a50b09ae7e9e6a1c	4326794
L	19408	1541	*	*	*	*	*	4440404	*
H	19408	250	99.6	+	0	0	531I250M760I	6c687828e2fdce22a50b09ae7e9e6a1c	4440404
L	11043	1476	*	*	*	*	*	6432	*
H	11043	250	98.8	+	0	0	528I250M698I	6c687828e2fdce22a50b09ae7e9e6a1c	6432
L	1684	1545	*	*	*	*	*	666832	*
H	1684	250	98.8	+	0	0	535I250M760I	6c687828e2fdce22a50b09ae7e9e6a1c	666832
L	19567	1545	*	*	*	*	*	4448288	*
H	19567	250	98.4	+	0	0	535I250M760I	6c687828e2fdce22a50b09ae7e9e6a1c	4448288
L	9876	1496	*	*	*	*	*	83866	*
H	9876	250	97.2	+	0	0	501I250M745I	0dc8e0e89e89cf4f0c71808666f6c6e7	83866
L	12565	1449	*	*	*	*	*	1118561	*
H	12565	250	97.2	+	0	0	468I250M731I	0dc8e0e89e89cf4f0c71808666f6c6e7	1118561
L	9713	1457	*	*	*	*	*	99890	*
H	9713	250	97.2	+	0	0	508I250M699I	0dc8e0e89e89cf4f0c71808666f6c6e7	99890
L	15419	1508	*	*	*	*	*	1130913	*
H	15419	250	97.2	+	0	0	528I250M730I	0dc8e0e89e89cf4f0c71808666f6c6e7	1130913
L	15462	1452	*	*	*	*	*	673640	*
H	15462	250	97.2	+	0	0	468I250M734I	0dc8e0e89e89cf4f0c71808666f6c6e7	673640
L	19287	1487	*	*	*	*	*	4434972	*
H	19287	250	97.2	+	0	0	480I250M757I	b1d4ebc0fe98a3fa34b343ada6df970b	4434972
L	6861	1489	*	*	*	*	*	237209	*
H	6861	250	97.2	+	0	0	480I250M759I	b1d4ebc0fe98a3fa34b343ada6df970b	237209
L	7019	1437	*	*	*	*	*	220715	*
H	7019	250	95.6	+	0	0	450I250M737I	b1d4ebc0fe98a3fa34b343ada6df970b	220715
L	2109	1361	*	*	*	*	*	578997	*
H	2109	250	95.2	+	0	0	426I250M685I	b1d4ebc0fe98a3fa34b343ada6df970b	578997
L	6732	1435	*	*	*	*	*	244048	*
H	6732	250	95.2	+	0	0	449I250M736I	b1d4ebc0fe98a3fa34b343ada6df970b	244048
H	18925	250	100.0	+	0	0	534I250M730I	e336f37a27cbd76db5b0040a8c078e20	4416988
H	17339	250	100.0	+	0	0	543I250M761I	e336f37a27cbd76db5b0040a8c078e20	4341595
H	10546	250	98.8	+	0	0	533I250M704I	e336f37a27cbd76db5b0040a8c078e20	15033
H	18909	250	99.2	+	0	0	534I250M730I	e336f37a27cbd76db5b0040a8c078e20	4416186
H	18910	250	98.8	+	0	0	534I250M730I	e336f37a27cbd76db5b0040a8c078e20	4416190
L	6594	1361	*	*	*	*	*	252206	*
H	6594	250	100.0	+	0	0	408I250M703I	51393137c0bd87733bef92c0d82ad05f	252206
L	2920	1433	*	*	*	*	*	532163	*
H	2920	250	100.0	+	0	0	471I250M712I	51393137c0bd87733bef92c0d82ad05f	532163
L	11064	1471	*	*	*	*	*	5796	*
H	11064	250	100.0	+	0	0	478I250M743I	51393137c0bd87733bef92c0d82ad05f	5796
L	12139	1471	*	*	*	*	*	2000709	*
H	12139	250	99.2	+	0	0	478I250M743I	51393137c0bd87733bef92c0d82ad05f	2000709
L	17904	1414	*	*	*	*	*	4368039	*
H	17904	250	98.4	+	0	0	463I250M701I	51393137c0bd87733bef92c0d82ad05f	4368039
L	15568	1489	*	*	*	*	*	627028	*
H	15568	250	98.8	+	0	0	511I250M728I	4a765a31e0cf23936b0d98af5f0b7b81	627028
L	19590	1531	*	*	*	*	*	4449456	*
H	19590	250	98.8	+	0	0	523I250M758I	4a765a31e0cf23936b0d98af5f0b7b81	4449456
L	6824	1364	*	*	*	*	*	238694	*
H	6824	250	98.8	+	0	0	503I250M611I	4a765a31e0cf23936b0d98af5f0b7b81	238694
L	12614	1476	*	*	*	*	*	684420	*
H	12614	250	98.8	+	0	0	505I250M721I	4a765a31e0cf23936b0d98af5f0b7b81	684420
L	8771	1459	*	*	*	*	*	153716	*
H	8771	250	98.8	+	0	0	501I250M708I	4a765a31e0cf23936b0d98af5f0b7b81	153716
H	11203	250	83.2	+	0	0	495I250M747I	b4deca667b3f393a6f6fadb3af23fb7b	1596
H	11206	250	85.2	+	0	0	506I250M712I	b4deca667b3f393a6f6fadb3af23fb7b	1588
H	16211	250	85.6	+	0	0	477I250M684I	b4deca667b3f393a6f6fadb3af23fb7b	4263094
H	1308	250	83.6	+	0	0	502I250M713I	b4deca667b3f393a6f6fadb3af23fb7b	819786
H	11204	250	84.4	+	0	0	506I250M713I	b4deca667b3f393a6f6fadb3af23fb7b	1592
H	6419	250	98.8	+	0	0	507I250M760I	7d28a9e5ac8c019cc2652582737fbcd3	261218
H	11240	250	98.8	+	0	0	414I250M725I	7d28a9e5ac8c019cc2652582737fbcd3	745368
H	6836	250	98.8	+	0	0	461I250M723I	7d28a9e5ac8c019cc2652582737fbcd3	238205
H	16955	250	98.8	+	0	0	478I250M606I	7d28a9e5ac8c019cc2652582737fbcd3	4323264
H	14785	250	98.8	+	0	0	450I250M685I	7d28a9e5ac8c019cc2652582737fbcd3	855943
H	14104	250	93.2	+	0	0	528I250M765I	cd85c952a02941badc75aa59e9aaedc8	1105271
L	8647	1399	*	*	*	*	*	158859	*
H	8647	250	82.8	+	0	0	458I250M691I	cd85c952a02941badc75aa59e9aaedc8	158859
L	10334	1507	*	*	*	*	*	33780	*
H	10334	250	81.6	+	0	0	523I152MI15MD82M734I	cd85c952a02941badc75aa59e9aaedc8	33780
L	12969	1375	*	*	*	*	*	1139233	*
H	12969	250	82.8	+	0	0	416I250M709I	cd85c952a02941badc75aa59e9aaedc8	1139233
L	6170	1439	*	*	*	*	*	271660	*
H	6170	250	83.2	+	0	0	460I250M729I	cd85c952a02941badc75aa59e9aaedc8	271660
L	13719	1488	*	*	*	*	*	1136534	*
H	13719	250	93.6	+	0	0	502I250M736I	d8139b61ec1148910101e06d217b4b04	1136534
L	16476	1543	*	*	*	*	*	4303353	*
H	16476	250	91.2	+	0	0	536I250M757I	d8139b61ec1148910101e06d217b4b04	4303353
L	4277	1487	*	*	*	*	*	367189	*
H	4277	250	91.6	+	0	0	500I250M737I	d8139b61ec1148910101e06d217b4b04	367189
L	2345	1523	*	*	*	*	*	566047	*
H	2345	250	93.6	+	0	0	522I250M751I	d8139b61ec1148910101e06d217b4b04	566047
L	9338	1495	*	*	*	*	*	115286	*
H	9338	250	92.0	+	0	0	521I250M724I	d8139b61ec1148910101e06d217b4b04	115286
L	3823	1538	*	*	*	*	*	470369	*
H	3823	250	100.0	+	0	0	535I250M753I	10541b6401f0ea0b38e3fcd6265d3c86	470369
L	8192	1401	*	*	*	*	*	175475	*
H	8192	250	100.0	+	0	0	534I250M617I	10541b6401f0ea0b38e3fcd6265d3c86	175475
L	8179	1401	*	*	*	*	*	175799	*
H	8179	250	100.0	+	0	0	534I250M617I	10541b6401f0ea0b38e3fcd6265d3c86	175799
L	19229	1488	*	*	*	*	*	4432094	*
H	19229	250	99.6	+	0	0	540I250M698I	10541b6401f0ea0b38e3fcd6265d3c86	4432094
L	7927	1400	*	*	*	*	*	182483	*
H	7927	250	100.0	+	0	0	531I250M619I	10541b6401f0ea0b38e3fcd6265d3c86	182483
L	13917	1447	*	*	*	*	*	1137331	*
H	13917	250	99.6	+	0	0	502I250M695I	156572b928592204f50650c986dd8a9c	1137331
L	1488	1426	*	*	*	*	*	762317	*
H	1488	250	99.2	+	0	0	485I250M691I	156572b928592204f50650c986dd8a9c	762317
L	12017	1398	*	*	*	*	*	1142974	*
H	12017	250	98.4	+	0	0	458I250M690I	156572b928592204f50650c986dd8a9c	1142974
L	10346	1497	*	*	*	*	*	32247	*
H	10346	250	97.6	+	0	0	493I250M754I	156572b928592204f50650c986dd8a9c	32247
L	13460	1362	*	*	*	*	*	1142756	*
H	13460	250	96.4	+	0	0	437I250M675I	156572b928592204f50650c986dd8a9c	1142756
H	10441	250	93.6	+	0	0	497I250M703I	e0a25143b7f2e59d7266ee802d1aeb61	21464
H	10459	250	93.6	+	0	0	497I250M703I	e0a25143b7f2e59d7266ee802d1aeb61	19113
H	10507	250	90.8	+	0	0	501I250M756I	e0a25143b7f2e59d7266ee802d1aeb61	16026
H	10268	250	93.6	+	0	0	491I250M703I	e0a25143b7f2e59d7266ee802d1aeb61	41119
H	9501	250	93.2	+	0	0	517I178MI65MI7M756I	e0a25143b7f2e59d7266ee802d1aeb61	107235
H	6645	250	85.2	+	0	0	534I250M714I	fa4cf68a25b5b551b72db58ee681d67d	249227
L	11735	1395	*	*	*	*	*	1780081	*
H	11735	250	85.2	+	0	0	466I250M679I	fa4cf68a25b5b551b72db58ee681d67d	1780081
H	11936	250	85.2	+	0	0	527I250M731I	fa4cf68a25b5b551b72db58ee681d67d	664377
H	12690	250	81.6	+	0	0	526I19MD230M730I	fa4cf68a25b5b551b72db58ee681d67d	2283274
L	9355	1552	*	*	*	*	*	114510	*
H	9355	250	85.2	+	0	0	530I250M772I	fa4cf68a25b5b551b72db58ee681d67d	114510
L	19645	1485	*	*	*	*	*	4452560	*
H	19645	250	98.8	+	0	0	334I250M901I	6042fc1dc64cc610f5e026bb2c69bb79	4452560
L	13986	1398	*	*	*	*	*	829488	*
H	13986	250	98.8	+	0	0	292I250M856I	6042fc1dc64cc610f5e026bb2c69bb79	829488
L	6816	1452	*	*	*	*	*	239249	*
H	6816	250	98.0	+	0	0	344I250M858I	6042fc1dc64cc610f5e026bb2c69bb79	239249
L	1867	1354	*	*	*	*	*	591323	*
H	1867	250	98.0	+	0	0	309I250M795I	6042fc1dc64cc610f5e026bb2c69bb79	591323
L	10215	1455	*	*	*	*	*	48977	*
H	10215	250	96.8	+	0	0	324I250M881I	6042fc1dc64cc610f5e026bb2c69bb79	48977
L	18160	1456	*	*	*	*	*	4379571	*
H	18160	250	90.0	+	0	0	500I250M706I	aad12d128d47b829c381e6e205b93ad5	4379571
L	9109	1494	*	*	*	*	*	4352580	*
H	9109	250	88.4	+	0	0	487I250M757I	aad12d128d47b829c381e6e205b93ad5	4352580
L	15522	1456	*	*	*	*	*	649049	*
H	15522	250	87.6	+	0	0	500I250M706I	aad12d128d47b829c381e6e205b93ad5	649049
L	6616	1453	*	*	*	*	*	251184	*
H	6616	250	87.6	+	0	0	513I250M690I	aad12d128d47b829c381e6e205b93ad5	251184
L	7166	1496	*	*	*	*	*	206296	*
H	7166	250	87.2	+	0	0	515I250M731I	aad12d128d47b829c381e6e205b93ad5	206296
L	3408	1401	*	*	*	*	*	520056	*
H	3408	250	100.0	+	0	0	528I250M623I	a67cb378efc39872e25df8467bd8616e	520056
L	1708	1479	*	*	*	*	*	654098	*
H	1708	250	100.0	+	0	0	514I250M715I	a67cb378efc39872e25df8467bd8616e	654098
L	4401	1367	*	*	*	*	*	363513	*
H	4401	250	100.0	+	0	0	508I250M609I	a67cb378efc39872e25df8467bd8616e	363513
L	1706	1479	*	*	*	*	*	655310	*
H	1706	250	100.0	+	0	0	514I250M715I	a67cb378efc39872e25df8467bd8616e	655310
L	2335	1362	*	*	*	*	*	566574	*
H	2335	250	100.0	+	0	0	490I250M622I	a67cb378efc39872e25df8467bd8616e	566574
L	11539	1439	*	*	*	*	*	1680440	*
H	11539	250	100.0	+	0	0	506I250M683I	e1542be91e8b87cd22ecad8e8494b222	1680440
L	11968	1443	*	*	*	*	*	1901021	*
H	11968	250	99.6	+	0	0	509I250M684I	e1542be91e8b87cd22ecad8e8494b222	1901021
L	14963	1432	*	*	*	*	*	3569475	*
H	14963	250	99.6	+	0	0	490I250M692I	e1542be91e8b87cd22ecad8e8494b222	3569475
L	12405	1432	*	*	*	*	*	2133326	*
H	12405	250	99.6	+	0	0	487I250M695I	e1542be91e8b87cd22ecad8e8494b222	2133326
L	2314	1373	*	*	*	*	*	567585	*
H	2314	250	99.6	+	0	0	501I250M622I	e1542be91e8b87cd22ecad8e8494b222	567585
L	18916	1450	*	*	*	*	*	4416538	*
H	18916	250	99.6	+	0	0	498I250M702I	c68c29d09b76c6738c7e138485cb0638	4416538
L	12558	1485	*	*	*	*	*	2219324	*
H	12558	250	99.6	+	0	0	482I250M753I	c68c29d09b76c6738c7e138485cb0638	2219324
L	15551	1499	*	*	*	*	*	1111941	*
H	15551	250	99.6	+	0	0	520I250M729I	c68c29d09b76c6738c7e138485cb0638	1111941
L	6048	1400	*	*	*	*	*	277418	*
H	6048	250	99.2	+	0	0	492I250M658I	c68c29d09b76c6738c7e138485cb0638	277418
L	6449	1400	*	*	*	*	*	259985	*
H	6449	250	99.2	+	0	0	479I250M671I	c68c29d09b76c6738c7e138485cb0638	259985
H	6227	250	96.4	+	0	0	535I250M620I	a4e94137d3eea12b54dec05caedafe47	269103
H	6365	250	95.6	+	0	0	516I250M625I	a4e94137d3eea12b54dec05caedafe47	263138
L	10619	1522	*	*	*	*	*	13964	*
H	10619	250	95.6	+	0	0	513I250M759I	a4e94137d3eea12b54dec05caedafe47	13964
L	10620	1495	*	*	*	*	*	13958	*
H	10620	250	95.6	+	0	0	508I250M737I	a4e94137d3eea12b54dec05caedafe47	13958
L	10048	1504	*	*	*	*	*	70424	*
H	10048	250	95.6	+	0	0	509I250M745I	a4e94137d3eea12b54dec05caedafe47	70424
L	12385	1703	*	*	*	*	*	2122946	*
H	12385	250	80.4	+	0	0	550I250M903I	57a2225ef15e6a44fc7ff0ba6c715dc5	2122946
L	3506	1455	*	*	*	*	*	517456	*
H	3506	250	80.8	+	0	0	476I250M729I	57a2225ef15e6a44fc7ff0ba6c715dc5	517456
L	12786	1336	*	*	*	*	*	1148212	*
H	12786	250	80.8	+	0	0	434I250M652I	57a2225ef15e6a44fc7ff0ba6c715dc5	1148212
L	7219	1462	*	*	*	*	*	200550	*
H	7219	250	80.8	+	0	0	455I250M757I	57a2225ef15e6a44fc7ff0ba6c715dc5	200550
L	7233	1374	*	*	*	*	*	199654	*
H	7233	250	91.2	+	0	0	416I89M2I161M706I	262ba8fff46ca0c6fee6af217feea7df	199654
L	5594	1372	*	*	*	*	*	301064	*
H	5594	250	88.0	+	0	0	500I91MI159M621I	262ba8fff46ca0c6fee6af217feea7df	301064
L	19532	1506	*	*	*	*	*	4446734	*
H	19532	250	89.2	+	0	0	502I94MI92MI64M752I	262ba8fff46ca0c6fee6af217feea7df	4446734
L	10502	1466	*	*	*	*	*	16049	*
H	10502	250	90.8	+	0	0	499I56MD37MI156M717I	262ba8fff46ca0c6fee6af217feea7df	16049
L	19062	1515	*	*	*	*	*	4424397	*
H	19062	250	90.4	+	0	0	509I94MI156M755I	262ba8fff46ca0c6fee6af217feea7df	4424397
L	11454	1351	*	*	*	*	*	999098	*
H	11454	250	98.4	+	0	0	491I250M610I	8bc54d575f88d09b2ba16b7f571812ae	999098
L	10651	1477	*	*	*	*	*	13485	*
H	10651	250	98.4	+	0	0	485I250M742I	8bc54d575f88d09b2ba16b7f571812ae	13485
L	439	1344	*	*	*	*	*	1019894	*
H	439	250	98.4	+	0	0	483I250M611I	8bc54d575f88d09b2ba16b7f571812ae	1019894
L	9410	1450	*	*	*	*	*	110960	*
H	9410	250	98.4	+	0	0	490I250M710I	8bc54d575f88d09b2ba16b7f571812ae	110960
L	6546	1484	*	*	*	*	*	255771	*
H	6546	250	98.0	+	0	0	503I250M731I	8bc54d575f88d09b2ba16b7f571812ae	255771
L	3311	1406	*	*	*	*	*	522512	*
H	3311	250	99.6	+	0	0	531I250M625I	ade3784d6dfd298c1bf09140aaa941fb	522512
L	13232	1367	*	*	*	*	*	990514	*
H	13232	250	99.6	+	0	0	511I250M606I	ade3784d6dfd298c1bf09140aaa941fb	990514
L	13956	1367	*	*	*	*	*	971556	*
H	13956	250	99.6	+	0	0	511I250M606I	ade3784d6dfd298c1bf09140aaa941fb	971556
L	11223	1367	*	*	*	*	*	996434	*
H	11223	250	99.6	+	0	0	511I250M606I	ade3784d6dfd298c1bf09140aaa941fb	996434
L	11466	1531	*	*	*	*	*	711917	*
H	11466	250	99.6	+	0	0	542I250M739I	ade3784d6dfd298c1bf09140aaa941fb	711917
L	14082	1501	*	*	*	*	*	1063780	*
H	14082	250	86.0	+	0	0	522I98MD151M730I	4dd60741a66b90d6b4c3f66bbaae8a0f	1063780
L	9395	1502	*	*	*	*	*	111524	*
H	9395	250	86.0	+	0	0	524I98MD151M729I	4dd60741a66b90d6b4c3f66bbaae8a0f	111524
L	15918	1502	*	*	*	*	*	4100336	*
H	15918	250	86.0	+	0	0	521I98MD151M732I	4dd60741a66b90d6b4c3f66bbaae8a0f	4100336
L	14486	1442	*	*	*	*	*	727134	*
H	14486	250	86.0	+	0	0	470I98MD151M723I	4dd60741a66b90d6b4c3f66bbaae8a0f	727134
H	17339	250	81.6	+	0	0	543I250M761I	4dd60741a66b90d6b4c3f66bbaae8a0f	4341595
L	9910	1490	*	*	*	*	*	81160	*
H	9910	250	98.0	+	0	0	515I73MD103MD26MD9MD35M729I	d5c7d97e6f4f5789d574d321dcca0992	81160
L	5741	1391	*	*	*	*	*	295121	*
H	5741	250	95.6	+	0	0	515I250M626I	d5c7d97e6f4f5789d574d321dcca0992	295121
L	4339	1357	*	*	*	*	*	365310	*
H	4339	250	95.6	+	0	0	487I250M620I	d5c7d97e6f4f5789d574d321dcca0992	365310
L	2843	1378	*	*	*	*	*	537325	*
H	2843	250	95.6	+	0	0	515I250M613I	d5c7d97e6f4f5789d574d321dcca0992	537325
L	12593	1437	*	*	*	*	*	2235671	*
H	12593	250	95.6	+	0	0	495I250M692I	d5c7d97e6f4f5789d574d321dcca0992	2235671
L	1585	1404	*	*	*	*	*	712848	*
H	1585	250	100.0	+	0	0	445I250M709I	aed3f59201e3b9d21858f36557f42a80	712848
L	3814	1524	*	*	*	*	*	471106	*
H	3814	250	99.6	+	0	0	519I250M755I	aed3f59201e3b9d21858f36557f42a80	471106
L	8076	1380	*	*	*	*	*	178743	*
H	8076	250	99.6	+	0	0	511I250M619I	aed3f59201e3b9d21858f36557f42a80	178743
L	8169	1372	*	*	*	*	*	176115	*
H	8169	250	98.8	+	0	0	502I250M620I	aed3f59201e3b9d21858f36557f42a80	176115
L	7642	1373	*	*	*	*	*	189089	*
H	7642	250	98.8	+	0	0	504I250M619I	aed3f59201e3b9d21858f36557f42a80	189089
H	7026	250	82.8	+	0	0	460I250M711I	a6772a164790bcd0a40146aa2e4950ed	220201
H	8638	250	82.8	+	0	0	486I250M762I	a6772a164790bcd0a40146aa2e4950ed	159436
H	16011	250	82.0	+	0	0	487I250M731I	a6772a164790bcd0a40146aa2e4950ed	849108
H	14524	250	81.6	+	0	0	447I250M758I	a6772a164790bcd0a40146aa2e4950ed	1126064
H	10400	250	81.6	+	0	0	484I250M731I	a6772a164790bcd0a40146aa2e4950ed	26225
N	*	250	*	*	*	*	*	02da6fcb22dab2fbf353cdc2c43b3261	*
H	12385	250	86.0	+	0	0	550I250M903I	79ef5e73f8eac900232da6dab8e01ff6	2122946
L	18636	1457	*	*	*	*	*	4403441	*
H	18636	250	83.6	+	0	0	456I250M751I	79ef5e73f8eac900232da6dab8e01ff6	4403441
H	8544	250	83.6	+	0	0	470I250M712I	79ef5e73f8eac900232da6dab8e01ff6	163171
L	1628	1475	*	*	*	*	*	694777	*
H	1628	250	83.2	+	0	0	487I250M738I	79ef5e73f8eac900232da6dab8e01ff6	694777
H	8638	250	85.6	+	0	0	486I250M762I	79ef5e73f8eac900232da6dab8e01ff6	159436
H	15743	250	100.0	+	0	0	312I250M891I	7d7d82e4f2db114097a929864000a073	4011753
L	20030	1422	*	*	*	*	*	4469265	*
H	20030	250	100.0	+	0	0	304I250M868I	7d7d82e4f2db114097a929864000a073	4469265
L	13125	1394	*	*	*	*	*	817646	*
H	13125	250	100.0	+	0	0	288I250M856I	7d7d82e4f2db114097a929864000a073	817646
L	16611	1556	*	*	*	*	*	4308624	*
H	16611	250	100.0	+	0	0	367I250M939I	7d7d82e4f2db114097a929864000a073	4308624
L	6956	1387	*	*	*	*	*	226845	*
H	6956	250	100.0	+	0	0	323I250M814I	7d7d82e4f2db114097a929864000a073	226845
H	12385	250	85.6	+	0	0	550I250M903I	583acbe1c0cc2d0689b2e71515733934	2122946
H	9171	250	86.0	+	0	0	524I250M695I	583acbe1c0cc2d0689b2e71515733934	136773
H	2726	250	85.2	+	0	0	534I250M731I	583acbe1c0cc2d0689b2e71515733934	544630
H	1628	250	84.0	+	0	0	487I250M738I	583acbe1c0cc2d0689b2e71515733934	694777
H	18636	250	84.4	+	0	0	456I250M751I	583acbe1c0cc2d0689b2e71515733934	4403441
H	11206	250	86.0	+	0	0	506I250M712I	6f57e819089604d7f437a588bbb4b8d3	1588
H	16211	250	86.4	+	0	0	477I250M684I	6f57e819089604d7f437a588bbb4b8d3	4263094
H	13084	250	84.4	+	0	0	506I250M713I	6f57e819089604d7f437a588bbb4b8d3	689232
H	11203	250	83.2	+	0	0	495I250M747I	6f57e819089604d7f437a588bbb4b8d3	1596
H	11204	250	85.2	+	0	0	506I250M713I	6f57e819089604d7f437a588bbb4b8d3	1592
L	19159	1435	*	*	*	*	*	4428929	*
H	19159	250	100.0	+	0	0	492I250M693I	25d727166a36df8d2f6a915a945bf5ac	4428929
H	5212	250	97.6	+	0	0	507I250M602I	25d727166a36df8d2f6a915a945bf5ac	322658
L	1216	1531	*	*	*	*	*	839512	*
H	1216	250	97.2	+	0	0	534I250M747I	25d727166a36df8d2f6a915a945bf5ac	839512
L	7785	1395	*	*	*	*	*	185730	*
H	7785	250	96.8	+	0	0	525I250M620I	25d727166a36df8d2f6a915a945bf5ac	185730
L	4796	1361	*	*	*	*	*	347453	*
H	4796	250	96.8	+	0	0	509I250M602I	25d727166a36df8d2f6a915a945bf5ac	347453
L	8852	1485	*	*	*	*	*	149661	*
H	8852	250	100.0	+	0	0	499I250M736I	891019e319f5d8d088ed4f9379fd63ef	149661
L	11276	1547	*	*	*	*	*	1531100	*
H	11276	250	100.0	+	0	0	535I250M762I	891019e319f5d8d088ed4f9379fd63ef	1531100
L	15736	1463	*	*	*	*	*	687937	*
H	15736	250	100.0	+	0	0	527I250M686I	891019e319f5d8d088ed4f9379fd63ef	687937
L	10991	1481	*	*	*	*	*	7818	*
H	10991	250	100.0	+	0	0	488I250M743I	891019e319f5d8d088ed4f9379fd63ef	7818
L	6539	1382	*	*	*	*	*	256155	*
H	6539	250	100.0	+	0	0	474I250M658I	891019e319f5d8d088ed4f9379fd63ef	256155
H	2000	250	99.6	+	0	0	443I250M720I	a1a3200b76bcd6000a0914892d370b6e	584241
L	11857	1370	*	*	*	*	*	1834072	*
H	11857	250	99.6	+	0	0	432I250M688I	a1a3200b76bcd6000a0914892d370b6e	1834072
L	1778	1498	*	*	*	*	*	619210	*
H	1778	250	99.6	+	0	0	518I250M730I	a1a3200b76bcd6000a0914892d370b6e	619210
H	8964	250	99.6	+	0	0	530I250M710I	a1a3200b76bcd6000a0914892d370b6e	144246
L	15218	1480	*	*	*	*	*	759349	*
H	15218	250	99.6	+	0	0	546I250M684I	a1a3200b76bcd6000a0914892d370b6e	759349
H	20091	250	80.4	+	0	0	529I250M762I	35b68da71701471e2732fca02ced7b78	4472456
H	18390	250	81.2	+	0	0	519I250M728I	35b68da71701471e2732fca02ced7b78	4390091
H	1577	250	80.4	+	0	0	488I250M694I	35b68da71701471e2732fca02ced7b78	716385
H	16100	250	80.8	+	0	0	517I250M728I	35b68da71701471e2732fca02ced7b78	1136466
H	11009	250	80.4	+	0	0	493I250M710I	35b68da71701471e2732fca02ced7b78	7499
N	*	250	*	*	*	*	*	61de7448cec387ab0ac94b770313f070	*
L	14256	1369	*	*	*	*	*	1059977	*
H	14256	250	99.6	+	0	0	513I250M606I	d63133c757e4c822d016db63aaa83f83	1059977
L	2306	1431	*	*	*	*	*	567972	*
H	2306	250	99.6	+	0	0	490I250M691I	d63133c757e4c822d016db63aaa83f83	567972
L	5740	1409	*	*	*	*	*	295151	*
H	5740	250	97.2	+	0	0	533I250M626I	d63133c757e4c822d016db63aaa83f83	295151
L	5715	1375	*	*	*	*	*	296176	*
H	5715	250	97.2	+	0	0	533I250M592I	d63133c757e4c822d016db63aaa83f83	296176
L	5727	1412	*	*	*	*	*	295594	*
H	5727	250	97.2	+	0	0	533I250M629I	d63133c757e4c822d016db63aaa83f83	295594
H	14104	250	96.8	+	0	0	528I250M765I	0222d3a73fafa53c994878a023dc1efc	1105271
L	15602	1520	*	*	*	*	*	1114257	*
H	15602	250	81.6	+	0	0	543I250M727I	0222d3a73fafa53c994878a023dc1efc	1114257
L	8261	1520	*	*	*	*	*	173827	*
H	8261	250	81.6	+	0	0	507I250M763I	0222d3a73fafa53c994878a023dc1efc	173827
L	13872	1400	*	*	*	*	*	699197	*
H	13872	250	84.0	+	0	0	450I250M700I	0222d3a73fafa53c994878a023dc1efc	699197
H	8781	250	82.0	+	0	0	525I250M731I	0222d3a73fafa53c994878a023dc1efc	153061
H	11009	250	81.6	+	0	0	493I250M710I	1f6720450a1dc9d37c5dadc071c4c07f	7499
H	1577	250	81.6	+	0	0	488I250M694I	1f6720450a1dc9d37c5dadc071c4c07f	716385
H	5092	250	84.4	+	0	0	536I250M626I	1f6720450a1dc9d37c5dadc071c4c07f	330293
L	5477	1413	*	*	*	*	*	307061	*
H	5477	250	84.4	+	0	0	536I250M627I	1f6720450a1dc9d37c5dadc071c4c07f	307061
L	11549	1517	*	*	*	*	*	1684221	*
H	11549	250	84.4	+	0	0	536I250M731I	1f6720450a1dc9d37c5dadc071c4c07f	1684221
H	13594	250	90.0	+	0	0	534I250M767I	0be5516f47735a18fad9d2df93e3c2cb	808919
H	13967	250	91.2	+	0	0	532I250M757I	0be5516f47735a18fad9d2df93e3c2cb	1125597
H	1338	250	90.4	+	0	0	534I196MI54M766I	0be5516f47735a18fad9d2df93e3c2cb	815351
L	11989	1550	*	*	*	*	*	809102	*
H	11989	250	90.0	+	0	0	535I250M765I	0be5516f47735a18fad9d2df93e3c2cb	809102
H	1347	250	89.6	+	0	0	548I250M754I	0be5516f47735a18fad9d2df93e3c2cb	814347
L	14142	1575	*	*	*	*	*	851925	*
H	14142	250	96.4	+	0	0	564I250M761I	54f3fa8080e96ee8c48b77627ac0ae3a	851925
L	9253	1528	*	*	*	*	*	130864	*
H	9253	250	96.4	+	0	0	548I250M730I	54f3fa8080e96ee8c48b77627ac0ae3a	130864
L	6569	1455	*	*	*	*	*	253954	*
H	6569	250	96.4	+	0	0	548I250M657I	54f3fa8080e96ee8c48b77627ac0ae3a	253954
L	9273	1526	*	*	*	*	*	129798	*
H	9273	250	96.0	+	0	0	564I250M712I	54f3fa8080e96ee8c48b77627ac0ae3a	129798
L	9484	1516	*	*	*	*	*	107850	*
H	9484	250	94.0	+	0	0	547I250M719I	54f3fa8080e96ee8c48b77627ac0ae3a	107850
D	165	2	*	*	*	*	100.0	1080702	*
D	276	2	*	*	*	*	97.6	1056070	*
D	930	2	*	*	*	*	86.4	901964	*
D	1338	2	*	*	*	*	91.6	815351	*
D	1439	2	*	*	*	*	100.0	783913	*
D	1585	2	*	*	*	*	100.0	712848	*
D	1720	2	*	*	*	*	96.4	649178	*
D	1801	2	*	*	*	*	100.0	606989	*
D	1835	2	*	*	*	*	91.2	593016	*
D	1946	2	*	*	*	*	94.8	586832	*
D	2306	2	*	*	*	*	99.6	567972	*
D	2335	2	*	*	*	*	100.0	566574	*
D	2345	2	*	*	*	*	93.6	566047	*
D	2402	2	*	*	*	*	83.2	562956	*
D	2465	2	*	*	*	*	84.0	559584	*
D	2726	2	*	*	*	*	82.8	544630	*
D	3826	2	*	*	*	*	100.0	469946	*
D	4398	2	*	*	*	*	96.0	363638	*
D	4943	2	*	*	*	*	100.0	339494	*
D	5092	2	*	*	*	*	83.2	330293	*
D	5359	2	*	*	*	*	81.6	312765	*
D	5520	2	*	*	*	*	82.4	304067	*
D	5569	2	*	*	*	*	100.0	301923	*
D	5666	2	*	*	*	*	97.2	298243	*
D	5689	2	*	*	*	*	94.4	297188	*
D	5739	2	*	*	*	*	96.0	295205	*
D	5878	2	*	*	*	*	99.6	289714	*
D	6227	2	*	*	*	*	96.4	269103	*
D	6436	2	*	*	*	*	100.0	260579	*
D	6539	2	*	*	*	*	100.0	256155	*
D	6569	2	*	*	*	*	96.4	253954	*
D	6861	2	*	*	*	*	97.2	237209	*
D	6956	2	*	*	*	*	100.0	226845	*
D	7026	2	*	*	*	*	80.4	220201	*
D	7219	2	*	*	*	*	80.8	200550	*
D	7233	2	*	*	*	*	91.2	199654	*
D	7332	2	*	*	*	*	98.8	197072	*
D	7344	2	*	*	*	*	95.2	196664	*
D	7427	2	*	*	*	*	83.2	194409	*
D	7535	2	*	*	*	*	100.0	191618	*
D	7852	2	*	*	*	*	100.0	184261	*
D	7926	2	*	*	*	*	92.4	182506	*
D	7927	2	*	*	*	*	100.0	182483	*
D	8114	2	*	*	*	*	100.0	177644	*
D	8239	2	*	*	*	*	100.0	174314	*
D	8276	2	*	*	*	*	96.4	173412	*
D	8638	2	*	*	*	*	82.8	159436	*
D	8771	2	*	*	*	*	98.8	153716	*
D	8781	2	*	*	*	*	86.0	153061	*
D	9171	3	*	*	*	*	87.0	136773	*
D	9355	2	*	*	*	*	85.2	114510	*
D	9410	2	*	*	*	*	98.4	110960	*
D	9581	2	*	*	*	*	85.6	104613	*
D	9658	2	*	*	*	*	95.2	101860	*
D	9774	2	*	*	*	*	100.0	93553	*
D	9800	2	*	*	*	*	83.2	91372	*
D	9910	2	*	*	*	*	98.0	81160	*
D	10137	3	*	*	*	*	89.2	58647	*
D	10172	2	*	*	*	*	90.4	53098	*
D	10268	4	*	*	*	*	93.5	41119	*
D	10441	2	*	*	*	*	92.4	21464	*
D	10444	2	*	*	*	*	98.0	21138	*
D	10459	2	*	*	*	*	94.0	19113	*
D	10507	2	*	*	*	*	89.2	16026	*
D	11064	2	*	*	*	*	100.0	5796	*
D	11088	2	*	*	*	*	84.4	5217	*
D	11106	2	*	*	*	*	82.0	4597	*
D	11203	2	*	*	*	*	88.0	1596	*
D	11240	2	*	*	*	*	99.2	745368	*
D	11422	2	*	*	*	*	90.8	1614788	*
D	11466	2	*	*	*	*	99.6	711917	*
D	11539	2	*	*	*	*	100.0	1680440	*
D	11549	2	*	*	*	*	84.4	1684221	*
D	11694	2	*	*	*	*	98.8	815884	*
D	11936	2	*	*	*	*	84.0	664377	*
D	12022	2	*	*	*	*	87.6	1125489	*
D	12209	2	*	*	*	*	90.0	1125241	*
D	12291	2	*	*	*	*	82.4	827000	*
D	12385	2	*	*	*	*	86.0	2122946	*
D	12453	2	*	*	*	*	96.4	811996	*
D	12652	2	*	*	*	*	100.0	1037579	*
D	12971	2	*	*	*	*	92.4	821395	*
D	12989	2	*	*	*	*	88.8	2449975	*
D	13489	2	*	*	*	*	82.8	2730944	*
D	13744	2	*	*	*	*	99.6	960062	*
D	13755	2	*	*	*	*	92.8	838618	*
D	13783	2	*	*	*	*	90.4	2905450	*
D	13917	2	*	*	*	*	99.6	1137331	*
D	13967	2	*	*	*	*	91.2	1125597	*
D	13986	2	*	*	*	*	98.8	829488	*
D	14104	4	*	*	*	*	94.8	1105271	*
D	14305	2	*	*	*	*	100.0	3202924	*
D	14486	2	*	*	*	*	86.0	727134	*
D	14770	2	*	*	*	*	97.2	1050927	*
D	14785	2	*	*	*	*	98.8	855943	*
D	14939	2	*	*	*	*	100.0	676074	*
D	15052	2	*	*	*	*	96.8	1145874	*
D	15218	2	*	*	*	*	99.6	759349	*
D	15250	2	*	*	*	*	93.6	1127433	*
D	15462	2	*	*	*	*	97.2	673640	*
D	15551	2	*	*	*	*	99.6	1111941	*
D	15974	2	*	*	*	*	84.8	1121107	*
D	16114	2	*	*	*	*	86.4	800317	*
D	16152	2	*	*	*	*	96.4	820176	*
D	16211	3	*	*	*	*	86.0	4263094	*
D	16286	2	*	*	*	*	88.4	4295036	*
D	16711	3	*	*	*	*	92.0	4313041	*
D	16848	2	*	*	*	*	95.6	4319468	*
D	16864	2	*	*	*	*	100.0	4319891	*
D	17034	2	*	*	*	*	100.0	4326794	*
D	17038	2	*	*	*	*	88.4	4327050	*
D	17146	2	*	*	*	*	95.2	4331760	*
D	17192	2	*	*	*	*	84.8	4334433	*
D	17237	2	*	*	*	*	83.2	4336443	*
D	17339	2	*	*	*	*	100.0	4341595	*
D	17389	2	*	*	*	*	99.6	4344098	*
D	17626	2	*	*	*	*	98.4	4355718	*
D	18160	2	*	*	*	*	90.0	4379571	*
D	18241	2	*	*	*	*	100.0	4383576	*
D	18390	4	*	*	*	*	86.9	4390091	*
D	18529	2	*	*	*	*	96.0	4396918	*
D	18610	2	*	*	*	*	100.0	4401652	*
D	18629	4	*	*	*	*	99.7	4402960	*
D	18909	2	*	*	*	*	100.0	4416186	*
D	19159	2	*	*	*	*	100.0	4428929	*
D	19299	2	*	*	*	*	87.2	4435424	*
D	19526	2	*	*	*	*	94.0	4446436	*
D	19541	2	*	*	*	*	92.8	4446961	*
D	19963	2	*	*	*	*	96.8	4466877	*
D	20091	3	*	*	*	*	83.0	4472456	*
D	20252	2	*	*	*	*	94.0	4479171	*
D	20490	2	*	*	*	*	100.0	143107	*
D	20570	2	*	*	*	*	100.0	1142	*
