UclustConsensusTaxonAssigner parameters:
id_to_taxonomy_filepath:/Users/nbokulich/Desktop/projects/short-read-tax-assignment/data/novel-taxa-simulations/B1-REF-L6-iter2/ref_taxa.tsv
id_to_taxonomy_fp:/Users/nbokulich/Desktop/projects/short-read-tax-assignment/data/novel-taxa-simulations/B1-REF-L6-iter2/ref_taxa.tsv
max_accepts:3
min_consensus_fraction:0.76
reference_sequences_fp:/Users/nbokulich/Desktop/projects/short-read-tax-assignment/data/novel-taxa-simulations/B1-REF-L6-iter2/ref_seqs.fasta
similarity:0.9
unassignable_label:Unassigned
Result path: /var/folders/0t/l1dz88p50y91vx_22fx5w3780000gn/T/assign-taxDz7u4u

.uc file contents:

# uclust --input /Users/nbokulich/Desktop/projects/short-read-tax-assignment/data/novel-taxa-simulations/B1-REF-L6-iter2/query.fasta --id 0.9 --rev --maxaccepts 3 --allhits --libonly --lib /Users/nbokulich/Desktop/projects/short-read-tax-assignment/data/novel-taxa-simulations/B1-REF-L6-iter2/ref_seqs.fasta --uc /var/folders/0t/l1dz88p50y91vx_22fx5w3780000gn/T/UclustConsensusTaxonAssigner_IF7_J1.uc
# version=1.2.22
# Tab-separated fields:
# 1=Type, 2=ClusterNr, 3=SeqLength or ClusterSize, 4=PctId, 5=Strand, 6=QueryStart, 7=SeedStart, 8=Alignment, 9=QueryLabel, 10=TargetLabel
# Record types (field 1): L=LibSeed, S=NewSeed, H=Hit, R=Reject, D=LibCluster, C=NewCluster, N=NoHit
# For C and D types, PctId is average id with seed.
# QueryStart and SeedStart are zero-based relative to start of sequence.
# If minus strand, SeedStart is relative to reverse-complemented seed.
L	671	250	*	*	*	*	*	386088	*
H	671	250	94.8	+	0	0	250M	1043951	386088
L	1233	250	*	*	*	*	*	222818	*
H	1233	250	94.0	+	0	0	2D15MI233MI	1043951	222818
L	3346	250	*	*	*	*	*	1074945	*
H	3346	250	92.4	+	0	0	250M	1043951	1074945
L	4091	250	*	*	*	*	*	4456894	*
H	4091	250	98.0	+	0	0	250M	1028133	4456894
L	2092	250	*	*	*	*	*	12520	*
H	2092	250	98.0	+	0	0	250M	1028133	12520
L	3235	250	*	*	*	*	*	776873	*
H	3235	250	98.0	+	0	0	250M	1028133	776873
N	*	250	*	*	*	*	*	999477	*
L	84	250	*	*	*	*	*	945865	*
H	84	250	96.8	+	0	0	62MD187MI	920017	945865
L	3299	250	*	*	*	*	*	908233	*
H	3299	250	97.2	+	0	0	62MD7MD139MI40MI	920017	908233
L	2487	250	*	*	*	*	*	919490	*
H	2487	250	97.2	+	0	0	62MD187MI	920017	919490
N	*	250	*	*	*	*	*	910381	*
L	4006	250	*	*	*	*	*	4436135	*
H	4006	250	93.6	+	0	0	250M	903886	4436135
L	3896	250	*	*	*	*	*	4414099	*
H	3896	250	93.6	+	0	0	250M	903886	4414099
L	3790	250	*	*	*	*	*	4388707	*
H	3790	250	94.0	+	0	0	250M	903886	4388707
L	1501	250	*	*	*	*	*	175904	*
H	1501	250	92.8	+	0	0	250M	891031	175904
L	148	250	*	*	*	*	*	824606	*
H	148	250	92.4	+	0	0	250M	891031	824606
L	1846	250	*	*	*	*	*	99322	*
H	1846	250	92.8	+	0	0	250M	891031	99322
L	3499	250	*	*	*	*	*	4328432	*
H	3499	250	93.6	+	0	0	84MD72MD92M2I	878375	4328432
L	1140	250	*	*	*	*	*	250112	*
H	1140	250	92.8	+	0	0	84MD72MD92M2I	878375	250112
L	494	250	*	*	*	*	*	542475	*
H	494	250	93.6	+	0	0	84MD72MD92M2I	878375	542475
L	3157	250	*	*	*	*	*	912997	*
H	3157	250	94.8	+	0	0	133MD116MI	867170	912997
L	2742	250	*	*	*	*	*	650615	*
H	2742	250	94.8	+	0	0	250M	867170	650615
L	23	250	*	*	*	*	*	1084182	*
H	23	250	93.6	+	0	0	9MI240MD	867170	1084182
L	2624	250	*	*	*	*	*	2421587	*
H	2624	250	98.4	+	0	0	D249MI	824723	2421587
L	3222	250	*	*	*	*	*	784643	*
H	3222	250	97.2	+	0	0	D249MI	824723	784643
L	3845	250	*	*	*	*	*	4400789	*
H	3845	250	96.4	+	0	0	D249MI	824723	4400789
L	2177	250	*	*	*	*	*	7316	*
H	2177	250	100.0	+	0	0	250M	822776	7316
L	2861	250	*	*	*	*	*	1137185	*
H	2861	250	99.6	+	0	0	250M	822776	1137185
L	2175	250	*	*	*	*	*	7347	*
H	2175	250	97.6	+	0	0	250M	822776	7347
L	498	250	*	*	*	*	*	540623	*
H	498	250	93.6	+	0	0	250M	814853	540623
L	1591	250	*	*	*	*	*	160728	*
H	1591	250	92.4	+	0	0	175MD74MI	814853	160728
N	*	250	*	*	*	*	*	804579	*
L	303	250	*	*	*	*	*	586521	*
H	303	250	95.6	+	0	0	250M	746126	586521
L	260	250	*	*	*	*	*	625629	*
H	260	250	94.4	+	0	0	250M	746126	625629
L	2392	250	*	*	*	*	*	709363	*
H	2392	250	93.2	+	0	0	250M	746126	709363
L	3950	250	*	*	*	*	*	4426296	*
H	3950	250	99.6	+	0	0	99MI68MD82M	735185	4426296
L	2823	250	*	*	*	*	*	1084983	*
H	2823	250	98.8	+	0	0	168MD81MI	735185	1084983
L	2717	250	*	*	*	*	*	2648149	*
H	2717	250	97.2	+	0	0	167MD82MI	735185	2648149
L	1410	250	*	*	*	*	*	185297	*
H	1410	250	94.4	+	0	0	250M	719400	185297
L	4044	250	*	*	*	*	*	4447124	*
H	4044	250	94.4	+	0	0	250M	719400	4447124
L	1169	250	*	*	*	*	*	244757	*
H	1169	250	93.2	+	0	0	250M	719400	244757
L	2059	250	*	*	*	*	*	14500	*
H	2059	250	98.4	+	0	0	250M	714339	14500
L	2762	250	*	*	*	*	*	1130616	*
H	2762	250	97.2	+	0	0	250M	714339	1130616
L	3262	250	*	*	*	*	*	4098279	*
H	3262	250	97.6	+	0	0	250M	714339	4098279
L	1128	250	*	*	*	*	*	253214	*
H	1128	250	98.4	+	0	0	250M	695731	253214
L	911	250	*	*	*	*	*	310532	*
H	911	250	95.2	+	0	0	250M	695731	310532
L	2887	250	*	*	*	*	*	933356	*
H	2887	250	95.2	+	0	0	250M	695731	933356
L	2147	250	*	*	*	*	*	8849	*
H	2147	250	98.0	+	0	0	124MD125MI	644016	8849
L	2893	250	*	*	*	*	*	1136763	*
H	2893	250	98.0	+	0	0	250M	644016	1136763
L	3985	250	*	*	*	*	*	4432439	*
H	3985	250	94.8	+	0	0	250M	644016	4432439
L	4094	250	*	*	*	*	*	4457669	*
H	4094	250	92.8	+	0	0	250M	643362	4457669
L	1200	250	*	*	*	*	*	238205	*
H	1200	250	94.0	+	0	0	250M	643362	238205
L	3844	250	*	*	*	*	*	4400482	*
H	3844	250	93.6	+	0	0	250M	643362	4400482
L	2312	250	*	*	*	*	*	1115140	*
H	2312	250	99.2	+	0	0	250M	626867	1115140
L	519	250	*	*	*	*	*	536238	*
H	519	250	93.2	+	0	0	I53MD11MD184MI	606989	536238
L	3272	250	*	*	*	*	*	1131221	*
H	3272	250	93.2	+	0	0	I53MD11MD184MI	606989	1131221
L	1657	250	*	*	*	*	*	146917	*
H	1657	250	93.6	+	0	0	I53MD11MD184MI	606989	146917
L	3547	250	*	*	*	*	*	4339348	*
H	3547	250	94.4	+	0	0	250M	582379	4339348
L	535	250	*	*	*	*	*	532521	*
H	535	250	93.6	+	0	0	250M	582379	532521
L	4180	250	*	*	*	*	*	4473664	*
H	4180	250	93.6	+	0	0	250M	582379	4473664
L	3071	250	*	*	*	*	*	1129599	*
H	3071	250	96.4	+	0	0	250M	580916	1129599
L	236	250	*	*	*	*	*	668105	*
H	236	250	95.2	+	0	0	250M	580916	668105
L	196	250	*	*	*	*	*	749696	*
H	196	250	95.2	+	0	0	250M	580916	749696
L	2351	250	*	*	*	*	*	1122363	*
H	2351	250	96.8	+	0	0	250M	571645	1122363
L	430	250	*	*	*	*	*	558567	*
H	430	250	93.2	+	0	0	250M	571645	558567
L	2968	250	*	*	*	*	*	1127853	*
H	2968	250	92.0	+	0	0	250M	571645	1127853
L	2041	250	*	*	*	*	*	15850	*
H	2041	250	99.6	+	0	0	250M	570232	15850
L	3511	250	*	*	*	*	*	4331684	*
H	3511	250	98.0	+	0	0	124MI125MD	570232	4331684
L	2040	250	*	*	*	*	*	15851	*
H	2040	250	98.0	+	0	0	250M	570232	15851
L	2852	250	*	*	*	*	*	1132232	*
H	2852	250	99.2	+	0	0	250M	565130	1132232
L	657	250	*	*	*	*	*	409932	*
H	657	250	98.8	+	0	0	250M	565130	409932
L	755	250	*	*	*	*	*	354765	*
H	755	250	98.0	+	0	0	250M	565130	354765
L	492	250	*	*	*	*	*	543364	*
H	492	250	96.4	+	0	0	250M	564045	543364
L	2664	250	*	*	*	*	*	646051	*
H	2664	250	99.2	+	0	0	250M	563536	646051
L	2338	250	*	*	*	*	*	648692	*
H	2338	250	98.8	+	0	0	250M	563536	648692
L	1670	250	*	*	*	*	*	144207	*
H	1670	250	98.0	+	0	0	250M	563536	144207
L	2997	250	*	*	*	*	*	1140356	*
H	2997	250	96.4	+	0	0	250M	561902	1140356
L	149	250	*	*	*	*	*	823745	*
H	149	250	95.6	+	0	0	250M	561902	823745
L	3965	250	*	*	*	*	*	4428224	*
H	3965	250	96.8	+	0	0	250M	561902	4428224
L	3575	250	*	*	*	*	*	4347159	*
H	3575	250	99.2	+	0	0	250M	559527	4347159
L	1213	250	*	*	*	*	*	235262	*
H	1213	250	99.2	+	0	0	250M	559527	235262
L	683	250	*	*	*	*	*	370225	*
H	683	250	99.2	+	0	0	250M	559527	370225
L	2003	250	*	*	*	*	*	26799	*
H	2003	250	96.8	+	0	0	250M	558128	26799
L	1765	250	*	*	*	*	*	111470	*
H	1765	250	92.4	+	0	0	250M	558128	111470
L	2361	250	*	*	*	*	*	1801170	*
H	2361	250	90.4	+	0	0	250M	555696	1801170
L	4090	250	*	*	*	*	*	4456892	*
H	4090	250	98.4	+	0	0	203MD46MI	555692	4456892
L	1012	250	*	*	*	*	*	284672	*
H	1012	250	98.4	+	0	0	203MD46MI	555692	284672
L	1555	250	*	*	*	*	*	167717	*
H	1555	250	97.2	+	0	0	203MD46MI	555692	167717
L	2280	250	*	*	*	*	*	1614788	*
H	2280	250	93.2	+	0	0	250M	555445	1614788
L	1828	250	*	*	*	*	*	101860	*
H	1828	250	94.0	+	0	0	65MI184MD	555445	101860
L	1385	250	*	*	*	*	*	187518	*
H	1385	250	92.8	+	0	0	250M	555445	187518
L	3568	250	*	*	*	*	*	4344960	*
H	3568	250	99.6	+	0	0	250M	551931	4344960
L	2530	250	*	*	*	*	*	1141123	*
H	2530	250	99.2	+	0	0	250M	551931	1141123
L	3496	250	*	*	*	*	*	4328299	*
H	3496	250	98.8	+	0	0	250M	551931	4328299
L	2268	250	*	*	*	*	*	1128670	*
H	2268	250	93.2	+	0	0	237MD12MI	550440	1128670
L	2153	250	*	*	*	*	*	8104	*
H	2153	250	94.4	+	0	0	237MD12MI	550440	8104
L	540	250	*	*	*	*	*	530612	*
H	540	250	93.6	+	0	0	236MD13MI	550440	530612
H	4044	250	97.6	+	0	0	250M	549640	4447124
L	3684	250	*	*	*	*	*	4367988	*
H	3684	250	97.2	+	0	0	250M	549640	4367988
L	421	250	*	*	*	*	*	560027	*
H	421	250	96.8	+	0	0	250M	549640	560027
H	2664	250	99.2	+	0	0	250M	544868	646051
H	2338	250	98.8	+	0	0	250M	544868	648692
H	1670	250	98.0	+	0	0	250M	544868	144207
L	394	250	*	*	*	*	*	566475	*
H	394	250	96.8	+	0	0	250M	544846	566475
L	3275	250	*	*	*	*	*	1121107	*
H	3275	250	97.6	+	0	0	250M	544630	1121107
L	3048	250	*	*	*	*	*	3541842	*
H	3048	250	94.0	+	0	0	250M	544630	3541842
L	2112	250	*	*	*	*	*	10898	*
H	2112	250	94.4	+	0	0	250M	544630	10898
L	3297	250	*	*	*	*	*	1142524	*
H	3297	250	94.0	+	0	0	250M	542410	1142524
L	438	250	*	*	*	*	*	556428	*
H	438	250	94.0	+	0	0	250M	542410	556428
L	1211	250	*	*	*	*	*	235720	*
H	1211	250	94.8	+	0	0	250M	542410	235720
L	2295	250	*	*	*	*	*	1139097	*
H	2295	250	98.8	+	0	0	250M	541894	1139097
L	636	250	*	*	*	*	*	465367	*
H	636	250	98.4	+	0	0	250M	541894	465367
L	3877	250	*	*	*	*	*	4409249	*
H	3877	250	98.0	+	0	0	250M	541894	4409249
L	2958	250	*	*	*	*	*	1131597	*
H	2958	250	98.0	+	0	0	250M	541884	1131597
L	2183	250	*	*	*	*	*	6368	*
H	2183	250	93.6	+	0	0	250M	541884	6368
L	2912	250	*	*	*	*	*	1145607	*
H	2912	250	94.4	+	0	0	250M	541884	1145607
L	239	250	*	*	*	*	*	663545	*
H	239	250	95.6	+	0	0	10MI11M2I59MI86MI79M5D	540733	663545
L	1783	250	*	*	*	*	*	108008	*
H	1783	250	96.8	+	0	0	250M	540733	108008
L	3607	250	*	*	*	*	*	4352076	*
H	3607	250	95.2	+	0	0	250M	540733	4352076
L	2649	250	*	*	*	*	*	1144726	*
H	2649	250	98.8	+	0	0	250M	540423	1144726
L	2274	250	*	*	*	*	*	1145943	*
H	2274	250	98.4	+	0	0	250M	540423	1145943
L	2055	250	*	*	*	*	*	14592	*
H	2055	250	97.2	+	0	0	250M	540423	14592
L	3472	250	*	*	*	*	*	4323389	*
H	3472	250	97.2	+	0	0	250M	538247	4323389
L	3549	250	*	*	*	*	*	4339777	*
H	3549	250	97.2	+	0	0	250M	538247	4339777
L	3471	250	*	*	*	*	*	4323095	*
H	3471	250	96.8	+	0	0	250M	538247	4323095
L	1661	250	*	*	*	*	*	146037	*
H	1661	250	96.8	+	0	0	250M	534626	146037
L	2824	250	*	*	*	*	*	1123147	*
H	2824	250	96.8	+	0	0	250M	534626	1123147
L	2520	250	*	*	*	*	*	1134510	*
H	2520	250	96.0	+	0	0	250M	534626	1134510
N	*	250	*	*	*	*	*	532398	*
L	1343	250	*	*	*	*	*	192795	*
H	1343	250	94.4	+	0	0	160MI89MD	530416	192795
L	614	250	*	*	*	*	*	512485	*
H	614	250	94.4	+	0	0	250M	530416	512485
L	731	250	*	*	*	*	*	360440	*
H	731	250	94.4	+	0	0	250M	530416	360440
N	*	250	*	*	*	*	*	524865	*
L	1317	250	*	*	*	*	*	195336	*
H	1317	250	91.6	+	0	0	250M	524219	195336
L	906	250	*	*	*	*	*	311712	*
H	906	250	91.2	+	0	0	250M	524219	311712
L	1500	250	*	*	*	*	*	175932	*
H	1500	250	91.6	+	0	0	250M	524219	175932
L	271	250	*	*	*	*	*	593894	*
H	271	250	91.6	+	0	0	2I23MD91MD61MD23MD48M2I	520731	593894
L	1191	250	*	*	*	*	*	239924	*
H	1191	250	91.6	+	0	0	2I23MD89MD63MD23MD48M2I	520731	239924
L	1318	250	*	*	*	*	*	195179	*
H	1318	250	91.6	+	0	0	2I23MD89MD63MD23MD48M2I	520731	195179
L	1257	250	*	*	*	*	*	211593	*
H	1257	250	96.0	+	0	0	250M	514015	211593
L	2505	250	*	*	*	*	*	2119418	*
H	2505	250	96.0	+	0	0	250M	514015	2119418
L	1261	250	*	*	*	*	*	210269	*
H	1261	250	96.0	+	0	0	250M	514015	210269
L	3583	250	*	*	*	*	*	4348253	*
H	3583	250	100.0	+	0	0	250M	510204	4348253
L	1488	250	*	*	*	*	*	177045	*
H	1488	250	99.2	+	0	0	59M2D189M2I	510204	177045
L	522	250	*	*	*	*	*	535678	*
H	522	250	98.8	+	0	0	250M	510204	535678
L	119	250	*	*	*	*	*	868615	*
H	119	250	98.8	+	0	0	250M	489671	868615
L	78	250	*	*	*	*	*	960695	*
H	78	250	98.8	+	0	0	250M	489671	960695
L	35	250	*	*	*	*	*	1057402	*
H	35	250	98.8	+	0	0	250M	489671	1057402
L	3367	250	*	*	*	*	*	4297918	*
H	3367	250	99.2	+	0	0	250M	441019	4297918
L	1835	250	*	*	*	*	*	100650	*
H	1835	250	99.2	+	0	0	250M	441019	100650
L	1839	250	*	*	*	*	*	100027	*
H	1839	250	99.2	+	0	0	250M	441019	100027
L	484	250	*	*	*	*	*	546546	*
H	484	250	100.0	+	0	0	250M	423025	546546
L	3374	250	*	*	*	*	*	4299696	*
H	3374	250	99.6	+	0	0	19MI11MD219M	423025	4299696
H	1261	250	94.8	+	0	0	250M	423025	210269
L	2406	250	*	*	*	*	*	1138883	*
H	2406	250	100.0	+	0	0	250M	410549	1138883
L	1840	250	*	*	*	*	*	99527	*
H	1840	250	95.6	+	0	0	131MD118MI	410549	99527
L	3795	250	*	*	*	*	*	4389142	*
H	3795	250	93.6	+	0	0	131MD118MI	410549	4389142
L	649	250	*	*	*	*	*	430191	*
H	649	250	93.2	+	0	0	86MI110MI12MI39M3D	386273	430191
L	2418	250	*	*	*	*	*	1922365	*
H	2418	250	90.8	+	0	0	250M	386273	1922365
H	3367	250	100.0	+	0	0	250M	372473	4297918
H	1839	250	100.0	+	0	0	250M	372473	100027
H	1835	250	100.0	+	0	0	250M	372473	100650
H	755	250	96.0	+	0	0	250M	369289	354765
L	3239	250	*	*	*	*	*	4041571	*
H	3239	250	98.0	+	0	0	250M	369289	4041571
L	2088	250	*	*	*	*	*	12836	*
H	2088	250	94.8	+	0	0	103MD5MD140M2I	369289	12836
L	3980	250	*	*	*	*	*	4431592	*
H	3980	250	90.8	+	0	0	14MD37MD10M3D15MD10MD153MI4M6I	354484	4431592
L	432	250	*	*	*	*	*	557875	*
H	432	250	95.2	+	0	0	250M	347570	557875
L	1781	250	*	*	*	*	*	108433	*
H	1781	250	93.6	+	0	0	250M	347570	108433
L	2625	250	*	*	*	*	*	1112913	*
H	2625	250	94.0	+	0	0	250M	347570	1112913
L	796	250	*	*	*	*	*	344525	*
H	796	250	98.8	+	0	0	250M	344154	344525
L	890	250	*	*	*	*	*	316761	*
H	890	250	96.0	+	0	0	250M	344154	316761
L	2407	250	*	*	*	*	*	1906635	*
H	2407	250	95.2	+	0	0	250M	344154	1906635
L	269	250	*	*	*	*	*	606927	*
H	269	250	96.0	+	0	0	250M	342268	606927
L	798	250	*	*	*	*	*	344394	*
H	798	250	95.6	+	0	0	250M	342268	344394
L	2534	250	*	*	*	*	*	1121753	*
H	2534	250	96.0	+	0	0	250M	342268	1121753
L	1819	250	*	*	*	*	*	102915	*
H	1819	250	97.6	+	0	0	250M	331282	102915
L	356	250	*	*	*	*	*	573413	*
H	356	250	97.2	+	0	0	250M	331282	573413
L	531	250	*	*	*	*	*	533511	*
H	531	250	97.2	+	0	0	250M	331282	533511
L	1824	250	*	*	*	*	*	102149	*
H	1824	250	97.6	+	0	0	250M	317124	102149
L	1826	250	*	*	*	*	*	102001	*
H	1826	250	97.6	+	0	0	250M	317124	102001
H	2338	250	96.4	+	0	0	250M	317124	648692
L	3336	250	*	*	*	*	*	818516	*
H	3336	250	96.4	+	0	0	250M	315982	818516
L	3442	250	*	*	*	*	*	4315688	*
H	3442	250	95.6	+	0	0	250M	315982	4315688
L	2029	250	*	*	*	*	*	16144	*
H	2029	250	96.4	+	0	0	250M	315982	16144
H	3071	250	94.8	+	0	0	250M	314378	1129599
H	196	250	93.6	+	0	0	250M	314378	749696
L	1221	250	*	*	*	*	*	229434	*
H	1221	250	95.2	+	0	0	250M	314378	229434
N	*	250	*	*	*	*	*	313305	*
L	2110	250	*	*	*	*	*	10945	*
H	2110	250	98.4	+	0	0	250M	311173	10945
L	2980	250	*	*	*	*	*	1135946	*
H	2980	250	98.4	+	0	0	250M	311173	1135946
L	1778	250	*	*	*	*	*	109107	*
H	1778	250	96.4	+	0	0	250M	311173	109107
L	353	250	*	*	*	*	*	574989	*
H	353	250	98.8	+	0	0	250M	308095	574989
L	276	250	*	*	*	*	*	593219	*
H	276	250	98.8	+	0	0	250M	308095	593219
L	1199	250	*	*	*	*	*	238208	*
H	1199	250	98.8	+	0	0	250M	308095	238208
L	3244	250	*	*	*	*	*	1133391	*
H	3244	250	97.6	+	0	0	250M	290842	1133391
L	427	250	*	*	*	*	*	558848	*
H	427	250	96.0	+	0	0	250M	290842	558848
L	200	250	*	*	*	*	*	742264	*
H	200	250	94.0	+	0	0	250M	290842	742264
L	975	250	*	*	*	*	*	292404	*
H	975	250	100.0	+	0	0	250M	289216	292404
L	3663	250	*	*	*	*	*	4364892	*
H	3663	250	98.8	+	0	0	250M	289216	4364892
L	2050	250	*	*	*	*	*	15025	*
H	2050	250	98.8	+	0	0	250M	289216	15025
L	1660	250	*	*	*	*	*	146665	*
H	1660	250	91.2	+	0	0	250M	288677	146665
L	503	250	*	*	*	*	*	539581	*
H	503	250	92.0	+	0	0	250M	288677	539581
L	3756	250	*	*	*	*	*	4382457	*
H	3756	250	90.0	+	0	0	47M4I62MI136M5D	288677	4382457
L	90	250	*	*	*	*	*	929836	*
H	90	250	90.8	+	0	0	67MI19MD163M	287811	929836
L	2794	250	*	*	*	*	*	1139117	*
H	2794	250	99.2	+	0	0	250M	283765	1139117
H	3845	250	98.8	+	0	0	250M	283765	4400789
L	386	250	*	*	*	*	*	567669	*
H	386	250	98.8	+	0	0	250M	283765	567669
L	754	250	*	*	*	*	*	354839	*
H	754	250	96.8	+	0	0	26M2I16MI205M3D	276567	354839
H	119	250	96.4	+	0	0	26M2I16MI205M3D	276567	868615
H	78	250	96.4	+	0	0	26M2I16MI205M3D	276567	960695
L	1158	250	*	*	*	*	*	247332	*
H	1158	250	96.0	+	0	0	44MI205MD	275701	247332
L	253	250	*	*	*	*	*	649178	*
H	253	250	93.6	+	0	0	250M	275701	649178
L	3645	250	*	*	*	*	*	4361351	*
H	3645	250	92.8	+	0	0	250M	275701	4361351
L	2089	250	*	*	*	*	*	12702	*
H	2089	250	98.0	+	0	0	250M	261255	12702
L	1125	250	*	*	*	*	*	253403	*
H	1125	250	96.4	+	0	0	250M	261255	253403
L	3097	250	*	*	*	*	*	1127215	*
H	3097	250	96.4	+	0	0	250M	261255	1127215
L	1964	250	*	*	*	*	*	47556	*
H	1964	250	93.6	+	0	0	250M	259514	47556
H	2110	250	92.4	+	0	0	250M	259514	10945
H	2980	250	92.4	+	0	0	250M	259514	1135946
L	1082	250	*	*	*	*	*	263575	*
H	1082	250	92.8	+	0	0	250M	259026	263575
L	436	250	*	*	*	*	*	556906	*
H	436	250	90.8	+	0	0	250M	259026	556906
L	75	250	*	*	*	*	*	966794	*
H	75	250	92.4	+	0	0	250M	259026	966794
L	925	250	*	*	*	*	*	305278	*
H	925	250	91.2	+	0	0	250M	258308	305278
L	3836	250	*	*	*	*	*	4397087	*
H	3836	250	92.0	+	0	0	250M	258308	4397087
L	2647	250	*	*	*	*	*	2476146	*
H	2647	250	90.0	+	0	0	250M	258308	2476146
L	3401	250	*	*	*	*	*	4305519	*
H	3401	250	96.4	+	0	0	250M	255639	4305519
L	132	250	*	*	*	*	*	837366	*
H	132	250	95.6	+	0	0	151MI69MI28M2D	255639	837366
L	3009	250	*	*	*	*	*	1135372	*
H	3009	250	96.4	+	0	0	250M	255639	1135372
L	3920	250	*	*	*	*	*	4418394	*
H	3920	250	97.2	+	0	0	I51MD198M	255365	4418394
L	1731	250	*	*	*	*	*	131902	*
H	1731	250	97.6	+	0	0	I51MD198M	255365	131902
L	2572	250	*	*	*	*	*	2297613	*
H	2572	250	97.2	+	0	0	I51MD198M	255365	2297613
L	3944	250	*	*	*	*	*	4423978	*
H	3944	250	95.6	+	0	0	250M	252679	4423978
L	1205	250	*	*	*	*	*	237081	*
H	1205	250	94.4	+	0	0	102MI147MD	252679	237081
L	1136	250	*	*	*	*	*	251243	*
H	1136	250	94.0	+	0	0	102MI51MI95M2D	252679	251243
L	635	250	*	*	*	*	*	469663	*
H	635	250	92.8	+	0	0	250M	251702	469663
L	4210	250	*	*	*	*	*	4478861	*
H	4210	250	97.6	+	0	0	250M	246575	4478861
L	2702	250	*	*	*	*	*	2589305	*
H	2702	250	97.2	+	0	0	250M	246575	2589305
L	4005	250	*	*	*	*	*	4435982	*
H	4005	250	97.6	+	0	0	250M	246575	4435982
L	3515	250	*	*	*	*	*	4331976	*
H	3515	250	91.2	+	0	0	114MD135MI	244156	4331976
L	1368	250	*	*	*	*	*	189772	*
H	1368	250	92.4	+	0	0	105MD144MI	244156	189772
H	1211	250	91.2	+	0	0	112MD137MI	244156	235720
L	3964	250	*	*	*	*	*	4428177	*
H	3964	250	98.8	+	0	0	250M	240755	4428177
L	3624	250	*	*	*	*	*	4356465	*
H	3624	250	98.8	+	0	0	250M	240755	4356465
L	3528	250	*	*	*	*	*	4334748	*
H	3528	250	98.8	+	0	0	250M	240755	4334748
L	1141	250	*	*	*	*	*	250063	*
H	1141	250	98.4	+	0	0	250M	240661	250063
L	3476	250	*	*	*	*	*	4323865	*
H	3476	250	95.6	+	0	0	250M	240661	4323865
L	309	250	*	*	*	*	*	584873	*
H	309	250	95.2	+	0	0	250M	240661	584873
H	353	250	98.8	+	0	0	108MD141MI	238944	574989
H	276	250	98.8	+	0	0	108MD141MI	238944	593219
L	392	250	*	*	*	*	*	566839	*
H	392	250	98.8	+	0	0	108MD141MI	238944	566839
L	1678	250	*	*	*	*	*	142429	*
H	1678	250	99.6	+	0	0	250M	238051	142429
L	385	250	*	*	*	*	*	567725	*
H	385	250	99.6	+	0	0	250M	238051	567725
L	3261	250	*	*	*	*	*	1135374	*
H	3261	250	98.8	+	0	0	250M	238051	1135374
L	3995	250	*	*	*	*	*	4434051	*
H	3995	250	96.4	+	0	0	250M	235630	4434051
L	406	250	*	*	*	*	*	563741	*
H	406	250	96.4	+	0	0	250M	235630	563741
H	2268	250	93.6	+	0	0	250M	235630	1128670
L	4213	250	*	*	*	*	*	4479467	*
H	4213	250	91.2	+	0	0	54MD23MD37MD24MD29M2D19MD26MD30M8I	231154	4479467
L	641	250	*	*	*	*	*	449595	*
H	641	250	90.8	+	0	0	54MD23MD37MD54M2D19MD26MD30M7I	231154	449595
L	666	250	*	*	*	*	*	391286	*
H	666	250	91.2	+	0	0	54MD23MD37MD24MD29M2D19MD26MD30M8I	231154	391286
N	*	250	*	*	*	*	*	229009	*
L	2139	250	*	*	*	*	*	9138	*
H	2139	250	94.4	+	0	0	129MD19MD41MD7MD42MD7M5I	227662	9138
L	2140	250	*	*	*	*	*	9134	*
H	2140	250	94.4	+	0	0	129MD19MD41MD7MD42MD7M5I	227662	9134
L	3002	250	*	*	*	*	*	1108530	*
H	3002	250	94.4	+	0	0	129MD19MD41MD7MD42MD7M5I	227662	1108530
H	2050	250	100.0	+	0	0	250M	212584	15025
H	3663	250	100.0	+	0	0	250M	212584	4364892
L	3939	250	*	*	*	*	*	4423600	*
H	3939	250	97.6	+	0	0	6D244M6I	212584	4423600
L	2675	250	*	*	*	*	*	1133255	*
H	2675	250	95.6	+	0	0	250M	205122	1133255
L	2592	250	*	*	*	*	*	1114718	*
H	2592	250	94.4	+	0	0	250M	205122	1114718
H	1221	250	94.4	+	0	0	250M	205122	229434
L	1805	250	*	*	*	*	*	105508	*
H	1805	250	96.8	+	0	0	250M	203166	105508
L	1834	250	*	*	*	*	*	100775	*
H	1834	250	94.8	+	0	0	250M	203166	100775
L	3540	250	*	*	*	*	*	4338085	*
H	3540	250	90.4	+	0	0	250M	203166	4338085
L	4207	250	*	*	*	*	*	4477999	*
H	4207	250	92.0	+	0	0	55MD194MI	203115	4477999
L	1991	250	*	*	*	*	*	31319	*
H	1991	250	92.0	+	0	0	55MD194MI	203115	31319
L	3230	250	*	*	*	*	*	1136972	*
H	3230	250	92.0	+	0	0	55MD194MI	203115	1136972
L	1876	250	*	*	*	*	*	84396	*
H	1876	250	94.4	+	0	0	250M	202971	84396
L	1640	250	*	*	*	*	*	151117	*
H	1640	250	94.8	+	0	0	250M	202971	151117
L	3320	250	*	*	*	*	*	867450	*
H	3320	250	94.0	+	0	0	250M	202971	867450
L	256	250	*	*	*	*	*	633100	*
H	256	250	95.6	+	0	0	195MI13MI40M2D	201537	633100
L	965	250	*	*	*	*	*	294550	*
H	965	250	95.6	+	0	0	196MI12MI40M2D	201537	294550
L	3981	250	*	*	*	*	*	4431608	*
H	3981	250	96.0	+	0	0	195MI13MI40M2D	201537	4431608
L	2435	250	*	*	*	*	*	952003	*
H	2435	250	97.6	+	0	0	113MI136MD	200634	952003
L	3741	250	*	*	*	*	*	4379034	*
H	3741	250	96.4	+	0	0	250M	200634	4379034
L	3729	250	*	*	*	*	*	4376255	*
H	3729	250	96.4	+	0	0	250M	200634	4376255
L	1785	250	*	*	*	*	*	107665	*
H	1785	250	91.6	+	0	0	250M	200455	107665
L	2302	250	*	*	*	*	*	884500	*
H	2302	250	90.0	+	0	0	250M	200455	884500
L	166	250	*	*	*	*	*	811272	*
H	166	250	96.0	+	0	0	36M2D33MD178M3I	196265	811272
L	2667	250	*	*	*	*	*	816529	*
H	2667	250	95.6	+	0	0	36M2D33MD178M3I	196265	816529
L	1444	250	*	*	*	*	*	181436	*
H	1444	250	95.2	+	0	0	36M2D33MD178M3I	196265	181436
L	855	250	*	*	*	*	*	329688	*
H	855	250	94.4	+	0	0	133MD116MI	191595	329688
L	967	250	*	*	*	*	*	294210	*
H	967	250	94.4	+	0	0	133MD116MI	191595	294210
L	983	250	*	*	*	*	*	291811	*
H	983	250	94.4	+	0	0	133MD116MI	191595	291811
L	4115	250	*	*	*	*	*	4461879	*
H	4115	250	97.6	+	0	0	96MI153MD	187297	4461879
L	1755	250	*	*	*	*	*	114573	*
H	1755	250	95.6	+	0	0	96MI153MD	187297	114573
H	4213	250	96.8	+	0	0	96MI153MD	187297	4479467
L	1264	250	*	*	*	*	*	209237	*
H	1264	250	91.2	+	0	0	250M	184263	209237
H	1828	250	90.8	+	0	0	63MI186MD	181744	101860
L	2908	250	*	*	*	*	*	3200278	*
H	2908	250	98.8	+	0	0	250M	178213	3200278
L	871	250	*	*	*	*	*	322737	*
H	871	250	98.4	+	0	0	250M	178213	322737
L	891	250	*	*	*	*	*	316438	*
H	891	250	97.6	+	0	0	250M	178213	316438
L	4168	250	*	*	*	*	*	4471762	*
H	4168	250	97.6	+	0	0	250M	173486	4471762
L	3654	250	*	*	*	*	*	4362470	*
H	3654	250	98.0	+	0	0	250M	173486	4362470
L	2132	250	*	*	*	*	*	9510	*
H	2132	250	94.0	+	0	0	250M	173486	9510
L	1746	250	*	*	*	*	*	125947	*
H	1746	250	95.2	+	0	0	250M	172207	125947
L	1698	250	*	*	*	*	*	139410	*
H	1698	250	95.2	+	0	0	250M	172207	139410
L	3430	250	*	*	*	*	*	4311005	*
H	3430	250	95.2	+	0	0	220MI29MD	172207	4311005
L	3287	250	*	*	*	*	*	4154525	*
H	3287	250	99.2	+	0	0	250M	164443	4154525
L	3172	250	*	*	*	*	*	1137136	*
H	3172	250	98.8	+	0	0	250M	164443	1137136
L	3207	250	*	*	*	*	*	1135136	*
H	3207	250	92.8	+	0	0	250M	164443	1135136
L	1664	250	*	*	*	*	*	145526	*
H	1664	250	96.0	+	0	0	250M	163538	145526
L	3888	250	*	*	*	*	*	4411367	*
H	3888	250	96.4	+	0	0	250M	163538	4411367
L	2975	250	*	*	*	*	*	3363021	*
H	2975	250	96.4	+	0	0	250M	163538	3363021
L	520	250	*	*	*	*	*	535932	*
H	520	250	97.2	+	0	0	166MD9MD43MI30MI	163249	535932
L	2095	250	*	*	*	*	*	12257	*
H	2095	250	96.4	+	0	0	166MD9MD20MD52M3I	163249	12257
H	1731	250	96.4	+	0	0	166MD9MD20MD52M3I	163249	131902
L	3701	250	*	*	*	*	*	4370843	*
H	3701	250	90.4	+	0	0	138MD80MD30M2I	155622	4370843
L	1184	250	*	*	*	*	*	241225	*
H	1184	250	90.0	+	0	0	138MD80MD30M2I	155622	241225
L	3897	250	*	*	*	*	*	4414306	*
H	3897	250	91.2	+	0	0	138MD80MD30M2I	155622	4414306
L	3132	250	*	*	*	*	*	727220	*
H	3132	250	98.8	+	0	0	250M	151023	727220
L	1172	250	*	*	*	*	*	243599	*
H	1172	250	98.8	+	0	0	250M	151023	243599
L	964	250	*	*	*	*	*	294682	*
H	964	250	98.8	+	0	0	250M	151023	294682
L	40	250	*	*	*	*	*	1049387	*
H	40	250	98.8	+	0	0	232MD17MI	146193	1049387
L	410	250	*	*	*	*	*	562759	*
H	410	250	98.8	+	0	0	250M	146193	562759
H	1755	250	98.8	+	0	0	250M	146193	114573
H	3920	250	94.8	+	0	0	60MD32MD156M2I	142011	4418394
L	3502	250	*	*	*	*	*	4328665	*
H	3502	250	94.4	+	0	0	57MD35MD156M2I	142011	4328665
L	2962	250	*	*	*	*	*	634117	*
H	2962	250	95.6	+	0	0	60MD32MD90MI20MI24MI21MD	142011	634117
L	3146	250	*	*	*	*	*	3773438	*
H	3146	250	99.2	+	0	0	250M	139137	3773438
L	2402	250	*	*	*	*	*	1891556	*
H	2402	250	99.2	+	0	0	250M	139137	1891556
L	1244	250	*	*	*	*	*	218254	*
H	1244	250	99.2	+	0	0	250M	139137	218254
L	1283	250	*	*	*	*	*	199880	*
H	1283	250	96.4	+	0	0	72MD26MD150M2I	136508	199880
L	2348	250	*	*	*	*	*	1002608	*
H	2348	250	95.6	+	0	0	54MI161M3D32M2I	136508	1002608
L	3744	250	*	*	*	*	*	4380180	*
H	3744	250	93.2	+	0	0	250M	136508	4380180
L	1759	250	*	*	*	*	*	113733	*
H	1759	250	97.2	+	0	0	250M	133739	113733
L	1920	250	*	*	*	*	*	69274	*
H	1920	250	96.0	+	0	0	250M	133739	69274
L	1687	250	*	*	*	*	*	141021	*
H	1687	250	95.6	+	0	0	250M	133739	141021
L	3280	250	*	*	*	*	*	676511	*
H	3280	250	97.6	+	0	0	250M	132661	676511
L	2372	250	*	*	*	*	*	1129461	*
H	2372	250	97.2	+	0	0	250M	132661	1129461
L	3118	250	*	*	*	*	*	759349	*
H	3118	250	97.6	+	0	0	250M	132661	759349
L	2747	250	*	*	*	*	*	1121558	*
H	2747	250	91.2	+	0	0	72M2I139MI36M3D	130219	1121558
L	2113	250	*	*	*	*	*	10829	*
H	2113	250	95.6	+	0	0	250M	130219	10829
L	2154	250	*	*	*	*	*	8035	*
H	2154	250	93.2	+	0	0	250M	128429	8035
L	2920	250	*	*	*	*	*	1122668	*
H	2920	250	90.8	+	0	0	250M	128429	1122668
L	2168	250	*	*	*	*	*	7539	*
H	2168	250	90.0	+	0	0	250M	128429	7539
H	2505	250	100.0	+	0	0	250M	119010	2119418
H	1261	250	100.0	+	0	0	250M	119010	210269
H	1257	250	100.0	+	0	0	250M	119010	211593
L	452	250	*	*	*	*	*	554299	*
H	452	250	91.6	+	0	0	25MI35MI104MD84MD	114930	554299
L	1442	250	*	*	*	*	*	181641	*
H	1442	250	90.8	+	0	0	164MD85MI	114930	181641
L	2798	250	*	*	*	*	*	326714	*
H	2798	250	92.0	+	0	0	164MD85MI	114930	326714
H	3157	250	98.4	+	0	0	133MD116MI	113265	912997
L	461	250	*	*	*	*	*	553111	*
H	461	250	98.0	+	0	0	250M	113265	553111
H	2742	250	98.4	+	0	0	250M	113265	650615
H	4213	250	97.6	+	0	0	62MI29MD48MD109MI	111289	4479467
H	666	250	97.6	+	0	0	62MI29MD48MD109MI	111289	391286
H	641	250	95.6	+	0	0	62MI32MD155M	111289	449595
H	3239	250	96.0	+	0	0	55M2D36MD17MI40MD42MI26MD8MD20M4I	110766	4041571
L	3238	250	*	*	*	*	*	4041568	*
H	3238	250	95.2	+	0	0	55M2D36MD17MI40MD42MI26MD8MD20M4I	110766	4041568
H	2088	250	90.4	+	0	0	55M2D44M2D47MD43MI26MD8MD20M6I	110766	12836
L	1070	250	*	*	*	*	*	265715	*
H	1070	250	98.0	+	0	0	250M	109728	265715
L	1740	250	*	*	*	*	*	130002	*
H	1740	250	98.0	+	0	0	250M	109728	130002
L	3214	250	*	*	*	*	*	722182	*
H	3214	250	97.6	+	0	0	250M	109728	722182
L	1672	250	*	*	*	*	*	143784	*
H	1672	250	94.0	+	0	0	250M	108003	143784
L	2700	250	*	*	*	*	*	1131423	*
H	2700	250	96.0	+	0	0	250M	108003	1131423
L	2699	250	*	*	*	*	*	1144223	*
H	2699	250	94.0	+	0	0	250M	108003	1144223
L	2471	250	*	*	*	*	*	2046080	*
H	2471	250	92.4	+	0	0	250M	107506	2046080
L	3129	250	*	*	*	*	*	698296	*
H	3129	250	93.2	+	0	0	250M	107506	698296
L	1843	250	*	*	*	*	*	99430	*
H	1843	250	90.0	+	0	0	250M	107506	99430
L	2890	250	*	*	*	*	*	644798	*
H	2890	250	93.2	+	0	0	250M	106627	644798
L	85	250	*	*	*	*	*	940737	*
H	85	250	92.8	+	0	0	250M	106627	940737
L	1896	250	*	*	*	*	*	74685	*
H	1896	250	94.4	+	0	0	250M	106627	74685
N	*	250	*	*	*	*	*	105372	*
L	1543	250	*	*	*	*	*	169836	*
H	1543	250	91.6	+	0	0	132MD34MI20MI8M2D53MI	102693	169836
L	2136	250	*	*	*	*	*	9252	*
H	2136	250	93.2	+	0	0	167MI20MI18MI8M2I14M2I16M7D	102693	9252
L	511	250	*	*	*	*	*	538602	*
H	511	250	92.8	+	0	0	167MI20MI18MI11M2I11M2I16M7D	102693	538602
L	2791	250	*	*	*	*	*	1122081	*
H	2791	250	97.6	+	0	0	250M	102689	1122081
L	399	250	*	*	*	*	*	565472	*
H	399	250	96.8	+	0	0	250M	102689	565472
L	76	250	*	*	*	*	*	961922	*
H	76	250	95.6	+	0	0	250M	102689	961922
L	3856	250	*	*	*	*	*	4404095	*
H	3856	250	98.4	+	0	0	250M	100757	4404095
L	161	250	*	*	*	*	*	817013	*
H	161	250	96.0	+	0	0	250M	100757	817013
L	1036	250	*	*	*	*	*	273373	*
H	1036	250	95.6	+	0	0	250M	100757	273373
L	261	250	*	*	*	*	*	623331	*
H	261	250	95.2	+	0	0	250M	99373	623331
L	1720	250	*	*	*	*	*	134228	*
H	1720	250	94.8	+	0	0	161MI88MD	99373	134228
H	3980	250	96.0	+	0	0	250M	99373	4431592
L	2195	250	*	*	*	*	*	5441	*
H	2195	250	95.6	+	0	0	250M	88458	5441
L	1030	250	*	*	*	*	*	275257	*
H	1030	250	96.0	+	0	0	250M	88458	275257
L	2194	250	*	*	*	*	*	5442	*
H	2194	250	94.4	+	0	0	250M	88458	5442
H	3607	250	97.2	+	0	0	142MD107MI	81554	4352076
H	2699	250	97.2	+	0	0	142MD107MI	81554	1144223
L	1963	250	*	*	*	*	*	48640	*
H	1963	250	97.2	+	0	0	142MD107MI	81554	48640
N	*	250	*	*	*	*	*	77778	*
L	396	250	*	*	*	*	*	566189	*
H	396	250	93.6	+	0	0	250M	76821	566189
L	4158	250	*	*	*	*	*	4469781	*
H	4158	250	92.8	+	0	0	250M	73954	4469781
L	404	250	*	*	*	*	*	564087	*
H	404	250	92.4	+	0	0	222MI27MD	73954	564087
L	1674	250	*	*	*	*	*	143101	*
H	1674	250	90.4	+	0	0	250M	73954	143101
H	1158	250	98.4	+	0	0	44MI205MD	67228	247332
L	3162	250	*	*	*	*	*	1124784	*
H	3162	250	99.2	+	0	0	250M	67228	1124784
L	3933	250	*	*	*	*	*	4422114	*
H	3933	250	98.4	+	0	0	250M	67228	4422114
H	3944	250	98.8	+	0	0	243MD6MI	64384	4423978
L	3212	250	*	*	*	*	*	1126009	*
H	3212	250	97.6	+	0	0	243MD6MI	64384	1126009
L	765	250	*	*	*	*	*	352468	*
H	765	250	97.6	+	0	0	243MD6MI	64384	352468
N	*	250	*	*	*	*	*	63955	*
L	3737	250	*	*	*	*	*	4378410	*
H	3737	250	96.4	+	0	0	250M	58618	4378410
L	1665	250	*	*	*	*	*	145419	*
H	1665	250	92.8	+	0	0	250M	58618	145419
L	2322	250	*	*	*	*	*	1143460	*
H	2322	250	90.4	+	0	0	250M	58618	1143460
H	1640	250	93.2	+	0	0	250M	57758	151117
L	259	250	*	*	*	*	*	626519	*
H	259	250	94.0	+	0	0	250M	57758	626519
L	2623	250	*	*	*	*	*	1138568	*
H	2623	250	92.4	+	0	0	250M	57758	1138568
L	3153	250	*	*	*	*	*	1134701	*
H	3153	250	91.6	+	0	0	149MD14MD85M2I	49604	1134701
L	3714	250	*	*	*	*	*	4372695	*
H	3714	250	92.0	+	0	0	164MD85MI	49604	4372695
L	3889	250	*	*	*	*	*	4412629	*
H	3889	250	91.6	+	0	0	164MD85MI	49604	4412629
L	163	250	*	*	*	*	*	814161	*
H	163	250	90.8	+	0	0	250M	47887	814161
L	2726	250	*	*	*	*	*	1112584	*
H	2726	250	90.4	+	0	0	250M	47887	1112584
L	3555	250	*	*	*	*	*	4341712	*
H	3555	250	93.2	+	0	0	250M	47887	4341712
L	4188	250	*	*	*	*	*	4475144	*
H	4188	250	98.0	+	0	0	250M	46931	4475144
L	1083	250	*	*	*	*	*	263449	*
H	1083	250	97.6	+	0	0	250M	46931	263449
L	3649	250	*	*	*	*	*	4361518	*
H	3649	250	98.0	+	0	0	250M	46931	4361518
L	2585	250	*	*	*	*	*	1143602	*
H	2585	250	96.4	+	0	0	250M	41059	1143602
L	302	250	*	*	*	*	*	586655	*
H	302	250	95.2	+	0	0	250M	41059	586655
L	1003	250	*	*	*	*	*	287305	*
H	1003	250	94.0	+	0	0	250M	41059	287305
L	1091	250	*	*	*	*	*	262096	*
H	1091	250	95.2	+	0	0	250M	40820	262096
L	2024	250	*	*	*	*	*	17513	*
H	2024	250	96.0	+	0	0	250M	40820	17513
L	2102	250	*	*	*	*	*	12063	*
H	2102	250	94.4	+	0	0	137MD112MI	40820	12063
L	2181	250	*	*	*	*	*	6648	*
H	2181	250	97.2	+	0	0	250M	40104	6648
L	2021	250	*	*	*	*	*	19636	*
H	2021	250	93.6	+	0	0	250M	40104	19636
L	1967	250	*	*	*	*	*	46257	*
H	1967	250	92.0	+	0	0	250M	40104	46257
L	2662	250	*	*	*	*	*	743801	*
H	2662	250	94.8	+	0	0	250M	33768	743801
L	2829	250	*	*	*	*	*	1131355	*
H	2829	250	94.0	+	0	0	250M	32859	1131355
L	3690	250	*	*	*	*	*	4369634	*
H	3690	250	94.4	+	0	0	250M	32859	4369634
L	4097	250	*	*	*	*	*	4458015	*
H	4097	250	94.4	+	0	0	250M	32859	4458015
L	2001	250	*	*	*	*	*	26897	*
H	2001	250	96.4	+	0	0	250M	28341	26897
L	2083	250	*	*	*	*	*	13047	*
H	2083	250	96.8	+	0	0	250M	28341	13047
L	608	250	*	*	*	*	*	513773	*
H	608	250	96.4	+	0	0	250M	28341	513773
H	3401	250	98.8	+	0	0	250M	17434	4305519
H	132	250	98.0	+	0	0	151MI74MI23M2D	17434	837366
L	3818	250	*	*	*	*	*	4393354	*
H	3818	250	98.0	+	0	0	250M	17434	4393354
L	2042	250	*	*	*	*	*	15785	*
H	2042	250	98.4	+	0	0	250M	15740	15785
H	2392	250	96.0	+	0	0	250M	15740	709363
L	1888	250	*	*	*	*	*	78432	*
H	1888	250	95.6	+	0	0	250M	15740	78432
L	2063	250	*	*	*	*	*	14304	*
H	2063	250	96.4	+	0	0	250M	14302	14304
L	4169	250	*	*	*	*	*	4472101	*
H	4169	250	92.8	+	0	0	12MD143MD93M2I	14302	4472101
L	2064	250	*	*	*	*	*	14295	*
H	2064	250	90.4	+	0	0	250M	14302	14295
H	2742	250	97.6	+	0	0	250M	13467	650615
H	3157	250	96.8	+	0	0	133MD116MI	13467	912997
H	461	250	97.6	+	0	0	250M	13467	553111
H	166	250	97.2	+	0	0	250M	12399	811272
L	1906	250	*	*	*	*	*	72155	*
H	1906	250	96.8	+	0	0	250M	12399	72155
H	2624	250	96.4	+	0	0	250M	12399	2421587
L	1852	250	*	*	*	*	*	94941	*
H	1852	250	99.2	+	0	0	250M	11120	94941
H	3275	250	95.2	+	0	0	250M	10865	1121107
H	2112	250	93.6	+	0	0	250M	10865	10898
L	1142	250	*	*	*	*	*	249636	*
H	1142	250	93.2	+	0	0	250M	10865	249636
L	3135	250	*	*	*	*	*	1122480	*
H	3135	250	97.2	+	0	0	250M	10660	1122480
L	2495	250	*	*	*	*	*	838434	*
H	2495	250	98.4	+	0	0	250M	10660	838434
H	1003	250	92.4	+	0	0	250M	10660	287305
L	2319	250	*	*	*	*	*	1720567	*
H	2319	250	90.0	+	0	0	139MD110MI	10486	1720567
H	2319	250	90.4	+	0	0	250M	10485	1720567
L	2133	250	*	*	*	*	*	9504	*
H	2133	250	95.2	+	0	0	250M	9505	9504
L	2571	250	*	*	*	*	*	2291414	*
H	2571	250	92.8	+	0	0	250M	9505	2291414
L	120	250	*	*	*	*	*	865469	*
H	120	250	92.4	+	0	0	250M	9505	865469
H	3624	250	96.8	+	0	0	250M	9498	4356465
L	1858	250	*	*	*	*	*	92231	*
H	1858	250	96.8	+	0	0	250M	9498	92231
H	149	250	95.6	+	0	0	250M	9498	823745
L	2152	250	*	*	*	*	*	8105	*
H	2152	250	96.8	+	0	0	250M	8107	8105
H	2153	250	94.8	+	0	0	250M	8107	8104
L	2151	250	*	*	*	*	*	8106	*
H	2151	250	96.0	+	0	0	231MD18MI	8107	8106
H	2153	250	96.8	+	0	0	250M	8091	8104
H	3995	250	97.6	+	0	0	250M	8091	4434051
H	2268	250	96.0	+	0	0	250M	8091	1128670
L	1353	250	*	*	*	*	*	191570	*
H	1353	250	91.2	+	0	0	139MI110MD	8010	191570
L	2155	250	*	*	*	*	*	8002	*
H	2155	250	95.2	+	0	0	250M	8010	8002
L	2156	250	*	*	*	*	*	8001	*
H	2156	250	90.0	+	0	0	250M	8010	8001
L	4228	250	*	*	*	*	*	4482366	*
H	4228	250	90.0	+	0	0	131MI118MD	7980	4482366
H	2155	250	93.6	+	0	0	250M	7980	8002
L	2158	250	*	*	*	*	*	7983	*
H	2158	250	94.4	+	0	0	250M	7980	7983
L	1248	250	*	*	*	*	*	217386	*
H	1248	250	96.0	+	0	0	250M	5652	217386
L	3276	250	*	*	*	*	*	1146685	*
H	3276	250	96.8	+	0	0	250M	5652	1146685
L	3539	250	*	*	*	*	*	4337455	*
H	3539	250	96.8	+	0	0	250M	5652	4337455
L	1077	250	*	*	*	*	*	264269	*
H	1077	250	95.6	+	0	0	83MI35M2I129M3D	5583	264269
L	791	250	*	*	*	*	*	346085	*
H	791	250	94.8	+	0	0	250M	5583	346085
L	2542	250	*	*	*	*	*	2211108	*
H	2542	250	94.8	+	0	0	250M	5583	2211108
L	2197	250	*	*	*	*	*	5066	*
H	2197	250	97.2	+	0	0	250M	4632	5066
L	2730	250	*	*	*	*	*	2675752	*
H	2730	250	94.8	+	0	0	62MI187MD	4632	2675752
H	2717	250	94.8	+	0	0	250M	4632	2648149
N	*	250	*	*	*	*	*	4145	*
L	2222	250	*	*	*	*	*	3308	*
H	2222	250	92.8	+	0	0	175MD74MI	3307	3308
L	1675	250	*	*	*	*	*	142996	*
H	1675	250	90.4	+	0	0	250M	3307	142996
N	*	250	*	*	*	*	*	2599	*
L	2687	250	*	*	*	*	*	2551318	*
H	2687	250	99.6	+	0	0	250M	1199	2551318
L	4087	250	*	*	*	*	*	4456166	*
H	4087	250	95.2	+	0	0	250M	1199	4456166
L	2242	250	*	*	*	*	*	1174	*
H	2242	250	94.0	+	0	0	250M	1199	1174
H	356	250	98.0	+	0	0	250M	1553204	573413
L	864	250	*	*	*	*	*	326054	*
H	864	250	98.0	+	0	0	250M	1553204	326054
H	531	250	98.0	+	0	0	250M	1553204	533511
L	3356	250	*	*	*	*	*	4295725	*
H	3356	250	98.8	+	0	0	250M	1136676	4295725
L	2602	250	*	*	*	*	*	648540	*
H	2602	250	98.8	+	0	0	250M	1136676	648540
L	290	250	*	*	*	*	*	589792	*
H	290	250	98.0	+	0	0	250M	1136676	589792
L	2182	250	*	*	*	*	*	6602	*
H	2182	250	95.6	+	0	0	250M	1141660	6602
L	3647	250	*	*	*	*	*	4361424	*
H	3647	250	92.8	+	0	0	250M	1141660	4361424
L	2259	250	*	*	*	*	*	682821	*
H	2259	250	93.6	+	0	0	250M	1141660	682821
L	3735	250	*	*	*	*	*	4378213	*
H	3735	250	97.2	+	0	0	250M	1127851	4378213
L	2383	250	*	*	*	*	*	1136078	*
H	2383	250	90.4	+	0	0	250M	1127851	1136078
L	2709	250	*	*	*	*	*	2609596	*
H	2709	250	90.4	+	0	0	250M	1127851	2609596
H	3287	250	99.6	+	0	0	250M	1137869	4154525
H	3172	250	98.8	+	0	0	250M	1137869	1137136
L	4184	250	*	*	*	*	*	4474582	*
H	4184	250	93.2	+	0	0	250M	1137869	4474582
L	2300	250	*	*	*	*	*	1137409	*
H	2300	250	96.0	+	0	0	250M	1129305	1137409
H	1805	250	91.2	+	0	0	250M	1129305	105508
L	3667	250	*	*	*	*	*	4365222	*
H	3667	250	90.4	+	0	0	250M	1129305	4365222
L	2897	250	*	*	*	*	*	1131768	*
H	2897	250	98.0	+	0	0	250M	1123543	1131768
L	2078	250	*	*	*	*	*	13730	*
H	2078	250	96.4	+	0	0	250M	1123543	13730
L	2079	250	*	*	*	*	*	13728	*
H	2079	250	96.8	+	0	0	250M	1123543	13728
N	*	250	*	*	*	*	*	1679577	*
H	396	250	93.2	+	0	0	250M	1714121	566189
H	2041	250	90.4	+	0	0	250M	1714121	15850
L	407	250	*	*	*	*	*	563240	*
H	407	250	95.6	+	0	0	250M	1125670	563240
L	1625	250	*	*	*	*	*	156452	*
H	1625	250	94.8	+	0	0	250M	1125670	156452
L	4155	250	*	*	*	*	*	4469481	*
H	4155	250	94.8	+	0	0	250M	1125670	4469481
L	3673	250	*	*	*	*	*	4365806	*
H	3673	250	91.2	+	0	0	250M	1730876	4365806
L	3292	250	*	*	*	*	*	1134116	*
H	3292	250	91.6	+	0	0	250M	1730876	1134116
H	430	250	93.2	+	0	0	250M	1730876	558567
H	3684	250	96.4	+	0	0	250M	1144264	4367988
L	3704	250	*	*	*	*	*	4371951	*
H	3704	250	95.2	+	0	0	250M	1144264	4371951
L	1836	250	*	*	*	*	*	100578	*
H	1836	250	96.8	+	0	0	250M	1144264	100578
H	484	250	100.0	+	0	0	250M	1124808	546546
H	3374	250	99.6	+	0	0	19MI11MD219M	1124808	4299696
H	1261	250	94.8	+	0	0	250M	1124808	210269
L	2973	250	*	*	*	*	*	761592	*
H	2973	250	99.6	+	0	0	250M	794652	761592
L	190	250	*	*	*	*	*	768898	*
H	190	250	99.6	+	0	0	250M	794652	768898
L	3163	250	*	*	*	*	*	1144051	*
H	3163	250	98.8	+	0	0	250M	794652	1144051
L	1035	250	*	*	*	*	*	273647	*
H	1035	250	96.0	+	0	0	188MI61MD	714797	273647
L	2933	250	*	*	*	*	*	3261476	*
H	2933	250	95.2	+	0	0	188MI61MD	714797	3261476
L	804	250	*	*	*	*	*	342971	*
H	804	250	94.8	+	0	0	188MI61MD	714797	342971
L	2502	250	*	*	*	*	*	1143228	*
H	2502	250	100.0	+	0	0	250M	1134454	1143228
L	2272	250	*	*	*	*	*	1105611	*
H	2272	250	98.0	+	0	0	105MI144MD	1134454	1105611
L	1163	250	*	*	*	*	*	246763	*
H	1163	250	95.6	+	0	0	250M	1134454	246763
L	3298	250	*	*	*	*	*	4183921	*
H	3298	250	93.6	+	0	0	250M	1130328	4183921
H	2059	250	94.8	+	0	0	250M	1141139	14500
H	2762	250	93.6	+	0	0	250M	1141139	1130616
H	3262	250	94.0	+	0	0	250M	1141139	4098279
L	1730	250	*	*	*	*	*	132602	*
H	1730	250	98.8	+	0	0	250M	1117497	132602
H	1158	250	98.0	+	0	0	44MI205MD	1117497	247332
L	1950	250	*	*	*	*	*	53467	*
H	1950	250	98.4	+	0	0	250M	1117497	53467
H	2435	250	98.0	+	0	0	94MI155MD	886264	952003
L	3890	250	*	*	*	*	*	4412887	*
H	3890	250	94.8	+	0	0	250M	886264	4412887
H	3741	250	94.8	+	0	0	250M	886264	4379034
H	3009	250	99.6	+	0	0	250M	2106896	1135372
H	3401	250	98.8	+	0	0	250M	2106896	4305519
L	3989	250	*	*	*	*	*	4433053	*
H	3989	250	99.6	+	0	0	250M	2106896	4433053
L	3082	250	*	*	*	*	*	705241	*
H	3082	250	96.0	+	0	0	250M	611110	705241
L	4070	250	*	*	*	*	*	4453484	*
H	4070	250	94.8	+	0	0	7MI97MI144M2D	611110	4453484
L	2234	250	*	*	*	*	*	2222	*
H	2234	250	94.0	+	0	0	238MI11MD	611110	2222
L	2844	250	*	*	*	*	*	1072784	*
H	2844	250	97.2	+	0	0	250M	654051	1072784
L	3903	250	*	*	*	*	*	4414810	*
H	3903	250	97.2	+	0	0	250M	654051	4414810
H	3920	250	97.2	+	0	0	250M	654051	4418394
L	3857	250	*	*	*	*	*	4404220	*
H	3857	250	98.4	+	0	0	22MD35MI50MD141MI	893979	4404220
L	3901	250	*	*	*	*	*	4414783	*
H	3901	250	94.8	+	0	0	22MD40MI187M	893979	4414783
L	3720	250	*	*	*	*	*	4374638	*
H	3720	250	97.6	+	0	0	22MD35MI50MD141MI	893979	4374638
L	311	250	*	*	*	*	*	584241	*
H	311	250	95.2	+	0	0	250M	1124095	584241
H	3118	250	95.2	+	0	0	250M	1124095	759349
H	2372	250	94.8	+	0	0	250M	1124095	1129461
L	3067	250	*	*	*	*	*	1143368	*
H	3067	250	95.2	+	0	0	250M	2228274	1143368
L	3342	250	*	*	*	*	*	4282872	*
H	3342	250	95.2	+	0	0	131MI118MD	2228274	4282872
L	1573	250	*	*	*	*	*	163716	*
H	1573	250	92.8	+	0	0	250M	2228274	163716
L	3945	250	*	*	*	*	*	4424063	*
H	3945	250	92.0	+	0	0	250M	2250345	4424063
L	1490	250	*	*	*	*	*	176722	*
H	1490	250	92.0	+	0	0	250M	2250345	176722
L	26	250	*	*	*	*	*	1076587	*
H	26	250	92.0	+	0	0	250M	2250345	1076587
H	1248	250	100.0	+	0	0	250M	1141633	217386
H	3276	250	97.6	+	0	0	250M	1141633	1146685
L	186	250	*	*	*	*	*	781232	*
H	186	250	93.2	+	0	0	250M	1141633	781232
L	209	250	*	*	*	*	*	724271	*
H	209	250	92.4	+	0	0	118MI131MD	14437	724271
L	924	250	*	*	*	*	*	306069	*
H	924	250	94.8	+	0	0	129MI120MD	14437	306069
L	2945	250	*	*	*	*	*	727134	*
H	2945	250	94.8	+	0	0	250M	14437	727134
N	*	250	*	*	*	*	*	821395	*
L	183	250	*	*	*	*	*	787697	*
H	183	250	97.2	+	0	0	250M	2461583	787697
L	1278	250	*	*	*	*	*	202684	*
H	1278	250	97.2	+	0	0	226MI23MD	2461583	202684
L	4239	250	*	*	*	*	*	4484389	*
H	4239	250	99.2	+	0	0	250M	851932	4484389
L	1803	250	*	*	*	*	*	105593	*
H	1803	250	98.8	+	0	0	250M	851932	105593
L	4009	250	*	*	*	*	*	4437422	*
H	4009	250	96.0	+	0	0	250M	851932	4437422
L	2330	250	*	*	*	*	*	1742076	*
H	2330	250	94.0	+	0	0	89M2D22M2D135M4I	2511694	1742076
L	2545	250	*	*	*	*	*	1118561	*
H	2545	250	97.2	+	0	0	250M	2534140	1118561
L	3662	250	*	*	*	*	*	4364813	*
H	3662	250	97.2	+	0	0	250M	2534140	4364813
L	1907	250	*	*	*	*	*	71894	*
H	1907	250	96.0	+	0	0	250M	2534140	71894
L	1066	250	*	*	*	*	*	267323	*
H	1066	250	98.8	+	0	0	42MI207MD	637253	267323
H	2667	250	99.2	+	0	0	250M	637253	816529
L	3631	250	*	*	*	*	*	725990	*
H	3631	250	98.0	+	0	0	250M	637253	725990
L	3601	250	*	*	*	*	*	4350881	*
H	3601	250	97.2	+	0	0	250M	844567	4350881
L	4042	250	*	*	*	*	*	4446956	*
H	4042	250	97.2	+	0	0	250M	844567	4446956
L	2536	250	*	*	*	*	*	1143678	*
H	2536	250	97.2	+	0	0	250M	844567	1143678
H	2762	250	98.4	+	0	0	250M	810000	1130616
H	3262	250	98.0	+	0	0	250M	810000	4098279
L	957	250	*	*	*	*	*	297365	*
H	957	250	97.2	+	0	0	250M	810000	297365
L	3152	250	*	*	*	*	*	3792581	*
H	3152	250	92.4	+	0	0	250M	2584970	3792581
L	2403	250	*	*	*	*	*	1892252	*
H	2403	250	90.0	+	0	0	250M	2584970	1892252
L	2416	250	*	*	*	*	*	1918929	*
H	2416	250	90.0	+	0	0	250M	2584970	1918929
L	3221	250	*	*	*	*	*	624220	*
H	3221	250	94.0	+	0	0	250M	1144898	624220
L	2146	250	*	*	*	*	*	8898	*
H	2146	250	94.8	+	0	0	13MD236MI	1144898	8898
L	1043	250	*	*	*	*	*	272031	*
H	1043	250	94.8	+	0	0	250M	1144898	272031
L	3322	250	*	*	*	*	*	4245392	*
H	3322	250	99.2	+	0	0	250M	1138056	4245392
L	2000	250	*	*	*	*	*	27188	*
H	2000	250	96.4	+	0	0	250M	1138056	27188
L	2358	250	*	*	*	*	*	1797847	*
H	2358	250	96.4	+	0	0	250M	1138056	1797847
H	3082	250	95.2	+	0	0	250M	2635230	705241
H	2234	250	92.4	+	0	0	250M	2635230	2222
H	4070	250	94.0	+	0	0	7MI97MI144M2D	2635230	4453484
L	4229	250	*	*	*	*	*	4482374	*
H	4229	250	99.2	+	0	0	250M	913867	4482374
L	2404	250	*	*	*	*	*	1896186	*
H	2404	250	99.2	+	0	0	250M	913867	1896186
L	3523	250	*	*	*	*	*	4333705	*
H	3523	250	99.2	+	0	0	250M	913867	4333705
H	3933	250	100.0	+	0	0	250M	1115889	4422114
L	3174	250	*	*	*	*	*	1141671	*
H	3174	250	99.6	+	0	0	250M	1115889	1141671
L	2766	250	*	*	*	*	*	1114321	*
H	2766	250	99.2	+	0	0	250M	1115889	1114321
H	396	250	94.4	+	0	0	250M	1141541	566189
H	2041	250	91.6	+	0	0	250M	1141541	15850
H	2040	250	90.0	+	0	0	250M	1141541	15851
L	2430	250	*	*	*	*	*	1122588	*
H	2430	250	97.6	+	0	0	250M	711733	1122588
L	1355	250	*	*	*	*	*	191359	*
H	1355	250	97.6	+	0	0	123MI126MD	711733	191359
L	1962	250	*	*	*	*	*	48874	*
H	1962	250	97.6	+	0	0	250M	711733	48874
L	3543	250	*	*	*	*	*	4339173	*
H	3543	250	97.6	+	0	0	250M	1142756	4339173
L	2833	250	*	*	*	*	*	1139660	*
H	2833	250	96.4	+	0	0	250M	1142756	1139660
L	2560	250	*	*	*	*	*	1124905	*
H	2560	250	94.4	+	0	0	250M	1142756	1124905
N	*	250	*	*	*	*	*	851938	*
H	3933	250	99.6	+	0	0	250M	1115973	4422114
H	3174	250	99.2	+	0	0	250M	1115973	1141671
H	2766	250	98.8	+	0	0	250M	1115973	1114321
L	1041	250	*	*	*	*	*	272947	*
H	1041	250	98.4	+	0	0	250M	919466	272947
H	975	250	98.4	+	0	0	250M	919466	292404
L	1090	250	*	*	*	*	*	262377	*
H	1090	250	99.2	+	0	0	250M	919466	262377
L	368	250	*	*	*	*	*	570500	*
H	368	250	98.0	+	0	0	231MI18MD	669038	570500
L	1049	250	*	*	*	*	*	270818	*
H	1049	250	96.8	+	0	0	2D229MI19MI	669038	270818
L	3782	250	*	*	*	*	*	4386973	*
H	3782	250	96.4	+	0	0	232MI17MD	669038	4386973
H	2000	250	98.4	+	0	0	250M	2785334	27188
H	3322	250	95.6	+	0	0	250M	2785334	4245392
L	537	250	*	*	*	*	*	532163	*
H	537	250	96.4	+	0	0	250M	2785334	532163
H	925	250	98.0	+	0	0	250M	826144	305278
H	3836	250	96.0	+	0	0	250M	826144	4397087
H	2647	250	96.4	+	0	0	250M	826144	2476146
L	357	250	*	*	*	*	*	573338	*
H	357	250	99.6	+	0	0	42MI207MD	2874742	573338
L	282	250	*	*	*	*	*	591907	*
H	282	250	100.0	+	0	0	250M	2874742	591907
H	3146	250	100.0	+	0	0	250M	2874742	3773438
H	4184	250	98.0	+	0	0	250M	2922812	4474582
H	3287	250	92.4	+	0	0	250M	2922812	4154525
L	514	250	*	*	*	*	*	537713	*
H	514	250	92.0	+	0	0	250M	2922812	537713
H	4115	250	97.6	+	0	0	250M	3055791	4461879
H	4213	250	96.4	+	0	0	250M	3055791	4479467
H	666	250	96.4	+	0	0	250M	3055791	391286
H	76	250	98.0	+	0	0	250M	1134316	961922
L	3012	250	*	*	*	*	*	685571	*
H	3012	250	98.0	+	0	0	250M	1134316	685571
L	3887	250	*	*	*	*	*	4411366	*
H	3887	250	98.8	+	0	0	D249MI	1134316	4411366
L	2951	250	*	*	*	*	*	3312521	*
H	2951	250	100.0	+	0	0	250M	3172850	3312521
L	2581	250	*	*	*	*	*	2325277	*
H	2581	250	99.6	+	0	0	250M	3172850	2325277
L	2466	250	*	*	*	*	*	2041722	*
H	2466	250	99.2	+	0	0	250M	3172850	2041722
L	3417	250	*	*	*	*	*	4307897	*
H	3417	250	96.0	+	0	0	250M	1059977	4307897
L	4182	250	*	*	*	*	*	4473883	*
H	4182	250	96.0	+	0	0	250M	1059977	4473883
L	2244	250	*	*	*	*	*	996434	*
H	2244	250	94.0	+	0	0	250M	1059977	996434
N	*	250	*	*	*	*	*	1127353	*
L	2347	250	*	*	*	*	*	1134626	*
H	2347	250	97.6	+	0	0	250M	1139148	1134626
L	1229	250	*	*	*	*	*	225045	*
H	1229	250	93.2	+	0	0	250M	1139148	225045
L	1139	250	*	*	*	*	*	250136	*
H	1139	250	98.8	+	0	0	250M	1129828	250136
L	1632	250	*	*	*	*	*	154130	*
H	1632	250	98.4	+	0	0	250M	1129828	154130
L	4035	250	*	*	*	*	*	4443632	*
H	4035	250	98.8	+	0	0	250M	1129828	4443632
H	2505	250	98.4	+	0	0	250M	718624	2119418
H	1257	250	98.4	+	0	0	250M	718624	211593
H	1261	250	98.4	+	0	0	250M	718624	210269
H	2274	250	96.4	+	0	0	250M	1127641	1145943
H	2649	250	96.8	+	0	0	250M	1127641	1144726
H	385	250	92.8	+	0	0	250M	1127641	567725
L	873	250	*	*	*	*	*	322136	*
H	873	250	92.0	+	0	0	110MI139MD	3307468	322136
L	2019	250	*	*	*	*	*	21214	*
H	2019	250	92.0	+	0	0	110MI139MD	3307468	21214
H	2406	250	94.4	+	0	0	129MI120MD	3307468	1138883
H	3795	250	99.6	+	0	0	250M	1122610	4389142
H	261	250	94.4	+	0	0	250M	1122610	623331
H	2406	250	93.6	+	0	0	131MI118MD	1122610	1138883
L	3384	250	*	*	*	*	*	4302223	*
H	3384	250	96.8	+	0	0	250M	758642	4302223
L	2391	250	*	*	*	*	*	811912	*
H	2391	250	96.0	+	0	0	206MI43MD	758642	811912
L	2103	250	*	*	*	*	*	12056	*
H	2103	250	96.4	+	0	0	250M	758642	12056
H	368	250	99.2	+	0	0	250M	790610	570500
H	1049	250	97.6	+	0	0	2D248M2I	790610	270818
H	3782	250	97.2	+	0	0	250M	790610	4386973
H	2975	250	95.2	+	0	0	250M	3424623	3363021
H	186	250	93.6	+	0	0	250M	3424623	781232
H	1248	250	95.6	+	0	0	250M	3424623	217386
L	3910	250	*	*	*	*	*	4416658	*
H	3910	250	97.6	+	0	0	250M	1127789	4416658
L	2949	250	*	*	*	*	*	679077	*
H	2949	250	96.0	+	0	0	250M	1127789	679077
L	1729	250	*	*	*	*	*	132687	*
H	1729	250	96.0	+	0	0	250M	1127789	132687
L	1774	250	*	*	*	*	*	109364	*
H	1774	250	90.4	+	0	0	250M	3485581	109364
L	129	250	*	*	*	*	*	845765	*
H	129	250	94.0	+	0	0	250M	3485581	845765
L	521	250	*	*	*	*	*	535824	*
H	521	250	90.4	+	0	0	250M	3485581	535824
L	237	250	*	*	*	*	*	667570	*
H	237	250	96.4	+	0	0	157MD22MI44MI25MD	1120420	667570
L	2121	250	*	*	*	*	*	10180	*
H	2121	250	95.6	+	0	0	157MD22MI44MI25MD	1120420	10180
L	2123	250	*	*	*	*	*	9870	*
H	2123	250	94.8	+	0	0	157MD22MI44MI25MD	1120420	9870
L	2519	250	*	*	*	*	*	1135553	*
H	2519	250	96.0	+	0	0	250M	790312	1135553
H	40	250	94.4	+	0	0	231MD18MI	790312	1049387
H	4213	250	94.8	+	0	0	250M	790312	4479467
L	1195	250	*	*	*	*	*	239386	*
H	1195	250	94.0	+	0	0	250M	685832	239386
L	1842	250	*	*	*	*	*	99436	*
H	1842	250	93.6	+	0	0	250M	685832	99436
L	2074	250	*	*	*	*	*	13813	*
H	2074	250	94.0	+	0	0	250M	685832	13813
H	522	250	99.2	+	0	0	250M	821185	535678
L	1288	250	*	*	*	*	*	199229	*
H	1288	250	99.2	+	0	0	250M	821185	199229
L	3474	250	*	*	*	*	*	4323731	*
H	3474	250	97.6	+	0	0	250M	821185	4323731
L	227	250	*	*	*	*	*	692823	*
H	227	250	99.2	+	0	0	250M	1136710	692823
L	1822	250	*	*	*	*	*	102222	*
H	1822	250	98.8	+	0	0	250M	1136710	102222
L	2340	250	*	*	*	*	*	1137031	*
H	2340	250	98.0	+	0	0	21MI228MD	1136710	1137031
L	3165	250	*	*	*	*	*	1133367	*
H	3165	250	98.0	+	0	0	250M	1126217	1133367
H	3515	250	98.4	+	0	0	250M	1126217	4331976
L	2049	250	*	*	*	*	*	15059	*
H	2049	250	95.6	+	0	0	250M	1126217	15059
N	*	250	*	*	*	*	*	659124	*
L	3760	250	*	*	*	*	*	4383165	*
H	3760	250	96.8	+	0	0	250M	1125006	4383165
H	2833	250	96.4	+	0	0	250M	1125006	1139660
H	3543	250	95.6	+	0	0	250M	1125006	4339173
L	2297	250	*	*	*	*	*	1105211	*
H	2297	250	91.6	+	0	0	250M	3750373	1105211
L	3114	250	*	*	*	*	*	3696710	*
H	3114	250	90.8	+	0	0	250M	3750373	3696710
L	1346	250	*	*	*	*	*	192326	*
H	1346	250	92.0	+	0	0	250M	3750373	192326
L	94	250	*	*	*	*	*	920852	*
H	94	250	99.6	+	0	0	24MD225MI	3761170	920852
L	1376	250	*	*	*	*	*	188942	*
H	1376	250	98.8	+	0	0	24MD225MI	3761170	188942
H	3583	250	98.4	+	0	0	24MD225MI	3761170	4348253
L	1363	250	*	*	*	*	*	190032	*
H	1363	250	97.6	+	0	0	250M	3772088	190032
L	660	250	*	*	*	*	*	400480	*
H	660	250	94.8	+	0	0	250M	3772088	400480
H	2338	250	100.0	+	0	0	250M	1129883	648692
H	2664	250	98.8	+	0	0	250M	1129883	646051
H	1670	250	96.8	+	0	0	250M	1129883	144207
L	3268	250	*	*	*	*	*	1116679	*
H	3268	250	93.6	+	0	0	250M	3866890	1116679
L	3424	250	*	*	*	*	*	4309033	*
H	3424	250	93.6	+	0	0	250M	3866890	4309033
L	476	250	*	*	*	*	*	549232	*
H	476	250	93.6	+	0	0	250M	3866890	549232
L	3822	250	*	*	*	*	*	4394897	*
H	3822	250	98.4	+	0	0	250M	1137224	4394897
L	3242	250	*	*	*	*	*	4053067	*
H	3242	250	97.6	+	0	0	250M	1137224	4053067
L	2816	250	*	*	*	*	*	1140240	*
H	2816	250	97.2	+	0	0	250M	1137224	1140240
L	3122	250	*	*	*	*	*	3714687	*
H	3122	250	93.2	+	0	0	I146MI8MI28MI21MI7MI34M6D	1119927	3714687
L	1831	250	*	*	*	*	*	101466	*
H	1831	250	93.2	+	0	0	I146MI8MI28MI21MI7MI34M6D	1119927	101466
L	3692	250	*	*	*	*	*	4369819	*
H	3692	250	93.2	+	0	0	I146MI8MI28MI21MI7MI34M6D	1119927	4369819
L	2308	250	*	*	*	*	*	1684221	*
H	2308	250	91.6	+	0	0	250M	791348	1684221
H	2571	250	98.8	+	0	0	250M	612512	2291414
H	149	250	97.6	+	0	0	250M	612512	823745
L	2799	250	*	*	*	*	*	2862781	*
H	2799	250	96.4	+	0	0	250M	612512	2862781
H	1781	250	90.8	+	0	0	61MI188MD	3995074	108433
L	2922	250	*	*	*	*	*	3225199	*
H	2922	250	93.6	+	0	0	80M9D161M9I	4033821	3225199
H	2403	250	92.8	+	0	0	80M9D161M9I	4033821	1892252
L	2287	250	*	*	*	*	*	1646259	*
H	2287	250	92.4	+	0	0	80M9D161M9I	4033821	1646259
L	3548	250	*	*	*	*	*	4339627	*
H	3548	250	97.6	+	0	0	250M	1143479	4339627
L	3333	250	*	*	*	*	*	1145893	*
H	3333	250	97.2	+	0	0	250M	1143479	1145893
L	2290	250	*	*	*	*	*	623190	*
H	2290	250	94.4	+	0	0	250M	1143479	623190
L	2461	250	*	*	*	*	*	901633	*
H	2461	250	97.2	+	0	0	250M	708264	901633
L	1057	250	*	*	*	*	*	269774	*
H	1057	250	97.2	+	0	0	25MI224MD	708264	269774
L	1060	250	*	*	*	*	*	268361	*
H	1060	250	97.2	+	0	0	103MI146MD	708264	268361
H	4182	250	97.6	+	0	0	250M	4143457	4473883
H	3417	250	96.4	+	0	0	250M	4143457	4307897
L	2836	250	*	*	*	*	*	2991800	*
H	2836	250	93.6	+	0	0	250M	4143457	2991800
L	2275	250	*	*	*	*	*	1598513	*
H	2275	250	91.6	+	0	0	250M	4165504	1598513
H	2975	250	92.4	+	0	0	250M	4165504	3363021
L	2374	250	*	*	*	*	*	1133306	*
H	2374	250	91.6	+	0	0	250M	4165504	1133306
L	1334	250	*	*	*	*	*	193970	*
H	1334	250	94.0	+	0	0	113MD136MI	4165717	193970
L	4012	250	*	*	*	*	*	4438027	*
H	4012	250	92.0	+	0	0	113MD136MI	4165717	4438027
L	3911	250	*	*	*	*	*	4416713	*
H	3911	250	92.8	+	0	0	113MD136MI	4165717	4416713
H	754	250	99.2	+	0	0	250M	4306201	354839
L	1910	250	*	*	*	*	*	70830	*
H	1910	250	98.0	+	0	0	72MI177MD	4306201	70830
H	78	250	98.8	+	0	0	250M	4306201	960695
H	2338	250	96.0	+	0	0	8MD13M2D75MD150M4I	4306202	648692
H	432	250	94.8	+	0	0	8MD13M2D75MD150M4I	4306202	557875
H	2664	250	94.8	+	0	0	8MD13M2D75MD150M4I	4306202	646051
L	988	250	*	*	*	*	*	290799	*
H	988	250	98.8	+	0	0	I249MD	4311177	290799
H	3146	250	98.8	+	0	0	I249MD	4311177	3773438
H	1244	250	98.8	+	0	0	I249MD	4311177	218254
H	4184	250	91.6	+	0	0	250M	4314047	4474582
H	1191	250	90.0	+	0	0	250M	4314047	239924
H	1318	250	90.0	+	0	0	250M	4314047	195179
L	3459	250	*	*	*	*	*	4320462	*
H	3459	250	100.0	+	0	0	250M	4318352	4320462
L	3487	250	*	*	*	*	*	4326635	*
H	3487	250	99.6	+	0	0	250M	4318352	4326635
L	633	250	*	*	*	*	*	470724	*
H	633	250	98.0	+	0	0	250M	4318352	470724
H	3499	250	98.8	+	0	0	250M	4323871	4328432
H	494	250	98.4	+	0	0	250M	4323871	542475
L	1019	250	*	*	*	*	*	278680	*
H	1019	250	98.4	+	0	0	250M	4323871	278680
L	2558	250	*	*	*	*	*	808541	*
H	2558	250	93.2	+	0	0	250M	4327604	808541
L	180	250	*	*	*	*	*	791385	*
H	180	250	94.8	+	0	0	250M	4327604	791385
L	2793	250	*	*	*	*	*	699686	*
H	2793	250	93.6	+	0	0	250M	4327604	699686
L	4227	250	*	*	*	*	*	4482362	*
H	4227	250	99.6	+	0	0	250M	4347834	4482362
L	3491	250	*	*	*	*	*	4327628	*
H	3491	250	94.8	+	0	0	250M	4347834	4327628
L	3560	250	*	*	*	*	*	4343005	*
H	3560	250	94.0	+	0	0	250M	4347834	4343005
H	239	250	96.8	+	0	0	10MI11M2I59MI86MI79M5D	4351033	663545
H	3607	250	96.4	+	0	0	250M	4351033	4352076
H	1783	250	98.0	+	0	0	250M	4351033	108008
L	3564	250	*	*	*	*	*	4343627	*
H	3564	250	98.0	+	0	0	131MI118MD	4352747	4343627
L	3077	250	*	*	*	*	*	3621189	*
H	3077	250	98.4	+	0	0	250M	4352747	3621189
L	3033	250	*	*	*	*	*	3507744	*
H	3033	250	98.4	+	0	0	250M	4352747	3507744
L	2808	250	*	*	*	*	*	2903258	*
H	2808	250	93.6	+	0	0	178MI71MD	4354266	2903258
L	1889	250	*	*	*	*	*	77692	*
H	1889	250	96.8	+	0	0	250M	4355275	77692
H	261	250	93.2	+	0	0	250M	4355275	623331
H	1720	250	92.8	+	0	0	161MI88MD	4355275	134228
L	378	250	*	*	*	*	*	568991	*
H	378	250	94.0	+	0	0	250M	4355718	568991
L	2756	250	*	*	*	*	*	728860	*
H	2756	250	92.0	+	0	0	133MI116MD	4355718	728860
L	1697	250	*	*	*	*	*	139504	*
H	1697	250	94.0	+	0	0	250M	4355718	139504
L	1726	250	*	*	*	*	*	132913	*
H	1726	250	95.6	+	0	0	54MD40MD127MD26M3I	4357703	132913
L	2301	250	*	*	*	*	*	1130161	*
H	2301	250	96.8	+	0	0	54MD40MD40MI87MD26M2I	4357703	1130161
L	267	250	*	*	*	*	*	610455	*
H	267	250	94.8	+	0	0	54MD40MD127MD26M3I	4357703	610455
H	392	250	97.6	+	0	0	I161MD88M	4359936	566839
L	2842	250	*	*	*	*	*	811179	*
H	2842	250	97.6	+	0	0	I161MD88M	4359936	811179
L	1749	250	*	*	*	*	*	119659	*
H	1749	250	97.6	+	0	0	I161MD88M	4359936	119659
L	2053	250	*	*	*	*	*	14615	*
H	2053	250	97.6	+	0	0	123MI126MD	4363413	14615
L	3556	250	*	*	*	*	*	4342039	*
H	3556	250	95.6	+	0	0	250M	4363413	4342039
H	3261	250	95.6	+	0	0	250M	4363413	1135374
H	3822	250	98.4	+	0	0	250M	4365006	4394897
H	3242	250	97.6	+	0	0	250M	4365006	4053067
H	421	250	96.0	+	0	0	250M	4365006	560027
L	4088	250	*	*	*	*	*	4456787	*
H	4088	250	95.6	+	0	0	231MD18MI	4365357	4456787
L	3325	250	*	*	*	*	*	1021130	*
H	3325	250	95.6	+	0	0	250M	4365357	1021130
L	3902	250	*	*	*	*	*	4414785	*
H	3902	250	99.6	+	0	0	250M	4367385	4414785
H	76	250	97.2	+	0	0	250M	4367385	961922
H	3012	250	97.2	+	0	0	250M	4367385	685571
L	1259	250	*	*	*	*	*	210652	*
H	1259	250	94.0	+	0	0	42MD30MD176M2I	4368040	210652
L	1495	250	*	*	*	*	*	176156	*
H	1495	250	93.6	+	0	0	42MD30MD176M2I	4368040	176156
L	3400	250	*	*	*	*	*	4305451	*
H	3400	250	93.6	+	0	0	42MD30MD176M2I	4368040	4305451
L	1306	250	*	*	*	*	*	196652	*
H	1306	250	98.0	+	0	0	250M	4369927	196652
L	2478	250	*	*	*	*	*	2062820	*
H	2478	250	95.2	+	0	0	250M	4369927	2062820
L	1406	250	*	*	*	*	*	185636	*
H	1406	250	95.6	+	0	0	250M	4369927	185636
H	227	250	99.2	+	0	0	250M	4371645	692823
L	318	250	*	*	*	*	*	581189	*
H	318	250	98.4	+	0	0	250M	4371645	581189
H	1822	250	98.0	+	0	0	250M	4371645	102222
L	4192	250	*	*	*	*	*	4476050	*
H	4192	250	97.6	+	0	0	250M	4373910	4476050
H	633	250	98.4	+	0	0	250M	4373910	470724
L	3243	250	*	*	*	*	*	1106060	*
H	3243	250	98.0	+	0	0	250M	4373910	1106060
L	1970	250	*	*	*	*	*	45363	*
H	1970	250	98.8	+	0	0	250M	4379449	45363
H	90	250	92.0	+	0	0	67MI182MD	4379449	929836
L	529	250	*	*	*	*	*	533624	*
H	529	250	91.6	+	0	0	250M	4379449	533624
H	3985	250	100.0	+	0	0	250M	4380413	4432439
H	2893	250	96.8	+	0	0	250M	4380413	1136763
L	1574	250	*	*	*	*	*	163227	*
H	1574	250	96.8	+	0	0	250M	4380413	163227
H	2136	250	98.8	+	0	0	250M	4383599	9252
H	511	250	98.0	+	0	0	250M	4383599	538602
L	2137	250	*	*	*	*	*	9191	*
H	2137	250	98.0	+	0	0	250M	4383599	9191
L	3338	250	*	*	*	*	*	4270835	*
H	3338	250	99.6	+	0	0	250M	4393352	4270835
L	3045	250	*	*	*	*	*	1115975	*
H	3045	250	98.0	+	0	0	250M	4393352	1115975
L	1918	250	*	*	*	*	*	70057	*
H	1918	250	97.2	+	0	0	250M	4393352	70057
L	3926	250	*	*	*	*	*	4419624	*
H	3926	250	98.4	+	0	0	250M	4394104	4419624
L	3317	250	*	*	*	*	*	1141542	*
H	3317	250	98.4	+	0	0	250M	4394104	1141542
H	3539	250	98.4	+	0	0	250M	4394104	4337455
H	2505	250	100.0	+	0	0	250M	4403542	2119418
H	1261	250	100.0	+	0	0	250M	4403542	210269
H	1257	250	100.0	+	0	0	250M	4403542	211593
L	1754	250	*	*	*	*	*	114821	*
H	1754	250	98.4	+	0	0	250M	4403854	114821
L	592	250	*	*	*	*	*	518743	*
H	592	250	98.4	+	0	0	250M	4403854	518743
L	3807	250	*	*	*	*	*	4391625	*
H	3807	250	97.6	+	0	0	91MI158MD	4403854	4391625
H	4044	250	98.4	+	0	0	250M	4419561	4447124
H	3242	250	97.6	+	0	0	250M	4419561	4053067
H	421	250	97.6	+	0	0	250M	4419561	560027
L	2082	250	*	*	*	*	*	13485	*
H	2082	250	97.6	+	0	0	250M	4425024	13485
H	2742	250	95.6	+	0	0	250M	4425024	650615
H	3157	250	95.6	+	0	0	133MD116MI	4425024	912997
H	3152	250	96.4	+	0	0	250M	4427434	3792581
L	3074	250	*	*	*	*	*	3606810	*
H	3074	250	96.4	+	0	0	250M	4427434	3606810
L	3133	250	*	*	*	*	*	3746871	*
H	3133	250	96.0	+	0	0	250M	4427434	3746871
H	1199	250	97.6	+	0	0	41MI86MI29MI91M3D	4429261	238208
L	637	250	*	*	*	*	*	457044	*
H	637	250	97.6	+	0	0	41MI86MI29MI91M3D	4429261	457044
H	276	250	97.6	+	0	0	41MI86MI29MI91M3D	4429261	593219
L	534	250	*	*	*	*	*	532994	*
H	534	250	100.0	+	0	0	250M	4430475	532994
L	2595	250	*	*	*	*	*	1108701	*
H	2595	250	99.6	+	0	0	250M	4430475	1108701
L	1694	250	*	*	*	*	*	140774	*
H	1694	250	99.6	+	0	0	250M	4430475	140774
L	3450	250	*	*	*	*	*	4318406	*
H	3450	250	96.4	+	0	0	250M	4431461	4318406
L	3764	250	*	*	*	*	*	4384063	*
H	3764	250	92.8	+	0	0	250M	4431461	4384063
L	3638	250	*	*	*	*	*	4360168	*
H	3638	250	94.0	+	0	0	250M	4431461	4360168
H	4182	250	94.4	+	0	0	27MD49MD172M2I	4431828	4473883
H	3417	250	94.8	+	0	0	27MD49MD172M2I	4431828	4307897
L	1916	250	*	*	*	*	*	70091	*
H	1916	250	94.0	+	0	0	27MD53MD168M2I	4431828	70091
L	420	250	*	*	*	*	*	560064	*
H	420	250	100.0	+	0	0	250M	4431959	560064
L	3485	250	*	*	*	*	*	4326573	*
H	3485	250	94.0	+	0	0	250M	4431959	4326573
H	3944	250	94.0	+	0	0	250M	4431959	4423978
L	4003	250	*	*	*	*	*	4435425	*
H	4003	250	98.0	+	0	0	250M	4435422	4435425
L	4002	250	*	*	*	*	*	4435424	*
H	4002	250	95.6	+	0	0	250M	4435422	4435424
H	2042	250	91.6	+	0	0	250M	4438844	15785
H	260	250	91.2	+	0	0	250M	4438844	625629
H	1888	250	90.0	+	0	0	250M	4438844	78432
H	2372	250	95.2	+	0	0	250M	4454507	1129461
L	1027	250	*	*	*	*	*	276183	*
H	1027	250	93.2	+	0	0	96MI153MD	4454507	276183
H	311	250	95.6	+	0	0	250M	4454507	584241
L	4033	250	*	*	*	*	*	4443004	*
H	4033	250	98.0	+	0	0	250M	4454715	4443004
L	3255	250	*	*	*	*	*	1139732	*
H	3255	250	95.6	+	0	0	250M	4454715	1139732
L	3335	250	*	*	*	*	*	4263820	*
H	3335	250	92.8	+	0	0	250M	4454715	4263820
N	*	250	*	*	*	*	*	4454839	*
L	3538	250	*	*	*	*	*	4337248	*
H	3538	250	95.6	+	0	0	250M	4455298	4337248
L	3893	250	*	*	*	*	*	4413665	*
H	3893	250	92.8	+	0	0	250M	4455298	4413665
L	254	250	*	*	*	*	*	641748	*
H	254	250	91.2	+	0	0	250M	4455298	641748
H	3836	250	90.8	+	0	0	250M	4457195	4397087
L	3026	250	*	*	*	*	*	1123794	*
H	3026	250	92.4	+	0	0	150MD99MI	4457195	1123794
H	1846	250	90.0	+	0	0	250M	4457195	99322
N	*	250	*	*	*	*	*	4459671	*
H	2322	250	96.4	+	0	0	250M	4465093	1143460
L	2472	250	*	*	*	*	*	1133602	*
H	2472	250	96.0	+	0	0	250M	4465093	1133602
L	4001	250	*	*	*	*	*	4435279	*
H	4001	250	96.0	+	0	0	250M	4465093	4435279
H	1090	250	98.8	+	0	0	25M2I9MI213M3D	4467430	262377
L	2966	250	*	*	*	*	*	3350673	*
H	2966	250	98.4	+	0	0	25M2I9MI213M3D	4467430	3350673
H	964	250	98.4	+	0	0	25M2I9MI213M3D	4467430	294682
H	3367	250	97.6	+	0	0	250M	4468024	4297918
H	1835	250	97.6	+	0	0	250M	4468024	100650
L	1544	250	*	*	*	*	*	169538	*
H	1544	250	97.6	+	0	0	250M	4468024	169538
H	3132	250	100.0	+	0	0	250M	4469214	727220
L	3534	250	*	*	*	*	*	4336314	*
H	3534	250	99.6	+	0	0	197MI52MD	4469214	4336314
H	1172	250	99.2	+	0	0	250M	4469214	243599
L	2506	250	*	*	*	*	*	1134197	*
H	2506	250	97.2	+	0	0	30MI127MI91M2D	4473250	1134197
L	1071	250	*	*	*	*	*	265604	*
H	1071	250	94.8	+	0	0	27MI129MI92M2D	4473250	265604
H	3132	250	92.8	+	0	0	27MI130MI91M2D	4473250	727220
H	2571	250	96.0	+	0	0	250M	4475684	2291414
H	2133	250	96.8	+	0	0	250M	4475684	9504
H	3964	250	96.8	+	0	0	250M	4475684	4428177
L	2819	250	*	*	*	*	*	2938850	*
H	2819	250	94.0	+	0	0	250M	4477989	2938850
L	3237	250	*	*	*	*	*	4028751	*
H	3237	250	92.0	+	0	0	250M	4477989	4028751
L	3791	250	*	*	*	*	*	4388908	*
H	3791	250	90.8	+	0	0	250M	4477989	4388908
L	3240	250	*	*	*	*	*	4042859	*
H	3240	250	93.2	+	0	0	123MI126MD	4478591	4042859
L	2135	250	*	*	*	*	*	9402	*
H	2135	250	98.0	+	0	0	250M	4480392	9402
L	2797	250	*	*	*	*	*	1136256	*
H	2797	250	98.0	+	0	0	250M	4480392	1136256
L	1031	250	*	*	*	*	*	274900	*
H	1031	250	97.6	+	0	0	250M	4480392	274900
L	4345	250	*	*	*	*	*	4176865	*
H	4345	250	92.0	+	0	0	250M	1107197	4176865
L	4240	250	*	*	*	*	*	1106734	*
H	4240	250	90.0	+	0	0	250M	1107197	1106734
L	4250	250	*	*	*	*	*	714724	*
H	4250	250	90.4	+	0	0	250M	1107197	714724
H	4250	250	90.0	+	0	0	250M	629776	714724
L	4252	250	*	*	*	*	*	679966	*
H	4252	250	90.4	+	0	0	250M	629776	679966
N	*	250	*	*	*	*	*	553284	*
L	4306	250	*	*	*	*	*	981	*
H	4306	250	90.8	+	0	0	250M	240469	981
L	4314	250	*	*	*	*	*	177	*
H	4314	250	96.0	+	0	0	250M	101553	177
L	4283	250	*	*	*	*	*	139743	*
H	4283	250	96.4	+	0	0	250M	101553	139743
L	4249	250	*	*	*	*	*	753223	*
H	4249	250	95.6	+	0	0	250M	101553	753223
L	4357	250	*	*	*	*	*	4362616	*
H	4357	250	94.8	+	0	0	9MI240MD	47778	4362616
L	4328	250	*	*	*	*	*	1126596	*
H	4328	250	94.4	+	0	0	9MI240MD	47778	1126596
L	4293	250	*	*	*	*	*	101928	*
H	4293	250	93.2	+	0	0	9MI240MD	47778	101928
H	4345	250	93.6	+	0	0	10I240M10D	18525	4176865
L	4337	250	*	*	*	*	*	643724	*
H	4337	250	93.2	+	0	0	10I240M10D	18525	643724
L	4347	250	*	*	*	*	*	4308349	*
H	4347	250	91.2	+	0	0	10I240M10D	18525	4308349
L	4271	250	*	*	*	*	*	241978	*
H	4271	250	92.4	+	0	0	250M	953	241978
L	4319	250	*	*	*	*	*	1132808	*
H	4319	250	92.0	+	0	0	250M	953	1132808
L	4352	250	*	*	*	*	*	4344999	*
H	4352	250	92.8	+	0	0	6I158MI85M7D	804	4344999
L	4324	250	*	*	*	*	*	1135040	*
H	4324	250	93.2	+	0	0	6I157MI86M7D	804	1135040
L	4309	250	*	*	*	*	*	790	*
H	4309	250	92.4	+	0	0	6I157MI86M7D	804	790
L	4251	250	*	*	*	*	*	686537	*
H	4251	250	92.4	+	0	0	3I16MI13M2I215M6D	668	686537
L	4298	250	*	*	*	*	*	43283	*
H	4298	250	92.4	+	0	0	3I16MI13M2I215M6D	668	43283
H	4240	250	90.4	+	0	0	250M	779391	1106734
H	4252	250	90.0	+	0	0	250M	779391	679966
L	4321	250	*	*	*	*	*	692586	*
H	4321	250	90.4	+	0	0	250M	779391	692586
L	4317	250	*	*	*	*	*	1128360	*
H	4317	250	95.6	+	0	0	250M	1137360	1128360
L	4312	250	*	*	*	*	*	329	*
H	4312	250	94.0	+	0	0	250M	1137360	329
H	4250	250	94.0	+	0	0	250M	737195	714724
H	4337	250	95.6	+	0	0	250M	737195	643724
L	4261	250	*	*	*	*	*	548723	*
H	4261	250	93.6	+	0	0	250M	737195	548723
L	4296	250	*	*	*	*	*	47968	*
H	4296	250	91.6	+	0	0	250M	812297	47968
L	4362	250	*	*	*	*	*	4416518	*
H	4362	250	90.4	+	0	0	250M	812297	4416518
L	4316	250	*	*	*	*	*	633056	*
H	4316	250	95.2	+	0	0	250M	3862609	633056
L	4297	250	*	*	*	*	*	47411	*
H	4297	250	91.2	+	0	0	250M	3862609	47411
L	4333	250	*	*	*	*	*	3022550	*
H	4333	250	92.4	+	0	0	250M	3862609	3022550
L	4263	250	*	*	*	*	*	542454	*
H	4263	250	94.4	+	0	0	250M	4315401	542454
L	4245	250	*	*	*	*	*	798060	*
H	4245	250	99.6	+	0	0	250M	4338133	798060
H	4296	250	94.8	+	0	0	250M	4370431	47968
H	4321	250	93.6	+	0	0	250M	4370431	692586
L	4366	250	*	*	*	*	*	4451185	*
H	4366	250	91.6	+	0	0	250M	4370431	4451185
H	4345	250	95.2	+	0	0	250M	4429983	4176865
L	4284	250	*	*	*	*	*	131526	*
H	4284	250	96.4	+	0	0	250M	4429983	131526
H	4261	250	96.0	+	0	0	250M	4429983	548723
H	4316	250	95.6	+	0	0	250M	4437047	633056
H	4333	250	94.4	+	0	0	250M	4437047	3022550
L	4331	250	*	*	*	*	*	813104	*
H	4331	250	94.0	+	0	0	250M	4437047	813104
H	4250	250	95.6	+	0	0	250M	4463497	714724
H	4240	250	94.4	+	0	0	250M	4463497	1106734
H	4345	250	96.0	+	0	0	250M	4463497	4176865
D	26	2	*	*	*	*	92.0	1076587	*
D	35	2	*	*	*	*	98.8	1057402	*
D	90	2	*	*	*	*	90.8	929836	*
D	94	2	*	*	*	*	99.6	920852	*
D	129	2	*	*	*	*	94.0	845765	*
D	166	3	*	*	*	*	96.6	811272	*
D	180	2	*	*	*	*	94.8	791385	*
D	190	2	*	*	*	*	99.6	768898	*
D	227	3	*	*	*	*	99.2	692823	*
D	237	2	*	*	*	*	96.4	667570	*
D	259	2	*	*	*	*	94.0	626519	*
D	276	2	*	*	*	*	97.6	593219	*
D	303	2	*	*	*	*	95.6	586521	*
D	311	2	*	*	*	*	95.6	584241	*
D	368	3	*	*	*	*	98.6	570500	*
D	385	2	*	*	*	*	99.6	567725	*
D	392	2	*	*	*	*	98.8	566839	*
D	394	2	*	*	*	*	96.8	566475	*
D	396	4	*	*	*	*	93.7	566189	*
D	406	2	*	*	*	*	96.4	563741	*
D	407	2	*	*	*	*	95.6	563240	*
D	420	2	*	*	*	*	100.0	560064	*
D	430	2	*	*	*	*	93.2	558567	*
D	432	2	*	*	*	*	95.2	557875	*
D	461	2	*	*	*	*	97.6	553111	*
D	476	2	*	*	*	*	93.6	549232	*
D	484	3	*	*	*	*	100.0	546546	*
D	492	2	*	*	*	*	96.4	543364	*
D	494	2	*	*	*	*	93.6	542475	*
D	498	2	*	*	*	*	93.6	540623	*
D	503	2	*	*	*	*	92.0	539581	*
D	520	2	*	*	*	*	97.2	535932	*
D	531	2	*	*	*	*	98.0	533511	*
D	534	2	*	*	*	*	100.0	532994	*
D	592	2	*	*	*	*	98.4	518743	*
D	633	2	*	*	*	*	98.4	470724	*
D	635	2	*	*	*	*	92.8	469663	*
D	649	2	*	*	*	*	93.2	430191	*
D	666	3	*	*	*	*	94.4	391286	*
D	671	2	*	*	*	*	94.8	386088	*
D	683	2	*	*	*	*	99.2	370225	*
D	731	2	*	*	*	*	94.4	360440	*
D	754	3	*	*	*	*	98.0	354839	*
D	796	2	*	*	*	*	98.8	344525	*
D	925	2	*	*	*	*	98.0	305278	*
D	964	2	*	*	*	*	98.8	294682	*
D	975	2	*	*	*	*	100.0	292404	*
D	983	2	*	*	*	*	94.4	291811	*
D	1012	2	*	*	*	*	98.4	284672	*
D	1030	2	*	*	*	*	96.0	275257	*
D	1035	2	*	*	*	*	96.0	273647	*
D	1043	2	*	*	*	*	94.8	272031	*
D	1060	2	*	*	*	*	97.2	268361	*
D	1077	2	*	*	*	*	95.6	264269	*
D	1082	2	*	*	*	*	92.8	263575	*
D	1090	3	*	*	*	*	99.0	262377	*
D	1128	2	*	*	*	*	98.4	253214	*
D	1141	2	*	*	*	*	98.4	250063	*
D	1158	2	*	*	*	*	96.0	247332	*
D	1199	2	*	*	*	*	98.8	238208	*
D	1200	2	*	*	*	*	94.0	238205	*
D	1211	2	*	*	*	*	94.8	235720	*
D	1221	2	*	*	*	*	95.2	229434	*
D	1244	3	*	*	*	*	99.0	218254	*
D	1248	3	*	*	*	*	97.8	217386	*
D	1257	3	*	*	*	*	100.0	211593	*
D	1259	2	*	*	*	*	94.0	210652	*
D	1261	3	*	*	*	*	97.2	210269	*
D	1264	2	*	*	*	*	91.2	209237	*
D	1278	2	*	*	*	*	97.2	202684	*
D	1283	2	*	*	*	*	96.4	199880	*
D	1288	2	*	*	*	*	99.2	199229	*
D	1306	2	*	*	*	*	98.0	196652	*
D	1318	2	*	*	*	*	91.6	195179	*
D	1334	2	*	*	*	*	94.0	193970	*
D	1346	2	*	*	*	*	92.0	192326	*
D	1363	2	*	*	*	*	97.6	190032	*
D	1368	2	*	*	*	*	92.4	189772	*
D	1500	2	*	*	*	*	91.6	175932	*
D	1544	2	*	*	*	*	97.6	169538	*
D	1640	2	*	*	*	*	94.8	151117	*
D	1657	2	*	*	*	*	93.6	146917	*
D	1697	2	*	*	*	*	94.0	139504	*
D	1730	2	*	*	*	*	98.8	132602	*
D	1731	2	*	*	*	*	97.6	131902	*
D	1740	2	*	*	*	*	98.0	130002	*
D	1749	2	*	*	*	*	97.6	119659	*
D	1755	2	*	*	*	*	98.8	114573	*
D	1759	2	*	*	*	*	97.2	113733	*
D	1781	2	*	*	*	*	90.8	108433	*
D	1783	3	*	*	*	*	97.4	108008	*
D	1785	2	*	*	*	*	91.6	107665	*
D	1805	2	*	*	*	*	96.8	105508	*
D	1819	2	*	*	*	*	97.6	102915	*
D	1826	2	*	*	*	*	97.6	102001	*
D	1828	3	*	*	*	*	92.4	101860	*
D	1835	2	*	*	*	*	100.0	100650	*
D	1836	2	*	*	*	*	96.8	100578	*
D	1839	2	*	*	*	*	99.2	100027	*
D	1846	2	*	*	*	*	92.8	99322	*
D	1852	2	*	*	*	*	99.2	94941	*
D	1858	2	*	*	*	*	96.8	92231	*
D	1889	2	*	*	*	*	96.8	77692	*
D	1896	2	*	*	*	*	94.4	74685	*
D	1962	2	*	*	*	*	97.6	48874	*
D	1963	2	*	*	*	*	97.2	48640	*
D	1964	2	*	*	*	*	93.6	47556	*
D	1970	2	*	*	*	*	98.8	45363	*
D	2000	2	*	*	*	*	98.4	27188	*
D	2003	2	*	*	*	*	96.8	26799	*
D	2024	2	*	*	*	*	96.0	17513	*
D	2029	2	*	*	*	*	96.4	16144	*
D	2041	2	*	*	*	*	99.6	15850	*
D	2042	3	*	*	*	*	95.0	15785	*
D	2053	2	*	*	*	*	97.6	14615	*
D	2059	3	*	*	*	*	96.6	14500	*
D	2063	2	*	*	*	*	96.4	14304	*
D	2074	2	*	*	*	*	94.0	13813	*
D	2082	2	*	*	*	*	97.6	13485	*
D	2083	2	*	*	*	*	96.8	13047	*
D	2089	2	*	*	*	*	98.0	12702	*
D	2113	2	*	*	*	*	95.6	10829	*
D	2133	2	*	*	*	*	95.2	9504	*
D	2136	3	*	*	*	*	96.0	9252	*
D	2152	2	*	*	*	*	96.8	8105	*
D	2153	2	*	*	*	*	94.4	8104	*
D	2154	2	*	*	*	*	93.2	8035	*
D	2155	2	*	*	*	*	95.2	8002	*
D	2158	2	*	*	*	*	94.4	7983	*
D	2177	2	*	*	*	*	100.0	7316	*
D	2181	2	*	*	*	*	97.2	6648	*
D	2182	2	*	*	*	*	95.6	6602	*
D	2197	2	*	*	*	*	97.2	5066	*
D	2222	2	*	*	*	*	92.8	3308	*
D	2295	2	*	*	*	*	98.8	1139097	*
D	2300	2	*	*	*	*	96.0	1137409	*
D	2301	2	*	*	*	*	96.8	1130161	*
D	2308	2	*	*	*	*	91.6	1684221	*
D	2312	2	*	*	*	*	99.2	1115140	*
D	2319	3	*	*	*	*	90.2	1720567	*
D	2322	2	*	*	*	*	96.4	1143460	*
D	2330	2	*	*	*	*	94.0	1742076	*
D	2338	3	*	*	*	*	98.0	648692	*
D	2347	2	*	*	*	*	97.6	1134626	*
D	2351	2	*	*	*	*	96.8	1122363	*
D	2361	2	*	*	*	*	90.4	1801170	*
D	2406	3	*	*	*	*	97.2	1138883	*
D	2435	3	*	*	*	*	97.8	952003	*
D	2487	2	*	*	*	*	97.2	919490	*
D	2495	2	*	*	*	*	98.4	838434	*
D	2502	2	*	*	*	*	100.0	1143228	*
D	2506	2	*	*	*	*	97.2	1134197	*
D	2519	2	*	*	*	*	96.0	1135553	*
D	2534	2	*	*	*	*	96.0	1121753	*
D	2536	2	*	*	*	*	97.2	1143678	*
D	2571	2	*	*	*	*	98.8	2291414	*
D	2585	2	*	*	*	*	96.4	1143602	*
D	2602	2	*	*	*	*	98.8	648540	*
D	2624	2	*	*	*	*	98.4	2421587	*
D	2649	3	*	*	*	*	97.8	1144726	*
D	2662	2	*	*	*	*	94.8	743801	*
D	2664	3	*	*	*	*	99.2	646051	*
D	2667	2	*	*	*	*	99.2	816529	*
D	2675	2	*	*	*	*	95.6	1133255	*
D	2687	2	*	*	*	*	99.6	2551318	*
D	2700	2	*	*	*	*	96.0	1131423	*
D	2742	3	*	*	*	*	96.6	650615	*
D	2762	2	*	*	*	*	98.4	1130616	*
D	2791	2	*	*	*	*	97.6	1122081	*
D	2794	2	*	*	*	*	99.2	1139117	*
D	2797	2	*	*	*	*	98.0	1136256	*
D	2798	2	*	*	*	*	92.0	326714	*
D	2808	2	*	*	*	*	93.6	2903258	*
D	2819	2	*	*	*	*	94.0	2938850	*
D	2824	2	*	*	*	*	96.8	1123147	*
D	2852	2	*	*	*	*	99.2	1132232	*
D	2893	2	*	*	*	*	98.0	1136763	*
D	2897	2	*	*	*	*	98.0	1131768	*
D	2908	2	*	*	*	*	98.8	3200278	*
D	2922	2	*	*	*	*	93.6	3225199	*
D	2945	2	*	*	*	*	94.8	727134	*
D	2951	2	*	*	*	*	100.0	3312521	*
D	2958	2	*	*	*	*	98.0	1131597	*
D	2962	2	*	*	*	*	95.6	634117	*
D	2975	3	*	*	*	*	94.4	3363021	*
D	2980	2	*	*	*	*	98.4	1135946	*
D	3002	2	*	*	*	*	94.4	1108530	*
D	3009	2	*	*	*	*	96.4	1135372	*
D	3026	2	*	*	*	*	92.4	1123794	*
D	3033	2	*	*	*	*	98.4	3507744	*
D	3071	2	*	*	*	*	96.4	1129599	*
D	3074	2	*	*	*	*	96.4	3606810	*
D	3082	3	*	*	*	*	95.6	705241	*
D	3118	3	*	*	*	*	96.4	759349	*
D	3129	2	*	*	*	*	93.2	698296	*
D	3132	2	*	*	*	*	100.0	727220	*
D	3146	2	*	*	*	*	100.0	3773438	*
D	3152	2	*	*	*	*	92.4	3792581	*
D	3162	2	*	*	*	*	99.2	1124784	*
D	3230	2	*	*	*	*	92.0	1136972	*
D	3235	2	*	*	*	*	98.0	776873	*
D	3239	3	*	*	*	*	97.0	4041571	*
D	3240	2	*	*	*	*	93.2	4042859	*
D	3244	2	*	*	*	*	97.6	1133391	*
D	3275	3	*	*	*	*	96.4	1121107	*
D	3287	3	*	*	*	*	99.4	4154525	*
D	3298	2	*	*	*	*	93.6	4183921	*
D	3322	2	*	*	*	*	99.2	4245392	*
D	3325	2	*	*	*	*	95.6	1021130	*
D	3338	2	*	*	*	*	99.6	4270835	*
D	3342	2	*	*	*	*	95.2	4282872	*
D	3384	2	*	*	*	*	96.8	4302223	*
D	3401	2	*	*	*	*	98.8	4305519	*
D	3417	2	*	*	*	*	94.8	4307897	*
D	3430	2	*	*	*	*	95.2	4311005	*
D	3450	2	*	*	*	*	96.4	4318406	*
D	3459	2	*	*	*	*	100.0	4320462	*
D	3499	2	*	*	*	*	98.8	4328432	*
D	3515	2	*	*	*	*	98.4	4331976	*
D	3523	2	*	*	*	*	99.2	4333705	*
D	3528	2	*	*	*	*	98.8	4334748	*
D	3538	2	*	*	*	*	95.6	4337248	*
D	3539	3	*	*	*	*	97.6	4337455	*
D	3543	2	*	*	*	*	97.6	4339173	*
D	3547	2	*	*	*	*	94.4	4339348	*
D	3548	2	*	*	*	*	97.6	4339627	*
D	3549	2	*	*	*	*	97.2	4339777	*
D	3555	2	*	*	*	*	93.2	4341712	*
D	3568	2	*	*	*	*	99.6	4344960	*
D	3583	2	*	*	*	*	100.0	4348253	*
D	3649	2	*	*	*	*	98.0	4361518	*
D	3654	2	*	*	*	*	98.0	4362470	*
D	3662	2	*	*	*	*	97.2	4364813	*
D	3663	2	*	*	*	*	100.0	4364892	*
D	3692	2	*	*	*	*	93.2	4369819	*
D	3714	2	*	*	*	*	92.0	4372695	*
D	3735	2	*	*	*	*	97.2	4378213	*
D	3737	2	*	*	*	*	96.4	4378410	*
D	3760	2	*	*	*	*	96.8	4383165	*
D	3790	2	*	*	*	*	94.0	4388707	*
D	3795	2	*	*	*	*	99.6	4389142	*
D	3822	3	*	*	*	*	98.4	4394897	*
D	3836	2	*	*	*	*	92.0	4397087	*
D	3856	2	*	*	*	*	98.4	4404095	*
D	3857	2	*	*	*	*	98.4	4404220	*
D	3887	2	*	*	*	*	98.8	4411366	*
D	3897	2	*	*	*	*	91.2	4414306	*
D	3902	2	*	*	*	*	99.6	4414785	*
D	3910	2	*	*	*	*	97.6	4416658	*
D	3920	2	*	*	*	*	97.2	4418394	*
D	3933	3	*	*	*	*	99.8	4422114	*
D	3944	3	*	*	*	*	97.2	4423978	*
D	3950	2	*	*	*	*	99.6	4426296	*
D	3964	2	*	*	*	*	96.8	4428177	*
D	3965	2	*	*	*	*	96.8	4428224	*
D	3980	3	*	*	*	*	93.4	4431592	*
D	3981	2	*	*	*	*	96.0	4431608	*
D	3985	2	*	*	*	*	100.0	4432439	*
D	3989	2	*	*	*	*	99.6	4433053	*
D	3995	2	*	*	*	*	97.6	4434051	*
D	4003	2	*	*	*	*	98.0	4435425	*
D	4005	2	*	*	*	*	97.6	4435982	*
D	4033	2	*	*	*	*	98.0	4443004	*
D	4035	2	*	*	*	*	98.8	4443632	*
D	4044	4	*	*	*	*	96.8	4447124	*
D	4097	2	*	*	*	*	94.4	4458015	*
D	4115	3	*	*	*	*	97.6	4461879	*
D	4158	2	*	*	*	*	92.8	4469781	*
D	4182	3	*	*	*	*	96.8	4473883	*
D	4184	3	*	*	*	*	94.8	4474582	*
D	4227	2	*	*	*	*	99.6	4482362	*
D	4239	2	*	*	*	*	99.2	4484389	*
D	4245	2	*	*	*	*	99.6	798060	*
D	4252	2	*	*	*	*	90.4	679966	*
D	4263	2	*	*	*	*	94.4	542454	*
D	4271	2	*	*	*	*	92.4	241978	*
D	4283	2	*	*	*	*	96.4	139743	*
D	4284	2	*	*	*	*	96.4	131526	*
D	4296	3	*	*	*	*	93.2	47968	*
D	4298	2	*	*	*	*	92.4	43283	*
D	4306	2	*	*	*	*	90.8	981	*
D	4316	3	*	*	*	*	95.4	633056	*
D	4317	2	*	*	*	*	95.6	1128360	*
D	4321	2	*	*	*	*	90.4	692586	*
D	4324	2	*	*	*	*	93.2	1135040	*
D	4337	2	*	*	*	*	95.6	643724	*
D	4345	4	*	*	*	*	93.9	4176865	*
D	4357	2	*	*	*	*	94.8	4362616	*
