RtaxTaxonAssigner parameters:
Application:RTAX classifier
Citation:Soergel D.A.W., Dey N., Knight R., and Brenner S.E.  2012.  Selection of primers for optimal taxonomic classification of environmental 16S rRNA gene sequences.  ISME J (6), 1440-1444
amplicon_id_regex:(\S+)\s(\S+?)\/
header_id_regex:\S+\s(\S+?)\/
id_to_taxonomy_filepath:/home/nbokulic/gg_13_5/gg_13_5_otus/taxonomy/97_otu_taxonomy.txt
id_to_taxonomy_fp:/home/nbokulic/gg_13_5/gg_13_5_otus/taxonomy/97_otu_taxonomy.txt
no_single_ok_generic:False
read_1_seqs_fp:/home/nbokulic/turnbaugh/turnbaugh2/sl/r3n0p75/seqs.fna
read_2_seqs_fp:None
read_id_regex:\S+\s+(\S+)
reference_sequences_fp:/home/nbokulic/gg_13_5/gg_13_5_otus/rep_set/97_otus.fasta
single_ok:False
RTAX: Rapid and accurate taxonomic classification of short paired-end
      sequence reads from the 16S ribosomal RNA gene.

David A. W. Soergel (1), Rob Knight (2), and Steven E. Brenner (1)

1 Department of Plant and Microbial Biology,
  University of California, Berkeley 
2 Howard Hughes Medical Institute and Department of Chemistry 
  and Biochemistry, University of Colorado at Boulder
* Corresponding author (current address): soergel@cs.umass.edu

Version 0.983  (August 21, 2012)

http://dev.davidsoergel.com/rtax

Please cite:
Soergel D.A.W., Dey N., Knight R., and Brenner S.E.  2012.
Selection of primers for optimal taxonomic classification of
environmental 16S rRNA gene sequences.  ISME J (6), 1440–1444

using usearch: /share/apps/qiime-1.6.0/bin/usearch

Header Regex: \S+\s(\S+?)\/
Index file /home/nbokulic/turnbaugh/turnbaugh2/sl/r3n0p75/seqs.fna.pos already exists; assuming valid
file a only = 2186 sequences
file b only = 0 sequences
both        = 0 sequences
doSingleSearch 2: 2186 query sequences remaining
     searching with %id 0.01 and maxAccepts 1000
/share/apps/qiime-1.6.0/bin/usearch --quiet --global --iddef 2 --query 2 --db /home/nbokulic/gg_13_5/gg_13_5_otus/rep_set/97_otus.fasta --uc /tmp/79442.1.all.q/s8s8JSr1Od/a --id 0.99 --maxaccepts 1000 --maxrejects 128 --nowordcountreject
doSingleSearch 2: Finished at pair threshold 0.01 and maxAccepts 1000
         NOHITS: 1767
    TOOMANYHITS: 0
Finished round at threshold 0.01; 1767 NOHIT, 0 TOOMANYHIT.
doSingleSearch 4: 1767 query sequences remaining
     searching with %id 0.02 and maxAccepts 1000
/share/apps/qiime-1.6.0/bin/usearch --quiet --global --iddef 2 --query 4 --db /home/nbokulic/gg_13_5/gg_13_5_otus/rep_set/97_otus.fasta --uc /tmp/79442.1.all.q/0eJhBgmQLk/a --id 0.98 --maxaccepts 1000 --maxrejects 128 --nowordcountreject
doSingleSearch 4: Finished at pair threshold 0.02 and maxAccepts 1000
         NOHITS: 1619
    TOOMANYHITS: 0
Finished round at threshold 0.02; 1619 NOHIT, 0 TOOMANYHIT.
doSingleSearch 5: 1619 query sequences remaining
     searching with %id 0.04 and maxAccepts 1000
/share/apps/qiime-1.6.0/bin/usearch --quiet --global --iddef 2 --query 5 --db /home/nbokulic/gg_13_5/gg_13_5_otus/rep_set/97_otus.fasta --uc /tmp/79442.1.all.q/WhJD4ycP3J/a --id 0.96 --maxaccepts 1000 --maxrejects 128 --nowordcountreject
doSingleSearch 5: Finished at pair threshold 0.04 and maxAccepts 1000
         NOHITS: 885
    TOOMANYHITS: 0
Finished round at threshold 0.04; 885 NOHIT, 0 TOOMANYHIT.
doSingleSearch 6: 885 query sequences remaining
     searching with %id 0.08 and maxAccepts 1000
/share/apps/qiime-1.6.0/bin/usearch --quiet --global --iddef 2 --query 6 --db /home/nbokulic/gg_13_5/gg_13_5_otus/rep_set/97_otus.fasta --uc /tmp/79442.1.all.q/2HBrOxTT5t/a --id 0.92 --maxaccepts 1000 --maxrejects 128 --nowordcountreject
doSingleSearch 6: Finished at pair threshold 0.08 and maxAccepts 1000
         NOHITS: 115
    TOOMANYHITS: 0
Finished round at threshold 0.08; 115 NOHIT, 0 TOOMANYHIT.
doSingleSearch 7: 115 query sequences remaining
     searching with %id 0.16 and maxAccepts 1000
/share/apps/qiime-1.6.0/bin/usearch --quiet --global --iddef 2 --query 7 --db /home/nbokulic/gg_13_5/gg_13_5_otus/rep_set/97_otus.fasta --uc /tmp/79442.1.all.q/9_qofPmsOG/a --id 0.84 --maxaccepts 1000 --maxrejects 128 --nowordcountreject
Escalating maxAccepts to 2000 for 5 sequences.
/share/apps/qiime-1.6.0/bin/usearch --quiet --global --iddef 2 --query 8 --db /home/nbokulic/gg_13_5/gg_13_5_otus/rep_set/97_otus.fasta --uc /tmp/79442.1.all.q/MoE13Env3i/a --id 0.84 --maxaccepts 2000 --maxrejects 128 --nowordcountreject
Escalating maxAccepts to 4000 for 1 sequences.
/share/apps/qiime-1.6.0/bin/usearch --quiet --global --iddef 2 --query 9 --db /home/nbokulic/gg_13_5/gg_13_5_otus/rep_set/97_otus.fasta --uc /tmp/79442.1.all.q/QsHZyPBt87/a --id 0.84 --maxaccepts 4000 --maxrejects 128 --nowordcountreject
doSingleSearch 9: Finished at pair threshold 0.16 and maxAccepts 4000
         NOHITS: 0
    TOOMANYHITS: 0
doSingleSearch 9: Finished at pair threshold 0.16 and maxAccepts 2000
         NOHITS: 0
    TOOMANYHITS: 0
doSingleSearch 8: Finished at pair threshold 0.16 and maxAccepts 1000
         NOHITS: 1
    TOOMANYHITS: 0
Finished round at threshold 0.16; 1 NOHIT, 0 TOOMANYHIT.
1 query sequences remaining with NOHIT
0 query sequences remaining with TOOMANYHITS
loading taxonomy...
...done loading 99322 taxonomy lines
2186 items
0 (0.0%) had no primer match
1 (0.0%) had no hits
0 (0.0%) had too many hits
0 (0.0%) had hits but no classification
2185 (100.0%) were classified

