UclustConsensusTaxonAssigner parameters:
id_to_taxonomy_filepath:/home/nbokulic/ref_seq_dbs/its_12_11_otus/taxonomy/97_otu_taxonomy.txt
id_to_taxonomy_fp:/home/nbokulic/ref_seq_dbs/its_12_11_otus/taxonomy/97_otu_taxonomy.txt
max_accepts:3
min_consensus_fraction:0.51
reference_sequences_fp:/home/nbokulic/ref_seq_dbs/its_12_11_otus/rep_set/97_otus.fasta
similarity:0.97
unassignable_label:Unassigned
Result path: "/scratch/assign-taxZND7gXh3IlWGNuDHmRZY.txt"

.uc file contents:

# uclust --input /home/nbokulic/bewolf/psrotot/RDBW/rep_set.fna --id 0.97 --rev --maxaccepts 3 --allhits --libonly --lib /home/nbokulic/ref_seq_dbs/its_12_11_otus/rep_set/97_otus.fasta --uc /scratch/UclustConsensusTaxonAssigner_bYNhmc.uc
# version=1.2.22
# Tab-separated fields:
# 1=Type, 2=ClusterNr, 3=SeqLength or ClusterSize, 4=PctId, 5=Strand, 6=QueryStart, 7=SeedStart, 8=Alignment, 9=QueryLabel, 10=TargetLabel
# Record types (field 1): L=LibSeed, S=NewSeed, H=Hit, R=Reject, D=LibCluster, C=NewCluster, N=NoHit
# For C and D types, PctId is average id with seed.
# QueryStart and SeedStart are zero-based relative to start of sequence.
# If minus strand, SeedStart is relative to reverse-complemented seed.
L	9213	476	*	*	*	*	*	DQ683006	*
H	9213	101	100.0	+	0	0	11I101M364I	AB236002 Mock.2_4	DQ683006
L	51504	539	*	*	*	*	*	AB236002	*
H	51504	101	100.0	+	0	0	111I101M327I	AB236002 Mock.2_4	AB236002
L	25657	540	*	*	*	*	*	HQ611293	*
H	25657	85	100.0	+	0	0	12I85M443I	AM410602 Mock.1_7548	HQ611293
L	49018	582	*	*	*	*	*	GQ219865	*
H	49018	85	100.0	+	0	0	22I85M475I	AM410602 Mock.1_7548	GQ219865
L	48901	705	*	*	*	*	*	JF735312	*
H	48901	85	98.8	+	0	0	143I58MI27M476I	AM410602 Mock.1_7548	JF735312
L	26990	2917	*	*	*	*	*	GQ458026	*
H	26990	92	97.8	+	0	0	1716I92M1109I	DQ681335 Mock.1_1328	GQ458026
L	28913	2976	*	*	*	*	*	FJ430766	*
H	28913	92	97.8	+	0	0	1774I92M1110I	DQ681335 Mock.1_1328	FJ430766
L	17521	716	*	*	*	*	*	FN548146	*
H	17521	92	97.8	+	0	0	111I92M513I	DQ681335 Mock.1_1328	FN548146
L	10962	677	*	*	*	*	*	DQ683114	*
H	10962	101	97.0	+	0	0	314I101M262I	DQ683114 Mock.1_531	DQ683114
L	50376	435	*	*	*	*	*	EF199746	*
H	50376	101	99.0	+	0	0	12I101M322I	EF199746 Mock.1_0	EF199746
L	19840	584	*	*	*	*	*	GU721258	*
H	19840	101	98.0	+	0	0	22I85MD15M462I	EF397557 Mock.2_15624	GU721258
L	19843	705	*	*	*	*	*	AM410602	*
H	19843	101	98.0	+	0	0	137I101M467I	EF397557 Mock.2_15624	AM410602
L	50560	577	*	*	*	*	*	GQ921731	*
H	50560	101	97.0	+	0	0	84M2D15M478I	EF397557 Mock.2_15624	GQ921731
L	14887	586	*	*	*	*	*	HQ631036	*
H	14887	101	97.0	+	0	0	23I83MD17M463I	EU490021 Mock.1_1838	HQ631036
L	50769	1991	*	*	*	*	*	EF397557	*
H	50769	101	99.0	+	0	0	1744I85MD15M147I	EU490021 Mock.1_1838	EF397557
L	39096	580	*	*	*	*	*	EU016677	*
H	39096	101	98.0	+	0	0	9I86M2D13M472I	EU490021 Mock.1_1838	EU016677
H	17521	94	97.9	+	0	0	111I94M511I	EU551202 Mock.2_9983	FN548146
H	28913	94	97.9	+	0	0	1774I94M1108I	EU551202 Mock.2_9983	FJ430766
L	14063	632	*	*	*	*	*	DQ249212	*
H	14063	94	97.9	+	0	0	26I94M512I	EU551202 Mock.2_9983	DQ249212
L	27864	583	*	*	*	*	*	HM162228	*
H	27864	83	97.6	+	0	0	22I83M478I	FJ196614 Mock.2_39189	HM162228
L	9493	284	*	*	*	*	*	JN905279	*
H	9493	83	100.0	+	0	0	23I65MI18M177I	FJ196614 Mock.2_39189	JN905279
L	49904	522	*	*	*	*	*	JQ513891	*
H	49904	83	98.8	+	0	0	I83M438I	FJ196614 Mock.2_39189	JQ513891
L	12555	339	*	*	*	*	*	FN562029	*
H	12555	81	100.0	+	0	0	21I81M237I	FJ466715 Mock.1_840	FN562029
L	27640	272	*	*	*	*	*	GQ524284	*
H	27640	81	100.0	+	0	0	22I81M169I	FJ466715 Mock.1_840	GQ524284
H	27864	81	100.0	+	0	0	22I81M480I	FJ466715 Mock.1_840	HM162228
H	12555	84	97.6	+	0	0	21I84M234I	FJ777353 Mock.2_15608	FN562029
H	27640	84	97.6	+	0	0	22I84M166I	FJ777353 Mock.2_15608	GQ524284
H	48901	84	97.6	+	0	0	143I58MI26M477I	FJ777353 Mock.2_15608	JF735312
L	34171	700	*	*	*	*	*	FM177661	*
H	34171	101	100.0	+	0	0	176I101M423I	FM177661 Mock.1_1051	FM177661
L	34170	704	*	*	*	*	*	FM177662	*
H	34170	101	100.0	+	0	0	177I101M426I	FM177661 Mock.1_1051	FM177662
L	45309	674	*	*	*	*	*	JF715197	*
H	45309	101	99.0	+	0	0	189I101M384I	FM177661 Mock.1_1051	JF715197
L	18792	295	*	*	*	*	*	HQ125124	*
H	18792	77	98.7	+	0	0	22I56MD20M197I	FM875842 Mock.1_15760	HQ125124
L	42526	880	*	*	*	*	*	AM158924	*
H	42526	77	98.7	+	0	0	9I56MD20M795I	FM875842 Mock.1_15760	AM158924
L	55124	850	*	*	*	*	*	FM875842	*
H	55124	77	98.7	+	0	0	185I56MD20M589I	FM875842 Mock.1_15760	FM875842
L	23841	629	*	*	*	*	*	HQ631040	*
H	23841	101	97.0	+	0	0	23I89MI12M504I	FR799498 Mock.1_17762	HQ631040
L	20142	822	*	*	*	*	*	JQ247368	*
H	20142	101	98.0	+	0	0	87I88MI13M633I	FR799498 Mock.1_17762	JQ247368
L	21708	537	*	*	*	*	*	GQ999151	*
H	21708	101	98.0	+	0	0	5I88MI13M430I	FR799498 Mock.1_17762	GQ999151
L	41107	552	*	*	*	*	*	HQ649866	*
H	41107	101	99.0	+	0	0	101M451I	GQ229082 Mock.3_2031	HQ649866
L	37038	914	*	*	*	*	*	GQ229082	*
H	37038	101	100.0	+	0	0	133I101M680I	GQ229082 Mock.3_2031	GQ229082
L	50713	928	*	*	*	*	*	GU797140	*
H	50713	101	98.0	+	0	0	110I101M717I	GQ229082 Mock.3_2031	GU797140
L	20885	743	*	*	*	*	*	GQ376077	*
H	20885	101	100.0	+	0	0	8I101M634I	GQ376077 Mock.2_8	GQ376077
L	47279	1313	*	*	*	*	*	HQ396523	*
H	47279	101	97.0	+	0	0	8I80MI21M1203I	GQ376077 Mock.2_8	HQ396523
L	11483	894	*	*	*	*	*	FM177658	*
H	11483	101	97.0	+	0	0	176I80MI21M616I	GQ376077 Mock.2_8	FM177658
L	15005	573	*	*	*	*	*	FJ528716	*
H	15005	80	100.0	+	0	0	80M493I	GQ458026 Mock.1_12861	FJ528716
L	31481	617	*	*	*	*	*	DQ132818	*
H	31481	80	98.8	+	0	0	61I80M476I	GQ458026 Mock.1_12861	DQ132818
L	24247	571	*	*	*	*	*	GU187837	*
H	24247	80	100.0	+	0	0	80M491I	GQ458026 Mock.1_12861	GU187837
L	47460	633	*	*	*	*	*	GQ999201	*
H	47460	101	99.0	+	0	0	5I91MI10M526I	GQ999201 Mock.3_2	GQ999201
H	26990	101	99.0	+	0	0	1716I91MI10M1099I	GQ999201 Mock.3_2	GQ458026
H	28913	101	99.0	+	0	0	1774I91MI10M1100I	GQ999201 Mock.3_2	FJ430766
L	14278	632	*	*	*	*	*	GU054037	*
H	14278	101	99.0	+	0	0	5I101M526I	GU054037 Mock.1_128	GU054037
L	10375	655	*	*	*	*	*	EU436681	*
H	10375	101	97.0	+	0	0	10I101M544I	GU054037 Mock.1_128	EU436681
L	47647	604	*	*	*	*	*	GU370744	*
H	47647	101	98.0	+	0	0	24I101M479I	GU370744 Mock.1_97	GU370744
L	32225	622	*	*	*	*	*	GU566244	*
H	32225	101	100.0	+	0	0	22I101M499I	GU566244 Mock.2_2258	GU566244
H	24247	101	99.0	+	0	0	101M470I	GU566244 Mock.2_2258	GU187837
H	15005	101	99.0	+	0	0	101M472I	GU566244 Mock.2_2258	FJ528716
L	37948	699	*	*	*	*	*	HM069350	*
H	37948	97	97.9	+	0	0	115I89MI8M486I	GU934594 Mock.2_4233	HM069350
H	31481	97	97.9	+	0	0	61I97M459I	GU934594 Mock.2_4233	DQ132818
L	39862	1019	*	*	*	*	*	HQ827787	*
H	39862	97	97.9	+	0	0	202I89MI8M719I	GU934594 Mock.2_4233	HQ827787
L	44023	453	*	*	*	*	*	HM037662	*
H	44023	101	100.0	+	0	0	22I101M330I	HM037662 Mock.1_7	HM037662
N	*	101	*	*	*	*	*	HM069364 Mock.3_83	*
L	47945	395	*	*	*	*	*	HQ115737	*
H	47945	101	100.0	+	0	0	15I101M279I	HQ115737 Mock.2_65	HQ115737
L	46672	1150	*	*	*	*	*	HQ589260	*
H	46672	101	98.0	+	0	0	250I101M799I	HQ589260 Mock.2_9798	HQ589260
H	45309	101	98.0	+	0	0	189I101M384I	HQ589260 Mock.2_9798	JF715197
H	34171	101	97.0	+	0	0	176I101M423I	HQ589260 Mock.2_9798	FM177661
L	10418	2713	*	*	*	*	*	AB293968	*
H	10418	89	100.0	+	0	0	1539I89M1085I	HQ827787 Mock.1_18213	AB293968
H	17521	89	100.0	+	0	0	111I89M516I	HQ827787 Mock.1_18213	FN548146
H	28913	89	100.0	+	0	0	1774I89M1113I	HQ827787 Mock.1_18213	FJ430766
L	48195	1221	*	*	*	*	*	AF459729	*
H	48195	88	98.9	+	0	0	8I88M1125I	JF439501 Mock.1_13559	AF459729
L	17721	586	*	*	*	*	*	JQ889710	*
H	17721	88	100.0	+	0	0	9I88M489I	JF439501 Mock.1_13559	JQ889710
H	20142	88	100.0	+	0	0	87I88M647I	JF439501 Mock.1_13559	JQ247368
H	12555	84	98.8	+	0	0	21I84M234I	JF449887 Mock.1_8251	FN562029
H	27640	84	98.8	+	0	0	22I84M166I	JF449887 Mock.1_8251	GQ524284
H	27864	84	97.6	+	0	0	22I84M477I	JF449887 Mock.1_8251	HM162228
H	45309	101	99.0	+	0	0	189I101M384I	JF715197 Mock.3_44	JF715197
H	34171	101	98.0	+	0	0	176I101M423I	JF715197 Mock.3_44	FM177661
H	34170	101	98.0	+	0	0	177I101M426I	JF715197 Mock.3_44	FM177662
L	49327	673	*	*	*	*	*	JF720033	*
H	49327	101	100.0	+	0	0	22I101M550I	JF720033 Mock.2_30	JF720033
L	49213	673	*	*	*	*	*	HQ719236	*
H	49213	101	99.0	+	0	0	22I101M550I	JF720033 Mock.2_30	HQ719236
L	26992	2991	*	*	*	*	*	GQ458025	*
H	26992	101	100.0	+	0	0	1736I101M1154I	JF720033 Mock.2_30	GQ458025
L	725	1869	*	*	*	*	*	JF907594	*
H	725	101	97.0	+	0	0	1481I101M287I	JF907594 Mock.1_40	JF907594
L	50082	267	*	*	*	*	*	JN905480	*
H	50082	101	100.0	+	0	0	22I101M144I	JN905480 Mock.2_11	JN905480
H	19843	101	100.0	+	0	0	137I101M467I	JN905480 Mock.2_11	AM410602
L	28830	297	*	*	*	*	*	FN562059	*
H	28830	101	99.0	+	0	0	21I101M175I	JN905480 Mock.2_11	FN562059
H	49018	78	100.0	+	0	0	22I78M482I	JN905595 Mock.3_8139	GQ219865
L	31095	588	*	*	*	*	*	FJ612942	*
H	31095	78	98.7	+	0	0	23I78M487I	JN905595 Mock.3_8139	FJ612942
L	9700	1144	*	*	*	*	*	GU055602	*
H	9700	78	100.0	+	0	0	78M1066I	JN905595 Mock.3_8139	GU055602
N	*	101	*	*	*	*	*	New.ReferenceOTU1 Mock.1_44196	*
N	*	101	*	*	*	*	*	New.ReferenceOTU2 Mock.1_66982	*
N	*	101	*	*	*	*	*	New.ReferenceOTU3 Mock.1_7791	*
N	*	101	*	*	*	*	*	New.ReferenceOTU4 Mock.3_2154	*
N	*	101	*	*	*	*	*	New.ReferenceOTU5 Mock.2_15259	*
N	*	101	*	*	*	*	*	New.ReferenceOTU6 Mock.1_2681	*
N	*	101	*	*	*	*	*	New.ReferenceOTU7 Mock.2_65545	*
N	*	101	*	*	*	*	*	New.CleanUp.ReferenceOTU104 Mock.2_1714	*
N	*	92	*	*	*	*	*	New.CleanUp.ReferenceOTU105 Mock.1_4452	*
N	*	101	*	*	*	*	*	New.CleanUp.ReferenceOTU106 Mock.2_73953	*
N	*	101	*	*	*	*	*	New.CleanUp.ReferenceOTU107 Mock.2_6026	*
N	*	101	*	*	*	*	*	New.CleanUp.ReferenceOTU109 Mock.3_64290	*
N	*	101	*	*	*	*	*	New.CleanUp.ReferenceOTU110 Mock.2_25781	*
N	*	78	*	*	*	*	*	New.CleanUp.ReferenceOTU111 Mock.2_53527	*
N	*	101	*	*	*	*	*	New.CleanUp.ReferenceOTU117 Mock.2_19449	*
N	*	101	*	*	*	*	*	New.CleanUp.ReferenceOTU123 Mock.1_21242	*
N	*	101	*	*	*	*	*	New.CleanUp.ReferenceOTU124 Mock.1_5337	*
N	*	101	*	*	*	*	*	New.CleanUp.ReferenceOTU136 Mock.1_54066	*
N	*	101	*	*	*	*	*	New.CleanUp.ReferenceOTU138 Mock.1_46401	*
N	*	91	*	*	*	*	*	New.CleanUp.ReferenceOTU142 Mock.2_31673	*
N	*	89	*	*	*	*	*	New.CleanUp.ReferenceOTU145 Mock.1_42547	*
N	*	101	*	*	*	*	*	New.CleanUp.ReferenceOTU15 Mock.2_13064	*
N	*	101	*	*	*	*	*	New.CleanUp.ReferenceOTU150 Mock.1_20046	*
N	*	101	*	*	*	*	*	New.CleanUp.ReferenceOTU16 Mock.2_5394	*
N	*	101	*	*	*	*	*	New.CleanUp.ReferenceOTU162 Mock.2_13237	*
N	*	101	*	*	*	*	*	New.CleanUp.ReferenceOTU169 Mock.2_58493	*
N	*	101	*	*	*	*	*	New.CleanUp.ReferenceOTU170 Mock.2_72741	*
N	*	101	*	*	*	*	*	New.CleanUp.ReferenceOTU174 Mock.1_67324	*
N	*	97	*	*	*	*	*	New.CleanUp.ReferenceOTU175 Mock.2_49488	*
N	*	101	*	*	*	*	*	New.CleanUp.ReferenceOTU176 Mock.2_44184	*
N	*	101	*	*	*	*	*	New.CleanUp.ReferenceOTU179 Mock.3_15573	*
N	*	101	*	*	*	*	*	New.CleanUp.ReferenceOTU180 Mock.1_39577	*
N	*	101	*	*	*	*	*	New.CleanUp.ReferenceOTU184 Mock.2_18978	*
N	*	101	*	*	*	*	*	New.CleanUp.ReferenceOTU185 Mock.3_9034	*
N	*	101	*	*	*	*	*	New.CleanUp.ReferenceOTU191 Mock.3_86	*
N	*	91	*	*	*	*	*	New.CleanUp.ReferenceOTU2 Mock.3_52699	*
N	*	93	*	*	*	*	*	New.CleanUp.ReferenceOTU25 Mock.2_38665	*
N	*	101	*	*	*	*	*	New.CleanUp.ReferenceOTU34 Mock.2_5485	*
N	*	101	*	*	*	*	*	New.CleanUp.ReferenceOTU40 Mock.1_52686	*
N	*	94	*	*	*	*	*	New.CleanUp.ReferenceOTU43 Mock.1_25228	*
N	*	101	*	*	*	*	*	New.CleanUp.ReferenceOTU44 Mock.1_6422	*
N	*	101	*	*	*	*	*	New.CleanUp.ReferenceOTU48 Mock.3_9150	*
N	*	101	*	*	*	*	*	New.CleanUp.ReferenceOTU5 Mock.2_8898	*
N	*	101	*	*	*	*	*	New.CleanUp.ReferenceOTU51 Mock.1_65676	*
N	*	101	*	*	*	*	*	New.CleanUp.ReferenceOTU54 Mock.2_50493	*
N	*	94	*	*	*	*	*	New.CleanUp.ReferenceOTU58 Mock.2_7816	*
N	*	83	*	*	*	*	*	New.CleanUp.ReferenceOTU6 Mock.1_46887	*
N	*	101	*	*	*	*	*	New.CleanUp.ReferenceOTU60 Mock.3_43979	*
N	*	95	*	*	*	*	*	New.CleanUp.ReferenceOTU61 Mock.1_44342	*
N	*	96	*	*	*	*	*	New.CleanUp.ReferenceOTU62 Mock.1_1896	*
N	*	101	*	*	*	*	*	New.CleanUp.ReferenceOTU71 Mock.1_1352	*
N	*	101	*	*	*	*	*	New.CleanUp.ReferenceOTU72 Mock.2_8064	*
N	*	92	*	*	*	*	*	New.CleanUp.ReferenceOTU78 Mock.1_53045	*
N	*	101	*	*	*	*	*	New.CleanUp.ReferenceOTU81 Mock.3_69820	*
N	*	101	*	*	*	*	*	New.CleanUp.ReferenceOTU82 Mock.1_50690	*
N	*	101	*	*	*	*	*	New.CleanUp.ReferenceOTU83 Mock.1_18246	*
N	*	101	*	*	*	*	*	New.CleanUp.ReferenceOTU9 Mock.2_3312	*
N	*	93	*	*	*	*	*	New.CleanUp.ReferenceOTU90 Mock.3_36762	*
N	*	101	*	*	*	*	*	New.CleanUp.ReferenceOTU94 Mock.3_65355	*
N	*	101	*	*	*	*	*	New.CleanUp.ReferenceOTU95 Mock.2_15039	*
D	725	2	*	*	*	*	97.0	JF907594	*
D	9493	2	*	*	*	*	100.0	JN905279	*
D	9700	2	*	*	*	*	100.0	GU055602	*
D	10962	2	*	*	*	*	97.0	DQ683114	*
D	14063	2	*	*	*	*	97.9	DQ249212	*
D	14278	2	*	*	*	*	99.0	GU054037	*
D	17521	2	*	*	*	*	97.8	FN548146	*
D	19843	3	*	*	*	*	99.0	AM410602	*
D	20142	2	*	*	*	*	100.0	JQ247368	*
D	20885	2	*	*	*	*	100.0	GQ376077	*
D	21708	2	*	*	*	*	98.0	GQ999151	*
D	24247	2	*	*	*	*	100.0	GU187837	*
D	26992	2	*	*	*	*	100.0	GQ458025	*
D	27640	2	*	*	*	*	98.8	GQ524284	*
D	27864	2	*	*	*	*	100.0	HM162228	*
D	28913	3	*	*	*	*	99.5	FJ430766	*
D	32225	2	*	*	*	*	100.0	GU566244	*
D	34170	2	*	*	*	*	100.0	FM177662	*
D	37038	2	*	*	*	*	100.0	GQ229082	*
D	39862	2	*	*	*	*	97.9	HQ827787	*
D	44023	2	*	*	*	*	100.0	HM037662	*
D	45309	3	*	*	*	*	98.5	JF715197	*
D	47647	2	*	*	*	*	98.0	GU370744	*
D	47945	2	*	*	*	*	100.0	HQ115737	*
D	48901	2	*	*	*	*	97.6	JF735312	*
D	49018	2	*	*	*	*	100.0	GQ219865	*
D	50376	2	*	*	*	*	99.0	EF199746	*
D	50769	2	*	*	*	*	99.0	EF397557	*
D	51504	2	*	*	*	*	100.0	AB236002	*
D	55124	2	*	*	*	*	98.7	FM875842	*
