UclustConsensusTaxonAssigner parameters:
id_to_taxonomy_filepath:/Users/nbokulich/Desktop/ref_dbs/sh_qiime_release_20.11.2016/developer/sh_taxonomy_qiime_ver7_99_20.11.2016_dev_clean.tsv
id_to_taxonomy_fp:/Users/nbokulich/Desktop/ref_dbs/sh_qiime_release_20.11.2016/developer/sh_taxonomy_qiime_ver7_99_20.11.2016_dev_clean.tsv
max_accepts:3
min_consensus_fraction:0.76
reference_sequences_fp:/Users/nbokulich/Desktop/ref_dbs/sh_qiime_release_20.11.2016/developer/sh_refs_qiime_ver7_99_20.11.2016_dev_clean.fasta
similarity:0.97
unassignable_label:Unassigned
Result path: /var/folders/0t/l1dz88p50y91vx_22fx5w3780000gn/T/assign-tax5Dpu64

.uc file contents:

# uclust --input /Users/nbokulich/Desktop/projects/short-read-tax-assignment/data/mock-community/mock-26/rep_seqs.fna --id 0.97 --rev --maxaccepts 3 --allhits --libonly --lib /Users/nbokulich/Desktop/ref_dbs/sh_qiime_release_20.11.2016/developer/sh_refs_qiime_ver7_99_20.11.2016_dev_clean.fasta --uc /var/folders/0t/l1dz88p50y91vx_22fx5w3780000gn/T/UclustConsensusTaxonAssigner_nvCDhP.uc
# version=1.2.22
# Tab-separated fields:
# 1=Type, 2=ClusterNr, 3=SeqLength or ClusterSize, 4=PctId, 5=Strand, 6=QueryStart, 7=SeedStart, 8=Alignment, 9=QueryLabel, 10=TargetLabel
# Record types (field 1): L=LibSeed, S=NewSeed, H=Hit, R=Reject, D=LibCluster, C=NewCluster, N=NoHit
# For C and D types, PctId is average id with seed.
# QueryStart and SeedStart are zero-based relative to start of sequence.
# If minus strand, SeedStart is relative to reverse-complemented seed.
N	*	290	*	*	*	*	*	b3af56c8dea0d3c8ce9db7c7f467c60f	*
L	4713	643	*	*	*	*	*	SH092507.07FU_DQ118992_refs	*
H	4713	290	98.6	-	0	0	20I110MI180M332I	84e29b4bf1c0b3c8aad90b36738b5467	SH092507.07FU_DQ118992_refs
L	14102	654	*	*	*	*	*	SH127719.07FU_KC489481_reps	*
H	14102	290	99.0	-	0	0	20I213MD76M345I	3d6fbd4cd12712cef620cbfc9eb14910	SH127719.07FU_KC489481_reps
L	14100	651	*	*	*	*	*	SH127720.07FU_KJ028788_reps	*
H	14100	290	98.3	-	0	0	20I210MD79M342I	3d6fbd4cd12712cef620cbfc9eb14910	SH127720.07FU_KJ028788_reps
L	14103	821	*	*	*	*	*	SH127722.07FU_HM069406_reps	*
H	14103	290	98.3	-	0	0	210MD79M532I	3d6fbd4cd12712cef620cbfc9eb14910	SH127722.07FU_HM069406_reps
H	14102	290	99.0	-	0	0	20I290M344I	d0d4787d4c9eb1c264a316e28c5fbc55	SH127719.07FU_KC489481_reps
H	14100	290	98.3	-	0	0	20I290M341I	d0d4787d4c9eb1c264a316e28c5fbc55	SH127720.07FU_KJ028788_reps
H	14103	290	98.3	-	0	0	290M531I	d0d4787d4c9eb1c264a316e28c5fbc55	SH127722.07FU_HM069406_reps
H	4713	290	99.0	-	0	0	20I103MI187M332I	695b5a141e70251ad44456d88e62146d	SH092507.07FU_DQ118992_refs
N	*	290	*	*	*	*	*	b74b91bf04919d41babc11dd6491afa4	*
N	*	290	*	*	*	*	*	601bda3cb791bc8f28c2f9d96615355e	*
N	*	290	*	*	*	*	*	a450cb24dab38f52cfd17faedb314713	*
N	*	290	*	*	*	*	*	054bfb26de038f0017d90d314101cdd1	*
N	*	290	*	*	*	*	*	b8cdb9d70a2308233601db37408b7cb2	*
L	8073	683	*	*	*	*	*	SH104009.07FU_AY375276_reps	*
H	8073	290	99.0	-	0	0	20I290M373I	5bade6b00440709d0ca6b08c701d5cbc	SH104009.07FU_AY375276_reps
N	*	290	*	*	*	*	*	a5792064c430c187f8adc14f88f8b3f7	*
N	*	290	*	*	*	*	*	393d667103e3ba009c339a21ba8a47c9	*
H	8073	290	99.7	-	0	0	20I290M373I	afb1f4cb4e9836ef82109f9878872819	SH104009.07FU_AY375276_reps
N	*	290	*	*	*	*	*	daba2c6e69a632bab052782288a2c0b0	*
N	*	290	*	*	*	*	*	4a0b589c3597ac19e9ed9f89cac9900b	*
L	742	613	*	*	*	*	*	SH079313.07FU_JF770450_refs	*
H	742	290	99.0	-	0	0	40I290M283I	ba9f80af05850b2aec2b12c18cdd6731	SH079313.07FU_JF770450_refs
L	6900	594	*	*	*	*	*	SH123763.07FU_JX164073_reps	*
H	6900	290	98.6	-	0	0	20I290M284I	ba9f80af05850b2aec2b12c18cdd6731	SH123763.07FU_JX164073_reps
L	13857	508	*	*	*	*	*	SH127912.07FU_DQ336706_reps	*
H	13857	290	97.9	-	0	0	11I290M207I	ba9f80af05850b2aec2b12c18cdd6731	SH127912.07FU_DQ336706_reps
L	7980	598	*	*	*	*	*	SH103715.07FU_JN206387_refs	*
H	7980	290	99.0	-	0	0	17I290M291I	426410fb41f783d19eb7f5fde17fcc57	SH103715.07FU_JN206387_refs
N	*	290	*	*	*	*	*	52eac204085e35f64ae6948e6a4cd145	*
L	8649	585	*	*	*	*	*	SH106444.07FU_EU339123_reps	*
H	8649	290	99.3	-	0	0	290M295I	462fb11c0b6f4a8dab09421e6ffa14fe	SH106444.07FU_EU339123_reps
N	*	290	*	*	*	*	*	1267b3daf170126d64850da030928562	*
L	11131	881	*	*	*	*	*	SH118435.07FU_UDB015175_refs	*
H	11131	290	99.0	-	0	0	329I290M262I	312e41a0d14ad673e5ab04d477d8c0f7	SH118435.07FU_UDB015175_refs
N	*	290	*	*	*	*	*	28987921cb876144d25822dc3c4834b2	*
N	*	290	*	*	*	*	*	e6fec7ae7d8de920070f73aad8fef06b	*
H	742	290	98.3	-	0	0	40I290M283I	1b2a87335a2aa8cddad1d88cad48651e	SH079313.07FU_JF770450_refs
H	6900	290	97.9	-	0	0	20I290M284I	1b2a87335a2aa8cddad1d88cad48651e	SH123763.07FU_JX164073_reps
H	13857	290	97.2	-	0	0	11I290M207I	1b2a87335a2aa8cddad1d88cad48651e	SH127912.07FU_DQ336706_reps
N	*	290	*	*	*	*	*	ba7cb97d903aeeb5dda66a6af600dd93	*
H	742	290	98.6	-	0	0	40I290M283I	03d16add1bd16879bfa2ac1ac0063c6c	SH079313.07FU_JF770450_refs
H	6900	290	98.3	-	0	0	20I290M284I	03d16add1bd16879bfa2ac1ac0063c6c	SH123763.07FU_JX164073_reps
H	13857	290	97.6	-	0	0	11I290M207I	03d16add1bd16879bfa2ac1ac0063c6c	SH127912.07FU_DQ336706_reps
N	*	290	*	*	*	*	*	bfc98fd8e39e4270bdcd2d229d1f38f1	*
H	4713	290	99.3	-	0	0	20I290M333I	dca3eb1283975c3a7f602f26496a2d18	SH092507.07FU_DQ118992_refs
H	14100	290	98.3	-	0	0	20I290M341I	aa87d9e94c1bb2c2c3fa12d2e9fbf6d8	SH127720.07FU_KJ028788_reps
H	14102	290	99.0	-	0	0	20I290M344I	aa87d9e94c1bb2c2c3fa12d2e9fbf6d8	SH127719.07FU_KC489481_reps
H	14103	290	98.3	-	0	0	290M531I	aa87d9e94c1bb2c2c3fa12d2e9fbf6d8	SH127722.07FU_HM069406_reps
N	*	290	*	*	*	*	*	296a7a8175f95aeb5c5cd8dfb75a4cda	*
N	*	290	*	*	*	*	*	affa68fe55a9cdfd10c01ce648215713	*
L	2837	1138	*	*	*	*	*	SH086591.07FU_AF033456_refs	*
H	2837	290	99.7	-	0	0	596I290M252I	357312c0f2ce1f4aa916ec782d304f34	SH086591.07FU_AF033456_refs
L	11474	516	*	*	*	*	*	SH116973.07FU_DQ355925_reps	*
H	11474	290	99.7	-	0	0	22I290M204I	357312c0f2ce1f4aa916ec782d304f34	SH116973.07FU_DQ355925_reps
L	11469	800	*	*	*	*	*	SH116966.07FU_KF367528_reps	*
H	11469	290	100.0	-	0	0	167I84MI67MI19MI120M340I	357312c0f2ce1f4aa916ec782d304f34	SH116966.07FU_KF367528_reps
N	*	290	*	*	*	*	*	73c10d75594ef1ba1041422f6b0e80cc	*
N	*	290	*	*	*	*	*	cd6b21d370bbbd9723715be146c35319	*
H	742	290	98.3	-	0	0	40I290M283I	e7eeff794ab658b8b436ea046f11de91	SH079313.07FU_JF770450_refs
H	6900	290	97.9	-	0	0	20I290M284I	e7eeff794ab658b8b436ea046f11de91	SH123763.07FU_JX164073_reps
N	*	290	*	*	*	*	*	57c13aa13a38f306bfdbea0526cba72c	*
N	*	290	*	*	*	*	*	7b6f1a477a2fc54d89b09cb77d91cb1d	*
H	2837	290	99.7	-	0	0	596I43MI247M251I	37cd4d4398003b56fcbb6ee68438bad7	SH086591.07FU_AF033456_refs
H	11474	290	99.7	-	0	0	22I43MI247M203I	37cd4d4398003b56fcbb6ee68438bad7	SH116973.07FU_DQ355925_reps
H	11469	290	100.0	-	0	0	167I48MI34MI73MI14MI121M339I	37cd4d4398003b56fcbb6ee68438bad7	SH116966.07FU_KF367528_reps
L	8676	513	*	*	*	*	*	SH106479.07FU_KF188722_reps	*
H	8676	290	97.6	-	0	0	213MI77M222I	f0937266010c16e9c1d60027133eaecc	SH106479.07FU_KF188722_reps
L	11649	941	*	*	*	*	*	SH117568.07FU_UDB011618_refs	*
H	11649	290	99.7	-	0	0	307I290M344I	10575647dac1181ab9100c7134a1c922	SH117568.07FU_UDB011618_refs
H	14102	290	99.3	-	0	0	20I290M344I	d8bfcf06e145cf37c095cea25834ec0f	SH127719.07FU_KC489481_reps
H	14100	290	98.6	-	0	0	20I290M341I	d8bfcf06e145cf37c095cea25834ec0f	SH127720.07FU_KJ028788_reps
H	14103	290	98.6	-	0	0	290M531I	d8bfcf06e145cf37c095cea25834ec0f	SH127722.07FU_HM069406_reps
N	*	290	*	*	*	*	*	ec540c55fef63982f966bba4b7fb231a	*
N	*	290	*	*	*	*	*	e5301bbaccdb6b0a13b86410d52b5220	*
N	*	290	*	*	*	*	*	668aa2bb8ea0c8fa6fdb2033eaf4cf9b	*
H	742	290	98.3	-	0	0	40I290M283I	04518aecd1070d1f0742ba9f11783e22	SH079313.07FU_JF770450_refs
H	6900	290	97.9	-	0	0	20I290M284I	04518aecd1070d1f0742ba9f11783e22	SH123763.07FU_JX164073_reps
H	13857	290	97.2	-	0	0	11I290M207I	04518aecd1070d1f0742ba9f11783e22	SH127912.07FU_DQ336706_reps
N	*	290	*	*	*	*	*	663b9ce871d8821ad3d4b64f83ee91bd	*
L	5705	663	*	*	*	*	*	SH096261.07FU_JN942657_refs	*
H	5705	290	99.7	-	0	0	20I290M353I	8246a28746d3c9f9184dbc2b4b01204b	SH096261.07FU_JN942657_refs
N	*	290	*	*	*	*	*	5135430c97682a0a913150e2ca1d0bfd	*
H	7980	290	100.0	-	0	0	17I290M291I	0a34f6517e4e22927e4f45bb06a9904b	SH103715.07FU_JN206387_refs
N	*	290	*	*	*	*	*	56d6d46f5d03649e2205d6b1c0105d3a	*
H	2837	290	98.3	-	0	0	596I43MI247M251I	936f4a6c85343b64ed52e4c8a7cf05df	SH086591.07FU_AF033456_refs
H	11474	290	98.3	-	0	0	22I43MI247M203I	936f4a6c85343b64ed52e4c8a7cf05df	SH116973.07FU_DQ355925_reps
H	11469	290	98.6	-	0	0	167I48MI34MI73MI14MI121M339I	936f4a6c85343b64ed52e4c8a7cf05df	SH116966.07FU_KF367528_reps
H	8676	290	98.3	-	0	0	290M223I	0cf9fe899150ec55e8bb5b6cb2f1e110	SH106479.07FU_KF188722_reps
N	*	290	*	*	*	*	*	72562ee3062649c6116fb33681f013c3	*
H	14102	290	99.7	-	0	0	20I290M344I	d5a8337527bd81baebaa8618ccea88a4	SH127719.07FU_KC489481_reps
H	14100	290	99.0	-	0	0	20I290M341I	d5a8337527bd81baebaa8618ccea88a4	SH127720.07FU_KJ028788_reps
H	14103	290	99.0	-	0	0	290M531I	d5a8337527bd81baebaa8618ccea88a4	SH127722.07FU_HM069406_reps
H	11131	290	99.3	-	0	0	329I290M262I	27e2528bd8e15825e3ddd6b7bad2f3fa	SH118435.07FU_UDB015175_refs
N	*	290	*	*	*	*	*	6d0504a0852b10eab2b83ec3702d2b30	*
N	*	290	*	*	*	*	*	169ccf498831c1ab51bfcfa4d29b7b8a	*
N	*	290	*	*	*	*	*	fd30a6904feb40a375ff4af151f29fd7	*
N	*	290	*	*	*	*	*	03bcb98a2a5578524905bf3f4edf4107	*
H	14102	290	99.0	-	0	0	20I290M344I	0eb90d18ced1b814ab634f6646a6fbc1	SH127719.07FU_KC489481_reps
H	14100	290	98.3	-	0	0	20I290M341I	0eb90d18ced1b814ab634f6646a6fbc1	SH127720.07FU_KJ028788_reps
H	14103	290	98.3	-	0	0	290M531I	0eb90d18ced1b814ab634f6646a6fbc1	SH127722.07FU_HM069406_reps
H	8073	290	98.6	-	0	0	20I290M373I	8892b1c4ff431125930186e667be0618	SH104009.07FU_AY375276_reps
N	*	290	*	*	*	*	*	2f493be447fb16212bcf8ee1bc9433f4	*
N	*	290	*	*	*	*	*	fb1b568615e94698f3621a2c9ecd2a8d	*
N	*	290	*	*	*	*	*	d872bf65376302940763ea97b78996e1	*
H	2837	290	99.3	-	0	0	596I290M252I	6fbf1b6701af624a055b6cf7a838619b	SH086591.07FU_AF033456_refs
H	11474	290	99.3	-	0	0	22I290M204I	6fbf1b6701af624a055b6cf7a838619b	SH116973.07FU_DQ355925_reps
H	11469	290	99.7	-	0	0	167I84MI67MI19MI120M340I	6fbf1b6701af624a055b6cf7a838619b	SH116966.07FU_KF367528_reps
N	*	290	*	*	*	*	*	2330c7c2c525e69c0e50dd353cec95a0	*
N	*	290	*	*	*	*	*	8089f0596ba0333c4b30233dfc15636d	*
L	12445	526	*	*	*	*	*	SH124715.07FU_AF414968_reps	*
H	12445	290	97.2	-	0	0	11I146M2D142M227I	72dfa183b8bcb04daa0d1e3385e29048	SH124715.07FU_AF414968_reps
L	19629	530	*	*	*	*	*	SH107791.07FU_HQ829413_reps	*
H	19629	290	98.6	-	0	0	11I44MI117MD128M229I	9299202cf8d0c4c671f64a96f5fb3615	SH107791.07FU_HQ829413_reps
L	20188	637	*	*	*	*	*	SH128610.07FU_FN868458_reps	*
H	20188	290	99.0	-	0	0	20I44MI246M326I	9299202cf8d0c4c671f64a96f5fb3615	SH128610.07FU_FN868458_reps
H	8073	290	100.0	-	0	0	20I290M373I	59d9d5c81ebbad1889b2875372c4aeea	SH104009.07FU_AY375276_reps
N	*	290	*	*	*	*	*	a7fe8c460ed7006fd914f89353d92f28	*
H	14102	290	98.3	-	0	0	20I290M344I	336757342ad56dab1764d084bac7d5da	SH127719.07FU_KC489481_reps
H	14100	290	97.6	-	0	0	20I290M341I	336757342ad56dab1764d084bac7d5da	SH127720.07FU_KJ028788_reps
H	14103	290	97.6	-	0	0	290M531I	336757342ad56dab1764d084bac7d5da	SH127722.07FU_HM069406_reps
H	11474	290	98.6	-	0	0	24I290M202I	87d22f55fc53c7732c3571412025c465	SH116973.07FU_DQ355925_reps
H	2837	290	98.6	-	0	0	598I290M250I	87d22f55fc53c7732c3571412025c465	SH086591.07FU_AF033456_refs
L	2842	1141	*	*	*	*	*	SH086595.07FU_AF033451_refs	*
H	2842	290	98.6	-	0	0	598I53MI28MI87MI122M250I	87d22f55fc53c7732c3571412025c465	SH086595.07FU_AF033451_refs
N	*	290	*	*	*	*	*	6c37903bf7a256e33fb5fd9fbb18cb2a	*
N	*	290	*	*	*	*	*	6d74ea23b3ccf8473651756f3ffc84fe	*
H	8649	290	100.0	-	0	0	290M295I	f7c0d2f087426caf9ac0bc3e697eeef3	SH106444.07FU_EU339123_reps
N	*	290	*	*	*	*	*	e2b17f7b0a20de83c66c8b5af89d3fe4	*
H	11131	290	99.0	-	0	0	329I290M262I	d76e0eead41821a8f3ec429fcf8bc476	SH118435.07FU_UDB015175_refs
N	*	290	*	*	*	*	*	d2d12a02ba4278348ed2067f0d18679d	*
H	8649	290	99.0	-	0	0	290M295I	b5f8a9ec079bd456138d2fd904cc9674	SH106444.07FU_EU339123_reps
H	8676	290	97.9	-	0	0	290M223I	27df5ece91baf7cd5c4f29530b374444	SH106479.07FU_KF188722_reps
H	8649	290	99.7	-	0	0	290M295I	e1b27d94b7f7a3c6f6dc56f1c2d3799a	SH106444.07FU_EU339123_reps
N	*	290	*	*	*	*	*	e18e127e2bf59094b6a2250791db3d35	*
H	8649	290	99.0	-	0	0	290M295I	16d928fedce68ded836e015d2b303477	SH106444.07FU_EU339123_reps
N	*	290	*	*	*	*	*	df37a27b14f89533ad402f9d1e2bb801	*
N	*	290	*	*	*	*	*	b48f77273b410ea6ae1bf5700a1d3977	*
N	*	290	*	*	*	*	*	8dc19e2504a8eed7ef66940845eb0615	*
N	*	290	*	*	*	*	*	f7b4a5a86e856af0c39f006d0dfb8711	*
N	*	290	*	*	*	*	*	f65af62c9e26d5f80515162358bea7f8	*
D	742	6	*	*	*	*	98.5	SH079313.07FU_JF770450_refs	*
D	2842	2	*	*	*	*	98.6	SH086595.07FU_AF033451_refs	*
D	4713	4	*	*	*	*	99.0	SH092507.07FU_DQ118992_refs	*
D	5705	2	*	*	*	*	99.7	SH096261.07FU_JN942657_refs	*
D	7980	3	*	*	*	*	99.5	SH103715.07FU_JN206387_refs	*
D	8073	5	*	*	*	*	99.3	SH104009.07FU_AY375276_reps	*
D	8649	6	*	*	*	*	99.4	SH106444.07FU_EU339123_reps	*
D	8676	4	*	*	*	*	97.9	SH106479.07FU_KF188722_reps	*
D	11131	4	*	*	*	*	99.1	SH118435.07FU_UDB015175_refs	*
D	11469	5	*	*	*	*	99.6	SH116966.07FU_KF367528_reps	*
D	11649	2	*	*	*	*	99.7	SH117568.07FU_UDB011618_refs	*
D	12445	2	*	*	*	*	97.2	SH124715.07FU_AF414968_reps	*
D	14102	8	*	*	*	*	99.0	SH127719.07FU_KC489481_reps	*
D	20188	2	*	*	*	*	99.0	SH128610.07FU_FN868458_reps	*
