UclustConsensusTaxonAssigner parameters:
id_to_taxonomy_filepath:/Users/nbokulich/Desktop/ref_dbs/gg_13_8_otus/taxonomy/99_otu_taxonomy.txt
id_to_taxonomy_fp:/Users/nbokulich/Desktop/ref_dbs/gg_13_8_otus/taxonomy/99_otu_taxonomy.txt
max_accepts:5
min_consensus_fraction:0.51
reference_sequences_fp:/Users/nbokulich/Desktop/ref_dbs/gg_13_8_otus/rep_set/99_otus/dna-sequences.fasta
similarity:0.99
unassignable_label:Unassigned
Result path: /var/folders/0t/l1dz88p50y91vx_22fx5w3780000gn/T/assign-taxzfpxJS

.uc file contents:

# uclust --input /Users/nbokulich/Desktop/projects/short-read-tax-assignment/data/mock-community/mock-6/rep_seqs.fna --id 0.99 --rev --maxaccepts 5 --allhits --libonly --lib /Users/nbokulich/Desktop/ref_dbs/gg_13_8_otus/rep_set/99_otus/dna-sequences.fasta --uc /var/folders/0t/l1dz88p50y91vx_22fx5w3780000gn/T/UclustConsensusTaxonAssigner_1OJVs9.uc
# version=1.2.22
# Tab-separated fields:
# 1=Type, 2=ClusterNr, 3=SeqLength or ClusterSize, 4=PctId, 5=Strand, 6=QueryStart, 7=SeedStart, 8=Alignment, 9=QueryLabel, 10=TargetLabel
# Record types (field 1): L=LibSeed, S=NewSeed, H=Hit, R=Reject, D=LibCluster, C=NewCluster, N=NoHit
# For C and D types, PctId is average id with seed.
# QueryStart and SeedStart are zero-based relative to start of sequence.
# If minus strand, SeedStart is relative to reverse-complemented seed.
L	107758	250	*	*	*	*	*	45363	*
H	107758	50	100.0	+	0	0	50M200I	0d13dd21c689329df5d87a55b12d018d	45363
L	103228	250	*	*	*	*	*	100551	*
H	103228	50	100.0	+	0	0	50M200I	0d13dd21c689329df5d87a55b12d018d	100551
L	11440	250	*	*	*	*	*	805707	*
H	11440	50	100.0	+	0	0	50M200I	0d13dd21c689329df5d87a55b12d018d	805707
L	155417	250	*	*	*	*	*	4012414	*
H	155417	50	100.0	+	0	0	50M200I	0d13dd21c689329df5d87a55b12d018d	4012414
L	132581	250	*	*	*	*	*	2661880	*
H	132581	50	100.0	+	0	0	50M200I	0d13dd21c689329df5d87a55b12d018d	2661880
L	36680	250	*	*	*	*	*	514746	*
H	36680	50	100.0	+	0	0	50M200I	2af48651d110e16bbb616be32eee8805	514746
L	20368	250	*	*	*	*	*	582351	*
H	20368	50	100.0	+	0	0	50M200I	2af48651d110e16bbb616be32eee8805	582351
L	72116	250	*	*	*	*	*	244404	*
H	72116	50	100.0	+	0	0	50M200I	2af48651d110e16bbb616be32eee8805	244404
L	37088	250	*	*	*	*	*	513237	*
H	37088	50	100.0	+	0	0	50M200I	2af48651d110e16bbb616be32eee8805	513237
L	72024	250	*	*	*	*	*	244775	*
H	72024	50	100.0	+	0	0	50M200I	2af48651d110e16bbb616be32eee8805	244775
L	103671	250	*	*	*	*	*	98675	*
H	103671	50	100.0	+	0	0	50M200I	e16fabd3426be0386af6653c4f05f8d5	98675
L	43772	250	*	*	*	*	*	358585	*
H	43772	50	100.0	+	0	0	50M200I	e16fabd3426be0386af6653c4f05f8d5	358585
L	197683	250	*	*	*	*	*	4482598	*
H	197683	50	100.0	+	0	0	50M200I	e16fabd3426be0386af6653c4f05f8d5	4482598
L	105801	250	*	*	*	*	*	73559	*
H	105801	50	100.0	+	0	0	50M200I	e16fabd3426be0386af6653c4f05f8d5	73559
L	105139	250	*	*	*	*	*	81305	*
H	105139	50	100.0	+	0	0	50M200I	e16fabd3426be0386af6653c4f05f8d5	81305
L	162762	250	*	*	*	*	*	4306683	*
H	162762	50	100.0	+	0	0	50M200I	bbd8d213e49205442b7612338f404186	4306683
L	79539	250	*	*	*	*	*	206278	*
H	79539	50	100.0	+	0	0	50M200I	bbd8d213e49205442b7612338f404186	206278
L	132013	250	*	*	*	*	*	1110523	*
H	132013	50	100.0	+	0	0	50M200I	bbd8d213e49205442b7612338f404186	1110523
L	105036	250	*	*	*	*	*	82007	*
H	105036	50	100.0	+	0	0	50M200I	bbd8d213e49205442b7612338f404186	82007
L	90109	250	*	*	*	*	*	168716	*
H	90109	50	100.0	+	0	0	50M200I	b4c04e915103285beeea2ceec4dab37a	168716
L	52521	250	*	*	*	*	*	322464	*
H	52521	50	100.0	+	0	0	50M200I	b4c04e915103285beeea2ceec4dab37a	322464
L	89966	250	*	*	*	*	*	169479	*
H	89966	50	100.0	+	0	0	50M200I	b4c04e915103285beeea2ceec4dab37a	169479
L	52706	250	*	*	*	*	*	321628	*
H	52706	50	100.0	+	0	0	50M200I	b4c04e915103285beeea2ceec4dab37a	321628
L	52902	250	*	*	*	*	*	320835	*
H	52902	50	100.0	+	0	0	50M200I	b4c04e915103285beeea2ceec4dab37a	320835
L	149887	250	*	*	*	*	*	811358	*
H	149887	50	100.0	+	0	0	50M200I	6dc4727189f2bc5fb207ea74661058c5	811358
L	192151	250	*	*	*	*	*	4454884	*
H	192151	50	100.0	+	0	0	50M200I	6dc4727189f2bc5fb207ea74661058c5	4454884
L	191744	249	*	*	*	*	*	4452897	*
H	191744	50	100.0	+	0	0	50M199I	6dc4727189f2bc5fb207ea74661058c5	4452897
L	191434	250	*	*	*	*	*	4451309	*
H	191434	50	100.0	+	0	0	50M200I	6dc4727189f2bc5fb207ea74661058c5	4451309
L	169548	250	*	*	*	*	*	4339774	*
H	169548	50	100.0	+	0	0	50M200I	6dc4727189f2bc5fb207ea74661058c5	4339774
L	119647	250	*	*	*	*	*	1906483	*
H	119647	50	100.0	+	0	0	50M200I	9b8f0d83faa2a954da84393a42117591	1906483
L	119651	250	*	*	*	*	*	1906635	*
H	119651	50	100.0	+	0	0	50M200I	9b8f0d83faa2a954da84393a42117591	1906635
L	119748	250	*	*	*	*	*	1913151	*
H	119748	50	100.0	+	0	0	50M200I	9b8f0d83faa2a954da84393a42117591	1913151
L	119762	250	*	*	*	*	*	1914031	*
H	119762	50	100.0	+	0	0	50M200I	9b8f0d83faa2a954da84393a42117591	1914031
L	119763	250	*	*	*	*	*	1914034	*
H	119763	50	100.0	+	0	0	50M200I	9b8f0d83faa2a954da84393a42117591	1914034
L	188669	250	*	*	*	*	*	4437179	*
H	188669	50	100.0	+	0	0	50M200I	f9407cb209761a7f36adff66fb4f94e9	4437179
L	62950	250	*	*	*	*	*	277743	*
H	62950	50	100.0	+	0	0	50M200I	f9407cb209761a7f36adff66fb4f94e9	277743
L	80524	250	*	*	*	*	*	199912	*
H	80524	50	100.0	+	0	0	50M200I	f9407cb209761a7f36adff66fb4f94e9	199912
L	118731	250	*	*	*	*	*	1854593	*
H	118731	50	100.0	+	0	0	50M200I	f9407cb209761a7f36adff66fb4f94e9	1854593
L	72785	250	*	*	*	*	*	241666	*
H	72785	50	100.0	+	0	0	50M200I	f9407cb209761a7f36adff66fb4f94e9	241666
N	*	50	*	*	*	*	*	2d0fb26eb9188dd8ca3d7a13491bb6e2	*
L	138050	250	*	*	*	*	*	1105362	*
H	138050	50	100.0	+	0	0	50M200I	9b4935cfba63d998bfba3629fd7fa54f	1105362
L	53912	250	*	*	*	*	*	316649	*
H	53912	50	100.0	+	0	0	50M200I	9b4935cfba63d998bfba3629fd7fa54f	316649
L	138049	250	*	*	*	*	*	829589	*
H	138049	50	100.0	+	0	0	50M200I	9b4935cfba63d998bfba3629fd7fa54f	829589
L	138048	250	*	*	*	*	*	834348	*
H	138048	50	100.0	+	0	0	50M200I	9b4935cfba63d998bfba3629fd7fa54f	834348
L	138047	250	*	*	*	*	*	829119	*
H	138047	50	100.0	+	0	0	50M200I	9b4935cfba63d998bfba3629fd7fa54f	829119
L	12993	250	*	*	*	*	*	751255	*
H	12993	50	100.0	+	0	0	50M200I	514b00ebe859de1ff3ba60b3e28f685b	751255
L	154944	250	*	*	*	*	*	3989538	*
H	154944	50	100.0	+	0	0	50M200I	514b00ebe859de1ff3ba60b3e28f685b	3989538
L	93523	250	*	*	*	*	*	153590	*
H	93523	50	100.0	+	0	0	50M200I	514b00ebe859de1ff3ba60b3e28f685b	153590
L	195930	250	*	*	*	*	*	4473972	*
H	195930	50	100.0	+	0	0	50M200I	514b00ebe859de1ff3ba60b3e28f685b	4473972
L	77950	250	*	*	*	*	*	215995	*
H	77950	50	100.0	+	0	0	50M200I	514b00ebe859de1ff3ba60b3e28f685b	215995
L	76086	250	*	*	*	*	*	225058	*
H	76086	50	100.0	+	0	0	50M200I	05be659c231b0fa4d1702965760f6378	225058
L	132560	250	*	*	*	*	*	1141995	*
H	132560	50	100.0	+	0	0	50M200I	05be659c231b0fa4d1702965760f6378	1141995
L	133890	250	*	*	*	*	*	1133377	*
H	133890	50	100.0	+	0	0	50M200I	05be659c231b0fa4d1702965760f6378	1133377
L	136090	250	*	*	*	*	*	810371	*
H	136090	50	100.0	+	0	0	50M200I	05be659c231b0fa4d1702965760f6378	810371
L	143526	250	*	*	*	*	*	913185	*
H	143526	50	100.0	+	0	0	50M200I	05be659c231b0fa4d1702965760f6378	913185
L	191590	250	*	*	*	*	*	4452210	*
H	191590	50	100.0	+	0	0	50M200I	d60c46784ddea0e0d904a38525574ab8	4452210
L	55600	250	*	*	*	*	*	309788	*
H	55600	50	100.0	+	0	0	50M200I	d60c46784ddea0e0d904a38525574ab8	309788
L	126983	250	*	*	*	*	*	1143296	*
H	126983	50	100.0	+	0	0	50M200I	d60c46784ddea0e0d904a38525574ab8	1143296
L	172273	250	*	*	*	*	*	4353982	*
H	172273	50	100.0	+	0	0	50M200I	d60c46784ddea0e0d904a38525574ab8	4353982
L	117219	250	*	*	*	*	*	1109016	*
H	117219	50	100.0	+	0	0	50M200I	d60c46784ddea0e0d904a38525574ab8	1109016
L	85517	250	*	*	*	*	*	184899	*
H	85517	50	100.0	+	0	0	50M200I	a402f3090b851dd47451bd7f1c692e85	184899
L	134692	250	*	*	*	*	*	644333	*
H	134692	50	100.0	+	0	0	50M200I	a402f3090b851dd47451bd7f1c692e85	644333
L	5562	250	*	*	*	*	*	934094	*
H	5562	50	100.0	+	0	0	50M200I	a402f3090b851dd47451bd7f1c692e85	934094
L	175771	250	*	*	*	*	*	4371784	*
H	175771	50	100.0	+	0	0	50M200I	a402f3090b851dd47451bd7f1c692e85	4371784
L	70845	250	*	*	*	*	*	249603	*
H	70845	50	100.0	+	0	0	50M200I	a402f3090b851dd47451bd7f1c692e85	249603
L	201432	250	*	*	*	*	*	2776654	*
H	201432	50	100.0	+	0	0	50M200I	13014eb4cd2b32559a66339a42df29dd	2776654
L	35882	250	*	*	*	*	*	518263	*
H	35882	50	100.0	+	0	0	50M200I	f7926bf66700b40da184463c0a125c34	518263
L	150548	250	*	*	*	*	*	1105901	*
H	150548	50	100.0	+	0	0	50M200I	f7926bf66700b40da184463c0a125c34	1105901
L	57607	250	*	*	*	*	*	301563	*
H	57607	50	100.0	+	0	0	50M200I	99092001133fe2149a63612e716c0245	301563
L	57655	250	*	*	*	*	*	301395	*
H	57655	50	100.0	+	0	0	50M200I	99092001133fe2149a63612e716c0245	301395
L	152786	250	*	*	*	*	*	3855938	*
H	152786	50	100.0	+	0	0	50M200I	99092001133fe2149a63612e716c0245	3855938
L	63806	250	*	*	*	*	*	274970	*
H	63806	50	100.0	+	0	0	50M200I	99092001133fe2149a63612e716c0245	274970
L	81755	250	*	*	*	*	*	195984	*
H	81755	50	100.0	+	0	0	50M200I	99092001133fe2149a63612e716c0245	195984
N	*	50	*	*	*	*	*	e9bc31ce7b08525d2c98ad58186d56c5	*
L	71052	250	*	*	*	*	*	248805	*
H	71052	50	100.0	+	0	0	50M200I	5bf1d7bff7d1bd949abcadf3e53bb6ee	248805
L	194323	250	*	*	*	*	*	4465978	*
H	194323	50	100.0	+	0	0	50M200I	5bf1d7bff7d1bd949abcadf3e53bb6ee	4465978
L	19826	250	*	*	*	*	*	584227	*
H	19826	50	100.0	+	0	0	50M200I	5bf1d7bff7d1bd949abcadf3e53bb6ee	584227
L	78784	250	*	*	*	*	*	210788	*
H	78784	50	100.0	+	0	0	50M200I	5bf1d7bff7d1bd949abcadf3e53bb6ee	210788
L	100116	250	*	*	*	*	*	113158	*
H	100116	50	100.0	+	0	0	50M200I	5bf1d7bff7d1bd949abcadf3e53bb6ee	113158
L	126277	250	*	*	*	*	*	1110581	*
H	126277	50	100.0	+	0	0	50M200I	f3b8b2ad68fb7f9e8fcf91a47b7639d6	1110581
L	153556	250	*	*	*	*	*	833717	*
H	153556	50	100.0	+	0	0	50M200I	f3b8b2ad68fb7f9e8fcf91a47b7639d6	833717
L	183089	250	*	*	*	*	*	4409380	*
H	183089	50	100.0	+	0	0	50M200I	f3b8b2ad68fb7f9e8fcf91a47b7639d6	4409380
L	12338	250	*	*	*	*	*	775425	*
H	12338	50	100.0	+	0	0	50M200I	f3b8b2ad68fb7f9e8fcf91a47b7639d6	775425
L	155081	250	*	*	*	*	*	1139968	*
H	155081	50	100.0	+	0	0	50M200I	f3b8b2ad68fb7f9e8fcf91a47b7639d6	1139968
L	122659	250	*	*	*	*	*	2080339	*
H	122659	50	100.0	+	0	0	50M200I	354ddaeb1ee1a22c426e1a6e498ee752	2080339
L	49878	250	*	*	*	*	*	333212	*
H	49878	50	100.0	+	0	0	50M200I	354ddaeb1ee1a22c426e1a6e498ee752	333212
L	138090	250	*	*	*	*	*	2974314	*
H	138090	50	100.0	+	0	0	50M200I	354ddaeb1ee1a22c426e1a6e498ee752	2974314
L	149205	250	*	*	*	*	*	732706	*
H	149205	50	100.0	+	0	0	50M200I	354ddaeb1ee1a22c426e1a6e498ee752	732706
L	110192	250	*	*	*	*	*	13898	*
H	110192	50	100.0	+	0	0	50M200I	354ddaeb1ee1a22c426e1a6e498ee752	13898
L	96719	250	*	*	*	*	*	141267	*
H	96719	50	100.0	+	0	0	50M200I	cb0f9629e629e8ebefff8fcb146388c4	141267
L	183140	250	*	*	*	*	*	4409615	*
H	183140	50	100.0	+	0	0	50M200I	cb0f9629e629e8ebefff8fcb146388c4	4409615
L	65867	250	*	*	*	*	*	268169	*
H	65867	50	100.0	+	0	0	50M200I	cb0f9629e629e8ebefff8fcb146388c4	268169
L	189166	250	*	*	*	*	*	4439479	*
H	189166	50	100.0	+	0	0	50M200I	cb0f9629e629e8ebefff8fcb146388c4	4439479
L	100046	250	*	*	*	*	*	113324	*
H	100046	50	100.0	+	0	0	50M200I	cb0f9629e629e8ebefff8fcb146388c4	113324
L	22972	250	*	*	*	*	*	572307	*
H	22972	50	100.0	+	0	0	50M200I	8565b42ce22b3a675a3368940bce6da1	572307
L	75737	250	*	*	*	*	*	226552	*
H	75737	50	100.0	+	0	0	50M200I	8565b42ce22b3a675a3368940bce6da1	226552
L	37223	250	*	*	*	*	*	512736	*
H	37223	50	100.0	+	0	0	50M200I	8565b42ce22b3a675a3368940bce6da1	512736
L	116015	250	*	*	*	*	*	1697001	*
H	116015	50	100.0	+	0	0	50M200I	8565b42ce22b3a675a3368940bce6da1	1697001
L	116020	250	*	*	*	*	*	1697009	*
H	116020	50	100.0	+	0	0	50M200I	8565b42ce22b3a675a3368940bce6da1	1697009
L	167532	250	*	*	*	*	*	4329610	*
H	167532	50	100.0	+	0	0	50M200I	5daeff2559d9ce3ec7f8f562038419e5	4329610
L	106369	250	*	*	*	*	*	67784	*
H	106369	50	100.0	+	0	0	50M200I	5daeff2559d9ce3ec7f8f562038419e5	67784
L	332	250	*	*	*	*	*	1109458	*
H	332	50	100.0	+	0	0	50M200I	5daeff2559d9ce3ec7f8f562038419e5	1109458
L	123100	250	*	*	*	*	*	835654	*
H	123100	50	100.0	+	0	0	50M200I	5daeff2559d9ce3ec7f8f562038419e5	835654
L	169361	250	*	*	*	*	*	4338800	*
H	169361	50	100.0	+	0	0	50M200I	5daeff2559d9ce3ec7f8f562038419e5	4338800
L	113581	250	*	*	*	*	*	822844	*
H	113581	50	100.0	+	0	0	50M200I	cdd599cefc2b4bbe53808c122333b4dc	822844
L	158884	250	*	*	*	*	*	1127864	*
H	158884	50	100.0	+	0	0	50M200I	cdd599cefc2b4bbe53808c122333b4dc	1127864
L	14737	250	*	*	*	*	*	688133	*
H	14737	50	100.0	+	0	0	50M200I	cdd599cefc2b4bbe53808c122333b4dc	688133
L	113514	250	*	*	*	*	*	1554821	*
H	113514	50	100.0	+	0	0	50M200I	cdd599cefc2b4bbe53808c122333b4dc	1554821
L	158915	250	*	*	*	*	*	657271	*
H	158915	50	100.0	+	0	0	50M200I	cdd599cefc2b4bbe53808c122333b4dc	657271
L	127732	250	*	*	*	*	*	2370847	*
H	127732	50	100.0	+	0	0	50M200I	1675f21643d176884486abfe06410cd5	2370847
L	14949	250	*	*	*	*	*	679787	*
H	14949	50	100.0	+	0	0	50M200I	1675f21643d176884486abfe06410cd5	679787
L	73160	250	*	*	*	*	*	240295	*
H	73160	50	100.0	+	0	0	50M200I	1675f21643d176884486abfe06410cd5	240295
L	105374	250	*	*	*	*	*	78832	*
H	105374	50	100.0	+	0	0	50M200I	1675f21643d176884486abfe06410cd5	78832
L	65085	250	*	*	*	*	*	270751	*
H	65085	50	100.0	+	0	0	50M200I	1675f21643d176884486abfe06410cd5	270751
L	5226	250	*	*	*	*	*	946708	*
H	5226	50	100.0	+	0	0	50M200I	7f10e88d8bc29b11de36363facded0e5	946708
L	36906	250	*	*	*	*	*	513871	*
H	36906	50	100.0	+	0	0	50M200I	7f10e88d8bc29b11de36363facded0e5	513871
L	27077	250	*	*	*	*	*	555144	*
H	27077	50	100.0	+	0	0	50M200I	7f10e88d8bc29b11de36363facded0e5	555144
L	175308	250	*	*	*	*	*	4369507	*
H	175308	50	100.0	+	0	0	50M200I	7f10e88d8bc29b11de36363facded0e5	4369507
L	172502	250	*	*	*	*	*	4355248	*
H	172502	50	100.0	+	0	0	50M200I	7f10e88d8bc29b11de36363facded0e5	4355248
L	45845	250	*	*	*	*	*	349481	*
H	45845	50	100.0	+	0	0	50M200I	7b7defc3862f4ba8e117896ed0738028	349481
L	121550	250	*	*	*	*	*	1112763	*
H	121550	50	100.0	+	0	0	50M200I	7b7defc3862f4ba8e117896ed0738028	1112763
N	*	50	*	*	*	*	*	e7e96f6b2e4a3733940aa54b34e34469	*
L	106270	250	*	*	*	*	*	69671	*
H	106270	50	100.0	+	0	0	50M200I	c92d25bab1c999ffe7d31b9a408fa3d9	69671
L	117387	250	*	*	*	*	*	616220	*
H	117387	50	100.0	+	0	0	50M200I	c92d25bab1c999ffe7d31b9a408fa3d9	616220
L	161681	250	*	*	*	*	*	4301643	*
H	161681	50	100.0	+	0	0	50M200I	c92d25bab1c999ffe7d31b9a408fa3d9	4301643
L	173809	250	*	*	*	*	*	4361921	*
H	173809	50	100.0	+	0	0	50M200I	c92d25bab1c999ffe7d31b9a408fa3d9	4361921
L	72352	250	*	*	*	*	*	243494	*
H	72352	50	100.0	+	0	0	50M200I	c92d25bab1c999ffe7d31b9a408fa3d9	243494
L	131130	250	*	*	*	*	*	2579232	*
H	131130	50	100.0	+	0	0	50M200I	86c168ce8b1c72d0cec05453794720c2	2579232
L	118646	250	*	*	*	*	*	1848701	*
H	118646	50	100.0	+	0	0	50M200I	86c168ce8b1c72d0cec05453794720c2	1848701
L	195486	250	*	*	*	*	*	4471635	*
H	195486	50	100.0	+	0	0	50M200I	86c168ce8b1c72d0cec05453794720c2	4471635
L	194416	250	*	*	*	*	*	4466514	*
H	194416	50	100.0	+	0	0	50M200I	86c168ce8b1c72d0cec05453794720c2	4466514
L	131100	250	*	*	*	*	*	1123279	*
H	131100	50	100.0	+	0	0	50M200I	86c168ce8b1c72d0cec05453794720c2	1123279
L	138860	250	*	*	*	*	*	3021839	*
H	138860	50	100.0	+	0	0	50M200I	caefe845aedf396519d985f05912a9ea	3021839
L	194800	250	*	*	*	*	*	4468330	*
H	194800	50	100.0	+	0	0	50M200I	caefe845aedf396519d985f05912a9ea	4468330
L	67973	250	*	*	*	*	*	260988	*
H	67973	50	100.0	+	0	0	50M200I	caefe845aedf396519d985f05912a9ea	260988
L	44306	250	*	*	*	*	*	355847	*
H	44306	50	100.0	+	0	0	50M200I	caefe845aedf396519d985f05912a9ea	355847
L	55007	250	*	*	*	*	*	312041	*
H	55007	50	100.0	+	0	0	50M200I	caefe845aedf396519d985f05912a9ea	312041
L	27713	250	*	*	*	*	*	552512	*
H	27713	50	100.0	+	0	0	50M200I	24029670630060b5bf93a8d63f46407b	552512
L	7287	250	*	*	*	*	*	867428	*
H	7287	50	100.0	+	0	0	50M200I	24029670630060b5bf93a8d63f46407b	867428
L	113531	250	*	*	*	*	*	1123486	*
H	113531	50	100.0	+	0	0	50M200I	24029670630060b5bf93a8d63f46407b	1123486
L	7214	250	*	*	*	*	*	869850	*
H	7214	50	100.0	+	0	0	50M200I	24029670630060b5bf93a8d63f46407b	869850
L	11278	250	*	*	*	*	*	807200	*
H	11278	50	100.0	+	0	0	50M200I	24029670630060b5bf93a8d63f46407b	807200
L	202398	250	*	*	*	*	*	4362617	*
H	202398	50	100.0	+	0	0	50M200I	81572f0ffa2efeabd7aa22d9881116ce	4362617
L	202399	250	*	*	*	*	*	4362618	*
H	202399	50	100.0	+	0	0	50M200I	81572f0ffa2efeabd7aa22d9881116ce	4362618
L	202401	250	*	*	*	*	*	4362620	*
H	202401	50	100.0	+	0	0	50M200I	81572f0ffa2efeabd7aa22d9881116ce	4362620
L	200459	250	*	*	*	*	*	71074	*
H	200459	50	100.0	+	0	0	50M200I	81572f0ffa2efeabd7aa22d9881116ce	71074
L	198502	250	*	*	*	*	*	572813	*
H	198502	50	100.0	+	0	0	50M200I	81572f0ffa2efeabd7aa22d9881116ce	572813
N	*	50	*	*	*	*	*	9308f6fb7ba61e2760184052cd1084b2	*
L	70111	250	*	*	*	*	*	252578	*
H	70111	50	100.0	+	0	0	50M200I	a813cea98932247942666328df9cd21f	252578
L	71142	250	*	*	*	*	*	248449	*
H	71142	50	100.0	+	0	0	50M200I	a813cea98932247942666328df9cd21f	248449
L	75840	250	*	*	*	*	*	226074	*
H	75840	50	100.0	+	0	0	50M200I	a813cea98932247942666328df9cd21f	226074
L	93890	250	*	*	*	*	*	152097	*
H	93890	50	100.0	+	0	0	50M200I	a813cea98932247942666328df9cd21f	152097
L	78758	250	*	*	*	*	*	210904	*
H	78758	50	100.0	+	0	0	50M200I	a813cea98932247942666328df9cd21f	210904
L	54454	250	*	*	*	*	*	314338	*
H	54454	50	100.0	+	0	0	50M200I	94c8c13dbba146526c35ab29aa2e5cce	314338
L	54616	250	*	*	*	*	*	313637	*
H	54616	50	100.0	+	0	0	50M200I	94c8c13dbba146526c35ab29aa2e5cce	313637
L	54636	250	*	*	*	*	*	313542	*
H	54636	50	100.0	+	0	0	50M200I	94c8c13dbba146526c35ab29aa2e5cce	313542
L	54660	250	*	*	*	*	*	313447	*
H	54660	50	100.0	+	0	0	50M200I	94c8c13dbba146526c35ab29aa2e5cce	313447
L	54699	250	*	*	*	*	*	313270	*
H	54699	50	100.0	+	0	0	50M200I	94c8c13dbba146526c35ab29aa2e5cce	313270
L	144792	250	*	*	*	*	*	823297	*
H	144792	50	100.0	+	0	0	50M200I	8aad8fc81cddad0a12ae1ce579907c1d	823297
L	49774	250	*	*	*	*	*	333636	*
H	49774	50	100.0	+	0	0	50M200I	8aad8fc81cddad0a12ae1ce579907c1d	333636
L	194821	250	*	*	*	*	*	4468433	*
H	194821	50	100.0	+	0	0	50M200I	8aad8fc81cddad0a12ae1ce579907c1d	4468433
L	21425	250	*	*	*	*	*	578632	*
H	21425	50	100.0	+	0	0	50M200I	8aad8fc81cddad0a12ae1ce579907c1d	578632
L	195009	250	*	*	*	*	*	4469309	*
H	195009	50	100.0	+	0	0	50M200I	8aad8fc81cddad0a12ae1ce579907c1d	4469309
L	135283	250	*	*	*	*	*	817488	*
H	135283	50	100.0	+	0	0	50M200I	45d4a93378d7b62137a590e2dd9dbb3b	817488
L	184929	250	*	*	*	*	*	4418486	*
H	184929	50	100.0	+	0	0	50M200I	45d4a93378d7b62137a590e2dd9dbb3b	4418486
L	135282	250	*	*	*	*	*	820269	*
H	135282	50	100.0	+	0	0	50M200I	45d4a93378d7b62137a590e2dd9dbb3b	820269
L	166564	250	*	*	*	*	*	4324622	*
H	166564	50	100.0	+	0	0	50M200I	45d4a93378d7b62137a590e2dd9dbb3b	4324622
L	171362	250	*	*	*	*	*	4349037	*
H	171362	50	100.0	+	0	0	50M200I	45d4a93378d7b62137a590e2dd9dbb3b	4349037
L	190908	250	*	*	*	*	*	4448516	*
H	190908	50	100.0	+	0	0	50M200I	974a32b20c7b0da06ae12b9eba3b9666	4448516
L	172236	250	*	*	*	*	*	4353820	*
H	172236	50	100.0	+	0	0	50M200I	974a32b20c7b0da06ae12b9eba3b9666	4353820
L	187509	250	*	*	*	*	*	4431443	*
H	187509	50	100.0	+	0	0	50M200I	974a32b20c7b0da06ae12b9eba3b9666	4431443
L	179903	250	*	*	*	*	*	4392887	*
H	179903	50	100.0	+	0	0	50M200I	974a32b20c7b0da06ae12b9eba3b9666	4392887
L	172073	250	*	*	*	*	*	4352931	*
H	172073	50	100.0	+	0	0	50M200I	974a32b20c7b0da06ae12b9eba3b9666	4352931
L	87187	250	*	*	*	*	*	179688	*
H	87187	50	100.0	+	0	0	50M200I	f3b2b552fe0fec485937aa9a5444e045	179688
L	136680	250	*	*	*	*	*	2894593	*
H	136680	50	100.0	+	0	0	50M200I	f3b2b552fe0fec485937aa9a5444e045	2894593
L	87603	250	*	*	*	*	*	178478	*
H	87603	50	100.0	+	0	0	50M200I	f3b2b552fe0fec485937aa9a5444e045	178478
L	91341	250	*	*	*	*	*	162539	*
H	91341	50	100.0	+	0	0	50M200I	f3b2b552fe0fec485937aa9a5444e045	162539
L	46433	250	*	*	*	*	*	347157	*
H	46433	50	100.0	+	0	0	50M200I	f3b2b552fe0fec485937aa9a5444e045	347157
N	*	50	*	*	*	*	*	cb8f895e5437e5d6559bd3e673a52ae5	*
L	50378	250	*	*	*	*	*	331143	*
H	50378	50	100.0	+	0	0	50M200I	6e636eb1f6c483664bc5fd61ca884ba9	331143
L	85763	250	*	*	*	*	*	184041	*
H	85763	50	100.0	+	0	0	50M200I	6e636eb1f6c483664bc5fd61ca884ba9	184041
L	50385	250	*	*	*	*	*	331117	*
H	50385	50	100.0	+	0	0	50M200I	6e636eb1f6c483664bc5fd61ca884ba9	331117
L	50386	250	*	*	*	*	*	331116	*
H	50386	50	100.0	+	0	0	50M200I	6e636eb1f6c483664bc5fd61ca884ba9	331116
L	85761	250	*	*	*	*	*	184046	*
H	85761	50	100.0	+	0	0	50M200I	6e636eb1f6c483664bc5fd61ca884ba9	184046
L	157756	250	*	*	*	*	*	811318	*
H	157756	50	100.0	+	0	0	50M200I	508cfb137772b063da147e84d2cd7df7	811318
L	122346	250	*	*	*	*	*	790862	*
H	122346	50	100.0	+	0	0	50M200I	508cfb137772b063da147e84d2cd7df7	790862
L	122212	250	*	*	*	*	*	697997	*
H	122212	50	100.0	+	0	0	50M200I	508cfb137772b063da147e84d2cd7df7	697997
L	122176	250	*	*	*	*	*	817942	*
H	122176	50	100.0	+	0	0	50M200I	508cfb137772b063da147e84d2cd7df7	817942
L	157412	250	*	*	*	*	*	1146003	*
H	157412	50	100.0	+	0	0	50M200I	508cfb137772b063da147e84d2cd7df7	1146003
L	50048	250	*	*	*	*	*	332500	*
H	50048	50	100.0	+	0	0	50M200I	20e92f416d9f589bfc3a3a6760f1a1de	332500
L	59541	250	*	*	*	*	*	294773	*
H	59541	50	100.0	+	0	0	50M200I	20e92f416d9f589bfc3a3a6760f1a1de	294773
L	35042	250	*	*	*	*	*	521988	*
H	35042	50	100.0	+	0	0	50M200I	20e92f416d9f589bfc3a3a6760f1a1de	521988
L	35057	250	*	*	*	*	*	521919	*
H	35057	50	100.0	+	0	0	50M200I	20e92f416d9f589bfc3a3a6760f1a1de	521919
L	35064	250	*	*	*	*	*	521891	*
H	35064	50	100.0	+	0	0	50M200I	20e92f416d9f589bfc3a3a6760f1a1de	521891
L	30597	250	*	*	*	*	*	540579	*
H	30597	50	100.0	+	0	0	50M200I	ea7b4b7c87a96c8391f55a9ae6c64dd2	540579
L	58742	250	*	*	*	*	*	297569	*
H	58742	50	100.0	+	0	0	50M200I	ea7b4b7c87a96c8391f55a9ae6c64dd2	297569
L	58719	250	*	*	*	*	*	297631	*
H	58719	50	100.0	+	0	0	50M200I	ea7b4b7c87a96c8391f55a9ae6c64dd2	297631
L	58689	250	*	*	*	*	*	297763	*
H	58689	50	100.0	+	0	0	50M200I	ea7b4b7c87a96c8391f55a9ae6c64dd2	297763
L	30967	250	*	*	*	*	*	539050	*
H	30967	50	100.0	+	0	0	50M200I	ea7b4b7c87a96c8391f55a9ae6c64dd2	539050
L	55718	250	*	*	*	*	*	309276	*
H	55718	50	100.0	+	0	0	50M200I	0b3032b74ca5b245b57c84bbe2270feb	309276
L	168237	250	*	*	*	*	*	4333205	*
H	168237	50	100.0	+	0	0	50M200I	0b3032b74ca5b245b57c84bbe2270feb	4333205
L	168230	250	*	*	*	*	*	4333177	*
H	168230	50	100.0	+	0	0	50M200I	0b3032b74ca5b245b57c84bbe2270feb	4333177
L	168162	250	*	*	*	*	*	4332847	*
H	168162	50	100.0	+	0	0	50M200I	0b3032b74ca5b245b57c84bbe2270feb	4332847
L	168139	250	*	*	*	*	*	4332733	*
H	168139	50	100.0	+	0	0	50M200I	0b3032b74ca5b245b57c84bbe2270feb	4332733
L	168091	250	*	*	*	*	*	4332462	*
H	168091	50	100.0	+	0	0	50M200I	d10894936d08e62381201d90472af259	4332462
L	15986	250	*	*	*	*	*	642752	*
H	15986	50	100.0	+	0	0	50M200I	d10894936d08e62381201d90472af259	642752
L	112101	250	*	*	*	*	*	3708	*
H	112101	50	100.0	+	0	0	50M200I	d10894936d08e62381201d90472af259	3708
L	112100	250	*	*	*	*	*	3709	*
H	112100	50	100.0	+	0	0	50M200I	d10894936d08e62381201d90472af259	3709
L	152722	250	*	*	*	*	*	1131895	*
H	152722	50	100.0	+	0	0	50M200I	d10894936d08e62381201d90472af259	1131895
L	192828	250	*	*	*	*	*	4458304	*
H	192828	50	100.0	+	0	0	50M200I	c3a6fdefe2cf5ff92cc4ad1d4e461eb2	4458304
L	162402	250	*	*	*	*	*	4304983	*
H	162402	50	100.0	+	0	0	50M200I	c3a6fdefe2cf5ff92cc4ad1d4e461eb2	4304983
L	104140	250	*	*	*	*	*	92496	*
H	104140	50	100.0	+	0	0	50M200I	c3a6fdefe2cf5ff92cc4ad1d4e461eb2	92496
L	193573	250	*	*	*	*	*	4462026	*
H	193573	50	100.0	+	0	0	50M200I	c3a6fdefe2cf5ff92cc4ad1d4e461eb2	4462026
L	162436	250	*	*	*	*	*	4305194	*
H	162436	50	100.0	+	0	0	50M200I	c3a6fdefe2cf5ff92cc4ad1d4e461eb2	4305194
N	*	50	*	*	*	*	*	5b79c4031f1e96a08de2a5c6ab02ab62	*
L	201855	250	*	*	*	*	*	3684831	*
H	201855	50	100.0	+	0	0	50M200I	d622a17ab9e11271b6d821f3251c13d6	3684831
L	201854	250	*	*	*	*	*	3684829	*
H	201854	50	100.0	+	0	0	50M200I	d622a17ab9e11271b6d821f3251c13d6	3684829
L	198411	250	*	*	*	*	*	623003	*
H	198411	50	100.0	+	0	0	50M200I	d622a17ab9e11271b6d821f3251c13d6	623003
L	200072	250	*	*	*	*	*	141782	*
H	200072	50	100.0	+	0	0	50M200I	d622a17ab9e11271b6d821f3251c13d6	141782
L	200077	250	*	*	*	*	*	141403	*
H	200077	50	100.0	+	0	0	50M200I	d622a17ab9e11271b6d821f3251c13d6	141403
L	101940	250	*	*	*	*	*	105538	*
H	101940	50	100.0	+	0	0	50M200I	1eabbcd06c0b04e07d0a23be8effa86b	105538
L	136697	250	*	*	*	*	*	2896106	*
H	136697	50	100.0	+	0	0	50M200I	1eabbcd06c0b04e07d0a23be8effa86b	2896106
L	193213	250	*	*	*	*	*	4460263	*
H	193213	50	100.0	+	0	0	50M200I	1eabbcd06c0b04e07d0a23be8effa86b	4460263
L	193634	250	*	*	*	*	*	4462446	*
H	193634	50	100.0	+	0	0	50M200I	1eabbcd06c0b04e07d0a23be8effa86b	4462446
L	109690	250	*	*	*	*	*	16146	*
H	109690	50	100.0	+	0	0	50M200I	1eabbcd06c0b04e07d0a23be8effa86b	16146
L	118350	250	*	*	*	*	*	1111760	*
H	118350	50	100.0	+	0	0	50M200I	7fca903053888fe1031239a3a3cf9b4c	1111760
L	1517	250	*	*	*	*	*	1086906	*
H	1517	50	100.0	+	0	0	50M200I	7fca903053888fe1031239a3a3cf9b4c	1086906
L	73619	250	*	*	*	*	*	238563	*
H	73619	50	100.0	+	0	0	50M200I	7fca903053888fe1031239a3a3cf9b4c	238563
L	20880	250	*	*	*	*	*	580575	*
H	20880	50	100.0	+	0	0	50M200I	7fca903053888fe1031239a3a3cf9b4c	580575
L	28788	250	*	*	*	*	*	548147	*
H	28788	50	100.0	+	0	0	50M200I	7fca903053888fe1031239a3a3cf9b4c	548147
L	188947	250	*	*	*	*	*	4438545	*
H	188947	50	100.0	+	0	0	50M200I	d27cd3d8a481911af9e49b56521c85dd	4438545
L	168914	250	*	*	*	*	*	4336568	*
H	168914	50	100.0	+	0	0	50M200I	d27cd3d8a481911af9e49b56521c85dd	4336568
L	46794	250	*	*	*	*	*	345666	*
H	46794	50	100.0	+	0	0	50M200I	d27cd3d8a481911af9e49b56521c85dd	345666
L	46811	250	*	*	*	*	*	345616	*
H	46811	50	100.0	+	0	0	50M200I	d27cd3d8a481911af9e49b56521c85dd	345616
L	160471	250	*	*	*	*	*	4295999	*
H	160471	50	100.0	+	0	0	50M200I	d27cd3d8a481911af9e49b56521c85dd	4295999
L	161191	250	*	*	*	*	*	4299150	*
H	161191	50	100.0	+	0	0	50M200I	3327c8d23aebe8c7125ef37bca6fb996	4299150
L	192716	250	*	*	*	*	*	4457833	*
H	192716	50	100.0	+	0	0	50M200I	3327c8d23aebe8c7125ef37bca6fb996	4457833
L	97717	250	*	*	*	*	*	136998	*
H	97717	50	100.0	+	0	0	50M200I	3327c8d23aebe8c7125ef37bca6fb996	136998
L	189623	250	*	*	*	*	*	4441684	*
H	189623	50	100.0	+	0	0	50M200I	3327c8d23aebe8c7125ef37bca6fb996	4441684
L	101148	250	*	*	*	*	*	109053	*
H	101148	50	100.0	+	0	0	50M200I	3327c8d23aebe8c7125ef37bca6fb996	109053
L	183535	250	*	*	*	*	*	4411670	*
H	183535	50	100.0	+	0	0	50M200I	31a7289e99e0350cf2f099ec636380f5	4411670
L	182818	250	*	*	*	*	*	4408072	*
H	182818	50	100.0	+	0	0	50M200I	31a7289e99e0350cf2f099ec636380f5	4408072
L	78112	250	*	*	*	*	*	214965	*
H	78112	50	100.0	+	0	0	50M200I	31a7289e99e0350cf2f099ec636380f5	214965
L	179949	250	*	*	*	*	*	4393101	*
H	179949	50	100.0	+	0	0	50M200I	31a7289e99e0350cf2f099ec636380f5	4393101
L	113823	250	*	*	*	*	*	1112656	*
H	113823	50	100.0	+	0	0	50M200I	31a7289e99e0350cf2f099ec636380f5	1112656
N	*	50	*	*	*	*	*	b76682c0d27fcf2d800d26fbc6e52a92	*
L	49987	250	*	*	*	*	*	332764	*
H	49987	50	100.0	+	0	0	50M200I	8245c26edb85fd0bded260a3fd8a4d27	332764
L	58328	250	*	*	*	*	*	299147	*
H	58328	50	100.0	+	0	0	50M200I	8245c26edb85fd0bded260a3fd8a4d27	299147
L	43494	250	*	*	*	*	*	360044	*
H	43494	50	100.0	+	0	0	50M200I	8245c26edb85fd0bded260a3fd8a4d27	360044
L	82506	250	*	*	*	*	*	193861	*
H	82506	50	100.0	+	0	0	50M200I	8245c26edb85fd0bded260a3fd8a4d27	193861
L	194286	250	*	*	*	*	*	4465746	*
H	194286	50	100.0	+	0	0	50M200I	8245c26edb85fd0bded260a3fd8a4d27	4465746
L	194728	250	*	*	*	*	*	4467951	*
H	194728	50	100.0	+	0	0	50M200I	8335aae2b40cc296d5830bbfa26d2e9b	4467951
L	37749	250	*	*	*	*	*	511029	*
H	37749	50	100.0	+	0	0	50M200I	8335aae2b40cc296d5830bbfa26d2e9b	511029
L	194727	250	*	*	*	*	*	4467949	*
H	194727	50	100.0	+	0	0	50M200I	8335aae2b40cc296d5830bbfa26d2e9b	4467949
L	151129	250	*	*	*	*	*	1128696	*
H	151129	50	100.0	+	0	0	50M200I	8335aae2b40cc296d5830bbfa26d2e9b	1128696
L	124652	250	*	*	*	*	*	2193695	*
H	124652	50	100.0	+	0	0	50M200I	8335aae2b40cc296d5830bbfa26d2e9b	2193695
L	155252	250	*	*	*	*	*	701620	*
H	155252	50	100.0	+	0	0	50M200I	2b9674615c4fb0c2697cd9f6fe7e3f8b	701620
L	133639	250	*	*	*	*	*	619163	*
H	133639	50	100.0	+	0	0	50M200I	2b9674615c4fb0c2697cd9f6fe7e3f8b	619163
L	15788	250	*	*	*	*	*	649810	*
H	15788	50	100.0	+	0	0	50M200I	2b9674615c4fb0c2697cd9f6fe7e3f8b	649810
L	182443	250	*	*	*	*	*	4406087	*
H	182443	50	100.0	+	0	0	50M200I	2b9674615c4fb0c2697cd9f6fe7e3f8b	4406087
L	146564	250	*	*	*	*	*	1147139	*
H	146564	50	100.0	+	0	0	50M200I	2b9674615c4fb0c2697cd9f6fe7e3f8b	1147139
N	*	50	*	*	*	*	*	d03038bd59240ce0ac18f3d167cdbc53	*
N	*	50	*	*	*	*	*	a440ed1e83b0e6dd506893d220fd39e5	*
L	34152	250	*	*	*	*	*	525735	*
H	34152	50	100.0	+	0	0	50M200I	c617423bb359f72ed41af659f5b72069	525735
L	34154	250	*	*	*	*	*	525715	*
H	34154	50	100.0	+	0	0	50M200I	c617423bb359f72ed41af659f5b72069	525715
L	34159	250	*	*	*	*	*	525698	*
H	34159	50	100.0	+	0	0	50M200I	c617423bb359f72ed41af659f5b72069	525698
L	34170	250	*	*	*	*	*	525665	*
H	34170	50	100.0	+	0	0	50M200I	c617423bb359f72ed41af659f5b72069	525665
L	42824	250	*	*	*	*	*	363387	*
H	42824	50	100.0	+	0	0	50M200I	c617423bb359f72ed41af659f5b72069	363387
L	145441	250	*	*	*	*	*	3415982	*
H	145441	50	100.0	+	0	0	50M200I	def2019f304f8a59edb8cab3aa78ecd1	3415982
L	136924	250	*	*	*	*	*	1040592	*
H	136924	50	100.0	+	0	0	50M200I	def2019f304f8a59edb8cab3aa78ecd1	1040592
L	57413	250	*	*	*	*	*	302201	*
H	57413	50	100.0	+	0	0	50M200I	def2019f304f8a59edb8cab3aa78ecd1	302201
L	166610	250	*	*	*	*	*	4324944	*
H	166610	50	100.0	+	0	0	50M200I	def2019f304f8a59edb8cab3aa78ecd1	4324944
L	57375	250	*	*	*	*	*	302364	*
H	57375	50	100.0	+	0	0	50M200I	def2019f304f8a59edb8cab3aa78ecd1	302364
L	181857	250	*	*	*	*	*	4403009	*
H	181857	50	100.0	+	0	0	50M200I	acd6f679e7ab12be00e31df3b13bbffb	4403009
L	163117	250	*	*	*	*	*	4308213	*
H	163117	50	100.0	+	0	0	50M200I	acd6f679e7ab12be00e31df3b13bbffb	4308213
L	96981	250	*	*	*	*	*	140280	*
H	96981	50	100.0	+	0	0	50M200I	acd6f679e7ab12be00e31df3b13bbffb	140280
L	121507	250	*	*	*	*	*	812462	*
H	121507	50	100.0	+	0	0	50M200I	acd6f679e7ab12be00e31df3b13bbffb	812462
L	119578	250	*	*	*	*	*	1901719	*
H	119578	50	100.0	+	0	0	50M200I	acd6f679e7ab12be00e31df3b13bbffb	1901719
L	112505	250	*	*	*	*	*	1736	*
H	112505	50	100.0	+	0	0	50M200I	d2fc1ae7d8bc23f407ecadf88ef8e122	1736
L	103912	250	*	*	*	*	*	95148	*
H	103912	50	100.0	+	0	0	50M200I	d2fc1ae7d8bc23f407ecadf88ef8e122	95148
L	105613	250	*	*	*	*	*	76099	*
H	105613	50	100.0	+	0	0	50M200I	d2fc1ae7d8bc23f407ecadf88ef8e122	76099
L	27437	250	*	*	*	*	*	553643	*
H	27437	50	100.0	+	0	0	50M200I	d2fc1ae7d8bc23f407ecadf88ef8e122	553643
L	30099	250	*	*	*	*	*	542654	*
H	30099	50	100.0	+	0	0	50M200I	d2fc1ae7d8bc23f407ecadf88ef8e122	542654
L	38654	250	*	*	*	*	*	495070	*
H	38654	50	100.0	+	0	0	50M200I	3a800a7cbb56ad1ef55571fdf186a5e2	495070
L	38447	250	*	*	*	*	*	505565	*
H	38447	50	100.0	+	0	0	50M200I	3a800a7cbb56ad1ef55571fdf186a5e2	505565
L	152161	250	*	*	*	*	*	905672	*
H	152161	50	100.0	+	0	0	50M200I	3a800a7cbb56ad1ef55571fdf186a5e2	905672
L	3111	250	*	*	*	*	*	1025832	*
H	3111	50	100.0	+	0	0	50M200I	3a800a7cbb56ad1ef55571fdf186a5e2	1025832
L	41435	250	*	*	*	*	*	370309	*
H	41435	50	100.0	+	0	0	50M200I	3a800a7cbb56ad1ef55571fdf186a5e2	370309
L	37484	250	*	*	*	*	*	511906	*
H	37484	50	100.0	+	0	0	50M200I	1cec7f7229b89c7dd169ba882bc31ed4	511906
L	14799	250	*	*	*	*	*	686002	*
H	14799	50	100.0	+	0	0	50M200I	1cec7f7229b89c7dd169ba882bc31ed4	686002
L	97791	250	*	*	*	*	*	136795	*
H	97791	50	100.0	+	0	0	50M200I	1cec7f7229b89c7dd169ba882bc31ed4	136795
L	154960	250	*	*	*	*	*	3990160	*
H	154960	50	100.0	+	0	0	50M200I	1cec7f7229b89c7dd169ba882bc31ed4	3990160
L	97784	250	*	*	*	*	*	136809	*
H	97784	50	100.0	+	0	0	50M200I	1cec7f7229b89c7dd169ba882bc31ed4	136809
L	120469	250	*	*	*	*	*	702015	*
H	120469	50	100.0	+	0	0	50M200I	eb97191bd699284c15a0682c8ff71069	702015
L	46560	250	*	*	*	*	*	346656	*
H	46560	50	100.0	+	0	0	50M200I	eb97191bd699284c15a0682c8ff71069	346656
L	181347	250	*	*	*	*	*	4400328	*
H	181347	50	100.0	+	0	0	50M200I	eb97191bd699284c15a0682c8ff71069	4400328
L	141302	250	*	*	*	*	*	1006382	*
H	141302	50	100.0	+	0	0	50M200I	eb97191bd699284c15a0682c8ff71069	1006382
L	150373	250	*	*	*	*	*	3719113	*
H	150373	50	100.0	+	0	0	50M200I	eb97191bd699284c15a0682c8ff71069	3719113
L	42091	250	*	*	*	*	*	367084	*
H	42091	50	100.0	+	0	0	50M200I	cfb4d10725ec7c0cd59a0452bec5bcb5	367084
L	57334	250	*	*	*	*	*	302503	*
H	57334	50	100.0	+	0	0	50M200I	cfb4d10725ec7c0cd59a0452bec5bcb5	302503
L	42103	250	*	*	*	*	*	367020	*
H	42103	50	100.0	+	0	0	50M200I	cfb4d10725ec7c0cd59a0452bec5bcb5	367020
L	88334	250	*	*	*	*	*	176175	*
H	88334	50	100.0	+	0	0	50M200I	cfb4d10725ec7c0cd59a0452bec5bcb5	176175
L	115440	250	*	*	*	*	*	1669215	*
H	115440	50	100.0	+	0	0	50M200I	cfb4d10725ec7c0cd59a0452bec5bcb5	1669215
N	*	50	*	*	*	*	*	ab1494462f170636148ea81017b6ee7c	*
L	56244	250	*	*	*	*	*	307086	*
H	56244	50	100.0	+	0	0	50M200I	319f30b9ebe4c9ce189b7783e7fd7ece	307086
L	56152	250	*	*	*	*	*	307441	*
H	56152	50	100.0	+	0	0	50M200I	319f30b9ebe4c9ce189b7783e7fd7ece	307441
L	56123	250	*	*	*	*	*	307554	*
H	56123	50	100.0	+	0	0	50M200I	319f30b9ebe4c9ce189b7783e7fd7ece	307554
L	47639	250	*	*	*	*	*	342245	*
H	47639	50	100.0	+	0	0	50M200I	319f30b9ebe4c9ce189b7783e7fd7ece	342245
L	175474	250	*	*	*	*	*	4370356	*
H	175474	50	100.0	+	0	0	50M200I	319f30b9ebe4c9ce189b7783e7fd7ece	4370356
N	*	50	*	*	*	*	*	8c027fa8005deaaf1dad1a8aa2fb54aa	*
N	*	50	*	*	*	*	*	d6fcd2f7048ffbc5aed3ec614fef4595	*
L	153299	250	*	*	*	*	*	3890144	*
H	153299	50	100.0	+	0	0	50M200I	4a207ca16e01e7b0f9e6c5cda1217063	3890144
L	29104	250	*	*	*	*	*	546765	*
H	29104	50	100.0	+	0	0	50M200I	4a207ca16e01e7b0f9e6c5cda1217063	546765
L	26040	250	*	*	*	*	*	559527	*
H	26040	50	100.0	+	0	0	50M200I	4a207ca16e01e7b0f9e6c5cda1217063	559527
L	18531	250	*	*	*	*	*	588954	*
H	18531	50	100.0	+	0	0	50M200I	4a207ca16e01e7b0f9e6c5cda1217063	588954
L	108362	250	*	*	*	*	*	36261	*
H	108362	50	100.0	+	0	0	50M200I	4a207ca16e01e7b0f9e6c5cda1217063	36261
L	73006	250	*	*	*	*	*	240845	*
H	73006	50	100.0	+	0	0	50M200I	5fdb5080f0bebe9595a7af63a87fe316	240845
L	2853	250	*	*	*	*	*	1037039	*
H	2853	50	100.0	+	0	0	50M200I	5fdb5080f0bebe9595a7af63a87fe316	1037039
L	101476	250	*	*	*	*	*	107469	*
H	101476	50	100.0	+	0	0	50M200I	5fdb5080f0bebe9595a7af63a87fe316	107469
L	11163	250	*	*	*	*	*	808356	*
H	11163	50	100.0	+	0	0	50M200I	5fdb5080f0bebe9595a7af63a87fe316	808356
L	73132	250	*	*	*	*	*	240388	*
H	73132	50	100.0	+	0	0	50M200I	5fdb5080f0bebe9595a7af63a87fe316	240388
N	*	50	*	*	*	*	*	1e2d1a8f03accd4907d668b183c2f9f0	*
L	136084	250	*	*	*	*	*	2860834	*
H	136084	50	100.0	+	0	0	50M200I	5370f673232483505b6bd7cc56d92885	2860834
L	136071	250	*	*	*	*	*	2860102	*
H	136071	50	100.0	+	0	0	50M200I	5370f673232483505b6bd7cc56d92885	2860102
L	112661	250	*	*	*	*	*	1503856	*
H	112661	50	100.0	+	0	0	50M200I	5370f673232483505b6bd7cc56d92885	1503856
L	89347	250	*	*	*	*	*	172709	*
H	89347	50	100.0	+	0	0	50M200I	5370f673232483505b6bd7cc56d92885	172709
L	13285	250	*	*	*	*	*	741050	*
H	13285	50	100.0	+	0	0	50M200I	5370f673232483505b6bd7cc56d92885	741050
L	153859	250	*	*	*	*	*	851812	*
H	153859	50	100.0	+	0	0	50M200I	fc0e6c3e5e859553cebda3dcc4b115a2	851812
L	90201	250	*	*	*	*	*	168210	*
H	90201	50	100.0	+	0	0	50M200I	fc0e6c3e5e859553cebda3dcc4b115a2	168210
L	16389	250	*	*	*	*	*	628385	*
H	16389	50	100.0	+	0	0	50M200I	1e5640b340cb44ae36ed936dd21c3f7d	628385
L	177757	250	*	*	*	*	*	4381925	*
H	177757	50	100.0	+	0	0	50M200I	1e5640b340cb44ae36ed936dd21c3f7d	4381925
L	191473	250	*	*	*	*	*	4451552	*
H	191473	50	100.0	+	0	0	50M200I	1e5640b340cb44ae36ed936dd21c3f7d	4451552
L	11407	250	*	*	*	*	*	806063	*
H	11407	50	100.0	+	0	0	50M200I	1e5640b340cb44ae36ed936dd21c3f7d	806063
L	12552	250	*	*	*	*	*	766285	*
H	12552	50	100.0	+	0	0	50M200I	1e5640b340cb44ae36ed936dd21c3f7d	766285
L	15001	250	*	*	*	*	*	677908	*
H	15001	50	100.0	+	0	0	50M200I	9d2c271ccf9859285c09d4ef44da7dbb	677908
L	71000	250	*	*	*	*	*	249037	*
H	71000	50	100.0	+	0	0	50M200I	9d2c271ccf9859285c09d4ef44da7dbb	249037
L	15224	250	*	*	*	*	*	669852	*
H	15224	50	100.0	+	0	0	50M200I	9d2c271ccf9859285c09d4ef44da7dbb	669852
L	15233	250	*	*	*	*	*	669516	*
H	15233	50	100.0	+	0	0	50M200I	9d2c271ccf9859285c09d4ef44da7dbb	669516
L	178066	250	*	*	*	*	*	4383661	*
H	178066	50	100.0	+	0	0	50M200I	9d2c271ccf9859285c09d4ef44da7dbb	4383661
L	62902	250	*	*	*	*	*	277875	*
H	62902	50	100.0	+	0	0	50M200I	55ba60dfa9bdfcc8df49f0702ab72249	277875
L	70365	250	*	*	*	*	*	251516	*
H	70365	50	100.0	+	0	0	50M200I	55ba60dfa9bdfcc8df49f0702ab72249	251516
L	179086	250	*	*	*	*	*	4388793	*
H	179086	50	100.0	+	0	0	50M200I	55ba60dfa9bdfcc8df49f0702ab72249	4388793
L	107534	250	*	*	*	*	*	48640	*
H	107534	50	100.0	+	0	0	50M200I	55ba60dfa9bdfcc8df49f0702ab72249	48640
L	98541	250	*	*	*	*	*	132291	*
H	98541	50	100.0	+	0	0	50M200I	55ba60dfa9bdfcc8df49f0702ab72249	132291
L	170227	250	*	*	*	*	*	4343138	*
H	170227	50	100.0	+	0	0	50M200I	faf314b8f8d0a3794607aff054abb7f5	4343138
L	56835	250	*	*	*	*	*	304519	*
H	56835	50	100.0	+	0	0	50M200I	faf314b8f8d0a3794607aff054abb7f5	304519
L	56629	250	*	*	*	*	*	305369	*
H	56629	50	100.0	+	0	0	50M200I	faf314b8f8d0a3794607aff054abb7f5	305369
L	56562	250	*	*	*	*	*	305627	*
H	56562	50	100.0	+	0	0	50M200I	faf314b8f8d0a3794607aff054abb7f5	305627
L	56290	250	*	*	*	*	*	306869	*
H	56290	50	100.0	+	0	0	50M200I	faf314b8f8d0a3794607aff054abb7f5	306869
N	*	50	*	*	*	*	*	7752ac502c19539772ced36b4bc62f60	*
L	93029	250	*	*	*	*	*	155628	*
H	93029	50	100.0	+	0	0	50M200I	647dc5365984cef806e991adfb66ab44	155628
L	92937	250	*	*	*	*	*	155996	*
H	92937	50	100.0	+	0	0	50M200I	647dc5365984cef806e991adfb66ab44	155996
L	92749	250	*	*	*	*	*	156705	*
H	92749	50	100.0	+	0	0	50M200I	647dc5365984cef806e991adfb66ab44	156705
L	132145	250	*	*	*	*	*	806958	*
H	132145	50	100.0	+	0	0	50M200I	647dc5365984cef806e991adfb66ab44	806958
L	108565	250	*	*	*	*	*	33185	*
H	108565	50	100.0	+	0	0	50M200I	647dc5365984cef806e991adfb66ab44	33185
L	126795	250	*	*	*	*	*	2317260	*
H	126795	50	100.0	+	0	0	50M200I	dcbd5871b1651983690b99f16fc67118	2317260
L	108520	250	*	*	*	*	*	33935	*
H	108520	50	100.0	+	0	0	50M200I	dcbd5871b1651983690b99f16fc67118	33935
L	2983	250	*	*	*	*	*	1031546	*
H	2983	50	100.0	+	0	0	50M200I	dcbd5871b1651983690b99f16fc67118	1031546
L	75033	250	*	*	*	*	*	231011	*
H	75033	50	100.0	+	0	0	50M200I	dcbd5871b1651983690b99f16fc67118	231011
L	177921	250	*	*	*	*	*	4382877	*
H	177921	50	100.0	+	0	0	50M200I	dcbd5871b1651983690b99f16fc67118	4382877
L	64407	250	*	*	*	*	*	273055	*
H	64407	50	100.0	+	0	0	50M200I	0651768258c5cafcf4dc9a9866f786de	273055
L	64473	250	*	*	*	*	*	272840	*
H	64473	50	100.0	+	0	0	50M200I	0651768258c5cafcf4dc9a9866f786de	272840
L	177387	250	*	*	*	*	*	4380348	*
H	177387	50	100.0	+	0	0	50M200I	0651768258c5cafcf4dc9a9866f786de	4380348
L	40134	250	*	*	*	*	*	419248	*
H	40134	50	100.0	+	0	0	50M200I	0651768258c5cafcf4dc9a9866f786de	419248
L	76964	250	*	*	*	*	*	220842	*
H	76964	50	100.0	+	0	0	50M200I	0651768258c5cafcf4dc9a9866f786de	220842
L	103466	250	*	*	*	*	*	99603	*
H	103466	50	100.0	+	0	0	50M200I	e902e0253f0011c5db59127da771d835	99603
L	80890	250	*	*	*	*	*	198716	*
H	80890	50	100.0	+	0	0	50M200I	e902e0253f0011c5db59127da771d835	198716
L	48227	250	*	*	*	*	*	339827	*
H	48227	50	100.0	+	0	0	50M200I	e902e0253f0011c5db59127da771d835	339827
L	48205	250	*	*	*	*	*	339931	*
H	48205	50	100.0	+	0	0	50M200I	e902e0253f0011c5db59127da771d835	339931
L	48057	250	*	*	*	*	*	340486	*
H	48057	50	100.0	+	0	0	50M200I	e902e0253f0011c5db59127da771d835	340486
L	195789	250	*	*	*	*	*	4473277	*
H	195789	50	100.0	+	0	0	50M200I	b9a73d0d980a706e497817a287e6ae83	4473277
L	186807	250	*	*	*	*	*	4427616	*
H	186807	50	100.0	+	0	0	50M200I	b9a73d0d980a706e497817a287e6ae83	4427616
L	71546	250	*	*	*	*	*	246796	*
H	71546	50	100.0	+	0	0	50M200I	b9a73d0d980a706e497817a287e6ae83	246796
L	71395	250	*	*	*	*	*	247454	*
H	71395	50	100.0	+	0	0	50M200I	b9a73d0d980a706e497817a287e6ae83	247454
L	99753	250	*	*	*	*	*	114146	*
H	99753	50	100.0	+	0	0	50M200I	b9a73d0d980a706e497817a287e6ae83	114146
L	42420	250	*	*	*	*	*	365385	*
H	42420	50	100.0	+	0	0	50M200I	98a497083edd0ba2f7f23b83e3b2a7da	365385
L	38844	250	*	*	*	*	*	469852	*
H	38844	50	100.0	+	0	0	50M200I	98a497083edd0ba2f7f23b83e3b2a7da	469852
L	3841	250	*	*	*	*	*	997439	*
H	3841	50	100.0	+	0	0	50M200I	98a497083edd0ba2f7f23b83e3b2a7da	997439
L	167671	250	*	*	*	*	*	4330340	*
H	167671	50	100.0	+	0	0	50M200I	98a497083edd0ba2f7f23b83e3b2a7da	4330340
L	134428	250	*	*	*	*	*	610745	*
H	134428	50	100.0	+	0	0	50M200I	3b056c53b119aa1c5d97c6d7c37ac461	610745
L	162299	250	*	*	*	*	*	4304487	*
H	162299	50	100.0	+	0	0	50M200I	3b056c53b119aa1c5d97c6d7c37ac461	4304487
L	158469	250	*	*	*	*	*	799069	*
H	158469	50	100.0	+	0	0	50M200I	3b056c53b119aa1c5d97c6d7c37ac461	799069
L	71697	250	*	*	*	*	*	246169	*
H	71697	50	100.0	+	0	0	50M200I	3b056c53b119aa1c5d97c6d7c37ac461	246169
L	7392	250	*	*	*	*	*	863515	*
H	7392	50	100.0	+	0	0	50M200I	3b056c53b119aa1c5d97c6d7c37ac461	863515
L	155566	250	*	*	*	*	*	4021894	*
H	155566	50	100.0	+	0	0	50M200I	fd953dfa45005c2351ca7e418b7b1210	4021894
L	43788	250	*	*	*	*	*	358468	*
H	43788	50	100.0	+	0	0	50M200I	fd953dfa45005c2351ca7e418b7b1210	358468
L	128446	250	*	*	*	*	*	1146157	*
H	128446	50	100.0	+	0	0	50M200I	fd953dfa45005c2351ca7e418b7b1210	1146157
L	186772	250	*	*	*	*	*	4427514	*
H	186772	50	100.0	+	0	0	50M200I	fd953dfa45005c2351ca7e418b7b1210	4427514
L	137035	250	*	*	*	*	*	664878	*
H	137035	50	100.0	+	0	0	50M200I	fd953dfa45005c2351ca7e418b7b1210	664878
L	186384	250	*	*	*	*	*	4425558	*
H	186384	50	100.0	+	0	0	50M200I	a212b558e5bc499d44e46aeff1d347ff	4425558
L	9455	250	*	*	*	*	*	823745	*
H	9455	50	100.0	+	0	0	50M200I	a212b558e5bc499d44e46aeff1d347ff	823745
L	186464	250	*	*	*	*	*	4425919	*
H	186464	50	100.0	+	0	0	50M200I	a212b558e5bc499d44e46aeff1d347ff	4425919
L	166611	250	*	*	*	*	*	4324949	*
H	166611	50	100.0	+	0	0	50M200I	a212b558e5bc499d44e46aeff1d347ff	4324949
L	156114	250	*	*	*	*	*	4053636	*
H	156114	50	100.0	+	0	0	50M200I	a212b558e5bc499d44e46aeff1d347ff	4053636
L	113245	250	*	*	*	*	*	1140324	*
H	113245	50	100.0	+	0	0	50M200I	251b588c9358a42ea6e6c83dde425376	1140324
L	6648	250	*	*	*	*	*	893041	*
H	6648	50	100.0	+	0	0	50M200I	251b588c9358a42ea6e6c83dde425376	893041
L	82347	250	*	*	*	*	*	194306	*
H	82347	50	100.0	+	0	0	50M200I	251b588c9358a42ea6e6c83dde425376	194306
L	158886	250	*	*	*	*	*	1132453	*
H	158886	50	100.0	+	0	0	50M200I	251b588c9358a42ea6e6c83dde425376	1132453
L	22413	250	*	*	*	*	*	574621	*
H	22413	50	100.0	+	0	0	50M200I	251b588c9358a42ea6e6c83dde425376	574621
L	200815	250	*	*	*	*	*	1632397	*
H	200815	50	100.0	+	0	0	50M200I	9eb6ee8738f28e37e328ff49b924687f	1632397
L	200803	250	*	*	*	*	*	1604223	*
H	200803	50	100.0	+	0	0	50M200I	9eb6ee8738f28e37e328ff49b924687f	1604223
L	200791	250	*	*	*	*	*	1584736	*
H	200791	50	100.0	+	0	0	50M200I	9eb6ee8738f28e37e328ff49b924687f	1584736
L	200785	250	*	*	*	*	*	914316	*
H	200785	50	100.0	+	0	0	50M200I	9eb6ee8738f28e37e328ff49b924687f	914316
L	200779	250	*	*	*	*	*	662761	*
H	200779	50	100.0	+	0	0	50M200I	9eb6ee8738f28e37e328ff49b924687f	662761
D	7392	2	*	*	*	*	100.0	863515	*
D	11278	2	*	*	*	*	100.0	807200	*
D	12552	2	*	*	*	*	100.0	766285	*
D	13285	2	*	*	*	*	100.0	741050	*
D	22413	2	*	*	*	*	100.0	574621	*
D	28788	2	*	*	*	*	100.0	548147	*
D	30099	2	*	*	*	*	100.0	542654	*
D	30967	2	*	*	*	*	100.0	539050	*
D	35064	2	*	*	*	*	100.0	521891	*
D	41435	2	*	*	*	*	100.0	370309	*
D	42824	2	*	*	*	*	100.0	363387	*
D	46433	2	*	*	*	*	100.0	347157	*
D	48057	2	*	*	*	*	100.0	340486	*
D	52902	2	*	*	*	*	100.0	320835	*
D	54699	2	*	*	*	*	100.0	313270	*
D	55007	2	*	*	*	*	100.0	312041	*
D	56290	2	*	*	*	*	100.0	306869	*
D	57375	2	*	*	*	*	100.0	302364	*
D	65085	2	*	*	*	*	100.0	270751	*
D	70845	2	*	*	*	*	100.0	249603	*
D	72024	2	*	*	*	*	100.0	244775	*
D	72352	2	*	*	*	*	100.0	243494	*
D	72785	2	*	*	*	*	100.0	241666	*
D	73132	2	*	*	*	*	100.0	240388	*
D	76964	2	*	*	*	*	100.0	220842	*
D	77950	2	*	*	*	*	100.0	215995	*
D	78758	2	*	*	*	*	100.0	210904	*
D	81755	2	*	*	*	*	100.0	195984	*
D	85761	2	*	*	*	*	100.0	184046	*
D	90201	2	*	*	*	*	100.0	168210	*
D	97784	2	*	*	*	*	100.0	136809	*
D	98541	2	*	*	*	*	100.0	132291	*
D	99753	2	*	*	*	*	100.0	114146	*
D	100046	2	*	*	*	*	100.0	113324	*
D	100116	2	*	*	*	*	100.0	113158	*
D	101148	2	*	*	*	*	100.0	109053	*
D	105036	2	*	*	*	*	100.0	82007	*
D	105139	2	*	*	*	*	100.0	81305	*
D	108362	2	*	*	*	*	100.0	36261	*
D	108565	2	*	*	*	*	100.0	33185	*
D	109690	2	*	*	*	*	100.0	16146	*
D	110192	2	*	*	*	*	100.0	13898	*
D	113823	2	*	*	*	*	100.0	1112656	*
D	115440	2	*	*	*	*	100.0	1669215	*
D	116020	2	*	*	*	*	100.0	1697009	*
D	117219	2	*	*	*	*	100.0	1109016	*
D	119578	2	*	*	*	*	100.0	1901719	*
D	119763	2	*	*	*	*	100.0	1914034	*
D	121550	2	*	*	*	*	100.0	1112763	*
D	124652	2	*	*	*	*	100.0	2193695	*
D	131100	2	*	*	*	*	100.0	1123279	*
D	132581	2	*	*	*	*	100.0	2661880	*
D	137035	2	*	*	*	*	100.0	664878	*
D	138047	2	*	*	*	*	100.0	829119	*
D	143526	2	*	*	*	*	100.0	913185	*
D	146564	2	*	*	*	*	100.0	1147139	*
D	150373	2	*	*	*	*	100.0	3719113	*
D	150548	2	*	*	*	*	100.0	1105901	*
D	152722	2	*	*	*	*	100.0	1131895	*
D	155081	2	*	*	*	*	100.0	1139968	*
D	156114	2	*	*	*	*	100.0	4053636	*
D	157412	2	*	*	*	*	100.0	1146003	*
D	158915	2	*	*	*	*	100.0	657271	*
D	160471	2	*	*	*	*	100.0	4295999	*
D	162436	2	*	*	*	*	100.0	4305194	*
D	167671	2	*	*	*	*	100.0	4330340	*
D	168139	2	*	*	*	*	100.0	4332733	*
D	169361	2	*	*	*	*	100.0	4338800	*
D	169548	2	*	*	*	*	100.0	4339774	*
D	171362	2	*	*	*	*	100.0	4349037	*
D	172073	2	*	*	*	*	100.0	4352931	*
D	172502	2	*	*	*	*	100.0	4355248	*
D	175474	2	*	*	*	*	100.0	4370356	*
D	177921	2	*	*	*	*	100.0	4382877	*
D	178066	2	*	*	*	*	100.0	4383661	*
D	194286	2	*	*	*	*	100.0	4465746	*
D	195009	2	*	*	*	*	100.0	4469309	*
D	198502	2	*	*	*	*	100.0	572813	*
D	200077	2	*	*	*	*	100.0	141403	*
D	200779	2	*	*	*	*	100.0	662761	*
D	201432	2	*	*	*	*	100.0	2776654	*
