UclustConsensusTaxonAssigner parameters:
id_to_taxonomy_filepath:/Users/nbokulich/Desktop/projects/short-read-tax-assignment/data/novel-taxa-simulations/F1-REF-L4-iter1/ref_taxa.tsv
id_to_taxonomy_fp:/Users/nbokulich/Desktop/projects/short-read-tax-assignment/data/novel-taxa-simulations/F1-REF-L4-iter1/ref_taxa.tsv
max_accepts:1
min_consensus_fraction:0.76
reference_sequences_fp:/Users/nbokulich/Desktop/projects/short-read-tax-assignment/data/novel-taxa-simulations/F1-REF-L4-iter1/ref_seqs.fasta
similarity:0.8
unassignable_label:Unassigned
Result path: /var/folders/0t/l1dz88p50y91vx_22fx5w3780000gn/T/assign-taxAvX_39

.uc file contents:

# uclust --input /Users/nbokulich/Desktop/projects/short-read-tax-assignment/data/novel-taxa-simulations/F1-REF-L4-iter1/query.fasta --id 0.8 --rev --maxaccepts 1 --allhits --libonly --lib /Users/nbokulich/Desktop/projects/short-read-tax-assignment/data/novel-taxa-simulations/F1-REF-L4-iter1/ref_seqs.fasta --uc /var/folders/0t/l1dz88p50y91vx_22fx5w3780000gn/T/UclustConsensusTaxonAssigner_sUfovX.uc
# version=1.2.22
# Tab-separated fields:
# 1=Type, 2=ClusterNr, 3=SeqLength or ClusterSize, 4=PctId, 5=Strand, 6=QueryStart, 7=SeedStart, 8=Alignment, 9=QueryLabel, 10=TargetLabel
# Record types (field 1): L=LibSeed, S=NewSeed, H=Hit, R=Reject, D=LibCluster, C=NewCluster, N=NoHit
# For C and D types, PctId is average id with seed.
# QueryStart and SeedStart are zero-based relative to start of sequence.
# If minus strand, SeedStart is relative to reverse-complemented seed.
N	*	141	*	*	*	*	*	SH076456.07FU_GQ927301_reps	*
N	*	250	*	*	*	*	*	SH076464.07FU_AM882971_refs	*
L	3367	242	*	*	*	*	*	SH122163.07FU_HQ699627_reps	*
H	3367	203	89.2	+	0	0	172MI31M38I	SH076683.07FU_FR799221_reps	SH122163.07FU_HQ699627_reps
L	1988	250	*	*	*	*	*	SH102848.07FU_UDB015400_refs	*
H	1988	250	83.6	+	0	0	2D6MD32MD19MI22M13D24MI130M15I	SH076743.07FU_FJ861983_reps	SH102848.07FU_UDB015400_refs
N	*	250	*	*	*	*	*	SH076802.07FU_DQ185925_reps	*
L	5654	250	*	*	*	*	*	SH116696.07FU_DQ885902_reps	*
H	5654	250	81.6	+	0	0	37M3D63MI59MD87M3I	SH076832.07FU_GQ852772_refs	SH116696.07FU_DQ885902_reps
N	*	250	*	*	*	*	*	SH076979.07FU_AY016443_refs	*
N	*	250	*	*	*	*	*	SH077015.07FU_EU258674_refs	*
N	*	132	*	*	*	*	*	SH077252.07FU_HM071900_refs	*
N	*	250	*	*	*	*	*	SH077499.07FU_HQ599386_refs	*
L	1274	241	*	*	*	*	*	SH092703.07FU_JN643731_reps	*
H	1274	250	82.2	+	0	0	8I65MD51MI8MI12M2I25M3I13M2I50M25D	SH077637.07FU_KJ410695_reps	SH092703.07FU_JN643731_reps
N	*	250	*	*	*	*	*	SH077673.07FU_AF046223_reps	*
N	*	230	*	*	*	*	*	SH077679.07FU_KC681817_reps	*
N	*	250	*	*	*	*	*	SH078065.07FU_JN417525_reps	*
N	*	250	*	*	*	*	*	SH078657.07FU_AB440280_refs	*
L	133	250	*	*	*	*	*	SH078691.07FU_KJ486537_reps	*
H	133	96	90.6	+	0	0	78M3D15M157I	SH078685.07FU_JN943192_reps	SH078691.07FU_KJ486537_reps
L	3308	250	*	*	*	*	*	SH121217.07FU_JQ993735_reps	*
H	3308	250	82.4	+	0	0	166MD13M2D32M8D28M11I	SH079367.07FU_KF477224_refs	SH121217.07FU_JQ993735_reps
N	*	250	*	*	*	*	*	SH079524.07FU_EU543196_refs	*
N	*	223	*	*	*	*	*	SH079550.07FU_UDB017900_refs	*
N	*	212	*	*	*	*	*	SH079645.07FU_AJ271591_reps	*
L	5216	222	*	*	*	*	*	SH130964.07FU_HQ714761_refs	*
H	5216	215	95.3	+	0	0	195M3I20M4I	SH079765.07FU_AJ585437_refs	SH130964.07FU_HQ714761_refs
N	*	250	*	*	*	*	*	SH079862.07FU_JQ915097_reps	*
L	4880	221	*	*	*	*	*	SH541960.07FU_LT158447_reps	*
H	4880	190	82.6	+	0	0	102M31I88M	SH080082.07FU_KF533019_reps	SH541960.07FU_LT158447_reps
N	*	250	*	*	*	*	*	SH080206.07FU_EF652088_refs	*
N	*	222	*	*	*	*	*	SH080495.07FU_HQ605944_reps	*
L	3966	250	*	*	*	*	*	SH131851.07FU_JN616277_reps	*
H	3966	250	81.6	+	0	0	4I25MD13MD12M4D14M10I19M2D20MI9M4D14MD10M4D97M2I	SH080499.07FU_DQ836183_reps	SH131851.07FU_JN616277_reps
N	*	250	*	*	*	*	*	SH080568.07FU_UDB016092_refs	*
L	1400	250	*	*	*	*	*	SH093828.07FU_KJ146724_reps	*
H	1400	249	82.7	+	0	0	155M4D30M4D56M9I	SH081655.07FU_JX968264_refs	SH093828.07FU_KJ146724_reps
L	5436	104	*	*	*	*	*	SH090820.07FU_EU583422_reps	*
H	5436	207	80.8	+	0	0	2D47MD14MI9M4I29M105D	SH081768.07FU_UDB014381_reps	SH090820.07FU_EU583422_reps
L	3843	177	*	*	*	*	*	SH129414.07FU_AY394705_reps	*
H	3843	184	91.0	+	0	0	152M2D25M5D	SH081804.07FU_EU543434_reps	SH129414.07FU_AY394705_reps
N	*	250	*	*	*	*	*	SH082018.07FU_GU991575_reps	*
L	3759	244	*	*	*	*	*	SH128033.07FU_DQ365600_reps	*
H	3759	241	87.6	+	0	0	6D26M5I56M3I74MD19M2I59M	SH082452.07FU_FJ596786_reps	SH128033.07FU_DQ365600_reps
N	*	215	*	*	*	*	*	SH082527.07FU_DQ361048_reps	*
N	*	250	*	*	*	*	*	SH082551.07FU_GU222278_reps	*
L	3941	250	*	*	*	*	*	SH131575.07FU_AB078341_reps	*
H	3941	208	80.8	+	0	0	77M2I32MD40M9I21MD23M12I13M21I	SH082580.07FU_JX504136_reps	SH131575.07FU_AB078341_reps
N	*	250	*	*	*	*	*	SH083280.07FU_EU118607_refs	*
N	*	112	*	*	*	*	*	SH084429.07FU_EF221824_reps	*
N	*	199	*	*	*	*	*	SH084453.07FU_GQ370379_reps	*
L	2635	250	*	*	*	*	*	SH112041.07FU_FN825902_reps	*
H	2635	250	82.0	+	0	0	28M2D8M3D41M4I168MI	SH084499.07FU_FR750018_refs	SH112041.07FU_FN825902_reps
L	2428	227	*	*	*	*	*	SH109352.07FU_DQ996040_refs	*
H	2428	209	83.7	+	0	0	25M2I37M3I34M11I20MI42MI51M	SH084689.07FU_JF431295_refs	SH109352.07FU_DQ996040_refs
L	3397	174	*	*	*	*	*	SH122652.07FU_FJ919663_refs	*
H	3397	219	86.8	+	0	0	5D18M2D64M39D53MI38M	SH086524.07FU_JX646791_refs	SH122652.07FU_FJ919663_refs
L	617	199	*	*	*	*	*	SH084898.07FU_DQ914727_reps	*
H	617	194	83.5	+	0	0	4D15M4I9MD9M6I19MD26MI110M	SH088074.07FU_UDB004132_reps	SH084898.07FU_DQ914727_reps
N	*	250	*	*	*	*	*	SH088247.07FU_AF062933_refs	*
L	3737	199	*	*	*	*	*	SH127797.07FU_KJ529006_reps	*
H	3737	172	83.1	+	0	0	9I9M7I10M10I14M2I26MD112M	SH088416.07FU_GU327433_reps	SH127797.07FU_KJ529006_reps
N	*	250	*	*	*	*	*	SH088667.07FU_EU040222_reps	*
L	5432	174	*	*	*	*	*	SH089217.07FU_JN592510_reps	*
H	5432	153	85.0	+	0	0	23I56M2D33MD41MD19M2I	SH089210.07FU_JX110844_refs	SH089217.07FU_JN592510_reps
N	*	250	*	*	*	*	*	SH089964.07FU_EF434000_reps	*
N	*	229	*	*	*	*	*	SH092670.07FU_EU069498_reps	*
N	*	176	*	*	*	*	*	SH094108.07FU_GQ241738_reps	*
N	*	250	*	*	*	*	*	SH095993.07FU_EU014071_reps	*
L	5678	180	*	*	*	*	*	SH119115.07FU_KF582611_reps	*
H	5678	237	81.7	+	0	0	3I24MD26MD36M2D19M8D19MD29M4D16MD8M42D	SH096290.07FU_AB054021_refs	SH119115.07FU_KF582611_reps
N	*	250	*	*	*	*	*	SH104887.07FU_KF061284_refs	*
L	1673	171	*	*	*	*	*	SH097943.07FU_HQ115653_reps	*
H	1673	173	81.9	+	0	0	28MD20MD16MD47M2I16MD15MD26MI	SH097944.07FU_KF640684_reps	SH097943.07FU_HQ115653_reps
N	*	250	*	*	*	*	*	SH099055.07FU_AF444583_refs	*
L	1857	250	*	*	*	*	*	SH101059.07FU_EU035420_reps	*
H	1857	211	89.1	+	0	0	34M3D62M2D9M4D17M3I68MD11M46I	SH101074.07FU_AF486124_refs	SH101059.07FU_EU035420_reps
L	1811	198	*	*	*	*	*	SH100466.07FU_AB705237_reps	*
H	1811	205	81.3	+	0	0	3D52MD29MD60M2D57M	SH101560.07FU_AY789345_reps	SH100466.07FU_AB705237_reps
N	*	250	*	*	*	*	*	SH102168.07FU_JN857253_reps	*
N	*	188	*	*	*	*	*	SH102183.07FU_KC683427_reps	*
L	3720	232	*	*	*	*	*	SH127408.07FU_GU994562_reps	*
H	3720	108	84.3	+	0	0	121I6M2I61MI41M	SH102992.07FU_JN115301_reps	SH127408.07FU_GU994562_reps
H	3843	178	87.6	+	0	0	113M2D36MD26M2I	SH104024.07FU_FJ386431_refs	SH129414.07FU_AY394705_reps
N	*	250	*	*	*	*	*	SH105561.07FU_KJ706585_reps	*
L	1482	250	*	*	*	*	*	SH095277.07FU_GU017733_refs	*
H	1482	250	86.8	+	0	0	71M2I89M4I15MI18M9D24MI24MI	SH105839.07FU_GU225947_refs	SH095277.07FU_GU017733_refs
N	*	231	*	*	*	*	*	SH106444.07FU_EU339123_reps	*
N	*	250	*	*	*	*	*	SH106728.07FU_AF038334_refs	*
L	1855	206	*	*	*	*	*	SH101044.07FU_FN435792_reps	*
H	1855	250	93.2	+	0	0	159M3I15M28D29M19D	SH108546.07FU_EU687114_reps	SH101044.07FU_FN435792_reps
N	*	250	*	*	*	*	*	SH110201.07FU_DQ493559_reps	*
L	1259	250	*	*	*	*	*	SH092645.07FU_UDB011235_reps	*
H	1259	87	80.5	+	0	0	2D26MD23M4I29M3I6M159I	SH113775.07FU_UDB016315_refs	SH092645.07FU_UDB011235_reps
N	*	250	*	*	*	*	*	SH112306.07FU_DQ400300_reps	*
N	*	250	*	*	*	*	*	SH113643.07FU_FM876831_refs	*
N	*	250	*	*	*	*	*	SH114497.07FU_UDB016323_refs	*
L	446	250	*	*	*	*	*	SH082665.07FU_AY611079_reps	*
H	446	250	95.2	+	0	0	237MD12MI	SH115101.07FU_AM292701_reps	SH082665.07FU_AY611079_reps
N	*	165	*	*	*	*	*	SH115988.07FU_AF332126_reps	*
N	*	237	*	*	*	*	*	SH116856.07FU_UDB019856_reps	*
N	*	250	*	*	*	*	*	SH117409.07FU_AF485079_refs	*
L	2906	127	*	*	*	*	*	SH115556.07FU_DQ485653_refs	*
H	2906	198	87.4	+	0	0	74D49M3I75M	SH117460.07FU_EF585633_reps	SH115556.07FU_DQ485653_refs
L	2422	112	*	*	*	*	*	SH109156.07FU_HQ914830_reps	*
H	2422	112	100.0	+	0	0	112M	SH123992.07FU_KF015668_refs	SH109156.07FU_HQ914830_reps
L	2779	250	*	*	*	*	*	SH118058.07FU_UDB015017_reps	*
H	2779	91	87.9	+	0	0	49M2I32MD9M158I	SH120246.07FU_EU075563_reps	SH118058.07FU_UDB015017_reps
N	*	198	*	*	*	*	*	SH121429.07FU_KJ474834_reps	*
N	*	103	*	*	*	*	*	SH121464.07FU_HE599388_reps	*
N	*	242	*	*	*	*	*	SH124953.07FU_KF264623_reps	*
N	*	250	*	*	*	*	*	SH127468.07FU_AY230866_refs	*
N	*	250	*	*	*	*	*	SH134569.07FU_AJ586572_reps	*
N	*	144	*	*	*	*	*	SH134969.07FU_AF042424_reps	*
L	3233	250	*	*	*	*	*	SH120517.07FU_JX905532_reps	*
H	3233	250	80.4	+	0	0	204MD20MI25M	SH136487.07FU_JX905552_reps	SH120517.07FU_JX905532_reps
N	*	250	*	*	*	*	*	SH536392.07FU_KJ862385_reps	*
N	*	250	*	*	*	*	*	SH539005.07FU_KM220949_reps	*
N	*	250	*	*	*	*	*	SH540027.07FU_KM887884_reps	*
N	*	229	*	*	*	*	*	SH545107.07FU_LC014580_reps	*
N	*	250	*	*	*	*	*	SH549560.07FU_KP036617_reps	*
L	2417	187	*	*	*	*	*	SH108952.07FU_AY534222_reps	*
H	2417	189	80.7	+	0	0	2I11MI19M3D57MI39M3D57M	SH081573.07FU_HM480490_reps	SH108952.07FU_AY534222_reps
N	*	250	*	*	*	*	*	SH098371.07FU_KC170320_reps	*
L	1782	216	*	*	*	*	*	SH099868.07FU_DQ865099_reps	*
H	1782	221	81.5	+	0	0	4I52MI66M4D23MD27M5D43M	SH099870.07FU_GQ169328_reps	SH099868.07FU_DQ865099_reps
L	2938	250	*	*	*	*	*	SH116006.07FU_EF419968_reps	*
H	2938	223	89.7	+	0	0	6I23M5D195M26I	SH116028.07FU_AF027764_reps	SH116006.07FU_EF419968_reps
N	*	250	*	*	*	*	*	SH478121.07FU_KJ490642_refs	*
N	*	134	*	*	*	*	*	SH076701.07FU_AF546077_refs	*
N	*	146	*	*	*	*	*	SH091189.07FU_UDB016348_refs	*
D	133	2	*	*	*	*	90.6	SH078691.07FU_KJ486537_reps	*
D	446	2	*	*	*	*	95.2	SH082665.07FU_AY611079_reps	*
D	617	2	*	*	*	*	83.5	SH084898.07FU_DQ914727_reps	*
D	1259	2	*	*	*	*	80.5	SH092645.07FU_UDB011235_reps	*
D	1274	2	*	*	*	*	82.2	SH092703.07FU_JN643731_reps	*
D	1400	2	*	*	*	*	82.7	SH093828.07FU_KJ146724_reps	*
D	1482	2	*	*	*	*	86.8	SH095277.07FU_GU017733_refs	*
D	1673	2	*	*	*	*	81.9	SH097943.07FU_HQ115653_reps	*
D	1782	2	*	*	*	*	81.5	SH099868.07FU_DQ865099_reps	*
D	1811	2	*	*	*	*	81.3	SH100466.07FU_AB705237_reps	*
D	1855	2	*	*	*	*	93.2	SH101044.07FU_FN435792_reps	*
D	1857	2	*	*	*	*	89.1	SH101059.07FU_EU035420_reps	*
D	1988	2	*	*	*	*	83.6	SH102848.07FU_UDB015400_refs	*
D	2417	2	*	*	*	*	80.7	SH108952.07FU_AY534222_reps	*
D	2422	2	*	*	*	*	100.0	SH109156.07FU_HQ914830_reps	*
D	2428	2	*	*	*	*	83.7	SH109352.07FU_DQ996040_refs	*
D	2635	2	*	*	*	*	82.0	SH112041.07FU_FN825902_reps	*
D	2779	2	*	*	*	*	87.9	SH118058.07FU_UDB015017_reps	*
D	2906	2	*	*	*	*	87.4	SH115556.07FU_DQ485653_refs	*
D	2938	2	*	*	*	*	89.7	SH116006.07FU_EF419968_reps	*
D	3233	2	*	*	*	*	80.4	SH120517.07FU_JX905532_reps	*
D	3308	2	*	*	*	*	82.4	SH121217.07FU_JQ993735_reps	*
D	3367	2	*	*	*	*	89.2	SH122163.07FU_HQ699627_reps	*
D	3397	2	*	*	*	*	86.8	SH122652.07FU_FJ919663_refs	*
D	3720	2	*	*	*	*	84.3	SH127408.07FU_GU994562_reps	*
D	3737	2	*	*	*	*	83.1	SH127797.07FU_KJ529006_reps	*
D	3759	2	*	*	*	*	87.6	SH128033.07FU_DQ365600_reps	*
D	3843	3	*	*	*	*	89.3	SH129414.07FU_AY394705_reps	*
D	3941	2	*	*	*	*	80.8	SH131575.07FU_AB078341_reps	*
D	3966	2	*	*	*	*	81.6	SH131851.07FU_JN616277_reps	*
D	4880	2	*	*	*	*	82.6	SH541960.07FU_LT158447_reps	*
D	5216	2	*	*	*	*	95.3	SH130964.07FU_HQ714761_refs	*
D	5432	2	*	*	*	*	85.0	SH089217.07FU_JN592510_reps	*
D	5436	2	*	*	*	*	80.8	SH090820.07FU_EU583422_reps	*
D	5654	2	*	*	*	*	81.6	SH116696.07FU_DQ885902_reps	*
D	5678	2	*	*	*	*	81.7	SH119115.07FU_KF582611_reps	*
