UclustConsensusTaxonAssigner parameters:
id_to_taxonomy_filepath:/Users/nbokulich/Desktop/projects/short-read-tax-assignment/data/simulated-community/F1-REF-iter1/ref_taxa.tsv
id_to_taxonomy_fp:/Users/nbokulich/Desktop/projects/short-read-tax-assignment/data/simulated-community/F1-REF-iter1/ref_taxa.tsv
max_accepts:1
min_consensus_fraction:0.76
reference_sequences_fp:/Users/nbokulich/Desktop/projects/short-read-tax-assignment/data/simulated-community/F1-REF-iter1/ref_seqs.fasta
similarity:0.8
unassignable_label:Unassigned
Result path: /var/folders/0t/l1dz88p50y91vx_22fx5w3780000gn/T/assign-taxGU_jAQ

.uc file contents:

# uclust --input /Users/nbokulich/Desktop/projects/short-read-tax-assignment/data/simulated-community/F1-REF-iter1/query.fasta --id 0.8 --rev --maxaccepts 1 --allhits --libonly --lib /Users/nbokulich/Desktop/projects/short-read-tax-assignment/data/simulated-community/F1-REF-iter1/ref_seqs.fasta --uc /var/folders/0t/l1dz88p50y91vx_22fx5w3780000gn/T/UclustConsensusTaxonAssigner_XR7A9g.uc
# version=1.2.22
# Tab-separated fields:
# 1=Type, 2=ClusterNr, 3=SeqLength or ClusterSize, 4=PctId, 5=Strand, 6=QueryStart, 7=SeedStart, 8=Alignment, 9=QueryLabel, 10=TargetLabel
# Record types (field 1): L=LibSeed, S=NewSeed, H=Hit, R=Reject, D=LibCluster, C=NewCluster, N=NoHit
# For C and D types, PctId is average id with seed.
# QueryStart and SeedStart are zero-based relative to start of sequence.
# If minus strand, SeedStart is relative to reverse-complemented seed.
L	11136	250	*	*	*	*	*	U33071	*
H	11136	250	100.0	+	0	0	250M	U33070	U33071
L	5059	223	*	*	*	*	*	AF116178	*
H	5059	222	93.7	+	0	0	201MI21M	AF116177	AF116178
L	7604	202	*	*	*	*	*	DQ525502	*
H	7604	202	98.0	+	0	0	202M	DQ525500	DQ525502
L	2593	227	*	*	*	*	*	AY010281	*
H	2593	224	100.0	+	0	0	3I224M	DQ365668	AY010281
L	7456	83	*	*	*	*	*	DQ322081	*
H	7456	83	94.0	+	0	0	83M	DQ322080	DQ322081
L	3998	250	*	*	*	*	*	JN114077	*
H	3998	250	96.4	+	0	0	131MI32MI38MI46M3D	FJ157013	JN114077
L	7615	250	*	*	*	*	*	DQ533976	*
H	7615	250	94.0	+	0	0	41MD117MD25M2D63M4I	AF205647	DQ533976
L	11269	192	*	*	*	*	*	EF559269	*
H	11269	200	99.5	+	0	0	8D192M	DQ517417	EF559269
L	5399	250	*	*	*	*	*	FJ167353	*
H	5399	250	98.8	+	0	0	3D247M3I	FJ167356	FJ167353
L	2545	126	*	*	*	*	*	JN248540	*
H	2545	123	93.5	+	0	0	4I33MD89M	U19954	JN248540
L	1474	208	*	*	*	*	*	FJ499445	*
H	1474	213	94.2	+	0	0	3D54MD100MD54M	DQ681329	FJ499445
L	3485	210	*	*	*	*	*	DQ681339	*
H	3485	209	97.1	+	0	0	23M2I33MD35MD116MI	DQ681337	DQ681339
N	*	180	*	*	*	*	*	DQ631941	*
L	5306	250	*	*	*	*	*	AB036897	*
H	5306	250	99.6	+	0	0	250M	AB036894	AB036897
L	7713	247	*	*	*	*	*	DQ974745	*
H	7713	116	99.1	+	0	0	131I116M	EU726293	DQ974745
N	*	198	*	*	*	*	*	DQ872858	*
L	11042	236	*	*	*	*	*	JN943499	*
H	11042	235	97.4	+	0	0	109MI126M	FJ010360	JN943499
L	1453	94	*	*	*	*	*	FJ439517	*
H	1453	94	100.0	+	0	0	94M	DQ911605	FJ439517
L	4516	138	*	*	*	*	*	AY373015	*
H	4516	168	84.8	+	0	0	24M6D15M21D19M3D80M	AM397678	AY373015
L	7317	250	*	*	*	*	*	EU715661	*
H	7317	235	88.9	+	0	0	23M2D29M20I116M2D62MD	DQ885897	EU715661
L	11032	219	*	*	*	*	*	FJ430782	*
H	11032	212	98.6	+	0	0	4I7M2I16MI189M	DQ888741	FJ430782
L	5222	139	*	*	*	*	*	AY842568	*
H	5222	138	97.1	+	0	0	57MD54M2I26M	GQ388729	AY842568
L	8986	213	*	*	*	*	*	AJ889927	*
H	8986	213	100.0	+	0	0	213M	FJ236031	AJ889927
L	4290	221	*	*	*	*	*	FJ629353	*
H	4290	216	99.5	+	0	0	4I62MI154M	EF121328	FJ629353
L	5598	186	*	*	*	*	*	FJ878646	*
H	5598	186	97.8	+	0	0	186M	EF121334	FJ878646
L	2639	210	*	*	*	*	*	DQ411548	*
H	2639	212	99.5	+	0	0	2D210M	EF121336	DQ411548
L	2457	145	*	*	*	*	*	AB085803	*
H	2457	145	100.0	+	0	0	145M	EF126368	AB085803
L	3028	208	*	*	*	*	*	AY078128	*
H	3028	208	99.0	+	0	0	208M	AY347389	AY078128
L	7244	250	*	*	*	*	*	FJ845447	*
H	7244	250	100.0	+	0	0	250M	AF309535	FJ845447
L	9736	234	*	*	*	*	*	UDB003208	*
H	9736	88	85.2	+	0	0	148I20M2D66M	AF272907	UDB003208
L	5967	226	*	*	*	*	*	AF201715	*
H	5967	244	84.1	+	0	0	40MD20MI55M4D17M8D41M4D10MD20MD22M	EF026137	AF201715
L	7010	250	*	*	*	*	*	AY461818	*
H	7010	250	88.4	+	0	0	35M2I91M4I25M2I91M8D	AY461834	AY461818
L	10168	167	*	*	*	*	*	EF191240	*
H	10168	169	97.6	+	0	0	89M2D78M	EF191243	EF191240
L	840	250	*	*	*	*	*	FJ746949	*
H	840	250	96.4	+	0	0	91MI73MD21MD63MI	EU591789	FJ746949
L	3854	142	*	*	*	*	*	JF439094	*
H	3854	146	83.8	+	0	0	51MI33M3D25MD8MD24M	AM418545	JF439094
L	7304	136	*	*	*	*	*	EU879153	*
H	7304	137	99.3	+	0	0	4MD132M	EU879155	EU879153
L	1992	250	*	*	*	*	*	AB378672	*
H	1992	250	96.0	+	0	0	91MI11MI13M2I131M4D	AB378667	AB378672
L	7448	250	*	*	*	*	*	AF377157	*
H	7448	250	97.6	+	0	0	2I6MI76M2I163M5D	DQ517384	AF377157
L	9889	188	*	*	*	*	*	EF530929	*
H	9889	127	96.1	+	0	0	10I10M5I25M7I16M13I24M2I20MI12M23I20M	AF319423	EF530929
L	8088	99	*	*	*	*	*	EU137672	*
H	8088	96	89.6	+	0	0	2I76MI20M	EF449525	EU137672
L	6478	141	*	*	*	*	*	AF479651	*
H	6478	139	91.4	+	0	0	8I15MD19M2D15MD35M2D49M	AF231469	AF479651
L	305	200	*	*	*	*	*	AF224396	*
H	305	200	99.0	+	0	0	200M	AF224395	AF224396
L	7033	200	*	*	*	*	*	AY498689	*
H	7033	200	98.5	+	0	0	200M	DQ534477	AY498689
L	5942	228	*	*	*	*	*	AF180198	*
H	5942	224	80.4	+	0	0	6I23M3I31M5I84M3D19M5D22M2D35M	U57351	AF180198
L	9154	220	*	*	*	*	*	AY513136	*
H	9154	227	98.6	+	0	0	8D127MI92M	AF336150	AY513136
L	9012	220	*	*	*	*	*	GU266273	*
H	9012	220	100.0	+	0	0	220M	GQ461905	GU266273
L	4736	250	*	*	*	*	*	EU331087	*
H	4736	250	94.8	+	0	0	6D15MD228M7I	EF445995	EU331087
L	3404	184	*	*	*	*	*	FJ614638	*
H	3404	123	91.9	+	0	0	60I54MI69M	EF158023	FJ614638
L	7816	242	*	*	*	*	*	EF175526	*
H	7816	241	99.6	+	0	0	2I118MD122M	EF175534	EF175526
N	*	250	*	*	*	*	*	AF373983	*
L	3918	250	*	*	*	*	*	JF908106	*
H	3918	250	90.0	+	0	0	45MI8M6D20MI50MI26M4D39MI13MD38M7I	HQ604224	JF908106
L	656	209	*	*	*	*	*	GU067764	*
H	656	96	100.0	+	0	0	113I96M	AY606287	GU067764
L	4245	250	*	*	*	*	*	JF439471	*
H	4245	250	99.2	+	0	0	250M	FJ608588	JF439471
L	396	206	*	*	*	*	*	EF212840	*
H	396	233	98.5	+	0	0	65MI34M28D106M	EF212837	EF212840
L	10955	120	*	*	*	*	*	JN672601	*
H	10955	120	100.0	+	0	0	120M	EF560604	JN672601
L	3098	120	*	*	*	*	*	HQ384388	*
H	3098	120	100.0	+	0	0	120M	EF560605	HQ384388
L	9293	120	*	*	*	*	*	GQ121287	*
H	9293	120	100.0	+	0	0	120M	EF560606	GQ121287
L	528	222	*	*	*	*	*	EF592171	*
H	528	222	99.1	+	0	0	93MI90MD38M	GQ338244	EF592171
L	6037	193	*	*	*	*	*	AF281177	*
H	6037	115	100.0	+	0	0	78I115M	AJ133397	AF281177
L	5611	212	*	*	*	*	*	AB273535	*
H	5611	214	92.5	+	0	0	124M2D88M	AB273560	AB273535
L	5480	210	*	*	*	*	*	FJ236461	*
H	5480	201	97.5	+	0	0	157MI24M2I20M6I	GQ369593	FJ236461
L	2877	215	*	*	*	*	*	JF439462	*
H	2877	215	100.0	+	0	0	215M	EU272483	JF439462
L	5679	200	*	*	*	*	*	AB481250	*
H	5679	112	94.6	+	0	0	88I112M	AB267641	AB481250
L	6948	250	*	*	*	*	*	EF141544	*
H	6948	250	96.4	+	0	0	4I246M4D	EF685045	EF141544
L	508	250	*	*	*	*	*	EF685100	*
H	508	250	94.8	+	0	0	8I161MI80M9D	EF685099	EF685100
L	2556	208	*	*	*	*	*	EF568086	*
H	2556	208	100.0	+	0	0	208M	FJ416303	EF568086
L	10372	219	*	*	*	*	*	HQ650665	*
H	10372	226	94.5	+	0	0	9D152MI44MI21M	AF332118	HQ650665
L	9211	104	*	*	*	*	*	FN547595	*
H	9211	108	93.3	+	0	0	81M4D23M	AY035661	FN547595
L	8034	250	*	*	*	*	*	EU056962	*
H	8034	250	98.0	+	0	0	134M2I114M2D	FJ039638	EU056962
L	10685	220	*	*	*	*	*	EU280133	*
H	10685	221	97.7	+	0	0	122MD77MI20MD	EU186402	EU280133
L	2961	246	*	*	*	*	*	EU400584	*
H	2961	247	100.0	+	0	0	156MD90M	EU014059	EU400584
L	7557	199	*	*	*	*	*	AF444377	*
H	7557	199	99.0	+	0	0	199M	EU252550	AF444377
L	5530	242	*	*	*	*	*	FJ595996	*
H	5530	242	100.0	+	0	0	242M	EF513771	FJ595996
L	9025	250	*	*	*	*	*	FJ845438	*
H	9025	250	92.8	+	0	0	250M	EU293816	FJ845438
N	*	250	*	*	*	*	*	EU293832	*
L	7336	217	*	*	*	*	*	GQ293947	*
H	7336	215	100.0	+	0	0	2I215M	AF192323	GQ293947
L	1519	204	*	*	*	*	*	EU266701	*
H	1519	204	100.0	+	0	0	204M	EU266695	EU266701
L	11058	224	*	*	*	*	*	AY061685	*
H	11058	222	98.2	+	0	0	66MI53MI103M	AY061730	AY061685
L	3285	241	*	*	*	*	*	HQ605936	*
H	3285	241	98.3	+	0	0	241M	EU266082	HQ605936
L	6324	250	*	*	*	*	*	FJ596766	*
H	6324	250	99.2	+	0	0	250M	FJ596767	FJ596766
L	1968	237	*	*	*	*	*	GQ267468	*
H	1968	234	99.1	+	0	0	209M3I25M	FJ890026	GQ267468
L	10137	250	*	*	*	*	*	EU352770	*
H	10137	250	96.8	+	0	0	41MI135MD11MI28M2D32MI	EU352771	EU352770
L	6674	204	*	*	*	*	*	AM882708	*
H	6674	204	100.0	+	0	0	204M	HQ586862	AM882708
L	9836	198	*	*	*	*	*	FJ861421	*
H	9836	210	98.0	+	0	0	11D54MD144M	EU833211	FJ861421
L	2790	235	*	*	*	*	*	EU365847	*
H	2790	235	100.0	+	0	0	235M	EU365846	EU365847
N	*	143	*	*	*	*	*	HE611486	*
L	8911	166	*	*	*	*	*	FJ645267	*
H	8911	172	98.8	+	0	0	6D166M	EU249469	FJ645267
L	5072	201	*	*	*	*	*	AF422982	*
H	5072	201	99.0	+	0	0	201M	AF422983	AF422982
L	4298	237	*	*	*	*	*	EU402584	*
H	4298	237	97.9	+	0	0	168MI42MD26M	EU402583	EU402584
L	9255	205	*	*	*	*	*	FR686570	*
H	9255	205	97.1	+	0	0	205M	EU402586	FR686570
L	1078	169	*	*	*	*	*	EU837206	*
H	1078	168	95.8	+	0	0	33MI135M	AF433147	EU837206
L	6212	168	*	*	*	*	*	AF433150	*
H	6212	169	94.6	+	0	0	14MD154M	AF433149	AF433150
L	11192	250	*	*	*	*	*	AF079583	*
H	11192	250	98.8	+	0	0	34MI153MD62M	EU420068	AF079583
L	4241	211	*	*	*	*	*	EU821472	*
H	4241	211	95.7	+	0	0	211M	EU821481	EU821472
L	9207	110	*	*	*	*	*	FN547575	*
H	9207	101	99.0	+	0	0	8I10MD49MI15MI26M	AJ410754	FN547575
L	7064	250	*	*	*	*	*	AY534201	*
H	7064	250	99.2	+	0	0	250M	EU486439	AY534201
L	6701	250	*	*	*	*	*	AM882932	*
H	6701	250	90.0	+	0	0	3I6MI51MI97M10D21M2I34MD11MI19M3I	EU523581	AM882932
L	10982	122	*	*	*	*	*	JN851018	*
H	10982	121	98.3	+	0	0	65MI56M	GQ149770	JN851018
L	1342	222	*	*	*	*	*	EU784351	*
H	1342	219	90.0	+	0	0	12MI118MD64MI12M2I12M	EU526001	EU784351
L	3654	250	*	*	*	*	*	EU401713	*
H	3654	250	95.2	+	0	0	4I18MI227M5D	EU401714	EU401713
L	830	198	*	*	*	*	*	FJ459919	*
H	830	198	97.0	+	0	0	198M	EU400136	FJ459919
L	6329	250	*	*	*	*	*	AF506404	*
H	6329	250	99.6	+	0	0	250M	AF195603	AF506404
L	10810	250	*	*	*	*	*	AF325650	*
H	10810	250	90.8	+	0	0	36MI77M5I23MD48MI7MI51M7D	AF325651	AF325650
L	842	125	*	*	*	*	*	AF325646	*
H	842	137	89.6	+	0	0	10M10D17MD42MI20MD9MD26M	AF325653	AF325646
L	2239	205	*	*	*	*	*	AF440868	*
H	2239	83	100.0	+	0	0	122I83M	FJ710202	AF440868
L	7252	239	*	*	*	*	*	AY854089	*
H	7252	237	95.8	+	0	0	6I101M2D29MD33MD70M	EU598200	AY854089
L	4837	250	*	*	*	*	*	AF145446	*
H	4837	250	97.6	+	0	0	6D244M6I	EU552798	AF145446
L	6997	217	*	*	*	*	*	AY425657	*
H	6997	112	98.2	+	0	0	106I57MD54M	EU639582	AY425657
L	8319	247	*	*	*	*	*	EU563459	*
H	8319	246	98.4	+	0	0	64MI182M	EU563469	EU563459
L	906	250	*	*	*	*	*	EU186300	*
H	906	250	92.0	+	0	0	136MD22M3D16MD71M5I	AF458456	EU186300
L	4106	196	*	*	*	*	*	GU390580	*
H	4106	196	99.5	+	0	0	196M	EU326220	GU390580
L	6096	250	*	*	*	*	*	AF349703	*
H	6096	250	98.4	+	0	0	2D6MD111MD129M4I	AF458445	AF349703
L	1396	214	*	*	*	*	*	FJ479746	*
H	1396	219	97.7	+	0	0	4D25MD189M	FJ177464	FJ479746
L	6185	205	*	*	*	*	*	AF394037	*
H	6185	206	87.8	+	0	0	26MD31MI64MD83M	AF394042	AF394037
L	10192	235	*	*	*	*	*	EU661879	*
H	10192	81	92.6	+	0	0	151I26M3I55M	AB070888	EU661879
L	11225	250	*	*	*	*	*	U88219	*
H	11225	250	92.4	+	0	0	153M2I76MD19MD	U88220	U88219
H	11225	246	94.7	+	0	0	153M6I91M2D	U88223	U88219
L	1331	219	*	*	*	*	*	EU784294	*
H	1331	218	99.5	+	0	0	8MI210M	EU435146	EU784294
L	10892	197	*	*	*	*	*	EF503562	*
H	10892	197	100.0	+	0	0	197M	AY533559	EF503562
L	6888	205	*	*	*	*	*	AB489089	*
H	6888	201	99.5	+	0	0	4I51MD125MI24M	AJ842332	AB489089
L	5142	221	*	*	*	*	*	DQ157693	*
H	5142	213	100.0	+	0	0	8I213M	EF094829	DQ157693
N	*	122	*	*	*	*	*	EU837210	*
L	9843	215	*	*	*	*	*	GQ415342	*
H	9843	181	96.7	+	0	0	34I181M	EU520132	GQ415342
L	1989	250	*	*	*	*	*	FJ572259	*
H	1989	250	99.2	+	0	0	D94MI155M	FJ572258	FJ572259
L	2928	209	*	*	*	*	*	JQ676189	*
H	2928	210	94.7	+	0	0	75MD134M	EU520174	JQ676189
L	3670	250	*	*	*	*	*	FJ501572	*
H	3670	250	98.0	+	0	0	2I248M2D	EU520236	FJ501572
N	*	250	*	*	*	*	*	EU697242	*
L	9064	243	*	*	*	*	*	AF335456	*
H	9064	245	98.8	+	0	0	14MD106MD123M	AY456376	AF335456
L	4023	227	*	*	*	*	*	JN594608	*
H	4023	228	99.6	+	0	0	105MD122M	FJ874774	JN594608
L	993	250	*	*	*	*	*	EU623640	*
H	993	250	98.0	+	0	0	199M3D48M3I	EU623639	EU623640
L	8359	250	*	*	*	*	*	EU623690	*
H	8359	250	100.0	+	0	0	250M	EU623713	EU623690
L	3219	216	*	*	*	*	*	HQ660442	*
H	3219	230	89.4	+	0	0	4D29MD54M2D16M5D86M2D31M	EU553322	HQ660442
L	7366	154	*	*	*	*	*	DQ097871	*
H	7366	154	96.1	+	0	0	2I77M2D75M	EU669202	DQ097871
L	8579	229	*	*	*	*	*	EU846248	*
H	8579	223	100.0	+	0	0	6I223M	EU669214	EU846248
L	1058	206	*	*	*	*	*	EU846304	*
H	1058	211	94.7	+	0	0	6D45MI160M	EU669378	EU846304
L	5975	132	*	*	*	*	*	AF210671	*
H	5975	132	97.0	+	0	0	132M	GU361938	AF210671
L	3868	250	*	*	*	*	*	AY461838	*
H	3868	250	94.8	+	0	0	8I141M7D101MD	AF296772	AY461838
L	4415	250	*	*	*	*	*	UDB002216	*
H	4415	250	100.0	+	0	0	250M	FJ717505	UDB002216
L	1090	225	*	*	*	*	*	EU819441	*
H	1090	210	95.7	+	0	0	44MI34MD105M15I26M	EU819439	EU819441
L	11279	207	*	*	*	*	*	UDB000651	*
H	11279	190	93.7	+	0	0	49M18I15MI76M2D48M	GQ166887	UDB000651
L	7840	250	*	*	*	*	*	JF961373	*
H	7840	250	97.6	+	0	0	201MD48MI	EU819469	JF961373
L	1104	250	*	*	*	*	*	EU819506	*
H	1104	250	81.6	+	0	0	74MD29MD18M3D18MI6M2D13M3D82M9I	EU819470	EU819506
L	10517	207	*	*	*	*	*	FJ752738	*
H	10517	212	97.1	+	0	0	6D101MI105M	EU856062	FJ752738
L	1461	224	*	*	*	*	*	FJ441018	*
H	1461	229	98.7	+	0	0	5D224M	EU918698	FJ441018
L	8277	200	*	*	*	*	*	FJ717563	*
H	8277	197	100.0	+	0	0	3I197M	EU837217	FJ717563
N	*	163	*	*	*	*	*	EU681363	*
L	1185	204	*	*	*	*	*	AF415226	*
H	1185	172	90.1	+	0	0	8D60M40I104M	EU718112	AF415226
L	8235	128	*	*	*	*	*	EU436689	*
H	8235	127	93.7	+	0	0	19MI108M	EU702434	EU436689
L	11533	248	*	*	*	*	*	FM208872	*
H	11533	250	93.1	+	0	0	124MD17MD30MD43M2D12MD18M4I	FM208871	FM208872
L	8631	194	*	*	*	*	*	FJ000382	*
H	8631	194	100.0	+	0	0	194M	GQ152145	FJ000382
N	*	250	*	*	*	*	*	AF343318	*
L	10425	223	*	*	*	*	*	AF396862	*
H	10425	232	95.5	+	0	0	32M2D75M2D55MD7M4D54M	AF396864	AF396862
N	*	250	*	*	*	*	*	EU715619	*
L	10592	145	*	*	*	*	*	FJ999725	*
H	10592	153	100.0	+	0	0	8D145M	AF444664	FJ999725
L	5240	235	*	*	*	*	*	EU303008	*
H	5240	243	95.7	+	0	0	8D235M	FJ845430	EU303008
L	1250	231	*	*	*	*	*	EU486452	*
H	1250	226	100.0	+	0	0	2I6MI14MI169MI37M	UDB011278	EU486452
L	1269	240	*	*	*	*	*	FJ178366	*
H	1269	250	92.5	+	0	0	18D10M2D220M10I	FJ178364	FJ178366
L	3216	250	*	*	*	*	*	HQ011381	*
H	3216	250	99.6	+	0	0	250M	FJ167357	HQ011381
N	*	250	*	*	*	*	*	FM206390	*
L	1293	250	*	*	*	*	*	FM206401	*
H	1293	244	100.0	+	0	0	6I244M	FM206399	FM206401
L	11440	170	*	*	*	*	*	UDB008235	*
H	11440	176	98.8	+	0	0	6D170M	FM206478	UDB008235
L	11457	233	*	*	*	*	*	EU784180	*
H	11457	236	98.7	+	0	0	3D5MD55MI172M	EU784181	EU784180
L	10017	223	*	*	*	*	*	HM485330	*
H	10017	250	85.2	+	0	0	42D175MD32M16I	EU784185	HM485330
L	7221	180	*	*	*	*	*	AY789311	*
H	7221	180	95.6	+	0	0	70M2I21MD53MD34M	EU784256	AY789311
L	10554	220	*	*	*	*	*	JF430065	*
H	10554	226	92.3	+	0	0	53M3D34MD64MD50MD19M	EU784261	JF430065
L	1344	211	*	*	*	*	*	EU784356	*
H	1344	213	83.4	+	0	0	I7M2I73MD18MD7MD51MD9M3D21M2I20M	EU784355	EU784356
L	4381	250	*	*	*	*	*	AB067724	*
H	4381	250	91.2	+	0	0	143M2D72MD32M3I	EU833654	AB067724
L	10659	213	*	*	*	*	*	FJ205465	*
H	10659	213	100.0	+	0	0	213M	EU888927	FJ205465
L	4947	189	*	*	*	*	*	AY857243	*
H	4947	189	100.0	+	0	0	189M	FJ998413	AY857243
L	5241	250	*	*	*	*	*	EU186273	*
H	5241	250	98.4	+	0	0	I204MD45M	EU486444	EU186273
L	8322	250	*	*	*	*	*	FJ845446	*
H	8322	250	93.6	+	0	0	8I74M3D45MD123M4D	AY573539	FJ845446
L	5463	250	*	*	*	*	*	AB015686	*
H	5463	250	93.6	+	0	0	33MI146M2I30MI37M4D	FJ441032	AB015686
L	3891	144	*	*	*	*	*	FM163217	*
H	3891	141	96.5	+	0	0	26M3I115M	FM163218	FM163217
H	9293	120	100.0	+	0	0	120M	JN850990	GQ121287
L	4383	184	*	*	*	*	*	EF679398	*
H	4383	180	100.0	+	0	0	4I180M	FJ999711	EF679398
L	1852	204	*	*	*	*	*	FJ664870	*
H	1852	204	97.1	+	0	0	204M	FJ664871	FJ664870
L	3748	250	*	*	*	*	*	JN198390	*
H	3748	250	98.0	+	0	0	2D11MD236M3I	FJ462761	JN198390
L	1527	247	*	*	*	*	*	EU935556	*
H	1527	250	88.3	+	0	0	35MI79MD10M5D28MD10M3I17MD43MD19M2I	EU935553	EU935556
L	7258	229	*	*	*	*	*	AF418604	*
H	7258	232	96.9	+	0	0	56MD83MI19MD11MD35MD24M	AF418605	AF418604
L	9149	246	*	*	*	*	*	AY606965	*
H	9149	245	97.1	+	0	0	71MI174M	AY061723	AY606965
L	5794	153	*	*	*	*	*	AF042416	*
H	5794	153	98.0	+	0	0	153M	FJ501580	AF042416
N	*	127	*	*	*	*	*	FJ545249	*
L	9900	212	*	*	*	*	*	HM020692	*
H	9900	216	93.9	+	0	0	29MD47MD10M2D126M	FJ627027	HM020692
L	2761	249	*	*	*	*	*	AJ889960	*
H	2761	249	99.6	+	0	0	249M	AM087256	AJ889960
H	2593	227	85.9	+	0	0	117MI55MI25M2D28M	JQ711901	AY010281
H	3098	120	100.0	+	0	0	120M	FJ418216	HQ384388
L	1602	250	*	*	*	*	*	AB378748	*
H	1602	250	99.6	+	0	0	196MD53MI	AB378738	AB378748
L	7204	237	*	*	*	*	*	HQ406823	*
H	7204	237	99.2	+	0	0	237M	AB634268	HQ406823
L	8890	226	*	*	*	*	*	GU292816	*
H	8890	226	99.6	+	0	0	226M	FJ172270	GU292816
L	4471	236	*	*	*	*	*	EU301049	*
H	4471	235	94.9	+	0	0	211MI24M	FJ624259	EU301049
L	9048	191	*	*	*	*	*	FJ871105	*
H	9048	188	91.0	+	0	0	29MI130MI21MI8M	FJ356152	FJ871105
L	2667	229	*	*	*	*	*	AF212308	*
H	2667	208	92.8	+	0	0	22MD15M21I26MD46MI34M2I35MD27M	FJ467358	AF212308
L	3531	250	*	*	*	*	*	GU062266	*
H	3531	250	98.4	+	0	0	250M	FJ467365	GU062266
L	4577	250	*	*	*	*	*	AF059588	*
H	4577	250	92.8	+	0	0	8D51MD81MD108M10I	FJ478115	AF059588
L	969	146	*	*	*	*	*	EU520134	*
H	969	138	99.3	+	0	0	62M4I42M4I34M	FM878001	EU520134
L	9811	166	*	*	*	*	*	FJ900605	*
H	9811	173	100.0	+	0	0	6D29MD137M	FJ647181	FJ900605
L	5010	193	*	*	*	*	*	FJ228196	*
H	5010	193	100.0	+	0	0	193M	FJ654654	FJ228196
L	8682	98	*	*	*	*	*	FJ184284	*
H	8682	99	96.9	+	0	0	79MD19M	FJ184282	FJ184284
L	9742	88	*	*	*	*	*	GU355659	*
H	9742	232	80.7	+	0	0	147D14MI42M2I29M	FJ627262	GU355659
L	8542	190	*	*	*	*	*	AF145330	*
H	8542	190	100.0	+	0	0	190M	AF335932	AF145330
L	2536	234	*	*	*	*	*	EU977517	*
H	2536	237	87.2	+	0	0	D107MD8MD119M	EU977511	EU977517
L	4354	250	*	*	*	*	*	EU244842	*
H	4354	249	94.0	+	0	0	10I125MI114M10D	EU375546	EU244842
L	10455	139	*	*	*	*	*	FM878006	*
H	10455	140	96.4	+	0	0	63M5D17M4I55M	FM878007	FM878006
L	10889	183	*	*	*	*	*	JN198487	*
H	10889	182	99.5	+	0	0	145MI37M	FJ852597	JN198487
L	3101	209	*	*	*	*	*	HM639267	*
H	3101	215	92.8	+	0	0	24M2D86M4D99M	FJ845406	HM639267
L	5583	226	*	*	*	*	*	AB232541	*
H	5583	235	95.6	+	0	0	7D115M2D36MD54MI20M	FJ897535	AB232541
L	5286	161	*	*	*	*	*	FJ861968	*
H	5286	161	99.4	+	0	0	161M	FJ861972	FJ861968
L	9552	180	*	*	*	*	*	GU138711	*
H	9552	185	96.1	+	0	0	32M2D29MD91M2D28M	FJ861980	GU138711
L	4744	220	*	*	*	*	*	AY695067	*
H	4744	225	91.4	+	0	0	23MI30M2D19M2I91M6D54M	AY695065	AY695067
L	9310	248	*	*	*	*	*	GQ166888	*
H	9310	202	99.5	+	0	0	46I202M	GQ166873	GQ166888
L	8539	231	*	*	*	*	*	HQ839778	*
H	8539	231	99.1	+	0	0	231M	DQ826739	HQ839778
L	7384	250	*	*	*	*	*	DQ144620	*
H	7384	250	82.4	+	0	0	2I20M2I18MI119M3I85M8D	EU118645	DQ144620
L	2904	250	*	*	*	*	*	GU234144	*
H	2904	250	92.4	+	0	0	126MD10M2I16M2I94M3D	U66450	GU234144
L	8370	250	*	*	*	*	*	EU644704	*
H	8370	192	92.2	+	0	0	68I120MI20M4I37M15D	U66444	EU644704
N	*	125	*	*	*	*	*	AF492081	*
L	1775	219	*	*	*	*	*	U89366	*
H	1775	222	95.0	+	0	0	D8MD10MD201M	U89365	U89366
L	1793	191	*	*	*	*	*	FJ871078	*
H	1793	191	97.9	+	0	0	191M	FJ871090	FJ871078
L	4481	250	*	*	*	*	*	AY176405	*
H	4481	250	90.0	+	0	0	145MI104MD	U85329	AY176405
L	1831	229	*	*	*	*	*	FJ462770	*
H	1831	243	85.2	+	0	0	57MD23M2D26M3D33M8D21MI19MD49M	FJ411092	FJ462770
L	9062	143	*	*	*	*	*	FJ899616	*
H	9062	144	93.0	+	0	0	64MD79M	FJ968757	FJ899616
L	10088	250	*	*	*	*	*	HM623128	*
H	10088	250	89.2	+	0	0	10D88MD151M11I	FJ770408	HM623128
L	6087	250	*	*	*	*	*	AF343681	*
H	6087	250	92.4	+	0	0	10MD90M2D32MD114M4I	AY348305	AF343681
L	9330	250	*	*	*	*	*	UDB000637	*
H	9330	250	97.2	+	0	0	153M7I90M7D	AM882952	UDB000637
L	8759	187	*	*	*	*	*	FJ431227	*
H	8759	175	85.1	+	0	0	24MI18M9I12MD50MI10MI16MI44M	FJ431226	FJ431227
L	8768	214	*	*	*	*	*	FJ431246	*
H	8768	218	98.6	+	0	0	22M2D84MI21MD18MD31MD37M	FJ431232	FJ431246
L	1885	216	*	*	*	*	*	FJ431271	*
H	1885	217	98.1	+	0	0	119MD97M	FJ431269	FJ431271
N	*	250	*	*	*	*	*	GQ249887	*
L	6	226	*	*	*	*	*	AF180201	*
H	6	150	88.7	+	0	0	2I22M4D27M3I16M23I8M52I73M	FJ468404	AF180201
H	5942	226	92.9	+	0	0	2I24M2I27M4I75M2D31M4D63M	FJ468409	AF180198
L	11055	229	*	*	*	*	*	JF908663	*
H	11055	98	96.9	+	0	0	132I49MD48M	GQ166871	JF908663
L	11417	250	*	*	*	*	*	UDB003224	*
H	11417	250	85.6	+	0	0	27M2I20MI15M2I37M3I58MD47M2D19M2D19M3D	GQ166889	UDB003224
L	6318	178	*	*	*	*	*	FJ424264	*
H	6318	178	99.4	+	0	0	178M	GQ241278	FJ424264
N	*	250	*	*	*	*	*	FJ477839	*
L	7865	250	*	*	*	*	*	AF491556	*
H	7865	250	94.0	+	0	0	22MD158M3D66M4I	AF491557	AF491556
L	2624	239	*	*	*	*	*	FJ582638	*
H	2624	82	95.1	+	0	0	158I42MD39M	FJ491985	FJ582638
L	5848	233	*	*	*	*	*	AF094510	*
H	5848	81	100.0	+	0	0	152I81M	FJ491979	AF094510
L	7930	195	*	*	*	*	*	EF568082	*
H	7930	161	90.7	+	0	0	33I9M2I24M2I61MD28M2D36M	GQ229461	EF568082
L	5101	200	*	*	*	*	*	AY669694	*
H	5101	200	100.0	+	0	0	200M	FJ157122	AY669694
L	9377	218	*	*	*	*	*	GQ377479	*
H	9377	83	94.0	+	0	0	134I25MI58M	EU715651	GQ377479
L	6696	250	*	*	*	*	*	AM882896	*
H	6696	250	99.2	+	0	0	47MI36MI13MD152MD	GQ267474	AM882896
L	5259	250	*	*	*	*	*	AM087266	*
H	5259	247	89.1	+	0	0	106MD92M4I48M	GQ267480	AM087266
L	6454	250	*	*	*	*	*	DQ068965	*
H	6454	250	95.6	+	0	0	224MD12MD12M2I	GQ267485	DQ068965
L	1751	170	*	*	*	*	*	FJ876298	*
H	1751	167	96.4	+	0	0	6I108M3D56M	EF484924	FJ876298
H	11192	250	96.4	+	0	0	2I32MI59M2I44MD52MD58M3D	FJ572242	AF079583
L	8997	250	*	*	*	*	*	FJ824766	*
H	8997	250	92.8	+	0	0	2I49MI18MI97MI70MI10M6D	AB454313	FJ824766
L	4087	207	*	*	*	*	*	EF591910	*
H	4087	207	100.0	+	0	0	207M	FJ422904	EF591910
L	6640	250	*	*	*	*	*	AM269782	*
H	6640	250	91.6	+	0	0	5D10MI25M2I111MI54M2D43M3I	GQ253464	AM269782
L	2484	113	*	*	*	*	*	FN423706	*
H	2484	113	98.2	+	0	0	113M	FN423707	FN423706
L	2022	221	*	*	*	*	*	AB439544	*
H	2022	228	92.8	+	0	0	50M2D23MD87MD36M3D25M	AB439546	AB439544
L	2039	250	*	*	*	*	*	GQ844240	*
H	2039	250	98.0	+	0	0	61MD73MD22MD91M3I	GQ844231	GQ844240
L	92	250	*	*	*	*	*	AB015696	*
H	92	250	92.0	+	0	0	I162M14I73M15D	GQ415317	AB015696
L	2048	101	*	*	*	*	*	GQ426042	*
H	2048	101	100.0	+	0	0	101M	GQ426037	GQ426042
L	9237	150	*	*	*	*	*	FJ769289	*
H	9237	149	100.0	+	0	0	86MI63M	GQ388715	FJ769289
L	2055	250	*	*	*	*	*	FJ774077	*
H	2055	250	100.0	+	0	0	250M	FJ774079	FJ774077
L	6618	207	*	*	*	*	*	AM159623	*
H	6618	207	99.5	+	0	0	207M	FJ903297	AM159623
N	*	114	*	*	*	*	*	AY533548	*
L	10409	123	*	*	*	*	*	AY586559	*
H	10409	123	100.0	+	0	0	123M	AY586560	AY586559
L	3746	197	*	*	*	*	*	GQ981489	*
H	3746	197	99.5	+	0	0	197M	GQ981490	GQ981489
L	9482	250	*	*	*	*	*	GQ981515	*
H	9482	250	80.4	+	0	0	12MI8MI37M3D18M2D80MI18M4I48MD22MD	GQ981514	GQ981515
L	2115	201	*	*	*	*	*	GQ925392	*
H	2115	204	92.5	+	0	0	28MD21MD21MD7MD83MI40M	GQ981527	GQ925392
L	3702	206	*	*	*	*	*	HQ650721	*
H	3702	206	98.1	+	0	0	206M	FJ919809	HQ650721
L	2491	250	*	*	*	*	*	AY089745	*
H	2491	250	97.2	+	0	0	5D34MD210M6I	U63476	AY089745
L	5934	211	*	*	*	*	*	FJ205455	*
H	5934	211	99.5	+	0	0	211M	GU062261	FJ205455
L	10013	237	*	*	*	*	*	HM480491	*
H	10013	240	93.7	+	0	0	2D7M2D45MI70MD61MI52M	FJ411105	HM480491
L	4226	179	*	*	*	*	*	GQ852794	*
H	4226	179	100.0	+	0	0	179M	GQ852796	GQ852794
L	3190	250	*	*	*	*	*	HQ604629	*
H	3190	250	93.2	+	0	0	9M2I18MI19MI24MI14MD40MD46M2I73M5D	AM882868	HQ604629
L	3165	250	*	*	*	*	*	HQ604088	*
H	3165	250	97.6	+	0	0	53MI134MI61M2D	AM882913	HQ604088
L	11275	150	*	*	*	*	*	AM882922	*
H	11275	202	98.0	+	0	0	52D150M	AM882923	AM882922
L	10546	233	*	*	*	*	*	GU966523	*
H	10546	229	97.8	+	0	0	8I87M2D138M2D	FJ389922	GU966523
L	4966	154	*	*	*	*	*	AY865635	*
H	4966	154	100.0	+	0	0	154M	FJ860819	AY865635
L	11013	242	*	*	*	*	*	FJ827735	*
H	11013	235	85.5	+	0	0	23M3D15MD52M3I36M7I41MI64M	FJ827715	FJ827735
L	2190	250	*	*	*	*	*	FJ827734	*
H	2190	250	80.8	+	0	0	27M2D14M7D74M2D14MI99MD10M11I	FJ827732	FJ827734
L	9123	97	*	*	*	*	*	FM205659	*
H	9123	99	97.9	+	0	0	73M2D24M	FJ748900	FM205659
L	9455	250	*	*	*	*	*	GQ913371	*
H	9455	250	96.8	+	0	0	250M	GQ913372	GQ913371
L	10791	190	*	*	*	*	*	JF923607	*
H	10791	190	94.2	+	0	0	8MI98MD83M	EU034670	JF923607
L	10144	218	*	*	*	*	*	HQ153425	*
H	10144	211	87.2	+	0	0	7I17MD25MI23MD63MI13MD17MI50M	AB084618	HQ153425
L	9557	169	*	*	*	*	*	GU138721	*
H	9557	169	98.8	+	0	0	169M	GU138726	GU138721
H	9552	180	86.7	+	0	0	25MD126MI28M	GU138732	GU138711
L	9556	168	*	*	*	*	*	GU138738	*
H	9556	168	99.4	+	0	0	168M	GU138749	GU138738
L	5778	221	*	*	*	*	*	AF011309	*
H	5778	223	100.0	+	0	0	2D221M	AB077658	AF011309
L	11521	114	*	*	*	*	*	AM930241	*
H	11521	114	100.0	+	0	0	114M	AM930233	AM930241
L	2324	223	*	*	*	*	*	AF352320	*
H	2324	218	90.4	+	0	0	28MI9M2I14MI6MI161M	AF352318	AF352320
L	2333	250	*	*	*	*	*	GU136184	*
H	2333	250	81.6	+	0	0	39MI15MD12MI48MD9M2D44M9I72M7D	GU136168	GU136184
N	*	250	*	*	*	*	*	AY313293	*
L	5763	140	*	*	*	*	*	JN159580	*
H	5763	132	96.2	+	0	0	23MD32M5I42M4I34M	FM878008	JN159580
L	11391	199	*	*	*	*	*	U56032	*
H	11391	194	98.5	+	0	0	6I122MI45M2D25M	FM993281	U56032
L	9713	217	*	*	*	*	*	GU300089	*
H	9713	217	91.2	+	0	0	217M	EF026149	GU300089
L	3259	201	*	*	*	*	*	AF033434	*
H	3259	209	99.0	+	0	0	8D86MD43MI71M	GQ241286	AF033434
L	616	172	*	*	*	*	*	AF444450	*
H	616	159	88.7	+	0	0	8I18M4I34MI107M	AY188362	AF444450
L	8586	250	*	*	*	*	*	EU846299	*
H	8586	84	97.6	+	0	0	168I82M2D	AF000970	EU846299
L	10163	241	*	*	*	*	*	JF908679	*
H	10163	241	92.1	+	0	0	10D146MI22M9I63M	FJ845427	JF908679
L	2144	190	*	*	*	*	*	AF145329	*
H	2144	190	99.5	+	0	0	190M	AY382330	AF145329
L	6678	210	*	*	*	*	*	JF908163	*
H	6678	197	87.8	+	0	0	21MD21MD10MI22M3D39M12I34M2I14M3I31M	FN550892	JF908163
L	11479	215	*	*	*	*	*	UDB011124	*
H	11479	219	98.6	+	0	0	2D7M2D208M	FJ845432	UDB011124
N	*	207	*	*	*	*	*	AY862572	*
L	4509	93	*	*	*	*	*	AY375446	*
H	4509	215	100.0	+	0	0	122D93M	AF137067	AY375446
N	*	209	*	*	*	*	*	GQ254687	*
L	3501	250	*	*	*	*	*	AF389127	*
H	3501	250	88.4	+	0	0	6D147M2I97M4I	HM060317	AF389127
L	2666	210	*	*	*	*	*	GQ344612	*
H	2666	210	97.1	+	0	0	210M	GQ344614	GQ344612
L	9370	219	*	*	*	*	*	GQ344596	*
H	9370	199	88.4	+	0	0	4I6MI27MI53M12I26M2I87M	GQ344599	GQ344596
L	1538	250	*	*	*	*	*	FJ515182	*
H	1538	250	86.4	+	0	0	4I26MD49MD53M7I43M3D51MI16M7D	AY345000	FJ515182
L	3497	215	*	*	*	*	*	DQ491517	*
H	3497	215	100.0	+	0	0	215M	HM016895	DQ491517
L	6641	250	*	*	*	*	*	AM269784	*
H	6641	250	87.6	+	0	0	123MI10M5I60M4I29M2I16M12D	GU068592	AM269784
L	8858	225	*	*	*	*	*	DQ365632	*
H	8858	224	97.8	+	0	0	I224M	DQ365633	DQ365632
L	2712	186	*	*	*	*	*	GU067666	*
H	2712	183	91.8	+	0	0	I60MI10MI113M	GU067663	GU067666
L	3365	216	*	*	*	*	*	DQ156343	*
H	3365	83	100.0	+	0	0	133I83M	HM489875	DQ156343
H	10659	205	96.6	+	0	0	8I205M	FJ160269	FJ205465
L	9067	225	*	*	*	*	*	FJ903370	*
H	9067	216	100.0	+	0	0	8I165MI51M	EU835166	FJ903370
N	*	102	*	*	*	*	*	GQ409533	*
L	4324	246	*	*	*	*	*	JN392247	*
H	4324	98	100.0	+	0	0	148I98M	FM205507	JN392247
L	5609	139	*	*	*	*	*	AB261423	*
H	5609	250	98.6	+	0	0	68D139M43D	AF516796	AB261423
L	7718	190	*	*	*	*	*	AY228121	*
H	7718	192	100.0	+	0	0	97M2D93M	EF639862	AY228121
L	7265	198	*	*	*	*	*	AY898621	*
H	7265	199	100.0	+	0	0	68MD130M	AJ419216	AY898621
L	2779	222	*	*	*	*	*	GU903338	*
H	2779	216	96.3	+	0	0	4I26MI147MI43M	GU992337	GU903338
L	6533	113	*	*	*	*	*	AJ555510	*
H	6533	113	92.9	+	0	0	42MI14MD56M	AJ555513	AJ555510
L	9753	249	*	*	*	*	*	GU371295	*
H	9753	239	100.0	+	0	0	10I239M	GU371297	GU371295
L	3243	250	*	*	*	*	*	FM205911	*
H	3243	250	96.4	+	0	0	102MI147MD	DQ534460	FM205911
L	2812	238	*	*	*	*	*	AJ390415	*
H	2812	80	100.0	+	0	0	158I80M	FN435748	AJ390415
L	2814	143	*	*	*	*	*	AY616688	*
H	2814	84	100.0	+	0	0	59I84M	FN435815	AY616688
L	4063	250	*	*	*	*	*	AY313296	*
H	4063	250	87.6	+	0	0	28MI24M2D38M2D69M2D20M2I19MD20MI25M3I	AY313297	AY313296
L	9535	184	*	*	*	*	*	EF565744	*
H	9535	184	98.9	+	0	0	184M	HM997129	EF565744
L	10148	103	*	*	*	*	*	GQ376093	*
H	10148	102	98.0	+	0	0	51MD11MI12MI27M	AF015250	GQ376093
L	6047	194	*	*	*	*	*	AF294694	*
H	6047	194	100.0	+	0	0	194M	HQ115653	AF294694
L	4045	199	*	*	*	*	*	GQ241291	*
H	4045	199	100.0	+	0	0	199M	HQ115660	GQ241291
L	6270	201	*	*	*	*	*	HM036593	*
H	6270	201	100.0	+	0	0	201M	HQ406808	HM036593
L	9568	224	*	*	*	*	*	DQ069000	*
H	9568	225	99.1	+	0	0	133MD91M	GQ267499	DQ069000
L	11333	198	*	*	*	*	*	UDB001233	*
H	11333	195	100.0	+	0	0	3I195M	AY083189	UDB001233
L	2908	140	*	*	*	*	*	HM191748	*
H	2908	151	87.1	+	0	0	9D17M4D16MI25MD29MI22MI28M	HM191746	HM191748
L	8018	183	*	*	*	*	*	EU041803	*
H	8018	185	91.8	+	0	0	81MD15MI40MD24MD22M	AB488487	EU041803
L	4842	248	*	*	*	*	*	AY641459	*
H	4842	248	96.8	+	0	0	141MD25MI81M	JQ711898	AY641459
L	7093	243	*	*	*	*	*	GU222326	*
H	7093	243	99.6	+	0	0	243M	AJ272416	GU222326
L	5938	210	*	*	*	*	*	AF178517	*
H	5938	208	99.0	+	0	0	22MI40MI146M	AY213675	AF178517
L	5116	206	*	*	*	*	*	DQ093770	*
H	5116	206	100.0	+	0	0	206M	AF439625	DQ093770
L	10055	250	*	*	*	*	*	HM562132	*
H	10055	250	94.4	+	0	0	139MD110MI	HM562131	HM562132
L	3481	205	*	*	*	*	*	AF096214	*
H	3481	204	93.1	+	0	0	24MD32M2I147M	AF096215	AF096214
L	7243	188	*	*	*	*	*	GQ334384	*
H	7243	188	100.0	+	0	0	188M	GQ334386	GQ334384
L	8120	231	*	*	*	*	*	EU192156	*
H	8120	232	89.6	+	0	0	72MD55M2I39M2D63M	HQ234601	EU192156
L	10355	250	*	*	*	*	*	AF422939	*
H	10355	250	94.0	+	0	0	53MD172MD23M2I	AY139785	AF422939
L	5521	250	*	*	*	*	*	EU424298	*
H	5521	250	95.6	+	0	0	131MI30MD6M2D80M2I	EU424285	EU424298
L	495	198	*	*	*	*	*	EU030360	*
H	495	200	100.0	+	0	0	2D198M	AF034461	EU030360
L	5755	100	*	*	*	*	*	AB630955	*
H	5755	230	100.0	+	0	0	130D100M	GU973533	AB630955
L	3161	239	*	*	*	*	*	HQ287333	*
H	3161	238	99.6	+	0	0	206MI32M	HQ287329	HQ287333
L	10300	250	*	*	*	*	*	HQ604084	*
H	10300	250	90.0	+	0	0	51M5I19M2D34M2I8M4I43M9I21M6D25MD9MD20M10D	HQ604080	HQ604084
L	3166	250	*	*	*	*	*	EU525945	*
H	3166	250	87.6	+	0	0	54M2I66MI8MI32M5I60MD21M8D	EU525947	EU525945
L	5236	250	*	*	*	*	*	JF908124	*
H	5236	250	88.0	+	0	0	54M5I42MD64M8D25MI25M2D16M3I13M2I	HQ604216	JF908124
L	6068	250	*	*	*	*	*	EU834223	*
H	6068	250	100.0	+	0	0	250M	EU837241	EU834223
L	7048	225	*	*	*	*	*	AY513225	*
H	7048	221	93.2	+	0	0	51M4I170M	AY513227	AY513225
L	1044	214	*	*	*	*	*	EU834202	*
H	1044	214	93.5	+	0	0	6D18MI95M5I95M	HQ650728	EU834202
L	9537	227	*	*	*	*	*	EU259898	*
H	9537	231	94.3	+	0	0	129MD34MD12MD7MD45M	HQ605927	EU259898
L	10340	229	*	*	*	*	*	HQ605928	*
H	10340	229	100.0	+	0	0	229M	HQ605931	HQ605928
L	6243	220	*	*	*	*	*	AF451779	*
H	6243	238	80.9	+	0	0	2I47M3D28MD27M2D19M14D97M	HQ605935	AF451779
L	3814	221	*	*	*	*	*	JF263541	*
H	3814	218	96.8	+	0	0	8I120M5D93M	AB609598	JF263541
L	8651	178	*	*	*	*	*	FJ489869	*
H	8651	178	100.0	+	0	0	178M	U18357	FJ489869
L	10430	233	*	*	*	*	*	JN813390	*
H	10430	231	97.4	+	0	0	7MI25MI199M	JN813394	JN813390
L	3320	219	*	*	*	*	*	HQ888729	*
H	3320	225	91.3	+	0	0	49M7D7M4D40M2I17MI52MI17MI32M	HQ888724	HQ888729
L	11218	250	*	*	*	*	*	U85310	*
H	11218	250	95.6	+	0	0	77MD94M3D75M4I	AY243589	U85310
L	10026	250	*	*	*	*	*	HM488765	*
H	10026	250	94.0	+	0	0	146M3D55M3I46M	AY243611	HM488765
L	9092	240	*	*	*	*	*	FJ914990	*
H	9092	241	97.9	+	0	0	219MD21M	HM748581	FJ914990
L	10381	221	*	*	*	*	*	EU034671	*
H	10381	230	99.1	+	0	0	160M8D47MD14M	HM578955	EU034671
L	8965	199	*	*	*	*	*	FJ797880	*
H	8965	199	97.0	+	0	0	199M	GU979031	FJ797880
L	5153	218	*	*	*	*	*	DQ132837	*
H	5153	99	100.0	+	0	0	119I99M	HQ833354	DQ132837
L	3156	187	*	*	*	*	*	HQ637330	*
H	3156	187	100.0	+	0	0	187M	HQ833361	HQ637330
L	5372	134	*	*	*	*	*	AJ891106	*
H	5372	126	96.8	+	0	0	41M7I36MI49M	AJ891105	AJ891106
L	8996	199	*	*	*	*	*	FJ824614	*
H	8996	198	100.0	+	0	0	170MI28M	JF340250	FJ824614
L	9279	93	*	*	*	*	*	FR799313	*
H	9279	95	95.7	+	0	0	27MD19MD47M	FR799312	FR799313
L	7040	232	*	*	*	*	*	AY509805	*
H	7040	230	86.5	+	0	0	136M2I94M	HM577294	AY509805
L	8367	204	*	*	*	*	*	EU639651	*
H	8367	229	94.1	+	0	0	25D204M	HQ917069	EU639651
L	523	250	*	*	*	*	*	AB080533	*
H	523	250	98.4	+	0	0	250M	AB080531	AB080533
L	1021	250	*	*	*	*	*	AJ518879	*
H	1021	250	89.2	+	0	0	43MD22MD13MD58MD27MD15M2I14MI53M2I	JF440570	AJ518879
L	5324	215	*	*	*	*	*	FJ627591	*
H	5324	213	98.1	+	0	0	116M2I97M	FJ627596	FJ627591
L	3550	213	*	*	*	*	*	JF263485	*
H	3550	213	100.0	+	0	0	213M	JF263484	JF263485
L	3103	242	*	*	*	*	*	EU486443	*
H	3103	247	90.1	+	0	0	52M3D67M3D32MD16MI11MI62M	AF516568	EU486443
L	3600	242	*	*	*	*	*	AF516594	*
H	3600	240	99.2	+	0	0	2I240M	AY218420	AF516594
L	11245	238	*	*	*	*	*	AF418618	*
H	11245	95	100.0	+	0	0	143I95M	JF908691	AF418618
L	3653	250	*	*	*	*	*	FJ940911	*
H	3653	250	86.4	+	0	0	3I52M3I42M3I15M3D36M3I28M4I46M6I9M19D	HQ845064	FJ940911
L	4975	222	*	*	*	*	*	DQ001299	*
H	4975	220	92.3	+	0	0	190M2I30M	DQ383646	DQ001299
L	8080	228	*	*	*	*	*	EU118657	*
H	8080	219	85.8	+	0	0	8I41MD26MI7MI39M11D22M2I34M4I12M5I26M	FN812727	EU118657
L	5152	210	*	*	*	*	*	DQ132832	*
H	5152	210	99.5	+	0	0	210M	JN198424	DQ132832
L	9204	136	*	*	*	*	*	FM876786	*
H	9204	250	81.6	+	0	0	27M60D60M60D43M6I	JN194166	FM876786
L	5377	107	*	*	*	*	*	AJ891120	*
H	5377	228	91.6	+	0	0	24M61D58M60D25M	JN194172	AJ891120
N	*	250	*	*	*	*	*	JN194176	*
N	*	250	*	*	*	*	*	JN194180	*
L	3871	250	*	*	*	*	*	JF907771	*
H	3871	250	84.8	+	0	0	35MD84MI11M3D10MD34MD45MD24M6I	AY194519	JF907771
L	3885	250	*	*	*	*	*	JF907830	*
H	3885	250	88.4	+	0	0	2D47MI84MI117M	AY194541	JF907830
L	3798	216	*	*	*	*	*	JN086280	*
H	3798	219	95.4	+	0	0	3D216M	JN086277	JN086280
L	3807	216	*	*	*	*	*	DQ782842	*
H	3807	238	96.8	+	0	0	23D172MI18MI24MD	JF744951	DQ782842
N	*	250	*	*	*	*	*	HM635711	*
L	9527	228	*	*	*	*	*	GU062301	*
H	9527	227	98.2	+	0	0	205MI22M	JN182863	GU062301
N	*	250	*	*	*	*	*	DQ131632	*
L	9177	250	*	*	*	*	*	FN396149	*
H	9177	250	84.8	+	0	0	128MD21M7D36MI57M7I	AY461833	FN396149
L	185	197	*	*	*	*	*	AY669658	*
H	185	203	98.5	+	0	0	102MD25M3D43M2D27M	AF389157	AY669658
L	8871	250	*	*	*	*	*	GQ166906	*
H	8871	250	94.0	+	0	0	144M2I104M2D	JF908007	GQ166906
L	3902	250	*	*	*	*	*	AF335449	*
H	3902	250	92.0	+	0	0	74MI158MD17M	EU784199	AF335449
L	2692	250	*	*	*	*	*	JF908037	*
H	2692	250	95.6	+	0	0	250M	FJ168592	JF908037
L	10735	250	*	*	*	*	*	JF908093	*
H	10735	250	92.4	+	0	0	7D122M3D40M4I78M6I	JF908092	JF908093
L	11541	250	*	*	*	*	*	AF140260	*
H	11541	250	100.0	+	0	0	250M	AF140254	AF140260
N	*	250	*	*	*	*	*	JF908329	*
L	11504	250	*	*	*	*	*	EU486448	*
H	11504	250	97.2	+	0	0	2I131MD117MD	HM562135	EU486448
L	4542	213	*	*	*	*	*	AB115044	*
H	4542	208	95.2	+	0	0	34M2I83MI5M2I86M	EU424294	AB115044
N	*	250	*	*	*	*	*	JF908738	*
L	7165	86	*	*	*	*	*	AY558764	*
H	7165	250	88.4	+	0	0	92D35M11D51M61D	GQ140236	AY558764
L	3997	115	*	*	*	*	*	FR692354	*
H	3997	114	96.5	+	0	0	63MI51M	FR692351	FR692354
L	10469	204	*	*	*	*	*	HQ857742	*
H	10469	197	99.0	+	0	0	7I197M	JF508429	HQ857742
L	4589	211	*	*	*	*	*	AY498673	*
H	4589	217	95.7	+	0	0	54MD28M2D53M2D19MD57M	AY303138	AY498673
L	4083	191	*	*	*	*	*	GU214625	*
H	4083	191	100.0	+	0	0	191M	GU214624	GU214625
L	3329	149	*	*	*	*	*	AJ567763	*
H	3329	146	98.6	+	0	0	41M4I85MD19M	FR750193	AJ567763
L	8710	225	*	*	*	*	*	FJ235147	*
H	8710	224	92.0	+	0	0	36MI55MD41MI91M	GQ337914	FJ235147
L	3239	178	*	*	*	*	*	AY259137	*
H	3239	190	91.0	+	0	0	10D25MI66M2D37MD49M	U51958	AY259137
L	6066	239	*	*	*	*	*	AF322377	*
H	6066	230	100.0	+	0	0	8I33MI197M	AF038354	AF322377
L	170	221	*	*	*	*	*	DQ004572	*
H	170	241	85.1	+	0	0	3I106M15D17M2D34M2D42M4D19M	JN943727	DQ004572
L	4212	83	*	*	*	*	*	JN942354	*
H	4212	209	100.0	+	0	0	126D83M	JN942348	JN942354
L	6517	187	*	*	*	*	*	AJ496633	*
H	6517	187	100.0	+	0	0	187M	AF383952	AJ496633
L	9110	186	*	*	*	*	*	FJ228162	*
H	9110	186	100.0	+	0	0	186M	EU255794	FJ228162
L	11094	237	*	*	*	*	*	JQ711917	*
H	11094	233	94.0	+	0	0	2I164M2I69M	AY010275	JQ711917
L	4421	250	*	*	*	*	*	FJ481043	*
H	4421	194	88.1	+	0	0	129M2D15MD22M2I25M57I	JN230417	FJ481043
L	4372	229	*	*	*	*	*	JN710549	*
H	4372	230	87.8	+	0	0	83MD53M2I21M2D39MI8MD22M	AJ006675	JN710549
L	10337	233	*	*	*	*	*	FJ903348	*
H	10337	233	100.0	+	0	0	233M	JF440575	FJ903348
L	8321	245	*	*	*	*	*	EU563471	*
H	8321	246	98.0	+	0	0	227MD18M	EU563390	EU563471
L	10940	210	*	*	*	*	*	JN638265	*
H	10940	210	100.0	+	0	0	210M	JN638261	JN638265
L	4271	202	*	*	*	*	*	JN943382	*
H	4271	209	94.6	+	0	0	26MD13MD47MD17MI47MI9MD16M5D25M	JN943384	JN943382
L	7250	229	*	*	*	*	*	AY849307	*
H	7250	224	87.1	+	0	0	24MI33MI22MD33MI15M2I13MD13MI45MI24M	AJ006670	AY849307
L	8904	208	*	*	*	*	*	FJ441623	*
H	8904	207	97.6	+	0	0	69MI138M	FJ441632	FJ441623
L	7495	229	*	*	*	*	*	EU693448	*
H	7495	239	92.1	+	0	0	105MD7M2D22M5D26MD28MD41M	JQ350873	EU693448
L	10914	247	*	*	*	*	*	JN392267	*
H	10914	246	92.3	+	0	0	207MI39M	JN392242	JN392267
L	11635	250	*	*	*	*	*	UDB011855	*
H	11635	250	93.2	+	0	0	2D7M2D119M7I25M3D92M	HM622269	UDB011855
L	2690	250	*	*	*	*	*	GU327642	*
H	2690	250	100.0	+	0	0	250M	FJ223228	GU327642
L	7731	130	*	*	*	*	*	EF025413	*
H	7731	131	96.2	+	0	0	52MD78M	EF025415	EF025413
L	591	234	*	*	*	*	*	EU047803	*
H	591	227	93.4	+	0	0	10I49MD63MD9M2D28MI74M	AY219348	EU047803
L	4726	180	*	*	*	*	*	AY646383	*
H	4726	95	95.8	+	0	0	85I95M	AY375447	AY646383
L	4529	219	*	*	*	*	*	AY425631	*
H	4529	222	84.5	+	0	0	45MD36M2I45M2D61M2D30M	AY425630	AY425631
L	6630	250	*	*	*	*	*	U85336	*
H	6630	250	94.8	+	0	0	8I146M2D96M6D	AF059285	U85336
L	10840	250	*	*	*	*	*	FJ810130	*
H	10840	250	93.6	+	0	0	8I36MD206M7D	AF059597	FJ810130
L	7043	233	*	*	*	*	*	AY509803	*
H	7043	234	100.0	+	0	0	5MD228M	AY509802	AY509803
L	4676	245	*	*	*	*	*	AF138834	*
H	4676	97	82.5	+	0	0	145I48MI8M2I41M	AF138833	AF138834
L	6502	206	*	*	*	*	*	AF096213	*
H	6502	207	100.0	+	0	0	149MD57M	FN185932	AF096213
L	6012	195	*	*	*	*	*	AF229478	*
H	6012	196	95.4	+	0	0	59MI77MD30MD28M	AF071340	AF229478
L	7098	196	*	*	*	*	*	AY587933	*
H	7098	193	92.2	+	0	0	100MI59M2I34M	AY587932	AY587933
L	4752	92	*	*	*	*	*	AY558781	*
H	4752	92	97.8	+	0	0	92M	AY558780	AY558781
N	*	231	*	*	*	*	*	AY245629	*
L	11138	250	*	*	*	*	*	U33078	*
H	11138	250	98.4	+	0	0	250M	AF079577	U33078
L	5610	182	*	*	*	*	*	EU692760	*
H	5610	182	99.5	+	0	0	182M	EU692761	EU692760
L	4822	178	*	*	*	*	*	AB180372	*
H	4822	171	91.8	+	0	0	31M5I30MI40MI70M	AB180367	AB180372
L	5201	140	*	*	*	*	*	DQ206851	*
H	5201	140	99.3	+	0	0	140M	AY830857	DQ206851
L	6594	250	*	*	*	*	*	AJ889920	*
H	6594	250	91.6	+	0	0	158MD6M12D29MD43M14I	AF085489	AJ889920
L	6787	236	*	*	*	*	*	AY124122	*
H	6787	237	97.5	+	0	0	37MD199M	DQ066706	AY124122
L	8731	219	*	*	*	*	*	FJ380933	*
H	8731	223	81.7	+	0	0	34MI22M4D45MD117M	AY965748	FJ380933
L	5001	250	*	*	*	*	*	AF193387	*
H	5001	250	92.8	+	0	0	101M3D14M4D13M2D44MI55MI4MI10M6I	AF193379	AF193387
L	5018	231	*	*	*	*	*	AF210828	*
H	5018	231	97.8	+	0	0	231M	AF210827	AF210828
L	5031	250	*	*	*	*	*	AH008980	*
H	5031	250	99.6	+	0	0	116MI133MD	AH008981	AH008980
L	1600	238	*	*	*	*	*	FJ599809	*
H	1600	237	97.0	+	0	0	100MI26MI71MD39M	AY773454	FJ599809
L	8732	205	*	*	*	*	*	FJ380937	*
H	8732	195	95.9	+	0	0	10I195M	GU130298	FJ380937
H	9568	223	91.9	+	0	0	153MI70M	FM206477	DQ069000
L	1264	237	*	*	*	*	*	FJ845429	*
H	1264	241	97.0	+	0	0	57M2D72MD9MD99M	EU819422	FJ845429
L	11030	247	*	*	*	*	*	AB378675	*
H	11030	245	99.2	+	0	0	63MI55MI127M	AB378677	AB378675
L	10905	250	*	*	*	*	*	AF045867	*
H	10905	250	97.2	+	0	0	6M2D12MD229M3I	DQ191249	AF045867
L	3350	205	*	*	*	*	*	AB546949	*
H	3350	203	93.6	+	0	0	63MI76MI64M	AY245636	AB546949
L	7483	250	*	*	*	*	*	DQ344511	*
H	7483	250	92.8	+	0	0	75MD115M3I36MI20M3D	DQ344510	DQ344511
L	3817	181	*	*	*	*	*	JF268773	*
H	3817	175	94.9	+	0	0	7I142MD32M	AF203472	JF268773
L	5323	239	*	*	*	*	*	DQ384590	*
H	5323	245	99.2	+	0	0	6D239M	EU597077	DQ384590
L	9023	250	*	*	*	*	*	FJ845425	*
H	9023	250	100.0	+	0	0	250M	FJ157018	FJ845425
L	7551	241	*	*	*	*	*	DQ407260	*
H	7551	240	94.6	+	0	0	7I7M2D66MD7M2D59MD95M	DQ407251	DQ407260
L	5374	140	*	*	*	*	*	AJ891111	*
H	5374	140	97.1	+	0	0	140M	AJ891110	AJ891111
L	2929	170	*	*	*	*	*	HM235405	*
H	2929	182	91.8	+	0	0	8D27M2I25MD32M4D51MD33M	DQ459083	HM235405
L	9206	176	*	*	*	*	*	FN547526	*
H	9206	109	89.0	+	0	0	61I72M6I37M	AB048632	FN547526
L	5595	204	*	*	*	*	*	AB245121	*
H	5595	198	93.4	+	0	0	50M2I7M4I141M	AB245120	AB245121
L	7969	214	*	*	*	*	*	EF652465	*
H	7969	222	100.0	+	0	0	8D214M	AB248964	EF652465
L	8347	239	*	*	*	*	*	EU598197	*
H	8347	98	91.8	+	0	0	141I98M	AB291742	EU598197
N	*	250	*	*	*	*	*	AB302832	*
L	6922	181	*	*	*	*	*	AY266147	*
H	6922	173	99.4	+	0	0	8I173M	AB435066	AY266147
N	*	250	*	*	*	*	*	AB453024	*
L	1725	250	*	*	*	*	*	EU784407	*
H	1725	250	86.4	+	0	0	26MD9M2I109M2D55MD31MD15M3I	AB453029	EU784407
L	5680	200	*	*	*	*	*	AB481251	*
H	5680	202	96.5	+	0	0	33MD77MD90M	AB481257	AB481251
L	6729	160	*	*	*	*	*	FJ769330	*
H	6729	159	97.5	+	0	0	112MI47M	AM295494	FJ769330
L	7419	220	*	*	*	*	*	JN943924	*
H	7419	221	99.5	+	0	0	91MD129M	AF052558	JN943924
N	*	115	*	*	*	*	*	AF065614	*
L	6050	207	*	*	*	*	*	AF297666	*
H	6050	207	98.6	+	0	0	207M	AF096204	AF297666
L	8446	244	*	*	*	*	*	EF493299	*
H	8446	241	96.7	+	0	0	3I241M	AF096982	EF493299
L	5893	124	*	*	*	*	*	AF131090	*
H	5893	124	100.0	+	0	0	124M	AF131080	AF131090
N	*	135	*	*	*	*	*	AF186015	*
L	442	228	*	*	*	*	*	EF447370	*
H	442	234	93.4	+	0	0	54MD56M2D18MD47M2D53M	EF447409	EF447370
L	8239	203	*	*	*	*	*	EU807869	*
H	8239	196	99.5	+	0	0	8I48MD147M	AF229468	EU807869
N	*	140	*	*	*	*	*	AF296789	*
L	10263	250	*	*	*	*	*	HQ533035	*
H	10263	250	86.8	+	0	0	10I127M5D20M11I39M2D43M14D	AF325655	HQ533035
L	10616	250	*	*	*	*	*	EU697259	*
H	10616	250	96.8	+	0	0	I25MI16MD6MD131MD69MI	AF357025	EU697259
L	7740	182	*	*	*	*	*	EU851936	*
H	7740	182	99.5	+	0	0	182M	EU851920	EU851936
L	8653	250	*	*	*	*	*	FJ039617	*
H	8653	250	95.6	+	0	0	2I134M5I109M7D	AF389135	FJ039617
L	11235	226	*	*	*	*	*	UDB000115	*
H	11235	226	99.6	+	0	0	226M	AF418630	UDB000115
H	1078	169	87.6	+	0	0	33MI73MD62M	AF433152	EU837206
L	9737	156	*	*	*	*	*	GU327539	*
H	9737	148	98.6	+	0	0	8I148M	AF472626	GU327539
L	7403	250	*	*	*	*	*	DQ200928	*
H	7403	250	99.6	+	0	0	250M	AY243616	DQ200928
L	8391	217	*	*	*	*	*	UDB000774	*
H	8391	204	96.6	+	0	0	51M8I66M2I17M2I51MI19M	AF490395	UDB000774
L	6331	250	*	*	*	*	*	AF506417	*
H	6331	250	98.0	+	0	0	4I246M4D	AF506449	AF506417
L	7446	197	*	*	*	*	*	FJ911878	*
H	7446	195	100.0	+	0	0	17M2I178M	AJ133431	FJ911878
L	6390	210	*	*	*	*	*	AJ223017	*
H	6390	247	87.1	+	0	0	63M3D63M3I63MD18M36D	AJ223015	AJ223017
L	10649	210	*	*	*	*	*	AM422215	*
H	10649	207	99.5	+	0	0	3I207M	FJ545227	AM422215
L	702	228	*	*	*	*	*	AM085529	*
H	702	228	96.5	+	0	0	228M	AJ419210	AM085529
L	6984	211	*	*	*	*	*	AY373845	*
H	6984	205	95.6	+	0	0	78M2I12MD24M5I90M	AJ874118	AY373845
L	7890	250	*	*	*	*	*	EF471306	*
H	7890	250	92.4	+	0	0	3D9MD40MI197M3I	EF471307	EF471306
L	3018	217	*	*	*	*	*	AB360370	*
H	3018	225	90.8	+	0	0	39M2D58M3D42M3D78M	AB378506	AB360370
L	10733	250	*	*	*	*	*	JF908256	*
H	10733	250	92.0	+	0	0	8MI15MD17M2I7MI10MI188M4D	AM882769	JF908256
L	10304	250	*	*	*	*	*	GQ994981	*
H	10304	250	81.2	+	0	0	54M4D20MI40M6I35MD12M5D32M5I19MD17MI8M2D	AM882800	GQ994981
L	3921	228	*	*	*	*	*	JF908117	*
H	3921	237	85.1	+	0	0	28M2I16MI62M4D45M5D53M3D21M	AM882938	JF908117
H	9237	154	99.3	+	0	0	90MD14MD16M2D30M	FN423699	FJ769289
L	1557	226	*	*	*	*	*	FJ845431	*
H	1557	225	94.7	+	0	0	134MI91M	AY061698	FJ845431
L	10032	217	*	*	*	*	*	AY497555	*
H	10032	210	99.0	+	0	0	7I210M	AY089732	AY497555
L	6098	239	*	*	*	*	*	DQ001293	*
H	6098	240	97.1	+	0	0	77MD101MD20MI40M	DQ066711	DQ001293
L	9854	127	*	*	*	*	*	AY156976	*
H	9854	91	94.5	+	0	0	37I28MD62M	AY156967	AY156976
L	7102	231	*	*	*	*	*	AY593867	*
H	7102	124	99.2	+	0	0	107I124M	AY335163	AY593867
L	3677	185	*	*	*	*	*	HQ650618	*
H	3677	181	99.4	+	0	0	2I23MI15MI143M	AY425646	HQ650618
L	7143	250	*	*	*	*	*	AY654738	*
H	7143	250	91.6	+	0	0	151M12I9M2I76M14D	AY487965	AY654738
L	3601	250	*	*	*	*	*	AF516601	*
H	3601	250	94.4	+	0	0	2I27MI19M3D84MI116MD	AY513570	AF516601
L	8729	250	*	*	*	*	*	FJ375249	*
H	8729	250	94.0	+	0	0	250M	AY854065	FJ375249
L	7375	213	*	*	*	*	*	AY916461	*
H	7375	221	91.1	+	0	0	25MD76M3D18M3D32M3D24M2I36M	AY916459	AY916461
L	8066	250	*	*	*	*	*	EU105210	*
H	8066	250	100.0	+	0	0	250M	DQ073396	EU105210
L	9752	176	*	*	*	*	*	EU568909	*
H	9752	146	96.6	+	0	0	30I146M	DQ249198	EU568909
L	1469	143	*	*	*	*	*	FM163194	*
H	1469	154	88.8	+	0	0	22MD40M2D14M3D39MD7M4D21M	FJ755216	FM163194
L	5350	111	*	*	*	*	*	DQ396970	*
H	5350	111	100.0	+	0	0	111M	EU008634	DQ396970
N	*	178	*	*	*	*	*	DQ401564	*
L	3108	197	*	*	*	*	*	AY669692	*
H	3108	196	100.0	+	0	0	138MI58M	FJ717582	AY669692
L	9014	250	*	*	*	*	*	FJ845402	*
H	9014	250	98.0	+	0	0	176MD73MI	DQ533974	FJ845402
L	9755	210	*	*	*	*	*	GU373628	*
H	9755	210	89.5	+	0	0	210M	DQ855274	GU373628
L	3626	215	*	*	*	*	*	FJ266477	*
H	3626	250	81.4	+	0	0	20MI19M23D12M13D15M9D83MD33MD21M11I	DQ865101	FJ266477
L	1094	250	*	*	*	*	*	GQ166902	*
H	1094	250	93.2	+	0	0	9I121M2D43MD77M6D	DQ974690	GQ166902
L	11429	250	*	*	*	*	*	AY606958	*
H	11429	250	100.0	+	0	0	250M	UDB000396	AY606958
L	7772	250	*	*	*	*	*	EF093348	*
H	7772	250	99.6	+	0	0	29MD220MI	EF093316	EF093348
L	7761	250	*	*	*	*	*	EF093260	*
H	7761	250	99.6	+	0	0	250M	EF093428	EF093260
L	8222	250	*	*	*	*	*	EU409591	*
H	8222	250	92.4	+	0	0	123MI126MD	EF190279	EU409591
L	8265	250	*	*	*	*	*	EU520210	*
H	8265	250	97.6	+	0	0	250M	EU732726	EU520210
L	6386	188	*	*	*	*	*	AJ012298	*
H	6386	188	96.3	+	0	0	I17MD170M	EU035984	AJ012298
L	9745	250	*	*	*	*	*	DQ663229	*
H	9745	250	95.6	+	0	0	10D25MD100MI24M2I90M8I	FJ039644	DQ663229
L	11673	238	*	*	*	*	*	EU113279	*
H	11673	238	98.7	+	0	0	238M	EU113280	EU113279
L	11232	250	*	*	*	*	*	AF377205	*
H	11232	250	98.4	+	0	0	D11MD59MD30MD146M4I	EU186280	AF377205
L	8719	250	*	*	*	*	*	FJ361040	*
H	8719	193	91.7	+	0	0	65I84M2D55MD46M5D	EU186410	FJ361040
N	*	250	*	*	*	*	*	EU784179	*
L	9842	214	*	*	*	*	*	GQ870285	*
H	9842	148	93.9	+	0	0	63I30M3I118M	FJ441665	GQ870285
L	2982	220	*	*	*	*	*	FJ878682	*
H	2982	222	99.1	+	0	0	114MD71MD35M	EU551199	FJ878682
H	8319	249	98.8	+	0	0	73MD36MD138M	EU563398	EU563459
L	313	228	*	*	*	*	*	UDB003329	*
H	313	236	89.5	+	0	0	7D65MD83MD22MI57M	EU819497	UDB003329
L	9309	250	*	*	*	*	*	GQ165696	*
H	9309	250	98.0	+	0	0	5I245M5D	EU669360	GQ165696
L	8403	232	*	*	*	*	*	EU669387	*
H	8403	232	99.6	+	0	0	232M	EU669386	EU669387
N	*	227	*	*	*	*	*	EU670217	*
L	8425	239	*	*	*	*	*	EU681308	*
H	8425	239	97.5	+	0	0	239M	EU681306	EU681308
L	8429	230	*	*	*	*	*	EU681318	*
H	8429	229	93.9	+	0	0	D46M2I182M	EU681317	EU681318
H	9110	122	100.0	+	0	0	64I122M	GQ922916	FJ228162
H	10554	220	99.1	+	0	0	220M	EU784262	JF430065
L	8515	206	*	*	*	*	*	EU784317	*
H	8515	177	100.0	+	0	0	29I177M	EU784316	EU784317
L	1758	213	*	*	*	*	*	U66435	*
H	1758	106	84.0	+	0	0	23M69I12M18I11M7I13M10I25M3I22M	EU784333	U66435
L	8618	225	*	*	*	*	*	EU935523	*
H	8618	250	93.3	+	0	0	31D102MD74MD41M8I	EU935521	EU935523
L	8805	224	*	*	*	*	*	FJ478126	*
H	8805	221	95.0	+	0	0	3I221M	FJ010207	FJ478126
L	11258	210	*	*	*	*	*	EF644119	*
H	11258	210	99.5	+	0	0	210M	EF493247	EF644119
L	8767	182	*	*	*	*	*	FJ431244	*
H	8767	181	91.2	+	0	0	21M4D6MI69M5I52MD28M	FJ431241	FJ431244
L	11270	250	*	*	*	*	*	FJ428582	*
H	11270	250	100.0	+	0	0	250M	FJ501575	FJ428582
L	4477	250	*	*	*	*	*	AY176354	*
H	4477	250	92.0	+	0	0	4I246M4D	FJ596853	AY176354
L	5814	210	*	*	*	*	*	AF054861	*
H	5814	211	96.7	+	0	0	9MD47MD94MI59M	FJ624396	AF054861
L	9176	147	*	*	*	*	*	FN396148	*
H	9176	142	100.0	+	0	0	63MI59M4I20M	FM163215	FN396148
L	3241	250	*	*	*	*	*	AM922513	*
H	3241	250	100.0	+	0	0	250M	FM205886	AM922513
L	11358	124	*	*	*	*	*	EU622368	*
H	11358	124	100.0	+	0	0	124M	FN185795	EU622368
L	9175	250	*	*	*	*	*	AF345823	*
H	9175	250	90.4	+	0	0	8D154M2I31MI57M5I	FN396118	AF345823
L	9229	186	*	*	*	*	*	HE652866	*
H	9229	186	100.0	+	0	0	186M	FN554897	HE652866
L	9280	194	*	*	*	*	*	FR799494	*
H	9280	186	100.0	+	0	0	8I186M	EF652495	FR799494
L	9988	242	*	*	*	*	*	HM243160	*
H	9988	237	97.0	+	0	0	97M4I89MI51M	FJ610288	HM243160
L	7120	250	*	*	*	*	*	GU066841	*
H	7120	250	93.6	+	0	0	3D47MI30M2D53MI7MI108M2I	GQ411524	GU066841
L	9465	199	*	*	*	*	*	GQ925395	*
H	9465	202	88.9	+	0	0	30MD42M4D32MI55MI38M	GQ925394	GQ925395
N	*	150	*	*	*	*	*	GQ981510	*
N	*	224	*	*	*	*	*	GU187533	*
L	10819	250	*	*	*	*	*	JF907811	*
H	10819	250	98.8	+	0	0	2I248M2D	GU234015	JF907811
L	9719	157	*	*	*	*	*	GU320008	*
H	9719	146	82.2	+	0	0	4I20M3I20MI18MI30MI20MI38M	DQ494702	GU320008
L	9758	223	*	*	*	*	*	GU384880	*
H	9758	224	98.7	+	0	0	195MD28M	GU384881	GU384880
L	9765	229	*	*	*	*	*	GU474789	*
H	9765	232	97.4	+	0	0	21M3D208M	GU474783	GU474789
L	11500	250	*	*	*	*	*	HM562144	*
H	11500	250	91.6	+	0	0	D12MD126M2I47MI62MD	FJ774081	HM562144
L	4159	250	*	*	*	*	*	JF922021	*
H	4159	250	96.8	+	0	0	250M	HM595594	JF922021
L	10180	183	*	*	*	*	*	HQ222870	*
H	10180	191	88.5	+	0	0	94M9D23MI65M	HQ222869	HQ222870
L	11152	205	*	*	*	*	*	U51950	*
H	11152	205	89.8	+	0	0	205M	HQ711929	U51950
L	923	198	*	*	*	*	*	AF229470	*
H	923	132	92.4	+	0	0	15I19MI101MI12M49I	JF491203	AF229470
L	11648	178	*	*	*	*	*	FJ746660	*
H	11648	175	99.4	+	0	0	3I175M	EU853843	FJ746660
L	11570	250	*	*	*	*	*	UDB011629	*
H	11570	250	98.0	+	0	0	2D6MD27MD213M4I	JF907996	UDB011629
L	11611	151	*	*	*	*	*	UDB011787	*
H	11611	152	94.7	+	0	0	2D6MD97MI12MI34M	JF908065	UDB011787
L	10915	232	*	*	*	*	*	JN392333	*
H	10915	231	99.6	+	0	0	8MI223M	JN032128	JN392333
L	11005	202	*	*	*	*	*	AY681203	*
H	11005	203	93.6	+	0	0	135MD67M	JN942174	AY681203
L	11544	236	*	*	*	*	*	UDB011538	*
H	11544	239	99.2	+	0	0	2D6MD230M	JN942774	UDB011538
L	11027	139	*	*	*	*	*	JN943157	*
H	11027	137	98.5	+	0	0	2I137M	U82455	JN943157
L	751	199	*	*	*	*	*	GU205260	*
H	751	217	80.9	+	0	0	24MD38M18D114MI22M	M96663	GU205260
L	5701	89	*	*	*	*	*	AB509704	*
H	5701	144	86.5	+	0	0	64MI12M4D12M52D	UDB000583	AB509704
N	*	250	*	*	*	*	*	UDB000927	*
L	11597	250	*	*	*	*	*	DQ533978	*
H	11597	250	98.8	+	0	0	250M	DQ534573	DQ533978
L	11560	250	*	*	*	*	*	UDB011589	*
H	11560	250	96.8	+	0	0	I18MD231M	FJ596909	UDB011589
L	4056	220	*	*	*	*	*	AY061734	*
H	4056	213	97.2	+	0	0	7I213M	JF908704	AY061734
L	11470	236	*	*	*	*	*	UDB011215	*
H	11470	230	95.2	+	0	0	2I6MI136M3I88M	UDB011166	UDB011215
H	11058	221	98.6	+	0	0	2I6MI215M	UDB011213	AY061685
N	*	115	*	*	*	*	*	Z48348	*
L	2934	233	*	*	*	*	*	GQ888694	*
H	2934	225	99.6	+	0	0	8I225M	EU519461	GQ888694
D	6	2	*	*	*	*	88.7	AF180201	*
D	92	2	*	*	*	*	92.0	AB015696	*
D	170	2	*	*	*	*	85.1	DQ004572	*
D	185	2	*	*	*	*	98.5	AY669658	*
D	305	2	*	*	*	*	99.0	AF224396	*
D	313	2	*	*	*	*	89.5	UDB003329	*
D	396	2	*	*	*	*	98.5	EF212840	*
D	442	2	*	*	*	*	93.4	EF447370	*
D	495	2	*	*	*	*	100.0	EU030360	*
D	508	2	*	*	*	*	94.8	EF685100	*
D	523	2	*	*	*	*	98.4	AB080533	*
D	528	2	*	*	*	*	99.1	EF592171	*
D	591	2	*	*	*	*	93.4	EU047803	*
D	616	2	*	*	*	*	88.7	AF444450	*
D	656	2	*	*	*	*	100.0	GU067764	*
D	702	2	*	*	*	*	96.5	AM085529	*
D	751	2	*	*	*	*	80.9	GU205260	*
D	830	2	*	*	*	*	97.0	FJ459919	*
D	840	2	*	*	*	*	96.4	FJ746949	*
D	842	2	*	*	*	*	89.6	AF325646	*
D	906	2	*	*	*	*	92.0	EU186300	*
D	923	2	*	*	*	*	92.4	AF229470	*
D	969	2	*	*	*	*	99.3	EU520134	*
D	993	2	*	*	*	*	98.0	EU623640	*
D	1021	2	*	*	*	*	89.2	AJ518879	*
D	1044	2	*	*	*	*	93.5	EU834202	*
D	1058	2	*	*	*	*	94.7	EU846304	*
D	1078	3	*	*	*	*	91.7	EU837206	*
D	1090	2	*	*	*	*	95.7	EU819441	*
D	1094	2	*	*	*	*	93.2	GQ166902	*
D	1104	2	*	*	*	*	81.6	EU819506	*
D	1185	2	*	*	*	*	90.1	AF415226	*
D	1250	2	*	*	*	*	100.0	EU486452	*
D	1264	2	*	*	*	*	97.0	FJ845429	*
D	1269	2	*	*	*	*	92.5	FJ178366	*
D	1293	2	*	*	*	*	100.0	FM206401	*
D	1331	2	*	*	*	*	99.5	EU784294	*
D	1342	2	*	*	*	*	90.0	EU784351	*
D	1344	2	*	*	*	*	83.4	EU784356	*
D	1396	2	*	*	*	*	97.7	FJ479746	*
D	1453	2	*	*	*	*	100.0	FJ439517	*
D	1461	2	*	*	*	*	98.7	FJ441018	*
D	1469	2	*	*	*	*	88.8	FM163194	*
D	1474	2	*	*	*	*	94.2	FJ499445	*
D	1519	2	*	*	*	*	100.0	EU266701	*
D	1527	2	*	*	*	*	88.3	EU935556	*
D	1538	2	*	*	*	*	86.4	FJ515182	*
D	1557	2	*	*	*	*	94.7	FJ845431	*
D	1600	2	*	*	*	*	97.0	FJ599809	*
D	1602	2	*	*	*	*	99.6	AB378748	*
D	1725	2	*	*	*	*	86.4	EU784407	*
D	1751	2	*	*	*	*	96.4	FJ876298	*
D	1758	2	*	*	*	*	84.0	U66435	*
D	1775	2	*	*	*	*	95.0	U89366	*
D	1793	2	*	*	*	*	97.9	FJ871078	*
D	1831	2	*	*	*	*	85.2	FJ462770	*
D	1852	2	*	*	*	*	97.1	FJ664870	*
D	1885	2	*	*	*	*	98.1	FJ431271	*
D	1968	2	*	*	*	*	99.1	GQ267468	*
D	1989	2	*	*	*	*	99.2	FJ572259	*
D	1992	2	*	*	*	*	96.0	AB378672	*
D	2022	2	*	*	*	*	92.8	AB439544	*
D	2039	2	*	*	*	*	98.0	GQ844240	*
D	2048	2	*	*	*	*	100.0	GQ426042	*
D	2055	2	*	*	*	*	100.0	FJ774077	*
D	2115	2	*	*	*	*	92.5	GQ925392	*
D	2144	2	*	*	*	*	99.5	AF145329	*
D	2190	2	*	*	*	*	80.8	FJ827734	*
D	2239	2	*	*	*	*	100.0	AF440868	*
D	2324	2	*	*	*	*	90.4	AF352320	*
D	2333	2	*	*	*	*	81.6	GU136184	*
D	2457	2	*	*	*	*	100.0	AB085803	*
D	2484	2	*	*	*	*	98.2	FN423706	*
D	2491	2	*	*	*	*	97.2	AY089745	*
D	2536	2	*	*	*	*	87.2	EU977517	*
D	2545	2	*	*	*	*	93.5	JN248540	*
D	2556	2	*	*	*	*	100.0	EF568086	*
D	2593	3	*	*	*	*	93.0	AY010281	*
D	2624	2	*	*	*	*	95.1	FJ582638	*
D	2639	2	*	*	*	*	99.5	DQ411548	*
D	2666	2	*	*	*	*	97.1	GQ344612	*
D	2667	2	*	*	*	*	92.8	AF212308	*
D	2690	2	*	*	*	*	100.0	GU327642	*
D	2692	2	*	*	*	*	95.6	JF908037	*
D	2712	2	*	*	*	*	91.8	GU067666	*
D	2761	2	*	*	*	*	99.6	AJ889960	*
D	2779	2	*	*	*	*	96.3	GU903338	*
D	2790	2	*	*	*	*	100.0	EU365847	*
D	2812	2	*	*	*	*	100.0	AJ390415	*
D	2814	2	*	*	*	*	100.0	AY616688	*
D	2877	2	*	*	*	*	100.0	JF439462	*
D	2904	2	*	*	*	*	92.4	GU234144	*
D	2908	2	*	*	*	*	87.1	HM191748	*
D	2928	2	*	*	*	*	94.7	JQ676189	*
D	2929	2	*	*	*	*	91.8	HM235405	*
D	2934	2	*	*	*	*	99.6	GQ888694	*
D	2961	2	*	*	*	*	100.0	EU400584	*
D	2982	2	*	*	*	*	99.1	FJ878682	*
D	3018	2	*	*	*	*	90.8	AB360370	*
D	3028	2	*	*	*	*	99.0	AY078128	*
D	3098	3	*	*	*	*	100.0	HQ384388	*
D	3101	2	*	*	*	*	92.8	HM639267	*
D	3103	2	*	*	*	*	90.1	EU486443	*
D	3108	2	*	*	*	*	100.0	AY669692	*
D	3156	2	*	*	*	*	100.0	HQ637330	*
D	3161	2	*	*	*	*	99.6	HQ287333	*
D	3165	2	*	*	*	*	97.6	HQ604088	*
D	3166	2	*	*	*	*	87.6	EU525945	*
D	3190	2	*	*	*	*	93.2	HQ604629	*
D	3216	2	*	*	*	*	99.6	HQ011381	*
D	3219	2	*	*	*	*	89.4	HQ660442	*
D	3239	2	*	*	*	*	91.0	AY259137	*
D	3241	2	*	*	*	*	100.0	AM922513	*
D	3243	2	*	*	*	*	96.4	FM205911	*
D	3259	2	*	*	*	*	99.0	AF033434	*
D	3285	2	*	*	*	*	98.3	HQ605936	*
D	3320	2	*	*	*	*	91.3	HQ888729	*
D	3329	2	*	*	*	*	98.6	AJ567763	*
D	3350	2	*	*	*	*	93.6	AB546949	*
D	3365	2	*	*	*	*	100.0	DQ156343	*
D	3404	2	*	*	*	*	91.9	FJ614638	*
D	3481	2	*	*	*	*	93.1	AF096214	*
D	3485	2	*	*	*	*	97.1	DQ681339	*
D	3497	2	*	*	*	*	100.0	DQ491517	*
D	3501	2	*	*	*	*	88.4	AF389127	*
D	3531	2	*	*	*	*	98.4	GU062266	*
D	3550	2	*	*	*	*	100.0	JF263485	*
D	3600	2	*	*	*	*	99.2	AF516594	*
D	3601	2	*	*	*	*	94.4	AF516601	*
D	3626	2	*	*	*	*	81.4	FJ266477	*
D	3653	2	*	*	*	*	86.4	FJ940911	*
D	3654	2	*	*	*	*	95.2	EU401713	*
D	3670	2	*	*	*	*	98.0	FJ501572	*
D	3677	2	*	*	*	*	99.4	HQ650618	*
D	3702	2	*	*	*	*	98.1	HQ650721	*
D	3746	2	*	*	*	*	99.5	GQ981489	*
D	3748	2	*	*	*	*	98.0	JN198390	*
D	3798	2	*	*	*	*	95.4	JN086280	*
D	3807	2	*	*	*	*	96.8	DQ782842	*
D	3814	2	*	*	*	*	96.8	JF263541	*
D	3817	2	*	*	*	*	94.9	JF268773	*
D	3854	2	*	*	*	*	83.8	JF439094	*
D	3868	2	*	*	*	*	94.8	AY461838	*
D	3871	2	*	*	*	*	84.8	JF907771	*
D	3885	2	*	*	*	*	88.4	JF907830	*
D	3891	2	*	*	*	*	96.5	FM163217	*
D	3902	2	*	*	*	*	92.0	AF335449	*
D	3918	2	*	*	*	*	90.0	JF908106	*
D	3921	2	*	*	*	*	85.1	JF908117	*
D	3997	2	*	*	*	*	96.5	FR692354	*
D	3998	2	*	*	*	*	96.4	JN114077	*
D	4023	2	*	*	*	*	99.6	JN594608	*
D	4045	2	*	*	*	*	100.0	GQ241291	*
D	4056	2	*	*	*	*	97.2	AY061734	*
D	4063	2	*	*	*	*	87.6	AY313296	*
D	4083	2	*	*	*	*	100.0	GU214625	*
D	4087	2	*	*	*	*	100.0	EF591910	*
D	4106	2	*	*	*	*	99.5	GU390580	*
D	4159	2	*	*	*	*	96.8	JF922021	*
D	4212	2	*	*	*	*	100.0	JN942354	*
D	4226	2	*	*	*	*	100.0	GQ852794	*
D	4241	2	*	*	*	*	95.7	EU821472	*
D	4245	2	*	*	*	*	99.2	JF439471	*
D	4271	2	*	*	*	*	94.6	JN943382	*
D	4290	2	*	*	*	*	99.5	FJ629353	*
D	4298	2	*	*	*	*	97.9	EU402584	*
D	4324	2	*	*	*	*	100.0	JN392247	*
D	4354	2	*	*	*	*	94.0	EU244842	*
D	4372	2	*	*	*	*	87.8	JN710549	*
D	4381	2	*	*	*	*	91.2	AB067724	*
D	4383	2	*	*	*	*	100.0	EF679398	*
D	4415	2	*	*	*	*	100.0	UDB002216	*
D	4421	2	*	*	*	*	88.1	FJ481043	*
D	4471	2	*	*	*	*	94.9	EU301049	*
D	4477	2	*	*	*	*	92.0	AY176354	*
D	4481	2	*	*	*	*	90.0	AY176405	*
D	4509	2	*	*	*	*	100.0	AY375446	*
D	4516	2	*	*	*	*	84.8	AY373015	*
D	4529	2	*	*	*	*	84.5	AY425631	*
D	4542	2	*	*	*	*	95.2	AB115044	*
D	4577	2	*	*	*	*	92.8	AF059588	*
D	4589	2	*	*	*	*	95.7	AY498673	*
D	4676	2	*	*	*	*	82.5	AF138834	*
D	4726	2	*	*	*	*	95.8	AY646383	*
D	4736	2	*	*	*	*	94.8	EU331087	*
D	4744	2	*	*	*	*	91.4	AY695067	*
D	4752	2	*	*	*	*	97.8	AY558781	*
D	4822	2	*	*	*	*	91.8	AB180372	*
D	4837	2	*	*	*	*	97.6	AF145446	*
D	4842	2	*	*	*	*	96.8	AY641459	*
D	4947	2	*	*	*	*	100.0	AY857243	*
D	4966	2	*	*	*	*	100.0	AY865635	*
D	4975	2	*	*	*	*	92.3	DQ001299	*
D	5001	2	*	*	*	*	92.8	AF193387	*
D	5010	2	*	*	*	*	100.0	FJ228196	*
D	5018	2	*	*	*	*	97.8	AF210828	*
D	5031	2	*	*	*	*	99.6	AH008980	*
D	5059	2	*	*	*	*	93.7	AF116178	*
D	5072	2	*	*	*	*	99.0	AF422982	*
D	5101	2	*	*	*	*	100.0	AY669694	*
D	5116	2	*	*	*	*	100.0	DQ093770	*
D	5142	2	*	*	*	*	100.0	DQ157693	*
D	5152	2	*	*	*	*	99.5	DQ132832	*
D	5153	2	*	*	*	*	100.0	DQ132837	*
D	5201	2	*	*	*	*	99.3	DQ206851	*
D	5222	2	*	*	*	*	97.1	AY842568	*
D	5236	2	*	*	*	*	88.0	JF908124	*
D	5240	2	*	*	*	*	95.7	EU303008	*
D	5241	2	*	*	*	*	98.4	EU186273	*
D	5259	2	*	*	*	*	89.1	AM087266	*
D	5286	2	*	*	*	*	99.4	FJ861968	*
D	5306	2	*	*	*	*	99.6	AB036897	*
D	5323	2	*	*	*	*	99.2	DQ384590	*
D	5324	2	*	*	*	*	98.1	FJ627591	*
D	5350	2	*	*	*	*	100.0	DQ396970	*
D	5372	2	*	*	*	*	96.8	AJ891106	*
D	5374	2	*	*	*	*	97.1	AJ891111	*
D	5377	2	*	*	*	*	91.6	AJ891120	*
D	5399	2	*	*	*	*	98.8	FJ167353	*
D	5463	2	*	*	*	*	93.6	AB015686	*
D	5480	2	*	*	*	*	97.5	FJ236461	*
D	5521	2	*	*	*	*	95.6	EU424298	*
D	5530	2	*	*	*	*	100.0	FJ595996	*
D	5583	2	*	*	*	*	95.6	AB232541	*
D	5595	2	*	*	*	*	93.4	AB245121	*
D	5598	2	*	*	*	*	97.8	FJ878646	*
D	5609	2	*	*	*	*	98.6	AB261423	*
D	5610	2	*	*	*	*	99.5	EU692760	*
D	5611	2	*	*	*	*	92.5	AB273535	*
D	5679	2	*	*	*	*	94.6	AB481250	*
D	5680	2	*	*	*	*	96.5	AB481251	*
D	5701	2	*	*	*	*	86.5	AB509704	*
D	5755	2	*	*	*	*	100.0	AB630955	*
D	5763	2	*	*	*	*	96.2	JN159580	*
D	5778	2	*	*	*	*	100.0	AF011309	*
D	5794	2	*	*	*	*	98.0	AF042416	*
D	5814	2	*	*	*	*	96.7	AF054861	*
D	5848	2	*	*	*	*	100.0	AF094510	*
D	5893	2	*	*	*	*	100.0	AF131090	*
D	5934	2	*	*	*	*	99.5	FJ205455	*
D	5938	2	*	*	*	*	99.0	AF178517	*
D	5942	3	*	*	*	*	86.6	AF180198	*
D	5967	2	*	*	*	*	84.1	AF201715	*
D	5975	2	*	*	*	*	97.0	AF210671	*
D	6012	2	*	*	*	*	95.4	AF229478	*
D	6037	2	*	*	*	*	100.0	AF281177	*
D	6047	2	*	*	*	*	100.0	AF294694	*
D	6050	2	*	*	*	*	98.6	AF297666	*
D	6066	2	*	*	*	*	100.0	AF322377	*
D	6068	2	*	*	*	*	100.0	EU834223	*
D	6087	2	*	*	*	*	92.4	AF343681	*
D	6096	2	*	*	*	*	98.4	AF349703	*
D	6098	2	*	*	*	*	97.1	DQ001293	*
D	6185	2	*	*	*	*	87.8	AF394037	*
D	6212	2	*	*	*	*	94.6	AF433150	*
D	6243	2	*	*	*	*	80.9	AF451779	*
D	6270	2	*	*	*	*	100.0	HM036593	*
D	6318	2	*	*	*	*	99.4	FJ424264	*
D	6324	2	*	*	*	*	99.2	FJ596766	*
D	6329	2	*	*	*	*	99.6	AF506404	*
D	6331	2	*	*	*	*	98.0	AF506417	*
D	6386	2	*	*	*	*	96.3	AJ012298	*
D	6390	2	*	*	*	*	87.1	AJ223017	*
D	6454	2	*	*	*	*	95.6	DQ068965	*
D	6478	2	*	*	*	*	91.4	AF479651	*
D	6502	2	*	*	*	*	100.0	AF096213	*
D	6517	2	*	*	*	*	100.0	AJ496633	*
D	6533	2	*	*	*	*	92.9	AJ555510	*
D	6594	2	*	*	*	*	91.6	AJ889920	*
D	6618	2	*	*	*	*	99.5	AM159623	*
D	6630	2	*	*	*	*	94.8	U85336	*
D	6640	2	*	*	*	*	91.6	AM269782	*
D	6641	2	*	*	*	*	87.6	AM269784	*
D	6674	2	*	*	*	*	100.0	AM882708	*
D	6678	2	*	*	*	*	87.8	JF908163	*
D	6696	2	*	*	*	*	99.2	AM882896	*
D	6701	2	*	*	*	*	90.0	AM882932	*
D	6729	2	*	*	*	*	97.5	FJ769330	*
D	6787	2	*	*	*	*	97.5	AY124122	*
D	6888	2	*	*	*	*	99.5	AB489089	*
D	6922	2	*	*	*	*	99.4	AY266147	*
D	6948	2	*	*	*	*	96.4	EF141544	*
D	6984	2	*	*	*	*	95.6	AY373845	*
D	6997	2	*	*	*	*	98.2	AY425657	*
D	7010	2	*	*	*	*	88.4	AY461818	*
D	7033	2	*	*	*	*	98.5	AY498689	*
D	7040	2	*	*	*	*	86.5	AY509805	*
D	7043	2	*	*	*	*	100.0	AY509803	*
D	7048	2	*	*	*	*	93.2	AY513225	*
D	7064	2	*	*	*	*	99.2	AY534201	*
D	7093	2	*	*	*	*	99.6	GU222326	*
D	7098	2	*	*	*	*	92.2	AY587933	*
D	7102	2	*	*	*	*	99.2	AY593867	*
D	7120	2	*	*	*	*	93.6	GU066841	*
D	7143	2	*	*	*	*	91.6	AY654738	*
D	7165	2	*	*	*	*	88.4	AY558764	*
D	7204	2	*	*	*	*	99.2	HQ406823	*
D	7221	2	*	*	*	*	95.6	AY789311	*
D	7243	2	*	*	*	*	100.0	GQ334384	*
D	7244	2	*	*	*	*	100.0	FJ845447	*
D	7250	2	*	*	*	*	87.1	AY849307	*
D	7252	2	*	*	*	*	95.8	AY854089	*
D	7258	2	*	*	*	*	96.9	AF418604	*
D	7265	2	*	*	*	*	100.0	AY898621	*
D	7304	2	*	*	*	*	99.3	EU879153	*
D	7317	2	*	*	*	*	88.9	EU715661	*
D	7336	2	*	*	*	*	100.0	GQ293947	*
D	7366	2	*	*	*	*	96.1	DQ097871	*
D	7375	2	*	*	*	*	91.1	AY916461	*
D	7384	2	*	*	*	*	82.4	DQ144620	*
D	7403	2	*	*	*	*	99.6	DQ200928	*
D	7419	2	*	*	*	*	99.5	JN943924	*
D	7446	2	*	*	*	*	100.0	FJ911878	*
D	7448	2	*	*	*	*	97.6	AF377157	*
D	7456	2	*	*	*	*	94.0	DQ322081	*
D	7483	2	*	*	*	*	92.8	DQ344511	*
D	7495	2	*	*	*	*	92.1	EU693448	*
D	7551	2	*	*	*	*	94.6	DQ407260	*
D	7557	2	*	*	*	*	99.0	AF444377	*
D	7604	2	*	*	*	*	98.0	DQ525502	*
D	7615	2	*	*	*	*	94.0	DQ533976	*
D	7713	2	*	*	*	*	99.1	DQ974745	*
D	7718	2	*	*	*	*	100.0	AY228121	*
D	7731	2	*	*	*	*	96.2	EF025413	*
D	7740	2	*	*	*	*	99.5	EU851936	*
D	7761	2	*	*	*	*	99.6	EF093260	*
D	7772	2	*	*	*	*	99.6	EF093348	*
D	7816	2	*	*	*	*	99.6	EF175526	*
D	7840	2	*	*	*	*	97.6	JF961373	*
D	7865	2	*	*	*	*	94.0	AF491556	*
D	7890	2	*	*	*	*	92.4	EF471306	*
D	7930	2	*	*	*	*	90.7	EF568082	*
D	7969	2	*	*	*	*	100.0	EF652465	*
D	8018	2	*	*	*	*	91.8	EU041803	*
D	8034	2	*	*	*	*	98.0	EU056962	*
D	8066	2	*	*	*	*	100.0	EU105210	*
D	8080	2	*	*	*	*	85.8	EU118657	*
D	8088	2	*	*	*	*	89.6	EU137672	*
D	8120	2	*	*	*	*	89.6	EU192156	*
D	8222	2	*	*	*	*	92.4	EU409591	*
D	8235	2	*	*	*	*	93.7	EU436689	*
D	8239	2	*	*	*	*	99.5	EU807869	*
D	8265	2	*	*	*	*	97.6	EU520210	*
D	8277	2	*	*	*	*	100.0	FJ717563	*
D	8319	3	*	*	*	*	98.6	EU563459	*
D	8321	2	*	*	*	*	98.0	EU563471	*
D	8322	2	*	*	*	*	93.6	FJ845446	*
D	8347	2	*	*	*	*	91.8	EU598197	*
D	8359	2	*	*	*	*	100.0	EU623690	*
D	8367	2	*	*	*	*	94.1	EU639651	*
D	8370	2	*	*	*	*	92.2	EU644704	*
D	8391	2	*	*	*	*	96.6	UDB000774	*
D	8403	2	*	*	*	*	99.6	EU669387	*
D	8425	2	*	*	*	*	97.5	EU681308	*
D	8429	2	*	*	*	*	93.9	EU681318	*
D	8446	2	*	*	*	*	96.7	EF493299	*
D	8515	2	*	*	*	*	100.0	EU784317	*
D	8539	2	*	*	*	*	99.1	HQ839778	*
D	8542	2	*	*	*	*	100.0	AF145330	*
D	8579	2	*	*	*	*	100.0	EU846248	*
D	8586	2	*	*	*	*	97.6	EU846299	*
D	8618	2	*	*	*	*	93.3	EU935523	*
D	8631	2	*	*	*	*	100.0	FJ000382	*
D	8651	2	*	*	*	*	100.0	FJ489869	*
D	8653	2	*	*	*	*	95.6	FJ039617	*
D	8682	2	*	*	*	*	96.9	FJ184284	*
D	8710	2	*	*	*	*	92.0	FJ235147	*
D	8719	2	*	*	*	*	91.7	FJ361040	*
D	8729	2	*	*	*	*	94.0	FJ375249	*
D	8731	2	*	*	*	*	81.7	FJ380933	*
D	8732	2	*	*	*	*	95.9	FJ380937	*
D	8759	2	*	*	*	*	85.1	FJ431227	*
D	8767	2	*	*	*	*	91.2	FJ431244	*
D	8768	2	*	*	*	*	98.6	FJ431246	*
D	8805	2	*	*	*	*	95.0	FJ478126	*
D	8858	2	*	*	*	*	97.8	DQ365632	*
D	8871	2	*	*	*	*	94.0	GQ166906	*
D	8890	2	*	*	*	*	99.6	GU292816	*
D	8904	2	*	*	*	*	97.6	FJ441623	*
D	8911	2	*	*	*	*	98.8	FJ645267	*
D	8965	2	*	*	*	*	97.0	FJ797880	*
D	8986	2	*	*	*	*	100.0	AJ889927	*
D	8996	2	*	*	*	*	100.0	FJ824614	*
D	8997	2	*	*	*	*	92.8	FJ824766	*
D	9012	2	*	*	*	*	100.0	GU266273	*
D	9014	2	*	*	*	*	98.0	FJ845402	*
D	9023	2	*	*	*	*	100.0	FJ845425	*
D	9025	2	*	*	*	*	92.8	FJ845438	*
D	9048	2	*	*	*	*	91.0	FJ871105	*
D	9062	2	*	*	*	*	93.0	FJ899616	*
D	9064	2	*	*	*	*	98.8	AF335456	*
D	9067	2	*	*	*	*	100.0	FJ903370	*
D	9092	2	*	*	*	*	97.9	FJ914990	*
D	9110	3	*	*	*	*	100.0	FJ228162	*
D	9123	2	*	*	*	*	97.9	FM205659	*
D	9149	2	*	*	*	*	97.1	AY606965	*
D	9154	2	*	*	*	*	98.6	AY513136	*
D	9175	2	*	*	*	*	90.4	AF345823	*
D	9176	2	*	*	*	*	100.0	FN396148	*
D	9177	2	*	*	*	*	84.8	FN396149	*
D	9204	2	*	*	*	*	81.6	FM876786	*
D	9206	2	*	*	*	*	89.0	FN547526	*
D	9207	2	*	*	*	*	99.0	FN547575	*
D	9211	2	*	*	*	*	93.3	FN547595	*
D	9229	2	*	*	*	*	100.0	HE652866	*
D	9237	3	*	*	*	*	99.7	FJ769289	*
D	9255	2	*	*	*	*	97.1	FR686570	*
D	9279	2	*	*	*	*	95.7	FR799313	*
D	9280	2	*	*	*	*	100.0	FR799494	*
D	9293	3	*	*	*	*	100.0	GQ121287	*
D	9309	2	*	*	*	*	98.0	GQ165696	*
D	9310	2	*	*	*	*	99.5	GQ166888	*
D	9330	2	*	*	*	*	97.2	UDB000637	*
D	9370	2	*	*	*	*	88.4	GQ344596	*
D	9377	2	*	*	*	*	94.0	GQ377479	*
D	9455	2	*	*	*	*	96.8	GQ913371	*
D	9465	2	*	*	*	*	88.9	GQ925395	*
D	9482	2	*	*	*	*	80.4	GQ981515	*
D	9527	2	*	*	*	*	98.2	GU062301	*
D	9535	2	*	*	*	*	98.9	EF565744	*
D	9537	2	*	*	*	*	94.3	EU259898	*
D	9552	3	*	*	*	*	91.4	GU138711	*
D	9556	2	*	*	*	*	99.4	GU138738	*
D	9557	2	*	*	*	*	98.8	GU138721	*
D	9568	3	*	*	*	*	95.5	DQ069000	*
D	9713	2	*	*	*	*	91.2	GU300089	*
D	9719	2	*	*	*	*	82.2	GU320008	*
D	9736	2	*	*	*	*	85.2	UDB003208	*
D	9737	2	*	*	*	*	98.6	GU327539	*
D	9742	2	*	*	*	*	80.7	GU355659	*
D	9745	2	*	*	*	*	95.6	DQ663229	*
D	9752	2	*	*	*	*	96.6	EU568909	*
D	9753	2	*	*	*	*	100.0	GU371295	*
D	9755	2	*	*	*	*	89.5	GU373628	*
D	9758	2	*	*	*	*	98.7	GU384880	*
D	9765	2	*	*	*	*	97.4	GU474789	*
D	9811	2	*	*	*	*	100.0	FJ900605	*
D	9836	2	*	*	*	*	98.0	FJ861421	*
D	9842	2	*	*	*	*	93.9	GQ870285	*
D	9843	2	*	*	*	*	96.7	GQ415342	*
D	9854	2	*	*	*	*	94.5	AY156976	*
D	9889	2	*	*	*	*	96.1	EF530929	*
D	9900	2	*	*	*	*	93.9	HM020692	*
D	9988	2	*	*	*	*	97.0	HM243160	*
D	10013	2	*	*	*	*	93.7	HM480491	*
D	10017	2	*	*	*	*	85.2	HM485330	*
D	10026	2	*	*	*	*	94.0	HM488765	*
D	10032	2	*	*	*	*	99.0	AY497555	*
D	10055	2	*	*	*	*	94.4	HM562132	*
D	10088	2	*	*	*	*	89.2	HM623128	*
D	10137	2	*	*	*	*	96.8	EU352770	*
D	10144	2	*	*	*	*	87.2	HQ153425	*
D	10148	2	*	*	*	*	98.0	GQ376093	*
D	10163	2	*	*	*	*	92.1	JF908679	*
D	10168	2	*	*	*	*	97.6	EF191240	*
D	10180	2	*	*	*	*	88.5	HQ222870	*
D	10192	2	*	*	*	*	92.6	EU661879	*
D	10263	2	*	*	*	*	86.8	HQ533035	*
D	10300	2	*	*	*	*	90.0	HQ604084	*
D	10304	2	*	*	*	*	81.2	GQ994981	*
D	10337	2	*	*	*	*	100.0	FJ903348	*
D	10340	2	*	*	*	*	100.0	HQ605928	*
D	10355	2	*	*	*	*	94.0	AF422939	*
D	10372	2	*	*	*	*	94.5	HQ650665	*
D	10381	2	*	*	*	*	99.1	EU034671	*
D	10409	2	*	*	*	*	100.0	AY586559	*
D	10425	2	*	*	*	*	95.5	AF396862	*
D	10430	2	*	*	*	*	97.4	JN813390	*
D	10455	2	*	*	*	*	96.4	FM878006	*
D	10469	2	*	*	*	*	99.0	HQ857742	*
D	10517	2	*	*	*	*	97.1	FJ752738	*
D	10546	2	*	*	*	*	97.8	GU966523	*
D	10554	3	*	*	*	*	95.7	JF430065	*
D	10592	2	*	*	*	*	100.0	FJ999725	*
D	10616	2	*	*	*	*	96.8	EU697259	*
D	10649	2	*	*	*	*	99.5	AM422215	*
D	10659	3	*	*	*	*	98.3	FJ205465	*
D	10685	2	*	*	*	*	97.7	EU280133	*
D	10733	2	*	*	*	*	92.0	JF908256	*
D	10735	2	*	*	*	*	92.4	JF908093	*
D	10791	2	*	*	*	*	94.2	JF923607	*
D	10810	2	*	*	*	*	90.8	AF325650	*
D	10819	2	*	*	*	*	98.8	JF907811	*
D	10840	2	*	*	*	*	93.6	FJ810130	*
D	10889	2	*	*	*	*	99.5	JN198487	*
D	10892	2	*	*	*	*	100.0	EF503562	*
D	10905	2	*	*	*	*	97.2	AF045867	*
D	10914	2	*	*	*	*	92.3	JN392267	*
D	10915	2	*	*	*	*	99.6	JN392333	*
D	10940	2	*	*	*	*	100.0	JN638265	*
D	10955	2	*	*	*	*	100.0	JN672601	*
D	10982	2	*	*	*	*	98.3	JN851018	*
D	11005	2	*	*	*	*	93.6	AY681203	*
D	11013	2	*	*	*	*	85.5	FJ827735	*
D	11027	2	*	*	*	*	98.5	JN943157	*
D	11030	2	*	*	*	*	99.2	AB378675	*
D	11032	2	*	*	*	*	98.6	FJ430782	*
D	11042	2	*	*	*	*	97.4	JN943499	*
D	11055	2	*	*	*	*	96.9	JF908663	*
D	11058	3	*	*	*	*	98.4	AY061685	*
D	11094	2	*	*	*	*	94.0	JQ711917	*
D	11136	2	*	*	*	*	100.0	U33071	*
D	11138	2	*	*	*	*	98.4	U33078	*
D	11152	2	*	*	*	*	89.8	U51950	*
D	11192	3	*	*	*	*	97.6	AF079583	*
D	11218	2	*	*	*	*	95.6	U85310	*
D	11225	3	*	*	*	*	93.6	U88219	*
D	11232	2	*	*	*	*	98.4	AF377205	*
D	11235	2	*	*	*	*	99.6	UDB000115	*
D	11245	2	*	*	*	*	100.0	AF418618	*
D	11258	2	*	*	*	*	99.5	EF644119	*
D	11269	2	*	*	*	*	99.5	EF559269	*
D	11270	2	*	*	*	*	100.0	FJ428582	*
D	11275	2	*	*	*	*	98.0	AM882922	*
D	11279	2	*	*	*	*	93.7	UDB000651	*
D	11333	2	*	*	*	*	100.0	UDB001233	*
D	11358	2	*	*	*	*	100.0	EU622368	*
D	11391	2	*	*	*	*	98.5	U56032	*
D	11417	2	*	*	*	*	85.6	UDB003224	*
D	11429	2	*	*	*	*	100.0	AY606958	*
D	11440	2	*	*	*	*	98.8	UDB008235	*
D	11457	2	*	*	*	*	98.7	EU784180	*
D	11470	2	*	*	*	*	95.2	UDB011215	*
D	11479	2	*	*	*	*	98.6	UDB011124	*
D	11500	2	*	*	*	*	91.6	HM562144	*
D	11504	2	*	*	*	*	97.2	EU486448	*
D	11521	2	*	*	*	*	100.0	AM930241	*
D	11533	2	*	*	*	*	93.1	FM208872	*
D	11541	2	*	*	*	*	100.0	AF140260	*
D	11544	2	*	*	*	*	99.2	UDB011538	*
D	11560	2	*	*	*	*	96.8	UDB011589	*
D	11570	2	*	*	*	*	98.0	UDB011629	*
D	11597	2	*	*	*	*	98.8	DQ533978	*
D	11611	2	*	*	*	*	94.7	UDB011787	*
D	11635	2	*	*	*	*	93.2	UDB011855	*
D	11648	2	*	*	*	*	99.4	FJ746660	*
D	11673	2	*	*	*	*	98.7	EU113279	*
