UclustConsensusTaxonAssigner parameters:
id_to_taxonomy_filepath:/Users/nbokulich/Desktop/ref_dbs/gg_13_8_otus/taxonomy/99_otu_taxonomy.txt
id_to_taxonomy_fp:/Users/nbokulich/Desktop/ref_dbs/gg_13_8_otus/taxonomy/99_otu_taxonomy.txt
max_accepts:1
min_consensus_fraction:1.0
reference_sequences_fp:/Users/nbokulich/Desktop/ref_dbs/gg_13_8_otus/rep_set/99_otus/dna-sequences.fasta
similarity:0.9
unassignable_label:Unassigned
Result path: /var/folders/0t/l1dz88p50y91vx_22fx5w3780000gn/T/assign-taxXOLPOZ

.uc file contents:

# uclust --input /Users/nbokulich/Desktop/projects/short-read-tax-assignment/data/mock-community/mock-21/rep_seqs.fna --id 0.9 --rev --maxaccepts 1 --allhits --libonly --lib /Users/nbokulich/Desktop/ref_dbs/gg_13_8_otus/rep_set/99_otus/dna-sequences.fasta --uc /var/folders/0t/l1dz88p50y91vx_22fx5w3780000gn/T/UclustConsensusTaxonAssigner_C2kjjM.uc
# version=1.2.22
# Tab-separated fields:
# 1=Type, 2=ClusterNr, 3=SeqLength or ClusterSize, 4=PctId, 5=Strand, 6=QueryStart, 7=SeedStart, 8=Alignment, 9=QueryLabel, 10=TargetLabel
# Record types (field 1): L=LibSeed, S=NewSeed, H=Hit, R=Reject, D=LibCluster, C=NewCluster, N=NoHit
# For C and D types, PctId is average id with seed.
# QueryStart and SeedStart are zero-based relative to start of sequence.
# If minus strand, SeedStart is relative to reverse-complemented seed.
L	132334	250	*	*	*	*	*	696013	*
H	132334	250	100.0	+	0	0	250M	1b158b8b2922d4fcad5d9cea607cbb7d	696013
L	28937	250	*	*	*	*	*	547564	*
H	28937	250	100.0	+	0	0	250M	0d87b112bc336b97248bf4757a668689	547564
L	163538	250	*	*	*	*	*	4310109	*
H	163538	250	100.0	+	0	0	250M	70c9bfbb24364a1049dc8f2807fbf39e	4310109
L	191426	250	*	*	*	*	*	4451252	*
H	191426	250	100.0	+	0	0	250M	d0b698c7298bf04110a6d2f220879bfb	4451252
L	77335	250	*	*	*	*	*	219151	*
H	77335	250	100.0	+	0	0	250M	4a765a31e0cf23936b0d98af5f0b7b81	219151
L	77193	250	*	*	*	*	*	219900	*
H	77193	250	100.0	+	0	0	250M	0dc8e0e89e89cf4f0c71808666f6c6e7	219900
L	94916	250	*	*	*	*	*	147689	*
H	94916	250	100.0	+	0	0	250M	2f93e58b78f2842e83abd5fde37ad276	147689
L	130528	250	*	*	*	*	*	1039981	*
H	130528	250	100.0	+	0	0	250M	d23fbef2f31d48eda40876cdbc49933a	1039981
L	166988	250	*	*	*	*	*	4326794	*
H	166988	250	100.0	+	0	0	250M	6c687828e2fdce22a50b09ae7e9e6a1c	4326794
L	164648	250	*	*	*	*	*	4315405	*
H	164648	250	100.0	+	0	0	250M	0a4009eb300a0f2671383587d6d8401e	4315405
L	177546	250	*	*	*	*	*	4380971	*
H	177546	250	99.6	+	0	0	250M	7d28a9e5ac8c019cc2652582737fbcd3	4380971
L	111783	250	*	*	*	*	*	5796	*
H	111783	250	100.0	+	0	0	250M	51393137c0bd87733bef92c0d82ad05f	5796
L	184603	250	*	*	*	*	*	4416988	*
H	184603	250	100.0	+	0	0	250M	e336f37a27cbd76db5b0040a8c078e20	4416988
L	3509	250	*	*	*	*	*	1010753	*
H	3509	250	100.0	+	0	0	250M	3dcf95f04c5e5084618a820fded0a048	1010753
L	175777	250	*	*	*	*	*	4371834	*
H	175777	250	100.0	+	0	0	250M	668fdb718997fc1589c7817655d4bb5f	4371834
L	72482	250	*	*	*	*	*	242957	*
H	72482	250	100.0	+	0	0	250M	b4c9bc9315d2331ee859d99151ef4b46	242957
L	172292	250	*	*	*	*	*	4354103	*
H	172292	250	100.0	+	0	0	250M	54f3fa8080e96ee8c48b77627ac0ae3a	4354103
L	23698	250	*	*	*	*	*	569194	*
H	23698	250	100.0	+	0	0	250M	a1a3200b76bcd6000a0914892d370b6e	569194
L	46062	250	*	*	*	*	*	348680	*
H	46062	250	95.6	+	0	0	250M	645f451a142640ab1ac48cafc5935202	348680
L	160802	250	*	*	*	*	*	4297408	*
H	160802	250	100.0	+	0	0	250M	608e6548b1b4cbb6176c8fce090991a5	4297408
L	127283	250	*	*	*	*	*	974513	*
H	127283	250	100.0	+	0	0	250M	ade3784d6dfd298c1bf09140aaa941fb	974513
L	110773	250	*	*	*	*	*	11253	*
H	110773	250	99.6	+	0	0	250M	abcb4683a75225cb127fc362b64f0557	11253
L	161380	250	*	*	*	*	*	4300042	*
H	161380	250	100.0	+	0	0	250M	d63133c757e4c822d016db63aaa83f83	4300042
D	3509	2	*	*	*	*	100.0	1010753	*
D	23698	2	*	*	*	*	100.0	569194	*
D	28937	2	*	*	*	*	100.0	547564	*
D	46062	2	*	*	*	*	95.6	348680	*
D	72482	2	*	*	*	*	100.0	242957	*
D	77193	2	*	*	*	*	100.0	219900	*
D	77335	2	*	*	*	*	100.0	219151	*
D	94916	2	*	*	*	*	100.0	147689	*
D	110773	2	*	*	*	*	99.6	11253	*
D	111783	2	*	*	*	*	100.0	5796	*
D	127283	2	*	*	*	*	100.0	974513	*
D	130528	2	*	*	*	*	100.0	1039981	*
D	132334	2	*	*	*	*	100.0	696013	*
D	160802	2	*	*	*	*	100.0	4297408	*
D	161380	2	*	*	*	*	100.0	4300042	*
D	163538	2	*	*	*	*	100.0	4310109	*
D	164648	2	*	*	*	*	100.0	4315405	*
D	166988	2	*	*	*	*	100.0	4326794	*
D	172292	2	*	*	*	*	100.0	4354103	*
D	175777	2	*	*	*	*	100.0	4371834	*
D	177546	2	*	*	*	*	99.6	4380971	*
D	184603	2	*	*	*	*	100.0	4416988	*
D	191426	2	*	*	*	*	100.0	4451252	*
