UclustConsensusTaxonAssigner parameters:
id_to_taxonomy_filepath:/Users/nbokulich/Desktop/ref_dbs/gg_13_8_otus/taxonomy/99_otu_taxonomy.txt
id_to_taxonomy_fp:/Users/nbokulich/Desktop/ref_dbs/gg_13_8_otus/taxonomy/99_otu_taxonomy.txt
max_accepts:5
min_consensus_fraction:0.51
reference_sequences_fp:/Users/nbokulich/Desktop/ref_dbs/gg_13_8_otus/rep_set/99_otus/dna-sequences.fasta
similarity:0.9
unassignable_label:Unassigned
Result path: /var/folders/0t/l1dz88p50y91vx_22fx5w3780000gn/T/assign-taxM7rieF

.uc file contents:

# uclust --input /Users/nbokulich/Desktop/projects/short-read-tax-assignment/data/mock-community/mock-19/rep_seqs.fna --id 0.9 --rev --maxaccepts 5 --allhits --libonly --lib /Users/nbokulich/Desktop/ref_dbs/gg_13_8_otus/rep_set/99_otus/dna-sequences.fasta --uc /var/folders/0t/l1dz88p50y91vx_22fx5w3780000gn/T/UclustConsensusTaxonAssigner_8W9kbR.uc
# version=1.2.22
# Tab-separated fields:
# 1=Type, 2=ClusterNr, 3=SeqLength or ClusterSize, 4=PctId, 5=Strand, 6=QueryStart, 7=SeedStart, 8=Alignment, 9=QueryLabel, 10=TargetLabel
# Record types (field 1): L=LibSeed, S=NewSeed, H=Hit, R=Reject, D=LibCluster, C=NewCluster, N=NoHit
# For C and D types, PctId is average id with seed.
# QueryStart and SeedStart are zero-based relative to start of sequence.
# If minus strand, SeedStart is relative to reverse-complemented seed.
N	*	250	*	*	*	*	*	c0b189ffde8f150b8e90c46b4473aa3c	*
N	*	250	*	*	*	*	*	5826f6bd485381c0ba2f0cd08501a931	*
N	*	250	*	*	*	*	*	95865d1c5c4fa57118e9305aeb040dea	*
N	*	250	*	*	*	*	*	c8bc630e42c66d1968b05ae9d99c9953	*
N	*	250	*	*	*	*	*	d072c59c683082d3aa5a18fabce5b2ee	*
N	*	250	*	*	*	*	*	6ad91f1902796a90a5165a6747501ce0	*
N	*	250	*	*	*	*	*	cc1e427b91cf1d82cc74738924f57c87	*
N	*	250	*	*	*	*	*	1e35379d88089e27e07899b9df535e35	*
L	158218	250	*	*	*	*	*	4183921	*
H	158218	250	99.6	+	0	0	250M	8826128724233ed3f97fec6429b3b5ef	4183921
L	120030	250	*	*	*	*	*	1130328	*
H	120030	250	93.2	+	0	0	250M	8826128724233ed3f97fec6429b3b5ef	1130328
L	113016	250	*	*	*	*	*	1142025	*
H	113016	250	90.0	+	0	0	250M	8826128724233ed3f97fec6429b3b5ef	1142025
L	143278	250	*	*	*	*	*	821357	*
H	143278	250	92.4	+	0	0	250M	8826128724233ed3f97fec6429b3b5ef	821357
L	145384	250	*	*	*	*	*	1118104	*
H	145384	250	90.8	+	0	0	250M	8826128724233ed3f97fec6429b3b5ef	1118104
N	*	250	*	*	*	*	*	7cd563c2194fe831b074c1233da9342f	*
N	*	250	*	*	*	*	*	207c769c1208d911f1badd05ef5dcb35	*
L	91526	250	*	*	*	*	*	161579	*
H	91526	250	100.0	+	0	0	250M	dec4f574cdeb5d3c5638adb9c876a22a	161579
L	110206	250	*	*	*	*	*	13865	*
H	110206	250	100.0	+	0	0	250M	dec4f574cdeb5d3c5638adb9c876a22a	13865
L	126352	250	*	*	*	*	*	2288536	*
H	126352	250	100.0	+	0	0	250M	dec4f574cdeb5d3c5638adb9c876a22a	2288536
L	31749	250	*	*	*	*	*	535804	*
H	31749	250	99.6	+	0	0	250M	dec4f574cdeb5d3c5638adb9c876a22a	535804
L	149206	250	*	*	*	*	*	622689	*
H	149206	250	99.2	+	0	0	250M	dec4f574cdeb5d3c5638adb9c876a22a	622689
N	*	250	*	*	*	*	*	f4a5bb35817150d51dfc9c328e23241b	*
N	*	250	*	*	*	*	*	a6375351eeb843e5b84461d37cf466a3	*
N	*	250	*	*	*	*	*	19d868c86a50b4d4d238a25e6bf5ea5d	*
L	99738	250	*	*	*	*	*	114174	*
H	99738	250	100.0	+	0	0	250M	fdb690a39d34d55bf1aa55d52d3fcc41	114174
L	111894	250	*	*	*	*	*	4840	*
H	111894	250	100.0	+	0	0	250M	fdb690a39d34d55bf1aa55d52d3fcc41	4840
L	101576	250	*	*	*	*	*	107036	*
H	101576	250	99.6	+	0	0	243MI6MD	fdb690a39d34d55bf1aa55d52d3fcc41	107036
L	165245	250	*	*	*	*	*	4318240	*
H	165245	250	99.6	+	0	0	250M	fdb690a39d34d55bf1aa55d52d3fcc41	4318240
L	72507	250	*	*	*	*	*	242856	*
H	72507	250	99.6	+	0	0	250M	fdb690a39d34d55bf1aa55d52d3fcc41	242856
N	*	250	*	*	*	*	*	b3634d4cde23028d09e8eb89cb68f9df	*
N	*	250	*	*	*	*	*	9e26409cababbcbf6677f4c43aeb7670	*
L	71994	250	*	*	*	*	*	244957	*
H	71994	250	100.0	+	0	0	250M	8b057a5364e57c0605a3ab444601d2fc	244957
L	167299	250	*	*	*	*	*	4328306	*
H	167299	250	99.6	+	0	0	250M	8b057a5364e57c0605a3ab444601d2fc	4328306
L	513	250	*	*	*	*	*	1108092	*
H	513	250	99.2	+	0	0	250M	8b057a5364e57c0605a3ab444601d2fc	1108092
L	38805	250	*	*	*	*	*	471224	*
H	38805	250	99.6	+	0	0	250M	8b057a5364e57c0605a3ab444601d2fc	471224
L	136	250	*	*	*	*	*	1110974	*
H	136	250	99.2	+	0	0	250M	8b057a5364e57c0605a3ab444601d2fc	1110974
N	*	250	*	*	*	*	*	1a7027993c37e1d023d3c01d16039178	*
L	123060	250	*	*	*	*	*	826738	*
H	123060	250	99.6	+	0	0	250M	0a1ecb6089d61b94f4d5627348bc349f	826738
L	16743	250	*	*	*	*	*	615105	*
H	16743	250	99.2	+	0	0	250M	0a1ecb6089d61b94f4d5627348bc349f	615105
L	112085	250	*	*	*	*	*	3829	*
H	112085	250	98.8	+	0	0	250M	0a1ecb6089d61b94f4d5627348bc349f	3829
L	126581	250	*	*	*	*	*	664894	*
H	126581	250	99.2	+	0	0	250M	0a1ecb6089d61b94f4d5627348bc349f	664894
L	19265	250	*	*	*	*	*	586283	*
H	19265	250	99.2	+	0	0	250M	0a1ecb6089d61b94f4d5627348bc349f	586283
N	*	250	*	*	*	*	*	cfef00a8a161f32d87c63662e701c022	*
N	*	250	*	*	*	*	*	361552c456026915e7971f7ff6979eb7	*
L	97305	250	*	*	*	*	*	138650	*
H	97305	250	99.6	+	0	0	250M	14a2cd516d5bc0912630be6aeea6acfd	138650
L	112568	250	*	*	*	*	*	1426	*
H	112568	250	99.6	+	0	0	250M	14a2cd516d5bc0912630be6aeea6acfd	1426
L	132010	250	*	*	*	*	*	1076643	*
H	132010	250	99.6	+	0	0	250M	14a2cd516d5bc0912630be6aeea6acfd	1076643
L	180824	250	*	*	*	*	*	4397479	*
H	180824	250	99.6	+	0	0	250M	14a2cd516d5bc0912630be6aeea6acfd	4397479
L	99290	250	*	*	*	*	*	120096	*
H	99290	250	99.2	+	0	0	154MD95MI	14a2cd516d5bc0912630be6aeea6acfd	120096
N	*	250	*	*	*	*	*	43c42b8fa62f50b1fb52b421bc2011dc	*
N	*	250	*	*	*	*	*	2c14984f66b1428c4839e9486961db6a	*
L	107645	250	*	*	*	*	*	46897	*
H	107645	250	100.0	+	0	0	250M	fe91de7cd0ac12581a8ad44bf81938b3	46897
L	109678	250	*	*	*	*	*	16190	*
H	109678	250	100.0	+	0	0	250M	fe91de7cd0ac12581a8ad44bf81938b3	16190
L	171295	250	*	*	*	*	*	4348796	*
H	171295	250	100.0	+	0	0	250M	fe91de7cd0ac12581a8ad44bf81938b3	4348796
L	101815	250	*	*	*	*	*	105986	*
H	101815	250	100.0	+	0	0	250M	fe91de7cd0ac12581a8ad44bf81938b3	105986
L	109677	250	*	*	*	*	*	16191	*
H	109677	250	100.0	+	0	0	250M	fe91de7cd0ac12581a8ad44bf81938b3	16191
L	144238	250	*	*	*	*	*	3341679	*
H	144238	250	99.6	+	0	0	250M	521080de462dfc157bdb3ec392a6c487	3341679
L	21334	250	*	*	*	*	*	578951	*
H	21334	250	98.4	+	0	0	250M	521080de462dfc157bdb3ec392a6c487	578951
L	42749	250	*	*	*	*	*	363705	*
H	42749	250	98.8	+	0	0	250M	521080de462dfc157bdb3ec392a6c487	363705
L	119620	250	*	*	*	*	*	1904267	*
H	119620	250	98.8	+	0	0	250M	521080de462dfc157bdb3ec392a6c487	1904267
L	4179	250	*	*	*	*	*	985663	*
H	4179	250	98.4	+	0	0	250M	521080de462dfc157bdb3ec392a6c487	985663
N	*	250	*	*	*	*	*	9ffcc6f47589fb4ca2339dd6a018161c	*
N	*	250	*	*	*	*	*	887ebdda26f18198378fa9a8f78a15c3	*
N	*	250	*	*	*	*	*	f6dc864596104f6d58d7154a6d7b8a4e	*
N	*	250	*	*	*	*	*	c3b66ce3cdcab23e9cd5c6eddff1ac94	*
N	*	250	*	*	*	*	*	7410570dffc21b8fd0c685074c61fd30	*
L	132334	250	*	*	*	*	*	696013	*
H	132334	250	100.0	+	0	0	250M	1b158b8b2922d4fcad5d9cea607cbb7d	696013
L	59110	250	*	*	*	*	*	296303	*
H	59110	250	100.0	+	0	0	250M	1b158b8b2922d4fcad5d9cea607cbb7d	296303
L	132858	250	*	*	*	*	*	2677483	*
H	132858	250	100.0	+	0	0	250M	1b158b8b2922d4fcad5d9cea607cbb7d	2677483
L	59172	250	*	*	*	*	*	296102	*
H	59172	250	100.0	+	0	0	250M	1b158b8b2922d4fcad5d9cea607cbb7d	296102
L	59334	250	*	*	*	*	*	295513	*
H	59334	250	100.0	+	0	0	250M	1b158b8b2922d4fcad5d9cea607cbb7d	295513
N	*	250	*	*	*	*	*	4f8fe598c98c3d7abb3174aa93e18044	*
N	*	250	*	*	*	*	*	6a51a452d1a83fb05e2555a8aad21f69	*
L	116419	250	*	*	*	*	*	1720567	*
H	116419	250	99.6	+	0	0	250M	4d39e3fe1dc93133c1d17bf0c1fd8128	1720567
L	10908	250	*	*	*	*	*	810598	*
H	10908	250	98.8	+	0	0	250M	4d39e3fe1dc93133c1d17bf0c1fd8128	810598
L	108455	250	*	*	*	*	*	34844	*
H	108455	250	96.8	+	0	0	250M	4d39e3fe1dc93133c1d17bf0c1fd8128	34844
L	196035	250	*	*	*	*	*	4474490	*
H	196035	250	94.4	+	0	0	250M	4d39e3fe1dc93133c1d17bf0c1fd8128	4474490
L	180178	250	*	*	*	*	*	4394311	*
H	180178	250	93.6	+	0	0	250M	4d39e3fe1dc93133c1d17bf0c1fd8128	4394311
N	*	250	*	*	*	*	*	de1504c97047578c2f757258a6564c8f	*
N	*	250	*	*	*	*	*	8d983bcb1195622b3bfb72f69d6d09a9	*
N	*	250	*	*	*	*	*	4a9d21a7a4a3f1ddf8d522da055ea2e6	*
N	*	250	*	*	*	*	*	79420c98f368be110dc07f233dff9075	*
L	182859	250	*	*	*	*	*	4408281	*
H	182859	250	100.0	+	0	0	250M	d65886bee0f292fbbf5fc64ff1bc0b24	4408281
L	89504	250	*	*	*	*	*	171908	*
H	89504	250	100.0	+	0	0	250M	d65886bee0f292fbbf5fc64ff1bc0b24	171908
L	80432	250	*	*	*	*	*	200552	*
H	80432	250	100.0	+	0	0	250M	d65886bee0f292fbbf5fc64ff1bc0b24	200552
L	69280	250	*	*	*	*	*	256116	*
H	69280	250	100.0	+	0	0	250M	d65886bee0f292fbbf5fc64ff1bc0b24	256116
L	24753	250	*	*	*	*	*	564678	*
H	24753	250	100.0	+	0	0	250M	d65886bee0f292fbbf5fc64ff1bc0b24	564678
N	*	250	*	*	*	*	*	19eb7ff4e2e629af5cdaee0f246f9cbc	*
N	*	250	*	*	*	*	*	1375e036d4bf6693e3d396afb96109f4	*
N	*	250	*	*	*	*	*	f4a4b29021c1adcdd3c0d9e0f6a63357	*
N	*	250	*	*	*	*	*	0b95b88ae14ae4772c27ae8af231cd65	*
N	*	250	*	*	*	*	*	87487c968633558a98435ceb0e4d3d73	*
N	*	250	*	*	*	*	*	e392356ed7ecaed507f51e6bf0ed5d78	*
N	*	250	*	*	*	*	*	de249ff10460661cfd698fadbe39d584	*
N	*	250	*	*	*	*	*	6ae3b4f3fef6e0cb17179d1d30dbd7e0	*
L	137749	250	*	*	*	*	*	982021	*
H	137749	250	98.8	+	0	0	242MD7MI	0f06e0a1fa729308fa8836fb4511de8c	982021
L	93130	250	*	*	*	*	*	155255	*
H	93130	250	99.6	+	0	0	250M	0f06e0a1fa729308fa8836fb4511de8c	155255
L	6089	250	*	*	*	*	*	913279	*
H	6089	250	98.8	+	0	0	250M	0f06e0a1fa729308fa8836fb4511de8c	913279
L	13144	250	*	*	*	*	*	746357	*
H	13144	250	99.6	+	0	0	250M	0f06e0a1fa729308fa8836fb4511de8c	746357
L	4965	250	*	*	*	*	*	957279	*
H	4965	250	99.2	+	0	0	250M	0f06e0a1fa729308fa8836fb4511de8c	957279
N	*	250	*	*	*	*	*	cbe02502935a5dee81d1b0b4c11ec0a7	*
L	181979	250	*	*	*	*	*	4403622	*
H	181979	250	100.0	+	0	0	250M	e5269e32edd47bb63709e25e22a6f0ae	4403622
L	195608	250	*	*	*	*	*	4472262	*
H	195608	250	100.0	+	0	0	250M	e5269e32edd47bb63709e25e22a6f0ae	4472262
L	185531	250	*	*	*	*	*	4421328	*
H	185531	250	100.0	+	0	0	250M	e5269e32edd47bb63709e25e22a6f0ae	4421328
L	159036	250	*	*	*	*	*	4232045	*
H	159036	250	100.0	+	0	0	250M	e5269e32edd47bb63709e25e22a6f0ae	4232045
L	44094	250	*	*	*	*	*	356687	*
H	44094	250	100.0	+	0	0	250M	e5269e32edd47bb63709e25e22a6f0ae	356687
L	115366	250	*	*	*	*	*	1105502	*
H	115366	250	100.0	+	0	0	250M	094226930fb6d71f02c7b6124105e94b	1105502
L	69487	250	*	*	*	*	*	255184	*
H	69487	250	100.0	+	0	0	250M	094226930fb6d71f02c7b6124105e94b	255184
L	118007	250	*	*	*	*	*	1812481	*
H	118007	250	100.0	+	0	0	250M	094226930fb6d71f02c7b6124105e94b	1812481
L	167650	250	*	*	*	*	*	4330264	*
H	167650	250	100.0	+	0	0	250M	094226930fb6d71f02c7b6124105e94b	4330264
L	21202	250	*	*	*	*	*	579394	*
H	21202	250	100.0	+	0	0	250M	094226930fb6d71f02c7b6124105e94b	579394
D	13144	2	*	*	*	*	99.6	746357	*
D	21202	2	*	*	*	*	100.0	579394	*
D	24753	2	*	*	*	*	100.0	564678	*
D	44094	2	*	*	*	*	100.0	356687	*
D	59334	2	*	*	*	*	100.0	295513	*
D	71994	2	*	*	*	*	100.0	244957	*
D	109677	2	*	*	*	*	100.0	16191	*
D	111894	2	*	*	*	*	100.0	4840	*
D	116419	2	*	*	*	*	99.6	1720567	*
D	123060	2	*	*	*	*	99.6	826738	*
D	126352	2	*	*	*	*	100.0	2288536	*
D	144238	2	*	*	*	*	99.6	3341679	*
D	158218	2	*	*	*	*	99.6	4183921	*
D	180824	2	*	*	*	*	99.6	4397479	*
