UclustConsensusTaxonAssigner parameters:
id_to_taxonomy_filepath:/Users/nbokulich/Desktop/projects/short-read-tax-assignment/data/simulated-community/B1-REF-iter0/ref_taxa.tsv
id_to_taxonomy_fp:/Users/nbokulich/Desktop/projects/short-read-tax-assignment/data/simulated-community/B1-REF-iter0/ref_taxa.tsv
max_accepts:1
min_consensus_fraction:0.76
reference_sequences_fp:/Users/nbokulich/Desktop/projects/short-read-tax-assignment/data/simulated-community/B1-REF-iter0/ref_seqs.fasta
similarity:0.8
unassignable_label:Unassigned
Result path: /var/folders/0t/l1dz88p50y91vx_22fx5w3780000gn/T/assign-taxkUjjRa

.uc file contents:

# uclust --input /Users/nbokulich/Desktop/projects/short-read-tax-assignment/data/simulated-community/B1-REF-iter0/query.fasta --id 0.8 --rev --maxaccepts 1 --allhits --libonly --lib /Users/nbokulich/Desktop/projects/short-read-tax-assignment/data/simulated-community/B1-REF-iter0/ref_seqs.fasta --uc /var/folders/0t/l1dz88p50y91vx_22fx5w3780000gn/T/UclustConsensusTaxonAssigner_MUIJqa.uc
# version=1.2.22
# Tab-separated fields:
# 1=Type, 2=ClusterNr, 3=SeqLength or ClusterSize, 4=PctId, 5=Strand, 6=QueryStart, 7=SeedStart, 8=Alignment, 9=QueryLabel, 10=TargetLabel
# Record types (field 1): L=LibSeed, S=NewSeed, H=Hit, R=Reject, D=LibCluster, C=NewCluster, N=NoHit
# For C and D types, PctId is average id with seed.
# QueryStart and SeedStart are zero-based relative to start of sequence.
# If minus strand, SeedStart is relative to reverse-complemented seed.
L	13540	250	*	*	*	*	*	1086672	*
H	13540	250	100.0	+	0	0	250M	1110799	1086672
L	14923	250	*	*	*	*	*	625454	*
H	14923	250	100.0	+	0	0	250M	947041	625454
L	16535	250	*	*	*	*	*	4321055	*
H	16535	250	99.2	+	0	0	2I42MD64MD142M	824571	4321055
L	15178	250	*	*	*	*	*	3883854	*
H	15178	250	98.0	+	0	0	14MI21MI39MI20MI152M4D	814889	3883854
L	6085	250	*	*	*	*	*	271158	*
H	6085	250	99.6	+	0	0	250M	814142	271158
L	10715	250	*	*	*	*	*	8823	*
H	10715	250	100.0	+	0	0	250M	792531	8823
L	2429	250	*	*	*	*	*	559216	*
H	2429	250	98.0	+	0	0	250M	781103	559216
L	13039	250	*	*	*	*	*	2633341	*
H	13039	250	96.8	+	0	0	250M	780288	2633341
L	1476	250	*	*	*	*	*	758208	*
H	1476	250	100.0	+	0	0	250M	768306	758208
L	2802	250	*	*	*	*	*	536659	*
H	2802	250	100.0	+	0	0	250M	744773	536659
L	11768	250	*	*	*	*	*	1138081	*
H	11768	250	98.4	+	0	0	250M	734243	1138081
L	5092	250	*	*	*	*	*	325282	*
H	5092	250	100.0	+	0	0	250M	723677	325282
L	3745	250	*	*	*	*	*	484444	*
H	3745	250	98.8	+	0	0	2I248M2D	723344	484444
L	3723	250	*	*	*	*	*	499955	*
H	3723	250	97.6	+	0	0	250M	723021	499955
L	7159	250	*	*	*	*	*	198485	*
H	7159	250	97.2	+	0	0	35M2D9MI12MI192M	697227	198485
L	10076	250	*	*	*	*	*	40839	*
H	10076	250	98.4	+	0	0	D11MI197MD29MI11M	690063	40839
L	15303	250	*	*	*	*	*	220541	*
H	15303	250	100.0	+	0	0	250M	681954	220541
L	8548	250	*	*	*	*	*	157671	*
H	8548	250	99.6	+	0	0	250M	652681	157671
L	13721	250	*	*	*	*	*	3052746	*
H	13721	250	98.8	+	0	0	250M	645407	3052746
L	9865	250	*	*	*	*	*	70276	*
H	9865	250	99.6	+	0	0	250M	606927	70276
L	18111	250	*	*	*	*	*	4395540	*
H	18111	250	96.8	+	0	0	55MD133M3D58M4I	593781	4395540
L	12949	250	*	*	*	*	*	2566741	*
H	12949	250	98.4	+	0	0	250M	590652	2566741
L	19801	250	*	*	*	*	*	4477624	*
H	19801	250	97.2	+	0	0	250M	586902	4477624
L	19081	250	*	*	*	*	*	4444503	*
H	19081	250	100.0	+	0	0	250M	583549	4444503
L	5001	250	*	*	*	*	*	330933	*
H	5001	250	100.0	+	0	0	250M	579797	330933
L	11960	250	*	*	*	*	*	2045262	*
H	11960	250	100.0	+	0	0	250M	570301	2045262
L	18158	250	*	*	*	*	*	4398113	*
H	18158	250	100.0	+	0	0	250M	569580	4398113
L	10855	250	*	*	*	*	*	5518	*
H	10855	250	100.0	+	0	0	250M	568154	5518
L	14220	250	*	*	*	*	*	3333609	*
H	14220	250	99.2	+	0	0	234MI15MD	567491	3333609
L	9848	250	*	*	*	*	*	70728	*
H	9848	250	99.6	+	0	0	250M	563824	70728
L	11638	250	*	*	*	*	*	1855583	*
H	11638	250	100.0	+	0	0	250M	562759	1855583
L	5848	250	*	*	*	*	*	286874	*
H	5848	250	99.6	+	0	0	250M	561204	286874
L	6520	250	*	*	*	*	*	250238	*
H	6520	250	98.4	+	0	0	250M	555696	250238
L	7251	250	*	*	*	*	*	195877	*
H	7251	250	99.6	+	0	0	250M	553146	195877
L	10887	250	*	*	*	*	*	4469	*
H	10887	250	97.6	+	0	0	142MD107MI	549374	4469
L	2156	250	*	*	*	*	*	574818	*
H	2156	250	99.2	+	0	0	250M	549331	574818
L	17828	250	*	*	*	*	*	4381971	*
H	17828	250	98.8	+	0	0	6MI75MI167M2D	545041	4381971
L	4897	250	*	*	*	*	*	338150	*
H	4897	250	94.4	+	0	0	250M	542453	338150
L	19546	250	*	*	*	*	*	4466876	*
H	19546	250	99.6	+	0	0	250M	541199	4466876
L	16296	250	*	*	*	*	*	4310398	*
H	16296	250	97.6	+	0	0	8MD11MD15MD117MD95M4I	541011	4310398
L	14922	250	*	*	*	*	*	3719461	*
H	14922	250	99.6	+	0	0	250M	533516	3719461
L	3444	250	*	*	*	*	*	517531	*
H	3444	250	99.6	+	0	0	250M	529459	517531
L	5066	250	*	*	*	*	*	326518	*
H	5066	250	98.8	+	0	0	250M	527078	326518
L	5206	250	*	*	*	*	*	317249	*
H	5206	250	99.2	+	0	0	250M	524580	317249
L	13130	250	*	*	*	*	*	822953	*
H	13130	250	95.6	+	0	0	106MI45MI63MI23MI9M4D	518471	822953
L	10813	250	*	*	*	*	*	6825	*
H	10813	250	99.2	+	0	0	250M	518245	6825
L	2492	250	*	*	*	*	*	555742	*
H	2492	250	99.6	+	0	0	250M	509936	555742
L	4036	250	*	*	*	*	*	391286	*
H	4036	250	99.6	+	0	0	207MD42MI	430858	391286
L	6320	250	*	*	*	*	*	261023	*
H	6320	250	98.8	+	0	0	250M	419448	261023
L	14855	250	*	*	*	*	*	1128237	*
H	14855	250	100.0	+	0	0	250M	404948	1128237
L	12368	250	*	*	*	*	*	2254358	*
H	12368	250	97.2	+	0	0	250M	404209	2254358
L	10578	250	*	*	*	*	*	11197	*
H	10578	250	99.6	+	0	0	250M	386273	11197
L	4468	250	*	*	*	*	*	359796	*
H	4468	250	99.6	+	0	0	250M	370253	359796
L	15998	250	*	*	*	*	*	4297918	*
H	15998	250	99.6	+	0	0	250M	365055	4297918
L	2478	250	*	*	*	*	*	556315	*
H	2478	250	90.8	+	0	0	14MD37MD10M3D15MD10MD153MI4M6I	354484	556315
L	4668	250	*	*	*	*	*	350049	*
H	4668	250	96.8	+	0	0	181MI25MI42M2D	354325	350049
L	9198	250	*	*	*	*	*	113733	*
H	9198	250	100.0	+	0	0	250M	344813	113733
L	2260	250	*	*	*	*	*	568228	*
H	2260	250	100.0	+	0	0	250M	343273	568228
L	9131	250	*	*	*	*	*	124373	*
H	9131	250	100.0	+	0	0	250M	342971	124373
L	5121	250	*	*	*	*	*	323182	*
H	5121	250	99.6	+	0	0	250M	332919	323182
L	19957	250	*	*	*	*	*	4484395	*
H	19957	250	100.0	+	0	0	250M	331717	4484395
L	19577	250	*	*	*	*	*	4467905	*
H	19577	250	100.0	+	0	0	250M	330439	4467905
L	15421	250	*	*	*	*	*	821905	*
H	15421	250	98.0	+	0	0	250M	328708	821905
L	12995	250	*	*	*	*	*	1126112	*
H	12995	250	99.6	+	0	0	177MD72MI	327910	1126112
L	5580	250	*	*	*	*	*	297719	*
H	5580	250	98.4	+	0	0	250M	323045	297719
L	5427	250	*	*	*	*	*	304077	*
H	5427	250	100.0	+	0	0	250M	320291	304077
L	5452	250	*	*	*	*	*	302906	*
H	5452	250	97.2	+	0	0	250M	317426	302906
L	5561	250	*	*	*	*	*	299075	*
H	5561	250	100.0	+	0	0	250M	308938	299075
L	11185	250	*	*	*	*	*	1614788	*
H	11185	250	99.6	+	0	0	250M	307580	1614788
L	12251	250	*	*	*	*	*	2195976	*
H	12251	250	98.0	+	0	0	250M	307218	2195976
L	1766	250	*	*	*	*	*	609470	*
H	1766	250	98.0	+	0	0	I249MD	305071	609470
L	7062	250	*	*	*	*	*	205365	*
H	7062	250	97.6	+	0	0	202M2D10MD35M3I	304425	205365
L	8412	250	*	*	*	*	*	162886	*
H	8412	250	92.0	+	0	0	250M	304382	162886
L	5712	250	*	*	*	*	*	292404	*
H	5712	250	98.4	+	0	0	I249MD	301742	292404
L	7026	250	*	*	*	*	*	209237	*
H	7026	250	98.8	+	0	0	250M	301673	209237
L	5659	250	*	*	*	*	*	294750	*
H	5659	250	99.2	+	0	0	250M	299514	294750
L	5727	250	*	*	*	*	*	291811	*
H	5727	250	100.0	+	0	0	250M	296075	291811
L	19618	250	*	*	*	*	*	4469673	*
H	19618	250	99.6	+	0	0	225MD24MI	284709	4469673
L	6014	250	*	*	*	*	*	274316	*
H	6014	250	98.0	+	0	0	250M	273661	274316
L	5104	250	*	*	*	*	*	324220	*
H	5104	250	99.6	+	0	0	250M	270402	324220
L	13641	250	*	*	*	*	*	1138363	*
H	13641	250	100.0	+	0	0	250M	267876	1138363
L	6286	250	*	*	*	*	*	262377	*
H	6286	250	100.0	+	0	0	250M	266186	262377
L	14425	250	*	*	*	*	*	3448408	*
H	14425	250	100.0	+	0	0	250M	265823	3448408
L	2673	250	*	*	*	*	*	544868	*
H	2673	250	100.0	+	0	0	250M	265683	544868
L	2302	250	*	*	*	*	*	566103	*
H	2302	250	99.2	+	0	0	250M	259026	566103
L	6747	250	*	*	*	*	*	237265	*
H	6747	250	100.0	+	0	0	250M	257162	237265
L	17988	250	*	*	*	*	*	4389146	*
H	17988	250	100.0	+	0	0	250M	255749	4389146
L	18814	250	*	*	*	*	*	4431746	*
H	18814	250	100.0	+	0	0	250M	247905	4431746
L	10630	250	*	*	*	*	*	10256	*
H	10630	250	100.0	+	0	0	250M	246846	10256
L	17143	250	*	*	*	*	*	4350076	*
H	17143	250	99.2	+	0	0	242M2D6M2I	241413	4350076
L	12875	250	*	*	*	*	*	751699	*
H	12875	250	99.6	+	0	0	250M	240758	751699
L	12965	250	*	*	*	*	*	809850	*
H	12965	250	98.8	+	0	0	10MD239MI	239649	809850
L	18552	250	*	*	*	*	*	4418165	*
H	18552	250	100.0	+	0	0	250M	226386	4418165
L	5419	250	*	*	*	*	*	304523	*
H	5419	250	100.0	+	0	0	250M	220865	304523
L	18708	250	*	*	*	*	*	4426497	*
H	18708	250	100.0	+	0	0	250M	218910	4426497
L	6915	250	*	*	*	*	*	220173	*
H	6915	250	99.6	+	0	0	152MD97MI	202391	220173
L	10696	250	*	*	*	*	*	9104	*
H	10696	250	98.4	+	0	0	250M	197265	9104
L	10767	250	*	*	*	*	*	7897	*
H	10767	250	99.6	+	0	0	96MI153MD	187297	7897
L	7367	250	*	*	*	*	*	193014	*
H	7367	250	94.8	+	0	0	250M	186253	193014
L	17796	250	*	*	*	*	*	4380427	*
H	17796	250	97.6	+	0	0	20M2I228M2D	184278	4380427
L	10345	250	*	*	*	*	*	14997	*
H	10345	250	100.0	+	0	0	250M	183736	14997
L	5424	250	*	*	*	*	*	304309	*
H	5424	250	99.6	+	0	0	250M	183419	304309
L	2782	250	*	*	*	*	*	537867	*
H	2782	250	100.0	+	0	0	250M	179312	537867
L	7804	250	*	*	*	*	*	182342	*
H	7804	250	100.0	+	0	0	250M	177644	182342
L	7866	250	*	*	*	*	*	180845	*
H	7866	250	100.0	+	0	0	250M	175248	180845
L	7680	250	*	*	*	*	*	185454	*
H	7680	250	100.0	+	0	0	250M	174419	185454
L	10521	250	*	*	*	*	*	12187	*
H	10521	250	99.2	+	0	0	154MI95MD	172882	12187
L	19140	250	*	*	*	*	*	4447141	*
H	19140	250	98.4	+	0	0	250M	172207	4447141
L	7075	250	*	*	*	*	*	203699	*
H	7075	250	99.2	+	0	0	250M	169921	203699
L	6193	250	*	*	*	*	*	266440	*
H	6193	250	100.0	+	0	0	250M	168116	266440
L	6058	250	*	*	*	*	*	272583	*
H	6058	250	99.2	+	0	0	250M	166235	272583
L	16702	250	*	*	*	*	*	4328299	*
H	16702	250	100.0	+	0	0	250M	162286	4328299
L	8329	250	*	*	*	*	*	165589	*
H	8329	250	100.0	+	0	0	250M	161828	165589
L	9246	250	*	*	*	*	*	110881	*
H	9246	250	99.2	+	0	0	250M	161735	110881
L	10265	250	*	*	*	*	*	17380	*
H	10265	250	99.6	+	0	0	250M	161199	17380
L	15537	250	*	*	*	*	*	1122041	*
H	15537	250	98.0	+	0	0	250M	159839	1122041
L	19942	250	*	*	*	*	*	4483568	*
H	19942	250	99.6	+	0	0	250M	158494	4483568
L	10414	250	*	*	*	*	*	13953	*
H	10414	250	98.8	+	0	0	250M	155730	13953
L	10408	250	*	*	*	*	*	14111	*
H	10408	250	100.0	+	0	0	250M	153713	14111
L	18237	250	*	*	*	*	*	4402844	*
H	18237	250	98.0	+	0	0	250M	150547	4402844
L	8750	250	*	*	*	*	*	147523	*
H	8750	250	94.0	+	0	0	250M	149021	147523
L	12357	250	*	*	*	*	*	2248535	*
H	12357	250	97.6	+	0	0	250M	147086	2248535
L	1618	250	*	*	*	*	*	687996	*
H	1618	250	100.0	+	0	0	250M	146876	687996
L	1581	250	*	*	*	*	*	701761	*
H	1581	250	99.2	+	0	0	250M	145545	701761
L	5866	250	*	*	*	*	*	285544	*
H	5866	250	100.0	+	0	0	250M	144204	285544
L	16419	250	*	*	*	*	*	4316623	*
H	16419	250	100.0	+	0	0	250M	143784	4316623
L	11610	250	*	*	*	*	*	1834072	*
H	11610	250	99.2	+	0	0	250M	142766	1834072
L	3775	250	*	*	*	*	*	465367	*
H	3775	250	96.8	+	0	0	250M	142491	465367
L	2595	250	*	*	*	*	*	550332	*
H	2595	250	100.0	+	0	0	250M	142278	550332
L	9011	250	*	*	*	*	*	136980	*
H	9011	250	99.6	+	0	0	14MD235MI	137025	136980
L	11055	250	*	*	*	*	*	1140324	*
H	11055	250	100.0	+	0	0	250M	136338	1140324
L	9043	250	*	*	*	*	*	135960	*
H	9043	250	97.2	+	0	0	250M	136019	135960
L	19767	250	*	*	*	*	*	4476049	*
H	19767	250	96.8	+	0	0	250M	134032	4476049
L	10768	250	*	*	*	*	*	7849	*
H	10768	250	99.6	+	0	0	250M	132943	7849
L	1769	250	*	*	*	*	*	608506	*
H	1769	250	100.0	+	0	0	250M	132661	608506
L	10340	250	*	*	*	*	*	15094	*
H	10340	250	99.6	+	0	0	250M	130322	15094
L	15798	250	*	*	*	*	*	1141542	*
H	15798	250	100.0	+	0	0	250M	129026	1141542
L	8806	250	*	*	*	*	*	144473	*
H	8806	250	96.0	+	0	0	250M	128093	144473
L	14762	250	*	*	*	*	*	3634180	*
H	14762	250	99.6	+	0	0	I249MD	127563	3634180
L	5499	250	*	*	*	*	*	301131	*
H	5499	250	97.2	+	0	0	250M	112212	301131
L	1110	250	*	*	*	*	*	859928	*
H	1110	250	100.0	+	0	0	250M	107892	859928
L	9467	250	*	*	*	*	*	102566	*
H	9467	250	99.6	+	0	0	250M	107760	102566
L	9213	250	*	*	*	*	*	112236	*
H	9213	250	99.6	+	0	0	250M	107531	112236
L	12298	250	*	*	*	*	*	758064	*
H	12298	250	98.8	+	0	0	206MD5MD15MD21M3I	107429	758064
L	14616	250	*	*	*	*	*	3557576	*
H	14616	250	99.2	+	0	0	250M	106578	3557576
L	1764	250	*	*	*	*	*	609925	*
H	1764	250	96.8	+	0	0	75MI25MD88MD60MI	102064	609925
L	10211	250	*	*	*	*	*	25325	*
H	10211	250	100.0	+	0	0	250M	100530	25325
L	12851	250	*	*	*	*	*	816529	*
H	12851	250	99.6	+	0	0	115MD134MI	100484	816529
L	9216	250	*	*	*	*	*	111946	*
H	9216	250	98.8	+	0	0	72MD177MI	99193	111946
L	18436	250	*	*	*	*	*	4413085	*
H	18436	250	99.2	+	0	0	250M	91890	4413085
L	9883	250	*	*	*	*	*	67520	*
H	9883	250	100.0	+	0	0	250M	91834	67520
L	9934	250	*	*	*	*	*	59721	*
H	9934	250	100.0	+	0	0	250M	90031	59721
L	10092	250	*	*	*	*	*	39395	*
H	10092	250	99.2	+	0	0	250M	87957	39395
L	15617	250	*	*	*	*	*	4127893	*
H	15617	250	99.6	+	0	0	250M	87839	4127893
L	1396	250	*	*	*	*	*	802727	*
H	1396	250	98.0	+	0	0	250M	87670	802727
L	9730	250	*	*	*	*	*	81059	*
H	9730	250	98.0	+	0	0	250M	82303	81059
L	9716	250	*	*	*	*	*	81641	*
H	9716	250	99.6	+	0	0	250M	81749	81641
L	10387	250	*	*	*	*	*	14400	*
H	10387	250	99.6	+	0	0	250M	77692	14400
L	19425	250	*	*	*	*	*	4461398	*
H	19425	250	100.0	+	0	0	250M	76534	4461398
L	5622	250	*	*	*	*	*	296166	*
H	5622	250	100.0	+	0	0	250M	76200	296166
L	8974	250	*	*	*	*	*	138779	*
H	8974	250	100.0	+	0	0	250M	71703	138779
L	7077	250	*	*	*	*	*	203409	*
H	7077	250	100.0	+	0	0	250M	71543	203409
L	12728	250	*	*	*	*	*	2462171	*
H	12728	250	98.4	+	0	0	81MD44MD72MD50M3I	65391	2462171
L	9904	250	*	*	*	*	*	63957	*
H	9904	250	97.6	+	0	0	250M	63955	63957
L	1589	250	*	*	*	*	*	700699	*
H	1589	250	100.0	+	0	0	250M	60827	700699
L	17768	250	*	*	*	*	*	4379248	*
H	17768	250	99.6	+	0	0	250M	50977	4379248
L	12546	250	*	*	*	*	*	2350258	*
H	12546	250	99.2	+	0	0	250M	46931	2350258
L	13288	250	*	*	*	*	*	369386	*
H	13288	250	99.2	+	0	0	250M	45531	369386
L	9331	250	*	*	*	*	*	107235	*
H	9331	250	98.0	+	0	0	199MI50MD	41119	107235
L	5856	250	*	*	*	*	*	286210	*
H	5856	250	99.6	+	0	0	250M	40556	286210
L	9911	250	*	*	*	*	*	63190	*
H	9911	250	99.2	+	0	0	250M	40466	63190
L	9787	250	*	*	*	*	*	74170	*
H	9787	250	98.8	+	0	0	250M	40343	74170
L	10158	250	*	*	*	*	*	30112	*
H	10158	250	96.4	+	0	0	250M	38566	30112
L	8655	250	*	*	*	*	*	152272	*
H	8655	250	100.0	+	0	0	250M	34014	152272
L	12968	250	*	*	*	*	*	722795	*
H	12968	250	98.8	+	0	0	250M	18561	722795
L	15110	250	*	*	*	*	*	3840972	*
H	15110	250	100.0	+	0	0	250M	14500	3840972
L	16610	250	*	*	*	*	*	4323865	*
H	16610	250	99.6	+	0	0	250M	14357	4323865
L	6944	250	*	*	*	*	*	217963	*
H	6944	250	99.6	+	0	0	250M	14345	217963
L	17470	250	*	*	*	*	*	4365803	*
H	17470	250	99.2	+	0	0	55MI175MI18M2D	14342	4365803
L	10413	250	*	*	*	*	*	13958	*
H	10413	250	99.6	+	0	0	112MI130MD7M	13957	13958
L	3757	250	*	*	*	*	*	470692	*
H	3757	250	99.6	+	0	0	250M	13811	470692
L	5556	250	*	*	*	*	*	299252	*
H	5556	250	99.6	+	0	0	250M	13568	299252
L	10442	250	*	*	*	*	*	13469	*
H	10442	250	99.6	+	0	0	250M	13467	13469
L	6315	250	*	*	*	*	*	261255	*
H	6315	250	99.2	+	0	0	250M	12703	261255
L	9514	250	*	*	*	*	*	100818	*
H	9514	250	98.8	+	0	0	250M	11254	100818
L	6335	250	*	*	*	*	*	260570	*
H	6335	250	100.0	+	0	0	250M	10618	260570
L	6653	250	*	*	*	*	*	242005	*
H	6653	250	99.6	+	0	0	250M	9870	242005
L	15241	250	*	*	*	*	*	1134168	*
H	15241	250	98.8	+	0	0	250M	9503	1134168
L	8481	250	*	*	*	*	*	160095	*
H	8481	250	99.6	+	0	0	250M	9155	160095
L	10753	250	*	*	*	*	*	8007	*
H	10753	250	94.8	+	0	0	250M	8006	8007
L	10754	250	*	*	*	*	*	8001	*
H	10754	250	94.8	+	0	0	250M	8002	8001
L	6754	250	*	*	*	*	*	236913	*
H	6754	250	95.6	+	0	0	250M	7999	236913
L	10757	250	*	*	*	*	*	7984	*
H	10757	250	94.4	+	0	0	154MD95MI	7983	7984
L	5319	250	*	*	*	*	*	310885	*
H	5319	250	99.6	+	0	0	74MD175MI	7538	310885
L	10798	250	*	*	*	*	*	7344	*
H	10798	250	100.0	+	0	0	250M	7346	7344
L	16572	250	*	*	*	*	*	4322574	*
H	16572	250	99.2	+	0	0	250M	7052	4322574
L	10163	250	*	*	*	*	*	29792	*
H	10163	250	96.8	+	0	0	250M	6648	29792
L	9873	250	*	*	*	*	*	69463	*
H	9873	250	99.2	+	0	0	250M	6602	69463
L	10822	250	*	*	*	*	*	6359	*
H	10822	250	99.2	+	0	0	250M	6357	6359
L	10900	250	*	*	*	*	*	4157	*
H	10900	250	99.6	+	0	0	250M	4151	4157
L	9656	250	*	*	*	*	*	88563	*
H	9656	250	98.8	+	0	0	2D248M2I	4145	88563
L	10904	250	*	*	*	*	*	4082	*
H	10904	250	98.8	+	0	0	250M	4043	4082
L	10947	250	*	*	*	*	*	2421	*
H	10947	250	98.0	+	0	0	250M	2419	2421
L	14160	250	*	*	*	*	*	1139304	*
H	14160	250	98.4	+	0	0	250M	2358	1139304
L	18247	250	*	*	*	*	*	4403542	*
H	18247	250	99.2	+	0	0	60MD189MI	661252	4403542
L	4654	250	*	*	*	*	*	350932	*
H	4654	250	98.8	+	0	0	250M	609314	350932
L	10410	250	*	*	*	*	*	13973	*
H	10410	250	100.0	+	0	0	250M	1114941	13973
L	14	250	*	*	*	*	*	1110347	*
H	14	250	100.0	+	0	0	250M	812541	1110347
L	11025	250	*	*	*	*	*	1521261	*
H	11025	250	100.0	+	0	0	250M	1135992	1521261
L	8892	250	*	*	*	*	*	141505	*
H	8892	250	95.2	+	0	0	87MD162MI	1679577	141505
L	14620	250	*	*	*	*	*	986748	*
H	14620	250	98.8	+	0	0	250M	1138192	986748
H	6944	250	100.0	+	0	0	250M	1730876	217963
L	10014	250	*	*	*	*	*	49602	*
H	10014	250	99.6	+	0	0	250M	1732510	49602
L	12310	250	*	*	*	*	*	2225714	*
H	12310	250	100.0	+	0	0	250M	638076	2225714
L	2187	250	*	*	*	*	*	572208	*
H	2187	250	100.0	+	0	0	250M	1754342	572208
L	7103	250	*	*	*	*	*	200455	*
H	7103	250	98.0	+	0	0	250M	1123630	200455
L	15458	250	*	*	*	*	*	4039231	*
H	15458	250	100.0	+	0	0	250M	1144850	4039231
L	13012	250	*	*	*	*	*	2609596	*
H	13012	250	100.0	+	0	0	250M	1136078	2609596
L	12737	250	*	*	*	*	*	2466305	*
H	12737	250	99.6	+	0	0	250M	786876	2466305
H	9131	250	99.2	+	0	0	250M	1940173	124373
L	17684	250	*	*	*	*	*	4375314	*
H	17684	250	96.8	+	0	0	250M	2000712	4375314
L	17361	250	*	*	*	*	*	656881	*
H	17361	250	100.0	+	0	0	250M	2072645	656881
L	10790	250	*	*	*	*	*	7452	*
H	10790	250	98.8	+	0	0	250M	827000	7452
L	12638	250	*	*	*	*	*	1130952	*
H	12638	250	100.0	+	0	0	250M	816056	1130952
L	11727	250	*	*	*	*	*	1134454	*
H	11727	250	100.0	+	0	0	250M	1143228	1134454
L	16687	250	*	*	*	*	*	4327604	*
H	16687	250	99.2	+	0	0	250M	1146274	4327604
L	16663	250	*	*	*	*	*	4326492	*
H	16663	250	98.4	+	0	0	2I248M2D	883317	4326492
L	10168	250	*	*	*	*	*	29530	*
H	10168	250	100.0	+	0	0	250M	1121753	29530
L	11945	250	*	*	*	*	*	762484	*
H	11945	250	100.0	+	0	0	250M	823067	762484
L	8073	250	*	*	*	*	*	175290	*
H	8073	250	99.6	+	0	0	250M	2246524	175290
H	15998	250	98.0	+	0	0	250M	820145	4297918
L	7465	250	*	*	*	*	*	190593	*
H	7465	250	100.0	+	0	0	250M	935427	190593
L	9613	250	*	*	*	*	*	92059	*
H	9613	250	98.0	+	0	0	75MI174MD	1110005	92059
L	18439	250	*	*	*	*	*	4413215	*
H	18439	250	100.0	+	0	0	250M	2358596	4413215
L	7028	250	*	*	*	*	*	208944	*
H	7028	250	99.6	+	0	0	250M	1124170	208944
L	15229	250	*	*	*	*	*	1137224	*
H	15229	250	98.4	+	0	0	250M	2410835	1137224
H	7465	250	100.0	+	0	0	250M	2415182	190593
L	825	250	*	*	*	*	*	924910	*
H	825	250	95.2	+	0	0	106MI143MD	1014594	924910
L	1572	250	*	*	*	*	*	707350	*
H	1572	250	100.0	+	0	0	250M	2418901	707350
L	9301	250	*	*	*	*	*	108433	*
H	9301	250	98.0	+	0	0	250M	1112913	108433
L	18075	250	*	*	*	*	*	4393532	*
H	18075	250	96.8	+	0	0	250M	849361	4393532
L	1798	250	*	*	*	*	*	593219	*
H	1798	250	99.2	+	0	0	217MD32MI	788108	593219
L	10224	250	*	*	*	*	*	23551	*
H	10224	250	100.0	+	0	0	250M	1143466	23551
L	17935	250	*	*	*	*	*	4386967	*
H	17935	250	99.2	+	0	0	250M	2525775	4386967
L	5279	250	*	*	*	*	*	312551	*
H	5279	250	100.0	+	0	0	250M	2529283	312551
L	11886	250	*	*	*	*	*	2000707	*
H	11886	250	100.0	+	0	0	250M	2534140	2000707
L	12892	250	*	*	*	*	*	1009998	*
H	12892	250	99.2	+	0	0	250M	864496	1009998
L	2473	250	*	*	*	*	*	556569	*
H	2473	250	100.0	+	0	0	250M	844567	556569
L	2161	250	*	*	*	*	*	574493	*
H	2161	250	99.6	+	0	0	250M	2562098	574493
L	13992	250	*	*	*	*	*	739167	*
H	13992	250	99.6	+	0	0	250M	814799	739167
L	6191	250	*	*	*	*	*	266579	*
H	6191	250	97.6	+	0	0	250M	1110313	266579
L	8676	250	*	*	*	*	*	151083	*
H	8676	250	100.0	+	0	0	250M	2674082	151083
L	4856	250	*	*	*	*	*	340077	*
H	4856	250	100.0	+	0	0	250M	1131267	340077
L	6845	250	*	*	*	*	*	226789	*
H	6845	250	100.0	+	0	0	250M	2743675	226789
L	10332	250	*	*	*	*	*	15281	*
H	10332	250	99.6	+	0	0	250M	2749362	15281
L	9986	250	*	*	*	*	*	52175	*
H	9986	250	99.6	+	0	0	232MI17MD	669038	52175
L	10874	250	*	*	*	*	*	4632	*
H	10874	250	100.0	+	0	0	250M	1120577	4632
L	6781	250	*	*	*	*	*	234790	*
H	6781	250	95.6	+	0	0	250M	812557	234790
L	6000	250	*	*	*	*	*	274900	*
H	6000	250	99.6	+	0	0	250M	1128017	274900
L	13113	250	*	*	*	*	*	718656	*
H	13113	250	99.6	+	0	0	250M	1140240	718656
L	2268	250	*	*	*	*	*	567854	*
H	2268	250	99.2	+	0	0	250M	1127719	567854
L	19673	250	*	*	*	*	*	4472456	*
H	19673	250	99.2	+	0	0	250M	1105864	4472456
L	2381	250	*	*	*	*	*	561718	*
H	2381	250	91.2	+	0	0	45MD62M2D10MD11MD25MD14M2D47M2D26M10I	3015665	561718
L	10313	250	*	*	*	*	*	15716	*
H	10313	250	98.8	+	0	0	106MI59MD84M	3018527	15716
L	761	250	*	*	*	*	*	940737	*
H	761	250	99.2	+	0	0	250M	1137566	940737
L	18728	250	*	*	*	*	*	4427543	*
H	18728	250	99.2	+	0	0	250M	1138034	4427543
L	1870	250	*	*	*	*	*	589163	*
H	1870	250	100.0	+	0	0	250M	3119708	589163
L	4940	250	*	*	*	*	*	335039	*
H	4940	250	98.8	+	0	0	250M	824748	335039
L	5472	250	*	*	*	*	*	302106	*
H	5472	250	99.2	+	0	0	250M	1120396	302106
L	4324	250	*	*	*	*	*	363685	*
H	4324	250	100.0	+	0	0	250M	3142482	363685
L	14854	250	*	*	*	*	*	1126217	*
H	14854	250	98.0	+	0	0	D110MD138M2I	3210709	1126217
L	12796	250	*	*	*	*	*	2494386	*
H	12796	250	97.6	+	0	0	250M	1105625	2494386
L	2708	250	*	*	*	*	*	542840	*
H	2708	250	100.0	+	0	0	250M	3294958	542840
L	9305	250	*	*	*	*	*	108296	*
H	9305	250	98.8	+	0	0	250M	718624	108296
L	16076	250	*	*	*	*	*	4301398	*
H	16076	250	100.0	+	0	0	250M	1110646	4301398
L	10173	250	*	*	*	*	*	28994	*
H	10173	250	100.0	+	0	0	250M	1135946	28994
L	11074	250	*	*	*	*	*	729672	*
H	11074	250	99.2	+	0	0	250M	658160	729672
L	14282	250	*	*	*	*	*	3363021	*
H	14282	250	100.0	+	0	0	250M	1113317	3363021
L	6869	250	*	*	*	*	*	224717	*
H	6869	250	97.2	+	0	0	D24MD18MD23MD181M4I	3521424	224717
L	11966	250	*	*	*	*	*	658717	*
H	11966	250	100.0	+	0	0	250M	767448	658717
L	17633	250	*	*	*	*	*	4372619	*
H	17633	250	92.0	+	0	0	81M2I167M2D	3521835	4372619
L	7632	250	*	*	*	*	*	186374	*
H	7632	250	98.8	+	0	0	209MI40MD	3562528	186374
L	2816	250	*	*	*	*	*	535678	*
H	2816	250	99.2	+	0	0	250M	821185	535678
L	12836	250	*	*	*	*	*	2520161	*
H	12836	250	100.0	+	0	0	250M	3617607	2520161
L	9367	250	*	*	*	*	*	106270	*
H	9367	250	100.0	+	0	0	250M	3652470	106270
L	10680	250	*	*	*	*	*	9402	*
H	10680	250	96.0	+	0	0	30MD219MI	3664773	9402
L	10568	250	*	*	*	*	*	11445	*
H	10568	250	100.0	+	0	0	250M	972677	11445
L	14369	250	*	*	*	*	*	1124779	*
H	14369	250	98.8	+	0	0	250M	808058	1124779
L	15000	250	*	*	*	*	*	1142562	*
H	15000	250	100.0	+	0	0	250M	858495	1142562
L	8597	250	*	*	*	*	*	155218	*
H	8597	250	100.0	+	0	0	250M	3714687	155218
L	8424	250	*	*	*	*	*	162292	*
H	8424	250	100.0	+	0	0	250M	835202	162292
L	6562	250	*	*	*	*	*	247538	*
H	6562	250	100.0	+	0	0	250M	1123953	247538
L	13044	250	*	*	*	*	*	1115614	*
H	13044	250	100.0	+	0	0	250M	3754064	1115614
H	7465	250	100.0	+	0	0	250M	1130836	190593
L	7859	250	*	*	*	*	*	181039	*
H	7859	250	100.0	+	0	0	250M	1118267	181039
L	2668	250	*	*	*	*	*	545511	*
H	2668	250	99.6	+	0	0	250M	3789443	545511
L	1499	250	*	*	*	*	*	747680	*
H	1499	250	100.0	+	0	0	250M	3942007	747680
L	9688	250	*	*	*	*	*	84660	*
H	9688	250	100.0	+	0	0	250M	851870	84660
L	10352	250	*	*	*	*	*	14949	*
H	10352	250	99.6	+	0	0	250M	1146678	14949
H	8655	250	99.6	+	0	0	250M	4111377	152272
L	11557	250	*	*	*	*	*	798653	*
H	11557	250	100.0	+	0	0	250M	1132028	798653
L	2328	250	*	*	*	*	*	564762	*
H	2328	250	99.6	+	0	0	250M	4127464	564762
L	2519	250	*	*	*	*	*	554249	*
H	2519	250	99.6	+	0	0	250M	4135570	554249
L	1729	250	*	*	*	*	*	629172	*
H	1729	250	97.2	+	0	0	10MD26MD8MD7MD45MD34MD114M6I	4193312	629172
L	14436	250	*	*	*	*	*	878771	*
H	14436	250	99.2	+	0	0	250M	616188	878771
L	19203	250	*	*	*	*	*	4450487	*
H	19203	250	100.0	+	0	0	250M	4297407	4450487
L	13472	250	*	*	*	*	*	2894263	*
H	13472	250	98.8	+	0	0	250M	4298637	2894263
L	17662	250	*	*	*	*	*	4374397	*
H	17662	250	100.0	+	0	0	250M	4302971	4374397
L	18206	250	*	*	*	*	*	4400789	*
H	18206	250	98.4	+	0	0	59MI48MI41MD100MD	4310739	4400789
L	18300	250	*	*	*	*	*	4406481	*
H	18300	250	99.2	+	0	0	206MD43MI	4313865	4406481
L	16165	250	*	*	*	*	*	4305312	*
H	16165	250	100.0	+	0	0	250M	4314049	4305312
L	18737	250	*	*	*	*	*	4427988	*
H	18737	250	100.0	+	0	0	250M	4314052	4427988
L	8928	250	*	*	*	*	*	140864	*
H	8928	250	99.6	+	0	0	250M	4315642	140864
L	5453	250	*	*	*	*	*	302844	*
H	5453	250	99.6	+	0	0	250M	4315688	302844
L	17313	250	*	*	*	*	*	4358387	*
H	17313	250	100.0	+	0	0	250M	4324466	4358387
L	2778	250	*	*	*	*	*	538304	*
H	2778	250	98.4	+	0	0	250M	4327628	538304
L	10635	250	*	*	*	*	*	10042	*
H	10635	250	92.8	+	0	0	209MD24M3I14M2D	4330018	10042
L	14535	250	*	*	*	*	*	1134736	*
H	14535	250	100.0	+	0	0	250M	4339353	1134736
L	11744	250	*	*	*	*	*	1915449	*
H	11744	250	99.6	+	0	0	250M	4347599	1915449
L	2088	250	*	*	*	*	*	578145	*
H	2088	250	99.6	+	0	0	250M	4350245	578145
H	7077	250	100.0	+	0	0	250M	4352015	203409
L	11612	250	*	*	*	*	*	1141121	*
H	11612	250	98.4	+	0	0	250M	4356801	1141121
L	13976	250	*	*	*	*	*	1145405	*
H	13976	250	96.8	+	0	0	250M	4356823	1145405
L	10472	250	*	*	*	*	*	12852	*
H	10472	250	99.6	+	0	0	250M	4357504	12852
L	6424	250	*	*	*	*	*	256632	*
H	6424	250	96.8	+	0	0	74MI175MD	4358096	256632
L	8687	250	*	*	*	*	*	150451	*
H	8687	250	100.0	+	0	0	250M	4359317	150451
L	14148	250	*	*	*	*	*	3286983	*
H	14148	250	99.6	+	0	0	250M	4359604	3286983
H	2595	250	100.0	+	0	0	250M	4365543	550332
L	13306	250	*	*	*	*	*	2801348	*
H	13306	250	100.0	+	0	0	250M	4369090	2801348
L	6940	250	*	*	*	*	*	218095	*
H	6940	250	99.6	+	0	0	250M	4369464	218095
L	6621	250	*	*	*	*	*	244137	*
H	6621	250	100.0	+	0	0	250M	4370726	244137
L	17643	250	*	*	*	*	*	4373638	*
H	17643	250	98.0	+	0	0	43MD206MI	4373641	4373638
L	1801	250	*	*	*	*	*	593155	*
H	1801	250	99.2	+	0	0	228MI21MD	4377922	593155
L	2538	250	*	*	*	*	*	553111	*
H	2538	250	98.4	+	0	0	250M	4381192	553111
L	13838	250	*	*	*	*	*	695831	*
H	13838	250	100.0	+	0	0	250M	4381970	695831
L	3626	250	*	*	*	*	*	512232	*
H	3626	250	100.0	+	0	0	250M	4383129	512232
L	1427	250	*	*	*	*	*	783913	*
H	1427	250	94.4	+	0	0	40M14I196M14D	4386421	783913
L	10004	250	*	*	*	*	*	50758	*
H	10004	250	98.8	+	0	0	250M	4393370	50758
L	1508	250	*	*	*	*	*	744028	*
H	1508	250	99.2	+	0	0	250M	4399051	744028
L	1471	250	*	*	*	*	*	762393	*
H	1471	250	98.8	+	0	0	250M	4401203	762393
L	15806	250	*	*	*	*	*	4238525	*
H	15806	250	92.8	+	0	0	250M	4402797	4238525
H	7251	250	100.0	+	0	0	250M	4408009	195877
H	7077	250	100.0	+	0	0	250M	4414015	203409
L	18166	250	*	*	*	*	*	4398600	*
H	18166	250	100.0	+	0	0	250M	4416544	4398600
L	6093	250	*	*	*	*	*	270893	*
H	6093	250	99.6	+	0	0	250M	4417874	270893
L	8654	250	*	*	*	*	*	152349	*
H	8654	250	99.6	+	0	0	250M	4418393	152349
L	2608	250	*	*	*	*	*	549645	*
H	2608	250	100.0	+	0	0	250M	4422394	549645
L	17683	250	*	*	*	*	*	4375305	*
H	17683	250	94.8	+	0	0	185M3I62M3D	4423778	4375305
L	8395	250	*	*	*	*	*	163757	*
H	8395	250	98.8	+	0	0	250M	4426338	163757
L	15980	250	*	*	*	*	*	4296749	*
H	15980	250	99.6	+	0	0	250M	4429771	4296749
L	17990	250	*	*	*	*	*	4389347	*
H	17990	250	100.0	+	0	0	250M	4430475	4389347
L	6716	250	*	*	*	*	*	238532	*
H	6716	250	100.0	+	0	0	250M	4431592	238532
L	11992	250	*	*	*	*	*	2061548	*
H	11992	250	100.0	+	0	0	250M	4435876	2061548
L	19053	250	*	*	*	*	*	4443034	*
H	19053	250	99.6	+	0	0	36MI213MD	4443032	4443034
L	13444	250	*	*	*	*	*	2874960	*
H	13444	250	100.0	+	0	0	250M	4446436	2874960
L	12545	250	*	*	*	*	*	635820	*
H	12545	250	100.0	+	0	0	250M	4446961	635820
L	5131	250	*	*	*	*	*	322435	*
H	5131	250	100.0	+	0	0	250M	4447011	322435
L	14182	250	*	*	*	*	*	794941	*
H	14182	250	98.4	+	0	0	250M	4447514	794941
L	1483	250	*	*	*	*	*	755776	*
H	1483	250	97.6	+	0	0	250M	4451543	755776
H	14	250	100.0	+	0	0	250M	4456186	1110347
L	10281	250	*	*	*	*	*	16117	*
H	10281	250	96.0	+	0	0	175MD51MD22M2I	610967	16117
L	10136	250	*	*	*	*	*	33515	*
H	10136	250	98.4	+	0	0	250M	4458861	33515
H	7465	250	100.0	+	0	0	250M	4458934	190593
L	19749	250	*	*	*	*	*	4475367	*
H	19749	250	100.0	+	0	0	250M	4466885	4475367
L	13707	250	*	*	*	*	*	3044644	*
H	13707	250	99.2	+	0	0	209MD40MI	4467747	3044644
L	9218	250	*	*	*	*	*	111886	*
H	9218	250	99.2	+	0	0	250M	4472467	111886
L	13308	250	*	*	*	*	*	656443	*
H	13308	250	98.4	+	0	0	250M	4473994	656443
L	16432	250	*	*	*	*	*	4317240	*
H	16432	250	96.0	+	0	0	D104MD144M2I	4482078	4317240
L	19968	250	*	*	*	*	*	805106	*
H	19968	250	97.2	+	0	0	250M	777733	805106
L	19990	250	*	*	*	*	*	578012	*
H	19990	250	99.6	+	0	0	243MI6MD	611626	578012
L	20153	250	*	*	*	*	*	755	*
H	20153	250	98.4	+	0	0	250M	577361	755
L	20286	250	*	*	*	*	*	4417438	*
H	20286	250	99.6	+	0	0	250M	559851	4417438
L	20042	250	*	*	*	*	*	202851	*
H	20042	250	99.2	+	0	0	250M	542454	202851
L	20111	250	*	*	*	*	*	71074	*
H	20111	250	99.6	+	0	0	250M	256858	71074
L	20113	250	*	*	*	*	*	64372	*
H	20113	250	99.6	+	0	0	250M	239922	64372
L	20107	250	*	*	*	*	*	83240	*
H	20107	250	98.4	+	0	0	21MD33MD29MD164M3I	197313	83240
L	20243	250	*	*	*	*	*	765291	*
H	20243	250	97.6	+	0	0	224MI25MD	196412	765291
L	20051	250	*	*	*	*	*	157384	*
H	20051	250	100.0	+	0	0	250M	157535	157384
L	20000	250	*	*	*	*	*	556561	*
H	20000	250	100.0	+	0	0	250M	101071	556561
L	20019	250	*	*	*	*	*	360281	*
H	20019	250	97.2	+	0	0	250M	17995	360281
L	20248	250	*	*	*	*	*	816730	*
H	20248	250	100.0	+	0	0	250M	981	816730
L	19989	250	*	*	*	*	*	582639	*
H	19989	250	99.6	+	0	0	250M	4448464	582639
D	14	3	*	*	*	*	100.0	1110347	*
D	761	2	*	*	*	*	99.2	940737	*
D	825	2	*	*	*	*	95.2	924910	*
D	1110	2	*	*	*	*	100.0	859928	*
D	1396	2	*	*	*	*	98.0	802727	*
D	1427	2	*	*	*	*	94.4	783913	*
D	1471	2	*	*	*	*	98.8	762393	*
D	1476	2	*	*	*	*	100.0	758208	*
D	1483	2	*	*	*	*	97.6	755776	*
D	1499	2	*	*	*	*	100.0	747680	*
D	1508	2	*	*	*	*	99.2	744028	*
D	1572	2	*	*	*	*	100.0	707350	*
D	1581	2	*	*	*	*	99.2	701761	*
D	1589	2	*	*	*	*	100.0	700699	*
D	1618	2	*	*	*	*	100.0	687996	*
D	1729	2	*	*	*	*	97.2	629172	*
D	1764	2	*	*	*	*	96.8	609925	*
D	1766	2	*	*	*	*	98.0	609470	*
D	1769	2	*	*	*	*	100.0	608506	*
D	1798	2	*	*	*	*	99.2	593219	*
D	1801	2	*	*	*	*	99.2	593155	*
D	1870	2	*	*	*	*	100.0	589163	*
D	2088	2	*	*	*	*	99.6	578145	*
D	2156	2	*	*	*	*	99.2	574818	*
D	2161	2	*	*	*	*	99.6	574493	*
D	2187	2	*	*	*	*	100.0	572208	*
D	2260	2	*	*	*	*	100.0	568228	*
D	2268	2	*	*	*	*	99.2	567854	*
D	2302	2	*	*	*	*	99.2	566103	*
D	2328	2	*	*	*	*	99.6	564762	*
D	2381	2	*	*	*	*	91.2	561718	*
D	2429	2	*	*	*	*	98.0	559216	*
D	2473	2	*	*	*	*	100.0	556569	*
D	2478	2	*	*	*	*	90.8	556315	*
D	2492	2	*	*	*	*	99.6	555742	*
D	2519	2	*	*	*	*	99.6	554249	*
D	2538	2	*	*	*	*	98.4	553111	*
D	2595	3	*	*	*	*	100.0	550332	*
D	2608	2	*	*	*	*	100.0	549645	*
D	2668	2	*	*	*	*	99.6	545511	*
D	2673	2	*	*	*	*	100.0	544868	*
D	2708	2	*	*	*	*	100.0	542840	*
D	2778	2	*	*	*	*	98.4	538304	*
D	2782	2	*	*	*	*	100.0	537867	*
D	2802	2	*	*	*	*	100.0	536659	*
D	2816	2	*	*	*	*	99.2	535678	*
D	3444	2	*	*	*	*	99.6	517531	*
D	3626	2	*	*	*	*	100.0	512232	*
D	3723	2	*	*	*	*	97.6	499955	*
D	3745	2	*	*	*	*	98.8	484444	*
D	3757	2	*	*	*	*	99.6	470692	*
D	3775	2	*	*	*	*	96.8	465367	*
D	4036	2	*	*	*	*	99.6	391286	*
D	4324	2	*	*	*	*	100.0	363685	*
D	4468	2	*	*	*	*	99.6	359796	*
D	4654	2	*	*	*	*	98.8	350932	*
D	4668	2	*	*	*	*	96.8	350049	*
D	4856	2	*	*	*	*	100.0	340077	*
D	4897	2	*	*	*	*	94.4	338150	*
D	4940	2	*	*	*	*	98.8	335039	*
D	5001	2	*	*	*	*	100.0	330933	*
D	5066	2	*	*	*	*	98.8	326518	*
D	5092	2	*	*	*	*	100.0	325282	*
D	5104	2	*	*	*	*	99.6	324220	*
D	5121	2	*	*	*	*	99.6	323182	*
D	5131	2	*	*	*	*	100.0	322435	*
D	5206	2	*	*	*	*	99.2	317249	*
D	5279	2	*	*	*	*	100.0	312551	*
D	5319	2	*	*	*	*	99.6	310885	*
D	5419	2	*	*	*	*	100.0	304523	*
D	5424	2	*	*	*	*	99.6	304309	*
D	5427	2	*	*	*	*	100.0	304077	*
D	5452	2	*	*	*	*	97.2	302906	*
D	5453	2	*	*	*	*	99.6	302844	*
D	5472	2	*	*	*	*	99.2	302106	*
D	5499	2	*	*	*	*	97.2	301131	*
D	5556	2	*	*	*	*	99.6	299252	*
D	5561	2	*	*	*	*	100.0	299075	*
D	5580	2	*	*	*	*	98.4	297719	*
D	5622	2	*	*	*	*	100.0	296166	*
D	5659	2	*	*	*	*	99.2	294750	*
D	5712	2	*	*	*	*	98.4	292404	*
D	5727	2	*	*	*	*	100.0	291811	*
D	5848	2	*	*	*	*	99.6	286874	*
D	5856	2	*	*	*	*	99.6	286210	*
D	5866	2	*	*	*	*	100.0	285544	*
D	6000	2	*	*	*	*	99.6	274900	*
D	6014	2	*	*	*	*	98.0	274316	*
D	6058	2	*	*	*	*	99.2	272583	*
D	6085	2	*	*	*	*	99.6	271158	*
D	6093	2	*	*	*	*	99.6	270893	*
D	6191	2	*	*	*	*	97.6	266579	*
D	6193	2	*	*	*	*	100.0	266440	*
D	6286	2	*	*	*	*	100.0	262377	*
D	6315	2	*	*	*	*	99.2	261255	*
D	6320	2	*	*	*	*	98.8	261023	*
D	6335	2	*	*	*	*	100.0	260570	*
D	6424	2	*	*	*	*	96.8	256632	*
D	6520	2	*	*	*	*	98.4	250238	*
D	6562	2	*	*	*	*	100.0	247538	*
D	6621	2	*	*	*	*	100.0	244137	*
D	6653	2	*	*	*	*	99.6	242005	*
D	6716	2	*	*	*	*	100.0	238532	*
D	6747	2	*	*	*	*	100.0	237265	*
D	6754	2	*	*	*	*	95.6	236913	*
D	6781	2	*	*	*	*	95.6	234790	*
D	6845	2	*	*	*	*	100.0	226789	*
D	6869	2	*	*	*	*	97.2	224717	*
D	6915	2	*	*	*	*	99.6	220173	*
D	6940	2	*	*	*	*	99.6	218095	*
D	6944	3	*	*	*	*	99.8	217963	*
D	7026	2	*	*	*	*	98.8	209237	*
D	7028	2	*	*	*	*	99.6	208944	*
D	7062	2	*	*	*	*	97.6	205365	*
D	7075	2	*	*	*	*	99.2	203699	*
D	7077	4	*	*	*	*	100.0	203409	*
D	7103	2	*	*	*	*	98.0	200455	*
D	7159	2	*	*	*	*	97.2	198485	*
D	7251	3	*	*	*	*	99.8	195877	*
D	7367	2	*	*	*	*	94.8	193014	*
D	7465	5	*	*	*	*	100.0	190593	*
D	7632	2	*	*	*	*	98.8	186374	*
D	7680	2	*	*	*	*	100.0	185454	*
D	7804	2	*	*	*	*	100.0	182342	*
D	7859	2	*	*	*	*	100.0	181039	*
D	7866	2	*	*	*	*	100.0	180845	*
D	8073	2	*	*	*	*	99.6	175290	*
D	8329	2	*	*	*	*	100.0	165589	*
D	8395	2	*	*	*	*	98.8	163757	*
D	8412	2	*	*	*	*	92.0	162886	*
D	8424	2	*	*	*	*	100.0	162292	*
D	8481	2	*	*	*	*	99.6	160095	*
D	8548	2	*	*	*	*	99.6	157671	*
D	8597	2	*	*	*	*	100.0	155218	*
D	8654	2	*	*	*	*	99.6	152349	*
D	8655	3	*	*	*	*	99.8	152272	*
D	8676	2	*	*	*	*	100.0	151083	*
D	8687	2	*	*	*	*	100.0	150451	*
D	8750	2	*	*	*	*	94.0	147523	*
D	8806	2	*	*	*	*	96.0	144473	*
D	8892	2	*	*	*	*	95.2	141505	*
D	8928	2	*	*	*	*	99.6	140864	*
D	8974	2	*	*	*	*	100.0	138779	*
D	9011	2	*	*	*	*	99.6	136980	*
D	9043	2	*	*	*	*	97.2	135960	*
D	9131	3	*	*	*	*	99.6	124373	*
D	9198	2	*	*	*	*	100.0	113733	*
D	9213	2	*	*	*	*	99.6	112236	*
D	9216	2	*	*	*	*	98.8	111946	*
D	9218	2	*	*	*	*	99.2	111886	*
D	9246	2	*	*	*	*	99.2	110881	*
D	9301	2	*	*	*	*	98.0	108433	*
D	9305	2	*	*	*	*	98.8	108296	*
D	9331	2	*	*	*	*	98.0	107235	*
D	9367	2	*	*	*	*	100.0	106270	*
D	9467	2	*	*	*	*	99.6	102566	*
D	9514	2	*	*	*	*	98.8	100818	*
D	9613	2	*	*	*	*	98.0	92059	*
D	9656	2	*	*	*	*	98.8	88563	*
D	9688	2	*	*	*	*	100.0	84660	*
D	9716	2	*	*	*	*	99.6	81641	*
D	9730	2	*	*	*	*	98.0	81059	*
D	9787	2	*	*	*	*	98.8	74170	*
D	9848	2	*	*	*	*	99.6	70728	*
D	9865	2	*	*	*	*	99.6	70276	*
D	9873	2	*	*	*	*	99.2	69463	*
D	9883	2	*	*	*	*	100.0	67520	*
D	9904	2	*	*	*	*	97.6	63957	*
D	9911	2	*	*	*	*	99.2	63190	*
D	9934	2	*	*	*	*	100.0	59721	*
D	9986	2	*	*	*	*	99.6	52175	*
D	10004	2	*	*	*	*	98.8	50758	*
D	10014	2	*	*	*	*	99.6	49602	*
D	10076	2	*	*	*	*	98.4	40839	*
D	10092	2	*	*	*	*	99.2	39395	*
D	10136	2	*	*	*	*	98.4	33515	*
D	10158	2	*	*	*	*	96.4	30112	*
D	10163	2	*	*	*	*	96.8	29792	*
D	10168	2	*	*	*	*	100.0	29530	*
D	10173	2	*	*	*	*	100.0	28994	*
D	10211	2	*	*	*	*	100.0	25325	*
D	10224	2	*	*	*	*	100.0	23551	*
D	10265	2	*	*	*	*	99.6	17380	*
D	10281	2	*	*	*	*	96.0	16117	*
D	10313	2	*	*	*	*	98.8	15716	*
D	10332	2	*	*	*	*	99.6	15281	*
D	10340	2	*	*	*	*	99.6	15094	*
D	10345	2	*	*	*	*	100.0	14997	*
D	10352	2	*	*	*	*	99.6	14949	*
D	10387	2	*	*	*	*	99.6	14400	*
D	10408	2	*	*	*	*	100.0	14111	*
D	10410	2	*	*	*	*	100.0	13973	*
D	10413	2	*	*	*	*	99.6	13958	*
D	10414	2	*	*	*	*	98.8	13953	*
D	10442	2	*	*	*	*	99.6	13469	*
D	10472	2	*	*	*	*	99.6	12852	*
D	10521	2	*	*	*	*	99.2	12187	*
D	10568	2	*	*	*	*	100.0	11445	*
D	10578	2	*	*	*	*	99.6	11197	*
D	10630	2	*	*	*	*	100.0	10256	*
D	10635	2	*	*	*	*	92.8	10042	*
D	10680	2	*	*	*	*	96.0	9402	*
D	10696	2	*	*	*	*	98.4	9104	*
D	10715	2	*	*	*	*	100.0	8823	*
D	10753	2	*	*	*	*	94.8	8007	*
D	10754	2	*	*	*	*	94.8	8001	*
D	10757	2	*	*	*	*	94.4	7984	*
D	10767	2	*	*	*	*	99.6	7897	*
D	10768	2	*	*	*	*	99.6	7849	*
D	10790	2	*	*	*	*	98.8	7452	*
D	10798	2	*	*	*	*	100.0	7344	*
D	10813	2	*	*	*	*	99.2	6825	*
D	10822	2	*	*	*	*	99.2	6359	*
D	10855	2	*	*	*	*	100.0	5518	*
D	10874	2	*	*	*	*	100.0	4632	*
D	10887	2	*	*	*	*	97.6	4469	*
D	10900	2	*	*	*	*	99.6	4157	*
D	10904	2	*	*	*	*	98.8	4082	*
D	10947	2	*	*	*	*	98.0	2421	*
D	11025	2	*	*	*	*	100.0	1521261	*
D	11055	2	*	*	*	*	100.0	1140324	*
D	11074	2	*	*	*	*	99.2	729672	*
D	11185	2	*	*	*	*	99.6	1614788	*
D	11557	2	*	*	*	*	100.0	798653	*
D	11610	2	*	*	*	*	99.2	1834072	*
D	11612	2	*	*	*	*	98.4	1141121	*
D	11638	2	*	*	*	*	100.0	1855583	*
D	11727	2	*	*	*	*	100.0	1134454	*
D	11744	2	*	*	*	*	99.6	1915449	*
D	11768	2	*	*	*	*	98.4	1138081	*
D	11886	2	*	*	*	*	100.0	2000707	*
D	11945	2	*	*	*	*	100.0	762484	*
D	11960	2	*	*	*	*	100.0	2045262	*
D	11966	2	*	*	*	*	100.0	658717	*
D	11992	2	*	*	*	*	100.0	2061548	*
D	12251	2	*	*	*	*	98.0	2195976	*
D	12298	2	*	*	*	*	98.8	758064	*
D	12310	2	*	*	*	*	100.0	2225714	*
D	12357	2	*	*	*	*	97.6	2248535	*
D	12368	2	*	*	*	*	97.2	2254358	*
D	12545	2	*	*	*	*	100.0	635820	*
D	12546	2	*	*	*	*	99.2	2350258	*
D	12638	2	*	*	*	*	100.0	1130952	*
D	12728	2	*	*	*	*	98.4	2462171	*
D	12737	2	*	*	*	*	99.6	2466305	*
D	12796	2	*	*	*	*	97.6	2494386	*
D	12836	2	*	*	*	*	100.0	2520161	*
D	12851	2	*	*	*	*	99.6	816529	*
D	12875	2	*	*	*	*	99.6	751699	*
D	12892	2	*	*	*	*	99.2	1009998	*
D	12949	2	*	*	*	*	98.4	2566741	*
D	12965	2	*	*	*	*	98.8	809850	*
D	12968	2	*	*	*	*	98.8	722795	*
D	12995	2	*	*	*	*	99.6	1126112	*
D	13012	2	*	*	*	*	100.0	2609596	*
D	13039	2	*	*	*	*	96.8	2633341	*
D	13044	2	*	*	*	*	100.0	1115614	*
D	13113	2	*	*	*	*	99.6	718656	*
D	13130	2	*	*	*	*	95.6	822953	*
D	13288	2	*	*	*	*	99.2	369386	*
D	13306	2	*	*	*	*	100.0	2801348	*
D	13308	2	*	*	*	*	98.4	656443	*
D	13444	2	*	*	*	*	100.0	2874960	*
D	13472	2	*	*	*	*	98.8	2894263	*
D	13540	2	*	*	*	*	100.0	1086672	*
D	13641	2	*	*	*	*	100.0	1138363	*
D	13707	2	*	*	*	*	99.2	3044644	*
D	13721	2	*	*	*	*	98.8	3052746	*
D	13838	2	*	*	*	*	100.0	695831	*
D	13976	2	*	*	*	*	96.8	1145405	*
D	13992	2	*	*	*	*	99.6	739167	*
D	14148	2	*	*	*	*	99.6	3286983	*
D	14160	2	*	*	*	*	98.4	1139304	*
D	14182	2	*	*	*	*	98.4	794941	*
D	14220	2	*	*	*	*	99.2	3333609	*
D	14282	2	*	*	*	*	100.0	3363021	*
D	14369	2	*	*	*	*	98.8	1124779	*
D	14425	2	*	*	*	*	100.0	3448408	*
D	14436	2	*	*	*	*	99.2	878771	*
D	14535	2	*	*	*	*	100.0	1134736	*
D	14616	2	*	*	*	*	99.2	3557576	*
D	14620	2	*	*	*	*	98.8	986748	*
D	14762	2	*	*	*	*	99.6	3634180	*
D	14854	2	*	*	*	*	98.0	1126217	*
D	14855	2	*	*	*	*	100.0	1128237	*
D	14922	2	*	*	*	*	99.6	3719461	*
D	14923	2	*	*	*	*	100.0	625454	*
D	15000	2	*	*	*	*	100.0	1142562	*
D	15110	2	*	*	*	*	100.0	3840972	*
D	15178	2	*	*	*	*	98.0	3883854	*
D	15229	2	*	*	*	*	98.4	1137224	*
D	15241	2	*	*	*	*	98.8	1134168	*
D	15303	2	*	*	*	*	100.0	220541	*
D	15421	2	*	*	*	*	98.0	821905	*
D	15458	2	*	*	*	*	100.0	4039231	*
D	15537	2	*	*	*	*	98.0	1122041	*
D	15617	2	*	*	*	*	99.6	4127893	*
D	15798	2	*	*	*	*	100.0	1141542	*
D	15806	2	*	*	*	*	92.8	4238525	*
D	15980	2	*	*	*	*	99.6	4296749	*
D	15998	3	*	*	*	*	98.8	4297918	*
D	16076	2	*	*	*	*	100.0	4301398	*
D	16165	2	*	*	*	*	100.0	4305312	*
D	16296	2	*	*	*	*	97.6	4310398	*
D	16419	2	*	*	*	*	100.0	4316623	*
D	16432	2	*	*	*	*	96.0	4317240	*
D	16535	2	*	*	*	*	99.2	4321055	*
D	16572	2	*	*	*	*	99.2	4322574	*
D	16610	2	*	*	*	*	99.6	4323865	*
D	16663	2	*	*	*	*	98.4	4326492	*
D	16687	2	*	*	*	*	99.2	4327604	*
D	16702	2	*	*	*	*	100.0	4328299	*
D	17143	2	*	*	*	*	99.2	4350076	*
D	17313	2	*	*	*	*	100.0	4358387	*
D	17361	2	*	*	*	*	100.0	656881	*
D	17470	2	*	*	*	*	99.2	4365803	*
D	17633	2	*	*	*	*	92.0	4372619	*
D	17643	2	*	*	*	*	98.0	4373638	*
D	17662	2	*	*	*	*	100.0	4374397	*
D	17683	2	*	*	*	*	94.8	4375305	*
D	17684	2	*	*	*	*	96.8	4375314	*
D	17768	2	*	*	*	*	99.6	4379248	*
D	17796	2	*	*	*	*	97.6	4380427	*
D	17828	2	*	*	*	*	98.8	4381971	*
D	17935	2	*	*	*	*	99.2	4386967	*
D	17988	2	*	*	*	*	100.0	4389146	*
D	17990	2	*	*	*	*	100.0	4389347	*
D	18075	2	*	*	*	*	96.8	4393532	*
D	18111	2	*	*	*	*	96.8	4395540	*
D	18158	2	*	*	*	*	100.0	4398113	*
D	18166	2	*	*	*	*	100.0	4398600	*
D	18206	2	*	*	*	*	98.4	4400789	*
D	18237	2	*	*	*	*	98.0	4402844	*
D	18247	2	*	*	*	*	99.2	4403542	*
D	18300	2	*	*	*	*	99.2	4406481	*
D	18436	2	*	*	*	*	99.2	4413085	*
D	18439	2	*	*	*	*	100.0	4413215	*
D	18552	2	*	*	*	*	100.0	4418165	*
D	18708	2	*	*	*	*	100.0	4426497	*
D	18728	2	*	*	*	*	99.2	4427543	*
D	18737	2	*	*	*	*	100.0	4427988	*
D	18814	2	*	*	*	*	100.0	4431746	*
D	19053	2	*	*	*	*	99.6	4443034	*
D	19081	2	*	*	*	*	100.0	4444503	*
D	19140	2	*	*	*	*	98.4	4447141	*
D	19203	2	*	*	*	*	100.0	4450487	*
D	19425	2	*	*	*	*	100.0	4461398	*
D	19546	2	*	*	*	*	99.6	4466876	*
D	19577	2	*	*	*	*	100.0	4467905	*
D	19618	2	*	*	*	*	99.6	4469673	*
D	19673	2	*	*	*	*	99.2	4472456	*
D	19749	2	*	*	*	*	100.0	4475367	*
D	19767	2	*	*	*	*	96.8	4476049	*
D	19801	2	*	*	*	*	97.2	4477624	*
D	19942	2	*	*	*	*	99.6	4483568	*
D	19957	2	*	*	*	*	100.0	4484395	*
D	19968	2	*	*	*	*	97.2	805106	*
D	19989	2	*	*	*	*	99.6	582639	*
D	19990	2	*	*	*	*	99.6	578012	*
D	20000	2	*	*	*	*	100.0	556561	*
D	20019	2	*	*	*	*	97.2	360281	*
D	20042	2	*	*	*	*	99.2	202851	*
D	20051	2	*	*	*	*	100.0	157384	*
D	20107	2	*	*	*	*	98.4	83240	*
D	20111	2	*	*	*	*	99.6	71074	*
D	20113	2	*	*	*	*	99.6	64372	*
D	20153	2	*	*	*	*	98.4	755	*
D	20243	2	*	*	*	*	97.6	765291	*
D	20248	2	*	*	*	*	100.0	816730	*
D	20286	2	*	*	*	*	99.6	4417438	*
