UclustConsensusTaxonAssigner parameters:
id_to_taxonomy_filepath:/Users/nbokulich/Desktop/projects/short-read-tax-assignment/data/novel-taxa-simulations/F1-REF-L4-iter2/ref_taxa.tsv
id_to_taxonomy_fp:/Users/nbokulich/Desktop/projects/short-read-tax-assignment/data/novel-taxa-simulations/F1-REF-L4-iter2/ref_taxa.tsv
max_accepts:5
min_consensus_fraction:1.0
reference_sequences_fp:/Users/nbokulich/Desktop/projects/short-read-tax-assignment/data/novel-taxa-simulations/F1-REF-L4-iter2/ref_seqs.fasta
similarity:0.9
unassignable_label:Unassigned
Result path: /var/folders/0t/l1dz88p50y91vx_22fx5w3780000gn/T/assign-taxKeb3j0

.uc file contents:

# uclust --input /Users/nbokulich/Desktop/projects/short-read-tax-assignment/data/novel-taxa-simulations/F1-REF-L4-iter2/query.fasta --id 0.9 --rev --maxaccepts 5 --allhits --libonly --lib /Users/nbokulich/Desktop/projects/short-read-tax-assignment/data/novel-taxa-simulations/F1-REF-L4-iter2/ref_seqs.fasta --uc /var/folders/0t/l1dz88p50y91vx_22fx5w3780000gn/T/UclustConsensusTaxonAssigner_VIvYLR.uc
# version=1.2.22
# Tab-separated fields:
# 1=Type, 2=ClusterNr, 3=SeqLength or ClusterSize, 4=PctId, 5=Strand, 6=QueryStart, 7=SeedStart, 8=Alignment, 9=QueryLabel, 10=TargetLabel
# Record types (field 1): L=LibSeed, S=NewSeed, H=Hit, R=Reject, D=LibCluster, C=NewCluster, N=NoHit
# For C and D types, PctId is average id with seed.
# QueryStart and SeedStart are zero-based relative to start of sequence.
# If minus strand, SeedStart is relative to reverse-complemented seed.
N	*	179	*	*	*	*	*	DQ530224	*
N	*	250	*	*	*	*	*	FJ481038	*
N	*	144	*	*	*	*	*	DQ521585	*
N	*	222	*	*	*	*	*	AF116177	*
N	*	224	*	*	*	*	*	DQ365668	*
N	*	250	*	*	*	*	*	AF205647	*
N	*	218	*	*	*	*	*	AF395684	*
N	*	250	*	*	*	*	*	EF685093	*
N	*	250	*	*	*	*	*	DQ536501	*
N	*	113	*	*	*	*	*	AF514292	*
N	*	222	*	*	*	*	*	AJ716305	*
L	1328	249	*	*	*	*	*	EU375546	*
H	1328	123	93.5	+	0	0	127I33MD89M	U19954	EU375546
L	3924	250	*	*	*	*	*	DQ144618	*
H	3924	250	97.6	+	0	0	2D248M2I	DQ681201	DQ144618
L	5993	250	*	*	*	*	*	EU118671	*
H	5993	250	97.6	+	0	0	2D248M2I	DQ681201	EU118671
L	4748	250	*	*	*	*	*	AF506446	*
H	4748	250	97.2	+	0	0	2D248M2I	DQ681201	AF506446
L	4745	250	*	*	*	*	*	AF506404	*
H	4745	250	97.2	+	0	0	2D248M2I	DQ681201	AF506404
L	2757	250	*	*	*	*	*	AF506445	*
H	2757	250	97.2	+	0	0	2D248M2I	DQ681201	AF506445
N	*	235	*	*	*	*	*	EF192226	*
L	2539	225	*	*	*	*	*	FJ617296	*
H	2539	183	90.7	+	0	0	5I46MD19M14I8M23I63MI46M	DQ812914	FJ617296
N	*	210	*	*	*	*	*	DQ681328	*
N	*	250	*	*	*	*	*	AB036894	*
N	*	250	*	*	*	*	*	DQ846890	*
N	*	103	*	*	*	*	*	DQ849302	*
N	*	184	*	*	*	*	*	U35307	*
L	5762	195	*	*	*	*	*	EF029203	*
H	5762	186	93.5	+	0	0	26M3I13MI45MI82M4I20M	DQ887774	EF029203
N	*	189	*	*	*	*	*	DQ875355	*
N	*	97	*	*	*	*	*	DQ974799	*
N	*	224	*	*	*	*	*	GQ241289	*
N	*	250	*	*	*	*	*	DQ873595	*
N	*	250	*	*	*	*	*	DQ873601	*
N	*	193	*	*	*	*	*	DQ873660	*
L	7731	198	*	*	*	*	*	EU520097	*
H	7731	230	90.9	+	0	0	2D19MI22M29D90M2D66M	FJ357310	EU520097
N	*	195	*	*	*	*	*	EU673370	*
N	*	250	*	*	*	*	*	AJ877221	*
N	*	235	*	*	*	*	*	EF174448	*
N	*	173	*	*	*	*	*	EF457901	*
L	6733	222	*	*	*	*	*	EU520183	*
H	6733	220	92.3	+	0	0	69M2I18MI64MD68M	EF452729	EU520183
N	*	250	*	*	*	*	*	U10409	*
N	*	250	*	*	*	*	*	EF530926	*
N	*	250	*	*	*	*	*	EF530937	*
N	*	187	*	*	*	*	*	EF197068	*
N	*	250	*	*	*	*	*	EU784188	*
N	*	80	*	*	*	*	*	AM292667	*
N	*	199	*	*	*	*	*	AF284447	*
N	*	234	*	*	*	*	*	DQ534465	*
N	*	221	*	*	*	*	*	DQ534467	*
N	*	206	*	*	*	*	*	EF989122	*
N	*	221	*	*	*	*	*	EU118619	*
N	*	221	*	*	*	*	*	EU069498	*
N	*	250	*	*	*	*	*	EF585663	*
N	*	230	*	*	*	*	*	EU019265	*
N	*	119	*	*	*	*	*	EU057897	*
N	*	250	*	*	*	*	*	AB369939	*
N	*	195	*	*	*	*	*	EU266107	*
L	530	205	*	*	*	*	*	AY485779	*
H	530	211	91.2	+	0	0	8D25MI50MD42MI51MI34M	EU821481	AY485779
L	7877	208	*	*	*	*	*	EF488375	*
H	7877	211	90.4	+	0	0	29MI54MD10M3D29MI51MD33M	EU821481	EF488375
L	3357	210	*	*	*	*	*	AB105146	*
H	3357	211	91.0	+	0	0	33MI50MD10M2D30MI85M	EU821481	AB105146
L	6590	208	*	*	*	*	*	FJ441623	*
H	6590	211	90.4	+	0	0	29MI54MD10M3D29MI51MD33M	EU821481	FJ441623
L	2320	206	*	*	*	*	*	AF439625	*
H	2320	211	91.7	+	0	0	83MD10M3D61MD52M	EU821481	AF439625
N	*	232	*	*	*	*	*	AJ419913	*
N	*	224	*	*	*	*	*	EU551189	*
L	4795	144	*	*	*	*	*	AJ243420	*
H	4795	163	97.2	+	0	0	102M19D42M	AM743189	AJ243420
N	*	250	*	*	*	*	*	FJ481033	*
N	*	122	*	*	*	*	*	EU837210	*
N	*	190	*	*	*	*	*	GQ166887	*
N	*	151	*	*	*	*	*	AF444320	*
N	*	134	*	*	*	*	*	DQ679503	*
L	4969	212	*	*	*	*	*	AM269787	*
H	4969	216	90.1	+	0	0	8MD39M3D124MD9MI31M	EU784265	AM269787
N	*	225	*	*	*	*	*	FJ598616	*
N	*	228	*	*	*	*	*	EU982643	*
N	*	235	*	*	*	*	*	FJ624259	*
N	*	107	*	*	*	*	*	FM876789	*
N	*	250	*	*	*	*	*	GQ249887	*
N	*	181	*	*	*	*	*	AB524804	*
N	*	192	*	*	*	*	*	GU966521	*
N	*	173	*	*	*	*	*	AF009807	*
N	*	107	*	*	*	*	*	AF483616	*
N	*	229	*	*	*	*	*	AB190871	*
N	*	208	*	*	*	*	*	HM244759	*
N	*	199	*	*	*	*	*	AY212990	*
N	*	250	*	*	*	*	*	HQ599379	*
L	723	250	*	*	*	*	*	EU520236	*
H	723	250	98.0	+	0	0	2D248M2I	FJ501572	EU520236
L	4446	250	*	*	*	*	*	FJ869188	*
H	4446	250	98.4	+	0	0	65MI105MI78M2D	FJ501572	FJ869188
L	2486	250	*	*	*	*	*	AF047871	*
H	2486	250	96.8	+	0	0	60MI15MI91M2D82M	FJ501572	AF047871
L	6000	250	*	*	*	*	*	EU145950	*
H	6000	250	90.8	+	0	0	10D35MD15MD14M2D17MD68M2D84M17I	FJ501572	EU145950
L	8368	250	*	*	*	*	*	EU191056	*
H	8368	250	90.4	+	0	0	10D33MD17MD14M2D17MD68M2D84M17I	FJ501572	EU191056
N	*	250	*	*	*	*	*	JN043312	*
N	*	250	*	*	*	*	*	JN194161	*
N	*	250	*	*	*	*	*	JF419904	*
N	*	199	*	*	*	*	*	JN053509	*
N	*	159	*	*	*	*	*	HQ020412	*
N	*	111	*	*	*	*	*	JN009708	*
N	*	208	*	*	*	*	*	AF038321	*
N	*	179	*	*	*	*	*	AY307935	*
N	*	138	*	*	*	*	*	AF042422	*
N	*	250	*	*	*	*	*	AJ716159	*
N	*	250	*	*	*	*	*	AY854067	*
N	*	250	*	*	*	*	*	AY997038	*
N	*	184	*	*	*	*	*	AY961602	*
L	3939	214	*	*	*	*	*	DQ025483	*
H	3939	205	91.2	+	0	0	21MI77M8I107M	AB025690	DQ025483
N	*	170	*	*	*	*	*	DQ885585	*
N	*	115	*	*	*	*	*	AF274090	*
N	*	250	*	*	*	*	*	AF322654	*
N	*	202	*	*	*	*	*	AF384860	*
N	*	250	*	*	*	*	*	AF394529	*
N	*	250	*	*	*	*	*	HE586719	*
N	*	224	*	*	*	*	*	AY781267	*
N	*	82	*	*	*	*	*	AY312503	*
L	1926	197	*	*	*	*	*	AB041243	*
H	1926	197	90.9	+	0	0	197M	AY789345	AB041243
N	*	162	*	*	*	*	*	DQ323918	*
N	*	250	*	*	*	*	*	GU187509	*
N	*	126	*	*	*	*	*	FM876831	*
N	*	201	*	*	*	*	*	HQ232963	*
N	*	228	*	*	*	*	*	JF681957	*
N	*	250	*	*	*	*	*	JN712486	*
D	1328	2	*	*	*	*	93.5	EU375546	*
D	1926	2	*	*	*	*	90.9	AB041243	*
D	2320	2	*	*	*	*	91.7	AF439625	*
D	2539	2	*	*	*	*	90.7	FJ617296	*
D	3939	2	*	*	*	*	91.2	DQ025483	*
D	4446	2	*	*	*	*	98.4	FJ869188	*
D	4795	2	*	*	*	*	97.2	AJ243420	*
D	4969	2	*	*	*	*	90.1	AM269787	*
D	5762	2	*	*	*	*	93.5	EF029203	*
D	5993	2	*	*	*	*	97.6	EU118671	*
D	6733	2	*	*	*	*	92.3	EU520183	*
D	7731	2	*	*	*	*	90.9	EU520097	*
