UclustConsensusTaxonAssigner parameters:
id_to_taxonomy_filepath:/Users/nbokulich/Desktop/projects/short-read-tax-assignment/data/ref_dbs/gg_13_8_otus/99_otu_taxonomy_clean.tsv
id_to_taxonomy_fp:/Users/nbokulich/Desktop/projects/short-read-tax-assignment/data/ref_dbs/gg_13_8_otus/99_otu_taxonomy_clean.tsv
max_accepts:5
min_consensus_fraction:0.51
reference_sequences_fp:/Users/nbokulich/Desktop/projects/short-read-tax-assignment/data/ref_dbs/gg_13_8_otus/99_otus_clean_515f-806r_trim250.fasta
similarity:0.9
unassignable_label:Unassigned
Result path: /var/folders/0t/l1dz88p50y91vx_22fx5w3780000gn/T/assign-taxNVO4kk

.uc file contents:

# uclust --input /Users/nbokulich/Desktop/projects/short-read-tax-assignment/data/mock-community/mock-4/rep_seqs.fna --id 0.9 --rev --maxaccepts 5 --allhits --libonly --lib /Users/nbokulich/Desktop/projects/short-read-tax-assignment/data/ref_dbs/gg_13_8_otus/99_otus_clean_515f-806r_trim250.fasta --uc /var/folders/0t/l1dz88p50y91vx_22fx5w3780000gn/T/UclustConsensusTaxonAssigner_HSfgGR.uc
# version=1.2.22
# Tab-separated fields:
# 1=Type, 2=ClusterNr, 3=SeqLength or ClusterSize, 4=PctId, 5=Strand, 6=QueryStart, 7=SeedStart, 8=Alignment, 9=QueryLabel, 10=TargetLabel
# Record types (field 1): L=LibSeed, S=NewSeed, H=Hit, R=Reject, D=LibCluster, C=NewCluster, N=NoHit
# For C and D types, PctId is average id with seed.
# QueryStart and SeedStart are zero-based relative to start of sequence.
# If minus strand, SeedStart is relative to reverse-complemented seed.
L	8455	250	*	*	*	*	*	165247	*
H	8455	150	91.3	+	0	0	19I150M81I	8fab89bbb0ea43bd7ca5f5fd182506a5	165247
L	6829	250	*	*	*	*	*	237586	*
H	6829	150	91.3	+	0	0	19I150M81I	8fab89bbb0ea43bd7ca5f5fd182506a5	237586
L	10104	250	*	*	*	*	*	59345	*
H	10104	150	91.3	+	0	0	19I150M81I	8fab89bbb0ea43bd7ca5f5fd182506a5	59345
L	1936	250	*	*	*	*	*	586832	*
H	1936	150	94.0	+	0	0	19I150M81I	8fab89bbb0ea43bd7ca5f5fd182506a5	586832
L	17349	250	*	*	*	*	*	4344401	*
H	17349	150	92.7	+	0	0	19I150M81I	8fab89bbb0ea43bd7ca5f5fd182506a5	4344401
L	19355	250	*	*	*	*	*	4440404	*
H	19355	150	100.0	+	0	0	19I150M81I	dcb7b288381ec22163253cc31ca4bb57	4440404
L	16986	250	*	*	*	*	*	4326794	*
H	16986	150	100.0	+	0	0	19I150M81I	dcb7b288381ec22163253cc31ca4bb57	4326794
L	1676	250	*	*	*	*	*	666832	*
H	1676	150	99.3	+	0	0	19I150M81I	dcb7b288381ec22163253cc31ca4bb57	666832
L	19514	250	*	*	*	*	*	4448288	*
H	19514	150	98.0	+	0	0	19I150M81I	dcb7b288381ec22163253cc31ca4bb57	4448288
L	11015	250	*	*	*	*	*	6432	*
H	11015	150	98.7	+	0	0	19I150M81I	dcb7b288381ec22163253cc31ca4bb57	6432
L	8282	250	*	*	*	*	*	172248	*
H	8282	150	90.7	+	0	0	19I150M81I	c4269a6e9bd66eca53e710c9f9d9ad4f	172248
L	8370	250	*	*	*	*	*	168583	*
H	8370	150	90.7	+	0	0	19I150M81I	c4269a6e9bd66eca53e710c9f9d9ad4f	168583
L	8406	250	*	*	*	*	*	167118	*
H	8406	150	90.7	+	0	0	19I150M81I	c4269a6e9bd66eca53e710c9f9d9ad4f	167118
L	6882	250	*	*	*	*	*	233893	*
H	6882	150	90.7	+	0	0	19I150M81I	c4269a6e9bd66eca53e710c9f9d9ad4f	233893
L	8272	250	*	*	*	*	*	172804	*
H	8272	150	90.0	+	0	0	19I150M81I	c4269a6e9bd66eca53e710c9f9d9ad4f	172804
L	13272	250	*	*	*	*	*	984766	*
H	13272	150	100.0	+	0	0	19I150M81I	67235d72777dee5f2000c1e478dd6418	984766
L	528	250	*	*	*	*	*	998943	*
H	528	150	99.3	+	0	0	19I150M81I	67235d72777dee5f2000c1e478dd6418	998943
L	822	250	*	*	*	*	*	926706	*
H	822	150	99.3	+	0	0	19I150M81I	67235d72777dee5f2000c1e478dd6418	926706
L	15163	250	*	*	*	*	*	975495	*
H	15163	150	99.3	+	0	0	19I150M81I	67235d72777dee5f2000c1e478dd6418	975495
L	15182	250	*	*	*	*	*	3707039	*
H	15182	150	99.3	+	0	0	19I150M81I	67235d72777dee5f2000c1e478dd6418	3707039
L	8655	250	*	*	*	*	*	157892	*
H	8655	150	97.3	+	0	0	19I150M81I	0374d69a06fe46ad16ded615ae85090d	157892
L	13680	250	*	*	*	*	*	1136534	*
H	13680	150	97.3	+	0	0	19I150M81I	0374d69a06fe46ad16ded615ae85090d	1136534
L	2354	250	*	*	*	*	*	564904	*
H	2354	150	97.3	+	0	0	19I150M81I	0374d69a06fe46ad16ded615ae85090d	564904
L	1371	250	*	*	*	*	*	809629	*
H	1371	150	97.3	+	0	0	19I150M81I	0374d69a06fe46ad16ded615ae85090d	809629
L	3802	250	*	*	*	*	*	470759	*
H	3802	150	96.0	+	0	0	19I150M81I	0374d69a06fe46ad16ded615ae85090d	470759
L	15529	250	*	*	*	*	*	908340	*
H	15529	150	99.3	+	0	0	19I150M81I	3ffcfd0d3dfc80d4bdc4b0683f93c8c8	908340
L	11263	250	*	*	*	*	*	957973	*
H	11263	150	99.3	+	0	0	19I150M81I	3ffcfd0d3dfc80d4bdc4b0683f93c8c8	957973
L	4438	250	*	*	*	*	*	362084	*
H	4438	150	99.3	+	0	0	19I150M81I	3ffcfd0d3dfc80d4bdc4b0683f93c8c8	362084
L	11209	250	*	*	*	*	*	892241	*
H	11209	150	99.3	+	0	0	19I150M81I	3ffcfd0d3dfc80d4bdc4b0683f93c8c8	892241
L	12135	250	*	*	*	*	*	2017017	*
H	12135	150	99.3	+	0	0	19I150M81I	3ffcfd0d3dfc80d4bdc4b0683f93c8c8	2017017
L	6576	250	*	*	*	*	*	252206	*
H	6576	150	99.3	+	0	0	19I150M81I	c3ba1fb2c5cc693c3d71073d845a696f	252206
L	2907	250	*	*	*	*	*	532163	*
H	2907	150	99.3	+	0	0	19I150M81I	c3ba1fb2c5cc693c3d71073d845a696f	532163
L	11036	250	*	*	*	*	*	5796	*
H	11036	150	99.3	+	0	0	19I150M81I	c3ba1fb2c5cc693c3d71073d845a696f	5796
L	4587	250	*	*	*	*	*	358021	*
H	4587	150	97.3	+	0	0	19I114MI36M80I	c3ba1fb2c5cc693c3d71073d845a696f	358021
L	12108	250	*	*	*	*	*	2000709	*
H	12108	150	98.0	+	0	0	19I150M81I	c3ba1fb2c5cc693c3d71073d845a696f	2000709
L	19565	250	*	*	*	*	*	4450667	*
H	19565	150	99.3	+	0	0	19I150M81I	e66860dbaac1010e5b69f9780d84b3b2	4450667
L	12757	250	*	*	*	*	*	1138066	*
H	12757	150	100.0	+	0	0	19I150M81I	e66860dbaac1010e5b69f9780d84b3b2	1138066
L	6997	250	*	*	*	*	*	220865	*
H	6997	150	100.0	+	0	0	19I150M81I	e66860dbaac1010e5b69f9780d84b3b2	220865
L	6664	250	*	*	*	*	*	246889	*
H	6664	150	100.0	+	0	0	19I150M81I	e66860dbaac1010e5b69f9780d84b3b2	246889
L	6014	250	*	*	*	*	*	278680	*
H	6014	150	100.0	+	0	0	19I150M81I	e66860dbaac1010e5b69f9780d84b3b2	278680
H	13272	150	92.0	+	0	0	19I150M81I	d0a6a3282a63574a9ebb620d4f7f08da	984766
H	15182	150	91.3	+	0	0	19I150M81I	d0a6a3282a63574a9ebb620d4f7f08da	3707039
L	585	250	*	*	*	*	*	985722	*
H	585	150	91.3	+	0	0	19I150M81I	d0a6a3282a63574a9ebb620d4f7f08da	985722
L	13322	250	*	*	*	*	*	1101078	*
H	13322	150	91.3	+	0	0	19I150M81I	d0a6a3282a63574a9ebb620d4f7f08da	1101078
L	4118	250	*	*	*	*	*	382240	*
H	4118	150	91.3	+	0	0	19I150M81I	d0a6a3282a63574a9ebb620d4f7f08da	382240
L	20485	250	*	*	*	*	*	94242	*
H	20485	150	96.0	+	0	0	19I150M81I	d9e724faff24eeeb7ac7fcc5cc7885b6	94242
L	20671	250	*	*	*	*	*	4434719	*
H	20671	150	92.7	+	0	0	19I116MI34M80I	d9e724faff24eeeb7ac7fcc5cc7885b6	4434719
L	20391	250	*	*	*	*	*	369183	*
H	20391	150	92.7	+	0	0	19I116MI34M80I	d9e724faff24eeeb7ac7fcc5cc7885b6	369183
L	20424	250	*	*	*	*	*	166509	*
H	20424	150	92.7	+	0	0	19I116MI34M80I	d9e724faff24eeeb7ac7fcc5cc7885b6	166509
L	20543	250	*	*	*	*	*	227	*
H	20543	150	93.3	+	0	0	19I116MI34M80I	d9e724faff24eeeb7ac7fcc5cc7885b6	227
L	17792	250	*	*	*	*	*	4365565	*
H	17792	150	100.0	+	0	0	19I150M81I	6ed7152332889b69d2d2f33c53b68934	4365565
L	17046	250	*	*	*	*	*	4329590	*
H	17046	150	100.0	+	0	0	19I150M81I	6ed7152332889b69d2d2f33c53b68934	4329590
L	1474	250	*	*	*	*	*	767952	*
H	1474	150	100.0	+	0	0	19I150M81I	6ed7152332889b69d2d2f33c53b68934	767952
L	1716	250	*	*	*	*	*	644232	*
H	1716	150	100.0	+	0	0	19I150M81I	6ed7152332889b69d2d2f33c53b68934	644232
L	6275	250	*	*	*	*	*	266330	*
H	6275	150	100.0	+	0	0	19I150M81I	6ed7152332889b69d2d2f33c53b68934	266330
L	19473	250	*	*	*	*	*	4446436	*
H	19473	150	93.3	+	0	0	19I150M81I	86adb6193435090318cf24df07770d07	4446436
L	13703	250	*	*	*	*	*	2874960	*
H	13703	150	93.3	+	0	0	19I150M81I	86adb6193435090318cf24df07770d07	2874960
L	12671	250	*	*	*	*	*	919872	*
H	12671	150	93.3	+	0	0	19I150M81I	86adb6193435090318cf24df07770d07	919872
L	12420	250	*	*	*	*	*	805591	*
H	12420	150	93.3	+	0	0	19I150M81I	86adb6193435090318cf24df07770d07	805591
L	12419	250	*	*	*	*	*	811996	*
H	12419	150	93.3	+	0	0	19I150M81I	86adb6193435090318cf24df07770d07	811996
L	1769	250	*	*	*	*	*	619210	*
H	1769	150	100.0	+	0	0	19I150M81I	94b000e59b7ac160b0416c9ab45ff0bf	619210
L	15858	250	*	*	*	*	*	4094808	*
H	15858	150	100.0	+	0	0	19I150M81I	94b000e59b7ac160b0416c9ab45ff0bf	4094808
L	10024	250	*	*	*	*	*	70378	*
H	10024	150	100.0	+	0	0	19I150M81I	94b000e59b7ac160b0416c9ab45ff0bf	70378
L	8938	250	*	*	*	*	*	144246	*
H	8938	150	100.0	+	0	0	19I150M81I	94b000e59b7ac160b0416c9ab45ff0bf	144246
L	16106	250	*	*	*	*	*	820176	*
H	16106	150	100.0	+	0	0	19I150M81I	94b000e59b7ac160b0416c9ab45ff0bf	820176
L	13405	250	*	*	*	*	*	1086805	*
H	13405	150	96.7	+	0	0	19I150M81I	f84b3370827fa1b575703ffd249a10d6	1086805
L	17552	250	*	*	*	*	*	4354311	*
H	17552	150	96.7	+	0	0	19I150M81I	f84b3370827fa1b575703ffd249a10d6	4354311
L	15195	250	*	*	*	*	*	1124552	*
H	15195	150	96.7	+	0	0	19I150M81I	f84b3370827fa1b575703ffd249a10d6	1124552
L	10542	250	*	*	*	*	*	14583	*
H	10542	150	96.7	+	0	0	19I150M81I	f84b3370827fa1b575703ffd249a10d6	14583
L	12223	250	*	*	*	*	*	1137089	*
H	12223	150	96.7	+	0	0	19I150M81I	f84b3370827fa1b575703ffd249a10d6	1137089
L	8754	250	*	*	*	*	*	153079	*
H	8754	150	100.0	+	0	0	19I150M81I	5147cf5e03fda37cd7d06a92925c0b72	153079
L	6770	250	*	*	*	*	*	240449	*
H	6770	150	100.0	+	0	0	19I150M81I	5147cf5e03fda37cd7d06a92925c0b72	240449
L	19346	250	*	*	*	*	*	4440056	*
H	19346	150	100.0	+	0	0	19I150M81I	5147cf5e03fda37cd7d06a92925c0b72	4440056
L	15456	250	*	*	*	*	*	3871230	*
H	15456	150	100.0	+	0	0	19I150M81I	5147cf5e03fda37cd7d06a92925c0b72	3871230
L	4611	250	*	*	*	*	*	357074	*
H	4611	150	100.0	+	0	0	19I150M81I	5147cf5e03fda37cd7d06a92925c0b72	357074
N	*	150	*	*	*	*	*	18ced8ffd0e1b19b9bdfd5bc298280a7	*
N	*	150	*	*	*	*	*	824a5153e87ed64fa25bf9425110596f	*
L	3021	250	*	*	*	*	*	529618	*
H	3021	150	100.0	+	0	0	19I150M81I	47ad35356a9bfec68416d32e4f039021	529618
L	14292	250	*	*	*	*	*	1036182	*
H	14292	150	100.0	+	0	0	19I150M81I	47ad35356a9bfec68416d32e4f039021	1036182
L	11392	250	*	*	*	*	*	1003157	*
H	11392	150	100.0	+	0	0	19I150M81I	47ad35356a9bfec68416d32e4f039021	1003157
L	307	250	*	*	*	*	*	1050577	*
H	307	150	100.0	+	0	0	19I150M81I	47ad35356a9bfec68416d32e4f039021	1050577
H	528	150	100.0	+	0	0	19I150M81I	47ad35356a9bfec68416d32e4f039021	998943
N	*	150	*	*	*	*	*	ed2b66cfbdd8fc4089dea2340729ef37	*
L	16577	250	*	*	*	*	*	4309191	*
H	16577	150	99.3	+	0	0	19I150M81I	29f6e97a2ed3b8abe26bb45acba8451f	4309191
L	135	250	*	*	*	*	*	1087565	*
H	135	150	99.3	+	0	0	19I150M81I	29f6e97a2ed3b8abe26bb45acba8451f	1087565
L	1098	250	*	*	*	*	*	863441	*
H	1098	150	99.3	+	0	0	19I150M81I	29f6e97a2ed3b8abe26bb45acba8451f	863441
L	11672	250	*	*	*	*	*	1769720	*
H	11672	150	99.3	+	0	0	19I150M81I	29f6e97a2ed3b8abe26bb45acba8451f	1769720
L	12636	250	*	*	*	*	*	1075454	*
H	12636	150	99.3	+	0	0	19I150M81I	29f6e97a2ed3b8abe26bb45acba8451f	1075454
L	3976	250	*	*	*	*	*	421164	*
H	3976	150	99.3	+	0	0	19I150M81I	3df62c132a582a43d98dfebb37cb0aa6	421164
L	17521	250	*	*	*	*	*	4352782	*
H	17521	150	99.3	+	0	0	19I150M81I	3df62c132a582a43d98dfebb37cb0aa6	4352782
L	3971	250	*	*	*	*	*	422784	*
H	3971	150	99.3	+	0	0	19I150M81I	3df62c132a582a43d98dfebb37cb0aa6	422784
L	11545	250	*	*	*	*	*	1005416	*
H	11545	150	99.3	+	0	0	19I150M81I	3df62c132a582a43d98dfebb37cb0aa6	1005416
L	16822	250	*	*	*	*	*	4320250	*
H	16822	150	99.3	+	0	0	19I150M81I	3df62c132a582a43d98dfebb37cb0aa6	4320250
L	18857	250	*	*	*	*	*	4416186	*
H	18857	150	100.0	+	0	0	19I150M81I	5642c43966bbd7f41c2f0cbe988205ff	4416186
L	17291	250	*	*	*	*	*	4341595	*
H	17291	150	100.0	+	0	0	19I150M81I	5642c43966bbd7f41c2f0cbe988205ff	4341595
L	18873	250	*	*	*	*	*	4416988	*
H	18873	150	100.0	+	0	0	19I150M81I	5642c43966bbd7f41c2f0cbe988205ff	4416988
L	18858	250	*	*	*	*	*	4416190	*
H	18858	150	99.3	+	0	0	19I150M81I	5642c43966bbd7f41c2f0cbe988205ff	4416190
L	10518	250	*	*	*	*	*	15033	*
H	10518	150	98.0	+	0	0	19I150M81I	5642c43966bbd7f41c2f0cbe988205ff	15033
H	2907	150	100.0	+	0	0	19I150M81I	e25836661b81c9cc3aa99c8b2c7ca14d	532163
H	6576	150	100.0	+	0	0	19I150M81I	e25836661b81c9cc3aa99c8b2c7ca14d	252206
H	11036	150	100.0	+	0	0	19I150M81I	e25836661b81c9cc3aa99c8b2c7ca14d	5796
H	4587	150	98.0	+	0	0	19I114MI36M80I	e25836661b81c9cc3aa99c8b2c7ca14d	358021
H	12108	150	98.7	+	0	0	19I150M81I	e25836661b81c9cc3aa99c8b2c7ca14d	2000709
N	*	150	*	*	*	*	*	bd65e96bfdca2d01dae634ead91d270b	*
L	5632	250	*	*	*	*	*	299252	*
H	5632	150	94.7	+	0	0	19I150M81I	53609d8db4e52b4f03beab3bc44ad5ba	299252
L	10622	250	*	*	*	*	*	13568	*
H	10622	150	94.7	+	0	0	19I150M81I	53609d8db4e52b4f03beab3bc44ad5ba	13568
L	8447	250	*	*	*	*	*	165440	*
H	8447	150	96.7	+	0	0	19I150M81I	53609d8db4e52b4f03beab3bc44ad5ba	165440
L	9839	250	*	*	*	*	*	85556	*
H	9839	150	96.7	+	0	0	19I150M81I	53609d8db4e52b4f03beab3bc44ad5ba	85556
L	18628	250	*	*	*	*	*	4405914	*
H	18628	150	96.7	+	0	0	19I150M81I	53609d8db4e52b4f03beab3bc44ad5ba	4405914
L	8165	250	*	*	*	*	*	175542	*
H	8165	150	98.0	+	0	0	19I150M81I	bc23d2ee539bf2f52faf789289af7879	175542
L	15135	250	*	*	*	*	*	827973	*
H	15135	150	98.0	+	0	0	19I150M81I	bc23d2ee539bf2f52faf789289af7879	827973
L	1254	250	*	*	*	*	*	826104	*
H	1254	150	98.0	+	0	0	19I150M81I	bc23d2ee539bf2f52faf789289af7879	826104
L	17341	250	*	*	*	*	*	4344098	*
H	17341	150	98.0	+	0	0	19I150M81I	bc23d2ee539bf2f52faf789289af7879	4344098
L	1248	250	*	*	*	*	*	827497	*
H	1248	150	98.0	+	0	0	19I150M81I	bc23d2ee539bf2f52faf789289af7879	827497
L	14742	250	*	*	*	*	*	855943	*
H	14742	150	98.7	+	0	0	19I150M81I	894866f4d156eb683daa33b6b9246580	855943
L	16907	250	*	*	*	*	*	4323264	*
H	16907	150	98.7	+	0	0	19I150M81I	894866f4d156eb683daa33b6b9246580	4323264
L	6816	250	*	*	*	*	*	238205	*
H	6816	150	98.7	+	0	0	19I150M81I	894866f4d156eb683daa33b6b9246580	238205
L	6401	250	*	*	*	*	*	261218	*
H	6401	150	98.7	+	0	0	19I150M81I	894866f4d156eb683daa33b6b9246580	261218
L	11212	250	*	*	*	*	*	745368	*
H	11212	150	98.7	+	0	0	19I150M81I	894866f4d156eb683daa33b6b9246580	745368
N	*	150	*	*	*	*	*	538f3af3b016445f1327de09ab59f5a9	*
L	1787	250	*	*	*	*	*	609022	*
H	1787	150	100.0	+	0	0	19I150M81I	4e9b3c8dd9808d6a78936ceaf96dc0d5	609022
L	9748	250	*	*	*	*	*	93553	*
H	9748	150	100.0	+	0	0	19I150M81I	4e9b3c8dd9808d6a78936ceaf96dc0d5	93553
L	9740	250	*	*	*	*	*	94130	*
H	9740	150	100.0	+	0	0	19I150M81I	4e9b3c8dd9808d6a78936ceaf96dc0d5	94130
L	16599	250	*	*	*	*	*	4310109	*
H	16599	150	100.0	+	0	0	19I150M81I	4e9b3c8dd9808d6a78936ceaf96dc0d5	4310109
L	9652	250	*	*	*	*	*	101118	*
H	9652	150	100.0	+	0	0	19I150M81I	4e9b3c8dd9808d6a78936ceaf96dc0d5	101118
L	14215	250	*	*	*	*	*	1059977	*
H	14215	150	100.0	+	0	0	19I150M81I	aebf2a74a3aa9e5876c479b1db88985f	1059977
L	2294	250	*	*	*	*	*	567972	*
H	2294	150	99.3	+	0	0	19I150M81I	aebf2a74a3aa9e5876c479b1db88985f	567972
L	5544	250	*	*	*	*	*	302201	*
H	5544	150	95.3	+	0	0	19I150M81I	aebf2a74a3aa9e5876c479b1db88985f	302201
L	5120	250	*	*	*	*	*	327314	*
H	5120	150	95.3	+	0	0	19I150M81I	aebf2a74a3aa9e5876c479b1db88985f	327314
L	5579	250	*	*	*	*	*	300951	*
H	5579	150	95.3	+	0	0	19I150M81I	aebf2a74a3aa9e5876c479b1db88985f	300951
N	*	150	*	*	*	*	*	60bb2c48232abea1dd1425cf69a10999	*
L	16861	250	*	*	*	*	*	4321520	*
H	16861	150	100.0	+	0	0	19I150M81I	1986030e3c5cd5df6d869054bc96e536	4321520
L	16840	250	*	*	*	*	*	4320756	*
H	16840	150	100.0	+	0	0	19I150M81I	1986030e3c5cd5df6d869054bc96e536	4320756
L	16838	250	*	*	*	*	*	4320734	*
H	16838	150	100.0	+	0	0	19I150M81I	1986030e3c5cd5df6d869054bc96e536	4320734
L	16836	250	*	*	*	*	*	4320715	*
H	16836	150	100.0	+	0	0	19I150M81I	1986030e3c5cd5df6d869054bc96e536	4320715
L	16829	250	*	*	*	*	*	4320599	*
H	16829	150	100.0	+	0	0	19I150M81I	1986030e3c5cd5df6d869054bc96e536	4320599
L	673	250	*	*	*	*	*	966251	*
H	673	150	100.0	+	0	0	19I150M81I	33b601a7a8295e7a6c8f413504129220	966251
L	327	250	*	*	*	*	*	1047632	*
H	327	150	100.0	+	0	0	19I150M81I	33b601a7a8295e7a6c8f413504129220	1047632
L	12458	250	*	*	*	*	*	1009063	*
H	12458	150	100.0	+	0	0	19I150M81I	33b601a7a8295e7a6c8f413504129220	1009063
L	12426	250	*	*	*	*	*	928042	*
H	12426	150	100.0	+	0	0	19I150M81I	33b601a7a8295e7a6c8f413504129220	928042
L	693	250	*	*	*	*	*	959333	*
H	693	150	100.0	+	0	0	19I150M81I	33b601a7a8295e7a6c8f413504129220	959333
L	641	250	*	*	*	*	*	972803	*
H	641	150	98.0	+	0	0	19I150M81I	dcc8b7d0992f57608a5aabd5dbead764	972803
L	17867	250	*	*	*	*	*	4368635	*
H	17867	150	97.3	+	0	0	19I150M81I	dcc8b7d0992f57608a5aabd5dbead764	4368635
L	10921	250	*	*	*	*	*	8344	*
H	10921	150	97.3	+	0	0	19I150M81I	dcc8b7d0992f57608a5aabd5dbead764	8344
L	10188	250	*	*	*	*	*	48977	*
H	10188	150	97.3	+	0	0	19I150M81I	dcc8b7d0992f57608a5aabd5dbead764	48977
L	11941	250	*	*	*	*	*	801155	*
H	11941	150	97.3	+	0	0	19I150M81I	dcc8b7d0992f57608a5aabd5dbead764	801155
L	16508	250	*	*	*	*	*	4306438	*
H	16508	150	100.0	+	0	0	19I150M81I	075614efc7d3dd61cd64a4e5f17078ae	4306438
L	16509	250	*	*	*	*	*	4306440	*
H	16509	150	100.0	+	0	0	19I150M81I	075614efc7d3dd61cd64a4e5f17078ae	4306440
L	9716	250	*	*	*	*	*	99016	*
H	9716	150	100.0	+	0	0	20I150M80I	075614efc7d3dd61cd64a4e5f17078ae	99016
L	7034	250	*	*	*	*	*	218254	*
H	7034	150	100.0	+	0	0	19I150M81I	075614efc7d3dd61cd64a4e5f17078ae	218254
L	7025	250	*	*	*	*	*	218869	*
H	7025	150	100.0	+	0	0	19I150M81I	075614efc7d3dd61cd64a4e5f17078ae	218869
L	15522	250	*	*	*	*	*	627028	*
H	15522	150	98.0	+	0	0	19I150M81I	7a8d29c59b803baaed9cc1f04ce0dc33	627028
L	17130	250	*	*	*	*	*	4333603	*
H	17130	150	98.0	+	0	0	19I150M81I	7a8d29c59b803baaed9cc1f04ce0dc33	4333603
L	8745	250	*	*	*	*	*	153716	*
H	8745	150	98.0	+	0	0	19I150M81I	7a8d29c59b803baaed9cc1f04ce0dc33	153716
H	11941	150	98.0	+	0	0	19I150M81I	7a8d29c59b803baaed9cc1f04ce0dc33	801155
L	19537	250	*	*	*	*	*	4449456	*
H	19537	150	98.0	+	0	0	19I150M81I	7a8d29c59b803baaed9cc1f04ce0dc33	4449456
L	18579	250	*	*	*	*	*	4402960	*
H	18579	150	99.3	+	0	0	19I150M81I	2ffcf53c5728bc9a71f862e99bc454f6	4402960
L	7310	250	*	*	*	*	*	197072	*
H	7310	150	96.7	+	0	0	19I150M81I	2ffcf53c5728bc9a71f862e99bc454f6	197072
L	7762	250	*	*	*	*	*	185730	*
H	7762	150	91.3	+	0	0	19I150M81I	2ffcf53c5728bc9a71f862e99bc454f6	185730
L	1210	250	*	*	*	*	*	839512	*
H	1210	150	92.7	+	0	0	19I150M81I	2ffcf53c5728bc9a71f862e99bc454f6	839512
L	18818	250	*	*	*	*	*	4414420	*
H	18818	150	91.3	+	0	0	19I150M81I	2ffcf53c5728bc9a71f862e99bc454f6	4414420
L	14101	250	*	*	*	*	*	851925	*
H	14101	150	96.7	+	0	0	19I150M81I	b3fef1e26b7b6ac20847ede4da68547a	851925
L	9247	250	*	*	*	*	*	129798	*
H	9247	150	96.7	+	0	0	19I150M81I	b3fef1e26b7b6ac20847ede4da68547a	129798
L	9227	250	*	*	*	*	*	130864	*
H	9227	150	96.7	+	0	0	19I150M81I	b3fef1e26b7b6ac20847ede4da68547a	130864
L	9193	250	*	*	*	*	*	134019	*
H	9193	150	96.7	+	0	0	19I150M81I	b3fef1e26b7b6ac20847ede4da68547a	134019
L	9133	250	*	*	*	*	*	137340	*
H	9133	150	96.7	+	0	0	19I150M81I	b3fef1e26b7b6ac20847ede4da68547a	137340
H	20485	150	94.7	+	0	0	19I150M81I	f551bc213661e19bd106b9d2f37c224b	94242
H	20671	150	91.3	+	0	0	19I116MI34M80I	f551bc213661e19bd106b9d2f37c224b	4434719
L	20366	250	*	*	*	*	*	565906	*
H	20366	150	90.7	+	0	0	19I150M81I	f551bc213661e19bd106b9d2f37c224b	565906
H	20391	150	91.3	+	0	0	19I116MI34M80I	f551bc213661e19bd106b9d2f37c224b	369183
H	20424	150	91.3	+	0	0	19I116MI34M80I	f551bc213661e19bd106b9d2f37c224b	166509
N	*	150	*	*	*	*	*	5bfcfe38b5c279edba6ab27e17db9c35	*
L	6521	250	*	*	*	*	*	256155	*
H	6521	150	100.0	+	0	0	19I150M81I	9695acecaba71cc9fc1458080b07d1fa	256155
L	15690	250	*	*	*	*	*	687937	*
H	15690	150	100.0	+	0	0	18I150M82I	9695acecaba71cc9fc1458080b07d1fa	687937
L	1437	250	*	*	*	*	*	782718	*
H	1437	150	100.0	+	0	0	19I150M81I	9695acecaba71cc9fc1458080b07d1fa	782718
L	669	250	*	*	*	*	*	967275	*
H	669	150	100.0	+	0	0	19I150M81I	9695acecaba71cc9fc1458080b07d1fa	967275
L	11211	250	*	*	*	*	*	748654	*
H	11211	150	100.0	+	0	0	19I150M81I	9695acecaba71cc9fc1458080b07d1fa	748654
H	16907	150	99.3	+	0	0	19I150M81I	74c5523929f4d53f7928f15bc7751994	4323264
H	6816	150	99.3	+	0	0	19I150M81I	74c5523929f4d53f7928f15bc7751994	238205
H	6401	150	99.3	+	0	0	19I150M81I	74c5523929f4d53f7928f15bc7751994	261218
H	14742	150	99.3	+	0	0	19I150M81I	74c5523929f4d53f7928f15bc7751994	855943
H	11212	150	99.3	+	0	0	19I150M81I	74c5523929f4d53f7928f15bc7751994	745368
L	17578	250	*	*	*	*	*	4355718	*
H	17578	150	98.0	+	0	0	19I150M81I	9ac5fec396208e598ab2e2d26985d0df	4355718
L	10272	250	*	*	*	*	*	38793	*
H	10272	150	97.3	+	0	0	19I150M81I	9ac5fec396208e598ab2e2d26985d0df	38793
L	10671	250	*	*	*	*	*	12569	*
H	10671	150	96.7	+	0	0	19I73MI77M80I	9ac5fec396208e598ab2e2d26985d0df	12569
L	3319	250	*	*	*	*	*	521806	*
H	3319	150	92.7	+	0	0	19I150M81I	cf9db0eeccfeb6b3011ceb8d59a95fc3	521806
L	12997	250	*	*	*	*	*	2476144	*
H	12997	150	91.3	+	0	0	19I150M81I	cf9db0eeccfeb6b3011ceb8d59a95fc3	2476144
L	16800	250	*	*	*	*	*	4319468	*
H	16800	150	91.3	+	0	0	19I150M81I	cf9db0eeccfeb6b3011ceb8d59a95fc3	4319468
L	12773	250	*	*	*	*	*	1135155	*
H	12773	150	91.3	+	0	0	19I150M81I	cf9db0eeccfeb6b3011ceb8d59a95fc3	1135155
H	20485	150	95.3	+	0	0	19I150M81I	1c86153e1b13ab5322c96f2602b73513	94242
L	20380	250	*	*	*	*	*	547463	*
H	20380	150	92.7	+	0	0	19I150M81I	1c86153e1b13ab5322c96f2602b73513	547463
H	20391	150	92.0	+	0	0	19I116MI34M80I	1c86153e1b13ab5322c96f2602b73513	369183
H	20424	150	92.0	+	0	0	19I116MI34M80I	1c86153e1b13ab5322c96f2602b73513	166509
L	20425	250	*	*	*	*	*	162275	*
H	20425	150	92.0	+	0	0	19I116MI34M80I	1c86153e1b13ab5322c96f2602b73513	162275
L	15923	250	*	*	*	*	*	4130483	*
H	15923	150	97.3	+	0	0	19I150M81I	659fdb1b7d76daa3b50c79827fdb6071	4130483
L	19461	250	*	*	*	*	*	4446058	*
H	19461	150	96.7	+	0	0	19I150M81I	659fdb1b7d76daa3b50c79827fdb6071	4446058
L	3214	250	*	*	*	*	*	524830	*
H	3214	150	96.7	+	0	0	19I150M81I	659fdb1b7d76daa3b50c79827fdb6071	524830
L	3230	250	*	*	*	*	*	524292	*
H	3230	150	96.7	+	0	0	19I150M81I	659fdb1b7d76daa3b50c79827fdb6071	524292
L	678	250	*	*	*	*	*	963075	*
H	678	150	96.7	+	0	0	19I150M81I	659fdb1b7d76daa3b50c79827fdb6071	963075
H	20485	150	93.3	+	0	0	19I150M81I	39c9cc12af30a7523440042ce4e8e44e	94242
H	20671	150	90.0	+	0	0	19I116MI34M80I	39c9cc12af30a7523440042ce4e8e44e	4434719
H	20391	150	90.0	+	0	0	19I116MI34M80I	39c9cc12af30a7523440042ce4e8e44e	369183
H	20424	150	90.0	+	0	0	19I116MI34M80I	39c9cc12af30a7523440042ce4e8e44e	166509
H	20543	150	90.7	+	0	0	19I116MI34M80I	39c9cc12af30a7523440042ce4e8e44e	227
H	1787	150	99.3	+	0	0	19I150M81I	b5c29845760062f77e45e52ae862c148	609022
H	16599	150	99.3	+	0	0	19I150M81I	b5c29845760062f77e45e52ae862c148	4310109
L	9423	250	*	*	*	*	*	109111	*
H	9423	150	99.3	+	0	0	19I150M81I	b5c29845760062f77e45e52ae862c148	109111
L	9424	250	*	*	*	*	*	109107	*
H	9424	150	99.3	+	0	0	19I150M81I	b5c29845760062f77e45e52ae862c148	109107
L	9425	250	*	*	*	*	*	109106	*
H	9425	150	99.3	+	0	0	19I150M81I	b5c29845760062f77e45e52ae862c148	109106
H	18579	150	100.0	+	0	0	19I150M81I	ac5402de1ddf427ab8d2b0a8a0a44f19	4402960
H	7310	150	97.3	+	0	0	19I150M81I	ac5402de1ddf427ab8d2b0a8a0a44f19	197072
L	7792	250	*	*	*	*	*	185242	*
H	7792	150	92.0	+	0	0	19I150M81I	ac5402de1ddf427ab8d2b0a8a0a44f19	185242
L	5434	250	*	*	*	*	*	308116	*
H	5434	150	93.3	+	0	0	19I150M81I	ac5402de1ddf427ab8d2b0a8a0a44f19	308116
L	4778	250	*	*	*	*	*	347453	*
H	4778	150	92.0	+	0	0	19I150M81I	ac5402de1ddf427ab8d2b0a8a0a44f19	347453
L	19689	250	*	*	*	*	*	4456813	*
H	19689	150	100.0	+	0	0	19I150M81I	04195686f2b70585790ec75320de0d6f	4456813
L	19627	250	*	*	*	*	*	4454062	*
H	19627	150	100.0	+	0	0	19I150M81I	04195686f2b70585790ec75320de0d6f	4454062
L	17688	250	*	*	*	*	*	656881	*
H	17688	150	100.0	+	0	0	19I150M81I	04195686f2b70585790ec75320de0d6f	656881
L	13253	250	*	*	*	*	*	2605029	*
H	13253	150	100.0	+	0	0	19I150M81I	04195686f2b70585790ec75320de0d6f	2605029
L	12136	250	*	*	*	*	*	2017805	*
H	12136	150	100.0	+	0	0	19I150M81I	04195686f2b70585790ec75320de0d6f	2017805
N	*	150	*	*	*	*	*	079cebadbb19439f15e42f412f3d71db	*
N	*	150	*	*	*	*	*	1e22ec8824bcfcbee632e1935b25b576	*
H	18579	150	99.3	+	0	0	19I150M81I	df76d62e20057f38d77bbd6286d4cdcb	4402960
H	7310	150	96.7	+	0	0	19I150M81I	df76d62e20057f38d77bbd6286d4cdcb	197072
L	15946	250	*	*	*	*	*	4142051	*
H	15946	150	92.7	+	0	0	19I150M81I	df76d62e20057f38d77bbd6286d4cdcb	4142051
L	13145	250	*	*	*	*	*	2545106	*
H	13145	150	92.7	+	0	0	19I150M81I	df76d62e20057f38d77bbd6286d4cdcb	2545106
L	4287	250	*	*	*	*	*	366398	*
H	4287	150	92.7	+	0	0	19I150M81I	df76d62e20057f38d77bbd6286d4cdcb	366398
D	528	2	*	*	*	*	100.0	998943	*
D	641	2	*	*	*	*	98.0	972803	*
D	693	2	*	*	*	*	100.0	959333	*
D	1248	2	*	*	*	*	98.0	827497	*
D	1371	2	*	*	*	*	97.3	809629	*
D	1936	2	*	*	*	*	94.0	586832	*
D	3319	2	*	*	*	*	92.7	521806	*
D	4611	2	*	*	*	*	100.0	357074	*
D	6014	2	*	*	*	*	100.0	278680	*
D	6275	2	*	*	*	*	100.0	266330	*
D	6882	2	*	*	*	*	90.7	233893	*
D	7025	2	*	*	*	*	100.0	218869	*
D	9133	2	*	*	*	*	96.7	137340	*
D	9425	2	*	*	*	*	99.3	109106	*
D	9652	2	*	*	*	*	100.0	101118	*
D	11036	3	*	*	*	*	99.7	5796	*
D	11211	2	*	*	*	*	100.0	748654	*
D	11212	3	*	*	*	*	99.0	745368	*
D	12135	2	*	*	*	*	99.3	2017017	*
D	12136	2	*	*	*	*	100.0	2017805	*
D	12223	2	*	*	*	*	96.7	1137089	*
D	12419	2	*	*	*	*	93.3	811996	*
D	12636	2	*	*	*	*	99.3	1075454	*
D	13272	3	*	*	*	*	96.0	984766	*
D	14215	2	*	*	*	*	100.0	1059977	*
D	15923	2	*	*	*	*	97.3	4130483	*
D	16106	2	*	*	*	*	100.0	820176	*
D	16822	2	*	*	*	*	99.3	4320250	*
D	16829	2	*	*	*	*	100.0	4320599	*
D	16986	2	*	*	*	*	100.0	4326794	*
D	17578	2	*	*	*	*	98.0	4355718	*
D	18579	4	*	*	*	*	99.6	4402960	*
D	18628	2	*	*	*	*	96.7	4405914	*
D	18873	2	*	*	*	*	100.0	4416988	*
D	19537	2	*	*	*	*	98.0	4449456	*
D	20485	5	*	*	*	*	94.8	94242	*
