 Sat Feb 28 14:00:46 2015

 Command: sortmerna --ref /home/ubuntu/data/unite-14.11/97_otus.fasta,/tmp/tmpevnKd4/97_otus -e 1.0 --aligned /home/ubuntu/data/2015.02.25-tax-parameter-sweep-simulated/simulated-community/F2-iter3/unite-97-rep-set/sortmerna/1.0:0.9:3:0.9:1.0:full-ref/sortmerna_map -a 1 --print_all_reads --log --blast 3 --reads /home/ubuntu/data/short-read-tax-assignment/data/simulated-community/F2-iter3/rep_set.fna -v --best 3 
 Process pid = 26531
 Parameters summary:
    Index: /tmp/tmpevnKd4/97_otus
     Seed length = 18
     Pass 1 = 18, Pass 2 = 9, Pass 3 = 3
     Gumbel lambda = 0.617553
     Gumbel K = 0.341122
     Minimal SW score based on E-value = 44
    Number of seeds = 2
    Edges = 4 (as integer)
    SW match = 2
    SW mismatch = -3
    SW gap open penalty = 5
    SW gap extend penalty = 2
    SW ambiguous nucleotide = -3
    SQ tags are not output
    Number of threads = 1
    Reads file = /home/ubuntu/data/short-read-tax-assignment/data/simulated-community/F2-iter3/rep_set.fna

 Results:
    Total reads = 2024
    Total reads passing E-value threshold = 1936 (95.65%)
    Total reads failing E-value threshold = 88 (4.35%)
    Minimum read length = 1
    Maximum read length = 100
    Mean read length = 95
 By database:
    /home/ubuntu/data/unite-14.11/97_otus.fasta		95.65%
