UclustConsensusTaxonAssigner parameters:
id_to_taxonomy_filepath:/Users/nbokulich/Desktop/ref_dbs/gg_13_8_otus/taxonomy/99_otu_taxonomy.txt
id_to_taxonomy_fp:/Users/nbokulich/Desktop/ref_dbs/gg_13_8_otus/taxonomy/99_otu_taxonomy.txt
max_accepts:3
min_consensus_fraction:0.51
reference_sequences_fp:/Users/nbokulich/Desktop/ref_dbs/gg_13_8_otus/rep_set/99_otus/dna-sequences.fasta
similarity:0.97
unassignable_label:Unassigned
Result path: /var/folders/0t/l1dz88p50y91vx_22fx5w3780000gn/T/assign-taxaB8JHR

.uc file contents:

# uclust --input /Users/nbokulich/Desktop/projects/short-read-tax-assignment/data/mock-community/mock-23/rep_seqs.fna --id 0.97 --rev --maxaccepts 3 --allhits --libonly --lib /Users/nbokulich/Desktop/ref_dbs/gg_13_8_otus/rep_set/99_otus/dna-sequences.fasta --uc /var/folders/0t/l1dz88p50y91vx_22fx5w3780000gn/T/UclustConsensusTaxonAssigner_chkNFp.uc
# version=1.2.22
# Tab-separated fields:
# 1=Type, 2=ClusterNr, 3=SeqLength or ClusterSize, 4=PctId, 5=Strand, 6=QueryStart, 7=SeedStart, 8=Alignment, 9=QueryLabel, 10=TargetLabel
# Record types (field 1): L=LibSeed, S=NewSeed, H=Hit, R=Reject, D=LibCluster, C=NewCluster, N=NoHit
# For C and D types, PctId is average id with seed.
# QueryStart and SeedStart are zero-based relative to start of sequence.
# If minus strand, SeedStart is relative to reverse-complemented seed.
L	134110	250	*	*	*	*	*	2743675	*
H	134110	231	99.1	+	0	0	231M19I	b53806d2798866e54bc88919793f0143	2743675
L	126295	250	*	*	*	*	*	2285105	*
H	126295	231	100.0	+	0	0	231M19I	b53806d2798866e54bc88919793f0143	2285105
L	60453	250	*	*	*	*	*	291617	*
H	60453	231	100.0	+	0	0	231M19I	b53806d2798866e54bc88919793f0143	291617
N	*	231	*	*	*	*	*	22ddf92ba59bd471f971d6df3420d960	*
L	117092	250	*	*	*	*	*	1759078	*
H	117092	231	97.8	+	0	0	231M19I	c9bf5c74d65804a3c12ee5f33a35ce53	1759078
L	5863	250	*	*	*	*	*	922847	*
H	5863	231	97.4	+	0	0	231M19I	c9bf5c74d65804a3c12ee5f33a35ce53	922847
L	166387	250	*	*	*	*	*	4323768	*
H	166387	231	100.0	+	0	0	231M19I	c9bf5c74d65804a3c12ee5f33a35ce53	4323768
L	118676	250	*	*	*	*	*	1136644	*
H	118676	231	97.8	-	0	0	3D195MD32M23I	a7b0c414b25cce98084fb827cf1a301d	1136644
L	3153	250	*	*	*	*	*	1024239	*
H	3153	231	97.8	-	0	0	4D227M23I	a7b0c414b25cce98084fb827cf1a301d	1024239
L	137079	250	*	*	*	*	*	956322	*
H	137079	231	97.4	-	0	0	4D227M23I	a7b0c414b25cce98084fb827cf1a301d	956322
N	*	231	*	*	*	*	*	598c0d78a56f4f34186a60a2096c8cbb	*
N	*	231	*	*	*	*	*	379b0b06a220a7dae9bb4fd3c084fa4b	*
L	155561	250	*	*	*	*	*	4021335	*
H	155561	231	97.8	+	0	0	231M19I	47d01e6146062d4183e8b7db6a700475	4021335
L	123202	250	*	*	*	*	*	851701	*
H	123202	231	98.3	+	0	0	231M19I	47d01e6146062d4183e8b7db6a700475	851701
L	111329	250	*	*	*	*	*	8315	*
H	111329	231	98.3	+	0	0	231M19I	47d01e6146062d4183e8b7db6a700475	8315
N	*	231	*	*	*	*	*	3510d5121df9f091d80df9d53c460170	*
L	104803	250	*	*	*	*	*	84677	*
H	104803	231	99.1	+	0	0	231M19I	42370bee07a419d0bf08a77c71eb71b2	84677
L	179719	250	*	*	*	*	*	4391752	*
H	179719	231	97.8	+	0	0	92MD138M20I	42370bee07a419d0bf08a77c71eb71b2	4391752
L	6694	250	*	*	*	*	*	890990	*
H	6694	231	99.1	+	0	0	231M19I	42370bee07a419d0bf08a77c71eb71b2	890990
L	89857	250	*	*	*	*	*	170011	*
H	89857	231	97.8	+	0	0	231M19I	94abfcc74e15148e81c3ecca47a75bed	170011
L	160707	250	*	*	*	*	*	4296941	*
H	160707	231	97.8	+	0	0	231M19I	94abfcc74e15148e81c3ecca47a75bed	4296941
L	112571	250	*	*	*	*	*	1418	*
H	112571	231	97.8	+	0	0	231M19I	94abfcc74e15148e81c3ecca47a75bed	1418
L	119315	250	*	*	*	*	*	1888677	*
H	119315	231	99.1	+	0	0	231M19I	27fba45e7fc11454fced0163d6f1d252	1888677
L	127545	250	*	*	*	*	*	2360746	*
H	127545	231	99.6	+	0	0	231M19I	27fba45e7fc11454fced0163d6f1d252	2360746
L	164509	250	*	*	*	*	*	4314737	*
H	164509	231	97.8	+	0	0	12M2I40MI19MI160M15I	27fba45e7fc11454fced0163d6f1d252	4314737
L	140872	250	*	*	*	*	*	3145853	*
H	140872	231	99.6	+	0	0	231M19I	f63e6ab460ac14d303246d75b594b8b3	3145853
L	136785	250	*	*	*	*	*	2901965	*
H	136785	231	100.0	+	0	0	231M19I	f63e6ab460ac14d303246d75b594b8b3	2901965
L	6112	250	*	*	*	*	*	912531	*
H	6112	231	100.0	+	0	0	231M19I	f63e6ab460ac14d303246d75b594b8b3	912531
N	*	231	*	*	*	*	*	3cd8ddf19b7f33636feb6f51fb66b95b	*
N	*	231	*	*	*	*	*	20dbe633dbcc7b600023c3de531d76a6	*
N	*	231	*	*	*	*	*	a7ac04fb6dae5540438d7f5f9b626ca6	*
N	*	231	*	*	*	*	*	2c96a1782f0cb1b3e667532edf270489	*
N	*	231	*	*	*	*	*	ce77c65b3e1e7edeb424469deba7ee67	*
N	*	231	*	*	*	*	*	88c84411a36fcd85de778f674566a98f	*
N	*	231	*	*	*	*	*	f6df80fbd44d78dca57212ff04c2e220	*
N	*	231	*	*	*	*	*	d1d7a9e4b0a0765249da09ad29ca8fe1	*
N	*	231	*	*	*	*	*	868ad993d877f286cd2f3cb5999e35d8	*
N	*	231	*	*	*	*	*	c65950f2620a6861702c255894799c99	*
N	*	231	*	*	*	*	*	91cd2f1bc255bc97cdedfd51a5381471	*
N	*	231	*	*	*	*	*	ad63a4c28143848beb7dd921e1147d72	*
N	*	231	*	*	*	*	*	216b40cde70ff45984122f14482c7e57	*
N	*	231	*	*	*	*	*	261ae78eace5e030b67d81fd7def8d09	*
L	109506	250	*	*	*	*	*	18619	*
H	109506	231	99.6	+	0	0	231M19I	59828a7f38cbaf70fd284e624a459803	18619
L	46659	250	*	*	*	*	*	346275	*
H	46659	231	98.7	+	0	0	231M19I	59828a7f38cbaf70fd284e624a459803	346275
L	45312	250	*	*	*	*	*	351659	*
H	45312	231	98.7	+	0	0	231M19I	59828a7f38cbaf70fd284e624a459803	351659
L	167451	250	*	*	*	*	*	4329215	*
H	167451	231	99.6	+	0	0	231M19I	5f24d62e8caaa259b59cb08f7c7756df	4329215
L	164648	250	*	*	*	*	*	4315405	*
H	164648	231	100.0	+	0	0	231M19I	5f24d62e8caaa259b59cb08f7c7756df	4315405
L	171709	250	*	*	*	*	*	4350748	*
H	171709	231	100.0	+	0	0	231M19I	5f24d62e8caaa259b59cb08f7c7756df	4350748
N	*	231	*	*	*	*	*	cf0472eb326ad0b923d709b550e88895	*
N	*	231	*	*	*	*	*	a062f5b5ef35bb18d35c206efb52989a	*
N	*	231	*	*	*	*	*	2fe0d49dde617cc794a5eac8643a224c	*
N	*	231	*	*	*	*	*	a6fa8c319add1cce028176bde5925e0d	*
N	*	231	*	*	*	*	*	a0354da1299a5f86e1dabf551115e988	*
L	42229	250	*	*	*	*	*	366386	*
H	42229	231	97.8	+	0	0	57MD173M20I	b724fc9a4abb0d7600021d80d95e5243	366386
N	*	231	*	*	*	*	*	1c3e865d1fc5e0a8a0f78c8104960cca	*
H	104803	231	99.6	+	0	0	231M19I	867a6a47b7304418cb43fb4a2e30d3d0	84677
H	179719	231	98.3	+	0	0	92MD138M20I	867a6a47b7304418cb43fb4a2e30d3d0	4391752
H	6694	231	99.6	+	0	0	231M19I	867a6a47b7304418cb43fb4a2e30d3d0	890990
N	*	231	*	*	*	*	*	a45147adb284cb77039b6f072c024943	*
N	*	231	*	*	*	*	*	827c9647d41456c90a58feca08988959	*
N	*	231	*	*	*	*	*	7114621139a3ab545362d7eaab6e1914	*
L	7334	250	*	*	*	*	*	865331	*
H	7334	231	100.0	+	0	0	231M19I	83da98c6bc8521e9c791aeced185cb15	865331
L	65341	250	*	*	*	*	*	269901	*
H	65341	231	100.0	+	0	0	53MI178M18I	83da98c6bc8521e9c791aeced185cb15	269901
L	113797	250	*	*	*	*	*	660584	*
H	113797	231	99.6	+	0	0	231M19I	83da98c6bc8521e9c791aeced185cb15	660584
N	*	231	*	*	*	*	*	220c846f12fd2f209cec1f6869147a6d	*
L	137737	250	*	*	*	*	*	2953981	*
H	137737	231	99.1	+	0	0	231M19I	9ca45f68f3c2a26d26b68740a86ad5c7	2953981
L	166331	250	*	*	*	*	*	4323548	*
H	166331	231	99.1	+	0	0	231M19I	9ca45f68f3c2a26d26b68740a86ad5c7	4323548
L	6262	250	*	*	*	*	*	907133	*
H	6262	231	97.4	+	0	0	140MD39MI51M19I	9ca45f68f3c2a26d26b68740a86ad5c7	907133
N	*	231	*	*	*	*	*	24500b0cb6a2cd594665d924e9c37793	*
L	158453	250	*	*	*	*	*	4196769	*
H	158453	231	100.0	+	0	0	9MI222M18I	68661e529a25adcd6991459ac7aa4cd7	4196769
L	177896	250	*	*	*	*	*	4382760	*
H	177896	231	98.7	+	0	0	231M19I	68661e529a25adcd6991459ac7aa4cd7	4382760
L	178706	250	*	*	*	*	*	4386879	*
H	178706	231	100.0	+	0	0	231M19I	68661e529a25adcd6991459ac7aa4cd7	4386879
L	21346	250	*	*	*	*	*	578908	*
H	21346	231	98.3	+	0	0	231M19I	f916d48796e31987b702bb38076ea489	578908
L	155164	250	*	*	*	*	*	757903	*
H	155164	231	98.7	+	0	0	231M19I	f916d48796e31987b702bb38076ea489	757903
L	17380	250	*	*	*	*	*	593216	*
H	17380	231	97.4	+	0	0	231M19I	f916d48796e31987b702bb38076ea489	593216
N	*	231	*	*	*	*	*	5a68cea8486c9e8d88dd164964f44037	*
L	17663	250	*	*	*	*	*	592160	*
H	17663	231	100.0	+	0	0	231M19I	d03173933344f7959edc8d5fa2178b4b	592160
L	131243	250	*	*	*	*	*	2584423	*
H	131243	231	100.0	+	0	0	178MI53M18I	d03173933344f7959edc8d5fa2178b4b	2584423
L	156267	250	*	*	*	*	*	4063709	*
H	156267	231	100.0	+	0	0	231M19I	d03173933344f7959edc8d5fa2178b4b	4063709
N	*	231	*	*	*	*	*	b6b46977570b0f03b34e948c7c398dca	*
L	143578	250	*	*	*	*	*	1065082	*
H	143578	231	100.0	+	0	0	231M19I	675901e598409fba2ca88494be3463d3	1065082
L	1496	250	*	*	*	*	*	1087597	*
H	1496	231	97.8	+	0	0	231M19I	675901e598409fba2ca88494be3463d3	1087597
L	4547	250	*	*	*	*	*	972955	*
H	4547	231	99.6	+	0	0	231M19I	675901e598409fba2ca88494be3463d3	972955
L	18440	250	*	*	*	*	*	589277	*
H	18440	231	99.6	+	0	0	231M19I	2d4978cf246f2ee60cd5ddba9df73e8e	589277
L	130311	250	*	*	*	*	*	846373	*
H	130311	231	100.0	+	0	0	231M19I	2d4978cf246f2ee60cd5ddba9df73e8e	846373
L	130310	250	*	*	*	*	*	844952	*
H	130310	231	98.7	+	0	0	35MD61MD133M21I	2d4978cf246f2ee60cd5ddba9df73e8e	844952
L	41124	250	*	*	*	*	*	380713	*
H	41124	231	98.3	+	0	0	231M19I	333a40af36286f867e8e903e420016d4	380713
L	4141	250	*	*	*	*	*	986948	*
H	4141	231	97.8	+	0	0	231M19I	333a40af36286f867e8e903e420016d4	986948
L	41118	250	*	*	*	*	*	380888	*
H	41118	231	97.4	+	0	0	231M19I	333a40af36286f867e8e903e420016d4	380888
L	109904	250	*	*	*	*	*	15033	*
H	109904	231	98.7	+	0	0	231M19I	1b736c9b2516e440141859f406d9a754	15033
L	184603	250	*	*	*	*	*	4416988	*
H	184603	231	100.0	+	0	0	231M19I	1b736c9b2516e440141859f406d9a754	4416988
L	169931	250	*	*	*	*	*	4341595	*
H	169931	231	100.0	+	0	0	231M19I	1b736c9b2516e440141859f406d9a754	4341595
N	*	231	*	*	*	*	*	8cd1bd26a7174f457af7de4009181070	*
N	*	231	*	*	*	*	*	4782e3cb8bf69dc4598cc1366bbdce7e	*
N	*	231	*	*	*	*	*	a9bc10e808f392c9e1cf16237f4a9b7e	*
N	*	231	*	*	*	*	*	89265d3d460ea46717c3c680c9d1d4a0	*
N	*	231	*	*	*	*	*	cabced68f3beb2813e29253f1c892f3d	*
N	*	231	*	*	*	*	*	a972fcd8be10c8d34ba56608108cfe22	*
N	*	231	*	*	*	*	*	ff72c33f44dd52a9940127ece6d74cd8	*
N	*	231	*	*	*	*	*	0493483cc66975024c927c2356f762d9	*
N	*	231	*	*	*	*	*	bcc8ad1c4518db8cc3549258f5834d4a	*
N	*	231	*	*	*	*	*	e14cfc36fbbb77b5d592215be53f3923	*
L	166988	250	*	*	*	*	*	4326794	*
H	166988	231	100.0	+	0	0	231M19I	2c5352f7ad9c99e93424ced5793b9f83	4326794
L	111687	250	*	*	*	*	*	6432	*
H	111687	231	98.7	+	0	0	231M19I	2c5352f7ad9c99e93424ced5793b9f83	6432
L	161243	250	*	*	*	*	*	4299448	*
H	161243	231	99.1	+	0	0	27MI204M18I	2c5352f7ad9c99e93424ced5793b9f83	4299448
L	141532	250	*	*	*	*	*	1059977	*
H	141532	231	99.6	+	0	0	231M19I	4669f785716df43aa86c9a990e619eb1	1059977
L	116618	250	*	*	*	*	*	730315	*
H	116618	231	98.7	+	0	0	231M19I	4669f785716df43aa86c9a990e619eb1	730315
L	23981	250	*	*	*	*	*	567972	*
H	23981	231	99.6	+	0	0	231M19I	4669f785716df43aa86c9a990e619eb1	567972
N	*	231	*	*	*	*	*	f87fe98e3a70e14b5fa41cbe36d56d48	*
N	*	231	*	*	*	*	*	e20b40e3708fe307459135d57da56815	*
L	35844	250	*	*	*	*	*	518426	*
H	35844	231	97.8	+	0	0	231M19I	b388105c62e78022d2c1ad9774b909be	518426
L	35945	250	*	*	*	*	*	517916	*
H	35945	231	97.8	+	0	0	231M19I	b388105c62e78022d2c1ad9774b909be	517916
L	36200	250	*	*	*	*	*	516765	*
H	36200	231	97.4	+	0	0	231M19I	b388105c62e78022d2c1ad9774b909be	516765
N	*	231	*	*	*	*	*	8527f4bbaa7eeb322230ec11be03b65e	*
N	*	231	*	*	*	*	*	34b43c4cee1e9b35548ce4611ce61221	*
H	137737	231	99.6	+	0	0	231M19I	f4c210a6fd0d1469a03d81516475560a	2953981
H	166331	231	99.6	+	0	0	231M19I	f4c210a6fd0d1469a03d81516475560a	4323548
H	6262	231	97.8	+	0	0	140MD39MI51M19I	f4c210a6fd0d1469a03d81516475560a	907133
N	*	231	*	*	*	*	*	4aa1826b4bcccd4d1d8eae11fa66d439	*
L	10081	250	*	*	*	*	*	817986	*
H	10081	231	100.0	+	0	0	231M19I	1820e6e409a195ddef6a8d62d7b5242b	817986
L	114224	250	*	*	*	*	*	1597171	*
H	114224	231	100.0	+	0	0	231M19I	1820e6e409a195ddef6a8d62d7b5242b	1597171
L	71479	250	*	*	*	*	*	247057	*
H	71479	231	98.7	+	0	0	72MD66MI92M19I	1820e6e409a195ddef6a8d62d7b5242b	247057
L	36210	250	*	*	*	*	*	516703	*
H	36210	231	97.8	+	0	0	231M19I	a0748d07684e299b7bb3fdb265e5de4a	516703
L	175023	250	*	*	*	*	*	4368039	*
H	175023	231	98.3	+	0	0	231M19I	a0748d07684e299b7bb3fdb265e5de4a	4368039
L	111783	250	*	*	*	*	*	5796	*
H	111783	231	100.0	+	0	0	231M19I	a0748d07684e299b7bb3fdb265e5de4a	5796
L	178130	250	*	*	*	*	*	4383963	*
H	178130	231	100.0	+	0	0	231M19I	60dee2662b4b91421600aac40dc69575	4383963
L	189975	250	*	*	*	*	*	4443387	*
H	189975	231	99.1	+	0	0	231M19I	60dee2662b4b91421600aac40dc69575	4443387
L	144438	250	*	*	*	*	*	3353458	*
H	144438	231	98.3	+	0	0	231M19I	60dee2662b4b91421600aac40dc69575	3353458
N	*	231	*	*	*	*	*	b8cc728644d1ee15082bc05ed841134a	*
N	*	231	*	*	*	*	*	4d0eceff835ac453578ef1bc22e21856	*
L	37297	250	*	*	*	*	*	512522	*
H	37297	231	97.8	+	0	0	231M19I	aa920529d931f31b07482715d415ac65	512522
L	58526	250	*	*	*	*	*	298388	*
H	58526	231	99.1	+	0	0	231M19I	aa920529d931f31b07482715d415ac65	298388
L	113004	250	*	*	*	*	*	662852	*
H	113004	231	99.6	+	0	0	231M19I	aa920529d931f31b07482715d415ac65	662852
L	35095	250	*	*	*	*	*	521761	*
H	35095	231	99.1	+	0	0	231M19I	cd63dfedc5c218993f5e48dc2a9e931c	521761
L	162084	250	*	*	*	*	*	4303388	*
H	162084	231	100.0	+	0	0	231M19I	cd63dfedc5c218993f5e48dc2a9e931c	4303388
L	185744	250	*	*	*	*	*	4422479	*
H	185744	231	100.0	+	0	0	231M19I	cd63dfedc5c218993f5e48dc2a9e931c	4422479
N	*	231	*	*	*	*	*	e8cae2618096d5179befa00581769617	*
N	*	231	*	*	*	*	*	6cc76bc1abdad808d9b6e0d0dfda25c0	*
N	*	231	*	*	*	*	*	bf26a539c6c5f7f6bfbbc113bcb51f43	*
N	*	231	*	*	*	*	*	6b57b00d3724d584038b912d5462b1a3	*
L	131639	250	*	*	*	*	*	1080813	*
H	131639	231	100.0	+	0	0	50MI181M18I	bbc6a536ea3427b5eeaa008fd43ff261	1080813
L	192441	250	*	*	*	*	*	4456416	*
H	192441	231	99.6	+	0	0	231M19I	bbc6a536ea3427b5eeaa008fd43ff261	4456416
L	34423	250	*	*	*	*	*	524626	*
H	34423	231	100.0	+	0	0	231M19I	bbc6a536ea3427b5eeaa008fd43ff261	524626
N	*	231	*	*	*	*	*	a77817858ceb7af4413df693bed66147	*
L	60185	250	*	*	*	*	*	292435	*
H	60185	231	99.6	+	0	0	231M19I	b3ac116d7126c83be5fb72684b3cc1de	292435
L	35417	250	*	*	*	*	*	520330	*
H	35417	231	99.6	+	0	0	231M19I	b3ac116d7126c83be5fb72684b3cc1de	520330
L	35906	250	*	*	*	*	*	518140	*
H	35906	231	99.6	+	0	0	231M19I	b3ac116d7126c83be5fb72684b3cc1de	518140
N	*	231	*	*	*	*	*	2f730983510f77c18a89f6b16e58d3f9	*
N	*	231	*	*	*	*	*	9f19f8e6b1e65047946a06c6ec0e3b33	*
N	*	231	*	*	*	*	*	0c01877ee48a17ced09f7382bfdece9f	*
N	*	231	*	*	*	*	*	0a6b2c70cbe72803956af2241a4a82a7	*
L	16936	250	*	*	*	*	*	609022	*
H	16936	231	99.6	+	0	0	231M19I	bd0e04bba322ccdb0aeddbdc43ce1798	609022
L	110824	250	*	*	*	*	*	11080	*
H	110824	231	99.1	+	0	0	231M19I	bd0e04bba322ccdb0aeddbdc43ce1798	11080
L	103984	250	*	*	*	*	*	94130	*
H	103984	231	100.0	+	0	0	231M19I	bd0e04bba322ccdb0aeddbdc43ce1798	94130
N	*	231	*	*	*	*	*	9f8aa20f490a5369857e9684b459277f	*
N	*	231	*	*	*	*	*	534500b6dc848fb489ef4fd0c6f9fdcb	*
D	3153	2	*	*	*	*	97.8	1024239	*
D	6112	2	*	*	*	*	100.0	912531	*
D	6694	3	*	*	*	*	99.4	890990	*
D	23981	2	*	*	*	*	99.6	567972	*
D	34423	2	*	*	*	*	100.0	524626	*
D	35906	2	*	*	*	*	99.6	518140	*
D	35945	2	*	*	*	*	97.8	517916	*
D	41124	2	*	*	*	*	98.3	380713	*
D	42229	2	*	*	*	*	97.8	366386	*
D	60453	2	*	*	*	*	100.0	291617	*
D	65341	2	*	*	*	*	100.0	269901	*
D	103984	2	*	*	*	*	100.0	94130	*
D	109506	2	*	*	*	*	99.6	18619	*
D	111329	2	*	*	*	*	98.3	8315	*
D	111783	2	*	*	*	*	100.0	5796	*
D	112571	2	*	*	*	*	97.8	1418	*
D	113004	2	*	*	*	*	99.6	662852	*
D	114224	2	*	*	*	*	100.0	1597171	*
D	127545	2	*	*	*	*	99.6	2360746	*
D	130311	2	*	*	*	*	100.0	846373	*
D	143578	2	*	*	*	*	100.0	1065082	*
D	155164	2	*	*	*	*	98.7	757903	*
D	156267	2	*	*	*	*	100.0	4063709	*
D	166331	3	*	*	*	*	99.4	4323548	*
D	166387	2	*	*	*	*	100.0	4323768	*
D	166988	2	*	*	*	*	100.0	4326794	*
D	169931	2	*	*	*	*	100.0	4341595	*
D	171709	2	*	*	*	*	100.0	4350748	*
D	178130	2	*	*	*	*	100.0	4383963	*
D	178706	2	*	*	*	*	100.0	4386879	*
D	185744	2	*	*	*	*	100.0	4422479	*
