UclustConsensusTaxonAssigner parameters:
id_to_taxonomy_filepath:/home/nbokulic/gg_13_5/gg_13_5_otus/taxonomy/97_otu_taxonomy_MOD.txt
id_to_taxonomy_fp:/home/nbokulic/gg_13_5/gg_13_5_otus/taxonomy/97_otu_taxonomy_MOD.txt
max_accepts:10
min_consensus_fraction:0.5
reference_sequences_fp:/home/nbokulic/gg_13_5/gg_13_5_otus/rep_set/97_otus.fasta
similarity:0.97
unassignable_label:Unassigned
Result path: "/scratch/assign-taxQiTcpgg3VRDm1MNuMtoV.txt"

.uc file contents:

# uclust --input /home/nbokulic/open_reference_otus/broad1/psrotot_gg_13_5/rep_set.fna --id 0.97 --rev --maxaccepts 10 --allhits --libonly --lib /home/nbokulic/gg_13_5/gg_13_5_otus/rep_set/97_otus.fasta --uc /scratch/UclustConsensusTaxonAssigner_zEQa8W.uc
# version=1.2.22
# Tab-separated fields:
# 1=Type, 2=ClusterNr, 3=SeqLength or ClusterSize, 4=PctId, 5=Strand, 6=QueryStart, 7=SeedStart, 8=Alignment, 9=QueryLabel, 10=TargetLabel
# Record types (field 1): L=LibSeed, S=NewSeed, H=Hit, R=Reject, D=LibCluster, C=NewCluster, N=NoHit
# For C and D types, PctId is average id with seed.
# QueryStart and SeedStart are zero-based relative to start of sequence.
# If minus strand, SeedStart is relative to reverse-complemented seed.
L	61987	1373	*	*	*	*	*	1069592	*
H	61987	195	97.9	+	0	0	514I195M664I	1039016 HMPMockV1.1.Even2_3369	1069592
L	48948	1490	*	*	*	*	*	137056	*
H	48948	195	97.4	+	0	0	512I195M783I	1039016 HMPMockV1.1.Even2_3369	137056
L	18844	1503	*	*	*	*	*	368134	*
H	18844	195	97.4	+	0	0	513I195M795I	1039016 HMPMockV1.1.Even2_3369	368134
L	64689	1373	*	*	*	*	*	928538	*
H	64689	195	97.4	+	0	0	514I195M664I	1039016 HMPMockV1.1.Even2_3369	928538
L	17881	1474	*	*	*	*	*	465079	*
H	17881	195	97.4	+	0	0	532I195M747I	1039016 HMPMockV1.1.Even2_3369	465079
L	709	1371	*	*	*	*	*	1084865	*
H	709	195	97.4	+	0	0	513I195M663I	1039016 HMPMockV1.1.Even2_3369	1084865
L	1789	1368	*	*	*	*	*	960695	*
H	1789	195	97.4	+	0	0	513I195M660I	1039016 HMPMockV1.1.Even2_3369	960695
L	93236	1411	*	*	*	*	*	4446058	*
H	93236	195	97.4	+	0	0	485I195M731I	1039016 HMPMockV1.1.Even2_3369	4446058
L	60287	1425	*	*	*	*	*	1995363	*
H	60287	195	97.4	+	0	0	513I195M717I	1039016 HMPMockV1.1.Even2_3369	1995363
L	64447	1373	*	*	*	*	*	1055132	*
H	64447	191	99.5	+	0	0	513I191M669I	1055132 HMPMockV1.2.Staggered1_6279	1055132
L	17732	1371	*	*	*	*	*	503354	*
H	17732	191	99.0	+	0	0	513I191M667I	1055132 HMPMockV1.2.Staggered1_6279	503354
L	17794	1370	*	*	*	*	*	496787	*
H	17794	191	99.0	+	0	0	511I191M668I	1055132 HMPMockV1.2.Staggered1_6279	496787
L	83705	1455	*	*	*	*	*	4345285	*
H	83705	191	99.0	+	0	0	488I191M776I	1055132 HMPMockV1.2.Staggered1_6279	4345285
H	709	191	99.0	+	0	0	513I191M667I	1055132 HMPMockV1.2.Staggered1_6279	1084865
L	60625	1372	*	*	*	*	*	863832	*
H	60625	191	97.4	+	0	0	513I191M668I	1055132 HMPMockV1.2.Staggered1_6279	863832
L	69236	1412	*	*	*	*	*	820202	*
H	69236	191	97.9	+	0	0	440I191M781I	1055132 HMPMockV1.2.Staggered1_6279	820202
H	1789	191	99.0	+	0	0	513I191M664I	1055132 HMPMockV1.2.Staggered1_6279	960695
H	18844	191	99.0	+	0	0	513I191M799I	1055132 HMPMockV1.2.Staggered1_6279	368134
L	64793	1372	*	*	*	*	*	996487	*
H	64793	191	98.4	+	0	0	513I191M668I	1055132 HMPMockV1.2.Staggered1_6279	996487
L	61321	1369	*	*	*	*	*	1079866	*
H	61321	192	98.4	+	0	0	513I192M664I	1059655 HMPMockV1.1.Even2_3613	1079866
L	95107	1367	*	*	*	*	*	1059655	*
H	95107	192	99.0	+	0	0	511I192M664I	1059655 HMPMockV1.1.Even2_3613	1059655
L	66421	1367	*	*	*	*	*	965500	*
H	66421	192	99.0	+	0	0	511I192M664I	1059655 HMPMockV1.1.Even2_3613	965500
L	91911	1373	*	*	*	*	*	4432042	*
H	91911	192	98.4	+	0	0	529I192M652I	1059655 HMPMockV1.1.Even2_3613	4432042
L	81133	1382	*	*	*	*	*	4318869	*
H	81133	192	98.4	+	0	0	511I192M679I	1059655 HMPMockV1.1.Even2_3613	4318869
L	771	1368	*	*	*	*	*	1078207	*
H	771	192	98.4	+	0	0	511I192M665I	1059655 HMPMockV1.1.Even2_3613	1078207
L	1725	1370	*	*	*	*	*	968629	*
H	1725	192	97.9	+	0	0	513I192M665I	1059655 HMPMockV1.1.Even2_3613	968629
L	8519	1356	*	*	*	*	*	586458	*
H	8519	192	98.4	+	0	0	491I192M673I	1059655 HMPMockV1.1.Even2_3613	586458
L	56452	1367	*	*	*	*	*	911496	*
H	56452	192	98.4	+	0	0	511I192M664I	1059655 HMPMockV1.1.Even2_3613	911496
L	80297	1401	*	*	*	*	*	4310500	*
H	80297	192	97.9	+	0	0	532I192M677I	1059655 HMPMockV1.1.Even2_3613	4310500
L	782	1369	*	*	*	*	*	1076969	*
H	782	197	98.5	+	0	0	513I197M659I	1059977 HMPMockV1.1.Even2_3545	1076969
L	69895	1369	*	*	*	*	*	1059977	*
H	69895	197	99.0	+	0	0	513I197M659I	1059977 HMPMockV1.1.Even2_3545	1059977
L	10989	1431	*	*	*	*	*	567972	*
H	10989	197	98.5	+	0	0	490I197M744I	1059977 HMPMockV1.1.Even2_3545	567972
L	66279	1356	*	*	*	*	*	1126851	*
H	66279	197	98.0	+	0	0	460I197M699I	1059977 HMPMockV1.1.Even2_3545	1126851
L	35452	1393	*	*	*	*	*	241368	*
H	35452	197	98.0	+	0	0	527I197M669I	1059977 HMPMockV1.1.Even2_3545	241368
L	55055	1540	*	*	*	*	*	15368	*
H	55055	197	98.0	+	0	0	538I197M805I	1059977 HMPMockV1.1.Even2_3545	15368
L	2028	1373	*	*	*	*	*	934488	*
H	2028	191	98.4	+	0	0	513I191M669I	1067519 HMPMockV1.1.Even2_4052	934488
H	17881	191	98.4	+	0	0	532I191M751I	1067519 HMPMockV1.1.Even2_4052	465079
L	18100	1513	*	*	*	*	*	439908	*
H	18100	191	98.4	+	0	0	534I191M788I	1067519 HMPMockV1.1.Even2_4052	439908
L	71523	1451	*	*	*	*	*	3385021	*
H	71523	191	98.4	+	0	0	500I191M760I	1067519 HMPMockV1.1.Even2_4052	3385021
L	19499	1503	*	*	*	*	*	356733	*
H	19499	191	98.4	+	0	0	513I191M799I	1067519 HMPMockV1.1.Even2_4052	356733
L	36927	1512	*	*	*	*	*	227083	*
H	36927	191	97.9	+	0	0	532I191M789I	1067519 HMPMockV1.1.Even2_4052	227083
L	56888	1475	*	*	*	*	*	630141	*
H	56888	191	98.4	+	0	0	515I191M769I	1067519 HMPMockV1.1.Even2_4052	630141
L	18423	1484	*	*	*	*	*	403068	*
H	18423	191	98.4	+	0	0	532I191M761I	1067519 HMPMockV1.1.Even2_4052	403068
H	83705	191	98.4	+	0	0	488I191M776I	1067519 HMPMockV1.1.Even2_4052	4345285
L	18457	1490	*	*	*	*	*	399197	*
H	18457	191	97.9	+	0	0	534I125MI66M764I	1067519 HMPMockV1.1.Even2_4052	399197
L	63856	1374	*	*	*	*	*	1068955	*
H	63856	193	99.0	+	0	0	515I193M666I	1068955 HMPMockV1.1.Even1_1752	1068955
L	62179	1372	*	*	*	*	*	1102743	*
H	62179	193	97.4	+	0	0	513I193M666I	1068955 HMPMockV1.1.Even1_1752	1102743
L	18636	1372	*	*	*	*	*	377874	*
H	18636	193	98.4	+	0	0	513I193M666I	1068955 HMPMockV1.1.Even1_1752	377874
L	64126	1373	*	*	*	*	*	919562	*
H	64126	193	97.9	+	0	0	513I32MI161M666I	1068955 HMPMockV1.1.Even1_1752	919562
L	748	1374	*	*	*	*	*	1081058	*
H	748	193	97.9	+	0	0	515I193M666I	1068955 HMPMockV1.1.Even1_1752	1081058
H	18844	193	98.4	+	0	0	513I193M797I	1068955 HMPMockV1.1.Even1_1752	368134
L	792	1371	*	*	*	*	*	1075891	*
H	792	193	98.4	+	0	0	512I193M666I	1068955 HMPMockV1.1.Even1_1752	1075891
H	19499	193	98.4	+	0	0	513I193M797I	1068955 HMPMockV1.1.Even1_1752	356733
H	64689	193	98.4	+	0	0	514I193M666I	1068955 HMPMockV1.1.Even1_1752	928538
L	64768	1375	*	*	*	*	*	1102057	*
H	64768	193	97.4	+	0	0	516I193M666I	1068955 HMPMockV1.1.Even1_1752	1102057
H	61987	192	99.0	+	0	0	514I192M667I	1069592 HMPMockV1.1.Even1_1196	1069592
L	707	1371	*	*	*	*	*	1084906	*
H	707	192	97.4	+	0	0	513I61MD130M667I	1069592 HMPMockV1.1.Even1_1196	1084906
H	709	192	98.4	+	0	0	513I192M666I	1069592 HMPMockV1.1.Even1_1196	1084865
H	56888	192	98.4	+	0	0	515I192M768I	1069592 HMPMockV1.1.Even1_1196	630141
H	71523	192	98.4	+	0	0	500I192M759I	1069592 HMPMockV1.1.Even1_1196	3385021
H	19499	192	98.4	+	0	0	513I192M798I	1069592 HMPMockV1.1.Even1_1196	356733
H	69236	192	97.4	+	0	0	440I192M780I	1069592 HMPMockV1.1.Even1_1196	820202
H	18844	192	98.4	+	0	0	513I192M798I	1069592 HMPMockV1.1.Even1_1196	368134
H	18636	192	98.4	+	0	0	513I192M667I	1069592 HMPMockV1.1.Even1_1196	377874
L	2640	1369	*	*	*	*	*	868615	*
H	2640	192	98.4	+	0	0	513I192M664I	1069592 HMPMockV1.1.Even1_1196	868615
L	17795	1371	*	*	*	*	*	495788	*
H	17795	193	99.0	+	0	0	513I61MD131M666I	1081058 HMPMockV1.2.Staggered1_6588	495788
L	1201	1376	*	*	*	*	*	1028964	*
H	1201	193	99.0	+	0	0	517I62MD50MI80M666I	1081058 HMPMockV1.2.Staggered1_6588	1028964
L	62687	1373	*	*	*	*	*	1059382	*
H	62687	193	97.4	+	0	0	513I62MD21MI109M667I	1081058 HMPMockV1.2.Staggered1_6588	1059382
H	748	193	100.0	+	0	0	515I193M666I	1081058 HMPMockV1.2.Staggered1_6588	1081058
L	2149	1373	*	*	*	*	*	921399	*
H	2149	193	99.5	+	0	0	514I193M666I	1081058 HMPMockV1.2.Staggered1_6588	921399
L	2148	1372	*	*	*	*	*	921653	*
H	2148	193	99.5	+	0	0	513I193M666I	1081058 HMPMockV1.2.Staggered1_6588	921653
L	2094	1373	*	*	*	*	*	927512	*
H	2094	193	97.9	+	0	0	514I61MD131M667I	1081058 HMPMockV1.2.Staggered1_6588	927512
H	2028	193	99.5	+	0	0	513I193M667I	1081058 HMPMockV1.2.Staggered1_6588	934488
L	1964	1372	*	*	*	*	*	940735	*
H	1964	193	98.4	+	0	0	513I61MD131M667I	1081058 HMPMockV1.2.Staggered1_6588	940735
L	1914	1373	*	*	*	*	*	945865	*
H	1914	193	98.4	+	0	0	514I193M666I	1081058 HMPMockV1.2.Staggered1_6588	945865
L	32794	1428	*	*	*	*	*	260900	*
H	32794	193	97.9	+	0	0	492I193M743I	1112200 HMPMockV1.2.Staggered1_5800	260900
L	48835	1504	*	*	*	*	*	137961	*
H	48835	193	97.9	+	0	0	530I193M781I	1112200 HMPMockV1.2.Staggered1_5800	137961
L	74529	1513	*	*	*	*	*	3773438	*
H	74529	193	97.9	+	0	0	514I193M806I	1112200 HMPMockV1.2.Staggered1_5800	3773438
L	68397	1371	*	*	*	*	*	870751	*
H	68397	193	97.9	+	0	0	513I193M665I	1112200 HMPMockV1.2.Staggered1_5800	870751
H	83705	193	97.9	+	0	0	488I193M774I	1112200 HMPMockV1.2.Staggered1_5800	4345285
L	54619	1524	*	*	*	*	*	27227	*
H	54619	193	97.9	+	0	0	530I193M801I	1112200 HMPMockV1.2.Staggered1_5800	27227
L	16153	1385	*	*	*	*	*	524292	*
H	16153	193	97.4	+	0	0	505I193M687I	1112200 HMPMockV1.2.Staggered1_5800	524292
L	56443	1413	*	*	*	*	*	1532107	*
H	56443	193	97.9	+	0	0	489I193M731I	1112200 HMPMockV1.2.Staggered1_5800	1532107
L	19648	1522	*	*	*	*	*	355695	*
H	19648	193	97.9	+	0	0	544I193M785I	1112200 HMPMockV1.2.Staggered1_5800	355695
L	18912	1424	*	*	*	*	*	366926	*
H	18912	193	97.9	+	0	0	514I193M717I	1112200 HMPMockV1.2.Staggered1_5800	366926
H	48948	191	97.9	+	0	0	512I191M787I	1121111 HMPMockV1.1.Even2_3982	137056
L	7286	1403	*	*	*	*	*	614083	*
H	7286	191	97.9	+	0	0	533I191M679I	1121111 HMPMockV1.1.Even2_3982	614083
H	17881	191	97.9	+	0	0	532I191M751I	1121111 HMPMockV1.1.Even2_3982	465079
H	56888	191	97.9	+	0	0	515I191M769I	1121111 HMPMockV1.1.Even2_3982	630141
L	2184	1369	*	*	*	*	*	917641	*
H	2184	191	97.4	+	0	0	510I191M668I	1121111 HMPMockV1.1.Even2_3982	917641
H	64689	191	97.9	+	0	0	514I191M668I	1121111 HMPMockV1.1.Even2_3982	928538
L	71134	1370	*	*	*	*	*	1040220	*
H	71134	191	97.9	+	0	0	513I191M666I	1121111 HMPMockV1.1.Even2_3982	1040220
L	91462	1390	*	*	*	*	*	4427114	*
H	91462	191	98.4	+	0	0	481I191M718I	1121111 HMPMockV1.1.Even2_3982	4427114
H	71523	191	97.9	+	0	0	500I191M760I	1121111 HMPMockV1.1.Even2_3982	3385021
H	17794	191	97.9	+	0	0	511I191M668I	1121111 HMPMockV1.1.Even2_3982	496787
L	71319	1533	*	*	*	*	*	3355047	*
H	71319	190	98.4	+	0	0	552I190M791I	113773 HMPMockV1.1.Even2_3406	3355047
L	9738	1356	*	*	*	*	*	578022	*
H	9738	190	98.4	+	0	0	488I190M678I	113773 HMPMockV1.1.Even2_3406	578022
L	73947	1480	*	*	*	*	*	759349	*
H	73947	190	99.5	+	0	0	546I190M744I	113773 HMPMockV1.1.Even2_3406	759349
L	58265	1477	*	*	*	*	*	1756274	*
H	58265	190	99.5	+	0	0	527I190M760I	113773 HMPMockV1.1.Even2_3406	1756274
L	14184	1439	*	*	*	*	*	542754	*
H	14184	190	98.4	+	0	0	497I190M752I	113773 HMPMockV1.1.Even2_3406	542754
L	8223	1406	*	*	*	*	*	588755	*
H	8223	190	99.5	+	0	0	544I190M672I	113773 HMPMockV1.1.Even2_3406	588755
L	66872	1512	*	*	*	*	*	693231	*
H	66872	190	98.4	+	0	0	520I190M802I	113773 HMPMockV1.1.Even2_3406	693231
L	74537	1481	*	*	*	*	*	772515	*
H	74537	190	99.5	+	0	0	505I190M786I	113773 HMPMockV1.1.Even2_3406	772515
L	7899	1383	*	*	*	*	*	590982	*
H	7899	190	99.5	+	0	0	524I190M669I	113773 HMPMockV1.1.Even2_3406	590982
L	22528	1408	*	*	*	*	*	334656	*
H	22528	190	98.9	+	0	0	442I190M776I	113773 HMPMockV1.1.Even2_3406	334656
L	91316	1416	*	*	*	*	*	4425571	*
H	91316	193	100.0	+	0	0	481I193M742I	114510 HMPMockV1.2.Staggered1_5552	4425571
L	29028	1400	*	*	*	*	*	289709	*
H	29028	193	100.0	+	0	0	526I193M681I	114510 HMPMockV1.2.Staggered1_5552	289709
L	28584	1399	*	*	*	*	*	292289	*
H	28584	193	100.0	+	0	0	524I193M682I	114510 HMPMockV1.2.Staggered1_5552	292289
L	28181	1389	*	*	*	*	*	295053	*
H	28181	193	100.0	+	0	0	519I193M677I	114510 HMPMockV1.2.Staggered1_5552	295053
L	60331	1389	*	*	*	*	*	1108706	*
H	60331	193	98.4	+	0	0	454I193M742I	114510 HMPMockV1.2.Staggered1_5552	1108706
L	8300	1494	*	*	*	*	*	588216	*
H	8300	193	100.0	+	0	0	513I193M788I	114510 HMPMockV1.2.Staggered1_5552	588216
L	27509	1403	*	*	*	*	*	299267	*
H	27509	193	100.0	+	0	0	526I193M684I	114510 HMPMockV1.2.Staggered1_5552	299267
L	27415	1404	*	*	*	*	*	299851	*
H	27415	193	100.0	+	0	0	526I193M685I	114510 HMPMockV1.2.Staggered1_5552	299851
L	27173	1399	*	*	*	*	*	301149	*
H	27173	193	100.0	+	0	0	526I193M680I	114510 HMPMockV1.2.Staggered1_5552	301149
L	27165	1403	*	*	*	*	*	301184	*
H	27165	193	100.0	+	0	0	526I193M684I	114510 HMPMockV1.2.Staggered1_5552	301184
L	4894	1526	*	*	*	*	*	787709	*
H	4894	193	98.4	+	0	0	528I193M805I	12574 HMPMockV1.1.Even1_694	787709
L	55311	1388	*	*	*	*	*	12574	*
H	55311	193	100.0	+	0	0	423I193M772I	12574 HMPMockV1.1.Even1_694	12574
L	55314	1377	*	*	*	*	*	12560	*
H	55314	193	97.4	+	0	0	462I193M722I	12574 HMPMockV1.1.Even1_694	12560
L	82748	1421	*	*	*	*	*	4336070	*
H	82748	193	97.4	+	0	0	556I193M672I	12574 HMPMockV1.1.Even1_694	4336070
L	79854	1439	*	*	*	*	*	4306166	*
H	79854	193	97.4	+	0	0	553I193M693I	12574 HMPMockV1.1.Even1_694	4306166
L	82583	1398	*	*	*	*	*	4334479	*
H	82583	193	97.9	+	0	0	522I193M683I	12574 HMPMockV1.1.Even1_694	4334479
L	84663	1498	*	*	*	*	*	4355718	*
H	84663	193	97.9	+	0	0	518I193M787I	12574 HMPMockV1.1.Even1_694	4355718
L	6891	1505	*	*	*	*	*	641832	*
H	6891	193	97.4	+	0	0	522I193M790I	12574 HMPMockV1.1.Even1_694	641832
L	53045	1549	*	*	*	*	*	73471	*
H	53045	193	97.4	+	0	0	530I193M826I	12574 HMPMockV1.1.Even1_694	73471
L	65729	1360	*	*	*	*	*	1089121	*
H	65729	193	97.9	+	0	0	501I193M666I	12574 HMPMockV1.1.Even1_694	1089121
L	49625	1505	*	*	*	*	*	128604	*
H	49625	193	100.0	+	0	0	502I193M810I	128604 HMPMockV1.1.Even1_554	128604
L	67596	1421	*	*	*	*	*	2896107	*
H	67596	191	99.0	+	0	0	488I191M742I	137056 HMPMockV1.2.Staggered1_6113	2896107
H	69236	191	97.9	+	0	0	440I191M781I	137056 HMPMockV1.2.Staggered1_6113	820202
H	83705	191	99.0	+	0	0	488I191M776I	137056 HMPMockV1.2.Staggered1_6113	4345285
H	48948	191	99.0	+	0	0	512I191M787I	137056 HMPMockV1.2.Staggered1_6113	137056
H	2184	191	98.4	+	0	0	510I191M668I	137056 HMPMockV1.2.Staggered1_6113	917641
L	1577	1373	*	*	*	*	*	984924	*
H	1577	191	98.4	+	0	0	514I191M668I	137056 HMPMockV1.2.Staggered1_6113	984924
H	792	191	99.0	+	0	0	512I191M668I	137056 HMPMockV1.2.Staggered1_6113	1075891
H	2028	191	99.0	+	0	0	513I191M669I	137056 HMPMockV1.2.Staggered1_6113	934488
H	60287	191	99.0	+	0	0	513I191M721I	137056 HMPMockV1.2.Staggered1_6113	1995363
H	7286	191	99.0	+	0	0	533I191M679I	137056 HMPMockV1.2.Staggered1_6113	614083
L	51831	1500	*	*	*	*	*	99882	*
H	51831	193	97.9	+	0	0	536I193M771I	138389 HMPMockV1.1.Even2_3850	99882
L	62578	1424	*	*	*	*	*	2272797	*
H	62578	193	97.4	+	0	0	547I193M684I	138389 HMPMockV1.1.Even2_3850	2272797
L	48464	1363	*	*	*	*	*	141350	*
H	48464	193	97.9	+	0	0	426I193M744I	138389 HMPMockV1.1.Even2_3850	141350
L	28990	1418	*	*	*	*	*	289933	*
H	28990	193	97.9	+	0	0	544I193M681I	138389 HMPMockV1.1.Even2_3850	289933
L	17590	1356	*	*	*	*	*	509516	*
H	17590	193	97.9	+	0	0	488I193M675I	138389 HMPMockV1.1.Even2_3850	509516
L	60496	1412	*	*	*	*	*	2026051	*
H	60496	193	97.4	+	0	0	541I193M678I	138389 HMPMockV1.1.Even2_3850	2026051
L	28235	1431	*	*	*	*	*	294618	*
H	28235	193	97.9	+	0	0	556I193M682I	138389 HMPMockV1.1.Even2_3850	294618
L	26513	1477	*	*	*	*	*	305561	*
H	26513	193	97.9	+	0	0	521I104MI89M762I	138389 HMPMockV1.1.Even2_3850	305561
L	75601	1539	*	*	*	*	*	1033413	*
H	75601	193	97.9	+	0	0	547I193M799I	138389 HMPMockV1.1.Even2_3850	1033413
L	28159	1421	*	*	*	*	*	295146	*
H	28159	193	97.9	+	0	0	545I77MI116M682I	138389 HMPMockV1.1.Even2_3850	295146
L	46121	1359	*	*	*	*	*	158047	*
H	46121	193	97.9	+	0	0	421I193M745I	149265 HMPMockV1.2.Staggered2_7516	158047
H	91462	193	97.9	+	0	0	481I193M716I	149265 HMPMockV1.2.Staggered2_7516	4427114
L	48715	1549	*	*	*	*	*	139137	*
H	48715	193	97.4	+	0	0	535I193M821I	149265 HMPMockV1.2.Staggered2_7516	139137
L	30146	1371	*	*	*	*	*	277071	*
H	30146	193	98.4	+	0	0	498I193M680I	149265 HMPMockV1.2.Staggered2_7516	277071
L	61728	1372	*	*	*	*	*	686223	*
H	61728	193	97.4	+	0	0	513I193M666I	149265 HMPMockV1.2.Staggered2_7516	686223
L	5459	1438	*	*	*	*	*	746246	*
H	5459	193	98.4	+	0	0	496I11MI5MI31MI112MI34M745I	149265 HMPMockV1.2.Staggered2_7516	746246
L	18501	1512	*	*	*	*	*	392994	*
H	18501	193	97.9	+	0	0	534I193M785I	149265 HMPMockV1.2.Staggered2_7516	392994
L	69301	1428	*	*	*	*	*	1147446	*
H	69301	193	97.9	+	0	0	499I123MD69M737I	149265 HMPMockV1.2.Staggered2_7516	1147446
L	18463	1484	*	*	*	*	*	398350	*
H	18463	193	97.9	+	0	0	534I193M757I	149265 HMPMockV1.2.Staggered2_7516	398350
L	5650	1372	*	*	*	*	*	730049	*
H	5650	193	97.4	+	0	0	513I193M666I	149265 HMPMockV1.2.Staggered2_7516	730049
H	36927	190	98.9	+	0	0	532I190M790I	152001 HMPMockV1.1.Even2_3537	227083
L	45366	1414	*	*	*	*	*	164612	*
H	45366	190	99.5	+	0	0	513I190M711I	152001 HMPMockV1.1.Even2_3537	164612
H	67596	190	99.5	+	0	0	488I190M743I	152001 HMPMockV1.1.Even2_3537	2896107
L	49647	1426	*	*	*	*	*	128223	*
H	49647	190	99.5	+	0	0	526I190M710I	152001 HMPMockV1.1.Even2_3537	128223
L	19765	1369	*	*	*	*	*	354839	*
H	19765	190	98.9	+	0	0	487I190M692I	152001 HMPMockV1.1.Even2_3537	354839
H	2028	190	99.5	+	0	0	513I190M670I	152001 HMPMockV1.1.Even2_3537	934488
H	5650	190	99.5	+	0	0	513I190M669I	152001 HMPMockV1.1.Even2_3537	730049
H	792	190	99.5	+	0	0	512I190M669I	152001 HMPMockV1.1.Even2_3537	1075891
H	18457	190	98.9	+	0	0	534I125MI65M765I	152001 HMPMockV1.1.Even2_3537	399197
L	77392	1372	*	*	*	*	*	979261	*
H	77392	190	98.9	+	0	0	513I190M669I	152001 HMPMockV1.1.Even2_3537	979261
H	18423	193	99.5	+	0	0	532I193M759I	153046 HMPMockV1.2.Staggered1_5921	403068
L	18552	1373	*	*	*	*	*	386899	*
H	18552	193	98.4	+	0	0	513I89MI104M666I	153046 HMPMockV1.2.Staggered1_5921	386899
H	83705	193	99.5	+	0	0	488I193M774I	153046 HMPMockV1.2.Staggered1_5921	4345285
L	962	1373	*	*	*	*	*	1057402	*
H	962	193	99.5	+	0	0	513I193M667I	153046 HMPMockV1.2.Staggered1_5921	1057402
H	7286	193	99.5	+	0	0	533I193M677I	153046 HMPMockV1.2.Staggered1_5921	614083
H	46121	193	99.0	+	0	0	421I193M745I	153046 HMPMockV1.2.Staggered1_5921	158047
H	2028	193	99.5	+	0	0	513I193M667I	153046 HMPMockV1.2.Staggered1_5921	934488
L	53180	1479	*	*	*	*	*	70830	*
H	53180	193	99.0	+	0	0	516I53MI140M769I	153046 HMPMockV1.2.Staggered1_5921	70830
H	18636	193	99.5	+	0	0	513I193M666I	153046 HMPMockV1.2.Staggered1_5921	377874
H	56888	193	99.5	+	0	0	515I193M767I	153046 HMPMockV1.2.Staggered1_5921	630141
H	30146	194	99.0	+	0	0	498I194M679I	1550056 HMPMockV1.2.Staggered1_5675	277071
L	88500	1432	*	*	*	*	*	4396401	*
H	88500	194	98.5	+	0	0	483I194M755I	1550056 HMPMockV1.2.Staggered1_5675	4396401
L	7771	1415	*	*	*	*	*	591907	*
H	7771	194	99.0	+	0	0	483I194M738I	1550056 HMPMockV1.2.Staggered1_5675	591907
H	32794	194	99.0	+	0	0	492I194M742I	1550056 HMPMockV1.2.Staggered1_5675	260900
L	33926	1517	*	*	*	*	*	252995	*
H	33926	194	97.4	+	0	0	532I194M791I	1550056 HMPMockV1.2.Staggered1_5675	252995
L	94838	1441	*	*	*	*	*	4463224	*
H	94838	194	99.0	+	0	0	483I194M764I	1550056 HMPMockV1.2.Staggered1_5675	4463224
H	54619	194	99.0	+	0	0	530I194M800I	1550056 HMPMockV1.2.Staggered1_5675	27227
L	63289	1459	*	*	*	*	*	812929	*
H	63289	194	98.5	+	0	0	507I188MI6M757I	1550056 HMPMockV1.2.Staggered1_5675	812929
L	70737	1478	*	*	*	*	*	817115	*
H	70737	194	98.5	+	0	0	545I77MI117M738I	1550056 HMPMockV1.2.Staggered1_5675	817115
H	19648	194	99.0	+	0	0	544I194M784I	1550056 HMPMockV1.2.Staggered1_5675	355695
H	30146	192	98.4	+	0	0	498I192M681I	158047 HMPMockV1.1.Even2_3136	277071
H	88500	192	97.9	+	0	0	483I192M757I	158047 HMPMockV1.1.Even2_3136	4396401
H	7771	192	98.4	+	0	0	483I192M740I	158047 HMPMockV1.1.Even2_3136	591907
H	32794	192	98.4	+	0	0	492I192M744I	158047 HMPMockV1.1.Even2_3136	260900
H	94838	192	98.4	+	0	0	483I192M766I	158047 HMPMockV1.1.Even2_3136	4463224
H	54619	192	98.4	+	0	0	530I192M802I	158047 HMPMockV1.1.Even2_3136	27227
H	70737	192	97.9	+	0	0	545I77MI115M740I	158047 HMPMockV1.1.Even2_3136	817115
H	19648	192	98.4	+	0	0	544I192M786I	158047 HMPMockV1.1.Even2_3136	355695
H	69301	192	97.9	+	0	0	499I123MD68M738I	158047 HMPMockV1.1.Even2_3136	1147446
L	12669	1458	*	*	*	*	*	554916	*
H	12669	192	98.4	+	0	0	528I192M738I	158047 HMPMockV1.1.Even2_3136	554916
H	17881	192	97.4	+	0	0	532I192M750I	164413 HMPMockV1.1.Even2_5333	465079
L	47275	1514	*	*	*	*	*	149265	*
H	47275	192	97.4	+	0	0	536I192M786I	164413 HMPMockV1.1.Even2_5333	149265
H	18423	192	97.4	+	0	0	532I192M760I	164413 HMPMockV1.1.Even2_5333	403068
L	37880	1465	*	*	*	*	*	218254	*
H	37880	192	97.4	+	0	0	492I192M781I	164413 HMPMockV1.1.Even2_5333	218254
L	96488	1501	*	*	*	*	*	4480185	*
H	96488	192	97.4	+	0	0	519I192M790I	164413 HMPMockV1.1.Even2_5333	4480185
H	56443	192	97.4	+	0	0	489I192M732I	164413 HMPMockV1.1.Even2_5333	1532107
L	12830	1400	*	*	*	*	*	553595	*
H	12830	192	97.4	+	0	0	473I192M735I	164413 HMPMockV1.1.Even2_5333	553595
L	18199	1449	*	*	*	*	*	427239	*
H	18199	192	97.9	+	0	0	488I58MI8MI33MI93M766I	164413 HMPMockV1.1.Even2_5333	427239
H	30146	192	97.4	+	0	0	498I192M681I	164413 HMPMockV1.1.Even2_5333	277071
L	82501	1448	*	*	*	*	*	4333556	*
H	82501	192	97.4	+	0	0	504I192M752I	164413 HMPMockV1.1.Even2_5333	4333556
L	1131	1374	*	*	*	*	*	1039477	*
H	1131	190	98.4	+	0	0	513I190M671I	164612 HMPMockV1.1.Even1_565	1039477
L	94053	1432	*	*	*	*	*	4454737	*
H	94053	190	97.4	+	0	0	487I190M755I	164612 HMPMockV1.1.Even1_565	4454737
L	80533	1506	*	*	*	*	*	4312969	*
H	80533	190	98.4	+	0	0	534I23MI167M781I	164612 HMPMockV1.1.Even1_565	4312969
H	2184	190	97.9	+	0	0	510I190M669I	164612 HMPMockV1.1.Even1_565	917641
L	7226	1370	*	*	*	*	*	617833	*
H	7226	190	97.9	+	0	0	513I190M667I	164612 HMPMockV1.1.Even1_565	617833
H	19765	190	97.9	+	0	0	487I190M692I	164612 HMPMockV1.1.Even1_565	354839
H	68397	190	98.4	+	0	0	513I190M668I	164612 HMPMockV1.1.Even1_565	870751
H	18636	190	98.4	+	0	0	513I190M669I	164612 HMPMockV1.1.Even1_565	377874
L	73446	1378	*	*	*	*	*	872328	*
H	73446	190	98.4	+	0	0	519I190M669I	164612 HMPMockV1.1.Even1_565	872328
H	5650	190	98.4	+	0	0	513I190M669I	164612 HMPMockV1.1.Even1_565	730049
H	71319	193	99.0	+	0	0	552I193M788I	1756274 HMPMockV1.1.Even1_140	3355047
H	9738	193	99.0	+	0	0	488I193M675I	1756274 HMPMockV1.1.Even1_140	578022
H	73947	193	100.0	+	0	0	546I193M741I	1756274 HMPMockV1.1.Even1_140	759349
H	58265	193	100.0	+	0	0	527I193M757I	1756274 HMPMockV1.1.Even1_140	1756274
H	14184	193	99.0	+	0	0	497I193M749I	1756274 HMPMockV1.1.Even1_140	542754
H	8223	193	100.0	+	0	0	544I193M669I	1756274 HMPMockV1.1.Even1_140	588755
H	66872	193	99.0	+	0	0	520I193M799I	1756274 HMPMockV1.1.Even1_140	693231
H	74537	193	100.0	+	0	0	505I193M783I	1756274 HMPMockV1.1.Even1_140	772515
H	7899	193	100.0	+	0	0	524I193M666I	1756274 HMPMockV1.1.Even1_140	590982
H	22528	193	99.5	+	0	0	442I193M773I	1756274 HMPMockV1.1.Even1_140	334656
L	21503	1429	*	*	*	*	*	342014	*
H	21503	190	99.5	+	0	0	555I190M684I	187233 HMPMockV1.1.Even1_1184	342014
L	84507	1488	*	*	*	*	*	4354103	*
H	84507	190	99.5	+	0	0	542I190M756I	187233 HMPMockV1.1.Even1_1184	4354103
L	26167	1434	*	*	*	*	*	308249	*
H	26167	190	99.5	+	0	0	559I190M685I	187233 HMPMockV1.1.Even1_1184	308249
L	7736	1374	*	*	*	*	*	592160	*
H	7736	190	99.5	+	0	0	505I190M679I	187233 HMPMockV1.1.Even1_1184	592160
L	41939	1432	*	*	*	*	*	187962	*
H	41939	190	99.5	+	0	0	557I190M685I	187233 HMPMockV1.1.Even1_1184	187962
L	21636	1423	*	*	*	*	*	340960	*
H	21636	190	99.5	+	0	0	548I190M685I	187233 HMPMockV1.1.Even1_1184	340960
L	22998	1447	*	*	*	*	*	331248	*
H	22998	190	99.5	+	0	0	555I190M702I	187233 HMPMockV1.1.Even1_1184	331248
L	23596	1422	*	*	*	*	*	326968	*
H	23596	190	99.5	+	0	0	548I190M684I	187233 HMPMockV1.1.Even1_1184	326968
L	19753	1430	*	*	*	*	*	354905	*
H	19753	190	99.5	+	0	0	555I190M685I	187233 HMPMockV1.1.Even1_1184	354905
L	49334	1514	*	*	*	*	*	133341	*
H	49334	190	99.5	+	0	0	555I190M769I	187233 HMPMockV1.1.Even1_1184	133341
H	37880	190	100.0	+	0	0	492I190M783I	1891556 HMPMockV1.1.Even1_516	218254
H	94838	190	100.0	+	0	0	483I190M768I	1891556 HMPMockV1.1.Even1_516	4463224
H	96488	190	100.0	+	0	0	519I190M792I	1891556 HMPMockV1.1.Even1_516	4480185
L	56572	1430	*	*	*	*	*	1550056	*
H	56572	190	100.0	+	0	0	480I190M760I	1891556 HMPMockV1.1.Even1_516	1550056
H	56443	190	100.0	+	0	0	489I190M734I	1891556 HMPMockV1.1.Even1_516	1532107
L	59381	1431	*	*	*	*	*	1891556	*
H	59381	190	100.0	+	0	0	491I190M750I	1891556 HMPMockV1.1.Even1_516	1891556
H	18463	190	99.5	+	0	0	534I190M760I	1891556 HMPMockV1.1.Even1_516	398350
L	13027	1461	*	*	*	*	*	551871	*
H	13027	190	100.0	+	0	0	522I190M749I	1891556 HMPMockV1.1.Even1_516	551871
H	18501	190	99.5	+	0	0	534I190M788I	1891556 HMPMockV1.1.Even1_516	392994
H	33926	190	98.4	+	0	0	532I190M795I	1891556 HMPMockV1.1.Even1_516	252995
H	67596	193	100.0	+	0	0	488I193M740I	1995363 HMPMockV1.1.Even1_2	2896107
H	69236	193	99.0	+	0	0	440I193M779I	1995363 HMPMockV1.1.Even1_2	820202
H	83705	193	100.0	+	0	0	488I193M774I	1995363 HMPMockV1.1.Even1_2	4345285
H	48948	193	100.0	+	0	0	512I193M785I	1995363 HMPMockV1.1.Even1_2	137056
H	2184	193	99.5	+	0	0	510I193M666I	1995363 HMPMockV1.1.Even1_2	917641
H	1577	193	99.5	+	0	0	514I193M666I	1995363 HMPMockV1.1.Even1_2	984924
H	792	193	100.0	+	0	0	512I193M666I	1995363 HMPMockV1.1.Even1_2	1075891
H	2028	193	100.0	+	0	0	513I193M667I	1995363 HMPMockV1.1.Even1_2	934488
H	60287	193	100.0	+	0	0	513I193M719I	1995363 HMPMockV1.1.Even1_2	1995363
H	7286	193	100.0	+	0	0	533I193M677I	1995363 HMPMockV1.1.Even1_2	614083
L	87815	1401	*	*	*	*	*	4389529	*
H	87815	189	99.5	+	0	0	469I189M743I	219151 HMPMockV1.1.Even1_27	4389529
L	11577	1491	*	*	*	*	*	563369	*
H	11577	189	97.4	+	0	0	513I189M789I	219151 HMPMockV1.1.Even1_27	563369
L	12950	1495	*	*	*	*	*	552544	*
H	12950	189	99.5	+	0	0	523I189M783I	219151 HMPMockV1.1.Even1_27	552544
L	37264	1474	*	*	*	*	*	224212	*
H	37264	189	99.5	+	0	0	502I189M783I	219151 HMPMockV1.1.Even1_27	224212
L	37797	1401	*	*	*	*	*	219151	*
H	37797	189	100.0	+	0	0	508I189M704I	219151 HMPMockV1.1.Even1_27	219151
L	37736	1419	*	*	*	*	*	219826	*
H	37736	189	100.0	+	0	0	520I189M710I	219151 HMPMockV1.1.Even1_27	219826
L	12912	1496	*	*	*	*	*	552922	*
H	12912	189	98.9	+	0	0	522I189M785I	219151 HMPMockV1.1.Even1_27	552922
L	11747	1492	*	*	*	*	*	562084	*
H	11747	189	99.5	+	0	0	511I189M792I	219151 HMPMockV1.1.Even1_27	562084
L	29156	1396	*	*	*	*	*	288912	*
H	29156	189	98.4	+	0	0	521I189M686I	219151 HMPMockV1.1.Even1_27	288912
L	18397	1355	*	*	*	*	*	405425	*
H	18397	189	98.4	+	0	0	501I189M665I	219151 HMPMockV1.1.Even1_27	405425
H	18636	189	97.9	+	0	0	513I189M670I	227083 HMPMockV1.2.Staggered1_6436	377874
H	60287	189	97.9	+	0	0	513I189M723I	227083 HMPMockV1.2.Staggered1_6436	1995363
L	15776	1396	*	*	*	*	*	528952	*
H	15776	193	99.5	+	0	0	521I193M682I	242070 HMPMockV1.1.Even1_59	528952
L	61977	1381	*	*	*	*	*	828623	*
H	61977	193	99.5	+	0	0	465I35MI18MI13MI37MI90M719I	242070 HMPMockV1.1.Even1_59	828623
L	94034	1506	*	*	*	*	*	4454529	*
H	94034	193	100.0	+	0	0	526I193M787I	242070 HMPMockV1.1.Even1_59	4454529
L	31317	1434	*	*	*	*	*	269901	*
H	31317	193	100.0	+	0	0	520I53MI140M720I	242070 HMPMockV1.1.Even1_59	269901
L	47891	1414	*	*	*	*	*	144452	*
H	47891	193	100.0	+	0	0	481I193M740I	242070 HMPMockV1.1.Even1_59	144452
L	37142	1479	*	*	*	*	*	225284	*
H	37142	193	100.0	+	0	0	519I193M767I	242070 HMPMockV1.1.Even1_59	225284
L	37738	1420	*	*	*	*	*	219804	*
H	37738	193	99.5	+	0	0	524I193M703I	242070 HMPMockV1.1.Even1_59	219804
L	37168	1458	*	*	*	*	*	225088	*
H	37168	193	100.0	+	0	0	498I193M767I	242070 HMPMockV1.1.Even1_59	225088
L	89603	1503	*	*	*	*	*	4408226	*
H	89603	193	100.0	+	0	0	524I193M786I	242070 HMPMockV1.1.Even1_59	4408226
L	37731	1420	*	*	*	*	*	219900	*
H	37731	193	100.0	+	0	0	520I193M707I	242070 HMPMockV1.1.Even1_59	219900
H	15776	189	98.9	+	0	0	521I189M686I	269901 HMPMockV1.1.Even1_366	528952
L	48694	1394	*	*	*	*	*	139321	*
H	48694	189	99.5	+	0	0	468I189M737I	269901 HMPMockV1.1.Even1_366	139321
H	94034	189	99.5	+	0	0	526I189M791I	269901 HMPMockV1.1.Even1_366	4454529
H	47891	189	99.5	+	0	0	481I189M744I	269901 HMPMockV1.1.Even1_366	144452
L	51276	1487	*	*	*	*	*	104313	*
H	51276	189	98.9	+	0	0	475I189M823I	269901 HMPMockV1.1.Even1_366	104313
L	35363	1411	*	*	*	*	*	242070	*
H	35363	189	99.5	+	0	0	475I74MI115M746I	269901 HMPMockV1.1.Even1_366	242070
H	89603	189	99.5	+	0	0	524I189M790I	269901 HMPMockV1.1.Even1_366	4408226
H	37142	189	99.5	+	0	0	519I189M771I	269901 HMPMockV1.1.Even1_366	225284
H	37168	189	99.5	+	0	0	498I189M771I	269901 HMPMockV1.1.Even1_366	225088
L	37977	1474	*	*	*	*	*	217482	*
H	37977	189	99.5	+	0	0	501I189M784I	269901 HMPMockV1.1.Even1_366	217482
H	37880	193	100.0	+	0	0	492I193M780I	2874742 HMPMockV1.1.Even1_107	218254
H	94838	193	100.0	+	0	0	483I193M765I	2874742 HMPMockV1.1.Even1_107	4463224
H	96488	193	100.0	+	0	0	519I193M789I	2874742 HMPMockV1.1.Even1_107	4480185
H	56572	193	100.0	+	0	0	480I193M757I	2874742 HMPMockV1.1.Even1_107	1550056
H	56443	193	100.0	+	0	0	489I193M731I	2874742 HMPMockV1.1.Even1_107	1532107
H	59381	193	100.0	+	0	0	491I193M747I	2874742 HMPMockV1.1.Even1_107	1891556
H	18463	193	99.5	+	0	0	534I193M757I	2874742 HMPMockV1.1.Even1_107	398350
H	13027	193	100.0	+	0	0	522I193M746I	2874742 HMPMockV1.1.Even1_107	551871
H	18501	193	99.5	+	0	0	534I193M785I	2874742 HMPMockV1.1.Even1_107	392994
H	33926	193	98.4	+	0	0	532I193M792I	2874742 HMPMockV1.1.Even1_107	252995
H	67596	199	100.0	+	0	0	488I199M734I	2896107 HMPMockV1.1.Even1_67	2896107
H	69236	199	98.5	+	0	0	440I199M773I	2896107 HMPMockV1.1.Even1_67	820202
H	83705	199	100.0	+	0	0	488I199M768I	2896107 HMPMockV1.1.Even1_67	4345285
H	48948	199	100.0	+	0	0	512I199M779I	2896107 HMPMockV1.1.Even1_67	137056
H	2184	199	99.5	+	0	0	510I199M660I	2896107 HMPMockV1.1.Even1_67	917641
H	1577	199	99.5	+	0	0	514I199M660I	2896107 HMPMockV1.1.Even1_67	984924
H	792	199	100.0	+	0	0	512I199M660I	2896107 HMPMockV1.1.Even1_67	1075891
H	2028	199	100.0	+	0	0	513I199M661I	2896107 HMPMockV1.1.Even1_67	934488
H	60287	199	100.0	+	0	0	513I199M713I	2896107 HMPMockV1.1.Even1_67	1995363
H	7286	199	100.0	+	0	0	533I199M671I	2896107 HMPMockV1.1.Even1_67	614083
H	67596	190	99.5	+	0	0	488I190M743I	356733 HMPMockV1.1.Even1_1461	2896107
H	69236	190	98.4	+	0	0	440I190M782I	356733 HMPMockV1.1.Even1_1461	820202
H	83705	190	99.5	+	0	0	488I190M777I	356733 HMPMockV1.1.Even1_1461	4345285
H	48948	190	99.5	+	0	0	512I190M788I	356733 HMPMockV1.1.Even1_1461	137056
H	2184	190	98.9	+	0	0	510I190M669I	356733 HMPMockV1.1.Even1_1461	917641
H	1577	190	98.9	+	0	0	514I190M669I	356733 HMPMockV1.1.Even1_1461	984924
H	792	190	99.5	+	0	0	512I190M669I	356733 HMPMockV1.1.Even1_1461	1075891
H	2028	190	99.5	+	0	0	513I190M670I	356733 HMPMockV1.1.Even1_1461	934488
H	60287	190	99.5	+	0	0	513I190M722I	356733 HMPMockV1.1.Even1_1461	1995363
H	7286	190	99.5	+	0	0	533I190M680I	356733 HMPMockV1.1.Even1_1461	614083
H	18844	193	99.0	+	0	0	513I193M797I	368134 HMPMockV1.1.Even2_5087	368134
L	16497	1408	*	*	*	*	*	519673	*
H	16497	193	98.4	+	0	0	533I193M682I	368134 HMPMockV1.1.Even2_5087	519673
H	16153	193	98.4	+	0	0	505I193M687I	368134 HMPMockV1.1.Even2_5087	524292
H	19499	193	99.0	+	0	0	513I193M797I	368134 HMPMockV1.1.Even2_5087	356733
H	83705	193	99.0	+	0	0	488I193M774I	368134 HMPMockV1.1.Even2_5087	4345285
H	64689	193	99.0	+	0	0	514I193M666I	368134 HMPMockV1.1.Even2_5087	928538
H	64768	193	97.9	+	0	0	516I193M666I	368134 HMPMockV1.1.Even2_5087	1102057
H	709	193	99.0	+	0	0	513I193M665I	368134 HMPMockV1.1.Even2_5087	1084865
H	792	193	99.0	+	0	0	512I193M666I	368134 HMPMockV1.1.Even2_5087	1075891
H	93236	193	99.0	+	0	0	485I193M733I	368134 HMPMockV1.1.Even2_5087	4446058
L	77398	1411	*	*	*	*	*	4130483	*
H	77398	191	99.5	+	0	0	513I191M707I	4130483 HMPMockV1.1.Even1_339	4130483
H	18844	191	99.0	+	0	0	513I191M799I	4130483 HMPMockV1.1.Even1_339	368134
H	71523	191	99.0	+	0	0	500I191M760I	4130483 HMPMockV1.1.Even1_339	3385021
H	18636	191	99.0	+	0	0	513I191M668I	4130483 HMPMockV1.1.Even1_339	377874
H	67596	191	99.0	+	0	0	488I191M742I	4130483 HMPMockV1.1.Even1_339	2896107
H	16497	191	98.4	+	0	0	533I191M684I	4130483 HMPMockV1.1.Even1_339	519673
H	2640	191	99.0	+	0	0	513I191M665I	4130483 HMPMockV1.1.Even1_339	868615
H	962	191	99.0	+	0	0	513I191M669I	4130483 HMPMockV1.1.Even1_339	1057402
H	17732	191	99.0	+	0	0	513I191M667I	4130483 HMPMockV1.1.Even1_339	503354
H	2184	191	98.4	+	0	0	510I191M668I	4130483 HMPMockV1.1.Even1_339	917641
L	80879	1413	*	*	*	*	*	4315958	*
H	80879	189	100.0	+	0	0	540I189M684I	4297222 HMPMockV1.1.Even1_190	4315958
L	78989	1498	*	*	*	*	*	4297222	*
H	78989	189	100.0	+	0	0	519I9MI14MI166M788I	4297222 HMPMockV1.1.Even1_190	4297222
L	82091	1455	*	*	*	*	*	4329215	*
H	82091	189	99.5	+	0	0	520I189M746I	4297222 HMPMockV1.1.Even1_190	4329215
H	80879	192	97.4	+	0	0	540I192M681I	4315958 HMPMockV1.2.Staggered2_7586	4315958
H	78989	192	97.4	+	0	0	519I9MI14MI169M785I	4315958 HMPMockV1.2.Staggered2_7586	4297222
L	18328	1513	*	*	*	*	*	412145	*
H	18328	193	97.4	+	0	0	534I193M786I	4316928 HMPMockV1.2.Staggered1_5849	412145
L	67364	1371	*	*	*	*	*	763362	*
H	67364	193	99.0	+	0	0	454I193M724I	4365141 HMPMockV1.1.Even2_5097	763362
L	85517	1531	*	*	*	*	*	4365141	*
H	85517	193	99.5	+	0	0	521I193M817I	4365141 HMPMockV1.1.Even2_5097	4365141
L	71676	1511	*	*	*	*	*	842413	*
H	71676	193	99.0	+	0	0	532I193M786I	4365141 HMPMockV1.1.Even2_5097	842413
L	5141	1472	*	*	*	*	*	766563	*
H	5141	193	99.5	+	0	0	513I193M766I	4365141 HMPMockV1.1.Even2_5097	766563
L	85149	1391	*	*	*	*	*	4361313	*
H	85149	193	98.4	+	0	0	525I8MI22MI22M2I52MI37MI52M667I	4365141 HMPMockV1.1.Even2_5097	4361313
L	14422	1472	*	*	*	*	*	540940	*
H	14422	193	98.4	+	0	0	513I193M766I	4365141 HMPMockV1.1.Even2_5097	540940
L	33784	1516	*	*	*	*	*	254021	*
H	33784	193	99.0	+	0	0	534I193M789I	4365141 HMPMockV1.1.Even2_5097	254021
L	76107	1483	*	*	*	*	*	1108007	*
H	76107	193	98.4	+	0	0	542I16MI64MI10MI103M745I	4365141 HMPMockV1.1.Even2_5097	1108007
L	87011	1450	*	*	*	*	*	4380803	*
H	87011	193	97.4	+	0	0	490I129MI64M766I	4365141 HMPMockV1.1.Even2_5097	4380803
L	96739	1423	*	*	*	*	*	4482944	*
H	96739	193	97.9	+	0	0	463I193M767I	4365141 HMPMockV1.1.Even2_5097	4482944
L	75337	1372	*	*	*	*	*	3876673	*
H	75337	193	100.0	+	0	0	498I193M681I	4380971 HMPMockV1.1.Even1_31	3876673
L	87027	1516	*	*	*	*	*	4380971	*
H	87027	193	100.0	+	0	0	507I193M816I	4380971 HMPMockV1.1.Even1_31	4380971
L	82802	1352	*	*	*	*	*	4336516	*
H	82802	193	100.0	+	0	0	361I193M798I	4380971 HMPMockV1.1.Even1_31	4336516
L	45081	1481	*	*	*	*	*	167951	*
H	45081	193	99.5	+	0	0	498I193M790I	4380971 HMPMockV1.1.Even1_31	167951
L	35937	1434	*	*	*	*	*	238205	*
H	35937	193	99.5	+	0	0	461I193M780I	4380971 HMPMockV1.1.Even1_31	238205
L	88873	1378	*	*	*	*	*	4400482	*
H	88873	193	99.0	+	0	0	502I193M683I	4380971 HMPMockV1.1.Even1_31	4400482
L	85479	1344	*	*	*	*	*	4364745	*
H	85479	193	98.4	+	0	0	509I193M642I	4380971 HMPMockV1.1.Even1_31	4364745
L	12570	1368	*	*	*	*	*	555688	*
H	12570	193	97.4	+	0	0	450I106MD86M726I	4380971 HMPMockV1.1.Even1_31	555688
L	78134	1335	*	*	*	*	*	1148153	*
H	78134	193	98.4	+	0	0	480I193M662I	4380971 HMPMockV1.1.Even1_31	1148153
L	29360	1384	*	*	*	*	*	287558	*
H	29360	193	99.0	+	0	0	509I193M682I	4380971 HMPMockV1.1.Even1_31	287558
L	59531	1372	*	*	*	*	*	1001007	*
H	59531	191	99.5	+	0	0	513I191M668I	441155 HMPMockV1.1.Even1_642	1001007
L	18091	1510	*	*	*	*	*	441155	*
H	18091	191	100.0	+	0	0	533I191M786I	441155 HMPMockV1.1.Even1_642	441155
H	63856	191	99.0	+	0	0	515I191M668I	441155 HMPMockV1.1.Even1_642	1068955
H	64126	191	99.0	+	0	0	513I32MI159M668I	441155 HMPMockV1.1.Even1_642	919562
L	986	1372	*	*	*	*	*	1054451	*
H	986	191	97.4	+	0	0	513I191M668I	441155 HMPMockV1.1.Even1_642	1054451
H	64689	191	99.5	+	0	0	514I191M668I	441155 HMPMockV1.1.Even1_642	928538
H	64768	191	98.4	+	0	0	516I191M668I	441155 HMPMockV1.1.Even1_642	1102057
H	962	191	99.5	+	0	0	513I191M669I	441155 HMPMockV1.1.Even1_642	1057402
H	83705	191	99.5	+	0	0	488I191M776I	441155 HMPMockV1.1.Even1_642	4345285
H	48948	191	99.5	+	0	0	512I191M787I	441155 HMPMockV1.1.Even1_642	137056
L	38994	1455	*	*	*	*	*	206803	*
H	38994	193	98.4	+	0	0	499I193M763I	4416988 HMPMockV1.1.Even1_99	206803
L	95604	1402	*	*	*	*	*	4471122	*
H	95604	193	98.4	+	0	0	412I159MI34M796I	4416988 HMPMockV1.1.Even1_99	4471122
L	83501	1512	*	*	*	*	*	4343213	*
H	83501	193	97.9	+	0	0	530I193M789I	4416988 HMPMockV1.1.Even1_99	4343213
L	90432	1514	*	*	*	*	*	4416988	*
H	90432	193	100.0	+	0	0	534I193M787I	4416988 HMPMockV1.1.Even1_99	4416988
L	71693	1453	*	*	*	*	*	677803	*
H	71693	193	97.4	+	0	0	505I193M755I	4416988 HMPMockV1.1.Even1_99	677803
L	95474	1404	*	*	*	*	*	4469833	*
H	95474	193	97.4	+	0	0	519I193M692I	4416988 HMPMockV1.1.Even1_99	4469833
L	80604	1517	*	*	*	*	*	4313543	*
H	80604	193	97.4	+	0	0	535I193M789I	4416988 HMPMockV1.1.Even1_99	4313543
L	79738	1494	*	*	*	*	*	4304885	*
H	79738	193	97.4	+	0	0	519I193M782I	4416988 HMPMockV1.1.Even1_99	4304885
H	46121	193	97.4	+	0	0	421I193M745I	4427114 HMPMockV1.2.Staggered1_6284	158047
L	61157	1439	*	*	*	*	*	2101745	*
H	61157	199	98.0	+	0	0	479I199M761I	4438739 HMPMockV1.1.Even2_5514	2101745
L	568	1347	*	*	*	*	*	1099802	*
H	568	199	97.5	+	0	0	485I199M663I	4438739 HMPMockV1.1.Even2_5514	1099802
L	11077	1404	*	*	*	*	*	567406	*
H	11077	199	97.5	+	0	0	451I199M754I	4438739 HMPMockV1.1.Even2_5514	567406
L	677	1346	*	*	*	*	*	1088265	*
H	677	199	98.5	+	0	0	484I199M663I	4438739 HMPMockV1.1.Even2_5514	1088265
L	68694	1344	*	*	*	*	*	911016	*
H	68694	199	98.5	+	0	0	484I199M661I	4438739 HMPMockV1.1.Even2_5514	911016
L	93352	1485	*	*	*	*	*	4447394	*
H	93352	199	98.5	+	0	0	418I199M868I	4438739 HMPMockV1.1.Even2_5514	4447394
L	45295	1480	*	*	*	*	*	165421	*
H	45295	199	98.5	+	0	0	504I199M777I	4438739 HMPMockV1.1.Even2_5514	165421
L	864	1344	*	*	*	*	*	1067574	*
H	864	199	98.5	+	0	0	484I199M661I	4438739 HMPMockV1.1.Even2_5514	1067574
L	77321	1428	*	*	*	*	*	4121939	*
H	77321	199	97.5	+	0	0	484I199M745I	4438739 HMPMockV1.1.Even2_5514	4121939
L	91280	1429	*	*	*	*	*	4425358	*
H	91280	199	98.5	+	0	0	472I199M758I	4438739 HMPMockV1.1.Even2_5514	4425358
L	92734	1541	*	*	*	*	*	4440404	*
H	92734	189	100.0	+	0	0	531I189M821I	4440404 HMPMockV1.1.Even1_345	4440404
L	17856	1544	*	*	*	*	*	470724	*
H	17856	189	98.4	+	0	0	534I189M821I	4440404 HMPMockV1.1.Even1_345	470724
L	81857	1399	*	*	*	*	*	4326647	*
H	81857	189	98.9	+	0	0	526I189M684I	4440404 HMPMockV1.1.Even1_345	4326647
L	81855	1447	*	*	*	*	*	4326635	*
H	81855	189	98.4	+	0	0	506I189M752I	4440404 HMPMockV1.1.Even1_345	4326635
L	81552	1397	*	*	*	*	*	4323390	*
H	81552	189	98.9	+	0	0	508I189M700I	4440404 HMPMockV1.1.Even1_345	4323390
L	81310	1397	*	*	*	*	*	4320547	*
H	81310	189	98.9	+	0	0	523I189M685I	4440404 HMPMockV1.1.Even1_345	4320547
L	81299	1377	*	*	*	*	*	4320462	*
H	81299	189	98.4	+	0	0	490I189M698I	4440404 HMPMockV1.1.Even1_345	4320462
L	81116	1399	*	*	*	*	*	4318672	*
H	81116	189	98.9	+	0	0	522I15MI33MI141M686I	4440404 HMPMockV1.1.Even1_345	4318672
L	81097	1372	*	*	*	*	*	4318352	*
H	81097	189	98.4	+	0	0	522I189M661I	4440404 HMPMockV1.1.Even1_345	4318352
L	80748	1386	*	*	*	*	*	4314749	*
H	80748	189	98.9	+	0	0	521I189M676I	4440404 HMPMockV1.1.Even1_345	4314749
L	24394	1324	*	*	*	*	*	321096	*
H	24394	191	99.0	+	0	0	482I191M651I	4445673 HMPMockV1.1.Even1_797	321096
L	20311	1376	*	*	*	*	*	350832	*
H	20311	191	97.9	+	0	0	504I191M681I	4445673 HMPMockV1.1.Even1_797	350832
L	26460	1374	*	*	*	*	*	306035	*
H	26460	191	99.0	+	0	0	500I191M683I	4445673 HMPMockV1.1.Even1_797	306035
L	19768	1373	*	*	*	*	*	354798	*
H	19768	191	99.0	+	0	0	500I191M682I	4445673 HMPMockV1.1.Even1_797	354798
L	21426	1361	*	*	*	*	*	342603	*
H	21426	191	99.0	+	0	0	488I191M682I	4445673 HMPMockV1.1.Even1_797	342603
L	22785	1373	*	*	*	*	*	332731	*
H	22785	191	99.0	+	0	0	500I191M682I	4445673 HMPMockV1.1.Even1_797	332731
L	24249	1377	*	*	*	*	*	322130	*
H	24249	191	99.0	+	0	0	500I191M686I	4445673 HMPMockV1.1.Even1_797	322130
L	86039	1419	*	*	*	*	*	4370657	*
H	86039	191	98.4	+	0	0	460I191M768I	4445673 HMPMockV1.1.Even1_797	4370657
L	19330	1341	*	*	*	*	*	359750	*
H	19330	191	99.0	+	0	0	484I191M666I	4445673 HMPMockV1.1.Even1_797	359750
L	21360	1360	*	*	*	*	*	343090	*
H	21360	191	97.9	+	0	0	488I191M681I	4445673 HMPMockV1.1.Even1_797	343090
H	71523	200	97.0	+	0	0	500I200M751I	519673 HMPMockV1.1.Even2_4567	3385021
H	56888	200	97.0	+	0	0	515I200M760I	519673 HMPMockV1.1.Even2_4567	630141
H	709	200	97.0	+	0	0	513I200M658I	519673 HMPMockV1.1.Even2_4567	1084865
H	17881	200	97.0	+	0	0	532I200M742I	519673 HMPMockV1.1.Even2_4567	465079
H	93236	200	97.0	+	0	0	485I200M726I	519673 HMPMockV1.1.Even2_4567	4446058
H	48948	200	97.0	+	0	0	512I200M778I	519673 HMPMockV1.1.Even2_4567	137056
H	71134	200	97.0	+	0	0	513I200M657I	519673 HMPMockV1.1.Even2_4567	1040220
H	83705	200	97.0	+	0	0	488I200M767I	519673 HMPMockV1.1.Even2_4567	4345285
H	18423	200	97.0	+	0	0	532I200M752I	519673 HMPMockV1.1.Even2_4567	403068
L	15532	1433	*	*	*	*	*	532163	*
H	15532	193	100.0	+	0	0	471I193M769I	532163 HMPMockV1.1.Even1_154	532163
H	37736	193	99.0	+	0	0	520I193M706I	552922 HMPMockV1.1.Even2_4853	219826
H	37797	193	99.0	+	0	0	508I193M700I	552922 HMPMockV1.1.Even2_4853	219151
H	37264	193	98.4	+	0	0	502I193M779I	552922 HMPMockV1.1.Even2_4853	224212
H	12912	193	99.0	+	0	0	522I193M781I	552922 HMPMockV1.1.Even2_4853	552922
H	12950	193	98.4	+	0	0	523I193M779I	552922 HMPMockV1.1.Even2_4853	552544
H	11747	193	98.4	+	0	0	511I193M788I	552922 HMPMockV1.1.Even2_4853	562084
L	18533	1506	*	*	*	*	*	388951	*
H	18533	193	97.4	+	0	0	528I193M785I	552922 HMPMockV1.1.Even2_4853	388951
L	1986	1358	*	*	*	*	*	938794	*
H	1986	193	97.4	+	0	0	501I193M664I	552922 HMPMockV1.1.Even2_4853	938794
H	87815	193	98.4	+	0	0	469I193M739I	552922 HMPMockV1.1.Even2_4853	4389529
H	18397	193	97.4	+	0	0	501I193M661I	552922 HMPMockV1.1.Even2_4853	405425
L	1269	1373	*	*	*	*	*	1020410	*
H	1269	189	97.9	+	0	0	513I189M671I	617833 HMPMockV1.2.Staggered2_7482	1020410
H	36927	189	97.9	+	0	0	532I189M791I	617833 HMPMockV1.2.Staggered2_7482	227083
L	46903	1415	*	*	*	*	*	152001	*
H	46903	189	98.4	+	0	0	474I189M752I	617833 HMPMockV1.2.Staggered2_7482	152001
H	67596	189	98.4	+	0	0	488I189M744I	617833 HMPMockV1.2.Staggered2_7482	2896107
H	17732	189	98.4	+	0	0	513I189M669I	617833 HMPMockV1.2.Staggered2_7482	503354
L	82955	1370	*	*	*	*	*	4338003	*
H	82955	189	97.4	+	0	0	358I189M823I	617833 HMPMockV1.2.Staggered2_7482	4338003
H	93236	189	98.4	+	0	0	485I189M737I	617833 HMPMockV1.2.Staggered2_7482	4446058
H	68397	189	98.4	+	0	0	513I189M669I	617833 HMPMockV1.2.Staggered2_7482	870751
H	71134	189	98.4	+	0	0	513I189M668I	617833 HMPMockV1.2.Staggered2_7482	1040220
H	17794	189	98.4	+	0	0	511I189M670I	617833 HMPMockV1.2.Staggered2_7482	496787
H	67596	190	99.5	+	0	0	488I190M743I	630141 HMPMockV1.1.Even1_146	2896107
H	69236	190	98.4	+	0	0	440I190M782I	630141 HMPMockV1.1.Even1_146	820202
H	83705	190	99.5	+	0	0	488I190M777I	630141 HMPMockV1.1.Even1_146	4345285
H	48948	190	99.5	+	0	0	512I190M788I	630141 HMPMockV1.1.Even1_146	137056
H	2184	190	98.9	+	0	0	510I190M669I	630141 HMPMockV1.1.Even1_146	917641
H	1577	190	98.9	+	0	0	514I190M669I	630141 HMPMockV1.1.Even1_146	984924
H	792	190	99.5	+	0	0	512I190M669I	630141 HMPMockV1.1.Even1_146	1075891
H	2028	190	99.5	+	0	0	513I190M670I	630141 HMPMockV1.1.Even1_146	934488
H	60287	190	99.5	+	0	0	513I190M722I	630141 HMPMockV1.1.Even1_146	1995363
H	7286	190	99.5	+	0	0	533I190M680I	630141 HMPMockV1.1.Even1_146	614083
L	18057	1503	*	*	*	*	*	444962	*
H	18057	192	97.9	+	0	0	525I192M786I	767863 HMPMockV1.2.Staggered1_6591	444962
L	5123	1493	*	*	*	*	*	767863	*
H	5123	192	98.4	+	0	0	518I192M783I	767863 HMPMockV1.2.Staggered1_6591	767863
H	94838	192	97.4	+	0	0	483I192M766I	767863 HMPMockV1.2.Staggered1_6591	4463224
L	60574	1436	*	*	*	*	*	2034540	*
H	60574	192	97.4	+	0	0	466I19MI120M49I15MI12M2I9MI17M724I	767863 HMPMockV1.2.Staggered1_6591	2034540
H	83705	191	97.9	+	0	0	488I191M776I	894774 HMPMockV1.2.Staggered1_6470	4345285
H	64447	191	97.4	+	0	0	513I191M669I	894774 HMPMockV1.2.Staggered1_6470	1055132
H	71523	191	97.9	+	0	0	500I191M760I	894774 HMPMockV1.2.Staggered1_6470	3385021
H	18457	191	97.4	+	0	0	534I125MI66M764I	894774 HMPMockV1.2.Staggered1_6470	399197
H	18423	191	97.9	+	0	0	532I191M761I	894774 HMPMockV1.2.Staggered1_6470	403068
H	2028	191	97.9	+	0	0	513I191M669I	894774 HMPMockV1.2.Staggered1_6470	934488
H	60287	191	97.9	+	0	0	513I191M721I	894774 HMPMockV1.2.Staggered1_6470	1995363
L	67918	1370	*	*	*	*	*	1067519	*
H	67918	191	97.9	+	0	0	513I191M666I	894774 HMPMockV1.2.Staggered1_6470	1067519
H	68397	191	97.9	+	0	0	513I191M667I	894774 HMPMockV1.2.Staggered1_6470	870751
H	16153	191	97.4	+	0	0	505I191M689I	894774 HMPMockV1.2.Staggered1_6470	524292
L	60970	1373	*	*	*	*	*	919490	*
H	60970	201	98.5	+	0	0	514I201M658I	919490 HMPMockV1.1.Even2_3252	919490
H	64126	201	98.5	+	0	0	513I32MI169M658I	919490 HMPMockV1.1.Even2_3252	919562
H	68397	201	98.0	+	0	0	513I201M657I	919490 HMPMockV1.1.Even2_3252	870751
H	1269	201	97.5	+	0	0	513I201M659I	919490 HMPMockV1.1.Even2_3252	1020410
H	67596	201	98.0	+	0	0	488I201M732I	919490 HMPMockV1.1.Even2_3252	2896107
H	19499	201	98.0	+	0	0	513I201M789I	919490 HMPMockV1.1.Even2_3252	356733
L	67382	1370	*	*	*	*	*	1016923	*
H	67382	201	97.0	+	0	0	513I201M656I	919490 HMPMockV1.1.Even2_3252	1016923
H	1131	201	98.0	+	0	0	513I201M660I	919490 HMPMockV1.1.Even2_3252	1039477
H	18844	201	98.0	+	0	0	513I201M789I	919490 HMPMockV1.1.Even2_3252	368134
H	18636	201	98.0	+	0	0	513I201M658I	919490 HMPMockV1.1.Even2_3252	377874
L	2130	1375	*	*	*	*	*	923151	*
H	2130	190	97.9	+	0	0	514I190M671I	923151 HMPMockV1.2.Staggered1_6500	923151
H	709	190	97.4	+	0	0	513I190M668I	923151 HMPMockV1.2.Staggered1_6500	1084865
H	18423	190	97.4	+	0	0	532I190M762I	923151 HMPMockV1.2.Staggered1_6500	403068
H	792	190	97.4	+	0	0	512I190M669I	923151 HMPMockV1.2.Staggered1_6500	1075891
H	2640	190	97.4	+	0	0	513I190M666I	923151 HMPMockV1.2.Staggered1_6500	868615
H	1789	190	97.4	+	0	0	513I190M665I	923151 HMPMockV1.2.Staggered1_6500	960695
H	68397	190	97.4	+	0	0	513I190M668I	923151 HMPMockV1.2.Staggered1_6500	870751
H	48948	190	97.4	+	0	0	512I190M788I	923151 HMPMockV1.2.Staggered1_6500	137056
H	18636	190	97.4	+	0	0	513I190M669I	923151 HMPMockV1.2.Staggered1_6500	377874
H	60287	190	97.4	+	0	0	513I190M722I	923151 HMPMockV1.2.Staggered1_6500	1995363
H	2130	202	99.0	+	0	0	514I202M659I	928538 HMPMockV1.1.Even1_115	923151
L	65558	1370	*	*	*	*	*	939252	*
H	65558	202	99.0	+	0	0	511I202M657I	928538 HMPMockV1.1.Even1_115	939252
H	19499	202	99.5	+	0	0	513I202M788I	928538 HMPMockV1.1.Even1_115	356733
H	64793	202	99.0	+	0	0	513I202M657I	928538 HMPMockV1.1.Even1_115	996487
H	77398	202	99.0	+	0	0	513I202M696I	928538 HMPMockV1.1.Even1_115	4130483
H	18636	202	99.5	+	0	0	513I202M657I	928538 HMPMockV1.1.Even1_115	377874
H	17881	202	99.5	+	0	0	532I202M740I	928538 HMPMockV1.1.Even1_115	465079
H	64768	202	98.5	+	0	0	516I202M657I	928538 HMPMockV1.1.Even1_115	1102057
H	2640	202	99.5	+	0	0	513I202M654I	928538 HMPMockV1.1.Even1_115	868615
H	56888	202	99.0	+	0	0	515I202M758I	928538 HMPMockV1.1.Even1_115	630141
H	65558	192	100.0	+	0	0	511I192M667I	939252 HMPMockV1.1.Even2_3899	939252
H	56888	192	99.5	+	0	0	515I192M768I	939252 HMPMockV1.1.Even2_3899	630141
H	71523	192	99.5	+	0	0	500I192M759I	939252 HMPMockV1.1.Even2_3899	3385021
H	1577	192	99.0	+	0	0	514I192M667I	939252 HMPMockV1.1.Even2_3899	984924
H	67596	192	99.5	+	0	0	488I192M741I	939252 HMPMockV1.1.Even2_3899	2896107
H	83705	192	99.5	+	0	0	488I192M775I	939252 HMPMockV1.1.Even2_3899	4345285
H	36927	192	99.0	+	0	0	532I192M788I	939252 HMPMockV1.1.Even2_3899	227083
H	48948	192	99.5	+	0	0	512I192M786I	939252 HMPMockV1.1.Even2_3899	137056
H	7286	192	99.5	+	0	0	533I192M678I	939252 HMPMockV1.1.Even2_3899	614083
H	16153	192	99.0	+	0	0	505I192M688I	939252 HMPMockV1.1.Even2_3899	524292
L	72662	1372	*	*	*	*	*	953758	*
H	72662	193	100.0	+	0	0	513I193M666I	953758 HMPMockV1.1.Even2_4205	953758
H	36927	193	99.0	+	0	0	532I193M787I	953758 HMPMockV1.1.Even2_4205	227083
H	60625	193	97.9	+	0	0	513I193M666I	953758 HMPMockV1.1.Even2_4205	863832
H	16497	193	99.0	+	0	0	533I193M682I	953758 HMPMockV1.1.Even2_4205	519673
H	1131	193	99.5	+	0	0	513I193M668I	953758 HMPMockV1.1.Even2_4205	1039477
H	93236	193	99.5	+	0	0	485I193M733I	953758 HMPMockV1.1.Even2_4205	4446058
H	16153	193	99.0	+	0	0	505I193M687I	953758 HMPMockV1.1.Even2_4205	524292
H	962	193	99.5	+	0	0	513I193M667I	953758 HMPMockV1.1.Even2_4205	1057402
H	46903	193	99.5	+	0	0	474I193M748I	953758 HMPMockV1.1.Even2_4205	152001
H	83705	193	99.5	+	0	0	488I193M774I	953758 HMPMockV1.1.Even2_4205	4345285
L	1646	1373	*	*	*	*	*	977188	*
H	1646	190	98.9	+	0	0	513I190M670I	977188 HMPMockV1.1.Even1_1902	977188
H	16497	190	97.9	+	0	0	533I190M685I	977188 HMPMockV1.1.Even1_1902	519673
H	1789	190	98.4	+	0	0	513I190M665I	977188 HMPMockV1.1.Even1_1902	960695
H	1577	190	97.9	+	0	0	514I190M669I	977188 HMPMockV1.1.Even1_1902	984924
H	17732	190	98.4	+	0	0	513I190M668I	977188 HMPMockV1.1.Even1_1902	503354
H	17794	190	98.4	+	0	0	511I190M669I	977188 HMPMockV1.1.Even1_1902	496787
H	1131	190	98.4	+	0	0	513I190M671I	977188 HMPMockV1.1.Even1_1902	1039477
H	17881	190	98.4	+	0	0	532I190M752I	977188 HMPMockV1.1.Even1_1902	465079
H	93236	190	98.4	+	0	0	485I190M736I	977188 HMPMockV1.1.Even1_1902	4446058
H	962	190	98.4	+	0	0	513I190M670I	977188 HMPMockV1.1.Even1_1902	1057402
H	69236	194	97.9	+	0	0	440I194M778I	979261 HMPMockV1.2.Staggered1_6077	820202
L	1610	1371	*	*	*	*	*	981783	*
H	1610	194	97.4	+	0	0	513I62MD131M665I	979261 HMPMockV1.2.Staggered1_6077	981783
H	19499	194	99.0	+	0	0	513I194M796I	979261 HMPMockV1.2.Staggered1_6077	356733
H	1577	194	98.5	+	0	0	514I194M665I	979261 HMPMockV1.2.Staggered1_6077	984924
H	2640	194	99.0	+	0	0	513I194M662I	979261 HMPMockV1.2.Staggered1_6077	868615
H	60287	194	99.0	+	0	0	513I194M718I	979261 HMPMockV1.2.Staggered1_6077	1995363
H	71523	194	99.0	+	0	0	500I194M757I	979261 HMPMockV1.2.Staggered1_6077	3385021
H	2184	194	98.5	+	0	0	510I194M665I	979261 HMPMockV1.2.Staggered1_6077	917641
H	18844	194	99.0	+	0	0	513I194M796I	979261 HMPMockV1.2.Staggered1_6077	368134
H	48948	194	99.0	+	0	0	512I194M784I	979261 HMPMockV1.2.Staggered1_6077	137056
H	64447	201	98.0	+	0	0	513I201M659I	984924 HMPMockV1.1.Even2_3417	1055132
H	48948	201	98.5	+	0	0	512I201M777I	984924 HMPMockV1.1.Even2_3417	137056
H	77398	201	98.0	+	0	0	513I201M697I	984924 HMPMockV1.1.Even2_3417	4130483
H	1131	201	98.5	+	0	0	513I201M660I	984924 HMPMockV1.1.Even2_3417	1039477
H	64689	201	98.5	+	0	0	514I201M658I	984924 HMPMockV1.1.Even2_3417	928538
H	46903	201	98.5	+	0	0	474I194MD6M741I	984924 HMPMockV1.1.Even2_3417	152001
H	64768	201	97.5	+	0	0	516I201M658I	984924 HMPMockV1.1.Even2_3417	1102057
H	64793	201	98.0	+	0	0	513I201M658I	984924 HMPMockV1.1.Even2_3417	996487
H	93236	201	98.5	+	0	0	485I201M725I	984924 HMPMockV1.1.Even2_3417	4446058
L	976	1373	*	*	*	*	*	1055824	*
H	976	201	97.5	+	0	0	514I201M658I	984924 HMPMockV1.1.Even2_3417	1055824
H	64793	194	99.0	+	0	0	513I194M665I	996487 HMPMockV1.1.Even1_419	996487
L	10368	1364	*	*	*	*	*	572882	*
H	10368	194	97.4	+	0	0	490I194M680I	996487 HMPMockV1.1.Even1_419	572882
H	67596	194	98.5	+	0	0	488I194M739I	996487 HMPMockV1.1.Even1_419	2896107
H	709	194	98.5	+	0	0	513I194M664I	996487 HMPMockV1.1.Even1_419	1084865
H	1789	194	98.5	+	0	0	513I194M661I	996487 HMPMockV1.1.Even1_419	960695
H	19499	194	98.5	+	0	0	513I194M796I	996487 HMPMockV1.1.Even1_419	356733
H	71134	194	98.5	+	0	0	513I194M663I	996487 HMPMockV1.1.Even1_419	1040220
H	16497	194	97.9	+	0	0	533I194M681I	996487 HMPMockV1.1.Even1_419	519673
H	792	194	98.5	+	0	0	512I194M665I	996487 HMPMockV1.1.Even1_419	1075891
H	56888	194	98.5	+	0	0	515I194M766I	996487 HMPMockV1.1.Even1_419	630141
H	51831	189	99.5	+	0	0	536I189M775I	99882 HMPMockV1.1.Even1_863	99882
L	45503	1480	*	*	*	*	*	162955	*
H	45503	189	98.4	+	0	0	524I189M767I	99882 HMPMockV1.1.Even1_863	162955
H	28235	189	99.5	+	0	0	556I189M686I	99882 HMPMockV1.1.Even1_863	294618
N	*	190	*	*	*	*	*	New.CleanUp.ReferenceOTU0 HMPMockV1.2.Staggered1_6336	*
N	*	189	*	*	*	*	*	New.CleanUp.ReferenceOTU10 HMPMockV1.2.Staggered2_7545	*
N	*	193	*	*	*	*	*	New.CleanUp.ReferenceOTU2 HMPMockV1.2.Staggered1_6331	*
N	*	190	*	*	*	*	*	New.CleanUp.ReferenceOTU27 HMPMockV1.2.Staggered1_6584	*
N	*	191	*	*	*	*	*	New.CleanUp.ReferenceOTU36 HMPMockV1.1.Even2_5291	*
N	*	189	*	*	*	*	*	New.CleanUp.ReferenceOTU39 HMPMockV1.1.Even1_971	*
D	748	2	*	*	*	*	100.0	1081058	*
D	792	2	*	*	*	*	99.5	1075891	*
D	1646	2	*	*	*	*	98.9	977188	*
D	2130	2	*	*	*	*	97.9	923151	*
D	2640	2	*	*	*	*	99.5	868615	*
D	5123	2	*	*	*	*	98.4	767863	*
D	5141	2	*	*	*	*	99.5	766563	*
D	5459	2	*	*	*	*	98.4	746246	*
D	5650	2	*	*	*	*	98.4	730049	*
D	7286	6	*	*	*	*	99.6	614083	*
D	7899	3	*	*	*	*	99.7	590982	*
D	12669	2	*	*	*	*	98.4	554916	*
D	12912	2	*	*	*	*	99.0	552922	*
D	13027	3	*	*	*	*	100.0	551871	*
D	15532	2	*	*	*	*	100.0	532163	*
D	17794	2	*	*	*	*	98.4	496787	*
D	18091	2	*	*	*	*	100.0	441155	*
D	18199	2	*	*	*	*	97.9	427239	*
D	18328	2	*	*	*	*	97.4	412145	*
D	18423	2	*	*	*	*	97.0	403068	*
D	18912	2	*	*	*	*	97.9	366926	*
D	19330	2	*	*	*	*	99.0	359750	*
D	19648	2	*	*	*	*	99.0	355695	*
D	27165	2	*	*	*	*	100.0	301184	*
D	28159	2	*	*	*	*	97.9	295146	*
D	28235	2	*	*	*	*	99.5	294618	*
D	37731	2	*	*	*	*	100.0	219900	*
D	37736	2	*	*	*	*	100.0	219826	*
D	37977	2	*	*	*	*	99.5	217482	*
D	46121	2	*	*	*	*	97.4	158047	*
D	48948	2	*	*	*	*	99.0	137056	*
D	49334	2	*	*	*	*	99.5	133341	*
D	49625	2	*	*	*	*	100.0	128604	*
D	55311	2	*	*	*	*	100.0	12574	*
D	56888	2	*	*	*	*	99.5	630141	*
D	60287	2	*	*	*	*	97.9	1995363	*
D	61987	3	*	*	*	*	98.5	1069592	*
D	63856	2	*	*	*	*	99.0	1068955	*
D	64126	2	*	*	*	*	98.5	919562	*
D	64447	2	*	*	*	*	99.5	1055132	*
D	64793	2	*	*	*	*	99.0	996487	*
D	65558	2	*	*	*	*	100.0	939252	*
D	66421	2	*	*	*	*	99.0	965500	*
D	68397	2	*	*	*	*	97.9	870751	*
D	69895	2	*	*	*	*	99.0	1059977	*
D	72662	2	*	*	*	*	100.0	953758	*
D	77398	2	*	*	*	*	99.5	4130483	*
D	78989	3	*	*	*	*	98.7	4297222	*
D	82802	2	*	*	*	*	100.0	4336516	*
D	83705	2	*	*	*	*	98.4	4345285	*
D	90432	2	*	*	*	*	100.0	4416988	*
D	91280	2	*	*	*	*	98.5	4425358	*
D	91462	2	*	*	*	*	98.4	4427114	*
D	92734	2	*	*	*	*	100.0	4440404	*
D	93236	3	*	*	*	*	98.7	4446058	*
