UclustConsensusTaxonAssigner parameters:
id_to_taxonomy_filepath:/Users/nbokulich/Desktop/projects/short-read-tax-assignment/data/novel-taxa-simulations/F1-REF-L4-iter1/ref_taxa.tsv
id_to_taxonomy_fp:/Users/nbokulich/Desktop/projects/short-read-tax-assignment/data/novel-taxa-simulations/F1-REF-L4-iter1/ref_taxa.tsv
max_accepts:1
min_consensus_fraction:1.0
reference_sequences_fp:/Users/nbokulich/Desktop/projects/short-read-tax-assignment/data/novel-taxa-simulations/F1-REF-L4-iter1/ref_seqs.fasta
similarity:0.9
unassignable_label:Unassigned
Result path: /var/folders/0t/l1dz88p50y91vx_22fx5w3780000gn/T/assign-taxoxGckd

.uc file contents:

# uclust --input /Users/nbokulich/Desktop/projects/short-read-tax-assignment/data/novel-taxa-simulations/F1-REF-L4-iter1/query.fasta --id 0.9 --rev --maxaccepts 1 --allhits --libonly --lib /Users/nbokulich/Desktop/projects/short-read-tax-assignment/data/novel-taxa-simulations/F1-REF-L4-iter1/ref_seqs.fasta --uc /var/folders/0t/l1dz88p50y91vx_22fx5w3780000gn/T/UclustConsensusTaxonAssigner_yuxTS6.uc
# version=1.2.22
# Tab-separated fields:
# 1=Type, 2=ClusterNr, 3=SeqLength or ClusterSize, 4=PctId, 5=Strand, 6=QueryStart, 7=SeedStart, 8=Alignment, 9=QueryLabel, 10=TargetLabel
# Record types (field 1): L=LibSeed, S=NewSeed, H=Hit, R=Reject, D=LibCluster, C=NewCluster, N=NoHit
# For C and D types, PctId is average id with seed.
# QueryStart and SeedStart are zero-based relative to start of sequence.
# If minus strand, SeedStart is relative to reverse-complemented seed.
N	*	206	*	*	*	*	*	AF289074	*
N	*	250	*	*	*	*	*	FJ481038	*
N	*	222	*	*	*	*	*	AF116177	*
N	*	250	*	*	*	*	*	AF205647	*
N	*	218	*	*	*	*	*	AF395684	*
N	*	250	*	*	*	*	*	DQ536501	*
N	*	113	*	*	*	*	*	AF514292	*
N	*	222	*	*	*	*	*	AJ716305	*
L	1424	249	*	*	*	*	*	EU375546	*
H	1424	123	93.5	+	0	0	127I33MD89M	U19954	EU375546
L	6304	250	*	*	*	*	*	EU118671	*
H	6304	250	97.6	+	0	0	2D248M2I	DQ681201	EU118671
L	2725	225	*	*	*	*	*	FJ617296	*
H	2725	183	90.7	+	0	0	5I46MD19M14I8M23I63MI46M	DQ812914	FJ617296
N	*	210	*	*	*	*	*	DQ681328	*
N	*	250	*	*	*	*	*	DQ846890	*
L	4373	198	*	*	*	*	*	EU586043	*
H	4373	184	96.7	+	0	0	10I118MD7M4I34MI24M	U35307	EU586043
L	6049	195	*	*	*	*	*	EF029203	*
H	6049	186	93.5	+	0	0	26M3I13MI45MI82M4I20M	DQ887774	EF029203
N	*	105	*	*	*	*	*	DQ917653	*
N	*	250	*	*	*	*	*	DQ875343	*
N	*	173	*	*	*	*	*	DQ875344	*
N	*	123	*	*	*	*	*	DQ872370	*
N	*	127	*	*	*	*	*	EF025406	*
L	2458	229	*	*	*	*	*	AB190871	*
H	2458	224	92.4	+	0	0	98M2I17MI56MI18MI35M	GQ241289	AB190871
N	*	250	*	*	*	*	*	AF272836	*
N	*	141	*	*	*	*	*	FM878021	*
N	*	179	*	*	*	*	*	AB259844	*
N	*	250	*	*	*	*	*	EF080868	*
N	*	250	*	*	*	*	*	AJ877221	*
N	*	190	*	*	*	*	*	AJ271578	*
N	*	250	*	*	*	*	*	FJ869184	*
N	*	250	*	*	*	*	*	DQ517384	*
N	*	126	*	*	*	*	*	EF081374	*
N	*	227	*	*	*	*	*	AF336150	*
N	*	250	*	*	*	*	*	EF530926	*
L	5861	110	*	*	*	*	*	DQ354545	*
H	5861	110	96.4	+	0	0	110M	EF561640	DQ354545
N	*	250	*	*	*	*	*	EU784188	*
N	*	199	*	*	*	*	*	AF284447	*
N	*	232	*	*	*	*	*	DQ534455	*
N	*	220	*	*	*	*	*	DQ534457	*
N	*	221	*	*	*	*	*	DQ534467	*
N	*	214	*	*	*	*	*	DQ534474	*
N	*	206	*	*	*	*	*	EF989122	*
N	*	215	*	*	*	*	*	EU272483	*
N	*	214	*	*	*	*	*	EF621920	*
N	*	221	*	*	*	*	*	EU118619	*
N	*	217	*	*	*	*	*	EF653987	*
N	*	119	*	*	*	*	*	EU057897	*
N	*	250	*	*	*	*	*	EU142931	*
N	*	244	*	*	*	*	*	AB097450	*
N	*	250	*	*	*	*	*	AB369939	*
N	*	102	*	*	*	*	*	EU551211	*
N	*	237	*	*	*	*	*	EU402583	*
N	*	250	*	*	*	*	*	EU423189	*
N	*	168	*	*	*	*	*	AF433147	*
N	*	232	*	*	*	*	*	AJ419913	*
N	*	112	*	*	*	*	*	EU639582	*
N	*	250	*	*	*	*	*	FJ481033	*
N	*	245	*	*	*	*	*	AY456376	*
N	*	214	*	*	*	*	*	EU552123	*
N	*	237	*	*	*	*	*	EU718092	*
N	*	250	*	*	*	*	*	EU718127	*
N	*	117	*	*	*	*	*	EU930087	*
N	*	232	*	*	*	*	*	AF396864	*
N	*	134	*	*	*	*	*	DQ679503	*
N	*	198	*	*	*	*	*	FJ231440	*
N	*	184	*	*	*	*	*	EU784254	*
N	*	250	*	*	*	*	*	EU784370	*
N	*	250	*	*	*	*	*	EU833666	*
L	5149	138	*	*	*	*	*	AJ516933	*
H	5149	138	97.1	+	0	0	138M	FR865444	AJ516933
N	*	216	*	*	*	*	*	FJ493249	*
N	*	225	*	*	*	*	*	FJ598616	*
N	*	235	*	*	*	*	*	FJ624259	*
N	*	107	*	*	*	*	*	FM876789	*
N	*	221	*	*	*	*	*	FJ588711	*
N	*	185	*	*	*	*	*	EU343817	*
N	*	232	*	*	*	*	*	FJ708934	*
N	*	137	*	*	*	*	*	AY839755	*
L	7269	188	*	*	*	*	*	GQ303268	*
H	7269	190	93.6	+	0	0	42MD49MI42MD18MD36M	GU214649	GQ303268
N	*	233	*	*	*	*	*	AY218427	*
N	*	206	*	*	*	*	*	AB551948	*
N	*	192	*	*	*	*	*	GU966521	*
L	54	204	*	*	*	*	*	DQ683018	*
H	54	204	98.0	+	0	0	204M	GQ340430	DQ683018
N	*	230	*	*	*	*	*	GU973533	*
N	*	95	*	*	*	*	*	EF444842	*
N	*	250	*	*	*	*	*	HQ599379	*
N	*	186	*	*	*	*	*	HQ888732	*
N	*	229	*	*	*	*	*	HQ650626	*
N	*	250	*	*	*	*	*	JN043312	*
N	*	250	*	*	*	*	*	JN194161	*
N	*	238	*	*	*	*	*	JF744951	*
N	*	159	*	*	*	*	*	HQ020412	*
N	*	189	*	*	*	*	*	HQ414538	*
N	*	217	*	*	*	*	*	JF908711	*
N	*	208	*	*	*	*	*	AF038321	*
L	3473	184	*	*	*	*	*	AY307939	*
H	3473	179	92.2	+	0	0	28M5I53MD38MI59M	AY307935	AY307939
N	*	250	*	*	*	*	*	AF193379	*
L	4125	205	*	*	*	*	*	AB025690	*
H	4125	214	91.2	+	0	0	21MD77M8D107M	DQ025483	AB025690
N	*	176	*	*	*	*	*	DQ435529	*
N	*	178	*	*	*	*	*	DQ485612	*
N	*	115	*	*	*	*	*	AF274090	*
N	*	250	*	*	*	*	*	AF484690	*
N	*	250	*	*	*	*	*	AJ581995	*
N	*	82	*	*	*	*	*	AY312503	*
N	*	243	*	*	*	*	*	AY364089	*
N	*	250	*	*	*	*	*	AY740040	*
L	2048	197	*	*	*	*	*	AB041243	*
H	2048	197	90.9	+	0	0	197M	AY789345	AB041243
N	*	99	*	*	*	*	*	GQ981504	*
L	6094	237	*	*	*	*	*	EF110616	*
H	6094	234	96.2	+	0	0	55MI113MI27MI39M	HM535599	EF110616
N	*	201	*	*	*	*	*	HQ232963	*
N	*	195	*	*	*	*	*	FJ903316	*
N	*	228	*	*	*	*	*	JF681957	*
N	*	214	*	*	*	*	*	UDB004285	*
D	54	2	*	*	*	*	98.0	DQ683018	*
D	1424	2	*	*	*	*	93.5	EU375546	*
D	2048	2	*	*	*	*	90.9	AB041243	*
D	2458	2	*	*	*	*	92.4	AB190871	*
D	2725	2	*	*	*	*	90.7	FJ617296	*
D	3473	2	*	*	*	*	92.2	AY307939	*
D	4125	2	*	*	*	*	91.2	AB025690	*
D	4373	2	*	*	*	*	96.7	EU586043	*
D	5149	2	*	*	*	*	97.1	AJ516933	*
D	5861	2	*	*	*	*	96.4	DQ354545	*
D	6049	2	*	*	*	*	93.5	EF029203	*
D	6094	2	*	*	*	*	96.2	EF110616	*
D	6304	2	*	*	*	*	97.6	EU118671	*
D	7269	2	*	*	*	*	93.6	GQ303268	*
