UclustConsensusTaxonAssigner parameters:
id_to_taxonomy_filepath:/Users/nbokulich/Desktop/projects/short-read-tax-assignment/data/novel-taxa-simulations/B1-REF-L5-iter2/ref_taxa.tsv
id_to_taxonomy_fp:/Users/nbokulich/Desktop/projects/short-read-tax-assignment/data/novel-taxa-simulations/B1-REF-L5-iter2/ref_taxa.tsv
max_accepts:3
min_consensus_fraction:0.76
reference_sequences_fp:/Users/nbokulich/Desktop/projects/short-read-tax-assignment/data/novel-taxa-simulations/B1-REF-L5-iter2/ref_seqs.fasta
similarity:0.8
unassignable_label:Unassigned
Result path: /var/folders/0t/l1dz88p50y91vx_22fx5w3780000gn/T/assign-taxG1D8YK

.uc file contents:

# uclust --input /Users/nbokulich/Desktop/projects/short-read-tax-assignment/data/novel-taxa-simulations/B1-REF-L5-iter2/query.fasta --id 0.8 --rev --maxaccepts 3 --allhits --libonly --lib /Users/nbokulich/Desktop/projects/short-read-tax-assignment/data/novel-taxa-simulations/B1-REF-L5-iter2/ref_seqs.fasta --uc /var/folders/0t/l1dz88p50y91vx_22fx5w3780000gn/T/UclustConsensusTaxonAssigner_sZfLZM.uc
# version=1.2.22
# Tab-separated fields:
# 1=Type, 2=ClusterNr, 3=SeqLength or ClusterSize, 4=PctId, 5=Strand, 6=QueryStart, 7=SeedStart, 8=Alignment, 9=QueryLabel, 10=TargetLabel
# Record types (field 1): L=LibSeed, S=NewSeed, H=Hit, R=Reject, D=LibCluster, C=NewCluster, N=NoHit
# For C and D types, PctId is average id with seed.
# QueryStart and SeedStart are zero-based relative to start of sequence.
# If minus strand, SeedStart is relative to reverse-complemented seed.
L	130	250	*	*	*	*	*	835771	*
H	130	250	97.6	+	0	0	147MD102MI	1109623	835771
L	1812	250	*	*	*	*	*	167717	*
H	1812	250	97.6	+	0	0	147MD102MI	1109623	167717
L	1106	250	*	*	*	*	*	289174	*
H	1106	250	97.6	+	0	0	147MD102MI	1109623	289174
L	2815	250	*	*	*	*	*	1126893	*
H	2815	250	91.2	+	0	0	250M	1043951	1126893
L	441	250	*	*	*	*	*	545511	*
H	441	250	91.6	+	0	0	250M	1043951	545511
L	3668	250	*	*	*	*	*	4339173	*
H	3668	250	88.8	+	0	0	250M	1043951	4339173
L	3578	250	*	*	*	*	*	4316113	*
H	3578	250	82.4	+	0	0	67MD182MI	929836	4316113
L	622	250	*	*	*	*	*	493391	*
H	622	250	80.0	+	0	0	67MD182MI	929836	493391
L	4157	250	*	*	*	*	*	4454082	*
H	4157	250	97.2	+	0	0	250M	882018	4454082
L	3183	250	*	*	*	*	*	1126230	*
H	3183	250	95.6	+	0	0	250M	882018	1126230
L	3631	250	*	*	*	*	*	4328084	*
H	3631	250	94.4	+	0	0	250M	882018	4328084
L	2368	250	*	*	*	*	*	10180	*
H	2368	250	95.6	+	0	0	250M	871137	10180
L	2371	250	*	*	*	*	*	9819	*
H	2371	250	95.2	+	0	0	250M	871137	9819
L	1803	250	*	*	*	*	*	169538	*
H	1803	250	95.2	+	0	0	250M	871137	169538
L	1424	250	*	*	*	*	*	211593	*
H	1424	250	97.2	+	0	0	250M	833731	211593
L	2731	250	*	*	*	*	*	2119418	*
H	2731	250	97.2	+	0	0	250M	833731	2119418
L	2009	250	*	*	*	*	*	119010	*
H	2009	250	97.2	+	0	0	250M	833731	119010
L	1117	250	*	*	*	*	*	286874	*
H	1117	250	95.6	+	0	0	250M	833346	286874
L	345	250	*	*	*	*	*	569952	*
H	345	250	95.6	+	0	0	250M	833346	569952
L	479	250	*	*	*	*	*	533516	*
H	479	250	94.0	+	0	0	250M	833346	533516
L	1322	250	*	*	*	*	*	244757	*
H	1322	250	95.6	+	0	0	250M	832772	244757
L	2571	250	*	*	*	*	*	1144264	*
H	2571	250	94.8	+	0	0	250M	832772	1144264
L	2528	250	*	*	*	*	*	1657383	*
H	2528	250	94.4	+	0	0	250M	832772	1657383
L	3462	250	*	*	*	*	*	816189	*
H	3462	250	96.0	+	0	0	250M	819250	816189
L	3478	250	*	*	*	*	*	4282872	*
H	3478	250	92.8	+	0	0	129MI120MD	819250	4282872
L	1828	250	*	*	*	*	*	163716	*
H	1828	250	90.8	+	0	0	250M	819250	163716
L	3851	250	*	*	*	*	*	4381303	*
H	3851	250	94.0	+	0	0	250M	811108	4381303
L	23	250	*	*	*	*	*	1076587	*
H	23	250	93.6	+	0	0	250M	811108	1076587
L	1481	250	*	*	*	*	*	197248	*
H	1481	250	93.6	+	0	0	250M	811108	197248
L	161	250	*	*	*	*	*	808546	*
H	161	250	96.4	+	0	0	250M	806916	808546
L	2764	250	*	*	*	*	*	2228274	*
H	2764	250	92.0	+	0	0	250M	806916	2228274
L	821	250	*	*	*	*	*	342971	*
H	821	250	91.6	+	0	0	250M	806916	342971
L	188	250	*	*	*	*	*	738267	*
H	188	250	95.2	+	0	0	250M	748921	738267
L	1581	250	*	*	*	*	*	189028	*
H	1581	250	80.8	+	0	0	207M2D41M2I	748921	189028
L	4113	250	*	*	*	*	*	4439195	*
H	4113	250	80.0	+	0	0	207M2D41M2I	748921	4439195
L	273	250	*	*	*	*	*	586521	*
H	273	250	95.6	+	0	0	250M	746126	586521
L	2295	250	*	*	*	*	*	15785	*
H	2295	250	93.2	+	0	0	250M	746126	15785
L	2296	250	*	*	*	*	*	15740	*
H	2296	250	91.6	+	0	0	250M	746126	15740
L	434	250	*	*	*	*	*	549232	*
H	434	250	97.6	+	0	0	250M	744029	549232
L	3555	250	*	*	*	*	*	4309033	*
H	3555	250	97.2	+	0	0	250M	744029	4309033
L	3627	250	*	*	*	*	*	4327628	*
H	3627	250	98.0	+	0	0	250M	744029	4327628
L	3215	250	*	*	*	*	*	3509168	*
H	3215	250	97.6	+	0	0	250M	742264	3509168
L	389	250	*	*	*	*	*	558848	*
H	389	250	95.2	+	0	0	250M	742264	558848
L	1093	250	*	*	*	*	*	290842	*
H	1093	250	94.0	+	0	0	250M	742264	290842
L	2114	250	*	*	*	*	*	92333	*
H	2114	250	98.0	+	0	0	250M	731707	92333
H	479	250	98.8	+	0	0	250M	731707	533516
L	618	250	*	*	*	*	*	499955	*
H	618	250	98.8	+	0	0	250M	731707	499955
H	3478	250	93.2	+	0	0	136MI113MD	695116	4282872
H	1828	250	93.6	+	0	0	250M	695116	163716
L	2211	250	*	*	*	*	*	55243	*
H	2211	250	89.2	+	0	0	D8MD15MD224M3I	695116	55243
L	2417	250	*	*	*	*	*	7214	*
H	2417	250	97.6	+	0	0	70MD179MI	691592	7214
L	3796	250	*	*	*	*	*	4369927	*
H	3796	250	94.4	+	0	0	70MD179MI	691592	4369927
L	2005	250	*	*	*	*	*	125947	*
H	2005	250	93.6	+	0	0	70MD179MI	691592	125947
L	2747	250	*	*	*	*	*	1141123	*
H	2747	250	99.2	+	0	0	250M	681954	1141123
L	3696	250	*	*	*	*	*	4344960	*
H	3696	250	98.8	+	0	0	250M	681954	4344960
L	1317	250	*	*	*	*	*	246846	*
H	1317	250	98.4	+	0	0	250M	681954	246846
L	3661	250	*	*	*	*	*	4337248	*
H	3661	250	94.0	+	0	0	250M	641748	4337248
L	4001	250	*	*	*	*	*	4413665	*
H	4001	250	92.0	+	0	0	250M	641748	4413665
L	4163	250	*	*	*	*	*	4455298	*
H	4163	250	91.2	+	0	0	250M	641748	4455298
L	3743	250	*	*	*	*	*	4357360	*
H	3743	250	82.0	+	0	0	250M	617939	4357360
L	981	250	*	*	*	*	*	308956	*
H	981	250	80.4	+	0	0	250M	617939	308956
L	2884	250	*	*	*	*	*	1033991	*
H	2884	250	83.2	+	0	0	111MI138MD	617939	1033991
L	3377	250	*	*	*	*	*	784643	*
H	3377	250	95.2	+	0	0	250M	586802	784643
L	301	250	*	*	*	*	*	579618	*
H	301	250	98.0	+	0	0	55MI194MD	586802	579618
L	1905	250	*	*	*	*	*	149895	*
H	1905	250	94.8	+	0	0	250M	586802	149895
L	1995	250	*	*	*	*	*	130535	*
H	1995	250	93.2	+	0	0	250M	570390	130535
L	3473	250	*	*	*	*	*	4263820	*
H	3473	250	92.8	+	0	0	250M	570390	4263820
L	3671	250	*	*	*	*	*	4339627	*
H	3671	250	91.2	+	0	0	250M	570390	4339627
H	4001	250	94.4	+	0	0	250M	569055	4413665
L	1131	250	*	*	*	*	*	277651	*
H	1131	250	92.8	+	0	0	250M	569055	277651
L	1301	250	*	*	*	*	*	249383	*
H	1301	250	92.4	+	0	0	250M	569055	249383
L	2680	250	*	*	*	*	*	1129081	*
H	2680	250	98.0	+	0	0	250M	568991	1129081
L	2992	250	*	*	*	*	*	1139117	*
H	2992	250	94.8	+	0	0	250M	568991	1139117
L	269	250	*	*	*	*	*	587616	*
H	269	250	95.6	+	0	0	250M	568991	587616
L	1958	250	*	*	*	*	*	138930	*
H	1958	250	98.4	+	0	0	250M	568416	138930
L	1887	250	*	*	*	*	*	154130	*
H	1887	250	97.6	+	0	0	250M	568416	154130
L	1926	250	*	*	*	*	*	145526	*
H	1926	250	94.4	+	0	0	250M	568416	145526
L	3523	250	*	*	*	*	*	4302951	*
H	3523	250	94.4	+	0	0	250M	567241	4302951
H	1995	250	88.0	+	0	0	250M	567241	130535
H	3473	250	88.4	+	0	0	250M	567241	4263820
L	2710	250	*	*	*	*	*	744642	*
H	2710	250	81.6	+	0	0	124M3I123M3D	566475	744642
H	1581	250	80.8	+	0	0	250M	566475	189028
L	3081	250	*	*	*	*	*	726766	*
H	3081	250	82.0	+	0	0	124M3I123M3D	566475	726766
L	654	250	*	*	*	*	*	409932	*
H	654	250	98.8	+	0	0	250M	565130	409932
L	753	250	*	*	*	*	*	354765	*
H	753	250	98.0	+	0	0	250M	565130	354765
L	685	250	*	*	*	*	*	369289	*
H	685	250	94.4	+	0	0	250M	565130	369289
L	4132	250	*	*	*	*	*	4447124	*
H	4132	250	98.0	+	0	0	250M	560027	4447124
L	3392	250	*	*	*	*	*	4053067	*
H	3392	250	98.4	+	0	0	250M	560027	4053067
L	4028	250	*	*	*	*	*	4419561	*
H	4028	250	97.6	+	0	0	250M	560027	4419561
L	2833	250	*	*	*	*	*	1138255	*
H	2833	250	98.0	+	0	0	250M	559649	1138255
L	2074	250	*	*	*	*	*	104045	*
H	2074	250	96.4	+	0	0	250M	559649	104045
L	2104	250	*	*	*	*	*	99267	*
H	2104	250	96.4	+	0	0	51MI198MD	559649	99267
L	2027	250	*	*	*	*	*	111470	*
H	2027	250	92.4	+	0	0	250M	558128	111470
H	3081	250	84.0	+	0	0	122M2I126M2D	558128	726766
L	4227	250	*	*	*	*	*	4466931	*
H	4227	250	81.6	+	0	0	250M	558128	4466931
L	2598	250	*	*	*	*	*	1801170	*
H	2598	250	90.4	+	0	0	250M	555696	1801170
L	178	250	*	*	*	*	*	778480	*
H	178	250	86.8	+	0	0	250M	555696	778480
L	2111	250	*	*	*	*	*	93641	*
H	2111	250	88.0	+	0	0	250M	555696	93641
H	2598	250	94.0	+	0	0	125MI124MD	554499	1801170
L	164	250	*	*	*	*	*	804867	*
H	164	250	92.4	+	0	0	135MI114MD	554499	804867
L	2599	250	*	*	*	*	*	1801171	*
H	2599	250	90.0	+	0	0	127MI122MD	554499	1801171
L	2012	250	*	*	*	*	*	114930	*
H	2012	250	91.6	+	0	0	25MD35MD104MI84MI	554299	114930
L	2441	250	*	*	*	*	*	4562	*
H	2441	250	91.2	+	0	0	25MD35MD188M2I	554299	4562
L	3299	250	*	*	*	*	*	1127433	*
H	3299	250	90.8	+	0	0	25MD38MD185M2I	554299	1127433
H	4028	250	97.6	+	0	0	250M	549640	4419561
H	4132	250	97.6	+	0	0	250M	549640	4447124
L	3787	250	*	*	*	*	*	4367988	*
H	3787	250	97.2	+	0	0	250M	549640	4367988
L	1152	250	*	*	*	*	*	273647	*
H	1152	250	95.6	+	0	0	142MD107MI	549374	273647
H	821	250	94.8	+	0	0	142MD107MI	549374	342971
L	3900	250	*	*	*	*	*	4390326	*
H	3900	250	93.6	+	0	0	142MD107MI	549374	4390326
L	4281	250	*	*	*	*	*	4478861	*
H	4281	250	91.6	+	0	0	250M	547302	4478861
L	1134	250	*	*	*	*	*	276867	*
H	1134	250	91.6	+	0	0	250M	547302	276867
L	1062	250	*	*	*	*	*	295031	*
H	1062	250	92.4	+	0	0	250M	547302	295031
H	434	250	94.8	+	0	0	250M	544881	549232
H	3627	250	94.4	+	0	0	250M	544881	4327628
H	3555	250	93.6	+	0	0	250M	544881	4309033
L	2426	250	*	*	*	*	*	6024	*
H	2426	250	92.8	+	0	0	131MD118MI	543619	6024
L	2271	250	*	*	*	*	*	23566	*
H	2271	250	88.4	+	0	0	131MD118MI	543619	23566
L	2609	250	*	*	*	*	*	1133306	*
H	2609	250	84.8	+	0	0	130MD119MI	543619	1133306
L	245	250	*	*	*	*	*	593894	*
H	245	250	92.0	+	0	0	250M	541894	593894
L	3015	250	*	*	*	*	*	2922812	*
H	3015	250	91.6	+	0	0	250M	541894	2922812
L	468	250	*	*	*	*	*	537713	*
H	468	250	93.2	+	0	0	250M	541894	537713
L	4193	250	*	*	*	*	*	4460356	*
H	4193	250	90.8	+	0	0	250M	539939	4460356
L	2290	250	*	*	*	*	*	16026	*
H	2290	250	90.8	+	0	0	250M	539939	16026
L	742	250	*	*	*	*	*	357724	*
H	742	250	90.4	+	0	0	250M	539939	357724
L	1345	250	*	*	*	*	*	239729	*
H	1345	250	80.0	+	0	0	250M	539567	239729
H	3081	250	98.0	+	0	0	250M	538813	726766
H	2710	250	97.6	+	0	0	250M	538813	744642
L	2209	250	*	*	*	*	*	56680	*
H	2209	250	80.8	+	0	0	113M3D134M3I	538813	56680
L	2623	250	*	*	*	*	*	614944	*
H	2623	250	90.8	+	0	0	250M	537510	614944
L	2634	250	*	*	*	*	*	825830	*
H	2634	250	90.0	+	0	0	250M	537510	825830
L	4299	250	*	*	*	*	*	4482862	*
H	4299	250	90.0	+	0	0	250M	537510	4482862
L	240	250	*	*	*	*	*	615682	*
H	240	250	89.6	+	0	0	250M	536778	615682
L	2286	250	*	*	*	*	*	16092	*
H	2286	250	85.2	+	0	0	250M	536778	16092
L	2284	250	*	*	*	*	*	16101	*
H	2284	250	85.6	+	0	0	250M	536778	16101
L	1917	250	*	*	*	*	*	146917	*
H	1917	250	96.0	+	0	0	250M	536238	146917
L	4183	250	*	*	*	*	*	4458713	*
H	4183	250	94.8	+	0	0	250M	536238	4458713
H	4299	250	94.4	+	0	0	250M	536238	4482862
L	3245	250	*	*	*	*	*	821185	*
H	3245	250	99.2	+	0	0	250M	535678	821185
L	613	250	*	*	*	*	*	510204	*
H	613	250	98.8	+	0	0	250M	535678	510204
L	3711	250	*	*	*	*	*	4348253	*
H	3711	250	98.8	+	0	0	250M	535678	4348253
H	4157	250	96.4	+	0	0	250M	534008	4454082
L	3169	250	*	*	*	*	*	637528	*
H	3169	250	95.6	+	0	0	250M	534008	637528
L	1343	250	*	*	*	*	*	239951	*
H	1343	250	95.6	+	0	0	250M	534008	239951
H	2623	250	97.2	+	0	0	250M	533999	614944
L	4269	250	*	*	*	*	*	4476709	*
H	4269	250	88.8	+	0	0	250M	533999	4476709
L	3232	250	*	*	*	*	*	644275	*
H	3232	250	90.8	+	0	0	250M	533999	644275
L	294	250	*	*	*	*	*	580916	*
H	294	250	92.4	+	0	0	250M	511760	580916
L	2559	250	*	*	*	*	*	1125670	*
H	2559	250	93.6	+	0	0	250M	511760	1125670
L	2685	250	*	*	*	*	*	1142215	*
H	2685	250	94.4	+	0	0	250M	511760	1142215
L	1985	250	*	*	*	*	*	132837	*
H	1985	250	84.4	+	0	0	2D83MD111MD12MD39M5I	430191	132837
L	971	250	*	*	*	*	*	311173	*
H	971	250	85.2	+	0	0	85MD111MD12MD39M3I	430191	311173
L	2247	250	*	*	*	*	*	34757	*
H	2247	250	86.4	+	0	0	85MD111MD12MD39M3I	430191	34757
L	4237	250	*	*	*	*	*	4469214	*
H	4237	250	94.0	+	0	0	250M	366419	4469214
L	321	250	*	*	*	*	*	574493	*
H	321	250	94.0	+	0	0	250M	366419	574493
L	209	250	*	*	*	*	*	695185	*
H	209	250	94.0	+	0	0	250M	366419	695185
L	3042	250	*	*	*	*	*	1144180	*
H	3042	250	91.2	+	0	0	250M	365385	1144180
H	2680	250	87.6	+	0	0	250M	365385	1129081
L	191	250	*	*	*	*	*	732609	*
H	191	250	87.6	+	0	0	250M	365385	732609
L	1894	250	*	*	*	*	*	152527	*
H	1894	250	92.8	+	0	0	250M	359629	152527
L	1827	250	*	*	*	*	*	163775	*
H	1827	250	94.0	+	0	0	250M	359629	163775
L	1787	250	*	*	*	*	*	173030	*
H	1787	250	94.0	+	0	0	250M	359629	173030
L	3327	250	*	*	*	*	*	1137944	*
H	3327	250	91.6	+	0	0	250M	351494	1137944
L	1313	250	*	*	*	*	*	247332	*
H	1313	250	82.8	+	0	0	44MI205MD	351494	247332
H	685	250	82.4	+	0	0	250M	351494	369289
L	2493	250	*	*	*	*	*	1145098	*
H	2493	250	93.6	+	0	0	250M	338355	1145098
H	3851	250	92.8	+	0	0	250M	338355	4381303
L	832	250	*	*	*	*	*	342397	*
H	832	250	92.8	+	0	0	250M	338355	342397
H	321	250	98.8	+	0	0	250M	289216	574493
L	1421	250	*	*	*	*	*	212584	*
H	1421	250	98.8	+	0	0	250M	289216	212584
L	2303	250	*	*	*	*	*	15025	*
H	2303	250	98.8	+	0	0	250M	289216	15025
H	3578	250	81.6	+	0	0	89MD160MI	287811	4316113
L	501	250	*	*	*	*	*	528410	*
H	501	250	80.8	+	0	0	86MD163MI	287811	528410
H	622	250	80.8	+	0	0	85MD164MI	287811	493391
L	2238	250	*	*	*	*	*	41059	*
H	2238	250	94.0	+	0	0	250M	287305	41059
L	2981	250	*	*	*	*	*	1140484	*
H	2981	250	93.2	+	0	0	250M	287305	1140484
L	3481	250	*	*	*	*	*	4294447	*
H	3481	250	90.0	+	0	0	250M	287305	4294447
L	3048	250	*	*	*	*	*	1137185	*
H	3048	250	97.2	+	0	0	250M	285908	1137185
L	144	250	*	*	*	*	*	822776	*
H	144	250	96.8	+	0	0	250M	285908	822776
L	2061	250	*	*	*	*	*	106310	*
H	2061	250	96.4	+	0	0	250M	285908	106310
L	3428	250	*	*	*	*	*	1123994	*
H	3428	250	93.2	+	0	0	250M	274061	1123994
L	498	250	*	*	*	*	*	528855	*
H	498	250	95.6	+	0	0	197MI29MI22M2D	274061	528855
L	366	250	*	*	*	*	*	565851	*
H	366	250	92.8	+	0	0	250M	274061	565851
L	81	250	*	*	*	*	*	940737	*
H	81	250	98.0	+	0	0	51MD198MI	268935	940737
H	618	250	96.0	+	0	0	51MD198MI	268935	499955
H	479	250	96.8	+	0	0	51MD198MI	268935	533516
L	2076	250	*	*	*	*	*	103285	*
H	2076	250	97.6	+	0	0	250M	268353	103285
L	1886	250	*	*	*	*	*	154174	*
H	1886	250	92.8	+	0	0	250M	268353	154174
L	1840	250	*	*	*	*	*	161154	*
H	1840	250	92.0	+	0	0	3D140MI107M2I	268353	161154
H	2764	250	92.4	+	0	0	250M	263857	2228274
H	161	250	93.2	+	0	0	250M	263857	808546
H	821	250	90.8	+	0	0	250M	263857	342971
L	4149	250	*	*	*	*	*	4452719	*
H	4149	250	96.0	+	0	0	250M	261920	4452719
L	2384	250	*	*	*	*	*	9017	*
H	2384	250	90.8	+	0	0	250M	261920	9017
L	4214	250	*	*	*	*	*	4465296	*
H	4214	250	92.4	+	0	0	250M	261920	4465296
L	3896	250	*	*	*	*	*	4390091	*
H	3896	250	91.6	+	0	0	250M	255153	4390091
L	1125	250	*	*	*	*	*	280943	*
H	1125	250	90.8	+	0	0	250M	255153	280943
L	3018	250	*	*	*	*	*	1086672	*
H	3018	250	91.6	+	0	0	250M	255153	1086672
L	3113	250	*	*	*	*	*	846667	*
H	3113	250	92.8	+	0	0	250M	255143	846667
L	187	250	*	*	*	*	*	742260	*
H	187	250	92.4	+	0	0	250M	255143	742260
L	2722	250	*	*	*	*	*	816056	*
H	2722	250	91.6	+	0	0	250M	255143	816056
H	479	250	97.2	+	0	0	250M	252876	533516
L	3253	250	*	*	*	*	*	1013213	*
H	3253	250	96.8	+	0	0	250M	252876	1013213
L	1177	250	*	*	*	*	*	270402	*
H	1177	250	96.4	+	0	0	250M	252876	270402
L	4029	250	*	*	*	*	*	4419624	*
H	4029	250	98.8	+	0	0	250M	252028	4419624
L	2668	250	*	*	*	*	*	698294	*
H	2668	250	98.0	+	0	0	250M	252028	698294
L	3456	250	*	*	*	*	*	1141542	*
H	3456	250	98.0	+	0	0	250M	252028	1141542
L	2346	250	*	*	*	*	*	12168	*
H	2346	250	84.8	+	0	0	116MI133MD	251702	12168
L	522	250	*	*	*	*	*	525029	*
H	522	250	84.8	+	0	0	117MI132MD	251702	525029
L	3361	250	*	*	*	*	*	824624	*
H	3361	250	80.0	+	0	0	109MI140MD	251702	824624
L	731	250	*	*	*	*	*	359953	*
H	731	250	99.2	+	0	0	250M	250136	359953
L	3115	250	*	*	*	*	*	1129828	*
H	3115	250	98.8	+	0	0	250M	250136	1129828
H	1887	250	98.8	+	0	0	250M	250136	154130
L	445	250	*	*	*	*	*	544425	*
H	445	250	95.6	+	0	0	250M	249636	544425
L	1910	250	*	*	*	*	*	148326	*
H	1910	250	95.2	+	0	0	70MI179MD	249636	148326
L	4203	250	*	*	*	*	*	4463851	*
H	4203	250	93.2	+	0	0	13MI236MD	249636	4463851
H	1106	250	93.2	+	0	0	250M	247460	289174
H	130	250	93.2	+	0	0	250M	247460	835771
L	3184	250	*	*	*	*	*	836308	*
H	3184	250	93.2	+	0	0	250M	247460	836308
H	2722	250	95.2	+	0	0	10MD239MI	239649	816056
L	2831	250	*	*	*	*	*	1130952	*
H	2831	250	95.2	+	0	0	10MD239MI	239649	1130952
H	187	250	95.2	+	0	0	10MD239MI	239649	742260
L	2073	250	*	*	*	*	*	104129	*
H	2073	250	94.8	+	0	0	158MD12MD39MD9MD28M4I	239139	104129
L	202	250	*	*	*	*	*	709971	*
H	202	250	94.0	+	0	0	158MD12MD39MD9MD28M4I	239139	709971
L	973	250	*	*	*	*	*	310746	*
H	973	250	90.8	+	0	0	158MD12MD39MD9MD28M4I	239139	310746
L	2059	250	*	*	*	*	*	106422	*
H	2059	250	96.0	+	0	0	250M	206296	106422
L	396	250	*	*	*	*	*	557513	*
H	396	250	96.4	+	0	0	250M	206296	557513
L	2819	250	*	*	*	*	*	649143	*
H	2819	250	95.2	+	0	0	250M	206296	649143
H	2009	250	97.2	+	0	0	188MI61MD	205417	119010
H	1424	250	97.2	+	0	0	188MI61MD	205417	211593
H	2731	250	97.2	+	0	0	188MI61MD	205417	2119418
L	2849	250	*	*	*	*	*	2461583	*
H	2849	250	97.2	+	0	0	226MD23MI	202684	2461583
L	175	250	*	*	*	*	*	787697	*
H	175	250	94.4	+	0	0	226MD23MI	202684	787697
H	2286	250	82.4	+	0	0	226MD23MI	202684	16092
L	974	250	*	*	*	*	*	310532	*
H	974	250	93.6	+	0	0	250M	194772	310532
L	3601	250	*	*	*	*	*	4321652	*
H	3601	250	91.6	+	0	0	250M	194772	4321652
L	3587	250	*	*	*	*	*	4318406	*
H	3587	250	92.0	+	0	0	250M	194772	4318406
L	3314	250	*	*	*	*	*	3772088	*
H	3314	250	97.6	+	0	0	250M	190032	3772088
L	658	250	*	*	*	*	*	400480	*
H	658	250	94.8	+	0	0	250M	190032	400480
L	4027	250	*	*	*	*	*	4419428	*
H	4027	250	89.2	+	0	0	250M	190032	4419428
L	3409	250	*	*	*	*	*	631036	*
H	3409	250	87.6	+	0	0	175MD74MI	186867	631036
L	2025	250	*	*	*	*	*	112212	*
H	2025	250	88.0	+	0	0	175MD74MI	186867	112212
L	1027	250	*	*	*	*	*	301131	*
H	1027	250	88.4	+	0	0	175MD74MI	186867	301131
L	419	250	*	*	*	*	*	553455	*
H	419	250	89.6	+	0	0	250M	186744	553455
L	2514	250	*	*	*	*	*	1137869	*
H	2514	250	89.6	+	0	0	250M	186744	1137869
L	2412	250	*	*	*	*	*	7451	*
H	2412	250	88.8	+	0	0	27MI222MD	186744	7451
L	224	250	*	*	*	*	*	655619	*
H	224	250	98.0	+	0	0	250M	179639	655619
L	425	250	*	*	*	*	*	552208	*
H	425	250	95.2	+	0	0	250M	179639	552208
L	1359	250	*	*	*	*	*	237287	*
H	1359	250	90.8	+	0	0	250M	179639	237287
H	191	250	95.2	+	0	0	250M	179312	732609
L	3087	250	*	*	*	*	*	1121390	*
H	3087	250	94.4	+	0	0	250M	179312	1121390
L	2705	250	*	*	*	*	*	832316	*
H	2705	250	96.0	+	0	0	250M	179312	832316
H	2571	250	94.4	+	0	0	208MD41MI	178891	1144264
L	2800	250	*	*	*	*	*	637350	*
H	2800	250	94.4	+	0	0	210MD39MI	178891	637350
H	1322	250	94.4	+	0	0	210MD39MI	178891	244757
L	1788	250	*	*	*	*	*	172207	*
H	1788	250	92.8	+	0	0	250M	164660	172207
L	694	250	*	*	*	*	*	367189	*
H	694	250	92.0	+	0	0	250M	164660	367189
L	2597	250	*	*	*	*	*	839270	*
H	2597	250	92.8	+	0	0	250M	164660	839270
L	926	250	*	*	*	*	*	320922	*
H	926	250	89.2	+	0	0	250M	152262	320922
L	444	250	*	*	*	*	*	544430	*
H	444	250	90.8	+	0	0	250M	152262	544430
L	295	250	*	*	*	*	*	580742	*
H	295	250	89.6	+	0	0	250M	152262	580742
L	1915	250	*	*	*	*	*	147523	*
H	1915	250	94.0	+	0	0	250M	149021	147523
L	2845	250	*	*	*	*	*	804160	*
H	2845	250	94.0	+	0	0	250M	149021	804160
H	2111	250	89.6	+	0	0	250M	149021	93641
L	2557	250	*	*	*	*	*	1143460	*
H	2557	250	92.8	+	0	0	250M	145419	1143460
L	4094	250	*	*	*	*	*	4435279	*
H	4094	250	92.4	+	0	0	250M	145419	4435279
L	2204	250	*	*	*	*	*	58618	*
H	2204	250	92.8	+	0	0	250M	145419	58618
L	1423	250	*	*	*	*	*	212299	*
H	1423	250	98.0	+	0	0	250M	144720	212299
L	1409	250	*	*	*	*	*	218446	*
H	1409	250	95.2	+	0	0	250M	144720	218446
L	1411	250	*	*	*	*	*	218095	*
H	1411	250	95.2	+	0	0	250M	144720	218095
L	2255	250	*	*	*	*	*	29805	*
H	2255	250	90.8	+	0	0	250M	142996	29805
L	3100	250	*	*	*	*	*	812476	*
H	3100	250	90.0	+	0	0	250M	142996	812476
L	1452	250	*	*	*	*	*	199630	*
H	1452	250	90.0	+	0	0	250M	142996	199630
L	3974	250	*	*	*	*	*	4407974	*
H	3974	250	93.2	+	0	0	250M	138582	4407974
L	3408	250	*	*	*	*	*	836917	*
H	3408	250	90.0	+	0	0	250M	138582	836917
L	3939	250	*	*	*	*	*	4397087	*
H	3939	250	85.6	+	0	0	250M	138582	4397087
L	1362	250	*	*	*	*	*	236778	*
H	1362	250	94.4	+	0	0	250M	132913	236778
L	2533	250	*	*	*	*	*	1130161	*
H	2533	250	95.2	+	0	0	134MI115MD	132913	1130161
L	429	250	*	*	*	*	*	550712	*
H	429	250	96.8	+	0	0	250M	132913	550712
L	2397	250	*	*	*	*	*	8001	*
H	2397	250	89.2	+	0	0	250M	128429	8001
L	2402	250	*	*	*	*	*	7976	*
H	2402	250	88.4	+	0	0	250M	128429	7976
L	3197	250	*	*	*	*	*	806221	*
H	3197	250	87.6	+	0	0	250M	128429	806221
L	2900	250	*	*	*	*	*	1131423	*
H	2900	250	96.4	+	0	0	250M	110879	1131423
L	2227	250	*	*	*	*	*	48640	*
H	2227	250	93.2	+	0	0	250M	110879	48640
L	1930	250	*	*	*	*	*	143784	*
H	1930	250	93.6	+	0	0	250M	110879	143784
H	685	250	94.4	+	0	0	55M2D35MD19MI39MD42MI26MD8MD20M4I	110766	369289
H	753	250	93.6	+	0	0	55M2D35MD19MI39MD42MI26MD8MD20M4I	110766	354765
H	654	250	92.8	+	0	0	55M2D35MD19MI38MD43MI26MD8MD20M4I	110766	409932
L	3202	250	*	*	*	*	*	3485581	*
H	3202	250	90.4	+	0	0	250M	109364	3485581
L	2995	250	*	*	*	*	*	826144	*
H	2995	250	90.8	+	0	0	250M	109364	826144
L	3320	250	*	*	*	*	*	944401	*
H	3320	250	90.8	+	0	0	250M	109364	944401
L	4068	250	*	*	*	*	*	4429719	*
H	4068	250	84.4	+	0	0	250M	108386	4429719
L	3772	250	*	*	*	*	*	4365222	*
H	3772	250	88.0	+	0	0	250M	108386	4365222
L	2677	250	*	*	*	*	*	1143784	*
H	2677	250	80.4	+	0	0	250M	108386	1143784
L	3950	250	*	*	*	*	*	4402516	*
H	3950	250	98.0	+	0	0	250M	106469	4402516
H	1926	250	98.0	+	0	0	250M	106469	145526
H	3456	250	97.2	+	0	0	250M	106469	1141542
L	3708	250	*	*	*	*	*	4347829	*
H	3708	250	84.4	+	0	0	131MD118MI	104613	4347829
H	981	250	84.0	+	0	0	250M	104613	308956
L	806	250	*	*	*	*	*	344827	*
H	806	250	87.2	+	0	0	133MI116MD	104613	344827
L	3863	250	*	*	*	*	*	4384067	*
H	3863	250	90.8	+	0	0	250M	104155	4384067
L	1792	250	*	*	*	*	*	171126	*
H	1792	250	88.0	+	0	0	250M	104155	171126
L	4142	250	*	*	*	*	*	4449456	*
H	4142	250	85.6	+	0	0	250M	104155	4449456
L	1267	250	*	*	*	*	*	259094	*
H	1267	250	97.2	+	0	0	250M	102993	259094
L	2351	250	*	*	*	*	*	11439	*
H	2351	250	95.6	+	0	0	250M	102993	11439
L	2353	250	*	*	*	*	*	11427	*
H	2353	250	93.2	+	0	0	250M	102993	11427
L	211	250	*	*	*	*	*	692823	*
H	211	250	95.2	+	0	0	79MI21MD88MD60MI	102064	692823
L	3805	250	*	*	*	*	*	4371645	*
H	3805	250	95.2	+	0	0	79MI21MD88MD60MI	102064	4371645
L	1066	250	*	*	*	*	*	294550	*
H	1066	250	94.8	+	0	0	77MI23MD88MD60MI	102064	294550
L	409	250	*	*	*	*	*	555445	*
H	409	250	94.0	+	0	0	65MD184MI	101860	555445
L	1531	250	*	*	*	*	*	193160	*
H	1531	250	93.6	+	0	0	63MD186MI	101860	193160
L	880	250	*	*	*	*	*	332450	*
H	880	250	93.6	+	0	0	63MD186MI	101860	332450
L	2084	250	*	*	*	*	*	101883	*
H	2084	250	97.6	+	0	0	250M	100578	101883
H	2571	250	96.8	+	0	0	250M	100578	1144264
H	1322	250	96.4	+	0	0	250M	100578	244757
L	2021	250	*	*	*	*	*	112402	*
H	2021	250	96.4	+	0	0	72MD177MI	99193	112402
H	2073	250	93.2	+	0	0	72MD177MI	99193	104129
L	383	250	*	*	*	*	*	560403	*
H	383	250	90.4	+	0	0	77M2D171M2I	99193	560403
L	3248	250	*	*	*	*	*	826666	*
H	3248	250	92.8	+	0	0	250M	89669	826666
H	1409	250	92.8	+	0	0	250M	89669	218446
H	1411	250	92.8	+	0	0	250M	89669	218095
H	3555	250	95.2	+	0	0	114MD107MD27M2I	86606	4309033
L	2633	250	*	*	*	*	*	1890229	*
H	2633	250	93.6	+	0	0	110MD111MD27M2I	86606	1890229
L	3133	250	*	*	*	*	*	1110178	*
H	3133	250	93.6	+	0	0	110MD111MD27M2I	86606	1110178
L	3393	250	*	*	*	*	*	956702	*
H	3393	250	95.2	+	0	0	223MI26MD	83013	956702
L	3908	250	*	*	*	*	*	4391641	*
H	3908	250	95.2	+	0	0	223MI26MD	83013	4391641
L	2998	250	*	*	*	*	*	2862781	*
H	2998	250	94.8	+	0	0	223MI26MD	83013	2862781
H	2295	250	96.0	+	0	0	250M	78432	15785
H	2296	250	95.6	+	0	0	250M	78432	15740
H	273	250	95.2	+	0	0	250M	78432	586521
L	2156	250	*	*	*	*	*	74685	*
H	2156	250	97.6	+	0	0	173MI76MD	73570	74685
H	1177	250	97.2	+	0	0	173MI76MD	73570	270402
H	479	250	96.0	+	0	0	173MI76MD	73570	533516
H	753	250	95.6	+	0	0	250M	72263	354765
H	654	250	95.2	+	0	0	250M	72263	409932
L	1839	250	*	*	*	*	*	161199	*
H	1839	250	93.2	+	0	0	250M	72263	161199
H	3908	250	94.0	+	0	0	250M	70689	4391641
L	3596	250	*	*	*	*	*	4320756	*
H	3596	250	93.6	+	0	0	250M	70689	4320756
L	4072	250	*	*	*	*	*	4430639	*
H	4072	250	93.6	+	0	0	250M	70689	4430639
L	1844	250	*	*	*	*	*	160903	*
H	1844	250	96.4	+	0	0	250M	67654	160903
H	498	250	96.0	+	0	0	195MI31MI22M2D	67654	528855
L	1975	250	*	*	*	*	*	136053	*
H	1975	250	94.8	+	0	0	250M	67654	136053
H	3851	250	93.6	+	0	0	250M	62513	4381303
L	748	250	*	*	*	*	*	355468	*
H	748	250	92.4	+	0	0	250M	62513	355468
L	1740	250	*	*	*	*	*	176722	*
H	1740	250	92.8	+	0	0	250M	62513	176722
L	3285	250	*	*	*	*	*	1146150	*
H	3285	250	98.0	+	0	0	250M	58613	1146150
L	2529	250	*	*	*	*	*	1657389	*
H	2529	250	86.4	+	0	0	250M	58613	1657389
L	2463	250	*	*	*	*	*	2573	*
H	2463	250	83.2	+	0	0	250M	58613	2573
L	4305	250	*	*	*	*	*	4484389	*
H	4305	250	95.6	+	0	0	250M	55486	4484389
L	2065	250	*	*	*	*	*	105593	*
H	2065	250	94.4	+	0	0	250M	55486	105593
L	4104	250	*	*	*	*	*	4437422	*
H	4104	250	95.6	+	0	0	250M	55486	4437422
L	415	250	*	*	*	*	*	4412575	*
H	415	250	98.4	+	0	0	250M	53642	4412575
L	2291	250	*	*	*	*	*	16013	*
H	2291	250	91.2	+	0	0	250M	53642	16013
L	3589	250	*	*	*	*	*	4319017	*
H	3589	250	89.6	+	0	0	250M	53642	4319017
L	3778	250	*	*	*	*	*	4365806	*
H	3778	250	88.0	+	0	0	250M	51329	4365806
L	2310	250	*	*	*	*	*	14500	*
H	2310	250	86.8	+	0	0	250M	51329	14500
L	4077	250	*	*	*	*	*	4431592	*
H	4077	250	85.2	+	0	0	113MD136MI	51329	4431592
L	431	250	*	*	*	*	*	550415	*
H	431	250	96.8	+	0	0	250M	45962	550415
L	2589	250	*	*	*	*	*	805980	*
H	2589	250	94.8	+	0	0	250M	45962	805980
L	2347	250	*	*	*	*	*	12133	*
H	2347	250	94.8	+	0	0	250M	45962	12133
L	3554	250	*	*	*	*	*	4308518	*
H	3554	250	82.8	+	0	0	250M	45363	4308518
L	3520	250	*	*	*	*	*	4302603	*
H	3520	250	82.4	+	0	0	250M	45363	4302603
H	3578	250	85.6	+	0	0	250M	45363	4316113
L	1848	250	*	*	*	*	*	159833	*
H	1848	250	96.8	+	0	0	250M	41281	159833
L	2785	250	*	*	*	*	*	1145083	*
H	2785	250	96.8	+	0	0	250M	41281	1145083
L	3653	250	*	*	*	*	*	4334615	*
H	3653	250	95.6	+	0	0	250M	41281	4334615
H	3578	250	80.8	+	0	0	I11MD197M2I29MD10MD	40839	4316113
H	618	250	95.2	+	0	0	250M	40546	499955
H	81	250	96.0	+	0	0	250M	40546	940737
H	479	250	95.2	+	0	0	250M	40546	533516
L	2419	250	*	*	*	*	*	6648	*
H	2419	250	97.2	+	0	0	250M	40104	6648
L	2420	250	*	*	*	*	*	6602	*
H	2420	250	94.4	+	0	0	250M	40104	6602
L	2703	250	*	*	*	*	*	2062820	*
H	2703	250	91.6	+	0	0	250M	40104	2062820
L	3017	250	*	*	*	*	*	1127719	*
H	3017	250	90.4	+	0	0	250M	39706	1127719
L	3034	250	*	*	*	*	*	1134675	*
H	3034	250	89.6	+	0	0	250M	39706	1134675
L	3365	250	*	*	*	*	*	1136010	*
H	3365	250	89.6	+	0	0	250M	39706	1136010
H	345	250	98.0	+	0	0	186MD41MI22M	37911	569952
H	1117	250	98.0	+	0	0	186MD41MI22M	37911	286874
L	3945	250	*	*	*	*	*	4400476	*
H	3945	250	95.6	+	0	0	227MI22MD	37911	4400476
L	3619	250	*	*	*	*	*	4325036	*
H	3619	250	89.2	+	0	0	171MD16MI62M	33780	4325036
L	3551	250	*	*	*	*	*	4308084	*
H	3551	250	88.8	+	0	0	86MD85MD15MI62MI	33780	4308084
L	3849	250	*	*	*	*	*	4380876	*
H	3849	250	90.0	+	0	0	69MD101MD16MI62MI	33780	4380876
H	178	250	90.0	+	0	0	250M	24838	778480
L	3912	250	*	*	*	*	*	4392252	*
H	3912	250	89.6	+	0	0	250M	24838	4392252
L	2915	250	*	*	*	*	*	1119342	*
H	2915	250	87.6	+	0	0	250M	24838	1119342
L	4262	250	*	*	*	*	*	4476050	*
H	4262	250	96.0	+	0	0	250M	21796	4476050
L	3394	250	*	*	*	*	*	1106060	*
H	3394	250	95.6	+	0	0	250M	21796	1106060
H	4305	250	96.4	+	0	0	250M	21796	4484389
H	479	250	97.2	+	0	0	250M	17652	533516
H	81	250	97.2	+	0	0	250M	17652	940737
H	1177	250	96.0	+	0	0	250M	17652	270402
L	417	250	*	*	*	*	*	553653	*
H	417	250	95.2	+	0	0	250M	14554	553653
L	2531	250	*	*	*	*	*	652802	*
H	2531	250	95.2	+	0	0	250M	14554	652802
L	2086	250	*	*	*	*	*	101466	*
H	2086	250	95.2	+	0	0	250M	14554	101466
L	4233	250	*	*	*	*	*	4467983	*
H	4233	250	88.0	+	0	0	250M	14311	4467983
L	2010	250	*	*	*	*	*	115290	*
H	2010	250	83.6	+	0	0	250M	14311	115290
L	2620	250	*	*	*	*	*	1842075	*
H	2620	250	87.2	+	0	0	250M	14311	1842075
L	2315	250	*	*	*	*	*	14302	*
H	2315	250	90.4	+	0	0	250M	14295	14302
L	2314	250	*	*	*	*	*	14304	*
H	2314	250	88.8	+	0	0	250M	14295	14304
L	291	250	*	*	*	*	*	581342	*
H	291	250	86.8	+	0	0	250M	14295	581342
L	463	250	*	*	*	*	*	539230	*
H	463	250	94.8	+	0	0	80MI63MI105M2D	12986	539230
L	438	250	*	*	*	*	*	547806	*
H	438	250	95.2	+	0	0	80MI63MI105M2D	12986	547806
L	1202	250	*	*	*	*	*	267698	*
H	1202	250	94.8	+	0	0	80MI63MI105M2D	12986	267698
H	438	250	97.2	+	0	0	250M	12980	547806
H	1202	250	96.8	+	0	0	250M	12980	267698
H	463	250	96.8	+	0	0	250M	12980	539230
H	753	250	96.8	+	0	0	103MI7MI138M2D	12836	354765
H	654	250	96.0	+	0	0	103MI7MI138M2D	12836	409932
H	685	250	94.8	+	0	0	103MI5MI140M2D	12836	369289
H	2680	250	96.8	+	0	0	250M	12542	1129081
L	2612	250	*	*	*	*	*	1821516	*
H	2612	250	96.8	+	0	0	250M	12542	1821516
H	269	250	96.8	+	0	0	250M	12542	587616
L	1241	250	*	*	*	*	*	262096	*
H	1241	250	94.8	+	0	0	250M	12106	262096
L	2276	250	*	*	*	*	*	17513	*
H	2276	250	95.6	+	0	0	250M	12106	17513
H	431	250	94.8	+	0	0	250M	12106	550415
L	2034	250	*	*	*	*	*	109811	*
H	2034	250	88.4	+	0	0	250M	11120	109811
L	2032	250	*	*	*	*	*	110970	*
H	2032	250	88.0	+	0	0	250M	11120	110970
L	3035	250	*	*	*	*	*	2998997	*
H	3035	250	85.2	+	0	0	250M	11120	2998997
L	3160	250	*	*	*	*	*	1135946	*
H	3160	250	100.0	+	0	0	250M	10945	1135946
H	971	250	98.4	+	0	0	250M	10945	311173
H	2247	250	97.6	+	0	0	250M	10945	34757
L	3210	250	*	*	*	*	*	821517	*
H	3210	250	93.2	+	0	0	250M	10759	821517
L	2539	250	*	*	*	*	*	1130618	*
H	2539	250	91.6	+	0	0	250M	10759	1130618
H	2012	250	87.6	+	0	0	164MI85MD	10759	114930
L	2719	250	*	*	*	*	*	838434	*
H	2719	250	98.4	+	0	0	250M	10660	838434
L	2803	250	*	*	*	*	*	1143602	*
H	2803	250	90.8	+	0	0	250M	10660	1143602
H	2238	250	90.8	+	0	0	250M	10660	41059
H	130	250	98.8	+	0	0	250M	10323	835771
H	3184	250	98.8	+	0	0	250M	10323	836308
H	1106	250	98.8	+	0	0	250M	10323	289174
L	207	250	*	*	*	*	*	698557	*
H	207	250	94.8	+	0	0	250M	9961	698557
L	1979	250	*	*	*	*	*	135411	*
H	1979	250	92.8	+	0	0	250M	9961	135411
L	322	250	*	*	*	*	*	574325	*
H	322	250	92.4	+	0	0	135MI114MD	9961	574325
L	4063	250	*	*	*	*	*	4428224	*
H	4063	250	93.6	+	0	0	250M	9557	4428224
L	2028	250	*	*	*	*	*	111313	*
H	2028	250	93.6	+	0	0	250M	9557	111313
L	379	250	*	*	*	*	*	561902	*
H	379	250	93.2	+	0	0	250M	9557	561902
L	1337	250	*	*	*	*	*	240755	*
H	1337	250	97.6	+	0	0	250M	9548	240755
L	3965	250	*	*	*	*	*	4406393	*
H	3965	250	97.2	+	0	0	250M	9548	4406393
H	3393	250	96.8	+	0	0	250M	9548	956702
L	2903	250	*	*	*	*	*	1144898	*
H	2903	250	94.8	+	0	0	13MI236MD	8898	1144898
L	1164	250	*	*	*	*	*	272031	*
H	1164	250	94.4	+	0	0	13MI236MD	8898	272031
L	3376	250	*	*	*	*	*	624220	*
H	3376	250	94.4	+	0	0	13MI236MD	8898	624220
L	2836	250	*	*	*	*	*	1112913	*
H	2836	250	95.6	+	0	0	250M	8127	1112913
L	1929	250	*	*	*	*	*	144207	*
H	1929	250	96.0	+	0	0	250M	8127	144207
L	1285	250	*	*	*	*	*	255657	*
H	1285	250	95.6	+	0	0	250M	8127	255657
L	3335	250	*	*	*	*	*	1137136	*
H	3335	250	86.8	+	0	0	165MI50MI33M2D	7735	1137136
H	3365	250	86.4	+	0	0	165MI50MI33M2D	7735	1136010
H	3017	250	87.2	+	0	0	165MI50MI33M2D	7735	1127719
H	3428	250	93.6	+	0	0	250M	7572	1123994
H	498	250	95.2	+	0	0	197MI29MI22M2D	7572	528855
H	366	250	93.2	+	0	0	250M	7572	565851
H	2061	250	98.8	+	0	0	250M	7347	106310
H	144	250	97.6	+	0	0	250M	7347	822776
H	3048	250	97.2	+	0	0	250M	7347	1137185
L	2878	250	*	*	*	*	*	1133255	*
H	2878	250	94.8	+	0	0	250M	6357	1133255
H	2559	250	92.0	+	0	0	250M	6357	1125670
L	216	250	*	*	*	*	*	668105	*
H	216	250	92.8	+	0	0	250M	6357	668105
L	3423	250	*	*	*	*	*	1146685	*
H	3423	250	95.2	+	0	0	250M	5672	1146685
L	2776	250	*	*	*	*	*	1141633	*
H	2776	250	94.4	+	0	0	250M	5672	1141633
L	1414	250	*	*	*	*	*	217386	*
H	1414	250	94.4	+	0	0	250M	5672	217386
L	2432	250	*	*	*	*	*	5441	*
H	2432	250	98.0	+	0	0	250M	5263	5441
L	2160	250	*	*	*	*	*	74262	*
H	2160	250	96.0	+	0	0	160MD78MD10M2I	5263	74262
H	1411	250	94.8	+	0	0	250M	5263	218095
L	3021	250	*	*	*	*	*	1084983	*
H	3021	250	89.2	+	0	0	250M	4597	1084983
L	3670	250	*	*	*	*	*	4339256	*
H	3670	250	89.6	+	0	0	250M	4597	4339256
L	189	250	*	*	*	*	*	735185	*
H	189	250	88.4	+	0	0	166MI83MD	4597	735185
H	3900	250	96.8	+	0	0	250M	4470	4390326
H	821	250	94.0	+	0	0	250M	4470	342971
L	3112	250	*	*	*	*	*	3261476	*
H	3112	250	94.0	+	0	0	250M	4470	3261476
L	2608	250	*	*	*	*	*	742330	*
H	2608	250	86.0	+	0	0	250M	4145	742330
L	2446	250	*	*	*	*	*	4099	*
H	2446	250	84.0	+	0	0	250M	4145	4099
L	2797	250	*	*	*	*	*	2325513	*
H	2797	250	84.4	+	0	0	250M	4145	2325513
H	2255	250	88.4	+	0	0	175MI74MD	3308	29805
L	2057	250	*	*	*	*	*	106754	*
H	2057	250	85.6	+	0	0	175MI74MD	3308	106754
H	2845	250	86.8	+	0	0	175MI74MD	3308	804160
L	3205	250	*	*	*	*	*	1123794	*
H	3205	250	88.8	+	0	0	151MD98MI	2485	1123794
L	4043	250	*	*	*	*	*	4423885	*
H	4043	250	88.4	+	0	0	250M	2485	4423885
L	2701	250	*	*	*	*	*	1133602	*
H	2701	250	84.8	+	0	0	250M	2485	1133602
L	3421	250	*	*	*	*	*	1136009	*
H	3421	250	87.6	+	0	0	250M	2380	1136009
H	2701	250	84.4	+	0	0	250M	2380	1133602
L	3890	250	*	*	*	*	*	4388952	*
H	3890	250	82.8	+	0	0	250M	2380	4388952
L	2965	250	*	*	*	*	*	1138276	*
H	2965	250	93.2	+	0	0	250M	948029	1138276
L	1916	250	*	*	*	*	*	147086	*
H	1916	250	93.6	+	0	0	250M	948029	147086
H	3787	250	94.0	+	0	0	250M	948029	4367988
L	2991	250	*	*	*	*	*	699686	*
H	2991	250	90.8	+	0	0	250M	1123543	699686
L	4008	250	*	*	*	*	*	690594	*
H	4008	250	91.2	+	0	0	250M	1123543	690594
L	2773	250	*	*	*	*	*	808541	*
H	2773	250	91.2	+	0	0	250M	1123543	808541
L	235	250	*	*	*	*	*	626867	*
H	235	250	99.2	+	0	0	250M	1115140	626867
L	3302	250	*	*	*	*	*	698296	*
H	3302	250	88.0	+	0	0	250M	1115140	698296
L	2700	250	*	*	*	*	*	2046080	*
H	2700	250	86.8	+	0	0	250M	1115140	2046080
H	2623	250	94.4	+	0	0	250M	1136234	614944
L	2741	250	*	*	*	*	*	1135553	*
H	2741	250	92.8	+	0	0	250M	1136234	1135553
L	3344	250	*	*	*	*	*	699414	*
H	3344	250	87.6	+	0	0	103MI48M2I96M3D	1136234	699414
H	1887	250	98.8	+	0	0	250M	1124748	154130
L	2691	250	*	*	*	*	*	2027409	*
H	2691	250	98.4	+	0	0	250M	1124748	2027409
H	1958	250	97.2	+	0	0	250M	1124748	138930
H	1917	250	92.8	+	0	0	56MD193MI	815884	146917
H	2741	250	91.6	+	0	0	57MD192MI	815884	1135553
L	3461	250	*	*	*	*	*	4248036	*
H	3461	250	92.4	+	0	0	57MD192MI	815884	4248036
L	1393	250	*	*	*	*	*	225045	*
H	1393	250	92.8	+	0	0	250M	1134626	225045
L	4091	250	*	*	*	*	*	4434051	*
H	4091	250	85.6	+	0	0	250M	1134626	4434051
L	2392	250	*	*	*	*	*	8104	*
H	2392	250	86.0	+	0	0	250M	1134626	8104
L	2359	250	*	*	*	*	*	10829	*
H	2359	250	90.0	+	0	0	250M	1800506	10829
L	2360	250	*	*	*	*	*	10762	*
H	2360	250	88.8	+	0	0	250M	1800506	10762
L	1996	250	*	*	*	*	*	130219	*
H	1996	250	88.0	+	0	0	250M	1800506	130219
L	2601	250	*	*	*	*	*	1803014	*
H	2601	250	98.4	+	0	0	250M	1803005	1803014
L	2796	250	*	*	*	*	*	2318918	*
H	2796	250	96.4	+	0	0	250M	1803005	2318918
L	2880	250	*	*	*	*	*	2542324	*
H	2880	250	96.4	+	0	0	186MD63MI	1803005	2542324
H	1917	250	94.8	+	0	0	54MD195MI	1137534	146917
H	4183	250	93.6	+	0	0	55MD194MI	1137534	4458713
H	2634	250	93.2	+	0	0	55MD194MI	1137534	825830
N	*	250	*	*	*	*	*	1824285	*
N	*	250	*	*	*	*	*	1837676	*
L	340	250	*	*	*	*	*	570500	*
H	340	250	97.2	+	0	0	250M	794652	570500
L	3879	250	*	*	*	*	*	4386973	*
H	3879	250	96.8	+	0	0	250M	794652	4386973
L	3164	250	*	*	*	*	*	790610	*
H	3164	250	96.8	+	0	0	250M	794652	790610
H	3133	250	85.6	+	0	0	83MD33MI133M	1911677	1110178
L	4276	250	*	*	*	*	*	4477719	*
H	4276	250	85.6	+	0	0	83MD33MI133M	1911677	4477719
H	2633	250	85.6	+	0	0	83MD33MI133M	1911677	1890229
L	2975	250	*	*	*	*	*	808919	*
H	2975	250	96.0	+	0	0	250M	809102	808919
L	183	250	*	*	*	*	*	750320	*
H	183	250	94.8	+	0	0	250M	809102	750320
L	2859	250	*	*	*	*	*	675678	*
H	2859	250	94.4	+	0	0	250M	809102	675678
L	2654	250	*	*	*	*	*	1130328	*
H	2654	250	84.8	+	0	0	250M	1129499	1130328
L	4234	250	*	*	*	*	*	4468915	*
H	4234	250	82.8	+	0	0	250M	1129499	4468915
L	3439	250	*	*	*	*	*	4183921	*
H	3439	250	82.8	+	0	0	250M	1129499	4183921
L	2006	250	*	*	*	*	*	119663	*
H	2006	250	98.0	+	0	0	250M	2000706	119663
L	1217	250	*	*	*	*	*	264546	*
H	1217	250	97.6	+	0	0	250M	2000706	264546
L	1870	250	*	*	*	*	*	157497	*
H	1870	250	94.4	+	0	0	250M	2000706	157497
L	2260	250	*	*	*	*	*	27188	*
H	2260	250	97.2	+	0	0	250M	2000709	27188
L	3460	250	*	*	*	*	*	4245392	*
H	3460	250	96.0	+	0	0	250M	2000709	4245392
L	157	250	*	*	*	*	*	812921	*
H	157	250	95.2	+	0	0	250M	2000709	812921
H	2880	250	99.6	+	0	0	250M	2035238	2542324
H	2601	250	95.2	+	0	0	186MI63MD	2035238	1803014
L	3949	250	*	*	*	*	*	4401868	*
H	3949	250	92.4	+	0	0	250M	2035238	4401868
L	3247	250	*	*	*	*	*	3606810	*
H	3247	250	100.0	+	0	0	250M	2057787	3606810
L	3468	250	*	*	*	*	*	4251078	*
H	3468	250	100.0	+	0	0	250M	2057787	4251078
L	2648	250	*	*	*	*	*	1918929	*
H	2648	250	99.6	+	0	0	250M	2057787	1918929
L	2808	250	*	*	*	*	*	2344267	*
H	2808	250	98.8	+	0	0	250M	2063500	2344267
H	3468	250	98.4	+	0	0	250M	2063500	4251078
H	3247	250	98.4	+	0	0	250M	2063500	3606810
H	2557	250	96.8	+	0	0	250M	834006	1143460
H	4094	250	96.4	+	0	0	250M	834006	4435279
H	2701	250	94.4	+	0	0	250M	834006	1133602
L	3485	250	*	*	*	*	*	4295230	*
H	3485	250	89.6	+	0	0	250M	2096960	4295230
L	2658	250	*	*	*	*	*	786876	*
H	2658	250	89.2	+	0	0	250M	2096960	786876
L	1884	250	*	*	*	*	*	154970	*
H	1884	250	85.6	+	0	0	250M	2096960	154970
L	3957	250	*	*	*	*	*	4404220	*
H	3957	250	98.4	+	0	0	22MD35MI50MD141MI	893979	4404220
L	3740	250	*	*	*	*	*	4356832	*
H	3740	250	97.6	+	0	0	22MD35MI50MD141MI	893979	4356832
L	4275	250	*	*	*	*	*	4477696	*
H	4275	250	97.6	+	0	0	22MD35MI50MD141MI	893979	4477696
L	3129	250	*	*	*	*	*	679077	*
H	3129	250	94.8	+	0	0	250M	706818	679077
L	1986	250	*	*	*	*	*	132687	*
H	1986	250	96.4	+	0	0	250M	706818	132687
H	1975	250	96.4	+	0	0	250M	706818	136053
L	1282	250	*	*	*	*	*	256685	*
H	1282	250	99.2	+	0	0	250M	2160270	256685
L	2092	250	*	*	*	*	*	100203	*
H	2092	250	98.8	+	0	0	250M	2160270	100203
L	2155	250	*	*	*	*	*	75332	*
H	2155	250	98.8	+	0	0	250M	2160270	75332
L	2933	250	*	*	*	*	*	2686384	*
H	2933	250	93.2	+	0	0	250M	728069	2686384
H	2493	250	93.2	+	0	0	250M	728069	1145098
L	992	250	*	*	*	*	*	307640	*
H	992	250	93.6	+	0	0	250M	728069	307640
L	2778	250	*	*	*	*	*	2270059	*
H	2778	250	93.6	+	0	0	218M2I30M2D	2170497	2270059
L	2543	250	*	*	*	*	*	1689014	*
H	2543	250	88.8	+	0	0	219M2I29M2D	2170497	1689014
L	3109	250	*	*	*	*	*	3254563	*
H	3109	250	88.4	+	0	0	218M2I30M2D	2170497	3254563
N	*	250	*	*	*	*	*	2170973	*
L	4084	250	*	*	*	*	*	4432889	*
H	4084	250	99.6	+	0	0	250M	2199910	4432889
L	3148	250	*	*	*	*	*	832652	*
H	3148	250	99.2	+	0	0	250M	2199910	832652
L	845	250	*	*	*	*	*	340077	*
H	845	250	98.4	+	0	0	250M	2199910	340077
L	929	250	*	*	*	*	*	320332	*
H	929	250	88.4	+	0	0	250M	2223044	320332
L	819	250	*	*	*	*	*	343196	*
H	819	250	88.4	+	0	0	250M	2223044	343196
L	2272	250	*	*	*	*	*	23520	*
H	2272	250	87.6	+	0	0	250M	2223044	23520
L	2075	250	*	*	*	*	*	103743	*
H	2075	250	93.2	+	0	0	250M	2267861	103743
L	3301	250	*	*	*	*	*	1111998	*
H	3301	250	92.0	+	0	0	250M	2267861	1111998
H	2420	250	92.0	+	0	0	250M	2267861	6602
L	4286	250	*	*	*	*	*	4479762	*
H	4286	250	92.8	+	0	0	42MI207MD	829038	4479762
H	1362	250	91.6	+	0	0	250M	829038	236778
L	2745	250	*	*	*	*	*	781371	*
H	2745	250	91.6	+	0	0	250M	829038	781371
N	*	250	*	*	*	*	*	2317382	*
H	2114	250	98.0	+	0	0	250M	1140286	92333
H	479	250	98.8	+	0	0	250M	1140286	533516
H	618	250	98.8	+	0	0	250M	1140286	499955
L	30	250	*	*	*	*	*	1057260	*
H	30	250	94.4	+	0	0	250M	648540	1057260
H	2392	250	85.2	+	0	0	250M	648540	8104
L	464	250	*	*	*	*	*	539107	*
H	464	250	86.4	+	0	0	219MI30MD	648540	539107
N	*	250	*	*	*	*	*	2372909	*
L	3715	250	*	*	*	*	*	4349225	*
H	3715	250	97.6	+	0	0	103MD146MI	2397581	4349225
L	2826	250	*	*	*	*	*	2397566	*
H	2826	250	96.4	+	0	0	250M	2397581	2397566
L	3985	250	*	*	*	*	*	4410245	*
H	3985	250	96.0	+	0	0	250M	2397581	4410245
N	*	250	*	*	*	*	*	2414618	*
L	2838	250	*	*	*	*	*	2426771	*
H	2838	250	89.2	+	0	0	156MD93MI	2426770	2426771
L	2828	250	*	*	*	*	*	2397589	*
H	2828	250	84.4	+	0	0	102MD52MD94M2I	2426770	2397589
L	2839	250	*	*	*	*	*	2426772	*
H	2839	250	86.0	+	0	0	105MD49MD94M2I	2426770	2426772
L	4127	250	*	*	*	*	*	4444173	*
H	4127	250	84.4	+	0	0	102M4I144M4D	2431916	4444173
L	2484	250	*	*	*	*	*	1131099	*
H	2484	250	92.4	+	0	0	250M	2476144	1131099
L	3343	250	*	*	*	*	*	1129515	*
H	3343	250	92.4	+	0	0	250M	2476144	1129515
L	2809	250	*	*	*	*	*	1135155	*
H	2809	250	88.8	+	0	0	250M	2476144	1135155
L	2217	250	*	*	*	*	*	51778	*
H	2217	250	95.2	+	0	0	250M	743801	51778
L	2249	250	*	*	*	*	*	33768	*
H	2249	250	94.8	+	0	0	250M	743801	33768
L	2215	250	*	*	*	*	*	53180	*
H	2215	250	92.8	+	0	0	250M	743801	53180
H	1929	250	97.2	+	0	0	250M	646051	144207
H	1285	250	96.8	+	0	0	250M	646051	255657
L	2860	250	*	*	*	*	*	2491374	*
H	2860	250	96.0	+	0	0	45MD11MD192M2I	646051	2491374
L	2508	250	*	*	*	*	*	1145943	*
H	2508	250	96.8	+	0	0	250M	1122547	1145943
H	417	250	94.0	+	0	0	250M	1122547	553653
L	458	250	*	*	*	*	*	540478	*
H	458	250	94.0	+	0	0	250M	1122547	540478
L	4169	250	*	*	*	*	*	4456166	*
H	4169	250	94.8	+	0	0	250M	2551318	4456166
L	2476	250	*	*	*	*	*	1174	*
H	2476	250	93.6	+	0	0	250M	2551318	1174
H	175	250	86.4	+	0	0	250M	2551318	787697
L	1160	250	*	*	*	*	*	273031	*
H	1160	250	86.0	+	0	0	250M	1141500	273031
L	3434	250	*	*	*	*	*	4170478	*
H	3434	250	86.4	+	0	0	250M	1141500	4170478
L	4047	250	*	*	*	*	*	4424463	*
H	4047	250	81.2	+	0	0	250M	1141500	4424463
L	3125	250	*	*	*	*	*	1141031	*
H	3125	250	86.4	+	0	0	250M	1128312	1141031
L	2203	250	*	*	*	*	*	58647	*
H	2203	250	87.2	+	0	0	250M	1128312	58647
L	3545	250	*	*	*	*	*	4307258	*
H	3545	250	84.4	+	0	0	250M	1128312	4307258
H	2900	250	96.4	+	0	0	250M	1144223	1131423
H	1930	250	96.0	+	0	0	250M	1144223	143784
H	2599	250	94.8	+	0	0	250M	1144223	1801171
L	2507	250	*	*	*	*	*	1127851	*
H	2507	250	90.4	+	0	0	250M	2609596	1127851
L	4004	250	*	*	*	*	*	4414306	*
H	4004	250	90.8	+	0	0	250M	2609596	4414306
L	2082	250	*	*	*	*	*	102653	*
H	2082	250	90.4	+	0	0	250M	2609596	102653
H	2722	250	93.6	+	0	0	250M	630172	816056
H	2831	250	93.6	+	0	0	250M	630172	1130952
H	187	250	94.0	+	0	0	250M	630172	742260
L	3681	250	*	*	*	*	*	4341712	*
H	3681	250	91.6	+	0	0	250M	1112584	4341712
L	155	250	*	*	*	*	*	814161	*
H	155	250	90.8	+	0	0	250M	1112584	814161
L	2228	250	*	*	*	*	*	47887	*
H	2228	250	90.4	+	0	0	250M	1112584	47887
H	1423	250	96.4	+	0	0	62MD187MI	2675752	212299
L	3680	250	*	*	*	*	*	4341586	*
H	3680	250	94.8	+	0	0	61MD188MI	2675752	4341586
L	3690	250	*	*	*	*	*	4344241	*
H	3690	250	94.8	+	0	0	62MD187MI	2675752	4344241
L	2664	250	*	*	*	*	*	1122588	*
H	2664	250	97.6	+	0	0	250M	711733	1122588
L	1551	250	*	*	*	*	*	191359	*
H	1551	250	97.6	+	0	0	123MI126MD	711733	191359
L	159	250	*	*	*	*	*	811272	*
H	159	250	96.0	+	0	0	250M	711733	811272
L	2723	250	*	*	*	*	*	2106896	*
H	2723	250	95.6	+	0	0	33M2D215M2I	2707395	2106896
L	469	250	*	*	*	*	*	536986	*
H	469	250	95.6	+	0	0	33M2D165MI50MI	2707395	536986
L	1660	250	*	*	*	*	*	183456	*
H	1660	250	95.6	+	0	0	33M2D215M2I	2707395	183456
L	2335	250	*	*	*	*	*	12702	*
H	2335	250	94.0	+	0	0	134MD115MI	728860	12702
H	2351	250	92.0	+	0	0	133MD116MI	728860	11439
L	2841	250	*	*	*	*	*	812850	*
H	2841	250	93.6	+	0	0	134MD115MI	728860	812850
H	3578	250	82.8	+	0	0	250M	1145458	4316113
L	2503	250	*	*	*	*	*	1585210	*
H	2503	250	99.2	+	0	0	250M	2806523	1585210
H	3421	250	96.0	+	0	0	250M	2806523	1136009
H	3392	250	93.6	+	0	0	250M	2806523	4053067
L	752	250	*	*	*	*	*	354839	*
H	752	250	88.8	+	0	0	250M	1097955	354839
L	3319	250	*	*	*	*	*	3780125	*
H	3319	250	86.0	+	0	0	250M	1097955	3780125
L	3752	250	*	*	*	*	*	4359936	*
H	3752	250	85.6	+	0	0	D164MI85M	1097955	4359936
L	2377	250	*	*	*	*	*	9402	*
H	2377	250	98.0	+	0	0	250M	1136256	9402
L	406	250	*	*	*	*	*	555870	*
H	406	250	95.6	+	0	0	250M	1136256	555870
H	2371	250	94.8	+	0	0	250M	1136256	9819
H	3554	250	92.0	+	0	0	250M	761476	4308518
H	3520	250	92.0	+	0	0	250M	761476	4302603
L	3698	250	*	*	*	*	*	4345793	*
H	3698	250	90.0	+	0	0	250M	761476	4345793
L	2473	250	*	*	*	*	*	1875	*
H	2473	250	94.4	+	0	0	250M	2918986	1875
L	2740	250	*	*	*	*	*	2140546	*
H	2740	250	81.6	+	0	0	250M	2918986	2140546
L	327	250	*	*	*	*	*	573107	*
H	327	250	80.8	+	0	0	102MI147MD	2918986	573107
L	2524	250	*	*	*	*	*	1646259	*
H	2524	250	100.0	+	0	0	250M	2927689	1646259
H	3247	250	99.6	+	0	0	250M	2927689	3606810
L	2930	250	*	*	*	*	*	2682867	*
H	2930	250	99.6	+	0	0	250M	2927689	2682867
L	3713	250	*	*	*	*	*	4348874	*
H	3713	250	87.6	+	0	0	250M	2937207	4348874
L	3060	250	*	*	*	*	*	660055	*
H	3060	250	84.8	+	0	0	250M	2937207	660055
L	2031	250	*	*	*	*	*	111022	*
H	2031	250	84.4	+	0	0	174MI75MD	2937207	111022
H	753	250	93.6	+	0	0	250M	699197	354765
H	685	250	92.8	+	0	0	250M	699197	369289
H	654	250	92.8	+	0	0	250M	699197	409932
H	429	250	95.2	+	0	0	250M	1145398	550712
H	1362	250	93.6	+	0	0	250M	1145398	236778
L	3144	250	*	*	*	*	*	1131220	*
H	3144	250	93.2	+	0	0	250M	1145398	1131220
H	3109	250	86.4	+	0	0	250M	2969848	3254563
H	2778	250	86.4	+	0	0	250M	2969848	2270059
H	2543	250	86.0	+	0	0	250M	2969848	1689014
L	1570	250	*	*	*	*	*	189772	*
H	1570	250	96.8	+	0	0	250M	1121955	189772
L	2309	250	*	*	*	*	*	14583	*
H	2309	250	96.4	+	0	0	250M	1121955	14583
L	4018	250	*	*	*	*	*	4416988	*
H	4018	250	96.4	+	0	0	250M	1121955	4416988
H	2731	250	90.4	+	0	0	24MD20MD6MD53M3D11MD11MD25MD14M2D47M2D26M13I	3015665	2119418
H	2009	250	90.4	+	0	0	24MD20MD6MD53M3D11MD11MD25MD14M2D47M2D26M13I	3015665	119010
H	1424	250	90.4	+	0	0	24MD20MD6MD53M3D11MD11MD25MD14M2D47M2D26M13I	3015665	211593
H	2975	250	94.8	+	0	0	250M	1125597	808919
H	183	250	94.4	+	0	0	250M	1125597	750320
H	2859	250	94.0	+	0	0	250M	1125597	675678
H	2975	250	96.8	+	0	0	250M	1138936	808919
H	183	250	91.6	+	0	0	250M	1138936	750320
H	2859	250	91.2	+	0	0	250M	1138936	675678
H	3468	250	97.6	+	0	0	250M	3035626	4251078
H	2648	250	97.6	+	0	0	250M	3035626	1918929
H	3247	250	97.6	+	0	0	250M	3035626	3606810
N	*	250	*	*	*	*	*	3064426	*
L	1987	250	*	*	*	*	*	132661	*
H	1987	250	89.2	+	0	0	250M	784608	132661
L	1392	250	*	*	*	*	*	226338	*
H	1392	250	89.2	+	0	0	119MI130MD	784608	226338
L	682	250	*	*	*	*	*	370056	*
H	682	250	89.2	+	0	0	250M	784608	370056
L	3862	250	*	*	*	*	*	4384063	*
H	3862	250	97.6	+	0	0	250M	1131621	4384063
H	3456	250	96.0	+	0	0	250M	1131621	1141542
L	3022	250	*	*	*	*	*	1123147	*
H	3022	250	97.6	+	0	0	250M	1131621	1123147
H	3601	250	91.6	+	0	0	250M	933356	4321652
L	3233	250	*	*	*	*	*	1139920	*
H	3233	250	94.0	+	0	0	250M	933356	1139920
L	3936	250	*	*	*	*	*	4396481	*
H	3936	250	94.4	+	0	0	250M	933356	4396481
H	3335	250	89.2	+	0	0	250M	1132384	1137136
H	245	250	91.6	+	0	0	250M	1132384	593894
L	137	250	*	*	*	*	*	827497	*
H	137	250	90.0	+	0	0	250M	1132384	827497
L	2918	250	*	*	*	*	*	2648149	*
H	2918	250	99.2	+	0	0	130MD119MI	621303	2648149
L	1518	250	*	*	*	*	*	194356	*
H	1518	250	98.4	+	0	0	129MD120MI	621303	194356
H	3021	250	96.8	+	0	0	130MD119MI	621303	1084983
H	1894	250	88.4	+	0	0	250M	1140341	152527
H	1827	250	90.4	+	0	0	250M	1140341	163775
L	1821	250	*	*	*	*	*	165882	*
H	1821	250	90.8	+	0	0	250M	1140341	165882
L	221	250	*	*	*	*	*	662645	*
H	221	250	96.4	+	0	0	250M	782413	662645
L	208	250	*	*	*	*	*	697027	*
H	208	250	97.2	+	0	0	250M	782413	697027
H	2347	250	96.0	+	0	0	250M	782413	12133
L	2637	250	*	*	*	*	*	1892252	*
H	2637	250	98.0	+	0	0	250M	3254234	1892252
H	2524	250	98.0	+	0	0	250M	3254234	1646259
H	2930	250	97.6	+	0	0	250M	3254234	2682867
L	2318	250	*	*	*	*	*	14131	*
H	2318	250	93.2	+	0	0	250M	1133895	14131
L	3788	250	*	*	*	*	*	4368040	*
H	3788	250	92.4	+	0	0	42MI30MI176M2D	1133895	4368040
L	2317	250	*	*	*	*	*	14180	*
H	2317	250	90.4	+	0	0	250M	1133895	14180
L	3407	250	*	*	*	*	*	1143479	*
H	3407	250	83.6	+	0	0	250M	1142767	1143479
L	3472	250	*	*	*	*	*	1145893	*
H	3472	250	83.2	+	0	0	250M	1142767	1145893
H	3671	250	82.8	+	0	0	250M	1142767	4339627
H	3018	250	93.6	+	0	0	250M	1110646	1086672
L	6	250	*	*	*	*	*	1110799	*
H	6	250	93.6	+	0	0	250M	1110646	1110799
L	2897	250	*	*	*	*	*	2579939	*
H	2897	250	92.8	+	0	0	250M	1110646	2579939
L	3039	250	*	*	*	*	*	1072784	*
H	3039	250	99.6	+	0	0	250M	806092	1072784
L	1118	250	*	*	*	*	*	286579	*
H	1118	250	99.2	+	0	0	250M	806092	286579
L	1989	250	*	*	*	*	*	131902	*
H	1989	250	98.8	+	0	0	250M	806092	131902
L	148	250	*	*	*	*	*	819037	*
H	148	250	91.6	+	0	0	250M	1124779	819037
L	4251	250	*	*	*	*	*	4472813	*
H	4251	250	90.8	+	0	0	250M	1124779	4472813
H	345	250	92.4	+	0	0	250M	1124779	569952
H	4047	250	94.0	+	0	0	250M	1139975	4424463
L	125	250	*	*	*	*	*	845765	*
H	125	250	88.0	+	0	0	250M	1139975	845765
L	1002	250	*	*	*	*	*	305278	*
H	1002	250	88.0	+	0	0	250M	1139975	305278
H	2368	250	95.6	+	0	0	157MD22MI44MI25MD	1120420	10180
H	2371	250	95.2	+	0	0	157MD22MI44MI25MD	1120420	9819
L	2707	250	*	*	*	*	*	2072645	*
H	2707	250	95.6	+	0	0	157MD22MI44MI25MD	1120420	2072645
H	3523	250	90.0	+	0	0	250M	779371	4302951
H	1995	250	86.0	+	0	0	250M	779371	130535
L	2527	250	*	*	*	*	*	623190	*
H	2527	250	89.2	+	0	0	250M	779371	623190
H	2507	250	92.0	+	0	0	250M	3526876	1127851
L	3837	250	*	*	*	*	*	4378213	*
H	3837	250	91.6	+	0	0	250M	3526876	4378213
H	4004	250	91.2	+	0	0	250M	3526876	4414306
L	110	250	*	*	*	*	*	873972	*
H	110	250	93.2	+	0	0	250M	3528451	873972
L	1417	250	*	*	*	*	*	216324	*
H	1417	250	92.4	+	0	0	250M	3528451	216324
L	2917	250	*	*	*	*	*	913867	*
H	2917	250	92.8	+	0	0	250M	3528451	913867
L	2868	250	*	*	*	*	*	1136687	*
H	2868	250	89.6	+	0	0	250M	692654	1136687
L	151	250	*	*	*	*	*	817013	*
H	151	250	88.4	+	0	0	250M	692654	817013
L	1154	250	*	*	*	*	*	273373	*
H	1154	250	88.0	+	0	0	250M	692654	273373
H	3478	250	95.6	+	0	0	129MI120MD	1143368	4282872
H	1828	250	94.0	+	0	0	250M	1143368	163716
H	2211	250	93.6	+	0	0	D8MD15MD224M3I	1143368	55243
L	2807	250	*	*	*	*	*	2343601	*
H	2807	250	88.8	+	0	0	250M	3594973	2343601
L	2643	250	*	*	*	*	*	1916598	*
H	2643	250	87.6	+	0	0	250M	3594973	1916598
H	2368	250	92.4	+	0	0	250M	3651487	10180
L	3719	250	*	*	*	*	*	4350720	*
H	3719	250	92.0	+	0	0	250M	3651487	4350720
L	45	250	*	*	*	*	*	1021000	*
H	45	250	90.8	+	0	0	250M	3651487	1021000
L	3086	250	*	*	*	*	*	1127353	*
H	3086	250	84.4	+	0	0	250M	3695679	1127353
H	3708	250	81.6	+	0	0	130MD119MI	3695679	4347829
H	3974	250	84.0	+	0	0	250M	3695679	4407974
H	3468	250	99.6	+	0	0	250M	3746871	4251078
H	2524	250	99.6	+	0	0	250M	3746871	1646259
H	3247	250	99.6	+	0	0	250M	3746871	3606810
H	2930	250	100.0	+	0	0	250M	3746876	2682867
H	2637	250	99.6	+	0	0	250M	3746876	1892252
H	2524	250	99.6	+	0	0	250M	3746876	1646259
H	1917	250	94.4	+	0	0	250M	3755054	146917
H	2623	250	92.4	+	0	0	250M	3755054	614944
H	4183	250	92.8	+	0	0	250M	3755054	4458713
H	202	250	100.0	+	0	0	250M	1144357	709971
H	2073	250	98.4	+	0	0	250M	1144357	104129
H	973	250	94.8	+	0	0	250M	1144357	310746
L	2224	250	*	*	*	*	*	49604	*
H	2224	250	91.6	+	0	0	149MI14MI85M2D	1134701	49604
H	3912	250	88.8	+	0	0	152MI97MD	1134701	4392252
L	2459	250	*	*	*	*	*	3232	*
H	2459	250	86.0	+	0	0	149MI100MD	1134701	3232
L	2619	250	*	*	*	*	*	1125844	*
H	2619	250	97.2	+	0	0	250M	725444	1125844
L	2624	250	*	*	*	*	*	1121839	*
H	2624	250	94.4	+	0	0	250M	725444	1121839
L	2435	250	*	*	*	*	*	4735	*
H	2435	250	94.4	+	0	0	250M	725444	4735
H	340	250	97.6	+	0	0	250M	1144051	570500
H	3164	250	97.2	+	0	0	250M	1144051	790610
H	3879	250	96.8	+	0	0	250M	1144051	4386973
N	*	250	*	*	*	*	*	3836963	*
L	2437	250	*	*	*	*	*	4632	*
H	2437	250	89.6	+	0	0	194MI55MD	1132790	4632
L	2433	250	*	*	*	*	*	5066	*
H	2433	250	88.8	+	0	0	194MI55MD	1132790	5066
L	31	250	*	*	*	*	*	1056070	*
H	31	250	90.0	+	0	0	194MI55MD	1132790	1056070
H	1916	250	92.8	+	0	0	250M	3926523	147086
L	1903	250	*	*	*	*	*	150229	*
H	1903	250	93.6	+	0	0	250M	3926523	150229
H	2503	250	95.2	+	0	0	250M	3926523	1585210
L	2734	250	*	*	*	*	*	1129723	*
H	2734	250	93.6	+	0	0	15M2D233M2I	1133579	1129723
L	4301	250	*	*	*	*	*	4482948	*
H	4301	250	94.0	+	0	0	250M	1133579	4482948
L	2394	250	*	*	*	*	*	8012	*
H	2394	250	85.2	+	0	0	250M	1133579	8012
N	*	250	*	*	*	*	*	4028751	*
L	408	250	*	*	*	*	*	555568	*
H	408	250	91.6	+	0	0	250M	678541	555568
L	1789	250	*	*	*	*	*	171996	*
H	1789	250	91.6	+	0	0	250M	678541	171996
L	677	250	*	*	*	*	*	370368	*
H	677	250	90.8	+	0	0	250M	678541	370368
H	445	250	94.8	+	0	0	250M	1129564	544425
H	1910	250	94.8	+	0	0	70MI179MD	1129564	148326
H	4203	250	90.8	+	0	0	13MI236MD	1129564	4463851
N	*	250	*	*	*	*	*	4097804	*
N	*	250	*	*	*	*	*	4108286	*
H	3555	250	98.4	+	0	0	250M	1116679	4309033
H	434	250	97.2	+	0	0	250M	1116679	549232
L	2748	250	*	*	*	*	*	1135231	*
H	2748	250	96.8	+	0	0	250M	1116679	1135231
H	463	250	98.4	+	0	0	250M	1136392	539230
H	2335	250	96.4	+	0	0	250M	1136392	12702
H	1202	250	96.0	+	0	0	250M	1136392	267698
H	3715	250	98.4	+	0	0	105M2D143M2I	4165170	4349225
H	2826	250	95.2	+	0	0	103MD146MI	4165170	2397566
H	3985	250	94.0	+	0	0	103MD146MI	4165170	4410245
H	3896	250	97.6	+	0	0	250M	1136466	4390091
L	2408	250	*	*	*	*	*	7539	*
H	2408	250	92.8	+	0	0	250M	1136466	7539
H	3376	250	88.0	+	0	0	250M	1136466	624220
N	*	250	*	*	*	*	*	4238525	*
L	1816	250	*	*	*	*	*	166268	*
H	1816	250	93.6	+	0	0	250M	4270977	166268
H	1827	250	94.4	+	0	0	250M	4270977	163775
L	1135	250	*	*	*	*	*	276843	*
H	1135	250	92.4	+	0	0	250M	4270977	276843
L	1210	250	*	*	*	*	*	266579	*
H	1210	250	90.0	+	0	0	250M	4297688	266579
L	2926	250	*	*	*	*	*	1110313	*
H	2926	250	88.4	+	0	0	250M	4297688	1110313
L	2997	250	*	*	*	*	*	326714	*
H	2997	250	90.4	+	0	0	250M	4297688	326714
L	3130	250	*	*	*	*	*	1122610	*
H	3130	250	92.4	+	0	0	87MD162MI	4305211	1122610
L	3893	250	*	*	*	*	*	4389142	*
H	3893	250	92.4	+	0	0	87MD162MI	4305211	4389142
L	652	250	*	*	*	*	*	410549	*
H	652	250	92.4	+	0	0	84MD46MI119M	4305211	410549
L	3354	250	*	*	*	*	*	1137224	*
H	3354	250	97.2	+	0	0	250M	4305580	1137224
H	4028	250	97.2	+	0	0	250M	4305580	4419561
H	3392	250	96.4	+	0	0	250M	4305580	4053067
H	81	250	97.2	+	0	0	206MD43MI	4313865	940737
H	1177	250	96.0	+	0	0	206MD43MI	4313865	270402
H	479	250	96.8	+	0	0	206MD43MI	4313865	533516
H	2809	250	94.8	+	0	0	250M	4319468	1135155
H	3343	250	94.4	+	0	0	250M	4319468	1129515
L	3404	250	*	*	*	*	*	990997	*
H	3404	250	92.4	+	0	0	250M	4319468	990997
H	4237	250	95.2	+	0	0	250M	4324656	4469214
H	321	250	95.2	+	0	0	250M	4324656	574493
H	209	250	95.2	+	0	0	250M	4324656	695185
L	3518	250	*	*	*	*	*	4302223	*
H	3518	250	94.8	+	0	0	250M	4331429	4302223
L	2349	250	*	*	*	*	*	12056	*
H	2349	250	94.4	+	0	0	250M	4331429	12056
L	2350	250	*	*	*	*	*	12048	*
H	2350	250	94.4	+	0	0	250M	4331429	12048
H	3456	250	100.0	+	0	0	250M	4337455	1141542
H	4029	250	99.2	+	0	0	250M	4337455	4419624
H	3950	250	97.6	+	0	0	250M	4337455	4402516
L	3838	250	*	*	*	*	*	4378410	*
H	3838	250	93.2	+	0	0	250M	4343390	4378410
H	2204	250	92.0	+	0	0	250M	4343390	58618
H	2557	250	89.6	+	0	0	250M	4343390	1143460
H	441	250	93.6	+	0	0	250M	4348634	545511
H	3668	250	93.2	+	0	0	250M	4348634	4339173
H	2815	250	93.6	+	0	0	250M	4348634	1126893
H	2528	250	94.4	+	0	0	250M	4349748	1657383
H	2571	250	92.4	+	0	0	250M	4349748	1144264
H	1322	250	93.2	+	0	0	250M	4349748	244757
H	1870	250	82.0	+	0	0	250M	4350433	157497
H	2006	250	82.4	+	0	0	250M	4350433	119663
H	1217	250	82.0	+	0	0	250M	4350433	264546
L	2754	250	*	*	*	*	*	1143678	*
H	2754	250	100.0	+	0	0	250M	4350881	1143678
L	4131	250	*	*	*	*	*	4446956	*
H	4131	250	99.6	+	0	0	250M	4350881	4446956
H	191	250	99.2	+	0	0	250M	4350881	732609
L	3290	250	*	*	*	*	*	759349	*
H	3290	250	96.8	+	0	0	250M	4351472	759349
L	282	250	*	*	*	*	*	584241	*
H	282	250	96.8	+	0	0	250M	4351472	584241
L	2957	250	*	*	*	*	*	2749362	*
H	2957	250	97.2	+	0	0	250M	4351472	2749362
H	3034	250	91.2	+	0	0	250M	4352219	1134675
H	468	250	91.6	+	0	0	250M	4352219	537713
L	1422	250	*	*	*	*	*	212454	*
H	1422	250	91.6	+	0	0	250M	4352219	212454
H	3434	250	90.4	+	0	0	250M	4353119	4170478
H	1160	250	90.0	+	0	0	250M	4353119	273031
L	284	250	*	*	*	*	*	583989	*
H	284	250	89.6	+	0	0	250M	4353119	583989
H	2368	250	90.8	+	0	0	250M	4353578	10180
L	675	250	*	*	*	*	*	372473	*
H	675	250	90.4	+	0	0	250M	4353578	372473
H	2371	250	90.4	+	0	0	250M	4353578	9819
H	3290	250	99.2	+	0	0	250M	4354311	759349
H	282	250	99.2	+	0	0	250M	4354311	584241
L	2606	250	*	*	*	*	*	1129461	*
H	2606	250	98.8	+	0	0	250M	4354311	1129461
H	2707	250	100.0	+	0	0	250M	656881	2072645
H	2368	250	98.4	+	0	0	250M	656881	10180
H	2371	250	98.0	+	0	0	250M	656881	9819
H	2303	250	96.8	+	0	0	166MD83MI	4360539	15025
L	3770	250	*	*	*	*	*	4364892	*
H	3770	250	96.8	+	0	0	166MD83MI	4360539	4364892
L	2007	250	*	*	*	*	*	119659	*
H	2007	250	96.8	+	0	0	166MD83MI	4360539	119659
L	3725	250	*	*	*	*	*	4352076	*
H	3725	250	96.0	+	0	0	250M	4362383	4352076
L	2142	250	*	*	*	*	*	81554	*
H	2142	250	96.0	+	0	0	142MI107MD	4362383	81554
L	2045	250	*	*	*	*	*	108008	*
H	2045	250	95.2	+	0	0	250M	4362383	108008
L	3689	250	*	*	*	*	*	4343834	*
H	3689	250	96.0	+	0	0	109MD140MI	4364205	4343834
L	1508	250	*	*	*	*	*	195179	*
H	1508	250	96.0	+	0	0	250M	4364205	195179
L	2168	250	*	*	*	*	*	72643	*
H	2168	250	96.0	+	0	0	250M	4364205	72643
L	4258	250	*	*	*	*	*	4475144	*
H	4258	250	99.2	+	0	0	250M	4364469	4475144
L	1227	250	*	*	*	*	*	263449	*
H	1227	250	98.8	+	0	0	250M	4364469	263449
H	406	250	98.0	+	0	0	250M	4364469	555870
H	753	250	96.0	+	0	0	250M	4366263	354765
H	685	250	94.8	+	0	0	250M	4366263	369289
H	654	250	95.2	+	0	0	250M	4366263	409932
H	1848	250	98.0	+	0	0	250M	4366350	159833
H	3653	250	96.8	+	0	0	250M	4366350	4334615
H	2785	250	96.8	+	0	0	250M	4366350	1145083
H	2272	250	83.2	+	0	0	117MI132MD	4368159	23520
L	3626	250	*	*	*	*	*	4327604	*
H	3626	250	86.4	+	0	0	117MI132MD	4368159	4327604
H	2991	250	85.2	+	0	0	110MI139MD	4368159	699686
H	4113	250	96.8	+	0	0	250M	4370479	4439195
H	1581	250	92.8	+	0	0	250M	4370479	189028
L	3998	250	*	*	*	*	*	4412629	*
H	3998	250	92.8	+	0	0	250M	4370479	4412629
H	2571	250	95.2	+	0	0	250M	4371951	1144264
H	2084	250	95.2	+	0	0	250M	4371951	101883
H	1322	250	94.0	+	0	0	250M	4371951	244757
L	3475	250	*	*	*	*	*	808021	*
H	3475	250	99.6	+	0	0	250M	4372372	808021
L	3771	250	*	*	*	*	*	4365144	*
H	3771	250	99.2	+	0	0	250M	4372372	4365144
H	3039	250	97.6	+	0	0	250M	4372372	1072784
H	178	250	94.4	+	0	0	250M	4372695	778480
H	2224	250	92.0	+	0	0	164MI85MD	4372695	49604
H	3912	250	90.8	+	0	0	250M	4372695	4392252
N	*	250	*	*	*	*	*	4377536	*
H	2637	250	96.4	+	0	0	250M	4378624	1892252
H	2524	250	96.4	+	0	0	250M	4378624	1646259
H	2930	250	96.0	+	0	0	250M	4378624	2682867
L	4059	250	*	*	*	*	*	4427434	*
H	4059	250	92.8	+	0	0	250M	4386156	4427434
L	3322	250	*	*	*	*	*	3792581	*
H	3322	250	92.0	+	0	0	250M	4386156	3792581
L	4151	250	*	*	*	*	*	4453318	*
H	4151	250	92.8	+	0	0	250M	4386156	4453318
L	2937	250	*	*	*	*	*	2704718	*
H	2937	250	90.4	+	0	0	250M	4392251	2704718
H	164	250	88.8	+	0	0	250M	4392251	804867
H	2142	250	87.2	+	0	0	142MI107MD	4392251	81554
H	3392	250	99.2	+	0	0	250M	4394897	4053067
H	3354	250	98.4	+	0	0	250M	4394897	1137224
L	3016	250	*	*	*	*	*	1140240	*
H	3016	250	98.8	+	0	0	250M	4394897	1140240
H	383	250	94.8	+	0	0	74MD175MI	4395692	560403
H	2073	250	94.0	+	0	0	250M	4395692	104129
H	973	250	90.8	+	0	0	250M	4395692	310746
H	2965	250	94.0	+	0	0	250M	4398600	1138276
H	3421	250	96.4	+	0	0	250M	4398600	1136009
H	2571	250	94.8	+	0	0	250M	4398600	1144264
H	3485	250	88.4	+	0	0	250M	4402981	4295230
L	1540	250	*	*	*	*	*	192107	*
H	1540	250	88.8	+	0	0	250M	4402981	192107
H	2658	250	88.0	+	0	0	250M	4402981	786876
L	2821	250	*	*	*	*	*	731367	*
H	2821	250	88.8	+	0	0	250M	4403854	731367
L	2581	250	*	*	*	*	*	24490	*
H	2581	250	88.8	+	0	0	250M	4403854	24490
L	4218	250	*	*	*	*	*	4465739	*
H	4218	250	87.2	+	0	0	122MI127MD	4403854	4465739
H	3048	250	92.0	+	0	0	250M	4405546	1137185
L	1120	250	*	*	*	*	*	285068	*
H	1120	250	95.2	+	0	0	163MI41MI14MD30MD	4405546	285068
L	3759	250	*	*	*	*	*	4361424	*
H	3759	250	93.6	+	0	0	250M	4405546	4361424
H	4227	250	85.2	+	0	0	250M	4407066	4466931
H	155	250	80.4	+	0	0	250M	4407066	814161
H	3681	250	82.0	+	0	0	250M	4407066	4341712
H	3247	250	100.0	+	0	0	250M	4413100	3606810
H	3468	250	100.0	+	0	0	250M	4413100	4251078
H	2648	250	99.6	+	0	0	250M	4413100	1918929
H	1118	250	99.6	+	0	0	250M	4414810	286579
L	1436	250	*	*	*	*	*	205772	*
H	1436	250	99.6	+	0	0	250M	4414810	205772
H	3039	250	99.2	+	0	0	250M	4414810	1072784
L	1520	250	*	*	*	*	*	193970	*
H	1520	250	98.8	+	0	0	250M	4416713	193970
L	4107	250	*	*	*	*	*	4438027	*
H	4107	250	95.6	+	0	0	250M	4416713	4438027
H	1916	250	93.6	+	0	0	250M	4416713	147086
L	871	250	*	*	*	*	*	335256	*
H	871	250	90.8	+	0	0	27MD49MD172M2I	4431828	335256
L	2235	250	*	*	*	*	*	42931	*
H	2235	250	90.4	+	0	0	27MD49MD172M2I	4431828	42931
L	1013	250	*	*	*	*	*	303204	*
H	1013	250	90.0	+	0	0	27MD49MD172M2I	4431828	303204
L	3079	250	*	*	*	*	*	1136763	*
H	3079	250	96.8	+	0	0	250M	4432439	1136763
L	229	250	*	*	*	*	*	644016	*
H	229	250	94.8	+	0	0	250M	4432439	644016
H	468	250	94.0	+	0	0	250M	4432439	537713
L	741	250	*	*	*	*	*	357791	*
H	741	250	98.8	+	0	0	250M	4433321	357791
L	1320	250	*	*	*	*	*	245648	*
H	1320	250	95.6	+	0	0	123MI126MD	4433321	245648
H	2668	250	95.6	+	0	0	250M	4433321	698294
H	2335	250	95.6	+	0	0	250M	4433760	12702
H	463	250	95.6	+	0	0	250M	4433760	539230
H	340	250	93.6	+	0	0	250M	4433760	570500
L	2316	250	*	*	*	*	*	14205	*
H	2316	250	86.4	+	0	0	140MD19MD31MI21M3D12M2D20M6I	4434860	14205
L	243	250	*	*	*	*	*	606927	*
H	243	250	86.4	+	0	0	140MD19MD31MI21M3D12M2D20M6I	4434860	606927
H	2317	250	84.0	+	0	0	140MD19MD31MI14M3D19M2D20M6I	4434860	14180
H	3473	250	93.6	+	0	0	250M	4443004	4263820
H	1995	250	92.8	+	0	0	250M	4443004	130535
H	3407	250	90.0	+	0	0	250M	4443004	1143479
H	1322	250	97.6	+	0	0	250M	4447123	244757
H	2528	250	95.2	+	0	0	250M	4447123	1657383
L	1389	250	*	*	*	*	*	226929	*
H	1389	250	95.6	+	0	0	250M	4447123	226929
H	4107	250	92.8	+	0	0	250M	4447129	4438027
L	1562	250	*	*	*	*	*	190536	*
H	1562	250	90.8	+	0	0	250M	4447129	190536
L	2044	250	*	*	*	*	*	108598	*
H	2044	250	92.0	+	0	0	250M	4447129	108598
L	1141	250	*	*	*	*	*	275759	*
H	1141	250	87.2	+	0	0	I42MD52M2D22M2D31MD14M2D81M7I	4449703	275759
L	1902	250	*	*	*	*	*	150828	*
H	1902	250	87.6	+	0	0	44MD34MD14M2D23M2D31MD14M3D80M10I	4449703	150828
L	3515	250	*	*	*	*	*	4301491	*
H	3515	250	88.8	+	0	0	44MD34MD14M2D23M2D31MD14M2D81M9I	4449703	4301491
L	4096	250	*	*	*	*	*	4435424	*
H	4096	250	87.6	+	0	0	250M	4451561	4435424
L	319	250	*	*	*	*	*	575407	*
H	319	250	85.2	+	0	0	250M	4451561	575407
L	252	250	*	*	*	*	*	593043	*
H	252	250	85.2	+	0	0	250M	4451561	593043
L	1825	250	*	*	*	*	*	164443	*
H	1825	250	92.0	+	0	0	250M	4453271	164443
L	3986	250	*	*	*	*	*	4410345	*
H	3986	250	93.2	+	0	0	250M	4453271	4410345
H	2392	250	91.2	+	0	0	250M	4453271	8104
H	3247	250	100.0	+	0	0	250M	4453316	3606810
H	3468	250	100.0	+	0	0	250M	4453316	4251078
H	2648	250	99.6	+	0	0	250M	4453316	1918929
H	3896	250	92.8	+	0	0	250M	4453607	4390091
L	3427	250	*	*	*	*	*	4154525	*
H	3427	250	90.0	+	0	0	250M	4453607	4154525
H	1825	250	90.0	+	0	0	250M	4453607	164443
H	1106	250	98.8	+	0	0	250M	4456892	289174
H	130	250	98.8	+	0	0	250M	4456892	835771
H	1812	250	98.8	+	0	0	250M	4456892	167717
L	4097	250	*	*	*	*	*	4435425	*
H	4097	250	87.2	+	0	0	250M	4458677	4435425
H	4096	250	89.2	+	0	0	250M	4458677	4435424
L	4095	250	*	*	*	*	*	4435422	*
H	4095	250	87.2	+	0	0	250M	4458677	4435422
L	3052	250	*	*	*	*	*	3055791	*
H	3052	250	97.6	+	0	0	250M	4461879	3055791
L	665	250	*	*	*	*	*	391286	*
H	665	250	96.0	+	0	0	250M	4461879	391286
L	4283	250	*	*	*	*	*	4479467	*
H	4283	250	96.0	+	0	0	250M	4461879	4479467
H	1910	250	88.0	+	0	0	70MI179MD	4466596	148326
L	2356	250	*	*	*	*	*	10940	*
H	2356	250	89.6	+	0	0	250M	4466596	10940
H	4203	250	87.2	+	0	0	13MI236MD	4466596	4463851
L	1214	250	*	*	*	*	*	265604	*
H	1214	250	96.0	+	0	0	250M	4472420	265604
H	2086	250	95.2	+	0	0	250M	4472420	101466
H	3515	250	95.2	+	0	0	250M	4472420	4301491
H	1214	250	94.8	+	0	0	27MI129MI92M2D	4473250	265604
L	2865	250	*	*	*	*	*	749175	*
H	2865	250	94.4	+	0	0	27MI130MI91M2D	4473250	749175
H	209	250	92.8	+	0	0	27MI130MI91M2D	4473250	695185
L	626	250	*	*	*	*	*	470724	*
H	626	250	92.4	+	0	0	250M	4473411	470724
L	4117	250	*	*	*	*	*	4440404	*
H	4117	250	91.2	+	0	0	250M	4473411	4440404
L	3567	250	*	*	*	*	*	4312342	*
H	3567	250	90.8	+	0	0	88MI161MD	4473411	4312342
L	980	250	*	*	*	*	*	309107	*
H	980	250	94.0	+	0	0	250M	4473664	309107
L	797	250	*	*	*	*	*	347131	*
H	797	250	94.0	+	0	0	250M	4473664	347131
L	947	250	*	*	*	*	*	314749	*
H	947	250	94.0	+	0	0	250M	4473664	314749
N	*	250	*	*	*	*	*	4477989	*
L	4044	250	*	*	*	*	*	4423978	*
H	4044	250	88.0	+	0	0	57MI192MD	4482227	4423978
L	3816	250	*	*	*	*	*	4373641	*
H	3816	250	88.4	+	0	0	43M3D204M3I	4482227	4373641
L	2669	250	*	*	*	*	*	1954303	*
H	2669	250	87.2	+	0	0	57MI192MD	4482227	1954303
L	254	250	*	*	*	*	*	592957	*
H	254	250	87.6	+	0	0	250M	4482307	592957
H	3896	250	86.8	+	0	0	250M	4482307	4390091
L	2266	250	*	*	*	*	*	25151	*
H	2266	250	88.0	+	0	0	250M	4482307	25151
H	3627	250	95.2	+	0	0	250M	4482362	4327628
H	2368	250	94.0	+	0	0	250M	4482362	10180
H	3184	250	93.6	+	0	0	250M	4482362	836308
L	354	250	*	*	*	*	*	567725	*
H	354	250	97.6	+	0	0	164MD64MD20M2I	4482992	567725
L	3412	250	*	*	*	*	*	1135374	*
H	3412	250	96.8	+	0	0	164MD64MD20M2I	4482992	1135374
L	1355	250	*	*	*	*	*	238051	*
H	1355	250	97.2	+	0	0	164MD64MD20M2I	4482992	238051
L	4447	250	*	*	*	*	*	4437047	*
H	4447	250	91.2	+	0	0	250M	574835	4437047
L	4451	250	*	*	*	*	*	4463497	*
H	4451	250	88.8	+	0	0	250M	574835	4463497
L	4407	250	*	*	*	*	*	3022550	*
H	4407	250	90.4	+	0	0	250M	574835	3022550
L	4406	250	*	*	*	*	*	2940299	*
H	4406	250	93.6	+	0	0	250M	467541	2940299
L	4396	250	*	*	*	*	*	2153390	*
H	4396	250	94.0	+	0	0	250M	467541	2153390
L	4422	250	*	*	*	*	*	4032177	*
H	4422	250	90.8	+	0	0	250M	467541	4032177
L	4411	250	*	*	*	*	*	840131	*
H	4411	250	88.8	+	0	0	250M	157535	840131
L	4416	250	*	*	*	*	*	3852220	*
H	4416	250	88.0	+	0	0	250M	157535	3852220
L	4430	250	*	*	*	*	*	4323342	*
H	4430	250	82.8	+	0	0	134MI21MI52M2I24M3I12M7D	157535	4323342
L	4333	250	*	*	*	*	*	547463	*
H	4333	250	94.0	+	0	0	250M	101553	547463
L	4385	250	*	*	*	*	*	236	*
H	4385	250	93.2	+	0	0	135MI114MD	101553	236
L	4335	250	*	*	*	*	*	369183	*
H	4335	250	93.2	+	0	0	135MI114MD	101553	369183
N	*	250	*	*	*	*	*	33887	*
L	4375	250	*	*	*	*	*	981	*
H	4375	250	93.6	+	0	0	250M	19329	981
L	4434	250	*	*	*	*	*	4343248	*
H	4434	250	92.8	+	0	0	250M	19329	4343248
L	4341	250	*	*	*	*	*	240469	*
H	4341	250	87.6	+	0	0	250M	19329	240469
L	4438	250	*	*	*	*	*	4359816	*
H	4438	250	94.0	+	0	0	250M	1629246	4359816
L	4378	250	*	*	*	*	*	936	*
H	4378	250	94.0	+	0	0	250M	1629246	936
L	4326	250	*	*	*	*	*	559851	*
H	4326	250	93.6	+	0	0	250M	1629246	559851
L	4417	250	*	*	*	*	*	3862609	*
H	4417	250	95.2	+	0	0	250M	633056	3862609
H	4447	250	95.6	+	0	0	250M	633056	4437047
H	4407	250	93.2	+	0	0	250M	633056	3022550
L	4437	250	*	*	*	*	*	4358883	*
H	4437	250	91.2	+	0	0	250M	692586	4358883
L	4307	250	*	*	*	*	*	1106734	*
H	4307	250	88.8	+	0	0	250M	692586	1106734
L	4456	250	*	*	*	*	*	4477643	*
H	4456	250	90.8	+	0	0	250M	692586	4477643
L	4405	250	*	*	*	*	*	813104	*
H	4405	250	90.0	+	0	0	250M	4385066	813104
L	4444	250	*	*	*	*	*	4416518	*
H	4444	250	90.4	+	0	0	250M	4385066	4416518
L	4308	250	*	*	*	*	*	978530	*
H	4308	250	90.4	+	0	0	250M	4385066	978530
L	4398	250	*	*	*	*	*	665536	*
H	4398	250	96.0	+	0	0	250M	4445049	665536
L	4361	250	*	*	*	*	*	104684	*
H	4361	250	90.4	+	0	0	250M	4445049	104684
H	4333	250	82.0	+	0	0	110MI139MD	4445049	547463
D	6	2	*	*	*	*	93.6	1110799	*
D	30	2	*	*	*	*	94.4	1057260	*
D	31	2	*	*	*	*	90.0	1056070	*
D	81	5	*	*	*	*	97.1	940737	*
D	110	2	*	*	*	*	93.2	873972	*
D	161	3	*	*	*	*	94.8	808546	*
D	178	3	*	*	*	*	92.2	778480	*
D	187	3	*	*	*	*	94.6	742260	*
D	188	2	*	*	*	*	95.2	738267	*
D	202	2	*	*	*	*	100.0	709971	*
D	207	2	*	*	*	*	94.8	698557	*
D	208	2	*	*	*	*	97.2	697027	*
D	209	3	*	*	*	*	94.6	695185	*
D	224	2	*	*	*	*	98.0	655619	*
D	235	2	*	*	*	*	99.2	626867	*
D	240	2	*	*	*	*	89.6	615682	*
D	243	2	*	*	*	*	86.4	606927	*
D	245	2	*	*	*	*	91.6	593894	*
D	269	2	*	*	*	*	96.8	587616	*
D	273	2	*	*	*	*	95.6	586521	*
D	282	2	*	*	*	*	99.2	584241	*
D	301	2	*	*	*	*	98.0	579618	*
D	340	3	*	*	*	*	97.4	570500	*
D	345	3	*	*	*	*	94.0	569952	*
D	354	2	*	*	*	*	97.6	567725	*
D	383	2	*	*	*	*	94.8	560403	*
D	396	2	*	*	*	*	96.4	557513	*
D	409	2	*	*	*	*	94.0	555445	*
D	415	2	*	*	*	*	98.4	4412575	*
D	429	3	*	*	*	*	96.0	550712	*
D	431	2	*	*	*	*	96.8	550415	*
D	434	2	*	*	*	*	94.8	549232	*
D	438	3	*	*	*	*	96.2	547806	*
D	441	2	*	*	*	*	91.6	545511	*
D	444	2	*	*	*	*	90.8	544430	*
D	445	2	*	*	*	*	95.6	544425	*
D	463	3	*	*	*	*	97.0	539230	*
D	468	2	*	*	*	*	93.2	537713	*
D	479	2	*	*	*	*	97.2	533516	*
D	498	3	*	*	*	*	95.4	528855	*
D	522	2	*	*	*	*	84.8	525029	*
D	618	3	*	*	*	*	98.8	499955	*
D	626	2	*	*	*	*	92.4	470724	*
D	652	2	*	*	*	*	92.4	410549	*
D	654	2	*	*	*	*	98.8	409932	*
D	682	2	*	*	*	*	89.2	370056	*
D	685	2	*	*	*	*	94.4	369289	*
D	731	2	*	*	*	*	99.2	359953	*
D	741	2	*	*	*	*	98.8	357791	*
D	752	2	*	*	*	*	88.8	354839	*
D	753	5	*	*	*	*	95.5	354765	*
D	806	2	*	*	*	*	87.2	344827	*
D	819	2	*	*	*	*	88.4	343196	*
D	871	2	*	*	*	*	90.8	335256	*
D	947	2	*	*	*	*	94.0	314749	*
D	974	2	*	*	*	*	93.6	310532	*
D	992	2	*	*	*	*	93.6	307640	*
D	1027	2	*	*	*	*	88.4	301131	*
D	1062	2	*	*	*	*	92.4	295031	*
D	1106	3	*	*	*	*	98.2	289174	*
D	1117	2	*	*	*	*	98.0	286874	*
D	1120	2	*	*	*	*	95.2	285068	*
D	1152	2	*	*	*	*	95.6	273647	*
D	1214	3	*	*	*	*	95.4	265604	*
D	1267	2	*	*	*	*	97.2	259094	*
D	1282	2	*	*	*	*	99.2	256685	*
D	1322	4	*	*	*	*	95.9	244757	*
D	1337	2	*	*	*	*	97.6	240755	*
D	1345	2	*	*	*	*	80.0	239729	*
D	1393	2	*	*	*	*	92.8	225045	*
D	1411	2	*	*	*	*	92.8	218095	*
D	1422	2	*	*	*	*	91.6	212454	*
D	1423	3	*	*	*	*	97.2	212299	*
D	1424	2	*	*	*	*	90.4	211593	*
D	1436	2	*	*	*	*	99.6	205772	*
D	1520	2	*	*	*	*	98.8	193970	*
D	1540	2	*	*	*	*	88.8	192107	*
D	1551	2	*	*	*	*	97.6	191359	*
D	1570	2	*	*	*	*	96.8	189772	*
D	1660	2	*	*	*	*	95.6	183456	*
D	1787	2	*	*	*	*	94.0	173030	*
D	1789	2	*	*	*	*	91.6	171996	*
D	1812	2	*	*	*	*	98.8	167717	*
D	1821	2	*	*	*	*	90.8	165882	*
D	1827	2	*	*	*	*	94.4	163775	*
D	1828	2	*	*	*	*	93.6	163716	*
D	1844	2	*	*	*	*	96.4	160903	*
D	1848	2	*	*	*	*	98.0	159833	*
D	1887	2	*	*	*	*	98.8	154130	*
D	1910	2	*	*	*	*	94.8	148326	*
D	1917	5	*	*	*	*	94.5	146917	*
D	1926	2	*	*	*	*	98.0	145526	*
D	1929	3	*	*	*	*	96.6	144207	*
D	1958	2	*	*	*	*	98.4	138930	*
D	1975	2	*	*	*	*	96.4	136053	*
D	1995	2	*	*	*	*	93.2	130535	*
D	2006	3	*	*	*	*	90.2	119663	*
D	2007	2	*	*	*	*	96.8	119659	*
D	2009	2	*	*	*	*	97.2	119010	*
D	2012	2	*	*	*	*	91.6	114930	*
D	2021	2	*	*	*	*	96.4	112402	*
D	2027	2	*	*	*	*	92.4	111470	*
D	2028	2	*	*	*	*	93.6	111313	*
D	2034	2	*	*	*	*	88.4	109811	*
D	2061	2	*	*	*	*	98.8	106310	*
D	2073	2	*	*	*	*	94.8	104129	*
D	2075	2	*	*	*	*	93.2	103743	*
D	2076	2	*	*	*	*	97.6	103285	*
D	2084	3	*	*	*	*	96.4	101883	*
D	2086	2	*	*	*	*	95.2	101466	*
D	2142	2	*	*	*	*	96.0	81554	*
D	2156	2	*	*	*	*	97.6	74685	*
D	2168	2	*	*	*	*	96.0	72643	*
D	2203	2	*	*	*	*	87.2	58647	*
D	2204	2	*	*	*	*	92.8	58618	*
D	2217	2	*	*	*	*	95.2	51778	*
D	2224	2	*	*	*	*	91.6	49604	*
D	2238	2	*	*	*	*	94.0	41059	*
D	2247	2	*	*	*	*	86.4	34757	*
D	2255	3	*	*	*	*	89.6	29805	*
D	2260	2	*	*	*	*	97.2	27188	*
D	2266	2	*	*	*	*	88.0	25151	*
D	2276	2	*	*	*	*	95.6	17513	*
D	2290	2	*	*	*	*	90.8	16026	*
D	2295	2	*	*	*	*	96.0	15785	*
D	2303	2	*	*	*	*	98.8	15025	*
D	2315	2	*	*	*	*	90.4	14302	*
D	2318	2	*	*	*	*	93.2	14131	*
D	2335	2	*	*	*	*	94.0	12702	*
D	2356	2	*	*	*	*	89.6	10940	*
D	2359	2	*	*	*	*	90.0	10829	*
D	2368	4	*	*	*	*	92.9	10180	*
D	2377	2	*	*	*	*	98.0	9402	*
D	2397	2	*	*	*	*	89.2	8001	*
D	2417	2	*	*	*	*	97.6	7214	*
D	2419	2	*	*	*	*	97.2	6648	*
D	2426	2	*	*	*	*	92.8	6024	*
D	2432	2	*	*	*	*	98.0	5441	*
D	2473	2	*	*	*	*	94.4	1875	*
D	2493	2	*	*	*	*	93.6	1145098	*
D	2503	3	*	*	*	*	97.2	1585210	*
D	2507	2	*	*	*	*	92.0	1127851	*
D	2508	2	*	*	*	*	96.8	1145943	*
D	2514	2	*	*	*	*	89.6	1137869	*
D	2524	4	*	*	*	*	98.1	1646259	*
D	2528	2	*	*	*	*	94.4	1657383	*
D	2557	2	*	*	*	*	96.8	1143460	*
D	2581	2	*	*	*	*	88.8	24490	*
D	2597	2	*	*	*	*	92.8	839270	*
D	2598	3	*	*	*	*	92.2	1801170	*
D	2601	2	*	*	*	*	98.4	1803014	*
D	2608	2	*	*	*	*	86.0	742330	*
D	2619	2	*	*	*	*	97.2	1125844	*
D	2623	4	*	*	*	*	94.1	614944	*
D	2633	2	*	*	*	*	85.6	1890229	*
D	2654	2	*	*	*	*	84.8	1130328	*
D	2680	2	*	*	*	*	98.0	1129081	*
D	2685	2	*	*	*	*	94.4	1142215	*
D	2705	2	*	*	*	*	96.0	832316	*
D	2707	3	*	*	*	*	97.8	2072645	*
D	2719	2	*	*	*	*	98.4	838434	*
D	2731	2	*	*	*	*	97.2	2119418	*
D	2747	2	*	*	*	*	99.2	1141123	*
D	2754	2	*	*	*	*	100.0	1143678	*
D	2773	2	*	*	*	*	91.2	808541	*
D	2778	3	*	*	*	*	90.0	2270059	*
D	2785	2	*	*	*	*	96.8	1145083	*
D	2807	2	*	*	*	*	88.8	2343601	*
D	2808	2	*	*	*	*	98.8	2344267	*
D	2809	2	*	*	*	*	94.8	1135155	*
D	2815	2	*	*	*	*	93.6	1126893	*
D	2833	2	*	*	*	*	98.0	1138255	*
D	2838	2	*	*	*	*	89.2	2426771	*
D	2845	2	*	*	*	*	94.0	804160	*
D	2849	2	*	*	*	*	97.2	2461583	*
D	2868	2	*	*	*	*	89.6	1136687	*
D	2878	2	*	*	*	*	94.8	1133255	*
D	2880	2	*	*	*	*	99.6	2542324	*
D	2884	2	*	*	*	*	83.2	1033991	*
D	2900	3	*	*	*	*	96.4	1131423	*
D	2903	2	*	*	*	*	94.8	1144898	*
D	2918	2	*	*	*	*	99.2	2648149	*
D	2930	2	*	*	*	*	100.0	2682867	*
D	2937	2	*	*	*	*	90.4	2704718	*
D	2957	2	*	*	*	*	97.2	2749362	*
D	2975	4	*	*	*	*	95.9	808919	*
D	2997	2	*	*	*	*	90.4	326714	*
D	3017	3	*	*	*	*	88.8	1127719	*
D	3018	2	*	*	*	*	91.6	1086672	*
D	3022	2	*	*	*	*	97.6	1123147	*
D	3039	2	*	*	*	*	99.6	1072784	*
D	3042	2	*	*	*	*	91.2	1144180	*
D	3048	2	*	*	*	*	97.2	1137185	*
D	3052	2	*	*	*	*	97.6	3055791	*
D	3079	2	*	*	*	*	96.8	1136763	*
D	3081	3	*	*	*	*	90.0	726766	*
D	3086	2	*	*	*	*	84.4	1127353	*
D	3113	2	*	*	*	*	92.8	846667	*
D	3160	2	*	*	*	*	100.0	1135946	*
D	3184	2	*	*	*	*	93.2	836308	*
D	3205	2	*	*	*	*	88.8	1123794	*
D	3210	2	*	*	*	*	93.2	821517	*
D	3215	2	*	*	*	*	97.6	3509168	*
D	3245	2	*	*	*	*	99.2	821185	*
D	3247	3	*	*	*	*	98.6	3606810	*
D	3285	2	*	*	*	*	98.0	1146150	*
D	3314	2	*	*	*	*	97.6	3772088	*
D	3320	2	*	*	*	*	90.8	944401	*
D	3327	2	*	*	*	*	91.6	1137944	*
D	3343	2	*	*	*	*	92.4	1129515	*
D	3392	3	*	*	*	*	98.8	4053067	*
D	3407	2	*	*	*	*	83.6	1143479	*
D	3421	3	*	*	*	*	92.0	1136009	*
D	3423	2	*	*	*	*	95.2	1146685	*
D	3434	3	*	*	*	*	88.4	4170478	*
D	3456	2	*	*	*	*	100.0	1141542	*
D	3462	2	*	*	*	*	96.0	816189	*
D	3468	4	*	*	*	*	100.0	4251078	*
D	3473	2	*	*	*	*	93.6	4263820	*
D	3475	2	*	*	*	*	99.6	808021	*
D	3478	2	*	*	*	*	95.6	4282872	*
D	3485	2	*	*	*	*	89.6	4295230	*
D	3515	2	*	*	*	*	88.8	4301491	*
D	3518	2	*	*	*	*	94.8	4302223	*
D	3520	2	*	*	*	*	92.0	4302603	*
D	3523	3	*	*	*	*	92.2	4302951	*
D	3555	3	*	*	*	*	96.8	4309033	*
D	3578	6	*	*	*	*	82.6	4316113	*
D	3626	2	*	*	*	*	86.4	4327604	*
D	3627	3	*	*	*	*	96.6	4327628	*
D	3661	2	*	*	*	*	94.0	4337248	*
D	3670	2	*	*	*	*	89.6	4339256	*
D	3681	2	*	*	*	*	91.6	4341712	*
D	3713	2	*	*	*	*	87.6	4348874	*
D	3715	3	*	*	*	*	98.0	4349225	*
D	3772	2	*	*	*	*	88.0	4365222	*
D	3778	2	*	*	*	*	88.0	4365806	*
D	3787	2	*	*	*	*	94.0	4367988	*
D	3805	2	*	*	*	*	95.2	4371645	*
D	3816	2	*	*	*	*	88.4	4373641	*
D	3838	2	*	*	*	*	93.2	4378410	*
D	3849	2	*	*	*	*	90.0	4380876	*
D	3851	3	*	*	*	*	93.8	4381303	*
D	3863	2	*	*	*	*	90.8	4384067	*
D	3896	3	*	*	*	*	95.2	4390091	*
D	3900	2	*	*	*	*	96.8	4390326	*
D	3908	3	*	*	*	*	94.6	4391641	*
D	3936	2	*	*	*	*	94.4	4396481	*
D	3957	2	*	*	*	*	98.4	4404220	*
D	3974	2	*	*	*	*	93.2	4407974	*
D	3986	2	*	*	*	*	93.2	4410345	*
D	4001	2	*	*	*	*	94.4	4413665	*
D	4004	2	*	*	*	*	90.8	4414306	*
D	4028	2	*	*	*	*	97.2	4419561	*
D	4029	2	*	*	*	*	98.8	4419624	*
D	4047	2	*	*	*	*	94.0	4424463	*
D	4084	2	*	*	*	*	99.6	4432889	*
D	4096	3	*	*	*	*	88.4	4435424	*
D	4104	2	*	*	*	*	95.6	4437422	*
D	4107	2	*	*	*	*	92.8	4438027	*
D	4113	2	*	*	*	*	96.8	4439195	*
D	4127	2	*	*	*	*	84.4	4444173	*
D	4132	2	*	*	*	*	97.6	4447124	*
D	4149	2	*	*	*	*	96.0	4452719	*
D	4151	2	*	*	*	*	92.8	4453318	*
D	4157	3	*	*	*	*	96.8	4454082	*
D	4169	2	*	*	*	*	94.8	4456166	*
D	4227	2	*	*	*	*	85.2	4466931	*
D	4233	2	*	*	*	*	88.0	4467983	*
D	4258	2	*	*	*	*	99.2	4475144	*
D	4286	2	*	*	*	*	92.8	4479762	*
D	4301	2	*	*	*	*	94.0	4482948	*
D	4305	2	*	*	*	*	96.4	4484389	*
D	4308	2	*	*	*	*	90.4	978530	*
D	4333	2	*	*	*	*	94.0	547463	*
D	4375	2	*	*	*	*	93.6	981	*
D	4378	2	*	*	*	*	94.0	936	*
D	4396	2	*	*	*	*	94.0	2153390	*
D	4398	2	*	*	*	*	96.0	665536	*
D	4411	2	*	*	*	*	88.8	840131	*
D	4437	2	*	*	*	*	91.2	4358883	*
D	4447	3	*	*	*	*	93.4	4437047	*
