UclustConsensusTaxonAssigner parameters:
id_to_taxonomy_filepath:/Users/nbokulich/Desktop/projects/short-read-tax-assignment/data/novel-taxa-simulations/B1-REF-L5-iter0/ref_taxa.tsv
id_to_taxonomy_fp:/Users/nbokulich/Desktop/projects/short-read-tax-assignment/data/novel-taxa-simulations/B1-REF-L5-iter0/ref_taxa.tsv
max_accepts:1
min_consensus_fraction:0.51
reference_sequences_fp:/Users/nbokulich/Desktop/projects/short-read-tax-assignment/data/novel-taxa-simulations/B1-REF-L5-iter0/ref_seqs.fasta
similarity:0.8
unassignable_label:Unassigned
Result path: /var/folders/0t/l1dz88p50y91vx_22fx5w3780000gn/T/assign-tax1NKnGE

.uc file contents:

# uclust --input /Users/nbokulich/Desktop/projects/short-read-tax-assignment/data/novel-taxa-simulations/B1-REF-L5-iter0/query.fasta --id 0.8 --rev --maxaccepts 1 --allhits --libonly --lib /Users/nbokulich/Desktop/projects/short-read-tax-assignment/data/novel-taxa-simulations/B1-REF-L5-iter0/ref_seqs.fasta --uc /var/folders/0t/l1dz88p50y91vx_22fx5w3780000gn/T/UclustConsensusTaxonAssigner_2KPsbe.uc
# version=1.2.22
# Tab-separated fields:
# 1=Type, 2=ClusterNr, 3=SeqLength or ClusterSize, 4=PctId, 5=Strand, 6=QueryStart, 7=SeedStart, 8=Alignment, 9=QueryLabel, 10=TargetLabel
# Record types (field 1): L=LibSeed, S=NewSeed, H=Hit, R=Reject, D=LibCluster, C=NewCluster, N=NoHit
# For C and D types, PctId is average id with seed.
# QueryStart and SeedStart are zero-based relative to start of sequence.
# If minus strand, SeedStart is relative to reverse-complemented seed.
L	8301	250	*	*	*	*	*	7509	*
H	8301	250	95.2	+	0	0	250M	1110799	7509
L	11334	250	*	*	*	*	*	3485581	*
H	11334	250	90.4	+	0	0	250M	1108035	3485581
L	15362	250	*	*	*	*	*	4466877	*
H	15362	250	96.4	+	0	0	250M	1082059	4466877
L	1621	250	*	*	*	*	*	584360	*
H	1621	250	91.2	+	0	0	250M	1021000	584360
L	9723	250	*	*	*	*	*	2326149	*
H	9723	250	98.8	+	0	0	250M	971907	2326149
L	12646	250	*	*	*	*	*	4302912	*
H	12646	250	93.2	+	0	0	73MI18MI13MI55MD88M2D	907419	4302912
L	8421	250	*	*	*	*	*	3288	*
H	8421	250	98.4	+	0	0	250M	880627	3288
L	5010	250	*	*	*	*	*	263138	*
H	5010	250	95.6	+	0	0	250M	851797	263138
L	9687	250	*	*	*	*	*	1128097	*
H	9687	250	98.8	+	0	0	2I42MD64MD142M	824571	1128097
L	2749	250	*	*	*	*	*	517381	*
H	2749	250	97.6	+	0	0	250M	821228	517381
L	14826	250	*	*	*	*	*	4433521	*
H	14826	250	99.6	+	0	0	250M	820546	4433521
L	12142	250	*	*	*	*	*	838126	*
H	12142	250	84.8	+	0	0	250M	819956	838126
L	10378	250	*	*	*	*	*	808919	*
H	10378	250	96.4	+	0	0	250M	814347	808919
L	3637	250	*	*	*	*	*	359355	*
H	3637	250	93.6	+	0	0	250M	811108	359355
L	10100	250	*	*	*	*	*	1131995	*
H	10100	250	94.4	+	0	0	250M	809076	1131995
L	4990	250	*	*	*	*	*	263857	*
H	4990	250	93.2	+	0	0	250M	808546	263857
H	4990	250	94.0	+	0	0	250M	806916	263857
L	10272	250	*	*	*	*	*	1142756	*
H	10272	250	96.4	+	0	0	250M	762317	1142756
L	4763	250	*	*	*	*	*	278923	*
H	4763	250	94.8	+	0	0	250M	734243	278923
L	14120	250	*	*	*	*	*	4388300	*
H	14120	250	99.2	+	0	0	250M	732609	4388300
L	3016	250	*	*	*	*	*	471106	*
H	3016	250	99.6	+	0	0	250M	712848	471106
L	7517	250	*	*	*	*	*	87984	*
H	7517	250	100.0	+	0	0	250M	709971	87984
L	11955	250	*	*	*	*	*	1117631	*
H	11955	250	98.0	+	0	0	250M	709804	1117631
L	7684	250	*	*	*	*	*	65391	*
H	7684	250	97.2	+	0	0	250M	706283	65391
L	11821	250	*	*	*	*	*	1144051	*
H	11821	250	94.8	+	0	0	250M	696991	1144051
H	4990	250	93.6	+	0	0	250M	695116	263857
L	14718	250	*	*	*	*	*	4427254	*
H	14718	250	95.6	+	0	0	250M	684187	4427254
L	15186	250	*	*	*	*	*	4455469	*
H	15186	250	100.0	+	0	0	250M	682208	4455469
L	12422	250	*	*	*	*	*	809998	*
H	12422	250	96.8	+	0	0	250M	671280	809998
L	10187	250	*	*	*	*	*	2648149	*
H	10187	250	98.0	+	0	0	250M	665261	2648149
L	8111	250	*	*	*	*	*	12136	*
H	8111	250	98.8	+	0	0	250M	662645	12136
L	11372	250	*	*	*	*	*	3510792	*
H	11372	250	98.0	+	0	0	25MI224MD	653022	3510792
L	13983	250	*	*	*	*	*	4379927	*
H	13983	250	94.8	+	0	0	250M	636825	4379927
L	8563	250	*	*	*	*	*	1124812	*
H	8563	250	93.2	+	0	0	250M	609349	1124812
L	5778	250	*	*	*	*	*	194489	*
H	5778	250	97.2	+	0	0	250M	593894	194489
L	6635	250	*	*	*	*	*	161355	*
H	6635	250	86.4	+	0	0	250M	591605	161355
N	*	250	*	*	*	*	*	591285	*
L	1917	250	*	*	*	*	*	560403	*
H	1917	250	98.0	+	0	0	77MD172MI	586832	560403
L	11147	250	*	*	*	*	*	3350979	*
H	11147	250	99.6	+	0	0	250M	585432	3350979
L	15224	250	*	*	*	*	*	4458033	*
H	15224	250	94.8	+	0	0	250M	584440	4458033
L	9403	250	*	*	*	*	*	2119418	*
H	9403	250	99.2	+	0	0	250M	579797	2119418
L	2142	250	*	*	*	*	*	538986	*
H	2142	250	86.4	+	0	0	250M	571805	538986
L	5212	250	*	*	*	*	*	249383	*
H	5212	250	92.4	+	0	0	250M	569055	249383
L	9204	250	*	*	*	*	*	1129081	*
H	9204	250	98.0	+	0	0	250M	568991	1129081
L	3838	250	*	*	*	*	*	346085	*
H	3838	250	95.6	+	0	0	250M	568154	346085
L	15174	250	*	*	*	*	*	4454715	*
H	15174	250	91.2	+	0	0	250M	567241	4454715
L	8323	250	*	*	*	*	*	6825	*
H	8323	250	96.8	+	0	0	250M	565863	6825
L	4822	250	*	*	*	*	*	274061	*
H	4822	250	92.8	+	0	0	250M	565851	274061
L	7466	250	*	*	*	*	*	93199	*
H	7466	250	95.6	+	0	0	7MI242MD	562759	93199
L	13753	250	*	*	*	*	*	4366350	*
H	13753	250	94.8	+	0	0	250M	562523	4366350
L	13638	250	*	*	*	*	*	4359731	*
H	13638	250	98.8	+	0	0	59MD190MI	562424	4359731
H	8323	250	97.6	+	0	0	250M	562181	6825
L	10557	250	*	*	*	*	*	1140240	*
H	10557	250	98.4	+	0	0	250M	560943	1140240
L	9450	250	*	*	*	*	*	706818	*
H	9450	250	94.0	+	0	0	250M	559119	706818
L	10746	250	*	*	*	*	*	1140071	*
H	10746	250	95.2	+	0	0	250M	558848	1140071
H	13638	250	98.8	+	0	0	57MD192MI	555870	4359731
L	2024	250	*	*	*	*	*	550519	*
H	2024	250	91.6	+	0	0	25MD35MD188M2I	554299	550519
L	7738	250	*	*	*	*	*	53642	*
H	7738	250	98.4	+	0	0	250M	4412575	53642
L	6242	250	*	*	*	*	*	178891	*
H	6242	250	98.8	+	0	0	210MI39MD	552203	178891
L	15089	250	*	*	*	*	*	4449665	*
H	15089	250	99.2	+	0	0	250M	552187	4449665
L	2088	250	*	*	*	*	*	544425	*
H	2088	250	92.8	+	0	0	250M	551572	544425
H	11955	250	97.6	+	0	0	250M	550415	1117631
L	9157	250	*	*	*	*	*	1940173	*
H	9157	250	94.4	+	0	0	142MD107MI	549374	1940173
L	3347	250	*	*	*	*	*	370030	*
H	3347	250	94.0	+	0	0	250M	548719	370030
L	7899	250	*	*	*	*	*	26799	*
H	7899	250	86.4	+	0	0	123MI126MD	544846	26799
L	10948	250	*	*	*	*	*	1139148	*
H	10948	250	94.8	+	0	0	250M	544152	1139148
L	7977	250	*	*	*	*	*	16026	*
H	7977	250	90.8	+	0	0	250M	539939	16026
L	10230	250	*	*	*	*	*	694346	*
H	10230	250	97.6	+	0	0	250M	539407	694346
L	9006	250	*	*	*	*	*	1125844	*
H	9006	250	98.4	+	0	0	250M	539319	1125844
L	15206	250	*	*	*	*	*	4456892	*
H	15206	250	99.2	+	0	0	250M	538304	4456892
L	7121	250	*	*	*	*	*	129288	*
H	7121	250	90.0	+	0	0	250M	536778	129288
L	11212	250	*	*	*	*	*	637528	*
H	11212	250	95.6	+	0	0	250M	534008	637528
L	1327	250	*	*	*	*	*	731707	*
H	1327	250	98.8	+	0	0	250M	533516	731707
L	15164	250	*	*	*	*	*	4454457	*
H	15164	250	96.4	+	0	0	250M	529459	4454457
L	5089	250	*	*	*	*	*	259432	*
H	5089	250	97.2	+	0	0	197MD29MD22M2I	528855	259432
L	2513	250	*	*	*	*	*	523889	*
H	2513	250	88.0	+	0	0	250M	527042	523889
L	8140	250	*	*	*	*	*	10792	*
H	8140	250	90.8	+	0	0	250M	522244	10792
L	12811	250	*	*	*	*	*	4311218	*
H	12811	250	94.0	+	0	0	8M2D12MD24MD10M2D18MD14MD12M2D47MD94M11I	459129	4311218
L	3215	250	*	*	*	*	*	408630	*
H	3215	250	99.6	+	0	0	136MD113MI	449595	408630
L	7188	250	*	*	*	*	*	113799	*
H	7188	250	97.6	+	0	0	250M	370251	113799
L	5189	250	*	*	*	*	*	251398	*
H	5189	250	97.6	+	0	0	250M	359626	251398
L	14968	250	*	*	*	*	*	4442407	*
H	14968	250	95.2	+	0	0	250M	336110	4442407
H	5778	250	91.6	+	0	0	250M	332510	194489
L	8129	250	*	*	*	*	*	11197	*
H	8129	250	82.8	+	0	0	250M	318473	11197
L	14856	250	*	*	*	*	*	4435424	*
H	14856	250	87.2	+	0	0	250M	299518	4435424
L	10671	250	*	*	*	*	*	3018527	*
H	10671	250	88.8	+	0	0	86MD163MI	287811	3018527
L	7811	250	*	*	*	*	*	41059	*
H	7811	250	94.0	+	0	0	250M	287305	41059
L	15300	250	*	*	*	*	*	4462784	*
H	15300	250	92.0	+	0	0	31M4D15M7D193M11I	285219	4462784
L	14584	250	*	*	*	*	*	4417874	*
H	14584	250	98.8	+	0	0	250M	283972	4417874
L	5153	250	*	*	*	*	*	255153	*
H	5153	250	90.8	+	0	0	250M	280943	255153
L	13648	250	*	*	*	*	*	4360170	*
H	13648	250	96.0	+	0	0	250M	278552	4360170
L	11939	250	*	*	*	*	*	1141545	*
H	11939	250	94.0	+	0	0	250M	277651	1141545
L	7365	250	*	*	*	*	*	102993	*
H	7365	250	97.2	+	0	0	250M	259094	102993
L	8727	250	*	*	*	*	*	1137409	*
H	8727	250	87.6	+	0	0	130MD119MI	258469	1137409
L	6634	250	*	*	*	*	*	161409	*
H	6634	250	92.8	+	0	0	250M	255143	161409
L	8341	250	*	*	*	*	*	5704	*
H	8341	250	99.2	+	0	0	250M	250136	5704
H	2088	250	95.6	+	0	0	250M	249636	544425
L	4801	250	*	*	*	*	*	275689	*
H	4801	250	99.6	+	0	0	250M	246206	275689
L	10937	250	*	*	*	*	*	3196116	*
H	10937	250	96.8	+	0	0	239M2D9M2I	241413	3196116
L	6862	250	*	*	*	*	*	146037	*
H	6862	250	99.6	+	0	0	250M	240979	146037
L	8359	250	*	*	*	*	*	5131	*
H	8359	250	96.0	+	0	0	250M	237440	5131
L	14847	250	*	*	*	*	*	4434972	*
H	14847	250	99.6	+	0	0	10MI239MD	237209	4434972
L	11513	250	*	*	*	*	*	3608204	*
H	11513	250	96.8	+	0	0	250M	233692	3608204
L	7171	250	*	*	*	*	*	115286	*
H	7171	250	96.4	+	0	0	250M	206296	115286
L	8931	250	*	*	*	*	*	730249	*
H	8931	250	99.6	+	0	0	250M	204035	730249
L	10516	250	*	*	*	*	*	761476	*
H	10516	250	85.2	+	0	0	250M	198054	761476
L	15645	250	*	*	*	*	*	4482593	*
H	15645	250	99.6	+	0	0	250M	193970	4482593
L	15643	250	*	*	*	*	*	4482512	*
H	15643	250	98.0	+	0	0	250M	192482	4482512
L	15050	250	*	*	*	*	*	4447129	*
H	15050	250	90.8	+	0	0	250M	190536	4447129
H	8421	250	92.4	+	0	0	250M	186253	3288
L	6324	250	*	*	*	*	*	175858	*
H	6324	250	99.2	+	0	0	250M	185052	175858
L	3805	250	*	*	*	*	*	348006	*
H	3805	250	94.8	+	0	0	250M	183419	348006
L	1403	250	*	*	*	*	*	682752	*
H	1403	250	99.2	+	0	0	250M	179639	682752
L	9453	250	*	*	*	*	*	1134510	*
H	9453	250	98.0	+	0	0	250M	169300	1134510
L	13196	250	*	*	*	*	*	4332050	*
H	13196	250	95.2	+	0	0	250M	157892	4332050
H	9687	250	96.4	+	0	0	19MD6MD132M2I12MI78MD	155922	1128097
L	191	250	*	*	*	*	*	1063810	*
H	191	250	95.2	+	0	0	250M	153061	1063810
L	6845	250	*	*	*	*	*	147523	*
H	6845	250	94.0	+	0	0	250M	149021	147523
L	7241	250	*	*	*	*	*	109696	*
H	7241	250	94.0	+	0	0	250M	148528	109696
H	2088	250	94.4	+	0	0	70MD179MI	148326	544425
L	14388	250	*	*	*	*	*	4406512	*
H	14388	250	98.4	+	0	0	250M	148324	4406512
L	231	250	*	*	*	*	*	1057260	*
H	231	250	92.4	+	0	0	14MI189MD46M	140965	1057260
L	11170	250	*	*	*	*	*	704830	*
H	11170	250	98.4	+	0	0	250M	139937	704830
L	13491	250	*	*	*	*	*	4350614	*
H	13491	250	97.6	+	0	0	250M	139367	4350614
L	1730	250	*	*	*	*	*	576360	*
H	1730	250	96.8	+	0	0	250M	138779	576360
L	14418	250	*	*	*	*	*	4407974	*
H	14418	250	93.2	+	0	0	250M	138582	4407974
L	9607	250	*	*	*	*	*	2251911	*
H	9607	250	90.8	+	0	0	29MI220MD	136338	2251911
L	12281	250	*	*	*	*	*	676511	*
H	12281	250	97.6	+	0	0	250M	132661	676511
L	11506	250	*	*	*	*	*	1144839	*
H	11506	250	95.6	+	0	0	250M	131456	1144839
L	5172	250	*	*	*	*	*	252679	*
H	5172	250	94.0	+	0	0	250M	130322	252679
L	3024	250	*	*	*	*	*	470487	*
H	3024	250	93.6	+	0	0	250M	128801	470487
L	11555	250	*	*	*	*	*	3634180	*
H	11555	250	99.6	+	0	0	I249MD	127563	3634180
H	11555	250	100.0	+	0	0	250M	119663	3634180
L	5596	250	*	*	*	*	*	203409	*
H	5596	250	100.0	+	0	0	250M	110694	203409
L	4728	250	*	*	*	*	*	286874	*
H	4728	250	100.0	+	0	0	250M	109619	286874
L	7331	250	*	*	*	*	*	105653	*
H	7331	250	96.0	+	0	0	250M	108008	105653
H	7684	250	98.4	+	0	0	250M	107760	65391
L	15340	250	*	*	*	*	*	4465296	*
H	15340	250	98.4	+	0	0	250M	103906	4465296
H	3215	250	100.0	+	0	0	250M	100999	408630
L	14766	250	*	*	*	*	*	4429771	*
H	14766	250	98.8	+	0	0	250M	99197	4429771
L	1938	250	*	*	*	*	*	557875	*
H	1938	250	88.0	+	0	0	250M	98889	557875
H	6845	250	93.2	+	0	0	250M	93641	147523
L	4962	250	*	*	*	*	*	265604	*
H	4962	250	97.6	+	0	0	250M	89985	265604
L	10107	250	*	*	*	*	*	2574952	*
H	10107	250	92.4	+	0	0	250M	89521	2574952
L	12661	250	*	*	*	*	*	4303511	*
H	12661	250	96.0	+	0	0	250M	80820	4303511
H	14388	250	99.2	+	0	0	250M	79015	4406512
L	7877	250	*	*	*	*	*	29924	*
H	7877	250	98.4	+	0	0	250M	73702	29924
L	7915	250	*	*	*	*	*	23520	*
H	7915	250	83.2	+	0	0	117MI132MD	70882	23520
L	8879	250	*	*	*	*	*	748985	*
H	8879	250	91.2	+	0	0	250M	63607	748985
H	3637	250	92.8	+	0	0	250M	62513	359355
L	14386	250	*	*	*	*	*	4406407	*
H	14386	250	94.0	+	0	0	250M	58647	4406407
L	11936	250	*	*	*	*	*	3909070	*
H	11936	250	95.6	+	0	0	250M	51657	3909070
L	13677	250	*	*	*	*	*	4361533	*
H	13677	250	90.8	+	0	0	250M	50763	4361533
L	15366	250	*	*	*	*	*	4466931	*
H	15366	250	87.2	+	0	0	250M	45531	4466931
H	8421	250	96.8	+	0	0	250M	34894	3288
L	9985	250	*	*	*	*	*	743801	*
H	9985	250	94.8	+	0	0	250M	33768	743801
L	8038	250	*	*	*	*	*	13811	*
H	8038	250	96.0	+	0	0	250M	33404	13811
L	918	250	*	*	*	*	*	884690	*
H	918	250	97.2	+	0	0	250M	32352	884690
L	9356	250	*	*	*	*	*	851661	*
H	9356	250	92.0	+	0	0	250M	21822	851661
L	1142	250	*	*	*	*	*	823360	*
H	1142	250	98.0	+	0	0	250M	17513	823360
L	15574	250	*	*	*	*	*	4478762	*
H	15574	250	98.0	+	0	0	72MD126MI16MI34MD	15261	4478762
L	7052	250	*	*	*	*	*	136551	*
H	7052	250	98.8	+	0	0	123MD126MI	14615	136551
L	9559	250	*	*	*	*	*	2223044	*
H	9559	250	87.6	+	0	0	250M	14311	2223044
L	6659	250	*	*	*	*	*	160110	*
H	6659	250	98.4	+	0	0	250M	13958	160110
L	8035	250	*	*	*	*	*	13832	*
H	8035	250	85.6	+	0	0	123MD126MI	13913	13832
L	11321	250	*	*	*	*	*	1140929	*
H	11321	250	94.0	+	0	0	250M	13581	1140929
L	6392	250	*	*	*	*	*	173827	*
H	6392	250	97.2	+	0	0	250M	12807	173827
L	7633	250	*	*	*	*	*	72465	*
H	7633	250	94.4	+	0	0	250M	12106	72465
H	7633	250	94.8	+	0	0	250M	12069	72465
L	10597	250	*	*	*	*	*	2956782	*
H	10597	250	97.6	+	0	0	33MI216MD	11807	2956782
L	10647	250	*	*	*	*	*	2998997	*
H	10647	250	91.6	+	0	0	10MI239MD	11124	2998997
L	14746	250	*	*	*	*	*	4428358	*
H	14746	250	96.0	+	0	0	250M	10940	4428358
L	8747	250	*	*	*	*	*	1130618	*
H	8747	250	91.6	+	0	0	250M	10759	1130618
L	7373	250	*	*	*	*	*	102591	*
H	7373	250	99.2	+	0	0	250M	10658	102591
L	7303	250	*	*	*	*	*	106978	*
H	7303	250	100.0	+	0	0	250M	10629	106978
L	7448	250	*	*	*	*	*	96567	*
H	7448	250	90.4	+	0	0	250M	10489	96567
L	7392	250	*	*	*	*	*	4364282	*
H	7392	250	98.8	+	0	0	250M	9755	4364282
L	2059	250	*	*	*	*	*	547396	*
H	2059	250	99.6	+	0	0	250M	9511	547396
H	14766	250	99.2	+	0	0	250M	7139	4429771
L	7820	250	*	*	*	*	*	40104	*
H	7820	250	97.2	+	0	0	250M	6648	40104
L	6953	250	*	*	*	*	*	141903	*
H	6953	250	98.8	+	0	0	250M	6602	141903
L	9568	250	*	*	*	*	*	2228266	*
H	9568	250	94.8	+	0	0	250M	6368	2228266
L	13672	250	*	*	*	*	*	4361424	*
H	13672	250	92.0	+	0	0	250M	6367	4361424
L	7276	250	*	*	*	*	*	108042	*
H	7276	250	94.0	+	0	0	250M	6365	108042
L	2096	250	*	*	*	*	*	543619	*
H	2096	250	92.8	+	0	0	131MI118MD	6024	543619
L	4729	250	*	*	*	*	*	286855	*
H	4729	250	98.8	+	0	0	250M	5719	286855
L	5465	250	*	*	*	*	*	221841	*
H	5465	250	96.0	+	0	0	250M	5672	221841
L	11892	250	*	*	*	*	*	1132790	*
H	11892	250	87.6	+	0	0	196MD53MI	4597	1132790
L	13066	250	*	*	*	*	*	4324649	*
H	13066	250	94.4	+	0	0	250M	4470	4324649
L	7099	250	*	*	*	*	*	131048	*
H	7099	250	100.0	+	0	0	250M	2695	131048
L	10843	250	*	*	*	*	*	1134212	*
H	10843	250	94.8	+	0	0	250M	2419	1134212
L	7567	250	*	*	*	*	*	80764	*
H	7567	250	90.8	+	0	0	250M	2403	80764
L	8460	250	*	*	*	*	*	1234	*
H	8460	250	83.2	+	0	0	250M	1222	1234
L	8261	250	*	*	*	*	*	8086	*
H	8261	250	97.2	+	0	0	250M	1128670	8086
L	9004	250	*	*	*	*	*	1136078	*
H	9004	250	90.4	+	0	0	250M	1127851	1136078
L	11236	250	*	*	*	*	*	1121137	*
H	11236	250	87.6	+	0	0	250M	1657389	1121137
L	11784	250	*	*	*	*	*	1128041	*
H	11784	250	97.2	+	0	0	250M	1680562	1128041
L	9161	250	*	*	*	*	*	1942913	*
H	9161	250	98.8	+	0	0	250M	1689014	1942913
L	1482	250	*	*	*	*	*	624438	*
H	1482	250	99.2	+	0	0	250M	790750	624438
L	1476	250	*	*	*	*	*	626867	*
H	1476	250	99.2	+	0	0	250M	1115140	626867
L	1485	250	*	*	*	*	*	622460	*
H	1485	250	98.0	+	0	0	250M	1138192	622460
H	8341	250	99.2	+	0	0	250M	1124748	5704
L	13432	250	*	*	*	*	*	4347534	*
H	13432	250	99.2	+	0	0	250M	839270	4347534
L	10122	250	*	*	*	*	*	1144223	*
H	10122	250	94.8	+	0	0	250M	1801171	1144223
L	1239	250	*	*	*	*	*	792207	*
H	1239	250	95.2	+	0	0	55MD194MI	1137534	792207
H	9006	250	96.4	+	0	0	250M	1127696	1125844
L	11076	250	*	*	*	*	*	1134595	*
H	11076	250	97.2	+	0	0	250M	1133306	1134595
L	7999	250	*	*	*	*	*	15059	*
H	7999	250	95.6	+	0	0	250M	678690	15059
L	9106	250	*	*	*	*	*	1913623	*
H	9106	250	99.6	+	0	0	250M	1892252	1913623
L	4949	250	*	*	*	*	*	266579	*
H	4949	250	85.2	+	0	0	250M	801271	266579
L	7525	250	*	*	*	*	*	86606	*
H	7525	250	89.6	+	0	0	86MD31M2I100MI30M2D	1911677	86606
L	10238	250	*	*	*	*	*	2682874	*
H	10238	250	100.0	+	0	0	250M	1913619	2682874
L	10732	250	*	*	*	*	*	3055791	*
H	10732	250	98.8	+	0	0	250M	1914346	3055791
L	9134	250	*	*	*	*	*	1129499	*
H	9134	250	91.2	+	0	0	250M	1142320	1129499
L	1377	250	*	*	*	*	*	699655	*
H	1377	250	98.8	+	0	0	250M	1122588	699655
L	8527	250	*	*	*	*	*	682821	*
H	8527	250	96.4	+	0	0	250M	1124832	682821
L	9133	250	*	*	*	*	*	1125489	*
H	9133	250	91.2	+	0	0	250M	1132993	1125489
L	1193	250	*	*	*	*	*	814142	*
H	1193	250	97.2	+	0	0	250M	1140810	814142
H	8341	250	99.2	+	0	0	250M	2027409	5704
L	14129	250	*	*	*	*	*	4388952	*
H	14129	250	93.6	+	0	0	250M	1136639	4388952
L	11677	250	*	*	*	*	*	1127433	*
H	11677	250	88.4	+	0	0	250M	1125241	1127433
L	7238	250	*	*	*	*	*	109811	*
H	7238	250	93.6	+	0	0	250M	802550	109811
L	9751	250	*	*	*	*	*	2344267	*
H	9751	250	98.8	+	0	0	250M	2063500	2344267
H	9751	250	98.4	+	0	0	250M	2063501	2344267
L	13103	250	*	*	*	*	*	4327050	*
H	13103	250	91.6	+	0	0	250M	827000	4327050
H	1917	250	98.8	+	0	0	77MD172MI	2117818	560403
H	9559	250	86.4	+	0	0	250M	2122946	2223044
L	2583	250	*	*	*	*	*	521806	*
H	2583	250	84.4	+	0	0	I36M2I49MI161M4D	2132220	521806
L	5077	250	*	*	*	*	*	260081	*
H	5077	250	97.2	+	0	0	250M	1138403	260081
H	3805	250	93.6	+	0	0	250M	728069	348006
L	11662	250	*	*	*	*	*	798828	*
H	11662	250	98.4	+	0	0	250M	2193685	798828
L	7700	250	*	*	*	*	*	61983	*
H	7700	250	99.6	+	0	0	250M	2199910	61983
L	11175	250	*	*	*	*	*	3368019	*
H	11175	250	98.8	+	0	0	250M	2210671	3368019
L	8012	250	*	*	*	*	*	14554	*
H	8012	250	99.6	+	0	0	250M	719955	14554
L	9478	250	*	*	*	*	*	2170497	*
H	9478	250	93.6	+	0	0	218M2D30M2I	2270059	2170497
H	13753	250	96.8	+	0	0	250M	1145083	4366350
L	13023	250	*	*	*	*	*	4322574	*
H	13023	250	99.2	+	0	0	250M	1135613	4322574
L	9847	250	*	*	*	*	*	2414618	*
H	9847	250	83.6	+	0	0	125M5D19MD100M6I	2317382	2414618
L	10237	250	*	*	*	*	*	2682867	*
H	10237	250	96.8	+	0	0	221MD28MI	2331935	2682867
L	11092	250	*	*	*	*	*	3312771	*
H	11092	250	96.8	+	0	0	250M	2343601	3312771
N	*	250	*	*	*	*	*	2372909	*
L	1923	250	*	*	*	*	*	559649	*
H	1923	250	98.0	+	0	0	250M	1138255	559649
L	11028	250	*	*	*	*	*	3254234	*
H	11028	250	99.2	+	0	0	250M	2428473	3254234
L	14992	250	*	*	*	*	*	4444173	*
H	14992	250	84.4	+	0	0	102M4I144M4D	2431916	4444173
L	14566	250	*	*	*	*	*	4416658	*
H	14566	250	95.6	+	0	0	250M	2439887	4416658
L	4955	250	*	*	*	*	*	265983	*
H	4955	250	100.0	+	0	0	250M	2472963	265983
L	8327	250	*	*	*	*	*	6402	*
H	8327	250	99.2	+	0	0	250M	851932	6402
L	15330	250	*	*	*	*	*	4464839	*
H	15330	250	98.0	+	0	0	250M	2480449	4464839
L	7122	250	*	*	*	*	*	129026	*
H	7122	250	96.0	+	0	0	250M	2530340	129026
L	8616	250	*	*	*	*	*	1145943	*
H	8616	250	96.8	+	0	0	250M	1122547	1145943
L	4844	250	*	*	*	*	*	273031	*
H	4844	250	86.0	+	0	0	250M	1141500	273031
L	11714	250	*	*	*	*	*	727220	*
H	11714	250	99.6	+	0	0	250M	2562098	727220
L	9261	250	*	*	*	*	*	2035238	*
H	9261	250	100.0	+	0	0	250M	2638784	2035238
L	15092	250	*	*	*	*	*	4449855	*
H	15092	250	96.4	+	0	0	250M	630172	4449855
L	10398	250	*	*	*	*	*	1007872	*
H	10398	250	96.8	+	0	0	250M	1142268	1007872
L	1191	250	*	*	*	*	*	814161	*
H	1191	250	90.8	+	0	0	250M	1112584	814161
L	11819	250	*	*	*	*	*	995416	*
H	11819	250	99.2	+	0	0	61MD188MI	2675752	995416
L	13593	250	*	*	*	*	*	4357166	*
H	13593	250	85.2	+	0	0	250M	2694703	4357166
L	376	250	*	*	*	*	*	1021078	*
H	376	250	96.0	+	0	0	250M	2704718	1021078
N	*	250	*	*	*	*	*	2714175	*
L	14080	250	*	*	*	*	*	4385903	*
H	14080	250	93.6	+	0	0	250M	1133162	4385903
L	8416	250	*	*	*	*	*	3497	*
H	8416	250	90.4	+	0	0	250M	2755928	3497
L	12888	250	*	*	*	*	*	4316113	*
H	12888	250	82.8	+	0	0	250M	1145458	4316113
L	3393	250	*	*	*	*	*	368056	*
H	3393	250	98.4	+	0	0	231MI18MD	669038	368056
L	11820	250	*	*	*	*	*	1137944	*
H	11820	250	91.6	+	0	0	250M	1137665	1137944
L	13306	250	*	*	*	*	*	4338924	*
H	13306	250	99.6	+	0	0	250M	821931	4338924
L	13780	250	*	*	*	*	*	4368040	*
H	13780	250	93.2	+	0	0	42MI30MI176M2D	1142772	4368040
L	8205	250	*	*	*	*	*	9402	*
H	8205	250	98.0	+	0	0	250M	1136256	9402
H	8323	250	97.6	+	0	0	250M	2894263	6825
L	8450	250	*	*	*	*	*	1875	*
H	8450	250	94.4	+	0	0	250M	2918986	1875
L	11972	250	*	*	*	*	*	1136010	*
H	11972	250	99.2	+	0	0	250M	1127719	1136010
L	1257	250	*	*	*	*	*	781232	*
H	1257	250	97.2	+	0	0	250M	1128972	781232
L	10112	250	*	*	*	*	*	809850	*
H	10112	250	96.0	+	0	0	250M	842453	809850
L	1642	250	*	*	*	*	*	582872	*
H	1642	250	95.2	+	0	0	250M	1145398	582872
H	11972	250	95.6	+	0	0	250M	1134675	1136010
H	10378	250	96.8	+	0	0	250M	1138936	808919
L	3018	250	*	*	*	*	*	470760	*
H	3018	250	97.2	+	0	0	250M	1129523	470760
L	11237	250	*	*	*	*	*	1124779	*
H	11237	250	98.0	+	0	0	250M	841393	1124779
L	17	250	*	*	*	*	*	1109062	*
H	17	250	99.6	+	0	0	250M	1125879	1109062
L	7728	250	*	*	*	*	*	57551	*
H	7728	250	87.2	+	0	0	250M	660055	57551
L	10908	250	*	*	*	*	*	1140636	*
H	10908	250	90.8	+	0	0	250M	3127947	1140636
L	11733	250	*	*	*	*	*	1136846	*
H	11733	250	87.6	+	0	0	250M	3129281	1136846
L	4805	250	*	*	*	*	*	275614	*
H	4805	250	100.0	+	0	0	250M	749036	275614
L	9319	250	*	*	*	*	*	744642	*
H	9319	250	87.2	+	0	0	124M2I124M2D	684937	744642
L	2144	250	*	*	*	*	*	538813	*
H	2144	250	98.0	+	0	0	250M	726766	538813
L	10699	250	*	*	*	*	*	3035626	*
H	10699	250	96.0	+	0	0	250M	3229180	3035626
L	1677	250	*	*	*	*	*	580156	*
H	1677	250	95.6	+	0	0	250M	826042	580156
L	9602	250	*	*	*	*	*	808541	*
H	9602	250	96.0	+	0	0	250M	1105625	808541
H	9161	250	89.2	+	0	0	250M	3254563	1942913
H	9157	250	96.4	+	0	0	250M	3261476	1940173
H	6634	250	96.4	+	0	0	250M	846667	161409
L	2010	250	*	*	*	*	*	551600	*
H	2010	250	100.0	+	0	0	250M	3287613	551600
L	9207	250	*	*	*	*	*	608396	*
H	9207	250	98.4	+	0	0	250M	3294958	608396
L	5955	250	*	*	*	*	*	188249	*
H	5955	250	92.4	+	0	0	250M	1009036	188249
L	2117	250	*	*	*	*	*	541884	*
H	2117	250	98.0	+	0	0	250M	1131597	541884
H	4822	250	87.2	+	0	0	250M	687789	274061
H	7171	250	97.6	+	0	0	250M	620813	115286
L	14391	250	*	*	*	*	*	4406595	*
H	14391	250	98.4	+	0	0	250M	607515	4406595
L	1127	250	*	*	*	*	*	826781	*
H	1127	250	100.0	+	0	0	250M	749983	826781
L	3695	250	*	*	*	*	*	356403	*
H	3695	250	92.8	+	0	0	250M	837640	356403
L	7019	250	*	*	*	*	*	138930	*
H	7019	250	99.2	+	0	0	250M	802792	138930
H	8747	250	90.4	+	0	0	250M	821517	1130618
H	15174	250	88.8	+	0	0	250M	779371	4454715
L	2001	250	*	*	*	*	*	552246	*
H	2001	250	96.4	+	0	0	250M	3528451	552246
L	6551	250	*	*	*	*	*	165515	*
H	6551	250	98.0	+	0	0	250M	1144548	165515
L	7674	250	*	*	*	*	*	67654	*
H	7674	250	93.2	+	0	0	250M	644275	67654
L	5269	250	*	*	*	*	*	244668	*
H	5269	250	95.2	+	0	0	209MI40MD	3562528	244668
L	13904	250	*	*	*	*	*	4375762	*
H	13904	250	99.2	+	0	0	250M	3568713	4375762
L	1827	250	*	*	*	*	*	567867	*
H	1827	250	95.6	+	0	0	250M	1143368	567867
L	14853	250	*	*	*	*	*	4435420	*
H	14853	250	91.2	+	0	0	250M	1130297	4435420
L	10554	250	*	*	*	*	*	2927689	*
H	10554	250	98.8	+	0	0	250M	3630089	2927689
L	9362	250	*	*	*	*	*	838434	*
H	9362	250	96.4	+	0	0	250M	1141373	838434
L	7717	250	*	*	*	*	*	58613	*
H	7717	250	98.0	+	0	0	250M	1146150	58613
L	8322	250	*	*	*	*	*	6864	*
H	8322	250	96.0	+	0	0	250M	1138350	6864
L	12972	250	*	*	*	*	*	4320229	*
H	12972	250	95.2	+	0	0	250M	3725977	4320229
L	11017	250	*	*	*	*	*	3245667	*
H	11017	250	99.6	+	0	0	250M	3746871	3245667
H	10237	250	100.0	+	0	0	250M	3746876	2682867
L	10701	250	*	*	*	*	*	1124398	*
H	10701	250	97.6	+	0	0	250M	3755054	1124398
L	9025	250	*	*	*	*	*	614944	*
H	9025	250	98.0	+	0	0	250M	3768997	614944
L	10334	250	*	*	*	*	*	1125994	*
H	10334	250	99.2	+	0	0	250M	1124343	1125994
N	*	250	*	*	*	*	*	3836963	*
L	2003	250	*	*	*	*	*	552208	*
H	2003	250	93.2	+	0	0	250M	1145748	552208
L	12236	250	*	*	*	*	*	1116679	*
H	12236	250	93.6	+	0	0	250M	3866890	1116679
L	7950	250	*	*	*	*	*	16181	*
H	7950	250	89.6	+	0	0	250M	824624	16181
L	14110	250	*	*	*	*	*	4388002	*
H	14110	250	85.6	+	0	0	250M	1140199	4388002
N	*	250	*	*	*	*	*	3990168	*
L	3662	250	*	*	*	*	*	358229	*
H	3662	250	99.2	+	0	0	250M	828203	358229
L	10755	250	*	*	*	*	*	1134316	*
H	10755	250	98.4	+	0	0	250M	1135374	1134316
L	5510	250	*	*	*	*	*	216497	*
H	5510	250	90.8	+	0	0	118MI131MD	4100336	216497
L	14565	250	*	*	*	*	*	4416544	*
H	14565	250	96.4	+	0	0	250M	1136009	4416544
H	11677	250	88.4	+	0	0	250M	4132634	1127433
L	9116	250	*	*	*	*	*	1918929	*
H	9116	250	99.6	+	0	0	250M	4140242	1918929
L	9819	250	*	*	*	*	*	2397581	*
H	9819	250	96.8	+	0	0	103MD146MI	4165170	2397581
L	9952	250	*	*	*	*	*	741587	*
H	9952	250	85.2	+	0	0	250M	4183921	741587
L	4851	250	*	*	*	*	*	272583	*
H	4851	250	99.6	+	0	0	250M	4227110	272583
H	13753	250	90.0	+	0	0	110MI139MD	633074	4366350
L	2981	250	*	*	*	*	*	507111	*
H	2981	250	90.8	+	0	0	250M	4297519	507111
L	8348	250	*	*	*	*	*	5620	*
H	8348	250	90.0	+	0	0	215MD34MI	4300558	5620
L	12185	250	*	*	*	*	*	1139732	*
H	12185	250	93.2	+	0	0	250M	4302951	1139732
H	13672	250	94.0	+	0	0	250M	4304774	4361424
L	7636	250	*	*	*	*	*	72222	*
H	7636	250	98.0	+	0	0	59MI48MI41MD100MD	4310739	72222
H	10597	250	98.8	+	0	0	250M	4314051	2956782
L	13633	250	*	*	*	*	*	4359240	*
H	13633	250	99.2	+	0	0	42MD207MI	4315642	4359240
L	6905	250	*	*	*	*	*	143784	*
H	6905	250	100.0	+	0	0	250M	4316623	143784
L	8554	250	*	*	*	*	*	1145098	*
H	8554	250	94.4	+	0	0	250M	4325509	1145098
L	14939	250	*	*	*	*	*	4440056	*
H	14939	250	98.4	+	0	0	250M	4327628	4440056
L	14541	250	*	*	*	*	*	4414810	*
H	14541	250	98.4	+	0	0	250M	4328665	4414810
L	9780	250	*	*	*	*	*	1140286	*
H	9780	250	98.4	+	0	0	250M	4331236	1140286
H	15174	250	90.0	+	0	0	250M	4332215	4454715
L	9280	250	*	*	*	*	*	1133602	*
H	9280	250	94.4	+	0	0	250M	4335683	1133602
L	4377	250	*	*	*	*	*	304780	*
H	4377	250	98.4	+	0	0	250M	4336101	304780
H	7122	250	100.0	+	0	0	250M	4337455	129026
L	13762	250	*	*	*	*	*	4367260	*
H	13762	250	92.4	+	0	0	250M	4339256	4367260
L	14518	250	*	*	*	*	*	4413957	*
H	14518	250	96.4	+	0	0	250M	4341586	4413957
H	1191	250	93.6	+	0	0	250M	4341712	814161
L	28	250	*	*	*	*	*	1104048	*
H	28	250	99.6	+	0	0	250M	4343296	1104048
L	9724	250	*	*	*	*	*	2327591	*
H	9724	250	94.0	+	0	0	250M	4347834	2327591
L	1984	250	*	*	*	*	*	553455	*
H	1984	250	81.6	+	0	0	250M	4348874	553455
H	9819	250	97.6	+	0	0	103MI146MD	4349225	2397581
H	7684	250	82.8	+	0	0	250M	4350433	65391
L	11009	250	*	*	*	*	*	1127860	*
H	11009	250	97.2	+	0	0	250M	4350610	1127860
L	8169	250	*	*	*	*	*	10180	*
H	8169	250	96.4	+	0	0	250M	4350720	10180
H	14120	250	100.0	+	0	0	250M	4350881	4388300
H	15366	250	89.6	+	0	0	250M	4351400	4466931
L	2029	250	*	*	*	*	*	550044	*
H	2029	250	96.8	+	0	0	250M	4352219	550044
L	1072	250	*	*	*	*	*	849283	*
H	1072	250	90.4	+	0	0	250M	4353119	849283
H	13677	250	92.0	+	0	0	250M	4353578	4361533
L	7930	250	*	*	*	*	*	20568	*
H	7930	250	98.0	+	0	0	66MD183MI	4354311	20568
L	8708	250	*	*	*	*	*	1144879	*
H	8708	250	90.4	+	0	0	250M	4360164	1144879
L	7359	250	*	*	*	*	*	103433	*
H	7359	250	97.2	+	0	0	166MD83MI	4360539	103433
L	11940	250	*	*	*	*	*	1137224	*
H	11940	250	98.8	+	0	0	250M	4365006	1137224
H	13066	250	98.8	+	0	0	250M	4365922	4324649
L	9839	250	*	*	*	*	*	1143023	*
H	9839	250	100.0	+	0	0	250M	4367987	1143023
L	14742	250	*	*	*	*	*	4428218	*
H	14742	250	94.8	+	0	0	250M	4369464	4428218
H	8421	250	95.2	+	0	0	250M	4370479	3288
L	13623	250	*	*	*	*	*	4358870	*
H	13623	250	89.2	+	0	0	250M	4370726	4358870
H	9839	250	97.2	+	0	0	250M	4371951	1143023
L	9980	250	*	*	*	*	*	2500552	*
H	9980	250	97.6	+	0	0	250M	4373091	2500552
L	9820	250	*	*	*	*	*	2397589	*
H	9820	250	99.2	+	0	0	102MI147MD	4374425	2397589
H	9568	250	94.4	+	0	0	250M	4374945	2228266
L	10600	250	*	*	*	*	*	2960735	*
H	10600	250	94.4	+	0	0	250M	4375255	2960735
H	15092	250	94.8	+	0	0	250M	4375651	4449855
H	15340	250	96.8	+	0	0	250M	4376912	4465296
N	*	250	*	*	*	*	*	4377536	*
L	10024	250	*	*	*	*	*	2529960	*
H	10024	250	98.8	+	0	0	250M	4379084	2529960
L	8469	250	*	*	*	*	*	1503863	*
H	8469	250	91.6	+	0	0	250M	4384067	1503863
H	11940	250	98.8	+	0	0	250M	4386127	1137224
L	11086	250	*	*	*	*	*	1141031	*
H	11086	250	88.8	+	0	0	250M	4388330	1141031
L	7343	250	*	*	*	*	*	104613	*
H	7343	250	81.6	+	0	0	250M	4389145	104613
L	12356	250	*	*	*	*	*	1136466	*
H	12356	250	97.6	+	0	0	250M	4390091	1136466
H	6862	250	100.0	+	0	0	250M	4390322	146037
L	7123	250	*	*	*	*	*	128429	*
H	7123	250	87.6	+	0	0	250M	4390325	128429
H	13066	250	95.6	+	0	0	250M	4390326	4324649
L	7714	250	*	*	*	*	*	58618	*
H	7714	250	93.2	+	0	0	250M	4392630	58618
L	7708	250	*	*	*	*	*	59553	*
H	7708	250	87.6	+	0	0	130MI119MD	4393370	59553
L	12146	250	*	*	*	*	*	4053067	*
H	12146	250	99.2	+	0	0	250M	4394897	4053067
N	*	250	*	*	*	*	*	4402797	*
L	14254	250	*	*	*	*	*	4396918	*
H	14254	250	98.0	+	0	0	250M	4403600	4396918
L	11152	250	*	*	*	*	*	746265	*
H	11152	250	99.6	+	0	0	250M	4404496	746265
H	7700	250	99.6	+	0	0	250M	4407476	61983
L	7748	250	*	*	*	*	*	51329	*
H	7748	250	86.4	+	0	0	250M	4408793	51329
H	9157	250	95.6	+	0	0	250M	4411931	1940173
L	1941	250	*	*	*	*	*	557564	*
H	1941	250	99.6	+	0	0	250M	4413221	557564
L	13278	250	*	*	*	*	*	4337248	*
H	13278	250	94.0	+	0	0	250M	4413665	4337248
H	12281	250	95.6	+	0	0	250M	4416190	676511
L	6638	250	*	*	*	*	*	161253	*
H	6638	250	99.2	+	0	0	250M	4418842	161253
L	5364	250	*	*	*	*	*	236520	*
H	5364	250	90.8	+	0	0	232M2D16M2I	4423039	236520
L	1813	250	*	*	*	*	*	568880	*
H	1813	250	87.2	+	0	0	110MD74M3I63M2D	4423778	568880
L	6757	250	*	*	*	*	*	154130	*
H	6757	250	98.8	+	0	0	250M	4428440	154130
H	9280	250	94.4	+	0	0	250M	4435279	1133602
L	13222	250	*	*	*	*	*	4334113	*
H	13222	250	97.2	+	0	0	250M	4435876	4334113
H	14565	250	88.4	+	0	0	250M	4438444	4416544
L	6169	250	*	*	*	*	*	181669	*
H	6169	250	98.4	+	0	0	250M	4439070	181669
L	21	250	*	*	*	*	*	1106927	*
H	21	250	96.8	+	0	0	250M	4441640	1106927
L	13095	250	*	*	*	*	*	4326492	*
H	13095	250	96.4	+	0	0	250M	4446822	4326492
L	14605	250	*	*	*	*	*	4419561	*
H	14605	250	98.4	+	0	0	250M	4447124	4419561
L	3716	250	*	*	*	*	*	354765	*
H	3716	250	98.8	+	0	0	250M	4447781	354765
L	6029	250	*	*	*	*	*	185766	*
H	6029	250	85.6	+	0	0	250M	4449835	185766
L	7865	250	*	*	*	*	*	31455	*
H	7865	250	96.4	+	0	0	250M	4452718	31455
L	11276	250	*	*	*	*	*	1126230	*
H	11276	250	97.2	+	0	0	250M	4454082	1126230
L	13420	250	*	*	*	*	*	4346588	*
H	13420	250	93.2	+	0	0	108MD141MI	4454084	4346588
L	2112	250	*	*	*	*	*	542175	*
H	2112	250	97.6	+	0	0	250M	4456166	542175
H	14853	250	89.2	+	0	0	250M	4458677	4435420
H	9751	250	100.0	+	0	0	250M	4461327	2344267
H	2088	250	92.0	+	0	0	13MD236MI	4463851	544425
L	10253	250	*	*	*	*	*	832724	*
H	10253	250	94.4	+	0	0	250M	4466596	832724
L	11497	250	*	*	*	*	*	1142160	*
H	11497	250	91.6	+	0	0	139MD110MI	4466830	1142160
L	8495	250	*	*	*	*	*	1122195	*
H	8495	250	93.6	+	0	0	250M	4469778	1122195
L	5895	250	*	*	*	*	*	190032	*
H	5895	250	94.4	+	0	0	250M	4471401	190032
L	8026	250	*	*	*	*	*	14302	*
H	8026	250	92.8	+	0	0	12MI143MI93M2D	4472101	14302
H	4962	250	96.0	+	0	0	250M	4472420	265604
L	13115	250	*	*	*	*	*	4327798	*
H	13115	250	92.0	+	0	0	250M	4472467	4327798
L	9317	250	*	*	*	*	*	1144686	*
H	9317	250	99.2	+	0	0	250M	4472978	1144686
L	14408	250	*	*	*	*	*	4407408	*
H	14408	250	94.4	+	0	0	250M	4473411	4407408
L	12861	250	*	*	*	*	*	4314102	*
H	12861	250	94.0	+	0	0	250M	4477624	4314102
L	1806	250	*	*	*	*	*	569580	*
H	1806	250	99.2	+	0	0	108MD141MI	4478424	569580
L	11971	250	*	*	*	*	*	1133579	*
H	11971	250	94.0	+	0	0	250M	4482948	1133579
L	15970	250	*	*	*	*	*	4463497	*
H	15970	250	95.6	+	0	0	250M	714724	4463497
L	15816	250	*	*	*	*	*	101553	*
H	15816	250	94.0	+	0	0	250M	547463	101553
L	15710	250	*	*	*	*	*	570515	*
H	15710	250	99.2	+	0	0	250M	186470	570515
L	15964	250	*	*	*	*	*	4437047	*
H	15964	250	89.6	+	0	0	250M	106491	4437047
L	15965	250	*	*	*	*	*	4445049	*
H	15965	250	90.4	+	0	0	250M	104684	4445049
L	15961	250	*	*	*	*	*	4418043	*
H	15961	250	99.2	+	0	0	250M	47968	4418043
L	15827	250	*	*	*	*	*	58361	*
H	15827	250	94.0	+	0	0	250M	28138	58361
L	15847	250	*	*	*	*	*	981	*
H	15847	250	93.6	+	0	0	250M	19329	981
L	15903	250	*	*	*	*	*	3630583	*
H	15903	250	94.0	+	0	0	250M	936	3630583
L	15681	250	*	*	*	*	*	978530	*
H	15681	250	93.6	+	0	0	250M	665283	978530
L	15958	250	*	*	*	*	*	4410174	*
H	15958	250	94.0	+	0	0	250M	1629246	4410174
L	15977	250	*	*	*	*	*	4475393	*
H	15977	250	94.0	+	0	0	250M	1128360	4475393
L	15890	250	*	*	*	*	*	720463	*
H	15890	250	96.0	+	0	0	250M	2058825	720463
L	15894	250	*	*	*	*	*	2940299	*
H	15894	250	97.2	+	0	0	250M	2153390	2940299
L	15950	250	*	*	*	*	*	4375425	*
H	15950	250	96.8	+	0	0	250M	794040	4375425
H	15958	250	97.6	+	0	0	250M	4359816	4410174
L	15940	250	*	*	*	*	*	4358881	*
H	15940	250	100.0	+	0	0	250M	4370431	4358881
L	15756	250	*	*	*	*	*	219691	*
H	15756	250	95.2	+	0	0	250M	4444847	219691
D	17	2	*	*	*	*	99.6	1109062	*
D	21	2	*	*	*	*	96.8	1106927	*
D	28	2	*	*	*	*	99.6	1104048	*
D	191	2	*	*	*	*	95.2	1063810	*
D	231	2	*	*	*	*	92.4	1057260	*
D	376	2	*	*	*	*	96.0	1021078	*
D	918	2	*	*	*	*	97.2	884690	*
D	1072	2	*	*	*	*	90.4	849283	*
D	1127	2	*	*	*	*	100.0	826781	*
D	1142	2	*	*	*	*	98.0	823360	*
D	1191	3	*	*	*	*	92.2	814161	*
D	1193	2	*	*	*	*	97.2	814142	*
D	1239	2	*	*	*	*	95.2	792207	*
D	1257	2	*	*	*	*	97.2	781232	*
D	1327	2	*	*	*	*	98.8	731707	*
D	1377	2	*	*	*	*	98.8	699655	*
D	1403	2	*	*	*	*	99.2	682752	*
D	1476	2	*	*	*	*	99.2	626867	*
D	1482	2	*	*	*	*	99.2	624438	*
D	1485	2	*	*	*	*	98.0	622460	*
D	1621	2	*	*	*	*	91.2	584360	*
D	1642	2	*	*	*	*	95.2	582872	*
D	1677	2	*	*	*	*	95.6	580156	*
D	1730	2	*	*	*	*	96.8	576360	*
D	1806	2	*	*	*	*	99.2	569580	*
D	1813	2	*	*	*	*	87.2	568880	*
D	1827	2	*	*	*	*	95.6	567867	*
D	1917	3	*	*	*	*	98.4	560403	*
D	1923	2	*	*	*	*	98.0	559649	*
D	1938	2	*	*	*	*	88.0	557875	*
D	1941	2	*	*	*	*	99.6	557564	*
D	1984	2	*	*	*	*	81.6	553455	*
D	2001	2	*	*	*	*	96.4	552246	*
D	2003	2	*	*	*	*	93.2	552208	*
D	2010	2	*	*	*	*	100.0	551600	*
D	2024	2	*	*	*	*	91.6	550519	*
D	2029	2	*	*	*	*	96.8	550044	*
D	2059	2	*	*	*	*	99.6	547396	*
D	2088	5	*	*	*	*	93.7	544425	*
D	2096	2	*	*	*	*	92.8	543619	*
D	2112	2	*	*	*	*	97.6	542175	*
D	2117	2	*	*	*	*	98.0	541884	*
D	2142	2	*	*	*	*	86.4	538986	*
D	2144	2	*	*	*	*	98.0	538813	*
D	2513	2	*	*	*	*	88.0	523889	*
D	2583	2	*	*	*	*	84.4	521806	*
D	2749	2	*	*	*	*	97.6	517381	*
D	2981	2	*	*	*	*	90.8	507111	*
D	3016	2	*	*	*	*	99.6	471106	*
D	3018	2	*	*	*	*	97.2	470760	*
D	3024	2	*	*	*	*	93.6	470487	*
D	3215	3	*	*	*	*	99.8	408630	*
D	3347	2	*	*	*	*	94.0	370030	*
D	3393	2	*	*	*	*	98.4	368056	*
D	3637	3	*	*	*	*	93.2	359355	*
D	3662	2	*	*	*	*	99.2	358229	*
D	3695	2	*	*	*	*	92.8	356403	*
D	3716	2	*	*	*	*	98.8	354765	*
D	3805	3	*	*	*	*	94.2	348006	*
D	3838	2	*	*	*	*	95.6	346085	*
D	4377	2	*	*	*	*	98.4	304780	*
D	4728	2	*	*	*	*	100.0	286874	*
D	4729	2	*	*	*	*	98.8	286855	*
D	4763	2	*	*	*	*	94.8	278923	*
D	4801	2	*	*	*	*	99.6	275689	*
D	4805	2	*	*	*	*	100.0	275614	*
D	4822	3	*	*	*	*	90.0	274061	*
D	4844	2	*	*	*	*	86.0	273031	*
D	4851	2	*	*	*	*	99.6	272583	*
D	4949	2	*	*	*	*	85.2	266579	*
D	4955	2	*	*	*	*	100.0	265983	*
D	4962	3	*	*	*	*	96.8	265604	*
D	4990	4	*	*	*	*	93.6	263857	*
D	5010	2	*	*	*	*	95.6	263138	*
D	5077	2	*	*	*	*	97.2	260081	*
D	5089	2	*	*	*	*	97.2	259432	*
D	5153	2	*	*	*	*	90.8	255153	*
D	5172	2	*	*	*	*	94.0	252679	*
D	5189	2	*	*	*	*	97.6	251398	*
D	5212	2	*	*	*	*	92.4	249383	*
D	5269	2	*	*	*	*	95.2	244668	*
D	5364	2	*	*	*	*	90.8	236520	*
D	5465	2	*	*	*	*	96.0	221841	*
D	5510	2	*	*	*	*	90.8	216497	*
D	5596	2	*	*	*	*	100.0	203409	*
D	5778	3	*	*	*	*	94.4	194489	*
D	5895	2	*	*	*	*	94.4	190032	*
D	5955	2	*	*	*	*	92.4	188249	*
D	6029	2	*	*	*	*	85.6	185766	*
D	6169	2	*	*	*	*	98.4	181669	*
D	6242	2	*	*	*	*	98.8	178891	*
D	6324	2	*	*	*	*	99.2	175858	*
D	6392	2	*	*	*	*	97.2	173827	*
D	6551	2	*	*	*	*	98.0	165515	*
D	6634	3	*	*	*	*	94.6	161409	*
D	6635	2	*	*	*	*	86.4	161355	*
D	6638	2	*	*	*	*	99.2	161253	*
D	6659	2	*	*	*	*	98.4	160110	*
D	6757	2	*	*	*	*	98.8	154130	*
D	6845	3	*	*	*	*	93.6	147523	*
D	6862	3	*	*	*	*	99.8	146037	*
D	6905	2	*	*	*	*	100.0	143784	*
D	6953	2	*	*	*	*	98.8	141903	*
D	7019	2	*	*	*	*	99.2	138930	*
D	7052	2	*	*	*	*	98.8	136551	*
D	7099	2	*	*	*	*	100.0	131048	*
D	7121	2	*	*	*	*	90.0	129288	*
D	7122	3	*	*	*	*	98.0	129026	*
D	7123	2	*	*	*	*	87.6	128429	*
D	7171	3	*	*	*	*	97.0	115286	*
D	7188	2	*	*	*	*	97.6	113799	*
D	7238	2	*	*	*	*	93.6	109811	*
D	7241	2	*	*	*	*	94.0	109696	*
D	7276	2	*	*	*	*	94.0	108042	*
D	7303	2	*	*	*	*	100.0	106978	*
D	7331	2	*	*	*	*	96.0	105653	*
D	7343	2	*	*	*	*	81.6	104613	*
D	7359	2	*	*	*	*	97.2	103433	*
D	7365	2	*	*	*	*	97.2	102993	*
D	7373	2	*	*	*	*	99.2	102591	*
D	7392	2	*	*	*	*	98.8	4364282	*
D	7448	2	*	*	*	*	90.4	96567	*
D	7466	2	*	*	*	*	95.6	93199	*
D	7517	2	*	*	*	*	100.0	87984	*
D	7525	2	*	*	*	*	89.6	86606	*
D	7567	2	*	*	*	*	90.8	80764	*
D	7633	3	*	*	*	*	94.6	72465	*
D	7636	2	*	*	*	*	98.0	72222	*
D	7674	2	*	*	*	*	93.2	67654	*
D	7684	4	*	*	*	*	92.8	65391	*
D	7700	3	*	*	*	*	99.6	61983	*
D	7708	2	*	*	*	*	87.6	59553	*
D	7714	2	*	*	*	*	93.2	58618	*
D	7717	2	*	*	*	*	98.0	58613	*
D	7728	2	*	*	*	*	87.2	57551	*
D	7738	2	*	*	*	*	98.4	53642	*
D	7748	2	*	*	*	*	86.4	51329	*
D	7811	2	*	*	*	*	94.0	41059	*
D	7820	2	*	*	*	*	97.2	40104	*
D	7865	2	*	*	*	*	96.4	31455	*
D	7877	2	*	*	*	*	98.4	29924	*
D	7899	2	*	*	*	*	86.4	26799	*
D	7915	2	*	*	*	*	83.2	23520	*
D	7930	2	*	*	*	*	98.0	20568	*
D	7950	2	*	*	*	*	89.6	16181	*
D	7977	2	*	*	*	*	90.8	16026	*
D	7999	2	*	*	*	*	95.6	15059	*
D	8012	2	*	*	*	*	99.6	14554	*
D	8026	2	*	*	*	*	92.8	14302	*
D	8035	2	*	*	*	*	85.6	13832	*
D	8038	2	*	*	*	*	96.0	13811	*
D	8111	2	*	*	*	*	98.8	12136	*
D	8129	2	*	*	*	*	82.8	11197	*
D	8140	2	*	*	*	*	90.8	10792	*
D	8169	2	*	*	*	*	96.4	10180	*
D	8205	2	*	*	*	*	98.0	9402	*
D	8261	2	*	*	*	*	97.2	8086	*
D	8301	2	*	*	*	*	95.2	7509	*
D	8322	2	*	*	*	*	96.0	6864	*
D	8323	4	*	*	*	*	97.3	6825	*
D	8327	2	*	*	*	*	99.2	6402	*
D	8341	4	*	*	*	*	99.2	5704	*
D	8348	2	*	*	*	*	90.0	5620	*
D	8359	2	*	*	*	*	96.0	5131	*
D	8416	2	*	*	*	*	90.4	3497	*
D	8421	5	*	*	*	*	95.7	3288	*
D	8450	2	*	*	*	*	94.4	1875	*
D	8460	2	*	*	*	*	83.2	1234	*
D	8469	2	*	*	*	*	91.6	1503863	*
D	8495	2	*	*	*	*	93.6	1122195	*
D	8527	2	*	*	*	*	96.4	682821	*
D	8554	2	*	*	*	*	94.4	1145098	*
D	8563	2	*	*	*	*	93.2	1124812	*
D	8616	2	*	*	*	*	96.8	1145943	*
D	8708	2	*	*	*	*	90.4	1144879	*
D	8727	2	*	*	*	*	87.6	1137409	*
D	8747	3	*	*	*	*	91.0	1130618	*
D	8879	2	*	*	*	*	91.2	748985	*
D	8931	2	*	*	*	*	99.6	730249	*
D	9004	2	*	*	*	*	90.4	1136078	*
D	9006	3	*	*	*	*	97.4	1125844	*
D	9025	2	*	*	*	*	98.0	614944	*
D	9106	2	*	*	*	*	99.6	1913623	*
D	9116	2	*	*	*	*	99.6	1918929	*
D	9133	2	*	*	*	*	91.2	1125489	*
D	9134	2	*	*	*	*	91.2	1129499	*
D	9157	4	*	*	*	*	95.5	1940173	*
D	9161	3	*	*	*	*	94.0	1942913	*
D	9204	2	*	*	*	*	98.0	1129081	*
D	9207	2	*	*	*	*	98.4	608396	*
D	9261	2	*	*	*	*	100.0	2035238	*
D	9280	3	*	*	*	*	94.4	1133602	*
D	9317	2	*	*	*	*	99.2	1144686	*
D	9319	2	*	*	*	*	87.2	744642	*
D	9356	2	*	*	*	*	92.0	851661	*
D	9362	2	*	*	*	*	96.4	838434	*
D	9403	2	*	*	*	*	99.2	2119418	*
D	9450	2	*	*	*	*	94.0	706818	*
D	9453	2	*	*	*	*	98.0	1134510	*
D	9478	2	*	*	*	*	93.6	2170497	*
D	9559	3	*	*	*	*	87.0	2223044	*
D	9568	3	*	*	*	*	94.6	2228266	*
D	9602	2	*	*	*	*	96.0	808541	*
D	9607	2	*	*	*	*	90.8	2251911	*
D	9687	3	*	*	*	*	97.6	1128097	*
D	9723	2	*	*	*	*	98.8	2326149	*
D	9724	2	*	*	*	*	94.0	2327591	*
D	9751	4	*	*	*	*	99.1	2344267	*
D	9780	2	*	*	*	*	98.4	1140286	*
D	9819	3	*	*	*	*	97.2	2397581	*
D	9820	2	*	*	*	*	99.2	2397589	*
D	9839	3	*	*	*	*	98.6	1143023	*
D	9847	2	*	*	*	*	83.6	2414618	*
D	9952	2	*	*	*	*	85.2	741587	*
D	9980	2	*	*	*	*	97.6	2500552	*
D	9985	2	*	*	*	*	94.8	743801	*
D	10024	2	*	*	*	*	98.8	2529960	*
D	10100	2	*	*	*	*	94.4	1131995	*
D	10107	2	*	*	*	*	92.4	2574952	*
D	10112	2	*	*	*	*	96.0	809850	*
D	10122	2	*	*	*	*	94.8	1144223	*
D	10187	2	*	*	*	*	98.0	2648149	*
D	10230	2	*	*	*	*	97.6	694346	*
D	10237	3	*	*	*	*	98.4	2682867	*
D	10238	2	*	*	*	*	100.0	2682874	*
D	10253	2	*	*	*	*	94.4	832724	*
D	10272	2	*	*	*	*	96.4	1142756	*
D	10334	2	*	*	*	*	99.2	1125994	*
D	10378	3	*	*	*	*	96.6	808919	*
D	10398	2	*	*	*	*	96.8	1007872	*
D	10516	2	*	*	*	*	85.2	761476	*
D	10554	2	*	*	*	*	98.8	2927689	*
D	10557	2	*	*	*	*	98.4	1140240	*
D	10597	3	*	*	*	*	98.2	2956782	*
D	10600	2	*	*	*	*	94.4	2960735	*
D	10647	2	*	*	*	*	91.6	2998997	*
D	10671	2	*	*	*	*	88.8	3018527	*
D	10699	2	*	*	*	*	96.0	3035626	*
D	10701	2	*	*	*	*	97.6	1124398	*
D	10732	2	*	*	*	*	98.8	3055791	*
D	10746	2	*	*	*	*	95.2	1140071	*
D	10755	2	*	*	*	*	98.4	1134316	*
D	10843	2	*	*	*	*	94.8	1134212	*
D	10908	2	*	*	*	*	90.8	1140636	*
D	10937	2	*	*	*	*	96.8	3196116	*
D	10948	2	*	*	*	*	94.8	1139148	*
D	11009	2	*	*	*	*	97.2	1127860	*
D	11017	2	*	*	*	*	99.6	3245667	*
D	11028	2	*	*	*	*	99.2	3254234	*
D	11076	2	*	*	*	*	97.2	1134595	*
D	11086	2	*	*	*	*	88.8	1141031	*
D	11092	2	*	*	*	*	96.8	3312771	*
D	11147	2	*	*	*	*	99.6	3350979	*
D	11152	2	*	*	*	*	99.6	746265	*
D	11170	2	*	*	*	*	98.4	704830	*
D	11175	2	*	*	*	*	98.8	3368019	*
D	11212	2	*	*	*	*	95.6	637528	*
D	11236	2	*	*	*	*	87.6	1121137	*
D	11237	2	*	*	*	*	98.0	1124779	*
D	11276	2	*	*	*	*	97.2	1126230	*
D	11321	2	*	*	*	*	94.0	1140929	*
D	11334	2	*	*	*	*	90.4	3485581	*
D	11372	2	*	*	*	*	98.0	3510792	*
D	11497	2	*	*	*	*	91.6	1142160	*
D	11506	2	*	*	*	*	95.6	1144839	*
D	11513	2	*	*	*	*	96.8	3608204	*
D	11555	3	*	*	*	*	99.8	3634180	*
D	11662	2	*	*	*	*	98.4	798828	*
D	11677	3	*	*	*	*	88.4	1127433	*
D	11714	2	*	*	*	*	99.6	727220	*
D	11733	2	*	*	*	*	87.6	1136846	*
D	11784	2	*	*	*	*	97.2	1128041	*
D	11819	2	*	*	*	*	99.2	995416	*
D	11820	2	*	*	*	*	91.6	1137944	*
D	11821	2	*	*	*	*	94.8	1144051	*
D	11892	2	*	*	*	*	87.6	1132790	*
D	11936	2	*	*	*	*	95.6	3909070	*
D	11939	2	*	*	*	*	94.0	1141545	*
D	11940	3	*	*	*	*	98.8	1137224	*
D	11955	3	*	*	*	*	97.8	1117631	*
D	11971	2	*	*	*	*	94.0	1133579	*
D	11972	3	*	*	*	*	97.4	1136010	*
D	12142	2	*	*	*	*	84.8	838126	*
D	12146	2	*	*	*	*	99.2	4053067	*
D	12185	2	*	*	*	*	93.2	1139732	*
D	12236	2	*	*	*	*	93.6	1116679	*
D	12281	3	*	*	*	*	96.6	676511	*
D	12356	2	*	*	*	*	97.6	1136466	*
D	12422	2	*	*	*	*	96.8	809998	*
D	12646	2	*	*	*	*	93.2	4302912	*
D	12661	2	*	*	*	*	96.0	4303511	*
D	12811	2	*	*	*	*	94.0	4311218	*
D	12861	2	*	*	*	*	94.0	4314102	*
D	12888	2	*	*	*	*	82.8	4316113	*
D	12972	2	*	*	*	*	95.2	4320229	*
D	13023	2	*	*	*	*	99.2	4322574	*
D	13066	4	*	*	*	*	96.3	4324649	*
D	13095	2	*	*	*	*	96.4	4326492	*
D	13103	2	*	*	*	*	91.6	4327050	*
D	13115	2	*	*	*	*	92.0	4327798	*
D	13196	2	*	*	*	*	95.2	4332050	*
D	13222	2	*	*	*	*	97.2	4334113	*
D	13278	2	*	*	*	*	94.0	4337248	*
D	13306	2	*	*	*	*	99.6	4338924	*
D	13420	2	*	*	*	*	93.2	4346588	*
D	13432	2	*	*	*	*	99.2	4347534	*
D	13491	2	*	*	*	*	97.6	4350614	*
D	13593	2	*	*	*	*	85.2	4357166	*
D	13623	2	*	*	*	*	89.2	4358870	*
D	13633	2	*	*	*	*	99.2	4359240	*
D	13638	3	*	*	*	*	98.8	4359731	*
D	13648	2	*	*	*	*	96.0	4360170	*
D	13672	3	*	*	*	*	93.0	4361424	*
D	13677	3	*	*	*	*	91.4	4361533	*
D	13753	4	*	*	*	*	93.9	4366350	*
D	13762	2	*	*	*	*	92.4	4367260	*
D	13780	2	*	*	*	*	93.2	4368040	*
D	13904	2	*	*	*	*	99.2	4375762	*
D	13983	2	*	*	*	*	94.8	4379927	*
D	14080	2	*	*	*	*	93.6	4385903	*
D	14110	2	*	*	*	*	85.6	4388002	*
D	14120	3	*	*	*	*	99.6	4388300	*
D	14129	2	*	*	*	*	93.6	4388952	*
D	14254	2	*	*	*	*	98.0	4396918	*
D	14386	2	*	*	*	*	94.0	4406407	*
D	14388	3	*	*	*	*	98.8	4406512	*
D	14391	2	*	*	*	*	98.4	4406595	*
D	14408	2	*	*	*	*	94.4	4407408	*
D	14418	2	*	*	*	*	93.2	4407974	*
D	14518	2	*	*	*	*	96.4	4413957	*
D	14541	2	*	*	*	*	98.4	4414810	*
D	14565	3	*	*	*	*	92.4	4416544	*
D	14566	2	*	*	*	*	95.6	4416658	*
D	14584	2	*	*	*	*	98.8	4417874	*
D	14605	2	*	*	*	*	98.4	4419561	*
D	14718	2	*	*	*	*	95.6	4427254	*
D	14742	2	*	*	*	*	94.8	4428218	*
D	14746	2	*	*	*	*	96.0	4428358	*
D	14766	3	*	*	*	*	99.0	4429771	*
D	14826	2	*	*	*	*	99.6	4433521	*
D	14847	2	*	*	*	*	99.6	4434972	*
D	14853	3	*	*	*	*	90.2	4435420	*
D	14856	2	*	*	*	*	87.2	4435424	*
D	14939	2	*	*	*	*	98.4	4440056	*
D	14968	2	*	*	*	*	95.2	4442407	*
D	14992	2	*	*	*	*	84.4	4444173	*
D	15050	2	*	*	*	*	90.8	4447129	*
D	15089	2	*	*	*	*	99.2	4449665	*
D	15092	3	*	*	*	*	95.6	4449855	*
D	15164	2	*	*	*	*	96.4	4454457	*
D	15174	4	*	*	*	*	90.0	4454715	*
D	15186	2	*	*	*	*	100.0	4455469	*
D	15206	2	*	*	*	*	99.2	4456892	*
D	15224	2	*	*	*	*	94.8	4458033	*
D	15300	2	*	*	*	*	92.0	4462784	*
D	15330	2	*	*	*	*	98.0	4464839	*
D	15340	3	*	*	*	*	97.6	4465296	*
D	15362	2	*	*	*	*	96.4	4466877	*
D	15366	3	*	*	*	*	88.4	4466931	*
D	15574	2	*	*	*	*	98.0	4478762	*
D	15643	2	*	*	*	*	98.0	4482512	*
D	15645	2	*	*	*	*	99.6	4482593	*
D	15681	2	*	*	*	*	93.6	978530	*
D	15710	2	*	*	*	*	99.2	570515	*
D	15756	2	*	*	*	*	95.2	219691	*
D	15816	2	*	*	*	*	94.0	101553	*
D	15827	2	*	*	*	*	94.0	58361	*
D	15847	2	*	*	*	*	93.6	981	*
D	15890	2	*	*	*	*	96.0	720463	*
D	15894	2	*	*	*	*	97.2	2940299	*
D	15903	2	*	*	*	*	94.0	3630583	*
D	15940	2	*	*	*	*	100.0	4358881	*
D	15950	2	*	*	*	*	96.8	4375425	*
D	15958	3	*	*	*	*	95.8	4410174	*
D	15961	2	*	*	*	*	99.2	4418043	*
D	15964	2	*	*	*	*	89.6	4437047	*
D	15965	2	*	*	*	*	90.4	4445049	*
D	15970	2	*	*	*	*	95.6	4463497	*
D	15977	2	*	*	*	*	94.0	4475393	*
