RtaxTaxonAssigner parameters:
Application:RTAX classifier
Citation:Soergel D.A.W., Dey N., Knight R., and Brenner S.E.  2012.  Selection of primers for optimal taxonomic classification of environmental 16S rRNA gene sequences.  ISME J (6), 1440-1444
amplicon_id_regex:(\S+)\s(\S+?)\s
header_id_regex:\S+\s(\S+?)\s
id_to_taxonomy_filepath:/home/nbokulic/ref_seq_dbs/UNITE/unite_rep_set_97-rdp-taxonomy.txt
id_to_taxonomy_fp:/home/nbokulic/ref_seq_dbs/UNITE/unite_rep_set_97-rdp-taxonomy.txt
no_single_ok_generic:False
read_1_seqs_fp:/home/nbokulic/bewolf/sl/RDBW/seqs.fna
read_2_seqs_fp:/home/nbokulic/bewolf/sl/RDBW_rev/seqs.fna
read_id_regex:\S+\s+(\S+)
reference_sequences_fp:/home/nbokulic/ref_seq_dbs/UNITE/align/rep_set_uclust_ref_97.fasta
single_ok:True
RTAX: Rapid and accurate taxonomic classification of short paired-end
      sequence reads from the 16S ribosomal RNA gene.

David A. W. Soergel (1), Rob Knight (2), and Steven E. Brenner (1)

1 Department of Plant and Microbial Biology,
  University of California, Berkeley 
2 Howard Hughes Medical Institute and Department of Chemistry 
  and Biochemistry, University of Colorado at Boulder
* Corresponding author (current address): soergel@cs.umass.edu

Version 0.983  (August 21, 2012)

http://dev.davidsoergel.com/rtax

Please cite:
Soergel D.A.W., Dey N., Knight R., and Brenner S.E.  2012.
Selection of primers for optimal taxonomic classification of
environmental 16S rRNA gene sequences.  ISME J (6), 1440–1444

using usearch: /share/apps/qiime-1.7.0/bin/usearch

Header Regex: \S+\s(\S+?)\s
Index file /home/nbokulic/bewolf/sl/RDBW/seqs.fna.pos already exists; assuming valid
Index file /home/nbokulic/bewolf/sl/RDBW_rev/seqs.fna.pos already exists; assuming valid
file a only = 12 sequences
file b only = 0 sequences
both        = 67 sequences
doPairSearch 0, 1: 67 query sequences remaining
     searching with pair %id 0.01 and maxAccepts 1000
/share/apps/qiime-1.7.0/bin/usearch --quiet --global --iddef 2 --query 0 --db /home/nbokulic/ref_seq_dbs/UNITE/align/rep_set_uclust_ref_97.fasta --uc /tmp/OkSzCIzLpE/a --id 0.98 --maxaccepts 1000 --maxrejects 128 --nowordcountreject
doPairSearch 0, 1: Finished at pair threshold 0.01 and maxAccepts 1000
         NOHITS: 42
    TOOMANYHITS: 0
MAIN: Finished round at threshold 0.01; 42 NOHIT, 0 TOOMANYHIT.
doPairSearch 4, 5: 42 query sequences remaining
     searching with pair %id 0.02 and maxAccepts 1000
/share/apps/qiime-1.7.0/bin/usearch --quiet --global --iddef 2 --query 4 --db /home/nbokulic/ref_seq_dbs/UNITE/align/rep_set_uclust_ref_97.fasta --uc /tmp/iQWzov9Kvy/a --id 0.96 --maxaccepts 1000 --maxrejects 128 --nowordcountreject
/share/apps/qiime-1.7.0/bin/usearch --quiet --global --iddef 2 --query 5 --db /home/nbokulic/ref_seq_dbs/UNITE/align/rep_set_uclust_ref_97.fasta --uc /tmp/iQWzov9Kvy/b --id 0.96 --maxaccepts 1000 --maxrejects 128 --nowordcountreject
doPairSearch 4, 5: Finished at pair threshold 0.02 and maxAccepts 1000
         NOHITS: 29
    TOOMANYHITS: 0
MAIN: Finished round at threshold 0.02; 29 NOHIT, 0 TOOMANYHIT.
doPairSearch 6, 7: 29 query sequences remaining
     searching with pair %id 0.04 and maxAccepts 1000
/share/apps/qiime-1.7.0/bin/usearch --quiet --global --iddef 2 --query 6 --db /home/nbokulic/ref_seq_dbs/UNITE/align/rep_set_uclust_ref_97.fasta --uc /tmp/IjBrLOcZj9/a --id 0.92 --maxaccepts 1000 --maxrejects 128 --nowordcountreject
/share/apps/qiime-1.7.0/bin/usearch --quiet --global --iddef 2 --query 7 --db /home/nbokulic/ref_seq_dbs/UNITE/align/rep_set_uclust_ref_97.fasta --uc /tmp/IjBrLOcZj9/b --id 0.92 --maxaccepts 1000 --maxrejects 128 --nowordcountreject
doPairSearch 6, 7: Finished at pair threshold 0.04 and maxAccepts 1000
         NOHITS: 14
    TOOMANYHITS: 0
MAIN: Finished round at threshold 0.04; 14 NOHIT, 0 TOOMANYHIT.
doPairSearch 8, 9: 14 query sequences remaining
     searching with pair %id 0.08 and maxAccepts 1000
/share/apps/qiime-1.7.0/bin/usearch --quiet --global --iddef 2 --query 8 --db /home/nbokulic/ref_seq_dbs/UNITE/align/rep_set_uclust_ref_97.fasta --uc /tmp/8zDxcRXB4g/a --id 0.84 --maxaccepts 1000 --maxrejects 128 --nowordcountreject
/share/apps/qiime-1.7.0/bin/usearch --quiet --global --iddef 2 --query 9 --db /home/nbokulic/ref_seq_dbs/UNITE/align/rep_set_uclust_ref_97.fasta --uc /tmp/8zDxcRXB4g/b --id 0.84 --maxaccepts 1000 --maxrejects 128 --nowordcountreject
doPairSearch 8, 9: Finished at pair threshold 0.08 and maxAccepts 1000
         NOHITS: 14
    TOOMANYHITS: 0
MAIN: Finished round at threshold 0.08; 14 NOHIT, 0 TOOMANYHIT.
doPairSearch 10, 11: 14 query sequences remaining
     searching with pair %id 0.16 and maxAccepts 1000
/share/apps/qiime-1.7.0/bin/usearch --quiet --global --iddef 2 --query 11 --db /home/nbokulic/ref_seq_dbs/UNITE/align/rep_set_uclust_ref_97.fasta --uc /tmp/PErOqzX9eu/b --id 0.68 --maxaccepts 1000 --maxrejects 128 --nowordcountreject
/share/apps/qiime-1.7.0/bin/usearch --quiet --global --iddef 2 --query 10 --db /home/nbokulic/ref_seq_dbs/UNITE/align/rep_set_uclust_ref_97.fasta --uc /tmp/PErOqzX9eu/a --id 0.68 --maxaccepts 1000 --maxrejects 128 --nowordcountreject
doPairSearch 10, 11: Finished at pair threshold 0.16 and maxAccepts 1000
         NOHITS: 14
    TOOMANYHITS: 0
MAIN: Finished round at threshold 0.16; 14 NOHIT, 0 TOOMANYHIT.
MAIN: 14 query sequences remaining with NOHIT
MAIN: 0 query sequences remaining with TOOMANYHITS
doSingleSearch 2: 12 query sequences remaining
     searching with %id 0.01 and maxAccepts 1000
/share/apps/qiime-1.7.0/bin/usearch --quiet --global --iddef 2 --query 2 --db /home/nbokulic/ref_seq_dbs/UNITE/align/rep_set_uclust_ref_97.fasta --uc /tmp/5R2L8W7jlR/a --id 0.99 --maxaccepts 1000 --maxrejects 128 --nowordcountreject
doSingleSearch 2: Finished at pair threshold 0.01 and maxAccepts 1000
         NOHITS: 12
    TOOMANYHITS: 0
Finished round at threshold 0.01; 12 NOHIT, 0 TOOMANYHIT.
doSingleSearch 12: 12 query sequences remaining
     searching with %id 0.02 and maxAccepts 1000
/share/apps/qiime-1.7.0/bin/usearch --quiet --global --iddef 2 --query 12 --db /home/nbokulic/ref_seq_dbs/UNITE/align/rep_set_uclust_ref_97.fasta --uc /tmp/Bvgn89Hb5m/a --id 0.98 --maxaccepts 1000 --maxrejects 128 --nowordcountreject
doSingleSearch 12: Finished at pair threshold 0.02 and maxAccepts 1000
         NOHITS: 8
    TOOMANYHITS: 0
Finished round at threshold 0.02; 8 NOHIT, 0 TOOMANYHIT.
doSingleSearch 13: 8 query sequences remaining
     searching with %id 0.04 and maxAccepts 1000
/share/apps/qiime-1.7.0/bin/usearch --quiet --global --iddef 2 --query 13 --db /home/nbokulic/ref_seq_dbs/UNITE/align/rep_set_uclust_ref_97.fasta --uc /tmp/pHdEQXMXJf/a --id 0.96 --maxaccepts 1000 --maxrejects 128 --nowordcountreject
doSingleSearch 13: Finished at pair threshold 0.04 and maxAccepts 1000
         NOHITS: 5
    TOOMANYHITS: 0
Finished round at threshold 0.04; 5 NOHIT, 0 TOOMANYHIT.
doSingleSearch 14: 5 query sequences remaining
     searching with %id 0.08 and maxAccepts 1000
/share/apps/qiime-1.7.0/bin/usearch --quiet --global --iddef 2 --query 14 --db /home/nbokulic/ref_seq_dbs/UNITE/align/rep_set_uclust_ref_97.fasta --uc /tmp/yIYm1xO8HO/a --id 0.92 --maxaccepts 1000 --maxrejects 128 --nowordcountreject
doSingleSearch 14: Finished at pair threshold 0.08 and maxAccepts 1000
         NOHITS: 2
    TOOMANYHITS: 0
Finished round at threshold 0.08; 2 NOHIT, 0 TOOMANYHIT.
doSingleSearch 15: 2 query sequences remaining
     searching with %id 0.16 and maxAccepts 1000
/share/apps/qiime-1.7.0/bin/usearch --quiet --global --iddef 2 --query 15 --db /home/nbokulic/ref_seq_dbs/UNITE/align/rep_set_uclust_ref_97.fasta --uc /tmp/GT76UL9eUO/a --id 0.84 --maxaccepts 1000 --maxrejects 128 --nowordcountreject
doSingleSearch 15: Finished at pair threshold 0.16 and maxAccepts 1000
         NOHITS: 2
    TOOMANYHITS: 0
Finished round at threshold 0.16; 2 NOHIT, 0 TOOMANYHIT.
2 query sequences remaining with NOHIT
0 query sequences remaining with TOOMANYHITS
loading taxonomy...
...done loading 29436 taxonomy lines
79 items
0 (0.0%) had no primer match
16 (20.3%) had no hits
0 (0.0%) had too many hits
0 (0.0%) had hits but no classification
63 (79.7%) were classified

