UclustConsensusTaxonAssigner parameters:
id_to_taxonomy_filepath:/Users/nbokulich/Desktop/projects/short-read-tax-assignment/data/ref_dbs/gg_13_8_otus/99_otu_taxonomy_clean.tsv
id_to_taxonomy_fp:/Users/nbokulich/Desktop/projects/short-read-tax-assignment/data/ref_dbs/gg_13_8_otus/99_otu_taxonomy_clean.tsv
max_accepts:3
min_consensus_fraction:0.51
reference_sequences_fp:/Users/nbokulich/Desktop/projects/short-read-tax-assignment/data/ref_dbs/gg_13_8_otus/99_otus_clean_515f-806r_trim250.fasta
similarity:0.8
unassignable_label:Unassigned
Result path: /var/folders/0t/l1dz88p50y91vx_22fx5w3780000gn/T/assign-taxirg0hi

.uc file contents:

# uclust --input /Users/nbokulich/Desktop/projects/short-read-tax-assignment/data/mock-community/mock-3/rep_seqs.fna --id 0.8 --rev --maxaccepts 3 --allhits --libonly --lib /Users/nbokulich/Desktop/projects/short-read-tax-assignment/data/ref_dbs/gg_13_8_otus/99_otus_clean_515f-806r_trim250.fasta --uc /var/folders/0t/l1dz88p50y91vx_22fx5w3780000gn/T/UclustConsensusTaxonAssigner_5f1wNA.uc
# version=1.2.22
# Tab-separated fields:
# 1=Type, 2=ClusterNr, 3=SeqLength or ClusterSize, 4=PctId, 5=Strand, 6=QueryStart, 7=SeedStart, 8=Alignment, 9=QueryLabel, 10=TargetLabel
# Record types (field 1): L=LibSeed, S=NewSeed, H=Hit, R=Reject, D=LibCluster, C=NewCluster, N=NoHit
# For C and D types, PctId is average id with seed.
# QueryStart and SeedStart are zero-based relative to start of sequence.
# If minus strand, SeedStart is relative to reverse-complemented seed.
L	5052	250	*	*	*	*	*	331595	*
H	5052	150	98.0	+	0	0	19I150M81I	bc23d2ee539bf2f52faf789289af7879	331595
L	1248	250	*	*	*	*	*	827497	*
H	1248	150	98.0	+	0	0	19I150M81I	bc23d2ee539bf2f52faf789289af7879	827497
L	1254	250	*	*	*	*	*	826104	*
H	1254	150	98.0	+	0	0	19I150M81I	bc23d2ee539bf2f52faf789289af7879	826104
L	16986	250	*	*	*	*	*	4326794	*
H	16986	150	100.0	+	0	0	19I150M81I	dcb7b288381ec22163253cc31ca4bb57	4326794
L	19355	250	*	*	*	*	*	4440404	*
H	19355	150	100.0	+	0	0	19I150M81I	dcb7b288381ec22163253cc31ca4bb57	4440404
L	1676	250	*	*	*	*	*	666832	*
H	1676	150	99.3	+	0	0	19I150M81I	dcb7b288381ec22163253cc31ca4bb57	666832
L	8282	250	*	*	*	*	*	172248	*
H	8282	150	90.7	+	0	0	19I150M81I	c4269a6e9bd66eca53e710c9f9d9ad4f	172248
L	8406	250	*	*	*	*	*	167118	*
H	8406	150	90.7	+	0	0	19I150M81I	c4269a6e9bd66eca53e710c9f9d9ad4f	167118
L	6882	250	*	*	*	*	*	233893	*
H	6882	150	90.7	+	0	0	19I150M81I	c4269a6e9bd66eca53e710c9f9d9ad4f	233893
L	18579	250	*	*	*	*	*	4402960	*
H	18579	150	98.7	+	0	0	19I150M81I	194be3a565245d51b6d1182d4d8c7e5b	4402960
L	7310	250	*	*	*	*	*	197072	*
H	7310	150	96.0	+	0	0	19I150M81I	194be3a565245d51b6d1182d4d8c7e5b	197072
L	12837	250	*	*	*	*	*	2383341	*
H	12837	150	93.3	+	0	0	19I150M81I	194be3a565245d51b6d1182d4d8c7e5b	2383341
L	16599	250	*	*	*	*	*	4310109	*
H	16599	150	100.0	+	0	0	19I150M81I	4e9b3c8dd9808d6a78936ceaf96dc0d5	4310109
L	10772	250	*	*	*	*	*	10952	*
H	10772	150	100.0	+	0	0	19I150M81I	4e9b3c8dd9808d6a78936ceaf96dc0d5	10952
L	9740	250	*	*	*	*	*	94130	*
H	9740	150	100.0	+	0	0	19I150M81I	4e9b3c8dd9808d6a78936ceaf96dc0d5	94130
L	14215	250	*	*	*	*	*	1059977	*
H	14215	150	100.0	+	0	0	19I150M81I	aebf2a74a3aa9e5876c479b1db88985f	1059977
L	2294	250	*	*	*	*	*	567972	*
H	2294	150	99.3	+	0	0	19I150M81I	aebf2a74a3aa9e5876c479b1db88985f	567972
L	5544	250	*	*	*	*	*	302201	*
H	5544	150	95.3	+	0	0	19I150M81I	aebf2a74a3aa9e5876c479b1db88985f	302201
L	20485	250	*	*	*	*	*	94242	*
H	20485	150	95.3	+	0	0	19I150M81I	d8505780c03879a277eb71fe2c852192	94242
L	20543	250	*	*	*	*	*	227	*
H	20543	150	92.7	+	0	0	19I116MI34M80I	d8505780c03879a277eb71fe2c852192	227
L	20671	250	*	*	*	*	*	4434719	*
H	20671	150	92.0	+	0	0	19I116MI34M80I	d8505780c03879a277eb71fe2c852192	4434719
L	18178	250	*	*	*	*	*	4382944	*
H	18178	150	100.0	+	0	0	19I150M81I	075614efc7d3dd61cd64a4e5f17078ae	4382944
L	17245	250	*	*	*	*	*	4338963	*
H	17245	150	100.0	+	0	0	19I150M81I	075614efc7d3dd61cd64a4e5f17078ae	4338963
L	16509	250	*	*	*	*	*	4306440	*
H	16509	150	100.0	+	0	0	19I150M81I	075614efc7d3dd61cd64a4e5f17078ae	4306440
L	17130	250	*	*	*	*	*	4333603	*
H	17130	150	97.3	+	0	0	19I150M81I	92e3a73c9006d7a85d3112558daf2576	4333603
L	10921	250	*	*	*	*	*	8344	*
H	10921	150	97.3	+	0	0	19I150M81I	92e3a73c9006d7a85d3112558daf2576	8344
L	19537	250	*	*	*	*	*	4449456	*
H	19537	150	97.3	+	0	0	19I150M81I	92e3a73c9006d7a85d3112558daf2576	4449456
H	20485	150	96.0	+	0	0	19I150M81I	d9e724faff24eeeb7ac7fcc5cc7885b6	94242
H	20543	150	93.3	+	0	0	19I116MI34M80I	d9e724faff24eeeb7ac7fcc5cc7885b6	227
L	20447	250	*	*	*	*	*	129196	*
H	20447	150	92.7	+	0	0	19I116MI34M80I	d9e724faff24eeeb7ac7fcc5cc7885b6	129196
H	19537	150	98.0	+	0	0	19I150M81I	7a8d29c59b803baaed9cc1f04ce0dc33	4449456
L	4702	250	*	*	*	*	*	351236	*
H	4702	150	98.0	+	0	0	19I150M81I	7a8d29c59b803baaed9cc1f04ce0dc33	351236
L	11941	250	*	*	*	*	*	801155	*
H	11941	150	98.0	+	0	0	19I150M81I	7a8d29c59b803baaed9cc1f04ce0dc33	801155
L	9247	250	*	*	*	*	*	129798	*
H	9247	150	96.7	+	0	0	19I150M81I	b3fef1e26b7b6ac20847ede4da68547a	129798
L	6551	250	*	*	*	*	*	253954	*
H	6551	150	96.7	+	0	0	19I150M81I	b3fef1e26b7b6ac20847ede4da68547a	253954
L	9133	250	*	*	*	*	*	137340	*
H	9133	150	96.7	+	0	0	19I150M81I	b3fef1e26b7b6ac20847ede4da68547a	137340
L	19473	250	*	*	*	*	*	4446436	*
H	19473	150	93.3	+	0	0	19I150M81I	86adb6193435090318cf24df07770d07	4446436
L	13703	250	*	*	*	*	*	2874960	*
H	13703	150	93.3	+	0	0	19I150M81I	86adb6193435090318cf24df07770d07	2874960
L	12419	250	*	*	*	*	*	811996	*
H	12419	150	93.3	+	0	0	19I150M81I	86adb6193435090318cf24df07770d07	811996
L	18449	250	*	*	*	*	*	4395540	*
H	18449	150	100.0	+	0	0	19I150M81I	94b000e59b7ac160b0416c9ab45ff0bf	4395540
L	9961	250	*	*	*	*	*	73484	*
H	9961	150	100.0	+	0	0	19I150M81I	94b000e59b7ac160b0416c9ab45ff0bf	73484
L	11771	250	*	*	*	*	*	1129461	*
H	11771	150	100.0	+	0	0	19I150M81I	94b000e59b7ac160b0416c9ab45ff0bf	1129461
L	6816	250	*	*	*	*	*	238205	*
H	6816	150	99.3	+	0	0	19I150M81I	74c5523929f4d53f7928f15bc7751994	238205
L	14742	250	*	*	*	*	*	855943	*
H	14742	150	99.3	+	0	0	19I150M81I	74c5523929f4d53f7928f15bc7751994	855943
L	16907	250	*	*	*	*	*	4323264	*
H	16907	150	99.3	+	0	0	19I150M81I	74c5523929f4d53f7928f15bc7751994	4323264
L	14292	250	*	*	*	*	*	1036182	*
H	14292	150	92.7	+	0	0	19I150M81I	b7269ca8dbd01fc77b163d64ff1caf90	1036182
L	9574	250	*	*	*	*	*	103948	*
H	9574	150	92.7	+	0	0	19I150M81I	b7269ca8dbd01fc77b163d64ff1caf90	103948
L	3759	250	*	*	*	*	*	507594	*
H	3759	150	92.7	+	0	0	19I150M81I	b7269ca8dbd01fc77b163d64ff1caf90	507594
L	2907	250	*	*	*	*	*	532163	*
H	2907	150	100.0	+	0	0	19I150M81I	e25836661b81c9cc3aa99c8b2c7ca14d	532163
L	11036	250	*	*	*	*	*	5796	*
H	11036	150	100.0	+	0	0	19I150M81I	e25836661b81c9cc3aa99c8b2c7ca14d	5796
L	6576	250	*	*	*	*	*	252206	*
H	6576	150	100.0	+	0	0	19I150M81I	e25836661b81c9cc3aa99c8b2c7ca14d	252206
H	20485	150	95.3	+	0	0	19I150M81I	1c86153e1b13ab5322c96f2602b73513	94242
L	20380	250	*	*	*	*	*	547463	*
H	20380	150	92.7	+	0	0	19I150M81I	1c86153e1b13ab5322c96f2602b73513	547463
L	20508	250	*	*	*	*	*	24414	*
H	20508	150	92.7	+	0	0	19I150M81I	1c86153e1b13ab5322c96f2602b73513	24414
H	14292	150	100.0	+	0	0	19I150M81I	47ad35356a9bfec68416d32e4f039021	1036182
L	15429	250	*	*	*	*	*	1075250	*
H	15429	150	100.0	+	0	0	19I150M81I	47ad35356a9bfec68416d32e4f039021	1075250
L	12617	250	*	*	*	*	*	1037579	*
H	12617	150	100.0	+	0	0	19I150M81I	47ad35356a9bfec68416d32e4f039021	1037579
L	11560	250	*	*	*	*	*	1068893	*
H	11560	150	99.3	+	0	0	19I150M81I	29f6e97a2ed3b8abe26bb45acba8451f	1068893
L	578	250	*	*	*	*	*	987875	*
H	578	150	99.3	+	0	0	19I150M81I	29f6e97a2ed3b8abe26bb45acba8451f	987875
L	11672	250	*	*	*	*	*	1769720	*
H	11672	150	99.3	+	0	0	19I150M81I	29f6e97a2ed3b8abe26bb45acba8451f	1769720
L	11666	250	*	*	*	*	*	1765550	*
H	11666	150	100.0	+	0	0	19I150M81I	04195686f2b70585790ec75320de0d6f	1765550
L	9253	250	*	*	*	*	*	128812	*
H	9253	150	100.0	+	0	0	19I150M81I	04195686f2b70585790ec75320de0d6f	128812
L	15055	250	*	*	*	*	*	3643330	*
H	15055	150	100.0	+	0	0	19I150M81I	04195686f2b70585790ec75320de0d6f	3643330
L	17291	250	*	*	*	*	*	4341595	*
H	17291	150	100.0	+	0	0	19I150M81I	5642c43966bbd7f41c2f0cbe988205ff	4341595
L	18873	250	*	*	*	*	*	4416988	*
H	18873	150	100.0	+	0	0	19I150M81I	5642c43966bbd7f41c2f0cbe988205ff	4416988
L	18857	250	*	*	*	*	*	4416186	*
H	18857	150	100.0	+	0	0	19I150M81I	5642c43966bbd7f41c2f0cbe988205ff	4416186
L	17578	250	*	*	*	*	*	4355718	*
H	17578	150	98.0	+	0	0	19I150M81I	9ac5fec396208e598ab2e2d26985d0df	4355718
L	10272	250	*	*	*	*	*	38793	*
H	10272	150	97.3	+	0	0	19I150M81I	9ac5fec396208e598ab2e2d26985d0df	38793
L	10671	250	*	*	*	*	*	12569	*
H	10671	150	96.7	+	0	0	19I73MI77M80I	9ac5fec396208e598ab2e2d26985d0df	12569
L	3901	250	*	*	*	*	*	444756	*
H	3901	150	100.0	+	0	0	19I150M81I	33b601a7a8295e7a6c8f413504129220	444756
L	14210	250	*	*	*	*	*	3177686	*
H	14210	150	100.0	+	0	0	19I150M81I	33b601a7a8295e7a6c8f413504129220	3177686
L	70	250	*	*	*	*	*	1100298	*
H	70	150	100.0	+	0	0	19I150M81I	33b601a7a8295e7a6c8f413504129220	1100298
H	18579	150	100.0	+	0	0	19I150M81I	ac5402de1ddf427ab8d2b0a8a0a44f19	4402960
H	7310	150	97.3	+	0	0	19I150M81I	ac5402de1ddf427ab8d2b0a8a0a44f19	197072
L	8626	250	*	*	*	*	*	158738	*
H	8626	150	94.7	+	0	0	19I150M81I	ac5402de1ddf427ab8d2b0a8a0a44f19	158738
D	70	2	*	*	*	*	100.0	1100298	*
D	1254	2	*	*	*	*	98.0	826104	*
D	3759	2	*	*	*	*	92.7	507594	*
D	6576	2	*	*	*	*	100.0	252206	*
D	6882	2	*	*	*	*	90.7	233893	*
D	9133	2	*	*	*	*	96.7	137340	*
D	9740	2	*	*	*	*	100.0	94130	*
D	11672	2	*	*	*	*	99.3	1769720	*
D	11771	2	*	*	*	*	100.0	1129461	*
D	11941	2	*	*	*	*	98.0	801155	*
D	12419	2	*	*	*	*	93.3	811996	*
D	12617	2	*	*	*	*	100.0	1037579	*
D	14215	2	*	*	*	*	100.0	1059977	*
D	15055	2	*	*	*	*	100.0	3643330	*
D	16509	2	*	*	*	*	100.0	4306440	*
D	16907	2	*	*	*	*	99.3	4323264	*
D	17578	2	*	*	*	*	98.0	4355718	*
D	18579	3	*	*	*	*	99.3	4402960	*
D	18857	2	*	*	*	*	100.0	4416186	*
D	19355	2	*	*	*	*	100.0	4440404	*
D	19537	2	*	*	*	*	97.3	4449456	*
D	20485	4	*	*	*	*	95.6	94242	*
